Submit MakeDiploidMalesX
version 1.1.6 (2024-09-30)

These are the settings:
  Input file................: /hpc/local/Rocky8/dhl_ec/software/MonopogenLite/resources/1kGP_high_coverage_Illumina.SNVonly_poly.filtered_AF_5e-04.norm.fixvariantid.chrX.vcf.gz
  Output file...............: /hpc/local/Rocky8/dhl_ec/software/MonopogenLite/resources/1kGP_high_coverage_Illumina.SNVonly_poly.filtered_AF_5e-04.norm.fixvariantid.makediploid.chrX.vcf.gz
  Chunk size................: 100

  SLURM CPUs................: 4
  SLURM Array ID............: 22 (of 100)
  SLURM memory..............: 16G
  SLURM time................: 01:00:00
  SLURM mail type...........: FAIL
  SLURM mail user...........: s.w.vanderlaan-2@umcutrecht.nl

  Dry run mode..............: 0
  Debug mode................: 1
  Verbosity.................: 0
  Version...................: 1.1.6 (2024-09-30)

Making converting haploid genotypes to diploid genotypes.
> Extract the region for this SLURM task (# 22) from the BED file.
  - Get the chunk number from the SLURM array task ID and the bed file...
DEBUG: Extracting chunk number: 22p from 22
DEBUG: Extracting region from BED file: /hpc/local/Rocky8/dhl_ec/software/MonopogenLite/resources/chrX_100pieces.bed
  - Extract the region from the BED file...
DEBUG: Extracted raw region: 'chrX	32768569	34328976' (chunk #: 22p of 100 for job 22)
  - Check if a valid region was extracted -- should be 'chrX	32768569	34328976'...
  - Prepare the region for bcftools...
  - Check if the region (chrX:32768569-34328976) was successfully extracted...
> Processing region 'chrX:32768569-34328976'...
  - Process the specific region (chunk# 22) using bcftools view...
  - Index the VCF file...
DEBUG: Check if the VCF file was successfully processed...
##fileformat=VCFv4.2
##FILTER=<ID=PASS,Description="All filters passed">
##fileDate=29/01/2022 - 14:31:41
##source=shapeit4.2.2
##contig=<ID=chr1,length=248956422>
##contig=<ID=chr2,length=242193529>
##contig=<ID=chr3,length=198295559>
##contig=<ID=chr4,length=190214555>
##contig=<ID=chr5,length=181538259>
##contig=<ID=chr6,length=170805979>
# This file was produced by bcftools stats (1.20+htslib-1.20) and can be plotted using plot-vcfstats.
# The command line was:	bcftools stats  /hpc/local/Rocky8/dhl_ec/software/MonopogenLite/resources/chrX.part22.vcf.gz
#
# Definition of sets:
# ID	[2]id	[3]tab-separated file names
ID	0	/hpc/local/Rocky8/dhl_ec/software/MonopogenLite/resources/chrX.part22.vcf.gz
# SN, Summary numbers:
#   number of records   .. number of data rows in the VCF
#   number of no-ALTs   .. reference-only sites, ALT is either "." or identical to REF
#   number of SNPs      .. number of rows with a SNP
#   number of MNPs      .. number of rows with a MNP, such as CC>TT
#   number of indels    .. number of rows with an indel
#   number of others    .. number of rows with other type, for example a symbolic allele or
#                          a complex substitution, such as ACT>TCGA
#   number of multiallelic sites     .. number of rows with multiple alternate alleles
#   number of multiallelic SNP sites .. number of rows with multiple alternate alleles, all SNPs
# 
#   Note that rows containing multiple types will be counted multiple times, in each
#   counter. For example, a row with a SNP and an indel increments both the SNP and
#   the indel counter.
# 
# SN	[2]id	[3]key	[4]value
SN	0	number of samples:	3202
SN	0	number of records:	17645
SN	0	number of no-ALTs:	0
SN	0	number of SNPs:	17645
SN	0	number of MNPs:	0
SN	0	number of indels:	0
SN	0	number of others:	0
SN	0	number of multiallelic sites:	0
SN	0	number of multiallelic SNP sites:	0
# TSTV, transitions/transversions:
# TSTV	[2]id	[3]ts	[4]tv	[5]ts/tv	[6]ts (1st ALT)	[7]tv (1st ALT)	[8]ts/tv (1st ALT)
TSTV	0	11711	5934	1.97	11711	5934	1.97
# SiS, Singleton stats:
# SiS	[2]id	[3]allele count	[4]number of SNPs	[5]number of transitions	[6]number of transversions	[7]number of indels	[8]repeat-consistent	[9]repeat-inconsistent	[10]not applicable
SiS	0	1	0	0	0	0	0	0	0
# AF, Stats by non-reference allele frequency:
# AF	[2]id	[3]allele frequency	[4]number of SNPs	[5]number of transitions	[6]number of transversions	[7]number of indels	[8]repeat-consistent	[9]repeat-inconsistent	[10]not applicable
AF	0	0.000312	2659	1758	901	0	0	0	0
AF	0	0.000625	1615	1103	512	0	0	0	0
AF	0	0.000937	1749	1160	589	0	0	0	0
AF	0	0.001249	575	388	187	0	0	0	0
AF	0	0.001562	871	590	281	0	0	0	0
AF	0	0.001874	347	227	120	0	0	0	0
AF	0	0.002186	636	414	222	0	0	0	0
AF	0	0.002498	283	179	104	0	0	0	0
AF	0	0.002811	445	292	153	0	0	0	0
AF	0	0.003123	165	99	66	0	0	0	0
AF	0	0.003435	335	232	103	0	0	0	0
AF	0	0.003748	188	135	53	0	0	0	0
AF	0	0.004060	326	198	128	0	0	0	0
AF	0	0.004372	132	83	49	0	0	0	0
AF	0	0.004685	179	108	71	0	0	0	0
AF	0	0.004997	106	74	32	0	0	0	0
AF	0	0.005309	204	137	67	0	0	0	0
AF	0	0.005621	86	59	27	0	0	0	0
AF	0	0.005934	143	96	47	0	0	0	0
AF	0	0.006246	70	53	17	0	0	0	0
AF	0	0.006558	138	89	49	0	0	0	0
AF	0	0.006871	59	40	19	0	0	0	0
AF	0	0.007183	125	88	37	0	0	0	0
AF	0	0.007495	67	39	28	0	0	0	0
AF	0	0.007808	129	86	43	0	0	0	0
AF	0	0.008120	67	52	15	0	0	0	0
AF	0	0.008432	137	92	45	0	0	0	0
AF	0	0.008745	59	47	12	0	0	0	0
AF	0	0.009057	93	61	32	0	0	0	0
AF	0	0.009369	44	30	14	0	0	0	0
AF	0	0.009681	96	70	26	0	0	0	0
AF	0	0.009994	57	37	20	0	0	0	0
AF	0	0.010306	70	47	23	0	0	0	0
AF	0	0.010618	26	15	11	0	0	0	0
AF	0	0.010931	82	53	29	0	0	0	0
AF	0	0.011243	25	14	11	0	0	0	0
AF	0	0.011555	67	39	28	0	0	0	0
AF	0	0.011868	41	25	16	0	0	0	0
AF	0	0.012180	39	26	13	0	0	0	0
AF	0	0.012492	35	18	17	0	0	0	0
AF	0	0.012804	51	31	20	0	0	0	0
AF	0	0.013117	26	18	8	0	0	0	0
AF	0	0.013429	41	23	18	0	0	0	0
AF	0	0.013741	27	15	12	0	0	0	0
AF	0	0.014054	53	33	20	0	0	0	0
AF	0	0.014366	29	21	8	0	0	0	0
AF	0	0.014678	46	32	14	0	0	0	0
AF	0	0.014991	17	12	5	0	0	0	0
AF	0	0.015303	38	23	15	0	0	0	0
AF	0	0.015615	10	7	3	0	0	0	0
AF	0	0.015928	40	24	16	0	0	0	0
AF	0	0.016240	16	12	4	0	0	0	0
AF	0	0.016552	36	27	9	0	0	0	0
AF	0	0.016864	16	9	7	0	0	0	0
AF	0	0.017177	37	24	13	0	0	0	0
AF	0	0.017489	12	6	6	0	0	0	0
AF	0	0.017801	50	33	17	0	0	0	0
AF	0	0.018114	32	25	7	0	0	0	0
AF	0	0.018426	42	27	15	0	0	0	0
AF	0	0.018738	16	10	6	0	0	0	0
AF	0	0.019051	37	28	9	0	0	0	0
AF	0	0.019363	19	12	7	0	0	0	0
AF	0	0.019675	36	25	11	0	0	0	0
AF	0	0.019988	24	15	9	0	0	0	0
AF	0	0.020300	23	11	12	0	0	0	0
AF	0	0.020612	25	18	7	0	0	0	0
AF	0	0.020924	29	17	12	0	0	0	0
AF	0	0.021237	9	6	3	0	0	0	0
AF	0	0.021549	34	21	13	0	0	0	0
AF	0	0.021861	22	10	12	0	0	0	0
AF	0	0.022174	32	27	5	0	0	0	0
AF	0	0.022486	16	10	6	0	0	0	0
AF	0	0.022798	31	15	16	0	0	0	0
AF	0	0.023111	9	7	2	0	0	0	0
AF	0	0.023423	27	19	8	0	0	0	0
AF	0	0.023735	19	13	6	0	0	0	0
AF	0	0.024047	30	21	9	0	0	0	0
AF	0	0.024360	24	14	10	0	0	0	0
AF	0	0.024672	49	29	20	0	0	0	0
AF	0	0.024984	26	20	6	0	0	0	0
AF	0	0.025297	18	11	7	0	0	0	0
AF	0	0.025609	17	12	5	0	0	0	0
AF	0	0.025921	29	23	6	0	0	0	0
AF	0	0.026234	14	8	6	0	0	0	0
AF	0	0.026546	28	19	9	0	0	0	0
AF	0	0.026858	16	8	8	0	0	0	0
AF	0	0.027171	20	14	6	0	0	0	0
AF	0	0.027483	12	6	6	0	0	0	0
AF	0	0.027795	20	13	7	0	0	0	0
AF	0	0.028107	11	4	7	0	0	0	0
AF	0	0.028420	10	5	5	0	0	0	0
AF	0	0.028732	4	4	0	0	0	0	0
AF	0	0.029044	21	16	5	0	0	0	0
AF	0	0.029357	11	9	2	0	0	0	0
AF	0	0.029669	28	16	12	0	0	0	0
AF	0	0.029981	11	7	4	0	0	0	0
AF	0	0.030294	24	15	9	0	0	0	0
AF	0	0.030606	7	6	1	0	0	0	0
AF	0	0.030918	10	5	5	0	0	0	0
AF	0	0.031230	9	2	7	0	0	0	0
AF	0	0.031543	13	9	4	0	0	0	0
AF	0	0.031855	7	4	3	0	0	0	0
AF	0	0.032167	11	7	4	0	0	0	0
AF	0	0.032480	10	7	3	0	0	0	0
AF	0	0.032792	11	8	3	0	0	0	0
AF	0	0.033104	7	4	3	0	0	0	0
AF	0	0.033417	18	11	7	0	0	0	0
AF	0	0.033729	11	9	2	0	0	0	0
AF	0	0.034041	14	10	4	0	0	0	0
AF	0	0.034354	9	4	5	0	0	0	0
AF	0	0.034666	16	12	4	0	0	0	0
AF	0	0.034978	13	9	4	0	0	0	0
AF	0	0.035290	37	27	10	0	0	0	0
AF	0	0.035603	22	15	7	0	0	0	0
AF	0	0.035915	13	10	3	0	0	0	0
AF	0	0.036227	7	7	0	0	0	0	0
AF	0	0.036540	23	15	8	0	0	0	0
AF	0	0.036852	11	6	5	0	0	0	0
AF	0	0.037164	22	16	6	0	0	0	0
AF	0	0.037477	6	3	3	0	0	0	0
AF	0	0.037789	23	18	5	0	0	0	0
AF	0	0.038101	12	9	3	0	0	0	0
AF	0	0.038413	24	19	5	0	0	0	0
AF	0	0.038726	7	5	2	0	0	0	0
AF	0	0.039038	8	5	3	0	0	0	0
AF	0	0.039350	11	7	4	0	0	0	0
AF	0	0.039663	5	4	1	0	0	0	0
AF	0	0.039975	4	3	1	0	0	0	0
AF	0	0.040287	7	4	3	0	0	0	0
AF	0	0.040600	8	6	2	0	0	0	0
AF	0	0.040912	11	8	3	0	0	0	0
AF	0	0.041224	12	9	3	0	0	0	0
AF	0	0.041537	31	21	10	0	0	0	0
AF	0	0.041849	9	6	3	0	0	0	0
AF	0	0.042161	18	15	3	0	0	0	0
AF	0	0.042473	9	6	3	0	0	0	0
AF	0	0.042786	8	4	4	0	0	0	0
AF	0	0.043098	9	5	4	0	0	0	0
AF	0	0.043410	11	8	3	0	0	0	0
AF	0	0.043723	2	1	1	0	0	0	0
AF	0	0.044035	8	7	1	0	0	0	0
AF	0	0.044347	8	8	0	0	0	0	0
AF	0	0.044660	5	1	4	0	0	0	0
AF	0	0.044972	7	4	3	0	0	0	0
AF	0	0.045284	7	5	2	0	0	0	0
AF	0	0.045597	1	0	1	0	0	0	0
AF	0	0.045909	3	2	1	0	0	0	0
AF	0	0.046221	4	2	2	0	0	0	0
AF	0	0.046533	7	3	4	0	0	0	0
AF	0	0.046846	2	2	0	0	0	0	0
AF	0	0.047158	8	4	4	0	0	0	0
AF	0	0.047470	4	4	0	0	0	0	0
AF	0	0.047783	5	4	1	0	0	0	0
AF	0	0.048095	10	6	4	0	0	0	0
AF	0	0.048407	17	6	11	0	0	0	0
AF	0	0.048720	2	1	1	0	0	0	0
AF	0	0.049032	7	3	4	0	0	0	0
AF	0	0.049344	1	1	0	0	0	0	0
AF	0	0.049656	5	5	0	0	0	0	0
AF	0	0.049969	7	6	1	0	0	0	0
AF	0	0.050281	9	3	6	0	0	0	0
AF	0	0.050593	3	3	0	0	0	0	0
AF	0	0.050906	1	1	0	0	0	0	0
AF	0	0.051218	1	1	0	0	0	0	0
AF	0	0.051530	9	7	2	0	0	0	0
AF	0	0.051843	5	5	0	0	0	0	0
AF	0	0.052155	15	12	3	0	0	0	0
AF	0	0.052467	26	18	8	0	0	0	0
AF	0	0.052780	7	6	1	0	0	0	0
AF	0	0.053092	3	3	0	0	0	0	0
AF	0	0.053404	7	6	1	0	0	0	0
AF	0	0.053716	2	1	1	0	0	0	0
AF	0	0.054029	4	3	1	0	0	0	0
AF	0	0.054341	3	3	0	0	0	0	0
AF	0	0.054653	12	7	5	0	0	0	0
AF	0	0.054966	7	3	4	0	0	0	0
AF	0	0.055278	16	8	8	0	0	0	0
AF	0	0.055590	4	3	1	0	0	0	0
AF	0	0.055903	18	12	6	0	0	0	0
AF	0	0.056215	10	8	2	0	0	0	0
AF	0	0.056527	11	4	7	0	0	0	0
AF	0	0.056839	17	9	8	0	0	0	0
AF	0	0.057152	7	4	3	0	0	0	0
AF	0	0.057464	7	6	1	0	0	0	0
AF	0	0.057776	9	7	2	0	0	0	0
AF	0	0.058089	2	2	0	0	0	0	0
AF	0	0.058401	13	11	2	0	0	0	0
AF	0	0.058713	16	12	4	0	0	0	0
AF	0	0.059026	12	8	4	0	0	0	0
AF	0	0.059338	5	4	1	0	0	0	0
AF	0	0.059650	8	6	2	0	0	0	0
AF	0	0.059963	5	5	0	0	0	0	0
AF	0	0.060275	9	4	5	0	0	0	0
AF	0	0.060899	3	3	0	0	0	0	0
AF	0	0.061212	2	2	0	0	0	0	0
AF	0	0.061524	2	2	0	0	0	0	0
AF	0	0.061836	2	2	0	0	0	0	0
AF	0	0.062149	10	8	2	0	0	0	0
AF	0	0.062461	1	1	0	0	0	0	0
AF	0	0.062773	5	2	3	0	0	0	0
AF	0	0.063086	3	2	1	0	0	0	0
AF	0	0.063398	4	2	2	0	0	0	0
AF	0	0.063710	3	2	1	0	0	0	0
AF	0	0.064022	9	7	2	0	0	0	0
AF	0	0.064335	1	1	0	0	0	0	0
AF	0	0.064647	6	1	5	0	0	0	0
AF	0	0.064959	2	2	0	0	0	0	0
AF	0	0.065272	2	2	0	0	0	0	0
AF	0	0.065584	1	0	1	0	0	0	0
AF	0	0.065896	11	8	3	0	0	0	0
AF	0	0.066209	6	1	5	0	0	0	0
AF	0	0.066521	4	0	4	0	0	0	0
AF	0	0.066833	1	0	1	0	0	0	0
AF	0	0.067146	2	0	2	0	0	0	0
AF	0	0.067458	3	3	0	0	0	0	0
AF	0	0.067770	7	5	2	0	0	0	0
AF	0	0.068082	3	1	2	0	0	0	0
AF	0	0.068395	8	5	3	0	0	0	0
AF	0	0.068707	4	3	1	0	0	0	0
AF	0	0.069019	15	8	7	0	0	0	0
AF	0	0.069332	8	4	4	0	0	0	0
AF	0	0.069644	15	10	5	0	0	0	0
AF	0	0.069956	4	2	2	0	0	0	0
AF	0	0.070269	23	17	6	0	0	0	0
AF	0	0.070581	6	2	4	0	0	0	0
AF	0	0.070893	12	8	4	0	0	0	0
AF	0	0.071205	1	0	1	0	0	0	0
AF	0	0.071518	3	3	0	0	0	0	0
AF	0	0.071830	5	3	2	0	0	0	0
AF	0	0.072142	2	1	1	0	0	0	0
AF	0	0.072455	1	1	0	0	0	0	0
AF	0	0.072767	4	3	1	0	0	0	0
AF	0	0.073079	1	1	0	0	0	0	0
AF	0	0.073392	2	0	2	0	0	0	0
AF	0	0.073704	5	5	0	0	0	0	0
AF	0	0.074016	9	6	3	0	0	0	0
AF	0	0.074641	3	2	1	0	0	0	0
AF	0	0.074953	2	1	1	0	0	0	0
AF	0	0.075265	4	3	1	0	0	0	0
AF	0	0.075578	3	2	1	0	0	0	0
AF	0	0.075890	5	4	1	0	0	0	0
AF	0	0.076202	1	1	0	0	0	0	0
AF	0	0.076515	3	3	0	0	0	0	0
AF	0	0.076827	6	5	1	0	0	0	0
AF	0	0.077139	12	10	2	0	0	0	0
AF	0	0.077452	3	2	1	0	0	0	0
AF	0	0.077764	8	5	3	0	0	0	0
AF	0	0.078076	2	1	1	0	0	0	0
AF	0	0.078389	3	3	0	0	0	0	0
AF	0	0.079013	2	1	1	0	0	0	0
AF	0	0.079325	3	2	1	0	0	0	0
AF	0	0.079638	8	6	2	0	0	0	0
AF	0	0.079950	1	0	1	0	0	0	0
AF	0	0.080262	5	2	3	0	0	0	0
AF	0	0.080575	2	1	1	0	0	0	0
AF	0	0.080887	4	3	1	0	0	0	0
AF	0	0.081199	3	1	2	0	0	0	0
AF	0	0.081512	5	4	1	0	0	0	0
AF	0	0.081824	2	2	0	0	0	0	0
AF	0	0.082136	7	5	2	0	0	0	0
AF	0	0.082448	1	1	0	0	0	0	0
AF	0	0.082761	4	2	2	0	0	0	0
AF	0	0.083073	1	1	0	0	0	0	0
AF	0	0.083385	7	4	3	0	0	0	0
AF	0	0.084010	2	1	1	0	0	0	0
AF	0	0.084322	1	1	0	0	0	0	0
AF	0	0.084635	1	0	1	0	0	0	0
AF	0	0.084947	2	2	0	0	0	0	0
AF	0	0.085259	2	0	2	0	0	0	0
AF	0	0.085884	2	2	0	0	0	0	0
AF	0	0.086196	1	1	0	0	0	0	0
AF	0	0.086508	3	3	0	0	0	0	0
AF	0	0.086821	2	1	1	0	0	0	0
AF	0	0.087133	5	1	4	0	0	0	0
AF	0	0.087445	5	2	3	0	0	0	0
AF	0	0.087758	8	4	4	0	0	0	0
AF	0	0.088070	3	3	0	0	0	0	0
AF	0	0.088382	7	4	3	0	0	0	0
AF	0	0.088695	1	1	0	0	0	0	0
AF	0	0.089007	3	2	1	0	0	0	0
AF	0	0.089319	3	1	2	0	0	0	0
AF	0	0.090256	4	1	3	0	0	0	0
AF	0	0.090568	2	0	2	0	0	0	0
AF	0	0.090881	2	1	1	0	0	0	0
AF	0	0.091193	1	0	1	0	0	0	0
AF	0	0.091505	2	2	0	0	0	0	0
AF	0	0.091818	1	1	0	0	0	0	0
AF	0	0.092130	1	0	1	0	0	0	0
AF	0	0.092442	1	1	0	0	0	0	0
AF	0	0.092755	1	1	0	0	0	0	0
AF	0	0.093067	1	1	0	0	0	0	0
AF	0	0.093379	1	0	1	0	0	0	0
AF	0	0.093691	2	1	1	0	0	0	0
AF	0	0.094004	3	2	1	0	0	0	0
AF	0	0.094316	3	3	0	0	0	0	0
AF	0	0.094628	3	1	2	0	0	0	0
AF	0	0.094941	1	1	0	0	0	0	0
AF	0	0.095253	2	1	1	0	0	0	0
AF	0	0.095565	1	0	1	0	0	0	0
AF	0	0.095878	5	1	4	0	0	0	0
AF	0	0.096190	1	1	0	0	0	0	0
AF	0	0.096502	9	5	4	0	0	0	0
AF	0	0.096814	2	2	0	0	0	0	0
AF	0	0.097127	7	6	1	0	0	0	0
AF	0	0.097439	1	1	0	0	0	0	0
AF	0	0.097751	2	1	1	0	0	0	0
AF	0	0.098376	3	2	1	0	0	0	0
AF	0	0.098688	1	1	0	0	0	0	0
AF	0	0.099001	2	1	1	0	0	0	0
AF	0	0.099313	3	1	2	0	0	0	0
AF	0	0.099625	2	2	0	0	0	0	0
AF	0	0.099938	1	1	0	0	0	0	0
AF	0	0.100250	4	4	0	0	0	0	0
AF	0	0.100562	1	1	0	0	0	0	0
AF	0	0.100874	2	2	0	0	0	0	0
AF	0	0.101187	3	2	1	0	0	0	0
AF	0	0.101499	1	0	1	0	0	0	0
AF	0	0.101811	2	2	0	0	0	0	0
AF	0	0.103373	2	1	1	0	0	0	0
AF	0	0.103685	1	0	1	0	0	0	0
AF	0	0.103998	3	2	1	0	0	0	0
AF	0	0.104310	2	0	2	0	0	0	0
AF	0	0.104622	2	1	1	0	0	0	0
AF	0	0.105247	1	1	0	0	0	0	0
AF	0	0.105871	3	3	0	0	0	0	0
AF	0	0.106496	1	0	1	0	0	0	0
AF	0	0.106808	1	0	1	0	0	0	0
AF	0	0.107121	2	2	0	0	0	0	0
AF	0	0.107745	2	2	0	0	0	0	0
AF	0	0.108057	5	3	2	0	0	0	0
AF	0	0.108370	4	2	2	0	0	0	0
AF	0	0.108682	1	0	1	0	0	0	0
AF	0	0.109931	3	2	1	0	0	0	0
AF	0	0.110244	3	3	0	0	0	0	0
AF	0	0.110556	2	2	0	0	0	0	0
AF	0	0.110868	3	2	1	0	0	0	0
AF	0	0.111181	1	1	0	0	0	0	0
AF	0	0.111493	1	1	0	0	0	0	0
AF	0	0.111805	2	1	1	0	0	0	0
AF	0	0.112117	2	2	0	0	0	0	0
AF	0	0.112430	2	1	1	0	0	0	0
AF	0	0.113054	2	2	0	0	0	0	0
AF	0	0.113991	2	2	0	0	0	0	0
AF	0	0.114304	2	0	2	0	0	0	0
AF	0	0.114616	8	7	1	0	0	0	0
AF	0	0.115240	1	1	0	0	0	0	0
AF	0	0.115553	2	1	1	0	0	0	0
AF	0	0.116177	1	1	0	0	0	0	0
AF	0	0.116490	1	0	1	0	0	0	0
AF	0	0.116802	1	1	0	0	0	0	0
AF	0	0.117114	1	1	0	0	0	0	0
AF	0	0.117427	1	1	0	0	0	0	0
AF	0	0.117739	2	2	0	0	0	0	0
AF	0	0.118051	2	1	1	0	0	0	0
AF	0	0.118988	1	0	1	0	0	0	0
AF	0	0.119300	4	3	1	0	0	0	0
AF	0	0.119613	1	1	0	0	0	0	0
AF	0	0.119925	5	2	3	0	0	0	0
AF	0	0.120550	3	3	0	0	0	0	0
AF	0	0.120862	1	0	1	0	0	0	0
AF	0	0.121174	3	3	0	0	0	0	0
AF	0	0.121487	1	0	1	0	0	0	0
AF	0	0.121799	2	2	0	0	0	0	0
AF	0	0.122111	1	1	0	0	0	0	0
AF	0	0.122423	2	2	0	0	0	0	0
AF	0	0.123048	2	2	0	0	0	0	0
AF	0	0.123360	1	1	0	0	0	0	0
AF	0	0.123673	2	0	2	0	0	0	0
AF	0	0.124610	2	0	2	0	0	0	0
AF	0	0.124922	1	1	0	0	0	0	0
AF	0	0.125234	1	1	0	0	0	0	0
AF	0	0.125859	4	4	0	0	0	0	0
AF	0	0.126171	2	2	0	0	0	0	0
AF	0	0.126483	2	1	1	0	0	0	0
AF	0	0.126796	2	1	1	0	0	0	0
AF	0	0.127420	3	1	2	0	0	0	0
AF	0	0.128045	2	1	1	0	0	0	0
AF	0	0.128357	2	1	1	0	0	0	0
AF	0	0.128670	6	4	2	0	0	0	0
AF	0	0.128982	1	1	0	0	0	0	0
AF	0	0.129294	3	2	1	0	0	0	0
AF	0	0.129606	5	3	2	0	0	0	0
AF	0	0.129919	3	1	2	0	0	0	0
AF	0	0.130231	2	2	0	0	0	0	0
AF	0	0.130543	2	1	1	0	0	0	0
AF	0	0.130856	3	1	2	0	0	0	0
AF	0	0.131480	1	0	1	0	0	0	0
AF	0	0.132417	3	2	1	0	0	0	0
AF	0	0.132730	2	0	2	0	0	0	0
AF	0	0.133042	6	3	3	0	0	0	0
AF	0	0.133354	2	1	1	0	0	0	0
AF	0	0.133666	2	1	1	0	0	0	0
AF	0	0.134291	2	2	0	0	0	0	0
AF	0	0.134603	3	2	1	0	0	0	0
AF	0	0.134916	2	2	0	0	0	0	0
AF	0	0.135540	2	0	2	0	0	0	0
AF	0	0.135853	1	0	1	0	0	0	0
AF	0	0.136165	2	2	0	0	0	0	0
AF	0	0.136477	3	3	0	0	0	0	0
AF	0	0.136790	4	1	3	0	0	0	0
AF	0	0.137102	2	0	2	0	0	0	0
AF	0	0.137414	2	1	1	0	0	0	0
AF	0	0.137726	2	0	2	0	0	0	0
AF	0	0.138039	3	2	1	0	0	0	0
AF	0	0.138351	1	0	1	0	0	0	0
AF	0	0.138663	4	2	2	0	0	0	0
AF	0	0.138976	2	0	2	0	0	0	0
AF	0	0.139288	4	3	1	0	0	0	0
AF	0	0.139600	1	1	0	0	0	0	0
AF	0	0.140225	1	0	1	0	0	0	0
AF	0	0.140537	2	2	0	0	0	0	0
AF	0	0.141162	2	0	2	0	0	0	0
AF	0	0.141786	2	0	2	0	0	0	0
AF	0	0.142099	1	0	1	0	0	0	0
AF	0	0.142411	4	3	1	0	0	0	0
AF	0	0.142723	1	1	0	0	0	0	0
AF	0	0.143036	3	2	1	0	0	0	0
AF	0	0.143348	1	0	1	0	0	0	0
AF	0	0.143660	2	1	1	0	0	0	0
AF	0	0.143973	2	0	2	0	0	0	0
AF	0	0.144285	3	2	1	0	0	0	0
AF	0	0.145222	1	0	1	0	0	0	0
AF	0	0.145846	3	1	2	0	0	0	0
AF	0	0.146159	1	0	1	0	0	0	0
AF	0	0.146471	2	2	0	0	0	0	0
AF	0	0.146783	2	1	1	0	0	0	0
AF	0	0.147408	2	1	1	0	0	0	0
AF	0	0.147720	1	0	1	0	0	0	0
AF	0	0.148032	2	2	0	0	0	0	0
AF	0	0.148345	3	2	1	0	0	0	0
AF	0	0.148657	1	0	1	0	0	0	0
AF	0	0.149282	2	1	1	0	0	0	0
AF	0	0.149906	3	2	1	0	0	0	0
AF	0	0.150219	1	1	0	0	0	0	0
AF	0	0.150531	5	5	0	0	0	0	0
AF	0	0.151156	1	1	0	0	0	0	0
AF	0	0.151780	2	1	1	0	0	0	0
AF	0	0.152092	1	0	1	0	0	0	0
AF	0	0.152717	1	1	0	0	0	0	0
AF	0	0.153029	2	0	2	0	0	0	0
AF	0	0.154279	2	2	0	0	0	0	0
AF	0	0.154591	3	1	2	0	0	0	0
AF	0	0.154903	1	1	0	0	0	0	0
AF	0	0.155215	2	1	1	0	0	0	0
AF	0	0.155528	4	2	2	0	0	0	0
AF	0	0.156152	4	4	0	0	0	0	0
AF	0	0.157089	2	1	1	0	0	0	0
AF	0	0.157402	1	0	1	0	0	0	0
AF	0	0.158026	3	1	2	0	0	0	0
AF	0	0.158339	1	0	1	0	0	0	0
AF	0	0.159588	1	1	0	0	0	0	0
AF	0	0.159900	3	2	1	0	0	0	0
AF	0	0.160525	1	0	1	0	0	0	0
AF	0	0.160837	1	1	0	0	0	0	0
AF	0	0.161149	2	1	1	0	0	0	0
AF	0	0.161462	1	1	0	0	0	0	0
AF	0	0.161774	4	3	1	0	0	0	0
AF	0	0.162086	1	0	1	0	0	0	0
AF	0	0.162399	1	1	0	0	0	0	0
AF	0	0.162711	4	2	2	0	0	0	0
AF	0	0.163023	3	1	2	0	0	0	0
AF	0	0.163648	3	3	0	0	0	0	0
AF	0	0.165522	1	1	0	0	0	0	0
AF	0	0.166771	1	1	0	0	0	0	0
AF	0	0.167083	1	1	0	0	0	0	0
AF	0	0.167395	2	2	0	0	0	0	0
AF	0	0.168020	2	1	1	0	0	0	0
AF	0	0.168645	1	1	0	0	0	0	0
AF	0	0.168957	2	2	0	0	0	0	0
AF	0	0.169269	1	0	1	0	0	0	0
AF	0	0.169894	1	1	0	0	0	0	0
AF	0	0.170518	1	1	0	0	0	0	0
AF	0	0.171143	1	1	0	0	0	0	0
AF	0	0.171455	2	2	0	0	0	0	0
AF	0	0.172080	1	1	0	0	0	0	0
AF	0	0.172392	2	1	1	0	0	0	0
AF	0	0.173017	1	1	0	0	0	0	0
AF	0	0.173641	2	2	0	0	0	0	0
AF	0	0.173954	2	0	2	0	0	0	0
AF	0	0.174891	4	1	3	0	0	0	0
AF	0	0.175203	1	1	0	0	0	0	0
AF	0	0.175515	1	0	1	0	0	0	0
AF	0	0.176140	1	1	0	0	0	0	0
AF	0	0.177077	1	1	0	0	0	0	0
AF	0	0.178014	1	1	0	0	0	0	0
AF	0	0.178326	1	1	0	0	0	0	0
AF	0	0.178638	1	0	1	0	0	0	0
AF	0	0.178951	1	1	0	0	0	0	0
AF	0	0.179263	1	0	1	0	0	0	0
AF	0	0.179888	4	2	2	0	0	0	0
AF	0	0.180200	1	0	1	0	0	0	0
AF	0	0.180512	3	1	2	0	0	0	0
AF	0	0.181137	5	4	1	0	0	0	0
AF	0	0.181449	2	1	1	0	0	0	0
AF	0	0.182074	1	1	0	0	0	0	0
AF	0	0.182386	1	0	1	0	0	0	0
AF	0	0.182698	1	0	1	0	0	0	0
AF	0	0.183011	3	3	0	0	0	0	0
AF	0	0.183323	2	2	0	0	0	0	0
AF	0	0.183635	2	2	0	0	0	0	0
AF	0	0.184260	2	2	0	0	0	0	0
AF	0	0.184884	4	2	2	0	0	0	0
AF	0	0.185197	2	1	1	0	0	0	0
AF	0	0.185509	1	0	1	0	0	0	0
AF	0	0.186134	5	3	2	0	0	0	0
AF	0	0.186446	1	1	0	0	0	0	0
AF	0	0.186758	1	1	0	0	0	0	0
AF	0	0.187071	1	0	1	0	0	0	0
AF	0	0.187383	2	0	2	0	0	0	0
AF	0	0.187695	2	2	0	0	0	0	0
AF	0	0.188007	4	1	3	0	0	0	0
AF	0	0.188320	1	1	0	0	0	0	0
AF	0	0.188632	1	0	1	0	0	0	0
AF	0	0.188944	1	0	1	0	0	0	0
AF	0	0.189257	5	2	3	0	0	0	0
AF	0	0.189881	3	2	1	0	0	0	0
AF	0	0.190194	2	1	1	0	0	0	0
AF	0	0.190506	4	3	1	0	0	0	0
AF	0	0.191131	2	2	0	0	0	0	0
AF	0	0.191443	1	1	0	0	0	0	0
AF	0	0.191755	7	4	3	0	0	0	0
AF	0	0.192380	2	1	1	0	0	0	0
AF	0	0.193004	3	1	2	0	0	0	0
AF	0	0.193317	1	1	0	0	0	0	0
AF	0	0.193629	3	3	0	0	0	0	0
AF	0	0.193941	2	2	0	0	0	0	0
AF	0	0.194566	1	1	0	0	0	0	0
AF	0	0.194878	2	1	1	0	0	0	0
AF	0	0.195191	1	0	1	0	0	0	0
AF	0	0.195503	4	2	2	0	0	0	0
AF	0	0.196752	1	1	0	0	0	0	0
AF	0	0.197064	1	1	0	0	0	0	0
AF	0	0.197377	1	0	1	0	0	0	0
AF	0	0.198001	1	1	0	0	0	0	0
AF	0	0.198626	1	1	0	0	0	0	0
AF	0	0.199250	1	1	0	0	0	0	0
AF	0	0.199563	1	1	0	0	0	0	0
AF	0	0.199875	2	1	1	0	0	0	0
AF	0	0.200187	1	1	0	0	0	0	0
AF	0	0.200500	1	1	0	0	0	0	0
AF	0	0.200812	2	1	1	0	0	0	0
AF	0	0.201124	6	6	0	0	0	0	0
AF	0	0.201437	1	0	1	0	0	0	0
AF	0	0.201749	2	1	1	0	0	0	0
AF	0	0.202061	1	1	0	0	0	0	0
AF	0	0.202998	1	1	0	0	0	0	0
AF	0	0.203310	1	1	0	0	0	0	0
AF	0	0.203623	3	2	1	0	0	0	0
AF	0	0.203935	1	0	1	0	0	0	0
AF	0	0.204247	6	5	1	0	0	0	0
AF	0	0.204560	1	0	1	0	0	0	0
AF	0	0.204872	6	4	2	0	0	0	0
AF	0	0.205184	1	0	1	0	0	0	0
AF	0	0.205497	2	1	1	0	0	0	0
AF	0	0.205809	5	4	1	0	0	0	0
AF	0	0.206121	2	2	0	0	0	0	0
AF	0	0.206433	1	0	1	0	0	0	0
AF	0	0.206746	2	2	0	0	0	0	0
AF	0	0.207058	1	0	1	0	0	0	0
AF	0	0.207370	2	1	1	0	0	0	0
AF	0	0.207683	1	0	1	0	0	0	0
AF	0	0.207995	1	0	1	0	0	0	0
AF	0	0.208307	2	1	1	0	0	0	0
AF	0	0.208620	1	0	1	0	0	0	0
AF	0	0.208932	1	1	0	0	0	0	0
AF	0	0.209244	1	1	0	0	0	0	0
AF	0	0.209869	1	1	0	0	0	0	0
AF	0	0.210493	3	2	1	0	0	0	0
AF	0	0.210806	1	0	1	0	0	0	0
AF	0	0.211118	2	2	0	0	0	0	0
AF	0	0.211430	3	1	2	0	0	0	0
AF	0	0.211743	1	0	1	0	0	0	0
AF	0	0.212055	1	1	0	0	0	0	0
AF	0	0.212367	1	1	0	0	0	0	0
AF	0	0.212680	2	2	0	0	0	0	0
AF	0	0.212992	1	0	1	0	0	0	0
AF	0	0.213616	5	2	3	0	0	0	0
AF	0	0.214241	2	0	2	0	0	0	0
AF	0	0.214866	1	1	0	0	0	0	0
AF	0	0.215490	4	3	1	0	0	0	0
AF	0	0.216115	3	2	1	0	0	0	0
AF	0	0.216427	2	0	2	0	0	0	0
AF	0	0.216740	4	3	1	0	0	0	0
AF	0	0.217052	2	2	0	0	0	0	0
AF	0	0.217364	3	3	0	0	0	0	0
AF	0	0.217989	2	0	2	0	0	0	0
AF	0	0.218301	2	2	0	0	0	0	0
AF	0	0.218926	1	1	0	0	0	0	0
AF	0	0.219238	3	3	0	0	0	0	0
AF	0	0.219863	3	1	2	0	0	0	0
AF	0	0.220175	1	1	0	0	0	0	0
AF	0	0.220487	5	2	3	0	0	0	0
AF	0	0.220800	2	2	0	0	0	0	0
AF	0	0.221112	2	0	2	0	0	0	0
AF	0	0.221736	1	0	1	0	0	0	0
AF	0	0.222361	1	1	0	0	0	0	0
AF	0	0.222673	3	2	1	0	0	0	0
AF	0	0.222986	1	0	1	0	0	0	0
AF	0	0.223298	5	3	2	0	0	0	0
AF	0	0.223610	1	1	0	0	0	0	0
AF	0	0.223923	2	1	1	0	0	0	0
AF	0	0.224547	3	1	2	0	0	0	0
AF	0	0.224859	2	2	0	0	0	0	0
AF	0	0.225172	2	1	1	0	0	0	0
AF	0	0.226109	3	2	1	0	0	0	0
AF	0	0.227670	1	1	0	0	0	0	0
AF	0	0.227983	3	1	2	0	0	0	0
AF	0	0.228295	4	4	0	0	0	0	0
AF	0	0.228607	3	2	1	0	0	0	0
AF	0	0.229232	2	2	0	0	0	0	0
AF	0	0.229544	1	1	0	0	0	0	0
AF	0	0.230169	4	2	2	0	0	0	0
AF	0	0.230481	4	3	1	0	0	0	0
AF	0	0.230793	5	4	1	0	0	0	0
AF	0	0.231106	1	1	0	0	0	0	0
AF	0	0.231418	2	2	0	0	0	0	0
AF	0	0.231730	5	2	3	0	0	0	0
AF	0	0.232042	4	3	1	0	0	0	0
AF	0	0.232355	1	1	0	0	0	0	0
AF	0	0.232667	2	2	0	0	0	0	0
AF	0	0.232979	1	1	0	0	0	0	0
AF	0	0.233292	6	5	1	0	0	0	0
AF	0	0.233604	4	1	3	0	0	0	0
AF	0	0.233916	2	2	0	0	0	0	0
AF	0	0.234541	4	4	0	0	0	0	0
AF	0	0.234853	1	0	1	0	0	0	0
AF	0	0.235166	3	3	0	0	0	0	0
AF	0	0.235478	1	1	0	0	0	0	0
AF	0	0.235790	2	1	1	0	0	0	0
AF	0	0.236415	4	4	0	0	0	0	0
AF	0	0.236727	1	0	1	0	0	0	0
AF	0	0.237039	1	1	0	0	0	0	0
AF	0	0.237352	1	1	0	0	0	0	0
AF	0	0.237664	1	1	0	0	0	0	0
AF	0	0.237976	4	4	0	0	0	0	0
AF	0	0.238289	3	2	1	0	0	0	0
AF	0	0.238913	3	3	0	0	0	0	0
AF	0	0.239225	3	2	1	0	0	0	0
AF	0	0.239538	6	4	2	0	0	0	0
AF	0	0.239850	1	0	1	0	0	0	0
AF	0	0.240162	1	0	1	0	0	0	0
AF	0	0.240787	3	2	1	0	0	0	0
AF	0	0.241099	1	1	0	0	0	0	0
AF	0	0.241412	3	2	1	0	0	0	0
AF	0	0.241724	2	2	0	0	0	0	0
AF	0	0.242036	3	3	0	0	0	0	0
AF	0	0.242349	2	0	2	0	0	0	0
AF	0	0.242661	5	4	1	0	0	0	0
AF	0	0.243285	2	1	1	0	0	0	0
AF	0	0.243910	3	2	1	0	0	0	0
AF	0	0.244222	2	1	1	0	0	0	0
AF	0	0.244535	2	1	1	0	0	0	0
AF	0	0.245159	2	1	1	0	0	0	0
AF	0	0.245472	1	1	0	0	0	0	0
AF	0	0.246096	1	1	0	0	0	0	0
AF	0	0.246408	1	1	0	0	0	0	0
AF	0	0.246721	1	1	0	0	0	0	0
AF	0	0.247033	7	3	4	0	0	0	0
AF	0	0.247658	5	5	0	0	0	0	0
AF	0	0.248282	3	0	3	0	0	0	0
AF	0	0.248595	2	1	1	0	0	0	0
AF	0	0.248907	3	1	2	0	0	0	0
AF	0	0.249532	1	0	1	0	0	0	0
AF	0	0.249844	2	1	1	0	0	0	0
AF	0	0.250156	3	3	0	0	0	0	0
AF	0	0.250468	2	2	0	0	0	0	0
AF	0	0.250781	3	1	2	0	0	0	0
AF	0	0.251405	7	3	4	0	0	0	0
AF	0	0.252030	1	1	0	0	0	0	0
AF	0	0.252342	2	2	0	0	0	0	0
AF	0	0.252655	3	3	0	0	0	0	0
AF	0	0.252967	1	1	0	0	0	0	0
AF	0	0.253592	1	1	0	0	0	0	0
AF	0	0.254216	1	1	0	0	0	0	0
AF	0	0.254528	2	2	0	0	0	0	0
AF	0	0.254841	3	3	0	0	0	0	0
AF	0	0.255153	3	3	0	0	0	0	0
AF	0	0.255465	3	3	0	0	0	0	0
AF	0	0.255778	2	2	0	0	0	0	0
AF	0	0.256090	3	2	1	0	0	0	0
AF	0	0.256402	4	3	1	0	0	0	0
AF	0	0.256715	2	1	1	0	0	0	0
AF	0	0.257651	1	0	1	0	0	0	0
AF	0	0.258276	2	2	0	0	0	0	0
AF	0	0.258901	2	1	1	0	0	0	0
AF	0	0.259525	8	6	2	0	0	0	0
AF	0	0.259838	1	1	0	0	0	0	0
AF	0	0.260150	3	1	2	0	0	0	0
AF	0	0.260462	1	1	0	0	0	0	0
AF	0	0.260775	5	5	0	0	0	0	0
AF	0	0.261399	3	1	2	0	0	0	0
AF	0	0.262024	2	2	0	0	0	0	0
AF	0	0.262648	2	1	1	0	0	0	0
AF	0	0.262961	1	0	1	0	0	0	0
AF	0	0.263273	2	1	1	0	0	0	0
AF	0	0.263585	1	0	1	0	0	0	0
AF	0	0.263898	4	3	1	0	0	0	0
AF	0	0.264210	2	1	1	0	0	0	0
AF	0	0.264522	2	2	0	0	0	0	0
AF	0	0.265147	2	1	1	0	0	0	0
AF	0	0.266396	1	1	0	0	0	0	0
AF	0	0.266708	4	3	1	0	0	0	0
AF	0	0.267021	4	3	1	0	0	0	0
AF	0	0.267645	2	2	0	0	0	0	0
AF	0	0.268270	1	0	1	0	0	0	0
AF	0	0.268582	1	1	0	0	0	0	0
AF	0	0.268894	2	1	1	0	0	0	0
AF	0	0.269207	2	2	0	0	0	0	0
AF	0	0.269519	2	1	1	0	0	0	0
AF	0	0.269831	1	1	0	0	0	0	0
AF	0	0.270456	2	1	1	0	0	0	0
AF	0	0.270768	1	0	1	0	0	0	0
AF	0	0.271705	1	0	1	0	0	0	0
AF	0	0.272954	1	1	0	0	0	0	0
AF	0	0.273267	3	1	2	0	0	0	0
AF	0	0.273891	1	1	0	0	0	0	0
AF	0	0.274204	1	1	0	0	0	0	0
AF	0	0.274516	1	1	0	0	0	0	0
AF	0	0.274828	1	1	0	0	0	0	0
AF	0	0.275453	1	1	0	0	0	0	0
AF	0	0.275765	2	2	0	0	0	0	0
AF	0	0.276390	2	2	0	0	0	0	0
AF	0	0.277639	1	1	0	0	0	0	0
AF	0	0.278264	1	0	1	0	0	0	0
AF	0	0.278576	2	0	2	0	0	0	0
AF	0	0.278888	2	1	1	0	0	0	0
AF	0	0.279513	3	3	0	0	0	0	0
AF	0	0.280137	1	1	0	0	0	0	0
AF	0	0.280450	1	1	0	0	0	0	0
AF	0	0.282011	1	1	0	0	0	0	0
AF	0	0.282324	2	1	1	0	0	0	0
AF	0	0.284510	3	2	1	0	0	0	0
AF	0	0.285134	1	0	1	0	0	0	0
AF	0	0.285447	1	1	0	0	0	0	0
AF	0	0.285759	1	1	0	0	0	0	0
AF	0	0.286696	1	0	1	0	0	0	0
AF	0	0.287008	2	2	0	0	0	0	0
AF	0	0.288882	2	0	2	0	0	0	0
AF	0	0.289507	1	1	0	0	0	0	0
AF	0	0.290131	2	1	1	0	0	0	0
AF	0	0.290443	1	0	1	0	0	0	0
AF	0	0.290756	3	1	2	0	0	0	0
AF	0	0.291068	1	1	0	0	0	0	0
AF	0	0.291380	1	1	0	0	0	0	0
AF	0	0.291693	3	1	2	0	0	0	0
AF	0	0.292005	2	2	0	0	0	0	0
AF	0	0.292317	1	0	1	0	0	0	0
AF	0	0.292630	2	2	0	0	0	0	0
AF	0	0.293254	1	1	0	0	0	0	0
AF	0	0.293879	1	1	0	0	0	0	0
AF	0	0.294191	1	1	0	0	0	0	0
AF	0	0.294503	2	2	0	0	0	0	0
AF	0	0.295128	4	3	1	0	0	0	0
AF	0	0.295440	1	1	0	0	0	0	0
AF	0	0.295753	2	1	1	0	0	0	0
AF	0	0.296377	2	1	1	0	0	0	0
AF	0	0.297626	9	6	3	0	0	0	0
AF	0	0.297939	3	1	2	0	0	0	0
AF	0	0.298251	2	2	0	0	0	0	0
AF	0	0.298876	1	0	1	0	0	0	0
AF	0	0.299188	2	2	0	0	0	0	0
AF	0	0.299500	3	2	1	0	0	0	0
AF	0	0.299813	1	1	0	0	0	0	0
AF	0	0.300125	3	2	1	0	0	0	0
AF	0	0.300437	1	1	0	0	0	0	0
AF	0	0.300750	5	3	2	0	0	0	0
AF	0	0.301062	5	4	1	0	0	0	0
AF	0	0.301374	3	2	1	0	0	0	0
AF	0	0.301686	1	1	0	0	0	0	0
AF	0	0.301999	6	6	0	0	0	0	0
AF	0	0.302311	2	1	1	0	0	0	0
AF	0	0.302623	3	1	2	0	0	0	0
AF	0	0.302936	2	2	0	0	0	0	0
AF	0	0.303248	6	1	5	0	0	0	0
AF	0	0.303560	2	1	1	0	0	0	0
AF	0	0.303873	4	3	1	0	0	0	0
AF	0	0.304185	1	1	0	0	0	0	0
AF	0	0.304497	2	0	2	0	0	0	0
AF	0	0.304809	3	1	2	0	0	0	0
AF	0	0.305122	5	2	3	0	0	0	0
AF	0	0.305434	2	1	1	0	0	0	0
AF	0	0.305746	7	4	3	0	0	0	0
AF	0	0.306371	1	1	0	0	0	0	0
AF	0	0.306683	2	2	0	0	0	0	0
AF	0	0.306996	3	2	1	0	0	0	0
AF	0	0.307308	1	0	1	0	0	0	0
AF	0	0.307620	1	1	0	0	0	0	0
AF	0	0.308245	3	2	1	0	0	0	0
AF	0	0.308869	3	1	2	0	0	0	0
AF	0	0.309494	1	0	1	0	0	0	0
AF	0	0.309806	2	2	0	0	0	0	0
AF	0	0.310119	1	1	0	0	0	0	0
AF	0	0.310431	1	1	0	0	0	0	0
AF	0	0.310743	1	1	0	0	0	0	0
AF	0	0.311056	1	0	1	0	0	0	0
AF	0	0.312305	1	1	0	0	0	0	0
AF	0	0.312617	1	0	1	0	0	0	0
AF	0	0.313866	2	2	0	0	0	0	0
AF	0	0.315116	1	1	0	0	0	0	0
AF	0	0.315428	2	2	0	0	0	0	0
AF	0	0.316052	1	1	0	0	0	0	0
AF	0	0.316365	1	0	1	0	0	0	0
AF	0	0.316989	1	1	0	0	0	0	0
AF	0	0.317302	1	1	0	0	0	0	0
AF	0	0.317614	1	0	1	0	0	0	0
AF	0	0.318239	3	1	2	0	0	0	0
AF	0	0.318863	1	1	0	0	0	0	0
AF	0	0.319488	2	1	1	0	0	0	0
AF	0	0.320112	1	1	0	0	0	0	0
AF	0	0.321362	1	0	1	0	0	0	0
AF	0	0.321674	1	1	0	0	0	0	0
AF	0	0.321986	1	0	1	0	0	0	0
AF	0	0.322299	1	1	0	0	0	0	0
AF	0	0.323860	2	1	1	0	0	0	0
AF	0	0.324172	1	1	0	0	0	0	0
AF	0	0.325109	1	1	0	0	0	0	0
AF	0	0.326983	3	1	2	0	0	0	0
AF	0	0.327920	1	0	1	0	0	0	0
AF	0	0.328545	1	0	1	0	0	0	0
AF	0	0.328857	3	1	2	0	0	0	0
AF	0	0.329482	1	1	0	0	0	0	0
AF	0	0.329794	1	1	0	0	0	0	0
AF	0	0.330106	5	3	2	0	0	0	0
AF	0	0.330731	3	0	3	0	0	0	0
AF	0	0.331043	1	1	0	0	0	0	0
AF	0	0.331355	1	1	0	0	0	0	0
AF	0	0.332292	1	0	1	0	0	0	0
AF	0	0.332605	2	1	1	0	0	0	0
AF	0	0.333229	1	1	0	0	0	0	0
AF	0	0.333542	1	1	0	0	0	0	0
AF	0	0.333854	1	1	0	0	0	0	0
AF	0	0.334166	2	1	1	0	0	0	0
AF	0	0.336040	1	1	0	0	0	0	0
AF	0	0.336352	2	2	0	0	0	0	0
AF	0	0.337289	3	2	1	0	0	0	0
AF	0	0.337914	1	0	1	0	0	0	0
AF	0	0.338226	2	2	0	0	0	0	0
AF	0	0.338538	1	1	0	0	0	0	0
AF	0	0.338851	1	0	1	0	0	0	0
AF	0	0.339163	2	1	1	0	0	0	0
AF	0	0.340412	2	2	0	0	0	0	0
AF	0	0.341349	1	1	0	0	0	0	0
AF	0	0.342598	1	1	0	0	0	0	0
AF	0	0.343223	1	1	0	0	0	0	0
AF	0	0.343535	2	0	2	0	0	0	0
AF	0	0.344785	1	1	0	0	0	0	0
AF	0	0.345097	1	1	0	0	0	0	0
AF	0	0.346034	2	2	0	0	0	0	0
AF	0	0.346658	1	1	0	0	0	0	0
AF	0	0.347595	1	1	0	0	0	0	0
AF	0	0.347908	2	2	0	0	0	0	0
AF	0	0.348220	1	1	0	0	0	0	0
AF	0	0.349157	1	0	1	0	0	0	0
AF	0	0.349469	1	1	0	0	0	0	0
AF	0	0.351031	2	1	1	0	0	0	0
AF	0	0.354154	2	2	0	0	0	0	0
AF	0	0.354778	1	0	1	0	0	0	0
AF	0	0.355403	2	2	0	0	0	0	0
AF	0	0.355715	1	0	1	0	0	0	0
AF	0	0.356340	1	0	1	0	0	0	0
AF	0	0.356652	2	1	1	0	0	0	0
AF	0	0.356964	1	1	0	0	0	0	0
AF	0	0.357589	1	0	1	0	0	0	0
AF	0	0.358526	2	1	1	0	0	0	0
AF	0	0.360400	3	1	2	0	0	0	0
AF	0	0.361649	1	1	0	0	0	0	0
AF	0	0.362274	1	1	0	0	0	0	0
AF	0	0.362586	1	1	0	0	0	0	0
AF	0	0.362898	3	3	0	0	0	0	0
AF	0	0.363523	2	2	0	0	0	0	0
AF	0	0.364147	1	1	0	0	0	0	0
AF	0	0.364460	1	1	0	0	0	0	0
AF	0	0.365084	1	1	0	0	0	0	0
AF	0	0.365397	3	2	1	0	0	0	0
AF	0	0.365709	2	1	1	0	0	0	0
AF	0	0.366334	2	2	0	0	0	0	0
AF	0	0.366646	1	0	1	0	0	0	0
AF	0	0.366958	1	1	0	0	0	0	0
AF	0	0.367583	1	1	0	0	0	0	0
AF	0	0.367895	1	1	0	0	0	0	0
AF	0	0.369144	1	1	0	0	0	0	0
AF	0	0.370081	1	1	0	0	0	0	0
AF	0	0.370394	1	1	0	0	0	0	0
AF	0	0.370706	2	2	0	0	0	0	0
AF	0	0.371018	1	1	0	0	0	0	0
AF	0	0.371330	2	1	1	0	0	0	0
AF	0	0.371643	3	3	0	0	0	0	0
AF	0	0.371955	1	1	0	0	0	0	0
AF	0	0.372267	2	1	1	0	0	0	0
AF	0	0.372892	1	1	0	0	0	0	0
AF	0	0.374141	1	1	0	0	0	0	0
AF	0	0.374453	2	1	1	0	0	0	0
AF	0	0.374766	2	0	2	0	0	0	0
AF	0	0.376015	2	2	0	0	0	0	0
AF	0	0.376640	1	0	1	0	0	0	0
AF	0	0.376952	1	0	1	0	0	0	0
AF	0	0.377264	2	0	2	0	0	0	0
AF	0	0.377889	1	0	1	0	0	0	0
AF	0	0.379763	3	2	1	0	0	0	0
AF	0	0.380387	3	1	2	0	0	0	0
AF	0	0.380700	2	1	1	0	0	0	0
AF	0	0.381012	2	2	0	0	0	0	0
AF	0	0.381636	2	2	0	0	0	0	0
AF	0	0.382261	1	0	1	0	0	0	0
AF	0	0.383823	1	1	0	0	0	0	0
AF	0	0.384447	1	1	0	0	0	0	0
AF	0	0.385072	2	1	1	0	0	0	0
AF	0	0.385384	1	0	1	0	0	0	0
AF	0	0.386321	1	1	0	0	0	0	0
AF	0	0.386633	1	0	1	0	0	0	0
AF	0	0.387570	2	2	0	0	0	0	0
AF	0	0.387883	1	0	1	0	0	0	0
AF	0	0.388195	1	1	0	0	0	0	0
AF	0	0.391006	1	0	1	0	0	0	0
AF	0	0.391318	1	0	1	0	0	0	0
AF	0	0.391630	1	1	0	0	0	0	0
AF	0	0.392255	1	1	0	0	0	0	0
AF	0	0.392567	1	0	1	0	0	0	0
AF	0	0.392879	2	0	2	0	0	0	0
AF	0	0.393816	1	1	0	0	0	0	0
AF	0	0.394441	1	0	1	0	0	0	0
AF	0	0.395378	1	1	0	0	0	0	0
AF	0	0.395690	1	1	0	0	0	0	0
AF	0	0.396002	1	0	1	0	0	0	0
AF	0	0.396939	1	1	0	0	0	0	0
AF	0	0.397252	1	0	1	0	0	0	0
AF	0	0.397564	1	1	0	0	0	0	0
AF	0	0.397876	1	0	1	0	0	0	0
AF	0	0.398501	1	1	0	0	0	0	0
AF	0	0.398813	1	1	0	0	0	0	0
AF	0	0.399126	1	0	1	0	0	0	0
AF	0	0.399750	1	1	0	0	0	0	0
AF	0	0.400062	1	0	1	0	0	0	0
AF	0	0.400375	3	3	0	0	0	0	0
AF	0	0.400999	1	1	0	0	0	0	0
AF	0	0.402249	1	1	0	0	0	0	0
AF	0	0.402873	1	1	0	0	0	0	0
AF	0	0.403186	1	1	0	0	0	0	0
AF	0	0.403498	3	2	1	0	0	0	0
AF	0	0.403810	3	2	1	0	0	0	0
AF	0	0.404122	1	1	0	0	0	0	0
AF	0	0.404747	1	1	0	0	0	0	0
AF	0	0.405684	1	0	1	0	0	0	0
AF	0	0.406309	3	2	1	0	0	0	0
AF	0	0.406621	2	2	0	0	0	0	0
AF	0	0.407245	1	1	0	0	0	0	0
AF	0	0.407870	1	0	1	0	0	0	0
AF	0	0.408495	2	2	0	0	0	0	0
AF	0	0.408807	1	0	1	0	0	0	0
AF	0	0.409119	4	3	1	0	0	0	0
AF	0	0.409432	1	0	1	0	0	0	0
AF	0	0.409744	2	2	0	0	0	0	0
AF	0	0.411930	1	1	0	0	0	0	0
AF	0	0.412242	1	1	0	0	0	0	0
AF	0	0.412867	2	2	0	0	0	0	0
AF	0	0.413492	1	1	0	0	0	0	0
AF	0	0.414116	2	1	1	0	0	0	0
AF	0	0.414741	2	1	1	0	0	0	0
AF	0	0.415053	1	0	1	0	0	0	0
AF	0	0.415365	1	1	0	0	0	0	0
AF	0	0.416615	1	1	0	0	0	0	0
AF	0	0.416927	1	1	0	0	0	0	0
AF	0	0.418176	1	1	0	0	0	0	0
AF	0	0.418801	1	0	1	0	0	0	0
AF	0	0.419425	1	1	0	0	0	0	0
AF	0	0.419738	2	1	1	0	0	0	0
AF	0	0.420050	1	1	0	0	0	0	0
AF	0	0.420987	1	0	1	0	0	0	0
AF	0	0.422236	2	1	1	0	0	0	0
AF	0	0.422861	1	1	0	0	0	0	0
AF	0	0.423173	1	1	0	0	0	0	0
AF	0	0.423485	1	1	0	0	0	0	0
AF	0	0.423798	1	1	0	0	0	0	0
AF	0	0.424110	1	1	0	0	0	0	0
AF	0	0.424422	1	1	0	0	0	0	0
AF	0	0.424735	1	1	0	0	0	0	0
AF	0	0.425359	2	1	1	0	0	0	0
AF	0	0.426921	2	2	0	0	0	0	0
AF	0	0.428482	1	0	1	0	0	0	0
AF	0	0.430356	1	1	0	0	0	0	0
AF	0	0.430668	1	0	1	0	0	0	0
AF	0	0.430981	1	0	1	0	0	0	0
AF	0	0.431293	1	1	0	0	0	0	0
AF	0	0.432230	3	0	3	0	0	0	0
AF	0	0.432854	2	1	1	0	0	0	0
AF	0	0.433479	2	2	0	0	0	0	0
AF	0	0.433791	1	1	0	0	0	0	0
AF	0	0.435353	1	1	0	0	0	0	0
AF	0	0.435978	2	2	0	0	0	0	0
AF	0	0.436290	1	0	1	0	0	0	0
AF	0	0.436602	1	1	0	0	0	0	0
AF	0	0.437851	1	1	0	0	0	0	0
AF	0	0.438788	1	1	0	0	0	0	0
AF	0	0.439101	2	1	1	0	0	0	0
AF	0	0.439413	1	1	0	0	0	0	0
AF	0	0.439725	1	0	1	0	0	0	0
AF	0	0.440350	1	1	0	0	0	0	0
AF	0	0.440662	2	2	0	0	0	0	0
AF	0	0.440974	1	1	0	0	0	0	0
AF	0	0.441599	3	2	1	0	0	0	0
AF	0	0.442224	2	1	1	0	0	0	0
AF	0	0.442848	2	1	1	0	0	0	0
AF	0	0.443473	1	0	1	0	0	0	0
AF	0	0.443785	1	0	1	0	0	0	0
AF	0	0.444097	2	1	1	0	0	0	0
AF	0	0.444410	1	1	0	0	0	0	0
AF	0	0.445034	2	1	1	0	0	0	0
AF	0	0.445347	1	0	1	0	0	0	0
AF	0	0.445659	3	3	0	0	0	0	0
AF	0	0.445971	1	1	0	0	0	0	0
AF	0	0.446284	3	1	2	0	0	0	0
AF	0	0.446908	4	3	1	0	0	0	0
AF	0	0.447220	1	1	0	0	0	0	0
AF	0	0.447533	1	1	0	0	0	0	0
AF	0	0.448157	1	1	0	0	0	0	0
AF	0	0.448470	3	3	0	0	0	0	0
AF	0	0.448782	5	5	0	0	0	0	0
AF	0	0.450344	1	0	1	0	0	0	0
AF	0	0.450968	1	0	1	0	0	0	0
AF	0	0.452217	1	0	1	0	0	0	0
AF	0	0.452530	1	1	0	0	0	0	0
AF	0	0.453467	1	1	0	0	0	0	0
AF	0	0.453779	2	2	0	0	0	0	0
AF	0	0.454091	1	0	1	0	0	0	0
AF	0	0.454403	2	2	0	0	0	0	0
AF	0	0.455028	1	1	0	0	0	0	0
AF	0	0.455340	1	0	1	0	0	0	0
AF	0	0.456277	1	1	0	0	0	0	0
AF	0	0.456902	2	1	1	0	0	0	0
AF	0	0.457214	2	1	1	0	0	0	0
AF	0	0.457527	2	1	1	0	0	0	0
AF	0	0.458151	3	3	0	0	0	0	0
AF	0	0.458776	2	0	2	0	0	0	0
AF	0	0.459088	1	0	1	0	0	0	0
AF	0	0.459400	1	1	0	0	0	0	0
AF	0	0.460025	2	2	0	0	0	0	0
AF	0	0.460337	1	1	0	0	0	0	0
AF	0	0.461274	1	1	0	0	0	0	0
AF	0	0.461587	1	1	0	0	0	0	0
AF	0	0.461899	3	1	2	0	0	0	0
AF	0	0.462211	3	2	1	0	0	0	0
AF	0	0.462523	4	3	1	0	0	0	0
AF	0	0.462836	1	1	0	0	0	0	0
AF	0	0.463460	1	1	0	0	0	0	0
AF	0	0.464085	3	2	1	0	0	0	0
AF	0	0.465022	1	1	0	0	0	0	0
AF	0	0.465334	2	2	0	0	0	0	0
AF	0	0.465646	2	1	1	0	0	0	0
AF	0	0.466271	1	1	0	0	0	0	0
AF	0	0.466896	1	0	1	0	0	0	0
AF	0	0.467208	1	1	0	0	0	0	0
AF	0	0.467833	1	1	0	0	0	0	0
AF	0	0.468145	1	0	1	0	0	0	0
AF	0	0.469706	1	1	0	0	0	0	0
AF	0	0.470643	1	1	0	0	0	0	0
AF	0	0.471268	1	1	0	0	0	0	0
AF	0	0.471580	2	1	1	0	0	0	0
AF	0	0.471893	1	1	0	0	0	0	0
AF	0	0.472517	2	2	0	0	0	0	0
AF	0	0.473142	1	1	0	0	0	0	0
AF	0	0.473454	1	0	1	0	0	0	0
AF	0	0.473766	3	3	0	0	0	0	0
AF	0	0.474079	2	1	1	0	0	0	0
AF	0	0.474703	1	0	1	0	0	0	0
AF	0	0.475328	1	0	1	0	0	0	0
AF	0	0.475640	2	2	0	0	0	0	0
AF	0	0.476265	1	1	0	0	0	0	0
AF	0	0.476889	1	1	0	0	0	0	0
AF	0	0.477514	2	1	1	0	0	0	0
AF	0	0.478139	1	0	1	0	0	0	0
AF	0	0.478763	1	1	0	0	0	0	0
AF	0	0.479076	1	1	0	0	0	0	0
AF	0	0.479388	2	1	1	0	0	0	0
AF	0	0.479700	2	0	2	0	0	0	0
AF	0	0.480012	4	3	1	0	0	0	0
AF	0	0.480325	2	2	0	0	0	0	0
AF	0	0.480637	1	0	1	0	0	0	0
AF	0	0.480949	2	2	0	0	0	0	0
AF	0	0.481262	2	2	0	0	0	0	0
AF	0	0.481574	4	2	2	0	0	0	0
AF	0	0.481886	1	0	1	0	0	0	0
AF	0	0.482823	1	0	1	0	0	0	0
AF	0	0.483760	3	3	0	0	0	0	0
AF	0	0.484072	1	1	0	0	0	0	0
AF	0	0.484697	1	0	1	0	0	0	0
AF	0	0.485322	1	1	0	0	0	0	0
AF	0	0.485634	2	0	2	0	0	0	0
AF	0	0.486259	1	0	1	0	0	0	0
AF	0	0.486571	1	1	0	0	0	0	0
AF	0	0.487508	3	0	3	0	0	0	0
AF	0	0.488445	1	0	1	0	0	0	0
AF	0	0.488757	1	1	0	0	0	0	0
AF	0	0.490006	1	1	0	0	0	0	0
AF	0	0.492505	1	0	1	0	0	0	0
AF	0	0.492817	1	0	1	0	0	0	0
AF	0	0.493129	2	2	0	0	0	0	0
AF	0	0.493754	1	1	0	0	0	0	0
AF	0	0.494066	2	2	0	0	0	0	0
AF	0	0.494379	1	1	0	0	0	0	0
AF	0	0.494691	1	0	1	0	0	0	0
AF	0	0.496877	1	1	0	0	0	0	0
AF	0	0.497814	1	1	0	0	0	0	0
AF	0	0.498126	1	1	0	0	0	0	0
AF	0	0.498751	3	1	2	0	0	0	0
AF	0	0.499375	2	2	0	0	0	0	0
AF	0	0.500000	1	1	0	0	0	0	0
AF	0	0.500625	2	1	1	0	0	0	0
AF	0	0.500937	1	1	0	0	0	0	0
AF	0	0.501249	1	0	1	0	0	0	0
AF	0	0.501874	1	1	0	0	0	0	0
AF	0	0.502498	1	0	1	0	0	0	0
AF	0	0.504060	1	0	1	0	0	0	0
AF	0	0.504372	1	1	0	0	0	0	0
AF	0	0.505621	1	1	0	0	0	0	0
AF	0	0.505934	1	1	0	0	0	0	0
AF	0	0.508120	1	0	1	0	0	0	0
AF	0	0.508432	2	1	1	0	0	0	0
AF	0	0.508745	2	0	2	0	0	0	0
AF	0	0.510306	1	1	0	0	0	0	0
AF	0	0.511868	1	1	0	0	0	0	0
AF	0	0.512180	1	0	1	0	0	0	0
AF	0	0.513429	3	2	1	0	0	0	0
AF	0	0.514366	1	0	1	0	0	0	0
AF	0	0.514991	1	1	0	0	0	0	0
AF	0	0.520612	1	0	1	0	0	0	0
AF	0	0.521237	1	1	0	0	0	0	0
AF	0	0.522486	1	1	0	0	0	0	0
AF	0	0.523423	2	1	1	0	0	0	0
AF	0	0.524360	2	0	2	0	0	0	0
AF	0	0.524672	1	0	1	0	0	0	0
AF	0	0.524984	1	1	0	0	0	0	0
AF	0	0.525609	1	1	0	0	0	0	0
AF	0	0.526234	1	0	1	0	0	0	0
AF	0	0.528107	1	1	0	0	0	0	0
AF	0	0.528420	1	1	0	0	0	0	0
AF	0	0.528732	1	1	0	0	0	0	0
AF	0	0.529981	1	1	0	0	0	0	0
AF	0	0.531855	4	3	1	0	0	0	0
AF	0	0.532480	3	3	0	0	0	0	0
AF	0	0.532792	1	1	0	0	0	0	0
AF	0	0.533104	1	0	1	0	0	0	0
AF	0	0.533417	1	1	0	0	0	0	0
AF	0	0.534354	1	1	0	0	0	0	0
AF	0	0.536852	1	1	0	0	0	0	0
AF	0	0.540600	4	4	0	0	0	0	0
AF	0	0.540912	1	1	0	0	0	0	0
AF	0	0.541224	1	1	0	0	0	0	0
AF	0	0.541849	1	0	1	0	0	0	0
AF	0	0.543098	1	1	0	0	0	0	0
AF	0	0.544035	2	2	0	0	0	0	0
AF	0	0.544347	2	0	2	0	0	0	0
AF	0	0.545597	1	1	0	0	0	0	0
AF	0	0.546221	2	1	1	0	0	0	0
AF	0	0.546533	1	1	0	0	0	0	0
AF	0	0.547470	1	0	1	0	0	0	0
AF	0	0.547783	2	1	1	0	0	0	0
AF	0	0.548095	1	0	1	0	0	0	0
AF	0	0.548720	1	1	0	0	0	0	0
AF	0	0.549344	5	3	2	0	0	0	0
AF	0	0.549969	1	1	0	0	0	0	0
AF	0	0.550593	2	2	0	0	0	0	0
AF	0	0.550906	1	0	1	0	0	0	0
AF	0	0.551218	1	0	1	0	0	0	0
AF	0	0.551530	1	1	0	0	0	0	0
AF	0	0.551843	1	1	0	0	0	0	0
AF	0	0.552155	3	2	1	0	0	0	0
AF	0	0.552467	3	1	2	0	0	0	0
AF	0	0.553092	1	0	1	0	0	0	0
AF	0	0.554029	1	1	0	0	0	0	0
AF	0	0.554341	1	1	0	0	0	0	0
AF	0	0.554653	2	1	1	0	0	0	0
AF	0	0.554966	2	2	0	0	0	0	0
AF	0	0.555278	2	0	2	0	0	0	0
AF	0	0.555903	4	3	1	0	0	0	0
AF	0	0.556839	2	0	2	0	0	0	0
AF	0	0.557152	3	2	1	0	0	0	0
AF	0	0.557776	2	1	1	0	0	0	0
AF	0	0.558089	1	1	0	0	0	0	0
AF	0	0.558401	2	1	1	0	0	0	0
AF	0	0.558713	1	0	1	0	0	0	0
AF	0	0.559026	3	1	2	0	0	0	0
AF	0	0.559650	1	0	1	0	0	0	0
AF	0	0.560275	2	2	0	0	0	0	0
AF	0	0.560899	2	2	0	0	0	0	0
AF	0	0.561524	1	1	0	0	0	0	0
AF	0	0.561836	1	0	1	0	0	0	0
AF	0	0.562149	4	3	1	0	0	0	0
AF	0	0.562461	1	1	0	0	0	0	0
AF	0	0.562773	2	1	1	0	0	0	0
AF	0	0.563398	2	1	1	0	0	0	0
AF	0	0.564335	1	1	0	0	0	0	0
AF	0	0.564959	3	3	0	0	0	0	0
AF	0	0.565272	2	1	1	0	0	0	0
AF	0	0.565584	1	0	1	0	0	0	0
AF	0	0.566209	1	1	0	0	0	0	0
AF	0	0.567146	1	1	0	0	0	0	0
AF	0	0.567458	1	1	0	0	0	0	0
AF	0	0.568395	2	1	1	0	0	0	0
AF	0	0.569019	2	1	1	0	0	0	0
AF	0	0.569644	1	1	0	0	0	0	0
AF	0	0.569956	1	1	0	0	0	0	0
AF	0	0.570269	1	0	1	0	0	0	0
AF	0	0.570581	1	0	1	0	0	0	0
AF	0	0.571518	1	1	0	0	0	0	0
AF	0	0.573392	1	1	0	0	0	0	0
AF	0	0.574016	1	1	0	0	0	0	0
AF	0	0.574641	2	2	0	0	0	0	0
AF	0	0.574953	1	1	0	0	0	0	0
AF	0	0.575578	1	1	0	0	0	0	0
AF	0	0.576515	1	1	0	0	0	0	0
AF	0	0.577139	1	1	0	0	0	0	0
AF	0	0.578076	1	1	0	0	0	0	0
AF	0	0.579013	1	0	1	0	0	0	0
AF	0	0.579325	2	2	0	0	0	0	0
AF	0	0.579638	4	4	0	0	0	0	0
AF	0	0.580575	2	2	0	0	0	0	0
AF	0	0.581199	1	1	0	0	0	0	0
AF	0	0.582448	1	1	0	0	0	0	0
AF	0	0.582761	2	2	0	0	0	0	0
AF	0	0.583073	1	1	0	0	0	0	0
AF	0	0.583385	1	1	0	0	0	0	0
AF	0	0.584010	2	1	1	0	0	0	0
AF	0	0.585572	1	0	1	0	0	0	0
AF	0	0.585884	1	1	0	0	0	0	0
AF	0	0.586508	1	1	0	0	0	0	0
AF	0	0.587758	2	1	1	0	0	0	0
AF	0	0.589631	2	1	1	0	0	0	0
AF	0	0.590881	1	1	0	0	0	0	0
AF	0	0.591505	1	1	0	0	0	0	0
AF	0	0.593379	2	0	2	0	0	0	0
AF	0	0.594941	1	0	1	0	0	0	0
AF	0	0.595565	1	1	0	0	0	0	0
AF	0	0.595878	1	0	1	0	0	0	0
AF	0	0.598064	1	1	0	0	0	0	0
AF	0	0.598376	2	1	1	0	0	0	0
AF	0	0.599313	1	1	0	0	0	0	0
AF	0	0.599625	2	1	1	0	0	0	0
AF	0	0.599938	1	1	0	0	0	0	0
AF	0	0.600562	1	0	1	0	0	0	0
AF	0	0.601187	1	0	1	0	0	0	0
AF	0	0.601499	1	0	1	0	0	0	0
AF	0	0.601811	1	1	0	0	0	0	0
AF	0	0.603061	1	1	0	0	0	0	0
AF	0	0.603998	1	0	1	0	0	0	0
AF	0	0.605247	1	1	0	0	0	0	0
AF	0	0.606808	1	1	0	0	0	0	0
AF	0	0.607121	1	1	0	0	0	0	0
AF	0	0.607745	1	1	0	0	0	0	0
AF	0	0.608057	2	1	1	0	0	0	0
AF	0	0.608994	1	1	0	0	0	0	0
AF	0	0.609307	2	0	2	0	0	0	0
AF	0	0.609619	1	1	0	0	0	0	0
AF	0	0.609931	1	1	0	0	0	0	0
AF	0	0.611181	2	0	2	0	0	0	0
AF	0	0.611493	1	1	0	0	0	0	0
AF	0	0.612117	2	2	0	0	0	0	0
AF	0	0.613054	1	1	0	0	0	0	0
AF	0	0.613991	1	1	0	0	0	0	0
AF	0	0.614304	1	1	0	0	0	0	0
AF	0	0.614616	1	1	0	0	0	0	0
AF	0	0.615240	1	1	0	0	0	0	0
AF	0	0.615553	2	2	0	0	0	0	0
AF	0	0.615865	1	1	0	0	0	0	0
AF	0	0.616177	1	1	0	0	0	0	0
AF	0	0.617114	2	2	0	0	0	0	0
AF	0	0.618051	1	0	1	0	0	0	0
AF	0	0.618676	1	0	1	0	0	0	0
AF	0	0.618988	1	1	0	0	0	0	0
AF	0	0.619613	1	1	0	0	0	0	0
AF	0	0.619925	2	2	0	0	0	0	0
AF	0	0.620237	1	1	0	0	0	0	0
AF	0	0.620550	2	2	0	0	0	0	0
AF	0	0.620862	1	0	1	0	0	0	0
AF	0	0.622111	2	1	1	0	0	0	0
AF	0	0.622736	4	2	2	0	0	0	0
AF	0	0.623048	1	0	1	0	0	0	0
AF	0	0.624297	1	1	0	0	0	0	0
AF	0	0.624610	1	1	0	0	0	0	0
AF	0	0.624922	1	1	0	0	0	0	0
AF	0	0.625234	1	0	1	0	0	0	0
AF	0	0.625547	1	1	0	0	0	0	0
AF	0	0.625859	1	1	0	0	0	0	0
AF	0	0.626483	1	0	1	0	0	0	0
AF	0	0.626796	1	1	0	0	0	0	0
AF	0	0.627108	1	1	0	0	0	0	0
AF	0	0.628045	1	0	1	0	0	0	0
AF	0	0.628357	1	1	0	0	0	0	0
AF	0	0.628670	3	2	1	0	0	0	0
AF	0	0.628982	2	2	0	0	0	0	0
AF	0	0.629294	1	1	0	0	0	0	0
AF	0	0.629919	2	1	1	0	0	0	0
AF	0	0.630231	1	1	0	0	0	0	0
AF	0	0.630856	1	0	1	0	0	0	0
AF	0	0.631168	1	1	0	0	0	0	0
AF	0	0.631480	1	1	0	0	0	0	0
AF	0	0.631793	2	2	0	0	0	0	0
AF	0	0.632105	3	2	1	0	0	0	0
AF	0	0.632417	1	1	0	0	0	0	0
AF	0	0.632730	5	4	1	0	0	0	0
AF	0	0.633354	1	1	0	0	0	0	0
AF	0	0.633979	1	1	0	0	0	0	0
AF	0	0.635853	1	1	0	0	0	0	0
AF	0	0.637414	1	1	0	0	0	0	0
AF	0	0.638976	1	1	0	0	0	0	0
AF	0	0.639600	1	1	0	0	0	0	0
AF	0	0.640225	1	1	0	0	0	0	0
AF	0	0.640849	1	0	1	0	0	0	0
AF	0	0.641474	1	0	1	0	0	0	0
AF	0	0.642411	1	1	0	0	0	0	0
AF	0	0.642723	1	1	0	0	0	0	0
AF	0	0.643036	1	1	0	0	0	0	0
AF	0	0.643660	1	1	0	0	0	0	0
AF	0	0.645222	1	1	0	0	0	0	0
AF	0	0.645846	1	1	0	0	0	0	0
AF	0	0.646159	1	1	0	0	0	0	0
AF	0	0.646471	2	2	0	0	0	0	0
AF	0	0.647096	2	1	1	0	0	0	0
AF	0	0.648032	1	1	0	0	0	0	0
AF	0	0.648345	2	2	0	0	0	0	0
AF	0	0.649906	4	2	2	0	0	0	0
AF	0	0.650843	4	3	1	0	0	0	0
AF	0	0.651156	1	0	1	0	0	0	0
AF	0	0.651468	1	1	0	0	0	0	0
AF	0	0.651780	1	1	0	0	0	0	0
AF	0	0.652092	3	2	1	0	0	0	0
AF	0	0.652405	1	1	0	0	0	0	0
AF	0	0.652717	1	1	0	0	0	0	0
AF	0	0.653342	1	1	0	0	0	0	0
AF	0	0.653966	1	1	0	0	0	0	0
AF	0	0.654279	1	0	1	0	0	0	0
AF	0	0.654591	2	2	0	0	0	0	0
AF	0	0.655840	1	0	1	0	0	0	0
AF	0	0.656465	2	2	0	0	0	0	0
AF	0	0.657402	2	2	0	0	0	0	0
AF	0	0.657714	1	1	0	0	0	0	0
AF	0	0.658339	1	1	0	0	0	0	0
AF	0	0.658963	1	1	0	0	0	0	0
AF	0	0.659275	2	2	0	0	0	0	0
AF	0	0.659588	1	0	1	0	0	0	0
AF	0	0.659900	2	0	2	0	0	0	0
AF	0	0.660212	3	1	2	0	0	0	0
AF	0	0.660525	1	0	1	0	0	0	0
AF	0	0.660837	1	0	1	0	0	0	0
AF	0	0.661462	1	0	1	0	0	0	0
AF	0	0.661774	1	1	0	0	0	0	0
AF	0	0.662086	1	1	0	0	0	0	0
AF	0	0.662711	1	1	0	0	0	0	0
AF	0	0.663335	1	1	0	0	0	0	0
AF	0	0.663648	2	1	1	0	0	0	0
AF	0	0.663960	1	0	1	0	0	0	0
AF	0	0.664585	1	1	0	0	0	0	0
AF	0	0.664897	2	2	0	0	0	0	0
AF	0	0.665834	1	1	0	0	0	0	0
AF	0	0.666458	1	1	0	0	0	0	0
AF	0	0.666771	1	1	0	0	0	0	0
AF	0	0.667083	1	0	1	0	0	0	0
AF	0	0.667395	1	1	0	0	0	0	0
AF	0	0.667708	1	0	1	0	0	0	0
AF	0	0.668020	1	0	1	0	0	0	0
AF	0	0.669582	1	1	0	0	0	0	0
AF	0	0.669894	1	1	0	0	0	0	0
AF	0	0.670831	1	1	0	0	0	0	0
AF	0	0.671143	2	2	0	0	0	0	0
AF	0	0.671455	1	1	0	0	0	0	0
AF	0	0.672080	2	1	1	0	0	0	0
AF	0	0.672392	1	1	0	0	0	0	0
AF	0	0.672705	1	1	0	0	0	0	0
AF	0	0.673017	2	1	1	0	0	0	0
AF	0	0.673329	1	1	0	0	0	0	0
AF	0	0.673641	1	1	0	0	0	0	0
AF	0	0.673954	1	0	1	0	0	0	0
AF	0	0.674578	1	1	0	0	0	0	0
AF	0	0.675203	1	1	0	0	0	0	0
AF	0	0.675515	1	1	0	0	0	0	0
AF	0	0.675828	1	1	0	0	0	0	0
AF	0	0.676140	3	2	1	0	0	0	0
AF	0	0.677389	1	1	0	0	0	0	0
AF	0	0.678014	2	1	1	0	0	0	0
AF	0	0.679263	1	1	0	0	0	0	0
AF	0	0.679575	1	1	0	0	0	0	0
AF	0	0.681449	1	1	0	0	0	0	0
AF	0	0.682074	1	1	0	0	0	0	0
AF	0	0.682386	1	1	0	0	0	0	0
AF	0	0.682698	1	1	0	0	0	0	0
AF	0	0.683011	1	1	0	0	0	0	0
AF	0	0.683323	1	1	0	0	0	0	0
AF	0	0.684260	2	2	0	0	0	0	0
AF	0	0.686758	1	1	0	0	0	0	0
AF	0	0.687071	1	1	0	0	0	0	0
AF	0	0.692067	2	1	1	0	0	0	0
AF	0	0.693004	1	1	0	0	0	0	0
AF	0	0.693941	4	2	2	0	0	0	0
AF	0	0.694254	3	2	1	0	0	0	0
AF	0	0.694566	3	3	0	0	0	0	0
AF	0	0.694878	2	2	0	0	0	0	0
AF	0	0.695815	3	3	0	0	0	0	0
AF	0	0.696127	1	1	0	0	0	0	0
AF	0	0.697064	1	1	0	0	0	0	0
AF	0	0.697377	1	1	0	0	0	0	0
AF	0	0.697689	1	1	0	0	0	0	0
AF	0	0.698001	1	0	1	0	0	0	0
AF	0	0.698314	1	1	0	0	0	0	0
AF	0	0.700500	1	1	0	0	0	0	0
AF	0	0.701124	1	1	0	0	0	0	0
AF	0	0.701749	2	1	1	0	0	0	0
AF	0	0.702374	2	2	0	0	0	0	0
AF	0	0.702998	1	0	1	0	0	0	0
AF	0	0.704247	1	1	0	0	0	0	0
AF	0	0.705497	1	1	0	0	0	0	0
AF	0	0.706746	1	1	0	0	0	0	0
AF	0	0.707995	1	0	1	0	0	0	0
AF	0	0.708932	1	1	0	0	0	0	0
AF	0	0.709557	1	1	0	0	0	0	0
AF	0	0.709869	1	1	0	0	0	0	0
AF	0	0.710806	1	1	0	0	0	0	0
AF	0	0.711118	1	0	1	0	0	0	0
AF	0	0.711743	1	1	0	0	0	0	0
AF	0	0.712992	1	1	0	0	0	0	0
AF	0	0.713304	1	1	0	0	0	0	0
AF	0	0.714553	1	1	0	0	0	0	0
AF	0	0.714866	1	0	1	0	0	0	0
AF	0	0.715490	1	1	0	0	0	0	0
AF	0	0.716740	1	0	1	0	0	0	0
AF	0	0.717052	1	0	1	0	0	0	0
AF	0	0.717364	1	0	1	0	0	0	0
AF	0	0.720175	1	1	0	0	0	0	0
AF	0	0.720487	2	2	0	0	0	0	0
AF	0	0.720800	1	1	0	0	0	0	0
AF	0	0.722049	1	1	0	0	0	0	0
AF	0	0.722986	3	1	2	0	0	0	0
AF	0	0.723298	2	2	0	0	0	0	0
AF	0	0.723610	1	0	1	0	0	0	0
AF	0	0.726109	1	1	0	0	0	0	0
AF	0	0.727670	1	0	1	0	0	0	0
AF	0	0.727983	1	1	0	0	0	0	0
AF	0	0.729856	1	1	0	0	0	0	0
AF	0	0.730793	1	0	1	0	0	0	0
AF	0	0.731730	1	1	0	0	0	0	0
AF	0	0.732042	1	0	1	0	0	0	0
AF	0	0.735790	1	1	0	0	0	0	0
AF	0	0.736415	1	0	1	0	0	0	0
AF	0	0.736727	1	1	0	0	0	0	0
AF	0	0.737976	1	1	0	0	0	0	0
AF	0	0.739850	1	1	0	0	0	0	0
AF	0	0.740162	1	1	0	0	0	0	0
AF	0	0.741099	3	3	0	0	0	0	0
AF	0	0.741724	1	1	0	0	0	0	0
AF	0	0.742661	1	1	0	0	0	0	0
AF	0	0.742973	1	1	0	0	0	0	0
AF	0	0.743910	2	2	0	0	0	0	0
AF	0	0.744847	1	1	0	0	0	0	0
AF	0	0.745159	1	1	0	0	0	0	0
AF	0	0.745472	3	2	1	0	0	0	0
AF	0	0.746096	1	1	0	0	0	0	0
AF	0	0.746408	1	1	0	0	0	0	0
AF	0	0.746721	1	0	1	0	0	0	0
AF	0	0.747033	1	1	0	0	0	0	0
AF	0	0.747345	2	1	1	0	0	0	0
AF	0	0.747658	1	0	1	0	0	0	0
AF	0	0.748282	1	1	0	0	0	0	0
AF	0	0.748595	1	1	0	0	0	0	0
AF	0	0.749219	1	0	1	0	0	0	0
AF	0	0.749844	1	0	1	0	0	0	0
AF	0	0.750468	2	2	0	0	0	0	0
AF	0	0.751093	1	1	0	0	0	0	0
AF	0	0.751718	1	1	0	0	0	0	0
AF	0	0.752655	1	1	0	0	0	0	0
AF	0	0.753592	2	2	0	0	0	0	0
AF	0	0.754216	1	1	0	0	0	0	0
AF	0	0.755153	1	0	1	0	0	0	0
AF	0	0.757964	2	1	1	0	0	0	0
AF	0	0.758276	1	0	1	0	0	0	0
AF	0	0.758588	1	1	0	0	0	0	0
AF	0	0.760150	2	1	1	0	0	0	0
AF	0	0.760462	1	1	0	0	0	0	0
AF	0	0.760775	1	0	1	0	0	0	0
AF	0	0.761087	1	1	0	0	0	0	0
AF	0	0.762648	2	1	1	0	0	0	0
AF	0	0.762961	2	2	0	0	0	0	0
AF	0	0.764834	2	0	2	0	0	0	0
AF	0	0.765147	1	0	1	0	0	0	0
AF	0	0.766084	1	0	1	0	0	0	0
AF	0	0.768582	1	0	1	0	0	0	0
AF	0	0.769207	1	1	0	0	0	0	0
AF	0	0.771393	1	1	0	0	0	0	0
AF	0	0.774828	1	1	0	0	0	0	0
AF	0	0.775453	1	1	0	0	0	0	0
AF	0	0.776077	1	1	0	0	0	0	0
AF	0	0.776390	1	1	0	0	0	0	0
AF	0	0.777327	1	0	1	0	0	0	0
AF	0	0.777639	1	0	1	0	0	0	0
AF	0	0.778264	1	1	0	0	0	0	0
AF	0	0.778888	1	1	0	0	0	0	0
AF	0	0.779513	1	0	1	0	0	0	0
AF	0	0.780137	1	1	0	0	0	0	0
AF	0	0.782324	1	1	0	0	0	0	0
AF	0	0.782636	1	0	1	0	0	0	0
AF	0	0.783885	3	2	1	0	0	0	0
AF	0	0.785134	2	1	1	0	0	0	0
AF	0	0.785759	1	1	0	0	0	0	0
AF	0	0.786071	1	0	1	0	0	0	0
AF	0	0.788257	1	1	0	0	0	0	0
AF	0	0.788882	1	1	0	0	0	0	0
AF	0	0.789507	1	0	1	0	0	0	0
AF	0	0.790443	1	1	0	0	0	0	0
AF	0	0.791380	2	1	1	0	0	0	0
AF	0	0.792005	1	0	1	0	0	0	0
AF	0	0.793567	1	1	0	0	0	0	0
AF	0	0.793879	1	0	1	0	0	0	0
AF	0	0.794816	2	1	1	0	0	0	0
AF	0	0.796065	1	0	1	0	0	0	0
AF	0	0.796377	2	1	1	0	0	0	0
AF	0	0.797939	2	1	1	0	0	0	0
AF	0	0.799813	1	1	0	0	0	0	0
AF	0	0.800750	2	2	0	0	0	0	0
AF	0	0.801686	1	1	0	0	0	0	0
AF	0	0.802623	1	1	0	0	0	0	0
AF	0	0.802936	1	1	0	0	0	0	0
AF	0	0.803248	2	2	0	0	0	0	0
AF	0	0.803560	1	0	1	0	0	0	0
AF	0	0.805122	1	1	0	0	0	0	0
AF	0	0.805434	2	1	1	0	0	0	0
AF	0	0.805746	4	2	2	0	0	0	0
AF	0	0.806371	5	5	0	0	0	0	0
AF	0	0.806996	2	2	0	0	0	0	0
AF	0	0.807308	1	1	0	0	0	0	0
AF	0	0.807933	1	1	0	0	0	0	0
AF	0	0.808245	4	2	2	0	0	0	0
AF	0	0.808557	4	3	1	0	0	0	0
AF	0	0.808869	3	3	0	0	0	0	0
AF	0	0.809182	1	1	0	0	0	0	0
AF	0	0.809494	3	3	0	0	0	0	0
AF	0	0.810431	1	1	0	0	0	0	0
AF	0	0.810743	1	0	1	0	0	0	0
AF	0	0.811368	1	1	0	0	0	0	0
AF	0	0.811680	1	1	0	0	0	0	0
AF	0	0.811993	1	0	1	0	0	0	0
AF	0	0.812305	1	1	0	0	0	0	0
AF	0	0.812617	2	2	0	0	0	0	0
AF	0	0.812929	1	1	0	0	0	0	0
AF	0	0.816052	1	1	0	0	0	0	0
AF	0	0.817926	2	2	0	0	0	0	0
AF	0	0.818239	2	2	0	0	0	0	0
AF	0	0.818551	1	1	0	0	0	0	0
AF	0	0.818863	2	2	0	0	0	0	0
AF	0	0.819176	1	0	1	0	0	0	0
AF	0	0.819800	1	0	1	0	0	0	0
AF	0	0.821049	1	1	0	0	0	0	0
AF	0	0.821986	1	1	0	0	0	0	0
AF	0	0.822923	2	1	1	0	0	0	0
AF	0	0.823235	1	1	0	0	0	0	0
AF	0	0.824485	1	1	0	0	0	0	0
AF	0	0.825109	1	0	1	0	0	0	0
AF	0	0.826671	1	1	0	0	0	0	0
AF	0	0.826983	1	1	0	0	0	0	0
AF	0	0.828232	1	1	0	0	0	0	0
AF	0	0.832605	1	1	0	0	0	0	0
AF	0	0.835728	1	0	1	0	0	0	0
AF	0	0.836352	1	1	0	0	0	0	0
AF	0	0.837914	2	2	0	0	0	0	0
AF	0	0.838851	1	1	0	0	0	0	0
AF	0	0.842286	1	1	0	0	0	0	0
AF	0	0.843223	2	2	0	0	0	0	0
AF	0	0.850094	1	1	0	0	0	0	0
AF	0	0.851968	1	1	0	0	0	0	0
AF	0	0.858526	1	1	0	0	0	0	0
AF	0	0.859151	1	1	0	0	0	0	0
AF	0	0.863210	1	0	1	0	0	0	0
AF	0	0.864460	1	0	1	0	0	0	0
AF	0	0.864772	1	0	1	0	0	0	0
AF	0	0.865397	1	1	0	0	0	0	0
AF	0	0.871955	1	1	0	0	0	0	0
AF	0	0.873204	1	1	0	0	0	0	0
AF	0	0.874453	1	0	1	0	0	0	0
AF	0	0.877889	1	1	0	0	0	0	0
AF	0	0.878513	1	1	0	0	0	0	0
AF	0	0.880700	1	1	0	0	0	0	0
AF	0	0.884447	1	0	1	0	0	0	0
AF	0	0.893504	1	0	1	0	0	0	0
AF	0	0.894129	1	1	0	0	0	0	0
AF	0	0.898501	1	1	0	0	0	0	0
AF	0	0.914741	1	1	0	0	0	0	0
AF	0	0.916615	1	1	0	0	0	0	0
AF	0	0.917864	1	1	0	0	0	0	0
AF	0	0.920362	1	1	0	0	0	0	0
AF	0	0.920675	1	1	0	0	0	0	0
AF	0	0.924110	2	1	1	0	0	0	0
AF	0	0.924735	1	1	0	0	0	0	0
AF	0	0.930981	1	0	1	0	0	0	0
AF	0	0.934728	1	0	1	0	0	0	0
AF	0	0.936914	1	0	1	0	0	0	0
AF	0	0.951905	1	1	0	0	0	0	0
AF	0	0.954091	1	1	0	0	0	0	0
AF	0	0.955340	1	1	0	0	0	0	0
AF	0	0.957839	1	0	1	0	0	0	0
AF	0	0.960025	1	1	0	0	0	0	0
AF	0	0.962523	1	1	0	0	0	0	0
AF	0	0.963148	3	2	1	0	0	0	0
AF	0	0.963460	2	1	1	0	0	0	0
AF	0	0.966271	1	0	1	0	0	0	0
AF	0	0.966583	1	1	0	0	0	0	0
AF	0	0.967208	1	1	0	0	0	0	0
AF	0	0.967833	1	1	0	0	0	0	0
AF	0	0.968457	1	1	0	0	0	0	0
AF	0	0.969706	1	1	0	0	0	0	0
AF	0	0.970331	1	0	1	0	0	0	0
AF	0	0.970643	1	0	1	0	0	0	0
AF	0	0.971268	1	1	0	0	0	0	0
AF	0	0.971893	1	1	0	0	0	0	0
AF	0	0.975016	1	1	0	0	0	0	0
AF	0	0.975328	2	1	1	0	0	0	0
AF	0	0.975953	1	1	0	0	0	0	0
AF	0	0.976577	2	1	1	0	0	0	0
AF	0	0.977826	2	2	0	0	0	0	0
AF	0	0.979700	1	0	1	0	0	0	0
AF	0	0.980012	2	2	0	0	0	0	0
AF	0	0.981262	2	1	1	0	0	0	0
AF	0	0.981574	2	1	1	0	0	0	0
AF	0	0.982199	1	1	0	0	0	0	0
AF	0	0.982511	1	0	1	0	0	0	0
AF	0	0.986571	1	0	1	0	0	0	0
AF	0	0.986883	1	1	0	0	0	0	0
AF	0	0.991255	1	1	0	0	0	0	0
AF	0	0.992192	1	1	0	0	0	0	0
AF	0	0.992505	1	1	0	0	0	0	0
AF	0	0.994066	1	1	0	0	0	0	0
AF	0	0.995003	2	1	1	0	0	0	0
AF	0	0.996877	1	0	1	0	0	0	0
AF	0	0.999063	3	2	1	0	0	0	0
# QUAL, Stats by quality
# QUAL	[2]id	[3]Quality	[4]number of SNPs	[5]number of transitions (1st ALT)	[6]number of transversions (1st ALT)	[7]number of indels
QUAL	0	.	17645	11711	5934	0
# IDD, InDel distribution:
# IDD	[2]id	[3]length (deletions negative)	[4]number of sites	[5]number of genotypes	[6]mean VAF
# ST, Substitution types:
# ST	[2]id	[3]type	[4]count
ST	0	A>C	763
ST	0	A>G	2776
ST	0	A>T	788
ST	0	C>A	844
ST	0	C>G	634
ST	0	C>T	3081
ST	0	G>A	3119
ST	0	G>C	672
ST	0	G>T	730
ST	0	T>A	758
ST	0	T>C	2735
ST	0	T>G	745
# DP, Depth distribution
# DP	[2]id	[3]bin	[4]number of genotypes	[5]fraction of genotypes (%)	[6]number of sites	[7]fraction of sites (%)
  - Fix haploid genotypes in males...

Submit MakeDiploidMalesX finished successfully. Let's have a beer, buddy!

