Submit MakeDiploidMalesX
version 1.1.6 (2024-09-30)

These are the settings:
  Input file................: /hpc/local/Rocky8/dhl_ec/software/MonopogenLite/resources/1kGP_high_coverage_Illumina.SNVonly_poly.filtered_AF_5e-04.norm.fixvariantid.chrX.vcf.gz
  Output file...............: /hpc/local/Rocky8/dhl_ec/software/MonopogenLite/resources/1kGP_high_coverage_Illumina.SNVonly_poly.filtered_AF_5e-04.norm.fixvariantid.makediploid.chrX.vcf.gz
  Chunk size................: 100

  SLURM CPUs................: 4
  SLURM Array ID............: 45 (of 100)
  SLURM memory..............: 16G
  SLURM time................: 01:00:00
  SLURM mail type...........: FAIL
  SLURM mail user...........: s.w.vanderlaan-2@umcutrecht.nl

  Dry run mode..............: 0
  Debug mode................: 1
  Verbosity.................: 0
  Version...................: 1.1.6 (2024-09-30)

Making converting haploid genotypes to diploid genotypes.
> Extract the region for this SLURM task (# 45) from the BED file.
  - Get the chunk number from the SLURM array task ID and the bed file...
DEBUG: Extracting chunk number: 45p from 45
DEBUG: Extracting region from BED file: /hpc/local/Rocky8/dhl_ec/software/MonopogenLite/resources/chrX_100pieces.bed
  - Extract the region from the BED file...
DEBUG: Extracted raw region: 'chrX	68657953	70218360' (chunk #: 45p of 100 for job 45)
  - Check if a valid region was extracted -- should be 'chrX	68657953	70218360'...
  - Prepare the region for bcftools...
  - Check if the region (chrX:68657953-70218360) was successfully extracted...
> Processing region 'chrX:68657953-70218360'...
  - Process the specific region (chunk# 45) using bcftools view...
  - Index the VCF file...
DEBUG: Check if the VCF file was successfully processed...
##fileformat=VCFv4.2
##FILTER=<ID=PASS,Description="All filters passed">
##fileDate=29/01/2022 - 14:31:41
##source=shapeit4.2.2
##contig=<ID=chr1,length=248956422>
##contig=<ID=chr2,length=242193529>
##contig=<ID=chr3,length=198295559>
##contig=<ID=chr4,length=190214555>
##contig=<ID=chr5,length=181538259>
##contig=<ID=chr6,length=170805979>
# This file was produced by bcftools stats (1.20+htslib-1.20) and can be plotted using plot-vcfstats.
# The command line was:	bcftools stats  /hpc/local/Rocky8/dhl_ec/software/MonopogenLite/resources/chrX.part45.vcf.gz
#
# Definition of sets:
# ID	[2]id	[3]tab-separated file names
ID	0	/hpc/local/Rocky8/dhl_ec/software/MonopogenLite/resources/chrX.part45.vcf.gz
# SN, Summary numbers:
#   number of records   .. number of data rows in the VCF
#   number of no-ALTs   .. reference-only sites, ALT is either "." or identical to REF
#   number of SNPs      .. number of rows with a SNP
#   number of MNPs      .. number of rows with a MNP, such as CC>TT
#   number of indels    .. number of rows with an indel
#   number of others    .. number of rows with other type, for example a symbolic allele or
#                          a complex substitution, such as ACT>TCGA
#   number of multiallelic sites     .. number of rows with multiple alternate alleles
#   number of multiallelic SNP sites .. number of rows with multiple alternate alleles, all SNPs
# 
#   Note that rows containing multiple types will be counted multiple times, in each
#   counter. For example, a row with a SNP and an indel increments both the SNP and
#   the indel counter.
# 
# SN	[2]id	[3]key	[4]value
SN	0	number of samples:	3202
SN	0	number of records:	15692
SN	0	number of no-ALTs:	0
SN	0	number of SNPs:	15692
SN	0	number of MNPs:	0
SN	0	number of indels:	0
SN	0	number of others:	0
SN	0	number of multiallelic sites:	0
SN	0	number of multiallelic SNP sites:	0
# TSTV, transitions/transversions:
# TSTV	[2]id	[3]ts	[4]tv	[5]ts/tv	[6]ts (1st ALT)	[7]tv (1st ALT)	[8]ts/tv (1st ALT)
TSTV	0	10772	4920	2.19	10772	4920	2.19
# SiS, Singleton stats:
# SiS	[2]id	[3]allele count	[4]number of SNPs	[5]number of transitions	[6]number of transversions	[7]number of indels	[8]repeat-consistent	[9]repeat-inconsistent	[10]not applicable
SiS	0	1	0	0	0	0	0	0	0
# AF, Stats by non-reference allele frequency:
# AF	[2]id	[3]allele frequency	[4]number of SNPs	[5]number of transitions	[6]number of transversions	[7]number of indels	[8]repeat-consistent	[9]repeat-inconsistent	[10]not applicable
AF	0	0.000312	2578	1738	840	0	0	0	0
AF	0	0.000625	1533	1065	468	0	0	0	0
AF	0	0.000937	1711	1190	521	0	0	0	0
AF	0	0.001249	551	392	159	0	0	0	0
AF	0	0.001562	934	668	266	0	0	0	0
AF	0	0.001874	321	211	110	0	0	0	0
AF	0	0.002186	479	332	147	0	0	0	0
AF	0	0.002498	231	145	86	0	0	0	0
AF	0	0.002811	377	250	127	0	0	0	0
AF	0	0.003123	178	126	52	0	0	0	0
AF	0	0.003435	270	194	76	0	0	0	0
AF	0	0.003748	113	73	40	0	0	0	0
AF	0	0.004060	204	125	79	0	0	0	0
AF	0	0.004372	98	61	37	0	0	0	0
AF	0	0.004685	169	118	51	0	0	0	0
AF	0	0.004997	78	51	27	0	0	0	0
AF	0	0.005309	137	100	37	0	0	0	0
AF	0	0.005621	107	74	33	0	0	0	0
AF	0	0.005934	167	111	56	0	0	0	0
AF	0	0.006246	62	44	18	0	0	0	0
AF	0	0.006558	101	82	19	0	0	0	0
AF	0	0.006871	59	45	14	0	0	0	0
AF	0	0.007183	90	62	28	0	0	0	0
AF	0	0.007495	37	24	13	0	0	0	0
AF	0	0.007808	77	57	20	0	0	0	0
AF	0	0.008120	38	26	12	0	0	0	0
AF	0	0.008432	92	72	20	0	0	0	0
AF	0	0.008745	30	16	14	0	0	0	0
AF	0	0.009057	68	45	23	0	0	0	0
AF	0	0.009369	27	24	3	0	0	0	0
AF	0	0.009681	74	54	20	0	0	0	0
AF	0	0.009994	44	33	11	0	0	0	0
AF	0	0.010306	48	33	15	0	0	0	0
AF	0	0.010618	29	18	11	0	0	0	0
AF	0	0.010931	70	47	23	0	0	0	0
AF	0	0.011243	31	21	10	0	0	0	0
AF	0	0.011555	41	29	12	0	0	0	0
AF	0	0.011868	78	55	23	0	0	0	0
AF	0	0.012180	56	40	16	0	0	0	0
AF	0	0.012492	28	22	6	0	0	0	0
AF	0	0.012804	43	30	13	0	0	0	0
AF	0	0.013117	25	14	11	0	0	0	0
AF	0	0.013429	41	31	10	0	0	0	0
AF	0	0.013741	17	12	5	0	0	0	0
AF	0	0.014054	57	34	23	0	0	0	0
AF	0	0.014366	18	12	6	0	0	0	0
AF	0	0.014678	29	23	6	0	0	0	0
AF	0	0.014991	11	7	4	0	0	0	0
AF	0	0.015303	36	27	9	0	0	0	0
AF	0	0.015615	13	8	5	0	0	0	0
AF	0	0.015928	88	67	21	0	0	0	0
AF	0	0.016240	28	21	7	0	0	0	0
AF	0	0.016552	67	41	26	0	0	0	0
AF	0	0.016864	34	19	15	0	0	0	0
AF	0	0.017177	18	9	9	0	0	0	0
AF	0	0.017489	12	10	2	0	0	0	0
AF	0	0.017801	32	20	12	0	0	0	0
AF	0	0.018114	21	15	6	0	0	0	0
AF	0	0.018426	27	19	8	0	0	0	0
AF	0	0.018738	14	8	6	0	0	0	0
AF	0	0.019051	31	21	10	0	0	0	0
AF	0	0.019363	9	7	2	0	0	0	0
AF	0	0.019675	18	12	6	0	0	0	0
AF	0	0.019988	26	18	8	0	0	0	0
AF	0	0.020300	35	21	14	0	0	0	0
AF	0	0.020612	19	12	7	0	0	0	0
AF	0	0.020924	38	23	15	0	0	0	0
AF	0	0.021237	9	7	2	0	0	0	0
AF	0	0.021549	22	12	10	0	0	0	0
AF	0	0.021861	16	8	8	0	0	0	0
AF	0	0.022174	24	16	8	0	0	0	0
AF	0	0.022486	25	16	9	0	0	0	0
AF	0	0.022798	43	31	12	0	0	0	0
AF	0	0.023111	17	11	6	0	0	0	0
AF	0	0.023423	21	16	5	0	0	0	0
AF	0	0.023735	9	6	3	0	0	0	0
AF	0	0.024047	20	13	7	0	0	0	0
AF	0	0.024360	21	16	5	0	0	0	0
AF	0	0.024672	21	18	3	0	0	0	0
AF	0	0.024984	22	13	9	0	0	0	0
AF	0	0.025297	35	26	9	0	0	0	0
AF	0	0.025609	22	14	8	0	0	0	0
AF	0	0.025921	22	16	6	0	0	0	0
AF	0	0.026234	15	9	6	0	0	0	0
AF	0	0.026546	14	7	7	0	0	0	0
AF	0	0.026858	7	4	3	0	0	0	0
AF	0	0.027171	19	9	10	0	0	0	0
AF	0	0.027483	13	9	4	0	0	0	0
AF	0	0.027795	15	8	7	0	0	0	0
AF	0	0.028107	12	10	2	0	0	0	0
AF	0	0.028420	24	17	7	0	0	0	0
AF	0	0.028732	6	4	2	0	0	0	0
AF	0	0.029044	12	9	3	0	0	0	0
AF	0	0.029357	9	5	4	0	0	0	0
AF	0	0.029669	4	3	1	0	0	0	0
AF	0	0.029981	8	6	2	0	0	0	0
AF	0	0.030294	10	7	3	0	0	0	0
AF	0	0.030606	5	5	0	0	0	0	0
AF	0	0.030918	17	14	3	0	0	0	0
AF	0	0.031230	5	3	2	0	0	0	0
AF	0	0.031543	13	9	4	0	0	0	0
AF	0	0.031855	3	1	2	0	0	0	0
AF	0	0.032167	8	6	2	0	0	0	0
AF	0	0.032480	6	3	3	0	0	0	0
AF	0	0.032792	7	6	1	0	0	0	0
AF	0	0.033104	5	5	0	0	0	0	0
AF	0	0.033417	8	3	5	0	0	0	0
AF	0	0.033729	4	2	2	0	0	0	0
AF	0	0.034041	15	11	4	0	0	0	0
AF	0	0.034354	13	7	6	0	0	0	0
AF	0	0.034666	17	11	6	0	0	0	0
AF	0	0.034978	4	4	0	0	0	0	0
AF	0	0.035290	24	15	9	0	0	0	0
AF	0	0.035603	13	7	6	0	0	0	0
AF	0	0.035915	24	15	9	0	0	0	0
AF	0	0.036227	8	7	1	0	0	0	0
AF	0	0.036540	10	8	2	0	0	0	0
AF	0	0.036852	5	5	0	0	0	0	0
AF	0	0.037164	13	5	8	0	0	0	0
AF	0	0.037477	3	2	1	0	0	0	0
AF	0	0.037789	9	8	1	0	0	0	0
AF	0	0.038101	4	3	1	0	0	0	0
AF	0	0.038413	11	8	3	0	0	0	0
AF	0	0.038726	2	1	1	0	0	0	0
AF	0	0.039038	8	5	3	0	0	0	0
AF	0	0.039350	2	1	1	0	0	0	0
AF	0	0.039663	12	10	2	0	0	0	0
AF	0	0.039975	5	4	1	0	0	0	0
AF	0	0.040287	12	9	3	0	0	0	0
AF	0	0.040600	4	2	2	0	0	0	0
AF	0	0.040912	8	7	1	0	0	0	0
AF	0	0.041224	9	7	2	0	0	0	0
AF	0	0.041537	5	3	2	0	0	0	0
AF	0	0.041849	1	1	0	0	0	0	0
AF	0	0.042161	5	4	1	0	0	0	0
AF	0	0.042473	1	0	1	0	0	0	0
AF	0	0.042786	11	7	4	0	0	0	0
AF	0	0.043098	6	4	2	0	0	0	0
AF	0	0.043410	5	4	1	0	0	0	0
AF	0	0.043723	2	1	1	0	0	0	0
AF	0	0.044035	5	3	2	0	0	0	0
AF	0	0.044347	5	3	2	0	0	0	0
AF	0	0.044660	6	5	1	0	0	0	0
AF	0	0.044972	2	0	2	0	0	0	0
AF	0	0.045284	5	5	0	0	0	0	0
AF	0	0.045597	3	0	3	0	0	0	0
AF	0	0.045909	3	3	0	0	0	0	0
AF	0	0.046221	5	3	2	0	0	0	0
AF	0	0.046533	10	8	2	0	0	0	0
AF	0	0.046846	6	2	4	0	0	0	0
AF	0	0.047158	5	5	0	0	0	0	0
AF	0	0.047470	3	3	0	0	0	0	0
AF	0	0.047783	9	6	3	0	0	0	0
AF	0	0.048095	6	2	4	0	0	0	0
AF	0	0.048407	4	2	2	0	0	0	0
AF	0	0.048720	1	1	0	0	0	0	0
AF	0	0.049032	6	5	1	0	0	0	0
AF	0	0.049344	3	3	0	0	0	0	0
AF	0	0.049656	2	1	1	0	0	0	0
AF	0	0.050281	8	6	2	0	0	0	0
AF	0	0.050593	10	8	2	0	0	0	0
AF	0	0.050906	3	3	0	0	0	0	0
AF	0	0.051218	3	1	2	0	0	0	0
AF	0	0.051530	1	1	0	0	0	0	0
AF	0	0.051843	2	1	1	0	0	0	0
AF	0	0.052155	2	2	0	0	0	0	0
AF	0	0.052467	2	1	1	0	0	0	0
AF	0	0.052780	2	0	2	0	0	0	0
AF	0	0.053092	4	2	2	0	0	0	0
AF	0	0.053404	4	3	1	0	0	0	0
AF	0	0.053716	3	3	0	0	0	0	0
AF	0	0.054029	3	2	1	0	0	0	0
AF	0	0.054341	5	4	1	0	0	0	0
AF	0	0.054653	6	4	2	0	0	0	0
AF	0	0.055278	6	4	2	0	0	0	0
AF	0	0.055590	3	2	1	0	0	0	0
AF	0	0.055903	7	7	0	0	0	0	0
AF	0	0.056215	5	3	2	0	0	0	0
AF	0	0.056527	1	0	1	0	0	0	0
AF	0	0.056839	1	1	0	0	0	0	0
AF	0	0.057152	5	3	2	0	0	0	0
AF	0	0.057776	3	2	1	0	0	0	0
AF	0	0.058089	1	1	0	0	0	0	0
AF	0	0.058401	1	1	0	0	0	0	0
AF	0	0.058713	2	1	1	0	0	0	0
AF	0	0.059026	5	3	2	0	0	0	0
AF	0	0.059338	3	3	0	0	0	0	0
AF	0	0.059650	2	1	1	0	0	0	0
AF	0	0.059963	2	2	0	0	0	0	0
AF	0	0.060275	7	4	3	0	0	0	0
AF	0	0.060899	2	1	1	0	0	0	0
AF	0	0.061212	4	4	0	0	0	0	0
AF	0	0.061836	2	0	2	0	0	0	0
AF	0	0.062149	5	4	1	0	0	0	0
AF	0	0.062461	2	1	1	0	0	0	0
AF	0	0.062773	3	3	0	0	0	0	0
AF	0	0.063086	2	1	1	0	0	0	0
AF	0	0.063398	5	4	1	0	0	0	0
AF	0	0.063710	2	1	1	0	0	0	0
AF	0	0.064022	7	3	4	0	0	0	0
AF	0	0.064335	2	2	0	0	0	0	0
AF	0	0.064647	3	1	2	0	0	0	0
AF	0	0.064959	2	0	2	0	0	0	0
AF	0	0.065272	1	0	1	0	0	0	0
AF	0	0.065584	2	0	2	0	0	0	0
AF	0	0.065896	1	1	0	0	0	0	0
AF	0	0.066521	4	4	0	0	0	0	0
AF	0	0.066833	5	3	2	0	0	0	0
AF	0	0.067146	7	5	2	0	0	0	0
AF	0	0.067458	2	2	0	0	0	0	0
AF	0	0.067770	3	1	2	0	0	0	0
AF	0	0.068082	2	2	0	0	0	0	0
AF	0	0.068395	5	1	4	0	0	0	0
AF	0	0.069019	3	1	2	0	0	0	0
AF	0	0.069332	3	3	0	0	0	0	0
AF	0	0.069644	6	4	2	0	0	0	0
AF	0	0.069956	5	3	2	0	0	0	0
AF	0	0.070269	8	7	1	0	0	0	0
AF	0	0.070581	3	3	0	0	0	0	0
AF	0	0.071205	1	1	0	0	0	0	0
AF	0	0.071518	2	1	1	0	0	0	0
AF	0	0.071830	2	0	2	0	0	0	0
AF	0	0.072455	2	2	0	0	0	0	0
AF	0	0.072767	9	8	1	0	0	0	0
AF	0	0.073079	1	0	1	0	0	0	0
AF	0	0.073392	3	3	0	0	0	0	0
AF	0	0.073704	1	0	1	0	0	0	0
AF	0	0.074016	1	0	1	0	0	0	0
AF	0	0.074329	1	0	1	0	0	0	0
AF	0	0.074641	1	1	0	0	0	0	0
AF	0	0.074953	2	2	0	0	0	0	0
AF	0	0.075265	5	5	0	0	0	0	0
AF	0	0.075578	2	2	0	0	0	0	0
AF	0	0.075890	3	2	1	0	0	0	0
AF	0	0.076515	5	3	2	0	0	0	0
AF	0	0.076827	2	2	0	0	0	0	0
AF	0	0.077139	2	2	0	0	0	0	0
AF	0	0.077764	1	1	0	0	0	0	0
AF	0	0.078389	1	0	1	0	0	0	0
AF	0	0.079013	3	2	1	0	0	0	0
AF	0	0.079325	2	1	1	0	0	0	0
AF	0	0.079638	1	1	0	0	0	0	0
AF	0	0.079950	1	0	1	0	0	0	0
AF	0	0.080262	2	2	0	0	0	0	0
AF	0	0.080575	2	0	2	0	0	0	0
AF	0	0.080887	3	1	2	0	0	0	0
AF	0	0.081512	1	1	0	0	0	0	0
AF	0	0.081824	1	1	0	0	0	0	0
AF	0	0.082136	5	2	3	0	0	0	0
AF	0	0.082448	2	2	0	0	0	0	0
AF	0	0.082761	1	1	0	0	0	0	0
AF	0	0.083385	2	2	0	0	0	0	0
AF	0	0.083698	2	1	1	0	0	0	0
AF	0	0.084010	4	1	3	0	0	0	0
AF	0	0.084635	10	10	0	0	0	0	0
AF	0	0.084947	6	2	4	0	0	0	0
AF	0	0.085259	2	1	1	0	0	0	0
AF	0	0.085884	7	4	3	0	0	0	0
AF	0	0.086196	2	2	0	0	0	0	0
AF	0	0.086508	4	4	0	0	0	0	0
AF	0	0.086821	4	3	1	0	0	0	0
AF	0	0.087133	5	4	1	0	0	0	0
AF	0	0.087445	5	2	3	0	0	0	0
AF	0	0.087758	3	3	0	0	0	0	0
AF	0	0.088070	1	1	0	0	0	0	0
AF	0	0.088382	3	1	2	0	0	0	0
AF	0	0.089007	3	3	0	0	0	0	0
AF	0	0.089319	3	1	2	0	0	0	0
AF	0	0.089631	2	1	1	0	0	0	0
AF	0	0.090568	1	0	1	0	0	0	0
AF	0	0.090881	7	3	4	0	0	0	0
AF	0	0.091193	1	0	1	0	0	0	0
AF	0	0.091505	2	2	0	0	0	0	0
AF	0	0.091818	3	3	0	0	0	0	0
AF	0	0.092130	5	4	1	0	0	0	0
AF	0	0.092442	1	1	0	0	0	0	0
AF	0	0.092755	3	3	0	0	0	0	0
AF	0	0.093067	1	0	1	0	0	0	0
AF	0	0.093379	1	0	1	0	0	0	0
AF	0	0.093691	1	0	1	0	0	0	0
AF	0	0.094004	4	2	2	0	0	0	0
AF	0	0.094316	1	1	0	0	0	0	0
AF	0	0.094628	4	3	1	0	0	0	0
AF	0	0.094941	3	2	1	0	0	0	0
AF	0	0.095253	10	6	4	0	0	0	0
AF	0	0.095565	2	0	2	0	0	0	0
AF	0	0.095878	2	2	0	0	0	0	0
AF	0	0.096190	1	1	0	0	0	0	0
AF	0	0.096502	1	0	1	0	0	0	0
AF	0	0.096814	2	2	0	0	0	0	0
AF	0	0.097127	19	15	4	0	0	0	0
AF	0	0.097439	10	8	2	0	0	0	0
AF	0	0.097751	14	7	7	0	0	0	0
AF	0	0.098064	3	2	1	0	0	0	0
AF	0	0.098376	4	1	3	0	0	0	0
AF	0	0.099001	1	1	0	0	0	0	0
AF	0	0.099938	1	1	0	0	0	0	0
AF	0	0.100250	4	3	1	0	0	0	0
AF	0	0.100562	2	1	1	0	0	0	0
AF	0	0.100874	5	2	3	0	0	0	0
AF	0	0.101187	9	5	4	0	0	0	0
AF	0	0.101499	7	4	3	0	0	0	0
AF	0	0.102124	2	1	1	0	0	0	0
AF	0	0.102436	3	2	1	0	0	0	0
AF	0	0.102748	2	2	0	0	0	0	0
AF	0	0.103061	1	0	1	0	0	0	0
AF	0	0.103373	5	4	1	0	0	0	0
AF	0	0.103998	1	1	0	0	0	0	0
AF	0	0.104310	2	1	1	0	0	0	0
AF	0	0.104622	4	3	1	0	0	0	0
AF	0	0.104934	19	10	9	0	0	0	0
AF	0	0.105247	5	3	2	0	0	0	0
AF	0	0.105559	7	2	5	0	0	0	0
AF	0	0.105871	6	4	2	0	0	0	0
AF	0	0.106184	2	2	0	0	0	0	0
AF	0	0.106496	6	3	3	0	0	0	0
AF	0	0.106808	2	2	0	0	0	0	0
AF	0	0.107121	6	4	2	0	0	0	0
AF	0	0.107433	2	2	0	0	0	0	0
AF	0	0.107745	4	3	1	0	0	0	0
AF	0	0.108057	1	0	1	0	0	0	0
AF	0	0.108370	3	2	1	0	0	0	0
AF	0	0.108682	2	1	1	0	0	0	0
AF	0	0.108994	3	3	0	0	0	0	0
AF	0	0.109619	4	3	1	0	0	0	0
AF	0	0.109931	1	1	0	0	0	0	0
AF	0	0.110244	2	1	1	0	0	0	0
AF	0	0.110556	4	2	2	0	0	0	0
AF	0	0.110868	3	2	1	0	0	0	0
AF	0	0.111181	1	1	0	0	0	0	0
AF	0	0.111493	2	2	0	0	0	0	0
AF	0	0.111805	1	1	0	0	0	0	0
AF	0	0.112117	1	1	0	0	0	0	0
AF	0	0.112430	2	2	0	0	0	0	0
AF	0	0.112742	1	0	1	0	0	0	0
AF	0	0.113054	1	0	1	0	0	0	0
AF	0	0.113367	2	2	0	0	0	0	0
AF	0	0.113679	4	4	0	0	0	0	0
AF	0	0.113991	1	1	0	0	0	0	0
AF	0	0.114616	3	2	1	0	0	0	0
AF	0	0.114928	3	1	2	0	0	0	0
AF	0	0.115240	2	2	0	0	0	0	0
AF	0	0.116177	1	1	0	0	0	0	0
AF	0	0.116802	2	2	0	0	0	0	0
AF	0	0.117114	2	1	1	0	0	0	0
AF	0	0.117427	1	0	1	0	0	0	0
AF	0	0.118051	1	0	1	0	0	0	0
AF	0	0.118364	1	0	1	0	0	0	0
AF	0	0.118676	4	1	3	0	0	0	0
AF	0	0.119300	3	2	1	0	0	0	0
AF	0	0.119613	2	2	0	0	0	0	0
AF	0	0.119925	2	2	0	0	0	0	0
AF	0	0.120237	1	0	1	0	0	0	0
AF	0	0.120550	6	6	0	0	0	0	0
AF	0	0.120862	1	1	0	0	0	0	0
AF	0	0.121799	2	2	0	0	0	0	0
AF	0	0.122111	1	1	0	0	0	0	0
AF	0	0.122423	1	1	0	0	0	0	0
AF	0	0.122736	1	1	0	0	0	0	0
AF	0	0.123048	1	1	0	0	0	0	0
AF	0	0.123673	2	1	1	0	0	0	0
AF	0	0.123985	1	0	1	0	0	0	0
AF	0	0.124297	1	1	0	0	0	0	0
AF	0	0.124922	1	1	0	0	0	0	0
AF	0	0.125234	1	1	0	0	0	0	0
AF	0	0.125547	3	1	2	0	0	0	0
AF	0	0.125859	1	0	1	0	0	0	0
AF	0	0.126171	3	0	3	0	0	0	0
AF	0	0.126796	2	1	1	0	0	0	0
AF	0	0.127420	3	3	0	0	0	0	0
AF	0	0.127733	2	1	1	0	0	0	0
AF	0	0.128357	1	1	0	0	0	0	0
AF	0	0.128670	4	4	0	0	0	0	0
AF	0	0.128982	2	2	0	0	0	0	0
AF	0	0.129919	1	1	0	0	0	0	0
AF	0	0.130231	1	1	0	0	0	0	0
AF	0	0.130543	4	4	0	0	0	0	0
AF	0	0.131168	2	2	0	0	0	0	0
AF	0	0.131793	8	6	2	0	0	0	0
AF	0	0.133042	8	5	3	0	0	0	0
AF	0	0.133354	1	0	1	0	0	0	0
AF	0	0.133666	2	2	0	0	0	0	0
AF	0	0.134291	3	2	1	0	0	0	0
AF	0	0.135540	5	4	1	0	0	0	0
AF	0	0.135853	1	0	1	0	0	0	0
AF	0	0.136165	1	1	0	0	0	0	0
AF	0	0.136477	3	2	1	0	0	0	0
AF	0	0.136790	2	1	1	0	0	0	0
AF	0	0.137102	1	1	0	0	0	0	0
AF	0	0.137414	3	2	1	0	0	0	0
AF	0	0.137726	2	1	1	0	0	0	0
AF	0	0.138039	1	0	1	0	0	0	0
AF	0	0.138351	1	1	0	0	0	0	0
AF	0	0.138663	4	4	0	0	0	0	0
AF	0	0.138976	1	1	0	0	0	0	0
AF	0	0.139913	8	5	3	0	0	0	0
AF	0	0.140537	3	2	1	0	0	0	0
AF	0	0.140849	1	0	1	0	0	0	0
AF	0	0.141474	1	0	1	0	0	0	0
AF	0	0.141786	4	1	3	0	0	0	0
AF	0	0.142099	1	1	0	0	0	0	0
AF	0	0.142411	5	5	0	0	0	0	0
AF	0	0.142723	1	1	0	0	0	0	0
AF	0	0.143036	1	1	0	0	0	0	0
AF	0	0.143348	2	1	1	0	0	0	0
AF	0	0.143660	2	2	0	0	0	0	0
AF	0	0.143973	2	2	0	0	0	0	0
AF	0	0.144285	4	2	2	0	0	0	0
AF	0	0.144597	2	1	1	0	0	0	0
AF	0	0.144909	3	1	2	0	0	0	0
AF	0	0.145222	2	1	1	0	0	0	0
AF	0	0.145846	3	1	2	0	0	0	0
AF	0	0.146159	1	1	0	0	0	0	0
AF	0	0.146471	2	1	1	0	0	0	0
AF	0	0.146783	3	3	0	0	0	0	0
AF	0	0.147096	2	1	1	0	0	0	0
AF	0	0.147408	7	4	3	0	0	0	0
AF	0	0.147720	1	1	0	0	0	0	0
AF	0	0.148032	2	2	0	0	0	0	0
AF	0	0.148657	3	1	2	0	0	0	0
AF	0	0.148969	2	2	0	0	0	0	0
AF	0	0.149282	7	6	1	0	0	0	0
AF	0	0.149594	1	1	0	0	0	0	0
AF	0	0.149906	2	2	0	0	0	0	0
AF	0	0.150219	3	2	1	0	0	0	0
AF	0	0.150531	5	4	1	0	0	0	0
AF	0	0.150843	9	5	4	0	0	0	0
AF	0	0.151156	14	8	6	0	0	0	0
AF	0	0.151468	4	3	1	0	0	0	0
AF	0	0.151780	9	9	0	0	0	0	0
AF	0	0.152405	2	2	0	0	0	0	0
AF	0	0.152717	3	3	0	0	0	0	0
AF	0	0.153029	9	9	0	0	0	0	0
AF	0	0.153342	6	4	2	0	0	0	0
AF	0	0.153654	5	5	0	0	0	0	0
AF	0	0.153966	1	0	1	0	0	0	0
AF	0	0.154279	4	3	1	0	0	0	0
AF	0	0.154591	3	2	1	0	0	0	0
AF	0	0.154903	5	2	3	0	0	0	0
AF	0	0.155215	2	1	1	0	0	0	0
AF	0	0.155840	2	2	0	0	0	0	0
AF	0	0.156152	2	1	1	0	0	0	0
AF	0	0.156465	2	2	0	0	0	0	0
AF	0	0.156777	1	1	0	0	0	0	0
AF	0	0.157089	1	1	0	0	0	0	0
AF	0	0.158026	3	1	2	0	0	0	0
AF	0	0.158651	2	0	2	0	0	0	0
AF	0	0.159275	2	1	1	0	0	0	0
AF	0	0.159588	1	0	1	0	0	0	0
AF	0	0.159900	1	1	0	0	0	0	0
AF	0	0.160212	2	0	2	0	0	0	0
AF	0	0.160525	2	2	0	0	0	0	0
AF	0	0.160837	2	1	1	0	0	0	0
AF	0	0.161149	2	0	2	0	0	0	0
AF	0	0.161462	3	2	1	0	0	0	0
AF	0	0.161774	7	6	1	0	0	0	0
AF	0	0.162399	1	0	1	0	0	0	0
AF	0	0.162711	3	3	0	0	0	0	0
AF	0	0.163023	10	7	3	0	0	0	0
AF	0	0.163335	3	1	2	0	0	0	0
AF	0	0.164272	3	2	1	0	0	0	0
AF	0	0.164897	2	1	1	0	0	0	0
AF	0	0.165209	1	1	0	0	0	0	0
AF	0	0.165522	2	1	1	0	0	0	0
AF	0	0.165834	1	0	1	0	0	0	0
AF	0	0.166146	1	1	0	0	0	0	0
AF	0	0.166458	1	1	0	0	0	0	0
AF	0	0.166771	1	1	0	0	0	0	0
AF	0	0.167083	1	1	0	0	0	0	0
AF	0	0.167395	1	0	1	0	0	0	0
AF	0	0.167708	3	1	2	0	0	0	0
AF	0	0.168020	1	0	1	0	0	0	0
AF	0	0.168332	2	1	1	0	0	0	0
AF	0	0.168645	2	0	2	0	0	0	0
AF	0	0.168957	1	0	1	0	0	0	0
AF	0	0.169269	3	3	0	0	0	0	0
AF	0	0.169894	2	2	0	0	0	0	0
AF	0	0.170831	1	1	0	0	0	0	0
AF	0	0.171143	1	0	1	0	0	0	0
AF	0	0.172080	1	1	0	0	0	0	0
AF	0	0.172392	1	1	0	0	0	0	0
AF	0	0.173329	1	1	0	0	0	0	0
AF	0	0.173641	4	4	0	0	0	0	0
AF	0	0.173954	1	1	0	0	0	0	0
AF	0	0.174266	2	2	0	0	0	0	0
AF	0	0.174578	2	0	2	0	0	0	0
AF	0	0.174891	2	1	1	0	0	0	0
AF	0	0.175203	1	0	1	0	0	0	0
AF	0	0.175515	2	1	1	0	0	0	0
AF	0	0.176140	3	1	2	0	0	0	0
AF	0	0.176452	1	1	0	0	0	0	0
AF	0	0.177077	2	1	1	0	0	0	0
AF	0	0.178014	2	0	2	0	0	0	0
AF	0	0.178326	1	1	0	0	0	0	0
AF	0	0.178638	6	0	6	0	0	0	0
AF	0	0.178951	2	2	0	0	0	0	0
AF	0	0.179263	2	1	1	0	0	0	0
AF	0	0.179575	1	1	0	0	0	0	0
AF	0	0.179888	2	2	0	0	0	0	0
AF	0	0.180200	1	0	1	0	0	0	0
AF	0	0.180512	1	0	1	0	0	0	0
AF	0	0.180824	1	1	0	0	0	0	0
AF	0	0.181137	2	1	1	0	0	0	0
AF	0	0.181449	2	1	1	0	0	0	0
AF	0	0.181761	3	1	2	0	0	0	0
AF	0	0.182074	1	1	0	0	0	0	0
AF	0	0.182386	3	3	0	0	0	0	0
AF	0	0.183011	2	1	1	0	0	0	0
AF	0	0.184572	2	1	1	0	0	0	0
AF	0	0.184884	2	1	1	0	0	0	0
AF	0	0.185509	2	1	1	0	0	0	0
AF	0	0.185821	1	1	0	0	0	0	0
AF	0	0.186446	1	1	0	0	0	0	0
AF	0	0.187071	1	1	0	0	0	0	0
AF	0	0.188007	2	2	0	0	0	0	0
AF	0	0.188320	3	3	0	0	0	0	0
AF	0	0.188632	6	3	3	0	0	0	0
AF	0	0.189257	2	2	0	0	0	0	0
AF	0	0.189881	2	1	1	0	0	0	0
AF	0	0.190194	1	0	1	0	0	0	0
AF	0	0.191443	1	1	0	0	0	0	0
AF	0	0.191755	2	1	1	0	0	0	0
AF	0	0.192380	2	2	0	0	0	0	0
AF	0	0.193004	1	0	1	0	0	0	0
AF	0	0.193629	4	2	2	0	0	0	0
AF	0	0.194878	1	1	0	0	0	0	0
AF	0	0.195191	1	0	1	0	0	0	0
AF	0	0.195503	3	2	1	0	0	0	0
AF	0	0.195815	6	6	0	0	0	0	0
AF	0	0.196127	8	5	3	0	0	0	0
AF	0	0.196440	5	5	0	0	0	0	0
AF	0	0.196752	12	7	5	0	0	0	0
AF	0	0.197064	7	5	2	0	0	0	0
AF	0	0.197377	8	6	2	0	0	0	0
AF	0	0.198001	4	3	1	0	0	0	0
AF	0	0.198314	1	0	1	0	0	0	0
AF	0	0.198626	2	2	0	0	0	0	0
AF	0	0.198938	3	1	2	0	0	0	0
AF	0	0.199250	12	6	6	0	0	0	0
AF	0	0.199563	10	4	6	0	0	0	0
AF	0	0.199875	2	1	1	0	0	0	0
AF	0	0.200500	1	1	0	0	0	0	0
AF	0	0.201124	1	1	0	0	0	0	0
AF	0	0.201437	1	1	0	0	0	0	0
AF	0	0.201749	1	1	0	0	0	0	0
AF	0	0.202998	1	1	0	0	0	0	0
AF	0	0.203310	1	1	0	0	0	0	0
AF	0	0.204247	1	1	0	0	0	0	0
AF	0	0.204872	1	1	0	0	0	0	0
AF	0	0.205184	1	1	0	0	0	0	0
AF	0	0.205497	1	1	0	0	0	0	0
AF	0	0.206121	2	2	0	0	0	0	0
AF	0	0.206746	4	2	2	0	0	0	0
AF	0	0.207058	2	2	0	0	0	0	0
AF	0	0.207370	1	0	1	0	0	0	0
AF	0	0.207995	1	1	0	0	0	0	0
AF	0	0.208620	1	1	0	0	0	0	0
AF	0	0.208932	1	1	0	0	0	0	0
AF	0	0.209244	1	0	1	0	0	0	0
AF	0	0.209869	1	1	0	0	0	0	0
AF	0	0.210181	2	2	0	0	0	0	0
AF	0	0.210493	3	3	0	0	0	0	0
AF	0	0.211118	2	1	1	0	0	0	0
AF	0	0.211430	1	0	1	0	0	0	0
AF	0	0.211743	1	0	1	0	0	0	0
AF	0	0.212055	3	2	1	0	0	0	0
AF	0	0.212367	1	1	0	0	0	0	0
AF	0	0.212992	2	2	0	0	0	0	0
AF	0	0.213304	4	2	2	0	0	0	0
AF	0	0.213616	4	3	1	0	0	0	0
AF	0	0.213929	1	1	0	0	0	0	0
AF	0	0.214866	6	3	3	0	0	0	0
AF	0	0.215178	3	2	1	0	0	0	0
AF	0	0.215490	4	1	3	0	0	0	0
AF	0	0.215803	2	1	1	0	0	0	0
AF	0	0.216115	11	6	5	0	0	0	0
AF	0	0.216427	2	2	0	0	0	0	0
AF	0	0.216740	7	5	2	0	0	0	0
AF	0	0.217052	3	3	0	0	0	0	0
AF	0	0.217364	1	1	0	0	0	0	0
AF	0	0.217676	1	1	0	0	0	0	0
AF	0	0.217989	3	1	2	0	0	0	0
AF	0	0.218613	3	3	0	0	0	0	0
AF	0	0.218926	4	3	1	0	0	0	0
AF	0	0.219238	7	5	2	0	0	0	0
AF	0	0.219550	2	2	0	0	0	0	0
AF	0	0.219863	1	1	0	0	0	0	0
AF	0	0.220487	5	4	1	0	0	0	0
AF	0	0.221112	1	0	1	0	0	0	0
AF	0	0.221736	3	2	1	0	0	0	0
AF	0	0.222049	2	2	0	0	0	0	0
AF	0	0.222361	1	0	1	0	0	0	0
AF	0	0.222673	1	1	0	0	0	0	0
AF	0	0.222986	1	0	1	0	0	0	0
AF	0	0.223610	1	0	1	0	0	0	0
AF	0	0.223923	1	1	0	0	0	0	0
AF	0	0.224547	1	1	0	0	0	0	0
AF	0	0.225796	2	2	0	0	0	0	0
AF	0	0.226421	1	0	1	0	0	0	0
AF	0	0.227046	1	1	0	0	0	0	0
AF	0	0.227358	1	0	1	0	0	0	0
AF	0	0.227670	3	2	1	0	0	0	0
AF	0	0.228295	1	0	1	0	0	0	0
AF	0	0.228919	1	0	1	0	0	0	0
AF	0	0.229232	2	2	0	0	0	0	0
AF	0	0.229544	2	2	0	0	0	0	0
AF	0	0.229856	1	0	1	0	0	0	0
AF	0	0.230169	1	1	0	0	0	0	0
AF	0	0.230793	4	3	1	0	0	0	0
AF	0	0.231106	1	1	0	0	0	0	0
AF	0	0.231418	7	6	1	0	0	0	0
AF	0	0.231730	11	8	3	0	0	0	0
AF	0	0.232042	17	12	5	0	0	0	0
AF	0	0.232355	3	3	0	0	0	0	0
AF	0	0.232667	2	0	2	0	0	0	0
AF	0	0.232979	1	1	0	0	0	0	0
AF	0	0.233292	8	4	4	0	0	0	0
AF	0	0.233604	2	2	0	0	0	0	0
AF	0	0.233916	1	0	1	0	0	0	0
AF	0	0.234541	1	0	1	0	0	0	0
AF	0	0.234853	1	0	1	0	0	0	0
AF	0	0.235166	2	1	1	0	0	0	0
AF	0	0.235790	4	2	2	0	0	0	0
AF	0	0.236102	3	3	0	0	0	0	0
AF	0	0.236415	5	3	2	0	0	0	0
AF	0	0.236727	1	1	0	0	0	0	0
AF	0	0.237039	2	1	1	0	0	0	0
AF	0	0.237664	2	2	0	0	0	0	0
AF	0	0.237976	1	1	0	0	0	0	0
AF	0	0.238289	2	2	0	0	0	0	0
AF	0	0.238913	4	1	3	0	0	0	0
AF	0	0.239538	1	1	0	0	0	0	0
AF	0	0.239850	2	1	1	0	0	0	0
AF	0	0.240162	2	1	1	0	0	0	0
AF	0	0.240475	1	1	0	0	0	0	0
AF	0	0.240787	3	2	1	0	0	0	0
AF	0	0.241099	1	0	1	0	0	0	0
AF	0	0.241412	1	1	0	0	0	0	0
AF	0	0.242036	1	1	0	0	0	0	0
AF	0	0.243285	2	2	0	0	0	0	0
AF	0	0.243910	1	1	0	0	0	0	0
AF	0	0.244222	1	0	1	0	0	0	0
AF	0	0.244535	2	0	2	0	0	0	0
AF	0	0.245159	2	2	0	0	0	0	0
AF	0	0.245784	3	3	0	0	0	0	0
AF	0	0.246408	1	0	1	0	0	0	0
AF	0	0.246721	1	1	0	0	0	0	0
AF	0	0.247033	5	3	2	0	0	0	0
AF	0	0.247345	3	2	1	0	0	0	0
AF	0	0.247658	8	6	2	0	0	0	0
AF	0	0.248907	3	2	1	0	0	0	0
AF	0	0.249532	1	1	0	0	0	0	0
AF	0	0.249844	2	2	0	0	0	0	0
AF	0	0.250156	3	2	1	0	0	0	0
AF	0	0.250468	1	1	0	0	0	0	0
AF	0	0.250781	3	3	0	0	0	0	0
AF	0	0.251405	1	1	0	0	0	0	0
AF	0	0.251718	1	1	0	0	0	0	0
AF	0	0.252030	5	4	1	0	0	0	0
AF	0	0.252342	2	2	0	0	0	0	0
AF	0	0.252655	5	2	3	0	0	0	0
AF	0	0.252967	1	0	1	0	0	0	0
AF	0	0.253592	1	0	1	0	0	0	0
AF	0	0.253904	2	2	0	0	0	0	0
AF	0	0.254216	2	2	0	0	0	0	0
AF	0	0.254841	1	1	0	0	0	0	0
AF	0	0.255153	2	2	0	0	0	0	0
AF	0	0.255778	1	1	0	0	0	0	0
AF	0	0.256090	1	1	0	0	0	0	0
AF	0	0.256402	1	1	0	0	0	0	0
AF	0	0.257027	1	1	0	0	0	0	0
AF	0	0.257964	2	1	1	0	0	0	0
AF	0	0.258588	1	1	0	0	0	0	0
AF	0	0.259525	1	1	0	0	0	0	0
AF	0	0.259838	1	0	1	0	0	0	0
AF	0	0.260775	1	1	0	0	0	0	0
AF	0	0.261711	5	4	1	0	0	0	0
AF	0	0.262648	2	1	1	0	0	0	0
AF	0	0.263273	4	3	1	0	0	0	0
AF	0	0.263585	1	1	0	0	0	0	0
AF	0	0.263898	1	1	0	0	0	0	0
AF	0	0.264210	2	2	0	0	0	0	0
AF	0	0.264522	5	2	3	0	0	0	0
AF	0	0.265147	2	1	1	0	0	0	0
AF	0	0.265771	4	3	1	0	0	0	0
AF	0	0.266084	2	2	0	0	0	0	0
AF	0	0.266396	5	1	4	0	0	0	0
AF	0	0.267645	1	1	0	0	0	0	0
AF	0	0.268270	3	1	2	0	0	0	0
AF	0	0.268582	2	2	0	0	0	0	0
AF	0	0.268894	1	1	0	0	0	0	0
AF	0	0.269207	1	0	1	0	0	0	0
AF	0	0.269519	1	1	0	0	0	0	0
AF	0	0.269831	2	2	0	0	0	0	0
AF	0	0.270144	1	0	1	0	0	0	0
AF	0	0.270768	4	0	4	0	0	0	0
AF	0	0.271081	1	0	1	0	0	0	0
AF	0	0.271393	2	2	0	0	0	0	0
AF	0	0.272017	2	1	1	0	0	0	0
AF	0	0.272330	1	0	1	0	0	0	0
AF	0	0.272954	1	1	0	0	0	0	0
AF	0	0.273267	1	0	1	0	0	0	0
AF	0	0.273579	2	2	0	0	0	0	0
AF	0	0.273891	1	1	0	0	0	0	0
AF	0	0.276390	1	0	1	0	0	0	0
AF	0	0.276702	1	1	0	0	0	0	0
AF	0	0.277014	2	2	0	0	0	0	0
AF	0	0.277951	1	1	0	0	0	0	0
AF	0	0.278264	2	1	1	0	0	0	0
AF	0	0.279200	1	1	0	0	0	0	0
AF	0	0.280137	2	2	0	0	0	0	0
AF	0	0.280762	1	1	0	0	0	0	0
AF	0	0.281074	1	1	0	0	0	0	0
AF	0	0.281387	2	1	1	0	0	0	0
AF	0	0.282011	3	3	0	0	0	0	0
AF	0	0.283885	2	0	2	0	0	0	0
AF	0	0.284510	2	1	1	0	0	0	0
AF	0	0.285134	1	1	0	0	0	0	0
AF	0	0.285759	1	1	0	0	0	0	0
AF	0	0.287008	1	1	0	0	0	0	0
AF	0	0.287633	1	1	0	0	0	0	0
AF	0	0.288882	1	1	0	0	0	0	0
AF	0	0.289507	1	1	0	0	0	0	0
AF	0	0.289819	1	1	0	0	0	0	0
AF	0	0.290131	1	1	0	0	0	0	0
AF	0	0.290443	1	1	0	0	0	0	0
AF	0	0.290756	3	2	1	0	0	0	0
AF	0	0.291068	2	2	0	0	0	0	0
AF	0	0.291380	2	1	1	0	0	0	0
AF	0	0.294816	2	1	1	0	0	0	0
AF	0	0.295128	1	1	0	0	0	0	0
AF	0	0.295440	1	1	0	0	0	0	0
AF	0	0.295753	2	1	1	0	0	0	0
AF	0	0.296065	1	0	1	0	0	0	0
AF	0	0.296377	1	0	1	0	0	0	0
AF	0	0.297002	1	0	1	0	0	0	0
AF	0	0.297314	1	1	0	0	0	0	0
AF	0	0.297626	1	1	0	0	0	0	0
AF	0	0.298563	1	0	1	0	0	0	0
AF	0	0.298876	4	3	1	0	0	0	0
AF	0	0.299188	3	3	0	0	0	0	0
AF	0	0.299500	1	1	0	0	0	0	0
AF	0	0.299813	1	0	1	0	0	0	0
AF	0	0.300125	3	3	0	0	0	0	0
AF	0	0.300437	1	1	0	0	0	0	0
AF	0	0.300750	1	0	1	0	0	0	0
AF	0	0.301062	1	0	1	0	0	0	0
AF	0	0.301374	1	1	0	0	0	0	0
AF	0	0.301999	1	0	1	0	0	0	0
AF	0	0.302311	1	0	1	0	0	0	0
AF	0	0.302623	1	1	0	0	0	0	0
AF	0	0.302936	1	0	1	0	0	0	0
AF	0	0.303248	1	1	0	0	0	0	0
AF	0	0.303873	1	1	0	0	0	0	0
AF	0	0.304497	1	1	0	0	0	0	0
AF	0	0.305122	3	2	1	0	0	0	0
AF	0	0.305434	1	0	1	0	0	0	0
AF	0	0.306371	3	3	0	0	0	0	0
AF	0	0.306683	1	1	0	0	0	0	0
AF	0	0.306996	3	2	1	0	0	0	0
AF	0	0.308245	2	1	1	0	0	0	0
AF	0	0.308869	1	1	0	0	0	0	0
AF	0	0.309182	1	1	0	0	0	0	0
AF	0	0.309806	1	0	1	0	0	0	0
AF	0	0.311368	2	1	1	0	0	0	0
AF	0	0.313242	1	1	0	0	0	0	0
AF	0	0.313866	1	1	0	0	0	0	0
AF	0	0.314491	1	0	1	0	0	0	0
AF	0	0.316365	2	1	1	0	0	0	0
AF	0	0.316677	1	1	0	0	0	0	0
AF	0	0.316989	3	1	2	0	0	0	0
AF	0	0.317614	2	1	1	0	0	0	0
AF	0	0.317926	1	1	0	0	0	0	0
AF	0	0.318239	1	1	0	0	0	0	0
AF	0	0.318551	5	3	2	0	0	0	0
AF	0	0.318863	1	1	0	0	0	0	0
AF	0	0.319488	1	1	0	0	0	0	0
AF	0	0.319800	1	0	1	0	0	0	0
AF	0	0.320112	1	1	0	0	0	0	0
AF	0	0.321674	2	2	0	0	0	0	0
AF	0	0.321986	2	1	1	0	0	0	0
AF	0	0.322611	1	0	1	0	0	0	0
AF	0	0.324172	1	1	0	0	0	0	0
AF	0	0.325109	1	1	0	0	0	0	0
AF	0	0.325734	1	1	0	0	0	0	0
AF	0	0.326359	1	1	0	0	0	0	0
AF	0	0.326983	1	1	0	0	0	0	0
AF	0	0.327920	1	1	0	0	0	0	0
AF	0	0.328857	1	1	0	0	0	0	0
AF	0	0.329169	1	1	0	0	0	0	0
AF	0	0.329482	1	0	1	0	0	0	0
AF	0	0.330106	1	0	1	0	0	0	0
AF	0	0.331355	2	2	0	0	0	0	0
AF	0	0.331668	1	1	0	0	0	0	0
AF	0	0.331980	4	3	1	0	0	0	0
AF	0	0.332292	2	2	0	0	0	0	0
AF	0	0.332605	1	1	0	0	0	0	0
AF	0	0.333229	1	1	0	0	0	0	0
AF	0	0.333854	1	1	0	0	0	0	0
AF	0	0.334166	1	1	0	0	0	0	0
AF	0	0.334791	2	2	0	0	0	0	0
AF	0	0.335415	1	0	1	0	0	0	0
AF	0	0.336040	1	1	0	0	0	0	0
AF	0	0.336352	1	0	1	0	0	0	0
AF	0	0.336977	1	0	1	0	0	0	0
AF	0	0.337289	1	0	1	0	0	0	0
AF	0	0.338538	1	1	0	0	0	0	0
AF	0	0.339475	1	0	1	0	0	0	0
AF	0	0.339788	2	0	2	0	0	0	0
AF	0	0.340725	1	1	0	0	0	0	0
AF	0	0.341037	1	1	0	0	0	0	0
AF	0	0.341661	1	0	1	0	0	0	0
AF	0	0.342598	1	0	1	0	0	0	0
AF	0	0.342911	2	2	0	0	0	0	0
AF	0	0.344785	1	1	0	0	0	0	0
AF	0	0.345721	2	2	0	0	0	0	0
AF	0	0.346034	1	0	1	0	0	0	0
AF	0	0.346658	1	1	0	0	0	0	0
AF	0	0.347595	1	0	1	0	0	0	0
AF	0	0.347908	1	1	0	0	0	0	0
AF	0	0.348844	1	1	0	0	0	0	0
AF	0	0.349157	3	2	1	0	0	0	0
AF	0	0.349781	2	2	0	0	0	0	0
AF	0	0.350094	1	1	0	0	0	0	0
AF	0	0.350406	2	2	0	0	0	0	0
AF	0	0.351343	2	1	1	0	0	0	0
AF	0	0.351655	3	2	1	0	0	0	0
AF	0	0.352280	1	1	0	0	0	0	0
AF	0	0.352904	1	0	1	0	0	0	0
AF	0	0.353529	1	1	0	0	0	0	0
AF	0	0.354154	1	1	0	0	0	0	0
AF	0	0.355091	1	0	1	0	0	0	0
AF	0	0.355403	1	0	1	0	0	0	0
AF	0	0.356652	1	1	0	0	0	0	0
AF	0	0.358214	1	1	0	0	0	0	0
AF	0	0.358838	1	0	1	0	0	0	0
AF	0	0.359151	1	1	0	0	0	0	0
AF	0	0.360087	2	2	0	0	0	0	0
AF	0	0.361337	1	1	0	0	0	0	0
AF	0	0.361649	1	1	0	0	0	0	0
AF	0	0.361961	1	1	0	0	0	0	0
AF	0	0.362274	1	1	0	0	0	0	0
AF	0	0.362898	1	1	0	0	0	0	0
AF	0	0.363523	3	2	1	0	0	0	0
AF	0	0.365397	1	1	0	0	0	0	0
AF	0	0.366646	1	0	1	0	0	0	0
AF	0	0.366958	1	1	0	0	0	0	0
AF	0	0.368207	1	1	0	0	0	0	0
AF	0	0.369457	1	1	0	0	0	0	0
AF	0	0.370394	2	2	0	0	0	0	0
AF	0	0.370706	1	0	1	0	0	0	0
AF	0	0.371643	2	1	1	0	0	0	0
AF	0	0.372267	1	1	0	0	0	0	0
AF	0	0.372892	1	1	0	0	0	0	0
AF	0	0.373517	1	1	0	0	0	0	0
AF	0	0.375078	1	1	0	0	0	0	0
AF	0	0.376015	1	1	0	0	0	0	0
AF	0	0.376640	2	2	0	0	0	0	0
AF	0	0.377889	1	1	0	0	0	0	0
AF	0	0.378201	1	1	0	0	0	0	0
AF	0	0.379138	1	1	0	0	0	0	0
AF	0	0.381012	1	0	1	0	0	0	0
AF	0	0.381636	1	1	0	0	0	0	0
AF	0	0.381949	1	0	1	0	0	0	0
AF	0	0.382261	1	1	0	0	0	0	0
AF	0	0.382886	1	1	0	0	0	0	0
AF	0	0.383510	1	1	0	0	0	0	0
AF	0	0.383823	1	0	1	0	0	0	0
AF	0	0.386633	1	1	0	0	0	0	0
AF	0	0.387258	1	1	0	0	0	0	0
AF	0	0.387883	1	1	0	0	0	0	0
AF	0	0.388507	2	2	0	0	0	0	0
AF	0	0.389132	1	1	0	0	0	0	0
AF	0	0.391006	1	1	0	0	0	0	0
AF	0	0.391943	1	1	0	0	0	0	0
AF	0	0.392255	1	0	1	0	0	0	0
AF	0	0.392567	1	0	1	0	0	0	0
AF	0	0.392879	1	1	0	0	0	0	0
AF	0	0.395378	1	1	0	0	0	0	0
AF	0	0.396627	1	0	1	0	0	0	0
AF	0	0.397876	1	1	0	0	0	0	0
AF	0	0.398189	2	1	1	0	0	0	0
AF	0	0.398813	1	1	0	0	0	0	0
AF	0	0.399438	1	1	0	0	0	0	0
AF	0	0.399750	1	1	0	0	0	0	0
AF	0	0.402873	1	0	1	0	0	0	0
AF	0	0.403810	1	1	0	0	0	0	0
AF	0	0.404122	1	1	0	0	0	0	0
AF	0	0.406309	1	1	0	0	0	0	0
AF	0	0.406621	1	1	0	0	0	0	0
AF	0	0.406933	1	0	1	0	0	0	0
AF	0	0.407245	1	1	0	0	0	0	0
AF	0	0.407558	1	1	0	0	0	0	0
AF	0	0.407870	2	1	1	0	0	0	0
AF	0	0.408807	1	1	0	0	0	0	0
AF	0	0.409744	1	1	0	0	0	0	0
AF	0	0.410056	1	1	0	0	0	0	0
AF	0	0.410993	1	1	0	0	0	0	0
AF	0	0.411618	1	0	1	0	0	0	0
AF	0	0.413804	1	1	0	0	0	0	0
AF	0	0.415365	1	1	0	0	0	0	0
AF	0	0.415990	2	0	2	0	0	0	0
AF	0	0.416615	1	1	0	0	0	0	0
AF	0	0.417552	2	1	1	0	0	0	0
AF	0	0.417864	1	1	0	0	0	0	0
AF	0	0.419425	1	1	0	0	0	0	0
AF	0	0.420050	1	1	0	0	0	0	0
AF	0	0.421924	1	1	0	0	0	0	0
AF	0	0.423173	1	1	0	0	0	0	0
AF	0	0.423485	1	0	1	0	0	0	0
AF	0	0.425671	1	0	1	0	0	0	0
AF	0	0.427233	2	1	1	0	0	0	0
AF	0	0.430356	2	2	0	0	0	0	0
AF	0	0.431605	1	1	0	0	0	0	0
AF	0	0.432230	2	1	1	0	0	0	0
AF	0	0.432542	1	0	1	0	0	0	0
AF	0	0.432854	1	1	0	0	0	0	0
AF	0	0.433479	1	0	1	0	0	0	0
AF	0	0.434416	2	0	2	0	0	0	0
AF	0	0.434728	2	0	2	0	0	0	0
AF	0	0.435041	1	0	1	0	0	0	0
AF	0	0.435665	1	1	0	0	0	0	0
AF	0	0.437227	2	1	1	0	0	0	0
AF	0	0.438476	1	1	0	0	0	0	0
AF	0	0.439413	1	1	0	0	0	0	0
AF	0	0.439725	1	1	0	0	0	0	0
AF	0	0.440350	1	1	0	0	0	0	0
AF	0	0.440662	1	0	1	0	0	0	0
AF	0	0.441287	1	1	0	0	0	0	0
AF	0	0.441599	1	0	1	0	0	0	0
AF	0	0.441911	1	1	0	0	0	0	0
AF	0	0.444410	1	0	1	0	0	0	0
AF	0	0.444722	1	1	0	0	0	0	0
AF	0	0.445034	1	1	0	0	0	0	0
AF	0	0.445347	1	1	0	0	0	0	0
AF	0	0.445971	1	1	0	0	0	0	0
AF	0	0.446284	3	2	1	0	0	0	0
AF	0	0.446596	2	2	0	0	0	0	0
AF	0	0.446908	5	3	2	0	0	0	0
AF	0	0.447220	1	1	0	0	0	0	0
AF	0	0.447533	11	8	3	0	0	0	0
AF	0	0.447845	2	0	2	0	0	0	0
AF	0	0.448157	6	3	3	0	0	0	0
AF	0	0.448470	4	3	1	0	0	0	0
AF	0	0.448782	9	7	2	0	0	0	0
AF	0	0.449094	1	0	1	0	0	0	0
AF	0	0.449407	1	1	0	0	0	0	0
AF	0	0.451593	1	1	0	0	0	0	0
AF	0	0.451905	2	2	0	0	0	0	0
AF	0	0.452530	6	5	1	0	0	0	0
AF	0	0.452842	1	1	0	0	0	0	0
AF	0	0.455028	1	1	0	0	0	0	0
AF	0	0.456277	1	1	0	0	0	0	0
AF	0	0.456590	1	1	0	0	0	0	0
AF	0	0.457527	1	0	1	0	0	0	0
AF	0	0.461274	1	1	0	0	0	0	0
AF	0	0.462211	1	1	0	0	0	0	0
AF	0	0.462523	1	0	1	0	0	0	0
AF	0	0.463148	2	2	0	0	0	0	0
AF	0	0.468770	1	1	0	0	0	0	0
AF	0	0.472517	1	1	0	0	0	0	0
AF	0	0.472829	1	1	0	0	0	0	0
AF	0	0.473142	1	1	0	0	0	0	0
AF	0	0.474079	1	1	0	0	0	0	0
AF	0	0.474391	2	2	0	0	0	0	0
AF	0	0.475640	1	1	0	0	0	0	0
AF	0	0.478763	1	1	0	0	0	0	0
AF	0	0.482511	2	2	0	0	0	0	0
AF	0	0.482823	1	1	0	0	0	0	0
AF	0	0.483448	5	2	3	0	0	0	0
AF	0	0.483760	1	0	1	0	0	0	0
AF	0	0.485009	1	1	0	0	0	0	0
AF	0	0.486571	2	2	0	0	0	0	0
AF	0	0.486883	1	1	0	0	0	0	0
AF	0	0.487508	1	0	1	0	0	0	0
AF	0	0.487820	1	1	0	0	0	0	0
AF	0	0.488132	1	1	0	0	0	0	0
AF	0	0.489382	2	1	1	0	0	0	0
AF	0	0.490006	1	0	1	0	0	0	0
AF	0	0.490319	1	1	0	0	0	0	0
AF	0	0.492505	1	1	0	0	0	0	0
AF	0	0.493754	1	1	0	0	0	0	0
AF	0	0.494066	1	1	0	0	0	0	0
AF	0	0.495003	2	1	1	0	0	0	0
AF	0	0.495628	1	1	0	0	0	0	0
AF	0	0.496252	1	1	0	0	0	0	0
AF	0	0.496877	2	1	1	0	0	0	0
AF	0	0.497502	1	1	0	0	0	0	0
AF	0	0.498126	1	1	0	0	0	0	0
AF	0	0.498438	1	1	0	0	0	0	0
AF	0	0.498751	2	1	1	0	0	0	0
AF	0	0.499375	1	1	0	0	0	0	0
AF	0	0.500312	1	1	0	0	0	0	0
AF	0	0.500937	1	1	0	0	0	0	0
AF	0	0.503123	2	1	1	0	0	0	0
AF	0	0.503748	2	2	0	0	0	0	0
AF	0	0.504372	2	1	1	0	0	0	0
AF	0	0.509994	1	1	0	0	0	0	0
AF	0	0.510618	1	1	0	0	0	0	0
AF	0	0.511243	1	1	0	0	0	0	0
AF	0	0.512492	2	1	1	0	0	0	0
AF	0	0.512804	1	1	0	0	0	0	0
AF	0	0.513117	1	0	1	0	0	0	0
AF	0	0.513429	2	0	2	0	0	0	0
AF	0	0.514054	2	1	1	0	0	0	0
AF	0	0.514366	1	1	0	0	0	0	0
AF	0	0.515303	1	1	0	0	0	0	0
AF	0	0.516864	2	2	0	0	0	0	0
AF	0	0.517177	1	1	0	0	0	0	0
AF	0	0.519363	1	1	0	0	0	0	0
AF	0	0.520612	1	1	0	0	0	0	0
AF	0	0.520924	3	0	3	0	0	0	0
AF	0	0.521237	2	2	0	0	0	0	0
AF	0	0.525609	1	1	0	0	0	0	0
AF	0	0.528107	2	1	1	0	0	0	0
AF	0	0.529357	1	1	0	0	0	0	0
AF	0	0.530606	1	1	0	0	0	0	0
AF	0	0.531230	1	1	0	0	0	0	0
AF	0	0.531543	1	0	1	0	0	0	0
AF	0	0.531855	3	2	1	0	0	0	0
AF	0	0.532792	1	1	0	0	0	0	0
AF	0	0.533104	1	1	0	0	0	0	0
AF	0	0.533729	1	0	1	0	0	0	0
AF	0	0.534666	1	1	0	0	0	0	0
AF	0	0.534978	2	2	0	0	0	0	0
AF	0	0.536852	1	0	1	0	0	0	0
AF	0	0.537477	1	0	1	0	0	0	0
AF	0	0.538101	2	0	2	0	0	0	0
AF	0	0.538726	1	1	0	0	0	0	0
AF	0	0.540600	2	0	2	0	0	0	0
AF	0	0.540912	1	0	1	0	0	0	0
AF	0	0.541224	1	1	0	0	0	0	0
AF	0	0.543098	1	1	0	0	0	0	0
AF	0	0.543723	2	2	0	0	0	0	0
AF	0	0.544972	1	1	0	0	0	0	0
AF	0	0.545909	1	1	0	0	0	0	0
AF	0	0.546221	1	1	0	0	0	0	0
AF	0	0.546846	3	3	0	0	0	0	0
AF	0	0.547470	1	1	0	0	0	0	0
AF	0	0.548095	1	0	1	0	0	0	0
AF	0	0.549344	2	1	1	0	0	0	0
AF	0	0.550593	1	1	0	0	0	0	0
AF	0	0.551218	1	0	1	0	0	0	0
AF	0	0.551843	2	2	0	0	0	0	0
AF	0	0.553092	1	1	0	0	0	0	0
AF	0	0.553716	1	1	0	0	0	0	0
AF	0	0.554341	3	2	1	0	0	0	0
AF	0	0.554966	1	0	1	0	0	0	0
AF	0	0.555590	1	0	1	0	0	0	0
AF	0	0.555903	1	1	0	0	0	0	0
AF	0	0.556527	1	1	0	0	0	0	0
AF	0	0.557464	2	2	0	0	0	0	0
AF	0	0.558401	1	1	0	0	0	0	0
AF	0	0.561836	2	2	0	0	0	0	0
AF	0	0.562149	1	1	0	0	0	0	0
AF	0	0.565272	1	0	1	0	0	0	0
AF	0	0.566521	1	1	0	0	0	0	0
AF	0	0.568082	1	1	0	0	0	0	0
AF	0	0.568395	1	1	0	0	0	0	0
AF	0	0.569019	2	2	0	0	0	0	0
AF	0	0.569332	1	0	1	0	0	0	0
AF	0	0.569644	1	0	1	0	0	0	0
AF	0	0.569956	1	1	0	0	0	0	0
AF	0	0.570893	1	1	0	0	0	0	0
AF	0	0.571518	1	1	0	0	0	0	0
AF	0	0.572142	1	0	1	0	0	0	0
AF	0	0.573392	3	3	0	0	0	0	0
AF	0	0.574016	1	1	0	0	0	0	0
AF	0	0.575890	1	0	1	0	0	0	0
AF	0	0.577452	1	1	0	0	0	0	0
AF	0	0.578701	1	0	1	0	0	0	0
AF	0	0.579638	1	0	1	0	0	0	0
AF	0	0.580575	1	1	0	0	0	0	0
AF	0	0.582761	1	1	0	0	0	0	0
AF	0	0.583385	1	1	0	0	0	0	0
AF	0	0.583698	1	1	0	0	0	0	0
AF	0	0.585259	1	1	0	0	0	0	0
AF	0	0.585884	2	2	0	0	0	0	0
AF	0	0.586196	2	2	0	0	0	0	0
AF	0	0.586508	2	2	0	0	0	0	0
AF	0	0.587445	1	0	1	0	0	0	0
AF	0	0.587758	1	1	0	0	0	0	0
AF	0	0.588070	1	1	0	0	0	0	0
AF	0	0.588382	1	0	1	0	0	0	0
AF	0	0.590256	2	2	0	0	0	0	0
AF	0	0.591505	1	1	0	0	0	0	0
AF	0	0.601499	2	1	1	0	0	0	0
AF	0	0.602748	1	0	1	0	0	0	0
AF	0	0.603998	1	1	0	0	0	0	0
AF	0	0.604310	2	2	0	0	0	0	0
AF	0	0.604622	1	1	0	0	0	0	0
AF	0	0.604934	1	1	0	0	0	0	0
AF	0	0.605871	1	0	1	0	0	0	0
AF	0	0.607745	2	2	0	0	0	0	0
AF	0	0.608370	2	0	2	0	0	0	0
AF	0	0.609307	3	2	1	0	0	0	0
AF	0	0.609619	3	1	2	0	0	0	0
AF	0	0.610868	2	2	0	0	0	0	0
AF	0	0.611493	1	1	0	0	0	0	0
AF	0	0.612117	3	2	1	0	0	0	0
AF	0	0.612742	2	2	0	0	0	0	0
AF	0	0.613054	1	1	0	0	0	0	0
AF	0	0.613991	2	2	0	0	0	0	0
AF	0	0.614616	3	3	0	0	0	0	0
AF	0	0.614928	3	2	1	0	0	0	0
AF	0	0.615240	2	1	1	0	0	0	0
AF	0	0.615865	1	1	0	0	0	0	0
AF	0	0.616490	1	1	0	0	0	0	0
AF	0	0.617114	1	1	0	0	0	0	0
AF	0	0.617427	1	1	0	0	0	0	0
AF	0	0.618364	1	0	1	0	0	0	0
AF	0	0.618676	2	2	0	0	0	0	0
AF	0	0.618988	1	1	0	0	0	0	0
AF	0	0.620550	2	2	0	0	0	0	0
AF	0	0.621174	1	1	0	0	0	0	0
AF	0	0.621487	1	0	1	0	0	0	0
AF	0	0.621799	2	1	1	0	0	0	0
AF	0	0.624610	1	1	0	0	0	0	0
AF	0	0.625234	1	1	0	0	0	0	0
AF	0	0.626171	1	0	1	0	0	0	0
AF	0	0.626483	1	1	0	0	0	0	0
AF	0	0.626796	1	0	1	0	0	0	0
AF	0	0.627108	2	2	0	0	0	0	0
AF	0	0.628982	1	0	1	0	0	0	0
AF	0	0.629294	1	1	0	0	0	0	0
AF	0	0.629606	1	1	0	0	0	0	0
AF	0	0.630543	1	1	0	0	0	0	0
AF	0	0.630856	1	1	0	0	0	0	0
AF	0	0.631480	2	2	0	0	0	0	0
AF	0	0.632105	2	1	1	0	0	0	0
AF	0	0.632730	1	1	0	0	0	0	0
AF	0	0.633354	1	1	0	0	0	0	0
AF	0	0.633666	1	1	0	0	0	0	0
AF	0	0.634603	1	1	0	0	0	0	0
AF	0	0.637102	1	1	0	0	0	0	0
AF	0	0.637414	1	1	0	0	0	0	0
AF	0	0.637726	1	0	1	0	0	0	0
AF	0	0.638039	1	1	0	0	0	0	0
AF	0	0.639288	1	1	0	0	0	0	0
AF	0	0.640225	2	1	1	0	0	0	0
AF	0	0.640537	1	1	0	0	0	0	0
AF	0	0.640849	2	2	0	0	0	0	0
AF	0	0.641474	2	2	0	0	0	0	0
AF	0	0.644285	1	1	0	0	0	0	0
AF	0	0.644597	1	1	0	0	0	0	0
AF	0	0.645222	1	0	1	0	0	0	0
AF	0	0.645846	3	2	1	0	0	0	0
AF	0	0.646159	2	1	1	0	0	0	0
AF	0	0.646471	3	2	1	0	0	0	0
AF	0	0.647408	1	1	0	0	0	0	0
AF	0	0.649594	3	1	2	0	0	0	0
AF	0	0.649906	1	1	0	0	0	0	0
AF	0	0.650843	1	1	0	0	0	0	0
AF	0	0.651468	2	1	1	0	0	0	0
AF	0	0.651780	1	1	0	0	0	0	0
AF	0	0.652092	2	1	1	0	0	0	0
AF	0	0.652405	2	1	1	0	0	0	0
AF	0	0.652717	5	3	2	0	0	0	0
AF	0	0.653966	1	1	0	0	0	0	0
AF	0	0.654591	2	2	0	0	0	0	0
AF	0	0.655528	2	1	1	0	0	0	0
AF	0	0.655840	2	1	1	0	0	0	0
AF	0	0.656465	1	1	0	0	0	0	0
AF	0	0.660212	2	2	0	0	0	0	0
AF	0	0.660525	2	2	0	0	0	0	0
AF	0	0.662086	1	1	0	0	0	0	0
AF	0	0.662399	1	1	0	0	0	0	0
AF	0	0.662711	1	1	0	0	0	0	0
AF	0	0.663960	1	0	1	0	0	0	0
AF	0	0.664585	1	1	0	0	0	0	0
AF	0	0.665209	1	1	0	0	0	0	0
AF	0	0.665834	1	1	0	0	0	0	0
AF	0	0.667395	1	1	0	0	0	0	0
AF	0	0.667708	1	0	1	0	0	0	0
AF	0	0.668020	1	1	0	0	0	0	0
AF	0	0.668645	1	0	1	0	0	0	0
AF	0	0.668957	1	1	0	0	0	0	0
AF	0	0.669269	1	1	0	0	0	0	0
AF	0	0.669582	1	1	0	0	0	0	0
AF	0	0.674891	1	1	0	0	0	0	0
AF	0	0.677077	1	0	1	0	0	0	0
AF	0	0.683323	1	1	0	0	0	0	0
AF	0	0.684884	1	1	0	0	0	0	0
AF	0	0.685197	1	1	0	0	0	0	0
AF	0	0.685509	1	1	0	0	0	0	0
AF	0	0.686758	1	0	1	0	0	0	0
AF	0	0.687383	1	1	0	0	0	0	0
AF	0	0.688007	1	1	0	0	0	0	0
AF	0	0.688632	1	1	0	0	0	0	0
AF	0	0.691443	1	1	0	0	0	0	0
AF	0	0.697377	2	1	1	0	0	0	0
AF	0	0.701437	1	1	0	0	0	0	0
AF	0	0.702374	1	1	0	0	0	0	0
AF	0	0.711743	1	0	1	0	0	0	0
AF	0	0.714241	1	0	1	0	0	0	0
AF	0	0.715490	1	0	1	0	0	0	0
AF	0	0.717364	1	1	0	0	0	0	0
AF	0	0.723610	1	0	1	0	0	0	0
AF	0	0.723923	1	0	1	0	0	0	0
AF	0	0.726733	1	1	0	0	0	0	0
AF	0	0.727046	2	2	0	0	0	0	0
AF	0	0.728607	1	1	0	0	0	0	0
AF	0	0.733292	3	1	2	0	0	0	0
AF	0	0.733604	1	0	1	0	0	0	0
AF	0	0.736102	1	1	0	0	0	0	0
AF	0	0.738289	1	0	1	0	0	0	0
AF	0	0.738913	1	1	0	0	0	0	0
AF	0	0.739850	1	1	0	0	0	0	0
AF	0	0.741099	4	3	1	0	0	0	0
AF	0	0.741724	1	0	1	0	0	0	0
AF	0	0.742661	2	1	1	0	0	0	0
AF	0	0.744847	1	1	0	0	0	0	0
AF	0	0.746721	1	1	0	0	0	0	0
AF	0	0.747033	1	1	0	0	0	0	0
AF	0	0.747345	1	0	1	0	0	0	0
AF	0	0.747658	1	0	1	0	0	0	0
AF	0	0.747970	1	0	1	0	0	0	0
AF	0	0.748282	1	0	1	0	0	0	0
AF	0	0.749844	1	1	0	0	0	0	0
AF	0	0.750781	1	0	1	0	0	0	0
AF	0	0.751405	1	1	0	0	0	0	0
AF	0	0.753904	1	1	0	0	0	0	0
AF	0	0.759838	1	1	0	0	0	0	0
AF	0	0.760150	1	0	1	0	0	0	0
AF	0	0.760462	1	1	0	0	0	0	0
AF	0	0.762961	4	4	0	0	0	0	0
AF	0	0.763273	2	0	2	0	0	0	0
AF	0	0.763585	1	1	0	0	0	0	0
AF	0	0.765459	1	1	0	0	0	0	0
AF	0	0.766084	1	1	0	0	0	0	0
AF	0	0.766396	1	1	0	0	0	0	0
AF	0	0.766708	1	1	0	0	0	0	0
AF	0	0.767021	2	2	0	0	0	0	0
AF	0	0.767333	7	6	1	0	0	0	0
AF	0	0.767645	2	2	0	0	0	0	0
AF	0	0.767958	2	2	0	0	0	0	0
AF	0	0.771393	1	1	0	0	0	0	0
AF	0	0.771705	1	0	1	0	0	0	0
AF	0	0.773579	5	2	3	0	0	0	0
AF	0	0.773891	1	0	1	0	0	0	0
AF	0	0.777014	1	1	0	0	0	0	0
AF	0	0.777639	1	1	0	0	0	0	0
AF	0	0.777951	2	1	1	0	0	0	0
AF	0	0.778264	4	3	1	0	0	0	0
AF	0	0.781074	1	0	1	0	0	0	0
AF	0	0.782011	2	1	1	0	0	0	0
AF	0	0.783260	1	0	1	0	0	0	0
AF	0	0.783573	1	1	0	0	0	0	0
AF	0	0.783885	3	1	2	0	0	0	0
AF	0	0.784197	1	1	0	0	0	0	0
AF	0	0.784510	1	1	0	0	0	0	0
AF	0	0.785134	1	1	0	0	0	0	0
AF	0	0.785759	1	1	0	0	0	0	0
AF	0	0.787008	1	0	1	0	0	0	0
AF	0	0.788257	1	1	0	0	0	0	0
AF	0	0.788882	2	1	1	0	0	0	0
AF	0	0.789507	1	1	0	0	0	0	0
AF	0	0.789819	3	2	1	0	0	0	0
AF	0	0.790131	2	1	1	0	0	0	0
AF	0	0.793567	1	0	1	0	0	0	0
AF	0	0.797939	1	1	0	0	0	0	0
AF	0	0.799813	1	1	0	0	0	0	0
AF	0	0.800125	1	1	0	0	0	0	0
AF	0	0.800437	1	1	0	0	0	0	0
AF	0	0.801062	1	1	0	0	0	0	0
AF	0	0.801374	1	0	1	0	0	0	0
AF	0	0.801999	8	6	2	0	0	0	0
AF	0	0.802311	3	3	0	0	0	0	0
AF	0	0.802623	4	2	2	0	0	0	0
AF	0	0.803248	1	0	1	0	0	0	0
AF	0	0.804809	1	0	1	0	0	0	0
AF	0	0.805122	3	2	1	0	0	0	0
AF	0	0.805746	1	0	1	0	0	0	0
AF	0	0.806371	5	4	1	0	0	0	0
AF	0	0.806683	2	1	1	0	0	0	0
AF	0	0.807620	1	1	0	0	0	0	0
AF	0	0.808245	1	1	0	0	0	0	0
AF	0	0.811993	4	1	3	0	0	0	0
AF	0	0.812305	2	2	0	0	0	0	0
AF	0	0.812617	1	1	0	0	0	0	0
AF	0	0.813242	1	0	1	0	0	0	0
AF	0	0.814491	1	0	1	0	0	0	0
AF	0	0.814803	1	0	1	0	0	0	0
AF	0	0.815116	1	0	1	0	0	0	0
AF	0	0.816365	2	2	0	0	0	0	0
AF	0	0.817614	1	0	1	0	0	0	0
AF	0	0.817926	1	1	0	0	0	0	0
AF	0	0.822923	1	1	0	0	0	0	0
AF	0	0.826359	2	2	0	0	0	0	0
AF	0	0.827295	1	0	1	0	0	0	0
AF	0	0.827920	1	1	0	0	0	0	0
AF	0	0.828232	1	1	0	0	0	0	0
AF	0	0.828545	1	0	1	0	0	0	0
AF	0	0.831043	1	1	0	0	0	0	0
AF	0	0.831355	2	1	1	0	0	0	0
AF	0	0.831980	1	0	1	0	0	0	0
AF	0	0.834166	1	1	0	0	0	0	0
AF	0	0.835103	3	2	1	0	0	0	0
AF	0	0.836040	1	1	0	0	0	0	0
AF	0	0.837601	1	1	0	0	0	0	0
AF	0	0.842598	1	1	0	0	0	0	0
AF	0	0.843848	1	0	1	0	0	0	0
AF	0	0.848844	1	1	0	0	0	0	0
AF	0	0.849469	1	1	0	0	0	0	0
AF	0	0.850718	1	1	0	0	0	0	0
AF	0	0.851655	1	1	0	0	0	0	0
AF	0	0.852592	1	1	0	0	0	0	0
AF	0	0.853841	1	1	0	0	0	0	0
AF	0	0.854466	1	1	0	0	0	0	0
AF	0	0.855091	1	1	0	0	0	0	0
AF	0	0.856027	1	1	0	0	0	0	0
AF	0	0.857901	1	1	0	0	0	0	0
AF	0	0.860400	1	0	1	0	0	0	0
AF	0	0.860712	3	2	1	0	0	0	0
AF	0	0.862274	1	1	0	0	0	0	0
AF	0	0.863835	1	0	1	0	0	0	0
AF	0	0.864772	1	1	0	0	0	0	0
AF	0	0.865709	1	1	0	0	0	0	0
AF	0	0.866334	1	0	1	0	0	0	0
AF	0	0.868207	1	1	0	0	0	0	0
AF	0	0.870081	1	0	1	0	0	0	0
AF	0	0.870394	1	0	1	0	0	0	0
AF	0	0.871330	1	1	0	0	0	0	0
AF	0	0.873204	1	1	0	0	0	0	0
AF	0	0.879138	1	1	0	0	0	0	0
AF	0	0.881012	1	1	0	0	0	0	0
AF	0	0.881949	1	1	0	0	0	0	0
AF	0	0.882573	1	0	1	0	0	0	0
AF	0	0.883198	1	0	1	0	0	0	0
AF	0	0.883510	1	1	0	0	0	0	0
AF	0	0.885072	1	1	0	0	0	0	0
AF	0	0.885696	1	1	0	0	0	0	0
AF	0	0.886009	1	1	0	0	0	0	0
AF	0	0.888819	1	0	1	0	0	0	0
AF	0	0.890381	1	1	0	0	0	0	0
AF	0	0.890693	1	0	1	0	0	0	0
AF	0	0.896315	1	1	0	0	0	0	0
AF	0	0.899750	1	1	0	0	0	0	0
AF	0	0.900999	1	1	0	0	0	0	0
AF	0	0.901624	1	1	0	0	0	0	0
AF	0	0.905372	1	1	0	0	0	0	0
AF	0	0.906621	1	1	0	0	0	0	0
AF	0	0.908807	1	1	0	0	0	0	0
AF	0	0.909744	1	1	0	0	0	0	0
AF	0	0.910993	2	1	1	0	0	0	0
AF	0	0.912555	1	1	0	0	0	0	0
AF	0	0.914741	2	2	0	0	0	0	0
AF	0	0.915678	1	0	1	0	0	0	0
AF	0	0.915990	3	2	1	0	0	0	0
AF	0	0.916302	1	1	0	0	0	0	0
AF	0	0.916927	1	1	0	0	0	0	0
AF	0	0.917552	1	0	1	0	0	0	0
AF	0	0.918801	1	1	0	0	0	0	0
AF	0	0.919738	1	1	0	0	0	0	0
AF	0	0.920987	1	1	0	0	0	0	0
AF	0	0.923173	1	1	0	0	0	0	0
AF	0	0.923485	1	1	0	0	0	0	0
AF	0	0.923798	1	1	0	0	0	0	0
AF	0	0.926608	1	0	1	0	0	0	0
AF	0	0.929731	1	1	0	0	0	0	0
AF	0	0.932854	1	1	0	0	0	0	0
AF	0	0.933167	3	2	1	0	0	0	0
AF	0	0.933479	4	3	1	0	0	0	0
AF	0	0.934104	5	1	4	0	0	0	0
AF	0	0.934416	1	0	1	0	0	0	0
AF	0	0.934728	1	1	0	0	0	0	0
AF	0	0.935041	2	1	1	0	0	0	0
AF	0	0.936914	1	1	0	0	0	0	0
AF	0	0.938476	1	1	0	0	0	0	0
AF	0	0.939101	1	0	1	0	0	0	0
AF	0	0.939413	1	0	1	0	0	0	0
AF	0	0.939725	2	1	1	0	0	0	0
AF	0	0.940974	1	0	1	0	0	0	0
AF	0	0.942224	4	3	1	0	0	0	0
AF	0	0.946596	1	1	0	0	0	0	0
AF	0	0.948470	1	0	1	0	0	0	0
AF	0	0.948782	1	1	0	0	0	0	0
AF	0	0.949407	1	1	0	0	0	0	0
AF	0	0.950031	2	1	1	0	0	0	0
AF	0	0.950968	1	0	1	0	0	0	0
AF	0	0.954716	1	0	1	0	0	0	0
AF	0	0.955340	2	2	0	0	0	0	0
AF	0	0.958463	2	1	1	0	0	0	0
AF	0	0.960337	1	0	1	0	0	0	0
AF	0	0.965022	1	0	1	0	0	0	0
AF	0	0.970019	1	1	0	0	0	0	0
AF	0	0.971580	1	0	1	0	0	0	0
AF	0	0.977826	1	1	0	0	0	0	0
AF	0	0.979076	1	1	0	0	0	0	0
AF	0	0.983448	2	2	0	0	0	0	0
AF	0	0.984072	2	0	2	0	0	0	0
AF	0	0.985009	1	1	0	0	0	0	0
AF	0	0.985946	1	0	1	0	0	0	0
AF	0	0.987508	1	1	0	0	0	0	0
AF	0	0.990319	1	1	0	0	0	0	0
AF	0	0.992192	1	1	0	0	0	0	0
AF	0	0.993442	1	1	0	0	0	0	0
AF	0	0.993754	1	1	0	0	0	0	0
AF	0	0.995940	1	1	0	0	0	0	0
AF	0	0.996565	2	1	1	0	0	0	0
AF	0	0.996877	1	1	0	0	0	0	0
AF	0	0.997189	1	1	0	0	0	0	0
AF	0	0.998126	1	1	0	0	0	0	0
# QUAL, Stats by quality
# QUAL	[2]id	[3]Quality	[4]number of SNPs	[5]number of transitions (1st ALT)	[6]number of transversions (1st ALT)	[7]number of indels
QUAL	0	.	15692	10772	4920	0
# IDD, InDel distribution:
# IDD	[2]id	[3]length (deletions negative)	[4]number of sites	[5]number of genotypes	[6]mean VAF
# ST, Substitution types:
# ST	[2]id	[3]type	[4]count
ST	0	A>C	456
ST	0	A>G	2101
ST	0	A>T	488
ST	0	C>A	738
ST	0	C>G	700
ST	0	C>T	3310
ST	0	G>A	3584
ST	0	G>C	701
ST	0	G>T	793
ST	0	T>A	535
ST	0	T>C	1777
ST	0	T>G	509
# DP, Depth distribution
# DP	[2]id	[3]bin	[4]number of genotypes	[5]fraction of genotypes (%)	[6]number of sites	[7]fraction of sites (%)
  - Fix haploid genotypes in males...

Submit MakeDiploidMalesX finished successfully. Let's have a beer, buddy!

