Submit MakeDiploidMalesX
version 1.1.6 (2024-09-30)

These are the settings:
  Input file................: /hpc/local/Rocky8/dhl_ec/software/MonopogenLite/resources/1kGP_high_coverage_Illumina.SNVonly_poly.filtered_AF_5e-04.norm.fixvariantid.chrX.vcf.gz
  Output file...............: /hpc/local/Rocky8/dhl_ec/software/MonopogenLite/resources/1kGP_high_coverage_Illumina.SNVonly_poly.filtered_AF_5e-04.norm.fixvariantid.makediploid.chrX.vcf.gz
  Chunk size................: 100

  SLURM CPUs................: 4
  SLURM Array ID............: 58 (of 100)
  SLURM memory..............: 16G
  SLURM time................: 01:00:00
  SLURM mail type...........: FAIL
  SLURM mail user...........: s.w.vanderlaan-2@umcutrecht.nl

  Dry run mode..............: 0
  Debug mode................: 1
  Verbosity.................: 0
  Version...................: 1.1.6 (2024-09-30)

Making converting haploid genotypes to diploid genotypes.
> Extract the region for this SLURM task (# 58) from the BED file.
  - Get the chunk number from the SLURM array task ID and the bed file...
DEBUG: Extracting chunk number: 58p from 58
DEBUG: Extracting region from BED file: /hpc/local/Rocky8/dhl_ec/software/MonopogenLite/resources/chrX_100pieces.bed
  - Extract the region from the BED file...
DEBUG: Extracted raw region: 'chrX	88943257	90503664' (chunk #: 58p of 100 for job 58)
  - Check if a valid region was extracted -- should be 'chrX	88943257	90503664'...
  - Prepare the region for bcftools...
  - Check if the region (chrX:88943257-90503664) was successfully extracted...
> Processing region 'chrX:88943257-90503664'...
  - Process the specific region (chunk# 58) using bcftools view...
  - Index the VCF file...
DEBUG: Check if the VCF file was successfully processed...
##fileformat=VCFv4.2
##FILTER=<ID=PASS,Description="All filters passed">
##fileDate=29/01/2022 - 14:31:41
##source=shapeit4.2.2
##contig=<ID=chr1,length=248956422>
##contig=<ID=chr2,length=242193529>
##contig=<ID=chr3,length=198295559>
##contig=<ID=chr4,length=190214555>
##contig=<ID=chr5,length=181538259>
##contig=<ID=chr6,length=170805979>
# This file was produced by bcftools stats (1.20+htslib-1.20) and can be plotted using plot-vcfstats.
# The command line was:	bcftools stats  /hpc/local/Rocky8/dhl_ec/software/MonopogenLite/resources/chrX.part58.vcf.gz
#
# Definition of sets:
# ID	[2]id	[3]tab-separated file names
ID	0	/hpc/local/Rocky8/dhl_ec/software/MonopogenLite/resources/chrX.part58.vcf.gz
# SN, Summary numbers:
#   number of records   .. number of data rows in the VCF
#   number of no-ALTs   .. reference-only sites, ALT is either "." or identical to REF
#   number of SNPs      .. number of rows with a SNP
#   number of MNPs      .. number of rows with a MNP, such as CC>TT
#   number of indels    .. number of rows with an indel
#   number of others    .. number of rows with other type, for example a symbolic allele or
#                          a complex substitution, such as ACT>TCGA
#   number of multiallelic sites     .. number of rows with multiple alternate alleles
#   number of multiallelic SNP sites .. number of rows with multiple alternate alleles, all SNPs
# 
#   Note that rows containing multiple types will be counted multiple times, in each
#   counter. For example, a row with a SNP and an indel increments both the SNP and
#   the indel counter.
# 
# SN	[2]id	[3]key	[4]value
SN	0	number of samples:	3202
SN	0	number of records:	19793
SN	0	number of no-ALTs:	0
SN	0	number of SNPs:	19793
SN	0	number of MNPs:	0
SN	0	number of indels:	0
SN	0	number of others:	0
SN	0	number of multiallelic sites:	0
SN	0	number of multiallelic SNP sites:	0
# TSTV, transitions/transversions:
# TSTV	[2]id	[3]ts	[4]tv	[5]ts/tv	[6]ts (1st ALT)	[7]tv (1st ALT)	[8]ts/tv (1st ALT)
TSTV	0	13112	6681	1.96	13112	6681	1.96
# SiS, Singleton stats:
# SiS	[2]id	[3]allele count	[4]number of SNPs	[5]number of transitions	[6]number of transversions	[7]number of indels	[8]repeat-consistent	[9]repeat-inconsistent	[10]not applicable
SiS	0	1	0	0	0	0	0	0	0
# AF, Stats by non-reference allele frequency:
# AF	[2]id	[3]allele frequency	[4]number of SNPs	[5]number of transitions	[6]number of transversions	[7]number of indels	[8]repeat-consistent	[9]repeat-inconsistent	[10]not applicable
AF	0	0.000312	2694	1791	903	0	0	0	0
AF	0	0.000625	1693	1114	579	0	0	0	0
AF	0	0.000937	1891	1267	624	0	0	0	0
AF	0	0.001249	559	353	206	0	0	0	0
AF	0	0.001562	939	624	315	0	0	0	0
AF	0	0.001874	363	244	119	0	0	0	0
AF	0	0.002186	615	416	199	0	0	0	0
AF	0	0.002498	231	149	82	0	0	0	0
AF	0	0.002811	395	250	145	0	0	0	0
AF	0	0.003123	184	119	65	0	0	0	0
AF	0	0.003435	362	248	114	0	0	0	0
AF	0	0.003748	232	152	80	0	0	0	0
AF	0	0.004060	330	228	102	0	0	0	0
AF	0	0.004372	209	144	65	0	0	0	0
AF	0	0.004685	289	189	100	0	0	0	0
AF	0	0.004997	170	123	47	0	0	0	0
AF	0	0.005309	183	122	61	0	0	0	0
AF	0	0.005621	113	75	38	0	0	0	0
AF	0	0.005934	125	83	42	0	0	0	0
AF	0	0.006246	65	48	17	0	0	0	0
AF	0	0.006558	190	131	59	0	0	0	0
AF	0	0.006871	66	42	24	0	0	0	0
AF	0	0.007183	192	138	54	0	0	0	0
AF	0	0.007495	71	48	23	0	0	0	0
AF	0	0.007808	146	100	46	0	0	0	0
AF	0	0.008120	104	63	41	0	0	0	0
AF	0	0.008432	111	77	34	0	0	0	0
AF	0	0.008745	78	53	25	0	0	0	0
AF	0	0.009057	111	77	34	0	0	0	0
AF	0	0.009369	63	43	20	0	0	0	0
AF	0	0.009681	123	84	39	0	0	0	0
AF	0	0.009994	51	33	18	0	0	0	0
AF	0	0.010306	82	51	31	0	0	0	0
AF	0	0.010618	78	47	31	0	0	0	0
AF	0	0.010931	92	68	24	0	0	0	0
AF	0	0.011243	38	27	11	0	0	0	0
AF	0	0.011555	78	54	24	0	0	0	0
AF	0	0.011868	35	19	16	0	0	0	0
AF	0	0.012180	49	33	16	0	0	0	0
AF	0	0.012492	23	16	7	0	0	0	0
AF	0	0.012804	58	35	23	0	0	0	0
AF	0	0.013117	45	32	13	0	0	0	0
AF	0	0.013429	45	27	18	0	0	0	0
AF	0	0.013741	24	17	7	0	0	0	0
AF	0	0.014054	38	23	15	0	0	0	0
AF	0	0.014366	27	18	9	0	0	0	0
AF	0	0.014678	46	29	17	0	0	0	0
AF	0	0.014991	27	17	10	0	0	0	0
AF	0	0.015303	38	26	12	0	0	0	0
AF	0	0.015615	25	17	8	0	0	0	0
AF	0	0.015928	49	35	14	0	0	0	0
AF	0	0.016240	26	19	7	0	0	0	0
AF	0	0.016552	50	30	20	0	0	0	0
AF	0	0.016864	13	8	5	0	0	0	0
AF	0	0.017177	34	22	12	0	0	0	0
AF	0	0.017489	32	18	14	0	0	0	0
AF	0	0.017801	60	33	27	0	0	0	0
AF	0	0.018114	24	17	7	0	0	0	0
AF	0	0.018426	35	20	15	0	0	0	0
AF	0	0.018738	25	17	8	0	0	0	0
AF	0	0.019051	59	40	19	0	0	0	0
AF	0	0.019363	49	29	20	0	0	0	0
AF	0	0.019675	79	54	25	0	0	0	0
AF	0	0.019988	39	24	15	0	0	0	0
AF	0	0.020300	40	24	16	0	0	0	0
AF	0	0.020612	24	15	9	0	0	0	0
AF	0	0.020924	49	32	17	0	0	0	0
AF	0	0.021237	35	30	5	0	0	0	0
AF	0	0.021549	42	26	16	0	0	0	0
AF	0	0.021861	33	24	9	0	0	0	0
AF	0	0.022174	34	23	11	0	0	0	0
AF	0	0.022486	17	11	6	0	0	0	0
AF	0	0.022798	40	29	11	0	0	0	0
AF	0	0.023111	15	9	6	0	0	0	0
AF	0	0.023423	29	21	8	0	0	0	0
AF	0	0.023735	6	5	1	0	0	0	0
AF	0	0.024047	27	19	8	0	0	0	0
AF	0	0.024360	41	30	11	0	0	0	0
AF	0	0.024672	28	20	8	0	0	0	0
AF	0	0.024984	14	10	4	0	0	0	0
AF	0	0.025297	27	18	9	0	0	0	0
AF	0	0.025609	4	1	3	0	0	0	0
AF	0	0.025921	44	24	20	0	0	0	0
AF	0	0.026234	5	5	0	0	0	0	0
AF	0	0.026546	19	12	7	0	0	0	0
AF	0	0.026858	20	10	10	0	0	0	0
AF	0	0.027171	11	7	4	0	0	0	0
AF	0	0.027483	10	9	1	0	0	0	0
AF	0	0.027795	21	12	9	0	0	0	0
AF	0	0.028107	54	35	19	0	0	0	0
AF	0	0.028420	27	20	7	0	0	0	0
AF	0	0.028732	8	4	4	0	0	0	0
AF	0	0.029044	14	6	8	0	0	0	0
AF	0	0.029357	3	3	0	0	0	0	0
AF	0	0.029669	10	6	4	0	0	0	0
AF	0	0.029981	13	10	3	0	0	0	0
AF	0	0.030294	19	13	6	0	0	0	0
AF	0	0.030606	34	23	11	0	0	0	0
AF	0	0.030918	36	22	14	0	0	0	0
AF	0	0.031230	10	4	6	0	0	0	0
AF	0	0.031543	20	16	4	0	0	0	0
AF	0	0.031855	7	4	3	0	0	0	0
AF	0	0.032167	14	5	9	0	0	0	0
AF	0	0.032480	12	8	4	0	0	0	0
AF	0	0.032792	21	16	5	0	0	0	0
AF	0	0.033104	2	2	0	0	0	0	0
AF	0	0.033417	16	11	5	0	0	0	0
AF	0	0.033729	20	14	6	0	0	0	0
AF	0	0.034041	9	8	1	0	0	0	0
AF	0	0.034354	5	2	3	0	0	0	0
AF	0	0.034666	21	13	8	0	0	0	0
AF	0	0.034978	5	4	1	0	0	0	0
AF	0	0.035290	5	5	0	0	0	0	0
AF	0	0.035603	3	1	2	0	0	0	0
AF	0	0.035915	1	1	0	0	0	0	0
AF	0	0.036227	4	4	0	0	0	0	0
AF	0	0.036540	7	6	1	0	0	0	0
AF	0	0.036852	8	5	3	0	0	0	0
AF	0	0.037164	7	5	2	0	0	0	0
AF	0	0.037477	4	1	3	0	0	0	0
AF	0	0.037789	11	8	3	0	0	0	0
AF	0	0.038101	2	1	1	0	0	0	0
AF	0	0.038413	10	7	3	0	0	0	0
AF	0	0.038726	5	3	2	0	0	0	0
AF	0	0.039038	17	11	6	0	0	0	0
AF	0	0.039350	5	5	0	0	0	0	0
AF	0	0.039663	33	24	9	0	0	0	0
AF	0	0.039975	10	5	5	0	0	0	0
AF	0	0.040287	26	18	8	0	0	0	0
AF	0	0.040600	13	7	6	0	0	0	0
AF	0	0.040912	53	37	16	0	0	0	0
AF	0	0.041224	8	5	3	0	0	0	0
AF	0	0.041537	8	6	2	0	0	0	0
AF	0	0.041849	9	5	4	0	0	0	0
AF	0	0.042161	13	8	5	0	0	0	0
AF	0	0.042473	4	1	3	0	0	0	0
AF	0	0.042786	19	12	7	0	0	0	0
AF	0	0.043098	6	3	3	0	0	0	0
AF	0	0.043410	33	22	11	0	0	0	0
AF	0	0.043723	5	4	1	0	0	0	0
AF	0	0.044035	6	2	4	0	0	0	0
AF	0	0.044347	4	4	0	0	0	0	0
AF	0	0.044660	22	18	4	0	0	0	0
AF	0	0.044972	11	7	4	0	0	0	0
AF	0	0.045284	17	9	8	0	0	0	0
AF	0	0.045597	7	5	2	0	0	0	0
AF	0	0.045909	10	4	6	0	0	0	0
AF	0	0.046221	10	7	3	0	0	0	0
AF	0	0.046533	4	2	2	0	0	0	0
AF	0	0.046846	2	1	1	0	0	0	0
AF	0	0.047158	8	6	2	0	0	0	0
AF	0	0.047470	4	3	1	0	0	0	0
AF	0	0.047783	35	18	17	0	0	0	0
AF	0	0.048095	8	6	2	0	0	0	0
AF	0	0.048407	9	4	5	0	0	0	0
AF	0	0.048720	8	4	4	0	0	0	0
AF	0	0.049032	26	20	6	0	0	0	0
AF	0	0.049344	20	12	8	0	0	0	0
AF	0	0.049656	19	14	5	0	0	0	0
AF	0	0.049969	8	1	7	0	0	0	0
AF	0	0.050281	17	14	3	0	0	0	0
AF	0	0.050593	10	7	3	0	0	0	0
AF	0	0.050906	24	18	6	0	0	0	0
AF	0	0.051218	6	3	3	0	0	0	0
AF	0	0.051530	8	5	3	0	0	0	0
AF	0	0.051843	2	1	1	0	0	0	0
AF	0	0.052155	27	21	6	0	0	0	0
AF	0	0.052467	10	6	4	0	0	0	0
AF	0	0.052780	16	11	5	0	0	0	0
AF	0	0.053092	14	9	5	0	0	0	0
AF	0	0.053404	11	4	7	0	0	0	0
AF	0	0.053716	1	1	0	0	0	0	0
AF	0	0.054029	4	3	1	0	0	0	0
AF	0	0.054341	1	1	0	0	0	0	0
AF	0	0.054653	7	5	2	0	0	0	0
AF	0	0.054966	3	3	0	0	0	0	0
AF	0	0.055278	14	7	7	0	0	0	0
AF	0	0.055590	1	0	1	0	0	0	0
AF	0	0.055903	3	1	2	0	0	0	0
AF	0	0.056215	2	1	1	0	0	0	0
AF	0	0.056527	7	6	1	0	0	0	0
AF	0	0.056839	2	2	0	0	0	0	0
AF	0	0.057152	12	8	4	0	0	0	0
AF	0	0.057464	4	3	1	0	0	0	0
AF	0	0.057776	5	4	1	0	0	0	0
AF	0	0.058089	4	2	2	0	0	0	0
AF	0	0.058401	16	13	3	0	0	0	0
AF	0	0.058713	12	7	5	0	0	0	0
AF	0	0.059026	11	6	5	0	0	0	0
AF	0	0.059338	13	8	5	0	0	0	0
AF	0	0.059650	14	10	4	0	0	0	0
AF	0	0.059963	7	5	2	0	0	0	0
AF	0	0.060275	10	6	4	0	0	0	0
AF	0	0.060587	12	7	5	0	0	0	0
AF	0	0.060899	21	11	10	0	0	0	0
AF	0	0.061212	9	5	4	0	0	0	0
AF	0	0.061524	10	9	1	0	0	0	0
AF	0	0.061836	3	3	0	0	0	0	0
AF	0	0.062149	9	4	5	0	0	0	0
AF	0	0.062461	4	3	1	0	0	0	0
AF	0	0.062773	7	4	3	0	0	0	0
AF	0	0.063086	2	2	0	0	0	0	0
AF	0	0.063398	5	4	1	0	0	0	0
AF	0	0.063710	1	1	0	0	0	0	0
AF	0	0.064022	6	4	2	0	0	0	0
AF	0	0.064335	2	1	1	0	0	0	0
AF	0	0.064647	20	16	4	0	0	0	0
AF	0	0.064959	3	1	2	0	0	0	0
AF	0	0.065272	12	7	5	0	0	0	0
AF	0	0.065584	2	1	1	0	0	0	0
AF	0	0.065896	7	4	3	0	0	0	0
AF	0	0.066209	2	2	0	0	0	0	0
AF	0	0.066521	3	2	1	0	0	0	0
AF	0	0.066833	6	2	4	0	0	0	0
AF	0	0.067146	4	3	1	0	0	0	0
AF	0	0.067458	3	3	0	0	0	0	0
AF	0	0.067770	16	10	6	0	0	0	0
AF	0	0.068082	5	3	2	0	0	0	0
AF	0	0.068395	2	2	0	0	0	0	0
AF	0	0.069019	4	2	2	0	0	0	0
AF	0	0.069332	2	1	1	0	0	0	0
AF	0	0.069644	2	0	2	0	0	0	0
AF	0	0.069956	3	1	2	0	0	0	0
AF	0	0.070269	3	3	0	0	0	0	0
AF	0	0.070581	4	2	2	0	0	0	0
AF	0	0.070893	9	7	2	0	0	0	0
AF	0	0.071205	12	9	3	0	0	0	0
AF	0	0.071518	8	5	3	0	0	0	0
AF	0	0.071830	2	2	0	0	0	0	0
AF	0	0.072142	15	11	4	0	0	0	0
AF	0	0.072455	14	12	2	0	0	0	0
AF	0	0.072767	12	5	7	0	0	0	0
AF	0	0.073079	3	1	2	0	0	0	0
AF	0	0.073392	3	2	1	0	0	0	0
AF	0	0.073704	3	2	1	0	0	0	0
AF	0	0.074016	4	3	1	0	0	0	0
AF	0	0.074641	7	5	2	0	0	0	0
AF	0	0.074953	6	3	3	0	0	0	0
AF	0	0.075265	12	8	4	0	0	0	0
AF	0	0.075578	4	4	0	0	0	0	0
AF	0	0.076202	5	2	3	0	0	0	0
AF	0	0.076515	9	8	1	0	0	0	0
AF	0	0.076827	2	1	1	0	0	0	0
AF	0	0.077139	7	5	2	0	0	0	0
AF	0	0.077452	3	2	1	0	0	0	0
AF	0	0.077764	5	4	1	0	0	0	0
AF	0	0.078076	3	2	1	0	0	0	0
AF	0	0.078389	10	6	4	0	0	0	0
AF	0	0.078701	2	2	0	0	0	0	0
AF	0	0.079013	6	2	4	0	0	0	0
AF	0	0.079325	4	1	3	0	0	0	0
AF	0	0.079638	1	0	1	0	0	0	0
AF	0	0.079950	2	2	0	0	0	0	0
AF	0	0.080262	9	8	1	0	0	0	0
AF	0	0.080575	6	6	0	0	0	0	0
AF	0	0.080887	12	5	7	0	0	0	0
AF	0	0.081199	1	1	0	0	0	0	0
AF	0	0.081512	7	6	1	0	0	0	0
AF	0	0.081824	8	5	3	0	0	0	0
AF	0	0.082136	7	6	1	0	0	0	0
AF	0	0.082448	3	1	2	0	0	0	0
AF	0	0.082761	4	3	1	0	0	0	0
AF	0	0.083073	3	2	1	0	0	0	0
AF	0	0.083385	7	6	1	0	0	0	0
AF	0	0.083698	1	0	1	0	0	0	0
AF	0	0.084010	2	1	1	0	0	0	0
AF	0	0.084322	1	1	0	0	0	0	0
AF	0	0.084635	5	2	3	0	0	0	0
AF	0	0.084947	2	0	2	0	0	0	0
AF	0	0.085259	7	6	1	0	0	0	0
AF	0	0.085572	8	5	3	0	0	0	0
AF	0	0.085884	5	4	1	0	0	0	0
AF	0	0.086196	2	2	0	0	0	0	0
AF	0	0.086508	6	6	0	0	0	0	0
AF	0	0.086821	1	0	1	0	0	0	0
AF	0	0.087133	8	5	3	0	0	0	0
AF	0	0.087758	3	2	1	0	0	0	0
AF	0	0.088070	2	1	1	0	0	0	0
AF	0	0.088382	1	0	1	0	0	0	0
AF	0	0.088695	4	2	2	0	0	0	0
AF	0	0.089007	21	15	6	0	0	0	0
AF	0	0.089319	1	0	1	0	0	0	0
AF	0	0.089631	4	3	1	0	0	0	0
AF	0	0.089944	4	4	0	0	0	0	0
AF	0	0.090256	5	4	1	0	0	0	0
AF	0	0.090568	1	1	0	0	0	0	0
AF	0	0.090881	3	0	3	0	0	0	0
AF	0	0.091193	3	2	1	0	0	0	0
AF	0	0.091505	5	3	2	0	0	0	0
AF	0	0.091818	2	2	0	0	0	0	0
AF	0	0.092130	5	5	0	0	0	0	0
AF	0	0.092442	2	1	1	0	0	0	0
AF	0	0.092755	1	1	0	0	0	0	0
AF	0	0.093067	2	2	0	0	0	0	0
AF	0	0.093379	2	0	2	0	0	0	0
AF	0	0.094004	6	5	1	0	0	0	0
AF	0	0.094316	5	4	1	0	0	0	0
AF	0	0.094628	2	1	1	0	0	0	0
AF	0	0.094941	3	1	2	0	0	0	0
AF	0	0.095565	2	1	1	0	0	0	0
AF	0	0.095878	2	2	0	0	0	0	0
AF	0	0.096190	1	1	0	0	0	0	0
AF	0	0.096502	2	2	0	0	0	0	0
AF	0	0.096814	6	5	1	0	0	0	0
AF	0	0.097127	2	1	1	0	0	0	0
AF	0	0.097439	1	1	0	0	0	0	0
AF	0	0.097751	10	8	2	0	0	0	0
AF	0	0.098064	7	4	3	0	0	0	0
AF	0	0.098376	10	7	3	0	0	0	0
AF	0	0.098688	13	10	3	0	0	0	0
AF	0	0.099001	11	7	4	0	0	0	0
AF	0	0.099313	3	3	0	0	0	0	0
AF	0	0.099625	7	5	2	0	0	0	0
AF	0	0.099938	4	4	0	0	0	0	0
AF	0	0.100250	1	0	1	0	0	0	0
AF	0	0.100562	1	0	1	0	0	0	0
AF	0	0.100874	2	2	0	0	0	0	0
AF	0	0.101187	2	1	1	0	0	0	0
AF	0	0.101499	7	7	0	0	0	0	0
AF	0	0.101811	2	2	0	0	0	0	0
AF	0	0.102124	12	9	3	0	0	0	0
AF	0	0.102436	2	2	0	0	0	0	0
AF	0	0.102748	2	2	0	0	0	0	0
AF	0	0.103061	2	2	0	0	0	0	0
AF	0	0.103373	10	6	4	0	0	0	0
AF	0	0.103685	1	1	0	0	0	0	0
AF	0	0.103998	4	3	1	0	0	0	0
AF	0	0.104622	2	2	0	0	0	0	0
AF	0	0.104934	1	1	0	0	0	0	0
AF	0	0.105559	2	2	0	0	0	0	0
AF	0	0.105871	2	2	0	0	0	0	0
AF	0	0.106496	1	0	1	0	0	0	0
AF	0	0.107433	2	2	0	0	0	0	0
AF	0	0.107745	1	1	0	0	0	0	0
AF	0	0.108057	2	1	1	0	0	0	0
AF	0	0.108370	3	3	0	0	0	0	0
AF	0	0.108994	5	4	1	0	0	0	0
AF	0	0.109307	2	2	0	0	0	0	0
AF	0	0.109619	8	5	3	0	0	0	0
AF	0	0.109931	1	0	1	0	0	0	0
AF	0	0.110244	1	1	0	0	0	0	0
AF	0	0.111181	1	1	0	0	0	0	0
AF	0	0.111493	2	0	2	0	0	0	0
AF	0	0.111805	5	4	1	0	0	0	0
AF	0	0.112117	2	1	1	0	0	0	0
AF	0	0.113679	2	1	1	0	0	0	0
AF	0	0.113991	1	1	0	0	0	0	0
AF	0	0.114304	4	1	3	0	0	0	0
AF	0	0.114616	1	0	1	0	0	0	0
AF	0	0.114928	13	4	9	0	0	0	0
AF	0	0.115240	4	3	1	0	0	0	0
AF	0	0.115553	5	5	0	0	0	0	0
AF	0	0.115865	2	2	0	0	0	0	0
AF	0	0.116177	3	2	1	0	0	0	0
AF	0	0.116490	2	1	1	0	0	0	0
AF	0	0.116802	4	2	2	0	0	0	0
AF	0	0.117114	1	0	1	0	0	0	0
AF	0	0.117427	2	0	2	0	0	0	0
AF	0	0.117739	1	1	0	0	0	0	0
AF	0	0.118364	1	0	1	0	0	0	0
AF	0	0.118676	1	1	0	0	0	0	0
AF	0	0.119300	5	3	2	0	0	0	0
AF	0	0.119613	1	0	1	0	0	0	0
AF	0	0.119925	6	3	3	0	0	0	0
AF	0	0.120237	1	0	1	0	0	0	0
AF	0	0.120862	2	1	1	0	0	0	0
AF	0	0.121174	4	3	1	0	0	0	0
AF	0	0.121487	6	3	3	0	0	0	0
AF	0	0.121799	3	2	1	0	0	0	0
AF	0	0.122111	1	0	1	0	0	0	0
AF	0	0.122423	1	1	0	0	0	0	0
AF	0	0.123048	1	1	0	0	0	0	0
AF	0	0.123673	1	0	1	0	0	0	0
AF	0	0.123985	1	1	0	0	0	0	0
AF	0	0.124297	6	4	2	0	0	0	0
AF	0	0.124922	7	4	3	0	0	0	0
AF	0	0.125234	1	0	1	0	0	0	0
AF	0	0.125547	10	7	3	0	0	0	0
AF	0	0.125859	3	3	0	0	0	0	0
AF	0	0.126171	2	2	0	0	0	0	0
AF	0	0.127420	1	1	0	0	0	0	0
AF	0	0.128045	1	0	1	0	0	0	0
AF	0	0.128357	2	1	1	0	0	0	0
AF	0	0.128670	1	0	1	0	0	0	0
AF	0	0.129294	1	0	1	0	0	0	0
AF	0	0.130543	2	1	1	0	0	0	0
AF	0	0.131168	1	1	0	0	0	0	0
AF	0	0.131793	1	1	0	0	0	0	0
AF	0	0.132105	2	2	0	0	0	0	0
AF	0	0.132417	2	1	1	0	0	0	0
AF	0	0.133042	1	1	0	0	0	0	0
AF	0	0.133666	1	1	0	0	0	0	0
AF	0	0.133979	1	1	0	0	0	0	0
AF	0	0.134291	3	1	2	0	0	0	0
AF	0	0.134603	3	1	2	0	0	0	0
AF	0	0.134916	3	3	0	0	0	0	0
AF	0	0.135540	2	2	0	0	0	0	0
AF	0	0.136790	1	0	1	0	0	0	0
AF	0	0.137726	1	1	0	0	0	0	0
AF	0	0.138351	1	1	0	0	0	0	0
AF	0	0.138663	2	1	1	0	0	0	0
AF	0	0.139913	1	0	1	0	0	0	0
AF	0	0.140537	1	0	1	0	0	0	0
AF	0	0.141162	1	1	0	0	0	0	0
AF	0	0.141786	2	1	1	0	0	0	0
AF	0	0.142411	1	1	0	0	0	0	0
AF	0	0.142723	1	1	0	0	0	0	0
AF	0	0.143036	3	3	0	0	0	0	0
AF	0	0.143660	2	1	1	0	0	0	0
AF	0	0.143973	1	0	1	0	0	0	0
AF	0	0.144285	4	1	3	0	0	0	0
AF	0	0.145534	2	2	0	0	0	0	0
AF	0	0.145846	1	1	0	0	0	0	0
AF	0	0.146159	1	1	0	0	0	0	0
AF	0	0.148032	1	1	0	0	0	0	0
AF	0	0.148657	3	3	0	0	0	0	0
AF	0	0.149282	4	2	2	0	0	0	0
AF	0	0.149906	2	2	0	0	0	0	0
AF	0	0.150219	1	1	0	0	0	0	0
AF	0	0.150531	3	2	1	0	0	0	0
AF	0	0.150843	1	1	0	0	0	0	0
AF	0	0.151156	1	1	0	0	0	0	0
AF	0	0.151780	3	2	1	0	0	0	0
AF	0	0.152092	2	0	2	0	0	0	0
AF	0	0.152405	3	2	1	0	0	0	0
AF	0	0.152717	1	0	1	0	0	0	0
AF	0	0.154279	1	1	0	0	0	0	0
AF	0	0.154591	1	0	1	0	0	0	0
AF	0	0.154903	1	0	1	0	0	0	0
AF	0	0.155215	1	1	0	0	0	0	0
AF	0	0.156152	1	0	1	0	0	0	0
AF	0	0.156777	2	2	0	0	0	0	0
AF	0	0.157714	2	1	1	0	0	0	0
AF	0	0.158963	2	1	1	0	0	0	0
AF	0	0.159588	1	1	0	0	0	0	0
AF	0	0.159900	1	1	0	0	0	0	0
AF	0	0.160212	3	3	0	0	0	0	0
AF	0	0.160525	1	1	0	0	0	0	0
AF	0	0.161149	1	0	1	0	0	0	0
AF	0	0.161774	4	2	2	0	0	0	0
AF	0	0.162399	2	2	0	0	0	0	0
AF	0	0.163648	4	2	2	0	0	0	0
AF	0	0.164272	1	0	1	0	0	0	0
AF	0	0.164897	2	1	1	0	0	0	0
AF	0	0.165209	3	2	1	0	0	0	0
AF	0	0.165522	4	3	1	0	0	0	0
AF	0	0.165834	3	2	1	0	0	0	0
AF	0	0.166146	2	2	0	0	0	0	0
AF	0	0.166771	1	1	0	0	0	0	0
AF	0	0.167083	2	1	1	0	0	0	0
AF	0	0.167708	2	0	2	0	0	0	0
AF	0	0.168020	1	0	1	0	0	0	0
AF	0	0.168645	1	1	0	0	0	0	0
AF	0	0.169582	1	1	0	0	0	0	0
AF	0	0.169894	3	2	1	0	0	0	0
AF	0	0.170206	1	1	0	0	0	0	0
AF	0	0.171143	4	3	1	0	0	0	0
AF	0	0.171455	5	3	2	0	0	0	0
AF	0	0.171768	1	1	0	0	0	0	0
AF	0	0.172392	2	1	1	0	0	0	0
AF	0	0.173017	3	3	0	0	0	0	0
AF	0	0.173329	4	2	2	0	0	0	0
AF	0	0.173641	5	1	4	0	0	0	0
AF	0	0.174266	3	2	1	0	0	0	0
AF	0	0.174891	2	0	2	0	0	0	0
AF	0	0.175203	2	2	0	0	0	0	0
AF	0	0.176765	5	1	4	0	0	0	0
AF	0	0.177077	1	0	1	0	0	0	0
AF	0	0.177389	1	1	0	0	0	0	0
AF	0	0.177701	2	1	1	0	0	0	0
AF	0	0.178014	1	1	0	0	0	0	0
AF	0	0.178326	1	1	0	0	0	0	0
AF	0	0.178638	4	2	2	0	0	0	0
AF	0	0.178951	2	1	1	0	0	0	0
AF	0	0.179263	1	0	1	0	0	0	0
AF	0	0.180512	2	2	0	0	0	0	0
AF	0	0.180824	3	1	2	0	0	0	0
AF	0	0.181449	1	0	1	0	0	0	0
AF	0	0.181761	1	0	1	0	0	0	0
AF	0	0.182074	1	0	1	0	0	0	0
AF	0	0.182386	6	4	2	0	0	0	0
AF	0	0.183011	1	0	1	0	0	0	0
AF	0	0.183948	6	4	2	0	0	0	0
AF	0	0.184260	2	1	1	0	0	0	0
AF	0	0.184572	4	4	0	0	0	0	0
AF	0	0.184884	3	2	1	0	0	0	0
AF	0	0.185197	2	2	0	0	0	0	0
AF	0	0.186134	4	2	2	0	0	0	0
AF	0	0.186446	1	0	1	0	0	0	0
AF	0	0.186758	5	3	2	0	0	0	0
AF	0	0.187071	1	1	0	0	0	0	0
AF	0	0.187383	1	1	0	0	0	0	0
AF	0	0.188007	1	1	0	0	0	0	0
AF	0	0.188632	2	0	2	0	0	0	0
AF	0	0.188944	2	1	1	0	0	0	0
AF	0	0.189257	2	1	1	0	0	0	0
AF	0	0.189881	3	1	2	0	0	0	0
AF	0	0.190194	2	1	1	0	0	0	0
AF	0	0.190506	2	2	0	0	0	0	0
AF	0	0.191443	1	0	1	0	0	0	0
AF	0	0.191755	1	0	1	0	0	0	0
AF	0	0.193004	1	0	1	0	0	0	0
AF	0	0.193629	3	2	1	0	0	0	0
AF	0	0.194254	1	0	1	0	0	0	0
AF	0	0.194878	2	2	0	0	0	0	0
AF	0	0.195191	1	1	0	0	0	0	0
AF	0	0.195815	1	0	1	0	0	0	0
AF	0	0.196127	2	1	1	0	0	0	0
AF	0	0.196752	1	0	1	0	0	0	0
AF	0	0.197377	1	1	0	0	0	0	0
AF	0	0.197689	2	1	1	0	0	0	0
AF	0	0.198001	5	5	0	0	0	0	0
AF	0	0.198314	2	2	0	0	0	0	0
AF	0	0.198938	1	0	1	0	0	0	0
AF	0	0.199250	3	2	1	0	0	0	0
AF	0	0.199563	4	4	0	0	0	0	0
AF	0	0.199875	3	3	0	0	0	0	0
AF	0	0.200187	1	1	0	0	0	0	0
AF	0	0.200500	1	0	1	0	0	0	0
AF	0	0.200812	1	0	1	0	0	0	0
AF	0	0.201124	2	1	1	0	0	0	0
AF	0	0.201437	1	0	1	0	0	0	0
AF	0	0.201749	1	1	0	0	0	0	0
AF	0	0.202061	1	1	0	0	0	0	0
AF	0	0.202374	3	3	0	0	0	0	0
AF	0	0.202686	2	1	1	0	0	0	0
AF	0	0.202998	4	3	1	0	0	0	0
AF	0	0.204247	2	1	1	0	0	0	0
AF	0	0.204560	1	0	1	0	0	0	0
AF	0	0.204872	1	1	0	0	0	0	0
AF	0	0.205184	2	2	0	0	0	0	0
AF	0	0.205809	1	0	1	0	0	0	0
AF	0	0.206121	2	0	2	0	0	0	0
AF	0	0.206433	1	1	0	0	0	0	0
AF	0	0.206746	8	7	1	0	0	0	0
AF	0	0.207058	1	1	0	0	0	0	0
AF	0	0.207370	2	1	1	0	0	0	0
AF	0	0.207995	3	2	1	0	0	0	0
AF	0	0.208307	1	1	0	0	0	0	0
AF	0	0.208620	3	1	2	0	0	0	0
AF	0	0.208932	1	1	0	0	0	0	0
AF	0	0.209244	3	1	2	0	0	0	0
AF	0	0.209869	2	1	1	0	0	0	0
AF	0	0.210806	1	1	0	0	0	0	0
AF	0	0.211743	2	2	0	0	0	0	0
AF	0	0.212367	4	3	1	0	0	0	0
AF	0	0.212680	6	2	4	0	0	0	0
AF	0	0.212992	3	3	0	0	0	0	0
AF	0	0.213304	4	4	0	0	0	0	0
AF	0	0.213616	4	3	1	0	0	0	0
AF	0	0.213929	1	1	0	0	0	0	0
AF	0	0.214241	7	3	4	0	0	0	0
AF	0	0.214553	2	2	0	0	0	0	0
AF	0	0.214866	9	4	5	0	0	0	0
AF	0	0.215178	4	1	3	0	0	0	0
AF	0	0.215490	7	5	2	0	0	0	0
AF	0	0.215803	1	1	0	0	0	0	0
AF	0	0.216115	2	0	2	0	0	0	0
AF	0	0.216427	1	1	0	0	0	0	0
AF	0	0.216740	1	1	0	0	0	0	0
AF	0	0.217052	2	1	1	0	0	0	0
AF	0	0.217364	2	2	0	0	0	0	0
AF	0	0.217676	2	1	1	0	0	0	0
AF	0	0.217989	3	1	2	0	0	0	0
AF	0	0.218301	1	1	0	0	0	0	0
AF	0	0.218613	4	2	2	0	0	0	0
AF	0	0.218926	2	2	0	0	0	0	0
AF	0	0.219238	1	1	0	0	0	0	0
AF	0	0.220487	3	1	2	0	0	0	0
AF	0	0.221112	2	1	1	0	0	0	0
AF	0	0.221424	1	1	0	0	0	0	0
AF	0	0.221736	3	1	2	0	0	0	0
AF	0	0.222049	8	6	2	0	0	0	0
AF	0	0.222361	2	0	2	0	0	0	0
AF	0	0.222673	5	3	2	0	0	0	0
AF	0	0.222986	4	4	0	0	0	0	0
AF	0	0.223298	5	4	1	0	0	0	0
AF	0	0.223610	6	4	2	0	0	0	0
AF	0	0.223923	8	5	3	0	0	0	0
AF	0	0.224235	1	1	0	0	0	0	0
AF	0	0.224547	4	3	1	0	0	0	0
AF	0	0.224859	3	2	1	0	0	0	0
AF	0	0.225172	1	0	1	0	0	0	0
AF	0	0.225484	1	1	0	0	0	0	0
AF	0	0.225796	1	1	0	0	0	0	0
AF	0	0.226109	1	1	0	0	0	0	0
AF	0	0.226421	2	0	2	0	0	0	0
AF	0	0.227046	2	1	1	0	0	0	0
AF	0	0.227670	3	1	2	0	0	0	0
AF	0	0.227983	1	1	0	0	0	0	0
AF	0	0.228295	2	1	1	0	0	0	0
AF	0	0.228919	2	2	0	0	0	0	0
AF	0	0.229232	2	2	0	0	0	0	0
AF	0	0.229544	1	1	0	0	0	0	0
AF	0	0.230169	3	2	1	0	0	0	0
AF	0	0.230793	3	2	1	0	0	0	0
AF	0	0.231106	1	1	0	0	0	0	0
AF	0	0.231418	4	4	0	0	0	0	0
AF	0	0.231730	3	3	0	0	0	0	0
AF	0	0.232042	3	1	2	0	0	0	0
AF	0	0.232667	3	2	1	0	0	0	0
AF	0	0.232979	5	3	2	0	0	0	0
AF	0	0.233292	2	2	0	0	0	0	0
AF	0	0.233604	3	2	1	0	0	0	0
AF	0	0.233916	4	2	2	0	0	0	0
AF	0	0.234541	6	5	1	0	0	0	0
AF	0	0.234853	3	3	0	0	0	0	0
AF	0	0.235166	3	2	1	0	0	0	0
AF	0	0.235478	1	1	0	0	0	0	0
AF	0	0.235790	4	3	1	0	0	0	0
AF	0	0.236102	3	2	1	0	0	0	0
AF	0	0.236415	6	4	2	0	0	0	0
AF	0	0.237039	6	5	1	0	0	0	0
AF	0	0.237352	2	1	1	0	0	0	0
AF	0	0.237664	4	3	1	0	0	0	0
AF	0	0.237976	2	2	0	0	0	0	0
AF	0	0.238289	2	1	1	0	0	0	0
AF	0	0.238913	2	2	0	0	0	0	0
AF	0	0.239225	2	0	2	0	0	0	0
AF	0	0.239538	2	2	0	0	0	0	0
AF	0	0.239850	2	1	1	0	0	0	0
AF	0	0.240162	2	1	1	0	0	0	0
AF	0	0.240475	1	1	0	0	0	0	0
AF	0	0.240787	2	1	1	0	0	0	0
AF	0	0.241099	1	1	0	0	0	0	0
AF	0	0.241412	3	3	0	0	0	0	0
AF	0	0.241724	2	2	0	0	0	0	0
AF	0	0.242036	8	4	4	0	0	0	0
AF	0	0.242349	5	3	2	0	0	0	0
AF	0	0.243285	3	2	1	0	0	0	0
AF	0	0.243598	2	1	1	0	0	0	0
AF	0	0.243910	6	3	3	0	0	0	0
AF	0	0.244222	2	0	2	0	0	0	0
AF	0	0.244535	5	4	1	0	0	0	0
AF	0	0.244847	5	2	3	0	0	0	0
AF	0	0.245159	9	5	4	0	0	0	0
AF	0	0.245472	2	1	1	0	0	0	0
AF	0	0.245784	5	4	1	0	0	0	0
AF	0	0.246096	1	0	1	0	0	0	0
AF	0	0.247033	1	1	0	0	0	0	0
AF	0	0.247658	4	3	1	0	0	0	0
AF	0	0.247970	2	2	0	0	0	0	0
AF	0	0.248282	2	1	1	0	0	0	0
AF	0	0.248595	7	6	1	0	0	0	0
AF	0	0.248907	9	6	3	0	0	0	0
AF	0	0.249219	5	3	2	0	0	0	0
AF	0	0.249532	6	4	2	0	0	0	0
AF	0	0.249844	3	2	1	0	0	0	0
AF	0	0.250156	3	2	1	0	0	0	0
AF	0	0.250468	2	1	1	0	0	0	0
AF	0	0.250781	8	5	3	0	0	0	0
AF	0	0.251093	1	1	0	0	0	0	0
AF	0	0.251405	3	2	1	0	0	0	0
AF	0	0.251718	8	7	1	0	0	0	0
AF	0	0.252030	10	6	4	0	0	0	0
AF	0	0.252342	5	5	0	0	0	0	0
AF	0	0.252655	7	5	2	0	0	0	0
AF	0	0.252967	3	3	0	0	0	0	0
AF	0	0.253279	1	0	1	0	0	0	0
AF	0	0.253592	3	2	1	0	0	0	0
AF	0	0.253904	3	2	1	0	0	0	0
AF	0	0.254216	7	3	4	0	0	0	0
AF	0	0.254528	14	9	5	0	0	0	0
AF	0	0.254841	5	2	3	0	0	0	0
AF	0	0.255153	3	1	2	0	0	0	0
AF	0	0.255465	4	2	2	0	0	0	0
AF	0	0.255778	25	21	4	0	0	0	0
AF	0	0.256090	5	1	4	0	0	0	0
AF	0	0.256402	1	1	0	0	0	0	0
AF	0	0.256715	1	1	0	0	0	0	0
AF	0	0.257027	3	2	1	0	0	0	0
AF	0	0.257339	2	1	1	0	0	0	0
AF	0	0.258276	4	4	0	0	0	0	0
AF	0	0.258588	4	2	2	0	0	0	0
AF	0	0.258901	5	4	1	0	0	0	0
AF	0	0.259213	4	3	1	0	0	0	0
AF	0	0.259525	5	4	1	0	0	0	0
AF	0	0.259838	2	2	0	0	0	0	0
AF	0	0.260150	6	4	2	0	0	0	0
AF	0	0.260462	1	0	1	0	0	0	0
AF	0	0.260775	6	5	1	0	0	0	0
AF	0	0.261087	3	2	1	0	0	0	0
AF	0	0.261399	3	2	1	0	0	0	0
AF	0	0.261711	2	1	1	0	0	0	0
AF	0	0.262024	1	0	1	0	0	0	0
AF	0	0.262336	1	0	1	0	0	0	0
AF	0	0.262648	2	0	2	0	0	0	0
AF	0	0.262961	2	0	2	0	0	0	0
AF	0	0.263273	1	1	0	0	0	0	0
AF	0	0.263585	4	1	3	0	0	0	0
AF	0	0.263898	6	4	2	0	0	0	0
AF	0	0.264522	5	3	2	0	0	0	0
AF	0	0.264834	1	1	0	0	0	0	0
AF	0	0.265147	1	0	1	0	0	0	0
AF	0	0.266396	2	2	0	0	0	0	0
AF	0	0.269519	3	2	1	0	0	0	0
AF	0	0.271081	2	2	0	0	0	0	0
AF	0	0.271705	1	1	0	0	0	0	0
AF	0	0.273267	3	3	0	0	0	0	0
AF	0	0.273579	1	0	1	0	0	0	0
AF	0	0.274204	1	0	1	0	0	0	0
AF	0	0.274516	2	1	1	0	0	0	0
AF	0	0.275765	3	2	1	0	0	0	0
AF	0	0.276390	3	3	0	0	0	0	0
AF	0	0.276702	1	1	0	0	0	0	0
AF	0	0.277014	2	0	2	0	0	0	0
AF	0	0.277951	1	1	0	0	0	0	0
AF	0	0.278264	1	1	0	0	0	0	0
AF	0	0.278888	3	2	1	0	0	0	0
AF	0	0.279200	2	1	1	0	0	0	0
AF	0	0.279513	8	5	3	0	0	0	0
AF	0	0.279825	1	1	0	0	0	0	0
AF	0	0.280137	2	1	1	0	0	0	0
AF	0	0.280762	1	1	0	0	0	0	0
AF	0	0.281387	1	1	0	0	0	0	0
AF	0	0.282948	1	0	1	0	0	0	0
AF	0	0.285759	2	0	2	0	0	0	0
AF	0	0.286696	1	0	1	0	0	0	0
AF	0	0.287008	1	1	0	0	0	0	0
AF	0	0.287320	1	0	1	0	0	0	0
AF	0	0.287633	1	0	1	0	0	0	0
AF	0	0.288257	2	1	1	0	0	0	0
AF	0	0.291068	1	1	0	0	0	0	0
AF	0	0.292317	1	1	0	0	0	0	0
AF	0	0.292630	1	0	1	0	0	0	0
AF	0	0.293254	1	0	1	0	0	0	0
AF	0	0.294191	1	1	0	0	0	0	0
AF	0	0.294816	2	2	0	0	0	0	0
AF	0	0.295128	2	2	0	0	0	0	0
AF	0	0.295753	3	3	0	0	0	0	0
AF	0	0.296065	1	0	1	0	0	0	0
AF	0	0.296377	6	3	3	0	0	0	0
AF	0	0.296690	2	1	1	0	0	0	0
AF	0	0.297314	1	1	0	0	0	0	0
AF	0	0.297626	1	1	0	0	0	0	0
AF	0	0.297939	2	2	0	0	0	0	0
AF	0	0.298251	3	1	2	0	0	0	0
AF	0	0.298876	1	0	1	0	0	0	0
AF	0	0.299188	2	1	1	0	0	0	0
AF	0	0.299813	1	0	1	0	0	0	0
AF	0	0.301062	1	1	0	0	0	0	0
AF	0	0.301374	1	1	0	0	0	0	0
AF	0	0.301686	1	0	1	0	0	0	0
AF	0	0.301999	2	1	1	0	0	0	0
AF	0	0.302311	2	1	1	0	0	0	0
AF	0	0.302623	1	0	1	0	0	0	0
AF	0	0.302936	3	1	2	0	0	0	0
AF	0	0.303560	1	1	0	0	0	0	0
AF	0	0.303873	2	1	1	0	0	0	0
AF	0	0.304185	1	0	1	0	0	0	0
AF	0	0.304497	4	4	0	0	0	0	0
AF	0	0.304809	1	0	1	0	0	0	0
AF	0	0.305746	3	2	1	0	0	0	0
AF	0	0.306059	2	0	2	0	0	0	0
AF	0	0.306371	7	4	3	0	0	0	0
AF	0	0.306683	1	1	0	0	0	0	0
AF	0	0.306996	3	2	1	0	0	0	0
AF	0	0.307308	1	1	0	0	0	0	0
AF	0	0.307620	1	1	0	0	0	0	0
AF	0	0.308245	1	1	0	0	0	0	0
AF	0	0.308557	3	2	1	0	0	0	0
AF	0	0.308869	5	3	2	0	0	0	0
AF	0	0.309182	1	1	0	0	0	0	0
AF	0	0.309494	1	1	0	0	0	0	0
AF	0	0.310119	1	0	1	0	0	0	0
AF	0	0.310743	2	0	2	0	0	0	0
AF	0	0.311368	1	1	0	0	0	0	0
AF	0	0.311680	2	1	1	0	0	0	0
AF	0	0.311993	3	3	0	0	0	0	0
AF	0	0.312929	1	1	0	0	0	0	0
AF	0	0.313242	1	1	0	0	0	0	0
AF	0	0.313554	1	0	1	0	0	0	0
AF	0	0.313866	1	0	1	0	0	0	0
AF	0	0.314491	1	1	0	0	0	0	0
AF	0	0.315116	2	0	2	0	0	0	0
AF	0	0.315740	1	0	1	0	0	0	0
AF	0	0.316052	2	2	0	0	0	0	0
AF	0	0.316365	2	2	0	0	0	0	0
AF	0	0.316677	3	3	0	0	0	0	0
AF	0	0.316989	7	6	1	0	0	0	0
AF	0	0.317302	5	4	1	0	0	0	0
AF	0	0.317614	7	4	3	0	0	0	0
AF	0	0.317926	5	3	2	0	0	0	0
AF	0	0.318239	4	2	2	0	0	0	0
AF	0	0.318551	1	1	0	0	0	0	0
AF	0	0.318863	3	2	1	0	0	0	0
AF	0	0.319176	2	2	0	0	0	0	0
AF	0	0.319800	1	1	0	0	0	0	0
AF	0	0.320112	3	3	0	0	0	0	0
AF	0	0.320737	2	2	0	0	0	0	0
AF	0	0.321049	2	0	2	0	0	0	0
AF	0	0.321362	1	1	0	0	0	0	0
AF	0	0.321986	1	1	0	0	0	0	0
AF	0	0.322611	2	1	1	0	0	0	0
AF	0	0.322923	1	1	0	0	0	0	0
AF	0	0.323235	2	2	0	0	0	0	0
AF	0	0.323548	2	1	1	0	0	0	0
AF	0	0.323860	3	2	1	0	0	0	0
AF	0	0.324172	1	1	0	0	0	0	0
AF	0	0.324485	1	1	0	0	0	0	0
AF	0	0.324797	5	4	1	0	0	0	0
AF	0	0.325109	3	1	2	0	0	0	0
AF	0	0.325734	1	1	0	0	0	0	0
AF	0	0.326046	2	2	0	0	0	0	0
AF	0	0.326359	3	1	2	0	0	0	0
AF	0	0.327608	5	4	1	0	0	0	0
AF	0	0.328232	2	1	1	0	0	0	0
AF	0	0.328857	8	3	5	0	0	0	0
AF	0	0.329169	7	4	3	0	0	0	0
AF	0	0.329482	14	11	3	0	0	0	0
AF	0	0.329794	4	2	2	0	0	0	0
AF	0	0.330106	1	0	1	0	0	0	0
AF	0	0.331668	1	1	0	0	0	0	0
AF	0	0.332292	1	0	1	0	0	0	0
AF	0	0.332917	1	1	0	0	0	0	0
AF	0	0.333229	3	2	1	0	0	0	0
AF	0	0.333542	3	3	0	0	0	0	0
AF	0	0.333854	2	1	1	0	0	0	0
AF	0	0.334166	1	1	0	0	0	0	0
AF	0	0.334478	2	1	1	0	0	0	0
AF	0	0.334791	2	2	0	0	0	0	0
AF	0	0.335103	1	1	0	0	0	0	0
AF	0	0.335728	1	0	1	0	0	0	0
AF	0	0.337289	3	1	2	0	0	0	0
AF	0	0.338226	4	4	0	0	0	0	0
AF	0	0.338538	1	0	1	0	0	0	0
AF	0	0.338851	1	0	1	0	0	0	0
AF	0	0.339163	3	2	1	0	0	0	0
AF	0	0.339475	4	2	2	0	0	0	0
AF	0	0.339788	8	5	3	0	0	0	0
AF	0	0.340100	3	2	1	0	0	0	0
AF	0	0.340412	4	4	0	0	0	0	0
AF	0	0.340725	1	0	1	0	0	0	0
AF	0	0.341349	1	1	0	0	0	0	0
AF	0	0.341974	2	1	1	0	0	0	0
AF	0	0.342911	1	1	0	0	0	0	0
AF	0	0.343535	1	1	0	0	0	0	0
AF	0	0.344160	2	1	1	0	0	0	0
AF	0	0.344472	2	1	1	0	0	0	0
AF	0	0.344785	1	0	1	0	0	0	0
AF	0	0.345097	1	0	1	0	0	0	0
AF	0	0.345721	1	1	0	0	0	0	0
AF	0	0.346034	7	5	2	0	0	0	0
AF	0	0.346346	4	3	1	0	0	0	0
AF	0	0.346658	4	4	0	0	0	0	0
AF	0	0.346971	3	2	1	0	0	0	0
AF	0	0.347283	3	1	2	0	0	0	0
AF	0	0.347595	1	1	0	0	0	0	0
AF	0	0.347908	4	4	0	0	0	0	0
AF	0	0.349469	1	1	0	0	0	0	0
AF	0	0.349781	2	1	1	0	0	0	0
AF	0	0.350406	1	0	1	0	0	0	0
AF	0	0.351968	1	0	1	0	0	0	0
AF	0	0.352280	1	1	0	0	0	0	0
AF	0	0.352904	1	0	1	0	0	0	0
AF	0	0.353217	1	0	1	0	0	0	0
AF	0	0.353841	1	1	0	0	0	0	0
AF	0	0.354154	2	0	2	0	0	0	0
AF	0	0.354466	2	1	1	0	0	0	0
AF	0	0.355403	2	1	1	0	0	0	0
AF	0	0.355715	1	0	1	0	0	0	0
AF	0	0.356027	4	3	1	0	0	0	0
AF	0	0.356340	2	0	2	0	0	0	0
AF	0	0.356652	3	2	1	0	0	0	0
AF	0	0.356964	4	2	2	0	0	0	0
AF	0	0.357277	6	5	1	0	0	0	0
AF	0	0.357589	2	1	1	0	0	0	0
AF	0	0.357901	3	2	1	0	0	0	0
AF	0	0.358214	6	6	0	0	0	0	0
AF	0	0.358526	5	3	2	0	0	0	0
AF	0	0.358838	3	3	0	0	0	0	0
AF	0	0.359151	1	1	0	0	0	0	0
AF	0	0.359463	3	3	0	0	0	0	0
AF	0	0.359775	2	1	1	0	0	0	0
AF	0	0.360087	1	1	0	0	0	0	0
AF	0	0.360400	3	2	1	0	0	0	0
AF	0	0.360712	3	1	2	0	0	0	0
AF	0	0.361024	2	2	0	0	0	0	0
AF	0	0.362274	4	3	1	0	0	0	0
AF	0	0.362898	1	0	1	0	0	0	0
AF	0	0.363210	1	0	1	0	0	0	0
AF	0	0.363523	2	1	1	0	0	0	0
AF	0	0.364147	7	5	2	0	0	0	0
AF	0	0.364772	2	1	1	0	0	0	0
AF	0	0.366334	1	1	0	0	0	0	0
AF	0	0.366646	1	0	1	0	0	0	0
AF	0	0.366958	3	1	2	0	0	0	0
AF	0	0.367270	3	3	0	0	0	0	0
AF	0	0.367895	2	1	1	0	0	0	0
AF	0	0.368520	1	1	0	0	0	0	0
AF	0	0.369144	2	1	1	0	0	0	0
AF	0	0.369457	1	1	0	0	0	0	0
AF	0	0.369769	2	1	1	0	0	0	0
AF	0	0.370081	1	1	0	0	0	0	0
AF	0	0.370394	1	0	1	0	0	0	0
AF	0	0.370706	1	0	1	0	0	0	0
AF	0	0.371018	3	1	2	0	0	0	0
AF	0	0.371330	3	3	0	0	0	0	0
AF	0	0.371955	1	1	0	0	0	0	0
AF	0	0.372580	1	1	0	0	0	0	0
AF	0	0.372892	5	2	3	0	0	0	0
AF	0	0.373517	1	1	0	0	0	0	0
AF	0	0.373829	1	0	1	0	0	0	0
AF	0	0.374453	2	2	0	0	0	0	0
AF	0	0.374766	2	2	0	0	0	0	0
AF	0	0.375390	1	1	0	0	0	0	0
AF	0	0.376015	2	1	1	0	0	0	0
AF	0	0.376327	1	0	1	0	0	0	0
AF	0	0.377889	2	2	0	0	0	0	0
AF	0	0.378201	2	2	0	0	0	0	0
AF	0	0.378513	3	2	1	0	0	0	0
AF	0	0.378826	1	1	0	0	0	0	0
AF	0	0.379138	3	2	1	0	0	0	0
AF	0	0.379763	2	0	2	0	0	0	0
AF	0	0.380387	3	3	0	0	0	0	0
AF	0	0.380700	2	1	1	0	0	0	0
AF	0	0.381012	1	1	0	0	0	0	0
AF	0	0.381636	1	1	0	0	0	0	0
AF	0	0.381949	1	1	0	0	0	0	0
AF	0	0.382886	2	2	0	0	0	0	0
AF	0	0.383198	1	1	0	0	0	0	0
AF	0	0.384135	4	3	1	0	0	0	0
AF	0	0.384447	1	1	0	0	0	0	0
AF	0	0.384760	1	0	1	0	0	0	0
AF	0	0.385696	1	1	0	0	0	0	0
AF	0	0.386009	1	1	0	0	0	0	0
AF	0	0.387883	1	0	1	0	0	0	0
AF	0	0.388507	3	3	0	0	0	0	0
AF	0	0.388819	1	1	0	0	0	0	0
AF	0	0.389444	1	0	1	0	0	0	0
AF	0	0.390381	1	1	0	0	0	0	0
AF	0	0.391006	2	1	1	0	0	0	0
AF	0	0.391630	3	2	1	0	0	0	0
AF	0	0.391943	1	1	0	0	0	0	0
AF	0	0.392879	2	1	1	0	0	0	0
AF	0	0.395066	1	1	0	0	0	0	0
AF	0	0.395378	1	0	1	0	0	0	0
AF	0	0.396002	4	2	2	0	0	0	0
AF	0	0.396315	3	2	1	0	0	0	0
AF	0	0.396627	7	4	3	0	0	0	0
AF	0	0.396939	1	1	0	0	0	0	0
AF	0	0.398501	2	2	0	0	0	0	0
AF	0	0.399126	2	2	0	0	0	0	0
AF	0	0.399438	1	1	0	0	0	0	0
AF	0	0.400375	1	1	0	0	0	0	0
AF	0	0.400999	1	1	0	0	0	0	0
AF	0	0.401624	3	2	1	0	0	0	0
AF	0	0.401936	1	1	0	0	0	0	0
AF	0	0.402249	1	0	1	0	0	0	0
AF	0	0.402561	1	0	1	0	0	0	0
AF	0	0.402873	1	1	0	0	0	0	0
AF	0	0.404435	1	1	0	0	0	0	0
AF	0	0.405996	4	4	0	0	0	0	0
AF	0	0.406621	3	3	0	0	0	0	0
AF	0	0.407245	1	1	0	0	0	0	0
AF	0	0.407558	1	1	0	0	0	0	0
AF	0	0.407870	2	1	1	0	0	0	0
AF	0	0.409432	1	0	1	0	0	0	0
AF	0	0.409744	1	1	0	0	0	0	0
AF	0	0.410056	1	1	0	0	0	0	0
AF	0	0.410369	2	2	0	0	0	0	0
AF	0	0.413492	1	1	0	0	0	0	0
AF	0	0.414116	2	1	1	0	0	0	0
AF	0	0.414428	1	1	0	0	0	0	0
AF	0	0.416615	1	1	0	0	0	0	0
AF	0	0.417552	1	0	1	0	0	0	0
AF	0	0.417864	3	3	0	0	0	0	0
AF	0	0.418488	4	2	2	0	0	0	0
AF	0	0.418801	1	1	0	0	0	0	0
AF	0	0.419113	2	1	1	0	0	0	0
AF	0	0.419738	1	1	0	0	0	0	0
AF	0	0.420362	4	0	4	0	0	0	0
AF	0	0.420987	1	0	1	0	0	0	0
AF	0	0.421299	1	1	0	0	0	0	0
AF	0	0.421611	1	1	0	0	0	0	0
AF	0	0.422236	1	0	1	0	0	0	0
AF	0	0.422861	1	1	0	0	0	0	0
AF	0	0.423485	1	1	0	0	0	0	0
AF	0	0.425047	2	1	1	0	0	0	0
AF	0	0.425359	1	1	0	0	0	0	0
AF	0	0.426921	2	2	0	0	0	0	0
AF	0	0.427233	1	0	1	0	0	0	0
AF	0	0.427545	1	0	1	0	0	0	0
AF	0	0.427858	1	1	0	0	0	0	0
AF	0	0.428170	2	2	0	0	0	0	0
AF	0	0.428482	2	1	1	0	0	0	0
AF	0	0.431605	2	1	1	0	0	0	0
AF	0	0.431918	1	1	0	0	0	0	0
AF	0	0.432230	2	0	2	0	0	0	0
AF	0	0.433479	1	0	1	0	0	0	0
AF	0	0.434728	1	0	1	0	0	0	0
AF	0	0.435353	1	0	1	0	0	0	0
AF	0	0.435665	2	1	1	0	0	0	0
AF	0	0.435978	6	4	2	0	0	0	0
AF	0	0.438476	1	1	0	0	0	0	0
AF	0	0.440662	1	0	1	0	0	0	0
AF	0	0.440974	1	0	1	0	0	0	0
AF	0	0.441599	1	1	0	0	0	0	0
AF	0	0.442224	1	0	1	0	0	0	0
AF	0	0.442848	1	1	0	0	0	0	0
AF	0	0.443161	1	1	0	0	0	0	0
AF	0	0.445034	3	3	0	0	0	0	0
AF	0	0.445347	1	0	1	0	0	0	0
AF	0	0.445659	1	1	0	0	0	0	0
AF	0	0.446284	2	1	1	0	0	0	0
AF	0	0.446596	1	1	0	0	0	0	0
AF	0	0.447533	1	0	1	0	0	0	0
AF	0	0.448157	1	0	1	0	0	0	0
AF	0	0.449094	1	1	0	0	0	0	0
AF	0	0.449407	1	0	1	0	0	0	0
AF	0	0.451593	1	1	0	0	0	0	0
AF	0	0.453154	1	0	1	0	0	0	0
AF	0	0.453467	1	0	1	0	0	0	0
AF	0	0.453779	1	1	0	0	0	0	0
AF	0	0.456590	2	2	0	0	0	0	0
AF	0	0.456902	1	1	0	0	0	0	0
AF	0	0.457214	2	2	0	0	0	0	0
AF	0	0.457527	1	0	1	0	0	0	0
AF	0	0.457839	1	1	0	0	0	0	0
AF	0	0.458151	4	2	2	0	0	0	0
AF	0	0.458463	1	1	0	0	0	0	0
AF	0	0.458776	1	0	1	0	0	0	0
AF	0	0.459088	1	1	0	0	0	0	0
AF	0	0.459400	2	0	2	0	0	0	0
AF	0	0.459713	2	1	1	0	0	0	0
AF	0	0.460025	1	0	1	0	0	0	0
AF	0	0.460337	1	1	0	0	0	0	0
AF	0	0.460650	3	2	1	0	0	0	0
AF	0	0.460962	1	1	0	0	0	0	0
AF	0	0.461274	1	1	0	0	0	0	0
AF	0	0.461899	2	1	1	0	0	0	0
AF	0	0.462211	1	1	0	0	0	0	0
AF	0	0.462836	1	0	1	0	0	0	0
AF	0	0.463148	1	1	0	0	0	0	0
AF	0	0.465646	1	0	1	0	0	0	0
AF	0	0.465959	2	1	1	0	0	0	0
AF	0	0.466583	1	0	1	0	0	0	0
AF	0	0.467520	1	1	0	0	0	0	0
AF	0	0.468770	1	1	0	0	0	0	0
AF	0	0.469394	1	0	1	0	0	0	0
AF	0	0.469706	1	0	1	0	0	0	0
AF	0	0.470019	6	5	1	0	0	0	0
AF	0	0.470331	1	1	0	0	0	0	0
AF	0	0.470643	5	5	0	0	0	0	0
AF	0	0.471268	3	2	1	0	0	0	0
AF	0	0.471580	4	2	2	0	0	0	0
AF	0	0.471893	1	1	0	0	0	0	0
AF	0	0.472205	1	1	0	0	0	0	0
AF	0	0.472517	3	2	1	0	0	0	0
AF	0	0.472829	1	0	1	0	0	0	0
AF	0	0.473142	8	4	4	0	0	0	0
AF	0	0.473766	2	0	2	0	0	0	0
AF	0	0.474391	2	1	1	0	0	0	0
AF	0	0.475016	1	0	1	0	0	0	0
AF	0	0.476265	1	0	1	0	0	0	0
AF	0	0.476577	1	1	0	0	0	0	0
AF	0	0.478139	1	0	1	0	0	0	0
AF	0	0.479076	1	1	0	0	0	0	0
AF	0	0.479388	1	1	0	0	0	0	0
AF	0	0.480325	1	1	0	0	0	0	0
AF	0	0.480637	1	1	0	0	0	0	0
AF	0	0.481574	2	2	0	0	0	0	0
AF	0	0.481886	4	4	0	0	0	0	0
AF	0	0.482511	2	2	0	0	0	0	0
AF	0	0.483136	2	0	2	0	0	0	0
AF	0	0.483760	1	1	0	0	0	0	0
AF	0	0.484385	1	0	1	0	0	0	0
AF	0	0.484697	1	0	1	0	0	0	0
AF	0	0.485009	2	2	0	0	0	0	0
AF	0	0.485322	2	2	0	0	0	0	0
AF	0	0.485634	6	4	2	0	0	0	0
AF	0	0.485946	1	1	0	0	0	0	0
AF	0	0.486259	3	2	1	0	0	0	0
AF	0	0.486571	1	1	0	0	0	0	0
AF	0	0.486883	2	1	1	0	0	0	0
AF	0	0.487196	3	1	2	0	0	0	0
AF	0	0.487508	2	0	2	0	0	0	0
AF	0	0.487820	1	1	0	0	0	0	0
AF	0	0.488132	8	7	1	0	0	0	0
AF	0	0.488445	1	1	0	0	0	0	0
AF	0	0.488757	3	1	2	0	0	0	0
AF	0	0.489382	3	2	1	0	0	0	0
AF	0	0.489694	1	0	1	0	0	0	0
AF	0	0.490006	1	1	0	0	0	0	0
AF	0	0.490631	1	1	0	0	0	0	0
AF	0	0.491880	2	1	1	0	0	0	0
AF	0	0.492505	1	1	0	0	0	0	0
AF	0	0.492817	3	3	0	0	0	0	0
AF	0	0.493129	1	1	0	0	0	0	0
AF	0	0.493442	4	3	1	0	0	0	0
AF	0	0.495315	1	1	0	0	0	0	0
AF	0	0.495628	2	0	2	0	0	0	0
AF	0	0.496565	1	0	1	0	0	0	0
AF	0	0.497502	2	1	1	0	0	0	0
AF	0	0.497814	1	1	0	0	0	0	0
AF	0	0.498751	1	1	0	0	0	0	0
AF	0	0.499688	1	0	1	0	0	0	0
AF	0	0.501874	3	3	0	0	0	0	0
AF	0	0.502186	3	2	1	0	0	0	0
AF	0	0.502498	1	0	1	0	0	0	0
AF	0	0.503123	1	1	0	0	0	0	0
AF	0	0.503748	1	0	1	0	0	0	0
AF	0	0.504060	1	1	0	0	0	0	0
AF	0	0.504997	2	2	0	0	0	0	0
AF	0	0.505621	1	1	0	0	0	0	0
AF	0	0.506871	2	1	1	0	0	0	0
AF	0	0.507495	1	1	0	0	0	0	0
AF	0	0.508745	1	1	0	0	0	0	0
AF	0	0.509994	3	1	2	0	0	0	0
AF	0	0.510306	1	1	0	0	0	0	0
AF	0	0.510931	1	0	1	0	0	0	0
AF	0	0.511243	1	1	0	0	0	0	0
AF	0	0.511868	1	1	0	0	0	0	0
AF	0	0.512180	3	3	0	0	0	0	0
AF	0	0.512492	2	1	1	0	0	0	0
AF	0	0.512804	1	1	0	0	0	0	0
AF	0	0.513741	1	1	0	0	0	0	0
AF	0	0.514991	1	1	0	0	0	0	0
AF	0	0.515303	1	1	0	0	0	0	0
AF	0	0.515928	1	1	0	0	0	0	0
AF	0	0.518114	1	1	0	0	0	0	0
AF	0	0.518738	2	2	0	0	0	0	0
AF	0	0.519988	1	0	1	0	0	0	0
AF	0	0.520924	1	1	0	0	0	0	0
AF	0	0.521237	1	1	0	0	0	0	0
AF	0	0.521549	2	2	0	0	0	0	0
AF	0	0.521861	1	1	0	0	0	0	0
AF	0	0.522174	1	1	0	0	0	0	0
AF	0	0.522486	2	1	1	0	0	0	0
AF	0	0.522798	1	1	0	0	0	0	0
AF	0	0.523111	1	1	0	0	0	0	0
AF	0	0.524360	1	1	0	0	0	0	0
AF	0	0.524984	2	1	1	0	0	0	0
AF	0	0.528107	2	1	1	0	0	0	0
AF	0	0.529357	2	2	0	0	0	0	0
AF	0	0.529981	1	1	0	0	0	0	0
AF	0	0.532480	2	2	0	0	0	0	0
AF	0	0.533417	1	1	0	0	0	0	0
AF	0	0.534978	1	1	0	0	0	0	0
AF	0	0.535603	1	1	0	0	0	0	0
AF	0	0.536540	1	1	0	0	0	0	0
AF	0	0.536852	1	0	1	0	0	0	0
AF	0	0.539663	1	1	0	0	0	0	0
AF	0	0.540600	4	2	2	0	0	0	0
AF	0	0.541224	1	1	0	0	0	0	0
AF	0	0.541849	4	3	1	0	0	0	0
AF	0	0.542161	1	0	1	0	0	0	0
AF	0	0.542473	3	2	1	0	0	0	0
AF	0	0.543723	1	1	0	0	0	0	0
AF	0	0.544347	2	1	1	0	0	0	0
AF	0	0.544972	2	1	1	0	0	0	0
AF	0	0.545597	2	1	1	0	0	0	0
AF	0	0.545909	2	2	0	0	0	0	0
AF	0	0.546221	1	1	0	0	0	0	0
AF	0	0.546846	1	1	0	0	0	0	0
AF	0	0.547158	2	2	0	0	0	0	0
AF	0	0.548095	2	2	0	0	0	0	0
AF	0	0.549969	3	3	0	0	0	0	0
AF	0	0.550593	1	0	1	0	0	0	0
AF	0	0.550906	1	0	1	0	0	0	0
AF	0	0.551218	1	0	1	0	0	0	0
AF	0	0.551530	2	2	0	0	0	0	0
AF	0	0.551843	1	0	1	0	0	0	0
AF	0	0.552467	2	2	0	0	0	0	0
AF	0	0.553092	1	1	0	0	0	0	0
AF	0	0.554653	1	1	0	0	0	0	0
AF	0	0.555903	1	0	1	0	0	0	0
AF	0	0.557464	1	1	0	0	0	0	0
AF	0	0.558089	1	1	0	0	0	0	0
AF	0	0.559026	1	1	0	0	0	0	0
AF	0	0.560275	1	1	0	0	0	0	0
AF	0	0.560587	3	2	1	0	0	0	0
AF	0	0.560899	13	9	4	0	0	0	0
AF	0	0.561212	2	2	0	0	0	0	0
AF	0	0.562149	1	1	0	0	0	0	0
AF	0	0.564022	1	1	0	0	0	0	0
AF	0	0.564335	1	1	0	0	0	0	0
AF	0	0.564647	1	1	0	0	0	0	0
AF	0	0.564959	2	1	1	0	0	0	0
AF	0	0.565272	8	3	5	0	0	0	0
AF	0	0.565584	1	0	1	0	0	0	0
AF	0	0.565896	3	3	0	0	0	0	0
AF	0	0.566521	3	2	1	0	0	0	0
AF	0	0.566833	3	2	1	0	0	0	0
AF	0	0.567146	1	1	0	0	0	0	0
AF	0	0.567458	1	1	0	0	0	0	0
AF	0	0.567770	2	1	1	0	0	0	0
AF	0	0.568082	1	1	0	0	0	0	0
AF	0	0.569019	3	2	1	0	0	0	0
AF	0	0.569332	2	1	1	0	0	0	0
AF	0	0.570893	2	1	1	0	0	0	0
AF	0	0.571205	1	1	0	0	0	0	0
AF	0	0.571518	2	0	2	0	0	0	0
AF	0	0.571830	2	2	0	0	0	0	0
AF	0	0.572455	1	1	0	0	0	0	0
AF	0	0.573392	1	0	1	0	0	0	0
AF	0	0.573704	1	1	0	0	0	0	0
AF	0	0.574016	1	1	0	0	0	0	0
AF	0	0.574641	1	0	1	0	0	0	0
AF	0	0.575265	2	1	1	0	0	0	0
AF	0	0.575578	1	1	0	0	0	0	0
AF	0	0.575890	1	1	0	0	0	0	0
AF	0	0.576515	1	1	0	0	0	0	0
AF	0	0.576827	3	3	0	0	0	0	0
AF	0	0.577139	1	0	1	0	0	0	0
AF	0	0.578076	4	4	0	0	0	0	0
AF	0	0.578389	4	2	2	0	0	0	0
AF	0	0.578701	1	0	1	0	0	0	0
AF	0	0.579013	1	1	0	0	0	0	0
AF	0	0.579325	1	1	0	0	0	0	0
AF	0	0.579638	3	1	2	0	0	0	0
AF	0	0.579950	1	0	1	0	0	0	0
AF	0	0.580262	1	0	1	0	0	0	0
AF	0	0.580575	2	0	2	0	0	0	0
AF	0	0.580887	1	0	1	0	0	0	0
AF	0	0.581824	1	0	1	0	0	0	0
AF	0	0.582136	1	0	1	0	0	0	0
AF	0	0.582761	2	2	0	0	0	0	0
AF	0	0.583385	1	0	1	0	0	0	0
AF	0	0.584010	3	1	2	0	0	0	0
AF	0	0.584322	1	0	1	0	0	0	0
AF	0	0.585259	1	1	0	0	0	0	0
AF	0	0.585884	1	1	0	0	0	0	0
AF	0	0.586508	1	0	1	0	0	0	0
AF	0	0.586821	1	0	1	0	0	0	0
AF	0	0.587133	3	2	1	0	0	0	0
AF	0	0.588070	1	1	0	0	0	0	0
AF	0	0.588382	1	1	0	0	0	0	0
AF	0	0.589007	1	0	1	0	0	0	0
AF	0	0.589319	1	1	0	0	0	0	0
AF	0	0.590568	1	0	1	0	0	0	0
AF	0	0.591505	1	1	0	0	0	0	0
AF	0	0.592130	1	1	0	0	0	0	0
AF	0	0.594004	2	1	1	0	0	0	0
AF	0	0.594628	1	0	1	0	0	0	0
AF	0	0.595878	1	1	0	0	0	0	0
AF	0	0.596502	1	1	0	0	0	0	0
AF	0	0.597127	2	2	0	0	0	0	0
AF	0	0.597439	4	2	2	0	0	0	0
AF	0	0.597751	7	3	4	0	0	0	0
AF	0	0.598688	2	2	0	0	0	0	0
AF	0	0.599001	5	5	0	0	0	0	0
AF	0	0.599313	2	1	1	0	0	0	0
AF	0	0.599625	4	0	4	0	0	0	0
AF	0	0.602124	1	0	1	0	0	0	0
AF	0	0.602436	1	0	1	0	0	0	0
AF	0	0.602748	1	1	0	0	0	0	0
AF	0	0.603685	1	0	1	0	0	0	0
AF	0	0.604310	1	0	1	0	0	0	0
AF	0	0.604622	5	3	2	0	0	0	0
AF	0	0.604934	2	1	1	0	0	0	0
AF	0	0.605247	4	2	2	0	0	0	0
AF	0	0.605559	1	0	1	0	0	0	0
AF	0	0.605871	2	2	0	0	0	0	0
AF	0	0.606496	2	1	1	0	0	0	0
AF	0	0.607121	2	2	0	0	0	0	0
AF	0	0.607745	1	1	0	0	0	0	0
AF	0	0.612430	1	1	0	0	0	0	0
AF	0	0.613054	1	1	0	0	0	0	0
AF	0	0.613367	2	1	1	0	0	0	0
AF	0	0.613679	1	0	1	0	0	0	0
AF	0	0.614304	2	0	2	0	0	0	0
AF	0	0.614616	1	1	0	0	0	0	0
AF	0	0.615240	1	0	1	0	0	0	0
AF	0	0.616177	1	0	1	0	0	0	0
AF	0	0.616490	1	1	0	0	0	0	0
AF	0	0.617114	1	1	0	0	0	0	0
AF	0	0.617427	2	1	1	0	0	0	0
AF	0	0.617739	3	2	1	0	0	0	0
AF	0	0.618051	2	1	1	0	0	0	0
AF	0	0.618988	1	1	0	0	0	0	0
AF	0	0.619300	1	1	0	0	0	0	0
AF	0	0.619925	1	1	0	0	0	0	0
AF	0	0.620237	1	0	1	0	0	0	0
AF	0	0.620862	1	0	1	0	0	0	0
AF	0	0.621174	1	1	0	0	0	0	0
AF	0	0.622111	2	2	0	0	0	0	0
AF	0	0.622736	1	1	0	0	0	0	0
AF	0	0.623360	1	0	1	0	0	0	0
AF	0	0.625234	1	1	0	0	0	0	0
AF	0	0.625547	1	0	1	0	0	0	0
AF	0	0.625859	2	2	0	0	0	0	0
AF	0	0.626171	1	1	0	0	0	0	0
AF	0	0.626483	3	3	0	0	0	0	0
AF	0	0.626796	2	2	0	0	0	0	0
AF	0	0.627108	2	2	0	0	0	0	0
AF	0	0.627733	1	0	1	0	0	0	0
AF	0	0.628045	2	2	0	0	0	0	0
AF	0	0.628670	1	1	0	0	0	0	0
AF	0	0.628982	1	1	0	0	0	0	0
AF	0	0.629294	2	2	0	0	0	0	0
AF	0	0.629606	3	2	1	0	0	0	0
AF	0	0.629919	1	1	0	0	0	0	0
AF	0	0.630231	1	1	0	0	0	0	0
AF	0	0.630856	3	2	1	0	0	0	0
AF	0	0.631480	2	2	0	0	0	0	0
AF	0	0.632417	1	0	1	0	0	0	0
AF	0	0.632730	2	2	0	0	0	0	0
AF	0	0.633354	1	1	0	0	0	0	0
AF	0	0.634291	1	1	0	0	0	0	0
AF	0	0.634603	2	1	1	0	0	0	0
AF	0	0.634916	1	1	0	0	0	0	0
AF	0	0.635228	1	1	0	0	0	0	0
AF	0	0.636790	1	1	0	0	0	0	0
AF	0	0.637726	1	1	0	0	0	0	0
AF	0	0.639913	1	1	0	0	0	0	0
AF	0	0.640225	1	1	0	0	0	0	0
AF	0	0.640537	1	1	0	0	0	0	0
AF	0	0.641474	1	1	0	0	0	0	0
AF	0	0.642099	1	0	1	0	0	0	0
AF	0	0.642411	2	2	0	0	0	0	0
AF	0	0.643348	3	1	2	0	0	0	0
AF	0	0.643660	3	0	3	0	0	0	0
AF	0	0.644285	1	1	0	0	0	0	0
AF	0	0.644597	4	1	3	0	0	0	0
AF	0	0.644909	4	3	1	0	0	0	0
AF	0	0.645222	5	5	0	0	0	0	0
AF	0	0.645534	3	1	2	0	0	0	0
AF	0	0.645846	7	5	2	0	0	0	0
AF	0	0.646159	3	2	1	0	0	0	0
AF	0	0.646471	1	1	0	0	0	0	0
AF	0	0.646783	3	2	1	0	0	0	0
AF	0	0.647096	1	1	0	0	0	0	0
AF	0	0.647720	2	1	1	0	0	0	0
AF	0	0.648345	1	1	0	0	0	0	0
AF	0	0.648969	1	0	1	0	0	0	0
AF	0	0.649282	3	3	0	0	0	0	0
AF	0	0.649594	2	2	0	0	0	0	0
AF	0	0.649906	5	4	1	0	0	0	0
AF	0	0.650219	7	3	4	0	0	0	0
AF	0	0.650531	5	4	1	0	0	0	0
AF	0	0.650843	8	7	1	0	0	0	0
AF	0	0.651156	3	1	2	0	0	0	0
AF	0	0.651468	9	5	4	0	0	0	0
AF	0	0.651780	4	3	1	0	0	0	0
AF	0	0.652092	5	2	3	0	0	0	0
AF	0	0.652405	1	1	0	0	0	0	0
AF	0	0.652717	1	1	0	0	0	0	0
AF	0	0.653342	6	4	2	0	0	0	0
AF	0	0.653654	1	1	0	0	0	0	0
AF	0	0.653966	3	2	1	0	0	0	0
AF	0	0.654279	2	1	1	0	0	0	0
AF	0	0.654591	3	1	2	0	0	0	0
AF	0	0.654903	1	1	0	0	0	0	0
AF	0	0.655215	3	2	1	0	0	0	0
AF	0	0.655528	1	0	1	0	0	0	0
AF	0	0.656152	2	0	2	0	0	0	0
AF	0	0.656465	3	0	3	0	0	0	0
AF	0	0.656777	1	1	0	0	0	0	0
AF	0	0.657089	1	0	1	0	0	0	0
AF	0	0.657714	1	1	0	0	0	0	0
AF	0	0.659588	2	0	2	0	0	0	0
AF	0	0.660212	1	1	0	0	0	0	0
AF	0	0.660837	1	0	1	0	0	0	0
AF	0	0.661149	2	1	1	0	0	0	0
AF	0	0.661462	1	0	1	0	0	0	0
AF	0	0.661774	3	0	3	0	0	0	0
AF	0	0.662086	3	0	3	0	0	0	0
AF	0	0.662399	2	2	0	0	0	0	0
AF	0	0.662711	4	3	1	0	0	0	0
AF	0	0.663023	1	1	0	0	0	0	0
AF	0	0.663335	3	2	1	0	0	0	0
AF	0	0.663648	2	2	0	0	0	0	0
AF	0	0.663960	1	1	0	0	0	0	0
AF	0	0.664272	1	0	1	0	0	0	0
AF	0	0.664585	2	2	0	0	0	0	0
AF	0	0.664897	1	0	1	0	0	0	0
AF	0	0.665209	3	2	1	0	0	0	0
AF	0	0.665522	1	1	0	0	0	0	0
AF	0	0.666458	2	0	2	0	0	0	0
AF	0	0.666771	3	2	1	0	0	0	0
AF	0	0.667395	1	1	0	0	0	0	0
AF	0	0.667708	3	2	1	0	0	0	0
AF	0	0.668020	2	1	1	0	0	0	0
AF	0	0.668332	3	3	0	0	0	0	0
AF	0	0.668645	1	1	0	0	0	0	0
AF	0	0.669269	4	2	2	0	0	0	0
AF	0	0.669582	2	2	0	0	0	0	0
AF	0	0.669894	5	4	1	0	0	0	0
AF	0	0.670206	2	2	0	0	0	0	0
AF	0	0.670518	2	1	1	0	0	0	0
AF	0	0.670831	1	1	0	0	0	0	0
AF	0	0.673017	1	0	1	0	0	0	0
AF	0	0.674266	1	0	1	0	0	0	0
AF	0	0.679263	2	2	0	0	0	0	0
AF	0	0.679575	2	1	1	0	0	0	0
AF	0	0.679888	2	0	2	0	0	0	0
AF	0	0.680512	1	0	1	0	0	0	0
AF	0	0.680824	1	1	0	0	0	0	0
AF	0	0.681137	2	0	2	0	0	0	0
AF	0	0.682074	1	1	0	0	0	0	0
AF	0	0.682386	1	1	0	0	0	0	0
AF	0	0.683011	1	0	1	0	0	0	0
AF	0	0.683323	1	0	1	0	0	0	0
AF	0	0.683635	1	1	0	0	0	0	0
AF	0	0.684572	2	2	0	0	0	0	0
AF	0	0.684884	1	1	0	0	0	0	0
AF	0	0.685509	2	1	1	0	0	0	0
AF	0	0.685821	1	1	0	0	0	0	0
AF	0	0.686134	1	1	0	0	0	0	0
AF	0	0.686758	2	0	2	0	0	0	0
AF	0	0.687383	2	1	1	0	0	0	0
AF	0	0.688944	1	0	1	0	0	0	0
AF	0	0.689881	2	1	1	0	0	0	0
AF	0	0.690506	1	1	0	0	0	0	0
AF	0	0.691131	5	4	1	0	0	0	0
AF	0	0.692380	1	1	0	0	0	0	0
AF	0	0.692692	1	1	0	0	0	0	0
AF	0	0.693629	1	0	1	0	0	0	0
AF	0	0.694254	2	1	1	0	0	0	0
AF	0	0.694566	2	1	1	0	0	0	0
AF	0	0.694878	2	1	1	0	0	0	0
AF	0	0.695503	1	0	1	0	0	0	0
AF	0	0.696127	3	2	1	0	0	0	0
AF	0	0.696440	2	0	2	0	0	0	0
AF	0	0.696752	1	1	0	0	0	0	0
AF	0	0.697377	2	0	2	0	0	0	0
AF	0	0.698001	1	1	0	0	0	0	0
AF	0	0.698314	2	2	0	0	0	0	0
AF	0	0.698626	2	1	1	0	0	0	0
AF	0	0.698938	1	0	1	0	0	0	0
AF	0	0.699250	1	1	0	0	0	0	0
AF	0	0.699875	1	0	1	0	0	0	0
AF	0	0.700500	1	1	0	0	0	0	0
AF	0	0.700812	1	1	0	0	0	0	0
AF	0	0.701437	1	1	0	0	0	0	0
AF	0	0.701749	1	1	0	0	0	0	0
AF	0	0.702998	1	1	0	0	0	0	0
AF	0	0.703623	1	0	1	0	0	0	0
AF	0	0.703935	1	1	0	0	0	0	0
AF	0	0.704247	1	1	0	0	0	0	0
AF	0	0.704872	2	0	2	0	0	0	0
AF	0	0.705184	1	1	0	0	0	0	0
AF	0	0.706121	2	0	2	0	0	0	0
AF	0	0.706746	5	1	4	0	0	0	0
AF	0	0.707058	1	1	0	0	0	0	0
AF	0	0.707370	5	5	0	0	0	0	0
AF	0	0.707995	2	1	1	0	0	0	0
AF	0	0.708307	1	1	0	0	0	0	0
AF	0	0.710181	1	1	0	0	0	0	0
AF	0	0.712367	2	2	0	0	0	0	0
AF	0	0.712992	2	1	1	0	0	0	0
AF	0	0.713304	2	2	0	0	0	0	0
AF	0	0.713616	4	2	2	0	0	0	0
AF	0	0.713929	2	2	0	0	0	0	0
AF	0	0.714553	2	1	1	0	0	0	0
AF	0	0.715490	2	2	0	0	0	0	0
AF	0	0.717364	1	0	1	0	0	0	0
AF	0	0.717989	1	1	0	0	0	0	0
AF	0	0.718613	1	1	0	0	0	0	0
AF	0	0.719238	4	2	2	0	0	0	0
AF	0	0.719863	1	1	0	0	0	0	0
AF	0	0.721112	2	1	1	0	0	0	0
AF	0	0.722361	1	1	0	0	0	0	0
AF	0	0.722673	1	1	0	0	0	0	0
AF	0	0.722986	1	1	0	0	0	0	0
AF	0	0.723923	1	1	0	0	0	0	0
AF	0	0.724235	4	4	0	0	0	0	0
AF	0	0.724547	3	2	1	0	0	0	0
AF	0	0.725172	1	1	0	0	0	0	0
AF	0	0.725484	1	1	0	0	0	0	0
AF	0	0.726109	2	1	1	0	0	0	0
AF	0	0.726733	3	2	1	0	0	0	0
AF	0	0.727046	1	0	1	0	0	0	0
AF	0	0.727983	2	0	2	0	0	0	0
AF	0	0.728607	1	1	0	0	0	0	0
AF	0	0.729232	11	8	3	0	0	0	0
AF	0	0.729544	5	3	2	0	0	0	0
AF	0	0.729856	9	7	2	0	0	0	0
AF	0	0.730169	1	1	0	0	0	0	0
AF	0	0.730481	5	3	2	0	0	0	0
AF	0	0.730793	1	1	0	0	0	0	0
AF	0	0.731106	2	2	0	0	0	0	0
AF	0	0.731418	1	1	0	0	0	0	0
AF	0	0.731730	1	0	1	0	0	0	0
AF	0	0.732042	2	1	1	0	0	0	0
AF	0	0.732355	3	3	0	0	0	0	0
AF	0	0.732667	2	1	1	0	0	0	0
AF	0	0.733916	1	1	0	0	0	0	0
AF	0	0.734229	4	4	0	0	0	0	0
AF	0	0.734541	2	2	0	0	0	0	0
AF	0	0.735478	1	1	0	0	0	0	0
AF	0	0.737352	1	1	0	0	0	0	0
AF	0	0.737664	2	1	1	0	0	0	0
AF	0	0.738913	1	1	0	0	0	0	0
AF	0	0.739538	1	1	0	0	0	0	0
AF	0	0.740475	1	1	0	0	0	0	0
AF	0	0.740787	1	1	0	0	0	0	0
AF	0	0.741099	1	1	0	0	0	0	0
AF	0	0.741412	2	1	1	0	0	0	0
AF	0	0.741724	1	1	0	0	0	0	0
AF	0	0.742349	1	0	1	0	0	0	0
AF	0	0.742661	1	0	1	0	0	0	0
AF	0	0.742973	2	1	1	0	0	0	0
AF	0	0.743285	3	1	2	0	0	0	0
AF	0	0.743598	10	7	3	0	0	0	0
AF	0	0.743910	1	0	1	0	0	0	0
AF	0	0.744222	3	2	1	0	0	0	0
AF	0	0.744847	2	2	0	0	0	0	0
AF	0	0.746096	1	0	1	0	0	0	0
AF	0	0.746721	3	2	1	0	0	0	0
AF	0	0.747345	1	0	1	0	0	0	0
AF	0	0.747658	2	1	1	0	0	0	0
AF	0	0.747970	1	0	1	0	0	0	0
AF	0	0.748595	2	1	1	0	0	0	0
AF	0	0.749219	1	1	0	0	0	0	0
AF	0	0.749844	1	0	1	0	0	0	0
AF	0	0.750468	3	3	0	0	0	0	0
AF	0	0.752030	1	0	1	0	0	0	0
AF	0	0.752967	1	0	1	0	0	0	0
AF	0	0.753592	1	0	1	0	0	0	0
AF	0	0.754841	1	0	1	0	0	0	0
AF	0	0.757651	1	1	0	0	0	0	0
AF	0	0.765459	2	2	0	0	0	0	0
AF	0	0.765771	1	1	0	0	0	0	0
AF	0	0.766084	2	2	0	0	0	0	0
AF	0	0.768582	1	1	0	0	0	0	0
AF	0	0.769207	1	0	1	0	0	0	0
AF	0	0.769519	1	1	0	0	0	0	0
AF	0	0.770144	1	1	0	0	0	0	0
AF	0	0.770456	2	2	0	0	0	0	0
AF	0	0.771705	1	1	0	0	0	0	0
AF	0	0.772330	1	0	1	0	0	0	0
AF	0	0.772642	2	2	0	0	0	0	0
AF	0	0.772954	1	1	0	0	0	0	0
AF	0	0.773579	2	1	1	0	0	0	0
AF	0	0.775141	1	1	0	0	0	0	0
AF	0	0.776077	1	1	0	0	0	0	0
AF	0	0.777327	3	2	1	0	0	0	0
AF	0	0.777639	3	1	2	0	0	0	0
AF	0	0.779513	4	1	3	0	0	0	0
AF	0	0.780137	2	2	0	0	0	0	0
AF	0	0.780450	1	1	0	0	0	0	0
AF	0	0.781387	1	1	0	0	0	0	0
AF	0	0.782011	1	1	0	0	0	0	0
AF	0	0.782948	1	0	1	0	0	0	0
AF	0	0.783260	1	1	0	0	0	0	0
AF	0	0.783885	1	0	1	0	0	0	0
AF	0	0.784510	2	2	0	0	0	0	0
AF	0	0.784822	2	2	0	0	0	0	0
AF	0	0.785134	1	1	0	0	0	0	0
AF	0	0.785447	1	1	0	0	0	0	0
AF	0	0.785759	1	1	0	0	0	0	0
AF	0	0.788570	1	0	1	0	0	0	0
AF	0	0.789194	1	1	0	0	0	0	0
AF	0	0.790443	1	1	0	0	0	0	0
AF	0	0.790756	1	0	1	0	0	0	0
AF	0	0.795128	1	1	0	0	0	0	0
AF	0	0.796377	1	1	0	0	0	0	0
AF	0	0.796690	1	1	0	0	0	0	0
AF	0	0.797002	1	1	0	0	0	0	0
AF	0	0.797626	1	1	0	0	0	0	0
AF	0	0.797939	1	1	0	0	0	0	0
AF	0	0.800750	3	2	1	0	0	0	0
AF	0	0.801686	1	0	1	0	0	0	0
AF	0	0.802936	1	0	1	0	0	0	0
AF	0	0.803560	1	0	1	0	0	0	0
AF	0	0.806059	1	1	0	0	0	0	0
AF	0	0.807308	1	1	0	0	0	0	0
AF	0	0.807620	1	0	1	0	0	0	0
AF	0	0.808245	1	1	0	0	0	0	0
AF	0	0.814491	1	0	1	0	0	0	0
AF	0	0.814803	1	0	1	0	0	0	0
AF	0	0.815116	1	1	0	0	0	0	0
AF	0	0.816365	1	0	1	0	0	0	0
AF	0	0.817302	1	0	1	0	0	0	0
AF	0	0.818239	1	1	0	0	0	0	0
AF	0	0.818551	1	1	0	0	0	0	0
AF	0	0.819176	1	1	0	0	0	0	0
AF	0	0.819488	2	1	1	0	0	0	0
AF	0	0.819800	1	1	0	0	0	0	0
AF	0	0.820112	1	1	0	0	0	0	0
AF	0	0.820737	2	1	1	0	0	0	0
AF	0	0.822923	1	0	1	0	0	0	0
AF	0	0.823860	2	1	1	0	0	0	0
AF	0	0.825109	1	1	0	0	0	0	0
AF	0	0.825422	2	1	1	0	0	0	0
AF	0	0.826359	1	1	0	0	0	0	0
AF	0	0.830418	1	1	0	0	0	0	0
AF	0	0.833229	1	1	0	0	0	0	0
AF	0	0.838226	1	1	0	0	0	0	0
AF	0	0.838851	1	1	0	0	0	0	0
AF	0	0.846971	1	1	0	0	0	0	0
AF	0	0.848220	1	1	0	0	0	0	0
AF	0	0.851031	1	1	0	0	0	0	0
AF	0	0.860087	1	0	1	0	0	0	0
AF	0	0.861337	1	1	0	0	0	0	0
AF	0	0.861961	2	2	0	0	0	0	0
AF	0	0.866334	1	1	0	0	0	0	0
AF	0	0.868207	2	2	0	0	0	0	0
AF	0	0.870394	1	1	0	0	0	0	0
AF	0	0.871018	1	1	0	0	0	0	0
AF	0	0.871330	2	1	1	0	0	0	0
AF	0	0.871643	1	1	0	0	0	0	0
AF	0	0.871955	2	2	0	0	0	0	0
AF	0	0.872580	1	1	0	0	0	0	0
AF	0	0.873204	1	1	0	0	0	0	0
AF	0	0.875390	1	1	0	0	0	0	0
AF	0	0.875703	1	0	1	0	0	0	0
AF	0	0.876640	1	1	0	0	0	0	0
AF	0	0.878513	1	0	1	0	0	0	0
AF	0	0.879138	1	1	0	0	0	0	0
AF	0	0.879450	1	1	0	0	0	0	0
AF	0	0.880700	1	1	0	0	0	0	0
AF	0	0.881324	2	2	0	0	0	0	0
AF	0	0.883510	1	1	0	0	0	0	0
AF	0	0.884760	1	1	0	0	0	0	0
AF	0	0.893192	1	1	0	0	0	0	0
AF	0	0.895378	2	1	1	0	0	0	0
AF	0	0.896002	2	1	1	0	0	0	0
AF	0	0.897876	1	1	0	0	0	0	0
AF	0	0.898501	1	1	0	0	0	0	0
AF	0	0.901624	1	1	0	0	0	0	0
AF	0	0.901936	2	2	0	0	0	0	0
AF	0	0.902249	1	0	1	0	0	0	0
AF	0	0.903810	1	0	1	0	0	0	0
AF	0	0.904122	3	1	2	0	0	0	0
AF	0	0.904435	5	2	3	0	0	0	0
AF	0	0.905684	2	0	2	0	0	0	0
AF	0	0.905996	3	2	1	0	0	0	0
AF	0	0.906309	5	2	3	0	0	0	0
AF	0	0.908182	1	1	0	0	0	0	0
AF	0	0.911618	1	1	0	0	0	0	0
AF	0	0.914428	1	0	1	0	0	0	0
AF	0	0.914741	3	2	1	0	0	0	0
AF	0	0.915053	1	0	1	0	0	0	0
AF	0	0.915365	1	0	1	0	0	0	0
AF	0	0.916302	3	3	0	0	0	0	0
AF	0	0.917552	1	1	0	0	0	0	0
AF	0	0.919425	1	1	0	0	0	0	0
AF	0	0.919738	4	3	1	0	0	0	0
AF	0	0.920362	1	0	1	0	0	0	0
AF	0	0.924110	1	1	0	0	0	0	0
AF	0	0.925359	1	1	0	0	0	0	0
AF	0	0.928482	3	3	0	0	0	0	0
AF	0	0.928795	1	1	0	0	0	0	0
AF	0	0.929419	1	1	0	0	0	0	0
AF	0	0.929731	1	0	1	0	0	0	0
AF	0	0.930981	1	1	0	0	0	0	0
AF	0	0.932854	1	0	1	0	0	0	0
AF	0	0.934104	2	1	1	0	0	0	0
AF	0	0.935665	1	1	0	0	0	0	0
AF	0	0.935978	1	0	1	0	0	0	0
AF	0	0.936290	1	0	1	0	0	0	0
AF	0	0.937227	1	1	0	0	0	0	0
AF	0	0.937851	2	1	1	0	0	0	0
AF	0	0.938164	1	1	0	0	0	0	0
AF	0	0.939101	1	1	0	0	0	0	0
AF	0	0.940974	1	1	0	0	0	0	0
AF	0	0.942848	1	1	0	0	0	0	0
AF	0	0.943473	2	0	2	0	0	0	0
AF	0	0.944722	3	2	1	0	0	0	0
AF	0	0.948157	1	1	0	0	0	0	0
AF	0	0.948470	1	1	0	0	0	0	0
AF	0	0.951280	1	1	0	0	0	0	0
AF	0	0.951593	1	1	0	0	0	0	0
AF	0	0.953154	1	1	0	0	0	0	0
AF	0	0.956277	1	0	1	0	0	0	0
AF	0	0.967833	1	1	0	0	0	0	0
AF	0	0.968457	1	0	1	0	0	0	0
AF	0	0.973454	1	0	1	0	0	0	0
AF	0	0.974079	1	1	0	0	0	0	0
AF	0	0.977202	1	1	0	0	0	0	0
AF	0	0.979076	1	1	0	0	0	0	0
AF	0	0.979388	1	0	1	0	0	0	0
AF	0	0.980325	1	0	1	0	0	0	0
AF	0	0.980949	1	1	0	0	0	0	0
AF	0	0.985009	1	1	0	0	0	0	0
AF	0	0.985946	1	1	0	0	0	0	0
AF	0	0.986571	1	0	1	0	0	0	0
AF	0	0.990319	2	1	1	0	0	0	0
AF	0	0.991568	1	1	0	0	0	0	0
AF	0	0.992817	2	1	1	0	0	0	0
AF	0	0.993442	1	0	1	0	0	0	0
AF	0	0.993754	1	1	0	0	0	0	0
AF	0	0.994379	1	1	0	0	0	0	0
AF	0	0.994691	3	1	2	0	0	0	0
AF	0	0.995315	1	0	1	0	0	0	0
AF	0	0.997189	1	1	0	0	0	0	0
AF	0	0.998126	2	1	1	0	0	0	0
AF	0	0.999063	2	0	2	0	0	0	0
# QUAL, Stats by quality
# QUAL	[2]id	[3]Quality	[4]number of SNPs	[5]number of transitions (1st ALT)	[6]number of transversions (1st ALT)	[7]number of indels
QUAL	0	.	19793	13112	6681	0
# IDD, InDel distribution:
# IDD	[2]id	[3]length (deletions negative)	[4]number of sites	[5]number of genotypes	[6]mean VAF
# ST, Substitution types:
# ST	[2]id	[3]type	[4]count
ST	0	A>C	748
ST	0	A>G	2913
ST	0	A>T	875
ST	0	C>A	1025
ST	0	C>G	661
ST	0	C>T	3618
ST	0	G>A	3848
ST	0	G>C	686
ST	0	G>T	993
ST	0	T>A	923
ST	0	T>C	2733
ST	0	T>G	770
# DP, Depth distribution
# DP	[2]id	[3]bin	[4]number of genotypes	[5]fraction of genotypes (%)	[6]number of sites	[7]fraction of sites (%)
  - Fix haploid genotypes in males...

Submit MakeDiploidMalesX finished successfully. Let's have a beer, buddy!

