Submit MakeDiploidMalesX
version 1.1.6 (2024-09-30)

These are the settings:
  Input file................: /hpc/local/Rocky8/dhl_ec/software/MonopogenLite/resources/1kGP_high_coverage_Illumina.SNVonly_poly.filtered_AF_5e-04.norm.fixvariantid.chrX.vcf.gz
  Output file...............: /hpc/local/Rocky8/dhl_ec/software/MonopogenLite/resources/1kGP_high_coverage_Illumina.SNVonly_poly.filtered_AF_5e-04.norm.fixvariantid.makediploid.chrX.vcf.gz
  Chunk size................: 100

  SLURM CPUs................: 4
  SLURM Array ID............: 47 (of 100)
  SLURM memory..............: 16G
  SLURM time................: 01:00:00
  SLURM mail type...........: FAIL
  SLURM mail user...........: s.w.vanderlaan-2@umcutrecht.nl

  Dry run mode..............: 0
  Debug mode................: 1
  Verbosity.................: 0
  Version...................: 1.1.6 (2024-09-30)

Making converting haploid genotypes to diploid genotypes.
> Extract the region for this SLURM task (# 47) from the BED file.
  - Get the chunk number from the SLURM array task ID and the bed file...
DEBUG: Extracting chunk number: 47p from 47
DEBUG: Extracting region from BED file: /hpc/local/Rocky8/dhl_ec/software/MonopogenLite/resources/chrX_100pieces.bed
  - Extract the region from the BED file...
DEBUG: Extracted raw region: 'chrX	71778769	73339176' (chunk #: 47p of 100 for job 47)
  - Check if a valid region was extracted -- should be 'chrX	71778769	73339176'...
  - Prepare the region for bcftools...
  - Check if the region (chrX:71778769-73339176) was successfully extracted...
> Processing region 'chrX:71778769-73339176'...
  - Process the specific region (chunk# 47) using bcftools view...
  - Index the VCF file...
DEBUG: Check if the VCF file was successfully processed...
##fileformat=VCFv4.2
##FILTER=<ID=PASS,Description="All filters passed">
##fileDate=29/01/2022 - 14:31:41
##source=shapeit4.2.2
##contig=<ID=chr1,length=248956422>
##contig=<ID=chr2,length=242193529>
##contig=<ID=chr3,length=198295559>
##contig=<ID=chr4,length=190214555>
##contig=<ID=chr5,length=181538259>
##contig=<ID=chr6,length=170805979>
# This file was produced by bcftools stats (1.20+htslib-1.20) and can be plotted using plot-vcfstats.
# The command line was:	bcftools stats  /hpc/local/Rocky8/dhl_ec/software/MonopogenLite/resources/chrX.part47.vcf.gz
#
# Definition of sets:
# ID	[2]id	[3]tab-separated file names
ID	0	/hpc/local/Rocky8/dhl_ec/software/MonopogenLite/resources/chrX.part47.vcf.gz
# SN, Summary numbers:
#   number of records   .. number of data rows in the VCF
#   number of no-ALTs   .. reference-only sites, ALT is either "." or identical to REF
#   number of SNPs      .. number of rows with a SNP
#   number of MNPs      .. number of rows with a MNP, such as CC>TT
#   number of indels    .. number of rows with an indel
#   number of others    .. number of rows with other type, for example a symbolic allele or
#                          a complex substitution, such as ACT>TCGA
#   number of multiallelic sites     .. number of rows with multiple alternate alleles
#   number of multiallelic SNP sites .. number of rows with multiple alternate alleles, all SNPs
# 
#   Note that rows containing multiple types will be counted multiple times, in each
#   counter. For example, a row with a SNP and an indel increments both the SNP and
#   the indel counter.
# 
# SN	[2]id	[3]key	[4]value
SN	0	number of samples:	3202
SN	0	number of records:	13278
SN	0	number of no-ALTs:	0
SN	0	number of SNPs:	13278
SN	0	number of MNPs:	0
SN	0	number of indels:	0
SN	0	number of others:	0
SN	0	number of multiallelic sites:	0
SN	0	number of multiallelic SNP sites:	0
# TSTV, transitions/transversions:
# TSTV	[2]id	[3]ts	[4]tv	[5]ts/tv	[6]ts (1st ALT)	[7]tv (1st ALT)	[8]ts/tv (1st ALT)
TSTV	0	9097	4181	2.18	9097	4181	2.18
# SiS, Singleton stats:
# SiS	[2]id	[3]allele count	[4]number of SNPs	[5]number of transitions	[6]number of transversions	[7]number of indels	[8]repeat-consistent	[9]repeat-inconsistent	[10]not applicable
SiS	0	1	0	0	0	0	0	0	0
# AF, Stats by non-reference allele frequency:
# AF	[2]id	[3]allele frequency	[4]number of SNPs	[5]number of transitions	[6]number of transversions	[7]number of indels	[8]repeat-consistent	[9]repeat-inconsistent	[10]not applicable
AF	0	0.000312	2141	1492	649	0	0	0	0
AF	0	0.000625	1370	933	437	0	0	0	0
AF	0	0.000937	1385	976	409	0	0	0	0
AF	0	0.001249	533	325	208	0	0	0	0
AF	0	0.001562	728	519	209	0	0	0	0
AF	0	0.001874	287	187	100	0	0	0	0
AF	0	0.002186	381	273	108	0	0	0	0
AF	0	0.002498	317	222	95	0	0	0	0
AF	0	0.002811	357	234	123	0	0	0	0
AF	0	0.003123	107	72	35	0	0	0	0
AF	0	0.003435	319	216	103	0	0	0	0
AF	0	0.003748	87	61	26	0	0	0	0
AF	0	0.004060	226	158	68	0	0	0	0
AF	0	0.004372	106	65	41	0	0	0	0
AF	0	0.004685	172	122	50	0	0	0	0
AF	0	0.004997	79	58	21	0	0	0	0
AF	0	0.005309	208	138	70	0	0	0	0
AF	0	0.005621	48	36	12	0	0	0	0
AF	0	0.005934	134	94	40	0	0	0	0
AF	0	0.006246	62	44	18	0	0	0	0
AF	0	0.006558	160	111	49	0	0	0	0
AF	0	0.006871	60	42	18	0	0	0	0
AF	0	0.007183	87	55	32	0	0	0	0
AF	0	0.007495	29	22	7	0	0	0	0
AF	0	0.007808	66	44	22	0	0	0	0
AF	0	0.008120	26	17	9	0	0	0	0
AF	0	0.008432	98	77	21	0	0	0	0
AF	0	0.008745	153	89	64	0	0	0	0
AF	0	0.009057	83	62	21	0	0	0	0
AF	0	0.009369	47	33	14	0	0	0	0
AF	0	0.009681	75	51	24	0	0	0	0
AF	0	0.009994	33	23	10	0	0	0	0
AF	0	0.010306	76	47	29	0	0	0	0
AF	0	0.010618	20	15	5	0	0	0	0
AF	0	0.010931	26	16	10	0	0	0	0
AF	0	0.011243	16	13	3	0	0	0	0
AF	0	0.011555	42	27	15	0	0	0	0
AF	0	0.011868	16	12	4	0	0	0	0
AF	0	0.012180	31	21	10	0	0	0	0
AF	0	0.012492	18	12	6	0	0	0	0
AF	0	0.012804	33	23	10	0	0	0	0
AF	0	0.013117	13	8	5	0	0	0	0
AF	0	0.013429	30	18	12	0	0	0	0
AF	0	0.013741	19	14	5	0	0	0	0
AF	0	0.014054	29	22	7	0	0	0	0
AF	0	0.014366	20	15	5	0	0	0	0
AF	0	0.014678	34	22	12	0	0	0	0
AF	0	0.014991	8	4	4	0	0	0	0
AF	0	0.015303	35	23	12	0	0	0	0
AF	0	0.015615	13	10	3	0	0	0	0
AF	0	0.015928	34	21	13	0	0	0	0
AF	0	0.016240	11	7	4	0	0	0	0
AF	0	0.016552	18	12	6	0	0	0	0
AF	0	0.016864	19	12	7	0	0	0	0
AF	0	0.017177	20	11	9	0	0	0	0
AF	0	0.017489	13	12	1	0	0	0	0
AF	0	0.017801	25	14	11	0	0	0	0
AF	0	0.018114	13	8	5	0	0	0	0
AF	0	0.018426	22	17	5	0	0	0	0
AF	0	0.018738	4	3	1	0	0	0	0
AF	0	0.019051	24	14	10	0	0	0	0
AF	0	0.019363	11	4	7	0	0	0	0
AF	0	0.019675	40	26	14	0	0	0	0
AF	0	0.019988	7	5	2	0	0	0	0
AF	0	0.020300	11	8	3	0	0	0	0
AF	0	0.020612	8	6	2	0	0	0	0
AF	0	0.020924	16	9	7	0	0	0	0
AF	0	0.021237	7	4	3	0	0	0	0
AF	0	0.021549	15	10	5	0	0	0	0
AF	0	0.021861	16	12	4	0	0	0	0
AF	0	0.022174	22	16	6	0	0	0	0
AF	0	0.022486	4	4	0	0	0	0	0
AF	0	0.022798	14	11	3	0	0	0	0
AF	0	0.023111	2	0	2	0	0	0	0
AF	0	0.023423	6	5	1	0	0	0	0
AF	0	0.023735	10	7	3	0	0	0	0
AF	0	0.024047	5	5	0	0	0	0	0
AF	0	0.024360	4	3	1	0	0	0	0
AF	0	0.024672	13	7	6	0	0	0	0
AF	0	0.024984	7	4	3	0	0	0	0
AF	0	0.025297	14	12	2	0	0	0	0
AF	0	0.025609	4	2	2	0	0	0	0
AF	0	0.025921	15	12	3	0	0	0	0
AF	0	0.026234	6	3	3	0	0	0	0
AF	0	0.026546	6	4	2	0	0	0	0
AF	0	0.026858	6	3	3	0	0	0	0
AF	0	0.027171	25	18	7	0	0	0	0
AF	0	0.027483	3	3	0	0	0	0	0
AF	0	0.027795	3	2	1	0	0	0	0
AF	0	0.028107	15	11	4	0	0	0	0
AF	0	0.028420	21	14	7	0	0	0	0
AF	0	0.028732	5	3	2	0	0	0	0
AF	0	0.029044	13	10	3	0	0	0	0
AF	0	0.029357	5	4	1	0	0	0	0
AF	0	0.029669	23	12	11	0	0	0	0
AF	0	0.029981	9	6	3	0	0	0	0
AF	0	0.030294	9	8	1	0	0	0	0
AF	0	0.030606	10	9	1	0	0	0	0
AF	0	0.030918	21	11	10	0	0	0	0
AF	0	0.031230	9	7	2	0	0	0	0
AF	0	0.031543	6	3	3	0	0	0	0
AF	0	0.031855	2	2	0	0	0	0	0
AF	0	0.032167	8	7	1	0	0	0	0
AF	0	0.032480	2	1	1	0	0	0	0
AF	0	0.032792	9	4	5	0	0	0	0
AF	0	0.033104	2	1	1	0	0	0	0
AF	0	0.033417	17	11	6	0	0	0	0
AF	0	0.033729	3	3	0	0	0	0	0
AF	0	0.034041	4	3	1	0	0	0	0
AF	0	0.034354	8	8	0	0	0	0	0
AF	0	0.034666	6	4	2	0	0	0	0
AF	0	0.034978	5	2	3	0	0	0	0
AF	0	0.035290	7	4	3	0	0	0	0
AF	0	0.035915	9	5	4	0	0	0	0
AF	0	0.036540	24	19	5	0	0	0	0
AF	0	0.036852	4	3	1	0	0	0	0
AF	0	0.037164	7	6	1	0	0	0	0
AF	0	0.037477	3	3	0	0	0	0	0
AF	0	0.037789	5	4	1	0	0	0	0
AF	0	0.038413	6	4	2	0	0	0	0
AF	0	0.038726	3	1	2	0	0	0	0
AF	0	0.039038	4	4	0	0	0	0	0
AF	0	0.039350	13	6	7	0	0	0	0
AF	0	0.039663	9	6	3	0	0	0	0
AF	0	0.039975	4	2	2	0	0	0	0
AF	0	0.040287	9	6	3	0	0	0	0
AF	0	0.040912	21	13	8	0	0	0	0
AF	0	0.041224	36	25	11	0	0	0	0
AF	0	0.041537	53	41	12	0	0	0	0
AF	0	0.041849	4	3	1	0	0	0	0
AF	0	0.042161	1	1	0	0	0	0	0
AF	0	0.042786	3	3	0	0	0	0	0
AF	0	0.043098	5	5	0	0	0	0	0
AF	0	0.043410	2	1	1	0	0	0	0
AF	0	0.044035	5	4	1	0	0	0	0
AF	0	0.044347	2	2	0	0	0	0	0
AF	0	0.044660	1	1	0	0	0	0	0
AF	0	0.044972	1	0	1	0	0	0	0
AF	0	0.045284	4	1	3	0	0	0	0
AF	0	0.045909	2	2	0	0	0	0	0
AF	0	0.046221	3	3	0	0	0	0	0
AF	0	0.046533	5	4	1	0	0	0	0
AF	0	0.046846	2	2	0	0	0	0	0
AF	0	0.047158	5	5	0	0	0	0	0
AF	0	0.047470	3	3	0	0	0	0	0
AF	0	0.047783	2	2	0	0	0	0	0
AF	0	0.048407	5	2	3	0	0	0	0
AF	0	0.048720	2	2	0	0	0	0	0
AF	0	0.049032	2	1	1	0	0	0	0
AF	0	0.049656	5	5	0	0	0	0	0
AF	0	0.049969	18	14	4	0	0	0	0
AF	0	0.050281	9	6	3	0	0	0	0
AF	0	0.050906	2	2	0	0	0	0	0
AF	0	0.051218	3	3	0	0	0	0	0
AF	0	0.051530	3	1	2	0	0	0	0
AF	0	0.051843	4	3	1	0	0	0	0
AF	0	0.052155	2	1	1	0	0	0	0
AF	0	0.052780	3	3	0	0	0	0	0
AF	0	0.053092	1	1	0	0	0	0	0
AF	0	0.053404	2	0	2	0	0	0	0
AF	0	0.054341	1	0	1	0	0	0	0
AF	0	0.054653	1	1	0	0	0	0	0
AF	0	0.055590	2	1	1	0	0	0	0
AF	0	0.055903	3	3	0	0	0	0	0
AF	0	0.056215	7	3	4	0	0	0	0
AF	0	0.056527	4	4	0	0	0	0	0
AF	0	0.057152	2	2	0	0	0	0	0
AF	0	0.058089	1	0	1	0	0	0	0
AF	0	0.059026	1	1	0	0	0	0	0
AF	0	0.059338	2	1	1	0	0	0	0
AF	0	0.059650	1	0	1	0	0	0	0
AF	0	0.059963	2	1	1	0	0	0	0
AF	0	0.061212	2	2	0	0	0	0	0
AF	0	0.061524	2	1	1	0	0	0	0
AF	0	0.062149	2	0	2	0	0	0	0
AF	0	0.062461	2	1	1	0	0	0	0
AF	0	0.063086	1	1	0	0	0	0	0
AF	0	0.063398	6	4	2	0	0	0	0
AF	0	0.063710	1	1	0	0	0	0	0
AF	0	0.064022	2	2	0	0	0	0	0
AF	0	0.064647	5	4	1	0	0	0	0
AF	0	0.064959	5	3	2	0	0	0	0
AF	0	0.065272	7	2	5	0	0	0	0
AF	0	0.065584	2	1	1	0	0	0	0
AF	0	0.065896	3	1	2	0	0	0	0
AF	0	0.066521	3	1	2	0	0	0	0
AF	0	0.066833	8	6	2	0	0	0	0
AF	0	0.067458	1	0	1	0	0	0	0
AF	0	0.068395	2	2	0	0	0	0	0
AF	0	0.068707	1	1	0	0	0	0	0
AF	0	0.069019	4	3	1	0	0	0	0
AF	0	0.069332	2	1	1	0	0	0	0
AF	0	0.069644	1	1	0	0	0	0	0
AF	0	0.069956	1	0	1	0	0	0	0
AF	0	0.070581	1	1	0	0	0	0	0
AF	0	0.070893	3	2	1	0	0	0	0
AF	0	0.071518	1	1	0	0	0	0	0
AF	0	0.072142	3	3	0	0	0	0	0
AF	0	0.072455	1	1	0	0	0	0	0
AF	0	0.074016	1	1	0	0	0	0	0
AF	0	0.074329	1	1	0	0	0	0	0
AF	0	0.074641	1	0	1	0	0	0	0
AF	0	0.075265	3	3	0	0	0	0	0
AF	0	0.075890	1	1	0	0	0	0	0
AF	0	0.076202	1	1	0	0	0	0	0
AF	0	0.077139	1	1	0	0	0	0	0
AF	0	0.077452	1	1	0	0	0	0	0
AF	0	0.077764	3	3	0	0	0	0	0
AF	0	0.078389	1	0	1	0	0	0	0
AF	0	0.079325	3	2	1	0	0	0	0
AF	0	0.079638	3	1	2	0	0	0	0
AF	0	0.080262	1	0	1	0	0	0	0
AF	0	0.080575	1	1	0	0	0	0	0
AF	0	0.080887	2	2	0	0	0	0	0
AF	0	0.081199	1	0	1	0	0	0	0
AF	0	0.081824	1	1	0	0	0	0	0
AF	0	0.082448	4	3	1	0	0	0	0
AF	0	0.083698	1	0	1	0	0	0	0
AF	0	0.084010	2	2	0	0	0	0	0
AF	0	0.084635	1	0	1	0	0	0	0
AF	0	0.085259	1	1	0	0	0	0	0
AF	0	0.085572	1	1	0	0	0	0	0
AF	0	0.085884	2	1	1	0	0	0	0
AF	0	0.086508	3	3	0	0	0	0	0
AF	0	0.086821	1	1	0	0	0	0	0
AF	0	0.087133	2	1	1	0	0	0	0
AF	0	0.087758	2	2	0	0	0	0	0
AF	0	0.088070	1	1	0	0	0	0	0
AF	0	0.088382	1	1	0	0	0	0	0
AF	0	0.089007	1	0	1	0	0	0	0
AF	0	0.089631	2	1	1	0	0	0	0
AF	0	0.090256	1	0	1	0	0	0	0
AF	0	0.090568	3	3	0	0	0	0	0
AF	0	0.090881	1	0	1	0	0	0	0
AF	0	0.091193	1	0	1	0	0	0	0
AF	0	0.091818	1	1	0	0	0	0	0
AF	0	0.093067	1	1	0	0	0	0	0
AF	0	0.094004	8	5	3	0	0	0	0
AF	0	0.094628	1	1	0	0	0	0	0
AF	0	0.094941	2	1	1	0	0	0	0
AF	0	0.096502	1	0	1	0	0	0	0
AF	0	0.097127	3	3	0	0	0	0	0
AF	0	0.097751	1	1	0	0	0	0	0
AF	0	0.098376	2	1	1	0	0	0	0
AF	0	0.098688	1	1	0	0	0	0	0
AF	0	0.099001	6	4	2	0	0	0	0
AF	0	0.099625	7	5	2	0	0	0	0
AF	0	0.099938	1	1	0	0	0	0	0
AF	0	0.100250	2	2	0	0	0	0	0
AF	0	0.100562	1	1	0	0	0	0	0
AF	0	0.100874	2	1	1	0	0	0	0
AF	0	0.101187	2	2	0	0	0	0	0
AF	0	0.101811	1	1	0	0	0	0	0
AF	0	0.102124	8	4	4	0	0	0	0
AF	0	0.102436	1	1	0	0	0	0	0
AF	0	0.102748	4	2	2	0	0	0	0
AF	0	0.103061	1	1	0	0	0	0	0
AF	0	0.103373	2	2	0	0	0	0	0
AF	0	0.103685	3	3	0	0	0	0	0
AF	0	0.103998	2	1	1	0	0	0	0
AF	0	0.104310	3	1	2	0	0	0	0
AF	0	0.104622	4	3	1	0	0	0	0
AF	0	0.104934	3	2	1	0	0	0	0
AF	0	0.105247	2	2	0	0	0	0	0
AF	0	0.105559	2	2	0	0	0	0	0
AF	0	0.105871	10	7	3	0	0	0	0
AF	0	0.106184	8	7	1	0	0	0	0
AF	0	0.106496	7	4	3	0	0	0	0
AF	0	0.106808	2	1	1	0	0	0	0
AF	0	0.107121	4	3	1	0	0	0	0
AF	0	0.107433	1	1	0	0	0	0	0
AF	0	0.107745	2	1	1	0	0	0	0
AF	0	0.108370	2	1	1	0	0	0	0
AF	0	0.109307	2	2	0	0	0	0	0
AF	0	0.109619	3	1	2	0	0	0	0
AF	0	0.110556	1	0	1	0	0	0	0
AF	0	0.110868	1	0	1	0	0	0	0
AF	0	0.111805	3	1	2	0	0	0	0
AF	0	0.112430	1	1	0	0	0	0	0
AF	0	0.113991	2	0	2	0	0	0	0
AF	0	0.114616	1	0	1	0	0	0	0
AF	0	0.115240	2	1	1	0	0	0	0
AF	0	0.115865	1	1	0	0	0	0	0
AF	0	0.116177	1	1	0	0	0	0	0
AF	0	0.116490	1	1	0	0	0	0	0
AF	0	0.117427	1	1	0	0	0	0	0
AF	0	0.118676	3	2	1	0	0	0	0
AF	0	0.118988	2	1	1	0	0	0	0
AF	0	0.119300	3	3	0	0	0	0	0
AF	0	0.119613	2	2	0	0	0	0	0
AF	0	0.119925	1	1	0	0	0	0	0
AF	0	0.121174	3	3	0	0	0	0	0
AF	0	0.121487	1	1	0	0	0	0	0
AF	0	0.121799	1	0	1	0	0	0	0
AF	0	0.123048	1	0	1	0	0	0	0
AF	0	0.123673	1	1	0	0	0	0	0
AF	0	0.124922	2	1	1	0	0	0	0
AF	0	0.125234	1	1	0	0	0	0	0
AF	0	0.125547	3	2	1	0	0	0	0
AF	0	0.127108	1	1	0	0	0	0	0
AF	0	0.127420	1	1	0	0	0	0	0
AF	0	0.128357	2	2	0	0	0	0	0
AF	0	0.128982	1	1	0	0	0	0	0
AF	0	0.129294	9	8	1	0	0	0	0
AF	0	0.129919	2	1	1	0	0	0	0
AF	0	0.130231	2	1	1	0	0	0	0
AF	0	0.130543	1	1	0	0	0	0	0
AF	0	0.130856	1	1	0	0	0	0	0
AF	0	0.131793	3	3	0	0	0	0	0
AF	0	0.132417	3	3	0	0	0	0	0
AF	0	0.132730	5	5	0	0	0	0	0
AF	0	0.133042	24	13	11	0	0	0	0
AF	0	0.133354	12	7	5	0	0	0	0
AF	0	0.133666	3	2	1	0	0	0	0
AF	0	0.133979	3	3	0	0	0	0	0
AF	0	0.134603	2	2	0	0	0	0	0
AF	0	0.134916	5	2	3	0	0	0	0
AF	0	0.135540	1	1	0	0	0	0	0
AF	0	0.135853	1	0	1	0	0	0	0
AF	0	0.136165	2	1	1	0	0	0	0
AF	0	0.136477	1	0	1	0	0	0	0
AF	0	0.137102	1	1	0	0	0	0	0
AF	0	0.137414	1	1	0	0	0	0	0
AF	0	0.138039	3	2	1	0	0	0	0
AF	0	0.138351	1	0	1	0	0	0	0
AF	0	0.138663	4	2	2	0	0	0	0
AF	0	0.138976	2	1	1	0	0	0	0
AF	0	0.139913	1	0	1	0	0	0	0
AF	0	0.140849	1	0	1	0	0	0	0
AF	0	0.141162	1	0	1	0	0	0	0
AF	0	0.141474	1	0	1	0	0	0	0
AF	0	0.141786	3	2	1	0	0	0	0
AF	0	0.142099	2	1	1	0	0	0	0
AF	0	0.142411	1	1	0	0	0	0	0
AF	0	0.142723	1	0	1	0	0	0	0
AF	0	0.143660	2	1	1	0	0	0	0
AF	0	0.144597	1	1	0	0	0	0	0
AF	0	0.144909	1	1	0	0	0	0	0
AF	0	0.145222	3	2	1	0	0	0	0
AF	0	0.145534	6	4	2	0	0	0	0
AF	0	0.145846	1	1	0	0	0	0	0
AF	0	0.146159	2	1	1	0	0	0	0
AF	0	0.146471	1	1	0	0	0	0	0
AF	0	0.147720	3	3	0	0	0	0	0
AF	0	0.148032	1	1	0	0	0	0	0
AF	0	0.148969	1	1	0	0	0	0	0
AF	0	0.149282	1	1	0	0	0	0	0
AF	0	0.151780	1	1	0	0	0	0	0
AF	0	0.152092	1	0	1	0	0	0	0
AF	0	0.153654	1	1	0	0	0	0	0
AF	0	0.154591	2	2	0	0	0	0	0
AF	0	0.156777	1	1	0	0	0	0	0
AF	0	0.157089	3	2	1	0	0	0	0
AF	0	0.157402	2	1	1	0	0	0	0
AF	0	0.157714	1	0	1	0	0	0	0
AF	0	0.159275	1	0	1	0	0	0	0
AF	0	0.159588	1	0	1	0	0	0	0
AF	0	0.161149	2	2	0	0	0	0	0
AF	0	0.162086	1	1	0	0	0	0	0
AF	0	0.162399	2	2	0	0	0	0	0
AF	0	0.163648	1	0	1	0	0	0	0
AF	0	0.164272	3	2	1	0	0	0	0
AF	0	0.164585	1	0	1	0	0	0	0
AF	0	0.164897	1	0	1	0	0	0	0
AF	0	0.167395	1	1	0	0	0	0	0
AF	0	0.168332	1	1	0	0	0	0	0
AF	0	0.168645	2	1	1	0	0	0	0
AF	0	0.169269	3	2	1	0	0	0	0
AF	0	0.169582	1	1	0	0	0	0	0
AF	0	0.169894	2	2	0	0	0	0	0
AF	0	0.170518	4	3	1	0	0	0	0
AF	0	0.170831	6	4	2	0	0	0	0
AF	0	0.171143	3	0	3	0	0	0	0
AF	0	0.171455	2	2	0	0	0	0	0
AF	0	0.171768	4	3	1	0	0	0	0
AF	0	0.172392	1	0	1	0	0	0	0
AF	0	0.174891	1	1	0	0	0	0	0
AF	0	0.175828	2	2	0	0	0	0	0
AF	0	0.176765	1	0	1	0	0	0	0
AF	0	0.178326	1	0	1	0	0	0	0
AF	0	0.178638	1	1	0	0	0	0	0
AF	0	0.179263	1	1	0	0	0	0	0
AF	0	0.179888	1	0	1	0	0	0	0
AF	0	0.180200	2	1	1	0	0	0	0
AF	0	0.181137	1	0	1	0	0	0	0
AF	0	0.181761	1	1	0	0	0	0	0
AF	0	0.182074	1	0	1	0	0	0	0
AF	0	0.183011	1	0	1	0	0	0	0
AF	0	0.183323	2	0	2	0	0	0	0
AF	0	0.183635	7	4	3	0	0	0	0
AF	0	0.183948	1	1	0	0	0	0	0
AF	0	0.184260	1	0	1	0	0	0	0
AF	0	0.185197	1	1	0	0	0	0	0
AF	0	0.185509	1	1	0	0	0	0	0
AF	0	0.186758	2	1	1	0	0	0	0
AF	0	0.187383	8	6	2	0	0	0	0
AF	0	0.187695	14	11	3	0	0	0	0
AF	0	0.188007	13	8	5	0	0	0	0
AF	0	0.188320	1	1	0	0	0	0	0
AF	0	0.190506	1	0	1	0	0	0	0
AF	0	0.191131	2	1	1	0	0	0	0
AF	0	0.191443	2	1	1	0	0	0	0
AF	0	0.191755	2	0	2	0	0	0	0
AF	0	0.192380	3	2	1	0	0	0	0
AF	0	0.192692	2	2	0	0	0	0	0
AF	0	0.193004	3	1	2	0	0	0	0
AF	0	0.194254	1	0	1	0	0	0	0
AF	0	0.197377	2	2	0	0	0	0	0
AF	0	0.198626	1	1	0	0	0	0	0
AF	0	0.199875	3	1	2	0	0	0	0
AF	0	0.200187	1	1	0	0	0	0	0
AF	0	0.200500	1	0	1	0	0	0	0
AF	0	0.201124	1	1	0	0	0	0	0
AF	0	0.201749	1	0	1	0	0	0	0
AF	0	0.202374	1	0	1	0	0	0	0
AF	0	0.202686	2	2	0	0	0	0	0
AF	0	0.202998	2	2	0	0	0	0	0
AF	0	0.203623	1	1	0	0	0	0	0
AF	0	0.203935	3	2	1	0	0	0	0
AF	0	0.204872	3	2	1	0	0	0	0
AF	0	0.205497	1	1	0	0	0	0	0
AF	0	0.206433	1	1	0	0	0	0	0
AF	0	0.206746	4	1	3	0	0	0	0
AF	0	0.207058	1	1	0	0	0	0	0
AF	0	0.207370	2	1	1	0	0	0	0
AF	0	0.208620	1	1	0	0	0	0	0
AF	0	0.208932	1	1	0	0	0	0	0
AF	0	0.209244	2	2	0	0	0	0	0
AF	0	0.209557	1	1	0	0	0	0	0
AF	0	0.209869	1	1	0	0	0	0	0
AF	0	0.210493	1	0	1	0	0	0	0
AF	0	0.210806	1	1	0	0	0	0	0
AF	0	0.211118	1	1	0	0	0	0	0
AF	0	0.211743	1	0	1	0	0	0	0
AF	0	0.212680	1	0	1	0	0	0	0
AF	0	0.212992	1	1	0	0	0	0	0
AF	0	0.213616	1	1	0	0	0	0	0
AF	0	0.213929	1	1	0	0	0	0	0
AF	0	0.214241	1	1	0	0	0	0	0
AF	0	0.214866	1	0	1	0	0	0	0
AF	0	0.215178	1	0	1	0	0	0	0
AF	0	0.215803	1	1	0	0	0	0	0
AF	0	0.216427	1	1	0	0	0	0	0
AF	0	0.217052	2	1	1	0	0	0	0
AF	0	0.217364	5	5	0	0	0	0	0
AF	0	0.217989	4	3	1	0	0	0	0
AF	0	0.218926	1	0	1	0	0	0	0
AF	0	0.219550	3	1	2	0	0	0	0
AF	0	0.220487	1	1	0	0	0	0	0
AF	0	0.220800	1	1	0	0	0	0	0
AF	0	0.221112	2	1	1	0	0	0	0
AF	0	0.221424	4	3	1	0	0	0	0
AF	0	0.221736	1	1	0	0	0	0	0
AF	0	0.222049	2	1	1	0	0	0	0
AF	0	0.222361	1	1	0	0	0	0	0
AF	0	0.222986	2	2	0	0	0	0	0
AF	0	0.224547	2	2	0	0	0	0	0
AF	0	0.225796	1	0	1	0	0	0	0
AF	0	0.226421	1	0	1	0	0	0	0
AF	0	0.226733	1	0	1	0	0	0	0
AF	0	0.227358	2	2	0	0	0	0	0
AF	0	0.227670	1	1	0	0	0	0	0
AF	0	0.227983	1	0	1	0	0	0	0
AF	0	0.228607	1	0	1	0	0	0	0
AF	0	0.229232	1	1	0	0	0	0	0
AF	0	0.229544	1	1	0	0	0	0	0
AF	0	0.229856	4	2	2	0	0	0	0
AF	0	0.230169	3	3	0	0	0	0	0
AF	0	0.231418	1	0	1	0	0	0	0
AF	0	0.232042	2	2	0	0	0	0	0
AF	0	0.232355	1	1	0	0	0	0	0
AF	0	0.233604	1	0	1	0	0	0	0
AF	0	0.233916	2	2	0	0	0	0	0
AF	0	0.234541	5	3	2	0	0	0	0
AF	0	0.234853	2	1	1	0	0	0	0
AF	0	0.235166	4	0	4	0	0	0	0
AF	0	0.235478	1	1	0	0	0	0	0
AF	0	0.235790	1	1	0	0	0	0	0
AF	0	0.236415	1	1	0	0	0	0	0
AF	0	0.239225	1	1	0	0	0	0	0
AF	0	0.239538	1	0	1	0	0	0	0
AF	0	0.242036	1	1	0	0	0	0	0
AF	0	0.243285	3	3	0	0	0	0	0
AF	0	0.243910	2	1	1	0	0	0	0
AF	0	0.245472	1	1	0	0	0	0	0
AF	0	0.247345	1	1	0	0	0	0	0
AF	0	0.248907	1	1	0	0	0	0	0
AF	0	0.252030	1	1	0	0	0	0	0
AF	0	0.252655	1	0	1	0	0	0	0
AF	0	0.252967	2	1	1	0	0	0	0
AF	0	0.253592	1	1	0	0	0	0	0
AF	0	0.253904	1	1	0	0	0	0	0
AF	0	0.254216	1	0	1	0	0	0	0
AF	0	0.255153	3	1	2	0	0	0	0
AF	0	0.255778	1	1	0	0	0	0	0
AF	0	0.256402	2	2	0	0	0	0	0
AF	0	0.256715	2	1	1	0	0	0	0
AF	0	0.257027	2	1	1	0	0	0	0
AF	0	0.258276	2	2	0	0	0	0	0
AF	0	0.258901	1	1	0	0	0	0	0
AF	0	0.263898	2	0	2	0	0	0	0
AF	0	0.264210	1	0	1	0	0	0	0
AF	0	0.268270	1	0	1	0	0	0	0
AF	0	0.268894	1	1	0	0	0	0	0
AF	0	0.270456	1	0	1	0	0	0	0
AF	0	0.271393	2	1	1	0	0	0	0
AF	0	0.272017	1	0	1	0	0	0	0
AF	0	0.273267	1	1	0	0	0	0	0
AF	0	0.273579	1	1	0	0	0	0	0
AF	0	0.273891	2	2	0	0	0	0	0
AF	0	0.274516	7	4	3	0	0	0	0
AF	0	0.274828	14	10	4	0	0	0	0
AF	0	0.275141	4	3	1	0	0	0	0
AF	0	0.275453	1	1	0	0	0	0	0
AF	0	0.275765	17	9	8	0	0	0	0
AF	0	0.276077	8	5	3	0	0	0	0
AF	0	0.276390	3	2	1	0	0	0	0
AF	0	0.277014	12	8	4	0	0	0	0
AF	0	0.277639	2	1	1	0	0	0	0
AF	0	0.277951	1	0	1	0	0	0	0
AF	0	0.278264	3	2	1	0	0	0	0
AF	0	0.278576	2	0	2	0	0	0	0
AF	0	0.278888	4	1	3	0	0	0	0
AF	0	0.279200	3	3	0	0	0	0	0
AF	0	0.279513	5	4	1	0	0	0	0
AF	0	0.279825	1	0	1	0	0	0	0
AF	0	0.280137	4	1	3	0	0	0	0
AF	0	0.280450	4	1	3	0	0	0	0
AF	0	0.280762	3	1	2	0	0	0	0
AF	0	0.281074	3	3	0	0	0	0	0
AF	0	0.281387	5	2	3	0	0	0	0
AF	0	0.281699	3	3	0	0	0	0	0
AF	0	0.282011	4	1	3	0	0	0	0
AF	0	0.282324	1	1	0	0	0	0	0
AF	0	0.283260	2	1	1	0	0	0	0
AF	0	0.283573	3	2	1	0	0	0	0
AF	0	0.283885	9	7	2	0	0	0	0
AF	0	0.284510	1	1	0	0	0	0	0
AF	0	0.285134	1	1	0	0	0	0	0
AF	0	0.286384	1	1	0	0	0	0	0
AF	0	0.286696	1	0	1	0	0	0	0
AF	0	0.287008	4	4	0	0	0	0	0
AF	0	0.287320	2	0	2	0	0	0	0
AF	0	0.287633	1	1	0	0	0	0	0
AF	0	0.288257	1	1	0	0	0	0	0
AF	0	0.289507	1	0	1	0	0	0	0
AF	0	0.289819	1	1	0	0	0	0	0
AF	0	0.292630	1	1	0	0	0	0	0
AF	0	0.292942	1	1	0	0	0	0	0
AF	0	0.293254	2	2	0	0	0	0	0
AF	0	0.293567	1	0	1	0	0	0	0
AF	0	0.297002	1	0	1	0	0	0	0
AF	0	0.297626	2	2	0	0	0	0	0
AF	0	0.298251	1	1	0	0	0	0	0
AF	0	0.298563	1	1	0	0	0	0	0
AF	0	0.298876	4	2	2	0	0	0	0
AF	0	0.299500	2	1	1	0	0	0	0
AF	0	0.299813	1	0	1	0	0	0	0
AF	0	0.300125	2	2	0	0	0	0	0
AF	0	0.300437	1	1	0	0	0	0	0
AF	0	0.300750	1	1	0	0	0	0	0
AF	0	0.301374	1	1	0	0	0	0	0
AF	0	0.301999	3	2	1	0	0	0	0
AF	0	0.302623	2	2	0	0	0	0	0
AF	0	0.303873	3	1	2	0	0	0	0
AF	0	0.304185	1	1	0	0	0	0	0
AF	0	0.305434	1	1	0	0	0	0	0
AF	0	0.306683	2	2	0	0	0	0	0
AF	0	0.306996	1	0	1	0	0	0	0
AF	0	0.307308	1	1	0	0	0	0	0
AF	0	0.307620	1	1	0	0	0	0	0
AF	0	0.307933	2	2	0	0	0	0	0
AF	0	0.308245	1	1	0	0	0	0	0
AF	0	0.308557	1	1	0	0	0	0	0
AF	0	0.308869	3	3	0	0	0	0	0
AF	0	0.309182	3	2	1	0	0	0	0
AF	0	0.309494	3	1	2	0	0	0	0
AF	0	0.309806	1	0	1	0	0	0	0
AF	0	0.310119	1	1	0	0	0	0	0
AF	0	0.311056	2	1	1	0	0	0	0
AF	0	0.311680	1	1	0	0	0	0	0
AF	0	0.311993	1	1	0	0	0	0	0
AF	0	0.312305	1	1	0	0	0	0	0
AF	0	0.312929	1	0	1	0	0	0	0
AF	0	0.313866	3	3	0	0	0	0	0
AF	0	0.314179	1	0	1	0	0	0	0
AF	0	0.314491	3	2	1	0	0	0	0
AF	0	0.314803	1	1	0	0	0	0	0
AF	0	0.315428	1	1	0	0	0	0	0
AF	0	0.316052	1	1	0	0	0	0	0
AF	0	0.316365	1	1	0	0	0	0	0
AF	0	0.318551	1	0	1	0	0	0	0
AF	0	0.319488	1	0	1	0	0	0	0
AF	0	0.320112	3	3	0	0	0	0	0
AF	0	0.320737	1	1	0	0	0	0	0
AF	0	0.322611	1	1	0	0	0	0	0
AF	0	0.325109	1	1	0	0	0	0	0
AF	0	0.326046	1	0	1	0	0	0	0
AF	0	0.326983	2	1	1	0	0	0	0
AF	0	0.327295	2	2	0	0	0	0	0
AF	0	0.328232	2	1	1	0	0	0	0
AF	0	0.328857	1	0	1	0	0	0	0
AF	0	0.329169	1	1	0	0	0	0	0
AF	0	0.329482	1	1	0	0	0	0	0
AF	0	0.329794	1	1	0	0	0	0	0
AF	0	0.330106	1	1	0	0	0	0	0
AF	0	0.330418	1	1	0	0	0	0	0
AF	0	0.330731	4	4	0	0	0	0	0
AF	0	0.331355	7	7	0	0	0	0	0
AF	0	0.331668	5	3	2	0	0	0	0
AF	0	0.331980	7	3	4	0	0	0	0
AF	0	0.332292	1	1	0	0	0	0	0
AF	0	0.332605	3	1	2	0	0	0	0
AF	0	0.332917	1	1	0	0	0	0	0
AF	0	0.333542	3	0	3	0	0	0	0
AF	0	0.334166	4	1	3	0	0	0	0
AF	0	0.334791	2	2	0	0	0	0	0
AF	0	0.335415	2	2	0	0	0	0	0
AF	0	0.335728	1	0	1	0	0	0	0
AF	0	0.336040	5	5	0	0	0	0	0
AF	0	0.336352	11	9	2	0	0	0	0
AF	0	0.336665	20	14	6	0	0	0	0
AF	0	0.336977	4	4	0	0	0	0	0
AF	0	0.337289	8	6	2	0	0	0	0
AF	0	0.337601	1	1	0	0	0	0	0
AF	0	0.337914	3	2	1	0	0	0	0
AF	0	0.338226	1	0	1	0	0	0	0
AF	0	0.338538	3	2	1	0	0	0	0
AF	0	0.339163	1	1	0	0	0	0	0
AF	0	0.339788	1	1	0	0	0	0	0
AF	0	0.340100	1	1	0	0	0	0	0
AF	0	0.340412	2	2	0	0	0	0	0
AF	0	0.342598	1	1	0	0	0	0	0
AF	0	0.343535	2	2	0	0	0	0	0
AF	0	0.343848	1	1	0	0	0	0	0
AF	0	0.344785	3	3	0	0	0	0	0
AF	0	0.345097	2	2	0	0	0	0	0
AF	0	0.345409	8	4	4	0	0	0	0
AF	0	0.345721	2	0	2	0	0	0	0
AF	0	0.346034	3	3	0	0	0	0	0
AF	0	0.346658	2	2	0	0	0	0	0
AF	0	0.346971	1	1	0	0	0	0	0
AF	0	0.347283	2	2	0	0	0	0	0
AF	0	0.348220	1	0	1	0	0	0	0
AF	0	0.349157	1	1	0	0	0	0	0
AF	0	0.350406	2	1	1	0	0	0	0
AF	0	0.351031	2	1	1	0	0	0	0
AF	0	0.351655	1	0	1	0	0	0	0
AF	0	0.352592	2	2	0	0	0	0	0
AF	0	0.352904	2	2	0	0	0	0	0
AF	0	0.353217	1	1	0	0	0	0	0
AF	0	0.353529	1	1	0	0	0	0	0
AF	0	0.354154	1	1	0	0	0	0	0
AF	0	0.354778	1	0	1	0	0	0	0
AF	0	0.355403	2	1	1	0	0	0	0
AF	0	0.357277	1	1	0	0	0	0	0
AF	0	0.359463	2	1	1	0	0	0	0
AF	0	0.361024	1	0	1	0	0	0	0
AF	0	0.361337	1	1	0	0	0	0	0
AF	0	0.361649	9	3	6	0	0	0	0
AF	0	0.361961	3	2	1	0	0	0	0
AF	0	0.362274	2	1	1	0	0	0	0
AF	0	0.364147	1	1	0	0	0	0	0
AF	0	0.367895	2	2	0	0	0	0	0
AF	0	0.369769	1	1	0	0	0	0	0
AF	0	0.371018	1	1	0	0	0	0	0
AF	0	0.371643	1	1	0	0	0	0	0
AF	0	0.372892	3	2	1	0	0	0	0
AF	0	0.373204	2	2	0	0	0	0	0
AF	0	0.373829	1	1	0	0	0	0	0
AF	0	0.374453	1	1	0	0	0	0	0
AF	0	0.374766	4	1	3	0	0	0	0
AF	0	0.375078	1	1	0	0	0	0	0
AF	0	0.375390	2	0	2	0	0	0	0
AF	0	0.376015	1	1	0	0	0	0	0
AF	0	0.377264	1	1	0	0	0	0	0
AF	0	0.379138	1	1	0	0	0	0	0
AF	0	0.379763	1	0	1	0	0	0	0
AF	0	0.381324	1	0	1	0	0	0	0
AF	0	0.381949	1	1	0	0	0	0	0
AF	0	0.383510	1	1	0	0	0	0	0
AF	0	0.384135	1	1	0	0	0	0	0
AF	0	0.385384	1	1	0	0	0	0	0
AF	0	0.387883	1	1	0	0	0	0	0
AF	0	0.388507	1	1	0	0	0	0	0
AF	0	0.392879	2	1	1	0	0	0	0
AF	0	0.393192	1	1	0	0	0	0	0
AF	0	0.396002	1	1	0	0	0	0	0
AF	0	0.396627	1	0	1	0	0	0	0
AF	0	0.397252	2	1	1	0	0	0	0
AF	0	0.399126	1	1	0	0	0	0	0
AF	0	0.400375	1	1	0	0	0	0	0
AF	0	0.401936	1	1	0	0	0	0	0
AF	0	0.407245	1	0	1	0	0	0	0
AF	0	0.411305	1	1	0	0	0	0	0
AF	0	0.412242	9	8	1	0	0	0	0
AF	0	0.412555	1	1	0	0	0	0	0
AF	0	0.413179	1	1	0	0	0	0	0
AF	0	0.413492	1	1	0	0	0	0	0
AF	0	0.416302	1	0	1	0	0	0	0
AF	0	0.416615	1	0	1	0	0	0	0
AF	0	0.420675	1	0	1	0	0	0	0
AF	0	0.420987	1	1	0	0	0	0	0
AF	0	0.421299	1	0	1	0	0	0	0
AF	0	0.423485	1	1	0	0	0	0	0
AF	0	0.424110	2	1	1	0	0	0	0
AF	0	0.424735	1	1	0	0	0	0	0
AF	0	0.425984	2	1	1	0	0	0	0
AF	0	0.426608	2	2	0	0	0	0	0
AF	0	0.427233	1	1	0	0	0	0	0
AF	0	0.428170	1	0	1	0	0	0	0
AF	0	0.428795	1	1	0	0	0	0	0
AF	0	0.437227	1	0	1	0	0	0	0
AF	0	0.439101	1	1	0	0	0	0	0
AF	0	0.440350	1	0	1	0	0	0	0
AF	0	0.440662	1	0	1	0	0	0	0
AF	0	0.440974	1	1	0	0	0	0	0
AF	0	0.441911	1	1	0	0	0	0	0
AF	0	0.446284	1	1	0	0	0	0	0
AF	0	0.447845	1	1	0	0	0	0	0
AF	0	0.450344	1	1	0	0	0	0	0
AF	0	0.452217	1	1	0	0	0	0	0
AF	0	0.458151	4	3	1	0	0	0	0
AF	0	0.458463	4	2	2	0	0	0	0
AF	0	0.458776	9	7	2	0	0	0	0
AF	0	0.459088	3	3	0	0	0	0	0
AF	0	0.459400	4	3	1	0	0	0	0
AF	0	0.459713	5	2	3	0	0	0	0
AF	0	0.460025	1	1	0	0	0	0	0
AF	0	0.460650	1	1	0	0	0	0	0
AF	0	0.471893	1	1	0	0	0	0	0
AF	0	0.472517	1	1	0	0	0	0	0
AF	0	0.472829	1	0	1	0	0	0	0
AF	0	0.474391	1	0	1	0	0	0	0
AF	0	0.474703	2	1	1	0	0	0	0
AF	0	0.475328	1	1	0	0	0	0	0
AF	0	0.477514	1	1	0	0	0	0	0
AF	0	0.483760	2	1	1	0	0	0	0
AF	0	0.484697	1	1	0	0	0	0	0
AF	0	0.485009	1	1	0	0	0	0	0
AF	0	0.485322	1	1	0	0	0	0	0
AF	0	0.485946	1	1	0	0	0	0	0
AF	0	0.493129	1	1	0	0	0	0	0
AF	0	0.508745	1	0	1	0	0	0	0
AF	0	0.526234	1	1	0	0	0	0	0
AF	0	0.529981	1	0	1	0	0	0	0
AF	0	0.532167	1	1	0	0	0	0	0
AF	0	0.535290	1	0	1	0	0	0	0
AF	0	0.535603	1	1	0	0	0	0	0
AF	0	0.536540	1	1	0	0	0	0	0
AF	0	0.537477	2	1	1	0	0	0	0
AF	0	0.539350	2	1	1	0	0	0	0
AF	0	0.539975	1	0	1	0	0	0	0
AF	0	0.545597	1	1	0	0	0	0	0
AF	0	0.546221	1	1	0	0	0	0	0
AF	0	0.546533	1	1	0	0	0	0	0
AF	0	0.546846	1	1	0	0	0	0	0
AF	0	0.549032	1	0	1	0	0	0	0
AF	0	0.552467	1	0	1	0	0	0	0
AF	0	0.555278	2	1	1	0	0	0	0
AF	0	0.555590	1	1	0	0	0	0	0
AF	0	0.555903	1	1	0	0	0	0	0
AF	0	0.556215	1	0	1	0	0	0	0
AF	0	0.556527	1	1	0	0	0	0	0
AF	0	0.560587	1	1	0	0	0	0	0
AF	0	0.561212	1	0	1	0	0	0	0
AF	0	0.564022	1	1	0	0	0	0	0
AF	0	0.564647	1	1	0	0	0	0	0
AF	0	0.567770	1	1	0	0	0	0	0
AF	0	0.568082	1	1	0	0	0	0	0
AF	0	0.569019	1	1	0	0	0	0	0
AF	0	0.570581	1	1	0	0	0	0	0
AF	0	0.571205	1	0	1	0	0	0	0
AF	0	0.571518	3	3	0	0	0	0	0
AF	0	0.571830	1	1	0	0	0	0	0
AF	0	0.573392	2	2	0	0	0	0	0
AF	0	0.574329	1	1	0	0	0	0	0
AF	0	0.575578	1	1	0	0	0	0	0
AF	0	0.576827	1	1	0	0	0	0	0
AF	0	0.577139	1	0	1	0	0	0	0
AF	0	0.581512	2	1	1	0	0	0	0
AF	0	0.582136	1	0	1	0	0	0	0
AF	0	0.582761	1	1	0	0	0	0	0
AF	0	0.595878	2	1	1	0	0	0	0
AF	0	0.596814	1	1	0	0	0	0	0
AF	0	0.598376	1	1	0	0	0	0	0
AF	0	0.600250	3	2	1	0	0	0	0
AF	0	0.602124	1	0	1	0	0	0	0
AF	0	0.603998	1	1	0	0	0	0	0
AF	0	0.604622	1	0	1	0	0	0	0
AF	0	0.605559	1	1	0	0	0	0	0
AF	0	0.606496	1	1	0	0	0	0	0
AF	0	0.607745	1	0	1	0	0	0	0
AF	0	0.608370	1	1	0	0	0	0	0
AF	0	0.609619	3	2	1	0	0	0	0
AF	0	0.610556	2	2	0	0	0	0	0
AF	0	0.613991	3	2	1	0	0	0	0
AF	0	0.614304	2	1	1	0	0	0	0
AF	0	0.614616	1	1	0	0	0	0	0
AF	0	0.615240	2	2	0	0	0	0	0
AF	0	0.615865	2	2	0	0	0	0	0
AF	0	0.618988	2	1	1	0	0	0	0
AF	0	0.624922	1	1	0	0	0	0	0
AF	0	0.625859	2	1	1	0	0	0	0
AF	0	0.627108	1	1	0	0	0	0	0
AF	0	0.627733	1	1	0	0	0	0	0
AF	0	0.628045	2	1	1	0	0	0	0
AF	0	0.628357	1	1	0	0	0	0	0
AF	0	0.629606	1	0	1	0	0	0	0
AF	0	0.630231	1	0	1	0	0	0	0
AF	0	0.630543	1	1	0	0	0	0	0
AF	0	0.630856	1	1	0	0	0	0	0
AF	0	0.631480	2	2	0	0	0	0	0
AF	0	0.632105	2	1	1	0	0	0	0
AF	0	0.632730	1	1	0	0	0	0	0
AF	0	0.635853	1	1	0	0	0	0	0
AF	0	0.639600	1	0	1	0	0	0	0
AF	0	0.639913	1	1	0	0	0	0	0
AF	0	0.642099	1	1	0	0	0	0	0
AF	0	0.644909	1	0	1	0	0	0	0
AF	0	0.645222	1	1	0	0	0	0	0
AF	0	0.647096	3	2	1	0	0	0	0
AF	0	0.647408	4	3	1	0	0	0	0
AF	0	0.647720	4	3	1	0	0	0	0
AF	0	0.648032	1	1	0	0	0	0	0
AF	0	0.648345	1	1	0	0	0	0	0
AF	0	0.648657	1	1	0	0	0	0	0
AF	0	0.648969	1	1	0	0	0	0	0
AF	0	0.649906	2	2	0	0	0	0	0
AF	0	0.650219	1	1	0	0	0	0	0
AF	0	0.650843	1	1	0	0	0	0	0
AF	0	0.651156	1	1	0	0	0	0	0
AF	0	0.651468	2	2	0	0	0	0	0
AF	0	0.657402	1	1	0	0	0	0	0
AF	0	0.658963	1	0	1	0	0	0	0
AF	0	0.662086	1	1	0	0	0	0	0
AF	0	0.665834	1	1	0	0	0	0	0
AF	0	0.667083	1	1	0	0	0	0	0
AF	0	0.667395	1	0	1	0	0	0	0
AF	0	0.671768	3	3	0	0	0	0	0
AF	0	0.672392	1	1	0	0	0	0	0
AF	0	0.673017	2	2	0	0	0	0	0
AF	0	0.673329	2	0	2	0	0	0	0
AF	0	0.673954	1	0	1	0	0	0	0
AF	0	0.677701	1	0	1	0	0	0	0
AF	0	0.678638	1	1	0	0	0	0	0
AF	0	0.678951	1	1	0	0	0	0	0
AF	0	0.680200	1	0	1	0	0	0	0
AF	0	0.682386	1	1	0	0	0	0	0
AF	0	0.686758	1	1	0	0	0	0	0
AF	0	0.688007	1	1	0	0	0	0	0
AF	0	0.688632	1	1	0	0	0	0	0
AF	0	0.689257	1	1	0	0	0	0	0
AF	0	0.692067	2	2	0	0	0	0	0
AF	0	0.692380	1	1	0	0	0	0	0
AF	0	0.692692	2	1	1	0	0	0	0
AF	0	0.693004	1	0	1	0	0	0	0
AF	0	0.694878	2	1	1	0	0	0	0
AF	0	0.695191	4	1	3	0	0	0	0
AF	0	0.695815	1	0	1	0	0	0	0
AF	0	0.696127	1	1	0	0	0	0	0
AF	0	0.697064	1	1	0	0	0	0	0
AF	0	0.697377	2	2	0	0	0	0	0
AF	0	0.698001	1	0	1	0	0	0	0
AF	0	0.698626	3	2	1	0	0	0	0
AF	0	0.698938	1	1	0	0	0	0	0
AF	0	0.699250	1	0	1	0	0	0	0
AF	0	0.701124	2	1	1	0	0	0	0
AF	0	0.702061	1	1	0	0	0	0	0
AF	0	0.704247	1	1	0	0	0	0	0
AF	0	0.705184	2	0	2	0	0	0	0
AF	0	0.705809	1	1	0	0	0	0	0
AF	0	0.707683	1	1	0	0	0	0	0
AF	0	0.708307	1	1	0	0	0	0	0
AF	0	0.708932	2	1	1	0	0	0	0
AF	0	0.709244	4	3	1	0	0	0	0
AF	0	0.712992	2	1	1	0	0	0	0
AF	0	0.713304	2	2	0	0	0	0	0
AF	0	0.713929	1	1	0	0	0	0	0
AF	0	0.714866	1	1	0	0	0	0	0
AF	0	0.715803	2	2	0	0	0	0	0
AF	0	0.716115	3	2	1	0	0	0	0
AF	0	0.716427	1	1	0	0	0	0	0
AF	0	0.717989	1	1	0	0	0	0	0
AF	0	0.718301	1	1	0	0	0	0	0
AF	0	0.718613	1	1	0	0	0	0	0
AF	0	0.720487	1	1	0	0	0	0	0
AF	0	0.721112	1	1	0	0	0	0	0
AF	0	0.725484	1	0	1	0	0	0	0
AF	0	0.727983	1	1	0	0	0	0	0
AF	0	0.731418	1	1	0	0	0	0	0
AF	0	0.744847	1	1	0	0	0	0	0
AF	0	0.746096	1	1	0	0	0	0	0
AF	0	0.746721	1	1	0	0	0	0	0
AF	0	0.766396	1	0	1	0	0	0	0
AF	0	0.778888	1	1	0	0	0	0	0
AF	0	0.784510	3	2	1	0	0	0	0
AF	0	0.784822	1	1	0	0	0	0	0
AF	0	0.786384	1	1	0	0	0	0	0
AF	0	0.797002	2	1	1	0	0	0	0
AF	0	0.798876	1	1	0	0	0	0	0
AF	0	0.805122	1	1	0	0	0	0	0
AF	0	0.807308	1	1	0	0	0	0	0
AF	0	0.808245	1	1	0	0	0	0	0
AF	0	0.811368	1	0	1	0	0	0	0
AF	0	0.812617	1	1	0	0	0	0	0
AF	0	0.813866	1	0	1	0	0	0	0
AF	0	0.814803	1	0	1	0	0	0	0
AF	0	0.815428	2	1	1	0	0	0	0
AF	0	0.820112	1	0	1	0	0	0	0
AF	0	0.821986	1	1	0	0	0	0	0
AF	0	0.824485	1	1	0	0	0	0	0
AF	0	0.831980	1	1	0	0	0	0	0
AF	0	0.839475	1	1	0	0	0	0	0
AF	0	0.847283	1	1	0	0	0	0	0
AF	0	0.848220	1	1	0	0	0	0	0
AF	0	0.849781	1	1	0	0	0	0	0
AF	0	0.850094	1	1	0	0	0	0	0
AF	0	0.850718	1	1	0	0	0	0	0
AF	0	0.851031	2	1	1	0	0	0	0
AF	0	0.853217	1	1	0	0	0	0	0
AF	0	0.854466	2	1	1	0	0	0	0
AF	0	0.855091	1	1	0	0	0	0	0
AF	0	0.856027	1	1	0	0	0	0	0
AF	0	0.856964	1	1	0	0	0	0	0
AF	0	0.857589	3	2	1	0	0	0	0
AF	0	0.857901	1	1	0	0	0	0	0
AF	0	0.858214	3	1	2	0	0	0	0
AF	0	0.859151	1	1	0	0	0	0	0
AF	0	0.859463	4	2	2	0	0	0	0
AF	0	0.859775	1	1	0	0	0	0	0
AF	0	0.860087	2	1	1	0	0	0	0
AF	0	0.860712	2	1	1	0	0	0	0
AF	0	0.861024	1	1	0	0	0	0	0
AF	0	0.861337	2	0	2	0	0	0	0
AF	0	0.861649	1	1	0	0	0	0	0
AF	0	0.861961	10	8	2	0	0	0	0
AF	0	0.862274	15	6	9	0	0	0	0
AF	0	0.862586	21	13	8	0	0	0	0
AF	0	0.863210	4	4	0	0	0	0	0
AF	0	0.863835	1	1	0	0	0	0	0
AF	0	0.865084	1	0	1	0	0	0	0
AF	0	0.865397	1	0	1	0	0	0	0
AF	0	0.866021	2	1	1	0	0	0	0
AF	0	0.866334	2	1	1	0	0	0	0
AF	0	0.866646	3	2	1	0	0	0	0
AF	0	0.866958	2	1	1	0	0	0	0
AF	0	0.868207	1	1	0	0	0	0	0
AF	0	0.870081	1	0	1	0	0	0	0
AF	0	0.870394	1	0	1	0	0	0	0
AF	0	0.870706	2	2	0	0	0	0	0
AF	0	0.871018	2	0	2	0	0	0	0
AF	0	0.871330	2	2	0	0	0	0	0
AF	0	0.871955	1	1	0	0	0	0	0
AF	0	0.872580	1	0	1	0	0	0	0
AF	0	0.874141	1	1	0	0	0	0	0
AF	0	0.874453	7	7	0	0	0	0	0
AF	0	0.874766	1	1	0	0	0	0	0
AF	0	0.875078	2	1	1	0	0	0	0
AF	0	0.875390	2	1	1	0	0	0	0
AF	0	0.875703	1	1	0	0	0	0	0
AF	0	0.878513	1	1	0	0	0	0	0
AF	0	0.879763	1	1	0	0	0	0	0
AF	0	0.880387	1	0	1	0	0	0	0
AF	0	0.891006	1	0	1	0	0	0	0
AF	0	0.891630	1	1	0	0	0	0	0
AF	0	0.898501	1	1	0	0	0	0	0
AF	0	0.902873	4	3	1	0	0	0	0
AF	0	0.904122	1	1	0	0	0	0	0
AF	0	0.905059	1	1	0	0	0	0	0
AF	0	0.907558	2	2	0	0	0	0	0
AF	0	0.907870	2	1	1	0	0	0	0
AF	0	0.909119	5	4	1	0	0	0	0
AF	0	0.909432	1	1	0	0	0	0	0
AF	0	0.913492	1	1	0	0	0	0	0
AF	0	0.921924	1	1	0	0	0	0	0
AF	0	0.922861	1	0	1	0	0	0	0
AF	0	0.923485	3	3	0	0	0	0	0
AF	0	0.927233	1	1	0	0	0	0	0
AF	0	0.932542	1	1	0	0	0	0	0
AF	0	0.932854	2	1	1	0	0	0	0
AF	0	0.933167	2	2	0	0	0	0	0
AF	0	0.933479	1	0	1	0	0	0	0
AF	0	0.939101	1	1	0	0	0	0	0
AF	0	0.939413	1	1	0	0	0	0	0
AF	0	0.939725	6	4	2	0	0	0	0
AF	0	0.940662	1	1	0	0	0	0	0
AF	0	0.940974	4	3	1	0	0	0	0
AF	0	0.941287	16	11	5	0	0	0	0
AF	0	0.945347	1	1	0	0	0	0	0
AF	0	0.947220	1	0	1	0	0	0	0
AF	0	0.947845	1	1	0	0	0	0	0
AF	0	0.950031	1	1	0	0	0	0	0
AF	0	0.950968	1	1	0	0	0	0	0
AF	0	0.953779	1	1	0	0	0	0	0
AF	0	0.954403	1	0	1	0	0	0	0
AF	0	0.954716	1	1	0	0	0	0	0
AF	0	0.955340	1	0	1	0	0	0	0
AF	0	0.955965	1	1	0	0	0	0	0
AF	0	0.957214	1	0	1	0	0	0	0
AF	0	0.957527	1	1	0	0	0	0	0
AF	0	0.963460	1	0	1	0	0	0	0
AF	0	0.964085	1	1	0	0	0	0	0
AF	0	0.965334	5	5	0	0	0	0	0
AF	0	0.966583	1	1	0	0	0	0	0
AF	0	0.970331	2	2	0	0	0	0	0
AF	0	0.970956	1	0	1	0	0	0	0
AF	0	0.975953	1	0	1	0	0	0	0
AF	0	0.979076	1	1	0	0	0	0	0
AF	0	0.979700	1	1	0	0	0	0	0
AF	0	0.980325	8	5	3	0	0	0	0
AF	0	0.980637	4	2	2	0	0	0	0
AF	0	0.980949	3	1	2	0	0	0	0
AF	0	0.982199	3	0	3	0	0	0	0
AF	0	0.982823	1	1	0	0	0	0	0
AF	0	0.983136	1	1	0	0	0	0	0
AF	0	0.983448	5	3	2	0	0	0	0
AF	0	0.984072	3	2	1	0	0	0	0
AF	0	0.984385	5	2	3	0	0	0	0
AF	0	0.984697	2	2	0	0	0	0	0
AF	0	0.985009	6	4	2	0	0	0	0
AF	0	0.985322	10	5	5	0	0	0	0
AF	0	0.986571	1	1	0	0	0	0	0
AF	0	0.987820	3	2	1	0	0	0	0
AF	0	0.988132	1	1	0	0	0	0	0
AF	0	0.988445	1	1	0	0	0	0	0
AF	0	0.989069	1	1	0	0	0	0	0
AF	0	0.989694	1	0	1	0	0	0	0
AF	0	0.990943	1	1	0	0	0	0	0
AF	0	0.991255	1	1	0	0	0	0	0
AF	0	0.991568	4	2	2	0	0	0	0
AF	0	0.992192	6	4	2	0	0	0	0
AF	0	0.992505	1	0	1	0	0	0	0
AF	0	0.992817	1	1	0	0	0	0	0
AF	0	0.994066	2	2	0	0	0	0	0
AF	0	0.994379	1	1	0	0	0	0	0
AF	0	0.997189	1	1	0	0	0	0	0
AF	0	0.998126	1	1	0	0	0	0	0
AF	0	0.998751	1	0	1	0	0	0	0
AF	0	0.999063	3	1	2	0	0	0	0
# QUAL, Stats by quality
# QUAL	[2]id	[3]Quality	[4]number of SNPs	[5]number of transitions (1st ALT)	[6]number of transversions (1st ALT)	[7]number of indels
QUAL	0	.	13278	9097	4181	0
# IDD, InDel distribution:
# IDD	[2]id	[3]length (deletions negative)	[4]number of sites	[5]number of genotypes	[6]mean VAF
# ST, Substitution types:
# ST	[2]id	[3]type	[4]count
ST	0	A>C	444
ST	0	A>G	1701
ST	0	A>T	500
ST	0	C>A	648
ST	0	C>G	542
ST	0	C>T	2908
ST	0	G>A	2823
ST	0	G>C	488
ST	0	G>T	621
ST	0	T>A	503
ST	0	T>C	1665
ST	0	T>G	435
# DP, Depth distribution
# DP	[2]id	[3]bin	[4]number of genotypes	[5]fraction of genotypes (%)	[6]number of sites	[7]fraction of sites (%)
  - Fix haploid genotypes in males...

Submit MakeDiploidMalesX finished successfully. Let's have a beer, buddy!

