Submit MakeDiploidMalesX
version 1.1.6 (2024-09-30)

These are the settings:
  Input file................: /hpc/local/Rocky8/dhl_ec/software/MonopogenLite/resources/1kGP_high_coverage_Illumina.SNVonly_poly.filtered_AF_5e-04.norm.fixvariantid.chrX.vcf.gz
  Output file...............: /hpc/local/Rocky8/dhl_ec/software/MonopogenLite/resources/1kGP_high_coverage_Illumina.SNVonly_poly.filtered_AF_5e-04.norm.fixvariantid.makediploid.chrX.vcf.gz
  Chunk size................: 100

  SLURM CPUs................: 4
  SLURM Array ID............: 7 (of 100)
  SLURM memory..............: 16G
  SLURM time................: 01:00:00
  SLURM mail type...........: FAIL
  SLURM mail user...........: s.w.vanderlaan-2@umcutrecht.nl

  Dry run mode..............: 0
  Debug mode................: 1
  Verbosity.................: 0
  Version...................: 1.1.6 (2024-09-30)

Making converting haploid genotypes to diploid genotypes.
> Extract the region for this SLURM task (# 7) from the BED file.
  - Get the chunk number from the SLURM array task ID and the bed file...
DEBUG: Extracting chunk number: 7p from 7
DEBUG: Extracting region from BED file: /hpc/local/Rocky8/dhl_ec/software/MonopogenLite/resources/chrX_100pieces.bed
  - Extract the region from the BED file...
DEBUG: Extracted raw region: 'chrX	9362449	10922856' (chunk #: 7p of 100 for job 7)
  - Check if a valid region was extracted -- should be 'chrX	9362449	10922856'...
  - Prepare the region for bcftools...
  - Check if the region (chrX:9362449-10922856) was successfully extracted...
> Processing region 'chrX:9362449-10922856'...
  - Process the specific region (chunk# 7) using bcftools view...
  - Index the VCF file...
DEBUG: Check if the VCF file was successfully processed...
##fileformat=VCFv4.2
##FILTER=<ID=PASS,Description="All filters passed">
##fileDate=29/01/2022 - 14:31:41
##source=shapeit4.2.2
##contig=<ID=chr1,length=248956422>
##contig=<ID=chr2,length=242193529>
##contig=<ID=chr3,length=198295559>
##contig=<ID=chr4,length=190214555>
##contig=<ID=chr5,length=181538259>
##contig=<ID=chr6,length=170805979>
# This file was produced by bcftools stats (1.20+htslib-1.20) and can be plotted using plot-vcfstats.
# The command line was:	bcftools stats  /hpc/local/Rocky8/dhl_ec/software/MonopogenLite/resources/chrX.part7.vcf.gz
#
# Definition of sets:
# ID	[2]id	[3]tab-separated file names
ID	0	/hpc/local/Rocky8/dhl_ec/software/MonopogenLite/resources/chrX.part7.vcf.gz
# SN, Summary numbers:
#   number of records   .. number of data rows in the VCF
#   number of no-ALTs   .. reference-only sites, ALT is either "." or identical to REF
#   number of SNPs      .. number of rows with a SNP
#   number of MNPs      .. number of rows with a MNP, such as CC>TT
#   number of indels    .. number of rows with an indel
#   number of others    .. number of rows with other type, for example a symbolic allele or
#                          a complex substitution, such as ACT>TCGA
#   number of multiallelic sites     .. number of rows with multiple alternate alleles
#   number of multiallelic SNP sites .. number of rows with multiple alternate alleles, all SNPs
# 
#   Note that rows containing multiple types will be counted multiple times, in each
#   counter. For example, a row with a SNP and an indel increments both the SNP and
#   the indel counter.
# 
# SN	[2]id	[3]key	[4]value
SN	0	number of samples:	3202
SN	0	number of records:	17019
SN	0	number of no-ALTs:	0
SN	0	number of SNPs:	17019
SN	0	number of MNPs:	0
SN	0	number of indels:	0
SN	0	number of others:	0
SN	0	number of multiallelic sites:	0
SN	0	number of multiallelic SNP sites:	0
# TSTV, transitions/transversions:
# TSTV	[2]id	[3]ts	[4]tv	[5]ts/tv	[6]ts (1st ALT)	[7]tv (1st ALT)	[8]ts/tv (1st ALT)
TSTV	0	11932	5087	2.35	11932	5087	2.35
# SiS, Singleton stats:
# SiS	[2]id	[3]allele count	[4]number of SNPs	[5]number of transitions	[6]number of transversions	[7]number of indels	[8]repeat-consistent	[9]repeat-inconsistent	[10]not applicable
SiS	0	1	0	0	0	0	0	0	0
# AF, Stats by non-reference allele frequency:
# AF	[2]id	[3]allele frequency	[4]number of SNPs	[5]number of transitions	[6]number of transversions	[7]number of indels	[8]repeat-consistent	[9]repeat-inconsistent	[10]not applicable
AF	0	0.000312	2575	1810	765	0	0	0	0
AF	0	0.000625	1666	1187	479	0	0	0	0
AF	0	0.000937	1882	1296	586	0	0	0	0
AF	0	0.001249	618	438	180	0	0	0	0
AF	0	0.001562	844	609	235	0	0	0	0
AF	0	0.001874	308	210	98	0	0	0	0
AF	0	0.002186	540	372	168	0	0	0	0
AF	0	0.002498	202	134	68	0	0	0	0
AF	0	0.002811	388	271	117	0	0	0	0
AF	0	0.003123	207	141	66	0	0	0	0
AF	0	0.003435	325	229	96	0	0	0	0
AF	0	0.003748	131	100	31	0	0	0	0
AF	0	0.004060	264	190	74	0	0	0	0
AF	0	0.004372	116	86	30	0	0	0	0
AF	0	0.004685	197	139	58	0	0	0	0
AF	0	0.004997	119	81	38	0	0	0	0
AF	0	0.005309	161	110	51	0	0	0	0
AF	0	0.005621	77	47	30	0	0	0	0
AF	0	0.005934	182	133	49	0	0	0	0
AF	0	0.006246	73	53	20	0	0	0	0
AF	0	0.006558	155	110	45	0	0	0	0
AF	0	0.006871	58	40	18	0	0	0	0
AF	0	0.007183	111	83	28	0	0	0	0
AF	0	0.007495	70	44	26	0	0	0	0
AF	0	0.007808	127	82	45	0	0	0	0
AF	0	0.008120	72	50	22	0	0	0	0
AF	0	0.008432	121	87	34	0	0	0	0
AF	0	0.008745	57	43	14	0	0	0	0
AF	0	0.009057	95	64	31	0	0	0	0
AF	0	0.009369	51	32	19	0	0	0	0
AF	0	0.009681	128	92	36	0	0	0	0
AF	0	0.009994	58	37	21	0	0	0	0
AF	0	0.010306	108	76	32	0	0	0	0
AF	0	0.010618	40	29	11	0	0	0	0
AF	0	0.010931	67	48	19	0	0	0	0
AF	0	0.011243	47	37	10	0	0	0	0
AF	0	0.011555	75	50	25	0	0	0	0
AF	0	0.011868	39	23	16	0	0	0	0
AF	0	0.012180	73	58	15	0	0	0	0
AF	0	0.012492	32	23	9	0	0	0	0
AF	0	0.012804	57	41	16	0	0	0	0
AF	0	0.013117	20	17	3	0	0	0	0
AF	0	0.013429	79	62	17	0	0	0	0
AF	0	0.013741	29	21	8	0	0	0	0
AF	0	0.014054	63	39	24	0	0	0	0
AF	0	0.014366	27	14	13	0	0	0	0
AF	0	0.014678	43	28	15	0	0	0	0
AF	0	0.014991	22	17	5	0	0	0	0
AF	0	0.015303	39	27	12	0	0	0	0
AF	0	0.015615	26	16	10	0	0	0	0
AF	0	0.015928	41	28	13	0	0	0	0
AF	0	0.016240	16	14	2	0	0	0	0
AF	0	0.016552	41	29	12	0	0	0	0
AF	0	0.016864	21	15	6	0	0	0	0
AF	0	0.017177	64	42	22	0	0	0	0
AF	0	0.017489	23	15	8	0	0	0	0
AF	0	0.017801	54	37	17	0	0	0	0
AF	0	0.018114	37	28	9	0	0	0	0
AF	0	0.018426	52	39	13	0	0	0	0
AF	0	0.018738	29	20	9	0	0	0	0
AF	0	0.019051	48	34	14	0	0	0	0
AF	0	0.019363	15	12	3	0	0	0	0
AF	0	0.019675	27	19	8	0	0	0	0
AF	0	0.019988	20	14	6	0	0	0	0
AF	0	0.020300	22	13	9	0	0	0	0
AF	0	0.020612	17	15	2	0	0	0	0
AF	0	0.020924	34	25	9	0	0	0	0
AF	0	0.021237	20	17	3	0	0	0	0
AF	0	0.021549	36	30	6	0	0	0	0
AF	0	0.021861	15	7	8	0	0	0	0
AF	0	0.022174	31	24	7	0	0	0	0
AF	0	0.022486	16	10	6	0	0	0	0
AF	0	0.022798	33	21	12	0	0	0	0
AF	0	0.023111	9	6	3	0	0	0	0
AF	0	0.023423	20	17	3	0	0	0	0
AF	0	0.023735	7	2	5	0	0	0	0
AF	0	0.024047	20	16	4	0	0	0	0
AF	0	0.024360	22	17	5	0	0	0	0
AF	0	0.024672	18	11	7	0	0	0	0
AF	0	0.024984	9	7	2	0	0	0	0
AF	0	0.025297	30	22	8	0	0	0	0
AF	0	0.025609	15	8	7	0	0	0	0
AF	0	0.025921	27	22	5	0	0	0	0
AF	0	0.026234	18	12	6	0	0	0	0
AF	0	0.026546	23	18	5	0	0	0	0
AF	0	0.026858	16	13	3	0	0	0	0
AF	0	0.027171	26	17	9	0	0	0	0
AF	0	0.027483	11	8	3	0	0	0	0
AF	0	0.027795	27	19	8	0	0	0	0
AF	0	0.028107	13	6	7	0	0	0	0
AF	0	0.028420	15	10	5	0	0	0	0
AF	0	0.028732	6	4	2	0	0	0	0
AF	0	0.029044	19	12	7	0	0	0	0
AF	0	0.029357	6	3	3	0	0	0	0
AF	0	0.029669	17	13	4	0	0	0	0
AF	0	0.029981	12	10	2	0	0	0	0
AF	0	0.030294	15	9	6	0	0	0	0
AF	0	0.030606	5	3	2	0	0	0	0
AF	0	0.030918	16	13	3	0	0	0	0
AF	0	0.031230	7	4	3	0	0	0	0
AF	0	0.031543	15	9	6	0	0	0	0
AF	0	0.031855	5	4	1	0	0	0	0
AF	0	0.032167	17	9	8	0	0	0	0
AF	0	0.032480	6	6	0	0	0	0	0
AF	0	0.032792	9	5	4	0	0	0	0
AF	0	0.033104	6	4	2	0	0	0	0
AF	0	0.033417	22	15	7	0	0	0	0
AF	0	0.033729	15	13	2	0	0	0	0
AF	0	0.034041	18	12	6	0	0	0	0
AF	0	0.034354	5	4	1	0	0	0	0
AF	0	0.034666	7	5	2	0	0	0	0
AF	0	0.034978	2	2	0	0	0	0	0
AF	0	0.035290	36	26	10	0	0	0	0
AF	0	0.035603	15	10	5	0	0	0	0
AF	0	0.035915	18	16	2	0	0	0	0
AF	0	0.036227	7	6	1	0	0	0	0
AF	0	0.036540	18	12	6	0	0	0	0
AF	0	0.036852	9	7	2	0	0	0	0
AF	0	0.037164	17	14	3	0	0	0	0
AF	0	0.037477	8	3	5	0	0	0	0
AF	0	0.037789	14	12	2	0	0	0	0
AF	0	0.038101	4	4	0	0	0	0	0
AF	0	0.038413	14	12	2	0	0	0	0
AF	0	0.038726	3	3	0	0	0	0	0
AF	0	0.039038	16	15	1	0	0	0	0
AF	0	0.039350	5	5	0	0	0	0	0
AF	0	0.039663	15	12	3	0	0	0	0
AF	0	0.039975	5	3	2	0	0	0	0
AF	0	0.040287	10	7	3	0	0	0	0
AF	0	0.040600	1	1	0	0	0	0	0
AF	0	0.040912	12	9	3	0	0	0	0
AF	0	0.041224	6	4	2	0	0	0	0
AF	0	0.041537	11	8	3	0	0	0	0
AF	0	0.041849	8	7	1	0	0	0	0
AF	0	0.042161	10	9	1	0	0	0	0
AF	0	0.042473	11	7	4	0	0	0	0
AF	0	0.042786	5	3	2	0	0	0	0
AF	0	0.043098	7	7	0	0	0	0	0
AF	0	0.043410	10	9	1	0	0	0	0
AF	0	0.043723	6	2	4	0	0	0	0
AF	0	0.044035	12	6	6	0	0	0	0
AF	0	0.044347	3	1	2	0	0	0	0
AF	0	0.044660	11	6	5	0	0	0	0
AF	0	0.044972	12	9	3	0	0	0	0
AF	0	0.045284	15	8	7	0	0	0	0
AF	0	0.045597	20	16	4	0	0	0	0
AF	0	0.045909	6	1	5	0	0	0	0
AF	0	0.046221	2	2	0	0	0	0	0
AF	0	0.046533	11	5	6	0	0	0	0
AF	0	0.046846	6	3	3	0	0	0	0
AF	0	0.047158	4	4	0	0	0	0	0
AF	0	0.047470	4	4	0	0	0	0	0
AF	0	0.047783	11	10	1	0	0	0	0
AF	0	0.048095	7	5	2	0	0	0	0
AF	0	0.048407	6	4	2	0	0	0	0
AF	0	0.048720	2	1	1	0	0	0	0
AF	0	0.049032	8	4	4	0	0	0	0
AF	0	0.049344	5	2	3	0	0	0	0
AF	0	0.049656	4	1	3	0	0	0	0
AF	0	0.049969	4	3	1	0	0	0	0
AF	0	0.050281	6	4	2	0	0	0	0
AF	0	0.050593	5	3	2	0	0	0	0
AF	0	0.050906	5	4	1	0	0	0	0
AF	0	0.051218	5	4	1	0	0	0	0
AF	0	0.051530	4	4	0	0	0	0	0
AF	0	0.051843	2	1	1	0	0	0	0
AF	0	0.052155	20	15	5	0	0	0	0
AF	0	0.052467	11	8	3	0	0	0	0
AF	0	0.052780	2	1	1	0	0	0	0
AF	0	0.053092	5	2	3	0	0	0	0
AF	0	0.053404	5	4	1	0	0	0	0
AF	0	0.053716	1	1	0	0	0	0	0
AF	0	0.054029	8	3	5	0	0	0	0
AF	0	0.054341	3	2	1	0	0	0	0
AF	0	0.054653	11	7	4	0	0	0	0
AF	0	0.054966	4	2	2	0	0	0	0
AF	0	0.055278	7	5	2	0	0	0	0
AF	0	0.055590	4	1	3	0	0	0	0
AF	0	0.055903	6	2	4	0	0	0	0
AF	0	0.056527	5	4	1	0	0	0	0
AF	0	0.056839	2	1	1	0	0	0	0
AF	0	0.057152	6	4	2	0	0	0	0
AF	0	0.057464	4	3	1	0	0	0	0
AF	0	0.057776	5	2	3	0	0	0	0
AF	0	0.058089	4	3	1	0	0	0	0
AF	0	0.058401	5	5	0	0	0	0	0
AF	0	0.058713	1	0	1	0	0	0	0
AF	0	0.059026	3	1	2	0	0	0	0
AF	0	0.059338	2	2	0	0	0	0	0
AF	0	0.059650	7	6	1	0	0	0	0
AF	0	0.059963	4	3	1	0	0	0	0
AF	0	0.060275	19	13	6	0	0	0	0
AF	0	0.060587	3	3	0	0	0	0	0
AF	0	0.060899	13	8	5	0	0	0	0
AF	0	0.061212	6	4	2	0	0	0	0
AF	0	0.061524	8	5	3	0	0	0	0
AF	0	0.061836	4	2	2	0	0	0	0
AF	0	0.062149	7	5	2	0	0	0	0
AF	0	0.062461	3	2	1	0	0	0	0
AF	0	0.062773	9	6	3	0	0	0	0
AF	0	0.063086	5	4	1	0	0	0	0
AF	0	0.063398	3	2	1	0	0	0	0
AF	0	0.063710	4	4	0	0	0	0	0
AF	0	0.064022	5	2	3	0	0	0	0
AF	0	0.064335	1	0	1	0	0	0	0
AF	0	0.064647	13	10	3	0	0	0	0
AF	0	0.064959	1	0	1	0	0	0	0
AF	0	0.065272	4	3	1	0	0	0	0
AF	0	0.065584	9	7	2	0	0	0	0
AF	0	0.065896	11	10	1	0	0	0	0
AF	0	0.066209	4	3	1	0	0	0	0
AF	0	0.066521	8	5	3	0	0	0	0
AF	0	0.066833	8	6	2	0	0	0	0
AF	0	0.067146	5	2	3	0	0	0	0
AF	0	0.067458	2	0	2	0	0	0	0
AF	0	0.067770	6	6	0	0	0	0	0
AF	0	0.068082	2	2	0	0	0	0	0
AF	0	0.068395	1	0	1	0	0	0	0
AF	0	0.068707	1	0	1	0	0	0	0
AF	0	0.069019	4	2	2	0	0	0	0
AF	0	0.069332	4	3	1	0	0	0	0
AF	0	0.069644	3	3	0	0	0	0	0
AF	0	0.070269	2	1	1	0	0	0	0
AF	0	0.070581	4	3	1	0	0	0	0
AF	0	0.070893	3	1	2	0	0	0	0
AF	0	0.071205	1	1	0	0	0	0	0
AF	0	0.071518	3	2	1	0	0	0	0
AF	0	0.072142	3	2	1	0	0	0	0
AF	0	0.072767	3	3	0	0	0	0	0
AF	0	0.073079	9	6	3	0	0	0	0
AF	0	0.073392	6	3	3	0	0	0	0
AF	0	0.073704	3	2	1	0	0	0	0
AF	0	0.074016	2	1	1	0	0	0	0
AF	0	0.074329	4	4	0	0	0	0	0
AF	0	0.074641	6	5	1	0	0	0	0
AF	0	0.074953	4	4	0	0	0	0	0
AF	0	0.075265	5	3	2	0	0	0	0
AF	0	0.075578	1	1	0	0	0	0	0
AF	0	0.075890	3	1	2	0	0	0	0
AF	0	0.076202	3	2	1	0	0	0	0
AF	0	0.076515	2	1	1	0	0	0	0
AF	0	0.076827	1	0	1	0	0	0	0
AF	0	0.077139	2	2	0	0	0	0	0
AF	0	0.077452	3	3	0	0	0	0	0
AF	0	0.077764	8	6	2	0	0	0	0
AF	0	0.078076	5	3	2	0	0	0	0
AF	0	0.078701	3	3	0	0	0	0	0
AF	0	0.079013	3	1	2	0	0	0	0
AF	0	0.079325	1	1	0	0	0	0	0
AF	0	0.079638	4	2	2	0	0	0	0
AF	0	0.079950	3	1	2	0	0	0	0
AF	0	0.080262	1	1	0	0	0	0	0
AF	0	0.080575	2	2	0	0	0	0	0
AF	0	0.080887	2	1	1	0	0	0	0
AF	0	0.081199	3	3	0	0	0	0	0
AF	0	0.081512	2	1	1	0	0	0	0
AF	0	0.082136	6	5	1	0	0	0	0
AF	0	0.082448	1	0	1	0	0	0	0
AF	0	0.082761	4	2	2	0	0	0	0
AF	0	0.083385	6	4	2	0	0	0	0
AF	0	0.083698	6	4	2	0	0	0	0
AF	0	0.084010	5	5	0	0	0	0	0
AF	0	0.084322	5	4	1	0	0	0	0
AF	0	0.084635	10	8	2	0	0	0	0
AF	0	0.084947	12	7	5	0	0	0	0
AF	0	0.085259	3	0	3	0	0	0	0
AF	0	0.085572	2	2	0	0	0	0	0
AF	0	0.085884	2	1	1	0	0	0	0
AF	0	0.086196	2	1	1	0	0	0	0
AF	0	0.086508	3	1	2	0	0	0	0
AF	0	0.086821	1	1	0	0	0	0	0
AF	0	0.087133	1	1	0	0	0	0	0
AF	0	0.087445	2	1	1	0	0	0	0
AF	0	0.087758	1	1	0	0	0	0	0
AF	0	0.088070	3	2	1	0	0	0	0
AF	0	0.088382	8	7	1	0	0	0	0
AF	0	0.088695	1	0	1	0	0	0	0
AF	0	0.089631	3	3	0	0	0	0	0
AF	0	0.089944	1	1	0	0	0	0	0
AF	0	0.090256	4	3	1	0	0	0	0
AF	0	0.090568	1	0	1	0	0	0	0
AF	0	0.091193	2	1	1	0	0	0	0
AF	0	0.091505	1	1	0	0	0	0	0
AF	0	0.091818	1	0	1	0	0	0	0
AF	0	0.092755	2	2	0	0	0	0	0
AF	0	0.093067	2	2	0	0	0	0	0
AF	0	0.093379	1	0	1	0	0	0	0
AF	0	0.094316	3	3	0	0	0	0	0
AF	0	0.094628	6	5	1	0	0	0	0
AF	0	0.095253	1	0	1	0	0	0	0
AF	0	0.095878	4	0	4	0	0	0	0
AF	0	0.096190	2	1	1	0	0	0	0
AF	0	0.096502	3	1	2	0	0	0	0
AF	0	0.096814	3	3	0	0	0	0	0
AF	0	0.097127	2	1	1	0	0	0	0
AF	0	0.097751	1	0	1	0	0	0	0
AF	0	0.098064	3	1	2	0	0	0	0
AF	0	0.098688	1	1	0	0	0	0	0
AF	0	0.099625	2	1	1	0	0	0	0
AF	0	0.100874	2	2	0	0	0	0	0
AF	0	0.101187	1	1	0	0	0	0	0
AF	0	0.101499	2	2	0	0	0	0	0
AF	0	0.102436	2	2	0	0	0	0	0
AF	0	0.102748	3	3	0	0	0	0	0
AF	0	0.103061	1	0	1	0	0	0	0
AF	0	0.103373	4	4	0	0	0	0	0
AF	0	0.103685	2	2	0	0	0	0	0
AF	0	0.103998	5	5	0	0	0	0	0
AF	0	0.104310	3	2	1	0	0	0	0
AF	0	0.104622	5	4	1	0	0	0	0
AF	0	0.105247	6	2	4	0	0	0	0
AF	0	0.105559	2	1	1	0	0	0	0
AF	0	0.105871	5	3	2	0	0	0	0
AF	0	0.106496	2	2	0	0	0	0	0
AF	0	0.107121	4	4	0	0	0	0	0
AF	0	0.108057	2	1	1	0	0	0	0
AF	0	0.108370	2	1	1	0	0	0	0
AF	0	0.108682	1	1	0	0	0	0	0
AF	0	0.108994	3	3	0	0	0	0	0
AF	0	0.109307	1	1	0	0	0	0	0
AF	0	0.109619	3	2	1	0	0	0	0
AF	0	0.110244	2	1	1	0	0	0	0
AF	0	0.110868	5	5	0	0	0	0	0
AF	0	0.111181	5	3	2	0	0	0	0
AF	0	0.111493	2	2	0	0	0	0	0
AF	0	0.111805	6	4	2	0	0	0	0
AF	0	0.112117	1	1	0	0	0	0	0
AF	0	0.112430	4	3	1	0	0	0	0
AF	0	0.112742	2	2	0	0	0	0	0
AF	0	0.113054	1	1	0	0	0	0	0
AF	0	0.113367	1	0	1	0	0	0	0
AF	0	0.113679	6	4	2	0	0	0	0
AF	0	0.114304	3	2	1	0	0	0	0
AF	0	0.114928	4	4	0	0	0	0	0
AF	0	0.115240	1	0	1	0	0	0	0
AF	0	0.115553	4	4	0	0	0	0	0
AF	0	0.116177	1	1	0	0	0	0	0
AF	0	0.116490	1	1	0	0	0	0	0
AF	0	0.116802	3	2	1	0	0	0	0
AF	0	0.117114	1	1	0	0	0	0	0
AF	0	0.117427	6	4	2	0	0	0	0
AF	0	0.117739	3	2	1	0	0	0	0
AF	0	0.118051	3	1	2	0	0	0	0
AF	0	0.118364	12	9	3	0	0	0	0
AF	0	0.118676	12	9	3	0	0	0	0
AF	0	0.118988	11	10	1	0	0	0	0
AF	0	0.119300	11	5	6	0	0	0	0
AF	0	0.119613	4	3	1	0	0	0	0
AF	0	0.119925	3	2	1	0	0	0	0
AF	0	0.120237	1	1	0	0	0	0	0
AF	0	0.120550	2	1	1	0	0	0	0
AF	0	0.120862	1	0	1	0	0	0	0
AF	0	0.121174	1	1	0	0	0	0	0
AF	0	0.121487	2	1	1	0	0	0	0
AF	0	0.121799	2	1	1	0	0	0	0
AF	0	0.122736	2	2	0	0	0	0	0
AF	0	0.123048	1	1	0	0	0	0	0
AF	0	0.123360	1	1	0	0	0	0	0
AF	0	0.123673	4	1	3	0	0	0	0
AF	0	0.123985	2	2	0	0	0	0	0
AF	0	0.124297	1	1	0	0	0	0	0
AF	0	0.124610	2	0	2	0	0	0	0
AF	0	0.125547	5	4	1	0	0	0	0
AF	0	0.125859	1	0	1	0	0	0	0
AF	0	0.126171	4	4	0	0	0	0	0
AF	0	0.126796	2	2	0	0	0	0	0
AF	0	0.127420	1	1	0	0	0	0	0
AF	0	0.128357	2	1	1	0	0	0	0
AF	0	0.128670	1	1	0	0	0	0	0
AF	0	0.129294	1	1	0	0	0	0	0
AF	0	0.129606	1	1	0	0	0	0	0
AF	0	0.129919	2	2	0	0	0	0	0
AF	0	0.130231	1	1	0	0	0	0	0
AF	0	0.130856	2	2	0	0	0	0	0
AF	0	0.131168	2	2	0	0	0	0	0
AF	0	0.131793	2	2	0	0	0	0	0
AF	0	0.132105	1	0	1	0	0	0	0
AF	0	0.132417	2	2	0	0	0	0	0
AF	0	0.132730	1	0	1	0	0	0	0
AF	0	0.133042	2	2	0	0	0	0	0
AF	0	0.133354	1	0	1	0	0	0	0
AF	0	0.135228	1	1	0	0	0	0	0
AF	0	0.135540	5	5	0	0	0	0	0
AF	0	0.135853	2	2	0	0	0	0	0
AF	0	0.136165	1	0	1	0	0	0	0
AF	0	0.136790	3	2	1	0	0	0	0
AF	0	0.137414	1	1	0	0	0	0	0
AF	0	0.138039	1	1	0	0	0	0	0
AF	0	0.138351	3	2	1	0	0	0	0
AF	0	0.138663	2	1	1	0	0	0	0
AF	0	0.138976	4	3	1	0	0	0	0
AF	0	0.139288	2	2	0	0	0	0	0
AF	0	0.139600	2	1	1	0	0	0	0
AF	0	0.139913	1	0	1	0	0	0	0
AF	0	0.140225	1	0	1	0	0	0	0
AF	0	0.140537	3	2	1	0	0	0	0
AF	0	0.140849	2	1	1	0	0	0	0
AF	0	0.141162	2	1	1	0	0	0	0
AF	0	0.141474	1	1	0	0	0	0	0
AF	0	0.141786	4	2	2	0	0	0	0
AF	0	0.142099	1	1	0	0	0	0	0
AF	0	0.142411	4	4	0	0	0	0	0
AF	0	0.142723	1	1	0	0	0	0	0
AF	0	0.143036	2	2	0	0	0	0	0
AF	0	0.143348	1	0	1	0	0	0	0
AF	0	0.143660	2	0	2	0	0	0	0
AF	0	0.143973	3	3	0	0	0	0	0
AF	0	0.144285	2	1	1	0	0	0	0
AF	0	0.145846	2	1	1	0	0	0	0
AF	0	0.146159	1	1	0	0	0	0	0
AF	0	0.146783	1	1	0	0	0	0	0
AF	0	0.147096	1	1	0	0	0	0	0
AF	0	0.147408	1	1	0	0	0	0	0
AF	0	0.147720	1	1	0	0	0	0	0
AF	0	0.148032	3	1	2	0	0	0	0
AF	0	0.148345	1	1	0	0	0	0	0
AF	0	0.148657	2	2	0	0	0	0	0
AF	0	0.148969	1	0	1	0	0	0	0
AF	0	0.149282	3	2	1	0	0	0	0
AF	0	0.149906	1	1	0	0	0	0	0
AF	0	0.150531	4	3	1	0	0	0	0
AF	0	0.150843	1	1	0	0	0	0	0
AF	0	0.151468	1	0	1	0	0	0	0
AF	0	0.151780	1	1	0	0	0	0	0
AF	0	0.152092	1	1	0	0	0	0	0
AF	0	0.152717	3	3	0	0	0	0	0
AF	0	0.153029	2	1	1	0	0	0	0
AF	0	0.153342	1	1	0	0	0	0	0
AF	0	0.153966	1	0	1	0	0	0	0
AF	0	0.154279	2	2	0	0	0	0	0
AF	0	0.154591	2	1	1	0	0	0	0
AF	0	0.154903	2	1	1	0	0	0	0
AF	0	0.155215	1	0	1	0	0	0	0
AF	0	0.155528	1	0	1	0	0	0	0
AF	0	0.155840	1	0	1	0	0	0	0
AF	0	0.156152	1	1	0	0	0	0	0
AF	0	0.156465	1	1	0	0	0	0	0
AF	0	0.156777	4	3	1	0	0	0	0
AF	0	0.157089	2	2	0	0	0	0	0
AF	0	0.157714	1	1	0	0	0	0	0
AF	0	0.158026	2	1	1	0	0	0	0
AF	0	0.158339	2	2	0	0	0	0	0
AF	0	0.158651	5	3	2	0	0	0	0
AF	0	0.158963	2	2	0	0	0	0	0
AF	0	0.159275	1	0	1	0	0	0	0
AF	0	0.159588	2	2	0	0	0	0	0
AF	0	0.159900	4	3	1	0	0	0	0
AF	0	0.160525	5	2	3	0	0	0	0
AF	0	0.160837	2	2	0	0	0	0	0
AF	0	0.161149	1	1	0	0	0	0	0
AF	0	0.161462	4	3	1	0	0	0	0
AF	0	0.161774	5	2	3	0	0	0	0
AF	0	0.162086	4	3	1	0	0	0	0
AF	0	0.162399	5	3	2	0	0	0	0
AF	0	0.162711	3	2	1	0	0	0	0
AF	0	0.163023	4	3	1	0	0	0	0
AF	0	0.163335	2	2	0	0	0	0	0
AF	0	0.163648	11	6	5	0	0	0	0
AF	0	0.163960	8	6	2	0	0	0	0
AF	0	0.164272	13	9	4	0	0	0	0
AF	0	0.165522	3	2	1	0	0	0	0
AF	0	0.165834	2	2	0	0	0	0	0
AF	0	0.166146	2	1	1	0	0	0	0
AF	0	0.166458	6	4	2	0	0	0	0
AF	0	0.166771	2	2	0	0	0	0	0
AF	0	0.167083	2	2	0	0	0	0	0
AF	0	0.168020	5	4	1	0	0	0	0
AF	0	0.168645	5	3	2	0	0	0	0
AF	0	0.168957	4	4	0	0	0	0	0
AF	0	0.169269	5	4	1	0	0	0	0
AF	0	0.169582	3	3	0	0	0	0	0
AF	0	0.169894	5	4	1	0	0	0	0
AF	0	0.170206	1	1	0	0	0	0	0
AF	0	0.170518	6	4	2	0	0	0	0
AF	0	0.170831	2	0	2	0	0	0	0
AF	0	0.171143	3	3	0	0	0	0	0
AF	0	0.171768	3	3	0	0	0	0	0
AF	0	0.173329	2	1	1	0	0	0	0
AF	0	0.173641	1	1	0	0	0	0	0
AF	0	0.173954	2	1	1	0	0	0	0
AF	0	0.174266	3	2	1	0	0	0	0
AF	0	0.174578	2	1	1	0	0	0	0
AF	0	0.175203	1	1	0	0	0	0	0
AF	0	0.175515	5	1	4	0	0	0	0
AF	0	0.175828	1	1	0	0	0	0	0
AF	0	0.176765	1	1	0	0	0	0	0
AF	0	0.177701	1	1	0	0	0	0	0
AF	0	0.178014	1	0	1	0	0	0	0
AF	0	0.179263	1	1	0	0	0	0	0
AF	0	0.179575	2	2	0	0	0	0	0
AF	0	0.179888	2	0	2	0	0	0	0
AF	0	0.180512	2	1	1	0	0	0	0
AF	0	0.180824	1	1	0	0	0	0	0
AF	0	0.181449	1	1	0	0	0	0	0
AF	0	0.182074	1	0	1	0	0	0	0
AF	0	0.182386	5	3	2	0	0	0	0
AF	0	0.182698	2	0	2	0	0	0	0
AF	0	0.183011	2	2	0	0	0	0	0
AF	0	0.183323	1	1	0	0	0	0	0
AF	0	0.183948	1	1	0	0	0	0	0
AF	0	0.184260	3	1	2	0	0	0	0
AF	0	0.184572	1	1	0	0	0	0	0
AF	0	0.184884	1	0	1	0	0	0	0
AF	0	0.185509	4	2	2	0	0	0	0
AF	0	0.185821	1	1	0	0	0	0	0
AF	0	0.186134	4	3	1	0	0	0	0
AF	0	0.186446	2	1	1	0	0	0	0
AF	0	0.186758	2	2	0	0	0	0	0
AF	0	0.187071	1	1	0	0	0	0	0
AF	0	0.188007	3	2	1	0	0	0	0
AF	0	0.188320	3	1	2	0	0	0	0
AF	0	0.188632	1	0	1	0	0	0	0
AF	0	0.188944	1	1	0	0	0	0	0
AF	0	0.189569	2	1	1	0	0	0	0
AF	0	0.189881	5	3	2	0	0	0	0
AF	0	0.190194	1	0	1	0	0	0	0
AF	0	0.190506	1	1	0	0	0	0	0
AF	0	0.190818	1	1	0	0	0	0	0
AF	0	0.191131	2	1	1	0	0	0	0
AF	0	0.191443	1	1	0	0	0	0	0
AF	0	0.191755	1	1	0	0	0	0	0
AF	0	0.192067	3	1	2	0	0	0	0
AF	0	0.192380	1	1	0	0	0	0	0
AF	0	0.193004	3	1	2	0	0	0	0
AF	0	0.193629	3	3	0	0	0	0	0
AF	0	0.194254	1	1	0	0	0	0	0
AF	0	0.194566	1	0	1	0	0	0	0
AF	0	0.194878	1	1	0	0	0	0	0
AF	0	0.195191	1	1	0	0	0	0	0
AF	0	0.195503	4	4	0	0	0	0	0
AF	0	0.195815	2	1	1	0	0	0	0
AF	0	0.196127	3	2	1	0	0	0	0
AF	0	0.196752	2	2	0	0	0	0	0
AF	0	0.197064	1	1	0	0	0	0	0
AF	0	0.197377	1	1	0	0	0	0	0
AF	0	0.198314	2	2	0	0	0	0	0
AF	0	0.199250	1	0	1	0	0	0	0
AF	0	0.199563	1	0	1	0	0	0	0
AF	0	0.199875	1	0	1	0	0	0	0
AF	0	0.200187	1	1	0	0	0	0	0
AF	0	0.200812	3	3	0	0	0	0	0
AF	0	0.201124	5	4	1	0	0	0	0
AF	0	0.201437	1	0	1	0	0	0	0
AF	0	0.201749	3	2	1	0	0	0	0
AF	0	0.202061	2	2	0	0	0	0	0
AF	0	0.202374	2	1	1	0	0	0	0
AF	0	0.202686	4	3	1	0	0	0	0
AF	0	0.202998	2	1	1	0	0	0	0
AF	0	0.203310	3	1	2	0	0	0	0
AF	0	0.203623	1	1	0	0	0	0	0
AF	0	0.203935	1	1	0	0	0	0	0
AF	0	0.204247	3	1	2	0	0	0	0
AF	0	0.204560	2	2	0	0	0	0	0
AF	0	0.204872	3	2	1	0	0	0	0
AF	0	0.205184	2	1	1	0	0	0	0
AF	0	0.205809	2	1	1	0	0	0	0
AF	0	0.206433	1	0	1	0	0	0	0
AF	0	0.206746	2	2	0	0	0	0	0
AF	0	0.207370	1	1	0	0	0	0	0
AF	0	0.207995	4	2	2	0	0	0	0
AF	0	0.208932	1	1	0	0	0	0	0
AF	0	0.209244	1	0	1	0	0	0	0
AF	0	0.209869	1	1	0	0	0	0	0
AF	0	0.210181	1	0	1	0	0	0	0
AF	0	0.210493	2	1	1	0	0	0	0
AF	0	0.211118	1	1	0	0	0	0	0
AF	0	0.211430	1	0	1	0	0	0	0
AF	0	0.211743	4	4	0	0	0	0	0
AF	0	0.212367	2	1	1	0	0	0	0
AF	0	0.212992	1	0	1	0	0	0	0
AF	0	0.213616	2	1	1	0	0	0	0
AF	0	0.213929	1	1	0	0	0	0	0
AF	0	0.214241	2	1	1	0	0	0	0
AF	0	0.214553	2	2	0	0	0	0	0
AF	0	0.214866	1	0	1	0	0	0	0
AF	0	0.216115	2	1	1	0	0	0	0
AF	0	0.216427	1	1	0	0	0	0	0
AF	0	0.216740	1	1	0	0	0	0	0
AF	0	0.217052	3	2	1	0	0	0	0
AF	0	0.217364	1	1	0	0	0	0	0
AF	0	0.217676	1	1	0	0	0	0	0
AF	0	0.217989	1	1	0	0	0	0	0
AF	0	0.218926	1	1	0	0	0	0	0
AF	0	0.220175	2	2	0	0	0	0	0
AF	0	0.221112	1	1	0	0	0	0	0
AF	0	0.222049	1	1	0	0	0	0	0
AF	0	0.222986	1	1	0	0	0	0	0
AF	0	0.223298	1	1	0	0	0	0	0
AF	0	0.224547	1	1	0	0	0	0	0
AF	0	0.225172	1	1	0	0	0	0	0
AF	0	0.225796	1	0	1	0	0	0	0
AF	0	0.226733	1	1	0	0	0	0	0
AF	0	0.227046	1	0	1	0	0	0	0
AF	0	0.227983	1	0	1	0	0	0	0
AF	0	0.228295	1	0	1	0	0	0	0
AF	0	0.228607	1	1	0	0	0	0	0
AF	0	0.228919	1	1	0	0	0	0	0
AF	0	0.229856	1	1	0	0	0	0	0
AF	0	0.230169	3	3	0	0	0	0	0
AF	0	0.231106	1	0	1	0	0	0	0
AF	0	0.232042	2	1	1	0	0	0	0
AF	0	0.232979	1	1	0	0	0	0	0
AF	0	0.233916	1	0	1	0	0	0	0
AF	0	0.234229	1	1	0	0	0	0	0
AF	0	0.234853	1	1	0	0	0	0	0
AF	0	0.235166	1	1	0	0	0	0	0
AF	0	0.235478	1	1	0	0	0	0	0
AF	0	0.236102	1	0	1	0	0	0	0
AF	0	0.236415	2	1	1	0	0	0	0
AF	0	0.237039	1	0	1	0	0	0	0
AF	0	0.237664	1	1	0	0	0	0	0
AF	0	0.238289	2	2	0	0	0	0	0
AF	0	0.238913	1	0	1	0	0	0	0
AF	0	0.239538	1	1	0	0	0	0	0
AF	0	0.239850	2	0	2	0	0	0	0
AF	0	0.240787	3	1	2	0	0	0	0
AF	0	0.241412	1	0	1	0	0	0	0
AF	0	0.244222	1	0	1	0	0	0	0
AF	0	0.247658	1	0	1	0	0	0	0
AF	0	0.248282	1	0	1	0	0	0	0
AF	0	0.248595	2	1	1	0	0	0	0
AF	0	0.248907	1	0	1	0	0	0	0
AF	0	0.249219	1	1	0	0	0	0	0
AF	0	0.249532	3	2	1	0	0	0	0
AF	0	0.250156	1	0	1	0	0	0	0
AF	0	0.250468	1	1	0	0	0	0	0
AF	0	0.250781	1	1	0	0	0	0	0
AF	0	0.251093	1	0	1	0	0	0	0
AF	0	0.251405	2	0	2	0	0	0	0
AF	0	0.251718	1	1	0	0	0	0	0
AF	0	0.252655	1	1	0	0	0	0	0
AF	0	0.253279	2	0	2	0	0	0	0
AF	0	0.253592	2	1	1	0	0	0	0
AF	0	0.253904	2	2	0	0	0	0	0
AF	0	0.254528	2	1	1	0	0	0	0
AF	0	0.254841	1	1	0	0	0	0	0
AF	0	0.255153	2	1	1	0	0	0	0
AF	0	0.256090	1	1	0	0	0	0	0
AF	0	0.256402	3	2	1	0	0	0	0
AF	0	0.257339	1	1	0	0	0	0	0
AF	0	0.257651	3	1	2	0	0	0	0
AF	0	0.258588	2	2	0	0	0	0	0
AF	0	0.259213	3	3	0	0	0	0	0
AF	0	0.259838	1	0	1	0	0	0	0
AF	0	0.261087	1	1	0	0	0	0	0
AF	0	0.261399	2	2	0	0	0	0	0
AF	0	0.262024	1	0	1	0	0	0	0
AF	0	0.262648	2	2	0	0	0	0	0
AF	0	0.263273	2	2	0	0	0	0	0
AF	0	0.263898	1	1	0	0	0	0	0
AF	0	0.264210	1	0	1	0	0	0	0
AF	0	0.264522	1	1	0	0	0	0	0
AF	0	0.264834	1	1	0	0	0	0	0
AF	0	0.265147	5	4	1	0	0	0	0
AF	0	0.267021	1	1	0	0	0	0	0
AF	0	0.267645	2	0	2	0	0	0	0
AF	0	0.267958	2	1	1	0	0	0	0
AF	0	0.268894	2	2	0	0	0	0	0
AF	0	0.269207	1	1	0	0	0	0	0
AF	0	0.269519	1	0	1	0	0	0	0
AF	0	0.270144	1	0	1	0	0	0	0
AF	0	0.270768	1	1	0	0	0	0	0
AF	0	0.271081	1	1	0	0	0	0	0
AF	0	0.272017	2	2	0	0	0	0	0
AF	0	0.272330	1	1	0	0	0	0	0
AF	0	0.272642	3	3	0	0	0	0	0
AF	0	0.273267	1	0	1	0	0	0	0
AF	0	0.273891	2	2	0	0	0	0	0
AF	0	0.274204	1	1	0	0	0	0	0
AF	0	0.274516	2	2	0	0	0	0	0
AF	0	0.274828	1	0	1	0	0	0	0
AF	0	0.275765	1	1	0	0	0	0	0
AF	0	0.276077	1	0	1	0	0	0	0
AF	0	0.276390	1	0	1	0	0	0	0
AF	0	0.276702	1	1	0	0	0	0	0
AF	0	0.277014	1	1	0	0	0	0	0
AF	0	0.277639	2	2	0	0	0	0	0
AF	0	0.277951	1	1	0	0	0	0	0
AF	0	0.278576	2	1	1	0	0	0	0
AF	0	0.278888	2	1	1	0	0	0	0
AF	0	0.279513	4	3	1	0	0	0	0
AF	0	0.280137	1	1	0	0	0	0	0
AF	0	0.280450	1	1	0	0	0	0	0
AF	0	0.280762	8	6	2	0	0	0	0
AF	0	0.281074	1	1	0	0	0	0	0
AF	0	0.281387	2	1	1	0	0	0	0
AF	0	0.281699	1	0	1	0	0	0	0
AF	0	0.282011	1	1	0	0	0	0	0
AF	0	0.282636	1	1	0	0	0	0	0
AF	0	0.283260	1	0	1	0	0	0	0
AF	0	0.283885	1	0	1	0	0	0	0
AF	0	0.284510	1	0	1	0	0	0	0
AF	0	0.284822	1	1	0	0	0	0	0
AF	0	0.285447	1	1	0	0	0	0	0
AF	0	0.285759	1	1	0	0	0	0	0
AF	0	0.287320	1	0	1	0	0	0	0
AF	0	0.289507	1	1	0	0	0	0	0
AF	0	0.290443	1	1	0	0	0	0	0
AF	0	0.290756	1	1	0	0	0	0	0
AF	0	0.292005	1	0	1	0	0	0	0
AF	0	0.292630	1	1	0	0	0	0	0
AF	0	0.293254	2	1	1	0	0	0	0
AF	0	0.293879	1	1	0	0	0	0	0
AF	0	0.295128	1	1	0	0	0	0	0
AF	0	0.295753	1	1	0	0	0	0	0
AF	0	0.296377	1	0	1	0	0	0	0
AF	0	0.298251	1	0	1	0	0	0	0
AF	0	0.298563	1	1	0	0	0	0	0
AF	0	0.298876	1	0	1	0	0	0	0
AF	0	0.299188	1	0	1	0	0	0	0
AF	0	0.301374	1	1	0	0	0	0	0
AF	0	0.301686	1	0	1	0	0	0	0
AF	0	0.302623	2	1	1	0	0	0	0
AF	0	0.303248	1	1	0	0	0	0	0
AF	0	0.303560	1	0	1	0	0	0	0
AF	0	0.303873	3	3	0	0	0	0	0
AF	0	0.304185	1	1	0	0	0	0	0
AF	0	0.304497	1	0	1	0	0	0	0
AF	0	0.305122	1	1	0	0	0	0	0
AF	0	0.306683	1	1	0	0	0	0	0
AF	0	0.306996	2	2	0	0	0	0	0
AF	0	0.307620	2	1	1	0	0	0	0
AF	0	0.307933	1	0	1	0	0	0	0
AF	0	0.308869	1	0	1	0	0	0	0
AF	0	0.309182	1	0	1	0	0	0	0
AF	0	0.309494	2	1	1	0	0	0	0
AF	0	0.310431	2	2	0	0	0	0	0
AF	0	0.310743	4	2	2	0	0	0	0
AF	0	0.311056	1	0	1	0	0	0	0
AF	0	0.311368	2	1	1	0	0	0	0
AF	0	0.311680	1	0	1	0	0	0	0
AF	0	0.312617	3	3	0	0	0	0	0
AF	0	0.313866	1	0	1	0	0	0	0
AF	0	0.314179	3	2	1	0	0	0	0
AF	0	0.314803	1	1	0	0	0	0	0
AF	0	0.315428	1	1	0	0	0	0	0
AF	0	0.316052	2	2	0	0	0	0	0
AF	0	0.316677	1	1	0	0	0	0	0
AF	0	0.316989	5	3	2	0	0	0	0
AF	0	0.317302	1	1	0	0	0	0	0
AF	0	0.317926	1	0	1	0	0	0	0
AF	0	0.318239	3	3	0	0	0	0	0
AF	0	0.318551	1	1	0	0	0	0	0
AF	0	0.318863	1	1	0	0	0	0	0
AF	0	0.320112	1	0	1	0	0	0	0
AF	0	0.321049	1	1	0	0	0	0	0
AF	0	0.321362	1	1	0	0	0	0	0
AF	0	0.321674	1	1	0	0	0	0	0
AF	0	0.321986	1	1	0	0	0	0	0
AF	0	0.322299	1	1	0	0	0	0	0
AF	0	0.322923	1	1	0	0	0	0	0
AF	0	0.323235	3	1	2	0	0	0	0
AF	0	0.323860	1	0	1	0	0	0	0
AF	0	0.324172	1	0	1	0	0	0	0
AF	0	0.324485	1	0	1	0	0	0	0
AF	0	0.325109	1	1	0	0	0	0	0
AF	0	0.325422	1	1	0	0	0	0	0
AF	0	0.325734	1	1	0	0	0	0	0
AF	0	0.327295	2	2	0	0	0	0	0
AF	0	0.327608	1	1	0	0	0	0	0
AF	0	0.327920	2	2	0	0	0	0	0
AF	0	0.328232	1	1	0	0	0	0	0
AF	0	0.328857	2	0	2	0	0	0	0
AF	0	0.329169	1	1	0	0	0	0	0
AF	0	0.330106	2	2	0	0	0	0	0
AF	0	0.330418	2	2	0	0	0	0	0
AF	0	0.330731	1	1	0	0	0	0	0
AF	0	0.331668	1	1	0	0	0	0	0
AF	0	0.331980	4	3	1	0	0	0	0
AF	0	0.332292	1	0	1	0	0	0	0
AF	0	0.332605	2	2	0	0	0	0	0
AF	0	0.333229	1	0	1	0	0	0	0
AF	0	0.333542	3	1	2	0	0	0	0
AF	0	0.333854	1	1	0	0	0	0	0
AF	0	0.334166	2	1	1	0	0	0	0
AF	0	0.334478	1	1	0	0	0	0	0
AF	0	0.334791	2	1	1	0	0	0	0
AF	0	0.335415	1	0	1	0	0	0	0
AF	0	0.335728	1	1	0	0	0	0	0
AF	0	0.336040	1	1	0	0	0	0	0
AF	0	0.336665	2	2	0	0	0	0	0
AF	0	0.336977	1	0	1	0	0	0	0
AF	0	0.337289	1	1	0	0	0	0	0
AF	0	0.338538	2	1	1	0	0	0	0
AF	0	0.338851	2	1	1	0	0	0	0
AF	0	0.339475	1	0	1	0	0	0	0
AF	0	0.339788	1	1	0	0	0	0	0
AF	0	0.340100	2	1	1	0	0	0	0
AF	0	0.340412	1	0	1	0	0	0	0
AF	0	0.340725	2	2	0	0	0	0	0
AF	0	0.341349	1	1	0	0	0	0	0
AF	0	0.341661	2	2	0	0	0	0	0
AF	0	0.342598	1	1	0	0	0	0	0
AF	0	0.343535	2	1	1	0	0	0	0
AF	0	0.344472	2	2	0	0	0	0	0
AF	0	0.344785	1	0	1	0	0	0	0
AF	0	0.345097	2	0	2	0	0	0	0
AF	0	0.345409	2	2	0	0	0	0	0
AF	0	0.345721	2	2	0	0	0	0	0
AF	0	0.346346	2	1	1	0	0	0	0
AF	0	0.346658	1	1	0	0	0	0	0
AF	0	0.348532	2	2	0	0	0	0	0
AF	0	0.351031	2	2	0	0	0	0	0
AF	0	0.351343	1	1	0	0	0	0	0
AF	0	0.352904	1	1	0	0	0	0	0
AF	0	0.355715	1	1	0	0	0	0	0
AF	0	0.356027	5	4	1	0	0	0	0
AF	0	0.356652	3	2	1	0	0	0	0
AF	0	0.356964	1	0	1	0	0	0	0
AF	0	0.357589	1	1	0	0	0	0	0
AF	0	0.357901	3	1	2	0	0	0	0
AF	0	0.358526	2	2	0	0	0	0	0
AF	0	0.358838	1	1	0	0	0	0	0
AF	0	0.359463	3	2	1	0	0	0	0
AF	0	0.359775	3	2	1	0	0	0	0
AF	0	0.360087	1	0	1	0	0	0	0
AF	0	0.360400	2	2	0	0	0	0	0
AF	0	0.361024	2	2	0	0	0	0	0
AF	0	0.363523	2	0	2	0	0	0	0
AF	0	0.363835	1	0	1	0	0	0	0
AF	0	0.364147	2	2	0	0	0	0	0
AF	0	0.365397	5	4	1	0	0	0	0
AF	0	0.366021	1	0	1	0	0	0	0
AF	0	0.366334	4	4	0	0	0	0	0
AF	0	0.367270	1	0	1	0	0	0	0
AF	0	0.368520	1	1	0	0	0	0	0
AF	0	0.369457	1	1	0	0	0	0	0
AF	0	0.369769	1	0	1	0	0	0	0
AF	0	0.370081	2	0	2	0	0	0	0
AF	0	0.370706	1	1	0	0	0	0	0
AF	0	0.371018	2	1	1	0	0	0	0
AF	0	0.371643	3	2	1	0	0	0	0
AF	0	0.371955	3	3	0	0	0	0	0
AF	0	0.372267	1	0	1	0	0	0	0
AF	0	0.372580	1	0	1	0	0	0	0
AF	0	0.372892	1	1	0	0	0	0	0
AF	0	0.373204	1	1	0	0	0	0	0
AF	0	0.373517	1	1	0	0	0	0	0
AF	0	0.374141	1	0	1	0	0	0	0
AF	0	0.374766	1	0	1	0	0	0	0
AF	0	0.375078	1	1	0	0	0	0	0
AF	0	0.375390	2	1	1	0	0	0	0
AF	0	0.376327	1	1	0	0	0	0	0
AF	0	0.376640	2	2	0	0	0	0	0
AF	0	0.377889	1	1	0	0	0	0	0
AF	0	0.378826	2	2	0	0	0	0	0
AF	0	0.379138	1	1	0	0	0	0	0
AF	0	0.379450	1	1	0	0	0	0	0
AF	0	0.380387	6	5	1	0	0	0	0
AF	0	0.380700	2	1	1	0	0	0	0
AF	0	0.381949	2	2	0	0	0	0	0
AF	0	0.382886	1	0	1	0	0	0	0
AF	0	0.384135	1	1	0	0	0	0	0
AF	0	0.385384	2	2	0	0	0	0	0
AF	0	0.385696	1	1	0	0	0	0	0
AF	0	0.386009	1	1	0	0	0	0	0
AF	0	0.387258	2	2	0	0	0	0	0
AF	0	0.388819	1	0	1	0	0	0	0
AF	0	0.389756	1	1	0	0	0	0	0
AF	0	0.390069	2	2	0	0	0	0	0
AF	0	0.390693	1	1	0	0	0	0	0
AF	0	0.391006	1	1	0	0	0	0	0
AF	0	0.391630	4	1	3	0	0	0	0
AF	0	0.391943	2	1	1	0	0	0	0
AF	0	0.392255	2	0	2	0	0	0	0
AF	0	0.392879	2	1	1	0	0	0	0
AF	0	0.393504	2	1	1	0	0	0	0
AF	0	0.395066	1	1	0	0	0	0	0
AF	0	0.396002	2	1	1	0	0	0	0
AF	0	0.396627	1	0	1	0	0	0	0
AF	0	0.397252	2	1	1	0	0	0	0
AF	0	0.397876	1	0	1	0	0	0	0
AF	0	0.398189	2	2	0	0	0	0	0
AF	0	0.398501	2	2	0	0	0	0	0
AF	0	0.399126	2	2	0	0	0	0	0
AF	0	0.399438	1	1	0	0	0	0	0
AF	0	0.399750	2	2	0	0	0	0	0
AF	0	0.400062	2	1	1	0	0	0	0
AF	0	0.400375	2	1	1	0	0	0	0
AF	0	0.400999	3	3	0	0	0	0	0
AF	0	0.401624	1	1	0	0	0	0	0
AF	0	0.402249	1	1	0	0	0	0	0
AF	0	0.402873	2	1	1	0	0	0	0
AF	0	0.403498	2	0	2	0	0	0	0
AF	0	0.404122	2	2	0	0	0	0	0
AF	0	0.404435	2	1	1	0	0	0	0
AF	0	0.405372	1	1	0	0	0	0	0
AF	0	0.406309	1	0	1	0	0	0	0
AF	0	0.408182	1	1	0	0	0	0	0
AF	0	0.409119	2	1	1	0	0	0	0
AF	0	0.409432	1	1	0	0	0	0	0
AF	0	0.410056	1	0	1	0	0	0	0
AF	0	0.410369	2	1	1	0	0	0	0
AF	0	0.410993	1	1	0	0	0	0	0
AF	0	0.411305	1	1	0	0	0	0	0
AF	0	0.411618	2	1	1	0	0	0	0
AF	0	0.412242	2	1	1	0	0	0	0
AF	0	0.412555	1	1	0	0	0	0	0
AF	0	0.413179	1	1	0	0	0	0	0
AF	0	0.414116	2	2	0	0	0	0	0
AF	0	0.414428	2	2	0	0	0	0	0
AF	0	0.414741	2	0	2	0	0	0	0
AF	0	0.415053	1	1	0	0	0	0	0
AF	0	0.415678	2	1	1	0	0	0	0
AF	0	0.416615	1	1	0	0	0	0	0
AF	0	0.417239	3	2	1	0	0	0	0
AF	0	0.417864	1	0	1	0	0	0	0
AF	0	0.418488	1	1	0	0	0	0	0
AF	0	0.418801	1	0	1	0	0	0	0
AF	0	0.419425	2	2	0	0	0	0	0
AF	0	0.419738	3	2	1	0	0	0	0
AF	0	0.420987	2	1	1	0	0	0	0
AF	0	0.421611	2	2	0	0	0	0	0
AF	0	0.421924	1	1	0	0	0	0	0
AF	0	0.423485	1	1	0	0	0	0	0
AF	0	0.424110	2	2	0	0	0	0	0
AF	0	0.424422	2	1	1	0	0	0	0
AF	0	0.424735	1	1	0	0	0	0	0
AF	0	0.425359	1	1	0	0	0	0	0
AF	0	0.425984	1	1	0	0	0	0	0
AF	0	0.426608	1	0	1	0	0	0	0
AF	0	0.429107	1	1	0	0	0	0	0
AF	0	0.429731	1	1	0	0	0	0	0
AF	0	0.430044	1	1	0	0	0	0	0
AF	0	0.430668	2	2	0	0	0	0	0
AF	0	0.430981	1	1	0	0	0	0	0
AF	0	0.431293	1	0	1	0	0	0	0
AF	0	0.432542	2	2	0	0	0	0	0
AF	0	0.432854	1	1	0	0	0	0	0
AF	0	0.434104	3	2	1	0	0	0	0
AF	0	0.434728	1	1	0	0	0	0	0
AF	0	0.435978	1	1	0	0	0	0	0
AF	0	0.436602	1	1	0	0	0	0	0
AF	0	0.436914	1	1	0	0	0	0	0
AF	0	0.437227	1	1	0	0	0	0	0
AF	0	0.437539	1	1	0	0	0	0	0
AF	0	0.437851	2	1	1	0	0	0	0
AF	0	0.438476	2	2	0	0	0	0	0
AF	0	0.438788	1	1	0	0	0	0	0
AF	0	0.439101	3	2	1	0	0	0	0
AF	0	0.439413	4	2	2	0	0	0	0
AF	0	0.439725	1	0	1	0	0	0	0
AF	0	0.440037	2	0	2	0	0	0	0
AF	0	0.440350	2	1	1	0	0	0	0
AF	0	0.440974	2	2	0	0	0	0	0
AF	0	0.441599	1	1	0	0	0	0	0
AF	0	0.441911	3	2	1	0	0	0	0
AF	0	0.442848	2	2	0	0	0	0	0
AF	0	0.443161	1	0	1	0	0	0	0
AF	0	0.443473	1	0	1	0	0	0	0
AF	0	0.446908	3	3	0	0	0	0	0
AF	0	0.447533	1	0	1	0	0	0	0
AF	0	0.448157	1	1	0	0	0	0	0
AF	0	0.448470	2	1	1	0	0	0	0
AF	0	0.449407	1	1	0	0	0	0	0
AF	0	0.450031	1	1	0	0	0	0	0
AF	0	0.450344	2	1	1	0	0	0	0
AF	0	0.450656	1	0	1	0	0	0	0
AF	0	0.451280	1	0	1	0	0	0	0
AF	0	0.451905	2	1	1	0	0	0	0
AF	0	0.452530	1	1	0	0	0	0	0
AF	0	0.452842	1	1	0	0	0	0	0
AF	0	0.453154	1	1	0	0	0	0	0
AF	0	0.453779	1	0	1	0	0	0	0
AF	0	0.455028	1	1	0	0	0	0	0
AF	0	0.455340	1	1	0	0	0	0	0
AF	0	0.455965	1	1	0	0	0	0	0
AF	0	0.456277	1	0	1	0	0	0	0
AF	0	0.456902	1	1	0	0	0	0	0
AF	0	0.458463	1	1	0	0	0	0	0
AF	0	0.458776	2	2	0	0	0	0	0
AF	0	0.460025	1	1	0	0	0	0	0
AF	0	0.460650	1	1	0	0	0	0	0
AF	0	0.460962	1	1	0	0	0	0	0
AF	0	0.461587	1	1	0	0	0	0	0
AF	0	0.462523	1	1	0	0	0	0	0
AF	0	0.462836	1	0	1	0	0	0	0
AF	0	0.463148	1	0	1	0	0	0	0
AF	0	0.463773	1	0	1	0	0	0	0
AF	0	0.464397	3	1	2	0	0	0	0
AF	0	0.465334	1	1	0	0	0	0	0
AF	0	0.465646	2	1	1	0	0	0	0
AF	0	0.465959	2	0	2	0	0	0	0
AF	0	0.466896	1	0	1	0	0	0	0
AF	0	0.467520	2	2	0	0	0	0	0
AF	0	0.468770	1	1	0	0	0	0	0
AF	0	0.469082	1	0	1	0	0	0	0
AF	0	0.470331	2	1	1	0	0	0	0
AF	0	0.470956	1	1	0	0	0	0	0
AF	0	0.471580	2	1	1	0	0	0	0
AF	0	0.471893	2	2	0	0	0	0	0
AF	0	0.472517	1	1	0	0	0	0	0
AF	0	0.472829	1	1	0	0	0	0	0
AF	0	0.473142	1	1	0	0	0	0	0
AF	0	0.475328	1	0	1	0	0	0	0
AF	0	0.476265	1	1	0	0	0	0	0
AF	0	0.478139	3	3	0	0	0	0	0
AF	0	0.478763	1	1	0	0	0	0	0
AF	0	0.479388	1	0	1	0	0	0	0
AF	0	0.480012	3	2	1	0	0	0	0
AF	0	0.480637	1	1	0	0	0	0	0
AF	0	0.482199	1	0	1	0	0	0	0
AF	0	0.482823	1	1	0	0	0	0	0
AF	0	0.483136	1	1	0	0	0	0	0
AF	0	0.483760	1	1	0	0	0	0	0
AF	0	0.484072	1	1	0	0	0	0	0
AF	0	0.484385	1	1	0	0	0	0	0
AF	0	0.485009	1	1	0	0	0	0	0
AF	0	0.485946	1	1	0	0	0	0	0
AF	0	0.486883	1	1	0	0	0	0	0
AF	0	0.487508	1	1	0	0	0	0	0
AF	0	0.488132	1	0	1	0	0	0	0
AF	0	0.489069	1	1	0	0	0	0	0
AF	0	0.489382	1	1	0	0	0	0	0
AF	0	0.490006	1	1	0	0	0	0	0
AF	0	0.492817	1	1	0	0	0	0	0
AF	0	0.493442	1	1	0	0	0	0	0
AF	0	0.493754	2	1	1	0	0	0	0
AF	0	0.494379	1	1	0	0	0	0	0
AF	0	0.495315	3	2	1	0	0	0	0
AF	0	0.496252	1	0	1	0	0	0	0
AF	0	0.496565	1	1	0	0	0	0	0
AF	0	0.497189	3	1	2	0	0	0	0
AF	0	0.498126	1	1	0	0	0	0	0
AF	0	0.498751	1	1	0	0	0	0	0
AF	0	0.500625	1	1	0	0	0	0	0
AF	0	0.501562	1	0	1	0	0	0	0
AF	0	0.502186	1	1	0	0	0	0	0
AF	0	0.502498	1	0	1	0	0	0	0
AF	0	0.504060	2	0	2	0	0	0	0
AF	0	0.504372	1	1	0	0	0	0	0
AF	0	0.504685	1	1	0	0	0	0	0
AF	0	0.504997	2	1	1	0	0	0	0
AF	0	0.505309	1	1	0	0	0	0	0
AF	0	0.506558	1	0	1	0	0	0	0
AF	0	0.507183	2	1	1	0	0	0	0
AF	0	0.508120	1	1	0	0	0	0	0
AF	0	0.508432	1	1	0	0	0	0	0
AF	0	0.509369	3	2	1	0	0	0	0
AF	0	0.509681	2	2	0	0	0	0	0
AF	0	0.510618	2	2	0	0	0	0	0
AF	0	0.511243	1	1	0	0	0	0	0
AF	0	0.513117	1	1	0	0	0	0	0
AF	0	0.513429	1	1	0	0	0	0	0
AF	0	0.514678	1	1	0	0	0	0	0
AF	0	0.514991	1	0	1	0	0	0	0
AF	0	0.517489	1	0	1	0	0	0	0
AF	0	0.519675	1	1	0	0	0	0	0
AF	0	0.520300	1	1	0	0	0	0	0
AF	0	0.520612	2	0	2	0	0	0	0
AF	0	0.521237	2	1	1	0	0	0	0
AF	0	0.521549	1	0	1	0	0	0	0
AF	0	0.521861	1	1	0	0	0	0	0
AF	0	0.522486	3	2	1	0	0	0	0
AF	0	0.523111	1	1	0	0	0	0	0
AF	0	0.523423	2	2	0	0	0	0	0
AF	0	0.526234	1	1	0	0	0	0	0
AF	0	0.527171	1	0	1	0	0	0	0
AF	0	0.527483	1	1	0	0	0	0	0
AF	0	0.527795	2	1	1	0	0	0	0
AF	0	0.528107	1	1	0	0	0	0	0
AF	0	0.528420	1	1	0	0	0	0	0
AF	0	0.528732	1	0	1	0	0	0	0
AF	0	0.529044	1	1	0	0	0	0	0
AF	0	0.529357	1	1	0	0	0	0	0
AF	0	0.529981	1	1	0	0	0	0	0
AF	0	0.530606	2	2	0	0	0	0	0
AF	0	0.530918	1	0	1	0	0	0	0
AF	0	0.531543	1	1	0	0	0	0	0
AF	0	0.531855	1	0	1	0	0	0	0
AF	0	0.532167	1	1	0	0	0	0	0
AF	0	0.533104	1	0	1	0	0	0	0
AF	0	0.533417	1	1	0	0	0	0	0
AF	0	0.533729	1	1	0	0	0	0	0
AF	0	0.534978	2	2	0	0	0	0	0
AF	0	0.535290	3	3	0	0	0	0	0
AF	0	0.536227	2	1	1	0	0	0	0
AF	0	0.536540	3	0	3	0	0	0	0
AF	0	0.536852	2	2	0	0	0	0	0
AF	0	0.537164	1	1	0	0	0	0	0
AF	0	0.537477	3	2	1	0	0	0	0
AF	0	0.538101	1	1	0	0	0	0	0
AF	0	0.538726	2	0	2	0	0	0	0
AF	0	0.539975	1	1	0	0	0	0	0
AF	0	0.541224	2	2	0	0	0	0	0
AF	0	0.541537	1	0	1	0	0	0	0
AF	0	0.542473	4	3	1	0	0	0	0
AF	0	0.544660	2	1	1	0	0	0	0
AF	0	0.544972	1	1	0	0	0	0	0
AF	0	0.545284	1	0	1	0	0	0	0
AF	0	0.545597	1	1	0	0	0	0	0
AF	0	0.546221	1	1	0	0	0	0	0
AF	0	0.546533	1	0	1	0	0	0	0
AF	0	0.546846	2	2	0	0	0	0	0
AF	0	0.547470	1	0	1	0	0	0	0
AF	0	0.549344	2	1	1	0	0	0	0
AF	0	0.549656	1	1	0	0	0	0	0
AF	0	0.551530	1	0	1	0	0	0	0
AF	0	0.551843	1	1	0	0	0	0	0
AF	0	0.552467	1	1	0	0	0	0	0
AF	0	0.552780	1	1	0	0	0	0	0
AF	0	0.553092	2	0	2	0	0	0	0
AF	0	0.554341	2	1	1	0	0	0	0
AF	0	0.555278	3	3	0	0	0	0	0
AF	0	0.555590	1	1	0	0	0	0	0
AF	0	0.556215	1	0	1	0	0	0	0
AF	0	0.556527	1	1	0	0	0	0	0
AF	0	0.556839	1	1	0	0	0	0	0
AF	0	0.557152	2	0	2	0	0	0	0
AF	0	0.557464	1	1	0	0	0	0	0
AF	0	0.558401	2	1	1	0	0	0	0
AF	0	0.558713	1	0	1	0	0	0	0
AF	0	0.559026	1	1	0	0	0	0	0
AF	0	0.559650	1	1	0	0	0	0	0
AF	0	0.559963	2	0	2	0	0	0	0
AF	0	0.560587	2	2	0	0	0	0	0
AF	0	0.560899	1	1	0	0	0	0	0
AF	0	0.561212	1	1	0	0	0	0	0
AF	0	0.561836	1	0	1	0	0	0	0
AF	0	0.562773	1	1	0	0	0	0	0
AF	0	0.563086	1	1	0	0	0	0	0
AF	0	0.563398	1	1	0	0	0	0	0
AF	0	0.563710	1	1	0	0	0	0	0
AF	0	0.565272	1	0	1	0	0	0	0
AF	0	0.565584	2	2	0	0	0	0	0
AF	0	0.566521	1	1	0	0	0	0	0
AF	0	0.567770	1	0	1	0	0	0	0
AF	0	0.568082	1	1	0	0	0	0	0
AF	0	0.568395	1	0	1	0	0	0	0
AF	0	0.571518	1	0	1	0	0	0	0
AF	0	0.572142	2	2	0	0	0	0	0
AF	0	0.572455	1	1	0	0	0	0	0
AF	0	0.572767	1	1	0	0	0	0	0
AF	0	0.573079	3	2	1	0	0	0	0
AF	0	0.574016	1	1	0	0	0	0	0
AF	0	0.574641	1	1	0	0	0	0	0
AF	0	0.575265	1	1	0	0	0	0	0
AF	0	0.575578	1	1	0	0	0	0	0
AF	0	0.575890	1	0	1	0	0	0	0
AF	0	0.576202	1	1	0	0	0	0	0
AF	0	0.576515	1	1	0	0	0	0	0
AF	0	0.576827	2	1	1	0	0	0	0
AF	0	0.577452	1	1	0	0	0	0	0
AF	0	0.577764	1	1	0	0	0	0	0
AF	0	0.578076	1	0	1	0	0	0	0
AF	0	0.578389	1	1	0	0	0	0	0
AF	0	0.579950	1	0	1	0	0	0	0
AF	0	0.580575	2	2	0	0	0	0	0
AF	0	0.580887	1	1	0	0	0	0	0
AF	0	0.581199	1	1	0	0	0	0	0
AF	0	0.581512	2	2	0	0	0	0	0
AF	0	0.582136	1	0	1	0	0	0	0
AF	0	0.582761	1	1	0	0	0	0	0
AF	0	0.583385	2	1	1	0	0	0	0
AF	0	0.585259	1	1	0	0	0	0	0
AF	0	0.586508	1	0	1	0	0	0	0
AF	0	0.586821	1	1	0	0	0	0	0
AF	0	0.587133	1	0	1	0	0	0	0
AF	0	0.587445	1	1	0	0	0	0	0
AF	0	0.588382	1	1	0	0	0	0	0
AF	0	0.589007	2	1	1	0	0	0	0
AF	0	0.589319	1	1	0	0	0	0	0
AF	0	0.589631	2	2	0	0	0	0	0
AF	0	0.592755	1	0	1	0	0	0	0
AF	0	0.594316	1	1	0	0	0	0	0
AF	0	0.594941	1	1	0	0	0	0	0
AF	0	0.595253	1	0	1	0	0	0	0
AF	0	0.595878	1	1	0	0	0	0	0
AF	0	0.597751	1	0	1	0	0	0	0
AF	0	0.598064	1	1	0	0	0	0	0
AF	0	0.598376	1	1	0	0	0	0	0
AF	0	0.598688	1	1	0	0	0	0	0
AF	0	0.599625	1	1	0	0	0	0	0
AF	0	0.600874	1	0	1	0	0	0	0
AF	0	0.601187	1	1	0	0	0	0	0
AF	0	0.601499	1	0	1	0	0	0	0
AF	0	0.601811	1	1	0	0	0	0	0
AF	0	0.602436	1	1	0	0	0	0	0
AF	0	0.603373	2	2	0	0	0	0	0
AF	0	0.603685	1	0	1	0	0	0	0
AF	0	0.604310	1	0	1	0	0	0	0
AF	0	0.604622	1	1	0	0	0	0	0
AF	0	0.604934	1	0	1	0	0	0	0
AF	0	0.606808	2	2	0	0	0	0	0
AF	0	0.607121	1	1	0	0	0	0	0
AF	0	0.607433	1	1	0	0	0	0	0
AF	0	0.607745	1	1	0	0	0	0	0
AF	0	0.608057	1	1	0	0	0	0	0
AF	0	0.612742	1	0	1	0	0	0	0
AF	0	0.613991	2	1	1	0	0	0	0
AF	0	0.614928	1	0	1	0	0	0	0
AF	0	0.615240	1	0	1	0	0	0	0
AF	0	0.617114	2	1	1	0	0	0	0
AF	0	0.617739	1	1	0	0	0	0	0
AF	0	0.618051	1	0	1	0	0	0	0
AF	0	0.618364	1	1	0	0	0	0	0
AF	0	0.620237	2	1	1	0	0	0	0
AF	0	0.620550	1	1	0	0	0	0	0
AF	0	0.621487	1	1	0	0	0	0	0
AF	0	0.621799	1	1	0	0	0	0	0
AF	0	0.622736	1	1	0	0	0	0	0
AF	0	0.624610	1	1	0	0	0	0	0
AF	0	0.625234	3	3	0	0	0	0	0
AF	0	0.626483	1	0	1	0	0	0	0
AF	0	0.626796	1	1	0	0	0	0	0
AF	0	0.627108	2	2	0	0	0	0	0
AF	0	0.628045	1	1	0	0	0	0	0
AF	0	0.628982	1	1	0	0	0	0	0
AF	0	0.629606	2	1	1	0	0	0	0
AF	0	0.629919	1	0	1	0	0	0	0
AF	0	0.630231	1	1	0	0	0	0	0
AF	0	0.631480	2	1	1	0	0	0	0
AF	0	0.631793	1	0	1	0	0	0	0
AF	0	0.632417	2	2	0	0	0	0	0
AF	0	0.632730	3	2	1	0	0	0	0
AF	0	0.633666	1	1	0	0	0	0	0
AF	0	0.635228	2	1	1	0	0	0	0
AF	0	0.639913	1	1	0	0	0	0	0
AF	0	0.642411	1	1	0	0	0	0	0
AF	0	0.642723	1	0	1	0	0	0	0
AF	0	0.643036	1	1	0	0	0	0	0
AF	0	0.644909	1	0	1	0	0	0	0
AF	0	0.645222	1	1	0	0	0	0	0
AF	0	0.645846	1	1	0	0	0	0	0
AF	0	0.646471	2	2	0	0	0	0	0
AF	0	0.646783	1	1	0	0	0	0	0
AF	0	0.647408	1	1	0	0	0	0	0
AF	0	0.648032	1	1	0	0	0	0	0
AF	0	0.648345	2	2	0	0	0	0	0
AF	0	0.648969	1	1	0	0	0	0	0
AF	0	0.650843	1	1	0	0	0	0	0
AF	0	0.652092	2	2	0	0	0	0	0
AF	0	0.653029	1	1	0	0	0	0	0
AF	0	0.654279	1	1	0	0	0	0	0
AF	0	0.654591	1	1	0	0	0	0	0
AF	0	0.655215	1	1	0	0	0	0	0
AF	0	0.655840	1	1	0	0	0	0	0
AF	0	0.656465	1	0	1	0	0	0	0
AF	0	0.657089	2	2	0	0	0	0	0
AF	0	0.657714	1	1	0	0	0	0	0
AF	0	0.658026	1	0	1	0	0	0	0
AF	0	0.658339	3	3	0	0	0	0	0
AF	0	0.658651	1	1	0	0	0	0	0
AF	0	0.659275	1	1	0	0	0	0	0
AF	0	0.660212	1	1	0	0	0	0	0
AF	0	0.660525	1	0	1	0	0	0	0
AF	0	0.661462	1	0	1	0	0	0	0
AF	0	0.662086	1	1	0	0	0	0	0
AF	0	0.662399	1	0	1	0	0	0	0
AF	0	0.663960	3	3	0	0	0	0	0
AF	0	0.664272	1	0	1	0	0	0	0
AF	0	0.664585	2	2	0	0	0	0	0
AF	0	0.665209	1	1	0	0	0	0	0
AF	0	0.665522	1	1	0	0	0	0	0
AF	0	0.666771	1	1	0	0	0	0	0
AF	0	0.667708	1	0	1	0	0	0	0
AF	0	0.668020	1	1	0	0	0	0	0
AF	0	0.668332	1	1	0	0	0	0	0
AF	0	0.668645	2	1	1	0	0	0	0
AF	0	0.669894	1	1	0	0	0	0	0
AF	0	0.670518	1	1	0	0	0	0	0
AF	0	0.671143	2	2	0	0	0	0	0
AF	0	0.672705	1	1	0	0	0	0	0
AF	0	0.673017	1	0	1	0	0	0	0
AF	0	0.676140	1	1	0	0	0	0	0
AF	0	0.677701	1	1	0	0	0	0	0
AF	0	0.678014	1	1	0	0	0	0	0
AF	0	0.679888	2	2	0	0	0	0	0
AF	0	0.682386	2	1	1	0	0	0	0
AF	0	0.683011	1	0	1	0	0	0	0
AF	0	0.683635	2	1	1	0	0	0	0
AF	0	0.683948	1	1	0	0	0	0	0
AF	0	0.684260	1	1	0	0	0	0	0
AF	0	0.685509	1	0	1	0	0	0	0
AF	0	0.685821	1	1	0	0	0	0	0
AF	0	0.686758	1	0	1	0	0	0	0
AF	0	0.692692	1	1	0	0	0	0	0
AF	0	0.695503	1	1	0	0	0	0	0
AF	0	0.696440	1	1	0	0	0	0	0
AF	0	0.696752	1	0	1	0	0	0	0
AF	0	0.697064	1	1	0	0	0	0	0
AF	0	0.697377	1	1	0	0	0	0	0
AF	0	0.697689	1	1	0	0	0	0	0
AF	0	0.698314	1	1	0	0	0	0	0
AF	0	0.698626	2	2	0	0	0	0	0
AF	0	0.698938	1	1	0	0	0	0	0
AF	0	0.700187	1	1	0	0	0	0	0
AF	0	0.702061	1	1	0	0	0	0	0
AF	0	0.702998	1	0	1	0	0	0	0
AF	0	0.703310	1	1	0	0	0	0	0
AF	0	0.704560	1	1	0	0	0	0	0
AF	0	0.705497	1	0	1	0	0	0	0
AF	0	0.706746	1	0	1	0	0	0	0
AF	0	0.709869	1	1	0	0	0	0	0
AF	0	0.711430	1	1	0	0	0	0	0
AF	0	0.712055	1	0	1	0	0	0	0
AF	0	0.712367	1	1	0	0	0	0	0
AF	0	0.715490	2	2	0	0	0	0	0
AF	0	0.716740	1	1	0	0	0	0	0
AF	0	0.717989	1	0	1	0	0	0	0
AF	0	0.720487	1	1	0	0	0	0	0
AF	0	0.723610	5	5	0	0	0	0	0
AF	0	0.724859	2	1	1	0	0	0	0
AF	0	0.726421	1	1	0	0	0	0	0
AF	0	0.727670	1	1	0	0	0	0	0
AF	0	0.734541	1	1	0	0	0	0	0
AF	0	0.734853	1	0	1	0	0	0	0
AF	0	0.735166	1	0	1	0	0	0	0
AF	0	0.735478	1	1	0	0	0	0	0
AF	0	0.737352	1	0	1	0	0	0	0
AF	0	0.737976	2	2	0	0	0	0	0
AF	0	0.740475	1	1	0	0	0	0	0
AF	0	0.741724	1	1	0	0	0	0	0
AF	0	0.742349	1	0	1	0	0	0	0
AF	0	0.742661	1	0	1	0	0	0	0
AF	0	0.743598	2	1	1	0	0	0	0
AF	0	0.744222	1	1	0	0	0	0	0
AF	0	0.744535	1	1	0	0	0	0	0
AF	0	0.745472	1	1	0	0	0	0	0
AF	0	0.746096	1	0	1	0	0	0	0
AF	0	0.746408	1	0	1	0	0	0	0
AF	0	0.746721	1	0	1	0	0	0	0
AF	0	0.747033	1	0	1	0	0	0	0
AF	0	0.747345	1	1	0	0	0	0	0
AF	0	0.747970	1	1	0	0	0	0	0
AF	0	0.748595	2	2	0	0	0	0	0
AF	0	0.749219	4	3	1	0	0	0	0
AF	0	0.754216	1	0	1	0	0	0	0
AF	0	0.757339	1	1	0	0	0	0	0
AF	0	0.762336	1	1	0	0	0	0	0
AF	0	0.763273	1	0	1	0	0	0	0
AF	0	0.764210	1	1	0	0	0	0	0
AF	0	0.765459	1	1	0	0	0	0	0
AF	0	0.767958	1	1	0	0	0	0	0
AF	0	0.768894	1	0	1	0	0	0	0
AF	0	0.775141	1	1	0	0	0	0	0
AF	0	0.775453	1	1	0	0	0	0	0
AF	0	0.775765	1	1	0	0	0	0	0
AF	0	0.778264	1	1	0	0	0	0	0
AF	0	0.778888	1	1	0	0	0	0	0
AF	0	0.785759	1	1	0	0	0	0	0
AF	0	0.786071	1	0	1	0	0	0	0
AF	0	0.793879	1	1	0	0	0	0	0
AF	0	0.797002	2	2	0	0	0	0	0
AF	0	0.797626	2	2	0	0	0	0	0
AF	0	0.798251	1	1	0	0	0	0	0
AF	0	0.798876	1	0	1	0	0	0	0
AF	0	0.799188	1	1	0	0	0	0	0
AF	0	0.804497	1	1	0	0	0	0	0
AF	0	0.805122	2	2	0	0	0	0	0
AF	0	0.806683	1	1	0	0	0	0	0
AF	0	0.808245	2	2	0	0	0	0	0
AF	0	0.810743	1	1	0	0	0	0	0
AF	0	0.835103	1	1	0	0	0	0	0
AF	0	0.835728	1	1	0	0	0	0	0
AF	0	0.844472	1	1	0	0	0	0	0
AF	0	0.846346	1	0	1	0	0	0	0
AF	0	0.848844	1	1	0	0	0	0	0
AF	0	0.850406	1	1	0	0	0	0	0
AF	0	0.853217	2	2	0	0	0	0	0
AF	0	0.856964	1	0	1	0	0	0	0
AF	0	0.861961	1	1	0	0	0	0	0
AF	0	0.866958	1	1	0	0	0	0	0
AF	0	0.869144	1	1	0	0	0	0	0
AF	0	0.869457	1	0	1	0	0	0	0
AF	0	0.872580	1	1	0	0	0	0	0
AF	0	0.874141	1	1	0	0	0	0	0
AF	0	0.874766	1	1	0	0	0	0	0
AF	0	0.881949	1	1	0	0	0	0	0
AF	0	0.888507	1	1	0	0	0	0	0
AF	0	0.889756	1	1	0	0	0	0	0
AF	0	0.898813	1	1	0	0	0	0	0
AF	0	0.900062	1	1	0	0	0	0	0
AF	0	0.901936	1	0	1	0	0	0	0
AF	0	0.905372	1	1	0	0	0	0	0
AF	0	0.910993	1	1	0	0	0	0	0
AF	0	0.915365	1	1	0	0	0	0	0
AF	0	0.920675	1	0	1	0	0	0	0
AF	0	0.920987	1	1	0	0	0	0	0
AF	0	0.929731	1	0	1	0	0	0	0
AF	0	0.931918	1	0	1	0	0	0	0
AF	0	0.935978	1	1	0	0	0	0	0
AF	0	0.937227	1	0	1	0	0	0	0
AF	0	0.938476	1	1	0	0	0	0	0
AF	0	0.943161	1	0	1	0	0	0	0
AF	0	0.943473	1	1	0	0	0	0	0
AF	0	0.945034	1	0	1	0	0	0	0
AF	0	0.945347	2	2	0	0	0	0	0
AF	0	0.945659	1	1	0	0	0	0	0
AF	0	0.946908	1	1	0	0	0	0	0
AF	0	0.948470	1	1	0	0	0	0	0
AF	0	0.949407	1	1	0	0	0	0	0
AF	0	0.949719	1	1	0	0	0	0	0
AF	0	0.954716	1	1	0	0	0	0	0
AF	0	0.955965	1	1	0	0	0	0	0
AF	0	0.959088	1	1	0	0	0	0	0
AF	0	0.963460	1	0	1	0	0	0	0
AF	0	0.964085	1	0	1	0	0	0	0
AF	0	0.966583	1	0	1	0	0	0	0
AF	0	0.970956	2	1	1	0	0	0	0
AF	0	0.982823	1	1	0	0	0	0	0
AF	0	0.983760	1	1	0	0	0	0	0
AF	0	0.985634	1	0	1	0	0	0	0
AF	0	0.990319	1	1	0	0	0	0	0
AF	0	0.991568	2	1	1	0	0	0	0
AF	0	0.992192	1	1	0	0	0	0	0
AF	0	0.992817	1	1	0	0	0	0	0
AF	0	0.993442	1	1	0	0	0	0	0
AF	0	0.994066	1	1	0	0	0	0	0
AF	0	0.995003	1	0	1	0	0	0	0
AF	0	0.995315	1	1	0	0	0	0	0
AF	0	0.995628	1	1	0	0	0	0	0
AF	0	0.996565	1	1	0	0	0	0	0
AF	0	0.996877	5	3	2	0	0	0	0
AF	0	0.997502	2	1	1	0	0	0	0
AF	0	0.998126	2	1	1	0	0	0	0
AF	0	0.998438	1	0	1	0	0	0	0
AF	0	0.998751	1	1	0	0	0	0	0
AF	0	0.999063	3	1	2	0	0	0	0
# QUAL, Stats by quality
# QUAL	[2]id	[3]Quality	[4]number of SNPs	[5]number of transitions (1st ALT)	[6]number of transversions (1st ALT)	[7]number of indels
QUAL	0	.	17019	11932	5087	0
# IDD, InDel distribution:
# IDD	[2]id	[3]length (deletions negative)	[4]number of sites	[5]number of genotypes	[6]mean VAF
# ST, Substitution types:
# ST	[2]id	[3]type	[4]count
ST	0	A>C	516
ST	0	A>G	2514
ST	0	A>T	520
ST	0	C>A	666
ST	0	C>G	793
ST	0	C>T	3615
ST	0	G>A	3649
ST	0	G>C	744
ST	0	G>T	749
ST	0	T>A	504
ST	0	T>C	2154
ST	0	T>G	595
# DP, Depth distribution
# DP	[2]id	[3]bin	[4]number of genotypes	[5]fraction of genotypes (%)	[6]number of sites	[7]fraction of sites (%)
  - Fix haploid genotypes in males...

Submit MakeDiploidMalesX finished successfully. Let's have a beer, buddy!

