Submit MakeDiploidMalesX
version 1.1.6 (2024-09-30)

These are the settings:
  Input file................: /hpc/local/Rocky8/dhl_ec/software/MonopogenLite/resources/1kGP_high_coverage_Illumina.SNVonly_poly.filtered_AF_5e-04.norm.fixvariantid.chrX.vcf.gz
  Output file...............: /hpc/local/Rocky8/dhl_ec/software/MonopogenLite/resources/1kGP_high_coverage_Illumina.SNVonly_poly.filtered_AF_5e-04.norm.fixvariantid.makediploid.chrX.vcf.gz
  Chunk size................: 100

  SLURM CPUs................: 4
  SLURM Array ID............: 24 (of 100)
  SLURM memory..............: 16G
  SLURM time................: 01:00:00
  SLURM mail type...........: FAIL
  SLURM mail user...........: s.w.vanderlaan-2@umcutrecht.nl

  Dry run mode..............: 0
  Debug mode................: 1
  Verbosity.................: 0
  Version...................: 1.1.6 (2024-09-30)

Making converting haploid genotypes to diploid genotypes.
> Extract the region for this SLURM task (# 24) from the BED file.
  - Get the chunk number from the SLURM array task ID and the bed file...
DEBUG: Extracting chunk number: 24p from 24
DEBUG: Extracting region from BED file: /hpc/local/Rocky8/dhl_ec/software/MonopogenLite/resources/chrX_100pieces.bed
  - Extract the region from the BED file...
DEBUG: Extracted raw region: 'chrX	35889385	37449792' (chunk #: 24p of 100 for job 24)
  - Check if a valid region was extracted -- should be 'chrX	35889385	37449792'...
  - Prepare the region for bcftools...
  - Check if the region (chrX:35889385-37449792) was successfully extracted...
> Processing region 'chrX:35889385-37449792'...
  - Process the specific region (chunk# 24) using bcftools view...
  - Index the VCF file...
DEBUG: Check if the VCF file was successfully processed...
##fileformat=VCFv4.2
##FILTER=<ID=PASS,Description="All filters passed">
##fileDate=29/01/2022 - 14:31:41
##source=shapeit4.2.2
##contig=<ID=chr1,length=248956422>
##contig=<ID=chr2,length=242193529>
##contig=<ID=chr3,length=198295559>
##contig=<ID=chr4,length=190214555>
##contig=<ID=chr5,length=181538259>
##contig=<ID=chr6,length=170805979>
# This file was produced by bcftools stats (1.20+htslib-1.20) and can be plotted using plot-vcfstats.
# The command line was:	bcftools stats  /hpc/local/Rocky8/dhl_ec/software/MonopogenLite/resources/chrX.part24.vcf.gz
#
# Definition of sets:
# ID	[2]id	[3]tab-separated file names
ID	0	/hpc/local/Rocky8/dhl_ec/software/MonopogenLite/resources/chrX.part24.vcf.gz
# SN, Summary numbers:
#   number of records   .. number of data rows in the VCF
#   number of no-ALTs   .. reference-only sites, ALT is either "." or identical to REF
#   number of SNPs      .. number of rows with a SNP
#   number of MNPs      .. number of rows with a MNP, such as CC>TT
#   number of indels    .. number of rows with an indel
#   number of others    .. number of rows with other type, for example a symbolic allele or
#                          a complex substitution, such as ACT>TCGA
#   number of multiallelic sites     .. number of rows with multiple alternate alleles
#   number of multiallelic SNP sites .. number of rows with multiple alternate alleles, all SNPs
# 
#   Note that rows containing multiple types will be counted multiple times, in each
#   counter. For example, a row with a SNP and an indel increments both the SNP and
#   the indel counter.
# 
# SN	[2]id	[3]key	[4]value
SN	0	number of samples:	3202
SN	0	number of records:	13556
SN	0	number of no-ALTs:	0
SN	0	number of SNPs:	13556
SN	0	number of MNPs:	0
SN	0	number of indels:	0
SN	0	number of others:	0
SN	0	number of multiallelic sites:	0
SN	0	number of multiallelic SNP sites:	0
# TSTV, transitions/transversions:
# TSTV	[2]id	[3]ts	[4]tv	[5]ts/tv	[6]ts (1st ALT)	[7]tv (1st ALT)	[8]ts/tv (1st ALT)
TSTV	0	9071	4485	2.02	9071	4485	2.02
# SiS, Singleton stats:
# SiS	[2]id	[3]allele count	[4]number of SNPs	[5]number of transitions	[6]number of transversions	[7]number of indels	[8]repeat-consistent	[9]repeat-inconsistent	[10]not applicable
SiS	0	1	0	0	0	0	0	0	0
# AF, Stats by non-reference allele frequency:
# AF	[2]id	[3]allele frequency	[4]number of SNPs	[5]number of transitions	[6]number of transversions	[7]number of indels	[8]repeat-consistent	[9]repeat-inconsistent	[10]not applicable
AF	0	0.000312	2020	1347	673	0	0	0	0
AF	0	0.000625	1281	864	417	0	0	0	0
AF	0	0.000937	1373	940	433	0	0	0	0
AF	0	0.001249	591	412	179	0	0	0	0
AF	0	0.001562	726	485	241	0	0	0	0
AF	0	0.001874	266	178	88	0	0	0	0
AF	0	0.002186	386	260	126	0	0	0	0
AF	0	0.002498	153	98	55	0	0	0	0
AF	0	0.002811	297	209	88	0	0	0	0
AF	0	0.003123	96	67	29	0	0	0	0
AF	0	0.003435	194	137	57	0	0	0	0
AF	0	0.003748	106	73	33	0	0	0	0
AF	0	0.004060	196	134	62	0	0	0	0
AF	0	0.004372	68	43	25	0	0	0	0
AF	0	0.004685	180	121	59	0	0	0	0
AF	0	0.004997	59	40	19	0	0	0	0
AF	0	0.005309	109	67	42	0	0	0	0
AF	0	0.005621	84	52	32	0	0	0	0
AF	0	0.005934	99	73	26	0	0	0	0
AF	0	0.006246	86	59	27	0	0	0	0
AF	0	0.006558	126	77	49	0	0	0	0
AF	0	0.006871	41	25	16	0	0	0	0
AF	0	0.007183	117	82	35	0	0	0	0
AF	0	0.007495	53	34	19	0	0	0	0
AF	0	0.007808	101	60	41	0	0	0	0
AF	0	0.008120	37	29	8	0	0	0	0
AF	0	0.008432	109	65	44	0	0	0	0
AF	0	0.008745	45	30	15	0	0	0	0
AF	0	0.009057	91	64	27	0	0	0	0
AF	0	0.009369	28	17	11	0	0	0	0
AF	0	0.009681	103	73	30	0	0	0	0
AF	0	0.009994	21	16	5	0	0	0	0
AF	0	0.010306	130	85	45	0	0	0	0
AF	0	0.010618	26	17	9	0	0	0	0
AF	0	0.010931	55	39	16	0	0	0	0
AF	0	0.011243	41	27	14	0	0	0	0
AF	0	0.011555	47	28	19	0	0	0	0
AF	0	0.011868	35	21	14	0	0	0	0
AF	0	0.012180	67	47	20	0	0	0	0
AF	0	0.012492	25	21	4	0	0	0	0
AF	0	0.012804	45	30	15	0	0	0	0
AF	0	0.013117	25	14	11	0	0	0	0
AF	0	0.013429	37	28	9	0	0	0	0
AF	0	0.013741	15	9	6	0	0	0	0
AF	0	0.014054	31	24	7	0	0	0	0
AF	0	0.014366	33	24	9	0	0	0	0
AF	0	0.014678	56	30	26	0	0	0	0
AF	0	0.014991	15	9	6	0	0	0	0
AF	0	0.015303	54	31	23	0	0	0	0
AF	0	0.015615	41	25	16	0	0	0	0
AF	0	0.015928	65	47	18	0	0	0	0
AF	0	0.016240	14	9	5	0	0	0	0
AF	0	0.016552	37	27	10	0	0	0	0
AF	0	0.016864	27	16	11	0	0	0	0
AF	0	0.017177	34	21	13	0	0	0	0
AF	0	0.017489	15	11	4	0	0	0	0
AF	0	0.017801	107	76	31	0	0	0	0
AF	0	0.018114	12	10	2	0	0	0	0
AF	0	0.018426	41	23	18	0	0	0	0
AF	0	0.018738	7	5	2	0	0	0	0
AF	0	0.019051	14	9	5	0	0	0	0
AF	0	0.019363	11	6	5	0	0	0	0
AF	0	0.019675	26	17	9	0	0	0	0
AF	0	0.019988	11	8	3	0	0	0	0
AF	0	0.020300	56	30	26	0	0	0	0
AF	0	0.020612	25	15	10	0	0	0	0
AF	0	0.020924	27	14	13	0	0	0	0
AF	0	0.021237	9	8	1	0	0	0	0
AF	0	0.021549	26	16	10	0	0	0	0
AF	0	0.021861	20	15	5	0	0	0	0
AF	0	0.022174	23	16	7	0	0	0	0
AF	0	0.022486	8	4	4	0	0	0	0
AF	0	0.022798	17	13	4	0	0	0	0
AF	0	0.023111	5	4	1	0	0	0	0
AF	0	0.023423	24	18	6	0	0	0	0
AF	0	0.023735	9	9	0	0	0	0	0
AF	0	0.024047	11	6	5	0	0	0	0
AF	0	0.024360	5	3	2	0	0	0	0
AF	0	0.024672	18	8	10	0	0	0	0
AF	0	0.024984	8	4	4	0	0	0	0
AF	0	0.025297	20	14	6	0	0	0	0
AF	0	0.025609	8	5	3	0	0	0	0
AF	0	0.025921	12	7	5	0	0	0	0
AF	0	0.026234	15	10	5	0	0	0	0
AF	0	0.026546	41	28	13	0	0	0	0
AF	0	0.026858	21	16	5	0	0	0	0
AF	0	0.027171	21	16	5	0	0	0	0
AF	0	0.027483	8	7	1	0	0	0	0
AF	0	0.027795	10	6	4	0	0	0	0
AF	0	0.028107	7	5	2	0	0	0	0
AF	0	0.028420	17	12	5	0	0	0	0
AF	0	0.028732	14	7	7	0	0	0	0
AF	0	0.029044	14	8	6	0	0	0	0
AF	0	0.029357	5	5	0	0	0	0	0
AF	0	0.029669	24	14	10	0	0	0	0
AF	0	0.029981	15	11	4	0	0	0	0
AF	0	0.030294	16	10	6	0	0	0	0
AF	0	0.030606	8	2	6	0	0	0	0
AF	0	0.030918	6	4	2	0	0	0	0
AF	0	0.031230	8	7	1	0	0	0	0
AF	0	0.031543	13	8	5	0	0	0	0
AF	0	0.031855	3	2	1	0	0	0	0
AF	0	0.032167	1	1	0	0	0	0	0
AF	0	0.032480	5	2	3	0	0	0	0
AF	0	0.032792	4	2	2	0	0	0	0
AF	0	0.033104	2	2	0	0	0	0	0
AF	0	0.033417	5	4	1	0	0	0	0
AF	0	0.033729	4	2	2	0	0	0	0
AF	0	0.034041	8	6	2	0	0	0	0
AF	0	0.034354	7	5	2	0	0	0	0
AF	0	0.034666	7	3	4	0	0	0	0
AF	0	0.034978	4	4	0	0	0	0	0
AF	0	0.035290	13	8	5	0	0	0	0
AF	0	0.035603	8	5	3	0	0	0	0
AF	0	0.035915	6	2	4	0	0	0	0
AF	0	0.036227	1	1	0	0	0	0	0
AF	0	0.036540	7	5	2	0	0	0	0
AF	0	0.036852	3	1	2	0	0	0	0
AF	0	0.037164	10	4	6	0	0	0	0
AF	0	0.037477	1	1	0	0	0	0	0
AF	0	0.037789	5	2	3	0	0	0	0
AF	0	0.038101	1	1	0	0	0	0	0
AF	0	0.038413	11	8	3	0	0	0	0
AF	0	0.038726	6	5	1	0	0	0	0
AF	0	0.039038	18	16	2	0	0	0	0
AF	0	0.039350	1	0	1	0	0	0	0
AF	0	0.039663	9	4	5	0	0	0	0
AF	0	0.040287	4	3	1	0	0	0	0
AF	0	0.040912	10	4	6	0	0	0	0
AF	0	0.041224	9	7	2	0	0	0	0
AF	0	0.041537	15	11	4	0	0	0	0
AF	0	0.041849	2	0	2	0	0	0	0
AF	0	0.042161	13	7	6	0	0	0	0
AF	0	0.042473	6	5	1	0	0	0	0
AF	0	0.042786	3	2	1	0	0	0	0
AF	0	0.043098	3	2	1	0	0	0	0
AF	0	0.043410	8	4	4	0	0	0	0
AF	0	0.043723	2	1	1	0	0	0	0
AF	0	0.044035	6	4	2	0	0	0	0
AF	0	0.044347	2	1	1	0	0	0	0
AF	0	0.044660	6	5	1	0	0	0	0
AF	0	0.044972	9	5	4	0	0	0	0
AF	0	0.045284	6	4	2	0	0	0	0
AF	0	0.045597	2	1	1	0	0	0	0
AF	0	0.045909	10	8	2	0	0	0	0
AF	0	0.046221	10	8	2	0	0	0	0
AF	0	0.046533	15	9	6	0	0	0	0
AF	0	0.046846	10	5	5	0	0	0	0
AF	0	0.047158	14	9	5	0	0	0	0
AF	0	0.047470	2	1	1	0	0	0	0
AF	0	0.047783	7	2	5	0	0	0	0
AF	0	0.048095	9	5	4	0	0	0	0
AF	0	0.048407	7	4	3	0	0	0	0
AF	0	0.048720	4	3	1	0	0	0	0
AF	0	0.049032	20	12	8	0	0	0	0
AF	0	0.049344	11	8	3	0	0	0	0
AF	0	0.049656	13	11	2	0	0	0	0
AF	0	0.049969	2	1	1	0	0	0	0
AF	0	0.050281	10	8	2	0	0	0	0
AF	0	0.050593	22	15	7	0	0	0	0
AF	0	0.050906	15	9	6	0	0	0	0
AF	0	0.051218	2	2	0	0	0	0	0
AF	0	0.051530	6	4	2	0	0	0	0
AF	0	0.051843	3	3	0	0	0	0	0
AF	0	0.052155	9	7	2	0	0	0	0
AF	0	0.052467	4	4	0	0	0	0	0
AF	0	0.052780	14	12	2	0	0	0	0
AF	0	0.053092	3	2	1	0	0	0	0
AF	0	0.053404	6	3	3	0	0	0	0
AF	0	0.053716	3	1	2	0	0	0	0
AF	0	0.054029	7	5	2	0	0	0	0
AF	0	0.054341	1	1	0	0	0	0	0
AF	0	0.054653	8	6	2	0	0	0	0
AF	0	0.055278	4	0	4	0	0	0	0
AF	0	0.055590	5	2	3	0	0	0	0
AF	0	0.055903	2	2	0	0	0	0	0
AF	0	0.056215	4	4	0	0	0	0	0
AF	0	0.056527	3	0	3	0	0	0	0
AF	0	0.056839	3	2	1	0	0	0	0
AF	0	0.057152	10	7	3	0	0	0	0
AF	0	0.057464	2	1	1	0	0	0	0
AF	0	0.057776	10	5	5	0	0	0	0
AF	0	0.058089	2	2	0	0	0	0	0
AF	0	0.058401	4	3	1	0	0	0	0
AF	0	0.058713	2	1	1	0	0	0	0
AF	0	0.059026	9	5	4	0	0	0	0
AF	0	0.059338	1	0	1	0	0	0	0
AF	0	0.059650	4	3	1	0	0	0	0
AF	0	0.060275	3	2	1	0	0	0	0
AF	0	0.060899	1	1	0	0	0	0	0
AF	0	0.061212	3	1	2	0	0	0	0
AF	0	0.061524	10	5	5	0	0	0	0
AF	0	0.061836	4	1	3	0	0	0	0
AF	0	0.062149	3	3	0	0	0	0	0
AF	0	0.062461	2	1	1	0	0	0	0
AF	0	0.062773	9	5	4	0	0	0	0
AF	0	0.063086	4	3	1	0	0	0	0
AF	0	0.063398	5	4	1	0	0	0	0
AF	0	0.063710	3	2	1	0	0	0	0
AF	0	0.064022	3	2	1	0	0	0	0
AF	0	0.064647	5	4	1	0	0	0	0
AF	0	0.064959	7	3	4	0	0	0	0
AF	0	0.065272	5	3	2	0	0	0	0
AF	0	0.065896	3	1	2	0	0	0	0
AF	0	0.066209	4	2	2	0	0	0	0
AF	0	0.066521	3	3	0	0	0	0	0
AF	0	0.066833	7	5	2	0	0	0	0
AF	0	0.067146	6	3	3	0	0	0	0
AF	0	0.067458	3	1	2	0	0	0	0
AF	0	0.067770	4	3	1	0	0	0	0
AF	0	0.068082	2	2	0	0	0	0	0
AF	0	0.068395	2	0	2	0	0	0	0
AF	0	0.068707	2	2	0	0	0	0	0
AF	0	0.069019	1	1	0	0	0	0	0
AF	0	0.069332	1	1	0	0	0	0	0
AF	0	0.069644	4	2	2	0	0	0	0
AF	0	0.069956	1	1	0	0	0	0	0
AF	0	0.070269	2	2	0	0	0	0	0
AF	0	0.070893	4	3	1	0	0	0	0
AF	0	0.071205	2	2	0	0	0	0	0
AF	0	0.071518	4	4	0	0	0	0	0
AF	0	0.071830	2	2	0	0	0	0	0
AF	0	0.072142	6	3	3	0	0	0	0
AF	0	0.072455	3	1	2	0	0	0	0
AF	0	0.072767	5	2	3	0	0	0	0
AF	0	0.073392	7	3	4	0	0	0	0
AF	0	0.073704	2	2	0	0	0	0	0
AF	0	0.074641	1	1	0	0	0	0	0
AF	0	0.075265	1	1	0	0	0	0	0
AF	0	0.075890	19	12	7	0	0	0	0
AF	0	0.076202	1	1	0	0	0	0	0
AF	0	0.076515	6	5	1	0	0	0	0
AF	0	0.076827	2	0	2	0	0	0	0
AF	0	0.077139	5	2	3	0	0	0	0
AF	0	0.077452	3	3	0	0	0	0	0
AF	0	0.077764	3	2	1	0	0	0	0
AF	0	0.078076	1	0	1	0	0	0	0
AF	0	0.078389	8	6	2	0	0	0	0
AF	0	0.078701	2	1	1	0	0	0	0
AF	0	0.079013	4	3	1	0	0	0	0
AF	0	0.079325	1	1	0	0	0	0	0
AF	0	0.079638	8	3	5	0	0	0	0
AF	0	0.080887	1	0	1	0	0	0	0
AF	0	0.081512	2	0	2	0	0	0	0
AF	0	0.081824	2	1	1	0	0	0	0
AF	0	0.082448	1	0	1	0	0	0	0
AF	0	0.082761	2	2	0	0	0	0	0
AF	0	0.083073	12	8	4	0	0	0	0
AF	0	0.083385	2	2	0	0	0	0	0
AF	0	0.084010	1	0	1	0	0	0	0
AF	0	0.084635	1	1	0	0	0	0	0
AF	0	0.084947	1	1	0	0	0	0	0
AF	0	0.085259	6	5	1	0	0	0	0
AF	0	0.085572	1	0	1	0	0	0	0
AF	0	0.085884	3	3	0	0	0	0	0
AF	0	0.086508	1	1	0	0	0	0	0
AF	0	0.086821	2	2	0	0	0	0	0
AF	0	0.087758	2	1	1	0	0	0	0
AF	0	0.088382	1	0	1	0	0	0	0
AF	0	0.088695	3	2	1	0	0	0	0
AF	0	0.089007	4	3	1	0	0	0	0
AF	0	0.089631	1	1	0	0	0	0	0
AF	0	0.090256	1	1	0	0	0	0	0
AF	0	0.090881	2	0	2	0	0	0	0
AF	0	0.091193	7	7	0	0	0	0	0
AF	0	0.091818	4	3	1	0	0	0	0
AF	0	0.092130	12	5	7	0	0	0	0
AF	0	0.092442	1	1	0	0	0	0	0
AF	0	0.092755	2	1	1	0	0	0	0
AF	0	0.093067	4	4	0	0	0	0	0
AF	0	0.093379	9	3	6	0	0	0	0
AF	0	0.093691	3	3	0	0	0	0	0
AF	0	0.094004	22	16	6	0	0	0	0
AF	0	0.094316	4	2	2	0	0	0	0
AF	0	0.094628	6	6	0	0	0	0	0
AF	0	0.094941	2	2	0	0	0	0	0
AF	0	0.095253	4	2	2	0	0	0	0
AF	0	0.095565	1	0	1	0	0	0	0
AF	0	0.095878	20	12	8	0	0	0	0
AF	0	0.096190	4	3	1	0	0	0	0
AF	0	0.096502	10	9	1	0	0	0	0
AF	0	0.096814	7	3	4	0	0	0	0
AF	0	0.097127	19	11	8	0	0	0	0
AF	0	0.097439	1	1	0	0	0	0	0
AF	0	0.097751	1	1	0	0	0	0	0
AF	0	0.098064	2	1	1	0	0	0	0
AF	0	0.098376	5	4	1	0	0	0	0
AF	0	0.098688	2	1	1	0	0	0	0
AF	0	0.099001	2	1	1	0	0	0	0
AF	0	0.099313	2	0	2	0	0	0	0
AF	0	0.099625	3	3	0	0	0	0	0
AF	0	0.099938	3	2	1	0	0	0	0
AF	0	0.100250	16	9	7	0	0	0	0
AF	0	0.100562	3	1	2	0	0	0	0
AF	0	0.100874	3	2	1	0	0	0	0
AF	0	0.101187	1	0	1	0	0	0	0
AF	0	0.101811	3	1	2	0	0	0	0
AF	0	0.102124	2	1	1	0	0	0	0
AF	0	0.102748	1	0	1	0	0	0	0
AF	0	0.103061	1	1	0	0	0	0	0
AF	0	0.103373	1	1	0	0	0	0	0
AF	0	0.103998	4	3	1	0	0	0	0
AF	0	0.104310	1	1	0	0	0	0	0
AF	0	0.104622	2	2	0	0	0	0	0
AF	0	0.104934	2	1	1	0	0	0	0
AF	0	0.105247	1	1	0	0	0	0	0
AF	0	0.105559	1	1	0	0	0	0	0
AF	0	0.105871	1	1	0	0	0	0	0
AF	0	0.107121	1	1	0	0	0	0	0
AF	0	0.107745	2	0	2	0	0	0	0
AF	0	0.108370	2	2	0	0	0	0	0
AF	0	0.108994	3	1	2	0	0	0	0
AF	0	0.109307	1	0	1	0	0	0	0
AF	0	0.109619	1	1	0	0	0	0	0
AF	0	0.109931	1	1	0	0	0	0	0
AF	0	0.110244	1	1	0	0	0	0	0
AF	0	0.110556	3	3	0	0	0	0	0
AF	0	0.110868	3	3	0	0	0	0	0
AF	0	0.111181	4	4	0	0	0	0	0
AF	0	0.111493	2	1	1	0	0	0	0
AF	0	0.112430	3	2	1	0	0	0	0
AF	0	0.113054	1	1	0	0	0	0	0
AF	0	0.113367	1	0	1	0	0	0	0
AF	0	0.113679	1	1	0	0	0	0	0
AF	0	0.113991	2	2	0	0	0	0	0
AF	0	0.114304	3	2	1	0	0	0	0
AF	0	0.114928	3	1	2	0	0	0	0
AF	0	0.115240	1	0	1	0	0	0	0
AF	0	0.115553	3	2	1	0	0	0	0
AF	0	0.115865	2	1	1	0	0	0	0
AF	0	0.116177	6	4	2	0	0	0	0
AF	0	0.116490	5	3	2	0	0	0	0
AF	0	0.116802	3	2	1	0	0	0	0
AF	0	0.117427	3	2	1	0	0	0	0
AF	0	0.117739	1	1	0	0	0	0	0
AF	0	0.118051	8	7	1	0	0	0	0
AF	0	0.118364	7	4	3	0	0	0	0
AF	0	0.118676	2	1	1	0	0	0	0
AF	0	0.118988	1	0	1	0	0	0	0
AF	0	0.119300	8	6	2	0	0	0	0
AF	0	0.119613	3	2	1	0	0	0	0
AF	0	0.119925	3	3	0	0	0	0	0
AF	0	0.120550	14	9	5	0	0	0	0
AF	0	0.120862	3	2	1	0	0	0	0
AF	0	0.121174	2	2	0	0	0	0	0
AF	0	0.121487	1	0	1	0	0	0	0
AF	0	0.121799	7	6	1	0	0	0	0
AF	0	0.122111	14	8	6	0	0	0	0
AF	0	0.122423	14	6	8	0	0	0	0
AF	0	0.122736	2	2	0	0	0	0	0
AF	0	0.123048	14	9	5	0	0	0	0
AF	0	0.123360	6	5	1	0	0	0	0
AF	0	0.123673	1	1	0	0	0	0	0
AF	0	0.123985	2	2	0	0	0	0	0
AF	0	0.124297	3	1	2	0	0	0	0
AF	0	0.124610	3	2	1	0	0	0	0
AF	0	0.124922	1	0	1	0	0	0	0
AF	0	0.125234	1	1	0	0	0	0	0
AF	0	0.125859	1	1	0	0	0	0	0
AF	0	0.126171	1	1	0	0	0	0	0
AF	0	0.127420	3	2	1	0	0	0	0
AF	0	0.127733	1	1	0	0	0	0	0
AF	0	0.128045	1	1	0	0	0	0	0
AF	0	0.128357	2	0	2	0	0	0	0
AF	0	0.128670	6	4	2	0	0	0	0
AF	0	0.128982	3	1	2	0	0	0	0
AF	0	0.129294	13	9	4	0	0	0	0
AF	0	0.129606	5	3	2	0	0	0	0
AF	0	0.129919	4	2	2	0	0	0	0
AF	0	0.130231	4	3	1	0	0	0	0
AF	0	0.130543	5	3	2	0	0	0	0
AF	0	0.130856	3	2	1	0	0	0	0
AF	0	0.131168	28	20	8	0	0	0	0
AF	0	0.131480	4	1	3	0	0	0	0
AF	0	0.131793	1	0	1	0	0	0	0
AF	0	0.132730	1	1	0	0	0	0	0
AF	0	0.133042	2	0	2	0	0	0	0
AF	0	0.133354	1	0	1	0	0	0	0
AF	0	0.133666	4	3	1	0	0	0	0
AF	0	0.133979	8	6	2	0	0	0	0
AF	0	0.134291	3	3	0	0	0	0	0
AF	0	0.134603	1	1	0	0	0	0	0
AF	0	0.134916	3	1	2	0	0	0	0
AF	0	0.136790	1	1	0	0	0	0	0
AF	0	0.137414	1	1	0	0	0	0	0
AF	0	0.137726	2	2	0	0	0	0	0
AF	0	0.140849	1	1	0	0	0	0	0
AF	0	0.141786	1	1	0	0	0	0	0
AF	0	0.142411	2	1	1	0	0	0	0
AF	0	0.143660	1	1	0	0	0	0	0
AF	0	0.144909	1	1	0	0	0	0	0
AF	0	0.145222	1	0	1	0	0	0	0
AF	0	0.145534	5	4	1	0	0	0	0
AF	0	0.145846	2	2	0	0	0	0	0
AF	0	0.146159	2	1	1	0	0	0	0
AF	0	0.146471	1	0	1	0	0	0	0
AF	0	0.146783	1	1	0	0	0	0	0
AF	0	0.147096	2	2	0	0	0	0	0
AF	0	0.147408	3	2	1	0	0	0	0
AF	0	0.147720	3	2	1	0	0	0	0
AF	0	0.148032	4	2	2	0	0	0	0
AF	0	0.148345	3	1	2	0	0	0	0
AF	0	0.148657	1	1	0	0	0	0	0
AF	0	0.149282	8	4	4	0	0	0	0
AF	0	0.149594	5	4	1	0	0	0	0
AF	0	0.149906	2	1	1	0	0	0	0
AF	0	0.150219	2	1	1	0	0	0	0
AF	0	0.150843	3	1	2	0	0	0	0
AF	0	0.151156	4	2	2	0	0	0	0
AF	0	0.151468	2	0	2	0	0	0	0
AF	0	0.151780	1	1	0	0	0	0	0
AF	0	0.152405	1	1	0	0	0	0	0
AF	0	0.153029	2	2	0	0	0	0	0
AF	0	0.153654	2	1	1	0	0	0	0
AF	0	0.153966	3	3	0	0	0	0	0
AF	0	0.154279	1	0	1	0	0	0	0
AF	0	0.154591	2	1	1	0	0	0	0
AF	0	0.154903	1	1	0	0	0	0	0
AF	0	0.155528	1	0	1	0	0	0	0
AF	0	0.156152	1	1	0	0	0	0	0
AF	0	0.156465	2	2	0	0	0	0	0
AF	0	0.156777	1	1	0	0	0	0	0
AF	0	0.157402	5	2	3	0	0	0	0
AF	0	0.157714	2	1	1	0	0	0	0
AF	0	0.158026	7	4	3	0	0	0	0
AF	0	0.158339	4	3	1	0	0	0	0
AF	0	0.158963	1	1	0	0	0	0	0
AF	0	0.159900	1	0	1	0	0	0	0
AF	0	0.160212	1	1	0	0	0	0	0
AF	0	0.160525	1	1	0	0	0	0	0
AF	0	0.160837	1	1	0	0	0	0	0
AF	0	0.162399	5	3	2	0	0	0	0
AF	0	0.163023	12	9	3	0	0	0	0
AF	0	0.163335	2	1	1	0	0	0	0
AF	0	0.163648	1	1	0	0	0	0	0
AF	0	0.164272	8	6	2	0	0	0	0
AF	0	0.164585	3	2	1	0	0	0	0
AF	0	0.164897	7	5	2	0	0	0	0
AF	0	0.165209	3	2	1	0	0	0	0
AF	0	0.165522	3	3	0	0	0	0	0
AF	0	0.166146	2	2	0	0	0	0	0
AF	0	0.166771	1	1	0	0	0	0	0
AF	0	0.167395	2	2	0	0	0	0	0
AF	0	0.167708	1	0	1	0	0	0	0
AF	0	0.168020	2	1	1	0	0	0	0
AF	0	0.168332	1	1	0	0	0	0	0
AF	0	0.168957	1	1	0	0	0	0	0
AF	0	0.169269	5	3	2	0	0	0	0
AF	0	0.169582	1	1	0	0	0	0	0
AF	0	0.169894	3	2	1	0	0	0	0
AF	0	0.170206	2	1	1	0	0	0	0
AF	0	0.170518	3	3	0	0	0	0	0
AF	0	0.170831	2	0	2	0	0	0	0
AF	0	0.171143	2	2	0	0	0	0	0
AF	0	0.171455	2	1	1	0	0	0	0
AF	0	0.172392	5	3	2	0	0	0	0
AF	0	0.173017	2	1	1	0	0	0	0
AF	0	0.173329	1	1	0	0	0	0	0
AF	0	0.173641	3	3	0	0	0	0	0
AF	0	0.173954	2	2	0	0	0	0	0
AF	0	0.174891	2	0	2	0	0	0	0
AF	0	0.175203	2	2	0	0	0	0	0
AF	0	0.175515	6	3	3	0	0	0	0
AF	0	0.175828	1	1	0	0	0	0	0
AF	0	0.176140	5	3	2	0	0	0	0
AF	0	0.176452	2	2	0	0	0	0	0
AF	0	0.176765	2	1	1	0	0	0	0
AF	0	0.177077	2	2	0	0	0	0	0
AF	0	0.177389	2	1	1	0	0	0	0
AF	0	0.178014	6	2	4	0	0	0	0
AF	0	0.178326	1	1	0	0	0	0	0
AF	0	0.178638	2	1	1	0	0	0	0
AF	0	0.178951	1	1	0	0	0	0	0
AF	0	0.179888	6	5	1	0	0	0	0
AF	0	0.180200	2	1	1	0	0	0	0
AF	0	0.180512	1	1	0	0	0	0	0
AF	0	0.180824	1	1	0	0	0	0	0
AF	0	0.181449	2	2	0	0	0	0	0
AF	0	0.181761	2	2	0	0	0	0	0
AF	0	0.182386	1	1	0	0	0	0	0
AF	0	0.182698	3	3	0	0	0	0	0
AF	0	0.183011	2	0	2	0	0	0	0
AF	0	0.183635	1	1	0	0	0	0	0
AF	0	0.184260	2	2	0	0	0	0	0
AF	0	0.184572	1	1	0	0	0	0	0
AF	0	0.185197	1	0	1	0	0	0	0
AF	0	0.185509	1	1	0	0	0	0	0
AF	0	0.185821	2	2	0	0	0	0	0
AF	0	0.186134	2	2	0	0	0	0	0
AF	0	0.186446	2	2	0	0	0	0	0
AF	0	0.186758	2	2	0	0	0	0	0
AF	0	0.187383	2	2	0	0	0	0	0
AF	0	0.187695	1	1	0	0	0	0	0
AF	0	0.188632	1	1	0	0	0	0	0
AF	0	0.189257	2	2	0	0	0	0	0
AF	0	0.189569	3	2	1	0	0	0	0
AF	0	0.189881	3	1	2	0	0	0	0
AF	0	0.190194	5	4	1	0	0	0	0
AF	0	0.190506	3	2	1	0	0	0	0
AF	0	0.190818	2	1	1	0	0	0	0
AF	0	0.191131	3	2	1	0	0	0	0
AF	0	0.191443	2	1	1	0	0	0	0
AF	0	0.191755	3	2	1	0	0	0	0
AF	0	0.193004	1	0	1	0	0	0	0
AF	0	0.194254	1	1	0	0	0	0	0
AF	0	0.194566	2	1	1	0	0	0	0
AF	0	0.194878	3	2	1	0	0	0	0
AF	0	0.195191	3	2	1	0	0	0	0
AF	0	0.195503	9	6	3	0	0	0	0
AF	0	0.195815	2	1	1	0	0	0	0
AF	0	0.196127	1	0	1	0	0	0	0
AF	0	0.196440	4	3	1	0	0	0	0
AF	0	0.196752	11	8	3	0	0	0	0
AF	0	0.197064	2	2	0	0	0	0	0
AF	0	0.197377	2	0	2	0	0	0	0
AF	0	0.198314	1	0	1	0	0	0	0
AF	0	0.198626	4	4	0	0	0	0	0
AF	0	0.199250	1	1	0	0	0	0	0
AF	0	0.199563	2	2	0	0	0	0	0
AF	0	0.199875	1	0	1	0	0	0	0
AF	0	0.200187	1	0	1	0	0	0	0
AF	0	0.200500	3	1	2	0	0	0	0
AF	0	0.201749	5	4	1	0	0	0	0
AF	0	0.202061	2	2	0	0	0	0	0
AF	0	0.202374	2	2	0	0	0	0	0
AF	0	0.202998	1	0	1	0	0	0	0
AF	0	0.203310	3	3	0	0	0	0	0
AF	0	0.203623	1	1	0	0	0	0	0
AF	0	0.203935	1	0	1	0	0	0	0
AF	0	0.204247	1	0	1	0	0	0	0
AF	0	0.204560	3	3	0	0	0	0	0
AF	0	0.204872	4	3	1	0	0	0	0
AF	0	0.205497	5	3	2	0	0	0	0
AF	0	0.205809	1	1	0	0	0	0	0
AF	0	0.206121	3	3	0	0	0	0	0
AF	0	0.206433	2	1	1	0	0	0	0
AF	0	0.206746	1	0	1	0	0	0	0
AF	0	0.207058	3	3	0	0	0	0	0
AF	0	0.207370	2	1	1	0	0	0	0
AF	0	0.207683	2	1	1	0	0	0	0
AF	0	0.207995	3	3	0	0	0	0	0
AF	0	0.208620	1	1	0	0	0	0	0
AF	0	0.208932	1	1	0	0	0	0	0
AF	0	0.209869	1	1	0	0	0	0	0
AF	0	0.211743	6	4	2	0	0	0	0
AF	0	0.212055	4	2	2	0	0	0	0
AF	0	0.212367	4	4	0	0	0	0	0
AF	0	0.212680	1	0	1	0	0	0	0
AF	0	0.212992	1	1	0	0	0	0	0
AF	0	0.213929	2	2	0	0	0	0	0
AF	0	0.214241	2	1	1	0	0	0	0
AF	0	0.214866	1	1	0	0	0	0	0
AF	0	0.215490	1	0	1	0	0	0	0
AF	0	0.215803	1	0	1	0	0	0	0
AF	0	0.216115	1	1	0	0	0	0	0
AF	0	0.216740	1	1	0	0	0	0	0
AF	0	0.217052	2	2	0	0	0	0	0
AF	0	0.217364	1	0	1	0	0	0	0
AF	0	0.218301	1	0	1	0	0	0	0
AF	0	0.218613	3	3	0	0	0	0	0
AF	0	0.218926	1	0	1	0	0	0	0
AF	0	0.219238	1	1	0	0	0	0	0
AF	0	0.219863	4	4	0	0	0	0	0
AF	0	0.220487	2	1	1	0	0	0	0
AF	0	0.220800	1	1	0	0	0	0	0
AF	0	0.222049	1	1	0	0	0	0	0
AF	0	0.224235	1	1	0	0	0	0	0
AF	0	0.224547	1	1	0	0	0	0	0
AF	0	0.224859	3	2	1	0	0	0	0
AF	0	0.225172	3	2	1	0	0	0	0
AF	0	0.225796	1	0	1	0	0	0	0
AF	0	0.226109	1	1	0	0	0	0	0
AF	0	0.226421	1	0	1	0	0	0	0
AF	0	0.227046	1	0	1	0	0	0	0
AF	0	0.227358	1	1	0	0	0	0	0
AF	0	0.228607	2	1	1	0	0	0	0
AF	0	0.228919	2	2	0	0	0	0	0
AF	0	0.229544	1	1	0	0	0	0	0
AF	0	0.230481	1	0	1	0	0	0	0
AF	0	0.232042	1	1	0	0	0	0	0
AF	0	0.232355	1	1	0	0	0	0	0
AF	0	0.232667	6	5	1	0	0	0	0
AF	0	0.232979	1	0	1	0	0	0	0
AF	0	0.233604	1	1	0	0	0	0	0
AF	0	0.233916	1	0	1	0	0	0	0
AF	0	0.234229	2	2	0	0	0	0	0
AF	0	0.235478	1	0	1	0	0	0	0
AF	0	0.235790	4	2	2	0	0	0	0
AF	0	0.236102	6	4	2	0	0	0	0
AF	0	0.236415	4	3	1	0	0	0	0
AF	0	0.236727	3	3	0	0	0	0	0
AF	0	0.237039	5	4	1	0	0	0	0
AF	0	0.237352	2	2	0	0	0	0	0
AF	0	0.237976	1	0	1	0	0	0	0
AF	0	0.238289	2	2	0	0	0	0	0
AF	0	0.238601	3	3	0	0	0	0	0
AF	0	0.239538	2	1	1	0	0	0	0
AF	0	0.241099	2	0	2	0	0	0	0
AF	0	0.241412	2	2	0	0	0	0	0
AF	0	0.241724	1	1	0	0	0	0	0
AF	0	0.242036	2	2	0	0	0	0	0
AF	0	0.242349	1	1	0	0	0	0	0
AF	0	0.242661	2	2	0	0	0	0	0
AF	0	0.242973	2	1	1	0	0	0	0
AF	0	0.243285	1	0	1	0	0	0	0
AF	0	0.243598	1	0	1	0	0	0	0
AF	0	0.243910	1	1	0	0	0	0	0
AF	0	0.244535	1	0	1	0	0	0	0
AF	0	0.244847	2	1	1	0	0	0	0
AF	0	0.245159	2	2	0	0	0	0	0
AF	0	0.245784	3	2	1	0	0	0	0
AF	0	0.246096	2	1	1	0	0	0	0
AF	0	0.246408	3	2	1	0	0	0	0
AF	0	0.247033	4	2	2	0	0	0	0
AF	0	0.247658	2	1	1	0	0	0	0
AF	0	0.248282	9	6	3	0	0	0	0
AF	0	0.248595	5	1	4	0	0	0	0
AF	0	0.249219	2	2	0	0	0	0	0
AF	0	0.249532	6	2	4	0	0	0	0
AF	0	0.249844	3	1	2	0	0	0	0
AF	0	0.250468	4	4	0	0	0	0	0
AF	0	0.250781	2	0	2	0	0	0	0
AF	0	0.251405	2	1	1	0	0	0	0
AF	0	0.252030	2	2	0	0	0	0	0
AF	0	0.252655	2	1	1	0	0	0	0
AF	0	0.255153	2	2	0	0	0	0	0
AF	0	0.256402	2	2	0	0	0	0	0
AF	0	0.256715	1	1	0	0	0	0	0
AF	0	0.257027	3	3	0	0	0	0	0
AF	0	0.257964	6	2	4	0	0	0	0
AF	0	0.258276	2	0	2	0	0	0	0
AF	0	0.258901	1	1	0	0	0	0	0
AF	0	0.260150	1	1	0	0	0	0	0
AF	0	0.260462	1	1	0	0	0	0	0
AF	0	0.260775	1	1	0	0	0	0	0
AF	0	0.261087	1	1	0	0	0	0	0
AF	0	0.261399	2	2	0	0	0	0	0
AF	0	0.263273	1	1	0	0	0	0	0
AF	0	0.264522	2	1	1	0	0	0	0
AF	0	0.265459	1	0	1	0	0	0	0
AF	0	0.266084	2	1	1	0	0	0	0
AF	0	0.266396	4	3	1	0	0	0	0
AF	0	0.266708	1	1	0	0	0	0	0
AF	0	0.267021	17	13	4	0	0	0	0
AF	0	0.267333	14	12	2	0	0	0	0
AF	0	0.267645	3	0	3	0	0	0	0
AF	0	0.267958	1	0	1	0	0	0	0
AF	0	0.268270	2	2	0	0	0	0	0
AF	0	0.268582	2	1	1	0	0	0	0
AF	0	0.268894	4	2	2	0	0	0	0
AF	0	0.269831	1	0	1	0	0	0	0
AF	0	0.270456	1	1	0	0	0	0	0
AF	0	0.270768	2	1	1	0	0	0	0
AF	0	0.271081	1	1	0	0	0	0	0
AF	0	0.271393	1	0	1	0	0	0	0
AF	0	0.272017	2	0	2	0	0	0	0
AF	0	0.272330	1	1	0	0	0	0	0
AF	0	0.272642	8	4	4	0	0	0	0
AF	0	0.272954	4	3	1	0	0	0	0
AF	0	0.273267	2	2	0	0	0	0	0
AF	0	0.274204	1	1	0	0	0	0	0
AF	0	0.274516	1	1	0	0	0	0	0
AF	0	0.277014	1	1	0	0	0	0	0
AF	0	0.277639	1	1	0	0	0	0	0
AF	0	0.279513	1	1	0	0	0	0	0
AF	0	0.279825	1	0	1	0	0	0	0
AF	0	0.280137	2	2	0	0	0	0	0
AF	0	0.280762	1	1	0	0	0	0	0
AF	0	0.281074	1	0	1	0	0	0	0
AF	0	0.283260	1	1	0	0	0	0	0
AF	0	0.284197	3	0	3	0	0	0	0
AF	0	0.284510	1	1	0	0	0	0	0
AF	0	0.285134	1	1	0	0	0	0	0
AF	0	0.285759	1	0	1	0	0	0	0
AF	0	0.287633	2	2	0	0	0	0	0
AF	0	0.289194	1	1	0	0	0	0	0
AF	0	0.291380	1	0	1	0	0	0	0
AF	0	0.293879	3	1	2	0	0	0	0
AF	0	0.294503	2	1	1	0	0	0	0
AF	0	0.298563	1	1	0	0	0	0	0
AF	0	0.299188	1	0	1	0	0	0	0
AF	0	0.299813	1	1	0	0	0	0	0
AF	0	0.300125	1	1	0	0	0	0	0
AF	0	0.301999	1	0	1	0	0	0	0
AF	0	0.305122	1	1	0	0	0	0	0
AF	0	0.305434	1	1	0	0	0	0	0
AF	0	0.305746	2	1	1	0	0	0	0
AF	0	0.306059	1	0	1	0	0	0	0
AF	0	0.306371	2	1	1	0	0	0	0
AF	0	0.306683	3	2	1	0	0	0	0
AF	0	0.306996	3	2	1	0	0	0	0
AF	0	0.307620	2	1	1	0	0	0	0
AF	0	0.307933	1	1	0	0	0	0	0
AF	0	0.308869	1	1	0	0	0	0	0
AF	0	0.309182	2	2	0	0	0	0	0
AF	0	0.310119	2	2	0	0	0	0	0
AF	0	0.310431	2	2	0	0	0	0	0
AF	0	0.313242	2	1	1	0	0	0	0
AF	0	0.314491	1	1	0	0	0	0	0
AF	0	0.315116	1	0	1	0	0	0	0
AF	0	0.316677	1	1	0	0	0	0	0
AF	0	0.318863	2	2	0	0	0	0	0
AF	0	0.320425	1	1	0	0	0	0	0
AF	0	0.321362	2	0	2	0	0	0	0
AF	0	0.321674	1	1	0	0	0	0	0
AF	0	0.321986	9	5	4	0	0	0	0
AF	0	0.322299	2	2	0	0	0	0	0
AF	0	0.322611	3	2	1	0	0	0	0
AF	0	0.322923	2	2	0	0	0	0	0
AF	0	0.323235	1	1	0	0	0	0	0
AF	0	0.324797	1	1	0	0	0	0	0
AF	0	0.325109	3	2	1	0	0	0	0
AF	0	0.325734	2	2	0	0	0	0	0
AF	0	0.326046	1	1	0	0	0	0	0
AF	0	0.326359	1	0	1	0	0	0	0
AF	0	0.326671	1	1	0	0	0	0	0
AF	0	0.327295	1	0	1	0	0	0	0
AF	0	0.327608	1	1	0	0	0	0	0
AF	0	0.328232	1	1	0	0	0	0	0
AF	0	0.328857	1	0	1	0	0	0	0
AF	0	0.329794	1	1	0	0	0	0	0
AF	0	0.333229	1	1	0	0	0	0	0
AF	0	0.334791	1	0	1	0	0	0	0
AF	0	0.335728	2	2	0	0	0	0	0
AF	0	0.336665	3	3	0	0	0	0	0
AF	0	0.336977	4	1	3	0	0	0	0
AF	0	0.337289	2	2	0	0	0	0	0
AF	0	0.337914	1	0	1	0	0	0	0
AF	0	0.338226	1	0	1	0	0	0	0
AF	0	0.338538	11	7	4	0	0	0	0
AF	0	0.338851	12	5	7	0	0	0	0
AF	0	0.339163	3	2	1	0	0	0	0
AF	0	0.339475	2	2	0	0	0	0	0
AF	0	0.339788	1	1	0	0	0	0	0
AF	0	0.340100	3	2	1	0	0	0	0
AF	0	0.341037	1	1	0	0	0	0	0
AF	0	0.341349	1	1	0	0	0	0	0
AF	0	0.341661	1	0	1	0	0	0	0
AF	0	0.342911	1	1	0	0	0	0	0
AF	0	0.343848	1	0	1	0	0	0	0
AF	0	0.344160	1	1	0	0	0	0	0
AF	0	0.344472	2	0	2	0	0	0	0
AF	0	0.345409	3	3	0	0	0	0	0
AF	0	0.345721	1	1	0	0	0	0	0
AF	0	0.346034	6	3	3	0	0	0	0
AF	0	0.346346	1	1	0	0	0	0	0
AF	0	0.346658	1	1	0	0	0	0	0
AF	0	0.346971	1	1	0	0	0	0	0
AF	0	0.347283	2	1	1	0	0	0	0
AF	0	0.347595	1	1	0	0	0	0	0
AF	0	0.347908	2	2	0	0	0	0	0
AF	0	0.348532	6	4	2	0	0	0	0
AF	0	0.348844	5	3	2	0	0	0	0
AF	0	0.349781	1	1	0	0	0	0	0
AF	0	0.350094	3	2	1	0	0	0	0
AF	0	0.350406	6	3	3	0	0	0	0
AF	0	0.351031	3	2	1	0	0	0	0
AF	0	0.352280	3	2	1	0	0	0	0
AF	0	0.352592	1	1	0	0	0	0	0
AF	0	0.352904	3	2	1	0	0	0	0
AF	0	0.353217	2	1	1	0	0	0	0
AF	0	0.353529	2	2	0	0	0	0	0
AF	0	0.353841	1	1	0	0	0	0	0
AF	0	0.354778	2	2	0	0	0	0	0
AF	0	0.355091	1	1	0	0	0	0	0
AF	0	0.355403	2	1	1	0	0	0	0
AF	0	0.355715	2	1	1	0	0	0	0
AF	0	0.356027	4	2	2	0	0	0	0
AF	0	0.356340	1	1	0	0	0	0	0
AF	0	0.356652	2	1	1	0	0	0	0
AF	0	0.357589	1	1	0	0	0	0	0
AF	0	0.357901	2	2	0	0	0	0	0
AF	0	0.358526	1	1	0	0	0	0	0
AF	0	0.358838	1	0	1	0	0	0	0
AF	0	0.359775	3	2	1	0	0	0	0
AF	0	0.360400	3	2	1	0	0	0	0
AF	0	0.360712	2	2	0	0	0	0	0
AF	0	0.361024	1	1	0	0	0	0	0
AF	0	0.361649	1	1	0	0	0	0	0
AF	0	0.362586	1	1	0	0	0	0	0
AF	0	0.362898	2	0	2	0	0	0	0
AF	0	0.363210	1	1	0	0	0	0	0
AF	0	0.363523	4	1	3	0	0	0	0
AF	0	0.364147	2	1	1	0	0	0	0
AF	0	0.364460	4	2	2	0	0	0	0
AF	0	0.364772	2	1	1	0	0	0	0
AF	0	0.365084	2	2	0	0	0	0	0
AF	0	0.365709	2	1	1	0	0	0	0
AF	0	0.366021	2	2	0	0	0	0	0
AF	0	0.366334	3	3	0	0	0	0	0
AF	0	0.366646	2	1	1	0	0	0	0
AF	0	0.367270	2	1	1	0	0	0	0
AF	0	0.367583	1	0	1	0	0	0	0
AF	0	0.367895	4	4	0	0	0	0	0
AF	0	0.368207	1	0	1	0	0	0	0
AF	0	0.368520	3	2	1	0	0	0	0
AF	0	0.368832	3	3	0	0	0	0	0
AF	0	0.369144	1	1	0	0	0	0	0
AF	0	0.369457	1	0	1	0	0	0	0
AF	0	0.369769	3	2	1	0	0	0	0
AF	0	0.370394	3	1	2	0	0	0	0
AF	0	0.371018	1	0	1	0	0	0	0
AF	0	0.371330	1	1	0	0	0	0	0
AF	0	0.371643	1	1	0	0	0	0	0
AF	0	0.372892	3	2	1	0	0	0	0
AF	0	0.373517	1	0	1	0	0	0	0
AF	0	0.373829	1	1	0	0	0	0	0
AF	0	0.374141	1	1	0	0	0	0	0
AF	0	0.374453	1	1	0	0	0	0	0
AF	0	0.375078	2	2	0	0	0	0	0
AF	0	0.375390	2	1	1	0	0	0	0
AF	0	0.376327	1	0	1	0	0	0	0
AF	0	0.376640	2	1	1	0	0	0	0
AF	0	0.376952	3	3	0	0	0	0	0
AF	0	0.377264	3	2	1	0	0	0	0
AF	0	0.377889	3	2	1	0	0	0	0
AF	0	0.378201	1	0	1	0	0	0	0
AF	0	0.378826	2	2	0	0	0	0	0
AF	0	0.379763	1	1	0	0	0	0	0
AF	0	0.380700	1	1	0	0	0	0	0
AF	0	0.382261	3	0	3	0	0	0	0
AF	0	0.383510	2	0	2	0	0	0	0
AF	0	0.384135	1	1	0	0	0	0	0
AF	0	0.385384	4	3	1	0	0	0	0
AF	0	0.385696	1	1	0	0	0	0	0
AF	0	0.386009	1	1	0	0	0	0	0
AF	0	0.386633	2	1	1	0	0	0	0
AF	0	0.387883	2	1	1	0	0	0	0
AF	0	0.388819	1	0	1	0	0	0	0
AF	0	0.389756	1	1	0	0	0	0	0
AF	0	0.390069	1	1	0	0	0	0	0
AF	0	0.391006	1	1	0	0	0	0	0
AF	0	0.396002	3	3	0	0	0	0	0
AF	0	0.396315	2	2	0	0	0	0	0
AF	0	0.396627	4	2	2	0	0	0	0
AF	0	0.396939	6	4	2	0	0	0	0
AF	0	0.397252	3	2	1	0	0	0	0
AF	0	0.398501	1	1	0	0	0	0	0
AF	0	0.398813	3	3	0	0	0	0	0
AF	0	0.399438	1	1	0	0	0	0	0
AF	0	0.401312	2	2	0	0	0	0	0
AF	0	0.402249	1	0	1	0	0	0	0
AF	0	0.403186	1	0	1	0	0	0	0
AF	0	0.403498	1	1	0	0	0	0	0
AF	0	0.407245	1	1	0	0	0	0	0
AF	0	0.407558	1	1	0	0	0	0	0
AF	0	0.408807	1	1	0	0	0	0	0
AF	0	0.409119	1	1	0	0	0	0	0
AF	0	0.410993	2	1	1	0	0	0	0
AF	0	0.411305	1	1	0	0	0	0	0
AF	0	0.411618	1	1	0	0	0	0	0
AF	0	0.412242	1	1	0	0	0	0	0
AF	0	0.413492	1	1	0	0	0	0	0
AF	0	0.413804	1	1	0	0	0	0	0
AF	0	0.415053	1	1	0	0	0	0	0
AF	0	0.415678	1	1	0	0	0	0	0
AF	0	0.417239	2	1	1	0	0	0	0
AF	0	0.418488	1	0	1	0	0	0	0
AF	0	0.419425	1	0	1	0	0	0	0
AF	0	0.420987	2	2	0	0	0	0	0
AF	0	0.423485	1	1	0	0	0	0	0
AF	0	0.424422	1	1	0	0	0	0	0
AF	0	0.424735	1	0	1	0	0	0	0
AF	0	0.425359	1	1	0	0	0	0	0
AF	0	0.425671	2	1	1	0	0	0	0
AF	0	0.425984	1	1	0	0	0	0	0
AF	0	0.426296	2	1	1	0	0	0	0
AF	0	0.426608	1	0	1	0	0	0	0
AF	0	0.426921	2	0	2	0	0	0	0
AF	0	0.427233	3	2	1	0	0	0	0
AF	0	0.427858	1	1	0	0	0	0	0
AF	0	0.428795	1	1	0	0	0	0	0
AF	0	0.430668	1	1	0	0	0	0	0
AF	0	0.433791	1	1	0	0	0	0	0
AF	0	0.435041	2	2	0	0	0	0	0
AF	0	0.435353	2	1	1	0	0	0	0
AF	0	0.437539	13	10	3	0	0	0	0
AF	0	0.437851	5	3	2	0	0	0	0
AF	0	0.438164	1	1	0	0	0	0	0
AF	0	0.438476	5	4	1	0	0	0	0
AF	0	0.439725	3	2	1	0	0	0	0
AF	0	0.440350	4	2	2	0	0	0	0
AF	0	0.440974	6	5	1	0	0	0	0
AF	0	0.441287	1	1	0	0	0	0	0
AF	0	0.441599	3	2	1	0	0	0	0
AF	0	0.442224	2	1	1	0	0	0	0
AF	0	0.442536	1	1	0	0	0	0	0
AF	0	0.442848	1	1	0	0	0	0	0
AF	0	0.443473	1	1	0	0	0	0	0
AF	0	0.444097	1	0	1	0	0	0	0
AF	0	0.444410	5	2	3	0	0	0	0
AF	0	0.445034	3	3	0	0	0	0	0
AF	0	0.445347	2	1	1	0	0	0	0
AF	0	0.447533	1	1	0	0	0	0	0
AF	0	0.448157	1	1	0	0	0	0	0
AF	0	0.454091	1	0	1	0	0	0	0
AF	0	0.455340	1	0	1	0	0	0	0
AF	0	0.455653	2	2	0	0	0	0	0
AF	0	0.457527	1	1	0	0	0	0	0
AF	0	0.459713	1	0	1	0	0	0	0
AF	0	0.461587	1	0	1	0	0	0	0
AF	0	0.463773	1	1	0	0	0	0	0
AF	0	0.465022	1	1	0	0	0	0	0
AF	0	0.465646	2	2	0	0	0	0	0
AF	0	0.471268	2	2	0	0	0	0	0
AF	0	0.471893	1	0	1	0	0	0	0
AF	0	0.473454	1	1	0	0	0	0	0
AF	0	0.475016	1	1	0	0	0	0	0
AF	0	0.475640	1	1	0	0	0	0	0
AF	0	0.476265	5	2	3	0	0	0	0
AF	0	0.477514	1	1	0	0	0	0	0
AF	0	0.479076	1	0	1	0	0	0	0
AF	0	0.479388	1	1	0	0	0	0	0
AF	0	0.577764	1	0	1	0	0	0	0
AF	0	0.582136	1	0	1	0	0	0	0
AF	0	0.582448	1	0	1	0	0	0	0
AF	0	0.602124	1	1	0	0	0	0	0
AF	0	0.638351	2	2	0	0	0	0	0
AF	0	0.675828	1	0	1	0	0	0	0
AF	0	0.709869	1	1	0	0	0	0	0
AF	0	0.762024	1	0	1	0	0	0	0
AF	0	0.778264	1	0	1	0	0	0	0
AF	0	0.784510	2	2	0	0	0	0	0
AF	0	0.818863	1	0	1	0	0	0	0
AF	0	0.819488	1	0	1	0	0	0	0
AF	0	0.832605	1	1	0	0	0	0	0
AF	0	0.845721	1	1	0	0	0	0	0
AF	0	0.881949	1	1	0	0	0	0	0
AF	0	0.915678	1	0	1	0	0	0	0
AF	0	0.927233	1	0	1	0	0	0	0
AF	0	0.955340	1	0	1	0	0	0	0
AF	0	0.977202	1	0	1	0	0	0	0
AF	0	0.977514	1	1	0	0	0	0	0
AF	0	0.977826	1	1	0	0	0	0	0
AF	0	0.979076	2	2	0	0	0	0	0
AF	0	0.980325	1	1	0	0	0	0	0
AF	0	0.982823	1	1	0	0	0	0	0
AF	0	0.983448	1	1	0	0	0	0	0
AF	0	0.987196	1	0	1	0	0	0	0
AF	0	0.987820	1	1	0	0	0	0	0
AF	0	0.991568	1	0	1	0	0	0	0
AF	0	0.992192	1	1	0	0	0	0	0
AF	0	0.994691	1	1	0	0	0	0	0
AF	0	0.996565	2	1	1	0	0	0	0
AF	0	0.999063	1	1	0	0	0	0	0
# QUAL, Stats by quality
# QUAL	[2]id	[3]Quality	[4]number of SNPs	[5]number of transitions (1st ALT)	[6]number of transversions (1st ALT)	[7]number of indels
QUAL	0	.	13556	9071	4485	0
# IDD, InDel distribution:
# IDD	[2]id	[3]length (deletions negative)	[4]number of sites	[5]number of genotypes	[6]mean VAF
# ST, Substitution types:
# ST	[2]id	[3]type	[4]count
ST	0	A>C	502
ST	0	A>G	2182
ST	0	A>T	572
ST	0	C>A	667
ST	0	C>G	467
ST	0	C>T	2383
ST	0	G>A	2651
ST	0	G>C	503
ST	0	G>T	690
ST	0	T>A	548
ST	0	T>C	1855
ST	0	T>G	536
# DP, Depth distribution
# DP	[2]id	[3]bin	[4]number of genotypes	[5]fraction of genotypes (%)	[6]number of sites	[7]fraction of sites (%)
  - Fix haploid genotypes in males...

Submit MakeDiploidMalesX finished successfully. Let's have a beer, buddy!

