Submit MakeDiploidMalesX
version 1.1.6 (2024-09-30)

These are the settings:
  Input file................: /hpc/local/Rocky8/dhl_ec/software/MonopogenLite/resources/1kGP_high_coverage_Illumina.SNVonly_poly.filtered_AF_5e-04.norm.fixvariantid.chrX.vcf.gz
  Output file...............: /hpc/local/Rocky8/dhl_ec/software/MonopogenLite/resources/1kGP_high_coverage_Illumina.SNVonly_poly.filtered_AF_5e-04.norm.fixvariantid.makediploid.chrX.vcf.gz
  Chunk size................: 100

  SLURM CPUs................: 4
  SLURM Array ID............: 27 (of 100)
  SLURM memory..............: 16G
  SLURM time................: 01:00:00
  SLURM mail type...........: FAIL
  SLURM mail user...........: s.w.vanderlaan-2@umcutrecht.nl

  Dry run mode..............: 0
  Debug mode................: 1
  Verbosity.................: 0
  Version...................: 1.1.6 (2024-09-30)

Making converting haploid genotypes to diploid genotypes.
> Extract the region for this SLURM task (# 27) from the BED file.
  - Get the chunk number from the SLURM array task ID and the bed file...
DEBUG: Extracting chunk number: 27p from 27
DEBUG: Extracting region from BED file: /hpc/local/Rocky8/dhl_ec/software/MonopogenLite/resources/chrX_100pieces.bed
  - Extract the region from the BED file...
DEBUG: Extracted raw region: 'chrX	40570609	42131016' (chunk #: 27p of 100 for job 27)
  - Check if a valid region was extracted -- should be 'chrX	40570609	42131016'...
  - Prepare the region for bcftools...
  - Check if the region (chrX:40570609-42131016) was successfully extracted...
> Processing region 'chrX:40570609-42131016'...
  - Process the specific region (chunk# 27) using bcftools view...
  - Index the VCF file...
DEBUG: Check if the VCF file was successfully processed...
##fileformat=VCFv4.2
##FILTER=<ID=PASS,Description="All filters passed">
##fileDate=29/01/2022 - 14:31:41
##source=shapeit4.2.2
##contig=<ID=chr1,length=248956422>
##contig=<ID=chr2,length=242193529>
##contig=<ID=chr3,length=198295559>
##contig=<ID=chr4,length=190214555>
##contig=<ID=chr5,length=181538259>
##contig=<ID=chr6,length=170805979>
# This file was produced by bcftools stats (1.20+htslib-1.20) and can be plotted using plot-vcfstats.
# The command line was:	bcftools stats  /hpc/local/Rocky8/dhl_ec/software/MonopogenLite/resources/chrX.part27.vcf.gz
#
# Definition of sets:
# ID	[2]id	[3]tab-separated file names
ID	0	/hpc/local/Rocky8/dhl_ec/software/MonopogenLite/resources/chrX.part27.vcf.gz
# SN, Summary numbers:
#   number of records   .. number of data rows in the VCF
#   number of no-ALTs   .. reference-only sites, ALT is either "." or identical to REF
#   number of SNPs      .. number of rows with a SNP
#   number of MNPs      .. number of rows with a MNP, such as CC>TT
#   number of indels    .. number of rows with an indel
#   number of others    .. number of rows with other type, for example a symbolic allele or
#                          a complex substitution, such as ACT>TCGA
#   number of multiallelic sites     .. number of rows with multiple alternate alleles
#   number of multiallelic SNP sites .. number of rows with multiple alternate alleles, all SNPs
# 
#   Note that rows containing multiple types will be counted multiple times, in each
#   counter. For example, a row with a SNP and an indel increments both the SNP and
#   the indel counter.
# 
# SN	[2]id	[3]key	[4]value
SN	0	number of samples:	3202
SN	0	number of records:	14670
SN	0	number of no-ALTs:	0
SN	0	number of SNPs:	14670
SN	0	number of MNPs:	0
SN	0	number of indels:	0
SN	0	number of others:	0
SN	0	number of multiallelic sites:	0
SN	0	number of multiallelic SNP sites:	0
# TSTV, transitions/transversions:
# TSTV	[2]id	[3]ts	[4]tv	[5]ts/tv	[6]ts (1st ALT)	[7]tv (1st ALT)	[8]ts/tv (1st ALT)
TSTV	0	10320	4350	2.37	10320	4350	2.37
# SiS, Singleton stats:
# SiS	[2]id	[3]allele count	[4]number of SNPs	[5]number of transitions	[6]number of transversions	[7]number of indels	[8]repeat-consistent	[9]repeat-inconsistent	[10]not applicable
SiS	0	1	0	0	0	0	0	0	0
# AF, Stats by non-reference allele frequency:
# AF	[2]id	[3]allele frequency	[4]number of SNPs	[5]number of transitions	[6]number of transversions	[7]number of indels	[8]repeat-consistent	[9]repeat-inconsistent	[10]not applicable
AF	0	0.000312	2341	1637	704	0	0	0	0
AF	0	0.000625	1299	943	356	0	0	0	0
AF	0	0.000937	1489	1077	412	0	0	0	0
AF	0	0.001249	568	401	167	0	0	0	0
AF	0	0.001562	891	619	272	0	0	0	0
AF	0	0.001874	327	250	77	0	0	0	0
AF	0	0.002186	546	386	160	0	0	0	0
AF	0	0.002498	218	159	59	0	0	0	0
AF	0	0.002811	384	269	115	0	0	0	0
AF	0	0.003123	185	131	54	0	0	0	0
AF	0	0.003435	306	209	97	0	0	0	0
AF	0	0.003748	132	86	46	0	0	0	0
AF	0	0.004060	225	159	66	0	0	0	0
AF	0	0.004372	117	85	32	0	0	0	0
AF	0	0.004685	211	150	61	0	0	0	0
AF	0	0.004997	89	64	25	0	0	0	0
AF	0	0.005309	175	121	54	0	0	0	0
AF	0	0.005621	64	41	23	0	0	0	0
AF	0	0.005934	139	100	39	0	0	0	0
AF	0	0.006246	59	41	18	0	0	0	0
AF	0	0.006558	131	101	30	0	0	0	0
AF	0	0.006871	56	35	21	0	0	0	0
AF	0	0.007183	120	76	44	0	0	0	0
AF	0	0.007495	52	38	14	0	0	0	0
AF	0	0.007808	115	83	32	0	0	0	0
AF	0	0.008120	50	35	15	0	0	0	0
AF	0	0.008432	104	77	27	0	0	0	0
AF	0	0.008745	40	26	14	0	0	0	0
AF	0	0.009057	98	72	26	0	0	0	0
AF	0	0.009369	39	30	9	0	0	0	0
AF	0	0.009681	53	32	21	0	0	0	0
AF	0	0.009994	31	20	11	0	0	0	0
AF	0	0.010306	82	59	23	0	0	0	0
AF	0	0.010618	40	28	12	0	0	0	0
AF	0	0.010931	46	29	17	0	0	0	0
AF	0	0.011243	20	16	4	0	0	0	0
AF	0	0.011555	63	39	24	0	0	0	0
AF	0	0.011868	30	20	10	0	0	0	0
AF	0	0.012180	46	34	12	0	0	0	0
AF	0	0.012492	19	13	6	0	0	0	0
AF	0	0.012804	50	34	16	0	0	0	0
AF	0	0.013117	21	17	4	0	0	0	0
AF	0	0.013429	63	41	22	0	0	0	0
AF	0	0.013741	52	33	19	0	0	0	0
AF	0	0.014054	63	49	14	0	0	0	0
AF	0	0.014366	28	22	6	0	0	0	0
AF	0	0.014678	49	27	22	0	0	0	0
AF	0	0.014991	23	17	6	0	0	0	0
AF	0	0.015303	30	17	13	0	0	0	0
AF	0	0.015615	32	22	10	0	0	0	0
AF	0	0.015928	31	19	12	0	0	0	0
AF	0	0.016240	27	21	6	0	0	0	0
AF	0	0.016552	34	23	11	0	0	0	0
AF	0	0.016864	17	11	6	0	0	0	0
AF	0	0.017177	28	17	11	0	0	0	0
AF	0	0.017489	14	8	6	0	0	0	0
AF	0	0.017801	24	14	10	0	0	0	0
AF	0	0.018114	5	2	3	0	0	0	0
AF	0	0.018426	19	13	6	0	0	0	0
AF	0	0.018738	14	10	4	0	0	0	0
AF	0	0.019051	23	17	6	0	0	0	0
AF	0	0.019363	17	11	6	0	0	0	0
AF	0	0.019675	18	9	9	0	0	0	0
AF	0	0.019988	6	3	3	0	0	0	0
AF	0	0.020300	15	9	6	0	0	0	0
AF	0	0.020612	7	7	0	0	0	0	0
AF	0	0.020924	27	20	7	0	0	0	0
AF	0	0.021237	21	17	4	0	0	0	0
AF	0	0.021549	18	12	6	0	0	0	0
AF	0	0.021861	14	11	3	0	0	0	0
AF	0	0.022174	26	18	8	0	0	0	0
AF	0	0.022486	8	7	1	0	0	0	0
AF	0	0.022798	12	4	8	0	0	0	0
AF	0	0.023111	21	12	9	0	0	0	0
AF	0	0.023423	25	17	8	0	0	0	0
AF	0	0.023735	18	16	2	0	0	0	0
AF	0	0.024047	20	14	6	0	0	0	0
AF	0	0.024360	8	5	3	0	0	0	0
AF	0	0.024672	13	10	3	0	0	0	0
AF	0	0.024984	8	5	3	0	0	0	0
AF	0	0.025297	13	6	7	0	0	0	0
AF	0	0.025609	10	6	4	0	0	0	0
AF	0	0.025921	14	13	1	0	0	0	0
AF	0	0.026234	8	3	5	0	0	0	0
AF	0	0.026546	19	10	9	0	0	0	0
AF	0	0.026858	8	6	2	0	0	0	0
AF	0	0.027171	16	12	4	0	0	0	0
AF	0	0.027483	4	3	1	0	0	0	0
AF	0	0.027795	24	15	9	0	0	0	0
AF	0	0.028107	10	7	3	0	0	0	0
AF	0	0.028420	16	11	5	0	0	0	0
AF	0	0.028732	6	5	1	0	0	0	0
AF	0	0.029044	21	12	9	0	0	0	0
AF	0	0.029357	25	16	9	0	0	0	0
AF	0	0.029669	17	11	6	0	0	0	0
AF	0	0.029981	8	3	5	0	0	0	0
AF	0	0.030294	22	13	9	0	0	0	0
AF	0	0.030606	12	10	2	0	0	0	0
AF	0	0.030918	25	20	5	0	0	0	0
AF	0	0.031230	6	6	0	0	0	0	0
AF	0	0.031543	9	6	3	0	0	0	0
AF	0	0.031855	6	4	2	0	0	0	0
AF	0	0.032167	21	13	8	0	0	0	0
AF	0	0.032480	3	1	2	0	0	0	0
AF	0	0.032792	10	6	4	0	0	0	0
AF	0	0.033104	6	3	3	0	0	0	0
AF	0	0.033417	6	5	1	0	0	0	0
AF	0	0.033729	5	2	3	0	0	0	0
AF	0	0.034041	2	1	1	0	0	0	0
AF	0	0.034354	3	0	3	0	0	0	0
AF	0	0.034666	6	5	1	0	0	0	0
AF	0	0.034978	3	2	1	0	0	0	0
AF	0	0.035290	5	5	0	0	0	0	0
AF	0	0.035915	14	11	3	0	0	0	0
AF	0	0.036227	4	3	1	0	0	0	0
AF	0	0.036540	11	8	3	0	0	0	0
AF	0	0.036852	4	4	0	0	0	0	0
AF	0	0.037164	3	2	1	0	0	0	0
AF	0	0.037477	4	3	1	0	0	0	0
AF	0	0.037789	10	9	1	0	0	0	0
AF	0	0.038101	2	1	1	0	0	0	0
AF	0	0.038413	4	4	0	0	0	0	0
AF	0	0.038726	5	3	2	0	0	0	0
AF	0	0.039038	11	8	3	0	0	0	0
AF	0	0.039350	3	3	0	0	0	0	0
AF	0	0.039663	13	10	3	0	0	0	0
AF	0	0.039975	4	2	2	0	0	0	0
AF	0	0.040287	9	5	4	0	0	0	0
AF	0	0.040600	4	3	1	0	0	0	0
AF	0	0.040912	10	9	1	0	0	0	0
AF	0	0.041224	2	0	2	0	0	0	0
AF	0	0.041537	10	9	1	0	0	0	0
AF	0	0.041849	3	3	0	0	0	0	0
AF	0	0.042161	3	2	1	0	0	0	0
AF	0	0.042786	4	2	2	0	0	0	0
AF	0	0.043098	3	2	1	0	0	0	0
AF	0	0.043410	10	5	5	0	0	0	0
AF	0	0.043723	4	3	1	0	0	0	0
AF	0	0.044035	11	10	1	0	0	0	0
AF	0	0.044347	1	1	0	0	0	0	0
AF	0	0.044660	2	2	0	0	0	0	0
AF	0	0.044972	2	1	1	0	0	0	0
AF	0	0.045284	6	2	4	0	0	0	0
AF	0	0.045597	2	2	0	0	0	0	0
AF	0	0.045909	6	5	1	0	0	0	0
AF	0	0.046221	22	14	8	0	0	0	0
AF	0	0.046533	8	6	2	0	0	0	0
AF	0	0.046846	3	2	1	0	0	0	0
AF	0	0.047158	5	4	1	0	0	0	0
AF	0	0.047470	4	3	1	0	0	0	0
AF	0	0.047783	11	5	6	0	0	0	0
AF	0	0.048095	2	1	1	0	0	0	0
AF	0	0.048407	3	2	1	0	0	0	0
AF	0	0.048720	1	1	0	0	0	0	0
AF	0	0.049032	6	3	3	0	0	0	0
AF	0	0.049344	1	0	1	0	0	0	0
AF	0	0.049656	6	3	3	0	0	0	0
AF	0	0.049969	5	4	1	0	0	0	0
AF	0	0.050281	6	5	1	0	0	0	0
AF	0	0.050593	4	4	0	0	0	0	0
AF	0	0.050906	14	13	1	0	0	0	0
AF	0	0.051218	3	1	2	0	0	0	0
AF	0	0.051530	3	2	1	0	0	0	0
AF	0	0.051843	3	2	1	0	0	0	0
AF	0	0.052155	4	2	2	0	0	0	0
AF	0	0.052467	1	0	1	0	0	0	0
AF	0	0.052780	4	2	2	0	0	0	0
AF	0	0.053092	2	1	1	0	0	0	0
AF	0	0.053404	1	1	0	0	0	0	0
AF	0	0.054029	3	3	0	0	0	0	0
AF	0	0.054653	3	2	1	0	0	0	0
AF	0	0.054966	2	1	1	0	0	0	0
AF	0	0.055278	4	3	1	0	0	0	0
AF	0	0.055590	2	2	0	0	0	0	0
AF	0	0.055903	3	2	1	0	0	0	0
AF	0	0.056215	1	1	0	0	0	0	0
AF	0	0.056527	6	4	2	0	0	0	0
AF	0	0.057152	1	1	0	0	0	0	0
AF	0	0.057464	2	2	0	0	0	0	0
AF	0	0.057776	4	3	1	0	0	0	0
AF	0	0.058089	3	3	0	0	0	0	0
AF	0	0.058401	3	2	1	0	0	0	0
AF	0	0.058713	1	1	0	0	0	0	0
AF	0	0.059026	4	4	0	0	0	0	0
AF	0	0.059338	2	2	0	0	0	0	0
AF	0	0.059650	1	1	0	0	0	0	0
AF	0	0.059963	2	1	1	0	0	0	0
AF	0	0.060587	1	0	1	0	0	0	0
AF	0	0.060899	1	0	1	0	0	0	0
AF	0	0.061212	2	1	1	0	0	0	0
AF	0	0.061524	4	4	0	0	0	0	0
AF	0	0.061836	1	1	0	0	0	0	0
AF	0	0.062149	4	1	3	0	0	0	0
AF	0	0.062773	2	1	1	0	0	0	0
AF	0	0.063086	1	0	1	0	0	0	0
AF	0	0.063398	1	0	1	0	0	0	0
AF	0	0.064335	2	1	1	0	0	0	0
AF	0	0.064647	3	2	1	0	0	0	0
AF	0	0.064959	1	0	1	0	0	0	0
AF	0	0.065272	2	1	1	0	0	0	0
AF	0	0.065896	2	2	0	0	0	0	0
AF	0	0.066209	2	2	0	0	0	0	0
AF	0	0.066521	10	8	2	0	0	0	0
AF	0	0.066833	2	1	1	0	0	0	0
AF	0	0.067146	9	4	5	0	0	0	0
AF	0	0.067458	4	3	1	0	0	0	0
AF	0	0.067770	2	2	0	0	0	0	0
AF	0	0.068082	1	0	1	0	0	0	0
AF	0	0.068395	3	3	0	0	0	0	0
AF	0	0.068707	4	4	0	0	0	0	0
AF	0	0.069019	3	3	0	0	0	0	0
AF	0	0.069644	3	3	0	0	0	0	0
AF	0	0.069956	1	1	0	0	0	0	0
AF	0	0.070269	4	3	1	0	0	0	0
AF	0	0.070581	1	1	0	0	0	0	0
AF	0	0.070893	1	1	0	0	0	0	0
AF	0	0.071205	2	0	2	0	0	0	0
AF	0	0.071518	9	4	5	0	0	0	0
AF	0	0.072142	5	3	2	0	0	0	0
AF	0	0.072767	4	3	1	0	0	0	0
AF	0	0.073079	3	2	1	0	0	0	0
AF	0	0.073392	8	5	3	0	0	0	0
AF	0	0.073704	3	2	1	0	0	0	0
AF	0	0.074016	4	2	2	0	0	0	0
AF	0	0.074329	2	2	0	0	0	0	0
AF	0	0.074641	1	1	0	0	0	0	0
AF	0	0.074953	1	0	1	0	0	0	0
AF	0	0.075265	1	1	0	0	0	0	0
AF	0	0.075578	1	1	0	0	0	0	0
AF	0	0.075890	1	1	0	0	0	0	0
AF	0	0.076202	2	1	1	0	0	0	0
AF	0	0.076515	1	1	0	0	0	0	0
AF	0	0.076827	1	1	0	0	0	0	0
AF	0	0.077139	2	2	0	0	0	0	0
AF	0	0.077452	2	0	2	0	0	0	0
AF	0	0.077764	2	1	1	0	0	0	0
AF	0	0.078076	1	1	0	0	0	0	0
AF	0	0.078389	1	1	0	0	0	0	0
AF	0	0.079325	1	1	0	0	0	0	0
AF	0	0.079638	2	2	0	0	0	0	0
AF	0	0.080262	3	3	0	0	0	0	0
AF	0	0.080575	1	1	0	0	0	0	0
AF	0	0.081512	5	4	1	0	0	0	0
AF	0	0.081824	1	1	0	0	0	0	0
AF	0	0.082136	1	0	1	0	0	0	0
AF	0	0.082448	1	1	0	0	0	0	0
AF	0	0.083385	4	3	1	0	0	0	0
AF	0	0.084010	2	1	1	0	0	0	0
AF	0	0.084322	1	1	0	0	0	0	0
AF	0	0.084947	2	0	2	0	0	0	0
AF	0	0.085259	2	2	0	0	0	0	0
AF	0	0.085572	2	2	0	0	0	0	0
AF	0	0.085884	1	0	1	0	0	0	0
AF	0	0.086508	2	2	0	0	0	0	0
AF	0	0.086821	1	0	1	0	0	0	0
AF	0	0.087133	1	1	0	0	0	0	0
AF	0	0.087758	1	1	0	0	0	0	0
AF	0	0.088382	2	2	0	0	0	0	0
AF	0	0.089319	2	2	0	0	0	0	0
AF	0	0.089631	4	3	1	0	0	0	0
AF	0	0.089944	2	1	1	0	0	0	0
AF	0	0.090881	6	4	2	0	0	0	0
AF	0	0.091505	3	2	1	0	0	0	0
AF	0	0.092755	1	1	0	0	0	0	0
AF	0	0.093067	3	2	1	0	0	0	0
AF	0	0.093379	2	2	0	0	0	0	0
AF	0	0.094004	1	1	0	0	0	0	0
AF	0	0.094628	4	2	2	0	0	0	0
AF	0	0.094941	5	2	3	0	0	0	0
AF	0	0.095253	13	11	2	0	0	0	0
AF	0	0.095565	10	10	0	0	0	0	0
AF	0	0.095878	8	5	3	0	0	0	0
AF	0	0.096190	1	0	1	0	0	0	0
AF	0	0.096502	4	3	1	0	0	0	0
AF	0	0.096814	1	1	0	0	0	0	0
AF	0	0.097127	3	1	2	0	0	0	0
AF	0	0.097439	2	1	1	0	0	0	0
AF	0	0.097751	4	3	1	0	0	0	0
AF	0	0.098064	1	1	0	0	0	0	0
AF	0	0.099001	2	0	2	0	0	0	0
AF	0	0.099313	2	1	1	0	0	0	0
AF	0	0.099625	2	1	1	0	0	0	0
AF	0	0.100250	2	1	1	0	0	0	0
AF	0	0.100562	1	1	0	0	0	0	0
AF	0	0.100874	3	3	0	0	0	0	0
AF	0	0.101187	5	3	2	0	0	0	0
AF	0	0.101499	5	3	2	0	0	0	0
AF	0	0.101811	2	1	1	0	0	0	0
AF	0	0.102124	7	5	2	0	0	0	0
AF	0	0.102748	1	1	0	0	0	0	0
AF	0	0.103061	1	0	1	0	0	0	0
AF	0	0.103373	6	4	2	0	0	0	0
AF	0	0.103685	2	1	1	0	0	0	0
AF	0	0.103998	3	2	1	0	0	0	0
AF	0	0.104310	4	3	1	0	0	0	0
AF	0	0.104622	2	2	0	0	0	0	0
AF	0	0.104934	1	0	1	0	0	0	0
AF	0	0.105247	3	1	2	0	0	0	0
AF	0	0.105559	2	0	2	0	0	0	0
AF	0	0.105871	28	17	11	0	0	0	0
AF	0	0.106184	8	5	3	0	0	0	0
AF	0	0.106496	9	8	1	0	0	0	0
AF	0	0.107121	2	2	0	0	0	0	0
AF	0	0.107433	1	1	0	0	0	0	0
AF	0	0.107745	1	0	1	0	0	0	0
AF	0	0.109619	3	2	1	0	0	0	0
AF	0	0.109931	2	2	0	0	0	0	0
AF	0	0.110556	3	1	2	0	0	0	0
AF	0	0.110868	2	1	1	0	0	0	0
AF	0	0.111181	2	1	1	0	0	0	0
AF	0	0.111805	5	3	2	0	0	0	0
AF	0	0.112117	4	1	3	0	0	0	0
AF	0	0.112430	1	1	0	0	0	0	0
AF	0	0.112742	3	2	1	0	0	0	0
AF	0	0.113054	1	0	1	0	0	0	0
AF	0	0.113367	1	0	1	0	0	0	0
AF	0	0.113679	1	1	0	0	0	0	0
AF	0	0.113991	1	1	0	0	0	0	0
AF	0	0.114304	1	1	0	0	0	0	0
AF	0	0.114616	1	1	0	0	0	0	0
AF	0	0.114928	2	2	0	0	0	0	0
AF	0	0.115240	1	1	0	0	0	0	0
AF	0	0.116177	1	1	0	0	0	0	0
AF	0	0.117114	2	0	2	0	0	0	0
AF	0	0.117427	1	1	0	0	0	0	0
AF	0	0.118051	1	0	1	0	0	0	0
AF	0	0.118676	1	1	0	0	0	0	0
AF	0	0.118988	1	1	0	0	0	0	0
AF	0	0.119925	3	0	3	0	0	0	0
AF	0	0.120237	3	3	0	0	0	0	0
AF	0	0.120550	1	1	0	0	0	0	0
AF	0	0.120862	2	0	2	0	0	0	0
AF	0	0.121174	3	3	0	0	0	0	0
AF	0	0.121799	5	4	1	0	0	0	0
AF	0	0.122423	1	1	0	0	0	0	0
AF	0	0.123360	1	0	1	0	0	0	0
AF	0	0.124297	2	2	0	0	0	0	0
AF	0	0.124922	1	1	0	0	0	0	0
AF	0	0.125234	1	1	0	0	0	0	0
AF	0	0.125547	2	1	1	0	0	0	0
AF	0	0.126171	3	1	2	0	0	0	0
AF	0	0.126483	1	0	1	0	0	0	0
AF	0	0.126796	1	0	1	0	0	0	0
AF	0	0.127420	4	1	3	0	0	0	0
AF	0	0.127733	3	1	2	0	0	0	0
AF	0	0.128045	1	0	1	0	0	0	0
AF	0	0.128670	2	2	0	0	0	0	0
AF	0	0.128982	3	3	0	0	0	0	0
AF	0	0.129294	11	5	6	0	0	0	0
AF	0	0.129606	3	3	0	0	0	0	0
AF	0	0.129919	4	2	2	0	0	0	0
AF	0	0.130231	4	3	1	0	0	0	0
AF	0	0.130543	5	3	2	0	0	0	0
AF	0	0.131168	8	7	1	0	0	0	0
AF	0	0.131480	1	1	0	0	0	0	0
AF	0	0.131793	3	1	2	0	0	0	0
AF	0	0.132105	2	2	0	0	0	0	0
AF	0	0.133042	1	1	0	0	0	0	0
AF	0	0.133354	1	1	0	0	0	0	0
AF	0	0.133666	2	1	1	0	0	0	0
AF	0	0.134291	4	2	2	0	0	0	0
AF	0	0.134916	1	1	0	0	0	0	0
AF	0	0.135228	2	1	1	0	0	0	0
AF	0	0.137414	2	2	0	0	0	0	0
AF	0	0.137726	2	1	1	0	0	0	0
AF	0	0.138039	1	1	0	0	0	0	0
AF	0	0.139288	1	0	1	0	0	0	0
AF	0	0.139600	1	1	0	0	0	0	0
AF	0	0.140537	1	1	0	0	0	0	0
AF	0	0.141162	1	1	0	0	0	0	0
AF	0	0.141474	1	1	0	0	0	0	0
AF	0	0.141786	2	2	0	0	0	0	0
AF	0	0.142411	1	0	1	0	0	0	0
AF	0	0.143036	3	3	0	0	0	0	0
AF	0	0.143348	3	3	0	0	0	0	0
AF	0	0.143660	5	5	0	0	0	0	0
AF	0	0.143973	2	1	1	0	0	0	0
AF	0	0.144285	5	5	0	0	0	0	0
AF	0	0.144597	3	3	0	0	0	0	0
AF	0	0.144909	6	6	0	0	0	0	0
AF	0	0.145222	1	1	0	0	0	0	0
AF	0	0.145534	3	3	0	0	0	0	0
AF	0	0.145846	1	1	0	0	0	0	0
AF	0	0.146159	2	0	2	0	0	0	0
AF	0	0.146471	2	1	1	0	0	0	0
AF	0	0.146783	1	1	0	0	0	0	0
AF	0	0.147408	2	1	1	0	0	0	0
AF	0	0.147720	1	1	0	0	0	0	0
AF	0	0.148032	1	0	1	0	0	0	0
AF	0	0.148657	1	1	0	0	0	0	0
AF	0	0.149282	1	1	0	0	0	0	0
AF	0	0.150219	2	2	0	0	0	0	0
AF	0	0.150531	1	1	0	0	0	0	0
AF	0	0.151780	3	3	0	0	0	0	0
AF	0	0.152405	3	3	0	0	0	0	0
AF	0	0.153029	2	2	0	0	0	0	0
AF	0	0.154591	1	1	0	0	0	0	0
AF	0	0.154903	1	0	1	0	0	0	0
AF	0	0.155215	2	1	1	0	0	0	0
AF	0	0.155528	4	2	2	0	0	0	0
AF	0	0.155840	1	0	1	0	0	0	0
AF	0	0.156152	4	2	2	0	0	0	0
AF	0	0.157089	1	0	1	0	0	0	0
AF	0	0.157402	2	2	0	0	0	0	0
AF	0	0.157714	1	1	0	0	0	0	0
AF	0	0.158026	1	1	0	0	0	0	0
AF	0	0.158651	3	3	0	0	0	0	0
AF	0	0.159275	2	2	0	0	0	0	0
AF	0	0.160212	1	1	0	0	0	0	0
AF	0	0.160525	1	0	1	0	0	0	0
AF	0	0.160837	1	1	0	0	0	0	0
AF	0	0.161149	1	1	0	0	0	0	0
AF	0	0.161462	1	1	0	0	0	0	0
AF	0	0.161774	5	3	2	0	0	0	0
AF	0	0.162399	3	2	1	0	0	0	0
AF	0	0.163023	1	1	0	0	0	0	0
AF	0	0.163335	3	3	0	0	0	0	0
AF	0	0.163648	2	2	0	0	0	0	0
AF	0	0.163960	1	1	0	0	0	0	0
AF	0	0.164272	2	1	1	0	0	0	0
AF	0	0.164585	1	1	0	0	0	0	0
AF	0	0.164897	1	0	1	0	0	0	0
AF	0	0.165209	1	1	0	0	0	0	0
AF	0	0.165834	1	1	0	0	0	0	0
AF	0	0.166146	2	2	0	0	0	0	0
AF	0	0.166771	2	1	1	0	0	0	0
AF	0	0.167395	3	2	1	0	0	0	0
AF	0	0.168020	1	1	0	0	0	0	0
AF	0	0.168645	3	1	2	0	0	0	0
AF	0	0.168957	1	1	0	0	0	0	0
AF	0	0.169582	4	4	0	0	0	0	0
AF	0	0.169894	3	3	0	0	0	0	0
AF	0	0.170206	1	0	1	0	0	0	0
AF	0	0.170831	1	1	0	0	0	0	0
AF	0	0.171143	2	2	0	0	0	0	0
AF	0	0.171455	2	1	1	0	0	0	0
AF	0	0.171768	1	1	0	0	0	0	0
AF	0	0.172392	2	2	0	0	0	0	0
AF	0	0.172705	2	2	0	0	0	0	0
AF	0	0.173017	1	1	0	0	0	0	0
AF	0	0.173329	1	0	1	0	0	0	0
AF	0	0.173954	2	2	0	0	0	0	0
AF	0	0.174266	3	3	0	0	0	0	0
AF	0	0.174891	1	1	0	0	0	0	0
AF	0	0.175203	1	1	0	0	0	0	0
AF	0	0.175515	1	0	1	0	0	0	0
AF	0	0.175828	1	1	0	0	0	0	0
AF	0	0.176140	1	1	0	0	0	0	0
AF	0	0.176452	1	1	0	0	0	0	0
AF	0	0.176765	5	4	1	0	0	0	0
AF	0	0.177077	3	2	1	0	0	0	0
AF	0	0.177389	6	4	2	0	0	0	0
AF	0	0.177701	6	3	3	0	0	0	0
AF	0	0.178638	8	5	3	0	0	0	0
AF	0	0.178951	12	8	4	0	0	0	0
AF	0	0.179263	27	18	9	0	0	0	0
AF	0	0.179575	8	3	5	0	0	0	0
AF	0	0.179888	6	3	3	0	0	0	0
AF	0	0.180200	4	3	1	0	0	0	0
AF	0	0.180512	8	6	2	0	0	0	0
AF	0	0.180824	1	1	0	0	0	0	0
AF	0	0.181137	3	2	1	0	0	0	0
AF	0	0.181449	2	2	0	0	0	0	0
AF	0	0.181761	7	5	2	0	0	0	0
AF	0	0.182074	2	1	1	0	0	0	0
AF	0	0.182386	4	2	2	0	0	0	0
AF	0	0.182698	5	3	2	0	0	0	0
AF	0	0.183011	5	4	1	0	0	0	0
AF	0	0.183323	1	1	0	0	0	0	0
AF	0	0.183635	3	3	0	0	0	0	0
AF	0	0.183948	1	1	0	0	0	0	0
AF	0	0.184884	3	2	1	0	0	0	0
AF	0	0.185821	1	1	0	0	0	0	0
AF	0	0.186134	1	1	0	0	0	0	0
AF	0	0.186446	2	2	0	0	0	0	0
AF	0	0.186758	4	1	3	0	0	0	0
AF	0	0.187071	1	0	1	0	0	0	0
AF	0	0.187383	4	2	2	0	0	0	0
AF	0	0.187695	2	2	0	0	0	0	0
AF	0	0.188007	1	1	0	0	0	0	0
AF	0	0.188944	1	1	0	0	0	0	0
AF	0	0.189257	2	2	0	0	0	0	0
AF	0	0.189569	1	1	0	0	0	0	0
AF	0	0.190506	2	2	0	0	0	0	0
AF	0	0.191131	1	1	0	0	0	0	0
AF	0	0.191443	1	1	0	0	0	0	0
AF	0	0.191755	10	5	5	0	0	0	0
AF	0	0.192067	3	1	2	0	0	0	0
AF	0	0.192380	1	1	0	0	0	0	0
AF	0	0.193004	1	1	0	0	0	0	0
AF	0	0.193317	2	2	0	0	0	0	0
AF	0	0.193941	2	0	2	0	0	0	0
AF	0	0.194254	2	2	0	0	0	0	0
AF	0	0.195191	1	1	0	0	0	0	0
AF	0	0.195815	2	1	1	0	0	0	0
AF	0	0.196127	5	3	2	0	0	0	0
AF	0	0.196440	3	3	0	0	0	0	0
AF	0	0.197377	2	1	1	0	0	0	0
AF	0	0.197689	1	1	0	0	0	0	0
AF	0	0.198001	1	1	0	0	0	0	0
AF	0	0.198626	3	3	0	0	0	0	0
AF	0	0.199563	2	2	0	0	0	0	0
AF	0	0.200187	1	1	0	0	0	0	0
AF	0	0.200812	1	0	1	0	0	0	0
AF	0	0.201124	1	0	1	0	0	0	0
AF	0	0.201437	1	0	1	0	0	0	0
AF	0	0.201749	3	3	0	0	0	0	0
AF	0	0.202374	2	0	2	0	0	0	0
AF	0	0.202998	5	3	2	0	0	0	0
AF	0	0.203310	7	4	3	0	0	0	0
AF	0	0.203623	5	4	1	0	0	0	0
AF	0	0.203935	2	2	0	0	0	0	0
AF	0	0.204247	4	3	1	0	0	0	0
AF	0	0.204560	2	2	0	0	0	0	0
AF	0	0.205184	1	1	0	0	0	0	0
AF	0	0.205497	2	2	0	0	0	0	0
AF	0	0.205809	2	1	1	0	0	0	0
AF	0	0.206121	2	1	1	0	0	0	0
AF	0	0.207370	1	0	1	0	0	0	0
AF	0	0.207683	1	1	0	0	0	0	0
AF	0	0.208307	1	1	0	0	0	0	0
AF	0	0.208932	1	0	1	0	0	0	0
AF	0	0.211118	2	0	2	0	0	0	0
AF	0	0.212055	1	1	0	0	0	0	0
AF	0	0.213616	1	1	0	0	0	0	0
AF	0	0.213929	2	2	0	0	0	0	0
AF	0	0.214241	1	1	0	0	0	0	0
AF	0	0.214553	1	0	1	0	0	0	0
AF	0	0.214866	1	1	0	0	0	0	0
AF	0	0.215490	1	1	0	0	0	0	0
AF	0	0.216427	2	2	0	0	0	0	0
AF	0	0.217052	1	1	0	0	0	0	0
AF	0	0.217676	1	0	1	0	0	0	0
AF	0	0.217989	1	1	0	0	0	0	0
AF	0	0.218613	1	0	1	0	0	0	0
AF	0	0.218926	1	0	1	0	0	0	0
AF	0	0.219238	2	2	0	0	0	0	0
AF	0	0.219550	2	1	1	0	0	0	0
AF	0	0.219863	1	0	1	0	0	0	0
AF	0	0.220175	3	3	0	0	0	0	0
AF	0	0.220487	1	1	0	0	0	0	0
AF	0	0.220800	1	0	1	0	0	0	0
AF	0	0.221112	1	1	0	0	0	0	0
AF	0	0.221424	3	3	0	0	0	0	0
AF	0	0.221736	1	0	1	0	0	0	0
AF	0	0.222049	1	1	0	0	0	0	0
AF	0	0.222673	2	2	0	0	0	0	0
AF	0	0.223923	1	1	0	0	0	0	0
AF	0	0.224547	1	1	0	0	0	0	0
AF	0	0.225796	1	1	0	0	0	0	0
AF	0	0.226109	1	1	0	0	0	0	0
AF	0	0.226421	1	1	0	0	0	0	0
AF	0	0.227670	1	1	0	0	0	0	0
AF	0	0.227983	2	0	2	0	0	0	0
AF	0	0.228295	1	0	1	0	0	0	0
AF	0	0.228607	1	1	0	0	0	0	0
AF	0	0.230481	1	1	0	0	0	0	0
AF	0	0.230793	1	1	0	0	0	0	0
AF	0	0.231106	1	0	1	0	0	0	0
AF	0	0.232042	2	1	1	0	0	0	0
AF	0	0.232355	1	1	0	0	0	0	0
AF	0	0.232667	2	1	1	0	0	0	0
AF	0	0.233916	1	0	1	0	0	0	0
AF	0	0.235166	1	1	0	0	0	0	0
AF	0	0.236415	2	1	1	0	0	0	0
AF	0	0.237352	1	0	1	0	0	0	0
AF	0	0.237664	1	1	0	0	0	0	0
AF	0	0.238289	1	0	1	0	0	0	0
AF	0	0.238913	1	1	0	0	0	0	0
AF	0	0.239538	1	1	0	0	0	0	0
AF	0	0.240162	1	1	0	0	0	0	0
AF	0	0.240475	1	1	0	0	0	0	0
AF	0	0.240787	3	3	0	0	0	0	0
AF	0	0.241099	1	1	0	0	0	0	0
AF	0	0.241412	1	1	0	0	0	0	0
AF	0	0.241724	1	1	0	0	0	0	0
AF	0	0.242349	1	1	0	0	0	0	0
AF	0	0.243285	2	2	0	0	0	0	0
AF	0	0.243598	2	2	0	0	0	0	0
AF	0	0.243910	1	0	1	0	0	0	0
AF	0	0.244222	1	1	0	0	0	0	0
AF	0	0.244535	2	2	0	0	0	0	0
AF	0	0.245159	4	4	0	0	0	0	0
AF	0	0.246096	1	1	0	0	0	0	0
AF	0	0.247033	4	2	2	0	0	0	0
AF	0	0.247658	1	1	0	0	0	0	0
AF	0	0.247970	2	2	0	0	0	0	0
AF	0	0.248595	1	1	0	0	0	0	0
AF	0	0.248907	2	1	1	0	0	0	0
AF	0	0.250156	4	2	2	0	0	0	0
AF	0	0.250468	2	0	2	0	0	0	0
AF	0	0.250781	3	2	1	0	0	0	0
AF	0	0.251093	1	0	1	0	0	0	0
AF	0	0.251405	2	1	1	0	0	0	0
AF	0	0.252030	3	3	0	0	0	0	0
AF	0	0.252342	3	3	0	0	0	0	0
AF	0	0.252655	3	2	1	0	0	0	0
AF	0	0.253279	1	1	0	0	0	0	0
AF	0	0.254528	3	1	2	0	0	0	0
AF	0	0.256090	1	1	0	0	0	0	0
AF	0	0.256715	1	0	1	0	0	0	0
AF	0	0.257964	1	1	0	0	0	0	0
AF	0	0.258276	1	1	0	0	0	0	0
AF	0	0.260462	1	1	0	0	0	0	0
AF	0	0.261399	1	1	0	0	0	0	0
AF	0	0.261711	1	1	0	0	0	0	0
AF	0	0.262961	1	1	0	0	0	0	0
AF	0	0.263273	2	1	1	0	0	0	0
AF	0	0.265147	1	1	0	0	0	0	0
AF	0	0.265771	1	1	0	0	0	0	0
AF	0	0.266396	1	1	0	0	0	0	0
AF	0	0.267021	1	1	0	0	0	0	0
AF	0	0.267333	1	1	0	0	0	0	0
AF	0	0.267958	1	1	0	0	0	0	0
AF	0	0.269519	1	1	0	0	0	0	0
AF	0	0.270144	1	0	1	0	0	0	0
AF	0	0.273891	3	2	1	0	0	0	0
AF	0	0.274204	1	0	1	0	0	0	0
AF	0	0.274828	1	0	1	0	0	0	0
AF	0	0.275141	1	1	0	0	0	0	0
AF	0	0.275765	5	2	3	0	0	0	0
AF	0	0.276077	3	0	3	0	0	0	0
AF	0	0.276390	5	3	2	0	0	0	0
AF	0	0.277014	1	1	0	0	0	0	0
AF	0	0.278888	1	0	1	0	0	0	0
AF	0	0.279513	2	2	0	0	0	0	0
AF	0	0.280137	3	2	1	0	0	0	0
AF	0	0.280450	5	4	1	0	0	0	0
AF	0	0.280762	3	0	3	0	0	0	0
AF	0	0.281074	1	1	0	0	0	0	0
AF	0	0.281387	1	1	0	0	0	0	0
AF	0	0.281699	3	3	0	0	0	0	0
AF	0	0.282011	1	1	0	0	0	0	0
AF	0	0.282324	3	2	1	0	0	0	0
AF	0	0.282636	1	0	1	0	0	0	0
AF	0	0.282948	4	2	2	0	0	0	0
AF	0	0.283260	3	2	1	0	0	0	0
AF	0	0.283573	1	1	0	0	0	0	0
AF	0	0.283885	1	1	0	0	0	0	0
AF	0	0.284197	1	1	0	0	0	0	0
AF	0	0.284822	3	1	2	0	0	0	0
AF	0	0.285134	1	1	0	0	0	0	0
AF	0	0.285759	2	2	0	0	0	0	0
AF	0	0.286071	1	0	1	0	0	0	0
AF	0	0.287008	1	1	0	0	0	0	0
AF	0	0.287320	1	0	1	0	0	0	0
AF	0	0.287633	1	1	0	0	0	0	0
AF	0	0.288257	1	0	1	0	0	0	0
AF	0	0.288570	1	0	1	0	0	0	0
AF	0	0.288882	1	1	0	0	0	0	0
AF	0	0.289194	1	0	1	0	0	0	0
AF	0	0.289507	1	1	0	0	0	0	0
AF	0	0.289819	1	1	0	0	0	0	0
AF	0	0.290131	1	0	1	0	0	0	0
AF	0	0.291380	2	1	1	0	0	0	0
AF	0	0.292630	1	1	0	0	0	0	0
AF	0	0.292942	1	1	0	0	0	0	0
AF	0	0.293254	1	0	1	0	0	0	0
AF	0	0.293567	1	1	0	0	0	0	0
AF	0	0.294503	1	0	1	0	0	0	0
AF	0	0.295128	2	1	1	0	0	0	0
AF	0	0.296065	1	1	0	0	0	0	0
AF	0	0.296377	3	2	1	0	0	0	0
AF	0	0.296690	1	1	0	0	0	0	0
AF	0	0.297002	2	2	0	0	0	0	0
AF	0	0.297626	1	0	1	0	0	0	0
AF	0	0.299813	2	2	0	0	0	0	0
AF	0	0.301374	1	1	0	0	0	0	0
AF	0	0.301999	4	2	2	0	0	0	0
AF	0	0.302623	1	1	0	0	0	0	0
AF	0	0.302936	1	1	0	0	0	0	0
AF	0	0.303560	1	1	0	0	0	0	0
AF	0	0.304497	2	1	1	0	0	0	0
AF	0	0.305122	2	1	1	0	0	0	0
AF	0	0.305434	3	3	0	0	0	0	0
AF	0	0.305746	1	1	0	0	0	0	0
AF	0	0.306683	1	1	0	0	0	0	0
AF	0	0.306996	2	1	1	0	0	0	0
AF	0	0.307308	1	1	0	0	0	0	0
AF	0	0.307620	2	2	0	0	0	0	0
AF	0	0.308245	2	2	0	0	0	0	0
AF	0	0.308869	3	1	2	0	0	0	0
AF	0	0.309494	1	1	0	0	0	0	0
AF	0	0.310119	1	1	0	0	0	0	0
AF	0	0.310743	1	1	0	0	0	0	0
AF	0	0.311368	1	1	0	0	0	0	0
AF	0	0.311680	1	1	0	0	0	0	0
AF	0	0.311993	3	3	0	0	0	0	0
AF	0	0.312617	1	1	0	0	0	0	0
AF	0	0.313242	1	1	0	0	0	0	0
AF	0	0.313554	2	1	1	0	0	0	0
AF	0	0.313866	2	2	0	0	0	0	0
AF	0	0.314179	2	1	1	0	0	0	0
AF	0	0.314491	2	2	0	0	0	0	0
AF	0	0.314803	1	0	1	0	0	0	0
AF	0	0.315116	4	4	0	0	0	0	0
AF	0	0.315428	2	1	1	0	0	0	0
AF	0	0.315740	3	2	1	0	0	0	0
AF	0	0.316052	1	0	1	0	0	0	0
AF	0	0.316365	3	3	0	0	0	0	0
AF	0	0.316989	3	3	0	0	0	0	0
AF	0	0.317302	1	1	0	0	0	0	0
AF	0	0.317614	1	1	0	0	0	0	0
AF	0	0.318239	1	0	1	0	0	0	0
AF	0	0.318551	1	0	1	0	0	0	0
AF	0	0.318863	1	1	0	0	0	0	0
AF	0	0.319176	1	1	0	0	0	0	0
AF	0	0.319488	6	2	4	0	0	0	0
AF	0	0.320112	1	1	0	0	0	0	0
AF	0	0.320737	2	2	0	0	0	0	0
AF	0	0.321674	1	0	1	0	0	0	0
AF	0	0.322611	2	1	1	0	0	0	0
AF	0	0.322923	1	0	1	0	0	0	0
AF	0	0.323235	1	0	1	0	0	0	0
AF	0	0.323860	1	0	1	0	0	0	0
AF	0	0.324172	3	2	1	0	0	0	0
AF	0	0.324485	3	2	1	0	0	0	0
AF	0	0.324797	1	1	0	0	0	0	0
AF	0	0.325109	1	1	0	0	0	0	0
AF	0	0.325422	2	1	1	0	0	0	0
AF	0	0.325734	2	1	1	0	0	0	0
AF	0	0.327608	1	0	1	0	0	0	0
AF	0	0.327920	1	1	0	0	0	0	0
AF	0	0.328232	1	1	0	0	0	0	0
AF	0	0.328857	1	1	0	0	0	0	0
AF	0	0.329169	1	1	0	0	0	0	0
AF	0	0.330731	1	0	1	0	0	0	0
AF	0	0.331043	1	1	0	0	0	0	0
AF	0	0.331355	1	0	1	0	0	0	0
AF	0	0.331668	1	1	0	0	0	0	0
AF	0	0.331980	1	1	0	0	0	0	0
AF	0	0.332605	1	1	0	0	0	0	0
AF	0	0.332917	3	3	0	0	0	0	0
AF	0	0.333229	7	7	0	0	0	0	0
AF	0	0.333854	3	2	1	0	0	0	0
AF	0	0.335103	1	1	0	0	0	0	0
AF	0	0.336040	1	1	0	0	0	0	0
AF	0	0.336665	2	1	1	0	0	0	0
AF	0	0.337289	3	1	2	0	0	0	0
AF	0	0.338226	1	0	1	0	0	0	0
AF	0	0.339475	1	0	1	0	0	0	0
AF	0	0.340412	2	1	1	0	0	0	0
AF	0	0.341037	1	1	0	0	0	0	0
AF	0	0.341349	1	0	1	0	0	0	0
AF	0	0.341661	2	1	1	0	0	0	0
AF	0	0.342911	2	1	1	0	0	0	0
AF	0	0.343223	1	1	0	0	0	0	0
AF	0	0.343848	1	1	0	0	0	0	0
AF	0	0.344785	2	2	0	0	0	0	0
AF	0	0.346034	1	1	0	0	0	0	0
AF	0	0.346346	1	0	1	0	0	0	0
AF	0	0.346971	3	3	0	0	0	0	0
AF	0	0.347283	1	1	0	0	0	0	0
AF	0	0.347595	2	1	1	0	0	0	0
AF	0	0.348532	4	2	2	0	0	0	0
AF	0	0.349157	1	1	0	0	0	0	0
AF	0	0.349469	2	2	0	0	0	0	0
AF	0	0.349781	7	5	2	0	0	0	0
AF	0	0.350094	2	2	0	0	0	0	0
AF	0	0.351655	2	0	2	0	0	0	0
AF	0	0.351968	1	1	0	0	0	0	0
AF	0	0.352280	1	0	1	0	0	0	0
AF	0	0.354154	3	2	1	0	0	0	0
AF	0	0.354466	2	2	0	0	0	0	0
AF	0	0.356027	3	2	1	0	0	0	0
AF	0	0.356340	1	1	0	0	0	0	0
AF	0	0.357589	1	1	0	0	0	0	0
AF	0	0.358526	2	2	0	0	0	0	0
AF	0	0.359151	1	1	0	0	0	0	0
AF	0	0.359775	1	1	0	0	0	0	0
AF	0	0.361024	2	1	1	0	0	0	0
AF	0	0.362586	1	1	0	0	0	0	0
AF	0	0.363210	1	0	1	0	0	0	0
AF	0	0.364147	1	0	1	0	0	0	0
AF	0	0.364772	3	3	0	0	0	0	0
AF	0	0.366334	1	1	0	0	0	0	0
AF	0	0.367583	1	0	1	0	0	0	0
AF	0	0.367895	1	1	0	0	0	0	0
AF	0	0.369144	1	1	0	0	0	0	0
AF	0	0.369457	1	1	0	0	0	0	0
AF	0	0.370706	2	1	1	0	0	0	0
AF	0	0.371018	2	2	0	0	0	0	0
AF	0	0.371643	1	1	0	0	0	0	0
AF	0	0.372267	1	1	0	0	0	0	0
AF	0	0.372580	1	1	0	0	0	0	0
AF	0	0.372892	4	2	2	0	0	0	0
AF	0	0.373204	1	1	0	0	0	0	0
AF	0	0.373517	1	1	0	0	0	0	0
AF	0	0.373829	2	0	2	0	0	0	0
AF	0	0.374141	3	2	1	0	0	0	0
AF	0	0.374453	1	1	0	0	0	0	0
AF	0	0.374766	3	1	2	0	0	0	0
AF	0	0.377889	1	1	0	0	0	0	0
AF	0	0.378513	1	1	0	0	0	0	0
AF	0	0.379450	1	0	1	0	0	0	0
AF	0	0.380387	1	1	0	0	0	0	0
AF	0	0.381324	2	2	0	0	0	0	0
AF	0	0.381949	1	1	0	0	0	0	0
AF	0	0.384760	3	2	1	0	0	0	0
AF	0	0.385072	1	1	0	0	0	0	0
AF	0	0.385696	2	2	0	0	0	0	0
AF	0	0.386009	2	2	0	0	0	0	0
AF	0	0.386321	1	1	0	0	0	0	0
AF	0	0.387883	2	2	0	0	0	0	0
AF	0	0.388507	1	1	0	0	0	0	0
AF	0	0.389132	1	0	1	0	0	0	0
AF	0	0.389756	1	1	0	0	0	0	0
AF	0	0.391943	1	1	0	0	0	0	0
AF	0	0.394129	1	0	1	0	0	0	0
AF	0	0.394441	1	1	0	0	0	0	0
AF	0	0.396002	1	1	0	0	0	0	0
AF	0	0.398189	1	0	1	0	0	0	0
AF	0	0.398813	1	1	0	0	0	0	0
AF	0	0.400062	1	1	0	0	0	0	0
AF	0	0.401312	1	1	0	0	0	0	0
AF	0	0.402249	1	1	0	0	0	0	0
AF	0	0.402561	1	0	1	0	0	0	0
AF	0	0.403498	1	1	0	0	0	0	0
AF	0	0.404122	1	0	1	0	0	0	0
AF	0	0.404747	1	1	0	0	0	0	0
AF	0	0.405059	1	0	1	0	0	0	0
AF	0	0.405684	1	0	1	0	0	0	0
AF	0	0.407245	3	3	0	0	0	0	0
AF	0	0.407558	2	1	1	0	0	0	0
AF	0	0.407870	1	1	0	0	0	0	0
AF	0	0.408182	2	2	0	0	0	0	0
AF	0	0.408495	3	2	1	0	0	0	0
AF	0	0.409744	2	1	1	0	0	0	0
AF	0	0.410369	1	1	0	0	0	0	0
AF	0	0.410993	1	1	0	0	0	0	0
AF	0	0.414116	3	3	0	0	0	0	0
AF	0	0.414428	1	1	0	0	0	0	0
AF	0	0.416615	1	1	0	0	0	0	0
AF	0	0.417552	2	2	0	0	0	0	0
AF	0	0.417864	1	0	1	0	0	0	0
AF	0	0.419738	2	0	2	0	0	0	0
AF	0	0.420362	1	1	0	0	0	0	0
AF	0	0.420987	2	2	0	0	0	0	0
AF	0	0.421299	1	0	1	0	0	0	0
AF	0	0.421611	1	0	1	0	0	0	0
AF	0	0.422236	1	1	0	0	0	0	0
AF	0	0.424110	1	1	0	0	0	0	0
AF	0	0.424735	2	2	0	0	0	0	0
AF	0	0.425359	1	0	1	0	0	0	0
AF	0	0.425671	1	1	0	0	0	0	0
AF	0	0.425984	2	1	1	0	0	0	0
AF	0	0.427233	2	1	1	0	0	0	0
AF	0	0.428795	1	1	0	0	0	0	0
AF	0	0.430356	2	2	0	0	0	0	0
AF	0	0.430981	1	1	0	0	0	0	0
AF	0	0.433791	1	1	0	0	0	0	0
AF	0	0.434728	1	1	0	0	0	0	0
AF	0	0.437227	2	2	0	0	0	0	0
AF	0	0.437851	1	1	0	0	0	0	0
AF	0	0.439725	2	2	0	0	0	0	0
AF	0	0.440974	1	1	0	0	0	0	0
AF	0	0.441287	1	1	0	0	0	0	0
AF	0	0.441599	1	0	1	0	0	0	0
AF	0	0.442224	1	1	0	0	0	0	0
AF	0	0.442848	3	1	2	0	0	0	0
AF	0	0.443473	1	1	0	0	0	0	0
AF	0	0.445347	1	1	0	0	0	0	0
AF	0	0.446908	1	0	1	0	0	0	0
AF	0	0.448157	1	1	0	0	0	0	0
AF	0	0.449407	1	1	0	0	0	0	0
AF	0	0.450031	1	1	0	0	0	0	0
AF	0	0.450968	1	0	1	0	0	0	0
AF	0	0.451280	1	1	0	0	0	0	0
AF	0	0.451905	1	1	0	0	0	0	0
AF	0	0.452530	2	2	0	0	0	0	0
AF	0	0.452842	1	0	1	0	0	0	0
AF	0	0.454091	1	0	1	0	0	0	0
AF	0	0.456277	1	1	0	0	0	0	0
AF	0	0.456902	1	0	1	0	0	0	0
AF	0	0.457527	1	1	0	0	0	0	0
AF	0	0.458151	1	1	0	0	0	0	0
AF	0	0.461274	1	1	0	0	0	0	0
AF	0	0.466271	1	0	1	0	0	0	0
AF	0	0.466896	1	1	0	0	0	0	0
AF	0	0.467520	1	1	0	0	0	0	0
AF	0	0.468770	1	1	0	0	0	0	0
AF	0	0.469082	1	1	0	0	0	0	0
AF	0	0.469706	1	1	0	0	0	0	0
AF	0	0.470019	1	1	0	0	0	0	0
AF	0	0.470331	1	0	1	0	0	0	0
AF	0	0.471268	2	2	0	0	0	0	0
AF	0	0.471893	1	1	0	0	0	0	0
AF	0	0.472517	2	2	0	0	0	0	0
AF	0	0.473142	1	0	1	0	0	0	0
AF	0	0.474391	2	2	0	0	0	0	0
AF	0	0.475016	1	1	0	0	0	0	0
AF	0	0.475328	1	0	1	0	0	0	0
AF	0	0.475640	1	0	1	0	0	0	0
AF	0	0.475953	1	1	0	0	0	0	0
AF	0	0.476265	2	2	0	0	0	0	0
AF	0	0.477514	2	2	0	0	0	0	0
AF	0	0.477826	1	1	0	0	0	0	0
AF	0	0.478139	1	1	0	0	0	0	0
AF	0	0.478763	1	0	1	0	0	0	0
AF	0	0.479076	1	0	1	0	0	0	0
AF	0	0.479388	1	1	0	0	0	0	0
AF	0	0.480325	1	0	1	0	0	0	0
AF	0	0.480637	1	1	0	0	0	0	0
AF	0	0.481262	1	1	0	0	0	0	0
AF	0	0.483136	1	1	0	0	0	0	0
AF	0	0.483448	1	1	0	0	0	0	0
AF	0	0.484385	1	0	1	0	0	0	0
AF	0	0.485009	1	0	1	0	0	0	0
AF	0	0.485634	2	1	1	0	0	0	0
AF	0	0.485946	1	1	0	0	0	0	0
AF	0	0.486259	1	0	1	0	0	0	0
AF	0	0.488132	1	1	0	0	0	0	0
AF	0	0.488445	2	1	1	0	0	0	0
AF	0	0.488757	2	2	0	0	0	0	0
AF	0	0.490006	1	1	0	0	0	0	0
AF	0	0.490319	1	1	0	0	0	0	0
AF	0	0.490631	1	0	1	0	0	0	0
AF	0	0.494379	1	1	0	0	0	0	0
AF	0	0.495628	1	1	0	0	0	0	0
AF	0	0.496877	1	1	0	0	0	0	0
AF	0	0.497189	1	0	1	0	0	0	0
AF	0	0.497502	1	0	1	0	0	0	0
AF	0	0.498126	2	1	1	0	0	0	0
AF	0	0.500312	2	1	1	0	0	0	0
AF	0	0.501249	2	2	0	0	0	0	0
AF	0	0.503748	1	1	0	0	0	0	0
AF	0	0.504372	3	1	2	0	0	0	0
AF	0	0.505621	1	0	1	0	0	0	0
AF	0	0.506871	4	3	1	0	0	0	0
AF	0	0.507183	1	1	0	0	0	0	0
AF	0	0.508120	1	1	0	0	0	0	0
AF	0	0.509057	1	1	0	0	0	0	0
AF	0	0.509994	2	1	1	0	0	0	0
AF	0	0.511243	1	0	1	0	0	0	0
AF	0	0.511555	1	1	0	0	0	0	0
AF	0	0.511868	2	1	1	0	0	0	0
AF	0	0.512492	1	1	0	0	0	0	0
AF	0	0.513117	1	1	0	0	0	0	0
AF	0	0.513741	1	1	0	0	0	0	0
AF	0	0.514054	1	0	1	0	0	0	0
AF	0	0.514366	2	1	1	0	0	0	0
AF	0	0.515615	2	1	1	0	0	0	0
AF	0	0.516240	1	0	1	0	0	0	0
AF	0	0.516864	2	2	0	0	0	0	0
AF	0	0.518738	1	1	0	0	0	0	0
AF	0	0.520924	1	1	0	0	0	0	0
AF	0	0.521237	1	1	0	0	0	0	0
AF	0	0.525297	1	1	0	0	0	0	0
AF	0	0.526858	1	1	0	0	0	0	0
AF	0	0.528732	1	0	1	0	0	0	0
AF	0	0.529669	1	1	0	0	0	0	0
AF	0	0.532167	1	1	0	0	0	0	0
AF	0	0.532480	2	0	2	0	0	0	0
AF	0	0.533104	1	1	0	0	0	0	0
AF	0	0.533417	1	1	0	0	0	0	0
AF	0	0.535290	1	0	1	0	0	0	0
AF	0	0.536227	3	3	0	0	0	0	0
AF	0	0.536540	1	1	0	0	0	0	0
AF	0	0.538101	1	0	1	0	0	0	0
AF	0	0.539975	1	1	0	0	0	0	0
AF	0	0.540600	1	0	1	0	0	0	0
AF	0	0.541849	1	1	0	0	0	0	0
AF	0	0.542473	1	1	0	0	0	0	0
AF	0	0.544347	2	1	1	0	0	0	0
AF	0	0.544972	3	2	1	0	0	0	0
AF	0	0.545284	1	1	0	0	0	0	0
AF	0	0.545597	1	1	0	0	0	0	0
AF	0	0.545909	1	1	0	0	0	0	0
AF	0	0.546221	1	1	0	0	0	0	0
AF	0	0.546846	1	0	1	0	0	0	0
AF	0	0.547470	1	1	0	0	0	0	0
AF	0	0.548720	1	1	0	0	0	0	0
AF	0	0.549344	1	1	0	0	0	0	0
AF	0	0.550281	1	1	0	0	0	0	0
AF	0	0.550593	2	2	0	0	0	0	0
AF	0	0.551218	1	1	0	0	0	0	0
AF	0	0.552467	1	1	0	0	0	0	0
AF	0	0.552780	1	1	0	0	0	0	0
AF	0	0.553404	1	0	1	0	0	0	0
AF	0	0.554029	1	1	0	0	0	0	0
AF	0	0.555278	2	2	0	0	0	0	0
AF	0	0.555590	1	1	0	0	0	0	0
AF	0	0.556215	1	1	0	0	0	0	0
AF	0	0.557464	1	0	1	0	0	0	0
AF	0	0.558401	1	1	0	0	0	0	0
AF	0	0.559026	1	1	0	0	0	0	0
AF	0	0.559650	1	1	0	0	0	0	0
AF	0	0.560275	1	0	1	0	0	0	0
AF	0	0.561836	1	0	1	0	0	0	0
AF	0	0.562149	1	1	0	0	0	0	0
AF	0	0.567770	1	1	0	0	0	0	0
AF	0	0.569956	1	0	1	0	0	0	0
AF	0	0.570269	1	0	1	0	0	0	0
AF	0	0.571518	1	0	1	0	0	0	0
AF	0	0.572767	1	1	0	0	0	0	0
AF	0	0.575265	1	1	0	0	0	0	0
AF	0	0.577139	1	1	0	0	0	0	0
AF	0	0.579638	1	1	0	0	0	0	0
AF	0	0.582136	1	0	1	0	0	0	0
AF	0	0.584010	1	1	0	0	0	0	0
AF	0	0.586821	1	0	1	0	0	0	0
AF	0	0.588382	1	1	0	0	0	0	0
AF	0	0.589631	1	1	0	0	0	0	0
AF	0	0.589944	1	1	0	0	0	0	0
AF	0	0.590568	1	1	0	0	0	0	0
AF	0	0.591193	1	0	1	0	0	0	0
AF	0	0.593379	1	0	1	0	0	0	0
AF	0	0.594004	1	1	0	0	0	0	0
AF	0	0.595253	1	1	0	0	0	0	0
AF	0	0.596190	1	0	1	0	0	0	0
AF	0	0.596502	1	1	0	0	0	0	0
AF	0	0.600874	1	0	1	0	0	0	0
AF	0	0.602748	1	1	0	0	0	0	0
AF	0	0.606184	1	1	0	0	0	0	0
AF	0	0.608370	1	1	0	0	0	0	0
AF	0	0.610868	1	1	0	0	0	0	0
AF	0	0.613991	1	0	1	0	0	0	0
AF	0	0.614616	1	1	0	0	0	0	0
AF	0	0.615865	1	0	1	0	0	0	0
AF	0	0.616490	1	1	0	0	0	0	0
AF	0	0.619613	1	0	1	0	0	0	0
AF	0	0.623673	1	1	0	0	0	0	0
AF	0	0.623985	1	1	0	0	0	0	0
AF	0	0.627733	1	1	0	0	0	0	0
AF	0	0.628045	1	1	0	0	0	0	0
AF	0	0.628357	1	1	0	0	0	0	0
AF	0	0.628670	1	1	0	0	0	0	0
AF	0	0.628982	3	2	1	0	0	0	0
AF	0	0.629294	1	1	0	0	0	0	0
AF	0	0.629606	3	2	1	0	0	0	0
AF	0	0.630231	1	1	0	0	0	0	0
AF	0	0.631793	1	1	0	0	0	0	0
AF	0	0.632105	2	1	1	0	0	0	0
AF	0	0.632730	1	1	0	0	0	0	0
AF	0	0.635853	1	1	0	0	0	0	0
AF	0	0.636477	1	1	0	0	0	0	0
AF	0	0.637102	1	1	0	0	0	0	0
AF	0	0.638351	1	1	0	0	0	0	0
AF	0	0.640225	1	0	1	0	0	0	0
AF	0	0.640537	1	1	0	0	0	0	0
AF	0	0.640849	1	0	1	0	0	0	0
AF	0	0.641474	1	1	0	0	0	0	0
AF	0	0.643973	1	1	0	0	0	0	0
AF	0	0.644285	1	1	0	0	0	0	0
AF	0	0.645222	1	1	0	0	0	0	0
AF	0	0.646471	1	1	0	0	0	0	0
AF	0	0.648032	1	1	0	0	0	0	0
AF	0	0.648657	1	1	0	0	0	0	0
AF	0	0.648969	5	4	1	0	0	0	0
AF	0	0.649594	1	1	0	0	0	0	0
AF	0	0.650531	1	0	1	0	0	0	0
AF	0	0.650843	2	1	1	0	0	0	0
AF	0	0.651468	2	2	0	0	0	0	0
AF	0	0.652092	1	0	1	0	0	0	0
AF	0	0.653342	1	1	0	0	0	0	0
AF	0	0.653966	1	0	1	0	0	0	0
AF	0	0.654591	1	0	1	0	0	0	0
AF	0	0.654903	1	1	0	0	0	0	0
AF	0	0.655215	1	1	0	0	0	0	0
AF	0	0.655528	1	1	0	0	0	0	0
AF	0	0.656152	1	1	0	0	0	0	0
AF	0	0.656777	1	1	0	0	0	0	0
AF	0	0.658339	1	1	0	0	0	0	0
AF	0	0.658651	3	3	0	0	0	0	0
AF	0	0.659900	1	1	0	0	0	0	0
AF	0	0.662086	1	1	0	0	0	0	0
AF	0	0.662399	1	1	0	0	0	0	0
AF	0	0.663023	1	1	0	0	0	0	0
AF	0	0.663960	1	1	0	0	0	0	0
AF	0	0.664585	3	3	0	0	0	0	0
AF	0	0.666458	1	1	0	0	0	0	0
AF	0	0.666771	1	0	1	0	0	0	0
AF	0	0.667395	3	2	1	0	0	0	0
AF	0	0.668020	2	2	0	0	0	0	0
AF	0	0.670206	1	1	0	0	0	0	0
AF	0	0.670831	1	1	0	0	0	0	0
AF	0	0.674891	1	1	0	0	0	0	0
AF	0	0.676140	2	1	1	0	0	0	0
AF	0	0.676452	1	0	1	0	0	0	0
AF	0	0.676765	2	0	2	0	0	0	0
AF	0	0.678326	1	1	0	0	0	0	0
AF	0	0.679263	1	1	0	0	0	0	0
AF	0	0.679888	1	0	1	0	0	0	0
AF	0	0.680824	1	1	0	0	0	0	0
AF	0	0.681137	1	1	0	0	0	0	0
AF	0	0.681449	1	1	0	0	0	0	0
AF	0	0.682386	2	1	1	0	0	0	0
AF	0	0.683635	4	4	0	0	0	0	0
AF	0	0.683948	1	1	0	0	0	0	0
AF	0	0.684572	1	0	1	0	0	0	0
AF	0	0.685509	1	1	0	0	0	0	0
AF	0	0.686134	1	1	0	0	0	0	0
AF	0	0.686446	1	1	0	0	0	0	0
AF	0	0.686758	3	3	0	0	0	0	0
AF	0	0.687383	1	1	0	0	0	0	0
AF	0	0.688007	1	1	0	0	0	0	0
AF	0	0.688944	1	0	1	0	0	0	0
AF	0	0.691131	1	1	0	0	0	0	0
AF	0	0.692067	1	1	0	0	0	0	0
AF	0	0.693629	1	1	0	0	0	0	0
AF	0	0.693941	1	1	0	0	0	0	0
AF	0	0.694878	1	0	1	0	0	0	0
AF	0	0.696752	1	0	1	0	0	0	0
AF	0	0.698314	1	1	0	0	0	0	0
AF	0	0.698626	1	1	0	0	0	0	0
AF	0	0.702061	1	0	1	0	0	0	0
AF	0	0.702686	1	1	0	0	0	0	0
AF	0	0.704872	1	0	1	0	0	0	0
AF	0	0.705497	1	1	0	0	0	0	0
AF	0	0.708307	1	1	0	0	0	0	0
AF	0	0.708620	1	0	1	0	0	0	0
AF	0	0.710493	1	1	0	0	0	0	0
AF	0	0.711118	1	1	0	0	0	0	0
AF	0	0.712367	1	0	1	0	0	0	0
AF	0	0.713304	1	0	1	0	0	0	0
AF	0	0.714866	1	0	1	0	0	0	0
AF	0	0.715490	1	1	0	0	0	0	0
AF	0	0.715803	1	1	0	0	0	0	0
AF	0	0.716427	1	1	0	0	0	0	0
AF	0	0.716740	4	2	2	0	0	0	0
AF	0	0.717052	2	1	1	0	0	0	0
AF	0	0.717989	1	0	1	0	0	0	0
AF	0	0.718301	2	1	1	0	0	0	0
AF	0	0.718613	1	0	1	0	0	0	0
AF	0	0.719238	1	1	0	0	0	0	0
AF	0	0.720487	1	1	0	0	0	0	0
AF	0	0.721736	1	0	1	0	0	0	0
AF	0	0.723610	1	1	0	0	0	0	0
AF	0	0.723923	1	0	1	0	0	0	0
AF	0	0.724235	2	2	0	0	0	0	0
AF	0	0.724859	2	1	1	0	0	0	0
AF	0	0.725172	2	2	0	0	0	0	0
AF	0	0.725796	2	2	0	0	0	0	0
AF	0	0.726109	1	0	1	0	0	0	0
AF	0	0.726421	1	1	0	0	0	0	0
AF	0	0.727983	2	2	0	0	0	0	0
AF	0	0.728919	1	1	0	0	0	0	0
AF	0	0.732667	1	1	0	0	0	0	0
AF	0	0.733292	1	1	0	0	0	0	0
AF	0	0.733604	10	7	3	0	0	0	0
AF	0	0.733916	1	1	0	0	0	0	0
AF	0	0.734229	1	0	1	0	0	0	0
AF	0	0.735166	1	0	1	0	0	0	0
AF	0	0.736727	1	1	0	0	0	0	0
AF	0	0.738601	2	0	2	0	0	0	0
AF	0	0.740787	1	1	0	0	0	0	0
AF	0	0.741099	2	0	2	0	0	0	0
AF	0	0.741412	1	0	1	0	0	0	0
AF	0	0.742349	1	1	0	0	0	0	0
AF	0	0.744222	2	1	1	0	0	0	0
AF	0	0.744535	2	2	0	0	0	0	0
AF	0	0.745159	1	1	0	0	0	0	0
AF	0	0.746096	2	2	0	0	0	0	0
AF	0	0.746408	3	2	1	0	0	0	0
AF	0	0.746721	2	1	1	0	0	0	0
AF	0	0.747033	2	2	0	0	0	0	0
AF	0	0.747345	4	3	1	0	0	0	0
AF	0	0.747658	2	1	1	0	0	0	0
AF	0	0.747970	3	1	2	0	0	0	0
AF	0	0.749219	1	1	0	0	0	0	0
AF	0	0.749844	1	1	0	0	0	0	0
AF	0	0.750156	1	1	0	0	0	0	0
AF	0	0.751718	1	1	0	0	0	0	0
AF	0	0.756402	1	1	0	0	0	0	0
AF	0	0.757339	1	1	0	0	0	0	0
AF	0	0.757651	1	1	0	0	0	0	0
AF	0	0.757964	3	2	1	0	0	0	0
AF	0	0.761711	1	0	1	0	0	0	0
AF	0	0.762024	1	0	1	0	0	0	0
AF	0	0.762961	1	1	0	0	0	0	0
AF	0	0.764834	1	0	1	0	0	0	0
AF	0	0.765771	1	0	1	0	0	0	0
AF	0	0.767333	1	1	0	0	0	0	0
AF	0	0.768894	1	1	0	0	0	0	0
AF	0	0.769207	2	2	0	0	0	0	0
AF	0	0.769519	1	0	1	0	0	0	0
AF	0	0.771081	1	1	0	0	0	0	0
AF	0	0.776702	1	1	0	0	0	0	0
AF	0	0.777014	3	2	1	0	0	0	0
AF	0	0.777951	1	1	0	0	0	0	0
AF	0	0.778264	1	0	1	0	0	0	0
AF	0	0.778576	6	5	1	0	0	0	0
AF	0	0.778888	6	5	1	0	0	0	0
AF	0	0.779513	1	1	0	0	0	0	0
AF	0	0.779825	1	1	0	0	0	0	0
AF	0	0.792942	1	1	0	0	0	0	0
AF	0	0.798876	2	1	1	0	0	0	0
AF	0	0.803248	1	1	0	0	0	0	0
AF	0	0.806996	1	0	1	0	0	0	0
AF	0	0.810743	2	2	0	0	0	0	0
AF	0	0.812929	1	0	1	0	0	0	0
AF	0	0.813242	1	1	0	0	0	0	0
AF	0	0.821986	1	0	1	0	0	0	0
AF	0	0.822299	1	1	0	0	0	0	0
AF	0	0.827608	2	2	0	0	0	0	0
AF	0	0.833229	1	1	0	0	0	0	0
AF	0	0.836977	3	2	1	0	0	0	0
AF	0	0.838226	2	1	1	0	0	0	0
AF	0	0.839475	1	1	0	0	0	0	0
AF	0	0.840100	1	0	1	0	0	0	0
AF	0	0.840412	2	2	0	0	0	0	0
AF	0	0.840725	1	0	1	0	0	0	0
AF	0	0.846034	1	1	0	0	0	0	0
AF	0	0.848844	2	2	0	0	0	0	0
AF	0	0.851968	1	1	0	0	0	0	0
AF	0	0.858838	1	0	1	0	0	0	0
AF	0	0.859775	1	1	0	0	0	0	0
AF	0	0.865397	1	1	0	0	0	0	0
AF	0	0.865709	2	1	1	0	0	0	0
AF	0	0.866958	2	2	0	0	0	0	0
AF	0	0.867583	1	1	0	0	0	0	0
AF	0	0.868207	1	1	0	0	0	0	0
AF	0	0.868832	2	2	0	0	0	0	0
AF	0	0.869457	2	2	0	0	0	0	0
AF	0	0.869769	2	2	0	0	0	0	0
AF	0	0.870081	6	3	3	0	0	0	0
AF	0	0.871330	1	1	0	0	0	0	0
AF	0	0.873829	1	1	0	0	0	0	0
AF	0	0.874141	1	1	0	0	0	0	0
AF	0	0.876327	1	1	0	0	0	0	0
AF	0	0.877889	1	0	1	0	0	0	0
AF	0	0.878513	1	1	0	0	0	0	0
AF	0	0.878826	1	0	1	0	0	0	0
AF	0	0.879138	2	2	0	0	0	0	0
AF	0	0.879763	1	0	1	0	0	0	0
AF	0	0.881636	1	1	0	0	0	0	0
AF	0	0.886946	1	1	0	0	0	0	0
AF	0	0.893192	1	0	1	0	0	0	0
AF	0	0.893504	1	0	1	0	0	0	0
AF	0	0.894753	1	0	1	0	0	0	0
AF	0	0.896002	1	0	1	0	0	0	0
AF	0	0.903498	1	1	0	0	0	0	0
AF	0	0.903810	3	3	0	0	0	0	0
AF	0	0.904122	2	2	0	0	0	0	0
AF	0	0.904747	1	1	0	0	0	0	0
AF	0	0.905684	1	0	1	0	0	0	0
AF	0	0.906933	1	1	0	0	0	0	0
AF	0	0.908495	1	1	0	0	0	0	0
AF	0	0.909744	1	0	1	0	0	0	0
AF	0	0.914741	1	1	0	0	0	0	0
AF	0	0.917864	1	1	0	0	0	0	0
AF	0	0.920050	1	0	1	0	0	0	0
AF	0	0.920362	7	4	3	0	0	0	0
AF	0	0.924110	1	1	0	0	0	0	0
AF	0	0.924735	2	2	0	0	0	0	0
AF	0	0.935665	2	2	0	0	0	0	0
AF	0	0.935978	2	2	0	0	0	0	0
AF	0	0.936290	1	1	0	0	0	0	0
AF	0	0.938476	3	1	2	0	0	0	0
AF	0	0.939725	1	1	0	0	0	0	0
AF	0	0.940350	2	1	1	0	0	0	0
AF	0	0.940662	3	1	2	0	0	0	0
AF	0	0.941911	1	1	0	0	0	0	0
AF	0	0.942224	4	2	2	0	0	0	0
AF	0	0.944097	1	0	1	0	0	0	0
AF	0	0.944722	1	0	1	0	0	0	0
AF	0	0.945034	1	0	1	0	0	0	0
AF	0	0.945347	1	1	0	0	0	0	0
AF	0	0.948157	1	0	1	0	0	0	0
AF	0	0.950344	1	1	0	0	0	0	0
AF	0	0.959400	1	1	0	0	0	0	0
AF	0	0.961274	1	1	0	0	0	0	0
AF	0	0.962836	1	1	0	0	0	0	0
AF	0	0.967833	1	1	0	0	0	0	0
AF	0	0.970643	1	0	1	0	0	0	0
AF	0	0.972829	1	1	0	0	0	0	0
AF	0	0.973454	1	1	0	0	0	0	0
AF	0	0.974391	1	1	0	0	0	0	0
AF	0	0.975953	1	1	0	0	0	0	0
AF	0	0.977202	2	1	1	0	0	0	0
AF	0	0.977826	1	0	1	0	0	0	0
AF	0	0.979076	1	1	0	0	0	0	0
AF	0	0.979388	1	0	1	0	0	0	0
AF	0	0.980325	1	1	0	0	0	0	0
AF	0	0.982199	1	0	1	0	0	0	0
AF	0	0.985322	1	0	1	0	0	0	0
AF	0	0.991255	1	1	0	0	0	0	0
AF	0	0.992192	1	0	1	0	0	0	0
AF	0	0.992505	1	0	1	0	0	0	0
AF	0	0.994066	1	0	1	0	0	0	0
AF	0	0.995003	1	1	0	0	0	0	0
AF	0	0.995315	2	2	0	0	0	0	0
AF	0	0.997189	1	1	0	0	0	0	0
AF	0	0.997502	1	1	0	0	0	0	0
AF	0	0.999063	1	1	0	0	0	0	0
# QUAL, Stats by quality
# QUAL	[2]id	[3]Quality	[4]number of SNPs	[5]number of transitions (1st ALT)	[6]number of transversions (1st ALT)	[7]number of indels
QUAL	0	.	14670	10320	4350	0
# IDD, InDel distribution:
# IDD	[2]id	[3]length (deletions negative)	[4]number of sites	[5]number of genotypes	[6]mean VAF
# ST, Substitution types:
# ST	[2]id	[3]type	[4]count
ST	0	A>C	536
ST	0	A>G	1933
ST	0	A>T	466
ST	0	C>A	645
ST	0	C>G	586
ST	0	C>T	3258
ST	0	G>A	3001
ST	0	G>C	546
ST	0	G>T	573
ST	0	T>A	513
ST	0	T>C	2128
ST	0	T>G	485
# DP, Depth distribution
# DP	[2]id	[3]bin	[4]number of genotypes	[5]fraction of genotypes (%)	[6]number of sites	[7]fraction of sites (%)
  - Fix haploid genotypes in males...

Submit MakeDiploidMalesX finished successfully. Let's have a beer, buddy!

