Submit MakeDiploidMalesX
version 1.1.6 (2024-09-30)

These are the settings:
  Input file................: /hpc/local/Rocky8/dhl_ec/software/MonopogenLite/resources/1kGP_high_coverage_Illumina.SNVonly_poly.filtered_AF_5e-04.norm.fixvariantid.chrX.vcf.gz
  Output file...............: /hpc/local/Rocky8/dhl_ec/software/MonopogenLite/resources/1kGP_high_coverage_Illumina.SNVonly_poly.filtered_AF_5e-04.norm.fixvariantid.makediploid.chrX.vcf.gz
  Chunk size................: 100

  SLURM CPUs................: 4
  SLURM Array ID............: 66 (of 100)
  SLURM memory..............: 16G
  SLURM time................: 01:00:00
  SLURM mail type...........: FAIL
  SLURM mail user...........: s.w.vanderlaan-2@umcutrecht.nl

  Dry run mode..............: 0
  Debug mode................: 1
  Verbosity.................: 0
  Version...................: 1.1.6 (2024-09-30)

Making converting haploid genotypes to diploid genotypes.
> Extract the region for this SLURM task (# 66) from the BED file.
  - Get the chunk number from the SLURM array task ID and the bed file...
DEBUG: Extracting chunk number: 66p from 66
DEBUG: Extracting region from BED file: /hpc/local/Rocky8/dhl_ec/software/MonopogenLite/resources/chrX_100pieces.bed
  - Extract the region from the BED file...
DEBUG: Extracted raw region: 'chrX	101426521	102986928' (chunk #: 66p of 100 for job 66)
  - Check if a valid region was extracted -- should be 'chrX	101426521	102986928'...
  - Prepare the region for bcftools...
  - Check if the region (chrX:101426521-102986928) was successfully extracted...
> Processing region 'chrX:101426521-102986928'...
  - Process the specific region (chunk# 66) using bcftools view...
  - Index the VCF file...
DEBUG: Check if the VCF file was successfully processed...
##fileformat=VCFv4.2
##FILTER=<ID=PASS,Description="All filters passed">
##fileDate=29/01/2022 - 14:31:41
##source=shapeit4.2.2
##contig=<ID=chr1,length=248956422>
##contig=<ID=chr2,length=242193529>
##contig=<ID=chr3,length=198295559>
##contig=<ID=chr4,length=190214555>
##contig=<ID=chr5,length=181538259>
##contig=<ID=chr6,length=170805979>
# This file was produced by bcftools stats (1.20+htslib-1.20) and can be plotted using plot-vcfstats.
# The command line was:	bcftools stats  /hpc/local/Rocky8/dhl_ec/software/MonopogenLite/resources/chrX.part66.vcf.gz
#
# Definition of sets:
# ID	[2]id	[3]tab-separated file names
ID	0	/hpc/local/Rocky8/dhl_ec/software/MonopogenLite/resources/chrX.part66.vcf.gz
# SN, Summary numbers:
#   number of records   .. number of data rows in the VCF
#   number of no-ALTs   .. reference-only sites, ALT is either "." or identical to REF
#   number of SNPs      .. number of rows with a SNP
#   number of MNPs      .. number of rows with a MNP, such as CC>TT
#   number of indels    .. number of rows with an indel
#   number of others    .. number of rows with other type, for example a symbolic allele or
#                          a complex substitution, such as ACT>TCGA
#   number of multiallelic sites     .. number of rows with multiple alternate alleles
#   number of multiallelic SNP sites .. number of rows with multiple alternate alleles, all SNPs
# 
#   Note that rows containing multiple types will be counted multiple times, in each
#   counter. For example, a row with a SNP and an indel increments both the SNP and
#   the indel counter.
# 
# SN	[2]id	[3]key	[4]value
SN	0	number of samples:	3202
SN	0	number of records:	12415
SN	0	number of no-ALTs:	0
SN	0	number of SNPs:	12415
SN	0	number of MNPs:	0
SN	0	number of indels:	0
SN	0	number of others:	0
SN	0	number of multiallelic sites:	0
SN	0	number of multiallelic SNP sites:	0
# TSTV, transitions/transversions:
# TSTV	[2]id	[3]ts	[4]tv	[5]ts/tv	[6]ts (1st ALT)	[7]tv (1st ALT)	[8]ts/tv (1st ALT)
TSTV	0	8324	4091	2.03	8324	4091	2.03
# SiS, Singleton stats:
# SiS	[2]id	[3]allele count	[4]number of SNPs	[5]number of transitions	[6]number of transversions	[7]number of indels	[8]repeat-consistent	[9]repeat-inconsistent	[10]not applicable
SiS	0	1	0	0	0	0	0	0	0
# AF, Stats by non-reference allele frequency:
# AF	[2]id	[3]allele frequency	[4]number of SNPs	[5]number of transitions	[6]number of transversions	[7]number of indels	[8]repeat-consistent	[9]repeat-inconsistent	[10]not applicable
AF	0	0.000312	2032	1354	678	0	0	0	0
AF	0	0.000625	1216	833	383	0	0	0	0
AF	0	0.000937	1585	1067	518	0	0	0	0
AF	0	0.001249	556	372	184	0	0	0	0
AF	0	0.001562	643	415	228	0	0	0	0
AF	0	0.001874	229	155	74	0	0	0	0
AF	0	0.002186	416	268	148	0	0	0	0
AF	0	0.002498	156	105	51	0	0	0	0
AF	0	0.002811	241	158	83	0	0	0	0
AF	0	0.003123	113	79	34	0	0	0	0
AF	0	0.003435	206	125	81	0	0	0	0
AF	0	0.003748	82	55	27	0	0	0	0
AF	0	0.004060	129	93	36	0	0	0	0
AF	0	0.004372	54	38	16	0	0	0	0
AF	0	0.004685	113	72	41	0	0	0	0
AF	0	0.004997	45	30	15	0	0	0	0
AF	0	0.005309	90	60	30	0	0	0	0
AF	0	0.005621	62	44	18	0	0	0	0
AF	0	0.005934	88	62	26	0	0	0	0
AF	0	0.006246	35	20	15	0	0	0	0
AF	0	0.006558	100	63	37	0	0	0	0
AF	0	0.006871	21	15	6	0	0	0	0
AF	0	0.007183	65	41	24	0	0	0	0
AF	0	0.007495	28	16	12	0	0	0	0
AF	0	0.007808	59	38	21	0	0	0	0
AF	0	0.008120	24	18	6	0	0	0	0
AF	0	0.008432	142	94	48	0	0	0	0
AF	0	0.008745	28	16	12	0	0	0	0
AF	0	0.009057	42	33	9	0	0	0	0
AF	0	0.009369	15	10	5	0	0	0	0
AF	0	0.009681	32	21	11	0	0	0	0
AF	0	0.009994	14	12	2	0	0	0	0
AF	0	0.010306	31	21	10	0	0	0	0
AF	0	0.010618	12	8	4	0	0	0	0
AF	0	0.010931	25	15	10	0	0	0	0
AF	0	0.011243	13	10	3	0	0	0	0
AF	0	0.011555	24	20	4	0	0	0	0
AF	0	0.011868	10	7	3	0	0	0	0
AF	0	0.012180	16	14	2	0	0	0	0
AF	0	0.012492	17	8	9	0	0	0	0
AF	0	0.012804	16	13	3	0	0	0	0
AF	0	0.013117	6	4	2	0	0	0	0
AF	0	0.013429	14	12	2	0	0	0	0
AF	0	0.013741	9	8	1	0	0	0	0
AF	0	0.014054	136	97	39	0	0	0	0
AF	0	0.014366	141	83	58	0	0	0	0
AF	0	0.014678	65	43	22	0	0	0	0
AF	0	0.014991	13	11	2	0	0	0	0
AF	0	0.015303	32	24	8	0	0	0	0
AF	0	0.015615	33	28	5	0	0	0	0
AF	0	0.015928	25	17	8	0	0	0	0
AF	0	0.016240	24	15	9	0	0	0	0
AF	0	0.016552	51	30	21	0	0	0	0
AF	0	0.016864	14	11	3	0	0	0	0
AF	0	0.017177	37	27	10	0	0	0	0
AF	0	0.017489	17	14	3	0	0	0	0
AF	0	0.017801	55	41	14	0	0	0	0
AF	0	0.018114	5	4	1	0	0	0	0
AF	0	0.018426	22	16	6	0	0	0	0
AF	0	0.018738	30	20	10	0	0	0	0
AF	0	0.019051	27	19	8	0	0	0	0
AF	0	0.019363	15	9	6	0	0	0	0
AF	0	0.019675	57	38	19	0	0	0	0
AF	0	0.019988	6	5	1	0	0	0	0
AF	0	0.020300	15	12	3	0	0	0	0
AF	0	0.020612	4	3	1	0	0	0	0
AF	0	0.020924	10	7	3	0	0	0	0
AF	0	0.021237	6	5	1	0	0	0	0
AF	0	0.021549	20	15	5	0	0	0	0
AF	0	0.021861	5	5	0	0	0	0	0
AF	0	0.022174	8	6	2	0	0	0	0
AF	0	0.022486	4	1	3	0	0	0	0
AF	0	0.022798	28	19	9	0	0	0	0
AF	0	0.023111	5	2	3	0	0	0	0
AF	0	0.023423	19	14	5	0	0	0	0
AF	0	0.023735	3	3	0	0	0	0	0
AF	0	0.024047	13	8	5	0	0	0	0
AF	0	0.024360	6	3	3	0	0	0	0
AF	0	0.024672	16	13	3	0	0	0	0
AF	0	0.024984	4	3	1	0	0	0	0
AF	0	0.025297	25	15	10	0	0	0	0
AF	0	0.025609	2	1	1	0	0	0	0
AF	0	0.025921	12	7	5	0	0	0	0
AF	0	0.026234	6	5	1	0	0	0	0
AF	0	0.026546	15	14	1	0	0	0	0
AF	0	0.026858	8	6	2	0	0	0	0
AF	0	0.027171	19	13	6	0	0	0	0
AF	0	0.027483	15	13	2	0	0	0	0
AF	0	0.027795	36	24	12	0	0	0	0
AF	0	0.028107	7	5	2	0	0	0	0
AF	0	0.028420	14	9	5	0	0	0	0
AF	0	0.028732	13	11	2	0	0	0	0
AF	0	0.029044	13	6	7	0	0	0	0
AF	0	0.029357	4	2	2	0	0	0	0
AF	0	0.029669	22	12	10	0	0	0	0
AF	0	0.029981	10	5	5	0	0	0	0
AF	0	0.030294	11	8	3	0	0	0	0
AF	0	0.030606	1	0	1	0	0	0	0
AF	0	0.030918	3	0	3	0	0	0	0
AF	0	0.031543	18	11	7	0	0	0	0
AF	0	0.031855	5	3	2	0	0	0	0
AF	0	0.032167	3	3	0	0	0	0	0
AF	0	0.032480	4	2	2	0	0	0	0
AF	0	0.032792	8	6	2	0	0	0	0
AF	0	0.033104	9	5	4	0	0	0	0
AF	0	0.033417	6	3	3	0	0	0	0
AF	0	0.033729	3	1	2	0	0	0	0
AF	0	0.034041	5	3	2	0	0	0	0
AF	0	0.034354	2	0	2	0	0	0	0
AF	0	0.034666	7	6	1	0	0	0	0
AF	0	0.034978	3	3	0	0	0	0	0
AF	0	0.035290	4	2	2	0	0	0	0
AF	0	0.035603	5	3	2	0	0	0	0
AF	0	0.035915	3	3	0	0	0	0	0
AF	0	0.036227	3	2	1	0	0	0	0
AF	0	0.036540	12	8	4	0	0	0	0
AF	0	0.036852	2	2	0	0	0	0	0
AF	0	0.037164	3	1	2	0	0	0	0
AF	0	0.037477	1	1	0	0	0	0	0
AF	0	0.037789	11	8	3	0	0	0	0
AF	0	0.038101	2	2	0	0	0	0	0
AF	0	0.038413	4	3	1	0	0	0	0
AF	0	0.038726	3	3	0	0	0	0	0
AF	0	0.039038	3	2	1	0	0	0	0
AF	0	0.039350	3	2	1	0	0	0	0
AF	0	0.039663	17	14	3	0	0	0	0
AF	0	0.039975	3	2	1	0	0	0	0
AF	0	0.040287	13	6	7	0	0	0	0
AF	0	0.040600	9	8	1	0	0	0	0
AF	0	0.040912	16	11	5	0	0	0	0
AF	0	0.041224	8	5	3	0	0	0	0
AF	0	0.041537	6	5	1	0	0	0	0
AF	0	0.041849	1	0	1	0	0	0	0
AF	0	0.042161	2	1	1	0	0	0	0
AF	0	0.042473	2	2	0	0	0	0	0
AF	0	0.042786	3	2	1	0	0	0	0
AF	0	0.043098	7	6	1	0	0	0	0
AF	0	0.043410	14	10	4	0	0	0	0
AF	0	0.043723	2	1	1	0	0	0	0
AF	0	0.044035	3	3	0	0	0	0	0
AF	0	0.044660	3	2	1	0	0	0	0
AF	0	0.044972	2	1	1	0	0	0	0
AF	0	0.045284	4	3	1	0	0	0	0
AF	0	0.045597	1	1	0	0	0	0	0
AF	0	0.045909	8	4	4	0	0	0	0
AF	0	0.046221	5	1	4	0	0	0	0
AF	0	0.046533	6	4	2	0	0	0	0
AF	0	0.046846	7	6	1	0	0	0	0
AF	0	0.047158	5	4	1	0	0	0	0
AF	0	0.047470	5	2	3	0	0	0	0
AF	0	0.047783	16	8	8	0	0	0	0
AF	0	0.048095	8	6	2	0	0	0	0
AF	0	0.048407	15	9	6	0	0	0	0
AF	0	0.048720	2	2	0	0	0	0	0
AF	0	0.049032	7	4	3	0	0	0	0
AF	0	0.049344	7	6	1	0	0	0	0
AF	0	0.049656	7	5	2	0	0	0	0
AF	0	0.049969	1	0	1	0	0	0	0
AF	0	0.050281	8	4	4	0	0	0	0
AF	0	0.050593	2	1	1	0	0	0	0
AF	0	0.051218	2	1	1	0	0	0	0
AF	0	0.051530	1	1	0	0	0	0	0
AF	0	0.052155	1	1	0	0	0	0	0
AF	0	0.052467	1	0	1	0	0	0	0
AF	0	0.052780	4	3	1	0	0	0	0
AF	0	0.053092	1	0	1	0	0	0	0
AF	0	0.053404	7	6	1	0	0	0	0
AF	0	0.053716	2	1	1	0	0	0	0
AF	0	0.054029	2	2	0	0	0	0	0
AF	0	0.054653	1	0	1	0	0	0	0
AF	0	0.054966	1	1	0	0	0	0	0
AF	0	0.055278	1	1	0	0	0	0	0
AF	0	0.055590	1	1	0	0	0	0	0
AF	0	0.055903	2	0	2	0	0	0	0
AF	0	0.056527	4	2	2	0	0	0	0
AF	0	0.057152	10	6	4	0	0	0	0
AF	0	0.057464	5	3	2	0	0	0	0
AF	0	0.057776	4	4	0	0	0	0	0
AF	0	0.058089	4	1	3	0	0	0	0
AF	0	0.058401	9	8	1	0	0	0	0
AF	0	0.058713	13	12	1	0	0	0	0
AF	0	0.059026	8	6	2	0	0	0	0
AF	0	0.059338	2	0	2	0	0	0	0
AF	0	0.059650	12	10	2	0	0	0	0
AF	0	0.059963	3	1	2	0	0	0	0
AF	0	0.060275	11	10	1	0	0	0	0
AF	0	0.060587	3	2	1	0	0	0	0
AF	0	0.060899	1	1	0	0	0	0	0
AF	0	0.061212	2	1	1	0	0	0	0
AF	0	0.061524	5	4	1	0	0	0	0
AF	0	0.061836	9	5	4	0	0	0	0
AF	0	0.062149	19	12	7	0	0	0	0
AF	0	0.062461	3	3	0	0	0	0	0
AF	0	0.062773	6	3	3	0	0	0	0
AF	0	0.063086	1	1	0	0	0	0	0
AF	0	0.063398	9	4	5	0	0	0	0
AF	0	0.063710	9	4	5	0	0	0	0
AF	0	0.064022	5	2	3	0	0	0	0
AF	0	0.064335	1	1	0	0	0	0	0
AF	0	0.064647	8	5	3	0	0	0	0
AF	0	0.064959	13	7	6	0	0	0	0
AF	0	0.065272	4	3	1	0	0	0	0
AF	0	0.065584	1	1	0	0	0	0	0
AF	0	0.066209	1	0	1	0	0	0	0
AF	0	0.066521	6	5	1	0	0	0	0
AF	0	0.066833	1	1	0	0	0	0	0
AF	0	0.067146	2	0	2	0	0	0	0
AF	0	0.067458	1	1	0	0	0	0	0
AF	0	0.068082	1	0	1	0	0	0	0
AF	0	0.069019	2	2	0	0	0	0	0
AF	0	0.069644	1	0	1	0	0	0	0
AF	0	0.070269	4	1	3	0	0	0	0
AF	0	0.071518	1	1	0	0	0	0	0
AF	0	0.071830	1	1	0	0	0	0	0
AF	0	0.072142	1	1	0	0	0	0	0
AF	0	0.072767	3	2	1	0	0	0	0
AF	0	0.074016	4	3	1	0	0	0	0
AF	0	0.074329	1	0	1	0	0	0	0
AF	0	0.074641	1	0	1	0	0	0	0
AF	0	0.075265	3	2	1	0	0	0	0
AF	0	0.075578	1	1	0	0	0	0	0
AF	0	0.075890	3	2	1	0	0	0	0
AF	0	0.076202	3	3	0	0	0	0	0
AF	0	0.076515	7	4	3	0	0	0	0
AF	0	0.076827	3	3	0	0	0	0	0
AF	0	0.077139	2	0	2	0	0	0	0
AF	0	0.077452	2	2	0	0	0	0	0
AF	0	0.077764	63	41	22	0	0	0	0
AF	0	0.078076	24	16	8	0	0	0	0
AF	0	0.078389	20	14	6	0	0	0	0
AF	0	0.078701	1	0	1	0	0	0	0
AF	0	0.079013	1	1	0	0	0	0	0
AF	0	0.079638	1	1	0	0	0	0	0
AF	0	0.079950	1	0	1	0	0	0	0
AF	0	0.080262	2	2	0	0	0	0	0
AF	0	0.080575	3	2	1	0	0	0	0
AF	0	0.080887	10	7	3	0	0	0	0
AF	0	0.081512	6	6	0	0	0	0	0
AF	0	0.081824	2	1	1	0	0	0	0
AF	0	0.082448	3	3	0	0	0	0	0
AF	0	0.082761	4	2	2	0	0	0	0
AF	0	0.083073	1	1	0	0	0	0	0
AF	0	0.083698	1	1	0	0	0	0	0
AF	0	0.084010	4	3	1	0	0	0	0
AF	0	0.084322	2	1	1	0	0	0	0
AF	0	0.085259	1	1	0	0	0	0	0
AF	0	0.085572	1	1	0	0	0	0	0
AF	0	0.085884	5	1	4	0	0	0	0
AF	0	0.086196	3	2	1	0	0	0	0
AF	0	0.086508	8	3	5	0	0	0	0
AF	0	0.087133	2	1	1	0	0	0	0
AF	0	0.087445	2	2	0	0	0	0	0
AF	0	0.087758	3	1	2	0	0	0	0
AF	0	0.088070	1	1	0	0	0	0	0
AF	0	0.088382	4	2	2	0	0	0	0
AF	0	0.088695	2	2	0	0	0	0	0
AF	0	0.089007	2	1	1	0	0	0	0
AF	0	0.089631	1	0	1	0	0	0	0
AF	0	0.089944	1	1	0	0	0	0	0
AF	0	0.090256	2	0	2	0	0	0	0
AF	0	0.090568	1	1	0	0	0	0	0
AF	0	0.090881	8	8	0	0	0	0	0
AF	0	0.091193	1	0	1	0	0	0	0
AF	0	0.092442	1	0	1	0	0	0	0
AF	0	0.092755	2	2	0	0	0	0	0
AF	0	0.093379	6	3	3	0	0	0	0
AF	0	0.093691	2	1	1	0	0	0	0
AF	0	0.094004	1	1	0	0	0	0	0
AF	0	0.094941	2	1	1	0	0	0	0
AF	0	0.095565	2	2	0	0	0	0	0
AF	0	0.095878	1	1	0	0	0	0	0
AF	0	0.096502	2	2	0	0	0	0	0
AF	0	0.096814	1	0	1	0	0	0	0
AF	0	0.097127	2	2	0	0	0	0	0
AF	0	0.097439	1	1	0	0	0	0	0
AF	0	0.097751	1	0	1	0	0	0	0
AF	0	0.098064	1	1	0	0	0	0	0
AF	0	0.098376	3	2	1	0	0	0	0
AF	0	0.098688	2	1	1	0	0	0	0
AF	0	0.099001	2	2	0	0	0	0	0
AF	0	0.099625	1	0	1	0	0	0	0
AF	0	0.099938	1	0	1	0	0	0	0
AF	0	0.100250	11	8	3	0	0	0	0
AF	0	0.100562	12	7	5	0	0	0	0
AF	0	0.100874	14	11	3	0	0	0	0
AF	0	0.101187	4	2	2	0	0	0	0
AF	0	0.101499	2	2	0	0	0	0	0
AF	0	0.102124	2	2	0	0	0	0	0
AF	0	0.102748	3	1	2	0	0	0	0
AF	0	0.103061	3	2	1	0	0	0	0
AF	0	0.103998	2	2	0	0	0	0	0
AF	0	0.104622	2	1	1	0	0	0	0
AF	0	0.106184	1	1	0	0	0	0	0
AF	0	0.106496	2	1	1	0	0	0	0
AF	0	0.107121	1	0	1	0	0	0	0
AF	0	0.107745	1	1	0	0	0	0	0
AF	0	0.108370	3	2	1	0	0	0	0
AF	0	0.108682	1	0	1	0	0	0	0
AF	0	0.108994	1	1	0	0	0	0	0
AF	0	0.109307	1	1	0	0	0	0	0
AF	0	0.110244	2	2	0	0	0	0	0
AF	0	0.110556	1	0	1	0	0	0	0
AF	0	0.110868	1	1	0	0	0	0	0
AF	0	0.111181	2	2	0	0	0	0	0
AF	0	0.111493	4	2	2	0	0	0	0
AF	0	0.111805	16	8	8	0	0	0	0
AF	0	0.112117	8	5	3	0	0	0	0
AF	0	0.112430	9	7	2	0	0	0	0
AF	0	0.112742	4	3	1	0	0	0	0
AF	0	0.113054	12	10	2	0	0	0	0
AF	0	0.113367	9	7	2	0	0	0	0
AF	0	0.113679	13	9	4	0	0	0	0
AF	0	0.113991	1	0	1	0	0	0	0
AF	0	0.114304	1	0	1	0	0	0	0
AF	0	0.114616	3	1	2	0	0	0	0
AF	0	0.114928	5	2	3	0	0	0	0
AF	0	0.115240	3	2	1	0	0	0	0
AF	0	0.115553	9	7	2	0	0	0	0
AF	0	0.115865	6	4	2	0	0	0	0
AF	0	0.116177	9	4	5	0	0	0	0
AF	0	0.116490	2	1	1	0	0	0	0
AF	0	0.116802	1	1	0	0	0	0	0
AF	0	0.117114	2	2	0	0	0	0	0
AF	0	0.117427	4	3	1	0	0	0	0
AF	0	0.118051	4	3	1	0	0	0	0
AF	0	0.118676	2	2	0	0	0	0	0
AF	0	0.119300	5	3	2	0	0	0	0
AF	0	0.119613	1	1	0	0	0	0	0
AF	0	0.119925	1	1	0	0	0	0	0
AF	0	0.121487	1	1	0	0	0	0	0
AF	0	0.121799	1	1	0	0	0	0	0
AF	0	0.122111	1	1	0	0	0	0	0
AF	0	0.122423	1	1	0	0	0	0	0
AF	0	0.123048	1	0	1	0	0	0	0
AF	0	0.123360	2	2	0	0	0	0	0
AF	0	0.123673	3	1	2	0	0	0	0
AF	0	0.124297	4	3	1	0	0	0	0
AF	0	0.124610	1	1	0	0	0	0	0
AF	0	0.124922	2	2	0	0	0	0	0
AF	0	0.126171	1	0	1	0	0	0	0
AF	0	0.126796	1	1	0	0	0	0	0
AF	0	0.127420	2	1	1	0	0	0	0
AF	0	0.127733	3	2	1	0	0	0	0
AF	0	0.128045	19	12	7	0	0	0	0
AF	0	0.128357	5	4	1	0	0	0	0
AF	0	0.128670	6	5	1	0	0	0	0
AF	0	0.128982	3	1	2	0	0	0	0
AF	0	0.129606	1	1	0	0	0	0	0
AF	0	0.129919	2	1	1	0	0	0	0
AF	0	0.130856	1	0	1	0	0	0	0
AF	0	0.131168	4	4	0	0	0	0	0
AF	0	0.131480	2	0	2	0	0	0	0
AF	0	0.131793	18	14	4	0	0	0	0
AF	0	0.132105	5	2	3	0	0	0	0
AF	0	0.132417	14	10	4	0	0	0	0
AF	0	0.132730	15	11	4	0	0	0	0
AF	0	0.133042	29	16	13	0	0	0	0
AF	0	0.133354	7	4	3	0	0	0	0
AF	0	0.133666	6	4	2	0	0	0	0
AF	0	0.133979	3	2	1	0	0	0	0
AF	0	0.134603	1	1	0	0	0	0	0
AF	0	0.134916	1	1	0	0	0	0	0
AF	0	0.135228	1	0	1	0	0	0	0
AF	0	0.136165	2	2	0	0	0	0	0
AF	0	0.136477	1	1	0	0	0	0	0
AF	0	0.136790	6	3	3	0	0	0	0
AF	0	0.137414	2	2	0	0	0	0	0
AF	0	0.138039	2	0	2	0	0	0	0
AF	0	0.138663	3	3	0	0	0	0	0
AF	0	0.138976	2	0	2	0	0	0	0
AF	0	0.141786	3	2	1	0	0	0	0
AF	0	0.142411	2	1	1	0	0	0	0
AF	0	0.142723	2	1	1	0	0	0	0
AF	0	0.143036	5	2	3	0	0	0	0
AF	0	0.143660	7	3	4	0	0	0	0
AF	0	0.144285	1	1	0	0	0	0	0
AF	0	0.144597	1	1	0	0	0	0	0
AF	0	0.144909	1	1	0	0	0	0	0
AF	0	0.146783	1	0	1	0	0	0	0
AF	0	0.147408	1	0	1	0	0	0	0
AF	0	0.148657	1	0	1	0	0	0	0
AF	0	0.149282	1	1	0	0	0	0	0
AF	0	0.149594	1	0	1	0	0	0	0
AF	0	0.149906	3	2	1	0	0	0	0
AF	0	0.151468	1	0	1	0	0	0	0
AF	0	0.151780	1	1	0	0	0	0	0
AF	0	0.153654	1	1	0	0	0	0	0
AF	0	0.155215	1	1	0	0	0	0	0
AF	0	0.155528	3	3	0	0	0	0	0
AF	0	0.156777	1	1	0	0	0	0	0
AF	0	0.157402	3	2	1	0	0	0	0
AF	0	0.157714	1	1	0	0	0	0	0
AF	0	0.158651	2	1	1	0	0	0	0
AF	0	0.159275	3	2	1	0	0	0	0
AF	0	0.159588	6	5	1	0	0	0	0
AF	0	0.159900	7	5	2	0	0	0	0
AF	0	0.160525	4	2	2	0	0	0	0
AF	0	0.161462	1	1	0	0	0	0	0
AF	0	0.161774	6	5	1	0	0	0	0
AF	0	0.162086	2	1	1	0	0	0	0
AF	0	0.162399	2	1	1	0	0	0	0
AF	0	0.163023	2	2	0	0	0	0	0
AF	0	0.163335	1	1	0	0	0	0	0
AF	0	0.164272	1	1	0	0	0	0	0
AF	0	0.164897	1	1	0	0	0	0	0
AF	0	0.166771	1	1	0	0	0	0	0
AF	0	0.167083	2	0	2	0	0	0	0
AF	0	0.167395	2	1	1	0	0	0	0
AF	0	0.168332	2	2	0	0	0	0	0
AF	0	0.168645	3	3	0	0	0	0	0
AF	0	0.168957	1	1	0	0	0	0	0
AF	0	0.169269	1	1	0	0	0	0	0
AF	0	0.173017	3	3	0	0	0	0	0
AF	0	0.173329	3	2	1	0	0	0	0
AF	0	0.173641	2	2	0	0	0	0	0
AF	0	0.176140	5	3	2	0	0	0	0
AF	0	0.176452	1	1	0	0	0	0	0
AF	0	0.177389	1	1	0	0	0	0	0
AF	0	0.177701	3	2	1	0	0	0	0
AF	0	0.178014	3	3	0	0	0	0	0
AF	0	0.178638	1	1	0	0	0	0	0
AF	0	0.178951	1	1	0	0	0	0	0
AF	0	0.180512	1	0	1	0	0	0	0
AF	0	0.181761	1	0	1	0	0	0	0
AF	0	0.182386	2	0	2	0	0	0	0
AF	0	0.185821	1	0	1	0	0	0	0
AF	0	0.186134	1	1	0	0	0	0	0
AF	0	0.186446	2	2	0	0	0	0	0
AF	0	0.186758	1	0	1	0	0	0	0
AF	0	0.187071	3	3	0	0	0	0	0
AF	0	0.187383	4	1	3	0	0	0	0
AF	0	0.187695	1	1	0	0	0	0	0
AF	0	0.188632	2	1	1	0	0	0	0
AF	0	0.188944	1	1	0	0	0	0	0
AF	0	0.189257	4	4	0	0	0	0	0
AF	0	0.189881	2	2	0	0	0	0	0
AF	0	0.190194	1	1	0	0	0	0	0
AF	0	0.190818	1	1	0	0	0	0	0
AF	0	0.191131	7	5	2	0	0	0	0
AF	0	0.191443	6	2	4	0	0	0	0
AF	0	0.191755	8	5	3	0	0	0	0
AF	0	0.192067	1	1	0	0	0	0	0
AF	0	0.192380	1	1	0	0	0	0	0
AF	0	0.193004	3	1	2	0	0	0	0
AF	0	0.193317	1	0	1	0	0	0	0
AF	0	0.193629	1	1	0	0	0	0	0
AF	0	0.193941	1	0	1	0	0	0	0
AF	0	0.194878	1	1	0	0	0	0	0
AF	0	0.195191	3	2	1	0	0	0	0
AF	0	0.195503	8	6	2	0	0	0	0
AF	0	0.196752	1	1	0	0	0	0	0
AF	0	0.200187	1	1	0	0	0	0	0
AF	0	0.202686	1	1	0	0	0	0	0
AF	0	0.202998	1	1	0	0	0	0	0
AF	0	0.204247	1	1	0	0	0	0	0
AF	0	0.204560	2	2	0	0	0	0	0
AF	0	0.205184	1	1	0	0	0	0	0
AF	0	0.205497	3	1	2	0	0	0	0
AF	0	0.205809	1	1	0	0	0	0	0
AF	0	0.209244	1	0	1	0	0	0	0
AF	0	0.209557	2	2	0	0	0	0	0
AF	0	0.210181	2	1	1	0	0	0	0
AF	0	0.210806	2	2	0	0	0	0	0
AF	0	0.211118	9	6	3	0	0	0	0
AF	0	0.211430	3	3	0	0	0	0	0
AF	0	0.211743	5	3	2	0	0	0	0
AF	0	0.212367	2	1	1	0	0	0	0
AF	0	0.212992	1	0	1	0	0	0	0
AF	0	0.213929	1	0	1	0	0	0	0
AF	0	0.216740	1	1	0	0	0	0	0
AF	0	0.217364	1	1	0	0	0	0	0
AF	0	0.217989	1	1	0	0	0	0	0
AF	0	0.218613	1	1	0	0	0	0	0
AF	0	0.221736	1	1	0	0	0	0	0
AF	0	0.222049	1	1	0	0	0	0	0
AF	0	0.222673	1	1	0	0	0	0	0
AF	0	0.223298	1	0	1	0	0	0	0
AF	0	0.224859	1	1	0	0	0	0	0
AF	0	0.228295	1	0	1	0	0	0	0
AF	0	0.230793	1	1	0	0	0	0	0
AF	0	0.231418	3	1	2	0	0	0	0
AF	0	0.231730	1	1	0	0	0	0	0
AF	0	0.232042	1	1	0	0	0	0	0
AF	0	0.232979	1	1	0	0	0	0	0
AF	0	0.233292	1	1	0	0	0	0	0
AF	0	0.235790	1	0	1	0	0	0	0
AF	0	0.238289	1	0	1	0	0	0	0
AF	0	0.241099	2	2	0	0	0	0	0
AF	0	0.241412	3	3	0	0	0	0	0
AF	0	0.242349	1	1	0	0	0	0	0
AF	0	0.242661	1	1	0	0	0	0	0
AF	0	0.242973	1	1	0	0	0	0	0
AF	0	0.243285	1	1	0	0	0	0	0
AF	0	0.244535	3	1	2	0	0	0	0
AF	0	0.245784	1	0	1	0	0	0	0
AF	0	0.246096	1	0	1	0	0	0	0
AF	0	0.247033	1	0	1	0	0	0	0
AF	0	0.247345	1	0	1	0	0	0	0
AF	0	0.247658	2	2	0	0	0	0	0
AF	0	0.248282	2	2	0	0	0	0	0
AF	0	0.248595	5	5	0	0	0	0	0
AF	0	0.248907	11	8	3	0	0	0	0
AF	0	0.249219	2	2	0	0	0	0	0
AF	0	0.249532	4	3	1	0	0	0	0
AF	0	0.249844	5	4	1	0	0	0	0
AF	0	0.250156	7	5	2	0	0	0	0
AF	0	0.250468	3	1	2	0	0	0	0
AF	0	0.250781	2	1	1	0	0	0	0
AF	0	0.251093	1	0	1	0	0	0	0
AF	0	0.252030	1	1	0	0	0	0	0
AF	0	0.252655	1	0	1	0	0	0	0
AF	0	0.252967	1	0	1	0	0	0	0
AF	0	0.253279	2	1	1	0	0	0	0
AF	0	0.253592	1	0	1	0	0	0	0
AF	0	0.253904	1	1	0	0	0	0	0
AF	0	0.255153	1	0	1	0	0	0	0
AF	0	0.255778	1	1	0	0	0	0	0
AF	0	0.257651	1	1	0	0	0	0	0
AF	0	0.263585	1	0	1	0	0	0	0
AF	0	0.265771	1	0	1	0	0	0	0
AF	0	0.267333	4	2	2	0	0	0	0
AF	0	0.267645	1	1	0	0	0	0	0
AF	0	0.268894	2	2	0	0	0	0	0
AF	0	0.269207	1	0	1	0	0	0	0
AF	0	0.269519	3	1	2	0	0	0	0
AF	0	0.271705	1	1	0	0	0	0	0
AF	0	0.275141	1	0	1	0	0	0	0
AF	0	0.275453	1	0	1	0	0	0	0
AF	0	0.275765	4	3	1	0	0	0	0
AF	0	0.276077	6	0	6	0	0	0	0
AF	0	0.276390	9	7	2	0	0	0	0
AF	0	0.276702	12	8	4	0	0	0	0
AF	0	0.277014	11	6	5	0	0	0	0
AF	0	0.277639	4	4	0	0	0	0	0
AF	0	0.277951	2	1	1	0	0	0	0
AF	0	0.278264	2	2	0	0	0	0	0
AF	0	0.278888	1	1	0	0	0	0	0
AF	0	0.280137	2	1	1	0	0	0	0
AF	0	0.281074	1	1	0	0	0	0	0
AF	0	0.283260	1	1	0	0	0	0	0
AF	0	0.283885	1	1	0	0	0	0	0
AF	0	0.284822	2	1	1	0	0	0	0
AF	0	0.285447	1	1	0	0	0	0	0
AF	0	0.285759	6	3	3	0	0	0	0
AF	0	0.286071	15	6	9	0	0	0	0
AF	0	0.286384	38	24	14	0	0	0	0
AF	0	0.286696	23	18	5	0	0	0	0
AF	0	0.287008	7	5	2	0	0	0	0
AF	0	0.288257	2	1	1	0	0	0	0
AF	0	0.295128	1	1	0	0	0	0	0
AF	0	0.297002	2	2	0	0	0	0	0
AF	0	0.297314	1	1	0	0	0	0	0
AF	0	0.298251	1	1	0	0	0	0	0
AF	0	0.298876	1	1	0	0	0	0	0
AF	0	0.307308	1	0	1	0	0	0	0
AF	0	0.307620	1	0	1	0	0	0	0
AF	0	0.311368	1	1	0	0	0	0	0
AF	0	0.311993	1	0	1	0	0	0	0
AF	0	0.315428	1	1	0	0	0	0	0
AF	0	0.316052	1	0	1	0	0	0	0
AF	0	0.318239	1	1	0	0	0	0	0
AF	0	0.323235	1	1	0	0	0	0	0
AF	0	0.324797	1	1	0	0	0	0	0
AF	0	0.327608	4	3	1	0	0	0	0
AF	0	0.327920	2	2	0	0	0	0	0
AF	0	0.328232	1	1	0	0	0	0	0
AF	0	0.328857	2	2	0	0	0	0	0
AF	0	0.329169	1	1	0	0	0	0	0
AF	0	0.329794	1	0	1	0	0	0	0
AF	0	0.330106	4	3	1	0	0	0	0
AF	0	0.331355	1	1	0	0	0	0	0
AF	0	0.334478	1	1	0	0	0	0	0
AF	0	0.336977	1	1	0	0	0	0	0
AF	0	0.337289	4	3	1	0	0	0	0
AF	0	0.337914	1	1	0	0	0	0	0
AF	0	0.338538	2	2	0	0	0	0	0
AF	0	0.339163	2	2	0	0	0	0	0
AF	0	0.339475	1	1	0	0	0	0	0
AF	0	0.340725	1	1	0	0	0	0	0
AF	0	0.346658	1	0	1	0	0	0	0
AF	0	0.352904	1	0	1	0	0	0	0
AF	0	0.354154	1	1	0	0	0	0	0
AF	0	0.354778	1	1	0	0	0	0	0
AF	0	0.360087	1	1	0	0	0	0	0
AF	0	0.364147	2	1	1	0	0	0	0
AF	0	0.364460	1	1	0	0	0	0	0
AF	0	0.364772	1	0	1	0	0	0	0
AF	0	0.365397	2	1	1	0	0	0	0
AF	0	0.367270	1	0	1	0	0	0	0
AF	0	0.368520	1	1	0	0	0	0	0
AF	0	0.368832	1	1	0	0	0	0	0
AF	0	0.370706	1	0	1	0	0	0	0
AF	0	0.371643	3	2	1	0	0	0	0
AF	0	0.372580	1	0	1	0	0	0	0
AF	0	0.377889	1	0	1	0	0	0	0
AF	0	0.378201	1	1	0	0	0	0	0
AF	0	0.378826	1	0	1	0	0	0	0
AF	0	0.379138	1	0	1	0	0	0	0
AF	0	0.379763	1	1	0	0	0	0	0
AF	0	0.381636	1	0	1	0	0	0	0
AF	0	0.382261	1	1	0	0	0	0	0
AF	0	0.387883	1	1	0	0	0	0	0
AF	0	0.388507	1	1	0	0	0	0	0
AF	0	0.389132	2	1	1	0	0	0	0
AF	0	0.389444	1	1	0	0	0	0	0
AF	0	0.389756	1	1	0	0	0	0	0
AF	0	0.390381	1	1	0	0	0	0	0
AF	0	0.390693	1	1	0	0	0	0	0
AF	0	0.391006	2	2	0	0	0	0	0
AF	0	0.392255	2	1	1	0	0	0	0
AF	0	0.392879	1	1	0	0	0	0	0
AF	0	0.395378	1	1	0	0	0	0	0
AF	0	0.399750	1	1	0	0	0	0	0
AF	0	0.400687	1	1	0	0	0	0	0
AF	0	0.401936	1	1	0	0	0	0	0
AF	0	0.407245	1	1	0	0	0	0	0
AF	0	0.409119	1	1	0	0	0	0	0
AF	0	0.409744	1	1	0	0	0	0	0
AF	0	0.410056	1	1	0	0	0	0	0
AF	0	0.412555	1	1	0	0	0	0	0
AF	0	0.413492	1	1	0	0	0	0	0
AF	0	0.414741	1	0	1	0	0	0	0
AF	0	0.415990	2	2	0	0	0	0	0
AF	0	0.416927	1	1	0	0	0	0	0
AF	0	0.417239	1	1	0	0	0	0	0
AF	0	0.417552	1	0	1	0	0	0	0
AF	0	0.418488	5	4	1	0	0	0	0
AF	0	0.418801	1	0	1	0	0	0	0
AF	0	0.419738	3	0	3	0	0	0	0
AF	0	0.420362	1	1	0	0	0	0	0
AF	0	0.421611	5	2	3	0	0	0	0
AF	0	0.422236	3	2	1	0	0	0	0
AF	0	0.422861	1	1	0	0	0	0	0
AF	0	0.423173	1	1	0	0	0	0	0
AF	0	0.423485	1	1	0	0	0	0	0
AF	0	0.423798	3	2	1	0	0	0	0
AF	0	0.424735	2	0	2	0	0	0	0
AF	0	0.425047	2	2	0	0	0	0	0
AF	0	0.425359	2	1	1	0	0	0	0
AF	0	0.425671	2	1	1	0	0	0	0
AF	0	0.425984	5	5	0	0	0	0	0
AF	0	0.427858	1	0	1	0	0	0	0
AF	0	0.430356	3	2	1	0	0	0	0
AF	0	0.430981	1	1	0	0	0	0	0
AF	0	0.434416	1	0	1	0	0	0	0
AF	0	0.440350	1	0	1	0	0	0	0
AF	0	0.440662	1	1	0	0	0	0	0
AF	0	0.441911	1	1	0	0	0	0	0
AF	0	0.444097	1	1	0	0	0	0	0
AF	0	0.445034	1	1	0	0	0	0	0
AF	0	0.445347	1	1	0	0	0	0	0
AF	0	0.446284	1	0	1	0	0	0	0
AF	0	0.448782	3	3	0	0	0	0	0
AF	0	0.449094	2	2	0	0	0	0	0
AF	0	0.450344	2	2	0	0	0	0	0
AF	0	0.450656	2	1	1	0	0	0	0
AF	0	0.451905	1	0	1	0	0	0	0
AF	0	0.452217	1	0	1	0	0	0	0
AF	0	0.452530	1	1	0	0	0	0	0
AF	0	0.453779	1	0	1	0	0	0	0
AF	0	0.454091	1	0	1	0	0	0	0
AF	0	0.455965	1	1	0	0	0	0	0
AF	0	0.456277	1	1	0	0	0	0	0
AF	0	0.456590	1	1	0	0	0	0	0
AF	0	0.456902	1	1	0	0	0	0	0
AF	0	0.463148	1	1	0	0	0	0	0
AF	0	0.467833	1	1	0	0	0	0	0
AF	0	0.468457	1	1	0	0	0	0	0
AF	0	0.468770	1	1	0	0	0	0	0
AF	0	0.469082	1	1	0	0	0	0	0
AF	0	0.469394	1	0	1	0	0	0	0
AF	0	0.470643	3	1	2	0	0	0	0
AF	0	0.471268	7	6	1	0	0	0	0
AF	0	0.472205	3	3	0	0	0	0	0
AF	0	0.472517	5	4	1	0	0	0	0
AF	0	0.473766	1	0	1	0	0	0	0
AF	0	0.474079	1	1	0	0	0	0	0
AF	0	0.475016	1	1	0	0	0	0	0
AF	0	0.475328	2	2	0	0	0	0	0
AF	0	0.475640	1	1	0	0	0	0	0
AF	0	0.475953	2	1	1	0	0	0	0
AF	0	0.476265	1	1	0	0	0	0	0
AF	0	0.477514	1	1	0	0	0	0	0
AF	0	0.478763	1	1	0	0	0	0	0
AF	0	0.480325	2	1	1	0	0	0	0
AF	0	0.481886	3	1	2	0	0	0	0
AF	0	0.482199	1	1	0	0	0	0	0
AF	0	0.482511	1	1	0	0	0	0	0
AF	0	0.483136	1	1	0	0	0	0	0
AF	0	0.483448	1	1	0	0	0	0	0
AF	0	0.483760	2	0	2	0	0	0	0
AF	0	0.484385	1	1	0	0	0	0	0
AF	0	0.486259	1	1	0	0	0	0	0
AF	0	0.487196	1	1	0	0	0	0	0
AF	0	0.487820	1	1	0	0	0	0	0
AF	0	0.490631	1	1	0	0	0	0	0
AF	0	0.493129	1	0	1	0	0	0	0
AF	0	0.493442	2	1	1	0	0	0	0
AF	0	0.494066	1	1	0	0	0	0	0
AF	0	0.494379	1	1	0	0	0	0	0
AF	0	0.494691	1	0	1	0	0	0	0
AF	0	0.495003	1	0	1	0	0	0	0
AF	0	0.495315	2	2	0	0	0	0	0
AF	0	0.495628	4	1	3	0	0	0	0
AF	0	0.496252	5	1	4	0	0	0	0
AF	0	0.496565	3	3	0	0	0	0	0
AF	0	0.496877	3	2	1	0	0	0	0
AF	0	0.497189	1	0	1	0	0	0	0
AF	0	0.497502	21	14	7	0	0	0	0
AF	0	0.497814	16	11	5	0	0	0	0
AF	0	0.498126	14	10	4	0	0	0	0
AF	0	0.498438	4	4	0	0	0	0	0
AF	0	0.498751	4	3	1	0	0	0	0
AF	0	0.499375	1	0	1	0	0	0	0
AF	0	0.501249	1	1	0	0	0	0	0
AF	0	0.502498	1	1	0	0	0	0	0
AF	0	0.505621	2	1	1	0	0	0	0
AF	0	0.512804	1	1	0	0	0	0	0
AF	0	0.517801	1	1	0	0	0	0	0
AF	0	0.518114	1	1	0	0	0	0	0
AF	0	0.518738	2	1	1	0	0	0	0
AF	0	0.519363	1	0	1	0	0	0	0
AF	0	0.519675	1	1	0	0	0	0	0
AF	0	0.519988	1	1	0	0	0	0	0
AF	0	0.521237	10	7	3	0	0	0	0
AF	0	0.521549	5	5	0	0	0	0	0
AF	0	0.521861	3	2	1	0	0	0	0
AF	0	0.523111	1	1	0	0	0	0	0
AF	0	0.524360	1	1	0	0	0	0	0
AF	0	0.526858	2	2	0	0	0	0	0
AF	0	0.527483	1	0	1	0	0	0	0
AF	0	0.530606	1	1	0	0	0	0	0
AF	0	0.531230	1	1	0	0	0	0	0
AF	0	0.531855	1	1	0	0	0	0	0
AF	0	0.532792	1	1	0	0	0	0	0
AF	0	0.542161	1	0	1	0	0	0	0
AF	0	0.543723	1	0	1	0	0	0	0
AF	0	0.544035	1	1	0	0	0	0	0
AF	0	0.544347	1	1	0	0	0	0	0
AF	0	0.544972	1	1	0	0	0	0	0
AF	0	0.546846	1	1	0	0	0	0	0
AF	0	0.549656	1	1	0	0	0	0	0
AF	0	0.550281	1	1	0	0	0	0	0
AF	0	0.554966	1	1	0	0	0	0	0
AF	0	0.555278	1	1	0	0	0	0	0
AF	0	0.555590	2	2	0	0	0	0	0
AF	0	0.555903	2	1	1	0	0	0	0
AF	0	0.556215	3	0	3	0	0	0	0
AF	0	0.556527	2	2	0	0	0	0	0
AF	0	0.560275	2	1	1	0	0	0	0
AF	0	0.560587	1	1	0	0	0	0	0
AF	0	0.560899	2	0	2	0	0	0	0
AF	0	0.562773	2	1	1	0	0	0	0
AF	0	0.564335	2	2	0	0	0	0	0
AF	0	0.564647	1	0	1	0	0	0	0
AF	0	0.565272	1	1	0	0	0	0	0
AF	0	0.565896	2	1	1	0	0	0	0
AF	0	0.566209	1	1	0	0	0	0	0
AF	0	0.567146	2	2	0	0	0	0	0
AF	0	0.569332	1	1	0	0	0	0	0
AF	0	0.569956	1	1	0	0	0	0	0
AF	0	0.571518	3	3	0	0	0	0	0
AF	0	0.571830	2	1	1	0	0	0	0
AF	0	0.572142	2	0	2	0	0	0	0
AF	0	0.572455	4	2	2	0	0	0	0
AF	0	0.572767	1	1	0	0	0	0	0
AF	0	0.573392	1	0	1	0	0	0	0
AF	0	0.574016	1	1	0	0	0	0	0
AF	0	0.574329	1	1	0	0	0	0	0
AF	0	0.575265	3	3	0	0	0	0	0
AF	0	0.575890	5	5	0	0	0	0	0
AF	0	0.576515	1	1	0	0	0	0	0
AF	0	0.577139	2	1	1	0	0	0	0
AF	0	0.577452	2	2	0	0	0	0	0
AF	0	0.577764	2	1	1	0	0	0	0
AF	0	0.579013	2	1	1	0	0	0	0
AF	0	0.580262	2	1	1	0	0	0	0
AF	0	0.581512	1	1	0	0	0	0	0
AF	0	0.582136	1	1	0	0	0	0	0
AF	0	0.583073	1	1	0	0	0	0	0
AF	0	0.583698	1	1	0	0	0	0	0
AF	0	0.584010	13	8	5	0	0	0	0
AF	0	0.584322	5	2	3	0	0	0	0
AF	0	0.584635	3	3	0	0	0	0	0
AF	0	0.585259	1	0	1	0	0	0	0
AF	0	0.585884	1	1	0	0	0	0	0
AF	0	0.586196	1	0	1	0	0	0	0
AF	0	0.586508	1	1	0	0	0	0	0
AF	0	0.587758	1	0	1	0	0	0	0
AF	0	0.592755	1	0	1	0	0	0	0
AF	0	0.601811	1	1	0	0	0	0	0
AF	0	0.607121	1	1	0	0	0	0	0
AF	0	0.607745	1	1	0	0	0	0	0
AF	0	0.610244	1	1	0	0	0	0	0
AF	0	0.615865	1	0	1	0	0	0	0
AF	0	0.618988	1	0	1	0	0	0	0
AF	0	0.623673	1	1	0	0	0	0	0
AF	0	0.623985	1	0	1	0	0	0	0
AF	0	0.624297	1	1	0	0	0	0	0
AF	0	0.625234	2	2	0	0	0	0	0
AF	0	0.626171	1	1	0	0	0	0	0
AF	0	0.627733	4	3	1	0	0	0	0
AF	0	0.628045	2	2	0	0	0	0	0
AF	0	0.633042	1	1	0	0	0	0	0
AF	0	0.639600	1	1	0	0	0	0	0
AF	0	0.640849	1	1	0	0	0	0	0
AF	0	0.642099	2	2	0	0	0	0	0
AF	0	0.643036	1	0	1	0	0	0	0
AF	0	0.656465	1	1	0	0	0	0	0
AF	0	0.657714	1	0	1	0	0	0	0
AF	0	0.658651	2	1	1	0	0	0	0
AF	0	0.659900	1	1	0	0	0	0	0
AF	0	0.660212	1	1	0	0	0	0	0
AF	0	0.662086	1	0	1	0	0	0	0
AF	0	0.662399	1	0	1	0	0	0	0
AF	0	0.662711	1	0	1	0	0	0	0
AF	0	0.665522	1	1	0	0	0	0	0
AF	0	0.665834	1	0	1	0	0	0	0
AF	0	0.666146	1	1	0	0	0	0	0
AF	0	0.666458	1	1	0	0	0	0	0
AF	0	0.668332	1	0	1	0	0	0	0
AF	0	0.668645	1	0	1	0	0	0	0
AF	0	0.669269	1	1	0	0	0	0	0
AF	0	0.670206	1	1	0	0	0	0	0
AF	0	0.671143	1	1	0	0	0	0	0
AF	0	0.672080	2	2	0	0	0	0	0
AF	0	0.672392	1	1	0	0	0	0	0
AF	0	0.680512	2	1	1	0	0	0	0
AF	0	0.681761	4	2	2	0	0	0	0
AF	0	0.683323	1	1	0	0	0	0	0
AF	0	0.683635	4	4	0	0	0	0	0
AF	0	0.684884	1	1	0	0	0	0	0
AF	0	0.685509	1	1	0	0	0	0	0
AF	0	0.703623	1	0	1	0	0	0	0
AF	0	0.706121	1	0	1	0	0	0	0
AF	0	0.712367	1	1	0	0	0	0	0
AF	0	0.732667	1	1	0	0	0	0	0
AF	0	0.732979	3	3	0	0	0	0	0
AF	0	0.733292	2	2	0	0	0	0	0
AF	0	0.733916	3	1	2	0	0	0	0
AF	0	0.734229	5	3	2	0	0	0	0
AF	0	0.753279	1	1	0	0	0	0	0
AF	0	0.753904	1	0	1	0	0	0	0
AF	0	0.755778	1	1	0	0	0	0	0
AF	0	0.756090	1	0	1	0	0	0	0
AF	0	0.769207	1	1	0	0	0	0	0
AF	0	0.778576	2	1	1	0	0	0	0
AF	0	0.778888	2	1	1	0	0	0	0
AF	0	0.779513	1	1	0	0	0	0	0
AF	0	0.786696	1	0	1	0	0	0	0
AF	0	0.789507	1	1	0	0	0	0	0
AF	0	0.790131	3	3	0	0	0	0	0
AF	0	0.793254	1	1	0	0	0	0	0
AF	0	0.793567	1	1	0	0	0	0	0
AF	0	0.794503	1	1	0	0	0	0	0
AF	0	0.804185	1	1	0	0	0	0	0
AF	0	0.804497	3	2	1	0	0	0	0
AF	0	0.806059	1	1	0	0	0	0	0
AF	0	0.806371	1	1	0	0	0	0	0
AF	0	0.806996	4	2	2	0	0	0	0
AF	0	0.807620	3	1	2	0	0	0	0
AF	0	0.810119	1	1	0	0	0	0	0
AF	0	0.811368	1	1	0	0	0	0	0
AF	0	0.811680	1	1	0	0	0	0	0
AF	0	0.816365	1	1	0	0	0	0	0
AF	0	0.820425	1	0	1	0	0	0	0
AF	0	0.820737	1	1	0	0	0	0	0
AF	0	0.821362	1	1	0	0	0	0	0
AF	0	0.825422	1	0	1	0	0	0	0
AF	0	0.825734	2	1	1	0	0	0	0
AF	0	0.826046	2	0	2	0	0	0	0
AF	0	0.843223	2	2	0	0	0	0	0
AF	0	0.843535	1	1	0	0	0	0	0
AF	0	0.845097	1	1	0	0	0	0	0
AF	0	0.885072	1	0	1	0	0	0	0
AF	0	0.886946	1	1	0	0	0	0	0
AF	0	0.910369	1	1	0	0	0	0	0
AF	0	0.920675	1	1	0	0	0	0	0
AF	0	0.934728	1	1	0	0	0	0	0
AF	0	0.935978	5	4	1	0	0	0	0
AF	0	0.936290	2	1	1	0	0	0	0
AF	0	0.937539	1	1	0	0	0	0	0
AF	0	0.939101	6	4	2	0	0	0	0
AF	0	0.941911	1	1	0	0	0	0	0
AF	0	0.949719	1	1	0	0	0	0	0
AF	0	0.954716	6	4	2	0	0	0	0
AF	0	0.965022	1	1	0	0	0	0	0
AF	0	0.978451	1	0	1	0	0	0	0
AF	0	0.980325	2	1	1	0	0	0	0
AF	0	0.980637	1	1	0	0	0	0	0
AF	0	0.981262	1	0	1	0	0	0	0
AF	0	0.981574	1	1	0	0	0	0	0
AF	0	0.983448	5	3	2	0	0	0	0
AF	0	0.983760	2	1	1	0	0	0	0
AF	0	0.985322	1	1	0	0	0	0	0
AF	0	0.985946	3	1	2	0	0	0	0
AF	0	0.987196	1	1	0	0	0	0	0
AF	0	0.987820	1	1	0	0	0	0	0
AF	0	0.992192	1	0	1	0	0	0	0
AF	0	0.995003	1	1	0	0	0	0	0
AF	0	0.995940	1	1	0	0	0	0	0
AF	0	0.996252	1	0	1	0	0	0	0
AF	0	0.996565	1	0	1	0	0	0	0
AF	0	0.997814	8	5	3	0	0	0	0
AF	0	0.998438	1	0	1	0	0	0	0
AF	0	0.999063	2	2	0	0	0	0	0
# QUAL, Stats by quality
# QUAL	[2]id	[3]Quality	[4]number of SNPs	[5]number of transitions (1st ALT)	[6]number of transversions (1st ALT)	[7]number of indels
QUAL	0	.	12415	8324	4091	0
# IDD, InDel distribution:
# IDD	[2]id	[3]length (deletions negative)	[4]number of sites	[5]number of genotypes	[6]mean VAF
# ST, Substitution types:
# ST	[2]id	[3]type	[4]count
ST	0	A>C	435
ST	0	A>G	1768
ST	0	A>T	450
ST	0	C>A	625
ST	0	C>G	535
ST	0	C>T	2500
ST	0	G>A	2443
ST	0	G>C	511
ST	0	G>T	605
ST	0	T>A	455
ST	0	T>C	1613
ST	0	T>G	475
# DP, Depth distribution
# DP	[2]id	[3]bin	[4]number of genotypes	[5]fraction of genotypes (%)	[6]number of sites	[7]fraction of sites (%)
  - Fix haploid genotypes in males...

Submit MakeDiploidMalesX finished successfully. Let's have a beer, buddy!

