Submit MakeDiploidMalesX
version 1.1.6 (2024-09-30)

These are the settings:
  Input file................: /hpc/local/Rocky8/dhl_ec/software/MonopogenLite/resources/1kGP_high_coverage_Illumina.SNVonly_poly.filtered_AF_5e-04.norm.fixvariantid.chrX.vcf.gz
  Output file...............: /hpc/local/Rocky8/dhl_ec/software/MonopogenLite/resources/1kGP_high_coverage_Illumina.SNVonly_poly.filtered_AF_5e-04.norm.fixvariantid.makediploid.chrX.vcf.gz
  Chunk size................: 100

  SLURM CPUs................: 4
  SLURM Array ID............: 31 (of 100)
  SLURM memory..............: 16G
  SLURM time................: 01:00:00
  SLURM mail type...........: FAIL
  SLURM mail user...........: s.w.vanderlaan-2@umcutrecht.nl

  Dry run mode..............: 0
  Debug mode................: 1
  Verbosity.................: 0
  Version...................: 1.1.6 (2024-09-30)

Making converting haploid genotypes to diploid genotypes.
> Extract the region for this SLURM task (# 31) from the BED file.
  - Get the chunk number from the SLURM array task ID and the bed file...
DEBUG: Extracting chunk number: 31p from 31
DEBUG: Extracting region from BED file: /hpc/local/Rocky8/dhl_ec/software/MonopogenLite/resources/chrX_100pieces.bed
  - Extract the region from the BED file...
DEBUG: Extracted raw region: 'chrX	46812241	48372648' (chunk #: 31p of 100 for job 31)
  - Check if a valid region was extracted -- should be 'chrX	46812241	48372648'...
  - Prepare the region for bcftools...
  - Check if the region (chrX:46812241-48372648) was successfully extracted...
> Processing region 'chrX:46812241-48372648'...
  - Process the specific region (chunk# 31) using bcftools view...
  - Index the VCF file...
DEBUG: Check if the VCF file was successfully processed...
##fileformat=VCFv4.2
##FILTER=<ID=PASS,Description="All filters passed">
##fileDate=29/01/2022 - 14:31:41
##source=shapeit4.2.2
##contig=<ID=chr1,length=248956422>
##contig=<ID=chr2,length=242193529>
##contig=<ID=chr3,length=198295559>
##contig=<ID=chr4,length=190214555>
##contig=<ID=chr5,length=181538259>
##contig=<ID=chr6,length=170805979>
# This file was produced by bcftools stats (1.20+htslib-1.20) and can be plotted using plot-vcfstats.
# The command line was:	bcftools stats  /hpc/local/Rocky8/dhl_ec/software/MonopogenLite/resources/chrX.part31.vcf.gz
#
# Definition of sets:
# ID	[2]id	[3]tab-separated file names
ID	0	/hpc/local/Rocky8/dhl_ec/software/MonopogenLite/resources/chrX.part31.vcf.gz
# SN, Summary numbers:
#   number of records   .. number of data rows in the VCF
#   number of no-ALTs   .. reference-only sites, ALT is either "." or identical to REF
#   number of SNPs      .. number of rows with a SNP
#   number of MNPs      .. number of rows with a MNP, such as CC>TT
#   number of indels    .. number of rows with an indel
#   number of others    .. number of rows with other type, for example a symbolic allele or
#                          a complex substitution, such as ACT>TCGA
#   number of multiallelic sites     .. number of rows with multiple alternate alleles
#   number of multiallelic SNP sites .. number of rows with multiple alternate alleles, all SNPs
# 
#   Note that rows containing multiple types will be counted multiple times, in each
#   counter. For example, a row with a SNP and an indel increments both the SNP and
#   the indel counter.
# 
# SN	[2]id	[3]key	[4]value
SN	0	number of samples:	3202
SN	0	number of records:	16376
SN	0	number of no-ALTs:	0
SN	0	number of SNPs:	16376
SN	0	number of MNPs:	0
SN	0	number of indels:	0
SN	0	number of others:	0
SN	0	number of multiallelic sites:	0
SN	0	number of multiallelic SNP sites:	0
# TSTV, transitions/transversions:
# TSTV	[2]id	[3]ts	[4]tv	[5]ts/tv	[6]ts (1st ALT)	[7]tv (1st ALT)	[8]ts/tv (1st ALT)
TSTV	0	11388	4988	2.28	11388	4988	2.28
# SiS, Singleton stats:
# SiS	[2]id	[3]allele count	[4]number of SNPs	[5]number of transitions	[6]number of transversions	[7]number of indels	[8]repeat-consistent	[9]repeat-inconsistent	[10]not applicable
SiS	0	1	0	0	0	0	0	0	0
# AF, Stats by non-reference allele frequency:
# AF	[2]id	[3]allele frequency	[4]number of SNPs	[5]number of transitions	[6]number of transversions	[7]number of indels	[8]repeat-consistent	[9]repeat-inconsistent	[10]not applicable
AF	0	0.000312	2488	1729	759	0	0	0	0
AF	0	0.000625	1583	1116	467	0	0	0	0
AF	0	0.000937	1893	1353	540	0	0	0	0
AF	0	0.001249	625	431	194	0	0	0	0
AF	0	0.001562	902	628	274	0	0	0	0
AF	0	0.001874	317	219	98	0	0	0	0
AF	0	0.002186	525	353	172	0	0	0	0
AF	0	0.002498	221	140	81	0	0	0	0
AF	0	0.002811	371	259	112	0	0	0	0
AF	0	0.003123	198	150	48	0	0	0	0
AF	0	0.003435	340	238	102	0	0	0	0
AF	0	0.003748	169	115	54	0	0	0	0
AF	0	0.004060	199	143	56	0	0	0	0
AF	0	0.004372	104	71	33	0	0	0	0
AF	0	0.004685	200	134	66	0	0	0	0
AF	0	0.004997	92	64	28	0	0	0	0
AF	0	0.005309	198	130	68	0	0	0	0
AF	0	0.005621	90	69	21	0	0	0	0
AF	0	0.005934	185	126	59	0	0	0	0
AF	0	0.006246	62	46	16	0	0	0	0
AF	0	0.006558	139	99	40	0	0	0	0
AF	0	0.006871	39	28	11	0	0	0	0
AF	0	0.007183	95	59	36	0	0	0	0
AF	0	0.007495	89	62	27	0	0	0	0
AF	0	0.007808	115	79	36	0	0	0	0
AF	0	0.008120	76	54	22	0	0	0	0
AF	0	0.008432	103	76	27	0	0	0	0
AF	0	0.008745	50	34	16	0	0	0	0
AF	0	0.009057	131	82	49	0	0	0	0
AF	0	0.009369	46	31	15	0	0	0	0
AF	0	0.009681	82	60	22	0	0	0	0
AF	0	0.009994	24	17	7	0	0	0	0
AF	0	0.010306	81	62	19	0	0	0	0
AF	0	0.010618	47	32	15	0	0	0	0
AF	0	0.010931	78	58	20	0	0	0	0
AF	0	0.011243	31	18	13	0	0	0	0
AF	0	0.011555	52	36	16	0	0	0	0
AF	0	0.011868	50	33	17	0	0	0	0
AF	0	0.012180	69	45	24	0	0	0	0
AF	0	0.012492	22	15	7	0	0	0	0
AF	0	0.012804	34	24	10	0	0	0	0
AF	0	0.013117	35	27	8	0	0	0	0
AF	0	0.013429	52	42	10	0	0	0	0
AF	0	0.013741	20	9	11	0	0	0	0
AF	0	0.014054	40	30	10	0	0	0	0
AF	0	0.014366	33	21	12	0	0	0	0
AF	0	0.014678	55	43	12	0	0	0	0
AF	0	0.014991	25	18	7	0	0	0	0
AF	0	0.015303	71	46	25	0	0	0	0
AF	0	0.015615	23	13	10	0	0	0	0
AF	0	0.015928	53	35	18	0	0	0	0
AF	0	0.016240	16	10	6	0	0	0	0
AF	0	0.016552	25	15	10	0	0	0	0
AF	0	0.016864	11	8	3	0	0	0	0
AF	0	0.017177	28	16	12	0	0	0	0
AF	0	0.017489	12	9	3	0	0	0	0
AF	0	0.017801	31	19	12	0	0	0	0
AF	0	0.018114	9	7	2	0	0	0	0
AF	0	0.018426	23	16	7	0	0	0	0
AF	0	0.018738	15	12	3	0	0	0	0
AF	0	0.019051	34	23	11	0	0	0	0
AF	0	0.019363	17	12	5	0	0	0	0
AF	0	0.019675	21	14	7	0	0	0	0
AF	0	0.019988	10	7	3	0	0	0	0
AF	0	0.020300	15	13	2	0	0	0	0
AF	0	0.020612	9	5	4	0	0	0	0
AF	0	0.020924	26	22	4	0	0	0	0
AF	0	0.021237	14	9	5	0	0	0	0
AF	0	0.021549	43	32	11	0	0	0	0
AF	0	0.021861	12	9	3	0	0	0	0
AF	0	0.022174	33	18	15	0	0	0	0
AF	0	0.022486	17	12	5	0	0	0	0
AF	0	0.022798	14	10	4	0	0	0	0
AF	0	0.023111	28	12	16	0	0	0	0
AF	0	0.023423	27	17	10	0	0	0	0
AF	0	0.023735	4	2	2	0	0	0	0
AF	0	0.024047	28	15	13	0	0	0	0
AF	0	0.024360	13	7	6	0	0	0	0
AF	0	0.024672	24	13	11	0	0	0	0
AF	0	0.024984	9	6	3	0	0	0	0
AF	0	0.025297	13	11	2	0	0	0	0
AF	0	0.025609	8	6	2	0	0	0	0
AF	0	0.025921	8	7	1	0	0	0	0
AF	0	0.026234	8	7	1	0	0	0	0
AF	0	0.026546	25	19	6	0	0	0	0
AF	0	0.026858	4	3	1	0	0	0	0
AF	0	0.027171	15	5	10	0	0	0	0
AF	0	0.027483	7	5	2	0	0	0	0
AF	0	0.027795	11	8	3	0	0	0	0
AF	0	0.028107	3	3	0	0	0	0	0
AF	0	0.028420	12	7	5	0	0	0	0
AF	0	0.028732	5	4	1	0	0	0	0
AF	0	0.029044	11	8	3	0	0	0	0
AF	0	0.029357	2	1	1	0	0	0	0
AF	0	0.029669	20	18	2	0	0	0	0
AF	0	0.029981	4	3	1	0	0	0	0
AF	0	0.030294	10	6	4	0	0	0	0
AF	0	0.030606	13	9	4	0	0	0	0
AF	0	0.030918	15	10	5	0	0	0	0
AF	0	0.031230	4	4	0	0	0	0	0
AF	0	0.031543	4	2	2	0	0	0	0
AF	0	0.031855	5	3	2	0	0	0	0
AF	0	0.032167	16	12	4	0	0	0	0
AF	0	0.032480	4	4	0	0	0	0	0
AF	0	0.032792	14	10	4	0	0	0	0
AF	0	0.033104	7	3	4	0	0	0	0
AF	0	0.033417	14	11	3	0	0	0	0
AF	0	0.033729	4	1	3	0	0	0	0
AF	0	0.034041	14	9	5	0	0	0	0
AF	0	0.034354	3	3	0	0	0	0	0
AF	0	0.034666	13	10	3	0	0	0	0
AF	0	0.034978	7	7	0	0	0	0	0
AF	0	0.035290	17	10	7	0	0	0	0
AF	0	0.035603	5	5	0	0	0	0	0
AF	0	0.035915	6	5	1	0	0	0	0
AF	0	0.036227	3	2	1	0	0	0	0
AF	0	0.036540	8	7	1	0	0	0	0
AF	0	0.036852	4	2	2	0	0	0	0
AF	0	0.037164	5	3	2	0	0	0	0
AF	0	0.037477	5	5	0	0	0	0	0
AF	0	0.037789	11	5	6	0	0	0	0
AF	0	0.038101	7	3	4	0	0	0	0
AF	0	0.038413	14	12	2	0	0	0	0
AF	0	0.038726	4	1	3	0	0	0	0
AF	0	0.039038	8	6	2	0	0	0	0
AF	0	0.039350	8	7	1	0	0	0	0
AF	0	0.039663	11	10	1	0	0	0	0
AF	0	0.039975	9	7	2	0	0	0	0
AF	0	0.040287	17	10	7	0	0	0	0
AF	0	0.040600	7	4	3	0	0	0	0
AF	0	0.040912	9	7	2	0	0	0	0
AF	0	0.041224	5	3	2	0	0	0	0
AF	0	0.041537	19	16	3	0	0	0	0
AF	0	0.041849	7	3	4	0	0	0	0
AF	0	0.042161	16	14	2	0	0	0	0
AF	0	0.042473	18	13	5	0	0	0	0
AF	0	0.042786	52	37	15	0	0	0	0
AF	0	0.043098	2	1	1	0	0	0	0
AF	0	0.043410	20	16	4	0	0	0	0
AF	0	0.043723	5	3	2	0	0	0	0
AF	0	0.044035	43	25	18	0	0	0	0
AF	0	0.044347	17	13	4	0	0	0	0
AF	0	0.044660	45	30	15	0	0	0	0
AF	0	0.044972	3	3	0	0	0	0	0
AF	0	0.045284	5	5	0	0	0	0	0
AF	0	0.045597	1	0	1	0	0	0	0
AF	0	0.045909	4	4	0	0	0	0	0
AF	0	0.046221	6	2	4	0	0	0	0
AF	0	0.046533	16	10	6	0	0	0	0
AF	0	0.046846	4	3	1	0	0	0	0
AF	0	0.047158	4	2	2	0	0	0	0
AF	0	0.047470	5	2	3	0	0	0	0
AF	0	0.047783	12	10	2	0	0	0	0
AF	0	0.048095	1	0	1	0	0	0	0
AF	0	0.048407	8	6	2	0	0	0	0
AF	0	0.048720	12	8	4	0	0	0	0
AF	0	0.049032	10	5	5	0	0	0	0
AF	0	0.049344	4	3	1	0	0	0	0
AF	0	0.049656	8	6	2	0	0	0	0
AF	0	0.049969	5	4	1	0	0	0	0
AF	0	0.050281	4	4	0	0	0	0	0
AF	0	0.050593	9	5	4	0	0	0	0
AF	0	0.050906	22	16	6	0	0	0	0
AF	0	0.051218	9	6	3	0	0	0	0
AF	0	0.051530	15	10	5	0	0	0	0
AF	0	0.051843	4	3	1	0	0	0	0
AF	0	0.052155	11	9	2	0	0	0	0
AF	0	0.052467	8	6	2	0	0	0	0
AF	0	0.052780	6	5	1	0	0	0	0
AF	0	0.053404	8	8	0	0	0	0	0
AF	0	0.053716	4	3	1	0	0	0	0
AF	0	0.054029	9	6	3	0	0	0	0
AF	0	0.054341	4	3	1	0	0	0	0
AF	0	0.054653	14	8	6	0	0	0	0
AF	0	0.054966	5	5	0	0	0	0	0
AF	0	0.055278	10	8	2	0	0	0	0
AF	0	0.055590	5	4	1	0	0	0	0
AF	0	0.055903	6	5	1	0	0	0	0
AF	0	0.056215	3	2	1	0	0	0	0
AF	0	0.056527	9	7	2	0	0	0	0
AF	0	0.056839	3	2	1	0	0	0	0
AF	0	0.057152	3	1	2	0	0	0	0
AF	0	0.057464	5	4	1	0	0	0	0
AF	0	0.057776	4	3	1	0	0	0	0
AF	0	0.058089	2	2	0	0	0	0	0
AF	0	0.058401	3	3	0	0	0	0	0
AF	0	0.058713	3	0	3	0	0	0	0
AF	0	0.059026	15	11	4	0	0	0	0
AF	0	0.059338	5	4	1	0	0	0	0
AF	0	0.059650	14	13	1	0	0	0	0
AF	0	0.059963	13	9	4	0	0	0	0
AF	0	0.060275	9	6	3	0	0	0	0
AF	0	0.060587	6	6	0	0	0	0	0
AF	0	0.060899	6	3	3	0	0	0	0
AF	0	0.061212	3	1	2	0	0	0	0
AF	0	0.061524	1	0	1	0	0	0	0
AF	0	0.061836	2	1	1	0	0	0	0
AF	0	0.062149	3	3	0	0	0	0	0
AF	0	0.062461	2	2	0	0	0	0	0
AF	0	0.062773	2	2	0	0	0	0	0
AF	0	0.063086	2	1	1	0	0	0	0
AF	0	0.063398	7	5	2	0	0	0	0
AF	0	0.064022	4	2	2	0	0	0	0
AF	0	0.064335	3	2	1	0	0	0	0
AF	0	0.064647	19	14	5	0	0	0	0
AF	0	0.064959	7	5	2	0	0	0	0
AF	0	0.065272	2	2	0	0	0	0	0
AF	0	0.065896	2	0	2	0	0	0	0
AF	0	0.066209	1	1	0	0	0	0	0
AF	0	0.066521	2	2	0	0	0	0	0
AF	0	0.066833	3	2	1	0	0	0	0
AF	0	0.067146	4	2	2	0	0	0	0
AF	0	0.067458	3	3	0	0	0	0	0
AF	0	0.067770	1	1	0	0	0	0	0
AF	0	0.068082	1	1	0	0	0	0	0
AF	0	0.068395	4	4	0	0	0	0	0
AF	0	0.068707	1	1	0	0	0	0	0
AF	0	0.069019	3	0	3	0	0	0	0
AF	0	0.069332	1	1	0	0	0	0	0
AF	0	0.069644	9	6	3	0	0	0	0
AF	0	0.069956	4	3	1	0	0	0	0
AF	0	0.070269	5	3	2	0	0	0	0
AF	0	0.070581	2	2	0	0	0	0	0
AF	0	0.070893	7	4	3	0	0	0	0
AF	0	0.071205	2	1	1	0	0	0	0
AF	0	0.071518	5	4	1	0	0	0	0
AF	0	0.072142	1	0	1	0	0	0	0
AF	0	0.073079	1	1	0	0	0	0	0
AF	0	0.073392	3	3	0	0	0	0	0
AF	0	0.074016	1	1	0	0	0	0	0
AF	0	0.074329	1	1	0	0	0	0	0
AF	0	0.074641	3	2	1	0	0	0	0
AF	0	0.075265	3	2	1	0	0	0	0
AF	0	0.075578	3	1	2	0	0	0	0
AF	0	0.075890	6	4	2	0	0	0	0
AF	0	0.076202	1	0	1	0	0	0	0
AF	0	0.076515	5	4	1	0	0	0	0
AF	0	0.076827	9	3	6	0	0	0	0
AF	0	0.077139	4	4	0	0	0	0	0
AF	0	0.077764	7	5	2	0	0	0	0
AF	0	0.078389	1	1	0	0	0	0	0
AF	0	0.078701	4	4	0	0	0	0	0
AF	0	0.079638	3	3	0	0	0	0	0
AF	0	0.079950	1	1	0	0	0	0	0
AF	0	0.080262	1	1	0	0	0	0	0
AF	0	0.080575	2	2	0	0	0	0	0
AF	0	0.080887	1	1	0	0	0	0	0
AF	0	0.081199	2	1	1	0	0	0	0
AF	0	0.081512	1	0	1	0	0	0	0
AF	0	0.081824	1	1	0	0	0	0	0
AF	0	0.082136	2	2	0	0	0	0	0
AF	0	0.083385	4	2	2	0	0	0	0
AF	0	0.084010	1	1	0	0	0	0	0
AF	0	0.084635	2	1	1	0	0	0	0
AF	0	0.084947	1	1	0	0	0	0	0
AF	0	0.085884	4	2	2	0	0	0	0
AF	0	0.086196	1	1	0	0	0	0	0
AF	0	0.086508	2	2	0	0	0	0	0
AF	0	0.087133	2	1	1	0	0	0	0
AF	0	0.087758	1	0	1	0	0	0	0
AF	0	0.088695	1	1	0	0	0	0	0
AF	0	0.089007	3	2	1	0	0	0	0
AF	0	0.089631	2	2	0	0	0	0	0
AF	0	0.090256	3	3	0	0	0	0	0
AF	0	0.090568	1	1	0	0	0	0	0
AF	0	0.091505	4	3	1	0	0	0	0
AF	0	0.092130	3	2	1	0	0	0	0
AF	0	0.092442	1	0	1	0	0	0	0
AF	0	0.092755	1	0	1	0	0	0	0
AF	0	0.093379	1	1	0	0	0	0	0
AF	0	0.093691	2	2	0	0	0	0	0
AF	0	0.094004	8	6	2	0	0	0	0
AF	0	0.094316	3	2	1	0	0	0	0
AF	0	0.094628	4	3	1	0	0	0	0
AF	0	0.094941	6	4	2	0	0	0	0
AF	0	0.095253	5	4	1	0	0	0	0
AF	0	0.095565	13	10	3	0	0	0	0
AF	0	0.095878	17	14	3	0	0	0	0
AF	0	0.096190	4	3	1	0	0	0	0
AF	0	0.096502	4	3	1	0	0	0	0
AF	0	0.096814	1	0	1	0	0	0	0
AF	0	0.097127	2	1	1	0	0	0	0
AF	0	0.097751	4	3	1	0	0	0	0
AF	0	0.098064	1	1	0	0	0	0	0
AF	0	0.098376	14	10	4	0	0	0	0
AF	0	0.098688	13	9	4	0	0	0	0
AF	0	0.099001	1	1	0	0	0	0	0
AF	0	0.099313	2	2	0	0	0	0	0
AF	0	0.099625	2	0	2	0	0	0	0
AF	0	0.099938	2	2	0	0	0	0	0
AF	0	0.100250	5	4	1	0	0	0	0
AF	0	0.100874	6	5	1	0	0	0	0
AF	0	0.101187	1	1	0	0	0	0	0
AF	0	0.101499	4	3	1	0	0	0	0
AF	0	0.101811	2	1	1	0	0	0	0
AF	0	0.102124	2	2	0	0	0	0	0
AF	0	0.102436	3	3	0	0	0	0	0
AF	0	0.103061	1	1	0	0	0	0	0
AF	0	0.103685	1	1	0	0	0	0	0
AF	0	0.103998	1	0	1	0	0	0	0
AF	0	0.104310	2	0	2	0	0	0	0
AF	0	0.104622	5	4	1	0	0	0	0
AF	0	0.104934	2	1	1	0	0	0	0
AF	0	0.105247	2	2	0	0	0	0	0
AF	0	0.105559	1	1	0	0	0	0	0
AF	0	0.105871	2	2	0	0	0	0	0
AF	0	0.106184	2	2	0	0	0	0	0
AF	0	0.106496	1	1	0	0	0	0	0
AF	0	0.107121	7	5	2	0	0	0	0
AF	0	0.107745	2	1	1	0	0	0	0
AF	0	0.108057	1	0	1	0	0	0	0
AF	0	0.108370	3	3	0	0	0	0	0
AF	0	0.108682	1	0	1	0	0	0	0
AF	0	0.109307	1	1	0	0	0	0	0
AF	0	0.109931	1	1	0	0	0	0	0
AF	0	0.110244	7	6	1	0	0	0	0
AF	0	0.110556	1	0	1	0	0	0	0
AF	0	0.110868	1	1	0	0	0	0	0
AF	0	0.111805	4	2	2	0	0	0	0
AF	0	0.112430	2	2	0	0	0	0	0
AF	0	0.113367	2	2	0	0	0	0	0
AF	0	0.114616	2	0	2	0	0	0	0
AF	0	0.114928	1	0	1	0	0	0	0
AF	0	0.115240	1	1	0	0	0	0	0
AF	0	0.115553	3	3	0	0	0	0	0
AF	0	0.115865	1	0	1	0	0	0	0
AF	0	0.116490	1	1	0	0	0	0	0
AF	0	0.117114	1	1	0	0	0	0	0
AF	0	0.118051	1	0	1	0	0	0	0
AF	0	0.118364	1	1	0	0	0	0	0
AF	0	0.118676	6	3	3	0	0	0	0
AF	0	0.118988	1	0	1	0	0	0	0
AF	0	0.119300	2	1	1	0	0	0	0
AF	0	0.119613	1	1	0	0	0	0	0
AF	0	0.119925	1	0	1	0	0	0	0
AF	0	0.120550	1	0	1	0	0	0	0
AF	0	0.121174	1	1	0	0	0	0	0
AF	0	0.121487	1	0	1	0	0	0	0
AF	0	0.122111	1	0	1	0	0	0	0
AF	0	0.122423	1	1	0	0	0	0	0
AF	0	0.123985	1	1	0	0	0	0	0
AF	0	0.124297	1	1	0	0	0	0	0
AF	0	0.124610	2	1	1	0	0	0	0
AF	0	0.124922	1	1	0	0	0	0	0
AF	0	0.125234	1	0	1	0	0	0	0
AF	0	0.125547	2	1	1	0	0	0	0
AF	0	0.125859	1	1	0	0	0	0	0
AF	0	0.126171	5	2	3	0	0	0	0
AF	0	0.126483	2	1	1	0	0	0	0
AF	0	0.127420	3	2	1	0	0	0	0
AF	0	0.127733	1	0	1	0	0	0	0
AF	0	0.128357	1	1	0	0	0	0	0
AF	0	0.128670	1	1	0	0	0	0	0
AF	0	0.129606	1	0	1	0	0	0	0
AF	0	0.129919	2	1	1	0	0	0	0
AF	0	0.130856	1	1	0	0	0	0	0
AF	0	0.132417	1	1	0	0	0	0	0
AF	0	0.133042	2	1	1	0	0	0	0
AF	0	0.133354	2	0	2	0	0	0	0
AF	0	0.133666	1	0	1	0	0	0	0
AF	0	0.133979	1	1	0	0	0	0	0
AF	0	0.134916	1	0	1	0	0	0	0
AF	0	0.135853	1	1	0	0	0	0	0
AF	0	0.136165	2	1	1	0	0	0	0
AF	0	0.137414	2	2	0	0	0	0	0
AF	0	0.137726	1	1	0	0	0	0	0
AF	0	0.138663	1	0	1	0	0	0	0
AF	0	0.139288	2	1	1	0	0	0	0
AF	0	0.139913	3	2	1	0	0	0	0
AF	0	0.140225	1	1	0	0	0	0	0
AF	0	0.141162	3	2	1	0	0	0	0
AF	0	0.141786	4	2	2	0	0	0	0
AF	0	0.144285	2	0	2	0	0	0	0
AF	0	0.144597	1	1	0	0	0	0	0
AF	0	0.145222	1	0	1	0	0	0	0
AF	0	0.145534	1	1	0	0	0	0	0
AF	0	0.146159	6	3	3	0	0	0	0
AF	0	0.146471	2	2	0	0	0	0	0
AF	0	0.146783	2	1	1	0	0	0	0
AF	0	0.147408	6	4	2	0	0	0	0
AF	0	0.148032	1	0	1	0	0	0	0
AF	0	0.148345	1	0	1	0	0	0	0
AF	0	0.148657	2	0	2	0	0	0	0
AF	0	0.149282	5	5	0	0	0	0	0
AF	0	0.149594	2	2	0	0	0	0	0
AF	0	0.149906	5	4	1	0	0	0	0
AF	0	0.150219	1	1	0	0	0	0	0
AF	0	0.150531	3	2	1	0	0	0	0
AF	0	0.151780	1	0	1	0	0	0	0
AF	0	0.152092	1	1	0	0	0	0	0
AF	0	0.158963	1	1	0	0	0	0	0
AF	0	0.160525	2	0	2	0	0	0	0
AF	0	0.161774	1	0	1	0	0	0	0
AF	0	0.163335	1	1	0	0	0	0	0
AF	0	0.163648	1	1	0	0	0	0	0
AF	0	0.164585	1	1	0	0	0	0	0
AF	0	0.166146	1	0	1	0	0	0	0
AF	0	0.167083	1	1	0	0	0	0	0
AF	0	0.168645	4	1	3	0	0	0	0
AF	0	0.169269	2	2	0	0	0	0	0
AF	0	0.169582	1	1	0	0	0	0	0
AF	0	0.169894	1	1	0	0	0	0	0
AF	0	0.170206	1	1	0	0	0	0	0
AF	0	0.176765	1	1	0	0	0	0	0
AF	0	0.177389	1	1	0	0	0	0	0
AF	0	0.177701	1	0	1	0	0	0	0
AF	0	0.178014	1	1	0	0	0	0	0
AF	0	0.178326	1	1	0	0	0	0	0
AF	0	0.178638	1	1	0	0	0	0	0
AF	0	0.179263	1	0	1	0	0	0	0
AF	0	0.180512	1	1	0	0	0	0	0
AF	0	0.181761	1	1	0	0	0	0	0
AF	0	0.184884	1	1	0	0	0	0	0
AF	0	0.187383	1	0	1	0	0	0	0
AF	0	0.191131	1	1	0	0	0	0	0
AF	0	0.191755	2	1	1	0	0	0	0
AF	0	0.193004	1	1	0	0	0	0	0
AF	0	0.193317	1	1	0	0	0	0	0
AF	0	0.194254	1	1	0	0	0	0	0
AF	0	0.194566	1	0	1	0	0	0	0
AF	0	0.195191	1	1	0	0	0	0	0
AF	0	0.196127	1	0	1	0	0	0	0
AF	0	0.198626	2	1	1	0	0	0	0
AF	0	0.199875	3	2	1	0	0	0	0
AF	0	0.200500	1	1	0	0	0	0	0
AF	0	0.201437	2	2	0	0	0	0	0
AF	0	0.202061	2	1	1	0	0	0	0
AF	0	0.204560	1	1	0	0	0	0	0
AF	0	0.206746	1	1	0	0	0	0	0
AF	0	0.207995	1	1	0	0	0	0	0
AF	0	0.210181	1	1	0	0	0	0	0
AF	0	0.211743	1	0	1	0	0	0	0
AF	0	0.212367	2	1	1	0	0	0	0
AF	0	0.212680	1	1	0	0	0	0	0
AF	0	0.213616	1	1	0	0	0	0	0
AF	0	0.214241	1	1	0	0	0	0	0
AF	0	0.214866	1	0	1	0	0	0	0
AF	0	0.217989	1	1	0	0	0	0	0
AF	0	0.219550	1	0	1	0	0	0	0
AF	0	0.220487	1	0	1	0	0	0	0
AF	0	0.222049	1	1	0	0	0	0	0
AF	0	0.222361	1	1	0	0	0	0	0
AF	0	0.223298	1	1	0	0	0	0	0
AF	0	0.225484	2	1	1	0	0	0	0
AF	0	0.226109	1	1	0	0	0	0	0
AF	0	0.227670	1	1	0	0	0	0	0
AF	0	0.229856	1	1	0	0	0	0	0
AF	0	0.230169	2	1	1	0	0	0	0
AF	0	0.230793	2	2	0	0	0	0	0
AF	0	0.231418	1	1	0	0	0	0	0
AF	0	0.231730	1	0	1	0	0	0	0
AF	0	0.232667	2	1	1	0	0	0	0
AF	0	0.232979	1	1	0	0	0	0	0
AF	0	0.233292	1	1	0	0	0	0	0
AF	0	0.233916	1	0	1	0	0	0	0
AF	0	0.234541	1	0	1	0	0	0	0
AF	0	0.235166	2	2	0	0	0	0	0
AF	0	0.236415	3	2	1	0	0	0	0
AF	0	0.237039	1	0	1	0	0	0	0
AF	0	0.238913	1	0	1	0	0	0	0
AF	0	0.241099	1	1	0	0	0	0	0
AF	0	0.242036	1	1	0	0	0	0	0
AF	0	0.242661	4	2	2	0	0	0	0
AF	0	0.243285	1	1	0	0	0	0	0
AF	0	0.244222	1	0	1	0	0	0	0
AF	0	0.244847	1	0	1	0	0	0	0
AF	0	0.245784	1	1	0	0	0	0	0
AF	0	0.246096	1	1	0	0	0	0	0
AF	0	0.246408	1	0	1	0	0	0	0
AF	0	0.246721	1	0	1	0	0	0	0
AF	0	0.247970	2	2	0	0	0	0	0
AF	0	0.248282	2	1	1	0	0	0	0
AF	0	0.250156	2	0	2	0	0	0	0
AF	0	0.250781	1	0	1	0	0	0	0
AF	0	0.251405	8	6	2	0	0	0	0
AF	0	0.251718	3	1	2	0	0	0	0
AF	0	0.252030	3	2	1	0	0	0	0
AF	0	0.252342	2	1	1	0	0	0	0
AF	0	0.252655	5	3	2	0	0	0	0
AF	0	0.253279	1	1	0	0	0	0	0
AF	0	0.253592	1	1	0	0	0	0	0
AF	0	0.253904	3	1	2	0	0	0	0
AF	0	0.254528	1	0	1	0	0	0	0
AF	0	0.254841	1	1	0	0	0	0	0
AF	0	0.255153	2	2	0	0	0	0	0
AF	0	0.255465	3	3	0	0	0	0	0
AF	0	0.255778	4	2	2	0	0	0	0
AF	0	0.256715	3	3	0	0	0	0	0
AF	0	0.257027	1	1	0	0	0	0	0
AF	0	0.257339	4	3	1	0	0	0	0
AF	0	0.257651	3	1	2	0	0	0	0
AF	0	0.258276	1	1	0	0	0	0	0
AF	0	0.259525	1	0	1	0	0	0	0
AF	0	0.259838	1	1	0	0	0	0	0
AF	0	0.260462	1	0	1	0	0	0	0
AF	0	0.260775	1	1	0	0	0	0	0
AF	0	0.261399	1	1	0	0	0	0	0
AF	0	0.262961	1	1	0	0	0	0	0
AF	0	0.263273	2	2	0	0	0	0	0
AF	0	0.263898	1	1	0	0	0	0	0
AF	0	0.264210	2	1	1	0	0	0	0
AF	0	0.264522	1	0	1	0	0	0	0
AF	0	0.265771	1	0	1	0	0	0	0
AF	0	0.267021	1	0	1	0	0	0	0
AF	0	0.268270	1	0	1	0	0	0	0
AF	0	0.268894	1	1	0	0	0	0	0
AF	0	0.269519	1	1	0	0	0	0	0
AF	0	0.270144	1	1	0	0	0	0	0
AF	0	0.271081	1	0	1	0	0	0	0
AF	0	0.271393	1	1	0	0	0	0	0
AF	0	0.272642	1	0	1	0	0	0	0
AF	0	0.272954	2	1	1	0	0	0	0
AF	0	0.273267	1	0	1	0	0	0	0
AF	0	0.274204	1	1	0	0	0	0	0
AF	0	0.274516	4	1	3	0	0	0	0
AF	0	0.274828	1	0	1	0	0	0	0
AF	0	0.275765	1	0	1	0	0	0	0
AF	0	0.276077	1	0	1	0	0	0	0
AF	0	0.277014	2	1	1	0	0	0	0
AF	0	0.278264	5	4	1	0	0	0	0
AF	0	0.278576	1	0	1	0	0	0	0
AF	0	0.280137	1	1	0	0	0	0	0
AF	0	0.281074	1	1	0	0	0	0	0
AF	0	0.281387	1	1	0	0	0	0	0
AF	0	0.282011	2	1	1	0	0	0	0
AF	0	0.283260	3	3	0	0	0	0	0
AF	0	0.283885	2	2	0	0	0	0	0
AF	0	0.285134	4	3	1	0	0	0	0
AF	0	0.285447	3	3	0	0	0	0	0
AF	0	0.285759	5	5	0	0	0	0	0
AF	0	0.286071	4	4	0	0	0	0	0
AF	0	0.286384	5	3	2	0	0	0	0
AF	0	0.286696	2	1	1	0	0	0	0
AF	0	0.287008	1	0	1	0	0	0	0
AF	0	0.287633	2	1	1	0	0	0	0
AF	0	0.288570	1	0	1	0	0	0	0
AF	0	0.288882	3	3	0	0	0	0	0
AF	0	0.290443	1	1	0	0	0	0	0
AF	0	0.290756	4	2	2	0	0	0	0
AF	0	0.291380	7	5	2	0	0	0	0
AF	0	0.291693	3	3	0	0	0	0	0
AF	0	0.292005	5	4	1	0	0	0	0
AF	0	0.292317	3	3	0	0	0	0	0
AF	0	0.292942	3	2	1	0	0	0	0
AF	0	0.293254	1	0	1	0	0	0	0
AF	0	0.293567	1	0	1	0	0	0	0
AF	0	0.293879	1	1	0	0	0	0	0
AF	0	0.294191	2	2	0	0	0	0	0
AF	0	0.294503	1	0	1	0	0	0	0
AF	0	0.295753	4	2	2	0	0	0	0
AF	0	0.296377	3	3	0	0	0	0	0
AF	0	0.296690	1	0	1	0	0	0	0
AF	0	0.297002	7	6	1	0	0	0	0
AF	0	0.297626	2	1	1	0	0	0	0
AF	0	0.297939	3	3	0	0	0	0	0
AF	0	0.298251	4	4	0	0	0	0	0
AF	0	0.298563	1	1	0	0	0	0	0
AF	0	0.298876	5	2	3	0	0	0	0
AF	0	0.299500	1	0	1	0	0	0	0
AF	0	0.300125	2	0	2	0	0	0	0
AF	0	0.300437	4	3	1	0	0	0	0
AF	0	0.300750	4	3	1	0	0	0	0
AF	0	0.301062	3	1	2	0	0	0	0
AF	0	0.301374	6	2	4	0	0	0	0
AF	0	0.301999	4	2	2	0	0	0	0
AF	0	0.302311	3	2	1	0	0	0	0
AF	0	0.302623	8	5	3	0	0	0	0
AF	0	0.302936	3	1	2	0	0	0	0
AF	0	0.303248	4	2	2	0	0	0	0
AF	0	0.303560	1	0	1	0	0	0	0
AF	0	0.304497	4	2	2	0	0	0	0
AF	0	0.305122	1	1	0	0	0	0	0
AF	0	0.305746	1	1	0	0	0	0	0
AF	0	0.306059	2	2	0	0	0	0	0
AF	0	0.306683	2	1	1	0	0	0	0
AF	0	0.306996	1	1	0	0	0	0	0
AF	0	0.307620	1	1	0	0	0	0	0
AF	0	0.307933	1	1	0	0	0	0	0
AF	0	0.309494	3	3	0	0	0	0	0
AF	0	0.309806	2	1	1	0	0	0	0
AF	0	0.310743	1	1	0	0	0	0	0
AF	0	0.311368	1	0	1	0	0	0	0
AF	0	0.311680	2	1	1	0	0	0	0
AF	0	0.311993	3	2	1	0	0	0	0
AF	0	0.312929	1	0	1	0	0	0	0
AF	0	0.313242	1	0	1	0	0	0	0
AF	0	0.313554	2	1	1	0	0	0	0
AF	0	0.313866	1	1	0	0	0	0	0
AF	0	0.314179	1	1	0	0	0	0	0
AF	0	0.314491	1	0	1	0	0	0	0
AF	0	0.315116	1	1	0	0	0	0	0
AF	0	0.315740	2	2	0	0	0	0	0
AF	0	0.316052	1	1	0	0	0	0	0
AF	0	0.316365	8	4	4	0	0	0	0
AF	0	0.316677	4	4	0	0	0	0	0
AF	0	0.316989	5	4	1	0	0	0	0
AF	0	0.317614	2	2	0	0	0	0	0
AF	0	0.317926	1	1	0	0	0	0	0
AF	0	0.318239	1	1	0	0	0	0	0
AF	0	0.318551	6	4	2	0	0	0	0
AF	0	0.318863	1	1	0	0	0	0	0
AF	0	0.319176	2	1	1	0	0	0	0
AF	0	0.319488	1	1	0	0	0	0	0
AF	0	0.320112	1	0	1	0	0	0	0
AF	0	0.320737	2	1	1	0	0	0	0
AF	0	0.321049	4	3	1	0	0	0	0
AF	0	0.321362	2	1	1	0	0	0	0
AF	0	0.321986	1	1	0	0	0	0	0
AF	0	0.322923	1	0	1	0	0	0	0
AF	0	0.323235	1	1	0	0	0	0	0
AF	0	0.323860	1	1	0	0	0	0	0
AF	0	0.324485	1	0	1	0	0	0	0
AF	0	0.325734	2	1	1	0	0	0	0
AF	0	0.326359	1	1	0	0	0	0	0
AF	0	0.326983	1	1	0	0	0	0	0
AF	0	0.327295	1	0	1	0	0	0	0
AF	0	0.327608	1	1	0	0	0	0	0
AF	0	0.328232	3	2	1	0	0	0	0
AF	0	0.328857	1	0	1	0	0	0	0
AF	0	0.329482	1	1	0	0	0	0	0
AF	0	0.330106	1	0	1	0	0	0	0
AF	0	0.330731	2	2	0	0	0	0	0
AF	0	0.331355	2	2	0	0	0	0	0
AF	0	0.331668	1	0	1	0	0	0	0
AF	0	0.332917	1	1	0	0	0	0	0
AF	0	0.333542	1	1	0	0	0	0	0
AF	0	0.334166	1	0	1	0	0	0	0
AF	0	0.335103	1	1	0	0	0	0	0
AF	0	0.335415	4	3	1	0	0	0	0
AF	0	0.335728	4	3	1	0	0	0	0
AF	0	0.336040	18	15	3	0	0	0	0
AF	0	0.336352	10	7	3	0	0	0	0
AF	0	0.336665	9	5	4	0	0	0	0
AF	0	0.336977	4	2	2	0	0	0	0
AF	0	0.337289	3	1	2	0	0	0	0
AF	0	0.337914	1	0	1	0	0	0	0
AF	0	0.338538	3	3	0	0	0	0	0
AF	0	0.338851	1	1	0	0	0	0	0
AF	0	0.339788	1	1	0	0	0	0	0
AF	0	0.341661	1	1	0	0	0	0	0
AF	0	0.342286	2	1	1	0	0	0	0
AF	0	0.342911	1	1	0	0	0	0	0
AF	0	0.343535	1	1	0	0	0	0	0
AF	0	0.343848	1	0	1	0	0	0	0
AF	0	0.344472	2	1	1	0	0	0	0
AF	0	0.344785	2	1	1	0	0	0	0
AF	0	0.345409	12	6	6	0	0	0	0
AF	0	0.345721	3	3	0	0	0	0	0
AF	0	0.346034	4	3	1	0	0	0	0
AF	0	0.346658	5	4	1	0	0	0	0
AF	0	0.347283	1	1	0	0	0	0	0
AF	0	0.347595	1	1	0	0	0	0	0
AF	0	0.347908	9	8	1	0	0	0	0
AF	0	0.348532	1	1	0	0	0	0	0
AF	0	0.348844	1	1	0	0	0	0	0
AF	0	0.350094	1	1	0	0	0	0	0
AF	0	0.350718	1	0	1	0	0	0	0
AF	0	0.351031	1	1	0	0	0	0	0
AF	0	0.351343	2	1	1	0	0	0	0
AF	0	0.351655	3	3	0	0	0	0	0
AF	0	0.351968	1	1	0	0	0	0	0
AF	0	0.352280	6	4	2	0	0	0	0
AF	0	0.352592	1	1	0	0	0	0	0
AF	0	0.352904	2	2	0	0	0	0	0
AF	0	0.353529	1	0	1	0	0	0	0
AF	0	0.354154	2	1	1	0	0	0	0
AF	0	0.354466	2	2	0	0	0	0	0
AF	0	0.354778	2	1	1	0	0	0	0
AF	0	0.355091	1	1	0	0	0	0	0
AF	0	0.355403	5	3	2	0	0	0	0
AF	0	0.356652	1	0	1	0	0	0	0
AF	0	0.357277	1	1	0	0	0	0	0
AF	0	0.357901	1	1	0	0	0	0	0
AF	0	0.358214	1	0	1	0	0	0	0
AF	0	0.360400	3	3	0	0	0	0	0
AF	0	0.360712	1	1	0	0	0	0	0
AF	0	0.361024	2	2	0	0	0	0	0
AF	0	0.361337	2	2	0	0	0	0	0
AF	0	0.361649	3	3	0	0	0	0	0
AF	0	0.361961	2	1	1	0	0	0	0
AF	0	0.362274	2	1	1	0	0	0	0
AF	0	0.362586	1	1	0	0	0	0	0
AF	0	0.363210	1	1	0	0	0	0	0
AF	0	0.364147	1	1	0	0	0	0	0
AF	0	0.364460	1	1	0	0	0	0	0
AF	0	0.366021	4	4	0	0	0	0	0
AF	0	0.366334	1	1	0	0	0	0	0
AF	0	0.366646	1	1	0	0	0	0	0
AF	0	0.366958	1	1	0	0	0	0	0
AF	0	0.367270	1	0	1	0	0	0	0
AF	0	0.367583	3	3	0	0	0	0	0
AF	0	0.367895	2	2	0	0	0	0	0
AF	0	0.368207	1	1	0	0	0	0	0
AF	0	0.369457	1	1	0	0	0	0	0
AF	0	0.369769	3	1	2	0	0	0	0
AF	0	0.370394	1	1	0	0	0	0	0
AF	0	0.371018	1	1	0	0	0	0	0
AF	0	0.371330	3	1	2	0	0	0	0
AF	0	0.371643	1	0	1	0	0	0	0
AF	0	0.371955	3	3	0	0	0	0	0
AF	0	0.372267	8	7	1	0	0	0	0
AF	0	0.372580	3	2	1	0	0	0	0
AF	0	0.372892	6	3	3	0	0	0	0
AF	0	0.373204	2	2	0	0	0	0	0
AF	0	0.373517	1	1	0	0	0	0	0
AF	0	0.374141	1	1	0	0	0	0	0
AF	0	0.374766	1	1	0	0	0	0	0
AF	0	0.375078	1	0	1	0	0	0	0
AF	0	0.375703	2	1	1	0	0	0	0
AF	0	0.376327	2	1	1	0	0	0	0
AF	0	0.376640	2	1	1	0	0	0	0
AF	0	0.377264	2	1	1	0	0	0	0
AF	0	0.377577	3	3	0	0	0	0	0
AF	0	0.377889	2	0	2	0	0	0	0
AF	0	0.378201	1	0	1	0	0	0	0
AF	0	0.378513	3	1	2	0	0	0	0
AF	0	0.378826	1	1	0	0	0	0	0
AF	0	0.379138	2	2	0	0	0	0	0
AF	0	0.379450	1	1	0	0	0	0	0
AF	0	0.379763	7	6	1	0	0	0	0
AF	0	0.380075	2	1	1	0	0	0	0
AF	0	0.380387	12	8	4	0	0	0	0
AF	0	0.380700	10	6	4	0	0	0	0
AF	0	0.381012	18	15	3	0	0	0	0
AF	0	0.381324	1	0	1	0	0	0	0
AF	0	0.381636	4	3	1	0	0	0	0
AF	0	0.381949	1	0	1	0	0	0	0
AF	0	0.382261	1	0	1	0	0	0	0
AF	0	0.382886	1	1	0	0	0	0	0
AF	0	0.384135	1	1	0	0	0	0	0
AF	0	0.384447	1	0	1	0	0	0	0
AF	0	0.384760	1	1	0	0	0	0	0
AF	0	0.385072	1	1	0	0	0	0	0
AF	0	0.386321	1	1	0	0	0	0	0
AF	0	0.386946	1	1	0	0	0	0	0
AF	0	0.389132	2	1	1	0	0	0	0
AF	0	0.389756	1	1	0	0	0	0	0
AF	0	0.390069	1	0	1	0	0	0	0
AF	0	0.390381	1	1	0	0	0	0	0
AF	0	0.391630	1	0	1	0	0	0	0
AF	0	0.392567	1	0	1	0	0	0	0
AF	0	0.393816	1	1	0	0	0	0	0
AF	0	0.394129	1	0	1	0	0	0	0
AF	0	0.394753	1	0	1	0	0	0	0
AF	0	0.395066	1	1	0	0	0	0	0
AF	0	0.395378	1	1	0	0	0	0	0
AF	0	0.395690	1	0	1	0	0	0	0
AF	0	0.396002	3	2	1	0	0	0	0
AF	0	0.396315	1	1	0	0	0	0	0
AF	0	0.396627	2	1	1	0	0	0	0
AF	0	0.397252	1	0	1	0	0	0	0
AF	0	0.397876	1	0	1	0	0	0	0
AF	0	0.398189	1	0	1	0	0	0	0
AF	0	0.399126	2	2	0	0	0	0	0
AF	0	0.399438	2	2	0	0	0	0	0
AF	0	0.400375	1	1	0	0	0	0	0
AF	0	0.400687	1	0	1	0	0	0	0
AF	0	0.400999	3	2	1	0	0	0	0
AF	0	0.401312	2	1	1	0	0	0	0
AF	0	0.402249	4	3	1	0	0	0	0
AF	0	0.402873	1	1	0	0	0	0	0
AF	0	0.403498	4	4	0	0	0	0	0
AF	0	0.403810	1	1	0	0	0	0	0
AF	0	0.404122	1	1	0	0	0	0	0
AF	0	0.404435	1	1	0	0	0	0	0
AF	0	0.405372	3	2	1	0	0	0	0
AF	0	0.405684	1	0	1	0	0	0	0
AF	0	0.405996	4	4	0	0	0	0	0
AF	0	0.406621	4	3	1	0	0	0	0
AF	0	0.406933	2	1	1	0	0	0	0
AF	0	0.409744	1	1	0	0	0	0	0
AF	0	0.410056	1	1	0	0	0	0	0
AF	0	0.410369	1	0	1	0	0	0	0
AF	0	0.410993	1	1	0	0	0	0	0
AF	0	0.411305	1	0	1	0	0	0	0
AF	0	0.411930	2	1	1	0	0	0	0
AF	0	0.412242	1	1	0	0	0	0	0
AF	0	0.412867	1	1	0	0	0	0	0
AF	0	0.413492	1	0	1	0	0	0	0
AF	0	0.414741	1	1	0	0	0	0	0
AF	0	0.416615	1	1	0	0	0	0	0
AF	0	0.417864	1	1	0	0	0	0	0
AF	0	0.419113	2	2	0	0	0	0	0
AF	0	0.419738	2	2	0	0	0	0	0
AF	0	0.420362	1	1	0	0	0	0	0
AF	0	0.420987	1	1	0	0	0	0	0
AF	0	0.421924	1	0	1	0	0	0	0
AF	0	0.423485	2	1	1	0	0	0	0
AF	0	0.423798	1	1	0	0	0	0	0
AF	0	0.425047	1	0	1	0	0	0	0
AF	0	0.427233	2	1	1	0	0	0	0
AF	0	0.427858	2	2	0	0	0	0	0
AF	0	0.430044	1	1	0	0	0	0	0
AF	0	0.431605	2	1	1	0	0	0	0
AF	0	0.432230	1	0	1	0	0	0	0
AF	0	0.432542	1	0	1	0	0	0	0
AF	0	0.432854	1	1	0	0	0	0	0
AF	0	0.433167	1	0	1	0	0	0	0
AF	0	0.433479	2	1	1	0	0	0	0
AF	0	0.434416	1	0	1	0	0	0	0
AF	0	0.434728	1	1	0	0	0	0	0
AF	0	0.435353	1	1	0	0	0	0	0
AF	0	0.435978	2	2	0	0	0	0	0
AF	0	0.437539	2	2	0	0	0	0	0
AF	0	0.438476	2	1	1	0	0	0	0
AF	0	0.439101	1	0	1	0	0	0	0
AF	0	0.439725	1	0	1	0	0	0	0
AF	0	0.440037	2	2	0	0	0	0	0
AF	0	0.440974	2	2	0	0	0	0	0
AF	0	0.441599	2	1	1	0	0	0	0
AF	0	0.442224	3	3	0	0	0	0	0
AF	0	0.442536	2	1	1	0	0	0	0
AF	0	0.442848	1	0	1	0	0	0	0
AF	0	0.443473	7	5	2	0	0	0	0
AF	0	0.444097	2	2	0	0	0	0	0
AF	0	0.444410	1	1	0	0	0	0	0
AF	0	0.444722	1	1	0	0	0	0	0
AF	0	0.445347	1	1	0	0	0	0	0
AF	0	0.445659	3	2	1	0	0	0	0
AF	0	0.445971	1	1	0	0	0	0	0
AF	0	0.446596	1	0	1	0	0	0	0
AF	0	0.446908	2	1	1	0	0	0	0
AF	0	0.447533	1	1	0	0	0	0	0
AF	0	0.448157	1	1	0	0	0	0	0
AF	0	0.448782	1	1	0	0	0	0	0
AF	0	0.449407	1	1	0	0	0	0	0
AF	0	0.450031	2	2	0	0	0	0	0
AF	0	0.450656	2	1	1	0	0	0	0
AF	0	0.451280	1	1	0	0	0	0	0
AF	0	0.452217	1	0	1	0	0	0	0
AF	0	0.455028	1	1	0	0	0	0	0
AF	0	0.455340	2	1	1	0	0	0	0
AF	0	0.456277	1	0	1	0	0	0	0
AF	0	0.456590	1	0	1	0	0	0	0
AF	0	0.457214	2	1	1	0	0	0	0
AF	0	0.457839	1	1	0	0	0	0	0
AF	0	0.458151	1	0	1	0	0	0	0
AF	0	0.458776	2	1	1	0	0	0	0
AF	0	0.459400	1	1	0	0	0	0	0
AF	0	0.460650	1	0	1	0	0	0	0
AF	0	0.460962	1	1	0	0	0	0	0
AF	0	0.461274	1	1	0	0	0	0	0
AF	0	0.462523	1	1	0	0	0	0	0
AF	0	0.463460	1	1	0	0	0	0	0
AF	0	0.465022	2	1	1	0	0	0	0
AF	0	0.465646	2	1	1	0	0	0	0
AF	0	0.466896	1	0	1	0	0	0	0
AF	0	0.467208	2	2	0	0	0	0	0
AF	0	0.467520	4	3	1	0	0	0	0
AF	0	0.467833	1	1	0	0	0	0	0
AF	0	0.468145	4	2	2	0	0	0	0
AF	0	0.468770	1	0	1	0	0	0	0
AF	0	0.469082	1	1	0	0	0	0	0
AF	0	0.469394	6	5	1	0	0	0	0
AF	0	0.471268	1	1	0	0	0	0	0
AF	0	0.471580	1	1	0	0	0	0	0
AF	0	0.471893	2	2	0	0	0	0	0
AF	0	0.472205	1	0	1	0	0	0	0
AF	0	0.472829	1	0	1	0	0	0	0
AF	0	0.473142	1	1	0	0	0	0	0
AF	0	0.474391	1	0	1	0	0	0	0
AF	0	0.475640	1	1	0	0	0	0	0
AF	0	0.475953	1	1	0	0	0	0	0
AF	0	0.477202	2	2	0	0	0	0	0
AF	0	0.477514	2	2	0	0	0	0	0
AF	0	0.479076	1	1	0	0	0	0	0
AF	0	0.480637	1	1	0	0	0	0	0
AF	0	0.481262	1	1	0	0	0	0	0
AF	0	0.484385	4	4	0	0	0	0	0
AF	0	0.484697	2	2	0	0	0	0	0
AF	0	0.485009	3	2	1	0	0	0	0
AF	0	0.485946	3	3	0	0	0	0	0
AF	0	0.486259	1	1	0	0	0	0	0
AF	0	0.486571	2	1	1	0	0	0	0
AF	0	0.486883	1	1	0	0	0	0	0
AF	0	0.490631	1	0	1	0	0	0	0
AF	0	0.493129	2	1	1	0	0	0	0
AF	0	0.493754	1	1	0	0	0	0	0
AF	0	0.494379	1	1	0	0	0	0	0
AF	0	0.494691	1	1	0	0	0	0	0
AF	0	0.496252	1	1	0	0	0	0	0
AF	0	0.496565	1	1	0	0	0	0	0
AF	0	0.496877	1	0	1	0	0	0	0
AF	0	0.499375	1	0	1	0	0	0	0
AF	0	0.499688	1	1	0	0	0	0	0
AF	0	0.500625	1	1	0	0	0	0	0
AF	0	0.502811	3	1	2	0	0	0	0
AF	0	0.503123	1	0	1	0	0	0	0
AF	0	0.504372	1	1	0	0	0	0	0
AF	0	0.505309	1	1	0	0	0	0	0
AF	0	0.505621	1	1	0	0	0	0	0
AF	0	0.506246	1	1	0	0	0	0	0
AF	0	0.507183	1	0	1	0	0	0	0
AF	0	0.508432	1	1	0	0	0	0	0
AF	0	0.509369	1	1	0	0	0	0	0
AF	0	0.509681	1	0	1	0	0	0	0
AF	0	0.509994	1	1	0	0	0	0	0
AF	0	0.515615	1	0	1	0	0	0	0
AF	0	0.516240	1	1	0	0	0	0	0
AF	0	0.516552	1	0	1	0	0	0	0
AF	0	0.516864	2	2	0	0	0	0	0
AF	0	0.517177	1	0	1	0	0	0	0
AF	0	0.518426	1	1	0	0	0	0	0
AF	0	0.519675	1	1	0	0	0	0	0
AF	0	0.520612	1	0	1	0	0	0	0
AF	0	0.522174	1	0	1	0	0	0	0
AF	0	0.523735	1	1	0	0	0	0	0
AF	0	0.524984	1	1	0	0	0	0	0
AF	0	0.525609	3	3	0	0	0	0	0
AF	0	0.525921	1	1	0	0	0	0	0
AF	0	0.526546	1	0	1	0	0	0	0
AF	0	0.528732	2	2	0	0	0	0	0
AF	0	0.530918	2	2	0	0	0	0	0
AF	0	0.532480	2	2	0	0	0	0	0
AF	0	0.533104	1	1	0	0	0	0	0
AF	0	0.533729	1	1	0	0	0	0	0
AF	0	0.534354	1	0	1	0	0	0	0
AF	0	0.534666	1	1	0	0	0	0	0
AF	0	0.536227	1	1	0	0	0	0	0
AF	0	0.536540	2	0	2	0	0	0	0
AF	0	0.536852	1	0	1	0	0	0	0
AF	0	0.537789	1	0	1	0	0	0	0
AF	0	0.539038	1	0	1	0	0	0	0
AF	0	0.540287	1	1	0	0	0	0	0
AF	0	0.540600	1	1	0	0	0	0	0
AF	0	0.541537	1	0	1	0	0	0	0
AF	0	0.542473	2	0	2	0	0	0	0
AF	0	0.549344	3	2	1	0	0	0	0
AF	0	0.551218	1	0	1	0	0	0	0
AF	0	0.551530	2	1	1	0	0	0	0
AF	0	0.551843	1	1	0	0	0	0	0
AF	0	0.552155	1	1	0	0	0	0	0
AF	0	0.552467	4	4	0	0	0	0	0
AF	0	0.552780	1	1	0	0	0	0	0
AF	0	0.553092	3	2	1	0	0	0	0
AF	0	0.553716	1	1	0	0	0	0	0
AF	0	0.554029	1	1	0	0	0	0	0
AF	0	0.555278	2	2	0	0	0	0	0
AF	0	0.555903	1	1	0	0	0	0	0
AF	0	0.556527	2	1	1	0	0	0	0
AF	0	0.557464	1	1	0	0	0	0	0
AF	0	0.558401	2	2	0	0	0	0	0
AF	0	0.559026	1	1	0	0	0	0	0
AF	0	0.561212	1	1	0	0	0	0	0
AF	0	0.562773	1	1	0	0	0	0	0
AF	0	0.565272	2	1	1	0	0	0	0
AF	0	0.565896	1	0	1	0	0	0	0
AF	0	0.566833	3	2	1	0	0	0	0
AF	0	0.567458	1	1	0	0	0	0	0
AF	0	0.567770	5	4	1	0	0	0	0
AF	0	0.568395	1	1	0	0	0	0	0
AF	0	0.569956	1	1	0	0	0	0	0
AF	0	0.570581	1	0	1	0	0	0	0
AF	0	0.570893	1	0	1	0	0	0	0
AF	0	0.571205	5	3	2	0	0	0	0
AF	0	0.571518	2	1	1	0	0	0	0
AF	0	0.571830	1	1	0	0	0	0	0
AF	0	0.572142	1	0	1	0	0	0	0
AF	0	0.572455	1	1	0	0	0	0	0
AF	0	0.573079	1	1	0	0	0	0	0
AF	0	0.574641	2	0	2	0	0	0	0
AF	0	0.575265	1	1	0	0	0	0	0
AF	0	0.575578	1	1	0	0	0	0	0
AF	0	0.576515	1	1	0	0	0	0	0
AF	0	0.578389	2	1	1	0	0	0	0
AF	0	0.579950	1	0	1	0	0	0	0
AF	0	0.580262	1	1	0	0	0	0	0
AF	0	0.581824	3	3	0	0	0	0	0
AF	0	0.582136	3	2	1	0	0	0	0
AF	0	0.582448	2	0	2	0	0	0	0
AF	0	0.582761	1	1	0	0	0	0	0
AF	0	0.583073	1	1	0	0	0	0	0
AF	0	0.583385	1	1	0	0	0	0	0
AF	0	0.584010	1	1	0	0	0	0	0
AF	0	0.586508	1	0	1	0	0	0	0
AF	0	0.590568	2	1	1	0	0	0	0
AF	0	0.591505	2	2	0	0	0	0	0
AF	0	0.592755	1	1	0	0	0	0	0
AF	0	0.593067	1	1	0	0	0	0	0
AF	0	0.594004	3	3	0	0	0	0	0
AF	0	0.594628	1	0	1	0	0	0	0
AF	0	0.594941	1	1	0	0	0	0	0
AF	0	0.595253	1	0	1	0	0	0	0
AF	0	0.596502	1	1	0	0	0	0	0
AF	0	0.597127	1	1	0	0	0	0	0
AF	0	0.598064	2	2	0	0	0	0	0
AF	0	0.598688	1	1	0	0	0	0	0
AF	0	0.599313	2	1	1	0	0	0	0
AF	0	0.601187	1	1	0	0	0	0	0
AF	0	0.601499	1	1	0	0	0	0	0
AF	0	0.604622	2	2	0	0	0	0	0
AF	0	0.604934	1	1	0	0	0	0	0
AF	0	0.605247	1	1	0	0	0	0	0
AF	0	0.607121	2	2	0	0	0	0	0
AF	0	0.607433	3	3	0	0	0	0	0
AF	0	0.607745	2	1	1	0	0	0	0
AF	0	0.608682	1	0	1	0	0	0	0
AF	0	0.608994	2	2	0	0	0	0	0
AF	0	0.614616	1	1	0	0	0	0	0
AF	0	0.615553	1	0	1	0	0	0	0
AF	0	0.617114	1	1	0	0	0	0	0
AF	0	0.618988	1	1	0	0	0	0	0
AF	0	0.619300	1	0	1	0	0	0	0
AF	0	0.620237	3	3	0	0	0	0	0
AF	0	0.620550	1	1	0	0	0	0	0
AF	0	0.620862	3	2	1	0	0	0	0
AF	0	0.622111	1	0	1	0	0	0	0
AF	0	0.622736	1	0	1	0	0	0	0
AF	0	0.624610	1	1	0	0	0	0	0
AF	0	0.624922	1	1	0	0	0	0	0
AF	0	0.626483	1	1	0	0	0	0	0
AF	0	0.627733	1	1	0	0	0	0	0
AF	0	0.632730	1	1	0	0	0	0	0
AF	0	0.633354	1	1	0	0	0	0	0
AF	0	0.633979	2	2	0	0	0	0	0
AF	0	0.634291	1	1	0	0	0	0	0
AF	0	0.635228	3	1	2	0	0	0	0
AF	0	0.637414	1	1	0	0	0	0	0
AF	0	0.638976	1	1	0	0	0	0	0
AF	0	0.640849	1	1	0	0	0	0	0
AF	0	0.641474	1	1	0	0	0	0	0
AF	0	0.641786	2	2	0	0	0	0	0
AF	0	0.643973	1	1	0	0	0	0	0
AF	0	0.644285	2	2	0	0	0	0	0
AF	0	0.644597	1	1	0	0	0	0	0
AF	0	0.645222	2	1	1	0	0	0	0
AF	0	0.645846	1	1	0	0	0	0	0
AF	0	0.647720	3	2	1	0	0	0	0
AF	0	0.648969	1	1	0	0	0	0	0
AF	0	0.650219	1	1	0	0	0	0	0
AF	0	0.650531	3	3	0	0	0	0	0
AF	0	0.651468	1	1	0	0	0	0	0
AF	0	0.651780	1	1	0	0	0	0	0
AF	0	0.652092	2	2	0	0	0	0	0
AF	0	0.652405	1	1	0	0	0	0	0
AF	0	0.652717	1	1	0	0	0	0	0
AF	0	0.653342	1	0	1	0	0	0	0
AF	0	0.653966	1	1	0	0	0	0	0
AF	0	0.654591	2	2	0	0	0	0	0
AF	0	0.655215	1	1	0	0	0	0	0
AF	0	0.655840	2	2	0	0	0	0	0
AF	0	0.656777	1	0	1	0	0	0	0
AF	0	0.657089	2	2	0	0	0	0	0
AF	0	0.657402	6	3	3	0	0	0	0
AF	0	0.657714	3	1	2	0	0	0	0
AF	0	0.658339	1	0	1	0	0	0	0
AF	0	0.659275	1	0	1	0	0	0	0
AF	0	0.659588	1	0	1	0	0	0	0
AF	0	0.661462	1	0	1	0	0	0	0
AF	0	0.663960	1	0	1	0	0	0	0
AF	0	0.664585	1	0	1	0	0	0	0
AF	0	0.665209	1	1	0	0	0	0	0
AF	0	0.665834	1	1	0	0	0	0	0
AF	0	0.666458	2	2	0	0	0	0	0
AF	0	0.667708	6	3	3	0	0	0	0
AF	0	0.668020	2	2	0	0	0	0	0
AF	0	0.668332	2	1	1	0	0	0	0
AF	0	0.668645	1	1	0	0	0	0	0
AF	0	0.669269	3	3	0	0	0	0	0
AF	0	0.670206	1	1	0	0	0	0	0
AF	0	0.671143	4	3	1	0	0	0	0
AF	0	0.672392	1	1	0	0	0	0	0
AF	0	0.674266	2	1	1	0	0	0	0
AF	0	0.674891	1	1	0	0	0	0	0
AF	0	0.675515	2	0	2	0	0	0	0
AF	0	0.675828	1	1	0	0	0	0	0
AF	0	0.676140	2	2	0	0	0	0	0
AF	0	0.676452	3	1	2	0	0	0	0
AF	0	0.678014	1	1	0	0	0	0	0
AF	0	0.678638	1	0	1	0	0	0	0
AF	0	0.683011	2	2	0	0	0	0	0
AF	0	0.683323	2	0	2	0	0	0	0
AF	0	0.693317	1	1	0	0	0	0	0
AF	0	0.697689	1	1	0	0	0	0	0
AF	0	0.700500	1	1	0	0	0	0	0
AF	0	0.701437	1	0	1	0	0	0	0
AF	0	0.705809	1	1	0	0	0	0	0
AF	0	0.707370	1	0	1	0	0	0	0
AF	0	0.712367	1	1	0	0	0	0	0
AF	0	0.713616	1	1	0	0	0	0	0
AF	0	0.714241	1	0	1	0	0	0	0
AF	0	0.716427	1	1	0	0	0	0	0
AF	0	0.717989	1	1	0	0	0	0	0
AF	0	0.718613	1	0	1	0	0	0	0
AF	0	0.719863	2	0	2	0	0	0	0
AF	0	0.722049	2	2	0	0	0	0	0
AF	0	0.722361	4	4	0	0	0	0	0
AF	0	0.722986	1	0	1	0	0	0	0
AF	0	0.725484	1	1	0	0	0	0	0
AF	0	0.727046	1	1	0	0	0	0	0
AF	0	0.727358	1	1	0	0	0	0	0
AF	0	0.730169	1	1	0	0	0	0	0
AF	0	0.732042	1	1	0	0	0	0	0
AF	0	0.732979	2	2	0	0	0	0	0
AF	0	0.733916	1	1	0	0	0	0	0
AF	0	0.734229	1	1	0	0	0	0	0
AF	0	0.737664	1	0	1	0	0	0	0
AF	0	0.739850	1	1	0	0	0	0	0
AF	0	0.741724	1	1	0	0	0	0	0
AF	0	0.744535	1	1	0	0	0	0	0
AF	0	0.745159	1	1	0	0	0	0	0
AF	0	0.746721	1	0	1	0	0	0	0
AF	0	0.747970	1	1	0	0	0	0	0
AF	0	0.748595	1	1	0	0	0	0	0
AF	0	0.750781	1	1	0	0	0	0	0
AF	0	0.751093	1	1	0	0	0	0	0
AF	0	0.751405	1	0	1	0	0	0	0
AF	0	0.751718	1	1	0	0	0	0	0
AF	0	0.752030	1	1	0	0	0	0	0
AF	0	0.753592	1	1	0	0	0	0	0
AF	0	0.757339	1	1	0	0	0	0	0
AF	0	0.757964	1	0	1	0	0	0	0
AF	0	0.758588	3	3	0	0	0	0	0
AF	0	0.759525	1	1	0	0	0	0	0
AF	0	0.759838	1	1	0	0	0	0	0
AF	0	0.761711	1	1	0	0	0	0	0
AF	0	0.764210	1	1	0	0	0	0	0
AF	0	0.765459	1	1	0	0	0	0	0
AF	0	0.766396	1	1	0	0	0	0	0
AF	0	0.767021	1	1	0	0	0	0	0
AF	0	0.770144	1	0	1	0	0	0	0
AF	0	0.773579	1	1	0	0	0	0	0
AF	0	0.775141	1	1	0	0	0	0	0
AF	0	0.776077	1	1	0	0	0	0	0
AF	0	0.779200	2	1	1	0	0	0	0
AF	0	0.779513	2	1	1	0	0	0	0
AF	0	0.779825	1	1	0	0	0	0	0
AF	0	0.785134	1	1	0	0	0	0	0
AF	0	0.791380	1	1	0	0	0	0	0
AF	0	0.792630	1	1	0	0	0	0	0
AF	0	0.800125	1	1	0	0	0	0	0
AF	0	0.806996	1	1	0	0	0	0	0
AF	0	0.819488	1	1	0	0	0	0	0
AF	0	0.823235	1	0	1	0	0	0	0
AF	0	0.824485	1	1	0	0	0	0	0
AF	0	0.838851	1	1	0	0	0	0	0
AF	0	0.839475	1	1	0	0	0	0	0
AF	0	0.839788	4	3	1	0	0	0	0
AF	0	0.840100	2	1	1	0	0	0	0
AF	0	0.848220	2	2	0	0	0	0	0
AF	0	0.848532	1	0	1	0	0	0	0
AF	0	0.848844	1	1	0	0	0	0	0
AF	0	0.852592	1	0	1	0	0	0	0
AF	0	0.853217	2	1	1	0	0	0	0
AF	0	0.853841	1	0	1	0	0	0	0
AF	0	0.854154	2	2	0	0	0	0	0
AF	0	0.856964	1	1	0	0	0	0	0
AF	0	0.861649	1	0	1	0	0	0	0
AF	0	0.861961	1	1	0	0	0	0	0
AF	0	0.865084	1	0	1	0	0	0	0
AF	0	0.871955	1	1	0	0	0	0	0
AF	0	0.872580	1	1	0	0	0	0	0
AF	0	0.873204	1	1	0	0	0	0	0
AF	0	0.875078	1	1	0	0	0	0	0
AF	0	0.876640	1	0	1	0	0	0	0
AF	0	0.879138	1	0	1	0	0	0	0
AF	0	0.881012	1	0	1	0	0	0	0
AF	0	0.883198	1	0	1	0	0	0	0
AF	0	0.883510	2	1	1	0	0	0	0
AF	0	0.887570	1	1	0	0	0	0	0
AF	0	0.887883	3	1	2	0	0	0	0
AF	0	0.888195	1	0	1	0	0	0	0
AF	0	0.889132	1	1	0	0	0	0	0
AF	0	0.889756	1	1	0	0	0	0	0
AF	0	0.890069	1	0	1	0	0	0	0
AF	0	0.894129	1	1	0	0	0	0	0
AF	0	0.894753	1	1	0	0	0	0	0
AF	0	0.895066	1	1	0	0	0	0	0
AF	0	0.896002	1	0	1	0	0	0	0
AF	0	0.897564	1	1	0	0	0	0	0
AF	0	0.897876	1	0	1	0	0	0	0
AF	0	0.898189	1	1	0	0	0	0	0
AF	0	0.898501	1	1	0	0	0	0	0
AF	0	0.899126	1	1	0	0	0	0	0
AF	0	0.899750	1	1	0	0	0	0	0
AF	0	0.900375	1	1	0	0	0	0	0
AF	0	0.900687	3	2	1	0	0	0	0
AF	0	0.901312	1	1	0	0	0	0	0
AF	0	0.901624	2	0	2	0	0	0	0
AF	0	0.902873	2	2	0	0	0	0	0
AF	0	0.904435	1	1	0	0	0	0	0
AF	0	0.904747	2	1	1	0	0	0	0
AF	0	0.905372	1	1	0	0	0	0	0
AF	0	0.907245	1	0	1	0	0	0	0
AF	0	0.908495	1	1	0	0	0	0	0
AF	0	0.909744	1	1	0	0	0	0	0
AF	0	0.915053	1	1	0	0	0	0	0
AF	0	0.916615	1	1	0	0	0	0	0
AF	0	0.916927	1	1	0	0	0	0	0
AF	0	0.918488	1	1	0	0	0	0	0
AF	0	0.920050	1	0	1	0	0	0	0
AF	0	0.920987	2	1	1	0	0	0	0
AF	0	0.921299	3	2	1	0	0	0	0
AF	0	0.925671	1	1	0	0	0	0	0
AF	0	0.926296	1	1	0	0	0	0	0
AF	0	0.926608	3	2	1	0	0	0	0
AF	0	0.926921	2	2	0	0	0	0	0
AF	0	0.927233	2	2	0	0	0	0	0
AF	0	0.927545	1	0	1	0	0	0	0
AF	0	0.930981	1	1	0	0	0	0	0
AF	0	0.931605	1	0	1	0	0	0	0
AF	0	0.932854	1	0	1	0	0	0	0
AF	0	0.933479	1	0	1	0	0	0	0
AF	0	0.933791	4	3	1	0	0	0	0
AF	0	0.934104	7	6	1	0	0	0	0
AF	0	0.937539	1	0	1	0	0	0	0
AF	0	0.937851	1	1	0	0	0	0	0
AF	0	0.940350	1	1	0	0	0	0	0
AF	0	0.940662	1	0	1	0	0	0	0
AF	0	0.940974	2	1	1	0	0	0	0
AF	0	0.941287	4	3	1	0	0	0	0
AF	0	0.941599	4	3	1	0	0	0	0
AF	0	0.941911	4	1	3	0	0	0	0
AF	0	0.942224	2	0	2	0	0	0	0
AF	0	0.942848	5	4	1	0	0	0	0
AF	0	0.943161	1	0	1	0	0	0	0
AF	0	0.943473	3	1	2	0	0	0	0
AF	0	0.943785	3	3	0	0	0	0	0
AF	0	0.944097	1	0	1	0	0	0	0
AF	0	0.944722	1	1	0	0	0	0	0
AF	0	0.945034	2	1	1	0	0	0	0
AF	0	0.945347	5	5	0	0	0	0	0
AF	0	0.945659	1	0	1	0	0	0	0
AF	0	0.945971	1	1	0	0	0	0	0
AF	0	0.946908	1	1	0	0	0	0	0
AF	0	0.947845	1	1	0	0	0	0	0
AF	0	0.948157	1	1	0	0	0	0	0
AF	0	0.948470	1	1	0	0	0	0	0
AF	0	0.949094	1	0	1	0	0	0	0
AF	0	0.950656	1	0	1	0	0	0	0
AF	0	0.951280	1	1	0	0	0	0	0
AF	0	0.951593	1	0	1	0	0	0	0
AF	0	0.952217	1	0	1	0	0	0	0
AF	0	0.952530	1	1	0	0	0	0	0
AF	0	0.952842	1	0	1	0	0	0	0
AF	0	0.954716	1	0	1	0	0	0	0
AF	0	0.955340	1	1	0	0	0	0	0
AF	0	0.955653	2	1	1	0	0	0	0
AF	0	0.957839	1	1	0	0	0	0	0
AF	0	0.958463	2	1	1	0	0	0	0
AF	0	0.959713	1	1	0	0	0	0	0
AF	0	0.960025	1	0	1	0	0	0	0
AF	0	0.961274	1	1	0	0	0	0	0
AF	0	0.962836	2	2	0	0	0	0	0
AF	0	0.963773	1	1	0	0	0	0	0
AF	0	0.965022	3	2	1	0	0	0	0
AF	0	0.965334	4	3	1	0	0	0	0
AF	0	0.965959	3	1	2	0	0	0	0
AF	0	0.966271	4	1	3	0	0	0	0
AF	0	0.967208	1	0	1	0	0	0	0
AF	0	0.967833	3	3	0	0	0	0	0
AF	0	0.969706	3	2	1	0	0	0	0
AF	0	0.970331	1	1	0	0	0	0	0
AF	0	0.970956	2	1	1	0	0	0	0
AF	0	0.971268	1	1	0	0	0	0	0
AF	0	0.972829	4	3	1	0	0	0	0
AF	0	0.974703	3	2	1	0	0	0	0
AF	0	0.975016	2	1	1	0	0	0	0
AF	0	0.977826	1	0	1	0	0	0	0
AF	0	0.980012	2	2	0	0	0	0	0
AF	0	0.982199	1	1	0	0	0	0	0
AF	0	0.983760	1	0	1	0	0	0	0
AF	0	0.984697	1	1	0	0	0	0	0
AF	0	0.985322	1	1	0	0	0	0	0
AF	0	0.985634	1	0	1	0	0	0	0
AF	0	0.985946	1	1	0	0	0	0	0
AF	0	0.986883	1	1	0	0	0	0	0
AF	0	0.987196	1	0	1	0	0	0	0
AF	0	0.988757	1	1	0	0	0	0	0
AF	0	0.989069	1	1	0	0	0	0	0
AF	0	0.990319	1	1	0	0	0	0	0
AF	0	0.991568	3	1	2	0	0	0	0
AF	0	0.991880	1	1	0	0	0	0	0
AF	0	0.992192	2	2	0	0	0	0	0
AF	0	0.992505	2	1	1	0	0	0	0
AF	0	0.994066	1	1	0	0	0	0	0
AF	0	0.994379	1	1	0	0	0	0	0
AF	0	0.994691	3	1	2	0	0	0	0
AF	0	0.995003	3	2	1	0	0	0	0
AF	0	0.995315	1	1	0	0	0	0	0
AF	0	0.995628	1	1	0	0	0	0	0
AF	0	0.995940	3	3	0	0	0	0	0
AF	0	0.997189	1	0	1	0	0	0	0
AF	0	0.997814	4	0	4	0	0	0	0
AF	0	0.998438	3	2	1	0	0	0	0
AF	0	0.998751	1	1	0	0	0	0	0
AF	0	0.999063	7	6	1	0	0	0	0
# QUAL, Stats by quality
# QUAL	[2]id	[3]Quality	[4]number of SNPs	[5]number of transitions (1st ALT)	[6]number of transversions (1st ALT)	[7]number of indels
QUAL	0	.	16376	11388	4988	0
# IDD, InDel distribution:
# IDD	[2]id	[3]length (deletions negative)	[4]number of sites	[5]number of genotypes	[6]mean VAF
# ST, Substitution types:
# ST	[2]id	[3]type	[4]count
ST	0	A>C	532
ST	0	A>G	2209
ST	0	A>T	483
ST	0	C>A	773
ST	0	C>G	757
ST	0	C>T	3532
ST	0	G>A	3583
ST	0	G>C	675
ST	0	G>T	707
ST	0	T>A	543
ST	0	T>C	2064
ST	0	T>G	518
# DP, Depth distribution
# DP	[2]id	[3]bin	[4]number of genotypes	[5]fraction of genotypes (%)	[6]number of sites	[7]fraction of sites (%)
  - Fix haploid genotypes in males...

Submit MakeDiploidMalesX finished successfully. Let's have a beer, buddy!

