Submit MakeDiploidMalesX
version 1.1.6 (2024-09-30)

These are the settings:
  Input file................: /hpc/local/Rocky8/dhl_ec/software/MonopogenLite/resources/1kGP_high_coverage_Illumina.SNVonly_poly.filtered_AF_5e-04.norm.fixvariantid.chrX.vcf.gz
  Output file...............: /hpc/local/Rocky8/dhl_ec/software/MonopogenLite/resources/1kGP_high_coverage_Illumina.SNVonly_poly.filtered_AF_5e-04.norm.fixvariantid.makediploid.chrX.vcf.gz
  Chunk size................: 100

  SLURM CPUs................: 4
  SLURM Array ID............: 87 (of 100)
  SLURM memory..............: 16G
  SLURM time................: 01:00:00
  SLURM mail type...........: FAIL
  SLURM mail user...........: s.w.vanderlaan-2@umcutrecht.nl

  Dry run mode..............: 0
  Debug mode................: 1
  Verbosity.................: 0
  Version...................: 1.1.6 (2024-09-30)

Making converting haploid genotypes to diploid genotypes.
> Extract the region for this SLURM task (# 87) from the BED file.
  - Get the chunk number from the SLURM array task ID and the bed file...
DEBUG: Extracting chunk number: 87p from 87
DEBUG: Extracting region from BED file: /hpc/local/Rocky8/dhl_ec/software/MonopogenLite/resources/chrX_100pieces.bed
  - Extract the region from the BED file...
DEBUG: Extracted raw region: 'chrX	134195089	135755496' (chunk #: 87p of 100 for job 87)
  - Check if a valid region was extracted -- should be 'chrX	134195089	135755496'...
  - Prepare the region for bcftools...
  - Check if the region (chrX:134195089-135755496) was successfully extracted...
> Processing region 'chrX:134195089-135755496'...
  - Process the specific region (chunk# 87) using bcftools view...
  - Index the VCF file...
DEBUG: Check if the VCF file was successfully processed...
##fileformat=VCFv4.2
##FILTER=<ID=PASS,Description="All filters passed">
##fileDate=29/01/2022 - 14:31:41
##source=shapeit4.2.2
##contig=<ID=chr1,length=248956422>
##contig=<ID=chr2,length=242193529>
##contig=<ID=chr3,length=198295559>
##contig=<ID=chr4,length=190214555>
##contig=<ID=chr5,length=181538259>
##contig=<ID=chr6,length=170805979>
# This file was produced by bcftools stats (1.20+htslib-1.20) and can be plotted using plot-vcfstats.
# The command line was:	bcftools stats  /hpc/local/Rocky8/dhl_ec/software/MonopogenLite/resources/chrX.part87.vcf.gz
#
# Definition of sets:
# ID	[2]id	[3]tab-separated file names
ID	0	/hpc/local/Rocky8/dhl_ec/software/MonopogenLite/resources/chrX.part87.vcf.gz
# SN, Summary numbers:
#   number of records   .. number of data rows in the VCF
#   number of no-ALTs   .. reference-only sites, ALT is either "." or identical to REF
#   number of SNPs      .. number of rows with a SNP
#   number of MNPs      .. number of rows with a MNP, such as CC>TT
#   number of indels    .. number of rows with an indel
#   number of others    .. number of rows with other type, for example a symbolic allele or
#                          a complex substitution, such as ACT>TCGA
#   number of multiallelic sites     .. number of rows with multiple alternate alleles
#   number of multiallelic SNP sites .. number of rows with multiple alternate alleles, all SNPs
# 
#   Note that rows containing multiple types will be counted multiple times, in each
#   counter. For example, a row with a SNP and an indel increments both the SNP and
#   the indel counter.
# 
# SN	[2]id	[3]key	[4]value
SN	0	number of samples:	3202
SN	0	number of records:	12771
SN	0	number of no-ALTs:	0
SN	0	number of SNPs:	12771
SN	0	number of MNPs:	0
SN	0	number of indels:	0
SN	0	number of others:	0
SN	0	number of multiallelic sites:	0
SN	0	number of multiallelic SNP sites:	0
# TSTV, transitions/transversions:
# TSTV	[2]id	[3]ts	[4]tv	[5]ts/tv	[6]ts (1st ALT)	[7]tv (1st ALT)	[8]ts/tv (1st ALT)
TSTV	0	8836	3935	2.25	8836	3935	2.25
# SiS, Singleton stats:
# SiS	[2]id	[3]allele count	[4]number of SNPs	[5]number of transitions	[6]number of transversions	[7]number of indels	[8]repeat-consistent	[9]repeat-inconsistent	[10]not applicable
SiS	0	1	0	0	0	0	0	0	0
# AF, Stats by non-reference allele frequency:
# AF	[2]id	[3]allele frequency	[4]number of SNPs	[5]number of transitions	[6]number of transversions	[7]number of indels	[8]repeat-consistent	[9]repeat-inconsistent	[10]not applicable
AF	0	0.000312	2289	1573	716	0	0	0	0
AF	0	0.000625	1356	955	401	0	0	0	0
AF	0	0.000937	1556	1064	492	0	0	0	0
AF	0	0.001249	465	323	142	0	0	0	0
AF	0	0.001562	715	505	210	0	0	0	0
AF	0	0.001874	248	180	68	0	0	0	0
AF	0	0.002186	464	328	136	0	0	0	0
AF	0	0.002498	185	139	46	0	0	0	0
AF	0	0.002811	344	237	107	0	0	0	0
AF	0	0.003123	102	73	29	0	0	0	0
AF	0	0.003435	261	169	92	0	0	0	0
AF	0	0.003748	128	89	39	0	0	0	0
AF	0	0.004060	222	162	60	0	0	0	0
AF	0	0.004372	90	64	26	0	0	0	0
AF	0	0.004685	226	154	72	0	0	0	0
AF	0	0.004997	102	78	24	0	0	0	0
AF	0	0.005309	160	115	45	0	0	0	0
AF	0	0.005621	56	33	23	0	0	0	0
AF	0	0.005934	100	68	32	0	0	0	0
AF	0	0.006246	48	33	15	0	0	0	0
AF	0	0.006558	102	69	33	0	0	0	0
AF	0	0.006871	45	28	17	0	0	0	0
AF	0	0.007183	57	36	21	0	0	0	0
AF	0	0.007495	56	38	18	0	0	0	0
AF	0	0.007808	77	55	22	0	0	0	0
AF	0	0.008120	41	26	15	0	0	0	0
AF	0	0.008432	68	45	23	0	0	0	0
AF	0	0.008745	41	30	11	0	0	0	0
AF	0	0.009057	78	49	29	0	0	0	0
AF	0	0.009369	29	23	6	0	0	0	0
AF	0	0.009681	36	26	10	0	0	0	0
AF	0	0.009994	36	23	13	0	0	0	0
AF	0	0.010306	61	40	21	0	0	0	0
AF	0	0.010618	21	15	6	0	0	0	0
AF	0	0.010931	51	29	22	0	0	0	0
AF	0	0.011243	27	22	5	0	0	0	0
AF	0	0.011555	39	30	9	0	0	0	0
AF	0	0.011868	30	21	9	0	0	0	0
AF	0	0.012180	40	30	10	0	0	0	0
AF	0	0.012492	21	13	8	0	0	0	0
AF	0	0.012804	26	16	10	0	0	0	0
AF	0	0.013117	13	6	7	0	0	0	0
AF	0	0.013429	30	21	9	0	0	0	0
AF	0	0.013741	16	12	4	0	0	0	0
AF	0	0.014054	71	54	17	0	0	0	0
AF	0	0.014366	31	18	13	0	0	0	0
AF	0	0.014678	42	29	13	0	0	0	0
AF	0	0.014991	19	15	4	0	0	0	0
AF	0	0.015303	36	24	12	0	0	0	0
AF	0	0.015615	42	31	11	0	0	0	0
AF	0	0.015928	28	20	8	0	0	0	0
AF	0	0.016240	13	5	8	0	0	0	0
AF	0	0.016552	33	20	13	0	0	0	0
AF	0	0.016864	6	4	2	0	0	0	0
AF	0	0.017177	15	12	3	0	0	0	0
AF	0	0.017489	9	5	4	0	0	0	0
AF	0	0.017801	13	10	3	0	0	0	0
AF	0	0.018114	7	3	4	0	0	0	0
AF	0	0.018426	15	12	3	0	0	0	0
AF	0	0.018738	13	8	5	0	0	0	0
AF	0	0.019051	32	21	11	0	0	0	0
AF	0	0.019363	11	9	2	0	0	0	0
AF	0	0.019675	22	12	10	0	0	0	0
AF	0	0.019988	10	6	4	0	0	0	0
AF	0	0.020300	27	16	11	0	0	0	0
AF	0	0.020612	5	3	2	0	0	0	0
AF	0	0.020924	33	26	7	0	0	0	0
AF	0	0.021237	11	7	4	0	0	0	0
AF	0	0.021549	19	14	5	0	0	0	0
AF	0	0.021861	9	4	5	0	0	0	0
AF	0	0.022174	20	17	3	0	0	0	0
AF	0	0.022486	11	6	5	0	0	0	0
AF	0	0.022798	10	6	4	0	0	0	0
AF	0	0.023111	2	1	1	0	0	0	0
AF	0	0.023423	7	4	3	0	0	0	0
AF	0	0.023735	7	5	2	0	0	0	0
AF	0	0.024047	6	4	2	0	0	0	0
AF	0	0.024360	2	0	2	0	0	0	0
AF	0	0.024672	8	7	1	0	0	0	0
AF	0	0.024984	1	1	0	0	0	0	0
AF	0	0.025297	13	11	2	0	0	0	0
AF	0	0.025609	2	2	0	0	0	0	0
AF	0	0.025921	11	8	3	0	0	0	0
AF	0	0.026234	6	5	1	0	0	0	0
AF	0	0.026546	15	11	4	0	0	0	0
AF	0	0.026858	15	11	4	0	0	0	0
AF	0	0.027171	29	22	7	0	0	0	0
AF	0	0.027483	21	14	7	0	0	0	0
AF	0	0.027795	32	24	8	0	0	0	0
AF	0	0.028107	11	6	5	0	0	0	0
AF	0	0.028420	20	14	6	0	0	0	0
AF	0	0.028732	7	7	0	0	0	0	0
AF	0	0.029044	7	4	3	0	0	0	0
AF	0	0.029357	3	3	0	0	0	0	0
AF	0	0.029669	13	10	3	0	0	0	0
AF	0	0.029981	8	6	2	0	0	0	0
AF	0	0.030294	4	4	0	0	0	0	0
AF	0	0.030606	7	7	0	0	0	0	0
AF	0	0.030918	9	6	3	0	0	0	0
AF	0	0.031230	5	4	1	0	0	0	0
AF	0	0.031543	8	7	1	0	0	0	0
AF	0	0.031855	6	4	2	0	0	0	0
AF	0	0.032167	19	17	2	0	0	0	0
AF	0	0.032480	12	9	3	0	0	0	0
AF	0	0.032792	5	3	2	0	0	0	0
AF	0	0.033104	3	2	1	0	0	0	0
AF	0	0.033417	8	7	1	0	0	0	0
AF	0	0.033729	6	6	0	0	0	0	0
AF	0	0.034041	7	4	3	0	0	0	0
AF	0	0.034354	5	4	1	0	0	0	0
AF	0	0.034666	3	2	1	0	0	0	0
AF	0	0.034978	2	1	1	0	0	0	0
AF	0	0.035290	8	6	2	0	0	0	0
AF	0	0.035603	1	1	0	0	0	0	0
AF	0	0.035915	3	0	3	0	0	0	0
AF	0	0.036227	1	0	1	0	0	0	0
AF	0	0.036540	13	9	4	0	0	0	0
AF	0	0.036852	3	3	0	0	0	0	0
AF	0	0.037164	6	4	2	0	0	0	0
AF	0	0.037477	3	3	0	0	0	0	0
AF	0	0.037789	10	7	3	0	0	0	0
AF	0	0.038101	2	2	0	0	0	0	0
AF	0	0.038413	9	4	5	0	0	0	0
AF	0	0.038726	5	2	3	0	0	0	0
AF	0	0.039038	6	4	2	0	0	0	0
AF	0	0.039350	3	3	0	0	0	0	0
AF	0	0.039663	8	7	1	0	0	0	0
AF	0	0.039975	2	2	0	0	0	0	0
AF	0	0.040287	10	4	6	0	0	0	0
AF	0	0.040600	2	2	0	0	0	0	0
AF	0	0.040912	3	0	3	0	0	0	0
AF	0	0.041224	4	2	2	0	0	0	0
AF	0	0.041537	1	1	0	0	0	0	0
AF	0	0.042161	2	2	0	0	0	0	0
AF	0	0.042473	4	3	1	0	0	0	0
AF	0	0.042786	6	4	2	0	0	0	0
AF	0	0.043098	3	2	1	0	0	0	0
AF	0	0.043410	1	1	0	0	0	0	0
AF	0	0.043723	3	0	3	0	0	0	0
AF	0	0.044035	13	10	3	0	0	0	0
AF	0	0.044347	10	8	2	0	0	0	0
AF	0	0.044660	7	4	3	0	0	0	0
AF	0	0.044972	6	3	3	0	0	0	0
AF	0	0.045284	8	5	3	0	0	0	0
AF	0	0.045909	1	1	0	0	0	0	0
AF	0	0.046221	3	3	0	0	0	0	0
AF	0	0.046533	2	2	0	0	0	0	0
AF	0	0.047158	2	2	0	0	0	0	0
AF	0	0.048095	1	0	1	0	0	0	0
AF	0	0.048407	1	1	0	0	0	0	0
AF	0	0.048720	2	2	0	0	0	0	0
AF	0	0.049032	3	2	1	0	0	0	0
AF	0	0.049344	2	2	0	0	0	0	0
AF	0	0.049656	1	0	1	0	0	0	0
AF	0	0.049969	2	1	1	0	0	0	0
AF	0	0.050281	10	8	2	0	0	0	0
AF	0	0.050593	5	4	1	0	0	0	0
AF	0	0.050906	2	0	2	0	0	0	0
AF	0	0.051218	4	2	2	0	0	0	0
AF	0	0.051530	6	3	3	0	0	0	0
AF	0	0.051843	1	1	0	0	0	0	0
AF	0	0.052155	2	1	1	0	0	0	0
AF	0	0.052467	3	3	0	0	0	0	0
AF	0	0.052780	8	6	2	0	0	0	0
AF	0	0.053092	1	1	0	0	0	0	0
AF	0	0.053404	5	3	2	0	0	0	0
AF	0	0.053716	4	3	1	0	0	0	0
AF	0	0.054029	1	1	0	0	0	0	0
AF	0	0.054341	1	0	1	0	0	0	0
AF	0	0.054966	1	1	0	0	0	0	0
AF	0	0.055278	1	1	0	0	0	0	0
AF	0	0.055590	1	0	1	0	0	0	0
AF	0	0.055903	3	3	0	0	0	0	0
AF	0	0.056215	2	1	1	0	0	0	0
AF	0	0.056527	2	1	1	0	0	0	0
AF	0	0.057152	4	3	1	0	0	0	0
AF	0	0.057464	3	2	1	0	0	0	0
AF	0	0.057776	4	3	1	0	0	0	0
AF	0	0.058089	2	0	2	0	0	0	0
AF	0	0.058401	2	1	1	0	0	0	0
AF	0	0.059026	1	1	0	0	0	0	0
AF	0	0.059650	2	2	0	0	0	0	0
AF	0	0.060275	1	1	0	0	0	0	0
AF	0	0.060587	2	1	1	0	0	0	0
AF	0	0.060899	2	2	0	0	0	0	0
AF	0	0.061212	3	1	2	0	0	0	0
AF	0	0.061524	2	2	0	0	0	0	0
AF	0	0.062461	2	2	0	0	0	0	0
AF	0	0.063086	1	0	1	0	0	0	0
AF	0	0.063398	2	1	1	0	0	0	0
AF	0	0.064022	4	2	2	0	0	0	0
AF	0	0.064647	3	2	1	0	0	0	0
AF	0	0.064959	1	1	0	0	0	0	0
AF	0	0.065272	1	1	0	0	0	0	0
AF	0	0.066209	2	1	1	0	0	0	0
AF	0	0.066521	2	1	1	0	0	0	0
AF	0	0.066833	1	1	0	0	0	0	0
AF	0	0.067146	5	2	3	0	0	0	0
AF	0	0.067458	3	0	3	0	0	0	0
AF	0	0.067770	8	5	3	0	0	0	0
AF	0	0.068082	5	3	2	0	0	0	0
AF	0	0.068395	2	2	0	0	0	0	0
AF	0	0.069019	5	5	0	0	0	0	0
AF	0	0.069332	1	1	0	0	0	0	0
AF	0	0.069644	2	2	0	0	0	0	0
AF	0	0.069956	1	1	0	0	0	0	0
AF	0	0.071518	1	1	0	0	0	0	0
AF	0	0.072142	1	0	1	0	0	0	0
AF	0	0.072455	1	1	0	0	0	0	0
AF	0	0.072767	2	1	1	0	0	0	0
AF	0	0.073392	1	1	0	0	0	0	0
AF	0	0.074641	1	1	0	0	0	0	0
AF	0	0.075265	1	1	0	0	0	0	0
AF	0	0.075890	1	1	0	0	0	0	0
AF	0	0.076202	1	1	0	0	0	0	0
AF	0	0.076515	1	1	0	0	0	0	0
AF	0	0.076827	1	0	1	0	0	0	0
AF	0	0.077139	1	0	1	0	0	0	0
AF	0	0.077452	1	1	0	0	0	0	0
AF	0	0.077764	2	1	1	0	0	0	0
AF	0	0.078076	1	1	0	0	0	0	0
AF	0	0.079325	1	1	0	0	0	0	0
AF	0	0.079950	1	0	1	0	0	0	0
AF	0	0.080262	1	1	0	0	0	0	0
AF	0	0.080575	2	1	1	0	0	0	0
AF	0	0.080887	2	2	0	0	0	0	0
AF	0	0.081512	4	2	2	0	0	0	0
AF	0	0.082136	2	1	1	0	0	0	0
AF	0	0.082448	2	2	0	0	0	0	0
AF	0	0.082761	3	2	1	0	0	0	0
AF	0	0.083073	1	0	1	0	0	0	0
AF	0	0.083385	3	1	2	0	0	0	0
AF	0	0.084010	2	2	0	0	0	0	0
AF	0	0.084322	5	2	3	0	0	0	0
AF	0	0.084635	4	1	3	0	0	0	0
AF	0	0.084947	2	1	1	0	0	0	0
AF	0	0.085259	1	1	0	0	0	0	0
AF	0	0.085572	1	1	0	0	0	0	0
AF	0	0.085884	6	4	2	0	0	0	0
AF	0	0.086196	3	3	0	0	0	0	0
AF	0	0.086508	2	2	0	0	0	0	0
AF	0	0.087133	1	1	0	0	0	0	0
AF	0	0.087445	2	1	1	0	0	0	0
AF	0	0.088070	2	0	2	0	0	0	0
AF	0	0.088382	3	3	0	0	0	0	0
AF	0	0.088695	2	0	2	0	0	0	0
AF	0	0.089007	1	0	1	0	0	0	0
AF	0	0.089319	2	2	0	0	0	0	0
AF	0	0.090256	2	2	0	0	0	0	0
AF	0	0.090568	1	1	0	0	0	0	0
AF	0	0.091505	1	1	0	0	0	0	0
AF	0	0.092130	2	2	0	0	0	0	0
AF	0	0.092755	2	2	0	0	0	0	0
AF	0	0.093379	1	1	0	0	0	0	0
AF	0	0.093691	2	2	0	0	0	0	0
AF	0	0.094004	1	1	0	0	0	0	0
AF	0	0.094316	5	4	1	0	0	0	0
AF	0	0.094628	1	0	1	0	0	0	0
AF	0	0.094941	1	1	0	0	0	0	0
AF	0	0.095878	1	0	1	0	0	0	0
AF	0	0.096190	2	2	0	0	0	0	0
AF	0	0.096814	1	1	0	0	0	0	0
AF	0	0.097127	3	2	1	0	0	0	0
AF	0	0.097439	1	0	1	0	0	0	0
AF	0	0.097751	3	1	2	0	0	0	0
AF	0	0.098064	1	1	0	0	0	0	0
AF	0	0.101187	1	0	1	0	0	0	0
AF	0	0.101499	1	1	0	0	0	0	0
AF	0	0.102436	1	1	0	0	0	0	0
AF	0	0.103061	1	1	0	0	0	0	0
AF	0	0.103373	2	2	0	0	0	0	0
AF	0	0.103998	4	3	1	0	0	0	0
AF	0	0.104934	1	1	0	0	0	0	0
AF	0	0.105247	1	1	0	0	0	0	0
AF	0	0.105871	3	2	1	0	0	0	0
AF	0	0.106184	1	1	0	0	0	0	0
AF	0	0.106496	4	4	0	0	0	0	0
AF	0	0.106808	3	3	0	0	0	0	0
AF	0	0.107121	1	1	0	0	0	0	0
AF	0	0.108682	1	1	0	0	0	0	0
AF	0	0.109619	4	1	3	0	0	0	0
AF	0	0.110244	1	1	0	0	0	0	0
AF	0	0.110868	3	1	2	0	0	0	0
AF	0	0.111181	2	2	0	0	0	0	0
AF	0	0.113367	2	2	0	0	0	0	0
AF	0	0.113679	3	1	2	0	0	0	0
AF	0	0.114304	3	2	1	0	0	0	0
AF	0	0.114928	3	3	0	0	0	0	0
AF	0	0.115240	1	1	0	0	0	0	0
AF	0	0.115553	7	5	2	0	0	0	0
AF	0	0.115865	4	3	1	0	0	0	0
AF	0	0.116177	2	2	0	0	0	0	0
AF	0	0.116490	2	1	1	0	0	0	0
AF	0	0.116802	3	2	1	0	0	0	0
AF	0	0.117114	1	1	0	0	0	0	0
AF	0	0.118676	1	1	0	0	0	0	0
AF	0	0.118988	1	0	1	0	0	0	0
AF	0	0.119300	2	1	1	0	0	0	0
AF	0	0.119613	2	2	0	0	0	0	0
AF	0	0.119925	3	2	1	0	0	0	0
AF	0	0.120237	5	5	0	0	0	0	0
AF	0	0.120550	5	0	5	0	0	0	0
AF	0	0.120862	1	1	0	0	0	0	0
AF	0	0.121174	2	2	0	0	0	0	0
AF	0	0.121799	2	2	0	0	0	0	0
AF	0	0.122111	1	1	0	0	0	0	0
AF	0	0.122423	4	4	0	0	0	0	0
AF	0	0.122736	3	2	1	0	0	0	0
AF	0	0.123048	1	1	0	0	0	0	0
AF	0	0.123360	1	1	0	0	0	0	0
AF	0	0.123673	1	0	1	0	0	0	0
AF	0	0.123985	1	0	1	0	0	0	0
AF	0	0.124297	1	1	0	0	0	0	0
AF	0	0.124610	1	1	0	0	0	0	0
AF	0	0.124922	3	1	2	0	0	0	0
AF	0	0.125234	2	1	1	0	0	0	0
AF	0	0.125547	2	1	1	0	0	0	0
AF	0	0.125859	2	1	1	0	0	0	0
AF	0	0.126796	5	3	2	0	0	0	0
AF	0	0.127108	2	1	1	0	0	0	0
AF	0	0.127420	1	0	1	0	0	0	0
AF	0	0.128045	2	1	1	0	0	0	0
AF	0	0.128357	6	4	2	0	0	0	0
AF	0	0.128670	7	4	3	0	0	0	0
AF	0	0.128982	3	2	1	0	0	0	0
AF	0	0.130543	1	1	0	0	0	0	0
AF	0	0.130856	1	1	0	0	0	0	0
AF	0	0.131168	1	1	0	0	0	0	0
AF	0	0.131480	1	0	1	0	0	0	0
AF	0	0.132417	1	1	0	0	0	0	0
AF	0	0.132730	6	4	2	0	0	0	0
AF	0	0.133042	5	1	4	0	0	0	0
AF	0	0.133354	1	1	0	0	0	0	0
AF	0	0.133666	4	3	1	0	0	0	0
AF	0	0.133979	2	2	0	0	0	0	0
AF	0	0.134291	1	1	0	0	0	0	0
AF	0	0.134603	2	1	1	0	0	0	0
AF	0	0.135540	1	1	0	0	0	0	0
AF	0	0.135853	3	1	2	0	0	0	0
AF	0	0.136165	1	1	0	0	0	0	0
AF	0	0.136477	1	1	0	0	0	0	0
AF	0	0.136790	1	1	0	0	0	0	0
AF	0	0.137414	3	2	1	0	0	0	0
AF	0	0.137726	3	1	2	0	0	0	0
AF	0	0.138039	2	2	0	0	0	0	0
AF	0	0.138663	1	1	0	0	0	0	0
AF	0	0.138976	1	0	1	0	0	0	0
AF	0	0.139288	3	1	2	0	0	0	0
AF	0	0.139600	1	1	0	0	0	0	0
AF	0	0.140225	1	1	0	0	0	0	0
AF	0	0.143036	3	1	2	0	0	0	0
AF	0	0.143348	2	1	1	0	0	0	0
AF	0	0.144597	1	1	0	0	0	0	0
AF	0	0.144909	2	1	1	0	0	0	0
AF	0	0.145222	1	0	1	0	0	0	0
AF	0	0.145534	3	2	1	0	0	0	0
AF	0	0.146471	1	0	1	0	0	0	0
AF	0	0.146783	1	1	0	0	0	0	0
AF	0	0.147408	1	1	0	0	0	0	0
AF	0	0.148032	1	0	1	0	0	0	0
AF	0	0.148657	1	1	0	0	0	0	0
AF	0	0.148969	2	0	2	0	0	0	0
AF	0	0.149282	2	0	2	0	0	0	0
AF	0	0.149594	2	1	1	0	0	0	0
AF	0	0.149906	3	1	2	0	0	0	0
AF	0	0.150219	1	1	0	0	0	0	0
AF	0	0.150531	2	2	0	0	0	0	0
AF	0	0.151156	2	2	0	0	0	0	0
AF	0	0.151468	2	2	0	0	0	0	0
AF	0	0.151780	1	0	1	0	0	0	0
AF	0	0.152092	1	1	0	0	0	0	0
AF	0	0.152405	5	5	0	0	0	0	0
AF	0	0.153029	6	4	2	0	0	0	0
AF	0	0.153342	4	4	0	0	0	0	0
AF	0	0.153654	5	5	0	0	0	0	0
AF	0	0.153966	1	0	1	0	0	0	0
AF	0	0.154279	3	2	1	0	0	0	0
AF	0	0.154903	5	3	2	0	0	0	0
AF	0	0.155215	2	2	0	0	0	0	0
AF	0	0.155528	3	1	2	0	0	0	0
AF	0	0.156152	3	2	1	0	0	0	0
AF	0	0.156465	2	0	2	0	0	0	0
AF	0	0.156777	1	0	1	0	0	0	0
AF	0	0.157402	3	2	1	0	0	0	0
AF	0	0.157714	3	2	1	0	0	0	0
AF	0	0.158026	1	1	0	0	0	0	0
AF	0	0.158651	1	1	0	0	0	0	0
AF	0	0.159588	2	0	2	0	0	0	0
AF	0	0.159900	1	1	0	0	0	0	0
AF	0	0.160212	1	1	0	0	0	0	0
AF	0	0.160525	1	1	0	0	0	0	0
AF	0	0.161149	2	2	0	0	0	0	0
AF	0	0.161462	1	0	1	0	0	0	0
AF	0	0.161774	1	0	1	0	0	0	0
AF	0	0.162086	2	2	0	0	0	0	0
AF	0	0.162399	2	2	0	0	0	0	0
AF	0	0.162711	2	0	2	0	0	0	0
AF	0	0.163648	2	2	0	0	0	0	0
AF	0	0.164272	5	2	3	0	0	0	0
AF	0	0.164585	2	1	1	0	0	0	0
AF	0	0.164897	2	2	0	0	0	0	0
AF	0	0.165522	3	2	1	0	0	0	0
AF	0	0.165834	2	1	1	0	0	0	0
AF	0	0.166146	3	3	0	0	0	0	0
AF	0	0.167083	1	1	0	0	0	0	0
AF	0	0.167395	4	2	2	0	0	0	0
AF	0	0.167708	2	2	0	0	0	0	0
AF	0	0.168020	1	1	0	0	0	0	0
AF	0	0.168332	1	0	1	0	0	0	0
AF	0	0.168645	1	1	0	0	0	0	0
AF	0	0.168957	1	1	0	0	0	0	0
AF	0	0.169269	1	1	0	0	0	0	0
AF	0	0.170831	1	1	0	0	0	0	0
AF	0	0.171455	1	0	1	0	0	0	0
AF	0	0.172392	2	1	1	0	0	0	0
AF	0	0.173017	1	0	1	0	0	0	0
AF	0	0.173954	1	0	1	0	0	0	0
AF	0	0.174891	3	2	1	0	0	0	0
AF	0	0.175515	1	1	0	0	0	0	0
AF	0	0.176140	2	1	1	0	0	0	0
AF	0	0.176452	1	0	1	0	0	0	0
AF	0	0.179888	1	1	0	0	0	0	0
AF	0	0.182074	1	0	1	0	0	0	0
AF	0	0.182386	1	1	0	0	0	0	0
AF	0	0.182698	1	0	1	0	0	0	0
AF	0	0.183011	6	2	4	0	0	0	0
AF	0	0.183635	1	1	0	0	0	0	0
AF	0	0.183948	1	0	1	0	0	0	0
AF	0	0.184260	1	0	1	0	0	0	0
AF	0	0.185509	1	0	1	0	0	0	0
AF	0	0.186134	2	2	0	0	0	0	0
AF	0	0.186446	1	0	1	0	0	0	0
AF	0	0.187383	1	1	0	0	0	0	0
AF	0	0.188007	1	1	0	0	0	0	0
AF	0	0.188320	1	1	0	0	0	0	0
AF	0	0.189257	1	1	0	0	0	0	0
AF	0	0.189881	1	1	0	0	0	0	0
AF	0	0.190506	1	0	1	0	0	0	0
AF	0	0.190818	1	0	1	0	0	0	0
AF	0	0.191131	1	1	0	0	0	0	0
AF	0	0.191755	2	2	0	0	0	0	0
AF	0	0.192067	1	1	0	0	0	0	0
AF	0	0.192380	1	0	1	0	0	0	0
AF	0	0.193629	1	0	1	0	0	0	0
AF	0	0.194878	1	0	1	0	0	0	0
AF	0	0.199250	2	2	0	0	0	0	0
AF	0	0.199875	2	1	1	0	0	0	0
AF	0	0.201749	2	0	2	0	0	0	0
AF	0	0.202061	1	1	0	0	0	0	0
AF	0	0.202686	1	1	0	0	0	0	0
AF	0	0.203935	1	1	0	0	0	0	0
AF	0	0.204560	1	1	0	0	0	0	0
AF	0	0.207370	1	1	0	0	0	0	0
AF	0	0.213616	1	1	0	0	0	0	0
AF	0	0.214241	1	1	0	0	0	0	0
AF	0	0.217989	1	1	0	0	0	0	0
AF	0	0.218613	1	0	1	0	0	0	0
AF	0	0.219238	1	1	0	0	0	0	0
AF	0	0.221112	2	2	0	0	0	0	0
AF	0	0.221736	1	0	1	0	0	0	0
AF	0	0.222673	1	0	1	0	0	0	0
AF	0	0.223298	2	2	0	0	0	0	0
AF	0	0.223610	1	1	0	0	0	0	0
AF	0	0.224547	2	1	1	0	0	0	0
AF	0	0.230169	2	2	0	0	0	0	0
AF	0	0.230793	1	1	0	0	0	0	0
AF	0	0.233292	1	0	1	0	0	0	0
AF	0	0.234229	1	1	0	0	0	0	0
AF	0	0.236727	2	2	0	0	0	0	0
AF	0	0.237039	5	4	1	0	0	0	0
AF	0	0.237664	1	0	1	0	0	0	0
AF	0	0.237976	1	1	0	0	0	0	0
AF	0	0.239225	1	0	1	0	0	0	0
AF	0	0.239538	1	1	0	0	0	0	0
AF	0	0.239850	2	2	0	0	0	0	0
AF	0	0.240162	2	1	1	0	0	0	0
AF	0	0.240475	1	1	0	0	0	0	0
AF	0	0.240787	1	1	0	0	0	0	0
AF	0	0.243285	2	1	1	0	0	0	0
AF	0	0.246408	2	2	0	0	0	0	0
AF	0	0.247033	1	1	0	0	0	0	0
AF	0	0.247658	1	0	1	0	0	0	0
AF	0	0.248282	3	2	1	0	0	0	0
AF	0	0.248595	2	1	1	0	0	0	0
AF	0	0.249532	2	1	1	0	0	0	0
AF	0	0.250781	1	1	0	0	0	0	0
AF	0	0.254528	1	1	0	0	0	0	0
AF	0	0.255153	1	0	1	0	0	0	0
AF	0	0.255465	2	2	0	0	0	0	0
AF	0	0.255778	1	1	0	0	0	0	0
AF	0	0.257027	1	1	0	0	0	0	0
AF	0	0.257651	9	8	1	0	0	0	0
AF	0	0.258276	2	1	1	0	0	0	0
AF	0	0.258588	1	0	1	0	0	0	0
AF	0	0.258901	4	2	2	0	0	0	0
AF	0	0.259213	3	2	1	0	0	0	0
AF	0	0.259525	2	1	1	0	0	0	0
AF	0	0.260150	1	1	0	0	0	0	0
AF	0	0.261399	1	1	0	0	0	0	0
AF	0	0.262024	1	1	0	0	0	0	0
AF	0	0.262648	2	2	0	0	0	0	0
AF	0	0.263273	1	1	0	0	0	0	0
AF	0	0.263898	2	1	1	0	0	0	0
AF	0	0.264834	1	1	0	0	0	0	0
AF	0	0.265147	1	0	1	0	0	0	0
AF	0	0.265771	1	1	0	0	0	0	0
AF	0	0.267333	1	1	0	0	0	0	0
AF	0	0.267645	2	1	1	0	0	0	0
AF	0	0.269519	1	1	0	0	0	0	0
AF	0	0.270456	1	0	1	0	0	0	0
AF	0	0.270768	1	1	0	0	0	0	0
AF	0	0.271393	1	1	0	0	0	0	0
AF	0	0.273579	1	0	1	0	0	0	0
AF	0	0.274516	1	1	0	0	0	0	0
AF	0	0.275141	2	2	0	0	0	0	0
AF	0	0.275453	1	1	0	0	0	0	0
AF	0	0.275765	2	1	1	0	0	0	0
AF	0	0.276077	2	1	1	0	0	0	0
AF	0	0.276390	5	5	0	0	0	0	0
AF	0	0.276702	2	1	1	0	0	0	0
AF	0	0.277327	1	1	0	0	0	0	0
AF	0	0.277639	7	7	0	0	0	0	0
AF	0	0.277951	5	2	3	0	0	0	0
AF	0	0.278264	2	2	0	0	0	0	0
AF	0	0.278888	4	2	2	0	0	0	0
AF	0	0.279200	3	2	1	0	0	0	0
AF	0	0.279513	6	5	1	0	0	0	0
AF	0	0.279825	5	2	3	0	0	0	0
AF	0	0.280137	3	3	0	0	0	0	0
AF	0	0.280450	1	1	0	0	0	0	0
AF	0	0.280762	2	1	1	0	0	0	0
AF	0	0.281387	2	1	1	0	0	0	0
AF	0	0.282324	4	3	1	0	0	0	0
AF	0	0.282636	5	4	1	0	0	0	0
AF	0	0.283260	1	0	1	0	0	0	0
AF	0	0.283573	1	1	0	0	0	0	0
AF	0	0.283885	3	3	0	0	0	0	0
AF	0	0.284510	1	1	0	0	0	0	0
AF	0	0.286384	1	1	0	0	0	0	0
AF	0	0.287008	1	0	1	0	0	0	0
AF	0	0.287320	1	1	0	0	0	0	0
AF	0	0.287633	1	1	0	0	0	0	0
AF	0	0.288257	2	2	0	0	0	0	0
AF	0	0.288882	1	0	1	0	0	0	0
AF	0	0.289507	1	1	0	0	0	0	0
AF	0	0.290131	2	1	1	0	0	0	0
AF	0	0.290443	1	0	1	0	0	0	0
AF	0	0.290756	1	1	0	0	0	0	0
AF	0	0.291068	1	1	0	0	0	0	0
AF	0	0.291380	5	2	3	0	0	0	0
AF	0	0.291693	2	1	1	0	0	0	0
AF	0	0.292005	1	1	0	0	0	0	0
AF	0	0.293879	2	0	2	0	0	0	0
AF	0	0.294503	1	1	0	0	0	0	0
AF	0	0.297002	2	0	2	0	0	0	0
AF	0	0.297626	2	2	0	0	0	0	0
AF	0	0.297939	2	1	1	0	0	0	0
AF	0	0.298251	2	2	0	0	0	0	0
AF	0	0.298563	1	1	0	0	0	0	0
AF	0	0.299500	1	0	1	0	0	0	0
AF	0	0.299813	2	2	0	0	0	0	0
AF	0	0.300750	1	1	0	0	0	0	0
AF	0	0.302623	1	0	1	0	0	0	0
AF	0	0.303248	1	1	0	0	0	0	0
AF	0	0.304497	1	1	0	0	0	0	0
AF	0	0.307620	2	2	0	0	0	0	0
AF	0	0.307933	1	1	0	0	0	0	0
AF	0	0.310119	1	1	0	0	0	0	0
AF	0	0.313242	1	1	0	0	0	0	0
AF	0	0.313866	1	0	1	0	0	0	0
AF	0	0.314491	2	1	1	0	0	0	0
AF	0	0.315116	1	0	1	0	0	0	0
AF	0	0.315428	1	1	0	0	0	0	0
AF	0	0.317302	1	1	0	0	0	0	0
AF	0	0.317614	1	1	0	0	0	0	0
AF	0	0.318863	1	1	0	0	0	0	0
AF	0	0.319488	1	1	0	0	0	0	0
AF	0	0.320425	1	1	0	0	0	0	0
AF	0	0.320737	1	0	1	0	0	0	0
AF	0	0.321049	2	2	0	0	0	0	0
AF	0	0.322299	1	1	0	0	0	0	0
AF	0	0.322611	1	1	0	0	0	0	0
AF	0	0.323548	2	2	0	0	0	0	0
AF	0	0.325422	1	1	0	0	0	0	0
AF	0	0.328232	2	2	0	0	0	0	0
AF	0	0.328545	1	0	1	0	0	0	0
AF	0	0.329482	1	1	0	0	0	0	0
AF	0	0.329794	1	0	1	0	0	0	0
AF	0	0.330106	1	1	0	0	0	0	0
AF	0	0.331355	1	1	0	0	0	0	0
AF	0	0.335415	1	0	1	0	0	0	0
AF	0	0.337289	2	2	0	0	0	0	0
AF	0	0.339475	1	0	1	0	0	0	0
AF	0	0.340412	1	0	1	0	0	0	0
AF	0	0.342911	1	0	1	0	0	0	0
AF	0	0.344160	1	0	1	0	0	0	0
AF	0	0.344785	5	3	2	0	0	0	0
AF	0	0.345409	1	0	1	0	0	0	0
AF	0	0.345721	1	1	0	0	0	0	0
AF	0	0.349781	1	0	1	0	0	0	0
AF	0	0.354466	2	0	2	0	0	0	0
AF	0	0.355715	1	0	1	0	0	0	0
AF	0	0.358526	1	0	1	0	0	0	0
AF	0	0.362898	1	1	0	0	0	0	0
AF	0	0.363835	3	1	2	0	0	0	0
AF	0	0.364147	3	3	0	0	0	0	0
AF	0	0.364772	1	0	1	0	0	0	0
AF	0	0.371330	1	0	1	0	0	0	0
AF	0	0.372580	1	0	1	0	0	0	0
AF	0	0.373517	1	1	0	0	0	0	0
AF	0	0.373829	2	2	0	0	0	0	0
AF	0	0.374141	5	4	1	0	0	0	0
AF	0	0.374453	1	1	0	0	0	0	0
AF	0	0.374766	2	1	1	0	0	0	0
AF	0	0.375078	1	1	0	0	0	0	0
AF	0	0.375390	1	1	0	0	0	0	0
AF	0	0.376015	1	0	1	0	0	0	0
AF	0	0.376327	1	0	1	0	0	0	0
AF	0	0.377889	1	0	1	0	0	0	0
AF	0	0.378513	1	1	0	0	0	0	0
AF	0	0.379763	1	1	0	0	0	0	0
AF	0	0.380075	1	1	0	0	0	0	0
AF	0	0.380387	1	0	1	0	0	0	0
AF	0	0.380700	1	0	1	0	0	0	0
AF	0	0.381012	2	1	1	0	0	0	0
AF	0	0.381324	1	0	1	0	0	0	0
AF	0	0.383510	2	1	1	0	0	0	0
AF	0	0.383823	1	1	0	0	0	0	0
AF	0	0.384447	1	1	0	0	0	0	0
AF	0	0.385384	1	1	0	0	0	0	0
AF	0	0.386009	1	1	0	0	0	0	0
AF	0	0.387258	2	1	1	0	0	0	0
AF	0	0.388507	2	1	1	0	0	0	0
AF	0	0.389756	1	1	0	0	0	0	0
AF	0	0.390069	1	1	0	0	0	0	0
AF	0	0.391006	1	0	1	0	0	0	0
AF	0	0.392255	1	1	0	0	0	0	0
AF	0	0.394129	1	1	0	0	0	0	0
AF	0	0.397876	1	1	0	0	0	0	0
AF	0	0.398813	1	1	0	0	0	0	0
AF	0	0.400062	1	1	0	0	0	0	0
AF	0	0.402249	1	1	0	0	0	0	0
AF	0	0.405684	1	1	0	0	0	0	0
AF	0	0.406621	3	3	0	0	0	0	0
AF	0	0.407245	5	1	4	0	0	0	0
AF	0	0.407558	3	3	0	0	0	0	0
AF	0	0.409744	2	0	2	0	0	0	0
AF	0	0.410056	1	1	0	0	0	0	0
AF	0	0.410681	1	1	0	0	0	0	0
AF	0	0.412242	1	1	0	0	0	0	0
AF	0	0.412867	2	1	1	0	0	0	0
AF	0	0.413179	3	3	0	0	0	0	0
AF	0	0.413492	2	1	1	0	0	0	0
AF	0	0.414116	1	1	0	0	0	0	0
AF	0	0.414428	1	1	0	0	0	0	0
AF	0	0.415053	1	0	1	0	0	0	0
AF	0	0.415365	1	0	1	0	0	0	0
AF	0	0.415990	2	1	1	0	0	0	0
AF	0	0.416302	4	2	2	0	0	0	0
AF	0	0.416615	1	0	1	0	0	0	0
AF	0	0.416927	1	1	0	0	0	0	0
AF	0	0.417239	2	1	1	0	0	0	0
AF	0	0.417552	1	1	0	0	0	0	0
AF	0	0.417864	1	1	0	0	0	0	0
AF	0	0.418176	1	1	0	0	0	0	0
AF	0	0.419113	4	4	0	0	0	0	0
AF	0	0.419425	4	3	1	0	0	0	0
AF	0	0.419738	2	1	1	0	0	0	0
AF	0	0.420362	1	1	0	0	0	0	0
AF	0	0.420675	1	1	0	0	0	0	0
AF	0	0.420987	5	4	1	0	0	0	0
AF	0	0.421299	3	2	1	0	0	0	0
AF	0	0.421924	1	0	1	0	0	0	0
AF	0	0.422236	1	1	0	0	0	0	0
AF	0	0.424422	1	1	0	0	0	0	0
AF	0	0.424735	1	0	1	0	0	0	0
AF	0	0.425047	1	0	1	0	0	0	0
AF	0	0.427233	1	1	0	0	0	0	0
AF	0	0.428482	1	0	1	0	0	0	0
AF	0	0.429731	1	0	1	0	0	0	0
AF	0	0.430356	2	2	0	0	0	0	0
AF	0	0.435978	1	1	0	0	0	0	0
AF	0	0.436290	1	1	0	0	0	0	0
AF	0	0.438164	1	1	0	0	0	0	0
AF	0	0.440037	1	0	1	0	0	0	0
AF	0	0.443161	1	1	0	0	0	0	0
AF	0	0.444097	1	1	0	0	0	0	0
AF	0	0.446908	1	1	0	0	0	0	0
AF	0	0.450031	1	1	0	0	0	0	0
AF	0	0.451593	1	1	0	0	0	0	0
AF	0	0.452217	1	1	0	0	0	0	0
AF	0	0.452842	1	0	1	0	0	0	0
AF	0	0.457527	1	1	0	0	0	0	0
AF	0	0.458151	1	0	1	0	0	0	0
AF	0	0.459713	1	1	0	0	0	0	0
AF	0	0.460650	1	0	1	0	0	0	0
AF	0	0.464085	1	1	0	0	0	0	0
AF	0	0.465646	1	1	0	0	0	0	0
AF	0	0.468770	1	0	1	0	0	0	0
AF	0	0.469394	1	1	0	0	0	0	0
AF	0	0.469706	1	1	0	0	0	0	0
AF	0	0.470643	1	1	0	0	0	0	0
AF	0	0.471580	1	1	0	0	0	0	0
AF	0	0.471893	1	1	0	0	0	0	0
AF	0	0.474391	1	1	0	0	0	0	0
AF	0	0.475016	1	0	1	0	0	0	0
AF	0	0.475328	1	1	0	0	0	0	0
AF	0	0.480012	1	0	1	0	0	0	0
AF	0	0.480325	1	0	1	0	0	0	0
AF	0	0.480637	1	1	0	0	0	0	0
AF	0	0.481262	1	1	0	0	0	0	0
AF	0	0.484385	2	0	2	0	0	0	0
AF	0	0.486259	1	1	0	0	0	0	0
AF	0	0.486883	1	0	1	0	0	0	0
AF	0	0.488757	1	1	0	0	0	0	0
AF	0	0.496252	1	1	0	0	0	0	0
AF	0	0.498751	1	1	0	0	0	0	0
AF	0	0.500312	1	1	0	0	0	0	0
AF	0	0.501249	3	2	1	0	0	0	0
AF	0	0.502186	1	1	0	0	0	0	0
AF	0	0.502811	1	1	0	0	0	0	0
AF	0	0.503123	2	1	1	0	0	0	0
AF	0	0.503748	1	1	0	0	0	0	0
AF	0	0.504060	1	1	0	0	0	0	0
AF	0	0.506246	1	1	0	0	0	0	0
AF	0	0.516864	2	2	0	0	0	0	0
AF	0	0.521549	1	1	0	0	0	0	0
AF	0	0.522486	1	0	1	0	0	0	0
AF	0	0.524360	1	0	1	0	0	0	0
AF	0	0.525297	1	1	0	0	0	0	0
AF	0	0.525609	1	0	1	0	0	0	0
AF	0	0.526234	1	1	0	0	0	0	0
AF	0	0.529357	2	2	0	0	0	0	0
AF	0	0.531855	1	0	1	0	0	0	0
AF	0	0.532167	1	1	0	0	0	0	0
AF	0	0.534666	1	1	0	0	0	0	0
AF	0	0.534978	1	1	0	0	0	0	0
AF	0	0.535290	1	1	0	0	0	0	0
AF	0	0.535603	1	0	1	0	0	0	0
AF	0	0.538101	2	1	1	0	0	0	0
AF	0	0.539350	1	1	0	0	0	0	0
AF	0	0.539975	1	1	0	0	0	0	0
AF	0	0.543098	2	1	1	0	0	0	0
AF	0	0.543723	1	1	0	0	0	0	0
AF	0	0.544035	2	2	0	0	0	0	0
AF	0	0.544347	1	1	0	0	0	0	0
AF	0	0.545284	1	1	0	0	0	0	0
AF	0	0.545597	1	0	1	0	0	0	0
AF	0	0.548095	1	0	1	0	0	0	0
AF	0	0.548720	1	1	0	0	0	0	0
AF	0	0.549032	2	1	1	0	0	0	0
AF	0	0.549344	1	0	1	0	0	0	0
AF	0	0.550593	1	0	1	0	0	0	0
AF	0	0.554966	1	1	0	0	0	0	0
AF	0	0.558089	1	1	0	0	0	0	0
AF	0	0.560275	1	0	1	0	0	0	0
AF	0	0.561524	2	1	1	0	0	0	0
AF	0	0.564335	1	1	0	0	0	0	0
AF	0	0.566521	2	1	1	0	0	0	0
AF	0	0.571205	1	1	0	0	0	0	0
AF	0	0.572142	1	0	1	0	0	0	0
AF	0	0.575890	2	1	1	0	0	0	0
AF	0	0.576202	1	1	0	0	0	0	0
AF	0	0.577764	1	0	1	0	0	0	0
AF	0	0.579013	1	1	0	0	0	0	0
AF	0	0.583385	1	0	1	0	0	0	0
AF	0	0.584635	1	0	1	0	0	0	0
AF	0	0.587133	1	0	1	0	0	0	0
AF	0	0.588695	1	1	0	0	0	0	0
AF	0	0.591193	1	1	0	0	0	0	0
AF	0	0.591505	1	0	1	0	0	0	0
AF	0	0.593691	1	1	0	0	0	0	0
AF	0	0.596814	1	0	1	0	0	0	0
AF	0	0.597751	1	1	0	0	0	0	0
AF	0	0.598688	1	1	0	0	0	0	0
AF	0	0.600562	2	1	1	0	0	0	0
AF	0	0.600874	1	1	0	0	0	0	0
AF	0	0.601499	1	1	0	0	0	0	0
AF	0	0.602124	1	1	0	0	0	0	0
AF	0	0.603061	1	1	0	0	0	0	0
AF	0	0.603373	1	1	0	0	0	0	0
AF	0	0.604934	1	0	1	0	0	0	0
AF	0	0.611181	1	1	0	0	0	0	0
AF	0	0.611493	2	1	1	0	0	0	0
AF	0	0.612430	1	1	0	0	0	0	0
AF	0	0.612742	1	1	0	0	0	0	0
AF	0	0.615240	1	1	0	0	0	0	0
AF	0	0.615553	1	1	0	0	0	0	0
AF	0	0.616490	1	1	0	0	0	0	0
AF	0	0.617114	1	1	0	0	0	0	0
AF	0	0.617427	1	1	0	0	0	0	0
AF	0	0.617739	2	2	0	0	0	0	0
AF	0	0.618364	2	1	1	0	0	0	0
AF	0	0.619613	1	1	0	0	0	0	0
AF	0	0.622736	2	1	1	0	0	0	0
AF	0	0.623360	1	1	0	0	0	0	0
AF	0	0.623673	1	1	0	0	0	0	0
AF	0	0.623985	1	0	1	0	0	0	0
AF	0	0.624610	2	2	0	0	0	0	0
AF	0	0.624922	2	2	0	0	0	0	0
AF	0	0.625234	1	1	0	0	0	0	0
AF	0	0.625547	1	1	0	0	0	0	0
AF	0	0.625859	1	1	0	0	0	0	0
AF	0	0.626171	1	0	1	0	0	0	0
AF	0	0.626483	1	1	0	0	0	0	0
AF	0	0.626796	2	2	0	0	0	0	0
AF	0	0.627733	1	1	0	0	0	0	0
AF	0	0.628357	1	0	1	0	0	0	0
AF	0	0.628670	2	2	0	0	0	0	0
AF	0	0.628982	1	1	0	0	0	0	0
AF	0	0.629919	1	0	1	0	0	0	0
AF	0	0.630543	1	0	1	0	0	0	0
AF	0	0.630856	2	1	1	0	0	0	0
AF	0	0.644597	1	0	1	0	0	0	0
AF	0	0.647096	1	1	0	0	0	0	0
AF	0	0.653966	1	1	0	0	0	0	0
AF	0	0.666771	1	1	0	0	0	0	0
AF	0	0.668020	1	0	1	0	0	0	0
AF	0	0.671143	1	1	0	0	0	0	0
AF	0	0.674578	1	1	0	0	0	0	0
AF	0	0.674891	2	1	1	0	0	0	0
AF	0	0.675203	1	1	0	0	0	0	0
AF	0	0.682386	1	1	0	0	0	0	0
AF	0	0.683011	1	1	0	0	0	0	0
AF	0	0.685509	1	1	0	0	0	0	0
AF	0	0.690506	2	1	1	0	0	0	0
AF	0	0.690818	1	0	1	0	0	0	0
AF	0	0.701749	1	0	1	0	0	0	0
AF	0	0.705184	1	0	1	0	0	0	0
AF	0	0.716115	1	1	0	0	0	0	0
AF	0	0.719550	1	0	1	0	0	0	0
AF	0	0.719863	1	1	0	0	0	0	0
AF	0	0.723610	1	1	0	0	0	0	0
AF	0	0.724859	1	0	1	0	0	0	0
AF	0	0.725172	1	0	1	0	0	0	0
AF	0	0.728295	1	1	0	0	0	0	0
AF	0	0.728607	1	1	0	0	0	0	0
AF	0	0.729856	2	1	1	0	0	0	0
AF	0	0.730169	1	0	1	0	0	0	0
AF	0	0.730481	1	1	0	0	0	0	0
AF	0	0.730793	1	0	1	0	0	0	0
AF	0	0.731418	1	1	0	0	0	0	0
AF	0	0.731730	1	1	0	0	0	0	0
AF	0	0.732979	2	0	2	0	0	0	0
AF	0	0.735790	1	1	0	0	0	0	0
AF	0	0.736102	1	0	1	0	0	0	0
AF	0	0.737976	1	0	1	0	0	0	0
AF	0	0.741724	1	0	1	0	0	0	0
AF	0	0.744222	2	1	1	0	0	0	0
AF	0	0.747970	1	1	0	0	0	0	0
AF	0	0.756090	1	1	0	0	0	0	0
AF	0	0.760150	1	1	0	0	0	0	0
AF	0	0.764210	1	1	0	0	0	0	0
AF	0	0.769831	1	1	0	0	0	0	0
AF	0	0.770456	1	1	0	0	0	0	0
AF	0	0.770768	1	0	1	0	0	0	0
AF	0	0.772330	1	0	1	0	0	0	0
AF	0	0.772642	2	2	0	0	0	0	0
AF	0	0.772954	1	1	0	0	0	0	0
AF	0	0.773579	1	1	0	0	0	0	0
AF	0	0.774204	1	1	0	0	0	0	0
AF	0	0.774516	1	1	0	0	0	0	0
AF	0	0.775141	2	1	1	0	0	0	0
AF	0	0.775453	1	1	0	0	0	0	0
AF	0	0.775765	2	0	2	0	0	0	0
AF	0	0.782011	1	1	0	0	0	0	0
AF	0	0.782636	1	0	1	0	0	0	0
AF	0	0.783260	1	1	0	0	0	0	0
AF	0	0.783573	2	2	0	0	0	0	0
AF	0	0.783885	1	0	1	0	0	0	0
AF	0	0.788257	1	1	0	0	0	0	0
AF	0	0.788570	1	1	0	0	0	0	0
AF	0	0.790756	1	0	1	0	0	0	0
AF	0	0.791380	1	1	0	0	0	0	0
AF	0	0.795753	2	0	2	0	0	0	0
AF	0	0.797939	1	1	0	0	0	0	0
AF	0	0.798251	3	3	0	0	0	0	0
AF	0	0.798876	1	0	1	0	0	0	0
AF	0	0.800437	1	0	1	0	0	0	0
AF	0	0.800750	5	5	0	0	0	0	0
AF	0	0.801062	1	1	0	0	0	0	0
AF	0	0.801374	1	1	0	0	0	0	0
AF	0	0.803248	1	1	0	0	0	0	0
AF	0	0.803560	1	0	1	0	0	0	0
AF	0	0.803873	1	0	1	0	0	0	0
AF	0	0.804497	2	2	0	0	0	0	0
AF	0	0.805746	2	2	0	0	0	0	0
AF	0	0.806059	1	1	0	0	0	0	0
AF	0	0.806371	1	0	1	0	0	0	0
AF	0	0.807308	1	1	0	0	0	0	0
AF	0	0.807620	2	1	1	0	0	0	0
AF	0	0.807933	1	1	0	0	0	0	0
AF	0	0.809806	1	0	1	0	0	0	0
AF	0	0.810119	1	0	1	0	0	0	0
AF	0	0.810431	1	1	0	0	0	0	0
AF	0	0.812617	1	1	0	0	0	0	0
AF	0	0.813242	1	1	0	0	0	0	0
AF	0	0.813554	1	0	1	0	0	0	0
AF	0	0.814491	1	0	1	0	0	0	0
AF	0	0.815116	1	1	0	0	0	0	0
AF	0	0.816052	1	1	0	0	0	0	0
AF	0	0.816365	2	2	0	0	0	0	0
AF	0	0.817614	1	1	0	0	0	0	0
AF	0	0.819488	3	2	1	0	0	0	0
AF	0	0.820112	2	2	0	0	0	0	0
AF	0	0.820737	1	1	0	0	0	0	0
AF	0	0.821362	5	2	3	0	0	0	0
AF	0	0.821986	4	3	1	0	0	0	0
AF	0	0.822611	1	1	0	0	0	0	0
AF	0	0.823235	1	1	0	0	0	0	0
AF	0	0.823860	1	0	1	0	0	0	0
AF	0	0.824797	1	1	0	0	0	0	0
AF	0	0.826046	1	0	1	0	0	0	0
AF	0	0.826983	1	1	0	0	0	0	0
AF	0	0.827608	1	0	1	0	0	0	0
AF	0	0.828232	3	2	1	0	0	0	0
AF	0	0.833229	4	1	3	0	0	0	0
AF	0	0.833542	2	1	1	0	0	0	0
AF	0	0.838226	2	2	0	0	0	0	0
AF	0	0.838851	1	1	0	0	0	0	0
AF	0	0.839163	1	1	0	0	0	0	0
AF	0	0.841661	1	0	1	0	0	0	0
AF	0	0.846971	5	5	0	0	0	0	0
AF	0	0.847595	1	1	0	0	0	0	0
AF	0	0.847908	1	1	0	0	0	0	0
AF	0	0.848220	4	4	0	0	0	0	0
AF	0	0.848532	2	2	0	0	0	0	0
AF	0	0.851343	1	1	0	0	0	0	0
AF	0	0.853529	1	0	1	0	0	0	0
AF	0	0.859775	1	1	0	0	0	0	0
AF	0	0.860087	1	1	0	0	0	0	0
AF	0	0.865709	1	0	1	0	0	0	0
AF	0	0.879450	1	0	1	0	0	0	0
AF	0	0.880075	1	1	0	0	0	0	0
AF	0	0.883510	1	1	0	0	0	0	0
AF	0	0.898189	1	1	0	0	0	0	0
AF	0	0.906933	2	2	0	0	0	0	0
AF	0	0.909119	1	1	0	0	0	0	0
AF	0	0.910056	1	1	0	0	0	0	0
AF	0	0.911618	1	0	1	0	0	0	0
AF	0	0.911930	1	1	0	0	0	0	0
AF	0	0.912867	1	0	1	0	0	0	0
AF	0	0.924735	1	0	1	0	0	0	0
AF	0	0.930981	1	1	0	0	0	0	0
AF	0	0.935353	1	1	0	0	0	0	0
AF	0	0.947220	1	1	0	0	0	0	0
AF	0	0.948470	2	1	1	0	0	0	0
AF	0	0.949094	4	3	1	0	0	0	0
AF	0	0.949407	1	1	0	0	0	0	0
AF	0	0.949719	1	0	1	0	0	0	0
AF	0	0.950344	2	2	0	0	0	0	0
AF	0	0.953154	2	1	1	0	0	0	0
AF	0	0.955340	1	1	0	0	0	0	0
AF	0	0.956590	1	1	0	0	0	0	0
AF	0	0.958151	1	1	0	0	0	0	0
AF	0	0.960337	1	1	0	0	0	0	0
AF	0	0.960650	3	2	1	0	0	0	0
AF	0	0.962211	1	1	0	0	0	0	0
AF	0	0.964710	1	1	0	0	0	0	0
AF	0	0.965022	2	1	1	0	0	0	0
AF	0	0.969706	1	1	0	0	0	0	0
AF	0	0.970331	1	1	0	0	0	0	0
AF	0	0.971580	1	0	1	0	0	0	0
AF	0	0.971893	1	1	0	0	0	0	0
AF	0	0.972205	1	1	0	0	0	0	0
AF	0	0.973142	1	1	0	0	0	0	0
AF	0	0.975328	1	0	1	0	0	0	0
AF	0	0.975640	1	0	1	0	0	0	0
AF	0	0.977514	1	1	0	0	0	0	0
AF	0	0.977826	4	3	1	0	0	0	0
AF	0	0.979076	2	1	1	0	0	0	0
AF	0	0.979700	3	3	0	0	0	0	0
AF	0	0.980012	7	4	3	0	0	0	0
AF	0	0.980325	24	15	9	0	0	0	0
AF	0	0.980637	3	3	0	0	0	0	0
AF	0	0.980949	4	3	1	0	0	0	0
AF	0	0.981262	1	0	1	0	0	0	0
AF	0	0.981574	2	2	0	0	0	0	0
AF	0	0.982199	3	3	0	0	0	0	0
AF	0	0.984072	1	1	0	0	0	0	0
AF	0	0.985946	2	2	0	0	0	0	0
AF	0	0.986571	3	2	1	0	0	0	0
AF	0	0.987196	1	1	0	0	0	0	0
AF	0	0.987508	1	0	1	0	0	0	0
AF	0	0.987820	1	0	1	0	0	0	0
AF	0	0.988132	2	2	0	0	0	0	0
AF	0	0.988445	1	1	0	0	0	0	0
AF	0	0.989069	1	1	0	0	0	0	0
AF	0	0.989694	1	0	1	0	0	0	0
AF	0	0.990319	1	1	0	0	0	0	0
AF	0	0.990631	1	1	0	0	0	0	0
AF	0	0.990943	2	1	1	0	0	0	0
AF	0	0.991255	1	0	1	0	0	0	0
AF	0	0.992192	1	1	0	0	0	0	0
AF	0	0.993129	1	1	0	0	0	0	0
AF	0	0.994066	3	3	0	0	0	0	0
AF	0	0.994691	4	2	2	0	0	0	0
AF	0	0.995940	2	1	1	0	0	0	0
AF	0	0.996252	3	2	1	0	0	0	0
AF	0	0.997189	3	3	0	0	0	0	0
AF	0	0.997502	1	1	0	0	0	0	0
AF	0	0.997814	1	0	1	0	0	0	0
# QUAL, Stats by quality
# QUAL	[2]id	[3]Quality	[4]number of SNPs	[5]number of transitions (1st ALT)	[6]number of transversions (1st ALT)	[7]number of indels
QUAL	0	.	12771	8836	3935	0
# IDD, InDel distribution:
# IDD	[2]id	[3]length (deletions negative)	[4]number of sites	[5]number of genotypes	[6]mean VAF
# ST, Substitution types:
# ST	[2]id	[3]type	[4]count
ST	0	A>C	450
ST	0	A>G	1685
ST	0	A>T	412
ST	0	C>A	618
ST	0	C>G	546
ST	0	C>T	2634
ST	0	G>A	2719
ST	0	G>C	516
ST	0	G>T	517
ST	0	T>A	422
ST	0	T>C	1798
ST	0	T>G	454
# DP, Depth distribution
# DP	[2]id	[3]bin	[4]number of genotypes	[5]fraction of genotypes (%)	[6]number of sites	[7]fraction of sites (%)
  - Fix haploid genotypes in males...

Submit MakeDiploidMalesX finished successfully. Let's have a beer, buddy!

