Submit MakeDiploidMalesX
version 1.1.6 (2024-09-30)

These are the settings:
  Input file................: /hpc/local/Rocky8/dhl_ec/software/MonopogenLite/resources/1kGP_high_coverage_Illumina.SNVonly_poly.filtered_AF_5e-04.norm.fixvariantid.chrX.vcf.gz
  Output file...............: /hpc/local/Rocky8/dhl_ec/software/MonopogenLite/resources/1kGP_high_coverage_Illumina.SNVonly_poly.filtered_AF_5e-04.norm.fixvariantid.makediploid.chrX.vcf.gz
  Chunk size................: 100

  SLURM CPUs................: 4
  SLURM Array ID............: 12 (of 100)
  SLURM memory..............: 16G
  SLURM time................: 01:00:00
  SLURM mail type...........: FAIL
  SLURM mail user...........: s.w.vanderlaan-2@umcutrecht.nl

  Dry run mode..............: 0
  Debug mode................: 1
  Verbosity.................: 0
  Version...................: 1.1.6 (2024-09-30)

Making converting haploid genotypes to diploid genotypes.
> Extract the region for this SLURM task (# 12) from the BED file.
  - Get the chunk number from the SLURM array task ID and the bed file...
DEBUG: Extracting chunk number: 12p from 12
DEBUG: Extracting region from BED file: /hpc/local/Rocky8/dhl_ec/software/MonopogenLite/resources/chrX_100pieces.bed
  - Extract the region from the BED file...
DEBUG: Extracted raw region: 'chrX	17164489	18724896' (chunk #: 12p of 100 for job 12)
  - Check if a valid region was extracted -- should be 'chrX	17164489	18724896'...
  - Prepare the region for bcftools...
  - Check if the region (chrX:17164489-18724896) was successfully extracted...
> Processing region 'chrX:17164489-18724896'...
  - Process the specific region (chunk# 12) using bcftools view...
  - Index the VCF file...
DEBUG: Check if the VCF file was successfully processed...
##fileformat=VCFv4.2
##FILTER=<ID=PASS,Description="All filters passed">
##fileDate=29/01/2022 - 14:31:41
##source=shapeit4.2.2
##contig=<ID=chr1,length=248956422>
##contig=<ID=chr2,length=242193529>
##contig=<ID=chr3,length=198295559>
##contig=<ID=chr4,length=190214555>
##contig=<ID=chr5,length=181538259>
##contig=<ID=chr6,length=170805979>
# This file was produced by bcftools stats (1.20+htslib-1.20) and can be plotted using plot-vcfstats.
# The command line was:	bcftools stats  /hpc/local/Rocky8/dhl_ec/software/MonopogenLite/resources/chrX.part12.vcf.gz
#
# Definition of sets:
# ID	[2]id	[3]tab-separated file names
ID	0	/hpc/local/Rocky8/dhl_ec/software/MonopogenLite/resources/chrX.part12.vcf.gz
# SN, Summary numbers:
#   number of records   .. number of data rows in the VCF
#   number of no-ALTs   .. reference-only sites, ALT is either "." or identical to REF
#   number of SNPs      .. number of rows with a SNP
#   number of MNPs      .. number of rows with a MNP, such as CC>TT
#   number of indels    .. number of rows with an indel
#   number of others    .. number of rows with other type, for example a symbolic allele or
#                          a complex substitution, such as ACT>TCGA
#   number of multiallelic sites     .. number of rows with multiple alternate alleles
#   number of multiallelic SNP sites .. number of rows with multiple alternate alleles, all SNPs
# 
#   Note that rows containing multiple types will be counted multiple times, in each
#   counter. For example, a row with a SNP and an indel increments both the SNP and
#   the indel counter.
# 
# SN	[2]id	[3]key	[4]value
SN	0	number of samples:	3202
SN	0	number of records:	13700
SN	0	number of no-ALTs:	0
SN	0	number of SNPs:	13700
SN	0	number of MNPs:	0
SN	0	number of indels:	0
SN	0	number of others:	0
SN	0	number of multiallelic sites:	0
SN	0	number of multiallelic SNP sites:	0
# TSTV, transitions/transversions:
# TSTV	[2]id	[3]ts	[4]tv	[5]ts/tv	[6]ts (1st ALT)	[7]tv (1st ALT)	[8]ts/tv (1st ALT)
TSTV	0	9483	4217	2.25	9483	4217	2.25
# SiS, Singleton stats:
# SiS	[2]id	[3]allele count	[4]number of SNPs	[5]number of transitions	[6]number of transversions	[7]number of indels	[8]repeat-consistent	[9]repeat-inconsistent	[10]not applicable
SiS	0	1	0	0	0	0	0	0	0
# AF, Stats by non-reference allele frequency:
# AF	[2]id	[3]allele frequency	[4]number of SNPs	[5]number of transitions	[6]number of transversions	[7]number of indels	[8]repeat-consistent	[9]repeat-inconsistent	[10]not applicable
AF	0	0.000312	2256	1582	674	0	0	0	0
AF	0	0.000625	1573	1063	510	0	0	0	0
AF	0	0.000937	1641	1136	505	0	0	0	0
AF	0	0.001249	572	409	163	0	0	0	0
AF	0	0.001562	827	585	242	0	0	0	0
AF	0	0.001874	347	238	109	0	0	0	0
AF	0	0.002186	503	361	142	0	0	0	0
AF	0	0.002498	180	134	46	0	0	0	0
AF	0	0.002811	305	211	94	0	0	0	0
AF	0	0.003123	162	116	46	0	0	0	0
AF	0	0.003435	310	209	101	0	0	0	0
AF	0	0.003748	141	97	44	0	0	0	0
AF	0	0.004060	264	185	79	0	0	0	0
AF	0	0.004372	121	88	33	0	0	0	0
AF	0	0.004685	157	115	42	0	0	0	0
AF	0	0.004997	110	75	35	0	0	0	0
AF	0	0.005309	177	119	58	0	0	0	0
AF	0	0.005621	55	36	19	0	0	0	0
AF	0	0.005934	137	95	42	0	0	0	0
AF	0	0.006246	74	52	22	0	0	0	0
AF	0	0.006558	146	93	53	0	0	0	0
AF	0	0.006871	46	30	16	0	0	0	0
AF	0	0.007183	97	73	24	0	0	0	0
AF	0	0.007495	34	25	9	0	0	0	0
AF	0	0.007808	98	67	31	0	0	0	0
AF	0	0.008120	65	39	26	0	0	0	0
AF	0	0.008432	130	93	37	0	0	0	0
AF	0	0.008745	54	41	13	0	0	0	0
AF	0	0.009057	64	43	21	0	0	0	0
AF	0	0.009369	27	17	10	0	0	0	0
AF	0	0.009681	73	47	26	0	0	0	0
AF	0	0.009994	38	27	11	0	0	0	0
AF	0	0.010306	74	49	25	0	0	0	0
AF	0	0.010618	31	20	11	0	0	0	0
AF	0	0.010931	75	54	21	0	0	0	0
AF	0	0.011243	24	18	6	0	0	0	0
AF	0	0.011555	42	32	10	0	0	0	0
AF	0	0.011868	36	25	11	0	0	0	0
AF	0	0.012180	55	45	10	0	0	0	0
AF	0	0.012492	23	13	10	0	0	0	0
AF	0	0.012804	41	27	14	0	0	0	0
AF	0	0.013117	16	7	9	0	0	0	0
AF	0	0.013429	32	20	12	0	0	0	0
AF	0	0.013741	9	7	2	0	0	0	0
AF	0	0.014054	38	24	14	0	0	0	0
AF	0	0.014366	19	18	1	0	0	0	0
AF	0	0.014678	29	22	7	0	0	0	0
AF	0	0.014991	16	9	7	0	0	0	0
AF	0	0.015303	33	27	6	0	0	0	0
AF	0	0.015615	13	9	4	0	0	0	0
AF	0	0.015928	53	34	19	0	0	0	0
AF	0	0.016240	16	14	2	0	0	0	0
AF	0	0.016552	41	28	13	0	0	0	0
AF	0	0.016864	11	8	3	0	0	0	0
AF	0	0.017177	44	27	17	0	0	0	0
AF	0	0.017489	6	3	3	0	0	0	0
AF	0	0.017801	37	24	13	0	0	0	0
AF	0	0.018114	8	5	3	0	0	0	0
AF	0	0.018426	12	9	3	0	0	0	0
AF	0	0.018738	13	12	1	0	0	0	0
AF	0	0.019051	36	24	12	0	0	0	0
AF	0	0.019363	7	7	0	0	0	0	0
AF	0	0.019675	12	6	6	0	0	0	0
AF	0	0.019988	9	4	5	0	0	0	0
AF	0	0.020300	21	15	6	0	0	0	0
AF	0	0.020612	11	4	7	0	0	0	0
AF	0	0.020924	19	16	3	0	0	0	0
AF	0	0.021237	11	11	0	0	0	0	0
AF	0	0.021549	22	11	11	0	0	0	0
AF	0	0.021861	6	5	1	0	0	0	0
AF	0	0.022174	24	19	5	0	0	0	0
AF	0	0.022486	12	9	3	0	0	0	0
AF	0	0.022798	6	4	2	0	0	0	0
AF	0	0.023111	4	3	1	0	0	0	0
AF	0	0.023423	13	9	4	0	0	0	0
AF	0	0.023735	5	3	2	0	0	0	0
AF	0	0.024047	12	6	6	0	0	0	0
AF	0	0.024360	11	10	1	0	0	0	0
AF	0	0.024672	12	8	4	0	0	0	0
AF	0	0.024984	7	4	3	0	0	0	0
AF	0	0.025297	15	10	5	0	0	0	0
AF	0	0.025609	6	5	1	0	0	0	0
AF	0	0.025921	12	8	4	0	0	0	0
AF	0	0.026234	9	7	2	0	0	0	0
AF	0	0.026546	9	3	6	0	0	0	0
AF	0	0.026858	5	3	2	0	0	0	0
AF	0	0.027171	9	6	3	0	0	0	0
AF	0	0.027483	5	3	2	0	0	0	0
AF	0	0.027795	6	3	3	0	0	0	0
AF	0	0.028107	9	5	4	0	0	0	0
AF	0	0.028420	14	12	2	0	0	0	0
AF	0	0.028732	3	2	1	0	0	0	0
AF	0	0.029044	5	3	2	0	0	0	0
AF	0	0.029357	3	0	3	0	0	0	0
AF	0	0.029669	4	2	2	0	0	0	0
AF	0	0.029981	2	2	0	0	0	0	0
AF	0	0.030294	5	2	3	0	0	0	0
AF	0	0.030606	8	5	3	0	0	0	0
AF	0	0.030918	6	4	2	0	0	0	0
AF	0	0.031230	5	5	0	0	0	0	0
AF	0	0.031543	14	12	2	0	0	0	0
AF	0	0.031855	10	6	4	0	0	0	0
AF	0	0.032167	14	7	7	0	0	0	0
AF	0	0.032480	4	3	1	0	0	0	0
AF	0	0.032792	10	7	3	0	0	0	0
AF	0	0.033104	3	2	1	0	0	0	0
AF	0	0.033417	4	3	1	0	0	0	0
AF	0	0.033729	11	8	3	0	0	0	0
AF	0	0.034041	9	6	3	0	0	0	0
AF	0	0.034354	6	6	0	0	0	0	0
AF	0	0.034666	5	2	3	0	0	0	0
AF	0	0.034978	6	5	1	0	0	0	0
AF	0	0.035290	12	11	1	0	0	0	0
AF	0	0.035603	1	0	1	0	0	0	0
AF	0	0.035915	10	8	2	0	0	0	0
AF	0	0.036227	5	4	1	0	0	0	0
AF	0	0.036540	8	7	1	0	0	0	0
AF	0	0.036852	3	3	0	0	0	0	0
AF	0	0.037164	5	2	3	0	0	0	0
AF	0	0.037477	2	2	0	0	0	0	0
AF	0	0.037789	7	4	3	0	0	0	0
AF	0	0.038413	5	4	1	0	0	0	0
AF	0	0.039038	9	5	4	0	0	0	0
AF	0	0.039350	4	2	2	0	0	0	0
AF	0	0.039663	7	5	2	0	0	0	0
AF	0	0.039975	2	1	1	0	0	0	0
AF	0	0.040287	4	3	1	0	0	0	0
AF	0	0.040600	3	3	0	0	0	0	0
AF	0	0.040912	5	2	3	0	0	0	0
AF	0	0.041224	2	2	0	0	0	0	0
AF	0	0.041537	4	3	1	0	0	0	0
AF	0	0.041849	2	2	0	0	0	0	0
AF	0	0.042161	4	4	0	0	0	0	0
AF	0	0.042473	3	2	1	0	0	0	0
AF	0	0.042786	3	3	0	0	0	0	0
AF	0	0.043098	3	3	0	0	0	0	0
AF	0	0.043410	2	1	1	0	0	0	0
AF	0	0.043723	1	1	0	0	0	0	0
AF	0	0.044035	7	5	2	0	0	0	0
AF	0	0.044347	4	3	1	0	0	0	0
AF	0	0.044660	5	4	1	0	0	0	0
AF	0	0.044972	3	3	0	0	0	0	0
AF	0	0.045284	9	9	0	0	0	0	0
AF	0	0.045597	3	1	2	0	0	0	0
AF	0	0.045909	5	3	2	0	0	0	0
AF	0	0.046221	2	2	0	0	0	0	0
AF	0	0.046533	7	4	3	0	0	0	0
AF	0	0.046846	7	6	1	0	0	0	0
AF	0	0.047158	8	5	3	0	0	0	0
AF	0	0.047470	3	1	2	0	0	0	0
AF	0	0.047783	10	6	4	0	0	0	0
AF	0	0.048095	5	4	1	0	0	0	0
AF	0	0.048407	7	7	0	0	0	0	0
AF	0	0.048720	6	3	3	0	0	0	0
AF	0	0.049032	9	3	6	0	0	0	0
AF	0	0.049344	4	1	3	0	0	0	0
AF	0	0.049656	5	5	0	0	0	0	0
AF	0	0.049969	4	1	3	0	0	0	0
AF	0	0.050281	6	1	5	0	0	0	0
AF	0	0.050593	2	1	1	0	0	0	0
AF	0	0.050906	5	2	3	0	0	0	0
AF	0	0.051218	1	0	1	0	0	0	0
AF	0	0.051530	7	5	2	0	0	0	0
AF	0	0.051843	3	3	0	0	0	0	0
AF	0	0.052155	5	5	0	0	0	0	0
AF	0	0.052467	1	1	0	0	0	0	0
AF	0	0.052780	7	4	3	0	0	0	0
AF	0	0.053404	2	2	0	0	0	0	0
AF	0	0.053716	1	1	0	0	0	0	0
AF	0	0.054029	2	1	1	0	0	0	0
AF	0	0.054341	3	2	1	0	0	0	0
AF	0	0.054653	1	1	0	0	0	0	0
AF	0	0.054966	1	0	1	0	0	0	0
AF	0	0.055278	7	5	2	0	0	0	0
AF	0	0.055590	2	2	0	0	0	0	0
AF	0	0.055903	7	4	3	0	0	0	0
AF	0	0.056215	1	0	1	0	0	0	0
AF	0	0.056527	6	4	2	0	0	0	0
AF	0	0.056839	2	2	0	0	0	0	0
AF	0	0.057152	1	0	1	0	0	0	0
AF	0	0.057776	6	4	2	0	0	0	0
AF	0	0.058089	3	3	0	0	0	0	0
AF	0	0.058401	6	3	3	0	0	0	0
AF	0	0.058713	2	1	1	0	0	0	0
AF	0	0.059026	8	6	2	0	0	0	0
AF	0	0.059338	4	3	1	0	0	0	0
AF	0	0.059650	6	4	2	0	0	0	0
AF	0	0.059963	4	3	1	0	0	0	0
AF	0	0.060275	6	6	0	0	0	0	0
AF	0	0.060587	2	2	0	0	0	0	0
AF	0	0.060899	9	5	4	0	0	0	0
AF	0	0.061212	3	3	0	0	0	0	0
AF	0	0.061524	13	8	5	0	0	0	0
AF	0	0.061836	1	0	1	0	0	0	0
AF	0	0.062773	5	4	1	0	0	0	0
AF	0	0.063086	2	1	1	0	0	0	0
AF	0	0.063398	6	3	3	0	0	0	0
AF	0	0.063710	1	1	0	0	0	0	0
AF	0	0.064022	6	4	2	0	0	0	0
AF	0	0.064335	2	2	0	0	0	0	0
AF	0	0.064647	1	1	0	0	0	0	0
AF	0	0.064959	1	1	0	0	0	0	0
AF	0	0.065272	7	3	4	0	0	0	0
AF	0	0.065584	1	1	0	0	0	0	0
AF	0	0.066521	5	3	2	0	0	0	0
AF	0	0.066833	6	1	5	0	0	0	0
AF	0	0.067146	7	4	3	0	0	0	0
AF	0	0.067770	4	3	1	0	0	0	0
AF	0	0.068082	3	2	1	0	0	0	0
AF	0	0.068395	10	8	2	0	0	0	0
AF	0	0.068707	3	3	0	0	0	0	0
AF	0	0.069019	5	3	2	0	0	0	0
AF	0	0.069332	1	1	0	0	0	0	0
AF	0	0.069644	4	2	2	0	0	0	0
AF	0	0.069956	3	2	1	0	0	0	0
AF	0	0.070269	4	1	3	0	0	0	0
AF	0	0.070581	2	2	0	0	0	0	0
AF	0	0.070893	6	6	0	0	0	0	0
AF	0	0.071518	7	6	1	0	0	0	0
AF	0	0.071830	3	3	0	0	0	0	0
AF	0	0.072142	1	0	1	0	0	0	0
AF	0	0.072455	3	0	3	0	0	0	0
AF	0	0.072767	2	2	0	0	0	0	0
AF	0	0.073079	2	0	2	0	0	0	0
AF	0	0.073392	4	3	1	0	0	0	0
AF	0	0.074016	2	1	1	0	0	0	0
AF	0	0.074329	1	1	0	0	0	0	0
AF	0	0.074641	6	1	5	0	0	0	0
AF	0	0.074953	1	1	0	0	0	0	0
AF	0	0.075265	4	2	2	0	0	0	0
AF	0	0.075890	2	2	0	0	0	0	0
AF	0	0.076202	2	0	2	0	0	0	0
AF	0	0.076515	5	3	2	0	0	0	0
AF	0	0.076827	2	1	1	0	0	0	0
AF	0	0.077139	5	5	0	0	0	0	0
AF	0	0.077452	1	1	0	0	0	0	0
AF	0	0.077764	4	2	2	0	0	0	0
AF	0	0.078076	3	1	2	0	0	0	0
AF	0	0.078389	2	2	0	0	0	0	0
AF	0	0.079013	1	1	0	0	0	0	0
AF	0	0.079638	1	1	0	0	0	0	0
AF	0	0.080262	3	2	1	0	0	0	0
AF	0	0.080575	5	3	2	0	0	0	0
AF	0	0.080887	3	3	0	0	0	0	0
AF	0	0.081199	1	0	1	0	0	0	0
AF	0	0.081512	3	1	2	0	0	0	0
AF	0	0.081824	1	1	0	0	0	0	0
AF	0	0.082136	1	1	0	0	0	0	0
AF	0	0.082761	4	3	1	0	0	0	0
AF	0	0.083385	2	1	1	0	0	0	0
AF	0	0.083698	2	1	1	0	0	0	0
AF	0	0.084010	1	1	0	0	0	0	0
AF	0	0.084635	3	3	0	0	0	0	0
AF	0	0.084947	1	0	1	0	0	0	0
AF	0	0.085572	2	2	0	0	0	0	0
AF	0	0.085884	3	2	1	0	0	0	0
AF	0	0.086196	4	4	0	0	0	0	0
AF	0	0.086508	1	0	1	0	0	0	0
AF	0	0.087133	2	0	2	0	0	0	0
AF	0	0.087445	2	2	0	0	0	0	0
AF	0	0.087758	1	1	0	0	0	0	0
AF	0	0.088070	3	0	3	0	0	0	0
AF	0	0.088382	2	1	1	0	0	0	0
AF	0	0.089007	1	0	1	0	0	0	0
AF	0	0.089319	2	1	1	0	0	0	0
AF	0	0.090256	3	3	0	0	0	0	0
AF	0	0.090568	1	1	0	0	0	0	0
AF	0	0.091193	6	3	3	0	0	0	0
AF	0	0.091505	1	1	0	0	0	0	0
AF	0	0.092130	7	6	1	0	0	0	0
AF	0	0.092442	1	0	1	0	0	0	0
AF	0	0.094316	2	2	0	0	0	0	0
AF	0	0.094941	1	1	0	0	0	0	0
AF	0	0.095253	2	2	0	0	0	0	0
AF	0	0.095565	1	1	0	0	0	0	0
AF	0	0.095878	1	1	0	0	0	0	0
AF	0	0.096190	1	0	1	0	0	0	0
AF	0	0.097127	3	1	2	0	0	0	0
AF	0	0.098064	1	1	0	0	0	0	0
AF	0	0.098376	1	1	0	0	0	0	0
AF	0	0.099001	3	3	0	0	0	0	0
AF	0	0.099625	2	2	0	0	0	0	0
AF	0	0.099938	2	0	2	0	0	0	0
AF	0	0.100250	3	2	1	0	0	0	0
AF	0	0.100562	1	1	0	0	0	0	0
AF	0	0.100874	1	1	0	0	0	0	0
AF	0	0.101187	3	3	0	0	0	0	0
AF	0	0.101499	1	1	0	0	0	0	0
AF	0	0.101811	2	2	0	0	0	0	0
AF	0	0.102124	1	0	1	0	0	0	0
AF	0	0.102436	1	0	1	0	0	0	0
AF	0	0.102748	1	0	1	0	0	0	0
AF	0	0.103373	2	1	1	0	0	0	0
AF	0	0.103685	1	1	0	0	0	0	0
AF	0	0.103998	1	1	0	0	0	0	0
AF	0	0.104310	1	1	0	0	0	0	0
AF	0	0.104622	1	0	1	0	0	0	0
AF	0	0.104934	1	1	0	0	0	0	0
AF	0	0.105559	1	1	0	0	0	0	0
AF	0	0.105871	1	1	0	0	0	0	0
AF	0	0.106496	1	1	0	0	0	0	0
AF	0	0.107121	1	0	1	0	0	0	0
AF	0	0.107433	1	1	0	0	0	0	0
AF	0	0.107745	1	0	1	0	0	0	0
AF	0	0.108057	2	2	0	0	0	0	0
AF	0	0.108370	2	1	1	0	0	0	0
AF	0	0.110556	2	2	0	0	0	0	0
AF	0	0.111805	2	2	0	0	0	0	0
AF	0	0.112117	2	0	2	0	0	0	0
AF	0	0.112430	2	1	1	0	0	0	0
AF	0	0.112742	3	2	1	0	0	0	0
AF	0	0.113054	2	2	0	0	0	0	0
AF	0	0.113991	1	1	0	0	0	0	0
AF	0	0.114304	2	1	1	0	0	0	0
AF	0	0.116177	1	1	0	0	0	0	0
AF	0	0.116802	1	0	1	0	0	0	0
AF	0	0.117427	1	1	0	0	0	0	0
AF	0	0.118051	1	0	1	0	0	0	0
AF	0	0.118676	1	0	1	0	0	0	0
AF	0	0.120550	1	0	1	0	0	0	0
AF	0	0.120862	2	1	1	0	0	0	0
AF	0	0.121487	1	1	0	0	0	0	0
AF	0	0.121799	1	1	0	0	0	0	0
AF	0	0.123360	1	1	0	0	0	0	0
AF	0	0.123673	1	0	1	0	0	0	0
AF	0	0.124297	1	1	0	0	0	0	0
AF	0	0.124922	1	1	0	0	0	0	0
AF	0	0.125234	1	1	0	0	0	0	0
AF	0	0.125547	1	1	0	0	0	0	0
AF	0	0.126796	1	0	1	0	0	0	0
AF	0	0.129919	1	1	0	0	0	0	0
AF	0	0.130231	1	1	0	0	0	0	0
AF	0	0.131168	1	0	1	0	0	0	0
AF	0	0.131480	1	1	0	0	0	0	0
AF	0	0.132105	2	2	0	0	0	0	0
AF	0	0.132417	1	0	1	0	0	0	0
AF	0	0.132730	1	1	0	0	0	0	0
AF	0	0.133666	2	1	1	0	0	0	0
AF	0	0.134291	1	1	0	0	0	0	0
AF	0	0.134603	2	1	1	0	0	0	0
AF	0	0.134916	1	1	0	0	0	0	0
AF	0	0.135228	2	1	1	0	0	0	0
AF	0	0.135540	1	1	0	0	0	0	0
AF	0	0.136165	4	3	1	0	0	0	0
AF	0	0.136477	1	1	0	0	0	0	0
AF	0	0.136790	6	4	2	0	0	0	0
AF	0	0.137102	2	1	1	0	0	0	0
AF	0	0.137414	12	7	5	0	0	0	0
AF	0	0.137726	1	1	0	0	0	0	0
AF	0	0.138039	8	6	2	0	0	0	0
AF	0	0.138351	4	2	2	0	0	0	0
AF	0	0.138663	4	3	1	0	0	0	0
AF	0	0.139288	1	1	0	0	0	0	0
AF	0	0.139913	1	0	1	0	0	0	0
AF	0	0.140225	1	0	1	0	0	0	0
AF	0	0.140537	1	0	1	0	0	0	0
AF	0	0.140849	1	1	0	0	0	0	0
AF	0	0.141162	3	2	1	0	0	0	0
AF	0	0.141474	1	1	0	0	0	0	0
AF	0	0.141786	4	2	2	0	0	0	0
AF	0	0.142099	2	2	0	0	0	0	0
AF	0	0.143036	1	1	0	0	0	0	0
AF	0	0.143660	2	2	0	0	0	0	0
AF	0	0.144285	1	0	1	0	0	0	0
AF	0	0.146159	2	1	1	0	0	0	0
AF	0	0.147096	2	1	1	0	0	0	0
AF	0	0.148657	3	2	1	0	0	0	0
AF	0	0.148969	1	1	0	0	0	0	0
AF	0	0.149282	1	1	0	0	0	0	0
AF	0	0.149594	2	0	2	0	0	0	0
AF	0	0.149906	2	1	1	0	0	0	0
AF	0	0.150219	1	0	1	0	0	0	0
AF	0	0.150843	1	0	1	0	0	0	0
AF	0	0.151156	1	0	1	0	0	0	0
AF	0	0.151468	1	0	1	0	0	0	0
AF	0	0.151780	1	1	0	0	0	0	0
AF	0	0.152405	2	1	1	0	0	0	0
AF	0	0.153029	3	3	0	0	0	0	0
AF	0	0.153654	2	1	1	0	0	0	0
AF	0	0.154279	4	2	2	0	0	0	0
AF	0	0.154591	4	3	1	0	0	0	0
AF	0	0.155215	1	1	0	0	0	0	0
AF	0	0.155528	2	2	0	0	0	0	0
AF	0	0.156152	1	1	0	0	0	0	0
AF	0	0.156465	2	2	0	0	0	0	0
AF	0	0.156777	1	1	0	0	0	0	0
AF	0	0.157402	1	1	0	0	0	0	0
AF	0	0.158026	1	1	0	0	0	0	0
AF	0	0.158651	2	2	0	0	0	0	0
AF	0	0.158963	1	0	1	0	0	0	0
AF	0	0.159275	1	1	0	0	0	0	0
AF	0	0.159588	1	1	0	0	0	0	0
AF	0	0.159900	3	1	2	0	0	0	0
AF	0	0.160212	2	1	1	0	0	0	0
AF	0	0.160525	4	3	1	0	0	0	0
AF	0	0.160837	4	2	2	0	0	0	0
AF	0	0.161149	1	0	1	0	0	0	0
AF	0	0.161774	1	1	0	0	0	0	0
AF	0	0.162399	1	0	1	0	0	0	0
AF	0	0.163023	1	1	0	0	0	0	0
AF	0	0.163335	1	1	0	0	0	0	0
AF	0	0.164272	2	1	1	0	0	0	0
AF	0	0.164897	1	1	0	0	0	0	0
AF	0	0.165522	4	3	1	0	0	0	0
AF	0	0.165834	2	2	0	0	0	0	0
AF	0	0.166458	1	0	1	0	0	0	0
AF	0	0.167083	1	1	0	0	0	0	0
AF	0	0.167395	3	1	2	0	0	0	0
AF	0	0.168020	2	2	0	0	0	0	0
AF	0	0.168332	2	1	1	0	0	0	0
AF	0	0.168645	8	5	3	0	0	0	0
AF	0	0.168957	2	1	1	0	0	0	0
AF	0	0.169269	2	2	0	0	0	0	0
AF	0	0.169582	4	2	2	0	0	0	0
AF	0	0.169894	2	2	0	0	0	0	0
AF	0	0.170206	2	2	0	0	0	0	0
AF	0	0.170518	8	5	3	0	0	0	0
AF	0	0.170831	7	6	1	0	0	0	0
AF	0	0.171143	11	5	6	0	0	0	0
AF	0	0.171455	3	1	2	0	0	0	0
AF	0	0.171768	1	0	1	0	0	0	0
AF	0	0.172080	1	1	0	0	0	0	0
AF	0	0.173017	2	0	2	0	0	0	0
AF	0	0.173329	1	0	1	0	0	0	0
AF	0	0.173641	3	2	1	0	0	0	0
AF	0	0.174266	1	0	1	0	0	0	0
AF	0	0.174578	2	1	1	0	0	0	0
AF	0	0.175515	3	3	0	0	0	0	0
AF	0	0.175828	1	1	0	0	0	0	0
AF	0	0.176140	2	1	1	0	0	0	0
AF	0	0.176765	2	1	1	0	0	0	0
AF	0	0.178014	3	2	1	0	0	0	0
AF	0	0.178638	1	0	1	0	0	0	0
AF	0	0.179263	1	0	1	0	0	0	0
AF	0	0.180824	1	1	0	0	0	0	0
AF	0	0.181137	2	1	1	0	0	0	0
AF	0	0.181761	7	6	1	0	0	0	0
AF	0	0.182074	5	5	0	0	0	0	0
AF	0	0.182386	2	2	0	0	0	0	0
AF	0	0.182698	1	1	0	0	0	0	0
AF	0	0.183011	4	2	2	0	0	0	0
AF	0	0.183635	1	1	0	0	0	0	0
AF	0	0.183948	1	0	1	0	0	0	0
AF	0	0.184260	1	1	0	0	0	0	0
AF	0	0.184884	1	0	1	0	0	0	0
AF	0	0.185509	2	1	1	0	0	0	0
AF	0	0.186134	2	2	0	0	0	0	0
AF	0	0.186758	2	1	1	0	0	0	0
AF	0	0.187071	1	1	0	0	0	0	0
AF	0	0.188007	2	1	1	0	0	0	0
AF	0	0.188632	1	1	0	0	0	0	0
AF	0	0.189257	1	1	0	0	0	0	0
AF	0	0.189569	1	0	1	0	0	0	0
AF	0	0.189881	1	1	0	0	0	0	0
AF	0	0.190506	1	1	0	0	0	0	0
AF	0	0.191131	1	0	1	0	0	0	0
AF	0	0.192067	1	1	0	0	0	0	0
AF	0	0.192692	1	0	1	0	0	0	0
AF	0	0.193004	1	1	0	0	0	0	0
AF	0	0.193317	1	0	1	0	0	0	0
AF	0	0.194566	1	1	0	0	0	0	0
AF	0	0.196752	2	2	0	0	0	0	0
AF	0	0.198314	1	1	0	0	0	0	0
AF	0	0.198626	2	0	2	0	0	0	0
AF	0	0.198938	1	1	0	0	0	0	0
AF	0	0.199875	2	0	2	0	0	0	0
AF	0	0.200500	2	1	1	0	0	0	0
AF	0	0.201124	1	1	0	0	0	0	0
AF	0	0.202061	2	1	1	0	0	0	0
AF	0	0.202686	2	2	0	0	0	0	0
AF	0	0.202998	1	0	1	0	0	0	0
AF	0	0.204560	1	0	1	0	0	0	0
AF	0	0.204872	1	1	0	0	0	0	0
AF	0	0.205497	1	1	0	0	0	0	0
AF	0	0.207995	1	1	0	0	0	0	0
AF	0	0.208307	1	1	0	0	0	0	0
AF	0	0.208620	1	1	0	0	0	0	0
AF	0	0.209244	1	0	1	0	0	0	0
AF	0	0.209869	1	1	0	0	0	0	0
AF	0	0.210493	3	2	1	0	0	0	0
AF	0	0.211118	2	0	2	0	0	0	0
AF	0	0.211430	1	0	1	0	0	0	0
AF	0	0.211743	5	3	2	0	0	0	0
AF	0	0.212055	2	2	0	0	0	0	0
AF	0	0.212367	2	2	0	0	0	0	0
AF	0	0.212992	2	2	0	0	0	0	0
AF	0	0.213616	2	0	2	0	0	0	0
AF	0	0.213929	3	1	2	0	0	0	0
AF	0	0.214241	5	4	1	0	0	0	0
AF	0	0.214553	3	2	1	0	0	0	0
AF	0	0.214866	4	4	0	0	0	0	0
AF	0	0.215178	4	3	1	0	0	0	0
AF	0	0.215490	3	2	1	0	0	0	0
AF	0	0.215803	1	1	0	0	0	0	0
AF	0	0.216115	1	1	0	0	0	0	0
AF	0	0.216427	2	2	0	0	0	0	0
AF	0	0.217364	1	0	1	0	0	0	0
AF	0	0.217676	1	1	0	0	0	0	0
AF	0	0.219863	1	1	0	0	0	0	0
AF	0	0.220175	2	1	1	0	0	0	0
AF	0	0.222049	1	1	0	0	0	0	0
AF	0	0.223298	2	2	0	0	0	0	0
AF	0	0.225172	4	3	1	0	0	0	0
AF	0	0.225484	1	1	0	0	0	0	0
AF	0	0.226109	1	1	0	0	0	0	0
AF	0	0.227046	1	0	1	0	0	0	0
AF	0	0.227358	1	0	1	0	0	0	0
AF	0	0.227983	1	0	1	0	0	0	0
AF	0	0.228295	2	0	2	0	0	0	0
AF	0	0.228607	1	1	0	0	0	0	0
AF	0	0.229544	1	1	0	0	0	0	0
AF	0	0.229856	2	2	0	0	0	0	0
AF	0	0.230169	1	1	0	0	0	0	0
AF	0	0.231418	1	1	0	0	0	0	0
AF	0	0.232979	2	1	1	0	0	0	0
AF	0	0.233292	2	1	1	0	0	0	0
AF	0	0.233604	1	0	1	0	0	0	0
AF	0	0.234853	1	1	0	0	0	0	0
AF	0	0.235790	1	1	0	0	0	0	0
AF	0	0.236102	2	1	1	0	0	0	0
AF	0	0.236415	2	1	1	0	0	0	0
AF	0	0.237039	2	1	1	0	0	0	0
AF	0	0.238601	1	0	1	0	0	0	0
AF	0	0.238913	2	1	1	0	0	0	0
AF	0	0.239850	1	1	0	0	0	0	0
AF	0	0.240162	2	1	1	0	0	0	0
AF	0	0.240787	1	1	0	0	0	0	0
AF	0	0.241099	1	0	1	0	0	0	0
AF	0	0.241412	1	1	0	0	0	0	0
AF	0	0.242661	2	1	1	0	0	0	0
AF	0	0.242973	1	0	1	0	0	0	0
AF	0	0.243285	1	0	1	0	0	0	0
AF	0	0.244222	1	1	0	0	0	0	0
AF	0	0.244535	1	0	1	0	0	0	0
AF	0	0.245472	1	1	0	0	0	0	0
AF	0	0.245784	2	1	1	0	0	0	0
AF	0	0.246408	2	2	0	0	0	0	0
AF	0	0.247033	2	2	0	0	0	0	0
AF	0	0.247345	1	0	1	0	0	0	0
AF	0	0.247658	1	0	1	0	0	0	0
AF	0	0.248595	1	1	0	0	0	0	0
AF	0	0.248907	1	1	0	0	0	0	0
AF	0	0.249219	1	1	0	0	0	0	0
AF	0	0.250156	2	2	0	0	0	0	0
AF	0	0.250468	1	1	0	0	0	0	0
AF	0	0.252655	1	1	0	0	0	0	0
AF	0	0.253279	2	2	0	0	0	0	0
AF	0	0.253904	2	1	1	0	0	0	0
AF	0	0.254528	1	0	1	0	0	0	0
AF	0	0.255153	1	0	1	0	0	0	0
AF	0	0.256090	1	1	0	0	0	0	0
AF	0	0.256402	2	1	1	0	0	0	0
AF	0	0.256715	1	1	0	0	0	0	0
AF	0	0.257027	1	1	0	0	0	0	0
AF	0	0.257339	1	1	0	0	0	0	0
AF	0	0.257651	2	2	0	0	0	0	0
AF	0	0.258588	2	1	1	0	0	0	0
AF	0	0.258901	4	3	1	0	0	0	0
AF	0	0.259213	2	2	0	0	0	0	0
AF	0	0.259838	2	1	1	0	0	0	0
AF	0	0.260150	1	0	1	0	0	0	0
AF	0	0.260462	1	1	0	0	0	0	0
AF	0	0.261087	1	1	0	0	0	0	0
AF	0	0.261399	3	2	1	0	0	0	0
AF	0	0.262648	1	1	0	0	0	0	0
AF	0	0.263585	1	1	0	0	0	0	0
AF	0	0.265147	2	1	1	0	0	0	0
AF	0	0.265771	2	2	0	0	0	0	0
AF	0	0.266084	2	1	1	0	0	0	0
AF	0	0.266396	2	2	0	0	0	0	0
AF	0	0.266708	2	2	0	0	0	0	0
AF	0	0.267645	3	2	1	0	0	0	0
AF	0	0.268270	1	1	0	0	0	0	0
AF	0	0.268582	1	1	0	0	0	0	0
AF	0	0.268894	2	2	0	0	0	0	0
AF	0	0.269207	1	0	1	0	0	0	0
AF	0	0.269519	1	1	0	0	0	0	0
AF	0	0.269831	2	1	1	0	0	0	0
AF	0	0.270144	1	0	1	0	0	0	0
AF	0	0.271393	1	0	1	0	0	0	0
AF	0	0.271705	1	0	1	0	0	0	0
AF	0	0.272954	2	2	0	0	0	0	0
AF	0	0.273267	2	2	0	0	0	0	0
AF	0	0.275453	1	1	0	0	0	0	0
AF	0	0.275765	1	1	0	0	0	0	0
AF	0	0.276077	1	0	1	0	0	0	0
AF	0	0.276390	2	2	0	0	0	0	0
AF	0	0.277014	2	2	0	0	0	0	0
AF	0	0.277327	1	1	0	0	0	0	0
AF	0	0.277639	1	0	1	0	0	0	0
AF	0	0.277951	1	0	1	0	0	0	0
AF	0	0.278264	2	1	1	0	0	0	0
AF	0	0.278576	3	2	1	0	0	0	0
AF	0	0.278888	2	2	0	0	0	0	0
AF	0	0.279200	2	1	1	0	0	0	0
AF	0	0.279513	4	3	1	0	0	0	0
AF	0	0.279825	1	0	1	0	0	0	0
AF	0	0.280762	3	2	1	0	0	0	0
AF	0	0.281074	3	3	0	0	0	0	0
AF	0	0.281387	1	0	1	0	0	0	0
AF	0	0.281699	1	1	0	0	0	0	0
AF	0	0.282011	2	2	0	0	0	0	0
AF	0	0.282324	1	1	0	0	0	0	0
AF	0	0.282636	1	1	0	0	0	0	0
AF	0	0.282948	1	1	0	0	0	0	0
AF	0	0.283260	1	1	0	0	0	0	0
AF	0	0.283885	2	2	0	0	0	0	0
AF	0	0.286071	1	0	1	0	0	0	0
AF	0	0.287633	1	0	1	0	0	0	0
AF	0	0.289194	1	1	0	0	0	0	0
AF	0	0.289507	1	0	1	0	0	0	0
AF	0	0.290756	1	1	0	0	0	0	0
AF	0	0.291068	1	1	0	0	0	0	0
AF	0	0.292005	1	0	1	0	0	0	0
AF	0	0.292630	2	2	0	0	0	0	0
AF	0	0.293567	1	1	0	0	0	0	0
AF	0	0.294191	1	1	0	0	0	0	0
AF	0	0.294503	1	1	0	0	0	0	0
AF	0	0.295753	2	2	0	0	0	0	0
AF	0	0.296377	2	0	2	0	0	0	0
AF	0	0.297626	1	1	0	0	0	0	0
AF	0	0.298251	2	0	2	0	0	0	0
AF	0	0.298563	2	2	0	0	0	0	0
AF	0	0.299188	1	1	0	0	0	0	0
AF	0	0.303248	1	1	0	0	0	0	0
AF	0	0.303873	1	0	1	0	0	0	0
AF	0	0.305122	1	0	1	0	0	0	0
AF	0	0.305746	2	2	0	0	0	0	0
AF	0	0.308557	1	1	0	0	0	0	0
AF	0	0.311056	1	1	0	0	0	0	0
AF	0	0.312929	1	1	0	0	0	0	0
AF	0	0.314491	1	1	0	0	0	0	0
AF	0	0.317926	1	1	0	0	0	0	0
AF	0	0.318239	1	0	1	0	0	0	0
AF	0	0.320425	1	1	0	0	0	0	0
AF	0	0.323860	1	1	0	0	0	0	0
AF	0	0.326359	1	1	0	0	0	0	0
AF	0	0.329169	1	1	0	0	0	0	0
AF	0	0.329482	1	1	0	0	0	0	0
AF	0	0.329794	1	1	0	0	0	0	0
AF	0	0.331043	2	1	1	0	0	0	0
AF	0	0.333542	2	1	1	0	0	0	0
AF	0	0.334478	1	0	1	0	0	0	0
AF	0	0.334791	2	2	0	0	0	0	0
AF	0	0.335415	2	2	0	0	0	0	0
AF	0	0.336040	1	0	1	0	0	0	0
AF	0	0.336352	1	1	0	0	0	0	0
AF	0	0.336665	1	1	0	0	0	0	0
AF	0	0.339163	1	1	0	0	0	0	0
AF	0	0.339475	1	0	1	0	0	0	0
AF	0	0.339788	1	1	0	0	0	0	0
AF	0	0.340100	1	0	1	0	0	0	0
AF	0	0.340725	2	2	0	0	0	0	0
AF	0	0.341661	1	1	0	0	0	0	0
AF	0	0.342911	1	1	0	0	0	0	0
AF	0	0.344160	1	0	1	0	0	0	0
AF	0	0.345097	1	0	1	0	0	0	0
AF	0	0.345409	1	1	0	0	0	0	0
AF	0	0.345721	1	1	0	0	0	0	0
AF	0	0.346034	1	1	0	0	0	0	0
AF	0	0.347283	1	0	1	0	0	0	0
AF	0	0.348532	1	1	0	0	0	0	0
AF	0	0.348844	1	1	0	0	0	0	0
AF	0	0.349157	2	1	1	0	0	0	0
AF	0	0.349469	1	0	1	0	0	0	0
AF	0	0.349781	1	1	0	0	0	0	0
AF	0	0.351031	2	0	2	0	0	0	0
AF	0	0.351343	1	0	1	0	0	0	0
AF	0	0.356652	1	0	1	0	0	0	0
AF	0	0.359463	1	1	0	0	0	0	0
AF	0	0.361649	1	1	0	0	0	0	0
AF	0	0.362274	1	0	1	0	0	0	0
AF	0	0.362586	1	1	0	0	0	0	0
AF	0	0.362898	1	1	0	0	0	0	0
AF	0	0.363210	1	0	1	0	0	0	0
AF	0	0.363523	1	1	0	0	0	0	0
AF	0	0.364147	2	2	0	0	0	0	0
AF	0	0.365397	1	1	0	0	0	0	0
AF	0	0.365709	1	0	1	0	0	0	0
AF	0	0.366021	1	1	0	0	0	0	0
AF	0	0.367270	2	2	0	0	0	0	0
AF	0	0.367583	1	1	0	0	0	0	0
AF	0	0.367895	1	1	0	0	0	0	0
AF	0	0.369144	1	0	1	0	0	0	0
AF	0	0.371018	1	0	1	0	0	0	0
AF	0	0.371643	3	3	0	0	0	0	0
AF	0	0.372267	1	0	1	0	0	0	0
AF	0	0.374453	1	1	0	0	0	0	0
AF	0	0.375390	1	1	0	0	0	0	0
AF	0	0.376015	2	1	1	0	0	0	0
AF	0	0.376327	1	1	0	0	0	0	0
AF	0	0.376640	2	2	0	0	0	0	0
AF	0	0.378201	1	1	0	0	0	0	0
AF	0	0.379138	1	1	0	0	0	0	0
AF	0	0.380075	1	0	1	0	0	0	0
AF	0	0.381012	1	0	1	0	0	0	0
AF	0	0.383510	1	0	1	0	0	0	0
AF	0	0.384135	1	0	1	0	0	0	0
AF	0	0.388507	1	0	1	0	0	0	0
AF	0	0.389132	1	0	1	0	0	0	0
AF	0	0.389444	1	1	0	0	0	0	0
AF	0	0.391943	1	1	0	0	0	0	0
AF	0	0.392255	1	1	0	0	0	0	0
AF	0	0.392879	1	1	0	0	0	0	0
AF	0	0.404122	1	1	0	0	0	0	0
AF	0	0.404747	2	1	1	0	0	0	0
AF	0	0.405372	1	1	0	0	0	0	0
AF	0	0.407245	2	1	1	0	0	0	0
AF	0	0.407558	2	1	1	0	0	0	0
AF	0	0.407870	1	1	0	0	0	0	0
AF	0	0.409119	1	1	0	0	0	0	0
AF	0	0.410681	1	0	1	0	0	0	0
AF	0	0.412242	1	0	1	0	0	0	0
AF	0	0.412555	1	1	0	0	0	0	0
AF	0	0.415053	1	1	0	0	0	0	0
AF	0	0.417864	1	1	0	0	0	0	0
AF	0	0.419425	1	1	0	0	0	0	0
AF	0	0.420675	1	1	0	0	0	0	0
AF	0	0.427233	1	1	0	0	0	0	0
AF	0	0.427545	1	1	0	0	0	0	0
AF	0	0.429107	1	0	1	0	0	0	0
AF	0	0.432542	1	1	0	0	0	0	0
AF	0	0.433167	1	1	0	0	0	0	0
AF	0	0.434104	1	1	0	0	0	0	0
AF	0	0.434416	1	1	0	0	0	0	0
AF	0	0.436602	1	1	0	0	0	0	0
AF	0	0.438164	1	1	0	0	0	0	0
AF	0	0.439725	1	1	0	0	0	0	0
AF	0	0.442848	1	1	0	0	0	0	0
AF	0	0.443785	1	0	1	0	0	0	0
AF	0	0.445034	1	0	1	0	0	0	0
AF	0	0.446908	1	0	1	0	0	0	0
AF	0	0.452530	1	1	0	0	0	0	0
AF	0	0.453154	1	0	1	0	0	0	0
AF	0	0.455028	1	1	0	0	0	0	0
AF	0	0.455653	1	0	1	0	0	0	0
AF	0	0.461274	1	1	0	0	0	0	0
AF	0	0.461587	1	1	0	0	0	0	0
AF	0	0.462523	1	0	1	0	0	0	0
AF	0	0.467208	1	0	1	0	0	0	0
AF	0	0.470643	1	1	0	0	0	0	0
AF	0	0.477514	1	1	0	0	0	0	0
AF	0	0.479388	1	1	0	0	0	0	0
AF	0	0.483136	1	0	1	0	0	0	0
AF	0	0.484385	1	0	1	0	0	0	0
AF	0	0.485322	2	1	1	0	0	0	0
AF	0	0.486571	1	1	0	0	0	0	0
AF	0	0.494379	1	1	0	0	0	0	0
AF	0	0.501874	1	1	0	0	0	0	0
AF	0	0.514366	1	1	0	0	0	0	0
AF	0	0.521237	1	1	0	0	0	0	0
AF	0	0.522486	1	1	0	0	0	0	0
AF	0	0.525921	1	1	0	0	0	0	0
AF	0	0.530606	2	0	2	0	0	0	0
AF	0	0.531855	1	1	0	0	0	0	0
AF	0	0.532792	1	0	1	0	0	0	0
AF	0	0.533729	3	0	3	0	0	0	0
AF	0	0.536852	1	0	1	0	0	0	0
AF	0	0.538101	2	1	1	0	0	0	0
AF	0	0.539038	1	1	0	0	0	0	0
AF	0	0.540287	1	1	0	0	0	0	0
AF	0	0.541849	2	2	0	0	0	0	0
AF	0	0.544347	1	1	0	0	0	0	0
AF	0	0.548095	1	1	0	0	0	0	0
AF	0	0.552155	1	0	1	0	0	0	0
AF	0	0.553716	1	0	1	0	0	0	0
AF	0	0.555903	1	1	0	0	0	0	0
AF	0	0.556839	1	0	1	0	0	0	0
AF	0	0.557464	1	1	0	0	0	0	0
AF	0	0.558089	1	1	0	0	0	0	0
AF	0	0.559963	1	1	0	0	0	0	0
AF	0	0.560899	1	1	0	0	0	0	0
AF	0	0.561212	1	0	1	0	0	0	0
AF	0	0.562461	1	1	0	0	0	0	0
AF	0	0.563086	1	1	0	0	0	0	0
AF	0	0.565272	1	1	0	0	0	0	0
AF	0	0.567146	1	1	0	0	0	0	0
AF	0	0.567770	1	0	1	0	0	0	0
AF	0	0.568395	1	1	0	0	0	0	0
AF	0	0.568707	6	6	0	0	0	0	0
AF	0	0.569019	9	8	1	0	0	0	0
AF	0	0.569332	3	3	0	0	0	0	0
AF	0	0.569644	2	2	0	0	0	0	0
AF	0	0.570269	1	0	1	0	0	0	0
AF	0	0.570893	1	0	1	0	0	0	0
AF	0	0.571518	1	1	0	0	0	0	0
AF	0	0.572455	1	1	0	0	0	0	0
AF	0	0.576827	2	0	2	0	0	0	0
AF	0	0.589944	1	1	0	0	0	0	0
AF	0	0.593379	1	1	0	0	0	0	0
AF	0	0.594316	1	0	1	0	0	0	0
AF	0	0.597127	1	1	0	0	0	0	0
AF	0	0.602748	1	0	1	0	0	0	0
AF	0	0.604934	1	1	0	0	0	0	0
AF	0	0.606496	2	2	0	0	0	0	0
AF	0	0.606808	1	0	1	0	0	0	0
AF	0	0.607121	2	2	0	0	0	0	0
AF	0	0.607433	1	1	0	0	0	0	0
AF	0	0.607745	1	0	1	0	0	0	0
AF	0	0.608994	1	1	0	0	0	0	0
AF	0	0.609619	1	1	0	0	0	0	0
AF	0	0.609931	1	0	1	0	0	0	0
AF	0	0.610244	1	1	0	0	0	0	0
AF	0	0.610868	1	1	0	0	0	0	0
AF	0	0.611181	1	1	0	0	0	0	0
AF	0	0.611493	1	0	1	0	0	0	0
AF	0	0.612430	2	2	0	0	0	0	0
AF	0	0.614616	1	1	0	0	0	0	0
AF	0	0.616490	1	0	1	0	0	0	0
AF	0	0.617739	1	0	1	0	0	0	0
AF	0	0.618364	1	0	1	0	0	0	0
AF	0	0.625547	1	0	1	0	0	0	0
AF	0	0.626483	1	0	1	0	0	0	0
AF	0	0.626796	1	1	0	0	0	0	0
AF	0	0.627420	1	1	0	0	0	0	0
AF	0	0.627733	5	4	1	0	0	0	0
AF	0	0.628357	1	0	1	0	0	0	0
AF	0	0.629294	1	1	0	0	0	0	0
AF	0	0.630231	2	2	0	0	0	0	0
AF	0	0.634603	1	1	0	0	0	0	0
AF	0	0.635540	2	1	1	0	0	0	0
AF	0	0.635853	1	1	0	0	0	0	0
AF	0	0.636790	1	1	0	0	0	0	0
AF	0	0.637414	2	2	0	0	0	0	0
AF	0	0.638039	1	0	1	0	0	0	0
AF	0	0.638351	1	1	0	0	0	0	0
AF	0	0.638976	1	1	0	0	0	0	0
AF	0	0.639288	1	1	0	0	0	0	0
AF	0	0.639600	1	1	0	0	0	0	0
AF	0	0.640537	1	1	0	0	0	0	0
AF	0	0.641786	1	1	0	0	0	0	0
AF	0	0.643660	1	1	0	0	0	0	0
AF	0	0.645222	1	1	0	0	0	0	0
AF	0	0.645534	1	1	0	0	0	0	0
AF	0	0.645846	1	0	1	0	0	0	0
AF	0	0.646471	1	1	0	0	0	0	0
AF	0	0.647720	1	1	0	0	0	0	0
AF	0	0.648969	2	0	2	0	0	0	0
AF	0	0.651156	1	0	1	0	0	0	0
AF	0	0.651468	1	0	1	0	0	0	0
AF	0	0.652092	2	1	1	0	0	0	0
AF	0	0.654903	1	1	0	0	0	0	0
AF	0	0.655840	1	0	1	0	0	0	0
AF	0	0.656152	1	0	1	0	0	0	0
AF	0	0.660212	1	0	1	0	0	0	0
AF	0	0.660525	1	1	0	0	0	0	0
AF	0	0.661462	1	1	0	0	0	0	0
AF	0	0.665209	1	0	1	0	0	0	0
AF	0	0.666458	1	1	0	0	0	0	0
AF	0	0.666771	1	1	0	0	0	0	0
AF	0	0.667395	2	0	2	0	0	0	0
AF	0	0.668332	1	1	0	0	0	0	0
AF	0	0.672080	1	1	0	0	0	0	0
AF	0	0.676140	1	1	0	0	0	0	0
AF	0	0.678326	2	2	0	0	0	0	0
AF	0	0.681761	1	0	1	0	0	0	0
AF	0	0.683323	1	1	0	0	0	0	0
AF	0	0.683635	1	0	1	0	0	0	0
AF	0	0.686134	1	1	0	0	0	0	0
AF	0	0.687071	1	0	1	0	0	0	0
AF	0	0.688007	1	0	1	0	0	0	0
AF	0	0.693004	1	1	0	0	0	0	0
AF	0	0.693317	1	1	0	0	0	0	0
AF	0	0.699563	1	0	1	0	0	0	0
AF	0	0.710806	1	1	0	0	0	0	0
AF	0	0.715490	1	1	0	0	0	0	0
AF	0	0.745159	2	2	0	0	0	0	0
AF	0	0.752655	1	1	0	0	0	0	0
AF	0	0.752967	2	2	0	0	0	0	0
AF	0	0.756090	1	1	0	0	0	0	0
AF	0	0.756715	2	2	0	0	0	0	0
AF	0	0.771081	1	1	0	0	0	0	0
AF	0	0.772330	1	0	1	0	0	0	0
AF	0	0.777639	1	1	0	0	0	0	0
AF	0	0.787008	1	1	0	0	0	0	0
AF	0	0.807933	1	0	1	0	0	0	0
AF	0	0.855403	1	1	0	0	0	0	0
AF	0	0.860400	1	1	0	0	0	0	0
AF	0	0.865084	1	1	0	0	0	0	0
AF	0	0.901624	1	1	0	0	0	0	0
AF	0	0.902249	1	0	1	0	0	0	0
AF	0	0.905059	1	0	1	0	0	0	0
AF	0	0.908495	2	0	2	0	0	0	0
AF	0	0.912867	1	1	0	0	0	0	0
AF	0	0.916302	1	1	0	0	0	0	0
AF	0	0.923485	1	0	1	0	0	0	0
AF	0	0.925359	1	1	0	0	0	0	0
AF	0	0.952530	1	1	0	0	0	0	0
AF	0	0.960025	1	1	0	0	0	0	0
AF	0	0.960650	1	0	1	0	0	0	0
AF	0	0.964710	1	1	0	0	0	0	0
AF	0	0.968457	1	0	1	0	0	0	0
AF	0	0.971268	1	1	0	0	0	0	0
AF	0	0.973454	1	0	1	0	0	0	0
AF	0	0.975953	1	1	0	0	0	0	0
AF	0	0.992192	1	1	0	0	0	0	0
AF	0	0.995940	1	1	0	0	0	0	0
AF	0	0.997189	1	1	0	0	0	0	0
AF	0	0.997814	6	4	2	0	0	0	0
AF	0	0.998438	1	1	0	0	0	0	0
AF	0	0.998751	3	2	1	0	0	0	0
AF	0	0.999063	1	1	0	0	0	0	0
# QUAL, Stats by quality
# QUAL	[2]id	[3]Quality	[4]number of SNPs	[5]number of transitions (1st ALT)	[6]number of transversions (1st ALT)	[7]number of indels
QUAL	0	.	13700	9483	4217	0
# IDD, InDel distribution:
# IDD	[2]id	[3]length (deletions negative)	[4]number of sites	[5]number of genotypes	[6]mean VAF
# ST, Substitution types:
# ST	[2]id	[3]type	[4]count
ST	0	A>C	489
ST	0	A>G	1978
ST	0	A>T	431
ST	0	C>A	638
ST	0	C>G	569
ST	0	C>T	2816
ST	0	G>A	2915
ST	0	G>C	562
ST	0	G>T	604
ST	0	T>A	462
ST	0	T>C	1774
ST	0	T>G	462
# DP, Depth distribution
# DP	[2]id	[3]bin	[4]number of genotypes	[5]fraction of genotypes (%)	[6]number of sites	[7]fraction of sites (%)
  - Fix haploid genotypes in males...

Submit MakeDiploidMalesX finished successfully. Let's have a beer, buddy!

