Submit MakeDiploidMalesX
version 1.1.6 (2024-09-30)

These are the settings:
  Input file................: /hpc/local/Rocky8/dhl_ec/software/MonopogenLite/resources/1kGP_high_coverage_Illumina.SNVonly_poly.filtered_AF_5e-04.norm.fixvariantid.chrX.vcf.gz
  Output file...............: /hpc/local/Rocky8/dhl_ec/software/MonopogenLite/resources/1kGP_high_coverage_Illumina.SNVonly_poly.filtered_AF_5e-04.norm.fixvariantid.makediploid.chrX.vcf.gz
  Chunk size................: 100

  SLURM CPUs................: 4
  SLURM Array ID............: 64 (of 100)
  SLURM memory..............: 16G
  SLURM time................: 01:00:00
  SLURM mail type...........: FAIL
  SLURM mail user...........: s.w.vanderlaan-2@umcutrecht.nl

  Dry run mode..............: 0
  Debug mode................: 1
  Verbosity.................: 0
  Version...................: 1.1.6 (2024-09-30)

Making converting haploid genotypes to diploid genotypes.
> Extract the region for this SLURM task (# 64) from the BED file.
  - Get the chunk number from the SLURM array task ID and the bed file...
DEBUG: Extracting chunk number: 64p from 64
DEBUG: Extracting region from BED file: /hpc/local/Rocky8/dhl_ec/software/MonopogenLite/resources/chrX_100pieces.bed
  - Extract the region from the BED file...
DEBUG: Extracted raw region: 'chrX	98305705	99866112' (chunk #: 64p of 100 for job 64)
  - Check if a valid region was extracted -- should be 'chrX	98305705	99866112'...
  - Prepare the region for bcftools...
  - Check if the region (chrX:98305705-99866112) was successfully extracted...
> Processing region 'chrX:98305705-99866112'...
  - Process the specific region (chunk# 64) using bcftools view...
  - Index the VCF file...
DEBUG: Check if the VCF file was successfully processed...
##fileformat=VCFv4.2
##FILTER=<ID=PASS,Description="All filters passed">
##fileDate=29/01/2022 - 14:31:41
##source=shapeit4.2.2
##contig=<ID=chr1,length=248956422>
##contig=<ID=chr2,length=242193529>
##contig=<ID=chr3,length=198295559>
##contig=<ID=chr4,length=190214555>
##contig=<ID=chr5,length=181538259>
##contig=<ID=chr6,length=170805979>
# This file was produced by bcftools stats (1.20+htslib-1.20) and can be plotted using plot-vcfstats.
# The command line was:	bcftools stats  /hpc/local/Rocky8/dhl_ec/software/MonopogenLite/resources/chrX.part64.vcf.gz
#
# Definition of sets:
# ID	[2]id	[3]tab-separated file names
ID	0	/hpc/local/Rocky8/dhl_ec/software/MonopogenLite/resources/chrX.part64.vcf.gz
# SN, Summary numbers:
#   number of records   .. number of data rows in the VCF
#   number of no-ALTs   .. reference-only sites, ALT is either "." or identical to REF
#   number of SNPs      .. number of rows with a SNP
#   number of MNPs      .. number of rows with a MNP, such as CC>TT
#   number of indels    .. number of rows with an indel
#   number of others    .. number of rows with other type, for example a symbolic allele or
#                          a complex substitution, such as ACT>TCGA
#   number of multiallelic sites     .. number of rows with multiple alternate alleles
#   number of multiallelic SNP sites .. number of rows with multiple alternate alleles, all SNPs
# 
#   Note that rows containing multiple types will be counted multiple times, in each
#   counter. For example, a row with a SNP and an indel increments both the SNP and
#   the indel counter.
# 
# SN	[2]id	[3]key	[4]value
SN	0	number of samples:	3202
SN	0	number of records:	15466
SN	0	number of no-ALTs:	0
SN	0	number of SNPs:	15466
SN	0	number of MNPs:	0
SN	0	number of indels:	0
SN	0	number of others:	0
SN	0	number of multiallelic sites:	0
SN	0	number of multiallelic SNP sites:	0
# TSTV, transitions/transversions:
# TSTV	[2]id	[3]ts	[4]tv	[5]ts/tv	[6]ts (1st ALT)	[7]tv (1st ALT)	[8]ts/tv (1st ALT)
TSTV	0	10192	5274	1.93	10192	5274	1.93
# SiS, Singleton stats:
# SiS	[2]id	[3]allele count	[4]number of SNPs	[5]number of transitions	[6]number of transversions	[7]number of indels	[8]repeat-consistent	[9]repeat-inconsistent	[10]not applicable
SiS	0	1	0	0	0	0	0	0	0
# AF, Stats by non-reference allele frequency:
# AF	[2]id	[3]allele frequency	[4]number of SNPs	[5]number of transitions	[6]number of transversions	[7]number of indels	[8]repeat-consistent	[9]repeat-inconsistent	[10]not applicable
AF	0	0.000312	2368	1616	752	0	0	0	0
AF	0	0.000625	1586	1064	522	0	0	0	0
AF	0	0.000937	1786	1168	618	0	0	0	0
AF	0	0.001249	636	431	205	0	0	0	0
AF	0	0.001562	786	527	259	0	0	0	0
AF	0	0.001874	282	188	94	0	0	0	0
AF	0	0.002186	531	340	191	0	0	0	0
AF	0	0.002498	257	171	86	0	0	0	0
AF	0	0.002811	368	252	116	0	0	0	0
AF	0	0.003123	171	108	63	0	0	0	0
AF	0	0.003435	283	198	85	0	0	0	0
AF	0	0.003748	132	93	39	0	0	0	0
AF	0	0.004060	237	157	80	0	0	0	0
AF	0	0.004372	150	97	53	0	0	0	0
AF	0	0.004685	258	169	89	0	0	0	0
AF	0	0.004997	81	51	30	0	0	0	0
AF	0	0.005309	207	146	61	0	0	0	0
AF	0	0.005621	83	56	27	0	0	0	0
AF	0	0.005934	175	105	70	0	0	0	0
AF	0	0.006246	85	59	26	0	0	0	0
AF	0	0.006558	120	68	52	0	0	0	0
AF	0	0.006871	57	34	23	0	0	0	0
AF	0	0.007183	132	86	46	0	0	0	0
AF	0	0.007495	39	21	18	0	0	0	0
AF	0	0.007808	101	63	38	0	0	0	0
AF	0	0.008120	77	55	22	0	0	0	0
AF	0	0.008432	137	95	42	0	0	0	0
AF	0	0.008745	56	32	24	0	0	0	0
AF	0	0.009057	73	39	34	0	0	0	0
AF	0	0.009369	48	30	18	0	0	0	0
AF	0	0.009681	104	73	31	0	0	0	0
AF	0	0.009994	20	16	4	0	0	0	0
AF	0	0.010306	81	55	26	0	0	0	0
AF	0	0.010618	50	22	28	0	0	0	0
AF	0	0.010931	64	45	19	0	0	0	0
AF	0	0.011243	26	21	5	0	0	0	0
AF	0	0.011555	71	49	22	0	0	0	0
AF	0	0.011868	32	18	14	0	0	0	0
AF	0	0.012180	93	63	30	0	0	0	0
AF	0	0.012492	29	18	11	0	0	0	0
AF	0	0.012804	56	37	19	0	0	0	0
AF	0	0.013117	25	18	7	0	0	0	0
AF	0	0.013429	117	72	45	0	0	0	0
AF	0	0.013741	28	16	12	0	0	0	0
AF	0	0.014054	82	60	22	0	0	0	0
AF	0	0.014366	28	22	6	0	0	0	0
AF	0	0.014678	57	37	20	0	0	0	0
AF	0	0.014991	30	19	11	0	0	0	0
AF	0	0.015303	36	20	16	0	0	0	0
AF	0	0.015615	20	11	9	0	0	0	0
AF	0	0.015928	28	25	3	0	0	0	0
AF	0	0.016240	15	9	6	0	0	0	0
AF	0	0.016552	54	42	12	0	0	0	0
AF	0	0.016864	15	7	8	0	0	0	0
AF	0	0.017177	21	11	10	0	0	0	0
AF	0	0.017489	16	9	7	0	0	0	0
AF	0	0.017801	15	11	4	0	0	0	0
AF	0	0.018114	16	10	6	0	0	0	0
AF	0	0.018426	22	18	4	0	0	0	0
AF	0	0.018738	13	7	6	0	0	0	0
AF	0	0.019051	42	26	16	0	0	0	0
AF	0	0.019363	22	11	11	0	0	0	0
AF	0	0.019675	20	13	7	0	0	0	0
AF	0	0.019988	9	4	5	0	0	0	0
AF	0	0.020300	34	22	12	0	0	0	0
AF	0	0.020612	14	6	8	0	0	0	0
AF	0	0.020924	25	12	13	0	0	0	0
AF	0	0.021237	12	5	7	0	0	0	0
AF	0	0.021549	23	14	9	0	0	0	0
AF	0	0.021861	20	16	4	0	0	0	0
AF	0	0.022174	23	14	9	0	0	0	0
AF	0	0.022486	9	7	2	0	0	0	0
AF	0	0.022798	18	10	8	0	0	0	0
AF	0	0.023111	15	11	4	0	0	0	0
AF	0	0.023423	22	15	7	0	0	0	0
AF	0	0.023735	5	2	3	0	0	0	0
AF	0	0.024047	16	12	4	0	0	0	0
AF	0	0.024360	5	2	3	0	0	0	0
AF	0	0.024672	20	10	10	0	0	0	0
AF	0	0.024984	7	6	1	0	0	0	0
AF	0	0.025297	10	6	4	0	0	0	0
AF	0	0.025609	13	10	3	0	0	0	0
AF	0	0.025921	13	8	5	0	0	0	0
AF	0	0.026234	6	3	3	0	0	0	0
AF	0	0.026546	20	10	10	0	0	0	0
AF	0	0.026858	16	9	7	0	0	0	0
AF	0	0.027171	16	12	4	0	0	0	0
AF	0	0.027483	2	0	2	0	0	0	0
AF	0	0.027795	11	5	6	0	0	0	0
AF	0	0.028107	3	2	1	0	0	0	0
AF	0	0.028420	7	7	0	0	0	0	0
AF	0	0.028732	8	6	2	0	0	0	0
AF	0	0.029044	14	9	5	0	0	0	0
AF	0	0.029357	6	5	1	0	0	0	0
AF	0	0.029669	15	11	4	0	0	0	0
AF	0	0.029981	7	4	3	0	0	0	0
AF	0	0.030294	13	8	5	0	0	0	0
AF	0	0.030606	8	4	4	0	0	0	0
AF	0	0.030918	22	15	7	0	0	0	0
AF	0	0.031230	4	3	1	0	0	0	0
AF	0	0.031543	11	6	5	0	0	0	0
AF	0	0.031855	8	5	3	0	0	0	0
AF	0	0.032167	24	19	5	0	0	0	0
AF	0	0.032480	9	8	1	0	0	0	0
AF	0	0.032792	15	8	7	0	0	0	0
AF	0	0.033104	4	1	3	0	0	0	0
AF	0	0.033417	16	12	4	0	0	0	0
AF	0	0.033729	6	3	3	0	0	0	0
AF	0	0.034041	16	12	4	0	0	0	0
AF	0	0.034354	7	6	1	0	0	0	0
AF	0	0.034666	14	8	6	0	0	0	0
AF	0	0.034978	1	1	0	0	0	0	0
AF	0	0.035290	11	8	3	0	0	0	0
AF	0	0.035603	5	5	0	0	0	0	0
AF	0	0.035915	13	9	4	0	0	0	0
AF	0	0.036227	8	7	1	0	0	0	0
AF	0	0.036540	14	8	6	0	0	0	0
AF	0	0.036852	7	3	4	0	0	0	0
AF	0	0.037164	21	15	6	0	0	0	0
AF	0	0.037477	6	2	4	0	0	0	0
AF	0	0.037789	10	8	2	0	0	0	0
AF	0	0.038101	10	7	3	0	0	0	0
AF	0	0.038413	8	7	1	0	0	0	0
AF	0	0.038726	4	1	3	0	0	0	0
AF	0	0.039038	15	9	6	0	0	0	0
AF	0	0.039350	9	7	2	0	0	0	0
AF	0	0.039663	9	6	3	0	0	0	0
AF	0	0.039975	3	3	0	0	0	0	0
AF	0	0.040287	9	5	4	0	0	0	0
AF	0	0.040600	3	2	1	0	0	0	0
AF	0	0.040912	8	7	1	0	0	0	0
AF	0	0.041224	9	4	5	0	0	0	0
AF	0	0.041537	16	10	6	0	0	0	0
AF	0	0.041849	2	2	0	0	0	0	0
AF	0	0.042161	11	9	2	0	0	0	0
AF	0	0.042473	4	2	2	0	0	0	0
AF	0	0.042786	9	5	4	0	0	0	0
AF	0	0.043098	5	4	1	0	0	0	0
AF	0	0.043410	5	3	2	0	0	0	0
AF	0	0.043723	6	5	1	0	0	0	0
AF	0	0.044035	10	8	2	0	0	0	0
AF	0	0.044347	4	3	1	0	0	0	0
AF	0	0.044660	8	6	2	0	0	0	0
AF	0	0.044972	2	2	0	0	0	0	0
AF	0	0.045284	10	5	5	0	0	0	0
AF	0	0.045597	3	2	1	0	0	0	0
AF	0	0.045909	5	3	2	0	0	0	0
AF	0	0.046221	3	1	2	0	0	0	0
AF	0	0.046533	18	10	8	0	0	0	0
AF	0	0.046846	3	2	1	0	0	0	0
AF	0	0.047158	1	1	0	0	0	0	0
AF	0	0.047470	6	3	3	0	0	0	0
AF	0	0.047783	7	3	4	0	0	0	0
AF	0	0.048407	3	2	1	0	0	0	0
AF	0	0.048720	1	0	1	0	0	0	0
AF	0	0.049032	5	4	1	0	0	0	0
AF	0	0.049344	3	2	1	0	0	0	0
AF	0	0.049656	13	8	5	0	0	0	0
AF	0	0.049969	5	2	3	0	0	0	0
AF	0	0.050281	5	4	1	0	0	0	0
AF	0	0.050593	3	2	1	0	0	0	0
AF	0	0.050906	9	3	6	0	0	0	0
AF	0	0.051530	12	11	1	0	0	0	0
AF	0	0.051843	1	1	0	0	0	0	0
AF	0	0.052155	9	6	3	0	0	0	0
AF	0	0.052467	2	2	0	0	0	0	0
AF	0	0.052780	3	1	2	0	0	0	0
AF	0	0.053092	1	0	1	0	0	0	0
AF	0	0.053404	5	4	1	0	0	0	0
AF	0	0.053716	3	2	1	0	0	0	0
AF	0	0.054029	5	5	0	0	0	0	0
AF	0	0.054341	4	3	1	0	0	0	0
AF	0	0.054653	6	5	1	0	0	0	0
AF	0	0.054966	2	2	0	0	0	0	0
AF	0	0.055278	5	3	2	0	0	0	0
AF	0	0.055590	1	1	0	0	0	0	0
AF	0	0.055903	1	1	0	0	0	0	0
AF	0	0.056527	3	2	1	0	0	0	0
AF	0	0.057152	6	3	3	0	0	0	0
AF	0	0.057776	4	2	2	0	0	0	0
AF	0	0.058401	2	1	1	0	0	0	0
AF	0	0.058713	4	1	3	0	0	0	0
AF	0	0.059026	9	5	4	0	0	0	0
AF	0	0.059338	2	0	2	0	0	0	0
AF	0	0.059650	2	1	1	0	0	0	0
AF	0	0.059963	4	2	2	0	0	0	0
AF	0	0.060275	3	1	2	0	0	0	0
AF	0	0.060587	3	3	0	0	0	0	0
AF	0	0.060899	3	2	1	0	0	0	0
AF	0	0.061212	1	1	0	0	0	0	0
AF	0	0.061524	3	2	1	0	0	0	0
AF	0	0.061836	3	2	1	0	0	0	0
AF	0	0.062149	6	3	3	0	0	0	0
AF	0	0.062461	4	0	4	0	0	0	0
AF	0	0.062773	7	6	1	0	0	0	0
AF	0	0.063398	4	2	2	0	0	0	0
AF	0	0.063710	1	0	1	0	0	0	0
AF	0	0.064022	11	5	6	0	0	0	0
AF	0	0.064335	1	1	0	0	0	0	0
AF	0	0.064647	4	3	1	0	0	0	0
AF	0	0.065272	3	2	1	0	0	0	0
AF	0	0.065584	1	1	0	0	0	0	0
AF	0	0.065896	4	2	2	0	0	0	0
AF	0	0.066209	1	0	1	0	0	0	0
AF	0	0.066521	4	3	1	0	0	0	0
AF	0	0.067146	2	2	0	0	0	0	0
AF	0	0.067458	5	2	3	0	0	0	0
AF	0	0.067770	7	3	4	0	0	0	0
AF	0	0.068082	2	0	2	0	0	0	0
AF	0	0.068395	3	1	2	0	0	0	0
AF	0	0.069019	3	1	2	0	0	0	0
AF	0	0.069644	2	2	0	0	0	0	0
AF	0	0.069956	2	2	0	0	0	0	0
AF	0	0.070269	3	2	1	0	0	0	0
AF	0	0.070581	2	1	1	0	0	0	0
AF	0	0.070893	3	3	0	0	0	0	0
AF	0	0.071205	3	2	1	0	0	0	0
AF	0	0.071518	4	2	2	0	0	0	0
AF	0	0.071830	4	2	2	0	0	0	0
AF	0	0.072142	6	5	1	0	0	0	0
AF	0	0.072455	2	0	2	0	0	0	0
AF	0	0.072767	4	4	0	0	0	0	0
AF	0	0.073079	4	3	1	0	0	0	0
AF	0	0.073392	4	3	1	0	0	0	0
AF	0	0.073704	2	2	0	0	0	0	0
AF	0	0.074016	8	6	2	0	0	0	0
AF	0	0.074329	2	2	0	0	0	0	0
AF	0	0.074641	1	1	0	0	0	0	0
AF	0	0.075265	8	6	2	0	0	0	0
AF	0	0.075578	5	4	1	0	0	0	0
AF	0	0.075890	3	2	1	0	0	0	0
AF	0	0.076202	9	7	2	0	0	0	0
AF	0	0.076515	5	3	2	0	0	0	0
AF	0	0.076827	1	0	1	0	0	0	0
AF	0	0.077139	4	1	3	0	0	0	0
AF	0	0.077452	3	1	2	0	0	0	0
AF	0	0.077764	7	2	5	0	0	0	0
AF	0	0.078076	9	7	2	0	0	0	0
AF	0	0.078389	5	3	2	0	0	0	0
AF	0	0.078701	1	0	1	0	0	0	0
AF	0	0.079325	1	0	1	0	0	0	0
AF	0	0.079638	3	1	2	0	0	0	0
AF	0	0.079950	2	0	2	0	0	0	0
AF	0	0.080262	2	1	1	0	0	0	0
AF	0	0.080887	2	1	1	0	0	0	0
AF	0	0.081512	3	3	0	0	0	0	0
AF	0	0.082136	9	6	3	0	0	0	0
AF	0	0.082761	3	2	1	0	0	0	0
AF	0	0.083073	1	0	1	0	0	0	0
AF	0	0.084010	10	7	3	0	0	0	0
AF	0	0.084322	4	3	1	0	0	0	0
AF	0	0.084635	3	1	2	0	0	0	0
AF	0	0.084947	1	1	0	0	0	0	0
AF	0	0.085259	1	1	0	0	0	0	0
AF	0	0.085572	1	0	1	0	0	0	0
AF	0	0.085884	3	3	0	0	0	0	0
AF	0	0.086508	5	3	2	0	0	0	0
AF	0	0.086821	3	1	2	0	0	0	0
AF	0	0.087133	3	3	0	0	0	0	0
AF	0	0.087758	3	2	1	0	0	0	0
AF	0	0.088070	2	1	1	0	0	0	0
AF	0	0.088382	3	1	2	0	0	0	0
AF	0	0.088695	6	5	1	0	0	0	0
AF	0	0.089007	4	2	2	0	0	0	0
AF	0	0.089319	4	3	1	0	0	0	0
AF	0	0.089631	3	1	2	0	0	0	0
AF	0	0.089944	4	2	2	0	0	0	0
AF	0	0.090256	7	6	1	0	0	0	0
AF	0	0.090881	5	2	3	0	0	0	0
AF	0	0.091193	5	4	1	0	0	0	0
AF	0	0.091505	9	5	4	0	0	0	0
AF	0	0.091818	2	1	1	0	0	0	0
AF	0	0.092130	3	1	2	0	0	0	0
AF	0	0.092442	1	1	0	0	0	0	0
AF	0	0.092755	14	11	3	0	0	0	0
AF	0	0.093067	1	1	0	0	0	0	0
AF	0	0.093379	5	5	0	0	0	0	0
AF	0	0.093691	1	0	1	0	0	0	0
AF	0	0.094004	3	2	1	0	0	0	0
AF	0	0.094316	3	2	1	0	0	0	0
AF	0	0.094941	2	2	0	0	0	0	0
AF	0	0.095253	2	2	0	0	0	0	0
AF	0	0.096814	1	1	0	0	0	0	0
AF	0	0.097127	2	1	1	0	0	0	0
AF	0	0.097439	2	1	1	0	0	0	0
AF	0	0.097751	2	2	0	0	0	0	0
AF	0	0.098376	2	2	0	0	0	0	0
AF	0	0.099001	1	1	0	0	0	0	0
AF	0	0.099625	1	1	0	0	0	0	0
AF	0	0.099938	1	0	1	0	0	0	0
AF	0	0.100250	5	4	1	0	0	0	0
AF	0	0.100562	2	2	0	0	0	0	0
AF	0	0.100874	6	4	2	0	0	0	0
AF	0	0.102124	2	2	0	0	0	0	0
AF	0	0.102748	1	1	0	0	0	0	0
AF	0	0.103061	1	1	0	0	0	0	0
AF	0	0.103373	2	1	1	0	0	0	0
AF	0	0.103685	1	0	1	0	0	0	0
AF	0	0.105247	2	2	0	0	0	0	0
AF	0	0.106496	1	1	0	0	0	0	0
AF	0	0.107121	2	2	0	0	0	0	0
AF	0	0.110244	1	1	0	0	0	0	0
AF	0	0.110556	1	1	0	0	0	0	0
AF	0	0.110868	3	2	1	0	0	0	0
AF	0	0.111493	1	0	1	0	0	0	0
AF	0	0.111805	1	1	0	0	0	0	0
AF	0	0.112430	1	1	0	0	0	0	0
AF	0	0.113054	2	2	0	0	0	0	0
AF	0	0.113679	2	1	1	0	0	0	0
AF	0	0.114304	1	0	1	0	0	0	0
AF	0	0.116177	1	1	0	0	0	0	0
AF	0	0.116490	3	1	2	0	0	0	0
AF	0	0.116802	3	2	1	0	0	0	0
AF	0	0.117114	1	0	1	0	0	0	0
AF	0	0.117427	1	0	1	0	0	0	0
AF	0	0.118364	1	1	0	0	0	0	0
AF	0	0.118676	2	1	1	0	0	0	0
AF	0	0.119613	1	0	1	0	0	0	0
AF	0	0.119925	2	0	2	0	0	0	0
AF	0	0.120550	1	0	1	0	0	0	0
AF	0	0.121174	2	1	1	0	0	0	0
AF	0	0.121487	1	1	0	0	0	0	0
AF	0	0.122111	1	1	0	0	0	0	0
AF	0	0.122423	1	1	0	0	0	0	0
AF	0	0.123673	1	0	1	0	0	0	0
AF	0	0.124610	1	1	0	0	0	0	0
AF	0	0.125547	1	0	1	0	0	0	0
AF	0	0.126796	2	2	0	0	0	0	0
AF	0	0.127108	1	0	1	0	0	0	0
AF	0	0.127420	1	1	0	0	0	0	0
AF	0	0.127733	1	0	1	0	0	0	0
AF	0	0.128357	1	0	1	0	0	0	0
AF	0	0.128670	6	5	1	0	0	0	0
AF	0	0.130231	1	1	0	0	0	0	0
AF	0	0.130856	2	1	1	0	0	0	0
AF	0	0.131168	1	0	1	0	0	0	0
AF	0	0.131480	4	3	1	0	0	0	0
AF	0	0.131793	1	1	0	0	0	0	0
AF	0	0.132105	1	0	1	0	0	0	0
AF	0	0.132417	4	3	1	0	0	0	0
AF	0	0.132730	2	1	1	0	0	0	0
AF	0	0.133042	2	2	0	0	0	0	0
AF	0	0.133354	2	2	0	0	0	0	0
AF	0	0.133666	2	2	0	0	0	0	0
AF	0	0.134603	1	0	1	0	0	0	0
AF	0	0.135540	2	0	2	0	0	0	0
AF	0	0.136790	1	0	1	0	0	0	0
AF	0	0.137102	1	1	0	0	0	0	0
AF	0	0.137414	3	1	2	0	0	0	0
AF	0	0.138039	8	5	3	0	0	0	0
AF	0	0.138351	5	4	1	0	0	0	0
AF	0	0.138663	5	2	3	0	0	0	0
AF	0	0.139288	1	1	0	0	0	0	0
AF	0	0.139913	6	4	2	0	0	0	0
AF	0	0.140225	1	1	0	0	0	0	0
AF	0	0.140537	1	1	0	0	0	0	0
AF	0	0.141162	2	1	1	0	0	0	0
AF	0	0.143348	1	1	0	0	0	0	0
AF	0	0.144597	1	0	1	0	0	0	0
AF	0	0.145846	1	1	0	0	0	0	0
AF	0	0.146783	1	0	1	0	0	0	0
AF	0	0.148657	2	2	0	0	0	0	0
AF	0	0.149906	1	0	1	0	0	0	0
AF	0	0.150219	1	1	0	0	0	0	0
AF	0	0.151468	1	1	0	0	0	0	0
AF	0	0.152405	1	1	0	0	0	0	0
AF	0	0.156152	2	2	0	0	0	0	0
AF	0	0.156465	1	1	0	0	0	0	0
AF	0	0.156777	1	1	0	0	0	0	0
AF	0	0.159900	3	3	0	0	0	0	0
AF	0	0.160212	1	1	0	0	0	0	0
AF	0	0.162086	1	1	0	0	0	0	0
AF	0	0.162399	1	0	1	0	0	0	0
AF	0	0.163023	1	1	0	0	0	0	0
AF	0	0.163335	1	1	0	0	0	0	0
AF	0	0.163648	1	0	1	0	0	0	0
AF	0	0.163960	1	0	1	0	0	0	0
AF	0	0.164585	3	3	0	0	0	0	0
AF	0	0.164897	1	1	0	0	0	0	0
AF	0	0.165522	4	3	1	0	0	0	0
AF	0	0.165834	1	1	0	0	0	0	0
AF	0	0.166146	1	1	0	0	0	0	0
AF	0	0.167395	2	2	0	0	0	0	0
AF	0	0.168020	1	1	0	0	0	0	0
AF	0	0.168957	1	1	0	0	0	0	0
AF	0	0.169269	1	0	1	0	0	0	0
AF	0	0.171143	1	0	1	0	0	0	0
AF	0	0.171768	2	2	0	0	0	0	0
AF	0	0.172392	2	1	1	0	0	0	0
AF	0	0.173017	1	0	1	0	0	0	0
AF	0	0.175515	1	1	0	0	0	0	0
AF	0	0.176765	1	0	1	0	0	0	0
AF	0	0.177077	1	0	1	0	0	0	0
AF	0	0.177701	1	1	0	0	0	0	0
AF	0	0.179575	1	0	1	0	0	0	0
AF	0	0.180512	1	1	0	0	0	0	0
AF	0	0.181137	1	1	0	0	0	0	0
AF	0	0.181761	4	2	2	0	0	0	0
AF	0	0.182386	5	5	0	0	0	0	0
AF	0	0.183323	1	0	1	0	0	0	0
AF	0	0.184260	1	0	1	0	0	0	0
AF	0	0.184572	1	1	0	0	0	0	0
AF	0	0.184884	3	2	1	0	0	0	0
AF	0	0.185197	2	2	0	0	0	0	0
AF	0	0.186134	1	0	1	0	0	0	0
AF	0	0.186446	2	2	0	0	0	0	0
AF	0	0.188320	2	1	1	0	0	0	0
AF	0	0.188944	1	0	1	0	0	0	0
AF	0	0.189257	1	1	0	0	0	0	0
AF	0	0.189881	1	0	1	0	0	0	0
AF	0	0.190194	1	0	1	0	0	0	0
AF	0	0.190818	1	1	0	0	0	0	0
AF	0	0.192380	1	0	1	0	0	0	0
AF	0	0.193004	1	1	0	0	0	0	0
AF	0	0.193941	1	1	0	0	0	0	0
AF	0	0.194254	1	1	0	0	0	0	0
AF	0	0.194878	1	1	0	0	0	0	0
AF	0	0.196127	3	3	0	0	0	0	0
AF	0	0.196440	1	0	1	0	0	0	0
AF	0	0.196752	1	1	0	0	0	0	0
AF	0	0.197377	2	0	2	0	0	0	0
AF	0	0.198001	1	1	0	0	0	0	0
AF	0	0.201124	1	1	0	0	0	0	0
AF	0	0.201749	1	1	0	0	0	0	0
AF	0	0.202061	1	1	0	0	0	0	0
AF	0	0.202374	5	4	1	0	0	0	0
AF	0	0.202686	2	2	0	0	0	0	0
AF	0	0.204872	2	1	1	0	0	0	0
AF	0	0.205497	2	2	0	0	0	0	0
AF	0	0.205809	1	1	0	0	0	0	0
AF	0	0.206121	1	0	1	0	0	0	0
AF	0	0.206433	1	1	0	0	0	0	0
AF	0	0.206746	1	0	1	0	0	0	0
AF	0	0.207058	1	1	0	0	0	0	0
AF	0	0.207370	1	1	0	0	0	0	0
AF	0	0.207995	2	2	0	0	0	0	0
AF	0	0.208932	1	1	0	0	0	0	0
AF	0	0.209244	1	1	0	0	0	0	0
AF	0	0.209869	1	0	1	0	0	0	0
AF	0	0.210493	1	0	1	0	0	0	0
AF	0	0.211743	1	1	0	0	0	0	0
AF	0	0.212367	1	0	1	0	0	0	0
AF	0	0.214241	2	1	1	0	0	0	0
AF	0	0.215178	1	0	1	0	0	0	0
AF	0	0.215490	2	2	0	0	0	0	0
AF	0	0.215803	1	1	0	0	0	0	0
AF	0	0.216427	2	1	1	0	0	0	0
AF	0	0.217364	1	0	1	0	0	0	0
AF	0	0.219238	1	1	0	0	0	0	0
AF	0	0.220175	1	0	1	0	0	0	0
AF	0	0.220487	1	0	1	0	0	0	0
AF	0	0.221424	1	1	0	0	0	0	0
AF	0	0.221736	4	2	2	0	0	0	0
AF	0	0.222049	3	1	2	0	0	0	0
AF	0	0.222361	1	1	0	0	0	0	0
AF	0	0.223298	1	0	1	0	0	0	0
AF	0	0.224547	1	1	0	0	0	0	0
AF	0	0.225796	1	0	1	0	0	0	0
AF	0	0.226421	1	1	0	0	0	0	0
AF	0	0.227046	1	1	0	0	0	0	0
AF	0	0.227670	1	1	0	0	0	0	0
AF	0	0.228607	1	1	0	0	0	0	0
AF	0	0.228919	4	3	1	0	0	0	0
AF	0	0.229232	1	1	0	0	0	0	0
AF	0	0.229856	2	0	2	0	0	0	0
AF	0	0.230169	2	1	1	0	0	0	0
AF	0	0.232042	1	1	0	0	0	0	0
AF	0	0.233292	1	0	1	0	0	0	0
AF	0	0.233916	2	1	1	0	0	0	0
AF	0	0.234229	2	1	1	0	0	0	0
AF	0	0.234541	6	3	3	0	0	0	0
AF	0	0.235166	3	1	2	0	0	0	0
AF	0	0.235790	3	3	0	0	0	0	0
AF	0	0.236102	4	1	3	0	0	0	0
AF	0	0.236415	1	1	0	0	0	0	0
AF	0	0.238289	1	0	1	0	0	0	0
AF	0	0.238913	1	1	0	0	0	0	0
AF	0	0.239225	1	0	1	0	0	0	0
AF	0	0.241099	1	0	1	0	0	0	0
AF	0	0.242036	1	0	1	0	0	0	0
AF	0	0.242349	1	1	0	0	0	0	0
AF	0	0.242661	2	1	1	0	0	0	0
AF	0	0.242973	1	1	0	0	0	0	0
AF	0	0.243598	1	1	0	0	0	0	0
AF	0	0.244222	2	1	1	0	0	0	0
AF	0	0.244535	2	1	1	0	0	0	0
AF	0	0.244847	1	0	1	0	0	0	0
AF	0	0.245159	2	2	0	0	0	0	0
AF	0	0.245472	2	2	0	0	0	0	0
AF	0	0.246721	2	1	1	0	0	0	0
AF	0	0.247033	4	2	2	0	0	0	0
AF	0	0.247345	4	3	1	0	0	0	0
AF	0	0.247658	2	2	0	0	0	0	0
AF	0	0.247970	1	1	0	0	0	0	0
AF	0	0.248282	3	3	0	0	0	0	0
AF	0	0.248595	2	2	0	0	0	0	0
AF	0	0.248907	1	1	0	0	0	0	0
AF	0	0.249219	1	0	1	0	0	0	0
AF	0	0.250156	1	1	0	0	0	0	0
AF	0	0.250781	1	1	0	0	0	0	0
AF	0	0.251405	1	1	0	0	0	0	0
AF	0	0.252030	1	1	0	0	0	0	0
AF	0	0.252342	2	1	1	0	0	0	0
AF	0	0.252655	8	3	5	0	0	0	0
AF	0	0.252967	1	0	1	0	0	0	0
AF	0	0.253279	2	1	1	0	0	0	0
AF	0	0.253592	1	1	0	0	0	0	0
AF	0	0.253904	4	3	1	0	0	0	0
AF	0	0.254216	5	4	1	0	0	0	0
AF	0	0.254528	3	2	1	0	0	0	0
AF	0	0.254841	1	1	0	0	0	0	0
AF	0	0.255153	1	0	1	0	0	0	0
AF	0	0.256402	1	1	0	0	0	0	0
AF	0	0.256715	1	1	0	0	0	0	0
AF	0	0.257027	1	1	0	0	0	0	0
AF	0	0.257339	1	1	0	0	0	0	0
AF	0	0.257651	3	3	0	0	0	0	0
AF	0	0.258276	2	2	0	0	0	0	0
AF	0	0.258588	4	3	1	0	0	0	0
AF	0	0.259213	1	0	1	0	0	0	0
AF	0	0.259525	2	1	1	0	0	0	0
AF	0	0.259838	2	1	1	0	0	0	0
AF	0	0.260150	1	1	0	0	0	0	0
AF	0	0.261399	4	4	0	0	0	0	0
AF	0	0.262648	1	1	0	0	0	0	0
AF	0	0.262961	1	1	0	0	0	0	0
AF	0	0.263273	2	2	0	0	0	0	0
AF	0	0.263898	2	1	1	0	0	0	0
AF	0	0.264210	1	1	0	0	0	0	0
AF	0	0.265459	1	0	1	0	0	0	0
AF	0	0.266396	1	1	0	0	0	0	0
AF	0	0.267021	1	1	0	0	0	0	0
AF	0	0.267333	1	1	0	0	0	0	0
AF	0	0.267958	1	1	0	0	0	0	0
AF	0	0.268270	6	5	1	0	0	0	0
AF	0	0.268582	3	2	1	0	0	0	0
AF	0	0.268894	4	2	2	0	0	0	0
AF	0	0.269207	2	1	1	0	0	0	0
AF	0	0.269519	2	0	2	0	0	0	0
AF	0	0.269831	2	1	1	0	0	0	0
AF	0	0.271393	1	0	1	0	0	0	0
AF	0	0.272330	1	0	1	0	0	0	0
AF	0	0.272642	1	0	1	0	0	0	0
AF	0	0.272954	2	1	1	0	0	0	0
AF	0	0.273267	2	1	1	0	0	0	0
AF	0	0.273579	2	1	1	0	0	0	0
AF	0	0.273891	5	5	0	0	0	0	0
AF	0	0.274516	4	3	1	0	0	0	0
AF	0	0.274828	1	1	0	0	0	0	0
AF	0	0.275453	1	1	0	0	0	0	0
AF	0	0.276702	2	2	0	0	0	0	0
AF	0	0.277327	2	1	1	0	0	0	0
AF	0	0.277639	2	1	1	0	0	0	0
AF	0	0.277951	1	0	1	0	0	0	0
AF	0	0.278264	3	1	2	0	0	0	0
AF	0	0.278576	3	3	0	0	0	0	0
AF	0	0.278888	2	0	2	0	0	0	0
AF	0	0.279200	1	1	0	0	0	0	0
AF	0	0.279513	1	1	0	0	0	0	0
AF	0	0.280137	1	0	1	0	0	0	0
AF	0	0.280762	2	1	1	0	0	0	0
AF	0	0.281699	1	1	0	0	0	0	0
AF	0	0.282011	1	1	0	0	0	0	0
AF	0	0.282636	1	0	1	0	0	0	0
AF	0	0.283885	1	1	0	0	0	0	0
AF	0	0.284197	1	0	1	0	0	0	0
AF	0	0.284510	1	1	0	0	0	0	0
AF	0	0.285134	1	0	1	0	0	0	0
AF	0	0.285759	1	0	1	0	0	0	0
AF	0	0.287008	2	2	0	0	0	0	0
AF	0	0.287633	1	0	1	0	0	0	0
AF	0	0.287945	1	0	1	0	0	0	0
AF	0	0.289507	1	1	0	0	0	0	0
AF	0	0.289819	1	0	1	0	0	0	0
AF	0	0.290131	2	1	1	0	0	0	0
AF	0	0.291068	2	2	0	0	0	0	0
AF	0	0.291380	1	1	0	0	0	0	0
AF	0	0.291693	1	1	0	0	0	0	0
AF	0	0.292317	1	1	0	0	0	0	0
AF	0	0.292630	1	1	0	0	0	0	0
AF	0	0.293254	2	1	1	0	0	0	0
AF	0	0.293879	1	0	1	0	0	0	0
AF	0	0.294503	1	1	0	0	0	0	0
AF	0	0.295128	1	1	0	0	0	0	0
AF	0	0.295753	2	0	2	0	0	0	0
AF	0	0.296377	1	0	1	0	0	0	0
AF	0	0.296690	1	1	0	0	0	0	0
AF	0	0.297314	1	0	1	0	0	0	0
AF	0	0.298251	1	0	1	0	0	0	0
AF	0	0.298876	1	1	0	0	0	0	0
AF	0	0.299188	2	2	0	0	0	0	0
AF	0	0.299500	4	4	0	0	0	0	0
AF	0	0.299813	1	1	0	0	0	0	0
AF	0	0.300437	3	3	0	0	0	0	0
AF	0	0.301374	3	1	2	0	0	0	0
AF	0	0.301999	1	1	0	0	0	0	0
AF	0	0.302623	1	1	0	0	0	0	0
AF	0	0.303248	1	0	1	0	0	0	0
AF	0	0.303560	1	1	0	0	0	0	0
AF	0	0.304185	1	1	0	0	0	0	0
AF	0	0.304497	4	2	2	0	0	0	0
AF	0	0.304809	1	1	0	0	0	0	0
AF	0	0.305122	1	1	0	0	0	0	0
AF	0	0.305746	1	0	1	0	0	0	0
AF	0	0.306059	1	0	1	0	0	0	0
AF	0	0.306371	2	1	1	0	0	0	0
AF	0	0.306996	1	0	1	0	0	0	0
AF	0	0.307308	1	1	0	0	0	0	0
AF	0	0.307620	2	1	1	0	0	0	0
AF	0	0.308245	1	0	1	0	0	0	0
AF	0	0.308869	4	1	3	0	0	0	0
AF	0	0.309494	2	0	2	0	0	0	0
AF	0	0.310119	2	1	1	0	0	0	0
AF	0	0.310431	1	1	0	0	0	0	0
AF	0	0.310743	1	1	0	0	0	0	0
AF	0	0.311056	2	1	1	0	0	0	0
AF	0	0.311368	1	0	1	0	0	0	0
AF	0	0.311680	1	1	0	0	0	0	0
AF	0	0.311993	1	0	1	0	0	0	0
AF	0	0.312617	1	1	0	0	0	0	0
AF	0	0.313554	1	0	1	0	0	0	0
AF	0	0.314491	1	0	1	0	0	0	0
AF	0	0.315116	1	1	0	0	0	0	0
AF	0	0.316052	2	0	2	0	0	0	0
AF	0	0.316677	1	1	0	0	0	0	0
AF	0	0.316989	1	1	0	0	0	0	0
AF	0	0.317614	1	1	0	0	0	0	0
AF	0	0.318239	1	1	0	0	0	0	0
AF	0	0.318863	2	1	1	0	0	0	0
AF	0	0.319488	2	1	1	0	0	0	0
AF	0	0.321986	2	1	1	0	0	0	0
AF	0	0.323235	1	1	0	0	0	0	0
AF	0	0.323860	1	0	1	0	0	0	0
AF	0	0.324172	2	2	0	0	0	0	0
AF	0	0.324797	1	1	0	0	0	0	0
AF	0	0.325109	1	1	0	0	0	0	0
AF	0	0.325734	2	0	2	0	0	0	0
AF	0	0.326046	1	0	1	0	0	0	0
AF	0	0.329482	1	0	1	0	0	0	0
AF	0	0.330106	2	2	0	0	0	0	0
AF	0	0.330731	1	1	0	0	0	0	0
AF	0	0.333229	1	1	0	0	0	0	0
AF	0	0.334791	1	1	0	0	0	0	0
AF	0	0.335728	1	1	0	0	0	0	0
AF	0	0.336040	1	0	1	0	0	0	0
AF	0	0.336977	1	1	0	0	0	0	0
AF	0	0.339788	2	0	2	0	0	0	0
AF	0	0.340100	1	1	0	0	0	0	0
AF	0	0.340412	2	2	0	0	0	0	0
AF	0	0.341037	2	0	2	0	0	0	0
AF	0	0.341349	1	1	0	0	0	0	0
AF	0	0.342598	1	0	1	0	0	0	0
AF	0	0.343848	1	1	0	0	0	0	0
AF	0	0.344160	2	1	1	0	0	0	0
AF	0	0.344472	1	1	0	0	0	0	0
AF	0	0.344785	1	1	0	0	0	0	0
AF	0	0.345097	1	0	1	0	0	0	0
AF	0	0.350094	2	1	1	0	0	0	0
AF	0	0.351031	2	2	0	0	0	0	0
AF	0	0.351343	4	1	3	0	0	0	0
AF	0	0.352280	1	0	1	0	0	0	0
AF	0	0.352592	1	1	0	0	0	0	0
AF	0	0.352904	1	0	1	0	0	0	0
AF	0	0.353529	1	0	1	0	0	0	0
AF	0	0.354778	1	1	0	0	0	0	0
AF	0	0.355091	1	1	0	0	0	0	0
AF	0	0.355715	2	0	2	0	0	0	0
AF	0	0.356027	1	1	0	0	0	0	0
AF	0	0.356652	1	1	0	0	0	0	0
AF	0	0.356964	1	1	0	0	0	0	0
AF	0	0.357277	2	1	1	0	0	0	0
AF	0	0.357901	2	1	1	0	0	0	0
AF	0	0.358214	1	1	0	0	0	0	0
AF	0	0.358526	2	2	0	0	0	0	0
AF	0	0.360087	1	1	0	0	0	0	0
AF	0	0.361649	1	0	1	0	0	0	0
AF	0	0.362898	2	1	1	0	0	0	0
AF	0	0.363210	1	1	0	0	0	0	0
AF	0	0.364460	1	1	0	0	0	0	0
AF	0	0.364772	1	0	1	0	0	0	0
AF	0	0.366646	1	0	1	0	0	0	0
AF	0	0.366958	1	1	0	0	0	0	0
AF	0	0.367895	1	1	0	0	0	0	0
AF	0	0.369457	1	1	0	0	0	0	0
AF	0	0.369769	1	1	0	0	0	0	0
AF	0	0.370081	1	1	0	0	0	0	0
AF	0	0.370394	1	0	1	0	0	0	0
AF	0	0.371018	2	0	2	0	0	0	0
AF	0	0.371330	1	0	1	0	0	0	0
AF	0	0.371643	1	0	1	0	0	0	0
AF	0	0.371955	2	2	0	0	0	0	0
AF	0	0.372892	1	0	1	0	0	0	0
AF	0	0.373829	1	0	1	0	0	0	0
AF	0	0.374766	1	1	0	0	0	0	0
AF	0	0.376952	1	1	0	0	0	0	0
AF	0	0.377577	1	1	0	0	0	0	0
AF	0	0.381636	1	1	0	0	0	0	0
AF	0	0.382261	1	0	1	0	0	0	0
AF	0	0.382886	1	0	1	0	0	0	0
AF	0	0.383198	2	1	1	0	0	0	0
AF	0	0.383510	1	1	0	0	0	0	0
AF	0	0.384135	1	1	0	0	0	0	0
AF	0	0.387258	1	1	0	0	0	0	0
AF	0	0.388507	1	0	1	0	0	0	0
AF	0	0.388819	1	0	1	0	0	0	0
AF	0	0.390381	1	0	1	0	0	0	0
AF	0	0.391006	2	1	1	0	0	0	0
AF	0	0.391630	1	0	1	0	0	0	0
AF	0	0.392879	2	2	0	0	0	0	0
AF	0	0.393504	2	1	1	0	0	0	0
AF	0	0.393816	1	0	1	0	0	0	0
AF	0	0.394129	2	2	0	0	0	0	0
AF	0	0.394753	1	0	1	0	0	0	0
AF	0	0.395066	1	0	1	0	0	0	0
AF	0	0.395690	1	1	0	0	0	0	0
AF	0	0.397252	2	1	1	0	0	0	0
AF	0	0.397876	1	1	0	0	0	0	0
AF	0	0.400062	1	1	0	0	0	0	0
AF	0	0.400375	1	1	0	0	0	0	0
AF	0	0.402249	1	1	0	0	0	0	0
AF	0	0.403810	1	1	0	0	0	0	0
AF	0	0.405059	1	1	0	0	0	0	0
AF	0	0.405684	1	1	0	0	0	0	0
AF	0	0.406309	1	1	0	0	0	0	0
AF	0	0.406621	3	3	0	0	0	0	0
AF	0	0.407870	1	1	0	0	0	0	0
AF	0	0.409744	2	1	1	0	0	0	0
AF	0	0.410681	1	1	0	0	0	0	0
AF	0	0.412242	1	1	0	0	0	0	0
AF	0	0.414116	1	1	0	0	0	0	0
AF	0	0.414428	1	1	0	0	0	0	0
AF	0	0.415365	1	0	1	0	0	0	0
AF	0	0.415990	1	0	1	0	0	0	0
AF	0	0.416615	1	1	0	0	0	0	0
AF	0	0.416927	1	1	0	0	0	0	0
AF	0	0.417239	2	2	0	0	0	0	0
AF	0	0.417864	1	1	0	0	0	0	0
AF	0	0.418488	3	3	0	0	0	0	0
AF	0	0.419425	2	0	2	0	0	0	0
AF	0	0.419738	3	2	1	0	0	0	0
AF	0	0.420362	1	0	1	0	0	0	0
AF	0	0.420987	1	0	1	0	0	0	0
AF	0	0.421924	1	1	0	0	0	0	0
AF	0	0.422236	1	1	0	0	0	0	0
AF	0	0.422548	2	2	0	0	0	0	0
AF	0	0.422861	1	0	1	0	0	0	0
AF	0	0.425047	2	1	1	0	0	0	0
AF	0	0.425359	3	0	3	0	0	0	0
AF	0	0.425984	4	1	3	0	0	0	0
AF	0	0.427858	1	1	0	0	0	0	0
AF	0	0.428170	1	1	0	0	0	0	0
AF	0	0.428482	4	3	1	0	0	0	0
AF	0	0.429731	2	1	1	0	0	0	0
AF	0	0.430044	1	0	1	0	0	0	0
AF	0	0.430356	2	1	1	0	0	0	0
AF	0	0.431918	1	0	1	0	0	0	0
AF	0	0.432542	1	1	0	0	0	0	0
AF	0	0.433791	1	0	1	0	0	0	0
AF	0	0.435978	1	0	1	0	0	0	0
AF	0	0.436602	2	2	0	0	0	0	0
AF	0	0.436914	2	1	1	0	0	0	0
AF	0	0.437227	1	1	0	0	0	0	0
AF	0	0.443473	1	0	1	0	0	0	0
AF	0	0.444410	1	0	1	0	0	0	0
AF	0	0.445034	2	1	1	0	0	0	0
AF	0	0.447845	1	0	1	0	0	0	0
AF	0	0.448157	1	1	0	0	0	0	0
AF	0	0.451280	2	0	2	0	0	0	0
AF	0	0.451593	2	1	1	0	0	0	0
AF	0	0.451905	1	1	0	0	0	0	0
AF	0	0.452217	1	1	0	0	0	0	0
AF	0	0.452530	1	1	0	0	0	0	0
AF	0	0.456902	2	1	1	0	0	0	0
AF	0	0.457527	2	2	0	0	0	0	0
AF	0	0.458776	3	3	0	0	0	0	0
AF	0	0.459088	1	1	0	0	0	0	0
AF	0	0.463148	3	3	0	0	0	0	0
AF	0	0.463460	2	1	1	0	0	0	0
AF	0	0.463773	3	1	2	0	0	0	0
AF	0	0.464085	1	0	1	0	0	0	0
AF	0	0.464397	1	0	1	0	0	0	0
AF	0	0.465022	1	0	1	0	0	0	0
AF	0	0.467208	1	1	0	0	0	0	0
AF	0	0.468145	1	1	0	0	0	0	0
AF	0	0.469706	1	1	0	0	0	0	0
AF	0	0.471268	1	1	0	0	0	0	0
AF	0	0.474391	1	1	0	0	0	0	0
AF	0	0.480949	1	1	0	0	0	0	0
AF	0	0.489382	2	2	0	0	0	0	0
AF	0	0.494379	1	0	1	0	0	0	0
AF	0	0.495940	1	1	0	0	0	0	0
AF	0	0.496565	1	0	1	0	0	0	0
AF	0	0.497502	1	1	0	0	0	0	0
AF	0	0.498126	1	0	1	0	0	0	0
AF	0	0.498751	1	0	1	0	0	0	0
AF	0	0.499375	1	0	1	0	0	0	0
AF	0	0.511243	1	1	0	0	0	0	0
AF	0	0.512804	1	0	1	0	0	0	0
AF	0	0.514678	1	0	1	0	0	0	0
AF	0	0.518114	2	2	0	0	0	0	0
AF	0	0.519363	1	1	0	0	0	0	0
AF	0	0.523111	1	1	0	0	0	0	0
AF	0	0.523735	1	0	1	0	0	0	0
AF	0	0.525609	1	0	1	0	0	0	0
AF	0	0.525921	1	0	1	0	0	0	0
AF	0	0.526234	2	2	0	0	0	0	0
AF	0	0.526546	1	0	1	0	0	0	0
AF	0	0.526858	1	1	0	0	0	0	0
AF	0	0.527483	1	0	1	0	0	0	0
AF	0	0.528107	1	1	0	0	0	0	0
AF	0	0.529357	1	1	0	0	0	0	0
AF	0	0.530606	1	1	0	0	0	0	0
AF	0	0.530918	1	0	1	0	0	0	0
AF	0	0.531855	2	2	0	0	0	0	0
AF	0	0.537477	1	1	0	0	0	0	0
AF	0	0.538726	1	0	1	0	0	0	0
AF	0	0.539975	2	2	0	0	0	0	0
AF	0	0.540600	1	1	0	0	0	0	0
AF	0	0.541537	1	1	0	0	0	0	0
AF	0	0.542473	2	1	1	0	0	0	0
AF	0	0.546533	1	1	0	0	0	0	0
AF	0	0.548095	1	1	0	0	0	0	0
AF	0	0.552467	1	0	1	0	0	0	0
AF	0	0.556839	1	0	1	0	0	0	0
AF	0	0.560899	1	0	1	0	0	0	0
AF	0	0.562149	2	1	1	0	0	0	0
AF	0	0.562773	1	0	1	0	0	0	0
AF	0	0.563086	1	1	0	0	0	0	0
AF	0	0.564022	1	0	1	0	0	0	0
AF	0	0.565272	1	1	0	0	0	0	0
AF	0	0.565584	2	1	1	0	0	0	0
AF	0	0.566833	1	1	0	0	0	0	0
AF	0	0.567458	1	1	0	0	0	0	0
AF	0	0.567770	2	2	0	0	0	0	0
AF	0	0.568707	2	2	0	0	0	0	0
AF	0	0.569019	2	1	1	0	0	0	0
AF	0	0.569956	1	1	0	0	0	0	0
AF	0	0.570893	2	2	0	0	0	0	0
AF	0	0.571518	1	1	0	0	0	0	0
AF	0	0.572455	1	1	0	0	0	0	0
AF	0	0.572767	2	1	1	0	0	0	0
AF	0	0.575265	1	1	0	0	0	0	0
AF	0	0.575890	1	0	1	0	0	0	0
AF	0	0.576202	1	0	1	0	0	0	0
AF	0	0.577452	1	0	1	0	0	0	0
AF	0	0.578076	2	0	2	0	0	0	0
AF	0	0.578389	2	1	1	0	0	0	0
AF	0	0.578701	1	0	1	0	0	0	0
AF	0	0.579013	2	2	0	0	0	0	0
AF	0	0.579325	2	1	1	0	0	0	0
AF	0	0.580262	3	3	0	0	0	0	0
AF	0	0.580887	1	1	0	0	0	0	0
AF	0	0.581824	1	1	0	0	0	0	0
AF	0	0.582136	6	3	3	0	0	0	0
AF	0	0.582448	2	2	0	0	0	0	0
AF	0	0.582761	1	0	1	0	0	0	0
AF	0	0.583073	1	0	1	0	0	0	0
AF	0	0.583385	2	2	0	0	0	0	0
AF	0	0.583698	4	1	3	0	0	0	0
AF	0	0.584010	1	1	0	0	0	0	0
AF	0	0.584322	1	0	1	0	0	0	0
AF	0	0.585259	2	2	0	0	0	0	0
AF	0	0.585572	1	1	0	0	0	0	0
AF	0	0.586508	1	0	1	0	0	0	0
AF	0	0.586821	1	0	1	0	0	0	0
AF	0	0.587758	1	0	1	0	0	0	0
AF	0	0.588382	2	2	0	0	0	0	0
AF	0	0.588695	1	1	0	0	0	0	0
AF	0	0.589631	2	1	1	0	0	0	0
AF	0	0.590256	1	1	0	0	0	0	0
AF	0	0.590881	1	0	1	0	0	0	0
AF	0	0.591505	1	0	1	0	0	0	0
AF	0	0.592130	1	1	0	0	0	0	0
AF	0	0.592442	1	1	0	0	0	0	0
AF	0	0.593067	1	0	1	0	0	0	0
AF	0	0.593379	1	0	1	0	0	0	0
AF	0	0.594004	1	0	1	0	0	0	0
AF	0	0.595878	3	1	2	0	0	0	0
AF	0	0.596190	1	1	0	0	0	0	0
AF	0	0.596502	2	1	1	0	0	0	0
AF	0	0.596814	1	1	0	0	0	0	0
AF	0	0.597751	3	2	1	0	0	0	0
AF	0	0.598064	1	1	0	0	0	0	0
AF	0	0.598376	1	1	0	0	0	0	0
AF	0	0.598688	3	2	1	0	0	0	0
AF	0	0.599001	2	1	1	0	0	0	0
AF	0	0.599313	1	1	0	0	0	0	0
AF	0	0.599625	1	1	0	0	0	0	0
AF	0	0.600250	4	1	3	0	0	0	0
AF	0	0.600562	1	1	0	0	0	0	0
AF	0	0.601187	1	1	0	0	0	0	0
AF	0	0.601811	3	3	0	0	0	0	0
AF	0	0.602124	2	1	1	0	0	0	0
AF	0	0.602748	2	1	1	0	0	0	0
AF	0	0.603373	2	2	0	0	0	0	0
AF	0	0.603685	1	1	0	0	0	0	0
AF	0	0.603998	1	1	0	0	0	0	0
AF	0	0.604622	1	0	1	0	0	0	0
AF	0	0.604934	1	0	1	0	0	0	0
AF	0	0.605559	1	0	1	0	0	0	0
AF	0	0.606184	1	1	0	0	0	0	0
AF	0	0.607745	1	1	0	0	0	0	0
AF	0	0.609307	1	1	0	0	0	0	0
AF	0	0.609619	1	0	1	0	0	0	0
AF	0	0.610868	1	1	0	0	0	0	0
AF	0	0.612742	2	2	0	0	0	0	0
AF	0	0.613054	1	1	0	0	0	0	0
AF	0	0.615240	1	0	1	0	0	0	0
AF	0	0.615865	2	2	0	0	0	0	0
AF	0	0.618051	1	0	1	0	0	0	0
AF	0	0.618676	2	2	0	0	0	0	0
AF	0	0.619613	1	1	0	0	0	0	0
AF	0	0.621487	1	1	0	0	0	0	0
AF	0	0.622111	1	1	0	0	0	0	0
AF	0	0.623360	2	2	0	0	0	0	0
AF	0	0.623673	1	0	1	0	0	0	0
AF	0	0.625234	1	0	1	0	0	0	0
AF	0	0.628982	1	1	0	0	0	0	0
AF	0	0.629606	2	1	1	0	0	0	0
AF	0	0.629919	1	1	0	0	0	0	0
AF	0	0.630231	1	0	1	0	0	0	0
AF	0	0.633666	1	1	0	0	0	0	0
AF	0	0.634603	1	1	0	0	0	0	0
AF	0	0.635853	1	0	1	0	0	0	0
AF	0	0.636165	1	0	1	0	0	0	0
AF	0	0.639600	1	1	0	0	0	0	0
AF	0	0.640225	1	1	0	0	0	0	0
AF	0	0.640537	1	0	1	0	0	0	0
AF	0	0.641474	2	2	0	0	0	0	0
AF	0	0.644597	1	1	0	0	0	0	0
AF	0	0.648032	1	1	0	0	0	0	0
AF	0	0.648969	1	0	1	0	0	0	0
AF	0	0.650843	1	0	1	0	0	0	0
AF	0	0.651468	1	1	0	0	0	0	0
AF	0	0.653966	1	1	0	0	0	0	0
AF	0	0.656465	2	2	0	0	0	0	0
AF	0	0.657089	2	0	2	0	0	0	0
AF	0	0.657714	1	1	0	0	0	0	0
AF	0	0.658026	1	0	1	0	0	0	0
AF	0	0.658339	1	1	0	0	0	0	0
AF	0	0.658963	2	1	1	0	0	0	0
AF	0	0.659275	1	1	0	0	0	0	0
AF	0	0.661149	1	0	1	0	0	0	0
AF	0	0.661462	2	2	0	0	0	0	0
AF	0	0.661774	1	0	1	0	0	0	0
AF	0	0.662086	2	1	1	0	0	0	0
AF	0	0.662711	4	3	1	0	0	0	0
AF	0	0.663023	1	1	0	0	0	0	0
AF	0	0.663648	1	1	0	0	0	0	0
AF	0	0.664585	2	1	1	0	0	0	0
AF	0	0.664897	2	1	1	0	0	0	0
AF	0	0.665209	3	2	1	0	0	0	0
AF	0	0.665522	1	1	0	0	0	0	0
AF	0	0.669269	1	1	0	0	0	0	0
AF	0	0.669582	1	0	1	0	0	0	0
AF	0	0.671768	1	1	0	0	0	0	0
AF	0	0.673641	1	1	0	0	0	0	0
AF	0	0.674266	1	1	0	0	0	0	0
AF	0	0.675203	1	1	0	0	0	0	0
AF	0	0.676452	1	0	1	0	0	0	0
AF	0	0.676765	3	2	1	0	0	0	0
AF	0	0.677077	2	1	1	0	0	0	0
AF	0	0.681137	2	1	1	0	0	0	0
AF	0	0.682386	1	0	1	0	0	0	0
AF	0	0.684260	1	0	1	0	0	0	0
AF	0	0.684884	2	0	2	0	0	0	0
AF	0	0.685509	1	1	0	0	0	0	0
AF	0	0.685821	1	0	1	0	0	0	0
AF	0	0.686134	1	0	1	0	0	0	0
AF	0	0.687695	1	1	0	0	0	0	0
AF	0	0.689881	2	2	0	0	0	0	0
AF	0	0.692067	2	2	0	0	0	0	0
AF	0	0.694254	1	1	0	0	0	0	0
AF	0	0.697064	2	1	1	0	0	0	0
AF	0	0.700500	2	2	0	0	0	0	0
AF	0	0.701437	1	0	1	0	0	0	0
AF	0	0.703623	2	1	1	0	0	0	0
AF	0	0.707370	3	2	1	0	0	0	0
AF	0	0.707995	1	1	0	0	0	0	0
AF	0	0.708932	1	0	1	0	0	0	0
AF	0	0.709557	1	1	0	0	0	0	0
AF	0	0.709869	3	3	0	0	0	0	0
AF	0	0.710181	1	0	1	0	0	0	0
AF	0	0.710493	1	1	0	0	0	0	0
AF	0	0.712367	1	1	0	0	0	0	0
AF	0	0.715490	3	2	1	0	0	0	0
AF	0	0.715803	2	0	2	0	0	0	0
AF	0	0.716427	2	1	1	0	0	0	0
AF	0	0.717676	1	1	0	0	0	0	0
AF	0	0.719238	1	0	1	0	0	0	0
AF	0	0.721736	1	1	0	0	0	0	0
AF	0	0.723298	1	1	0	0	0	0	0
AF	0	0.726109	3	1	2	0	0	0	0
AF	0	0.726733	1	1	0	0	0	0	0
AF	0	0.727358	4	2	2	0	0	0	0
AF	0	0.727670	3	3	0	0	0	0	0
AF	0	0.727983	2	1	1	0	0	0	0
AF	0	0.728607	1	1	0	0	0	0	0
AF	0	0.729856	1	1	0	0	0	0	0
AF	0	0.732042	1	1	0	0	0	0	0
AF	0	0.732979	1	1	0	0	0	0	0
AF	0	0.733604	3	1	2	0	0	0	0
AF	0	0.733916	1	1	0	0	0	0	0
AF	0	0.734229	1	1	0	0	0	0	0
AF	0	0.735790	1	0	1	0	0	0	0
AF	0	0.736102	1	1	0	0	0	0	0
AF	0	0.736727	1	1	0	0	0	0	0
AF	0	0.737039	1	0	1	0	0	0	0
AF	0	0.737352	2	2	0	0	0	0	0
AF	0	0.737976	1	1	0	0	0	0	0
AF	0	0.746721	1	1	0	0	0	0	0
AF	0	0.747658	1	1	0	0	0	0	0
AF	0	0.758588	1	1	0	0	0	0	0
AF	0	0.759525	1	1	0	0	0	0	0
AF	0	0.760462	1	0	1	0	0	0	0
AF	0	0.760775	1	1	0	0	0	0	0
AF	0	0.761087	1	1	0	0	0	0	0
AF	0	0.761711	2	1	1	0	0	0	0
AF	0	0.762024	3	3	0	0	0	0	0
AF	0	0.762336	1	0	1	0	0	0	0
AF	0	0.762961	1	0	1	0	0	0	0
AF	0	0.764522	1	0	1	0	0	0	0
AF	0	0.766396	1	1	0	0	0	0	0
AF	0	0.766708	1	0	1	0	0	0	0
AF	0	0.767958	1	1	0	0	0	0	0
AF	0	0.768270	2	0	2	0	0	0	0
AF	0	0.769519	1	0	1	0	0	0	0
AF	0	0.772017	1	0	1	0	0	0	0
AF	0	0.773579	1	0	1	0	0	0	0
AF	0	0.774828	1	1	0	0	0	0	0
AF	0	0.775141	1	0	1	0	0	0	0
AF	0	0.776077	1	1	0	0	0	0	0
AF	0	0.776702	1	0	1	0	0	0	0
AF	0	0.780137	1	1	0	0	0	0	0
AF	0	0.781387	1	0	1	0	0	0	0
AF	0	0.784822	1	0	1	0	0	0	0
AF	0	0.785134	1	0	1	0	0	0	0
AF	0	0.787320	1	1	0	0	0	0	0
AF	0	0.791380	1	1	0	0	0	0	0
AF	0	0.791693	1	1	0	0	0	0	0
AF	0	0.792005	1	0	1	0	0	0	0
AF	0	0.793567	1	0	1	0	0	0	0
AF	0	0.793879	1	0	1	0	0	0	0
AF	0	0.794503	1	1	0	0	0	0	0
AF	0	0.795440	2	1	1	0	0	0	0
AF	0	0.796065	1	0	1	0	0	0	0
AF	0	0.796690	1	0	1	0	0	0	0
AF	0	0.797939	1	1	0	0	0	0	0
AF	0	0.798251	1	1	0	0	0	0	0
AF	0	0.799500	1	0	1	0	0	0	0
AF	0	0.800125	1	0	1	0	0	0	0
AF	0	0.802311	1	1	0	0	0	0	0
AF	0	0.803873	1	0	1	0	0	0	0
AF	0	0.804497	1	1	0	0	0	0	0
AF	0	0.807933	1	0	1	0	0	0	0
AF	0	0.808557	1	0	1	0	0	0	0
AF	0	0.808869	2	2	0	0	0	0	0
AF	0	0.809182	1	1	0	0	0	0	0
AF	0	0.809494	11	9	2	0	0	0	0
AF	0	0.809806	3	2	1	0	0	0	0
AF	0	0.811993	1	1	0	0	0	0	0
AF	0	0.815740	2	2	0	0	0	0	0
AF	0	0.816052	1	1	0	0	0	0	0
AF	0	0.823860	1	0	1	0	0	0	0
AF	0	0.824485	2	2	0	0	0	0	0
AF	0	0.824797	1	1	0	0	0	0	0
AF	0	0.825109	2	1	1	0	0	0	0
AF	0	0.826046	1	1	0	0	0	0	0
AF	0	0.826359	1	1	0	0	0	0	0
AF	0	0.826671	1	1	0	0	0	0	0
AF	0	0.826983	3	2	1	0	0	0	0
AF	0	0.827295	1	1	0	0	0	0	0
AF	0	0.835415	1	1	0	0	0	0	0
AF	0	0.835728	2	2	0	0	0	0	0
AF	0	0.836040	2	2	0	0	0	0	0
AF	0	0.836665	1	1	0	0	0	0	0
AF	0	0.836977	1	1	0	0	0	0	0
AF	0	0.837289	1	0	1	0	0	0	0
AF	0	0.837601	1	1	0	0	0	0	0
AF	0	0.838226	1	1	0	0	0	0	0
AF	0	0.839475	2	1	1	0	0	0	0
AF	0	0.839788	1	0	1	0	0	0	0
AF	0	0.841349	1	0	1	0	0	0	0
AF	0	0.842598	1	0	1	0	0	0	0
AF	0	0.842911	2	0	2	0	0	0	0
AF	0	0.843223	2	2	0	0	0	0	0
AF	0	0.846034	1	0	1	0	0	0	0
AF	0	0.846346	1	1	0	0	0	0	0
AF	0	0.846658	1	1	0	0	0	0	0
AF	0	0.849469	2	2	0	0	0	0	0
AF	0	0.849781	1	0	1	0	0	0	0
AF	0	0.850094	1	0	1	0	0	0	0
AF	0	0.854466	2	1	1	0	0	0	0
AF	0	0.854778	1	1	0	0	0	0	0
AF	0	0.855403	1	0	1	0	0	0	0
AF	0	0.858214	1	1	0	0	0	0	0
AF	0	0.864460	2	1	1	0	0	0	0
AF	0	0.864772	1	0	1	0	0	0	0
AF	0	0.866334	1	1	0	0	0	0	0
AF	0	0.866958	1	0	1	0	0	0	0
AF	0	0.867583	1	1	0	0	0	0	0
AF	0	0.871330	2	2	0	0	0	0	0
AF	0	0.871955	2	2	0	0	0	0	0
AF	0	0.877889	1	0	1	0	0	0	0
AF	0	0.878826	3	2	1	0	0	0	0
AF	0	0.879138	1	1	0	0	0	0	0
AF	0	0.879450	2	1	1	0	0	0	0
AF	0	0.879763	1	1	0	0	0	0	0
AF	0	0.880387	1	1	0	0	0	0	0
AF	0	0.881324	2	1	1	0	0	0	0
AF	0	0.884447	1	1	0	0	0	0	0
AF	0	0.886321	1	1	0	0	0	0	0
AF	0	0.888195	1	0	1	0	0	0	0
AF	0	0.890069	1	1	0	0	0	0	0
AF	0	0.891630	1	1	0	0	0	0	0
AF	0	0.894129	1	1	0	0	0	0	0
AF	0	0.895690	1	1	0	0	0	0	0
AF	0	0.896315	1	0	1	0	0	0	0
AF	0	0.897564	1	1	0	0	0	0	0
AF	0	0.897876	1	0	1	0	0	0	0
AF	0	0.898813	1	1	0	0	0	0	0
AF	0	0.900375	1	1	0	0	0	0	0
AF	0	0.901624	2	1	1	0	0	0	0
AF	0	0.903498	1	1	0	0	0	0	0
AF	0	0.903810	1	1	0	0	0	0	0
AF	0	0.910993	1	0	1	0	0	0	0
AF	0	0.913492	1	1	0	0	0	0	0
AF	0	0.914741	2	2	0	0	0	0	0
AF	0	0.915365	1	0	1	0	0	0	0
AF	0	0.920675	1	0	1	0	0	0	0
AF	0	0.922236	1	1	0	0	0	0	0
AF	0	0.924110	1	0	1	0	0	0	0
AF	0	0.925359	2	0	2	0	0	0	0
AF	0	0.926296	1	0	1	0	0	0	0
AF	0	0.926921	1	1	0	0	0	0	0
AF	0	0.927233	1	0	1	0	0	0	0
AF	0	0.930044	1	0	1	0	0	0	0
AF	0	0.931918	1	1	0	0	0	0	0
AF	0	0.943161	1	0	1	0	0	0	0
AF	0	0.944097	1	0	1	0	0	0	0
AF	0	0.947845	1	1	0	0	0	0	0
AF	0	0.954716	1	1	0	0	0	0	0
AF	0	0.955028	1	1	0	0	0	0	0
AF	0	0.957839	1	0	1	0	0	0	0
AF	0	0.959400	1	1	0	0	0	0	0
AF	0	0.959713	5	4	1	0	0	0	0
AF	0	0.969706	2	2	0	0	0	0	0
AF	0	0.972205	1	0	1	0	0	0	0
AF	0	0.972517	1	1	0	0	0	0	0
AF	0	0.975016	1	1	0	0	0	0	0
AF	0	0.976577	1	1	0	0	0	0	0
AF	0	0.977202	1	0	1	0	0	0	0
AF	0	0.978763	1	1	0	0	0	0	0
AF	0	0.979076	1	1	0	0	0	0	0
AF	0	0.980949	1	1	0	0	0	0	0
AF	0	0.981262	2	1	1	0	0	0	0
AF	0	0.981574	3	2	1	0	0	0	0
AF	0	0.985946	5	4	1	0	0	0	0
AF	0	0.986259	1	0	1	0	0	0	0
AF	0	0.986571	1	1	0	0	0	0	0
AF	0	0.987820	2	0	2	0	0	0	0
AF	0	0.988757	2	1	1	0	0	0	0
AF	0	0.990319	1	0	1	0	0	0	0
AF	0	0.991880	1	0	1	0	0	0	0
AF	0	0.992817	1	0	1	0	0	0	0
AF	0	0.993754	1	1	0	0	0	0	0
AF	0	0.994379	2	1	1	0	0	0	0
AF	0	0.994691	3	2	1	0	0	0	0
AF	0	0.995003	2	2	0	0	0	0	0
AF	0	0.995315	9	6	3	0	0	0	0
AF	0	0.995628	1	1	0	0	0	0	0
AF	0	0.995940	8	4	4	0	0	0	0
AF	0	0.996252	1	0	1	0	0	0	0
AF	0	0.996565	2	1	1	0	0	0	0
AF	0	0.996877	1	1	0	0	0	0	0
AF	0	0.997189	5	3	2	0	0	0	0
AF	0	0.997502	1	0	1	0	0	0	0
AF	0	0.997814	3	2	1	0	0	0	0
AF	0	0.998126	1	0	1	0	0	0	0
AF	0	0.998751	2	0	2	0	0	0	0
AF	0	0.999063	1	0	1	0	0	0	0
# QUAL, Stats by quality
# QUAL	[2]id	[3]Quality	[4]number of SNPs	[5]number of transitions (1st ALT)	[6]number of transversions (1st ALT)	[7]number of indels
QUAL	0	.	15466	10192	5274	0
# IDD, InDel distribution:
# IDD	[2]id	[3]length (deletions negative)	[4]number of sites	[5]number of genotypes	[6]mean VAF
# ST, Substitution types:
# ST	[2]id	[3]type	[4]count
ST	0	A>C	625
ST	0	A>G	2597
ST	0	A>T	652
ST	0	C>A	733
ST	0	C>G	611
ST	0	C>T	2741
ST	0	G>A	2829
ST	0	G>C	576
ST	0	G>T	832
ST	0	T>A	599
ST	0	T>C	2025
ST	0	T>G	646
# DP, Depth distribution
# DP	[2]id	[3]bin	[4]number of genotypes	[5]fraction of genotypes (%)	[6]number of sites	[7]fraction of sites (%)
  - Fix haploid genotypes in males...

Submit MakeDiploidMalesX finished successfully. Let's have a beer, buddy!

