Submit MakeDiploidMalesX
version 1.1.6 (2024-09-30)

These are the settings:
  Input file................: /hpc/local/Rocky8/dhl_ec/software/MonopogenLite/resources/1kGP_high_coverage_Illumina.SNVonly_poly.filtered_AF_5e-04.norm.fixvariantid.chrX.vcf.gz
  Output file...............: /hpc/local/Rocky8/dhl_ec/software/MonopogenLite/resources/1kGP_high_coverage_Illumina.SNVonly_poly.filtered_AF_5e-04.norm.fixvariantid.makediploid.chrX.vcf.gz
  Chunk size................: 100

  SLURM CPUs................: 4
  SLURM Array ID............: 34 (of 100)
  SLURM memory..............: 16G
  SLURM time................: 01:00:00
  SLURM mail type...........: FAIL
  SLURM mail user...........: s.w.vanderlaan-2@umcutrecht.nl

  Dry run mode..............: 0
  Debug mode................: 1
  Verbosity.................: 0
  Version...................: 1.1.6 (2024-09-30)

Making converting haploid genotypes to diploid genotypes.
> Extract the region for this SLURM task (# 34) from the BED file.
  - Get the chunk number from the SLURM array task ID and the bed file...
DEBUG: Extracting chunk number: 34p from 34
DEBUG: Extracting region from BED file: /hpc/local/Rocky8/dhl_ec/software/MonopogenLite/resources/chrX_100pieces.bed
  - Extract the region from the BED file...
DEBUG: Extracted raw region: 'chrX	51493465	53053872' (chunk #: 34p of 100 for job 34)
  - Check if a valid region was extracted -- should be 'chrX	51493465	53053872'...
  - Prepare the region for bcftools...
  - Check if the region (chrX:51493465-53053872) was successfully extracted...
> Processing region 'chrX:51493465-53053872'...
  - Process the specific region (chunk# 34) using bcftools view...
  - Index the VCF file...
DEBUG: Check if the VCF file was successfully processed...
##fileformat=VCFv4.2
##FILTER=<ID=PASS,Description="All filters passed">
##fileDate=29/01/2022 - 14:31:41
##source=shapeit4.2.2
##contig=<ID=chr1,length=248956422>
##contig=<ID=chr2,length=242193529>
##contig=<ID=chr3,length=198295559>
##contig=<ID=chr4,length=190214555>
##contig=<ID=chr5,length=181538259>
##contig=<ID=chr6,length=170805979>
# This file was produced by bcftools stats (1.20+htslib-1.20) and can be plotted using plot-vcfstats.
# The command line was:	bcftools stats  /hpc/local/Rocky8/dhl_ec/software/MonopogenLite/resources/chrX.part34.vcf.gz
#
# Definition of sets:
# ID	[2]id	[3]tab-separated file names
ID	0	/hpc/local/Rocky8/dhl_ec/software/MonopogenLite/resources/chrX.part34.vcf.gz
# SN, Summary numbers:
#   number of records   .. number of data rows in the VCF
#   number of no-ALTs   .. reference-only sites, ALT is either "." or identical to REF
#   number of SNPs      .. number of rows with a SNP
#   number of MNPs      .. number of rows with a MNP, such as CC>TT
#   number of indels    .. number of rows with an indel
#   number of others    .. number of rows with other type, for example a symbolic allele or
#                          a complex substitution, such as ACT>TCGA
#   number of multiallelic sites     .. number of rows with multiple alternate alleles
#   number of multiallelic SNP sites .. number of rows with multiple alternate alleles, all SNPs
# 
#   Note that rows containing multiple types will be counted multiple times, in each
#   counter. For example, a row with a SNP and an indel increments both the SNP and
#   the indel counter.
# 
# SN	[2]id	[3]key	[4]value
SN	0	number of samples:	3202
SN	0	number of records:	12722
SN	0	number of no-ALTs:	0
SN	0	number of SNPs:	12722
SN	0	number of MNPs:	0
SN	0	number of indels:	0
SN	0	number of others:	0
SN	0	number of multiallelic sites:	0
SN	0	number of multiallelic SNP sites:	0
# TSTV, transitions/transversions:
# TSTV	[2]id	[3]ts	[4]tv	[5]ts/tv	[6]ts (1st ALT)	[7]tv (1st ALT)	[8]ts/tv (1st ALT)
TSTV	0	8366	4356	1.92	8366	4356	1.92
# SiS, Singleton stats:
# SiS	[2]id	[3]allele count	[4]number of SNPs	[5]number of transitions	[6]number of transversions	[7]number of indels	[8]repeat-consistent	[9]repeat-inconsistent	[10]not applicable
SiS	0	1	0	0	0	0	0	0	0
# AF, Stats by non-reference allele frequency:
# AF	[2]id	[3]allele frequency	[4]number of SNPs	[5]number of transitions	[6]number of transversions	[7]number of indels	[8]repeat-consistent	[9]repeat-inconsistent	[10]not applicable
AF	0	0.000312	2206	1466	740	0	0	0	0
AF	0	0.000625	1329	901	428	0	0	0	0
AF	0	0.000937	1695	1109	586	0	0	0	0
AF	0	0.001249	459	293	166	0	0	0	0
AF	0	0.001562	702	477	225	0	0	0	0
AF	0	0.001874	231	147	84	0	0	0	0
AF	0	0.002186	394	261	133	0	0	0	0
AF	0	0.002498	268	166	102	0	0	0	0
AF	0	0.002811	255	173	82	0	0	0	0
AF	0	0.003123	89	58	31	0	0	0	0
AF	0	0.003435	212	144	68	0	0	0	0
AF	0	0.003748	121	77	44	0	0	0	0
AF	0	0.004060	287	185	102	0	0	0	0
AF	0	0.004372	81	60	21	0	0	0	0
AF	0	0.004685	126	76	50	0	0	0	0
AF	0	0.004997	99	63	36	0	0	0	0
AF	0	0.005309	151	97	54	0	0	0	0
AF	0	0.005621	35	23	12	0	0	0	0
AF	0	0.005934	125	79	46	0	0	0	0
AF	0	0.006246	70	50	20	0	0	0	0
AF	0	0.006558	77	51	26	0	0	0	0
AF	0	0.006871	29	20	9	0	0	0	0
AF	0	0.007183	63	42	21	0	0	0	0
AF	0	0.007495	44	31	13	0	0	0	0
AF	0	0.007808	125	78	47	0	0	0	0
AF	0	0.008120	41	23	18	0	0	0	0
AF	0	0.008432	71	52	19	0	0	0	0
AF	0	0.008745	55	35	20	0	0	0	0
AF	0	0.009057	49	28	21	0	0	0	0
AF	0	0.009369	45	33	12	0	0	0	0
AF	0	0.009681	61	44	17	0	0	0	0
AF	0	0.009994	40	25	15	0	0	0	0
AF	0	0.010306	81	53	28	0	0	0	0
AF	0	0.010618	28	17	11	0	0	0	0
AF	0	0.010931	65	44	21	0	0	0	0
AF	0	0.011243	49	34	15	0	0	0	0
AF	0	0.011555	37	22	15	0	0	0	0
AF	0	0.011868	21	15	6	0	0	0	0
AF	0	0.012180	41	26	15	0	0	0	0
AF	0	0.012492	28	15	13	0	0	0	0
AF	0	0.012804	40	30	10	0	0	0	0
AF	0	0.013117	18	8	10	0	0	0	0
AF	0	0.013429	28	13	15	0	0	0	0
AF	0	0.013741	25	15	10	0	0	0	0
AF	0	0.014054	29	19	10	0	0	0	0
AF	0	0.014366	35	21	14	0	0	0	0
AF	0	0.014678	26	13	13	0	0	0	0
AF	0	0.014991	22	12	10	0	0	0	0
AF	0	0.015303	148	87	61	0	0	0	0
AF	0	0.015615	17	13	4	0	0	0	0
AF	0	0.015928	37	29	8	0	0	0	0
AF	0	0.016240	11	8	3	0	0	0	0
AF	0	0.016552	31	23	8	0	0	0	0
AF	0	0.016864	8	3	5	0	0	0	0
AF	0	0.017177	22	14	8	0	0	0	0
AF	0	0.017489	14	11	3	0	0	0	0
AF	0	0.017801	22	17	5	0	0	0	0
AF	0	0.018114	2	1	1	0	0	0	0
AF	0	0.018426	13	8	5	0	0	0	0
AF	0	0.018738	6	3	3	0	0	0	0
AF	0	0.019051	16	6	10	0	0	0	0
AF	0	0.019363	11	7	4	0	0	0	0
AF	0	0.019675	10	9	1	0	0	0	0
AF	0	0.019988	6	5	1	0	0	0	0
AF	0	0.020300	74	49	25	0	0	0	0
AF	0	0.020612	23	17	6	0	0	0	0
AF	0	0.020924	13	7	6	0	0	0	0
AF	0	0.021237	10	7	3	0	0	0	0
AF	0	0.021549	13	8	5	0	0	0	0
AF	0	0.021861	8	5	3	0	0	0	0
AF	0	0.022174	6	6	0	0	0	0	0
AF	0	0.022486	3	2	1	0	0	0	0
AF	0	0.022798	23	13	10	0	0	0	0
AF	0	0.023111	11	11	0	0	0	0	0
AF	0	0.023423	14	8	6	0	0	0	0
AF	0	0.023735	3	2	1	0	0	0	0
AF	0	0.024047	13	6	7	0	0	0	0
AF	0	0.024360	5	4	1	0	0	0	0
AF	0	0.024672	4	3	1	0	0	0	0
AF	0	0.024984	5	4	1	0	0	0	0
AF	0	0.025297	6	1	5	0	0	0	0
AF	0	0.025609	6	4	2	0	0	0	0
AF	0	0.025921	12	8	4	0	0	0	0
AF	0	0.026234	7	4	3	0	0	0	0
AF	0	0.026546	27	16	11	0	0	0	0
AF	0	0.026858	6	4	2	0	0	0	0
AF	0	0.027171	13	8	5	0	0	0	0
AF	0	0.027483	19	13	6	0	0	0	0
AF	0	0.027795	23	17	6	0	0	0	0
AF	0	0.028107	7	6	1	0	0	0	0
AF	0	0.028420	12	8	4	0	0	0	0
AF	0	0.028732	10	5	5	0	0	0	0
AF	0	0.029044	11	7	4	0	0	0	0
AF	0	0.029357	3	3	0	0	0	0	0
AF	0	0.029669	5	4	1	0	0	0	0
AF	0	0.029981	3	2	1	0	0	0	0
AF	0	0.030294	5	3	2	0	0	0	0
AF	0	0.030606	21	15	6	0	0	0	0
AF	0	0.030918	2	1	1	0	0	0	0
AF	0	0.031230	1	0	1	0	0	0	0
AF	0	0.031543	5	3	2	0	0	0	0
AF	0	0.031855	1	0	1	0	0	0	0
AF	0	0.032167	11	8	3	0	0	0	0
AF	0	0.032480	2	1	1	0	0	0	0
AF	0	0.032792	4	3	1	0	0	0	0
AF	0	0.033104	2	1	1	0	0	0	0
AF	0	0.033417	10	7	3	0	0	0	0
AF	0	0.033729	5	3	2	0	0	0	0
AF	0	0.034041	7	3	4	0	0	0	0
AF	0	0.034354	2	0	2	0	0	0	0
AF	0	0.034666	2	0	2	0	0	0	0
AF	0	0.034978	1	0	1	0	0	0	0
AF	0	0.035290	2	0	2	0	0	0	0
AF	0	0.035915	5	5	0	0	0	0	0
AF	0	0.036227	2	1	1	0	0	0	0
AF	0	0.036540	17	14	3	0	0	0	0
AF	0	0.036852	1	1	0	0	0	0	0
AF	0	0.037164	3	2	1	0	0	0	0
AF	0	0.037477	2	0	2	0	0	0	0
AF	0	0.037789	3	1	2	0	0	0	0
AF	0	0.038101	3	1	2	0	0	0	0
AF	0	0.038413	2	1	1	0	0	0	0
AF	0	0.038726	1	1	0	0	0	0	0
AF	0	0.039038	3	3	0	0	0	0	0
AF	0	0.039350	2	2	0	0	0	0	0
AF	0	0.039663	1	1	0	0	0	0	0
AF	0	0.039975	1	1	0	0	0	0	0
AF	0	0.040287	1	1	0	0	0	0	0
AF	0	0.040600	8	7	1	0	0	0	0
AF	0	0.040912	3	2	1	0	0	0	0
AF	0	0.041224	3	3	0	0	0	0	0
AF	0	0.041537	3	2	1	0	0	0	0
AF	0	0.041849	3	2	1	0	0	0	0
AF	0	0.042161	1	1	0	0	0	0	0
AF	0	0.042786	3	3	0	0	0	0	0
AF	0	0.043410	1	0	1	0	0	0	0
AF	0	0.044035	9	6	3	0	0	0	0
AF	0	0.044347	1	1	0	0	0	0	0
AF	0	0.044660	2	1	1	0	0	0	0
AF	0	0.044972	1	0	1	0	0	0	0
AF	0	0.045284	1	1	0	0	0	0	0
AF	0	0.045909	1	0	1	0	0	0	0
AF	0	0.046221	1	0	1	0	0	0	0
AF	0	0.046533	1	1	0	0	0	0	0
AF	0	0.047158	5	5	0	0	0	0	0
AF	0	0.047470	5	2	3	0	0	0	0
AF	0	0.047783	2	1	1	0	0	0	0
AF	0	0.048095	6	4	2	0	0	0	0
AF	0	0.048407	6	4	2	0	0	0	0
AF	0	0.048720	6	5	1	0	0	0	0
AF	0	0.049032	14	10	4	0	0	0	0
AF	0	0.049344	14	5	9	0	0	0	0
AF	0	0.049656	2	1	1	0	0	0	0
AF	0	0.049969	1	1	0	0	0	0	0
AF	0	0.050281	5	3	2	0	0	0	0
AF	0	0.050593	3	3	0	0	0	0	0
AF	0	0.050906	1	1	0	0	0	0	0
AF	0	0.051218	2	2	0	0	0	0	0
AF	0	0.051530	2	2	0	0	0	0	0
AF	0	0.052780	1	0	1	0	0	0	0
AF	0	0.053404	2	1	1	0	0	0	0
AF	0	0.053716	1	1	0	0	0	0	0
AF	0	0.054653	1	1	0	0	0	0	0
AF	0	0.055278	1	0	1	0	0	0	0
AF	0	0.056839	4	2	2	0	0	0	0
AF	0	0.057152	1	1	0	0	0	0	0
AF	0	0.057776	1	1	0	0	0	0	0
AF	0	0.058089	1	1	0	0	0	0	0
AF	0	0.058401	3	1	2	0	0	0	0
AF	0	0.059026	1	1	0	0	0	0	0
AF	0	0.059338	2	1	1	0	0	0	0
AF	0	0.060275	1	1	0	0	0	0	0
AF	0	0.060587	1	1	0	0	0	0	0
AF	0	0.060899	2	2	0	0	0	0	0
AF	0	0.061212	2	1	1	0	0	0	0
AF	0	0.062149	1	1	0	0	0	0	0
AF	0	0.062461	1	0	1	0	0	0	0
AF	0	0.062773	1	1	0	0	0	0	0
AF	0	0.064022	1	0	1	0	0	0	0
AF	0	0.064335	1	0	1	0	0	0	0
AF	0	0.064647	2	1	1	0	0	0	0
AF	0	0.064959	1	0	1	0	0	0	0
AF	0	0.065272	6	6	0	0	0	0	0
AF	0	0.065584	1	1	0	0	0	0	0
AF	0	0.065896	4	1	3	0	0	0	0
AF	0	0.066209	1	1	0	0	0	0	0
AF	0	0.066833	2	1	1	0	0	0	0
AF	0	0.067146	3	3	0	0	0	0	0
AF	0	0.067458	5	1	4	0	0	0	0
AF	0	0.067770	1	1	0	0	0	0	0
AF	0	0.068395	6	3	3	0	0	0	0
AF	0	0.068707	2	1	1	0	0	0	0
AF	0	0.069019	4	2	2	0	0	0	0
AF	0	0.069332	1	0	1	0	0	0	0
AF	0	0.069644	3	3	0	0	0	0	0
AF	0	0.070269	1	1	0	0	0	0	0
AF	0	0.070581	2	1	1	0	0	0	0
AF	0	0.071518	1	0	1	0	0	0	0
AF	0	0.072142	6	4	2	0	0	0	0
AF	0	0.072767	2	2	0	0	0	0	0
AF	0	0.073392	1	1	0	0	0	0	0
AF	0	0.074016	1	1	0	0	0	0	0
AF	0	0.074641	4	1	3	0	0	0	0
AF	0	0.074953	1	1	0	0	0	0	0
AF	0	0.077139	2	2	0	0	0	0	0
AF	0	0.077764	4	3	1	0	0	0	0
AF	0	0.078076	1	1	0	0	0	0	0
AF	0	0.078389	1	0	1	0	0	0	0
AF	0	0.078701	3	2	1	0	0	0	0
AF	0	0.079950	2	0	2	0	0	0	0
AF	0	0.080262	2	2	0	0	0	0	0
AF	0	0.080575	2	2	0	0	0	0	0
AF	0	0.080887	3	2	1	0	0	0	0
AF	0	0.081199	1	1	0	0	0	0	0
AF	0	0.081512	2	0	2	0	0	0	0
AF	0	0.082136	6	5	1	0	0	0	0
AF	0	0.082448	3	1	2	0	0	0	0
AF	0	0.082761	3	2	1	0	0	0	0
AF	0	0.083073	2	2	0	0	0	0	0
AF	0	0.083385	1	1	0	0	0	0	0
AF	0	0.083698	1	1	0	0	0	0	0
AF	0	0.084010	4	2	2	0	0	0	0
AF	0	0.084322	1	0	1	0	0	0	0
AF	0	0.084635	3	2	1	0	0	0	0
AF	0	0.084947	5	4	1	0	0	0	0
AF	0	0.085259	2	2	0	0	0	0	0
AF	0	0.085572	9	8	1	0	0	0	0
AF	0	0.085884	9	3	6	0	0	0	0
AF	0	0.086196	1	1	0	0	0	0	0
AF	0	0.086508	2	2	0	0	0	0	0
AF	0	0.086821	3	3	0	0	0	0	0
AF	0	0.087133	1	1	0	0	0	0	0
AF	0	0.087445	5	4	1	0	0	0	0
AF	0	0.087758	1	0	1	0	0	0	0
AF	0	0.088070	2	2	0	0	0	0	0
AF	0	0.088382	3	3	0	0	0	0	0
AF	0	0.088695	2	1	1	0	0	0	0
AF	0	0.089007	8	8	0	0	0	0	0
AF	0	0.089319	3	3	0	0	0	0	0
AF	0	0.089631	1	0	1	0	0	0	0
AF	0	0.089944	1	1	0	0	0	0	0
AF	0	0.090256	20	11	9	0	0	0	0
AF	0	0.090568	6	5	1	0	0	0	0
AF	0	0.090881	6	4	2	0	0	0	0
AF	0	0.091193	3	1	2	0	0	0	0
AF	0	0.091505	3	2	1	0	0	0	0
AF	0	0.092130	2	1	1	0	0	0	0
AF	0	0.092442	1	0	1	0	0	0	0
AF	0	0.092755	4	2	2	0	0	0	0
AF	0	0.093067	6	2	4	0	0	0	0
AF	0	0.093379	17	10	7	0	0	0	0
AF	0	0.093691	23	11	12	0	0	0	0
AF	0	0.094004	85	56	29	0	0	0	0
AF	0	0.094316	6	5	1	0	0	0	0
AF	0	0.094628	6	4	2	0	0	0	0
AF	0	0.094941	2	1	1	0	0	0	0
AF	0	0.095253	3	3	0	0	0	0	0
AF	0	0.095565	5	2	3	0	0	0	0
AF	0	0.095878	26	20	6	0	0	0	0
AF	0	0.096190	10	8	2	0	0	0	0
AF	0	0.096502	9	6	3	0	0	0	0
AF	0	0.096814	2	2	0	0	0	0	0
AF	0	0.097127	3	0	3	0	0	0	0
AF	0	0.097439	1	1	0	0	0	0	0
AF	0	0.097751	2	1	1	0	0	0	0
AF	0	0.098376	1	0	1	0	0	0	0
AF	0	0.098688	4	4	0	0	0	0	0
AF	0	0.099001	6	0	6	0	0	0	0
AF	0	0.099313	1	1	0	0	0	0	0
AF	0	0.099625	2	2	0	0	0	0	0
AF	0	0.099938	4	3	1	0	0	0	0
AF	0	0.100250	5	3	2	0	0	0	0
AF	0	0.100562	4	2	2	0	0	0	0
AF	0	0.100874	11	6	5	0	0	0	0
AF	0	0.101187	1	1	0	0	0	0	0
AF	0	0.101811	2	0	2	0	0	0	0
AF	0	0.102124	1	1	0	0	0	0	0
AF	0	0.102748	1	0	1	0	0	0	0
AF	0	0.103998	1	1	0	0	0	0	0
AF	0	0.104622	4	3	1	0	0	0	0
AF	0	0.105247	3	1	2	0	0	0	0
AF	0	0.105559	1	1	0	0	0	0	0
AF	0	0.105871	2	1	1	0	0	0	0
AF	0	0.106184	1	1	0	0	0	0	0
AF	0	0.106496	2	1	1	0	0	0	0
AF	0	0.106808	5	3	2	0	0	0	0
AF	0	0.107121	1	0	1	0	0	0	0
AF	0	0.107745	2	1	1	0	0	0	0
AF	0	0.108370	1	0	1	0	0	0	0
AF	0	0.109307	1	1	0	0	0	0	0
AF	0	0.109619	1	0	1	0	0	0	0
AF	0	0.109931	3	3	0	0	0	0	0
AF	0	0.110868	2	1	1	0	0	0	0
AF	0	0.111181	4	3	1	0	0	0	0
AF	0	0.112742	1	0	1	0	0	0	0
AF	0	0.113054	1	1	0	0	0	0	0
AF	0	0.113367	1	0	1	0	0	0	0
AF	0	0.113679	1	1	0	0	0	0	0
AF	0	0.113991	1	0	1	0	0	0	0
AF	0	0.114304	4	1	3	0	0	0	0
AF	0	0.114616	1	1	0	0	0	0	0
AF	0	0.114928	2	1	1	0	0	0	0
AF	0	0.115553	2	1	1	0	0	0	0
AF	0	0.116802	1	1	0	0	0	0	0
AF	0	0.117114	2	1	1	0	0	0	0
AF	0	0.117427	3	2	1	0	0	0	0
AF	0	0.117739	2	2	0	0	0	0	0
AF	0	0.118051	3	3	0	0	0	0	0
AF	0	0.118364	4	3	1	0	0	0	0
AF	0	0.118676	1	1	0	0	0	0	0
AF	0	0.118988	1	0	1	0	0	0	0
AF	0	0.119300	4	3	1	0	0	0	0
AF	0	0.119925	85	49	36	0	0	0	0
AF	0	0.120237	94	62	32	0	0	0	0
AF	0	0.120550	29	16	13	0	0	0	0
AF	0	0.120862	1	1	0	0	0	0	0
AF	0	0.121174	3	2	1	0	0	0	0
AF	0	0.121487	1	1	0	0	0	0	0
AF	0	0.121799	5	3	2	0	0	0	0
AF	0	0.122111	3	2	1	0	0	0	0
AF	0	0.123048	2	1	1	0	0	0	0
AF	0	0.123360	1	0	1	0	0	0	0
AF	0	0.123673	1	1	0	0	0	0	0
AF	0	0.123985	1	1	0	0	0	0	0
AF	0	0.124297	2	2	0	0	0	0	0
AF	0	0.124610	1	1	0	0	0	0	0
AF	0	0.124922	2	1	1	0	0	0	0
AF	0	0.125547	2	1	1	0	0	0	0
AF	0	0.126171	9	7	2	0	0	0	0
AF	0	0.126483	4	2	2	0	0	0	0
AF	0	0.126796	3	2	1	0	0	0	0
AF	0	0.127108	2	1	1	0	0	0	0
AF	0	0.127420	1	1	0	0	0	0	0
AF	0	0.128982	1	0	1	0	0	0	0
AF	0	0.129919	1	0	1	0	0	0	0
AF	0	0.132417	1	0	1	0	0	0	0
AF	0	0.134916	1	1	0	0	0	0	0
AF	0	0.135228	1	1	0	0	0	0	0
AF	0	0.139913	1	0	1	0	0	0	0
AF	0	0.140537	1	0	1	0	0	0	0
AF	0	0.145222	1	1	0	0	0	0	0
AF	0	0.146783	1	1	0	0	0	0	0
AF	0	0.148032	1	1	0	0	0	0	0
AF	0	0.163023	1	1	0	0	0	0	0
AF	0	0.179575	1	0	1	0	0	0	0
AF	0	0.183635	1	1	0	0	0	0	0
AF	0	0.184260	1	1	0	0	0	0	0
AF	0	0.186134	1	1	0	0	0	0	0
AF	0	0.186446	1	1	0	0	0	0	0
AF	0	0.186758	1	0	1	0	0	0	0
AF	0	0.187383	6	3	3	0	0	0	0
AF	0	0.187695	1	0	1	0	0	0	0
AF	0	0.188320	2	2	0	0	0	0	0
AF	0	0.188632	2	2	0	0	0	0	0
AF	0	0.189569	1	1	0	0	0	0	0
AF	0	0.189881	1	1	0	0	0	0	0
AF	0	0.190506	1	1	0	0	0	0	0
AF	0	0.191755	1	1	0	0	0	0	0
AF	0	0.192692	4	3	1	0	0	0	0
AF	0	0.193004	14	7	7	0	0	0	0
AF	0	0.193317	10	5	5	0	0	0	0
AF	0	0.193629	3	1	2	0	0	0	0
AF	0	0.195191	1	1	0	0	0	0	0
AF	0	0.196440	2	2	0	0	0	0	0
AF	0	0.198001	3	3	0	0	0	0	0
AF	0	0.198626	1	0	1	0	0	0	0
AF	0	0.198938	2	2	0	0	0	0	0
AF	0	0.199250	15	9	6	0	0	0	0
AF	0	0.199563	2	1	1	0	0	0	0
AF	0	0.199875	1	1	0	0	0	0	0
AF	0	0.200187	2	1	1	0	0	0	0
AF	0	0.200500	1	0	1	0	0	0	0
AF	0	0.200812	1	1	0	0	0	0	0
AF	0	0.202998	1	0	1	0	0	0	0
AF	0	0.203310	1	1	0	0	0	0	0
AF	0	0.203623	1	0	1	0	0	0	0
AF	0	0.207370	1	1	0	0	0	0	0
AF	0	0.209869	1	1	0	0	0	0	0
AF	0	0.211743	1	0	1	0	0	0	0
AF	0	0.216115	1	0	1	0	0	0	0
AF	0	0.216427	1	0	1	0	0	0	0
AF	0	0.219238	3	3	0	0	0	0	0
AF	0	0.219550	2	2	0	0	0	0	0
AF	0	0.219863	1	1	0	0	0	0	0
AF	0	0.222673	1	1	0	0	0	0	0
AF	0	0.222986	1	0	1	0	0	0	0
AF	0	0.224547	2	2	0	0	0	0	0
AF	0	0.226109	1	0	1	0	0	0	0
AF	0	0.226421	2	0	2	0	0	0	0
AF	0	0.227046	1	0	1	0	0	0	0
AF	0	0.227358	2	2	0	0	0	0	0
AF	0	0.227983	1	1	0	0	0	0	0
AF	0	0.228295	2	2	0	0	0	0	0
AF	0	0.228607	1	1	0	0	0	0	0
AF	0	0.229232	1	0	1	0	0	0	0
AF	0	0.230169	2	2	0	0	0	0	0
AF	0	0.230481	1	1	0	0	0	0	0
AF	0	0.231106	1	1	0	0	0	0	0
AF	0	0.233292	1	0	1	0	0	0	0
AF	0	0.233916	1	1	0	0	0	0	0
AF	0	0.237352	1	1	0	0	0	0	0
AF	0	0.238913	1	1	0	0	0	0	0
AF	0	0.244847	1	1	0	0	0	0	0
AF	0	0.246408	1	1	0	0	0	0	0
AF	0	0.247033	3	2	1	0	0	0	0
AF	0	0.247345	2	2	0	0	0	0	0
AF	0	0.247658	2	1	1	0	0	0	0
AF	0	0.247970	2	2	0	0	0	0	0
AF	0	0.248282	4	2	2	0	0	0	0
AF	0	0.249844	1	1	0	0	0	0	0
AF	0	0.250468	1	1	0	0	0	0	0
AF	0	0.258276	1	1	0	0	0	0	0
AF	0	0.262336	1	1	0	0	0	0	0
AF	0	0.267021	4	1	3	0	0	0	0
AF	0	0.268894	1	1	0	0	0	0	0
AF	0	0.269519	1	1	0	0	0	0	0
AF	0	0.283885	1	1	0	0	0	0	0
AF	0	0.293879	1	1	0	0	0	0	0
AF	0	0.294503	1	0	1	0	0	0	0
AF	0	0.303873	1	0	1	0	0	0	0
AF	0	0.307933	1	0	1	0	0	0	0
AF	0	0.308869	1	1	0	0	0	0	0
AF	0	0.309806	1	1	0	0	0	0	0
AF	0	0.311368	1	1	0	0	0	0	0
AF	0	0.322923	1	0	1	0	0	0	0
AF	0	0.323860	1	0	1	0	0	0	0
AF	0	0.328232	1	1	0	0	0	0	0
AF	0	0.328545	1	1	0	0	0	0	0
AF	0	0.332605	1	1	0	0	0	0	0
AF	0	0.335415	1	0	1	0	0	0	0
AF	0	0.336040	1	0	1	0	0	0	0
AF	0	0.352904	1	1	0	0	0	0	0
AF	0	0.378201	1	0	1	0	0	0	0
AF	0	0.378513	1	1	0	0	0	0	0
AF	0	0.380387	1	1	0	0	0	0	0
AF	0	0.402561	1	0	1	0	0	0	0
AF	0	0.429731	1	1	0	0	0	0	0
AF	0	0.453154	1	1	0	0	0	0	0
AF	0	0.453779	1	1	0	0	0	0	0
AF	0	0.487508	1	1	0	0	0	0	0
AF	0	0.488132	1	1	0	0	0	0	0
AF	0	0.490319	1	1	0	0	0	0	0
AF	0	0.496877	1	1	0	0	0	0	0
AF	0	0.499375	2	1	1	0	0	0	0
AF	0	0.499688	1	0	1	0	0	0	0
AF	0	0.507183	1	0	1	0	0	0	0
AF	0	0.510306	1	0	1	0	0	0	0
AF	0	0.513117	1	1	0	0	0	0	0
AF	0	0.513741	1	1	0	0	0	0	0
AF	0	0.553092	1	1	0	0	0	0	0
AF	0	0.563086	1	0	1	0	0	0	0
AF	0	0.635228	1	0	1	0	0	0	0
AF	0	0.670518	1	1	0	0	0	0	0
AF	0	0.670831	1	1	0	0	0	0	0
AF	0	0.672392	1	1	0	0	0	0	0
AF	0	0.673017	1	0	1	0	0	0	0
AF	0	0.694878	1	1	0	0	0	0	0
AF	0	0.705497	2	1	1	0	0	0	0
AF	0	0.707370	2	1	1	0	0	0	0
AF	0	0.707995	1	1	0	0	0	0	0
AF	0	0.709557	1	1	0	0	0	0	0
AF	0	0.717989	1	0	1	0	0	0	0
AF	0	0.718301	3	3	0	0	0	0	0
AF	0	0.718613	4	2	2	0	0	0	0
AF	0	0.718926	2	2	0	0	0	0	0
AF	0	0.719238	3	1	2	0	0	0	0
AF	0	0.719550	1	1	0	0	0	0	0
AF	0	0.719863	3	3	0	0	0	0	0
AF	0	0.720175	4	1	3	0	0	0	0
AF	0	0.720487	3	2	1	0	0	0	0
AF	0	0.720800	1	1	0	0	0	0	0
AF	0	0.721112	1	1	0	0	0	0	0
AF	0	0.721736	1	1	0	0	0	0	0
AF	0	0.722986	4	3	1	0	0	0	0
AF	0	0.723610	3	1	2	0	0	0	0
AF	0	0.723923	2	1	1	0	0	0	0
AF	0	0.724235	1	1	0	0	0	0	0
AF	0	0.724547	1	1	0	0	0	0	0
AF	0	0.724859	1	1	0	0	0	0	0
AF	0	0.725172	2	1	1	0	0	0	0
AF	0	0.725796	2	2	0	0	0	0	0
AF	0	0.726109	5	3	2	0	0	0	0
AF	0	0.726421	3	2	1	0	0	0	0
AF	0	0.726733	4	4	0	0	0	0	0
AF	0	0.729232	1	0	1	0	0	0	0
AF	0	0.729544	1	1	0	0	0	0	0
AF	0	0.729856	1	1	0	0	0	0	0
AF	0	0.730793	1	0	1	0	0	0	0
AF	0	0.731106	1	1	0	0	0	0	0
AF	0	0.731730	3	2	1	0	0	0	0
AF	0	0.732042	1	1	0	0	0	0	0
AF	0	0.732355	3	2	1	0	0	0	0
AF	0	0.734853	1	1	0	0	0	0	0
AF	0	0.736727	1	1	0	0	0	0	0
AF	0	0.737664	1	1	0	0	0	0	0
AF	0	0.738913	1	0	1	0	0	0	0
AF	0	0.739850	1	1	0	0	0	0	0
AF	0	0.743598	1	0	1	0	0	0	0
AF	0	0.744222	1	1	0	0	0	0	0
AF	0	0.748282	1	1	0	0	0	0	0
AF	0	0.753592	1	0	1	0	0	0	0
AF	0	0.755153	1	1	0	0	0	0	0
AF	0	0.756090	4	3	1	0	0	0	0
AF	0	0.756402	6	5	1	0	0	0	0
AF	0	0.756715	1	0	1	0	0	0	0
AF	0	0.757027	1	1	0	0	0	0	0
AF	0	0.757339	7	6	1	0	0	0	0
AF	0	0.757651	6	6	0	0	0	0	0
AF	0	0.757964	6	4	2	0	0	0	0
AF	0	0.758276	1	1	0	0	0	0	0
AF	0	0.758588	2	2	0	0	0	0	0
AF	0	0.758901	1	1	0	0	0	0	0
AF	0	0.759213	2	1	1	0	0	0	0
AF	0	0.759525	2	0	2	0	0	0	0
AF	0	0.759838	7	3	4	0	0	0	0
AF	0	0.760150	2	2	0	0	0	0	0
AF	0	0.760775	1	1	0	0	0	0	0
AF	0	0.761087	4	3	1	0	0	0	0
AF	0	0.761399	1	0	1	0	0	0	0
AF	0	0.761711	2	2	0	0	0	0	0
AF	0	0.762648	1	1	0	0	0	0	0
AF	0	0.762961	1	1	0	0	0	0	0
AF	0	0.763273	1	1	0	0	0	0	0
AF	0	0.763585	2	2	0	0	0	0	0
AF	0	0.764210	5	2	3	0	0	0	0
AF	0	0.764834	1	1	0	0	0	0	0
AF	0	0.765147	1	1	0	0	0	0	0
AF	0	0.765459	1	1	0	0	0	0	0
AF	0	0.765771	1	1	0	0	0	0	0
AF	0	0.766084	3	1	2	0	0	0	0
AF	0	0.766396	1	1	0	0	0	0	0
AF	0	0.766708	2	1	1	0	0	0	0
AF	0	0.767021	1	1	0	0	0	0	0
AF	0	0.767333	3	2	1	0	0	0	0
AF	0	0.767645	1	0	1	0	0	0	0
AF	0	0.767958	5	3	2	0	0	0	0
AF	0	0.768582	3	1	2	0	0	0	0
AF	0	0.768894	3	2	1	0	0	0	0
AF	0	0.769207	2	2	0	0	0	0	0
AF	0	0.769519	2	1	1	0	0	0	0
AF	0	0.771081	1	1	0	0	0	0	0
AF	0	0.771393	1	1	0	0	0	0	0
AF	0	0.771705	1	1	0	0	0	0	0
AF	0	0.772017	1	0	1	0	0	0	0
AF	0	0.772954	4	2	2	0	0	0	0
AF	0	0.773267	1	0	1	0	0	0	0
AF	0	0.773579	6	4	2	0	0	0	0
AF	0	0.773891	1	1	0	0	0	0	0
AF	0	0.775453	1	0	1	0	0	0	0
AF	0	0.775765	2	2	0	0	0	0	0
AF	0	0.776077	3	2	1	0	0	0	0
AF	0	0.776390	1	1	0	0	0	0	0
AF	0	0.778888	1	0	1	0	0	0	0
AF	0	0.779513	1	0	1	0	0	0	0
AF	0	0.779825	1	1	0	0	0	0	0
AF	0	0.781074	1	1	0	0	0	0	0
AF	0	0.782011	1	1	0	0	0	0	0
AF	0	0.782636	1	1	0	0	0	0	0
AF	0	0.787945	1	0	1	0	0	0	0
AF	0	0.788257	2	2	0	0	0	0	0
AF	0	0.788570	1	0	1	0	0	0	0
AF	0	0.788882	1	1	0	0	0	0	0
AF	0	0.790756	1	1	0	0	0	0	0
AF	0	0.791380	2	2	0	0	0	0	0
AF	0	0.791693	2	0	2	0	0	0	0
AF	0	0.792005	2	2	0	0	0	0	0
AF	0	0.792317	1	1	0	0	0	0	0
AF	0	0.793879	1	1	0	0	0	0	0
AF	0	0.794503	2	2	0	0	0	0	0
AF	0	0.794816	3	2	1	0	0	0	0
AF	0	0.795128	1	1	0	0	0	0	0
AF	0	0.796065	2	1	1	0	0	0	0
AF	0	0.797002	2	2	0	0	0	0	0
AF	0	0.797314	1	1	0	0	0	0	0
AF	0	0.797939	1	0	1	0	0	0	0
AF	0	0.798251	1	1	0	0	0	0	0
AF	0	0.798876	4	3	1	0	0	0	0
AF	0	0.799500	6	3	3	0	0	0	0
AF	0	0.799813	4	1	3	0	0	0	0
AF	0	0.800125	6	3	3	0	0	0	0
AF	0	0.800437	1	1	0	0	0	0	0
AF	0	0.807620	1	1	0	0	0	0	0
AF	0	0.808869	1	0	1	0	0	0	0
AF	0	0.813554	1	0	1	0	0	0	0
AF	0	0.816365	1	1	0	0	0	0	0
AF	0	0.817926	1	0	1	0	0	0	0
AF	0	0.818239	3	1	2	0	0	0	0
AF	0	0.818551	3	2	1	0	0	0	0
AF	0	0.818863	2	2	0	0	0	0	0
AF	0	0.819800	1	1	0	0	0	0	0
AF	0	0.820737	1	1	0	0	0	0	0
AF	0	0.821674	1	1	0	0	0	0	0
AF	0	0.822611	1	0	1	0	0	0	0
AF	0	0.823235	1	0	1	0	0	0	0
AF	0	0.825109	1	1	0	0	0	0	0
AF	0	0.849781	1	0	1	0	0	0	0
AF	0	0.863835	1	1	0	0	0	0	0
AF	0	0.864147	1	1	0	0	0	0	0
AF	0	0.866334	2	1	1	0	0	0	0
AF	0	0.866646	2	2	0	0	0	0	0
AF	0	0.867270	1	1	0	0	0	0	0
AF	0	0.867583	2	0	2	0	0	0	0
AF	0	0.867895	4	3	1	0	0	0	0
AF	0	0.868207	1	1	0	0	0	0	0
AF	0	0.868832	2	1	1	0	0	0	0
AF	0	0.869144	1	1	0	0	0	0	0
AF	0	0.869457	1	0	1	0	0	0	0
AF	0	0.870081	1	1	0	0	0	0	0
AF	0	0.872580	1	0	1	0	0	0	0
AF	0	0.873829	3	2	1	0	0	0	0
AF	0	0.876327	1	1	0	0	0	0	0
AF	0	0.876952	1	1	0	0	0	0	0
AF	0	0.878513	1	1	0	0	0	0	0
AF	0	0.886633	1	1	0	0	0	0	0
AF	0	0.896627	1	1	0	0	0	0	0
AF	0	0.896939	1	1	0	0	0	0	0
AF	0	0.897252	6	4	2	0	0	0	0
AF	0	0.897564	1	1	0	0	0	0	0
AF	0	0.899438	1	0	1	0	0	0	0
AF	0	0.899750	1	0	1	0	0	0	0
AF	0	0.918176	1	1	0	0	0	0	0
AF	0	0.919738	3	3	0	0	0	0	0
AF	0	0.922548	1	0	1	0	0	0	0
AF	0	0.923485	1	1	0	0	0	0	0
AF	0	0.927858	1	1	0	0	0	0	0
AF	0	0.928170	2	2	0	0	0	0	0
AF	0	0.944097	1	1	0	0	0	0	0
AF	0	0.944410	1	1	0	0	0	0	0
AF	0	0.945034	1	1	0	0	0	0	0
AF	0	0.945347	1	1	0	0	0	0	0
AF	0	0.945659	2	1	1	0	0	0	0
AF	0	0.945971	6	5	1	0	0	0	0
AF	0	0.946284	2	2	0	0	0	0	0
AF	0	0.946596	3	2	1	0	0	0	0
AF	0	0.952217	1	1	0	0	0	0	0
AF	0	0.955965	1	0	1	0	0	0	0
AF	0	0.961587	1	0	1	0	0	0	0
AF	0	0.968457	1	1	0	0	0	0	0
AF	0	0.972829	1	1	0	0	0	0	0
AF	0	0.976265	1	1	0	0	0	0	0
AF	0	0.976577	1	1	0	0	0	0	0
AF	0	0.977826	3	2	1	0	0	0	0
AF	0	0.980949	1	0	1	0	0	0	0
AF	0	0.984072	1	1	0	0	0	0	0
AF	0	0.989382	1	1	0	0	0	0	0
AF	0	0.990319	1	0	1	0	0	0	0
AF	0	0.990631	7	6	1	0	0	0	0
AF	0	0.992505	1	1	0	0	0	0	0
AF	0	0.992817	7	6	1	0	0	0	0
AF	0	0.993129	3	2	1	0	0	0	0
AF	0	0.993442	3	3	0	0	0	0	0
AF	0	0.994379	1	1	0	0	0	0	0
AF	0	0.994691	6	5	1	0	0	0	0
AF	0	0.995315	11	8	3	0	0	0	0
AF	0	0.995628	34	18	16	0	0	0	0
AF	0	0.995940	22	18	4	0	0	0	0
AF	0	0.996252	8	6	2	0	0	0	0
AF	0	0.996565	16	11	5	0	0	0	0
AF	0	0.996877	2	1	1	0	0	0	0
AF	0	0.997189	1	1	0	0	0	0	0
AF	0	0.998438	1	0	1	0	0	0	0
AF	0	0.998751	9	5	4	0	0	0	0
AF	0	0.999063	1	0	1	0	0	0	0
# QUAL, Stats by quality
# QUAL	[2]id	[3]Quality	[4]number of SNPs	[5]number of transitions (1st ALT)	[6]number of transversions (1st ALT)	[7]number of indels
QUAL	0	.	12722	8366	4356	0
# IDD, InDel distribution:
# IDD	[2]id	[3]length (deletions negative)	[4]number of sites	[5]number of genotypes	[6]mean VAF
# ST, Substitution types:
# ST	[2]id	[3]type	[4]count
ST	0	A>C	472
ST	0	A>G	1655
ST	0	A>T	510
ST	0	C>A	674
ST	0	C>G	565
ST	0	C>T	2467
ST	0	G>A	2656
ST	0	G>C	593
ST	0	G>T	650
ST	0	T>A	420
ST	0	T>C	1588
ST	0	T>G	472
# DP, Depth distribution
# DP	[2]id	[3]bin	[4]number of genotypes	[5]fraction of genotypes (%)	[6]number of sites	[7]fraction of sites (%)
  - Fix haploid genotypes in males...

Submit MakeDiploidMalesX finished successfully. Let's have a beer, buddy!

