Submit MakeDiploidMalesX
version 1.1.6 (2024-09-30)

These are the settings:
  Input file................: /hpc/local/Rocky8/dhl_ec/software/MonopogenLite/resources/1kGP_high_coverage_Illumina.SNVonly_poly.filtered_AF_5e-04.norm.fixvariantid.chrX.vcf.gz
  Output file...............: /hpc/local/Rocky8/dhl_ec/software/MonopogenLite/resources/1kGP_high_coverage_Illumina.SNVonly_poly.filtered_AF_5e-04.norm.fixvariantid.makediploid.chrX.vcf.gz
  Chunk size................: 100

  SLURM CPUs................: 4
  SLURM Array ID............: 100 (of 100)
  SLURM memory..............: 16G
  SLURM time................: 01:00:00
  SLURM mail type...........: FAIL
  SLURM mail user...........: s.w.vanderlaan-2@umcutrecht.nl

  Dry run mode..............: 0
  Debug mode................: 1
  Verbosity.................: 0
  Version...................: 1.1.6 (2024-09-30)

Making converting haploid genotypes to diploid genotypes.
> Extract the region for this SLURM task (# 100) from the BED file.
  - Get the chunk number from the SLURM array task ID and the bed file...
DEBUG: Extracting chunk number: 100p from 100
DEBUG: Extracting region from BED file: /hpc/local/Rocky8/dhl_ec/software/MonopogenLite/resources/chrX_100pieces.bed
  - Extract the region from the BED file...
DEBUG: Extracted raw region: 'chrX	154480393	156040895' (chunk #: 100p of 100 for job 100)
  - Check if a valid region was extracted -- should be 'chrX	154480393	156040895'...
  - Prepare the region for bcftools...
  - Check if the region (chrX:154480393-156040895) was successfully extracted...
> Processing region 'chrX:154480393-156040895'...
  - Process the specific region (chunk# 100) using bcftools view...
  - Index the VCF file...
DEBUG: Check if the VCF file was successfully processed...
##fileformat=VCFv4.2
##FILTER=<ID=PASS,Description="All filters passed">
##fileDate=29/01/2022 - 14:31:41
##source=shapeit4.2.2
##contig=<ID=chr1,length=248956422>
##contig=<ID=chr2,length=242193529>
##contig=<ID=chr3,length=198295559>
##contig=<ID=chr4,length=190214555>
##contig=<ID=chr5,length=181538259>
##contig=<ID=chr6,length=170805979>
# This file was produced by bcftools stats (1.20+htslib-1.20) and can be plotted using plot-vcfstats.
# The command line was:	bcftools stats  /hpc/local/Rocky8/dhl_ec/software/MonopogenLite/resources/chrX.part100.vcf.gz
#
# Definition of sets:
# ID	[2]id	[3]tab-separated file names
ID	0	/hpc/local/Rocky8/dhl_ec/software/MonopogenLite/resources/chrX.part100.vcf.gz
# SN, Summary numbers:
#   number of records   .. number of data rows in the VCF
#   number of no-ALTs   .. reference-only sites, ALT is either "." or identical to REF
#   number of SNPs      .. number of rows with a SNP
#   number of MNPs      .. number of rows with a MNP, such as CC>TT
#   number of indels    .. number of rows with an indel
#   number of others    .. number of rows with other type, for example a symbolic allele or
#                          a complex substitution, such as ACT>TCGA
#   number of multiallelic sites     .. number of rows with multiple alternate alleles
#   number of multiallelic SNP sites .. number of rows with multiple alternate alleles, all SNPs
# 
#   Note that rows containing multiple types will be counted multiple times, in each
#   counter. For example, a row with a SNP and an indel increments both the SNP and
#   the indel counter.
# 
# SN	[2]id	[3]key	[4]value
SN	0	number of samples:	3202
SN	0	number of records:	13627
SN	0	number of no-ALTs:	0
SN	0	number of SNPs:	13627
SN	0	number of MNPs:	0
SN	0	number of indels:	0
SN	0	number of others:	0
SN	0	number of multiallelic sites:	0
SN	0	number of multiallelic SNP sites:	0
# TSTV, transitions/transversions:
# TSTV	[2]id	[3]ts	[4]tv	[5]ts/tv	[6]ts (1st ALT)	[7]tv (1st ALT)	[8]ts/tv (1st ALT)
TSTV	0	9145	4482	2.04	9145	4482	2.04
# SiS, Singleton stats:
# SiS	[2]id	[3]allele count	[4]number of SNPs	[5]number of transitions	[6]number of transversions	[7]number of indels	[8]repeat-consistent	[9]repeat-inconsistent	[10]not applicable
SiS	0	1	0	0	0	0	0	0	0
# AF, Stats by non-reference allele frequency:
# AF	[2]id	[3]allele frequency	[4]number of SNPs	[5]number of transitions	[6]number of transversions	[7]number of indels	[8]repeat-consistent	[9]repeat-inconsistent	[10]not applicable
AF	0	0.000312	2064	1397	667	0	0	0	0
AF	0	0.000625	1641	1105	536	0	0	0	0
AF	0	0.000937	1611	1089	522	0	0	0	0
AF	0	0.001249	672	457	215	0	0	0	0
AF	0	0.001562	640	415	225	0	0	0	0
AF	0	0.001874	410	284	126	0	0	0	0
AF	0	0.002186	457	312	145	0	0	0	0
AF	0	0.002498	232	148	84	0	0	0	0
AF	0	0.002811	317	219	98	0	0	0	0
AF	0	0.003123	169	109	60	0	0	0	0
AF	0	0.003435	220	153	67	0	0	0	0
AF	0	0.003748	118	76	42	0	0	0	0
AF	0	0.004060	138	97	41	0	0	0	0
AF	0	0.004372	104	74	30	0	0	0	0
AF	0	0.004685	270	178	92	0	0	0	0
AF	0	0.004997	81	50	31	0	0	0	0
AF	0	0.005309	116	78	38	0	0	0	0
AF	0	0.005621	86	60	26	0	0	0	0
AF	0	0.005934	121	84	37	0	0	0	0
AF	0	0.006246	78	50	28	0	0	0	0
AF	0	0.006558	92	58	34	0	0	0	0
AF	0	0.006871	70	53	17	0	0	0	0
AF	0	0.007183	73	52	21	0	0	0	0
AF	0	0.007495	33	21	12	0	0	0	0
AF	0	0.007808	69	41	28	0	0	0	0
AF	0	0.008120	42	23	19	0	0	0	0
AF	0	0.008432	97	61	36	0	0	0	0
AF	0	0.008745	45	31	14	0	0	0	0
AF	0	0.009057	51	37	14	0	0	0	0
AF	0	0.009369	35	22	13	0	0	0	0
AF	0	0.009681	61	39	22	0	0	0	0
AF	0	0.009994	49	32	17	0	0	0	0
AF	0	0.010306	99	73	26	0	0	0	0
AF	0	0.010618	32	19	13	0	0	0	0
AF	0	0.010931	40	18	22	0	0	0	0
AF	0	0.011243	35	21	14	0	0	0	0
AF	0	0.011555	47	29	18	0	0	0	0
AF	0	0.011868	32	21	11	0	0	0	0
AF	0	0.012180	80	54	26	0	0	0	0
AF	0	0.012492	46	29	17	0	0	0	0
AF	0	0.012804	45	28	17	0	0	0	0
AF	0	0.013117	22	19	3	0	0	0	0
AF	0	0.013429	38	29	9	0	0	0	0
AF	0	0.013741	23	17	6	0	0	0	0
AF	0	0.014054	29	18	11	0	0	0	0
AF	0	0.014366	16	8	8	0	0	0	0
AF	0	0.014678	30	21	9	0	0	0	0
AF	0	0.014991	22	15	7	0	0	0	0
AF	0	0.015303	36	26	10	0	0	0	0
AF	0	0.015615	24	17	7	0	0	0	0
AF	0	0.015928	18	13	5	0	0	0	0
AF	0	0.016240	9	7	2	0	0	0	0
AF	0	0.016552	16	12	4	0	0	0	0
AF	0	0.016864	22	16	6	0	0	0	0
AF	0	0.017177	24	15	9	0	0	0	0
AF	0	0.017489	18	15	3	0	0	0	0
AF	0	0.017801	23	15	8	0	0	0	0
AF	0	0.018114	14	12	2	0	0	0	0
AF	0	0.018426	23	15	8	0	0	0	0
AF	0	0.018738	10	7	3	0	0	0	0
AF	0	0.019051	19	13	6	0	0	0	0
AF	0	0.019363	11	7	4	0	0	0	0
AF	0	0.019675	11	5	6	0	0	0	0
AF	0	0.019988	13	7	6	0	0	0	0
AF	0	0.020300	10	6	4	0	0	0	0
AF	0	0.020612	9	3	6	0	0	0	0
AF	0	0.020924	4	2	2	0	0	0	0
AF	0	0.021237	4	3	1	0	0	0	0
AF	0	0.021549	13	13	0	0	0	0	0
AF	0	0.021861	13	9	4	0	0	0	0
AF	0	0.022174	7	6	1	0	0	0	0
AF	0	0.022486	6	3	3	0	0	0	0
AF	0	0.022798	10	9	1	0	0	0	0
AF	0	0.023111	6	6	0	0	0	0	0
AF	0	0.023423	23	19	4	0	0	0	0
AF	0	0.023735	7	3	4	0	0	0	0
AF	0	0.024047	16	13	3	0	0	0	0
AF	0	0.024360	14	11	3	0	0	0	0
AF	0	0.024672	19	12	7	0	0	0	0
AF	0	0.024984	3	3	0	0	0	0	0
AF	0	0.025297	25	15	10	0	0	0	0
AF	0	0.025609	8	7	1	0	0	0	0
AF	0	0.025921	10	4	6	0	0	0	0
AF	0	0.026234	7	1	6	0	0	0	0
AF	0	0.026546	11	8	3	0	0	0	0
AF	0	0.026858	12	10	2	0	0	0	0
AF	0	0.027171	26	18	8	0	0	0	0
AF	0	0.027483	15	11	4	0	0	0	0
AF	0	0.027795	22	13	9	0	0	0	0
AF	0	0.028107	8	4	4	0	0	0	0
AF	0	0.028420	14	9	5	0	0	0	0
AF	0	0.028732	6	3	3	0	0	0	0
AF	0	0.029044	2	2	0	0	0	0	0
AF	0	0.029357	2	1	1	0	0	0	0
AF	0	0.029669	7	4	3	0	0	0	0
AF	0	0.029981	6	4	2	0	0	0	0
AF	0	0.030294	8	6	2	0	0	0	0
AF	0	0.030606	9	5	4	0	0	0	0
AF	0	0.030918	8	3	5	0	0	0	0
AF	0	0.031230	5	5	0	0	0	0	0
AF	0	0.031543	8	7	1	0	0	0	0
AF	0	0.031855	11	7	4	0	0	0	0
AF	0	0.032167	14	7	7	0	0	0	0
AF	0	0.032480	3	3	0	0	0	0	0
AF	0	0.032792	9	4	5	0	0	0	0
AF	0	0.033104	11	6	5	0	0	0	0
AF	0	0.033417	18	12	6	0	0	0	0
AF	0	0.033729	12	6	6	0	0	0	0
AF	0	0.034041	17	13	4	0	0	0	0
AF	0	0.034354	12	9	3	0	0	0	0
AF	0	0.034666	16	8	8	0	0	0	0
AF	0	0.034978	7	1	6	0	0	0	0
AF	0	0.035290	4	4	0	0	0	0	0
AF	0	0.035603	9	8	1	0	0	0	0
AF	0	0.035915	9	6	3	0	0	0	0
AF	0	0.036227	11	8	3	0	0	0	0
AF	0	0.036540	38	27	11	0	0	0	0
AF	0	0.036852	5	4	1	0	0	0	0
AF	0	0.037164	13	9	4	0	0	0	0
AF	0	0.037477	9	6	3	0	0	0	0
AF	0	0.037789	9	6	3	0	0	0	0
AF	0	0.038101	7	5	2	0	0	0	0
AF	0	0.038413	11	7	4	0	0	0	0
AF	0	0.038726	6	3	3	0	0	0	0
AF	0	0.039038	9	7	2	0	0	0	0
AF	0	0.039350	6	5	1	0	0	0	0
AF	0	0.039663	8	6	2	0	0	0	0
AF	0	0.039975	4	2	2	0	0	0	0
AF	0	0.040287	9	8	1	0	0	0	0
AF	0	0.040600	3	3	0	0	0	0	0
AF	0	0.040912	4	3	1	0	0	0	0
AF	0	0.041224	3	2	1	0	0	0	0
AF	0	0.041537	8	6	2	0	0	0	0
AF	0	0.041849	4	3	1	0	0	0	0
AF	0	0.042161	4	2	2	0	0	0	0
AF	0	0.042473	3	1	2	0	0	0	0
AF	0	0.042786	4	3	1	0	0	0	0
AF	0	0.043098	3	0	3	0	0	0	0
AF	0	0.043410	10	9	1	0	0	0	0
AF	0	0.043723	5	3	2	0	0	0	0
AF	0	0.044035	4	2	2	0	0	0	0
AF	0	0.044347	5	4	1	0	0	0	0
AF	0	0.044660	4	3	1	0	0	0	0
AF	0	0.044972	1	1	0	0	0	0	0
AF	0	0.045284	3	3	0	0	0	0	0
AF	0	0.045597	4	1	3	0	0	0	0
AF	0	0.045909	1	1	0	0	0	0	0
AF	0	0.046221	3	3	0	0	0	0	0
AF	0	0.046533	4	3	1	0	0	0	0
AF	0	0.046846	2	2	0	0	0	0	0
AF	0	0.047158	3	2	1	0	0	0	0
AF	0	0.047470	2	1	1	0	0	0	0
AF	0	0.047783	3	1	2	0	0	0	0
AF	0	0.048407	5	4	1	0	0	0	0
AF	0	0.048720	1	1	0	0	0	0	0
AF	0	0.049032	2	2	0	0	0	0	0
AF	0	0.049344	5	3	2	0	0	0	0
AF	0	0.049656	10	6	4	0	0	0	0
AF	0	0.049969	6	2	4	0	0	0	0
AF	0	0.050281	9	5	4	0	0	0	0
AF	0	0.050593	3	3	0	0	0	0	0
AF	0	0.050906	3	2	1	0	0	0	0
AF	0	0.051218	3	3	0	0	0	0	0
AF	0	0.051530	1	1	0	0	0	0	0
AF	0	0.051843	3	1	2	0	0	0	0
AF	0	0.052155	3	2	1	0	0	0	0
AF	0	0.052467	1	1	0	0	0	0	0
AF	0	0.052780	5	3	2	0	0	0	0
AF	0	0.053092	3	1	2	0	0	0	0
AF	0	0.053404	4	3	1	0	0	0	0
AF	0	0.053716	6	5	1	0	0	0	0
AF	0	0.054029	8	4	4	0	0	0	0
AF	0	0.054341	3	3	0	0	0	0	0
AF	0	0.054653	6	5	1	0	0	0	0
AF	0	0.054966	4	2	2	0	0	0	0
AF	0	0.055278	5	2	3	0	0	0	0
AF	0	0.055590	3	0	3	0	0	0	0
AF	0	0.055903	1	1	0	0	0	0	0
AF	0	0.056215	1	0	1	0	0	0	0
AF	0	0.056527	4	2	2	0	0	0	0
AF	0	0.056839	1	0	1	0	0	0	0
AF	0	0.057464	2	0	2	0	0	0	0
AF	0	0.057776	4	3	1	0	0	0	0
AF	0	0.058089	2	2	0	0	0	0	0
AF	0	0.058401	1	0	1	0	0	0	0
AF	0	0.058713	2	2	0	0	0	0	0
AF	0	0.059026	2	1	1	0	0	0	0
AF	0	0.059338	6	5	1	0	0	0	0
AF	0	0.059650	1	1	0	0	0	0	0
AF	0	0.060275	1	0	1	0	0	0	0
AF	0	0.060899	1	1	0	0	0	0	0
AF	0	0.061524	2	1	1	0	0	0	0
AF	0	0.061836	2	1	1	0	0	0	0
AF	0	0.062149	1	1	0	0	0	0	0
AF	0	0.062461	2	2	0	0	0	0	0
AF	0	0.063398	4	4	0	0	0	0	0
AF	0	0.063710	2	2	0	0	0	0	0
AF	0	0.064335	2	1	1	0	0	0	0
AF	0	0.064647	4	4	0	0	0	0	0
AF	0	0.064959	2	2	0	0	0	0	0
AF	0	0.065272	2	1	1	0	0	0	0
AF	0	0.065584	2	1	1	0	0	0	0
AF	0	0.065896	5	3	2	0	0	0	0
AF	0	0.066209	1	1	0	0	0	0	0
AF	0	0.066521	1	1	0	0	0	0	0
AF	0	0.066833	1	1	0	0	0	0	0
AF	0	0.067146	1	0	1	0	0	0	0
AF	0	0.067770	2	1	1	0	0	0	0
AF	0	0.068082	1	1	0	0	0	0	0
AF	0	0.068395	2	2	0	0	0	0	0
AF	0	0.069019	1	0	1	0	0	0	0
AF	0	0.069332	1	1	0	0	0	0	0
AF	0	0.069644	2	1	1	0	0	0	0
AF	0	0.069956	3	2	1	0	0	0	0
AF	0	0.070269	4	2	2	0	0	0	0
AF	0	0.070581	2	1	1	0	0	0	0
AF	0	0.070893	5	5	0	0	0	0	0
AF	0	0.071205	1	1	0	0	0	0	0
AF	0	0.071518	4	3	1	0	0	0	0
AF	0	0.072142	1	1	0	0	0	0	0
AF	0	0.072455	3	2	1	0	0	0	0
AF	0	0.072767	2	2	0	0	0	0	0
AF	0	0.073079	1	1	0	0	0	0	0
AF	0	0.073392	3	2	1	0	0	0	0
AF	0	0.074329	4	1	3	0	0	0	0
AF	0	0.074953	2	1	1	0	0	0	0
AF	0	0.075265	3	2	1	0	0	0	0
AF	0	0.076202	5	4	1	0	0	0	0
AF	0	0.076515	2	1	1	0	0	0	0
AF	0	0.076827	1	0	1	0	0	0	0
AF	0	0.077139	2	1	1	0	0	0	0
AF	0	0.077764	2	1	1	0	0	0	0
AF	0	0.078076	4	1	3	0	0	0	0
AF	0	0.078389	2	2	0	0	0	0	0
AF	0	0.078701	2	2	0	0	0	0	0
AF	0	0.079013	1	0	1	0	0	0	0
AF	0	0.079638	2	2	0	0	0	0	0
AF	0	0.079950	3	3	0	0	0	0	0
AF	0	0.080262	6	3	3	0	0	0	0
AF	0	0.080575	1	1	0	0	0	0	0
AF	0	0.080887	5	3	2	0	0	0	0
AF	0	0.081199	4	3	1	0	0	0	0
AF	0	0.081512	5	4	1	0	0	0	0
AF	0	0.081824	3	3	0	0	0	0	0
AF	0	0.082136	8	4	4	0	0	0	0
AF	0	0.082448	1	1	0	0	0	0	0
AF	0	0.082761	2	0	2	0	0	0	0
AF	0	0.083385	2	1	1	0	0	0	0
AF	0	0.083698	1	1	0	0	0	0	0
AF	0	0.084010	4	3	1	0	0	0	0
AF	0	0.084322	1	1	0	0	0	0	0
AF	0	0.084635	1	1	0	0	0	0	0
AF	0	0.084947	1	0	1	0	0	0	0
AF	0	0.085259	1	0	1	0	0	0	0
AF	0	0.085572	2	0	2	0	0	0	0
AF	0	0.085884	2	1	1	0	0	0	0
AF	0	0.086196	1	0	1	0	0	0	0
AF	0	0.086508	3	2	1	0	0	0	0
AF	0	0.086821	2	2	0	0	0	0	0
AF	0	0.087445	1	1	0	0	0	0	0
AF	0	0.087758	1	1	0	0	0	0	0
AF	0	0.088382	3	1	2	0	0	0	0
AF	0	0.088695	2	1	1	0	0	0	0
AF	0	0.089007	2	2	0	0	0	0	0
AF	0	0.089319	1	1	0	0	0	0	0
AF	0	0.089631	1	0	1	0	0	0	0
AF	0	0.089944	1	0	1	0	0	0	0
AF	0	0.091193	2	2	0	0	0	0	0
AF	0	0.091505	2	1	1	0	0	0	0
AF	0	0.091818	1	1	0	0	0	0	0
AF	0	0.092130	1	0	1	0	0	0	0
AF	0	0.092442	3	3	0	0	0	0	0
AF	0	0.092755	1	0	1	0	0	0	0
AF	0	0.093067	4	2	2	0	0	0	0
AF	0	0.093379	4	3	1	0	0	0	0
AF	0	0.093691	4	3	1	0	0	0	0
AF	0	0.094004	3	2	1	0	0	0	0
AF	0	0.094316	1	0	1	0	0	0	0
AF	0	0.094628	6	4	2	0	0	0	0
AF	0	0.095565	3	3	0	0	0	0	0
AF	0	0.095878	3	2	1	0	0	0	0
AF	0	0.096190	2	1	1	0	0	0	0
AF	0	0.096502	4	3	1	0	0	0	0
AF	0	0.096814	1	1	0	0	0	0	0
AF	0	0.097127	1	1	0	0	0	0	0
AF	0	0.097439	5	4	1	0	0	0	0
AF	0	0.097751	5	3	2	0	0	0	0
AF	0	0.098064	4	3	1	0	0	0	0
AF	0	0.098376	3	2	1	0	0	0	0
AF	0	0.098688	1	1	0	0	0	0	0
AF	0	0.099001	2	1	1	0	0	0	0
AF	0	0.099313	2	1	1	0	0	0	0
AF	0	0.099625	4	3	1	0	0	0	0
AF	0	0.100250	2	2	0	0	0	0	0
AF	0	0.100874	1	1	0	0	0	0	0
AF	0	0.101187	1	1	0	0	0	0	0
AF	0	0.101499	3	2	1	0	0	0	0
AF	0	0.102436	1	1	0	0	0	0	0
AF	0	0.102748	1	1	0	0	0	0	0
AF	0	0.103061	2	0	2	0	0	0	0
AF	0	0.103373	1	1	0	0	0	0	0
AF	0	0.103685	2	1	1	0	0	0	0
AF	0	0.103998	2	1	1	0	0	0	0
AF	0	0.104310	6	4	2	0	0	0	0
AF	0	0.104622	2	1	1	0	0	0	0
AF	0	0.104934	4	3	1	0	0	0	0
AF	0	0.105247	5	4	1	0	0	0	0
AF	0	0.105559	3	1	2	0	0	0	0
AF	0	0.105871	4	2	2	0	0	0	0
AF	0	0.106184	1	0	1	0	0	0	0
AF	0	0.107121	1	1	0	0	0	0	0
AF	0	0.107433	2	1	1	0	0	0	0
AF	0	0.107745	3	3	0	0	0	0	0
AF	0	0.108057	1	1	0	0	0	0	0
AF	0	0.108370	2	2	0	0	0	0	0
AF	0	0.109931	1	1	0	0	0	0	0
AF	0	0.110244	1	1	0	0	0	0	0
AF	0	0.111493	1	0	1	0	0	0	0
AF	0	0.112430	1	1	0	0	0	0	0
AF	0	0.113679	2	1	1	0	0	0	0
AF	0	0.114616	1	0	1	0	0	0	0
AF	0	0.114928	1	1	0	0	0	0	0
AF	0	0.115865	1	1	0	0	0	0	0
AF	0	0.116177	1	1	0	0	0	0	0
AF	0	0.117427	1	1	0	0	0	0	0
AF	0	0.117739	2	1	1	0	0	0	0
AF	0	0.118051	3	2	1	0	0	0	0
AF	0	0.118676	1	0	1	0	0	0	0
AF	0	0.119300	1	1	0	0	0	0	0
AF	0	0.119925	2	1	1	0	0	0	0
AF	0	0.120237	1	1	0	0	0	0	0
AF	0	0.120550	2	2	0	0	0	0	0
AF	0	0.120862	1	1	0	0	0	0	0
AF	0	0.122736	1	1	0	0	0	0	0
AF	0	0.123048	4	3	1	0	0	0	0
AF	0	0.123673	1	1	0	0	0	0	0
AF	0	0.123985	2	1	1	0	0	0	0
AF	0	0.124922	1	1	0	0	0	0	0
AF	0	0.125859	2	2	0	0	0	0	0
AF	0	0.126171	2	2	0	0	0	0	0
AF	0	0.126796	1	1	0	0	0	0	0
AF	0	0.128045	1	1	0	0	0	0	0
AF	0	0.129294	1	1	0	0	0	0	0
AF	0	0.130231	3	3	0	0	0	0	0
AF	0	0.130543	1	1	0	0	0	0	0
AF	0	0.131793	1	1	0	0	0	0	0
AF	0	0.132417	2	0	2	0	0	0	0
AF	0	0.132730	1	1	0	0	0	0	0
AF	0	0.133979	1	1	0	0	0	0	0
AF	0	0.134291	1	1	0	0	0	0	0
AF	0	0.134916	2	2	0	0	0	0	0
AF	0	0.135540	2	2	0	0	0	0	0
AF	0	0.136477	1	1	0	0	0	0	0
AF	0	0.136790	3	3	0	0	0	0	0
AF	0	0.137102	1	0	1	0	0	0	0
AF	0	0.137414	5	3	2	0	0	0	0
AF	0	0.137726	2	2	0	0	0	0	0
AF	0	0.138039	1	1	0	0	0	0	0
AF	0	0.138351	1	1	0	0	0	0	0
AF	0	0.138663	1	1	0	0	0	0	0
AF	0	0.138976	1	0	1	0	0	0	0
AF	0	0.139913	1	1	0	0	0	0	0
AF	0	0.140537	1	1	0	0	0	0	0
AF	0	0.141786	1	1	0	0	0	0	0
AF	0	0.142723	1	1	0	0	0	0	0
AF	0	0.143348	1	0	1	0	0	0	0
AF	0	0.143660	1	0	1	0	0	0	0
AF	0	0.145222	1	0	1	0	0	0	0
AF	0	0.147408	1	1	0	0	0	0	0
AF	0	0.147720	1	0	1	0	0	0	0
AF	0	0.148345	3	2	1	0	0	0	0
AF	0	0.149906	3	1	2	0	0	0	0
AF	0	0.150531	1	1	0	0	0	0	0
AF	0	0.151468	1	1	0	0	0	0	0
AF	0	0.152405	1	0	1	0	0	0	0
AF	0	0.153029	1	1	0	0	0	0	0
AF	0	0.154903	1	1	0	0	0	0	0
AF	0	0.156777	1	0	1	0	0	0	0
AF	0	0.158339	1	1	0	0	0	0	0
AF	0	0.158651	1	1	0	0	0	0	0
AF	0	0.158963	2	1	1	0	0	0	0
AF	0	0.159275	1	0	1	0	0	0	0
AF	0	0.159588	1	1	0	0	0	0	0
AF	0	0.159900	1	1	0	0	0	0	0
AF	0	0.160212	2	1	1	0	0	0	0
AF	0	0.161149	1	0	1	0	0	0	0
AF	0	0.161462	1	1	0	0	0	0	0
AF	0	0.161774	2	1	1	0	0	0	0
AF	0	0.162399	1	0	1	0	0	0	0
AF	0	0.163023	1	1	0	0	0	0	0
AF	0	0.164272	2	1	1	0	0	0	0
AF	0	0.165522	1	1	0	0	0	0	0
AF	0	0.165834	1	0	1	0	0	0	0
AF	0	0.166146	2	2	0	0	0	0	0
AF	0	0.167395	1	1	0	0	0	0	0
AF	0	0.168645	1	0	1	0	0	0	0
AF	0	0.170206	1	1	0	0	0	0	0
AF	0	0.171143	1	1	0	0	0	0	0
AF	0	0.172392	1	1	0	0	0	0	0
AF	0	0.174891	2	1	1	0	0	0	0
AF	0	0.175515	1	1	0	0	0	0	0
AF	0	0.176140	1	1	0	0	0	0	0
AF	0	0.176452	1	0	1	0	0	0	0
AF	0	0.177077	2	1	1	0	0	0	0
AF	0	0.177389	1	1	0	0	0	0	0
AF	0	0.178014	1	0	1	0	0	0	0
AF	0	0.178326	1	0	1	0	0	0	0
AF	0	0.179263	3	2	1	0	0	0	0
AF	0	0.180200	1	1	0	0	0	0	0
AF	0	0.180512	2	2	0	0	0	0	0
AF	0	0.180824	1	1	0	0	0	0	0
AF	0	0.181137	1	1	0	0	0	0	0
AF	0	0.182386	1	1	0	0	0	0	0
AF	0	0.183323	1	0	1	0	0	0	0
AF	0	0.183635	4	2	2	0	0	0	0
AF	0	0.184260	1	0	1	0	0	0	0
AF	0	0.185509	1	0	1	0	0	0	0
AF	0	0.186446	1	1	0	0	0	0	0
AF	0	0.187383	1	1	0	0	0	0	0
AF	0	0.188007	1	1	0	0	0	0	0
AF	0	0.188632	2	1	1	0	0	0	0
AF	0	0.189569	1	1	0	0	0	0	0
AF	0	0.189881	1	1	0	0	0	0	0
AF	0	0.190818	2	1	1	0	0	0	0
AF	0	0.191443	1	0	1	0	0	0	0
AF	0	0.192067	4	3	1	0	0	0	0
AF	0	0.193941	1	1	0	0	0	0	0
AF	0	0.194878	1	1	0	0	0	0	0
AF	0	0.195503	1	0	1	0	0	0	0
AF	0	0.196440	1	1	0	0	0	0	0
AF	0	0.196752	1	1	0	0	0	0	0
AF	0	0.198314	1	1	0	0	0	0	0
AF	0	0.199250	1	1	0	0	0	0	0
AF	0	0.205184	1	1	0	0	0	0	0
AF	0	0.205497	2	1	1	0	0	0	0
AF	0	0.207370	1	1	0	0	0	0	0
AF	0	0.208932	1	1	0	0	0	0	0
AF	0	0.212367	1	1	0	0	0	0	0
AF	0	0.214553	1	0	1	0	0	0	0
AF	0	0.217364	1	0	1	0	0	0	0
AF	0	0.220487	1	1	0	0	0	0	0
AF	0	0.220800	1	1	0	0	0	0	0
AF	0	0.222986	1	1	0	0	0	0	0
AF	0	0.223298	1	1	0	0	0	0	0
AF	0	0.224547	1	1	0	0	0	0	0
AF	0	0.224859	1	0	1	0	0	0	0
AF	0	0.225796	1	1	0	0	0	0	0
AF	0	0.226733	1	1	0	0	0	0	0
AF	0	0.228295	1	1	0	0	0	0	0
AF	0	0.231730	1	1	0	0	0	0	0
AF	0	0.232042	1	1	0	0	0	0	0
AF	0	0.232667	1	1	0	0	0	0	0
AF	0	0.233292	1	1	0	0	0	0	0
AF	0	0.234853	1	1	0	0	0	0	0
AF	0	0.235790	1	1	0	0	0	0	0
AF	0	0.236727	1	1	0	0	0	0	0
AF	0	0.237664	1	0	1	0	0	0	0
AF	0	0.238289	1	1	0	0	0	0	0
AF	0	0.240787	1	1	0	0	0	0	0
AF	0	0.242349	1	0	1	0	0	0	0
AF	0	0.245784	1	0	1	0	0	0	0
AF	0	0.246096	3	2	1	0	0	0	0
AF	0	0.246408	4	2	2	0	0	0	0
AF	0	0.246721	2	2	0	0	0	0	0
AF	0	0.247033	2	2	0	0	0	0	0
AF	0	0.248282	1	1	0	0	0	0	0
AF	0	0.248595	1	0	1	0	0	0	0
AF	0	0.251405	1	1	0	0	0	0	0
AF	0	0.252342	1	1	0	0	0	0	0
AF	0	0.252655	2	1	1	0	0	0	0
AF	0	0.253279	1	0	1	0	0	0	0
AF	0	0.253904	1	1	0	0	0	0	0
AF	0	0.254528	1	0	1	0	0	0	0
AF	0	0.256402	1	1	0	0	0	0	0
AF	0	0.257027	1	0	1	0	0	0	0
AF	0	0.257339	2	1	1	0	0	0	0
AF	0	0.258276	1	0	1	0	0	0	0
AF	0	0.258901	2	2	0	0	0	0	0
AF	0	0.261087	1	0	1	0	0	0	0
AF	0	0.261399	1	1	0	0	0	0	0
AF	0	0.262024	1	1	0	0	0	0	0
AF	0	0.262648	1	1	0	0	0	0	0
AF	0	0.263273	2	2	0	0	0	0	0
AF	0	0.264210	1	0	1	0	0	0	0
AF	0	0.265147	1	1	0	0	0	0	0
AF	0	0.265459	1	0	1	0	0	0	0
AF	0	0.266084	3	0	3	0	0	0	0
AF	0	0.267021	1	0	1	0	0	0	0
AF	0	0.267645	2	1	1	0	0	0	0
AF	0	0.267958	2	1	1	0	0	0	0
AF	0	0.269519	2	1	1	0	0	0	0
AF	0	0.269831	2	1	1	0	0	0	0
AF	0	0.270768	1	1	0	0	0	0	0
AF	0	0.272642	1	0	1	0	0	0	0
AF	0	0.272954	1	1	0	0	0	0	0
AF	0	0.273891	1	0	1	0	0	0	0
AF	0	0.274828	2	2	0	0	0	0	0
AF	0	0.276702	1	1	0	0	0	0	0
AF	0	0.277014	1	1	0	0	0	0	0
AF	0	0.277327	1	1	0	0	0	0	0
AF	0	0.277951	1	0	1	0	0	0	0
AF	0	0.278264	2	1	1	0	0	0	0
AF	0	0.278888	1	1	0	0	0	0	0
AF	0	0.280450	2	1	1	0	0	0	0
AF	0	0.281387	1	1	0	0	0	0	0
AF	0	0.282324	2	1	1	0	0	0	0
AF	0	0.283260	1	1	0	0	0	0	0
AF	0	0.289507	1	1	0	0	0	0	0
AF	0	0.290131	2	1	1	0	0	0	0
AF	0	0.290443	1	1	0	0	0	0	0
AF	0	0.290756	1	0	1	0	0	0	0
AF	0	0.291068	1	1	0	0	0	0	0
AF	0	0.291380	1	0	1	0	0	0	0
AF	0	0.293254	2	2	0	0	0	0	0
AF	0	0.294191	2	1	1	0	0	0	0
AF	0	0.296065	1	0	1	0	0	0	0
AF	0	0.299188	1	0	1	0	0	0	0
AF	0	0.299500	1	1	0	0	0	0	0
AF	0	0.300437	1	1	0	0	0	0	0
AF	0	0.302936	2	2	0	0	0	0	0
AF	0	0.303873	1	1	0	0	0	0	0
AF	0	0.304809	1	0	1	0	0	0	0
AF	0	0.306059	1	1	0	0	0	0	0
AF	0	0.309494	1	1	0	0	0	0	0
AF	0	0.311993	1	1	0	0	0	0	0
AF	0	0.312617	1	1	0	0	0	0	0
AF	0	0.312929	1	0	1	0	0	0	0
AF	0	0.313242	1	1	0	0	0	0	0
AF	0	0.315740	1	1	0	0	0	0	0
AF	0	0.316677	1	0	1	0	0	0	0
AF	0	0.317926	1	0	1	0	0	0	0
AF	0	0.319800	1	1	0	0	0	0	0
AF	0	0.321986	1	0	1	0	0	0	0
AF	0	0.323548	1	0	1	0	0	0	0
AF	0	0.324485	1	1	0	0	0	0	0
AF	0	0.327608	1	1	0	0	0	0	0
AF	0	0.329482	1	1	0	0	0	0	0
AF	0	0.332605	1	1	0	0	0	0	0
AF	0	0.333229	1	1	0	0	0	0	0
AF	0	0.333542	1	1	0	0	0	0	0
AF	0	0.333854	1	1	0	0	0	0	0
AF	0	0.334166	2	1	1	0	0	0	0
AF	0	0.335103	1	1	0	0	0	0	0
AF	0	0.335415	1	0	1	0	0	0	0
AF	0	0.337289	2	2	0	0	0	0	0
AF	0	0.338538	1	0	1	0	0	0	0
AF	0	0.340100	1	1	0	0	0	0	0
AF	0	0.341349	1	0	1	0	0	0	0
AF	0	0.341974	1	1	0	0	0	0	0
AF	0	0.342911	1	1	0	0	0	0	0
AF	0	0.343223	1	1	0	0	0	0	0
AF	0	0.344160	1	1	0	0	0	0	0
AF	0	0.345409	2	1	1	0	0	0	0
AF	0	0.347283	1	1	0	0	0	0	0
AF	0	0.348220	1	1	0	0	0	0	0
AF	0	0.348532	1	1	0	0	0	0	0
AF	0	0.348844	1	1	0	0	0	0	0
AF	0	0.351031	1	1	0	0	0	0	0
AF	0	0.353529	1	1	0	0	0	0	0
AF	0	0.354778	1	0	1	0	0	0	0
AF	0	0.355091	1	1	0	0	0	0	0
AF	0	0.355403	1	1	0	0	0	0	0
AF	0	0.356340	1	1	0	0	0	0	0
AF	0	0.357901	2	1	1	0	0	0	0
AF	0	0.358214	1	1	0	0	0	0	0
AF	0	0.358526	1	1	0	0	0	0	0
AF	0	0.358838	1	1	0	0	0	0	0
AF	0	0.359151	2	2	0	0	0	0	0
AF	0	0.359775	1	1	0	0	0	0	0
AF	0	0.360087	1	0	1	0	0	0	0
AF	0	0.360400	2	2	0	0	0	0	0
AF	0	0.361337	1	1	0	0	0	0	0
AF	0	0.362586	2	2	0	0	0	0	0
AF	0	0.364460	1	1	0	0	0	0	0
AF	0	0.365084	1	1	0	0	0	0	0
AF	0	0.365397	2	1	1	0	0	0	0
AF	0	0.366021	1	1	0	0	0	0	0
AF	0	0.366334	1	0	1	0	0	0	0
AF	0	0.369769	1	1	0	0	0	0	0
AF	0	0.370706	2	1	1	0	0	0	0
AF	0	0.371330	2	2	0	0	0	0	0
AF	0	0.371643	1	1	0	0	0	0	0
AF	0	0.372267	1	1	0	0	0	0	0
AF	0	0.372892	3	1	2	0	0	0	0
AF	0	0.377264	2	1	1	0	0	0	0
AF	0	0.379138	1	1	0	0	0	0	0
AF	0	0.379450	2	1	1	0	0	0	0
AF	0	0.384135	1	1	0	0	0	0	0
AF	0	0.384447	1	0	1	0	0	0	0
AF	0	0.384760	1	0	1	0	0	0	0
AF	0	0.385072	1	1	0	0	0	0	0
AF	0	0.386633	1	1	0	0	0	0	0
AF	0	0.387258	1	0	1	0	0	0	0
AF	0	0.389132	1	1	0	0	0	0	0
AF	0	0.389756	1	1	0	0	0	0	0
AF	0	0.390381	1	0	1	0	0	0	0
AF	0	0.390693	2	2	0	0	0	0	0
AF	0	0.391006	1	1	0	0	0	0	0
AF	0	0.391318	1	0	1	0	0	0	0
AF	0	0.391630	1	0	1	0	0	0	0
AF	0	0.391943	1	0	1	0	0	0	0
AF	0	0.392255	1	0	1	0	0	0	0
AF	0	0.394129	3	2	1	0	0	0	0
AF	0	0.395378	1	0	1	0	0	0	0
AF	0	0.401624	1	1	0	0	0	0	0
AF	0	0.405372	1	1	0	0	0	0	0
AF	0	0.407245	1	0	1	0	0	0	0
AF	0	0.407870	1	1	0	0	0	0	0
AF	0	0.410369	1	0	1	0	0	0	0
AF	0	0.410681	1	0	1	0	0	0	0
AF	0	0.411305	1	1	0	0	0	0	0
AF	0	0.412242	1	0	1	0	0	0	0
AF	0	0.415365	1	0	1	0	0	0	0
AF	0	0.415990	2	1	1	0	0	0	0
AF	0	0.417239	1	1	0	0	0	0	0
AF	0	0.419113	2	1	1	0	0	0	0
AF	0	0.420050	1	1	0	0	0	0	0
AF	0	0.420362	1	1	0	0	0	0	0
AF	0	0.421611	1	1	0	0	0	0	0
AF	0	0.421924	1	1	0	0	0	0	0
AF	0	0.424110	1	1	0	0	0	0	0
AF	0	0.425984	1	1	0	0	0	0	0
AF	0	0.428482	1	0	1	0	0	0	0
AF	0	0.429107	1	0	1	0	0	0	0
AF	0	0.429419	1	0	1	0	0	0	0
AF	0	0.430044	1	1	0	0	0	0	0
AF	0	0.430981	1	1	0	0	0	0	0
AF	0	0.432542	1	0	1	0	0	0	0
AF	0	0.436290	1	0	1	0	0	0	0
AF	0	0.436602	1	1	0	0	0	0	0
AF	0	0.439413	1	0	1	0	0	0	0
AF	0	0.441911	2	1	1	0	0	0	0
AF	0	0.445971	1	1	0	0	0	0	0
AF	0	0.448157	1	0	1	0	0	0	0
AF	0	0.450968	1	1	0	0	0	0	0
AF	0	0.455028	1	0	1	0	0	0	0
AF	0	0.455653	4	2	2	0	0	0	0
AF	0	0.455965	1	0	1	0	0	0	0
AF	0	0.456277	3	3	0	0	0	0	0
AF	0	0.456902	1	1	0	0	0	0	0
AF	0	0.457527	1	0	1	0	0	0	0
AF	0	0.457839	1	0	1	0	0	0	0
AF	0	0.458463	1	0	1	0	0	0	0
AF	0	0.458776	3	1	2	0	0	0	0
AF	0	0.459400	3	2	1	0	0	0	0
AF	0	0.459713	3	1	2	0	0	0	0
AF	0	0.460650	5	4	1	0	0	0	0
AF	0	0.461274	3	3	0	0	0	0	0
AF	0	0.461587	1	1	0	0	0	0	0
AF	0	0.462211	1	0	1	0	0	0	0
AF	0	0.462523	2	2	0	0	0	0	0
AF	0	0.466271	1	1	0	0	0	0	0
AF	0	0.466896	1	1	0	0	0	0	0
AF	0	0.467833	1	1	0	0	0	0	0
AF	0	0.469706	2	2	0	0	0	0	0
AF	0	0.470643	3	2	1	0	0	0	0
AF	0	0.470956	1	1	0	0	0	0	0
AF	0	0.471268	3	3	0	0	0	0	0
AF	0	0.471893	1	1	0	0	0	0	0
AF	0	0.473454	3	1	2	0	0	0	0
AF	0	0.473766	1	0	1	0	0	0	0
AF	0	0.474391	1	1	0	0	0	0	0
AF	0	0.475016	2	1	1	0	0	0	0
AF	0	0.475953	2	1	1	0	0	0	0
AF	0	0.476889	2	1	1	0	0	0	0
AF	0	0.477202	1	1	0	0	0	0	0
AF	0	0.477514	1	1	0	0	0	0	0
AF	0	0.477826	1	1	0	0	0	0	0
AF	0	0.478763	1	0	1	0	0	0	0
AF	0	0.479700	1	1	0	0	0	0	0
AF	0	0.480637	1	0	1	0	0	0	0
AF	0	0.481262	1	0	1	0	0	0	0
AF	0	0.482511	1	1	0	0	0	0	0
AF	0	0.483448	1	0	1	0	0	0	0
AF	0	0.484072	1	0	1	0	0	0	0
AF	0	0.486259	1	0	1	0	0	0	0
AF	0	0.487508	1	1	0	0	0	0	0
AF	0	0.488757	1	0	1	0	0	0	0
AF	0	0.489694	1	0	1	0	0	0	0
AF	0	0.491568	2	1	1	0	0	0	0
AF	0	0.491880	1	1	0	0	0	0	0
AF	0	0.493442	1	0	1	0	0	0	0
AF	0	0.494691	1	1	0	0	0	0	0
AF	0	0.495315	1	0	1	0	0	0	0
AF	0	0.495628	2	2	0	0	0	0	0
AF	0	0.496252	1	1	0	0	0	0	0
AF	0	0.497502	1	0	1	0	0	0	0
AF	0	0.499375	1	1	0	0	0	0	0
AF	0	0.502186	1	1	0	0	0	0	0
AF	0	0.504372	1	0	1	0	0	0	0
AF	0	0.505309	1	0	1	0	0	0	0
AF	0	0.506246	1	0	1	0	0	0	0
AF	0	0.507495	1	0	1	0	0	0	0
AF	0	0.509057	1	1	0	0	0	0	0
AF	0	0.509369	1	1	0	0	0	0	0
AF	0	0.509681	1	1	0	0	0	0	0
AF	0	0.509994	1	0	1	0	0	0	0
AF	0	0.510618	1	0	1	0	0	0	0
AF	0	0.511243	1	0	1	0	0	0	0
AF	0	0.511555	1	1	0	0	0	0	0
AF	0	0.511868	1	1	0	0	0	0	0
AF	0	0.512492	2	2	0	0	0	0	0
AF	0	0.512804	2	2	0	0	0	0	0
AF	0	0.514366	2	2	0	0	0	0	0
AF	0	0.514678	4	3	1	0	0	0	0
AF	0	0.514991	5	4	1	0	0	0	0
AF	0	0.515303	2	1	1	0	0	0	0
AF	0	0.516240	1	1	0	0	0	0	0
AF	0	0.516552	1	0	1	0	0	0	0
AF	0	0.516864	1	1	0	0	0	0	0
AF	0	0.517177	2	0	2	0	0	0	0
AF	0	0.517489	1	1	0	0	0	0	0
AF	0	0.517801	2	2	0	0	0	0	0
AF	0	0.518426	1	1	0	0	0	0	0
AF	0	0.519051	1	1	0	0	0	0	0
AF	0	0.519363	2	1	1	0	0	0	0
AF	0	0.519675	1	0	1	0	0	0	0
AF	0	0.519988	5	3	2	0	0	0	0
AF	0	0.520300	1	1	0	0	0	0	0
AF	0	0.520612	2	2	0	0	0	0	0
AF	0	0.520924	1	1	0	0	0	0	0
AF	0	0.521861	1	1	0	0	0	0	0
AF	0	0.522174	1	1	0	0	0	0	0
AF	0	0.522486	1	1	0	0	0	0	0
AF	0	0.523111	1	1	0	0	0	0	0
AF	0	0.523423	1	0	1	0	0	0	0
AF	0	0.524360	1	1	0	0	0	0	0
AF	0	0.524672	3	2	1	0	0	0	0
AF	0	0.524984	1	1	0	0	0	0	0
AF	0	0.526546	1	0	1	0	0	0	0
AF	0	0.527483	1	0	1	0	0	0	0
AF	0	0.528107	2	1	1	0	0	0	0
AF	0	0.528420	2	1	1	0	0	0	0
AF	0	0.529044	2	2	0	0	0	0	0
AF	0	0.529357	1	1	0	0	0	0	0
AF	0	0.529669	1	1	0	0	0	0	0
AF	0	0.529981	1	1	0	0	0	0	0
AF	0	0.530294	2	1	1	0	0	0	0
AF	0	0.530606	3	2	1	0	0	0	0
AF	0	0.531230	1	0	1	0	0	0	0
AF	0	0.531543	1	0	1	0	0	0	0
AF	0	0.532167	1	1	0	0	0	0	0
AF	0	0.534354	1	0	1	0	0	0	0
AF	0	0.534666	2	0	2	0	0	0	0
AF	0	0.534978	2	0	2	0	0	0	0
AF	0	0.535290	2	1	1	0	0	0	0
AF	0	0.535603	3	2	1	0	0	0	0
AF	0	0.537789	1	1	0	0	0	0	0
AF	0	0.538101	2	2	0	0	0	0	0
AF	0	0.538726	1	0	1	0	0	0	0
AF	0	0.539038	1	1	0	0	0	0	0
AF	0	0.539975	1	1	0	0	0	0	0
AF	0	0.540287	1	1	0	0	0	0	0
AF	0	0.542786	1	1	0	0	0	0	0
AF	0	0.543410	2	1	1	0	0	0	0
AF	0	0.543723	2	2	0	0	0	0	0
AF	0	0.544035	1	1	0	0	0	0	0
AF	0	0.544347	1	0	1	0	0	0	0
AF	0	0.544660	2	2	0	0	0	0	0
AF	0	0.546846	1	0	1	0	0	0	0
AF	0	0.548720	1	1	0	0	0	0	0
AF	0	0.549032	1	1	0	0	0	0	0
AF	0	0.552467	1	0	1	0	0	0	0
AF	0	0.553716	1	1	0	0	0	0	0
AF	0	0.554341	1	1	0	0	0	0	0
AF	0	0.557776	1	0	1	0	0	0	0
AF	0	0.559026	2	1	1	0	0	0	0
AF	0	0.559338	2	1	1	0	0	0	0
AF	0	0.559650	4	3	1	0	0	0	0
AF	0	0.560275	2	2	0	0	0	0	0
AF	0	0.561524	2	2	0	0	0	0	0
AF	0	0.563398	1	1	0	0	0	0	0
AF	0	0.564022	1	1	0	0	0	0	0
AF	0	0.564335	1	1	0	0	0	0	0
AF	0	0.567770	1	1	0	0	0	0	0
AF	0	0.568082	1	1	0	0	0	0	0
AF	0	0.568395	1	1	0	0	0	0	0
AF	0	0.569019	2	1	1	0	0	0	0
AF	0	0.569332	2	0	2	0	0	0	0
AF	0	0.569644	1	1	0	0	0	0	0
AF	0	0.569956	3	1	2	0	0	0	0
AF	0	0.570269	5	4	1	0	0	0	0
AF	0	0.570581	1	0	1	0	0	0	0
AF	0	0.571205	2	1	1	0	0	0	0
AF	0	0.571518	3	1	2	0	0	0	0
AF	0	0.571830	2	1	1	0	0	0	0
AF	0	0.572142	1	1	0	0	0	0	0
AF	0	0.572455	3	2	1	0	0	0	0
AF	0	0.572767	2	2	0	0	0	0	0
AF	0	0.573079	1	1	0	0	0	0	0
AF	0	0.573704	1	0	1	0	0	0	0
AF	0	0.574016	1	1	0	0	0	0	0
AF	0	0.574641	1	0	1	0	0	0	0
AF	0	0.574953	1	1	0	0	0	0	0
AF	0	0.575265	1	1	0	0	0	0	0
AF	0	0.576515	1	1	0	0	0	0	0
AF	0	0.577139	1	1	0	0	0	0	0
AF	0	0.578389	1	0	1	0	0	0	0
AF	0	0.579638	1	0	1	0	0	0	0
AF	0	0.580887	2	2	0	0	0	0	0
AF	0	0.581824	1	0	1	0	0	0	0
AF	0	0.583385	1	1	0	0	0	0	0
AF	0	0.584322	2	1	1	0	0	0	0
AF	0	0.585259	1	0	1	0	0	0	0
AF	0	0.586508	1	1	0	0	0	0	0
AF	0	0.586821	1	0	1	0	0	0	0
AF	0	0.587758	1	0	1	0	0	0	0
AF	0	0.588070	1	0	1	0	0	0	0
AF	0	0.588695	1	1	0	0	0	0	0
AF	0	0.589007	2	1	1	0	0	0	0
AF	0	0.590256	2	1	1	0	0	0	0
AF	0	0.590881	1	1	0	0	0	0	0
AF	0	0.591193	1	1	0	0	0	0	0
AF	0	0.591505	1	0	1	0	0	0	0
AF	0	0.591818	3	2	1	0	0	0	0
AF	0	0.592130	4	4	0	0	0	0	0
AF	0	0.592442	1	1	0	0	0	0	0
AF	0	0.592755	2	1	1	0	0	0	0
AF	0	0.593067	1	1	0	0	0	0	0
AF	0	0.593379	1	0	1	0	0	0	0
AF	0	0.593691	1	0	1	0	0	0	0
AF	0	0.594316	3	2	1	0	0	0	0
AF	0	0.594628	1	0	1	0	0	0	0
AF	0	0.595878	1	1	0	0	0	0	0
AF	0	0.596190	1	1	0	0	0	0	0
AF	0	0.596502	2	2	0	0	0	0	0
AF	0	0.596814	1	0	1	0	0	0	0
AF	0	0.597439	1	1	0	0	0	0	0
AF	0	0.597751	1	1	0	0	0	0	0
AF	0	0.599625	1	1	0	0	0	0	0
AF	0	0.599938	1	0	1	0	0	0	0
AF	0	0.600250	1	1	0	0	0	0	0
AF	0	0.601187	2	0	2	0	0	0	0
AF	0	0.601499	4	3	1	0	0	0	0
AF	0	0.602124	2	2	0	0	0	0	0
AF	0	0.602436	4	4	0	0	0	0	0
AF	0	0.602748	2	1	1	0	0	0	0
AF	0	0.603061	2	2	0	0	0	0	0
AF	0	0.603373	1	1	0	0	0	0	0
AF	0	0.603685	1	0	1	0	0	0	0
AF	0	0.603998	1	1	0	0	0	0	0
AF	0	0.604310	2	1	1	0	0	0	0
AF	0	0.604622	2	2	0	0	0	0	0
AF	0	0.605559	1	1	0	0	0	0	0
AF	0	0.605871	1	0	1	0	0	0	0
AF	0	0.607433	1	1	0	0	0	0	0
AF	0	0.607745	1	0	1	0	0	0	0
AF	0	0.608057	1	0	1	0	0	0	0
AF	0	0.608994	1	1	0	0	0	0	0
AF	0	0.610244	1	1	0	0	0	0	0
AF	0	0.610556	1	1	0	0	0	0	0
AF	0	0.611181	1	0	1	0	0	0	0
AF	0	0.611805	2	2	0	0	0	0	0
AF	0	0.612117	1	0	1	0	0	0	0
AF	0	0.612742	2	0	2	0	0	0	0
AF	0	0.613054	2	1	1	0	0	0	0
AF	0	0.613679	1	0	1	0	0	0	0
AF	0	0.613991	2	2	0	0	0	0	0
AF	0	0.614304	2	2	0	0	0	0	0
AF	0	0.614616	2	1	1	0	0	0	0
AF	0	0.614928	1	1	0	0	0	0	0
AF	0	0.615240	1	0	1	0	0	0	0
AF	0	0.615553	1	1	0	0	0	0	0
AF	0	0.615865	2	1	1	0	0	0	0
AF	0	0.616177	1	1	0	0	0	0	0
AF	0	0.616802	1	0	1	0	0	0	0
AF	0	0.617114	1	0	1	0	0	0	0
AF	0	0.617739	1	1	0	0	0	0	0
AF	0	0.618051	2	2	0	0	0	0	0
AF	0	0.618676	1	1	0	0	0	0	0
AF	0	0.618988	2	2	0	0	0	0	0
AF	0	0.619613	1	0	1	0	0	0	0
AF	0	0.619925	1	1	0	0	0	0	0
AF	0	0.621799	2	2	0	0	0	0	0
AF	0	0.622736	1	1	0	0	0	0	0
AF	0	0.623360	2	1	1	0	0	0	0
AF	0	0.623985	1	0	1	0	0	0	0
AF	0	0.624297	2	2	0	0	0	0	0
AF	0	0.624922	1	1	0	0	0	0	0
AF	0	0.625234	4	1	3	0	0	0	0
AF	0	0.626171	2	2	0	0	0	0	0
AF	0	0.626483	12	7	5	0	0	0	0
AF	0	0.626796	4	3	1	0	0	0	0
AF	0	0.627108	8	6	2	0	0	0	0
AF	0	0.627420	5	3	2	0	0	0	0
AF	0	0.627733	14	11	3	0	0	0	0
AF	0	0.628045	6	3	3	0	0	0	0
AF	0	0.628357	13	7	6	0	0	0	0
AF	0	0.628670	7	5	2	0	0	0	0
AF	0	0.628982	2	1	1	0	0	0	0
AF	0	0.629606	3	3	0	0	0	0	0
AF	0	0.630231	1	1	0	0	0	0	0
AF	0	0.630543	1	0	1	0	0	0	0
AF	0	0.631168	1	1	0	0	0	0	0
AF	0	0.631480	1	0	1	0	0	0	0
AF	0	0.631793	2	2	0	0	0	0	0
AF	0	0.632105	5	3	2	0	0	0	0
AF	0	0.632730	12	8	4	0	0	0	0
AF	0	0.633042	14	8	6	0	0	0	0
AF	0	0.633354	16	11	5	0	0	0	0
AF	0	0.633666	7	2	5	0	0	0	0
AF	0	0.633979	20	14	6	0	0	0	0
AF	0	0.634291	12	6	6	0	0	0	0
AF	0	0.634603	12	8	4	0	0	0	0
AF	0	0.634916	3	1	2	0	0	0	0
AF	0	0.635228	4	3	1	0	0	0	0
AF	0	0.635540	3	3	0	0	0	0	0
AF	0	0.635853	4	1	3	0	0	0	0
AF	0	0.636165	3	1	2	0	0	0	0
AF	0	0.636790	1	0	1	0	0	0	0
AF	0	0.637102	2	2	0	0	0	0	0
AF	0	0.637414	2	1	1	0	0	0	0
AF	0	0.637726	3	2	1	0	0	0	0
AF	0	0.638039	3	2	1	0	0	0	0
AF	0	0.638351	1	0	1	0	0	0	0
AF	0	0.638663	4	3	1	0	0	0	0
AF	0	0.638976	2	2	0	0	0	0	0
AF	0	0.639288	2	1	1	0	0	0	0
AF	0	0.639913	1	0	1	0	0	0	0
AF	0	0.640225	1	1	0	0	0	0	0
AF	0	0.640537	3	2	1	0	0	0	0
AF	0	0.640849	2	2	0	0	0	0	0
AF	0	0.641162	4	3	1	0	0	0	0
AF	0	0.641474	4	3	1	0	0	0	0
AF	0	0.641786	3	3	0	0	0	0	0
AF	0	0.642099	2	1	1	0	0	0	0
AF	0	0.642411	3	3	0	0	0	0	0
AF	0	0.643036	2	2	0	0	0	0	0
AF	0	0.643348	1	1	0	0	0	0	0
AF	0	0.643660	4	4	0	0	0	0	0
AF	0	0.643973	1	1	0	0	0	0	0
AF	0	0.645222	2	2	0	0	0	0	0
AF	0	0.646159	1	0	1	0	0	0	0
AF	0	0.647720	1	1	0	0	0	0	0
AF	0	0.649906	1	1	0	0	0	0	0
AF	0	0.650531	1	0	1	0	0	0	0
AF	0	0.651468	1	0	1	0	0	0	0
AF	0	0.652092	1	1	0	0	0	0	0
AF	0	0.652717	1	1	0	0	0	0	0
AF	0	0.654903	1	1	0	0	0	0	0
AF	0	0.655528	1	0	1	0	0	0	0
AF	0	0.660212	1	0	1	0	0	0	0
AF	0	0.661149	1	0	1	0	0	0	0
AF	0	0.662399	1	1	0	0	0	0	0
AF	0	0.666146	1	0	1	0	0	0	0
AF	0	0.668020	1	1	0	0	0	0	0
AF	0	0.673329	2	2	0	0	0	0	0
AF	0	0.677389	1	0	1	0	0	0	0
AF	0	0.685197	1	1	0	0	0	0	0
AF	0	0.688632	1	0	1	0	0	0	0
AF	0	0.688944	1	0	1	0	0	0	0
AF	0	0.692380	1	1	0	0	0	0	0
AF	0	0.693629	2	2	0	0	0	0	0
AF	0	0.700187	1	0	1	0	0	0	0
AF	0	0.700500	1	1	0	0	0	0	0
AF	0	0.702374	1	1	0	0	0	0	0
AF	0	0.702686	2	0	2	0	0	0	0
AF	0	0.710806	2	1	1	0	0	0	0
AF	0	0.711430	1	1	0	0	0	0	0
AF	0	0.712367	1	0	1	0	0	0	0
AF	0	0.713304	1	0	1	0	0	0	0
AF	0	0.714553	1	1	0	0	0	0	0
AF	0	0.715490	1	1	0	0	0	0	0
AF	0	0.715803	1	1	0	0	0	0	0
AF	0	0.716115	2	2	0	0	0	0	0
AF	0	0.716740	1	1	0	0	0	0	0
AF	0	0.723298	1	0	1	0	0	0	0
AF	0	0.730169	1	1	0	0	0	0	0
AF	0	0.732042	1	1	0	0	0	0	0
AF	0	0.737352	1	1	0	0	0	0	0
AF	0	0.739225	1	1	0	0	0	0	0
AF	0	0.742349	1	1	0	0	0	0	0
AF	0	0.748595	1	0	1	0	0	0	0
AF	0	0.750781	1	0	1	0	0	0	0
AF	0	0.753592	1	0	1	0	0	0	0
AF	0	0.755465	1	0	1	0	0	0	0
AF	0	0.759525	1	1	0	0	0	0	0
AF	0	0.760462	1	1	0	0	0	0	0
AF	0	0.766396	1	1	0	0	0	0	0
AF	0	0.767021	1	0	1	0	0	0	0
AF	0	0.767333	1	1	0	0	0	0	0
AF	0	0.767645	1	0	1	0	0	0	0
AF	0	0.768270	1	1	0	0	0	0	0
AF	0	0.771393	1	1	0	0	0	0	0
AF	0	0.772954	1	1	0	0	0	0	0
AF	0	0.773579	1	1	0	0	0	0	0
AF	0	0.775141	1	1	0	0	0	0	0
AF	0	0.777951	1	1	0	0	0	0	0
AF	0	0.778888	1	1	0	0	0	0	0
AF	0	0.781699	1	0	1	0	0	0	0
AF	0	0.787008	3	2	1	0	0	0	0
AF	0	0.791380	1	1	0	0	0	0	0
AF	0	0.803248	1	0	1	0	0	0	0
AF	0	0.804497	1	1	0	0	0	0	0
AF	0	0.806683	1	1	0	0	0	0	0
AF	0	0.807308	1	1	0	0	0	0	0
AF	0	0.812929	1	0	1	0	0	0	0
AF	0	0.814491	1	0	1	0	0	0	0
AF	0	0.814803	1	0	1	0	0	0	0
AF	0	0.815116	2	2	0	0	0	0	0
AF	0	0.815740	3	2	1	0	0	0	0
AF	0	0.816365	2	2	0	0	0	0	0
AF	0	0.817614	3	2	1	0	0	0	0
AF	0	0.818863	1	1	0	0	0	0	0
AF	0	0.821986	1	1	0	0	0	0	0
AF	0	0.830731	1	1	0	0	0	0	0
AF	0	0.831668	1	0	1	0	0	0	0
AF	0	0.835415	1	0	1	0	0	0	0
AF	0	0.836665	2	1	1	0	0	0	0
AF	0	0.839475	1	0	1	0	0	0	0
AF	0	0.840725	1	0	1	0	0	0	0
AF	0	0.841349	1	0	1	0	0	0	0
AF	0	0.841661	1	1	0	0	0	0	0
AF	0	0.842911	1	1	0	0	0	0	0
AF	0	0.843848	1	1	0	0	0	0	0
AF	0	0.849781	1	1	0	0	0	0	0
AF	0	0.853217	3	2	1	0	0	0	0
AF	0	0.853529	3	1	2	0	0	0	0
AF	0	0.855091	1	0	1	0	0	0	0
AF	0	0.856027	1	0	1	0	0	0	0
AF	0	0.858838	1	1	0	0	0	0	0
AF	0	0.868207	1	1	0	0	0	0	0
AF	0	0.868832	2	2	0	0	0	0	0
AF	0	0.869144	1	0	1	0	0	0	0
AF	0	0.869457	2	2	0	0	0	0	0
AF	0	0.870081	3	2	1	0	0	0	0
AF	0	0.881324	1	1	0	0	0	0	0
AF	0	0.898813	1	1	0	0	0	0	0
AF	0	0.900062	1	1	0	0	0	0	0
AF	0	0.904435	1	1	0	0	0	0	0
AF	0	0.909744	1	1	0	0	0	0	0
AF	0	0.917239	1	1	0	0	0	0	0
AF	0	0.918801	1	1	0	0	0	0	0
AF	0	0.931293	1	1	0	0	0	0	0
AF	0	0.935353	1	1	0	0	0	0	0
AF	0	0.939725	1	1	0	0	0	0	0
AF	0	0.940974	1	1	0	0	0	0	0
AF	0	0.942224	1	1	0	0	0	0	0
AF	0	0.942536	2	2	0	0	0	0	0
AF	0	0.942848	1	0	1	0	0	0	0
AF	0	0.943161	1	1	0	0	0	0	0
AF	0	0.949407	1	1	0	0	0	0	0
AF	0	0.949719	2	1	1	0	0	0	0
AF	0	0.950031	1	1	0	0	0	0	0
AF	0	0.956277	1	1	0	0	0	0	0
AF	0	0.956902	1	1	0	0	0	0	0
AF	0	0.957214	4	4	0	0	0	0	0
AF	0	0.957527	1	1	0	0	0	0	0
AF	0	0.957839	3	2	1	0	0	0	0
AF	0	0.958463	1	1	0	0	0	0	0
AF	0	0.958776	1	1	0	0	0	0	0
AF	0	0.963460	2	2	0	0	0	0	0
AF	0	0.963773	2	0	2	0	0	0	0
AF	0	0.964710	2	0	2	0	0	0	0
AF	0	0.966583	1	1	0	0	0	0	0
AF	0	0.969082	2	2	0	0	0	0	0
AF	0	0.972517	1	1	0	0	0	0	0
AF	0	0.972829	1	1	0	0	0	0	0
AF	0	0.973142	1	1	0	0	0	0	0
AF	0	0.973454	3	1	2	0	0	0	0
AF	0	0.973766	4	2	2	0	0	0	0
AF	0	0.974703	4	3	1	0	0	0	0
AF	0	0.982199	1	1	0	0	0	0	0
AF	0	0.983448	1	1	0	0	0	0	0
AF	0	0.983760	1	1	0	0	0	0	0
AF	0	0.985634	1	1	0	0	0	0	0
AF	0	0.985946	2	1	1	0	0	0	0
AF	0	0.986571	1	1	0	0	0	0	0
AF	0	0.987196	2	1	1	0	0	0	0
AF	0	0.987820	1	0	1	0	0	0	0
AF	0	0.988132	1	1	0	0	0	0	0
AF	0	0.988445	1	0	1	0	0	0	0
AF	0	0.989069	1	0	1	0	0	0	0
AF	0	0.989694	2	1	1	0	0	0	0
AF	0	0.990319	1	1	0	0	0	0	0
AF	0	0.990631	1	0	1	0	0	0	0
AF	0	0.990943	5	4	1	0	0	0	0
AF	0	0.991568	3	0	3	0	0	0	0
AF	0	0.993442	1	1	0	0	0	0	0
AF	0	0.993754	1	1	0	0	0	0	0
AF	0	0.997189	1	0	1	0	0	0	0
AF	0	0.997814	1	1	0	0	0	0	0
AF	0	0.998751	2	2	0	0	0	0	0
AF	0	0.999063	1	1	0	0	0	0	0
AF	0	0.999375	2	2	0	0	0	0	0
# QUAL, Stats by quality
# QUAL	[2]id	[3]Quality	[4]number of SNPs	[5]number of transitions (1st ALT)	[6]number of transversions (1st ALT)	[7]number of indels
QUAL	0	.	13627	9145	4482	0
# IDD, InDel distribution:
# IDD	[2]id	[3]length (deletions negative)	[4]number of sites	[5]number of genotypes	[6]mean VAF
# ST, Substitution types:
# ST	[2]id	[3]type	[4]count
ST	0	A>C	512
ST	0	A>G	1708
ST	0	A>T	438
ST	0	C>A	622
ST	0	C>G	689
ST	0	C>T	2872
ST	0	G>A	2794
ST	0	G>C	644
ST	0	G>T	644
ST	0	T>A	453
ST	0	T>C	1771
ST	0	T>G	480
# DP, Depth distribution
# DP	[2]id	[3]bin	[4]number of genotypes	[5]fraction of genotypes (%)	[6]number of sites	[7]fraction of sites (%)
  - Fix haploid genotypes in males...

Submit MakeDiploidMalesX finished successfully. Let's have a beer, buddy!

