Submit MakeDiploidMalesX
version 1.1.6 (2024-09-30)

These are the settings:
  Input file................: /hpc/local/Rocky8/dhl_ec/software/MonopogenLite/resources/1kGP_high_coverage_Illumina.SNVonly_poly.filtered_AF_5e-04.norm.fixvariantid.chrX.vcf.gz
  Output file...............: /hpc/local/Rocky8/dhl_ec/software/MonopogenLite/resources/1kGP_high_coverage_Illumina.SNVonly_poly.filtered_AF_5e-04.norm.fixvariantid.makediploid.chrX.vcf.gz
  Chunk size................: 100

  SLURM CPUs................: 4
  SLURM Array ID............: 16 (of 100)
  SLURM memory..............: 16G
  SLURM time................: 01:00:00
  SLURM mail type...........: FAIL
  SLURM mail user...........: s.w.vanderlaan-2@umcutrecht.nl

  Dry run mode..............: 0
  Debug mode................: 1
  Verbosity.................: 0
  Version...................: 1.1.6 (2024-09-30)

Making converting haploid genotypes to diploid genotypes.
> Extract the region for this SLURM task (# 16) from the BED file.
  - Get the chunk number from the SLURM array task ID and the bed file...
DEBUG: Extracting chunk number: 16p from 16
DEBUG: Extracting region from BED file: /hpc/local/Rocky8/dhl_ec/software/MonopogenLite/resources/chrX_100pieces.bed
  - Extract the region from the BED file...
DEBUG: Extracted raw region: 'chrX	23406121	24966528' (chunk #: 16p of 100 for job 16)
  - Check if a valid region was extracted -- should be 'chrX	23406121	24966528'...
  - Prepare the region for bcftools...
  - Check if the region (chrX:23406121-24966528) was successfully extracted...
> Processing region 'chrX:23406121-24966528'...
  - Process the specific region (chunk# 16) using bcftools view...
  - Index the VCF file...
DEBUG: Check if the VCF file was successfully processed...
##fileformat=VCFv4.2
##FILTER=<ID=PASS,Description="All filters passed">
##fileDate=29/01/2022 - 14:31:41
##source=shapeit4.2.2
##contig=<ID=chr1,length=248956422>
##contig=<ID=chr2,length=242193529>
##contig=<ID=chr3,length=198295559>
##contig=<ID=chr4,length=190214555>
##contig=<ID=chr5,length=181538259>
##contig=<ID=chr6,length=170805979>
# This file was produced by bcftools stats (1.20+htslib-1.20) and can be plotted using plot-vcfstats.
# The command line was:	bcftools stats  /hpc/local/Rocky8/dhl_ec/software/MonopogenLite/resources/chrX.part16.vcf.gz
#
# Definition of sets:
# ID	[2]id	[3]tab-separated file names
ID	0	/hpc/local/Rocky8/dhl_ec/software/MonopogenLite/resources/chrX.part16.vcf.gz
# SN, Summary numbers:
#   number of records   .. number of data rows in the VCF
#   number of no-ALTs   .. reference-only sites, ALT is either "." or identical to REF
#   number of SNPs      .. number of rows with a SNP
#   number of MNPs      .. number of rows with a MNP, such as CC>TT
#   number of indels    .. number of rows with an indel
#   number of others    .. number of rows with other type, for example a symbolic allele or
#                          a complex substitution, such as ACT>TCGA
#   number of multiallelic sites     .. number of rows with multiple alternate alleles
#   number of multiallelic SNP sites .. number of rows with multiple alternate alleles, all SNPs
# 
#   Note that rows containing multiple types will be counted multiple times, in each
#   counter. For example, a row with a SNP and an indel increments both the SNP and
#   the indel counter.
# 
# SN	[2]id	[3]key	[4]value
SN	0	number of samples:	3202
SN	0	number of records:	15924
SN	0	number of no-ALTs:	0
SN	0	number of SNPs:	15924
SN	0	number of MNPs:	0
SN	0	number of indels:	0
SN	0	number of others:	0
SN	0	number of multiallelic sites:	0
SN	0	number of multiallelic SNP sites:	0
# TSTV, transitions/transversions:
# TSTV	[2]id	[3]ts	[4]tv	[5]ts/tv	[6]ts (1st ALT)	[7]tv (1st ALT)	[8]ts/tv (1st ALT)
TSTV	0	10943	4981	2.20	10943	4981	2.20
# SiS, Singleton stats:
# SiS	[2]id	[3]allele count	[4]number of SNPs	[5]number of transitions	[6]number of transversions	[7]number of indels	[8]repeat-consistent	[9]repeat-inconsistent	[10]not applicable
SiS	0	1	0	0	0	0	0	0	0
# AF, Stats by non-reference allele frequency:
# AF	[2]id	[3]allele frequency	[4]number of SNPs	[5]number of transitions	[6]number of transversions	[7]number of indels	[8]repeat-consistent	[9]repeat-inconsistent	[10]not applicable
AF	0	0.000312	2651	1872	779	0	0	0	0
AF	0	0.000625	1602	1096	506	0	0	0	0
AF	0	0.000937	1805	1268	537	0	0	0	0
AF	0	0.001249	555	374	181	0	0	0	0
AF	0	0.001562	785	538	247	0	0	0	0
AF	0	0.001874	319	226	93	0	0	0	0
AF	0	0.002186	437	297	140	0	0	0	0
AF	0	0.002498	203	146	57	0	0	0	0
AF	0	0.002811	374	261	113	0	0	0	0
AF	0	0.003123	167	107	60	0	0	0	0
AF	0	0.003435	320	209	111	0	0	0	0
AF	0	0.003748	97	70	27	0	0	0	0
AF	0	0.004060	267	175	92	0	0	0	0
AF	0	0.004372	122	90	32	0	0	0	0
AF	0	0.004685	213	135	78	0	0	0	0
AF	0	0.004997	88	51	37	0	0	0	0
AF	0	0.005309	159	104	55	0	0	0	0
AF	0	0.005621	85	56	29	0	0	0	0
AF	0	0.005934	149	92	57	0	0	0	0
AF	0	0.006246	92	59	33	0	0	0	0
AF	0	0.006558	127	84	43	0	0	0	0
AF	0	0.006871	103	76	27	0	0	0	0
AF	0	0.007183	127	93	34	0	0	0	0
AF	0	0.007495	71	48	23	0	0	0	0
AF	0	0.007808	111	76	35	0	0	0	0
AF	0	0.008120	37	22	15	0	0	0	0
AF	0	0.008432	134	95	39	0	0	0	0
AF	0	0.008745	58	37	21	0	0	0	0
AF	0	0.009057	81	49	32	0	0	0	0
AF	0	0.009369	40	30	10	0	0	0	0
AF	0	0.009681	88	57	31	0	0	0	0
AF	0	0.009994	44	29	15	0	0	0	0
AF	0	0.010306	76	43	33	0	0	0	0
AF	0	0.010618	33	20	13	0	0	0	0
AF	0	0.010931	51	32	19	0	0	0	0
AF	0	0.011243	36	30	6	0	0	0	0
AF	0	0.011555	67	43	24	0	0	0	0
AF	0	0.011868	23	15	8	0	0	0	0
AF	0	0.012180	68	46	22	0	0	0	0
AF	0	0.012492	28	21	7	0	0	0	0
AF	0	0.012804	48	32	16	0	0	0	0
AF	0	0.013117	18	11	7	0	0	0	0
AF	0	0.013429	40	27	13	0	0	0	0
AF	0	0.013741	17	15	2	0	0	0	0
AF	0	0.014054	44	30	14	0	0	0	0
AF	0	0.014366	16	10	6	0	0	0	0
AF	0	0.014678	31	19	12	0	0	0	0
AF	0	0.014991	14	9	5	0	0	0	0
AF	0	0.015303	22	13	9	0	0	0	0
AF	0	0.015615	18	13	5	0	0	0	0
AF	0	0.015928	28	21	7	0	0	0	0
AF	0	0.016240	9	7	2	0	0	0	0
AF	0	0.016552	27	22	5	0	0	0	0
AF	0	0.016864	12	8	4	0	0	0	0
AF	0	0.017177	19	12	7	0	0	0	0
AF	0	0.017489	14	13	1	0	0	0	0
AF	0	0.017801	43	28	15	0	0	0	0
AF	0	0.018114	27	17	10	0	0	0	0
AF	0	0.018426	28	20	8	0	0	0	0
AF	0	0.018738	19	10	9	0	0	0	0
AF	0	0.019051	19	11	8	0	0	0	0
AF	0	0.019363	19	13	6	0	0	0	0
AF	0	0.019675	19	16	3	0	0	0	0
AF	0	0.019988	15	9	6	0	0	0	0
AF	0	0.020300	22	13	9	0	0	0	0
AF	0	0.020612	13	8	5	0	0	0	0
AF	0	0.020924	19	11	8	0	0	0	0
AF	0	0.021237	11	7	4	0	0	0	0
AF	0	0.021549	47	31	16	0	0	0	0
AF	0	0.021861	10	5	5	0	0	0	0
AF	0	0.022174	12	11	1	0	0	0	0
AF	0	0.022486	5	3	2	0	0	0	0
AF	0	0.022798	12	8	4	0	0	0	0
AF	0	0.023111	4	2	2	0	0	0	0
AF	0	0.023423	11	8	3	0	0	0	0
AF	0	0.023735	4	3	1	0	0	0	0
AF	0	0.024047	12	9	3	0	0	0	0
AF	0	0.024360	2	1	1	0	0	0	0
AF	0	0.024672	8	6	2	0	0	0	0
AF	0	0.024984	3	2	1	0	0	0	0
AF	0	0.025297	14	9	5	0	0	0	0
AF	0	0.025609	7	5	2	0	0	0	0
AF	0	0.025921	13	7	6	0	0	0	0
AF	0	0.026234	7	6	1	0	0	0	0
AF	0	0.026546	21	14	7	0	0	0	0
AF	0	0.026858	12	7	5	0	0	0	0
AF	0	0.027171	12	10	2	0	0	0	0
AF	0	0.027483	5	3	2	0	0	0	0
AF	0	0.027795	18	15	3	0	0	0	0
AF	0	0.028107	11	7	4	0	0	0	0
AF	0	0.028420	12	7	5	0	0	0	0
AF	0	0.028732	10	4	6	0	0	0	0
AF	0	0.029044	25	22	3	0	0	0	0
AF	0	0.029357	4	4	0	0	0	0	0
AF	0	0.029669	9	7	2	0	0	0	0
AF	0	0.029981	5	4	1	0	0	0	0
AF	0	0.030294	8	6	2	0	0	0	0
AF	0	0.030606	6	4	2	0	0	0	0
AF	0	0.030918	13	5	8	0	0	0	0
AF	0	0.031230	6	4	2	0	0	0	0
AF	0	0.031543	8	6	2	0	0	0	0
AF	0	0.031855	6	4	2	0	0	0	0
AF	0	0.032167	11	5	6	0	0	0	0
AF	0	0.032480	2	1	1	0	0	0	0
AF	0	0.032792	6	5	1	0	0	0	0
AF	0	0.033104	1	1	0	0	0	0	0
AF	0	0.033417	10	9	1	0	0	0	0
AF	0	0.033729	5	3	2	0	0	0	0
AF	0	0.034041	17	15	2	0	0	0	0
AF	0	0.034354	10	7	3	0	0	0	0
AF	0	0.034666	10	8	2	0	0	0	0
AF	0	0.034978	1	1	0	0	0	0	0
AF	0	0.035290	3	1	2	0	0	0	0
AF	0	0.035603	5	4	1	0	0	0	0
AF	0	0.035915	9	8	1	0	0	0	0
AF	0	0.036227	4	3	1	0	0	0	0
AF	0	0.036540	12	10	2	0	0	0	0
AF	0	0.036852	5	5	0	0	0	0	0
AF	0	0.037164	9	9	0	0	0	0	0
AF	0	0.037477	2	1	1	0	0	0	0
AF	0	0.037789	5	3	2	0	0	0	0
AF	0	0.038101	9	7	2	0	0	0	0
AF	0	0.038413	9	8	1	0	0	0	0
AF	0	0.038726	6	3	3	0	0	0	0
AF	0	0.039038	14	9	5	0	0	0	0
AF	0	0.039350	2	2	0	0	0	0	0
AF	0	0.039663	5	4	1	0	0	0	0
AF	0	0.039975	5	3	2	0	0	0	0
AF	0	0.040287	5	3	2	0	0	0	0
AF	0	0.040600	2	2	0	0	0	0	0
AF	0	0.040912	5	4	1	0	0	0	0
AF	0	0.041224	2	2	0	0	0	0	0
AF	0	0.041537	7	3	4	0	0	0	0
AF	0	0.041849	1	1	0	0	0	0	0
AF	0	0.042161	5	3	2	0	0	0	0
AF	0	0.042473	1	0	1	0	0	0	0
AF	0	0.042786	13	9	4	0	0	0	0
AF	0	0.043098	3	2	1	0	0	0	0
AF	0	0.043410	4	3	1	0	0	0	0
AF	0	0.043723	2	2	0	0	0	0	0
AF	0	0.044035	5	3	2	0	0	0	0
AF	0	0.044347	6	3	3	0	0	0	0
AF	0	0.044660	9	6	3	0	0	0	0
AF	0	0.044972	3	2	1	0	0	0	0
AF	0	0.045284	7	5	2	0	0	0	0
AF	0	0.045597	2	2	0	0	0	0	0
AF	0	0.045909	9	7	2	0	0	0	0
AF	0	0.046221	5	4	1	0	0	0	0
AF	0	0.046533	11	8	3	0	0	0	0
AF	0	0.046846	4	1	3	0	0	0	0
AF	0	0.047158	7	5	2	0	0	0	0
AF	0	0.047470	4	3	1	0	0	0	0
AF	0	0.047783	3	1	2	0	0	0	0
AF	0	0.048095	9	5	4	0	0	0	0
AF	0	0.048407	9	7	2	0	0	0	0
AF	0	0.048720	4	3	1	0	0	0	0
AF	0	0.049032	10	5	5	0	0	0	0
AF	0	0.049344	1	1	0	0	0	0	0
AF	0	0.049656	8	5	3	0	0	0	0
AF	0	0.049969	2	2	0	0	0	0	0
AF	0	0.050281	8	7	1	0	0	0	0
AF	0	0.050593	4	2	2	0	0	0	0
AF	0	0.050906	5	3	2	0	0	0	0
AF	0	0.051218	4	4	0	0	0	0	0
AF	0	0.051530	6	3	3	0	0	0	0
AF	0	0.051843	5	5	0	0	0	0	0
AF	0	0.052155	2	0	2	0	0	0	0
AF	0	0.052467	3	2	1	0	0	0	0
AF	0	0.052780	11	6	5	0	0	0	0
AF	0	0.053404	3	1	2	0	0	0	0
AF	0	0.054029	4	3	1	0	0	0	0
AF	0	0.054341	1	0	1	0	0	0	0
AF	0	0.054653	10	8	2	0	0	0	0
AF	0	0.054966	3	2	1	0	0	0	0
AF	0	0.055278	8	5	3	0	0	0	0
AF	0	0.055590	1	1	0	0	0	0	0
AF	0	0.055903	2	2	0	0	0	0	0
AF	0	0.056215	3	3	0	0	0	0	0
AF	0	0.056527	5	5	0	0	0	0	0
AF	0	0.056839	1	1	0	0	0	0	0
AF	0	0.057152	1	1	0	0	0	0	0
AF	0	0.057464	2	2	0	0	0	0	0
AF	0	0.057776	6	5	1	0	0	0	0
AF	0	0.058089	8	8	0	0	0	0	0
AF	0	0.058401	12	11	1	0	0	0	0
AF	0	0.058713	4	2	2	0	0	0	0
AF	0	0.059026	6	3	3	0	0	0	0
AF	0	0.059338	1	1	0	0	0	0	0
AF	0	0.059650	3	2	1	0	0	0	0
AF	0	0.059963	3	2	1	0	0	0	0
AF	0	0.060275	1	0	1	0	0	0	0
AF	0	0.060587	2	2	0	0	0	0	0
AF	0	0.060899	2	1	1	0	0	0	0
AF	0	0.061212	3	2	1	0	0	0	0
AF	0	0.061524	10	7	3	0	0	0	0
AF	0	0.061836	2	1	1	0	0	0	0
AF	0	0.062149	3	2	1	0	0	0	0
AF	0	0.062773	5	3	2	0	0	0	0
AF	0	0.063086	2	1	1	0	0	0	0
AF	0	0.063398	5	3	2	0	0	0	0
AF	0	0.063710	1	1	0	0	0	0	0
AF	0	0.064022	2	1	1	0	0	0	0
AF	0	0.064335	1	0	1	0	0	0	0
AF	0	0.064647	37	23	14	0	0	0	0
AF	0	0.064959	22	15	7	0	0	0	0
AF	0	0.065272	13	8	5	0	0	0	0
AF	0	0.065584	3	3	0	0	0	0	0
AF	0	0.065896	6	5	1	0	0	0	0
AF	0	0.066209	5	4	1	0	0	0	0
AF	0	0.066521	7	4	3	0	0	0	0
AF	0	0.066833	4	3	1	0	0	0	0
AF	0	0.067146	4	3	1	0	0	0	0
AF	0	0.067458	1	1	0	0	0	0	0
AF	0	0.067770	9	5	4	0	0	0	0
AF	0	0.068082	1	1	0	0	0	0	0
AF	0	0.068395	8	7	1	0	0	0	0
AF	0	0.068707	4	0	4	0	0	0	0
AF	0	0.069019	2	1	1	0	0	0	0
AF	0	0.069332	2	1	1	0	0	0	0
AF	0	0.069644	7	6	1	0	0	0	0
AF	0	0.069956	3	3	0	0	0	0	0
AF	0	0.070269	8	6	2	0	0	0	0
AF	0	0.070581	5	4	1	0	0	0	0
AF	0	0.070893	11	5	6	0	0	0	0
AF	0	0.071205	3	2	1	0	0	0	0
AF	0	0.071518	8	6	2	0	0	0	0
AF	0	0.071830	3	3	0	0	0	0	0
AF	0	0.072142	4	3	1	0	0	0	0
AF	0	0.072455	6	3	3	0	0	0	0
AF	0	0.072767	2	1	1	0	0	0	0
AF	0	0.073079	1	1	0	0	0	0	0
AF	0	0.073392	3	2	1	0	0	0	0
AF	0	0.074016	3	1	2	0	0	0	0
AF	0	0.074329	3	2	1	0	0	0	0
AF	0	0.074641	2	2	0	0	0	0	0
AF	0	0.074953	4	3	1	0	0	0	0
AF	0	0.075265	1	1	0	0	0	0	0
AF	0	0.075578	2	2	0	0	0	0	0
AF	0	0.075890	4	3	1	0	0	0	0
AF	0	0.076202	1	1	0	0	0	0	0
AF	0	0.076515	3	2	1	0	0	0	0
AF	0	0.076827	2	1	1	0	0	0	0
AF	0	0.077139	8	8	0	0	0	0	0
AF	0	0.077452	1	1	0	0	0	0	0
AF	0	0.077764	7	3	4	0	0	0	0
AF	0	0.078076	3	2	1	0	0	0	0
AF	0	0.078389	4	3	1	0	0	0	0
AF	0	0.078701	7	6	1	0	0	0	0
AF	0	0.079013	3	3	0	0	0	0	0
AF	0	0.079638	2	2	0	0	0	0	0
AF	0	0.079950	2	2	0	0	0	0	0
AF	0	0.080262	3	1	2	0	0	0	0
AF	0	0.080575	2	2	0	0	0	0	0
AF	0	0.080887	3	2	1	0	0	0	0
AF	0	0.081199	1	1	0	0	0	0	0
AF	0	0.081512	3	2	1	0	0	0	0
AF	0	0.081824	2	2	0	0	0	0	0
AF	0	0.082136	8	5	3	0	0	0	0
AF	0	0.082448	1	1	0	0	0	0	0
AF	0	0.082761	6	3	3	0	0	0	0
AF	0	0.083073	3	2	1	0	0	0	0
AF	0	0.083385	5	3	2	0	0	0	0
AF	0	0.083698	3	3	0	0	0	0	0
AF	0	0.084010	7	1	6	0	0	0	0
AF	0	0.084322	4	3	1	0	0	0	0
AF	0	0.084635	8	5	3	0	0	0	0
AF	0	0.085259	2	2	0	0	0	0	0
AF	0	0.085572	1	0	1	0	0	0	0
AF	0	0.085884	1	0	1	0	0	0	0
AF	0	0.086196	1	1	0	0	0	0	0
AF	0	0.086508	3	0	3	0	0	0	0
AF	0	0.086821	1	1	0	0	0	0	0
AF	0	0.087133	3	3	0	0	0	0	0
AF	0	0.087445	6	4	2	0	0	0	0
AF	0	0.088070	1	0	1	0	0	0	0
AF	0	0.088382	2	1	1	0	0	0	0
AF	0	0.088695	1	1	0	0	0	0	0
AF	0	0.089319	3	1	2	0	0	0	0
AF	0	0.089631	1	1	0	0	0	0	0
AF	0	0.090568	1	0	1	0	0	0	0
AF	0	0.090881	1	1	0	0	0	0	0
AF	0	0.091505	3	1	2	0	0	0	0
AF	0	0.091818	1	1	0	0	0	0	0
AF	0	0.092442	3	1	2	0	0	0	0
AF	0	0.092755	1	0	1	0	0	0	0
AF	0	0.093379	11	6	5	0	0	0	0
AF	0	0.093691	9	8	1	0	0	0	0
AF	0	0.094004	16	12	4	0	0	0	0
AF	0	0.094316	2	0	2	0	0	0	0
AF	0	0.094628	8	7	1	0	0	0	0
AF	0	0.094941	2	1	1	0	0	0	0
AF	0	0.095253	11	7	4	0	0	0	0
AF	0	0.095565	2	2	0	0	0	0	0
AF	0	0.095878	4	4	0	0	0	0	0
AF	0	0.096190	3	2	1	0	0	0	0
AF	0	0.096502	3	3	0	0	0	0	0
AF	0	0.096814	1	0	1	0	0	0	0
AF	0	0.097127	9	8	1	0	0	0	0
AF	0	0.097439	1	1	0	0	0	0	0
AF	0	0.097751	11	9	2	0	0	0	0
AF	0	0.098376	10	5	5	0	0	0	0
AF	0	0.098688	4	4	0	0	0	0	0
AF	0	0.099001	2	2	0	0	0	0	0
AF	0	0.099313	7	5	2	0	0	0	0
AF	0	0.099625	3	2	1	0	0	0	0
AF	0	0.099938	3	1	2	0	0	0	0
AF	0	0.100250	3	3	0	0	0	0	0
AF	0	0.100562	1	1	0	0	0	0	0
AF	0	0.100874	5	5	0	0	0	0	0
AF	0	0.101499	2	2	0	0	0	0	0
AF	0	0.102124	3	1	2	0	0	0	0
AF	0	0.102436	1	1	0	0	0	0	0
AF	0	0.102748	4	3	1	0	0	0	0
AF	0	0.103061	1	1	0	0	0	0	0
AF	0	0.103373	2	1	1	0	0	0	0
AF	0	0.103685	3	1	2	0	0	0	0
AF	0	0.103998	4	3	1	0	0	0	0
AF	0	0.104310	1	0	1	0	0	0	0
AF	0	0.104622	2	2	0	0	0	0	0
AF	0	0.105247	2	0	2	0	0	0	0
AF	0	0.105559	1	1	0	0	0	0	0
AF	0	0.105871	4	3	1	0	0	0	0
AF	0	0.106496	3	3	0	0	0	0	0
AF	0	0.107121	2	2	0	0	0	0	0
AF	0	0.107433	1	1	0	0	0	0	0
AF	0	0.107745	1	0	1	0	0	0	0
AF	0	0.108057	2	2	0	0	0	0	0
AF	0	0.108370	1	1	0	0	0	0	0
AF	0	0.108994	3	3	0	0	0	0	0
AF	0	0.109307	3	1	2	0	0	0	0
AF	0	0.109619	3	2	1	0	0	0	0
AF	0	0.109931	3	3	0	0	0	0	0
AF	0	0.110244	2	2	0	0	0	0	0
AF	0	0.111181	3	2	1	0	0	0	0
AF	0	0.111805	9	6	3	0	0	0	0
AF	0	0.112117	4	2	2	0	0	0	0
AF	0	0.112430	3	1	2	0	0	0	0
AF	0	0.112742	3	1	2	0	0	0	0
AF	0	0.113054	4	4	0	0	0	0	0
AF	0	0.113367	2	2	0	0	0	0	0
AF	0	0.113679	30	24	6	0	0	0	0
AF	0	0.113991	2	2	0	0	0	0	0
AF	0	0.114304	4	1	3	0	0	0	0
AF	0	0.114928	3	3	0	0	0	0	0
AF	0	0.115865	1	0	1	0	0	0	0
AF	0	0.116177	10	7	3	0	0	0	0
AF	0	0.116490	2	2	0	0	0	0	0
AF	0	0.116802	5	3	2	0	0	0	0
AF	0	0.117114	4	4	0	0	0	0	0
AF	0	0.117427	3	2	1	0	0	0	0
AF	0	0.117739	1	1	0	0	0	0	0
AF	0	0.118051	4	2	2	0	0	0	0
AF	0	0.118364	2	2	0	0	0	0	0
AF	0	0.118676	2	1	1	0	0	0	0
AF	0	0.118988	1	1	0	0	0	0	0
AF	0	0.119300	5	3	2	0	0	0	0
AF	0	0.119613	3	2	1	0	0	0	0
AF	0	0.119925	1	0	1	0	0	0	0
AF	0	0.120237	2	2	0	0	0	0	0
AF	0	0.120550	1	1	0	0	0	0	0
AF	0	0.120862	1	0	1	0	0	0	0
AF	0	0.121487	1	1	0	0	0	0	0
AF	0	0.121799	1	0	1	0	0	0	0
AF	0	0.122111	1	1	0	0	0	0	0
AF	0	0.122423	4	3	1	0	0	0	0
AF	0	0.122736	1	1	0	0	0	0	0
AF	0	0.123048	5	5	0	0	0	0	0
AF	0	0.123673	2	2	0	0	0	0	0
AF	0	0.123985	1	0	1	0	0	0	0
AF	0	0.124297	3	3	0	0	0	0	0
AF	0	0.124922	2	1	1	0	0	0	0
AF	0	0.125234	2	1	1	0	0	0	0
AF	0	0.125547	2	2	0	0	0	0	0
AF	0	0.125859	3	2	1	0	0	0	0
AF	0	0.126171	5	4	1	0	0	0	0
AF	0	0.126483	1	1	0	0	0	0	0
AF	0	0.126796	6	4	2	0	0	0	0
AF	0	0.127108	2	2	0	0	0	0	0
AF	0	0.127420	5	2	3	0	0	0	0
AF	0	0.127733	1	1	0	0	0	0	0
AF	0	0.128045	1	1	0	0	0	0	0
AF	0	0.128357	3	3	0	0	0	0	0
AF	0	0.128670	4	3	1	0	0	0	0
AF	0	0.128982	1	1	0	0	0	0	0
AF	0	0.129294	1	1	0	0	0	0	0
AF	0	0.129606	1	1	0	0	0	0	0
AF	0	0.129919	3	3	0	0	0	0	0
AF	0	0.130543	2	1	1	0	0	0	0
AF	0	0.131168	1	1	0	0	0	0	0
AF	0	0.131480	2	0	2	0	0	0	0
AF	0	0.131793	6	5	1	0	0	0	0
AF	0	0.132105	4	3	1	0	0	0	0
AF	0	0.132417	3	3	0	0	0	0	0
AF	0	0.132730	2	2	0	0	0	0	0
AF	0	0.133042	4	2	2	0	0	0	0
AF	0	0.133354	1	1	0	0	0	0	0
AF	0	0.133979	3	3	0	0	0	0	0
AF	0	0.134603	2	1	1	0	0	0	0
AF	0	0.134916	1	1	0	0	0	0	0
AF	0	0.135228	2	1	1	0	0	0	0
AF	0	0.135540	2	1	1	0	0	0	0
AF	0	0.136165	4	3	1	0	0	0	0
AF	0	0.136477	3	2	1	0	0	0	0
AF	0	0.136790	5	3	2	0	0	0	0
AF	0	0.137414	4	4	0	0	0	0	0
AF	0	0.137726	3	2	1	0	0	0	0
AF	0	0.138039	2	2	0	0	0	0	0
AF	0	0.138663	2	1	1	0	0	0	0
AF	0	0.139288	10	7	3	0	0	0	0
AF	0	0.139600	1	0	1	0	0	0	0
AF	0	0.139913	3	2	1	0	0	0	0
AF	0	0.140225	1	1	0	0	0	0	0
AF	0	0.140537	2	2	0	0	0	0	0
AF	0	0.141162	3	2	1	0	0	0	0
AF	0	0.141474	1	1	0	0	0	0	0
AF	0	0.141786	2	1	1	0	0	0	0
AF	0	0.142099	1	1	0	0	0	0	0
AF	0	0.142411	5	5	0	0	0	0	0
AF	0	0.142723	2	2	0	0	0	0	0
AF	0	0.143036	3	2	1	0	0	0	0
AF	0	0.143348	2	1	1	0	0	0	0
AF	0	0.143660	2	1	1	0	0	0	0
AF	0	0.143973	2	2	0	0	0	0	0
AF	0	0.144597	3	2	1	0	0	0	0
AF	0	0.144909	2	2	0	0	0	0	0
AF	0	0.145534	3	1	2	0	0	0	0
AF	0	0.145846	2	2	0	0	0	0	0
AF	0	0.146159	1	1	0	0	0	0	0
AF	0	0.146471	3	1	2	0	0	0	0
AF	0	0.146783	2	2	0	0	0	0	0
AF	0	0.147408	3	1	2	0	0	0	0
AF	0	0.147720	1	1	0	0	0	0	0
AF	0	0.148032	1	0	1	0	0	0	0
AF	0	0.148345	3	3	0	0	0	0	0
AF	0	0.148657	4	4	0	0	0	0	0
AF	0	0.148969	2	1	1	0	0	0	0
AF	0	0.149282	2	2	0	0	0	0	0
AF	0	0.149594	2	2	0	0	0	0	0
AF	0	0.149906	5	3	2	0	0	0	0
AF	0	0.150219	2	2	0	0	0	0	0
AF	0	0.150531	3	3	0	0	0	0	0
AF	0	0.150843	1	1	0	0	0	0	0
AF	0	0.151156	2	1	1	0	0	0	0
AF	0	0.151468	2	1	1	0	0	0	0
AF	0	0.151780	3	2	1	0	0	0	0
AF	0	0.152092	2	1	1	0	0	0	0
AF	0	0.152405	4	2	2	0	0	0	0
AF	0	0.153342	1	1	0	0	0	0	0
AF	0	0.153654	4	2	2	0	0	0	0
AF	0	0.153966	1	1	0	0	0	0	0
AF	0	0.154279	2	0	2	0	0	0	0
AF	0	0.154591	2	2	0	0	0	0	0
AF	0	0.154903	4	3	1	0	0	0	0
AF	0	0.155215	1	1	0	0	0	0	0
AF	0	0.155528	1	0	1	0	0	0	0
AF	0	0.156152	1	1	0	0	0	0	0
AF	0	0.156465	3	1	2	0	0	0	0
AF	0	0.156777	6	6	0	0	0	0	0
AF	0	0.157089	2	1	1	0	0	0	0
AF	0	0.157402	2	2	0	0	0	0	0
AF	0	0.158026	1	0	1	0	0	0	0
AF	0	0.158339	2	1	1	0	0	0	0
AF	0	0.159900	2	1	1	0	0	0	0
AF	0	0.160212	1	1	0	0	0	0	0
AF	0	0.161149	2	2	0	0	0	0	0
AF	0	0.161774	3	2	1	0	0	0	0
AF	0	0.162399	7	4	3	0	0	0	0
AF	0	0.162711	1	0	1	0	0	0	0
AF	0	0.163023	3	2	1	0	0	0	0
AF	0	0.163335	1	1	0	0	0	0	0
AF	0	0.163648	2	1	1	0	0	0	0
AF	0	0.163960	3	3	0	0	0	0	0
AF	0	0.164272	4	4	0	0	0	0	0
AF	0	0.164897	3	1	2	0	0	0	0
AF	0	0.165522	3	3	0	0	0	0	0
AF	0	0.166146	1	1	0	0	0	0	0
AF	0	0.166458	1	1	0	0	0	0	0
AF	0	0.166771	2	2	0	0	0	0	0
AF	0	0.167083	2	1	1	0	0	0	0
AF	0	0.167395	1	1	0	0	0	0	0
AF	0	0.168332	1	0	1	0	0	0	0
AF	0	0.168645	1	1	0	0	0	0	0
AF	0	0.169269	2	1	1	0	0	0	0
AF	0	0.169582	4	3	1	0	0	0	0
AF	0	0.169894	1	0	1	0	0	0	0
AF	0	0.170206	1	0	1	0	0	0	0
AF	0	0.170518	2	2	0	0	0	0	0
AF	0	0.171143	1	0	1	0	0	0	0
AF	0	0.172392	1	1	0	0	0	0	0
AF	0	0.173017	1	0	1	0	0	0	0
AF	0	0.173329	1	1	0	0	0	0	0
AF	0	0.173954	1	0	1	0	0	0	0
AF	0	0.174266	1	0	1	0	0	0	0
AF	0	0.174891	4	3	1	0	0	0	0
AF	0	0.175203	2	2	0	0	0	0	0
AF	0	0.175828	2	2	0	0	0	0	0
AF	0	0.176452	1	0	1	0	0	0	0
AF	0	0.176765	1	0	1	0	0	0	0
AF	0	0.177077	2	2	0	0	0	0	0
AF	0	0.177389	3	3	0	0	0	0	0
AF	0	0.178326	1	1	0	0	0	0	0
AF	0	0.178638	3	2	1	0	0	0	0
AF	0	0.179888	4	1	3	0	0	0	0
AF	0	0.181449	2	2	0	0	0	0	0
AF	0	0.182074	1	0	1	0	0	0	0
AF	0	0.182386	1	1	0	0	0	0	0
AF	0	0.183011	2	2	0	0	0	0	0
AF	0	0.183635	3	2	1	0	0	0	0
AF	0	0.184260	1	0	1	0	0	0	0
AF	0	0.184572	1	1	0	0	0	0	0
AF	0	0.184884	2	2	0	0	0	0	0
AF	0	0.185509	1	1	0	0	0	0	0
AF	0	0.185821	1	0	1	0	0	0	0
AF	0	0.187383	1	1	0	0	0	0	0
AF	0	0.187695	1	0	1	0	0	0	0
AF	0	0.188007	4	2	2	0	0	0	0
AF	0	0.188320	1	0	1	0	0	0	0
AF	0	0.190818	1	1	0	0	0	0	0
AF	0	0.191131	3	2	1	0	0	0	0
AF	0	0.191443	1	0	1	0	0	0	0
AF	0	0.193004	2	1	1	0	0	0	0
AF	0	0.193941	1	1	0	0	0	0	0
AF	0	0.194254	1	0	1	0	0	0	0
AF	0	0.195503	1	1	0	0	0	0	0
AF	0	0.195815	1	1	0	0	0	0	0
AF	0	0.196752	1	1	0	0	0	0	0
AF	0	0.197064	1	0	1	0	0	0	0
AF	0	0.197377	2	1	1	0	0	0	0
AF	0	0.198001	1	1	0	0	0	0	0
AF	0	0.198314	1	1	0	0	0	0	0
AF	0	0.198626	1	1	0	0	0	0	0
AF	0	0.198938	1	1	0	0	0	0	0
AF	0	0.199563	1	0	1	0	0	0	0
AF	0	0.199875	1	1	0	0	0	0	0
AF	0	0.201124	2	1	1	0	0	0	0
AF	0	0.201437	1	1	0	0	0	0	0
AF	0	0.201749	1	1	0	0	0	0	0
AF	0	0.202374	1	1	0	0	0	0	0
AF	0	0.202998	3	3	0	0	0	0	0
AF	0	0.203623	2	2	0	0	0	0	0
AF	0	0.203935	1	1	0	0	0	0	0
AF	0	0.204247	1	1	0	0	0	0	0
AF	0	0.204560	1	0	1	0	0	0	0
AF	0	0.205184	1	1	0	0	0	0	0
AF	0	0.205497	1	1	0	0	0	0	0
AF	0	0.205809	1	1	0	0	0	0	0
AF	0	0.206433	1	0	1	0	0	0	0
AF	0	0.208932	1	0	1	0	0	0	0
AF	0	0.209244	1	1	0	0	0	0	0
AF	0	0.209557	1	1	0	0	0	0	0
AF	0	0.209869	2	2	0	0	0	0	0
AF	0	0.210181	1	1	0	0	0	0	0
AF	0	0.211118	2	1	1	0	0	0	0
AF	0	0.212992	1	0	1	0	0	0	0
AF	0	0.213304	2	1	1	0	0	0	0
AF	0	0.213616	1	1	0	0	0	0	0
AF	0	0.214241	3	2	1	0	0	0	0
AF	0	0.214866	1	1	0	0	0	0	0
AF	0	0.215178	1	1	0	0	0	0	0
AF	0	0.215490	1	1	0	0	0	0	0
AF	0	0.217052	1	0	1	0	0	0	0
AF	0	0.217989	1	1	0	0	0	0	0
AF	0	0.218613	1	1	0	0	0	0	0
AF	0	0.218926	1	1	0	0	0	0	0
AF	0	0.219238	2	1	1	0	0	0	0
AF	0	0.220175	4	3	1	0	0	0	0
AF	0	0.221112	1	1	0	0	0	0	0
AF	0	0.222049	1	1	0	0	0	0	0
AF	0	0.222361	1	1	0	0	0	0	0
AF	0	0.222673	2	2	0	0	0	0	0
AF	0	0.223923	2	2	0	0	0	0	0
AF	0	0.224235	1	0	1	0	0	0	0
AF	0	0.224547	2	1	1	0	0	0	0
AF	0	0.226109	1	0	1	0	0	0	0
AF	0	0.226421	2	2	0	0	0	0	0
AF	0	0.227046	1	1	0	0	0	0	0
AF	0	0.227358	1	1	0	0	0	0	0
AF	0	0.228295	1	1	0	0	0	0	0
AF	0	0.229856	2	2	0	0	0	0	0
AF	0	0.230169	2	2	0	0	0	0	0
AF	0	0.230793	1	0	1	0	0	0	0
AF	0	0.231418	8	3	5	0	0	0	0
AF	0	0.231730	4	3	1	0	0	0	0
AF	0	0.232042	10	5	5	0	0	0	0
AF	0	0.232355	5	1	4	0	0	0	0
AF	0	0.232667	9	3	6	0	0	0	0
AF	0	0.232979	2	1	1	0	0	0	0
AF	0	0.233292	1	1	0	0	0	0	0
AF	0	0.233604	1	1	0	0	0	0	0
AF	0	0.234853	2	1	1	0	0	0	0
AF	0	0.235166	2	2	0	0	0	0	0
AF	0	0.235478	1	1	0	0	0	0	0
AF	0	0.235790	1	1	0	0	0	0	0
AF	0	0.236102	1	0	1	0	0	0	0
AF	0	0.236415	1	0	1	0	0	0	0
AF	0	0.236727	1	1	0	0	0	0	0
AF	0	0.237039	1	1	0	0	0	0	0
AF	0	0.237352	2	2	0	0	0	0	0
AF	0	0.237664	3	1	2	0	0	0	0
AF	0	0.237976	1	1	0	0	0	0	0
AF	0	0.238601	1	1	0	0	0	0	0
AF	0	0.240475	1	1	0	0	0	0	0
AF	0	0.240787	1	0	1	0	0	0	0
AF	0	0.242036	3	3	0	0	0	0	0
AF	0	0.242349	1	1	0	0	0	0	0
AF	0	0.243285	2	2	0	0	0	0	0
AF	0	0.243910	1	0	1	0	0	0	0
AF	0	0.244535	1	1	0	0	0	0	0
AF	0	0.245159	1	0	1	0	0	0	0
AF	0	0.245784	1	1	0	0	0	0	0
AF	0	0.246408	1	0	1	0	0	0	0
AF	0	0.246721	2	1	1	0	0	0	0
AF	0	0.247658	2	2	0	0	0	0	0
AF	0	0.247970	1	1	0	0	0	0	0
AF	0	0.248282	1	0	1	0	0	0	0
AF	0	0.248595	1	0	1	0	0	0	0
AF	0	0.248907	2	2	0	0	0	0	0
AF	0	0.249219	1	1	0	0	0	0	0
AF	0	0.249532	1	1	0	0	0	0	0
AF	0	0.249844	1	0	1	0	0	0	0
AF	0	0.250156	3	1	2	0	0	0	0
AF	0	0.250468	2	2	0	0	0	0	0
AF	0	0.250781	1	1	0	0	0	0	0
AF	0	0.251405	1	1	0	0	0	0	0
AF	0	0.251718	1	1	0	0	0	0	0
AF	0	0.252030	3	2	1	0	0	0	0
AF	0	0.252342	2	2	0	0	0	0	0
AF	0	0.252655	3	1	2	0	0	0	0
AF	0	0.252967	1	1	0	0	0	0	0
AF	0	0.253904	1	0	1	0	0	0	0
AF	0	0.254216	1	1	0	0	0	0	0
AF	0	0.254528	1	0	1	0	0	0	0
AF	0	0.257027	1	1	0	0	0	0	0
AF	0	0.257339	1	1	0	0	0	0	0
AF	0	0.257651	2	1	1	0	0	0	0
AF	0	0.259213	1	0	1	0	0	0	0
AF	0	0.259525	1	1	0	0	0	0	0
AF	0	0.260462	2	2	0	0	0	0	0
AF	0	0.260775	1	1	0	0	0	0	0
AF	0	0.261087	1	0	1	0	0	0	0
AF	0	0.261399	3	1	2	0	0	0	0
AF	0	0.261711	1	1	0	0	0	0	0
AF	0	0.262024	1	1	0	0	0	0	0
AF	0	0.262648	3	2	1	0	0	0	0
AF	0	0.262961	2	1	1	0	0	0	0
AF	0	0.263273	1	0	1	0	0	0	0
AF	0	0.263898	3	1	2	0	0	0	0
AF	0	0.264210	1	1	0	0	0	0	0
AF	0	0.264522	1	0	1	0	0	0	0
AF	0	0.265147	1	1	0	0	0	0	0
AF	0	0.265459	1	1	0	0	0	0	0
AF	0	0.266084	1	1	0	0	0	0	0
AF	0	0.266708	1	0	1	0	0	0	0
AF	0	0.267021	1	0	1	0	0	0	0
AF	0	0.268270	1	1	0	0	0	0	0
AF	0	0.270144	1	1	0	0	0	0	0
AF	0	0.270768	2	0	2	0	0	0	0
AF	0	0.273267	1	0	1	0	0	0	0
AF	0	0.273891	1	0	1	0	0	0	0
AF	0	0.274516	1	0	1	0	0	0	0
AF	0	0.275453	2	1	1	0	0	0	0
AF	0	0.275765	1	1	0	0	0	0	0
AF	0	0.276077	1	1	0	0	0	0	0
AF	0	0.276390	1	0	1	0	0	0	0
AF	0	0.277327	1	1	0	0	0	0	0
AF	0	0.277639	2	2	0	0	0	0	0
AF	0	0.278264	2	2	0	0	0	0	0
AF	0	0.278576	1	1	0	0	0	0	0
AF	0	0.278888	3	1	2	0	0	0	0
AF	0	0.279200	2	1	1	0	0	0	0
AF	0	0.279825	3	3	0	0	0	0	0
AF	0	0.280762	2	0	2	0	0	0	0
AF	0	0.281387	1	1	0	0	0	0	0
AF	0	0.282011	4	2	2	0	0	0	0
AF	0	0.282324	2	2	0	0	0	0	0
AF	0	0.282636	1	0	1	0	0	0	0
AF	0	0.282948	1	1	0	0	0	0	0
AF	0	0.283573	1	1	0	0	0	0	0
AF	0	0.284510	1	1	0	0	0	0	0
AF	0	0.286696	1	0	1	0	0	0	0
AF	0	0.287008	1	1	0	0	0	0	0
AF	0	0.287633	2	2	0	0	0	0	0
AF	0	0.288882	2	2	0	0	0	0	0
AF	0	0.289194	3	2	1	0	0	0	0
AF	0	0.290131	2	1	1	0	0	0	0
AF	0	0.290443	1	1	0	0	0	0	0
AF	0	0.290756	1	1	0	0	0	0	0
AF	0	0.291068	2	2	0	0	0	0	0
AF	0	0.291380	2	2	0	0	0	0	0
AF	0	0.291693	1	0	1	0	0	0	0
AF	0	0.293254	1	1	0	0	0	0	0
AF	0	0.295128	1	0	1	0	0	0	0
AF	0	0.295753	1	1	0	0	0	0	0
AF	0	0.296377	1	1	0	0	0	0	0
AF	0	0.297002	1	1	0	0	0	0	0
AF	0	0.297626	2	2	0	0	0	0	0
AF	0	0.298563	1	1	0	0	0	0	0
AF	0	0.299188	1	0	1	0	0	0	0
AF	0	0.300125	2	1	1	0	0	0	0
AF	0	0.300750	2	1	1	0	0	0	0
AF	0	0.301374	1	1	0	0	0	0	0
AF	0	0.302623	1	1	0	0	0	0	0
AF	0	0.303248	2	1	1	0	0	0	0
AF	0	0.303560	2	2	0	0	0	0	0
AF	0	0.304497	2	0	2	0	0	0	0
AF	0	0.305122	4	2	2	0	0	0	0
AF	0	0.306371	2	1	1	0	0	0	0
AF	0	0.307308	1	1	0	0	0	0	0
AF	0	0.307620	2	1	1	0	0	0	0
AF	0	0.308869	1	1	0	0	0	0	0
AF	0	0.309494	3	3	0	0	0	0	0
AF	0	0.309806	1	1	0	0	0	0	0
AF	0	0.310431	1	1	0	0	0	0	0
AF	0	0.310743	1	1	0	0	0	0	0
AF	0	0.311680	1	0	1	0	0	0	0
AF	0	0.311993	3	2	1	0	0	0	0
AF	0	0.312305	2	0	2	0	0	0	0
AF	0	0.312617	1	0	1	0	0	0	0
AF	0	0.316365	1	1	0	0	0	0	0
AF	0	0.317302	1	1	0	0	0	0	0
AF	0	0.317614	2	1	1	0	0	0	0
AF	0	0.317926	1	0	1	0	0	0	0
AF	0	0.318239	1	0	1	0	0	0	0
AF	0	0.320737	2	1	1	0	0	0	0
AF	0	0.321986	1	1	0	0	0	0	0
AF	0	0.323548	1	1	0	0	0	0	0
AF	0	0.324485	2	1	1	0	0	0	0
AF	0	0.324797	1	1	0	0	0	0	0
AF	0	0.325109	1	1	0	0	0	0	0
AF	0	0.325734	4	3	1	0	0	0	0
AF	0	0.326046	2	2	0	0	0	0	0
AF	0	0.326359	5	4	1	0	0	0	0
AF	0	0.326671	1	1	0	0	0	0	0
AF	0	0.326983	2	0	2	0	0	0	0
AF	0	0.327295	2	1	1	0	0	0	0
AF	0	0.328232	1	0	1	0	0	0	0
AF	0	0.328545	1	1	0	0	0	0	0
AF	0	0.330106	1	1	0	0	0	0	0
AF	0	0.331043	1	1	0	0	0	0	0
AF	0	0.331980	3	2	1	0	0	0	0
AF	0	0.332292	1	0	1	0	0	0	0
AF	0	0.332605	1	1	0	0	0	0	0
AF	0	0.332917	1	1	0	0	0	0	0
AF	0	0.333542	1	0	1	0	0	0	0
AF	0	0.335415	1	1	0	0	0	0	0
AF	0	0.335728	1	0	1	0	0	0	0
AF	0	0.336977	1	1	0	0	0	0	0
AF	0	0.338538	1	1	0	0	0	0	0
AF	0	0.339163	1	0	1	0	0	0	0
AF	0	0.340100	1	1	0	0	0	0	0
AF	0	0.341349	1	1	0	0	0	0	0
AF	0	0.341661	1	0	1	0	0	0	0
AF	0	0.342598	1	1	0	0	0	0	0
AF	0	0.344785	1	0	1	0	0	0	0
AF	0	0.345409	1	1	0	0	0	0	0
AF	0	0.347595	1	1	0	0	0	0	0
AF	0	0.348532	2	2	0	0	0	0	0
AF	0	0.352280	1	0	1	0	0	0	0
AF	0	0.352592	1	1	0	0	0	0	0
AF	0	0.353841	1	1	0	0	0	0	0
AF	0	0.355403	2	0	2	0	0	0	0
AF	0	0.355715	1	1	0	0	0	0	0
AF	0	0.356027	1	1	0	0	0	0	0
AF	0	0.356340	1	0	1	0	0	0	0
AF	0	0.356652	1	1	0	0	0	0	0
AF	0	0.357589	1	1	0	0	0	0	0
AF	0	0.359151	1	0	1	0	0	0	0
AF	0	0.362274	2	0	2	0	0	0	0
AF	0	0.362898	1	0	1	0	0	0	0
AF	0	0.363835	3	2	1	0	0	0	0
AF	0	0.365084	3	2	1	0	0	0	0
AF	0	0.365397	2	1	1	0	0	0	0
AF	0	0.365709	2	2	0	0	0	0	0
AF	0	0.366021	3	3	0	0	0	0	0
AF	0	0.366334	1	1	0	0	0	0	0
AF	0	0.366646	1	0	1	0	0	0	0
AF	0	0.366958	1	1	0	0	0	0	0
AF	0	0.367583	2	1	1	0	0	0	0
AF	0	0.367895	4	2	2	0	0	0	0
AF	0	0.368520	3	3	0	0	0	0	0
AF	0	0.369457	2	2	0	0	0	0	0
AF	0	0.370081	1	1	0	0	0	0	0
AF	0	0.370394	1	1	0	0	0	0	0
AF	0	0.370706	2	2	0	0	0	0	0
AF	0	0.371643	3	2	1	0	0	0	0
AF	0	0.371955	1	1	0	0	0	0	0
AF	0	0.372267	1	1	0	0	0	0	0
AF	0	0.372892	3	2	1	0	0	0	0
AF	0	0.373204	2	1	1	0	0	0	0
AF	0	0.373517	3	3	0	0	0	0	0
AF	0	0.373829	3	3	0	0	0	0	0
AF	0	0.374453	2	2	0	0	0	0	0
AF	0	0.374766	1	1	0	0	0	0	0
AF	0	0.375078	4	2	2	0	0	0	0
AF	0	0.375390	1	0	1	0	0	0	0
AF	0	0.375703	1	0	1	0	0	0	0
AF	0	0.376015	4	4	0	0	0	0	0
AF	0	0.376327	1	1	0	0	0	0	0
AF	0	0.376640	3	2	1	0	0	0	0
AF	0	0.377577	1	1	0	0	0	0	0
AF	0	0.378513	1	1	0	0	0	0	0
AF	0	0.379138	2	1	1	0	0	0	0
AF	0	0.379450	1	1	0	0	0	0	0
AF	0	0.379763	3	2	1	0	0	0	0
AF	0	0.380387	1	1	0	0	0	0	0
AF	0	0.381012	2	2	0	0	0	0	0
AF	0	0.381324	1	0	1	0	0	0	0
AF	0	0.382261	4	3	1	0	0	0	0
AF	0	0.382573	2	1	1	0	0	0	0
AF	0	0.382886	7	3	4	0	0	0	0
AF	0	0.383198	3	1	2	0	0	0	0
AF	0	0.383510	9	8	1	0	0	0	0
AF	0	0.383823	2	2	0	0	0	0	0
AF	0	0.384135	2	2	0	0	0	0	0
AF	0	0.384447	2	2	0	0	0	0	0
AF	0	0.384760	3	2	1	0	0	0	0
AF	0	0.385384	1	0	1	0	0	0	0
AF	0	0.385696	1	1	0	0	0	0	0
AF	0	0.386009	2	1	1	0	0	0	0
AF	0	0.386321	1	1	0	0	0	0	0
AF	0	0.386633	3	3	0	0	0	0	0
AF	0	0.386946	1	1	0	0	0	0	0
AF	0	0.387570	1	0	1	0	0	0	0
AF	0	0.387883	1	1	0	0	0	0	0
AF	0	0.388507	2	2	0	0	0	0	0
AF	0	0.389132	1	1	0	0	0	0	0
AF	0	0.389756	2	1	1	0	0	0	0
AF	0	0.390069	2	1	1	0	0	0	0
AF	0	0.390381	2	2	0	0	0	0	0
AF	0	0.390693	4	2	2	0	0	0	0
AF	0	0.391630	2	2	0	0	0	0	0
AF	0	0.392255	1	1	0	0	0	0	0
AF	0	0.393192	1	1	0	0	0	0	0
AF	0	0.393504	2	1	1	0	0	0	0
AF	0	0.393816	1	0	1	0	0	0	0
AF	0	0.394753	3	2	1	0	0	0	0
AF	0	0.395066	1	1	0	0	0	0	0
AF	0	0.395378	2	0	2	0	0	0	0
AF	0	0.396002	1	1	0	0	0	0	0
AF	0	0.397252	1	1	0	0	0	0	0
AF	0	0.397564	1	1	0	0	0	0	0
AF	0	0.397876	1	1	0	0	0	0	0
AF	0	0.398189	2	2	0	0	0	0	0
AF	0	0.398501	2	1	1	0	0	0	0
AF	0	0.399126	1	0	1	0	0	0	0
AF	0	0.399750	4	2	2	0	0	0	0
AF	0	0.400375	1	1	0	0	0	0	0
AF	0	0.400999	1	0	1	0	0	0	0
AF	0	0.403498	3	2	1	0	0	0	0
AF	0	0.404122	1	1	0	0	0	0	0
AF	0	0.404747	1	0	1	0	0	0	0
AF	0	0.405372	3	2	1	0	0	0	0
AF	0	0.405996	2	2	0	0	0	0	0
AF	0	0.406309	3	3	0	0	0	0	0
AF	0	0.406933	2	2	0	0	0	0	0
AF	0	0.408182	1	1	0	0	0	0	0
AF	0	0.408495	1	1	0	0	0	0	0
AF	0	0.408807	1	0	1	0	0	0	0
AF	0	0.409432	2	2	0	0	0	0	0
AF	0	0.409744	2	1	1	0	0	0	0
AF	0	0.410056	1	1	0	0	0	0	0
AF	0	0.410369	3	2	1	0	0	0	0
AF	0	0.410681	2	0	2	0	0	0	0
AF	0	0.410993	2	1	1	0	0	0	0
AF	0	0.411618	1	1	0	0	0	0	0
AF	0	0.411930	1	0	1	0	0	0	0
AF	0	0.412242	1	1	0	0	0	0	0
AF	0	0.412867	1	1	0	0	0	0	0
AF	0	0.413179	1	0	1	0	0	0	0
AF	0	0.413492	1	0	1	0	0	0	0
AF	0	0.415053	2	0	2	0	0	0	0
AF	0	0.415990	4	3	1	0	0	0	0
AF	0	0.416615	1	1	0	0	0	0	0
AF	0	0.416927	1	1	0	0	0	0	0
AF	0	0.417864	4	2	2	0	0	0	0
AF	0	0.418801	1	0	1	0	0	0	0
AF	0	0.419113	1	1	0	0	0	0	0
AF	0	0.419425	1	0	1	0	0	0	0
AF	0	0.419738	5	4	1	0	0	0	0
AF	0	0.420050	2	2	0	0	0	0	0
AF	0	0.420362	3	1	2	0	0	0	0
AF	0	0.420987	1	1	0	0	0	0	0
AF	0	0.421924	1	0	1	0	0	0	0
AF	0	0.422236	1	1	0	0	0	0	0
AF	0	0.422548	2	2	0	0	0	0	0
AF	0	0.422861	1	0	1	0	0	0	0
AF	0	0.423798	1	1	0	0	0	0	0
AF	0	0.424735	1	0	1	0	0	0	0
AF	0	0.425671	1	0	1	0	0	0	0
AF	0	0.426921	1	0	1	0	0	0	0
AF	0	0.427233	2	2	0	0	0	0	0
AF	0	0.427545	1	1	0	0	0	0	0
AF	0	0.428170	1	1	0	0	0	0	0
AF	0	0.429731	1	0	1	0	0	0	0
AF	0	0.430356	1	0	1	0	0	0	0
AF	0	0.431605	2	1	1	0	0	0	0
AF	0	0.431918	1	0	1	0	0	0	0
AF	0	0.432230	2	2	0	0	0	0	0
AF	0	0.432854	1	1	0	0	0	0	0
AF	0	0.433479	1	0	1	0	0	0	0
AF	0	0.433791	2	1	1	0	0	0	0
AF	0	0.434416	1	1	0	0	0	0	0
AF	0	0.434728	1	1	0	0	0	0	0
AF	0	0.435978	1	0	1	0	0	0	0
AF	0	0.437227	1	1	0	0	0	0	0
AF	0	0.437539	1	1	0	0	0	0	0
AF	0	0.438164	1	1	0	0	0	0	0
AF	0	0.439101	2	2	0	0	0	0	0
AF	0	0.439725	1	1	0	0	0	0	0
AF	0	0.440037	1	0	1	0	0	0	0
AF	0	0.440662	1	1	0	0	0	0	0
AF	0	0.441599	1	1	0	0	0	0	0
AF	0	0.442848	2	1	1	0	0	0	0
AF	0	0.443473	2	1	1	0	0	0	0
AF	0	0.444410	1	1	0	0	0	0	0
AF	0	0.444722	1	0	1	0	0	0	0
AF	0	0.445034	1	1	0	0	0	0	0
AF	0	0.445659	1	0	1	0	0	0	0
AF	0	0.445971	1	0	1	0	0	0	0
AF	0	0.446284	1	1	0	0	0	0	0
AF	0	0.446908	1	0	1	0	0	0	0
AF	0	0.449094	1	1	0	0	0	0	0
AF	0	0.450656	1	1	0	0	0	0	0
AF	0	0.452217	1	1	0	0	0	0	0
AF	0	0.452842	1	0	1	0	0	0	0
AF	0	0.454403	2	1	1	0	0	0	0
AF	0	0.455028	1	1	0	0	0	0	0
AF	0	0.455965	1	0	1	0	0	0	0
AF	0	0.456902	2	2	0	0	0	0	0
AF	0	0.457527	2	0	2	0	0	0	0
AF	0	0.458151	1	1	0	0	0	0	0
AF	0	0.458463	1	1	0	0	0	0	0
AF	0	0.460025	1	1	0	0	0	0	0
AF	0	0.460650	4	3	1	0	0	0	0
AF	0	0.461274	1	1	0	0	0	0	0
AF	0	0.461587	3	2	1	0	0	0	0
AF	0	0.461899	2	1	1	0	0	0	0
AF	0	0.462211	1	1	0	0	0	0	0
AF	0	0.462523	2	1	1	0	0	0	0
AF	0	0.463148	2	1	1	0	0	0	0
AF	0	0.463773	1	1	0	0	0	0	0
AF	0	0.464085	1	1	0	0	0	0	0
AF	0	0.464397	1	1	0	0	0	0	0
AF	0	0.465022	1	0	1	0	0	0	0
AF	0	0.465646	1	1	0	0	0	0	0
AF	0	0.465959	1	1	0	0	0	0	0
AF	0	0.466271	1	0	1	0	0	0	0
AF	0	0.466583	1	1	0	0	0	0	0
AF	0	0.467208	1	1	0	0	0	0	0
AF	0	0.468770	2	2	0	0	0	0	0
AF	0	0.469082	1	1	0	0	0	0	0
AF	0	0.469706	1	1	0	0	0	0	0
AF	0	0.470019	2	1	1	0	0	0	0
AF	0	0.470643	2	1	1	0	0	0	0
AF	0	0.470956	1	1	0	0	0	0	0
AF	0	0.471580	1	0	1	0	0	0	0
AF	0	0.472205	1	1	0	0	0	0	0
AF	0	0.472517	1	1	0	0	0	0	0
AF	0	0.473766	2	1	1	0	0	0	0
AF	0	0.474079	1	1	0	0	0	0	0
AF	0	0.474391	1	1	0	0	0	0	0
AF	0	0.475016	1	0	1	0	0	0	0
AF	0	0.475640	1	1	0	0	0	0	0
AF	0	0.475953	1	1	0	0	0	0	0
AF	0	0.476265	2	2	0	0	0	0	0
AF	0	0.476577	1	0	1	0	0	0	0
AF	0	0.477514	1	0	1	0	0	0	0
AF	0	0.478139	1	1	0	0	0	0	0
AF	0	0.478451	1	1	0	0	0	0	0
AF	0	0.478763	1	1	0	0	0	0	0
AF	0	0.480637	1	0	1	0	0	0	0
AF	0	0.481262	2	0	2	0	0	0	0
AF	0	0.483760	2	1	1	0	0	0	0
AF	0	0.485009	1	0	1	0	0	0	0
AF	0	0.485634	1	1	0	0	0	0	0
AF	0	0.487820	1	1	0	0	0	0	0
AF	0	0.489069	1	1	0	0	0	0	0
AF	0	0.489694	1	1	0	0	0	0	0
AF	0	0.490006	4	1	3	0	0	0	0
AF	0	0.490631	1	1	0	0	0	0	0
AF	0	0.490943	2	1	1	0	0	0	0
AF	0	0.491255	1	1	0	0	0	0	0
AF	0	0.491880	1	1	0	0	0	0	0
AF	0	0.493442	1	0	1	0	0	0	0
AF	0	0.494379	1	1	0	0	0	0	0
AF	0	0.495003	1	1	0	0	0	0	0
AF	0	0.495628	1	1	0	0	0	0	0
AF	0	0.496565	1	1	0	0	0	0	0
AF	0	0.497189	1	0	1	0	0	0	0
AF	0	0.498126	1	1	0	0	0	0	0
AF	0	0.498438	2	0	2	0	0	0	0
AF	0	0.498751	1	1	0	0	0	0	0
AF	0	0.499375	3	2	1	0	0	0	0
AF	0	0.499688	3	1	2	0	0	0	0
AF	0	0.500000	1	1	0	0	0	0	0
AF	0	0.500312	1	1	0	0	0	0	0
AF	0	0.500625	3	3	0	0	0	0	0
AF	0	0.500937	1	1	0	0	0	0	0
AF	0	0.501249	2	2	0	0	0	0	0
AF	0	0.501562	1	1	0	0	0	0	0
AF	0	0.501874	1	1	0	0	0	0	0
AF	0	0.502498	1	1	0	0	0	0	0
AF	0	0.502811	1	1	0	0	0	0	0
AF	0	0.503435	1	1	0	0	0	0	0
AF	0	0.503748	1	1	0	0	0	0	0
AF	0	0.504372	1	0	1	0	0	0	0
AF	0	0.505309	1	1	0	0	0	0	0
AF	0	0.505621	1	1	0	0	0	0	0
AF	0	0.505934	1	1	0	0	0	0	0
AF	0	0.506246	1	0	1	0	0	0	0
AF	0	0.506558	1	1	0	0	0	0	0
AF	0	0.506871	2	1	1	0	0	0	0
AF	0	0.507183	1	0	1	0	0	0	0
AF	0	0.507808	2	2	0	0	0	0	0
AF	0	0.508120	3	2	1	0	0	0	0
AF	0	0.509369	4	4	0	0	0	0	0
AF	0	0.509994	2	1	1	0	0	0	0
AF	0	0.511243	2	2	0	0	0	0	0
AF	0	0.511868	1	1	0	0	0	0	0
AF	0	0.512180	1	1	0	0	0	0	0
AF	0	0.513117	1	0	1	0	0	0	0
AF	0	0.513741	1	1	0	0	0	0	0
AF	0	0.514991	1	0	1	0	0	0	0
AF	0	0.516240	1	1	0	0	0	0	0
AF	0	0.516552	1	1	0	0	0	0	0
AF	0	0.516864	1	1	0	0	0	0	0
AF	0	0.518114	2	1	1	0	0	0	0
AF	0	0.519675	1	1	0	0	0	0	0
AF	0	0.520300	1	0	1	0	0	0	0
AF	0	0.520612	2	1	1	0	0	0	0
AF	0	0.521237	3	2	1	0	0	0	0
AF	0	0.521549	1	1	0	0	0	0	0
AF	0	0.521861	2	2	0	0	0	0	0
AF	0	0.523111	1	1	0	0	0	0	0
AF	0	0.524360	1	1	0	0	0	0	0
AF	0	0.524672	1	0	1	0	0	0	0
AF	0	0.524984	1	1	0	0	0	0	0
AF	0	0.526858	1	1	0	0	0	0	0
AF	0	0.527171	2	0	2	0	0	0	0
AF	0	0.528107	3	1	2	0	0	0	0
AF	0	0.528420	1	0	1	0	0	0	0
AF	0	0.528732	1	1	0	0	0	0	0
AF	0	0.529981	4	3	1	0	0	0	0
AF	0	0.530294	1	1	0	0	0	0	0
AF	0	0.530606	3	2	1	0	0	0	0
AF	0	0.531230	1	0	1	0	0	0	0
AF	0	0.531543	2	1	1	0	0	0	0
AF	0	0.531855	9	8	1	0	0	0	0
AF	0	0.532167	1	1	0	0	0	0	0
AF	0	0.532480	3	3	0	0	0	0	0
AF	0	0.532792	1	0	1	0	0	0	0
AF	0	0.533417	1	1	0	0	0	0	0
AF	0	0.533729	3	2	1	0	0	0	0
AF	0	0.534354	2	2	0	0	0	0	0
AF	0	0.534666	2	2	0	0	0	0	0
AF	0	0.534978	4	3	1	0	0	0	0
AF	0	0.535290	1	1	0	0	0	0	0
AF	0	0.535603	4	3	1	0	0	0	0
AF	0	0.535915	1	1	0	0	0	0	0
AF	0	0.536540	1	1	0	0	0	0	0
AF	0	0.536852	3	1	2	0	0	0	0
AF	0	0.538101	4	3	1	0	0	0	0
AF	0	0.538726	2	1	1	0	0	0	0
AF	0	0.539350	2	2	0	0	0	0	0
AF	0	0.539663	1	1	0	0	0	0	0
AF	0	0.540600	2	1	1	0	0	0	0
AF	0	0.541224	2	2	0	0	0	0	0
AF	0	0.541849	7	5	2	0	0	0	0
AF	0	0.542473	4	3	1	0	0	0	0
AF	0	0.542786	1	1	0	0	0	0	0
AF	0	0.543098	1	1	0	0	0	0	0
AF	0	0.543723	1	1	0	0	0	0	0
AF	0	0.544660	1	1	0	0	0	0	0
AF	0	0.545597	1	1	0	0	0	0	0
AF	0	0.547783	1	0	1	0	0	0	0
AF	0	0.548095	1	1	0	0	0	0	0
AF	0	0.548720	1	0	1	0	0	0	0
AF	0	0.550593	2	1	1	0	0	0	0
AF	0	0.550906	1	1	0	0	0	0	0
AF	0	0.551218	1	1	0	0	0	0	0
AF	0	0.551530	1	1	0	0	0	0	0
AF	0	0.552467	1	1	0	0	0	0	0
AF	0	0.553404	1	0	1	0	0	0	0
AF	0	0.553716	2	0	2	0	0	0	0
AF	0	0.554653	1	1	0	0	0	0	0
AF	0	0.554966	2	1	1	0	0	0	0
AF	0	0.555278	4	3	1	0	0	0	0
AF	0	0.555903	2	2	0	0	0	0	0
AF	0	0.556215	1	1	0	0	0	0	0
AF	0	0.556527	1	0	1	0	0	0	0
AF	0	0.557776	1	0	1	0	0	0	0
AF	0	0.558089	1	1	0	0	0	0	0
AF	0	0.558401	2	1	1	0	0	0	0
AF	0	0.559026	1	1	0	0	0	0	0
AF	0	0.559338	1	1	0	0	0	0	0
AF	0	0.559650	1	1	0	0	0	0	0
AF	0	0.560275	2	1	1	0	0	0	0
AF	0	0.560587	1	1	0	0	0	0	0
AF	0	0.560899	1	1	0	0	0	0	0
AF	0	0.561212	1	0	1	0	0	0	0
AF	0	0.562149	1	0	1	0	0	0	0
AF	0	0.562773	2	2	0	0	0	0	0
AF	0	0.563398	1	0	1	0	0	0	0
AF	0	0.564022	2	1	1	0	0	0	0
AF	0	0.564647	3	2	1	0	0	0	0
AF	0	0.564959	1	1	0	0	0	0	0
AF	0	0.565272	1	0	1	0	0	0	0
AF	0	0.565896	2	2	0	0	0	0	0
AF	0	0.566209	1	0	1	0	0	0	0
AF	0	0.566521	1	1	0	0	0	0	0
AF	0	0.568395	1	0	1	0	0	0	0
AF	0	0.569019	1	0	1	0	0	0	0
AF	0	0.569332	1	1	0	0	0	0	0
AF	0	0.569644	1	0	1	0	0	0	0
AF	0	0.572142	1	1	0	0	0	0	0
AF	0	0.573079	1	1	0	0	0	0	0
AF	0	0.574329	1	1	0	0	0	0	0
AF	0	0.574641	4	2	2	0	0	0	0
AF	0	0.574953	1	1	0	0	0	0	0
AF	0	0.575890	3	2	1	0	0	0	0
AF	0	0.576202	1	0	1	0	0	0	0
AF	0	0.576515	4	4	0	0	0	0	0
AF	0	0.576827	4	3	1	0	0	0	0
AF	0	0.577139	5	4	1	0	0	0	0
AF	0	0.577452	2	2	0	0	0	0	0
AF	0	0.577764	2	0	2	0	0	0	0
AF	0	0.580262	1	0	1	0	0	0	0
AF	0	0.581199	1	1	0	0	0	0	0
AF	0	0.581512	1	0	1	0	0	0	0
AF	0	0.581824	1	1	0	0	0	0	0
AF	0	0.583073	1	1	0	0	0	0	0
AF	0	0.583385	1	0	1	0	0	0	0
AF	0	0.584010	3	3	0	0	0	0	0
AF	0	0.584322	2	1	1	0	0	0	0
AF	0	0.585259	1	1	0	0	0	0	0
AF	0	0.585572	1	1	0	0	0	0	0
AF	0	0.587445	2	2	0	0	0	0	0
AF	0	0.588070	1	0	1	0	0	0	0
AF	0	0.588382	1	1	0	0	0	0	0
AF	0	0.588695	1	1	0	0	0	0	0
AF	0	0.589631	1	1	0	0	0	0	0
AF	0	0.590256	1	1	0	0	0	0	0
AF	0	0.590568	1	1	0	0	0	0	0
AF	0	0.590881	1	0	1	0	0	0	0
AF	0	0.591193	1	0	1	0	0	0	0
AF	0	0.594316	1	1	0	0	0	0	0
AF	0	0.594628	1	1	0	0	0	0	0
AF	0	0.596190	1	0	1	0	0	0	0
AF	0	0.596502	1	1	0	0	0	0	0
AF	0	0.597127	1	1	0	0	0	0	0
AF	0	0.597751	1	0	1	0	0	0	0
AF	0	0.598688	1	1	0	0	0	0	0
AF	0	0.599938	1	1	0	0	0	0	0
AF	0	0.600562	1	1	0	0	0	0	0
AF	0	0.600874	1	0	1	0	0	0	0
AF	0	0.601187	1	0	1	0	0	0	0
AF	0	0.602436	2	0	2	0	0	0	0
AF	0	0.603373	1	1	0	0	0	0	0
AF	0	0.604622	1	0	1	0	0	0	0
AF	0	0.605247	2	1	1	0	0	0	0
AF	0	0.605559	1	1	0	0	0	0	0
AF	0	0.605871	2	2	0	0	0	0	0
AF	0	0.606496	1	1	0	0	0	0	0
AF	0	0.606808	2	2	0	0	0	0	0
AF	0	0.607121	2	0	2	0	0	0	0
AF	0	0.608682	1	0	1	0	0	0	0
AF	0	0.608994	1	1	0	0	0	0	0
AF	0	0.609307	2	0	2	0	0	0	0
AF	0	0.610244	1	1	0	0	0	0	0
AF	0	0.610556	1	1	0	0	0	0	0
AF	0	0.611493	2	0	2	0	0	0	0
AF	0	0.614616	1	1	0	0	0	0	0
AF	0	0.614928	2	2	0	0	0	0	0
AF	0	0.617739	3	2	1	0	0	0	0
AF	0	0.618676	1	1	0	0	0	0	0
AF	0	0.618988	1	0	1	0	0	0	0
AF	0	0.619300	1	0	1	0	0	0	0
AF	0	0.619613	1	0	1	0	0	0	0
AF	0	0.619925	2	1	1	0	0	0	0
AF	0	0.620237	1	0	1	0	0	0	0
AF	0	0.621174	1	0	1	0	0	0	0
AF	0	0.621487	3	2	1	0	0	0	0
AF	0	0.622111	1	1	0	0	0	0	0
AF	0	0.622423	2	2	0	0	0	0	0
AF	0	0.622736	1	0	1	0	0	0	0
AF	0	0.624922	2	2	0	0	0	0	0
AF	0	0.625234	2	1	1	0	0	0	0
AF	0	0.627108	3	2	1	0	0	0	0
AF	0	0.627420	4	4	0	0	0	0	0
AF	0	0.627733	7	4	3	0	0	0	0
AF	0	0.628045	3	2	1	0	0	0	0
AF	0	0.628670	1	1	0	0	0	0	0
AF	0	0.628982	1	0	1	0	0	0	0
AF	0	0.630543	1	0	1	0	0	0	0
AF	0	0.631480	1	1	0	0	0	0	0
AF	0	0.633354	1	0	1	0	0	0	0
AF	0	0.633979	1	0	1	0	0	0	0
AF	0	0.634603	1	1	0	0	0	0	0
AF	0	0.635853	2	2	0	0	0	0	0
AF	0	0.636477	1	1	0	0	0	0	0
AF	0	0.636790	1	0	1	0	0	0	0
AF	0	0.637102	3	3	0	0	0	0	0
AF	0	0.637414	1	0	1	0	0	0	0
AF	0	0.638351	2	1	1	0	0	0	0
AF	0	0.638663	2	2	0	0	0	0	0
AF	0	0.639288	4	2	2	0	0	0	0
AF	0	0.639600	8	6	2	0	0	0	0
AF	0	0.639913	2	1	1	0	0	0	0
AF	0	0.640225	5	5	0	0	0	0	0
AF	0	0.640537	2	2	0	0	0	0	0
AF	0	0.641786	2	0	2	0	0	0	0
AF	0	0.642099	1	1	0	0	0	0	0
AF	0	0.642411	1	1	0	0	0	0	0
AF	0	0.642723	1	1	0	0	0	0	0
AF	0	0.643036	2	1	1	0	0	0	0
AF	0	0.643348	1	1	0	0	0	0	0
AF	0	0.644285	2	0	2	0	0	0	0
AF	0	0.644597	4	3	1	0	0	0	0
AF	0	0.644909	1	1	0	0	0	0	0
AF	0	0.645222	9	7	2	0	0	0	0
AF	0	0.645846	1	0	1	0	0	0	0
AF	0	0.646159	2	2	0	0	0	0	0
AF	0	0.646471	2	1	1	0	0	0	0
AF	0	0.646783	2	1	1	0	0	0	0
AF	0	0.647096	3	1	2	0	0	0	0
AF	0	0.647408	1	1	0	0	0	0	0
AF	0	0.647720	2	2	0	0	0	0	0
AF	0	0.648032	1	0	1	0	0	0	0
AF	0	0.648345	3	3	0	0	0	0	0
AF	0	0.649282	1	1	0	0	0	0	0
AF	0	0.649906	2	1	1	0	0	0	0
AF	0	0.650219	3	3	0	0	0	0	0
AF	0	0.651780	1	1	0	0	0	0	0
AF	0	0.652092	2	1	1	0	0	0	0
AF	0	0.652405	1	1	0	0	0	0	0
AF	0	0.652717	1	0	1	0	0	0	0
AF	0	0.653029	1	1	0	0	0	0	0
AF	0	0.653654	1	1	0	0	0	0	0
AF	0	0.653966	1	1	0	0	0	0	0
AF	0	0.654279	1	0	1	0	0	0	0
AF	0	0.654591	2	1	1	0	0	0	0
AF	0	0.655840	3	3	0	0	0	0	0
AF	0	0.656777	1	1	0	0	0	0	0
AF	0	0.657089	1	1	0	0	0	0	0
AF	0	0.658339	1	1	0	0	0	0	0
AF	0	0.658963	1	1	0	0	0	0	0
AF	0	0.659275	2	2	0	0	0	0	0
AF	0	0.659588	1	1	0	0	0	0	0
AF	0	0.661462	1	1	0	0	0	0	0
AF	0	0.661774	2	2	0	0	0	0	0
AF	0	0.662399	1	1	0	0	0	0	0
AF	0	0.663335	3	1	2	0	0	0	0
AF	0	0.663648	1	0	1	0	0	0	0
AF	0	0.663960	1	1	0	0	0	0	0
AF	0	0.664272	1	1	0	0	0	0	0
AF	0	0.664585	1	1	0	0	0	0	0
AF	0	0.664897	1	0	1	0	0	0	0
AF	0	0.665834	1	0	1	0	0	0	0
AF	0	0.666146	1	1	0	0	0	0	0
AF	0	0.666771	2	0	2	0	0	0	0
AF	0	0.667083	1	1	0	0	0	0	0
AF	0	0.667395	3	2	1	0	0	0	0
AF	0	0.667708	1	1	0	0	0	0	0
AF	0	0.668020	2	2	0	0	0	0	0
AF	0	0.668645	3	3	0	0	0	0	0
AF	0	0.668957	1	1	0	0	0	0	0
AF	0	0.669269	1	1	0	0	0	0	0
AF	0	0.669582	2	0	2	0	0	0	0
AF	0	0.669894	1	1	0	0	0	0	0
AF	0	0.671143	1	1	0	0	0	0	0
AF	0	0.671768	1	1	0	0	0	0	0
AF	0	0.673017	1	1	0	0	0	0	0
AF	0	0.673641	1	1	0	0	0	0	0
AF	0	0.673954	1	0	1	0	0	0	0
AF	0	0.674266	1	1	0	0	0	0	0
AF	0	0.676140	1	1	0	0	0	0	0
AF	0	0.678951	1	0	1	0	0	0	0
AF	0	0.679263	1	1	0	0	0	0	0
AF	0	0.679575	1	1	0	0	0	0	0
AF	0	0.680512	2	1	1	0	0	0	0
AF	0	0.681137	1	1	0	0	0	0	0
AF	0	0.681449	1	1	0	0	0	0	0
AF	0	0.682698	1	1	0	0	0	0	0
AF	0	0.683635	1	0	1	0	0	0	0
AF	0	0.684572	1	1	0	0	0	0	0
AF	0	0.685509	3	2	1	0	0	0	0
AF	0	0.685821	1	1	0	0	0	0	0
AF	0	0.686134	1	1	0	0	0	0	0
AF	0	0.686446	1	1	0	0	0	0	0
AF	0	0.686758	2	1	1	0	0	0	0
AF	0	0.687071	2	1	1	0	0	0	0
AF	0	0.689881	2	0	2	0	0	0	0
AF	0	0.690506	1	1	0	0	0	0	0
AF	0	0.691131	1	1	0	0	0	0	0
AF	0	0.691755	1	0	1	0	0	0	0
AF	0	0.692692	1	1	0	0	0	0	0
AF	0	0.693004	1	1	0	0	0	0	0
AF	0	0.693317	3	1	2	0	0	0	0
AF	0	0.693629	4	1	3	0	0	0	0
AF	0	0.693941	1	1	0	0	0	0	0
AF	0	0.694254	1	1	0	0	0	0	0
AF	0	0.694878	1	1	0	0	0	0	0
AF	0	0.696127	1	1	0	0	0	0	0
AF	0	0.698938	1	0	1	0	0	0	0
AF	0	0.699250	2	1	1	0	0	0	0
AF	0	0.699563	1	0	1	0	0	0	0
AF	0	0.699875	1	1	0	0	0	0	0
AF	0	0.700187	1	1	0	0	0	0	0
AF	0	0.701437	1	1	0	0	0	0	0
AF	0	0.701749	1	1	0	0	0	0	0
AF	0	0.707995	1	1	0	0	0	0	0
AF	0	0.709869	2	1	1	0	0	0	0
AF	0	0.710493	1	1	0	0	0	0	0
AF	0	0.711118	2	2	0	0	0	0	0
AF	0	0.711430	1	1	0	0	0	0	0
AF	0	0.711743	1	0	1	0	0	0	0
AF	0	0.712992	2	2	0	0	0	0	0
AF	0	0.713616	2	1	1	0	0	0	0
AF	0	0.714241	1	0	1	0	0	0	0
AF	0	0.715178	1	1	0	0	0	0	0
AF	0	0.716115	1	0	1	0	0	0	0
AF	0	0.716740	2	1	1	0	0	0	0
AF	0	0.718613	1	1	0	0	0	0	0
AF	0	0.718926	1	1	0	0	0	0	0
AF	0	0.722049	1	1	0	0	0	0	0
AF	0	0.723610	1	0	1	0	0	0	0
AF	0	0.724547	2	0	2	0	0	0	0
AF	0	0.725484	1	1	0	0	0	0	0
AF	0	0.727358	1	1	0	0	0	0	0
AF	0	0.729232	1	1	0	0	0	0	0
AF	0	0.731106	1	1	0	0	0	0	0
AF	0	0.731730	2	2	0	0	0	0	0
AF	0	0.733916	1	1	0	0	0	0	0
AF	0	0.734229	1	0	1	0	0	0	0
AF	0	0.735166	1	1	0	0	0	0	0
AF	0	0.735478	1	1	0	0	0	0	0
AF	0	0.736102	1	0	1	0	0	0	0
AF	0	0.737039	1	1	0	0	0	0	0
AF	0	0.737352	1	0	1	0	0	0	0
AF	0	0.738289	2	2	0	0	0	0	0
AF	0	0.739225	2	2	0	0	0	0	0
AF	0	0.740162	1	1	0	0	0	0	0
AF	0	0.740475	1	1	0	0	0	0	0
AF	0	0.742973	1	1	0	0	0	0	0
AF	0	0.743285	1	1	0	0	0	0	0
AF	0	0.743598	1	1	0	0	0	0	0
AF	0	0.744222	1	0	1	0	0	0	0
AF	0	0.744535	1	1	0	0	0	0	0
AF	0	0.744847	5	1	4	0	0	0	0
AF	0	0.745159	1	1	0	0	0	0	0
AF	0	0.745472	2	2	0	0	0	0	0
AF	0	0.746721	1	0	1	0	0	0	0
AF	0	0.747033	1	0	1	0	0	0	0
AF	0	0.747970	2	2	0	0	0	0	0
AF	0	0.748282	1	0	1	0	0	0	0
AF	0	0.748595	1	0	1	0	0	0	0
AF	0	0.749219	1	1	0	0	0	0	0
AF	0	0.750468	1	0	1	0	0	0	0
AF	0	0.751093	1	0	1	0	0	0	0
AF	0	0.751405	1	1	0	0	0	0	0
AF	0	0.752342	1	0	1	0	0	0	0
AF	0	0.752967	2	1	1	0	0	0	0
AF	0	0.754841	1	1	0	0	0	0	0
AF	0	0.756715	1	1	0	0	0	0	0
AF	0	0.757651	1	1	0	0	0	0	0
AF	0	0.759213	1	1	0	0	0	0	0
AF	0	0.759838	1	1	0	0	0	0	0
AF	0	0.760150	2	1	1	0	0	0	0
AF	0	0.760462	1	1	0	0	0	0	0
AF	0	0.761711	3	2	1	0	0	0	0
AF	0	0.762336	2	1	1	0	0	0	0
AF	0	0.764834	1	1	0	0	0	0	0
AF	0	0.765459	1	0	1	0	0	0	0
AF	0	0.765771	2	2	0	0	0	0	0
AF	0	0.766396	1	0	1	0	0	0	0
AF	0	0.767021	2	0	2	0	0	0	0
AF	0	0.767333	3	3	0	0	0	0	0
AF	0	0.769207	1	1	0	0	0	0	0
AF	0	0.771081	1	0	1	0	0	0	0
AF	0	0.771393	1	1	0	0	0	0	0
AF	0	0.772642	1	1	0	0	0	0	0
AF	0	0.774516	1	1	0	0	0	0	0
AF	0	0.778576	1	1	0	0	0	0	0
AF	0	0.782636	1	1	0	0	0	0	0
AF	0	0.789819	1	1	0	0	0	0	0
AF	0	0.791068	1	0	1	0	0	0	0
AF	0	0.793254	1	1	0	0	0	0	0
AF	0	0.793879	2	1	1	0	0	0	0
AF	0	0.794816	1	1	0	0	0	0	0
AF	0	0.795128	1	1	0	0	0	0	0
AF	0	0.795753	2	2	0	0	0	0	0
AF	0	0.796377	2	1	1	0	0	0	0
AF	0	0.797002	2	2	0	0	0	0	0
AF	0	0.798876	1	1	0	0	0	0	0
AF	0	0.801062	1	1	0	0	0	0	0
AF	0	0.803873	1	0	1	0	0	0	0
AF	0	0.804809	1	1	0	0	0	0	0
AF	0	0.805122	2	1	1	0	0	0	0
AF	0	0.805746	1	1	0	0	0	0	0
AF	0	0.806996	1	1	0	0	0	0	0
AF	0	0.807933	2	2	0	0	0	0	0
AF	0	0.808869	2	2	0	0	0	0	0
AF	0	0.809182	1	1	0	0	0	0	0
AF	0	0.809494	1	1	0	0	0	0	0
AF	0	0.816989	1	0	1	0	0	0	0
AF	0	0.819176	1	0	1	0	0	0	0
AF	0	0.820425	2	2	0	0	0	0	0
AF	0	0.821362	1	0	1	0	0	0	0
AF	0	0.821986	1	1	0	0	0	0	0
AF	0	0.844160	1	1	0	0	0	0	0
AF	0	0.846346	1	1	0	0	0	0	0
AF	0	0.846971	1	0	1	0	0	0	0
AF	0	0.850718	1	1	0	0	0	0	0
AF	0	0.851343	1	1	0	0	0	0	0
AF	0	0.851655	2	1	1	0	0	0	0
AF	0	0.851968	1	0	1	0	0	0	0
AF	0	0.852592	1	0	1	0	0	0	0
AF	0	0.853529	1	1	0	0	0	0	0
AF	0	0.856340	1	1	0	0	0	0	0
AF	0	0.856964	2	1	1	0	0	0	0
AF	0	0.859775	1	1	0	0	0	0	0
AF	0	0.860087	2	1	1	0	0	0	0
AF	0	0.860712	1	1	0	0	0	0	0
AF	0	0.861649	1	0	1	0	0	0	0
AF	0	0.862898	1	1	0	0	0	0	0
AF	0	0.863210	3	3	0	0	0	0	0
AF	0	0.863835	2	2	0	0	0	0	0
AF	0	0.864772	1	1	0	0	0	0	0
AF	0	0.865397	1	0	1	0	0	0	0
AF	0	0.865709	2	2	0	0	0	0	0
AF	0	0.868832	1	1	0	0	0	0	0
AF	0	0.870081	1	1	0	0	0	0	0
AF	0	0.880700	1	0	1	0	0	0	0
AF	0	0.881324	2	1	1	0	0	0	0
AF	0	0.882261	1	1	0	0	0	0	0
AF	0	0.882886	1	1	0	0	0	0	0
AF	0	0.884760	2	1	1	0	0	0	0
AF	0	0.885072	5	3	2	0	0	0	0
AF	0	0.886321	1	0	1	0	0	0	0
AF	0	0.887258	1	1	0	0	0	0	0
AF	0	0.894753	1	1	0	0	0	0	0
AF	0	0.897252	1	1	0	0	0	0	0
AF	0	0.901624	1	1	0	0	0	0	0
AF	0	0.904122	1	1	0	0	0	0	0
AF	0	0.904747	1	0	1	0	0	0	0
AF	0	0.912242	2	2	0	0	0	0	0
AF	0	0.916615	1	0	1	0	0	0	0
AF	0	0.917239	1	1	0	0	0	0	0
AF	0	0.917864	1	1	0	0	0	0	0
AF	0	0.918488	1	1	0	0	0	0	0
AF	0	0.920050	1	0	1	0	0	0	0
AF	0	0.921611	1	1	0	0	0	0	0
AF	0	0.922236	1	1	0	0	0	0	0
AF	0	0.923798	2	2	0	0	0	0	0
AF	0	0.924110	1	1	0	0	0	0	0
AF	0	0.926921	1	1	0	0	0	0	0
AF	0	0.927233	2	1	1	0	0	0	0
AF	0	0.930981	1	1	0	0	0	0	0
AF	0	0.932854	1	0	1	0	0	0	0
AF	0	0.946596	1	1	0	0	0	0	0
AF	0	0.948470	1	0	1	0	0	0	0
AF	0	0.959713	1	0	1	0	0	0	0
AF	0	0.960337	1	1	0	0	0	0	0
AF	0	0.964710	1	1	0	0	0	0	0
AF	0	0.969394	1	1	0	0	0	0	0
AF	0	0.970643	1	0	1	0	0	0	0
AF	0	0.972205	1	0	1	0	0	0	0
AF	0	0.972829	1	1	0	0	0	0	0
AF	0	0.973142	1	0	1	0	0	0	0
AF	0	0.974079	1	1	0	0	0	0	0
AF	0	0.975328	1	1	0	0	0	0	0
AF	0	0.975640	2	2	0	0	0	0	0
AF	0	0.982823	1	1	0	0	0	0	0
AF	0	0.984072	1	1	0	0	0	0	0
AF	0	0.984385	1	1	0	0	0	0	0
AF	0	0.985009	1	1	0	0	0	0	0
AF	0	0.985322	1	1	0	0	0	0	0
AF	0	0.985634	2	1	1	0	0	0	0
AF	0	0.986883	1	1	0	0	0	0	0
AF	0	0.987196	1	1	0	0	0	0	0
AF	0	0.987820	1	1	0	0	0	0	0
AF	0	0.988132	1	0	1	0	0	0	0
AF	0	0.988445	1	1	0	0	0	0	0
AF	0	0.990631	1	1	0	0	0	0	0
AF	0	0.991880	1	0	1	0	0	0	0
AF	0	0.994691	1	1	0	0	0	0	0
AF	0	0.995628	1	1	0	0	0	0	0
AF	0	0.995940	1	1	0	0	0	0	0
AF	0	0.996252	2	1	1	0	0	0	0
AF	0	0.997189	1	1	0	0	0	0	0
AF	0	0.997814	1	1	0	0	0	0	0
AF	0	0.999063	4	1	3	0	0	0	0
# QUAL, Stats by quality
# QUAL	[2]id	[3]Quality	[4]number of SNPs	[5]number of transitions (1st ALT)	[6]number of transversions (1st ALT)	[7]number of indels
QUAL	0	.	15924	10943	4981	0
# IDD, InDel distribution:
# IDD	[2]id	[3]length (deletions negative)	[4]number of sites	[5]number of genotypes	[6]mean VAF
# ST, Substitution types:
# ST	[2]id	[3]type	[4]count
ST	0	A>C	534
ST	0	A>G	2154
ST	0	A>T	500
ST	0	C>A	713
ST	0	C>G	699
ST	0	C>T	3231
ST	0	G>A	3403
ST	0	G>C	709
ST	0	G>T	641
ST	0	T>A	608
ST	0	T>C	2155
ST	0	T>G	577
# DP, Depth distribution
# DP	[2]id	[3]bin	[4]number of genotypes	[5]fraction of genotypes (%)	[6]number of sites	[7]fraction of sites (%)
  - Fix haploid genotypes in males...

Submit MakeDiploidMalesX finished successfully. Let's have a beer, buddy!

