Submit MakeDiploidMalesX
version 1.1.6 (2024-09-30)

These are the settings:
  Input file................: /hpc/local/Rocky8/dhl_ec/software/MonopogenLite/resources/1kGP_high_coverage_Illumina.SNVonly_poly.filtered_AF_5e-04.norm.fixvariantid.chrX.vcf.gz
  Output file...............: /hpc/local/Rocky8/dhl_ec/software/MonopogenLite/resources/1kGP_high_coverage_Illumina.SNVonly_poly.filtered_AF_5e-04.norm.fixvariantid.makediploid.chrX.vcf.gz
  Chunk size................: 100

  SLURM CPUs................: 4
  SLURM Array ID............: 73 (of 100)
  SLURM memory..............: 16G
  SLURM time................: 01:00:00
  SLURM mail type...........: FAIL
  SLURM mail user...........: s.w.vanderlaan-2@umcutrecht.nl

  Dry run mode..............: 0
  Debug mode................: 1
  Verbosity.................: 0
  Version...................: 1.1.6 (2024-09-30)

Making converting haploid genotypes to diploid genotypes.
> Extract the region for this SLURM task (# 73) from the BED file.
  - Get the chunk number from the SLURM array task ID and the bed file...
DEBUG: Extracting chunk number: 73p from 73
DEBUG: Extracting region from BED file: /hpc/local/Rocky8/dhl_ec/software/MonopogenLite/resources/chrX_100pieces.bed
  - Extract the region from the BED file...
DEBUG: Extracted raw region: 'chrX	112349377	113909784' (chunk #: 73p of 100 for job 73)
  - Check if a valid region was extracted -- should be 'chrX	112349377	113909784'...
  - Prepare the region for bcftools...
  - Check if the region (chrX:112349377-113909784) was successfully extracted...
> Processing region 'chrX:112349377-113909784'...
  - Process the specific region (chunk# 73) using bcftools view...
  - Index the VCF file...
DEBUG: Check if the VCF file was successfully processed...
##fileformat=VCFv4.2
##FILTER=<ID=PASS,Description="All filters passed">
##fileDate=29/01/2022 - 14:31:41
##source=shapeit4.2.2
##contig=<ID=chr1,length=248956422>
##contig=<ID=chr2,length=242193529>
##contig=<ID=chr3,length=198295559>
##contig=<ID=chr4,length=190214555>
##contig=<ID=chr5,length=181538259>
##contig=<ID=chr6,length=170805979>
# This file was produced by bcftools stats (1.20+htslib-1.20) and can be plotted using plot-vcfstats.
# The command line was:	bcftools stats  /hpc/local/Rocky8/dhl_ec/software/MonopogenLite/resources/chrX.part73.vcf.gz
#
# Definition of sets:
# ID	[2]id	[3]tab-separated file names
ID	0	/hpc/local/Rocky8/dhl_ec/software/MonopogenLite/resources/chrX.part73.vcf.gz
# SN, Summary numbers:
#   number of records   .. number of data rows in the VCF
#   number of no-ALTs   .. reference-only sites, ALT is either "." or identical to REF
#   number of SNPs      .. number of rows with a SNP
#   number of MNPs      .. number of rows with a MNP, such as CC>TT
#   number of indels    .. number of rows with an indel
#   number of others    .. number of rows with other type, for example a symbolic allele or
#                          a complex substitution, such as ACT>TCGA
#   number of multiallelic sites     .. number of rows with multiple alternate alleles
#   number of multiallelic SNP sites .. number of rows with multiple alternate alleles, all SNPs
# 
#   Note that rows containing multiple types will be counted multiple times, in each
#   counter. For example, a row with a SNP and an indel increments both the SNP and
#   the indel counter.
# 
# SN	[2]id	[3]key	[4]value
SN	0	number of samples:	3202
SN	0	number of records:	17316
SN	0	number of no-ALTs:	0
SN	0	number of SNPs:	17316
SN	0	number of MNPs:	0
SN	0	number of indels:	0
SN	0	number of others:	0
SN	0	number of multiallelic sites:	0
SN	0	number of multiallelic SNP sites:	0
# TSTV, transitions/transversions:
# TSTV	[2]id	[3]ts	[4]tv	[5]ts/tv	[6]ts (1st ALT)	[7]tv (1st ALT)	[8]ts/tv (1st ALT)
TSTV	0	11500	5816	1.98	11500	5816	1.98
# SiS, Singleton stats:
# SiS	[2]id	[3]allele count	[4]number of SNPs	[5]number of transitions	[6]number of transversions	[7]number of indels	[8]repeat-consistent	[9]repeat-inconsistent	[10]not applicable
SiS	0	1	0	0	0	0	0	0	0
# AF, Stats by non-reference allele frequency:
# AF	[2]id	[3]allele frequency	[4]number of SNPs	[5]number of transitions	[6]number of transversions	[7]number of indels	[8]repeat-consistent	[9]repeat-inconsistent	[10]not applicable
AF	0	0.000312	2528	1703	825	0	0	0	0
AF	0	0.000625	1508	1017	491	0	0	0	0
AF	0	0.000937	1739	1132	607	0	0	0	0
AF	0	0.001249	609	415	194	0	0	0	0
AF	0	0.001562	902	580	322	0	0	0	0
AF	0	0.001874	348	235	113	0	0	0	0
AF	0	0.002186	608	423	185	0	0	0	0
AF	0	0.002498	186	132	54	0	0	0	0
AF	0	0.002811	346	222	124	0	0	0	0
AF	0	0.003123	192	126	66	0	0	0	0
AF	0	0.003435	290	208	82	0	0	0	0
AF	0	0.003748	164	108	56	0	0	0	0
AF	0	0.004060	240	166	74	0	0	0	0
AF	0	0.004372	93	64	29	0	0	0	0
AF	0	0.004685	246	174	72	0	0	0	0
AF	0	0.004997	97	63	34	0	0	0	0
AF	0	0.005309	227	140	87	0	0	0	0
AF	0	0.005621	97	62	35	0	0	0	0
AF	0	0.005934	234	149	85	0	0	0	0
AF	0	0.006246	87	59	28	0	0	0	0
AF	0	0.006558	195	127	68	0	0	0	0
AF	0	0.006871	96	61	35	0	0	0	0
AF	0	0.007183	165	102	63	0	0	0	0
AF	0	0.007495	115	74	41	0	0	0	0
AF	0	0.007808	150	91	59	0	0	0	0
AF	0	0.008120	64	46	18	0	0	0	0
AF	0	0.008432	138	95	43	0	0	0	0
AF	0	0.008745	72	39	33	0	0	0	0
AF	0	0.009057	104	75	29	0	0	0	0
AF	0	0.009369	49	33	16	0	0	0	0
AF	0	0.009681	131	82	49	0	0	0	0
AF	0	0.009994	55	37	18	0	0	0	0
AF	0	0.010306	136	96	40	0	0	0	0
AF	0	0.010618	69	47	22	0	0	0	0
AF	0	0.010931	104	64	40	0	0	0	0
AF	0	0.011243	26	17	9	0	0	0	0
AF	0	0.011555	79	50	29	0	0	0	0
AF	0	0.011868	36	27	9	0	0	0	0
AF	0	0.012180	52	37	15	0	0	0	0
AF	0	0.012492	27	16	11	0	0	0	0
AF	0	0.012804	48	32	16	0	0	0	0
AF	0	0.013117	26	17	9	0	0	0	0
AF	0	0.013429	90	62	28	0	0	0	0
AF	0	0.013741	16	11	5	0	0	0	0
AF	0	0.014054	39	27	12	0	0	0	0
AF	0	0.014366	14	10	4	0	0	0	0
AF	0	0.014678	47	32	15	0	0	0	0
AF	0	0.014991	16	11	5	0	0	0	0
AF	0	0.015303	39	23	16	0	0	0	0
AF	0	0.015615	19	11	8	0	0	0	0
AF	0	0.015928	28	22	6	0	0	0	0
AF	0	0.016240	25	16	9	0	0	0	0
AF	0	0.016552	38	21	17	0	0	0	0
AF	0	0.016864	15	12	3	0	0	0	0
AF	0	0.017177	33	22	11	0	0	0	0
AF	0	0.017489	15	12	3	0	0	0	0
AF	0	0.017801	50	34	16	0	0	0	0
AF	0	0.018114	36	26	10	0	0	0	0
AF	0	0.018426	44	31	13	0	0	0	0
AF	0	0.018738	38	26	12	0	0	0	0
AF	0	0.019051	54	35	19	0	0	0	0
AF	0	0.019363	20	16	4	0	0	0	0
AF	0	0.019675	41	23	18	0	0	0	0
AF	0	0.019988	18	11	7	0	0	0	0
AF	0	0.020300	22	15	7	0	0	0	0
AF	0	0.020612	13	6	7	0	0	0	0
AF	0	0.020924	20	12	8	0	0	0	0
AF	0	0.021237	14	10	4	0	0	0	0
AF	0	0.021549	36	25	11	0	0	0	0
AF	0	0.021861	11	6	5	0	0	0	0
AF	0	0.022174	16	9	7	0	0	0	0
AF	0	0.022486	7	4	3	0	0	0	0
AF	0	0.022798	10	8	2	0	0	0	0
AF	0	0.023111	13	7	6	0	0	0	0
AF	0	0.023423	28	16	12	0	0	0	0
AF	0	0.023735	12	5	7	0	0	0	0
AF	0	0.024047	21	11	10	0	0	0	0
AF	0	0.024360	9	4	5	0	0	0	0
AF	0	0.024672	9	7	2	0	0	0	0
AF	0	0.024984	10	8	2	0	0	0	0
AF	0	0.025297	14	7	7	0	0	0	0
AF	0	0.025609	5	5	0	0	0	0	0
AF	0	0.025921	13	11	2	0	0	0	0
AF	0	0.026234	7	5	2	0	0	0	0
AF	0	0.026546	32	23	9	0	0	0	0
AF	0	0.026858	8	4	4	0	0	0	0
AF	0	0.027171	22	16	6	0	0	0	0
AF	0	0.027483	4	4	0	0	0	0	0
AF	0	0.027795	10	5	5	0	0	0	0
AF	0	0.028107	21	15	6	0	0	0	0
AF	0	0.028420	32	21	11	0	0	0	0
AF	0	0.028732	21	13	8	0	0	0	0
AF	0	0.029044	24	18	6	0	0	0	0
AF	0	0.029357	8	6	2	0	0	0	0
AF	0	0.029669	21	12	9	0	0	0	0
AF	0	0.029981	8	5	3	0	0	0	0
AF	0	0.030294	7	3	4	0	0	0	0
AF	0	0.030606	1	1	0	0	0	0	0
AF	0	0.030918	16	13	3	0	0	0	0
AF	0	0.031230	6	4	2	0	0	0	0
AF	0	0.031543	23	13	10	0	0	0	0
AF	0	0.031855	8	3	5	0	0	0	0
AF	0	0.032167	25	20	5	0	0	0	0
AF	0	0.032480	4	2	2	0	0	0	0
AF	0	0.032792	12	7	5	0	0	0	0
AF	0	0.033104	11	7	4	0	0	0	0
AF	0	0.033417	21	14	7	0	0	0	0
AF	0	0.033729	2	2	0	0	0	0	0
AF	0	0.034041	12	9	3	0	0	0	0
AF	0	0.034354	6	5	1	0	0	0	0
AF	0	0.034666	11	6	5	0	0	0	0
AF	0	0.034978	5	3	2	0	0	0	0
AF	0	0.035290	15	9	6	0	0	0	0
AF	0	0.035603	2	2	0	0	0	0	0
AF	0	0.035915	7	3	4	0	0	0	0
AF	0	0.036227	9	4	5	0	0	0	0
AF	0	0.036540	10	4	6	0	0	0	0
AF	0	0.036852	3	3	0	0	0	0	0
AF	0	0.037164	9	5	4	0	0	0	0
AF	0	0.037477	8	3	5	0	0	0	0
AF	0	0.037789	12	5	7	0	0	0	0
AF	0	0.038101	7	3	4	0	0	0	0
AF	0	0.038413	15	10	5	0	0	0	0
AF	0	0.038726	4	4	0	0	0	0	0
AF	0	0.039038	16	12	4	0	0	0	0
AF	0	0.039350	8	2	6	0	0	0	0
AF	0	0.039663	12	7	5	0	0	0	0
AF	0	0.039975	11	9	2	0	0	0	0
AF	0	0.040287	24	18	6	0	0	0	0
AF	0	0.040600	8	6	2	0	0	0	0
AF	0	0.040912	13	8	5	0	0	0	0
AF	0	0.041224	17	11	6	0	0	0	0
AF	0	0.041537	17	8	9	0	0	0	0
AF	0	0.041849	14	12	2	0	0	0	0
AF	0	0.042161	23	20	3	0	0	0	0
AF	0	0.042473	15	9	6	0	0	0	0
AF	0	0.042786	15	9	6	0	0	0	0
AF	0	0.043098	8	6	2	0	0	0	0
AF	0	0.043410	12	9	3	0	0	0	0
AF	0	0.043723	7	5	2	0	0	0	0
AF	0	0.044035	20	13	7	0	0	0	0
AF	0	0.044347	4	4	0	0	0	0	0
AF	0	0.044660	11	7	4	0	0	0	0
AF	0	0.044972	4	3	1	0	0	0	0
AF	0	0.045284	7	5	2	0	0	0	0
AF	0	0.045597	3	3	0	0	0	0	0
AF	0	0.045909	6	3	3	0	0	0	0
AF	0	0.046221	4	3	1	0	0	0	0
AF	0	0.046533	4	3	1	0	0	0	0
AF	0	0.046846	10	5	5	0	0	0	0
AF	0	0.047158	16	9	7	0	0	0	0
AF	0	0.047470	7	6	1	0	0	0	0
AF	0	0.047783	16	16	0	0	0	0	0
AF	0	0.048095	7	6	1	0	0	0	0
AF	0	0.048407	8	8	0	0	0	0	0
AF	0	0.048720	3	3	0	0	0	0	0
AF	0	0.049032	5	3	2	0	0	0	0
AF	0	0.049344	4	4	0	0	0	0	0
AF	0	0.049656	13	7	6	0	0	0	0
AF	0	0.049969	2	2	0	0	0	0	0
AF	0	0.050281	15	11	4	0	0	0	0
AF	0	0.050593	15	11	4	0	0	0	0
AF	0	0.050906	26	15	11	0	0	0	0
AF	0	0.051218	8	4	4	0	0	0	0
AF	0	0.051530	4	2	2	0	0	0	0
AF	0	0.051843	5	5	0	0	0	0	0
AF	0	0.052155	5	1	4	0	0	0	0
AF	0	0.052467	1	0	1	0	0	0	0
AF	0	0.052780	5	2	3	0	0	0	0
AF	0	0.053092	2	1	1	0	0	0	0
AF	0	0.053404	5	2	3	0	0	0	0
AF	0	0.053716	9	7	2	0	0	0	0
AF	0	0.054029	3	2	1	0	0	0	0
AF	0	0.054341	1	1	0	0	0	0	0
AF	0	0.054653	3	2	1	0	0	0	0
AF	0	0.054966	3	2	1	0	0	0	0
AF	0	0.055278	6	4	2	0	0	0	0
AF	0	0.055590	6	5	1	0	0	0	0
AF	0	0.055903	2	2	0	0	0	0	0
AF	0	0.056215	4	2	2	0	0	0	0
AF	0	0.056527	5	3	2	0	0	0	0
AF	0	0.056839	1	1	0	0	0	0	0
AF	0	0.057152	4	4	0	0	0	0	0
AF	0	0.057464	3	2	1	0	0	0	0
AF	0	0.057776	1	0	1	0	0	0	0
AF	0	0.058401	1	1	0	0	0	0	0
AF	0	0.059026	4	1	3	0	0	0	0
AF	0	0.059338	4	3	1	0	0	0	0
AF	0	0.059650	3	3	0	0	0	0	0
AF	0	0.059963	9	4	5	0	0	0	0
AF	0	0.060275	2	0	2	0	0	0	0
AF	0	0.060587	2	0	2	0	0	0	0
AF	0	0.060899	4	1	3	0	0	0	0
AF	0	0.061212	2	1	1	0	0	0	0
AF	0	0.061524	1	0	1	0	0	0	0
AF	0	0.061836	3	3	0	0	0	0	0
AF	0	0.062149	13	12	1	0	0	0	0
AF	0	0.062461	6	4	2	0	0	0	0
AF	0	0.062773	7	4	3	0	0	0	0
AF	0	0.063086	2	2	0	0	0	0	0
AF	0	0.063398	3	3	0	0	0	0	0
AF	0	0.063710	2	0	2	0	0	0	0
AF	0	0.064022	8	5	3	0	0	0	0
AF	0	0.064647	5	5	0	0	0	0	0
AF	0	0.064959	5	2	3	0	0	0	0
AF	0	0.065272	7	6	1	0	0	0	0
AF	0	0.065584	2	2	0	0	0	0	0
AF	0	0.065896	3	2	1	0	0	0	0
AF	0	0.066209	3	1	2	0	0	0	0
AF	0	0.066521	3	3	0	0	0	0	0
AF	0	0.066833	1	1	0	0	0	0	0
AF	0	0.067146	1	1	0	0	0	0	0
AF	0	0.067458	1	1	0	0	0	0	0
AF	0	0.067770	2	2	0	0	0	0	0
AF	0	0.068082	1	1	0	0	0	0	0
AF	0	0.068395	1	0	1	0	0	0	0
AF	0	0.068707	2	2	0	0	0	0	0
AF	0	0.069019	2	1	1	0	0	0	0
AF	0	0.069332	1	0	1	0	0	0	0
AF	0	0.069644	5	3	2	0	0	0	0
AF	0	0.069956	2	2	0	0	0	0	0
AF	0	0.070269	1	1	0	0	0	0	0
AF	0	0.070581	5	1	4	0	0	0	0
AF	0	0.070893	8	4	4	0	0	0	0
AF	0	0.071518	9	6	3	0	0	0	0
AF	0	0.071830	4	4	0	0	0	0	0
AF	0	0.072142	3	1	2	0	0	0	0
AF	0	0.072455	1	0	1	0	0	0	0
AF	0	0.072767	4	2	2	0	0	0	0
AF	0	0.073079	1	0	1	0	0	0	0
AF	0	0.073392	2	2	0	0	0	0	0
AF	0	0.073704	12	5	7	0	0	0	0
AF	0	0.074016	3	2	1	0	0	0	0
AF	0	0.074641	2	2	0	0	0	0	0
AF	0	0.074953	8	5	3	0	0	0	0
AF	0	0.075265	12	7	5	0	0	0	0
AF	0	0.075578	1	1	0	0	0	0	0
AF	0	0.075890	4	4	0	0	0	0	0
AF	0	0.076202	6	5	1	0	0	0	0
AF	0	0.076515	3	2	1	0	0	0	0
AF	0	0.076827	1	1	0	0	0	0	0
AF	0	0.077139	2	1	1	0	0	0	0
AF	0	0.077452	2	1	1	0	0	0	0
AF	0	0.077764	6	4	2	0	0	0	0
AF	0	0.078076	4	2	2	0	0	0	0
AF	0	0.078389	3	2	1	0	0	0	0
AF	0	0.079013	2	1	1	0	0	0	0
AF	0	0.079325	1	0	1	0	0	0	0
AF	0	0.079638	1	1	0	0	0	0	0
AF	0	0.079950	2	0	2	0	0	0	0
AF	0	0.080262	2	0	2	0	0	0	0
AF	0	0.080575	1	1	0	0	0	0	0
AF	0	0.081199	1	0	1	0	0	0	0
AF	0	0.081512	13	8	5	0	0	0	0
AF	0	0.081824	5	4	1	0	0	0	0
AF	0	0.082136	1	1	0	0	0	0	0
AF	0	0.082448	2	2	0	0	0	0	0
AF	0	0.082761	2	1	1	0	0	0	0
AF	0	0.083073	5	3	2	0	0	0	0
AF	0	0.083385	5	3	2	0	0	0	0
AF	0	0.083698	1	0	1	0	0	0	0
AF	0	0.084010	5	3	2	0	0	0	0
AF	0	0.084322	3	1	2	0	0	0	0
AF	0	0.084635	8	5	3	0	0	0	0
AF	0	0.084947	1	1	0	0	0	0	0
AF	0	0.085259	4	1	3	0	0	0	0
AF	0	0.085572	1	1	0	0	0	0	0
AF	0	0.085884	2	2	0	0	0	0	0
AF	0	0.086508	2	0	2	0	0	0	0
AF	0	0.087133	5	2	3	0	0	0	0
AF	0	0.087445	1	1	0	0	0	0	0
AF	0	0.087758	1	1	0	0	0	0	0
AF	0	0.088382	1	0	1	0	0	0	0
AF	0	0.089319	2	1	1	0	0	0	0
AF	0	0.089631	12	7	5	0	0	0	0
AF	0	0.089944	4	1	3	0	0	0	0
AF	0	0.090256	5	3	2	0	0	0	0
AF	0	0.090568	8	8	0	0	0	0	0
AF	0	0.090881	28	17	11	0	0	0	0
AF	0	0.091193	7	6	1	0	0	0	0
AF	0	0.091505	4	4	0	0	0	0	0
AF	0	0.091818	1	1	0	0	0	0	0
AF	0	0.092130	4	2	2	0	0	0	0
AF	0	0.092442	2	1	1	0	0	0	0
AF	0	0.092755	4	3	1	0	0	0	0
AF	0	0.093067	1	1	0	0	0	0	0
AF	0	0.093379	4	2	2	0	0	0	0
AF	0	0.093691	2	2	0	0	0	0	0
AF	0	0.094004	2	2	0	0	0	0	0
AF	0	0.094316	2	1	1	0	0	0	0
AF	0	0.094628	2	2	0	0	0	0	0
AF	0	0.094941	3	1	2	0	0	0	0
AF	0	0.095253	4	2	2	0	0	0	0
AF	0	0.095878	5	3	2	0	0	0	0
AF	0	0.096190	5	2	3	0	0	0	0
AF	0	0.096502	5	3	2	0	0	0	0
AF	0	0.096814	1	0	1	0	0	0	0
AF	0	0.098376	4	4	0	0	0	0	0
AF	0	0.098688	2	1	1	0	0	0	0
AF	0	0.099001	5	4	1	0	0	0	0
AF	0	0.099313	4	2	2	0	0	0	0
AF	0	0.099625	1	0	1	0	0	0	0
AF	0	0.099938	1	1	0	0	0	0	0
AF	0	0.100250	5	3	2	0	0	0	0
AF	0	0.100874	3	2	1	0	0	0	0
AF	0	0.101499	3	1	2	0	0	0	0
AF	0	0.102436	1	0	1	0	0	0	0
AF	0	0.102748	1	1	0	0	0	0	0
AF	0	0.103998	2	1	1	0	0	0	0
AF	0	0.104622	1	1	0	0	0	0	0
AF	0	0.104934	2	2	0	0	0	0	0
AF	0	0.105247	1	1	0	0	0	0	0
AF	0	0.105559	1	1	0	0	0	0	0
AF	0	0.105871	1	1	0	0	0	0	0
AF	0	0.106808	1	0	1	0	0	0	0
AF	0	0.107121	2	0	2	0	0	0	0
AF	0	0.107433	3	3	0	0	0	0	0
AF	0	0.108370	1	1	0	0	0	0	0
AF	0	0.108682	1	0	1	0	0	0	0
AF	0	0.108994	1	0	1	0	0	0	0
AF	0	0.109307	3	3	0	0	0	0	0
AF	0	0.109619	4	2	2	0	0	0	0
AF	0	0.109931	2	1	1	0	0	0	0
AF	0	0.110244	3	0	3	0	0	0	0
AF	0	0.110556	1	1	0	0	0	0	0
AF	0	0.110868	2	2	0	0	0	0	0
AF	0	0.112117	1	1	0	0	0	0	0
AF	0	0.113054	2	2	0	0	0	0	0
AF	0	0.114304	2	0	2	0	0	0	0
AF	0	0.114616	1	1	0	0	0	0	0
AF	0	0.114928	1	1	0	0	0	0	0
AF	0	0.115240	1	0	1	0	0	0	0
AF	0	0.115553	3	1	2	0	0	0	0
AF	0	0.115865	1	1	0	0	0	0	0
AF	0	0.116177	1	0	1	0	0	0	0
AF	0	0.116490	1	0	1	0	0	0	0
AF	0	0.116802	1	1	0	0	0	0	0
AF	0	0.117114	2	2	0	0	0	0	0
AF	0	0.117427	1	1	0	0	0	0	0
AF	0	0.117739	1	1	0	0	0	0	0
AF	0	0.118676	2	1	1	0	0	0	0
AF	0	0.119300	4	1	3	0	0	0	0
AF	0	0.119925	1	1	0	0	0	0	0
AF	0	0.120550	2	2	0	0	0	0	0
AF	0	0.120862	2	1	1	0	0	0	0
AF	0	0.121174	2	0	2	0	0	0	0
AF	0	0.121487	2	2	0	0	0	0	0
AF	0	0.121799	1	0	1	0	0	0	0
AF	0	0.122111	2	1	1	0	0	0	0
AF	0	0.122423	1	0	1	0	0	0	0
AF	0	0.122736	1	0	1	0	0	0	0
AF	0	0.123048	3	3	0	0	0	0	0
AF	0	0.123360	1	0	1	0	0	0	0
AF	0	0.123985	3	3	0	0	0	0	0
AF	0	0.124297	3	3	0	0	0	0	0
AF	0	0.124610	1	0	1	0	0	0	0
AF	0	0.124922	3	0	3	0	0	0	0
AF	0	0.125234	2	2	0	0	0	0	0
AF	0	0.125547	8	6	2	0	0	0	0
AF	0	0.125859	2	1	1	0	0	0	0
AF	0	0.126171	2	1	1	0	0	0	0
AF	0	0.127420	2	2	0	0	0	0	0
AF	0	0.128045	4	3	1	0	0	0	0
AF	0	0.128670	1	0	1	0	0	0	0
AF	0	0.129294	1	0	1	0	0	0	0
AF	0	0.130543	1	1	0	0	0	0	0
AF	0	0.131793	1	1	0	0	0	0	0
AF	0	0.132417	4	3	1	0	0	0	0
AF	0	0.133042	1	0	1	0	0	0	0
AF	0	0.133666	1	0	1	0	0	0	0
AF	0	0.133979	1	1	0	0	0	0	0
AF	0	0.134291	1	0	1	0	0	0	0
AF	0	0.134916	2	1	1	0	0	0	0
AF	0	0.135228	1	0	1	0	0	0	0
AF	0	0.136165	3	3	0	0	0	0	0
AF	0	0.137102	1	1	0	0	0	0	0
AF	0	0.137726	3	2	1	0	0	0	0
AF	0	0.138039	2	1	1	0	0	0	0
AF	0	0.138663	6	6	0	0	0	0	0
AF	0	0.139913	2	1	1	0	0	0	0
AF	0	0.140849	2	2	0	0	0	0	0
AF	0	0.141162	1	0	1	0	0	0	0
AF	0	0.142411	2	1	1	0	0	0	0
AF	0	0.143036	3	0	3	0	0	0	0
AF	0	0.143660	1	1	0	0	0	0	0
AF	0	0.144285	3	1	2	0	0	0	0
AF	0	0.144597	2	1	1	0	0	0	0
AF	0	0.144909	3	2	1	0	0	0	0
AF	0	0.145222	4	4	0	0	0	0	0
AF	0	0.145534	3	2	1	0	0	0	0
AF	0	0.145846	1	0	1	0	0	0	0
AF	0	0.146159	3	2	1	0	0	0	0
AF	0	0.147096	1	0	1	0	0	0	0
AF	0	0.148032	2	2	0	0	0	0	0
AF	0	0.148345	1	0	1	0	0	0	0
AF	0	0.148657	3	2	1	0	0	0	0
AF	0	0.148969	1	0	1	0	0	0	0
AF	0	0.149282	1	0	1	0	0	0	0
AF	0	0.149594	2	2	0	0	0	0	0
AF	0	0.150219	1	0	1	0	0	0	0
AF	0	0.150531	2	1	1	0	0	0	0
AF	0	0.151156	3	2	1	0	0	0	0
AF	0	0.151780	1	1	0	0	0	0	0
AF	0	0.152092	2	1	1	0	0	0	0
AF	0	0.152405	3	1	2	0	0	0	0
AF	0	0.152717	1	0	1	0	0	0	0
AF	0	0.153029	2	0	2	0	0	0	0
AF	0	0.153654	1	0	1	0	0	0	0
AF	0	0.153966	1	1	0	0	0	0	0
AF	0	0.154279	1	1	0	0	0	0	0
AF	0	0.154903	1	1	0	0	0	0	0
AF	0	0.155215	1	0	1	0	0	0	0
AF	0	0.155528	3	2	1	0	0	0	0
AF	0	0.155840	2	2	0	0	0	0	0
AF	0	0.156152	7	5	2	0	0	0	0
AF	0	0.156465	2	2	0	0	0	0	0
AF	0	0.156777	4	1	3	0	0	0	0
AF	0	0.157089	1	1	0	0	0	0	0
AF	0	0.158026	1	0	1	0	0	0	0
AF	0	0.158339	2	0	2	0	0	0	0
AF	0	0.158651	4	2	2	0	0	0	0
AF	0	0.158963	3	2	1	0	0	0	0
AF	0	0.159275	2	2	0	0	0	0	0
AF	0	0.159588	1	1	0	0	0	0	0
AF	0	0.159900	1	1	0	0	0	0	0
AF	0	0.160212	1	1	0	0	0	0	0
AF	0	0.160525	3	2	1	0	0	0	0
AF	0	0.161462	2	2	0	0	0	0	0
AF	0	0.161774	2	2	0	0	0	0	0
AF	0	0.162399	2	1	1	0	0	0	0
AF	0	0.162711	2	1	1	0	0	0	0
AF	0	0.163023	1	0	1	0	0	0	0
AF	0	0.163648	2	2	0	0	0	0	0
AF	0	0.164272	3	2	1	0	0	0	0
AF	0	0.165522	2	1	1	0	0	0	0
AF	0	0.165834	1	1	0	0	0	0	0
AF	0	0.166146	2	2	0	0	0	0	0
AF	0	0.166458	1	1	0	0	0	0	0
AF	0	0.166771	3	2	1	0	0	0	0
AF	0	0.167395	2	2	0	0	0	0	0
AF	0	0.167708	2	0	2	0	0	0	0
AF	0	0.168020	3	2	1	0	0	0	0
AF	0	0.168332	1	1	0	0	0	0	0
AF	0	0.168645	3	2	1	0	0	0	0
AF	0	0.168957	2	2	0	0	0	0	0
AF	0	0.169582	2	1	1	0	0	0	0
AF	0	0.169894	4	2	2	0	0	0	0
AF	0	0.170206	1	1	0	0	0	0	0
AF	0	0.170518	1	0	1	0	0	0	0
AF	0	0.170831	1	1	0	0	0	0	0
AF	0	0.171143	6	6	0	0	0	0	0
AF	0	0.171455	2	2	0	0	0	0	0
AF	0	0.172080	1	1	0	0	0	0	0
AF	0	0.172392	1	0	1	0	0	0	0
AF	0	0.172705	1	0	1	0	0	0	0
AF	0	0.173017	3	3	0	0	0	0	0
AF	0	0.173641	1	1	0	0	0	0	0
AF	0	0.173954	3	3	0	0	0	0	0
AF	0	0.174266	5	4	1	0	0	0	0
AF	0	0.174891	6	6	0	0	0	0	0
AF	0	0.175203	3	3	0	0	0	0	0
AF	0	0.175515	9	5	4	0	0	0	0
AF	0	0.175828	6	3	3	0	0	0	0
AF	0	0.176140	7	5	2	0	0	0	0
AF	0	0.176452	1	0	1	0	0	0	0
AF	0	0.176765	1	1	0	0	0	0	0
AF	0	0.177077	1	1	0	0	0	0	0
AF	0	0.177389	1	1	0	0	0	0	0
AF	0	0.177701	2	1	1	0	0	0	0
AF	0	0.178014	2	2	0	0	0	0	0
AF	0	0.178326	3	2	1	0	0	0	0
AF	0	0.178638	3	1	2	0	0	0	0
AF	0	0.178951	2	1	1	0	0	0	0
AF	0	0.179888	13	8	5	0	0	0	0
AF	0	0.180512	3	3	0	0	0	0	0
AF	0	0.181137	2	0	2	0	0	0	0
AF	0	0.181449	1	1	0	0	0	0	0
AF	0	0.181761	2	2	0	0	0	0	0
AF	0	0.182074	1	0	1	0	0	0	0
AF	0	0.182386	1	1	0	0	0	0	0
AF	0	0.183011	1	1	0	0	0	0	0
AF	0	0.183323	1	1	0	0	0	0	0
AF	0	0.183635	3	3	0	0	0	0	0
AF	0	0.185509	4	3	1	0	0	0	0
AF	0	0.185821	1	0	1	0	0	0	0
AF	0	0.186134	4	4	0	0	0	0	0
AF	0	0.186758	3	3	0	0	0	0	0
AF	0	0.187071	3	2	1	0	0	0	0
AF	0	0.187383	4	2	2	0	0	0	0
AF	0	0.188632	2	1	1	0	0	0	0
AF	0	0.188944	1	1	0	0	0	0	0
AF	0	0.189257	2	1	1	0	0	0	0
AF	0	0.189569	1	0	1	0	0	0	0
AF	0	0.190506	1	1	0	0	0	0	0
AF	0	0.191131	1	0	1	0	0	0	0
AF	0	0.191443	1	1	0	0	0	0	0
AF	0	0.191755	1	0	1	0	0	0	0
AF	0	0.192067	1	1	0	0	0	0	0
AF	0	0.192380	3	2	1	0	0	0	0
AF	0	0.192692	3	3	0	0	0	0	0
AF	0	0.193004	4	3	1	0	0	0	0
AF	0	0.193317	2	1	1	0	0	0	0
AF	0	0.193629	1	0	1	0	0	0	0
AF	0	0.193941	1	1	0	0	0	0	0
AF	0	0.194878	1	1	0	0	0	0	0
AF	0	0.195191	1	1	0	0	0	0	0
AF	0	0.195503	1	0	1	0	0	0	0
AF	0	0.195815	2	2	0	0	0	0	0
AF	0	0.196752	2	1	1	0	0	0	0
AF	0	0.197064	6	4	2	0	0	0	0
AF	0	0.197377	4	3	1	0	0	0	0
AF	0	0.198626	1	1	0	0	0	0	0
AF	0	0.199250	1	1	0	0	0	0	0
AF	0	0.199563	2	2	0	0	0	0	0
AF	0	0.199875	3	2	1	0	0	0	0
AF	0	0.200187	1	0	1	0	0	0	0
AF	0	0.201124	2	2	0	0	0	0	0
AF	0	0.201437	1	1	0	0	0	0	0
AF	0	0.201749	1	1	0	0	0	0	0
AF	0	0.202061	2	2	0	0	0	0	0
AF	0	0.202374	2	0	2	0	0	0	0
AF	0	0.202998	2	2	0	0	0	0	0
AF	0	0.203310	2	1	1	0	0	0	0
AF	0	0.203623	1	1	0	0	0	0	0
AF	0	0.204247	1	1	0	0	0	0	0
AF	0	0.204872	2	2	0	0	0	0	0
AF	0	0.205809	2	2	0	0	0	0	0
AF	0	0.210181	2	0	2	0	0	0	0
AF	0	0.210806	1	1	0	0	0	0	0
AF	0	0.211118	1	0	1	0	0	0	0
AF	0	0.211743	1	1	0	0	0	0	0
AF	0	0.213616	1	1	0	0	0	0	0
AF	0	0.214241	2	1	1	0	0	0	0
AF	0	0.214553	1	0	1	0	0	0	0
AF	0	0.214866	2	1	1	0	0	0	0
AF	0	0.216740	1	0	1	0	0	0	0
AF	0	0.217676	2	2	0	0	0	0	0
AF	0	0.217989	1	1	0	0	0	0	0
AF	0	0.220800	1	1	0	0	0	0	0
AF	0	0.221112	1	0	1	0	0	0	0
AF	0	0.221736	3	3	0	0	0	0	0
AF	0	0.222049	1	1	0	0	0	0	0
AF	0	0.222673	2	0	2	0	0	0	0
AF	0	0.222986	2	2	0	0	0	0	0
AF	0	0.223298	1	1	0	0	0	0	0
AF	0	0.223610	1	1	0	0	0	0	0
AF	0	0.223923	2	1	1	0	0	0	0
AF	0	0.224547	1	1	0	0	0	0	0
AF	0	0.225172	1	0	1	0	0	0	0
AF	0	0.225484	1	1	0	0	0	0	0
AF	0	0.225796	1	1	0	0	0	0	0
AF	0	0.226421	1	0	1	0	0	0	0
AF	0	0.227670	1	0	1	0	0	0	0
AF	0	0.230793	1	1	0	0	0	0	0
AF	0	0.231418	1	0	1	0	0	0	0
AF	0	0.232667	3	3	0	0	0	0	0
AF	0	0.233292	2	0	2	0	0	0	0
AF	0	0.233604	1	1	0	0	0	0	0
AF	0	0.234229	2	1	1	0	0	0	0
AF	0	0.234853	1	1	0	0	0	0	0
AF	0	0.237039	6	3	3	0	0	0	0
AF	0	0.237352	4	4	0	0	0	0	0
AF	0	0.237664	1	0	1	0	0	0	0
AF	0	0.237976	1	0	1	0	0	0	0
AF	0	0.238289	3	1	2	0	0	0	0
AF	0	0.238601	1	1	0	0	0	0	0
AF	0	0.238913	1	1	0	0	0	0	0
AF	0	0.239538	2	1	1	0	0	0	0
AF	0	0.239850	1	0	1	0	0	0	0
AF	0	0.240162	1	0	1	0	0	0	0
AF	0	0.240475	1	1	0	0	0	0	0
AF	0	0.241412	2	1	1	0	0	0	0
AF	0	0.241724	2	1	1	0	0	0	0
AF	0	0.242036	4	3	1	0	0	0	0
AF	0	0.242349	1	1	0	0	0	0	0
AF	0	0.242661	2	0	2	0	0	0	0
AF	0	0.242973	1	1	0	0	0	0	0
AF	0	0.243910	2	2	0	0	0	0	0
AF	0	0.244222	3	1	2	0	0	0	0
AF	0	0.244535	1	1	0	0	0	0	0
AF	0	0.245159	1	1	0	0	0	0	0
AF	0	0.245472	1	1	0	0	0	0	0
AF	0	0.245784	1	1	0	0	0	0	0
AF	0	0.246096	1	0	1	0	0	0	0
AF	0	0.246408	2	2	0	0	0	0	0
AF	0	0.246721	1	1	0	0	0	0	0
AF	0	0.247033	1	1	0	0	0	0	0
AF	0	0.249532	1	0	1	0	0	0	0
AF	0	0.256402	1	1	0	0	0	0	0
AF	0	0.257651	1	1	0	0	0	0	0
AF	0	0.257964	1	1	0	0	0	0	0
AF	0	0.258276	5	2	3	0	0	0	0
AF	0	0.259213	2	2	0	0	0	0	0
AF	0	0.259525	1	0	1	0	0	0	0
AF	0	0.260150	4	3	1	0	0	0	0
AF	0	0.260462	1	0	1	0	0	0	0
AF	0	0.260775	2	2	0	0	0	0	0
AF	0	0.261399	1	1	0	0	0	0	0
AF	0	0.262024	4	2	2	0	0	0	0
AF	0	0.262336	5	2	3	0	0	0	0
AF	0	0.262648	2	0	2	0	0	0	0
AF	0	0.262961	1	1	0	0	0	0	0
AF	0	0.263273	2	2	0	0	0	0	0
AF	0	0.264210	2	2	0	0	0	0	0
AF	0	0.264522	3	2	1	0	0	0	0
AF	0	0.264834	1	1	0	0	0	0	0
AF	0	0.265459	1	0	1	0	0	0	0
AF	0	0.265771	2	1	1	0	0	0	0
AF	0	0.266396	1	1	0	0	0	0	0
AF	0	0.267645	1	1	0	0	0	0	0
AF	0	0.268270	2	2	0	0	0	0	0
AF	0	0.269207	3	1	2	0	0	0	0
AF	0	0.269519	4	2	2	0	0	0	0
AF	0	0.269831	1	0	1	0	0	0	0
AF	0	0.270144	7	5	2	0	0	0	0
AF	0	0.270768	1	0	1	0	0	0	0
AF	0	0.271705	1	0	1	0	0	0	0
AF	0	0.272017	2	1	1	0	0	0	0
AF	0	0.272642	1	1	0	0	0	0	0
AF	0	0.273891	1	0	1	0	0	0	0
AF	0	0.275141	2	1	1	0	0	0	0
AF	0	0.275453	1	0	1	0	0	0	0
AF	0	0.276390	2	2	0	0	0	0	0
AF	0	0.277014	1	0	1	0	0	0	0
AF	0	0.277327	1	0	1	0	0	0	0
AF	0	0.277639	2	2	0	0	0	0	0
AF	0	0.278576	2	1	1	0	0	0	0
AF	0	0.279513	2	2	0	0	0	0	0
AF	0	0.280137	1	0	1	0	0	0	0
AF	0	0.280450	1	1	0	0	0	0	0
AF	0	0.280762	1	1	0	0	0	0	0
AF	0	0.283260	1	1	0	0	0	0	0
AF	0	0.284510	1	1	0	0	0	0	0
AF	0	0.285134	1	0	1	0	0	0	0
AF	0	0.285447	1	1	0	0	0	0	0
AF	0	0.285759	2	1	1	0	0	0	0
AF	0	0.286384	2	2	0	0	0	0	0
AF	0	0.286696	1	1	0	0	0	0	0
AF	0	0.287008	5	2	3	0	0	0	0
AF	0	0.287945	1	1	0	0	0	0	0
AF	0	0.289507	1	1	0	0	0	0	0
AF	0	0.290443	1	1	0	0	0	0	0
AF	0	0.293879	1	1	0	0	0	0	0
AF	0	0.296377	1	1	0	0	0	0	0
AF	0	0.296690	1	1	0	0	0	0	0
AF	0	0.297626	2	2	0	0	0	0	0
AF	0	0.298251	1	1	0	0	0	0	0
AF	0	0.299500	2	1	1	0	0	0	0
AF	0	0.300125	1	0	1	0	0	0	0
AF	0	0.300437	1	0	1	0	0	0	0
AF	0	0.300750	3	1	2	0	0	0	0
AF	0	0.301062	1	1	0	0	0	0	0
AF	0	0.301374	1	0	1	0	0	0	0
AF	0	0.301999	1	0	1	0	0	0	0
AF	0	0.302311	1	1	0	0	0	0	0
AF	0	0.303873	1	1	0	0	0	0	0
AF	0	0.304497	1	1	0	0	0	0	0
AF	0	0.305746	2	1	1	0	0	0	0
AF	0	0.306371	2	1	1	0	0	0	0
AF	0	0.306683	1	0	1	0	0	0	0
AF	0	0.306996	1	0	1	0	0	0	0
AF	0	0.307308	1	1	0	0	0	0	0
AF	0	0.307620	2	2	0	0	0	0	0
AF	0	0.307933	1	1	0	0	0	0	0
AF	0	0.308245	1	1	0	0	0	0	0
AF	0	0.308557	1	0	1	0	0	0	0
AF	0	0.308869	1	1	0	0	0	0	0
AF	0	0.309806	1	0	1	0	0	0	0
AF	0	0.310431	1	1	0	0	0	0	0
AF	0	0.310743	1	0	1	0	0	0	0
AF	0	0.311368	1	0	1	0	0	0	0
AF	0	0.311993	1	0	1	0	0	0	0
AF	0	0.312305	1	1	0	0	0	0	0
AF	0	0.313242	3	3	0	0	0	0	0
AF	0	0.313554	2	2	0	0	0	0	0
AF	0	0.313866	1	1	0	0	0	0	0
AF	0	0.314179	1	1	0	0	0	0	0
AF	0	0.314491	4	4	0	0	0	0	0
AF	0	0.314803	3	3	0	0	0	0	0
AF	0	0.316365	3	2	1	0	0	0	0
AF	0	0.316677	1	1	0	0	0	0	0
AF	0	0.318863	1	0	1	0	0	0	0
AF	0	0.319176	1	1	0	0	0	0	0
AF	0	0.319800	2	2	0	0	0	0	0
AF	0	0.320112	3	3	0	0	0	0	0
AF	0	0.320425	1	1	0	0	0	0	0
AF	0	0.320737	1	0	1	0	0	0	0
AF	0	0.321362	2	2	0	0	0	0	0
AF	0	0.321986	1	0	1	0	0	0	0
AF	0	0.323860	1	1	0	0	0	0	0
AF	0	0.325109	1	0	1	0	0	0	0
AF	0	0.326359	1	1	0	0	0	0	0
AF	0	0.326671	1	0	1	0	0	0	0
AF	0	0.326983	2	1	1	0	0	0	0
AF	0	0.327608	1	1	0	0	0	0	0
AF	0	0.328232	1	0	1	0	0	0	0
AF	0	0.328857	1	1	0	0	0	0	0
AF	0	0.329482	2	2	0	0	0	0	0
AF	0	0.330106	3	2	1	0	0	0	0
AF	0	0.330418	1	0	1	0	0	0	0
AF	0	0.330731	1	1	0	0	0	0	0
AF	0	0.331043	1	1	0	0	0	0	0
AF	0	0.331355	2	0	2	0	0	0	0
AF	0	0.331980	1	0	1	0	0	0	0
AF	0	0.332292	2	1	1	0	0	0	0
AF	0	0.332605	2	2	0	0	0	0	0
AF	0	0.333542	3	2	1	0	0	0	0
AF	0	0.333854	2	2	0	0	0	0	0
AF	0	0.334166	6	5	1	0	0	0	0
AF	0	0.334478	3	2	1	0	0	0	0
AF	0	0.334791	4	3	1	0	0	0	0
AF	0	0.335103	2	1	1	0	0	0	0
AF	0	0.335415	3	3	0	0	0	0	0
AF	0	0.335728	3	1	2	0	0	0	0
AF	0	0.336040	3	2	1	0	0	0	0
AF	0	0.337289	1	1	0	0	0	0	0
AF	0	0.338226	1	1	0	0	0	0	0
AF	0	0.338538	4	2	2	0	0	0	0
AF	0	0.338851	1	1	0	0	0	0	0
AF	0	0.339163	1	1	0	0	0	0	0
AF	0	0.339788	3	2	1	0	0	0	0
AF	0	0.341661	3	3	0	0	0	0	0
AF	0	0.341974	1	1	0	0	0	0	0
AF	0	0.342286	11	7	4	0	0	0	0
AF	0	0.342598	5	4	1	0	0	0	0
AF	0	0.342911	13	11	2	0	0	0	0
AF	0	0.343223	4	3	1	0	0	0	0
AF	0	0.343535	6	3	3	0	0	0	0
AF	0	0.343848	3	3	0	0	0	0	0
AF	0	0.344472	2	2	0	0	0	0	0
AF	0	0.344785	7	4	3	0	0	0	0
AF	0	0.345097	1	0	1	0	0	0	0
AF	0	0.345409	1	1	0	0	0	0	0
AF	0	0.345721	3	3	0	0	0	0	0
AF	0	0.346034	7	6	1	0	0	0	0
AF	0	0.346346	8	6	2	0	0	0	0
AF	0	0.346658	14	11	3	0	0	0	0
AF	0	0.346971	2	2	0	0	0	0	0
AF	0	0.347283	6	4	2	0	0	0	0
AF	0	0.347908	1	0	1	0	0	0	0
AF	0	0.348844	1	1	0	0	0	0	0
AF	0	0.349157	6	4	2	0	0	0	0
AF	0	0.349469	1	0	1	0	0	0	0
AF	0	0.351031	1	0	1	0	0	0	0
AF	0	0.351343	1	0	1	0	0	0	0
AF	0	0.351655	4	4	0	0	0	0	0
AF	0	0.351968	1	0	1	0	0	0	0
AF	0	0.352280	1	0	1	0	0	0	0
AF	0	0.352592	1	1	0	0	0	0	0
AF	0	0.353529	3	2	1	0	0	0	0
AF	0	0.353841	1	1	0	0	0	0	0
AF	0	0.354154	3	2	1	0	0	0	0
AF	0	0.354466	2	2	0	0	0	0	0
AF	0	0.354778	2	1	1	0	0	0	0
AF	0	0.355403	4	3	1	0	0	0	0
AF	0	0.356027	3	2	1	0	0	0	0
AF	0	0.357277	2	1	1	0	0	0	0
AF	0	0.357589	1	1	0	0	0	0	0
AF	0	0.357901	3	2	1	0	0	0	0
AF	0	0.358526	2	1	1	0	0	0	0
AF	0	0.359775	4	1	3	0	0	0	0
AF	0	0.360087	1	1	0	0	0	0	0
AF	0	0.360400	1	1	0	0	0	0	0
AF	0	0.360712	1	1	0	0	0	0	0
AF	0	0.361961	2	1	1	0	0	0	0
AF	0	0.362274	2	2	0	0	0	0	0
AF	0	0.363835	1	0	1	0	0	0	0
AF	0	0.364147	1	1	0	0	0	0	0
AF	0	0.364772	2	0	2	0	0	0	0
AF	0	0.365709	1	1	0	0	0	0	0
AF	0	0.366334	1	1	0	0	0	0	0
AF	0	0.366646	1	1	0	0	0	0	0
AF	0	0.367583	1	0	1	0	0	0	0
AF	0	0.369457	1	0	1	0	0	0	0
AF	0	0.370394	3	0	3	0	0	0	0
AF	0	0.371018	1	0	1	0	0	0	0
AF	0	0.372267	2	2	0	0	0	0	0
AF	0	0.372892	2	2	0	0	0	0	0
AF	0	0.374141	1	1	0	0	0	0	0
AF	0	0.374453	2	1	1	0	0	0	0
AF	0	0.374766	1	1	0	0	0	0	0
AF	0	0.375390	1	1	0	0	0	0	0
AF	0	0.377264	1	1	0	0	0	0	0
AF	0	0.377889	1	1	0	0	0	0	0
AF	0	0.379138	1	1	0	0	0	0	0
AF	0	0.379450	2	0	2	0	0	0	0
AF	0	0.379763	3	3	0	0	0	0	0
AF	0	0.380075	3	3	0	0	0	0	0
AF	0	0.381012	1	1	0	0	0	0	0
AF	0	0.381949	3	3	0	0	0	0	0
AF	0	0.382261	7	5	2	0	0	0	0
AF	0	0.382573	1	1	0	0	0	0	0
AF	0	0.382886	1	1	0	0	0	0	0
AF	0	0.383198	1	1	0	0	0	0	0
AF	0	0.383510	3	1	2	0	0	0	0
AF	0	0.385384	2	1	1	0	0	0	0
AF	0	0.388507	2	1	1	0	0	0	0
AF	0	0.389756	1	1	0	0	0	0	0
AF	0	0.390069	1	1	0	0	0	0	0
AF	0	0.390381	1	1	0	0	0	0	0
AF	0	0.391006	2	1	1	0	0	0	0
AF	0	0.391318	2	2	0	0	0	0	0
AF	0	0.391630	1	1	0	0	0	0	0
AF	0	0.394441	1	1	0	0	0	0	0
AF	0	0.394753	1	1	0	0	0	0	0
AF	0	0.395378	1	1	0	0	0	0	0
AF	0	0.395690	1	1	0	0	0	0	0
AF	0	0.399750	1	1	0	0	0	0	0
AF	0	0.400062	1	1	0	0	0	0	0
AF	0	0.401624	1	1	0	0	0	0	0
AF	0	0.402561	1	0	1	0	0	0	0
AF	0	0.402873	1	0	1	0	0	0	0
AF	0	0.403498	1	0	1	0	0	0	0
AF	0	0.404122	2	1	1	0	0	0	0
AF	0	0.404747	2	1	1	0	0	0	0
AF	0	0.405059	1	1	0	0	0	0	0
AF	0	0.405684	1	0	1	0	0	0	0
AF	0	0.406309	1	1	0	0	0	0	0
AF	0	0.408182	1	0	1	0	0	0	0
AF	0	0.408495	2	2	0	0	0	0	0
AF	0	0.408807	1	1	0	0	0	0	0
AF	0	0.409119	1	1	0	0	0	0	0
AF	0	0.410369	1	1	0	0	0	0	0
AF	0	0.410993	1	1	0	0	0	0	0
AF	0	0.411305	1	1	0	0	0	0	0
AF	0	0.414116	1	0	1	0	0	0	0
AF	0	0.416302	1	1	0	0	0	0	0
AF	0	0.417239	1	0	1	0	0	0	0
AF	0	0.417864	1	1	0	0	0	0	0
AF	0	0.418176	1	0	1	0	0	0	0
AF	0	0.419113	1	0	1	0	0	0	0
AF	0	0.420362	1	1	0	0	0	0	0
AF	0	0.421611	1	0	1	0	0	0	0
AF	0	0.422861	1	0	1	0	0	0	0
AF	0	0.423485	1	1	0	0	0	0	0
AF	0	0.424735	1	0	1	0	0	0	0
AF	0	0.425359	3	3	0	0	0	0	0
AF	0	0.425984	2	1	1	0	0	0	0
AF	0	0.426608	1	0	1	0	0	0	0
AF	0	0.426921	2	2	0	0	0	0	0
AF	0	0.428482	2	0	2	0	0	0	0
AF	0	0.429419	1	0	1	0	0	0	0
AF	0	0.430044	1	1	0	0	0	0	0
AF	0	0.430668	1	0	1	0	0	0	0
AF	0	0.430981	1	1	0	0	0	0	0
AF	0	0.432230	2	1	1	0	0	0	0
AF	0	0.432542	2	2	0	0	0	0	0
AF	0	0.433167	1	1	0	0	0	0	0
AF	0	0.433479	1	1	0	0	0	0	0
AF	0	0.433791	2	1	1	0	0	0	0
AF	0	0.435353	3	2	1	0	0	0	0
AF	0	0.435665	2	2	0	0	0	0	0
AF	0	0.437851	3	3	0	0	0	0	0
AF	0	0.438164	2	1	1	0	0	0	0
AF	0	0.438788	1	0	1	0	0	0	0
AF	0	0.439101	2	2	0	0	0	0	0
AF	0	0.440974	2	1	1	0	0	0	0
AF	0	0.442848	2	0	2	0	0	0	0
AF	0	0.443473	1	1	0	0	0	0	0
AF	0	0.444410	1	1	0	0	0	0	0
AF	0	0.445034	3	2	1	0	0	0	0
AF	0	0.445347	1	0	1	0	0	0	0
AF	0	0.445659	3	3	0	0	0	0	0
AF	0	0.445971	3	3	0	0	0	0	0
AF	0	0.446284	1	1	0	0	0	0	0
AF	0	0.446908	1	1	0	0	0	0	0
AF	0	0.447533	1	1	0	0	0	0	0
AF	0	0.448157	1	0	1	0	0	0	0
AF	0	0.448782	1	1	0	0	0	0	0
AF	0	0.449094	1	1	0	0	0	0	0
AF	0	0.450031	1	0	1	0	0	0	0
AF	0	0.451280	2	1	1	0	0	0	0
AF	0	0.451593	1	1	0	0	0	0	0
AF	0	0.451905	2	1	1	0	0	0	0
AF	0	0.452530	4	3	1	0	0	0	0
AF	0	0.452842	1	1	0	0	0	0	0
AF	0	0.453154	3	1	2	0	0	0	0
AF	0	0.455028	1	0	1	0	0	0	0
AF	0	0.456277	5	2	3	0	0	0	0
AF	0	0.456590	3	3	0	0	0	0	0
AF	0	0.456902	1	1	0	0	0	0	0
AF	0	0.457214	2	2	0	0	0	0	0
AF	0	0.457527	2	1	1	0	0	0	0
AF	0	0.458151	1	1	0	0	0	0	0
AF	0	0.458463	1	1	0	0	0	0	0
AF	0	0.458776	1	1	0	0	0	0	0
AF	0	0.459400	1	1	0	0	0	0	0
AF	0	0.459713	1	1	0	0	0	0	0
AF	0	0.460337	2	1	1	0	0	0	0
AF	0	0.461899	1	1	0	0	0	0	0
AF	0	0.462211	1	1	0	0	0	0	0
AF	0	0.462523	1	1	0	0	0	0	0
AF	0	0.463148	1	0	1	0	0	0	0
AF	0	0.463460	4	2	2	0	0	0	0
AF	0	0.463773	4	1	3	0	0	0	0
AF	0	0.464397	2	1	1	0	0	0	0
AF	0	0.465022	6	5	1	0	0	0	0
AF	0	0.465334	2	1	1	0	0	0	0
AF	0	0.465646	3	2	1	0	0	0	0
AF	0	0.466896	2	1	1	0	0	0	0
AF	0	0.467208	1	1	0	0	0	0	0
AF	0	0.467520	3	0	3	0	0	0	0
AF	0	0.468145	3	3	0	0	0	0	0
AF	0	0.468457	1	0	1	0	0	0	0
AF	0	0.469394	3	0	3	0	0	0	0
AF	0	0.469706	1	1	0	0	0	0	0
AF	0	0.471893	1	1	0	0	0	0	0
AF	0	0.473142	1	1	0	0	0	0	0
AF	0	0.473454	1	1	0	0	0	0	0
AF	0	0.473766	2	0	2	0	0	0	0
AF	0	0.474079	2	2	0	0	0	0	0
AF	0	0.475328	2	2	0	0	0	0	0
AF	0	0.476265	2	1	1	0	0	0	0
AF	0	0.477202	2	1	1	0	0	0	0
AF	0	0.477826	1	1	0	0	0	0	0
AF	0	0.478763	1	0	1	0	0	0	0
AF	0	0.479076	1	1	0	0	0	0	0
AF	0	0.479388	2	0	2	0	0	0	0
AF	0	0.479700	1	1	0	0	0	0	0
AF	0	0.480012	3	2	1	0	0	0	0
AF	0	0.481262	3	1	2	0	0	0	0
AF	0	0.481886	1	1	0	0	0	0	0
AF	0	0.482199	1	1	0	0	0	0	0
AF	0	0.482511	4	2	2	0	0	0	0
AF	0	0.482823	1	0	1	0	0	0	0
AF	0	0.483136	2	1	1	0	0	0	0
AF	0	0.483760	1	1	0	0	0	0	0
AF	0	0.484385	2	0	2	0	0	0	0
AF	0	0.485009	3	2	1	0	0	0	0
AF	0	0.485322	1	0	1	0	0	0	0
AF	0	0.486571	1	1	0	0	0	0	0
AF	0	0.487196	2	2	0	0	0	0	0
AF	0	0.487508	3	3	0	0	0	0	0
AF	0	0.487820	2	1	1	0	0	0	0
AF	0	0.488132	2	2	0	0	0	0	0
AF	0	0.489382	2	0	2	0	0	0	0
AF	0	0.489694	1	1	0	0	0	0	0
AF	0	0.490006	1	1	0	0	0	0	0
AF	0	0.490631	3	2	1	0	0	0	0
AF	0	0.491880	1	1	0	0	0	0	0
AF	0	0.494066	1	1	0	0	0	0	0
AF	0	0.494379	6	2	4	0	0	0	0
AF	0	0.494691	1	1	0	0	0	0	0
AF	0	0.495940	1	1	0	0	0	0	0
AF	0	0.496252	3	1	2	0	0	0	0
AF	0	0.497502	1	0	1	0	0	0	0
AF	0	0.497814	1	1	0	0	0	0	0
AF	0	0.498126	2	2	0	0	0	0	0
AF	0	0.498438	1	1	0	0	0	0	0
AF	0	0.498751	1	1	0	0	0	0	0
AF	0	0.499063	1	0	1	0	0	0	0
AF	0	0.499375	2	1	1	0	0	0	0
AF	0	0.501249	2	1	1	0	0	0	0
AF	0	0.501874	3	3	0	0	0	0	0
AF	0	0.502186	1	1	0	0	0	0	0
AF	0	0.502498	3	3	0	0	0	0	0
AF	0	0.502811	1	0	1	0	0	0	0
AF	0	0.503123	2	1	1	0	0	0	0
AF	0	0.504997	1	0	1	0	0	0	0
AF	0	0.505934	1	0	1	0	0	0	0
AF	0	0.506246	3	1	2	0	0	0	0
AF	0	0.507495	2	1	1	0	0	0	0
AF	0	0.508120	2	1	1	0	0	0	0
AF	0	0.508432	1	0	1	0	0	0	0
AF	0	0.508745	3	3	0	0	0	0	0
AF	0	0.509057	5	2	3	0	0	0	0
AF	0	0.509369	2	1	1	0	0	0	0
AF	0	0.509681	2	2	0	0	0	0	0
AF	0	0.509994	2	1	1	0	0	0	0
AF	0	0.510618	2	1	1	0	0	0	0
AF	0	0.511555	1	1	0	0	0	0	0
AF	0	0.511868	3	2	1	0	0	0	0
AF	0	0.512180	1	1	0	0	0	0	0
AF	0	0.512492	4	2	2	0	0	0	0
AF	0	0.512804	2	1	1	0	0	0	0
AF	0	0.513117	3	3	0	0	0	0	0
AF	0	0.513429	1	1	0	0	0	0	0
AF	0	0.514054	1	1	0	0	0	0	0
AF	0	0.514366	4	2	2	0	0	0	0
AF	0	0.514991	5	3	2	0	0	0	0
AF	0	0.515615	3	2	1	0	0	0	0
AF	0	0.515928	3	1	2	0	0	0	0
AF	0	0.516240	2	0	2	0	0	0	0
AF	0	0.516552	1	0	1	0	0	0	0
AF	0	0.516864	3	2	1	0	0	0	0
AF	0	0.517177	1	0	1	0	0	0	0
AF	0	0.517489	4	1	3	0	0	0	0
AF	0	0.518114	6	4	2	0	0	0	0
AF	0	0.518426	3	3	0	0	0	0	0
AF	0	0.518738	9	7	2	0	0	0	0
AF	0	0.519051	7	6	1	0	0	0	0
AF	0	0.519363	7	5	2	0	0	0	0
AF	0	0.519675	4	3	1	0	0	0	0
AF	0	0.519988	7	5	2	0	0	0	0
AF	0	0.520300	7	6	1	0	0	0	0
AF	0	0.520612	2	2	0	0	0	0	0
AF	0	0.521237	2	1	1	0	0	0	0
AF	0	0.521549	2	2	0	0	0	0	0
AF	0	0.521861	3	2	1	0	0	0	0
AF	0	0.522174	1	1	0	0	0	0	0
AF	0	0.522486	3	3	0	0	0	0	0
AF	0	0.522798	1	1	0	0	0	0	0
AF	0	0.523111	1	1	0	0	0	0	0
AF	0	0.523735	3	3	0	0	0	0	0
AF	0	0.524047	2	2	0	0	0	0	0
AF	0	0.524360	1	1	0	0	0	0	0
AF	0	0.524984	1	1	0	0	0	0	0
AF	0	0.525609	2	2	0	0	0	0	0
AF	0	0.526858	4	2	2	0	0	0	0
AF	0	0.527171	1	1	0	0	0	0	0
AF	0	0.527483	3	2	1	0	0	0	0
AF	0	0.527795	2	2	0	0	0	0	0
AF	0	0.528107	8	4	4	0	0	0	0
AF	0	0.528420	5	2	3	0	0	0	0
AF	0	0.528732	2	1	1	0	0	0	0
AF	0	0.529044	3	1	2	0	0	0	0
AF	0	0.529357	2	1	1	0	0	0	0
AF	0	0.529981	7	4	3	0	0	0	0
AF	0	0.530294	1	0	1	0	0	0	0
AF	0	0.530606	2	1	1	0	0	0	0
AF	0	0.530918	2	2	0	0	0	0	0
AF	0	0.531230	2	1	1	0	0	0	0
AF	0	0.531543	1	0	1	0	0	0	0
AF	0	0.531855	1	0	1	0	0	0	0
AF	0	0.532480	3	3	0	0	0	0	0
AF	0	0.533104	4	2	2	0	0	0	0
AF	0	0.533729	2	2	0	0	0	0	0
AF	0	0.534354	1	0	1	0	0	0	0
AF	0	0.536227	1	1	0	0	0	0	0
AF	0	0.536852	4	2	2	0	0	0	0
AF	0	0.537164	1	0	1	0	0	0	0
AF	0	0.538101	2	1	1	0	0	0	0
AF	0	0.538413	3	3	0	0	0	0	0
AF	0	0.538726	1	1	0	0	0	0	0
AF	0	0.539350	2	2	0	0	0	0	0
AF	0	0.539975	2	2	0	0	0	0	0
AF	0	0.540600	1	1	0	0	0	0	0
AF	0	0.540912	1	1	0	0	0	0	0
AF	0	0.541224	2	2	0	0	0	0	0
AF	0	0.541537	2	1	1	0	0	0	0
AF	0	0.542161	2	0	2	0	0	0	0
AF	0	0.542473	2	2	0	0	0	0	0
AF	0	0.543410	1	1	0	0	0	0	0
AF	0	0.543723	1	1	0	0	0	0	0
AF	0	0.544660	2	1	1	0	0	0	0
AF	0	0.544972	2	2	0	0	0	0	0
AF	0	0.545597	1	1	0	0	0	0	0
AF	0	0.546533	2	1	1	0	0	0	0
AF	0	0.547470	1	1	0	0	0	0	0
AF	0	0.548720	2	2	0	0	0	0	0
AF	0	0.549032	1	1	0	0	0	0	0
AF	0	0.549344	3	2	1	0	0	0	0
AF	0	0.550906	1	0	1	0	0	0	0
AF	0	0.552467	1	0	1	0	0	0	0
AF	0	0.553092	1	0	1	0	0	0	0
AF	0	0.553716	4	0	4	0	0	0	0
AF	0	0.554341	1	1	0	0	0	0	0
AF	0	0.555278	1	1	0	0	0	0	0
AF	0	0.555590	1	0	1	0	0	0	0
AF	0	0.555903	1	1	0	0	0	0	0
AF	0	0.557776	1	1	0	0	0	0	0
AF	0	0.558401	3	1	2	0	0	0	0
AF	0	0.558713	1	1	0	0	0	0	0
AF	0	0.559338	1	0	1	0	0	0	0
AF	0	0.559650	1	1	0	0	0	0	0
AF	0	0.560275	2	2	0	0	0	0	0
AF	0	0.561524	1	1	0	0	0	0	0
AF	0	0.563398	1	0	1	0	0	0	0
AF	0	0.564647	1	1	0	0	0	0	0
AF	0	0.564959	1	1	0	0	0	0	0
AF	0	0.565272	3	2	1	0	0	0	0
AF	0	0.565584	1	1	0	0	0	0	0
AF	0	0.569019	2	2	0	0	0	0	0
AF	0	0.569332	1	0	1	0	0	0	0
AF	0	0.569644	1	0	1	0	0	0	0
AF	0	0.572767	1	1	0	0	0	0	0
AF	0	0.574641	1	1	0	0	0	0	0
AF	0	0.582136	1	1	0	0	0	0	0
AF	0	0.582761	1	0	1	0	0	0	0
AF	0	0.583073	1	1	0	0	0	0	0
AF	0	0.583385	2	0	2	0	0	0	0
AF	0	0.585884	1	1	0	0	0	0	0
AF	0	0.586508	1	0	1	0	0	0	0
AF	0	0.588070	1	1	0	0	0	0	0
AF	0	0.588382	1	1	0	0	0	0	0
AF	0	0.589319	1	0	1	0	0	0	0
AF	0	0.590568	1	0	1	0	0	0	0
AF	0	0.591193	1	0	1	0	0	0	0
AF	0	0.591505	1	0	1	0	0	0	0
AF	0	0.591818	2	1	1	0	0	0	0
AF	0	0.594941	2	1	1	0	0	0	0
AF	0	0.595253	1	1	0	0	0	0	0
AF	0	0.595565	1	1	0	0	0	0	0
AF	0	0.601499	1	0	1	0	0	0	0
AF	0	0.603061	1	1	0	0	0	0	0
AF	0	0.604622	1	1	0	0	0	0	0
AF	0	0.606184	1	0	1	0	0	0	0
AF	0	0.606496	1	1	0	0	0	0	0
AF	0	0.607121	1	1	0	0	0	0	0
AF	0	0.608994	1	1	0	0	0	0	0
AF	0	0.609307	5	3	2	0	0	0	0
AF	0	0.609619	10	8	2	0	0	0	0
AF	0	0.609931	4	3	1	0	0	0	0
AF	0	0.610244	5	1	4	0	0	0	0
AF	0	0.610556	6	5	1	0	0	0	0
AF	0	0.610868	3	0	3	0	0	0	0
AF	0	0.611493	1	0	1	0	0	0	0
AF	0	0.614616	2	0	2	0	0	0	0
AF	0	0.615240	1	1	0	0	0	0	0
AF	0	0.615553	1	1	0	0	0	0	0
AF	0	0.615865	1	1	0	0	0	0	0
AF	0	0.618676	1	1	0	0	0	0	0
AF	0	0.619613	1	1	0	0	0	0	0
AF	0	0.622111	1	0	1	0	0	0	0
AF	0	0.622736	1	1	0	0	0	0	0
AF	0	0.623048	2	1	1	0	0	0	0
AF	0	0.626171	1	1	0	0	0	0	0
AF	0	0.626483	1	1	0	0	0	0	0
AF	0	0.629294	1	1	0	0	0	0	0
AF	0	0.629606	1	0	1	0	0	0	0
AF	0	0.629919	2	2	0	0	0	0	0
AF	0	0.631793	1	0	1	0	0	0	0
AF	0	0.632105	1	1	0	0	0	0	0
AF	0	0.633354	2	1	1	0	0	0	0
AF	0	0.634603	1	0	1	0	0	0	0
AF	0	0.634916	2	2	0	0	0	0	0
AF	0	0.635228	1	1	0	0	0	0	0
AF	0	0.635540	1	0	1	0	0	0	0
AF	0	0.635853	2	1	1	0	0	0	0
AF	0	0.636165	1	0	1	0	0	0	0
AF	0	0.636477	3	2	1	0	0	0	0
AF	0	0.637102	1	1	0	0	0	0	0
AF	0	0.637414	1	1	0	0	0	0	0
AF	0	0.637726	1	0	1	0	0	0	0
AF	0	0.638039	1	1	0	0	0	0	0
AF	0	0.639600	2	2	0	0	0	0	0
AF	0	0.639913	1	1	0	0	0	0	0
AF	0	0.640849	2	1	1	0	0	0	0
AF	0	0.642723	2	2	0	0	0	0	0
AF	0	0.643348	2	1	1	0	0	0	0
AF	0	0.644285	1	1	0	0	0	0	0
AF	0	0.652717	1	1	0	0	0	0	0
AF	0	0.654903	1	0	1	0	0	0	0
AF	0	0.656465	1	0	1	0	0	0	0
AF	0	0.657089	1	0	1	0	0	0	0
AF	0	0.658026	2	1	1	0	0	0	0
AF	0	0.658963	2	0	2	0	0	0	0
AF	0	0.659588	1	1	0	0	0	0	0
AF	0	0.659900	1	0	1	0	0	0	0
AF	0	0.660212	2	2	0	0	0	0	0
AF	0	0.661149	1	1	0	0	0	0	0
AF	0	0.661462	6	5	1	0	0	0	0
AF	0	0.661774	1	1	0	0	0	0	0
AF	0	0.662086	2	0	2	0	0	0	0
AF	0	0.662399	1	1	0	0	0	0	0
AF	0	0.663960	1	0	1	0	0	0	0
AF	0	0.664585	4	3	1	0	0	0	0
AF	0	0.665209	1	0	1	0	0	0	0
AF	0	0.665522	2	2	0	0	0	0	0
AF	0	0.665834	1	1	0	0	0	0	0
AF	0	0.666146	1	1	0	0	0	0	0
AF	0	0.667395	1	0	1	0	0	0	0
AF	0	0.667708	1	1	0	0	0	0	0
AF	0	0.668645	1	1	0	0	0	0	0
AF	0	0.670518	1	1	0	0	0	0	0
AF	0	0.672392	3	3	0	0	0	0	0
AF	0	0.674891	1	0	1	0	0	0	0
AF	0	0.680512	1	1	0	0	0	0	0
AF	0	0.683948	2	2	0	0	0	0	0
AF	0	0.685197	1	0	1	0	0	0	0
AF	0	0.685821	1	1	0	0	0	0	0
AF	0	0.687695	1	1	0	0	0	0	0
AF	0	0.688007	1	1	0	0	0	0	0
AF	0	0.688632	1	1	0	0	0	0	0
AF	0	0.689257	2	2	0	0	0	0	0
AF	0	0.689881	1	1	0	0	0	0	0
AF	0	0.690194	1	1	0	0	0	0	0
AF	0	0.691131	1	1	0	0	0	0	0
AF	0	0.691443	2	2	0	0	0	0	0
AF	0	0.691755	4	4	0	0	0	0	0
AF	0	0.693004	1	0	1	0	0	0	0
AF	0	0.697689	1	1	0	0	0	0	0
AF	0	0.700187	1	1	0	0	0	0	0
AF	0	0.700500	1	0	1	0	0	0	0
AF	0	0.701124	3	2	1	0	0	0	0
AF	0	0.702061	1	0	1	0	0	0	0
AF	0	0.702686	1	1	0	0	0	0	0
AF	0	0.704872	1	0	1	0	0	0	0
AF	0	0.705497	1	1	0	0	0	0	0
AF	0	0.705809	2	2	0	0	0	0	0
AF	0	0.706121	1	1	0	0	0	0	0
AF	0	0.710181	1	0	1	0	0	0	0
AF	0	0.710493	1	0	1	0	0	0	0
AF	0	0.711118	1	0	1	0	0	0	0
AF	0	0.712992	1	0	1	0	0	0	0
AF	0	0.714866	1	1	0	0	0	0	0
AF	0	0.716740	1	1	0	0	0	0	0
AF	0	0.717052	1	0	1	0	0	0	0
AF	0	0.717676	1	1	0	0	0	0	0
AF	0	0.720800	1	1	0	0	0	0	0
AF	0	0.721112	1	1	0	0	0	0	0
AF	0	0.721736	1	1	0	0	0	0	0
AF	0	0.723610	1	1	0	0	0	0	0
AF	0	0.724859	1	1	0	0	0	0	0
AF	0	0.725484	7	6	1	0	0	0	0
AF	0	0.726109	2	2	0	0	0	0	0
AF	0	0.726733	1	1	0	0	0	0	0
AF	0	0.727358	1	0	1	0	0	0	0
AF	0	0.730481	1	0	1	0	0	0	0
AF	0	0.731418	1	1	0	0	0	0	0
AF	0	0.734853	1	1	0	0	0	0	0
AF	0	0.735166	1	1	0	0	0	0	0
AF	0	0.735478	5	2	3	0	0	0	0
AF	0	0.735790	8	5	3	0	0	0	0
AF	0	0.736102	4	3	1	0	0	0	0
AF	0	0.736727	1	1	0	0	0	0	0
AF	0	0.737352	2	1	1	0	0	0	0
AF	0	0.737664	1	0	1	0	0	0	0
AF	0	0.738601	2	1	1	0	0	0	0
AF	0	0.739850	4	2	2	0	0	0	0
AF	0	0.740475	8	5	3	0	0	0	0
AF	0	0.740787	2	0	2	0	0	0	0
AF	0	0.741099	2	2	0	0	0	0	0
AF	0	0.741724	2	2	0	0	0	0	0
AF	0	0.742036	1	1	0	0	0	0	0
AF	0	0.742349	2	2	0	0	0	0	0
AF	0	0.742661	1	1	0	0	0	0	0
AF	0	0.742973	9	6	3	0	0	0	0
AF	0	0.743285	4	1	3	0	0	0	0
AF	0	0.743598	3	2	1	0	0	0	0
AF	0	0.743910	1	0	1	0	0	0	0
AF	0	0.744847	2	2	0	0	0	0	0
AF	0	0.745472	2	1	1	0	0	0	0
AF	0	0.745784	1	1	0	0	0	0	0
AF	0	0.746408	1	1	0	0	0	0	0
AF	0	0.746721	1	1	0	0	0	0	0
AF	0	0.748595	1	1	0	0	0	0	0
AF	0	0.749844	1	0	1	0	0	0	0
AF	0	0.750156	1	1	0	0	0	0	0
AF	0	0.751093	1	1	0	0	0	0	0
AF	0	0.751405	2	1	1	0	0	0	0
AF	0	0.751718	3	2	1	0	0	0	0
AF	0	0.752030	1	1	0	0	0	0	0
AF	0	0.752967	1	1	0	0	0	0	0
AF	0	0.756715	1	0	1	0	0	0	0
AF	0	0.758588	1	1	0	0	0	0	0
AF	0	0.758901	1	1	0	0	0	0	0
AF	0	0.759838	1	0	1	0	0	0	0
AF	0	0.762336	1	1	0	0	0	0	0
AF	0	0.763273	1	1	0	0	0	0	0
AF	0	0.765459	2	1	1	0	0	0	0
AF	0	0.766084	1	1	0	0	0	0	0
AF	0	0.766708	1	1	0	0	0	0	0
AF	0	0.771081	1	0	1	0	0	0	0
AF	0	0.772330	1	0	1	0	0	0	0
AF	0	0.776702	1	0	1	0	0	0	0
AF	0	0.780137	1	1	0	0	0	0	0
AF	0	0.780450	1	1	0	0	0	0	0
AF	0	0.780762	2	1	1	0	0	0	0
AF	0	0.781074	1	0	1	0	0	0	0
AF	0	0.785447	1	0	1	0	0	0	0
AF	0	0.785759	1	0	1	0	0	0	0
AF	0	0.787633	1	1	0	0	0	0	0
AF	0	0.788570	1	1	0	0	0	0	0
AF	0	0.795440	1	0	1	0	0	0	0
AF	0	0.800750	1	1	0	0	0	0	0
AF	0	0.801999	2	1	1	0	0	0	0
AF	0	0.803560	1	1	0	0	0	0	0
AF	0	0.807620	1	0	1	0	0	0	0
AF	0	0.810119	2	0	2	0	0	0	0
AF	0	0.810431	1	1	0	0	0	0	0
AF	0	0.810743	1	1	0	0	0	0	0
AF	0	0.812305	1	1	0	0	0	0	0
AF	0	0.815428	1	1	0	0	0	0	0
AF	0	0.818239	1	1	0	0	0	0	0
AF	0	0.818863	1	1	0	0	0	0	0
AF	0	0.819488	1	1	0	0	0	0	0
AF	0	0.824485	1	1	0	0	0	0	0
AF	0	0.824797	2	1	1	0	0	0	0
AF	0	0.825109	1	1	0	0	0	0	0
AF	0	0.825734	1	1	0	0	0	0	0
AF	0	0.827295	1	1	0	0	0	0	0
AF	0	0.827608	1	0	1	0	0	0	0
AF	0	0.828857	1	1	0	0	0	0	0
AF	0	0.829169	1	0	1	0	0	0	0
AF	0	0.829482	1	1	0	0	0	0	0
AF	0	0.830731	1	1	0	0	0	0	0
AF	0	0.831043	1	1	0	0	0	0	0
AF	0	0.831355	1	0	1	0	0	0	0
AF	0	0.831980	1	1	0	0	0	0	0
AF	0	0.832292	1	1	0	0	0	0	0
AF	0	0.833229	1	1	0	0	0	0	0
AF	0	0.834166	1	1	0	0	0	0	0
AF	0	0.835728	1	1	0	0	0	0	0
AF	0	0.840725	1	1	0	0	0	0	0
AF	0	0.844472	1	0	1	0	0	0	0
AF	0	0.848532	1	1	0	0	0	0	0
AF	0	0.848844	1	1	0	0	0	0	0
AF	0	0.866646	1	1	0	0	0	0	0
AF	0	0.871330	1	0	1	0	0	0	0
AF	0	0.872267	1	0	1	0	0	0	0
AF	0	0.872892	3	1	2	0	0	0	0
AF	0	0.873204	1	1	0	0	0	0	0
AF	0	0.873829	1	1	0	0	0	0	0
AF	0	0.874453	1	1	0	0	0	0	0
AF	0	0.874766	1	0	1	0	0	0	0
AF	0	0.875703	2	2	0	0	0	0	0
AF	0	0.876952	1	0	1	0	0	0	0
AF	0	0.877577	1	0	1	0	0	0	0
AF	0	0.878201	1	0	1	0	0	0	0
AF	0	0.879138	1	0	1	0	0	0	0
AF	0	0.879450	2	2	0	0	0	0	0
AF	0	0.881012	1	1	0	0	0	0	0
AF	0	0.881636	1	1	0	0	0	0	0
AF	0	0.882261	1	0	1	0	0	0	0
AF	0	0.882573	2	1	1	0	0	0	0
AF	0	0.882886	1	0	1	0	0	0	0
AF	0	0.883823	1	1	0	0	0	0	0
AF	0	0.884135	2	2	0	0	0	0	0
AF	0	0.884447	1	1	0	0	0	0	0
AF	0	0.885696	1	1	0	0	0	0	0
AF	0	0.886633	1	0	1	0	0	0	0
AF	0	0.887570	3	3	0	0	0	0	0
AF	0	0.887883	2	2	0	0	0	0	0
AF	0	0.890693	1	1	0	0	0	0	0
AF	0	0.892567	1	1	0	0	0	0	0
AF	0	0.894753	1	1	0	0	0	0	0
AF	0	0.895378	1	1	0	0	0	0	0
AF	0	0.896002	2	2	0	0	0	0	0
AF	0	0.900375	1	0	1	0	0	0	0
AF	0	0.900999	1	1	0	0	0	0	0
AF	0	0.903810	1	1	0	0	0	0	0
AF	0	0.904122	2	2	0	0	0	0	0
AF	0	0.908807	1	1	0	0	0	0	0
AF	0	0.909432	1	0	1	0	0	0	0
AF	0	0.917239	1	0	1	0	0	0	0
AF	0	0.917552	1	1	0	0	0	0	0
AF	0	0.918176	2	1	1	0	0	0	0
AF	0	0.918488	1	1	0	0	0	0	0
AF	0	0.919738	2	2	0	0	0	0	0
AF	0	0.920362	1	1	0	0	0	0	0
AF	0	0.920987	4	4	0	0	0	0	0
AF	0	0.921299	1	1	0	0	0	0	0
AF	0	0.922236	1	1	0	0	0	0	0
AF	0	0.923485	2	1	1	0	0	0	0
AF	0	0.924422	1	1	0	0	0	0	0
AF	0	0.925047	1	1	0	0	0	0	0
AF	0	0.930044	1	1	0	0	0	0	0
AF	0	0.930981	1	0	1	0	0	0	0
AF	0	0.931293	2	1	1	0	0	0	0
AF	0	0.933479	1	1	0	0	0	0	0
AF	0	0.934104	2	2	0	0	0	0	0
AF	0	0.934416	2	2	0	0	0	0	0
AF	0	0.935353	2	2	0	0	0	0	0
AF	0	0.935665	2	2	0	0	0	0	0
AF	0	0.936290	2	0	2	0	0	0	0
AF	0	0.936602	1	1	0	0	0	0	0
AF	0	0.939413	1	0	1	0	0	0	0
AF	0	0.940974	3	2	1	0	0	0	0
AF	0	0.941911	1	0	1	0	0	0	0
AF	0	0.943473	1	0	1	0	0	0	0
AF	0	0.945034	1	1	0	0	0	0	0
AF	0	0.948157	1	0	1	0	0	0	0
AF	0	0.950344	1	1	0	0	0	0	0
AF	0	0.953467	2	1	1	0	0	0	0
AF	0	0.954091	5	5	0	0	0	0	0
AF	0	0.954403	8	6	2	0	0	0	0
AF	0	0.954716	2	1	1	0	0	0	0
AF	0	0.955028	2	2	0	0	0	0	0
AF	0	0.955340	2	2	0	0	0	0	0
AF	0	0.955653	3	2	1	0	0	0	0
AF	0	0.955965	3	2	1	0	0	0	0
AF	0	0.956590	1	0	1	0	0	0	0
AF	0	0.956902	2	2	0	0	0	0	0
AF	0	0.957214	1	0	1	0	0	0	0
AF	0	0.958776	2	2	0	0	0	0	0
AF	0	0.960650	1	1	0	0	0	0	0
AF	0	0.960962	2	1	1	0	0	0	0
AF	0	0.961274	1	0	1	0	0	0	0
AF	0	0.961587	2	1	1	0	0	0	0
AF	0	0.962836	3	2	1	0	0	0	0
AF	0	0.963460	1	0	1	0	0	0	0
AF	0	0.964085	7	4	3	0	0	0	0
AF	0	0.965334	2	1	1	0	0	0	0
AF	0	0.965959	2	2	0	0	0	0	0
AF	0	0.966583	2	1	1	0	0	0	0
AF	0	0.966896	2	2	0	0	0	0	0
AF	0	0.967520	2	1	1	0	0	0	0
AF	0	0.967833	2	1	1	0	0	0	0
AF	0	0.968457	1	1	0	0	0	0	0
AF	0	0.968770	1	1	0	0	0	0	0
AF	0	0.970331	2	1	1	0	0	0	0
AF	0	0.972829	3	2	1	0	0	0	0
AF	0	0.973454	1	1	0	0	0	0	0
AF	0	0.974703	1	1	0	0	0	0	0
AF	0	0.975328	1	1	0	0	0	0	0
AF	0	0.975953	1	1	0	0	0	0	0
AF	0	0.979388	1	1	0	0	0	0	0
AF	0	0.979700	2	1	1	0	0	0	0
AF	0	0.980325	1	0	1	0	0	0	0
AF	0	0.980949	1	1	0	0	0	0	0
AF	0	0.983136	1	1	0	0	0	0	0
AF	0	0.984072	4	3	1	0	0	0	0
AF	0	0.984697	1	1	0	0	0	0	0
AF	0	0.985009	6	5	1	0	0	0	0
AF	0	0.986571	4	3	1	0	0	0	0
AF	0	0.986883	1	1	0	0	0	0	0
AF	0	0.987196	3	2	1	0	0	0	0
AF	0	0.988132	1	1	0	0	0	0	0
AF	0	0.988445	5	3	2	0	0	0	0
AF	0	0.988757	8	6	2	0	0	0	0
AF	0	0.990006	1	1	0	0	0	0	0
AF	0	0.990943	4	4	0	0	0	0	0
AF	0	0.992817	1	0	1	0	0	0	0
AF	0	0.993442	4	3	1	0	0	0	0
AF	0	0.993754	3	2	1	0	0	0	0
AF	0	0.994066	11	7	4	0	0	0	0
AF	0	0.994379	1	1	0	0	0	0	0
AF	0	0.994691	3	3	0	0	0	0	0
AF	0	0.995315	2	2	0	0	0	0	0
AF	0	0.995628	8	3	5	0	0	0	0
AF	0	0.995940	21	14	7	0	0	0	0
AF	0	0.996252	1	1	0	0	0	0	0
AF	0	0.996565	8	4	4	0	0	0	0
AF	0	0.997189	1	1	0	0	0	0	0
AF	0	0.997502	1	0	1	0	0	0	0
AF	0	0.997814	1	1	0	0	0	0	0
AF	0	0.998126	1	1	0	0	0	0	0
AF	0	0.999063	1	1	0	0	0	0	0
# QUAL, Stats by quality
# QUAL	[2]id	[3]Quality	[4]number of SNPs	[5]number of transitions (1st ALT)	[6]number of transversions (1st ALT)	[7]number of indels
QUAL	0	.	17316	11500	5816	0
# IDD, InDel distribution:
# IDD	[2]id	[3]length (deletions negative)	[4]number of sites	[5]number of genotypes	[6]mean VAF
# ST, Substitution types:
# ST	[2]id	[3]type	[4]count
ST	0	A>C	679
ST	0	A>G	2372
ST	0	A>T	649
ST	0	C>A	922
ST	0	C>G	677
ST	0	C>T	3214
ST	0	G>A	3332
ST	0	G>C	732
ST	0	G>T	851
ST	0	T>A	664
ST	0	T>C	2582
ST	0	T>G	642
# DP, Depth distribution
# DP	[2]id	[3]bin	[4]number of genotypes	[5]fraction of genotypes (%)	[6]number of sites	[7]fraction of sites (%)
  - Fix haploid genotypes in males...

Submit MakeDiploidMalesX finished successfully. Let's have a beer, buddy!

