Submit MakeDiploidMalesX
version 1.1.6 (2024-09-30)

These are the settings:
  Input file................: /hpc/local/Rocky8/dhl_ec/software/MonopogenLite/resources/1kGP_high_coverage_Illumina.SNVonly_poly.filtered_AF_5e-04.norm.fixvariantid.chrX.vcf.gz
  Output file...............: /hpc/local/Rocky8/dhl_ec/software/MonopogenLite/resources/1kGP_high_coverage_Illumina.SNVonly_poly.filtered_AF_5e-04.norm.fixvariantid.makediploid.chrX.vcf.gz
  Chunk size................: 100

  SLURM CPUs................: 4
  SLURM Array ID............: 30 (of 100)
  SLURM memory..............: 16G
  SLURM time................: 01:00:00
  SLURM mail type...........: FAIL
  SLURM mail user...........: s.w.vanderlaan-2@umcutrecht.nl

  Dry run mode..............: 0
  Debug mode................: 1
  Verbosity.................: 0
  Version...................: 1.1.6 (2024-09-30)

Making converting haploid genotypes to diploid genotypes.
> Extract the region for this SLURM task (# 30) from the BED file.
  - Get the chunk number from the SLURM array task ID and the bed file...
DEBUG: Extracting chunk number: 30p from 30
DEBUG: Extracting region from BED file: /hpc/local/Rocky8/dhl_ec/software/MonopogenLite/resources/chrX_100pieces.bed
  - Extract the region from the BED file...
DEBUG: Extracted raw region: 'chrX	45251833	46812240' (chunk #: 30p of 100 for job 30)
  - Check if a valid region was extracted -- should be 'chrX	45251833	46812240'...
  - Prepare the region for bcftools...
  - Check if the region (chrX:45251833-46812240) was successfully extracted...
> Processing region 'chrX:45251833-46812240'...
  - Process the specific region (chunk# 30) using bcftools view...
  - Index the VCF file...
DEBUG: Check if the VCF file was successfully processed...
##fileformat=VCFv4.2
##FILTER=<ID=PASS,Description="All filters passed">
##fileDate=29/01/2022 - 14:31:41
##source=shapeit4.2.2
##contig=<ID=chr1,length=248956422>
##contig=<ID=chr2,length=242193529>
##contig=<ID=chr3,length=198295559>
##contig=<ID=chr4,length=190214555>
##contig=<ID=chr5,length=181538259>
##contig=<ID=chr6,length=170805979>
# This file was produced by bcftools stats (1.20+htslib-1.20) and can be plotted using plot-vcfstats.
# The command line was:	bcftools stats  /hpc/local/Rocky8/dhl_ec/software/MonopogenLite/resources/chrX.part30.vcf.gz
#
# Definition of sets:
# ID	[2]id	[3]tab-separated file names
ID	0	/hpc/local/Rocky8/dhl_ec/software/MonopogenLite/resources/chrX.part30.vcf.gz
# SN, Summary numbers:
#   number of records   .. number of data rows in the VCF
#   number of no-ALTs   .. reference-only sites, ALT is either "." or identical to REF
#   number of SNPs      .. number of rows with a SNP
#   number of MNPs      .. number of rows with a MNP, such as CC>TT
#   number of indels    .. number of rows with an indel
#   number of others    .. number of rows with other type, for example a symbolic allele or
#                          a complex substitution, such as ACT>TCGA
#   number of multiallelic sites     .. number of rows with multiple alternate alleles
#   number of multiallelic SNP sites .. number of rows with multiple alternate alleles, all SNPs
# 
#   Note that rows containing multiple types will be counted multiple times, in each
#   counter. For example, a row with a SNP and an indel increments both the SNP and
#   the indel counter.
# 
# SN	[2]id	[3]key	[4]value
SN	0	number of samples:	3202
SN	0	number of records:	15561
SN	0	number of no-ALTs:	0
SN	0	number of SNPs:	15561
SN	0	number of MNPs:	0
SN	0	number of indels:	0
SN	0	number of others:	0
SN	0	number of multiallelic sites:	0
SN	0	number of multiallelic SNP sites:	0
# TSTV, transitions/transversions:
# TSTV	[2]id	[3]ts	[4]tv	[5]ts/tv	[6]ts (1st ALT)	[7]tv (1st ALT)	[8]ts/tv (1st ALT)
TSTV	0	10869	4692	2.32	10869	4692	2.32
# SiS, Singleton stats:
# SiS	[2]id	[3]allele count	[4]number of SNPs	[5]number of transitions	[6]number of transversions	[7]number of indels	[8]repeat-consistent	[9]repeat-inconsistent	[10]not applicable
SiS	0	1	0	0	0	0	0	0	0
# AF, Stats by non-reference allele frequency:
# AF	[2]id	[3]allele frequency	[4]number of SNPs	[5]number of transitions	[6]number of transversions	[7]number of indels	[8]repeat-consistent	[9]repeat-inconsistent	[10]not applicable
AF	0	0.000312	2553	1752	801	0	0	0	0
AF	0	0.000625	1550	1097	453	0	0	0	0
AF	0	0.000937	1727	1194	533	0	0	0	0
AF	0	0.001249	547	400	147	0	0	0	0
AF	0	0.001562	833	594	239	0	0	0	0
AF	0	0.001874	313	226	87	0	0	0	0
AF	0	0.002186	514	371	143	0	0	0	0
AF	0	0.002498	191	133	58	0	0	0	0
AF	0	0.002811	369	260	109	0	0	0	0
AF	0	0.003123	190	140	50	0	0	0	0
AF	0	0.003435	318	211	107	0	0	0	0
AF	0	0.003748	178	112	66	0	0	0	0
AF	0	0.004060	201	147	54	0	0	0	0
AF	0	0.004372	104	71	33	0	0	0	0
AF	0	0.004685	220	170	50	0	0	0	0
AF	0	0.004997	96	66	30	0	0	0	0
AF	0	0.005309	163	124	39	0	0	0	0
AF	0	0.005621	77	53	24	0	0	0	0
AF	0	0.005934	169	119	50	0	0	0	0
AF	0	0.006246	101	70	31	0	0	0	0
AF	0	0.006558	122	84	38	0	0	0	0
AF	0	0.006871	68	51	17	0	0	0	0
AF	0	0.007183	117	82	35	0	0	0	0
AF	0	0.007495	46	37	9	0	0	0	0
AF	0	0.007808	96	71	25	0	0	0	0
AF	0	0.008120	76	58	18	0	0	0	0
AF	0	0.008432	115	77	38	0	0	0	0
AF	0	0.008745	60	46	14	0	0	0	0
AF	0	0.009057	130	99	31	0	0	0	0
AF	0	0.009369	27	21	6	0	0	0	0
AF	0	0.009681	78	56	22	0	0	0	0
AF	0	0.009994	29	23	6	0	0	0	0
AF	0	0.010306	75	47	28	0	0	0	0
AF	0	0.010618	38	26	12	0	0	0	0
AF	0	0.010931	71	44	27	0	0	0	0
AF	0	0.011243	30	17	13	0	0	0	0
AF	0	0.011555	57	38	19	0	0	0	0
AF	0	0.011868	16	11	5	0	0	0	0
AF	0	0.012180	39	28	11	0	0	0	0
AF	0	0.012492	11	9	2	0	0	0	0
AF	0	0.012804	52	36	16	0	0	0	0
AF	0	0.013117	16	10	6	0	0	0	0
AF	0	0.013429	72	49	23	0	0	0	0
AF	0	0.013741	10	8	2	0	0	0	0
AF	0	0.014054	48	35	13	0	0	0	0
AF	0	0.014366	24	19	5	0	0	0	0
AF	0	0.014678	40	30	10	0	0	0	0
AF	0	0.014991	33	19	14	0	0	0	0
AF	0	0.015303	26	18	8	0	0	0	0
AF	0	0.015615	21	11	10	0	0	0	0
AF	0	0.015928	38	26	12	0	0	0	0
AF	0	0.016240	41	27	14	0	0	0	0
AF	0	0.016552	30	14	16	0	0	0	0
AF	0	0.016864	15	11	4	0	0	0	0
AF	0	0.017177	31	23	8	0	0	0	0
AF	0	0.017489	14	10	4	0	0	0	0
AF	0	0.017801	16	13	3	0	0	0	0
AF	0	0.018114	8	2	6	0	0	0	0
AF	0	0.018426	25	16	9	0	0	0	0
AF	0	0.018738	12	8	4	0	0	0	0
AF	0	0.019051	13	8	5	0	0	0	0
AF	0	0.019363	8	3	5	0	0	0	0
AF	0	0.019675	14	12	2	0	0	0	0
AF	0	0.019988	6	2	4	0	0	0	0
AF	0	0.020300	18	13	5	0	0	0	0
AF	0	0.020612	7	6	1	0	0	0	0
AF	0	0.020924	9	5	4	0	0	0	0
AF	0	0.021237	7	5	2	0	0	0	0
AF	0	0.021549	36	28	8	0	0	0	0
AF	0	0.021861	12	6	6	0	0	0	0
AF	0	0.022174	36	25	11	0	0	0	0
AF	0	0.022486	19	14	5	0	0	0	0
AF	0	0.022798	20	14	6	0	0	0	0
AF	0	0.023111	5	4	1	0	0	0	0
AF	0	0.023423	29	21	8	0	0	0	0
AF	0	0.023735	11	11	0	0	0	0	0
AF	0	0.024047	36	23	13	0	0	0	0
AF	0	0.024360	27	19	8	0	0	0	0
AF	0	0.024672	29	23	6	0	0	0	0
AF	0	0.024984	15	12	3	0	0	0	0
AF	0	0.025297	15	7	8	0	0	0	0
AF	0	0.025609	1	0	1	0	0	0	0
AF	0	0.025921	12	7	5	0	0	0	0
AF	0	0.026234	14	6	8	0	0	0	0
AF	0	0.026546	6	3	3	0	0	0	0
AF	0	0.026858	8	7	1	0	0	0	0
AF	0	0.027171	20	15	5	0	0	0	0
AF	0	0.027483	14	8	6	0	0	0	0
AF	0	0.027795	19	13	6	0	0	0	0
AF	0	0.028107	13	8	5	0	0	0	0
AF	0	0.028420	27	16	11	0	0	0	0
AF	0	0.028732	8	6	2	0	0	0	0
AF	0	0.029044	9	6	3	0	0	0	0
AF	0	0.029357	10	6	4	0	0	0	0
AF	0	0.029669	18	12	6	0	0	0	0
AF	0	0.029981	4	2	2	0	0	0	0
AF	0	0.030294	12	12	0	0	0	0	0
AF	0	0.030606	20	10	10	0	0	0	0
AF	0	0.030918	16	11	5	0	0	0	0
AF	0	0.031230	5	3	2	0	0	0	0
AF	0	0.031543	13	6	7	0	0	0	0
AF	0	0.031855	2	2	0	0	0	0	0
AF	0	0.032167	17	8	9	0	0	0	0
AF	0	0.032480	13	9	4	0	0	0	0
AF	0	0.032792	18	10	8	0	0	0	0
AF	0	0.033104	4	4	0	0	0	0	0
AF	0	0.033417	13	8	5	0	0	0	0
AF	0	0.033729	6	2	4	0	0	0	0
AF	0	0.034041	12	11	1	0	0	0	0
AF	0	0.034354	1	0	1	0	0	0	0
AF	0	0.034666	10	6	4	0	0	0	0
AF	0	0.034978	4	3	1	0	0	0	0
AF	0	0.035290	3	2	1	0	0	0	0
AF	0	0.035603	7	6	1	0	0	0	0
AF	0	0.035915	14	10	4	0	0	0	0
AF	0	0.036227	3	3	0	0	0	0	0
AF	0	0.036540	4	3	1	0	0	0	0
AF	0	0.036852	6	6	0	0	0	0	0
AF	0	0.037164	6	3	3	0	0	0	0
AF	0	0.037477	3	2	1	0	0	0	0
AF	0	0.037789	10	8	2	0	0	0	0
AF	0	0.038101	5	4	1	0	0	0	0
AF	0	0.038413	8	3	5	0	0	0	0
AF	0	0.038726	7	5	2	0	0	0	0
AF	0	0.039038	6	3	3	0	0	0	0
AF	0	0.039350	2	2	0	0	0	0	0
AF	0	0.039663	12	6	6	0	0	0	0
AF	0	0.039975	3	2	1	0	0	0	0
AF	0	0.040287	21	14	7	0	0	0	0
AF	0	0.040600	20	15	5	0	0	0	0
AF	0	0.040912	18	15	3	0	0	0	0
AF	0	0.041224	3	2	1	0	0	0	0
AF	0	0.041537	27	20	7	0	0	0	0
AF	0	0.041849	4	2	2	0	0	0	0
AF	0	0.042161	6	5	1	0	0	0	0
AF	0	0.042473	5	4	1	0	0	0	0
AF	0	0.042786	10	7	3	0	0	0	0
AF	0	0.043098	5	2	3	0	0	0	0
AF	0	0.043410	13	7	6	0	0	0	0
AF	0	0.043723	1	0	1	0	0	0	0
AF	0	0.044035	11	5	6	0	0	0	0
AF	0	0.044347	8	4	4	0	0	0	0
AF	0	0.044660	5	3	2	0	0	0	0
AF	0	0.044972	3	2	1	0	0	0	0
AF	0	0.045284	9	8	1	0	0	0	0
AF	0	0.045597	4	2	2	0	0	0	0
AF	0	0.045909	2	2	0	0	0	0	0
AF	0	0.046221	1	1	0	0	0	0	0
AF	0	0.046533	3	2	1	0	0	0	0
AF	0	0.046846	3	3	0	0	0	0	0
AF	0	0.047158	8	5	3	0	0	0	0
AF	0	0.047470	1	1	0	0	0	0	0
AF	0	0.047783	6	4	2	0	0	0	0
AF	0	0.048095	4	2	2	0	0	0	0
AF	0	0.048407	8	5	3	0	0	0	0
AF	0	0.048720	6	2	4	0	0	0	0
AF	0	0.049032	4	3	1	0	0	0	0
AF	0	0.049344	2	2	0	0	0	0	0
AF	0	0.049656	2	1	1	0	0	0	0
AF	0	0.049969	1	0	1	0	0	0	0
AF	0	0.050281	5	3	2	0	0	0	0
AF	0	0.050593	1	1	0	0	0	0	0
AF	0	0.050906	3	2	1	0	0	0	0
AF	0	0.051218	3	3	0	0	0	0	0
AF	0	0.051530	7	5	2	0	0	0	0
AF	0	0.051843	6	4	2	0	0	0	0
AF	0	0.052155	10	5	5	0	0	0	0
AF	0	0.052467	2	2	0	0	0	0	0
AF	0	0.052780	6	4	2	0	0	0	0
AF	0	0.053092	2	1	1	0	0	0	0
AF	0	0.053404	10	8	2	0	0	0	0
AF	0	0.053716	1	0	1	0	0	0	0
AF	0	0.054029	7	5	2	0	0	0	0
AF	0	0.054653	8	7	1	0	0	0	0
AF	0	0.054966	3	3	0	0	0	0	0
AF	0	0.055278	4	2	2	0	0	0	0
AF	0	0.055590	1	1	0	0	0	0	0
AF	0	0.055903	19	15	4	0	0	0	0
AF	0	0.056215	2	1	1	0	0	0	0
AF	0	0.056527	6	5	1	0	0	0	0
AF	0	0.056839	2	1	1	0	0	0	0
AF	0	0.057152	7	6	1	0	0	0	0
AF	0	0.057464	3	2	1	0	0	0	0
AF	0	0.057776	3	2	1	0	0	0	0
AF	0	0.058089	2	2	0	0	0	0	0
AF	0	0.058401	9	8	1	0	0	0	0
AF	0	0.058713	2	2	0	0	0	0	0
AF	0	0.059026	8	6	2	0	0	0	0
AF	0	0.059338	4	4	0	0	0	0	0
AF	0	0.059650	2	2	0	0	0	0	0
AF	0	0.059963	1	1	0	0	0	0	0
AF	0	0.060275	1	1	0	0	0	0	0
AF	0	0.060587	1	1	0	0	0	0	0
AF	0	0.060899	5	2	3	0	0	0	0
AF	0	0.061212	2	0	2	0	0	0	0
AF	0	0.061524	3	2	1	0	0	0	0
AF	0	0.061836	1	1	0	0	0	0	0
AF	0	0.062149	3	2	1	0	0	0	0
AF	0	0.062461	3	1	2	0	0	0	0
AF	0	0.062773	2	2	0	0	0	0	0
AF	0	0.063086	2	1	1	0	0	0	0
AF	0	0.063398	4	3	1	0	0	0	0
AF	0	0.063710	2	2	0	0	0	0	0
AF	0	0.064022	2	2	0	0	0	0	0
AF	0	0.064335	1	0	1	0	0	0	0
AF	0	0.064647	6	3	3	0	0	0	0
AF	0	0.064959	7	5	2	0	0	0	0
AF	0	0.065272	15	11	4	0	0	0	0
AF	0	0.065584	2	1	1	0	0	0	0
AF	0	0.065896	3	1	2	0	0	0	0
AF	0	0.066209	2	2	0	0	0	0	0
AF	0	0.066521	5	4	1	0	0	0	0
AF	0	0.066833	1	1	0	0	0	0	0
AF	0	0.067146	2	2	0	0	0	0	0
AF	0	0.067458	2	1	1	0	0	0	0
AF	0	0.067770	13	9	4	0	0	0	0
AF	0	0.068082	4	4	0	0	0	0	0
AF	0	0.068395	5	4	1	0	0	0	0
AF	0	0.068707	15	10	5	0	0	0	0
AF	0	0.069019	20	13	7	0	0	0	0
AF	0	0.069332	4	1	3	0	0	0	0
AF	0	0.069644	6	2	4	0	0	0	0
AF	0	0.069956	4	3	1	0	0	0	0
AF	0	0.070269	39	26	13	0	0	0	0
AF	0	0.070581	5	3	2	0	0	0	0
AF	0	0.070893	5	1	4	0	0	0	0
AF	0	0.071205	5	4	1	0	0	0	0
AF	0	0.071518	3	3	0	0	0	0	0
AF	0	0.071830	5	4	1	0	0	0	0
AF	0	0.072142	1	1	0	0	0	0	0
AF	0	0.072455	1	1	0	0	0	0	0
AF	0	0.072767	9	7	2	0	0	0	0
AF	0	0.073079	1	0	1	0	0	0	0
AF	0	0.073392	3	2	1	0	0	0	0
AF	0	0.074016	3	3	0	0	0	0	0
AF	0	0.074329	2	1	1	0	0	0	0
AF	0	0.074641	7	2	5	0	0	0	0
AF	0	0.074953	3	2	1	0	0	0	0
AF	0	0.075265	8	5	3	0	0	0	0
AF	0	0.075578	4	3	1	0	0	0	0
AF	0	0.075890	2	1	1	0	0	0	0
AF	0	0.076202	1	1	0	0	0	0	0
AF	0	0.076515	4	2	2	0	0	0	0
AF	0	0.076827	1	1	0	0	0	0	0
AF	0	0.077139	11	6	5	0	0	0	0
AF	0	0.077764	6	5	1	0	0	0	0
AF	0	0.078076	8	8	0	0	0	0	0
AF	0	0.078389	3	3	0	0	0	0	0
AF	0	0.078701	2	2	0	0	0	0	0
AF	0	0.079013	2	1	1	0	0	0	0
AF	0	0.079325	1	0	1	0	0	0	0
AF	0	0.079638	2	0	2	0	0	0	0
AF	0	0.079950	4	4	0	0	0	0	0
AF	0	0.080262	5	2	3	0	0	0	0
AF	0	0.080887	4	4	0	0	0	0	0
AF	0	0.081199	1	1	0	0	0	0	0
AF	0	0.081824	1	0	1	0	0	0	0
AF	0	0.082136	13	10	3	0	0	0	0
AF	0	0.082761	1	1	0	0	0	0	0
AF	0	0.083073	2	0	2	0	0	0	0
AF	0	0.083385	3	1	2	0	0	0	0
AF	0	0.083698	1	0	1	0	0	0	0
AF	0	0.084010	3	3	0	0	0	0	0
AF	0	0.084322	2	2	0	0	0	0	0
AF	0	0.084635	15	8	7	0	0	0	0
AF	0	0.085259	4	2	2	0	0	0	0
AF	0	0.085572	1	0	1	0	0	0	0
AF	0	0.085884	1	1	0	0	0	0	0
AF	0	0.086821	1	1	0	0	0	0	0
AF	0	0.087133	1	1	0	0	0	0	0
AF	0	0.087445	1	1	0	0	0	0	0
AF	0	0.087758	3	2	1	0	0	0	0
AF	0	0.088070	1	1	0	0	0	0	0
AF	0	0.088382	1	0	1	0	0	0	0
AF	0	0.088695	1	1	0	0	0	0	0
AF	0	0.089007	2	2	0	0	0	0	0
AF	0	0.089944	3	2	1	0	0	0	0
AF	0	0.090256	1	1	0	0	0	0	0
AF	0	0.090568	2	1	1	0	0	0	0
AF	0	0.090881	5	4	1	0	0	0	0
AF	0	0.091193	2	0	2	0	0	0	0
AF	0	0.091505	5	3	2	0	0	0	0
AF	0	0.091818	1	1	0	0	0	0	0
AF	0	0.092755	4	3	1	0	0	0	0
AF	0	0.093691	1	0	1	0	0	0	0
AF	0	0.094316	4	4	0	0	0	0	0
AF	0	0.094628	1	1	0	0	0	0	0
AF	0	0.094941	1	1	0	0	0	0	0
AF	0	0.095253	1	1	0	0	0	0	0
AF	0	0.095565	1	0	1	0	0	0	0
AF	0	0.095878	2	1	1	0	0	0	0
AF	0	0.096502	2	2	0	0	0	0	0
AF	0	0.096814	4	3	1	0	0	0	0
AF	0	0.097127	2	2	0	0	0	0	0
AF	0	0.097751	1	1	0	0	0	0	0
AF	0	0.098064	3	2	1	0	0	0	0
AF	0	0.098376	21	12	9	0	0	0	0
AF	0	0.099001	1	1	0	0	0	0	0
AF	0	0.099625	1	1	0	0	0	0	0
AF	0	0.099938	2	0	2	0	0	0	0
AF	0	0.100250	5	1	4	0	0	0	0
AF	0	0.101187	1	1	0	0	0	0	0
AF	0	0.101499	2	1	1	0	0	0	0
AF	0	0.102124	1	1	0	0	0	0	0
AF	0	0.102436	1	0	1	0	0	0	0
AF	0	0.102748	1	0	1	0	0	0	0
AF	0	0.103373	1	0	1	0	0	0	0
AF	0	0.103685	2	1	1	0	0	0	0
AF	0	0.103998	2	1	1	0	0	0	0
AF	0	0.104310	1	0	1	0	0	0	0
AF	0	0.104622	6	4	2	0	0	0	0
AF	0	0.105247	1	1	0	0	0	0	0
AF	0	0.105559	1	1	0	0	0	0	0
AF	0	0.105871	2	1	1	0	0	0	0
AF	0	0.106496	3	2	1	0	0	0	0
AF	0	0.107121	2	1	1	0	0	0	0
AF	0	0.107433	3	3	0	0	0	0	0
AF	0	0.107745	6	2	4	0	0	0	0
AF	0	0.108370	1	0	1	0	0	0	0
AF	0	0.108682	2	0	2	0	0	0	0
AF	0	0.108994	3	2	1	0	0	0	0
AF	0	0.109307	2	2	0	0	0	0	0
AF	0	0.109619	1	0	1	0	0	0	0
AF	0	0.109931	1	0	1	0	0	0	0
AF	0	0.110244	3	3	0	0	0	0	0
AF	0	0.110868	1	0	1	0	0	0	0
AF	0	0.111181	2	1	1	0	0	0	0
AF	0	0.111805	1	0	1	0	0	0	0
AF	0	0.112117	2	1	1	0	0	0	0
AF	0	0.112430	3	1	2	0	0	0	0
AF	0	0.113367	2	2	0	0	0	0	0
AF	0	0.114304	1	1	0	0	0	0	0
AF	0	0.114928	2	2	0	0	0	0	0
AF	0	0.115553	1	0	1	0	0	0	0
AF	0	0.115865	2	2	0	0	0	0	0
AF	0	0.116177	1	1	0	0	0	0	0
AF	0	0.118051	4	2	2	0	0	0	0
AF	0	0.118364	1	1	0	0	0	0	0
AF	0	0.118676	1	0	1	0	0	0	0
AF	0	0.119300	1	0	1	0	0	0	0
AF	0	0.119613	1	1	0	0	0	0	0
AF	0	0.120237	2	1	1	0	0	0	0
AF	0	0.120550	3	1	2	0	0	0	0
AF	0	0.121174	1	0	1	0	0	0	0
AF	0	0.121799	2	2	0	0	0	0	0
AF	0	0.122423	2	2	0	0	0	0	0
AF	0	0.123048	2	2	0	0	0	0	0
AF	0	0.123673	5	4	1	0	0	0	0
AF	0	0.123985	1	0	1	0	0	0	0
AF	0	0.124297	5	3	2	0	0	0	0
AF	0	0.124922	1	1	0	0	0	0	0
AF	0	0.125547	3	2	1	0	0	0	0
AF	0	0.125859	2	2	0	0	0	0	0
AF	0	0.126171	4	3	1	0	0	0	0
AF	0	0.127108	2	1	1	0	0	0	0
AF	0	0.127733	1	1	0	0	0	0	0
AF	0	0.128045	1	1	0	0	0	0	0
AF	0	0.128357	2	0	2	0	0	0	0
AF	0	0.128982	1	1	0	0	0	0	0
AF	0	0.129294	1	1	0	0	0	0	0
AF	0	0.129919	1	0	1	0	0	0	0
AF	0	0.130543	1	1	0	0	0	0	0
AF	0	0.130856	1	1	0	0	0	0	0
AF	0	0.131168	1	1	0	0	0	0	0
AF	0	0.131793	2	1	1	0	0	0	0
AF	0	0.132105	1	1	0	0	0	0	0
AF	0	0.132417	2	1	1	0	0	0	0
AF	0	0.132730	1	0	1	0	0	0	0
AF	0	0.133042	3	1	2	0	0	0	0
AF	0	0.133666	1	0	1	0	0	0	0
AF	0	0.135228	1	0	1	0	0	0	0
AF	0	0.135540	2	2	0	0	0	0	0
AF	0	0.137414	3	2	1	0	0	0	0
AF	0	0.137726	1	1	0	0	0	0	0
AF	0	0.138039	2	1	1	0	0	0	0
AF	0	0.138351	2	2	0	0	0	0	0
AF	0	0.138976	1	1	0	0	0	0	0
AF	0	0.139288	1	1	0	0	0	0	0
AF	0	0.139913	2	2	0	0	0	0	0
AF	0	0.140225	1	0	1	0	0	0	0
AF	0	0.140537	1	1	0	0	0	0	0
AF	0	0.141162	1	1	0	0	0	0	0
AF	0	0.141474	1	1	0	0	0	0	0
AF	0	0.141786	1	0	1	0	0	0	0
AF	0	0.142411	4	3	1	0	0	0	0
AF	0	0.142723	1	0	1	0	0	0	0
AF	0	0.143036	6	5	1	0	0	0	0
AF	0	0.145534	2	2	0	0	0	0	0
AF	0	0.146159	2	0	2	0	0	0	0
AF	0	0.146471	1	1	0	0	0	0	0
AF	0	0.146783	6	4	2	0	0	0	0
AF	0	0.147096	7	7	0	0	0	0	0
AF	0	0.147408	5	5	0	0	0	0	0
AF	0	0.147720	1	0	1	0	0	0	0
AF	0	0.148032	1	1	0	0	0	0	0
AF	0	0.148345	1	1	0	0	0	0	0
AF	0	0.148969	1	1	0	0	0	0	0
AF	0	0.149594	3	3	0	0	0	0	0
AF	0	0.149906	4	2	2	0	0	0	0
AF	0	0.150219	5	4	1	0	0	0	0
AF	0	0.150531	14	9	5	0	0	0	0
AF	0	0.150843	1	1	0	0	0	0	0
AF	0	0.151156	1	1	0	0	0	0	0
AF	0	0.151468	1	0	1	0	0	0	0
AF	0	0.151780	1	1	0	0	0	0	0
AF	0	0.152717	1	1	0	0	0	0	0
AF	0	0.153029	1	0	1	0	0	0	0
AF	0	0.153342	1	0	1	0	0	0	0
AF	0	0.153654	2	2	0	0	0	0	0
AF	0	0.154279	1	1	0	0	0	0	0
AF	0	0.154903	1	0	1	0	0	0	0
AF	0	0.155215	1	0	1	0	0	0	0
AF	0	0.155840	2	2	0	0	0	0	0
AF	0	0.156152	1	1	0	0	0	0	0
AF	0	0.157402	1	1	0	0	0	0	0
AF	0	0.158651	4	2	2	0	0	0	0
AF	0	0.158963	1	1	0	0	0	0	0
AF	0	0.159275	2	2	0	0	0	0	0
AF	0	0.159900	1	0	1	0	0	0	0
AF	0	0.160837	2	2	0	0	0	0	0
AF	0	0.161149	1	1	0	0	0	0	0
AF	0	0.161774	1	1	0	0	0	0	0
AF	0	0.162399	1	1	0	0	0	0	0
AF	0	0.163335	2	1	1	0	0	0	0
AF	0	0.166146	2	1	1	0	0	0	0
AF	0	0.167395	1	0	1	0	0	0	0
AF	0	0.167708	3	3	0	0	0	0	0
AF	0	0.168020	3	3	0	0	0	0	0
AF	0	0.168332	2	2	0	0	0	0	0
AF	0	0.168645	2	2	0	0	0	0	0
AF	0	0.168957	1	0	1	0	0	0	0
AF	0	0.169269	1	1	0	0	0	0	0
AF	0	0.169582	3	3	0	0	0	0	0
AF	0	0.169894	15	7	8	0	0	0	0
AF	0	0.170206	1	1	0	0	0	0	0
AF	0	0.170518	2	1	1	0	0	0	0
AF	0	0.170831	1	1	0	0	0	0	0
AF	0	0.171143	1	1	0	0	0	0	0
AF	0	0.171455	1	1	0	0	0	0	0
AF	0	0.171768	2	2	0	0	0	0	0
AF	0	0.172080	2	2	0	0	0	0	0
AF	0	0.172392	2	2	0	0	0	0	0
AF	0	0.172705	2	2	0	0	0	0	0
AF	0	0.173017	1	1	0	0	0	0	0
AF	0	0.173329	1	1	0	0	0	0	0
AF	0	0.174266	2	1	1	0	0	0	0
AF	0	0.174891	5	4	1	0	0	0	0
AF	0	0.175203	2	2	0	0	0	0	0
AF	0	0.175515	1	1	0	0	0	0	0
AF	0	0.178951	2	1	1	0	0	0	0
AF	0	0.179888	1	0	1	0	0	0	0
AF	0	0.180512	3	2	1	0	0	0	0
AF	0	0.180824	2	2	0	0	0	0	0
AF	0	0.181137	1	1	0	0	0	0	0
AF	0	0.181449	1	1	0	0	0	0	0
AF	0	0.182074	2	2	0	0	0	0	0
AF	0	0.183011	1	1	0	0	0	0	0
AF	0	0.183323	2	2	0	0	0	0	0
AF	0	0.183635	1	1	0	0	0	0	0
AF	0	0.184572	1	1	0	0	0	0	0
AF	0	0.184884	4	4	0	0	0	0	0
AF	0	0.185197	4	3	1	0	0	0	0
AF	0	0.185509	3	2	1	0	0	0	0
AF	0	0.185821	4	3	1	0	0	0	0
AF	0	0.186134	8	5	3	0	0	0	0
AF	0	0.186446	5	5	0	0	0	0	0
AF	0	0.186758	2	2	0	0	0	0	0
AF	0	0.187071	1	1	0	0	0	0	0
AF	0	0.188007	6	3	3	0	0	0	0
AF	0	0.188320	2	1	1	0	0	0	0
AF	0	0.188632	3	3	0	0	0	0	0
AF	0	0.188944	1	1	0	0	0	0	0
AF	0	0.189257	10	8	2	0	0	0	0
AF	0	0.189569	4	4	0	0	0	0	0
AF	0	0.189881	8	5	3	0	0	0	0
AF	0	0.190194	1	1	0	0	0	0	0
AF	0	0.190506	3	1	2	0	0	0	0
AF	0	0.191131	2	2	0	0	0	0	0
AF	0	0.191755	6	4	2	0	0	0	0
AF	0	0.192067	4	2	2	0	0	0	0
AF	0	0.192380	6	5	1	0	0	0	0
AF	0	0.192692	2	1	1	0	0	0	0
AF	0	0.193004	4	2	2	0	0	0	0
AF	0	0.193317	1	0	1	0	0	0	0
AF	0	0.193629	6	5	1	0	0	0	0
AF	0	0.194254	2	1	1	0	0	0	0
AF	0	0.194566	1	0	1	0	0	0	0
AF	0	0.194878	3	0	3	0	0	0	0
AF	0	0.195191	1	1	0	0	0	0	0
AF	0	0.195815	3	3	0	0	0	0	0
AF	0	0.196127	1	1	0	0	0	0	0
AF	0	0.196440	2	2	0	0	0	0	0
AF	0	0.196752	1	0	1	0	0	0	0
AF	0	0.197064	2	1	1	0	0	0	0
AF	0	0.197689	2	2	0	0	0	0	0
AF	0	0.198001	2	1	1	0	0	0	0
AF	0	0.198626	2	2	0	0	0	0	0
AF	0	0.199250	1	1	0	0	0	0	0
AF	0	0.200500	2	1	1	0	0	0	0
AF	0	0.200812	1	1	0	0	0	0	0
AF	0	0.201124	2	0	2	0	0	0	0
AF	0	0.201749	4	2	2	0	0	0	0
AF	0	0.202374	3	1	2	0	0	0	0
AF	0	0.202686	4	3	1	0	0	0	0
AF	0	0.202998	3	2	1	0	0	0	0
AF	0	0.203623	11	11	0	0	0	0	0
AF	0	0.204247	5	2	3	0	0	0	0
AF	0	0.204560	2	2	0	0	0	0	0
AF	0	0.204872	2	1	1	0	0	0	0
AF	0	0.205497	2	2	0	0	0	0	0
AF	0	0.206121	1	0	1	0	0	0	0
AF	0	0.206746	4	3	1	0	0	0	0
AF	0	0.207370	2	1	1	0	0	0	0
AF	0	0.208620	1	1	0	0	0	0	0
AF	0	0.208932	3	2	1	0	0	0	0
AF	0	0.209244	1	1	0	0	0	0	0
AF	0	0.209869	1	1	0	0	0	0	0
AF	0	0.210493	2	1	1	0	0	0	0
AF	0	0.211430	4	3	1	0	0	0	0
AF	0	0.211743	1	1	0	0	0	0	0
AF	0	0.213304	1	1	0	0	0	0	0
AF	0	0.213616	1	1	0	0	0	0	0
AF	0	0.214866	2	1	1	0	0	0	0
AF	0	0.216427	2	1	1	0	0	0	0
AF	0	0.217676	2	2	0	0	0	0	0
AF	0	0.217989	4	3	1	0	0	0	0
AF	0	0.218301	3	1	2	0	0	0	0
AF	0	0.218613	4	4	0	0	0	0	0
AF	0	0.218926	1	1	0	0	0	0	0
AF	0	0.219238	1	1	0	0	0	0	0
AF	0	0.219863	2	0	2	0	0	0	0
AF	0	0.220175	3	2	1	0	0	0	0
AF	0	0.220487	2	2	0	0	0	0	0
AF	0	0.221112	11	9	2	0	0	0	0
AF	0	0.221424	5	4	1	0	0	0	0
AF	0	0.221736	5	4	1	0	0	0	0
AF	0	0.222049	2	2	0	0	0	0	0
AF	0	0.222361	1	1	0	0	0	0	0
AF	0	0.222673	5	4	1	0	0	0	0
AF	0	0.222986	3	2	1	0	0	0	0
AF	0	0.223298	1	1	0	0	0	0	0
AF	0	0.223923	1	0	1	0	0	0	0
AF	0	0.224547	2	1	1	0	0	0	0
AF	0	0.225172	1	1	0	0	0	0	0
AF	0	0.225796	4	2	2	0	0	0	0
AF	0	0.226109	1	1	0	0	0	0	0
AF	0	0.226733	1	1	0	0	0	0	0
AF	0	0.227046	3	3	0	0	0	0	0
AF	0	0.227358	1	1	0	0	0	0	0
AF	0	0.227670	1	0	1	0	0	0	0
AF	0	0.228919	2	1	1	0	0	0	0
AF	0	0.229544	1	1	0	0	0	0	0
AF	0	0.230169	2	0	2	0	0	0	0
AF	0	0.230793	2	1	1	0	0	0	0
AF	0	0.232667	3	1	2	0	0	0	0
AF	0	0.232979	1	1	0	0	0	0	0
AF	0	0.233292	7	5	2	0	0	0	0
AF	0	0.233604	3	2	1	0	0	0	0
AF	0	0.233916	3	0	3	0	0	0	0
AF	0	0.234229	1	0	1	0	0	0	0
AF	0	0.234541	2	2	0	0	0	0	0
AF	0	0.234853	1	1	0	0	0	0	0
AF	0	0.235166	2	2	0	0	0	0	0
AF	0	0.235478	3	1	2	0	0	0	0
AF	0	0.235790	1	1	0	0	0	0	0
AF	0	0.236102	3	3	0	0	0	0	0
AF	0	0.236415	1	1	0	0	0	0	0
AF	0	0.236727	1	1	0	0	0	0	0
AF	0	0.237352	1	1	0	0	0	0	0
AF	0	0.237664	2	1	1	0	0	0	0
AF	0	0.237976	2	2	0	0	0	0	0
AF	0	0.238289	1	1	0	0	0	0	0
AF	0	0.239538	2	2	0	0	0	0	0
AF	0	0.242036	2	2	0	0	0	0	0
AF	0	0.242349	1	0	1	0	0	0	0
AF	0	0.242661	3	2	1	0	0	0	0
AF	0	0.242973	1	0	1	0	0	0	0
AF	0	0.243285	1	0	1	0	0	0	0
AF	0	0.243598	1	0	1	0	0	0	0
AF	0	0.243910	1	1	0	0	0	0	0
AF	0	0.244222	2	0	2	0	0	0	0
AF	0	0.244535	1	1	0	0	0	0	0
AF	0	0.245784	2	2	0	0	0	0	0
AF	0	0.246721	1	1	0	0	0	0	0
AF	0	0.247033	4	3	1	0	0	0	0
AF	0	0.247658	1	0	1	0	0	0	0
AF	0	0.248282	2	1	1	0	0	0	0
AF	0	0.248595	1	1	0	0	0	0	0
AF	0	0.248907	3	2	1	0	0	0	0
AF	0	0.249219	3	3	0	0	0	0	0
AF	0	0.249532	4	3	1	0	0	0	0
AF	0	0.249844	2	2	0	0	0	0	0
AF	0	0.250156	5	4	1	0	0	0	0
AF	0	0.250468	1	1	0	0	0	0	0
AF	0	0.250781	3	3	0	0	0	0	0
AF	0	0.251093	1	1	0	0	0	0	0
AF	0	0.251405	3	2	1	0	0	0	0
AF	0	0.251718	2	1	1	0	0	0	0
AF	0	0.252030	3	3	0	0	0	0	0
AF	0	0.252342	1	0	1	0	0	0	0
AF	0	0.252967	1	1	0	0	0	0	0
AF	0	0.253279	6	6	0	0	0	0	0
AF	0	0.254528	1	0	1	0	0	0	0
AF	0	0.254841	1	0	1	0	0	0	0
AF	0	0.255153	4	3	1	0	0	0	0
AF	0	0.255465	1	1	0	0	0	0	0
AF	0	0.255778	1	1	0	0	0	0	0
AF	0	0.256090	2	1	1	0	0	0	0
AF	0	0.256402	4	4	0	0	0	0	0
AF	0	0.256715	2	1	1	0	0	0	0
AF	0	0.257651	3	1	2	0	0	0	0
AF	0	0.257964	1	0	1	0	0	0	0
AF	0	0.258276	1	0	1	0	0	0	0
AF	0	0.258901	1	1	0	0	0	0	0
AF	0	0.259213	2	1	1	0	0	0	0
AF	0	0.260150	1	1	0	0	0	0	0
AF	0	0.260462	1	1	0	0	0	0	0
AF	0	0.261087	1	1	0	0	0	0	0
AF	0	0.262024	1	1	0	0	0	0	0
AF	0	0.262336	1	1	0	0	0	0	0
AF	0	0.263273	1	1	0	0	0	0	0
AF	0	0.263585	1	1	0	0	0	0	0
AF	0	0.264522	2	2	0	0	0	0	0
AF	0	0.264834	1	1	0	0	0	0	0
AF	0	0.265147	1	0	1	0	0	0	0
AF	0	0.265771	2	2	0	0	0	0	0
AF	0	0.266396	4	3	1	0	0	0	0
AF	0	0.266708	2	2	0	0	0	0	0
AF	0	0.267645	2	2	0	0	0	0	0
AF	0	0.267958	1	1	0	0	0	0	0
AF	0	0.268270	2	2	0	0	0	0	0
AF	0	0.268582	1	1	0	0	0	0	0
AF	0	0.268894	6	5	1	0	0	0	0
AF	0	0.269207	3	2	1	0	0	0	0
AF	0	0.269519	2	1	1	0	0	0	0
AF	0	0.270144	1	1	0	0	0	0	0
AF	0	0.276390	3	3	0	0	0	0	0
AF	0	0.277014	3	0	3	0	0	0	0
AF	0	0.277639	1	0	1	0	0	0	0
AF	0	0.278888	1	1	0	0	0	0	0
AF	0	0.280762	1	1	0	0	0	0	0
AF	0	0.281074	1	1	0	0	0	0	0
AF	0	0.283260	2	2	0	0	0	0	0
AF	0	0.284510	1	1	0	0	0	0	0
AF	0	0.286071	1	1	0	0	0	0	0
AF	0	0.288257	1	0	1	0	0	0	0
AF	0	0.288882	1	1	0	0	0	0	0
AF	0	0.289507	1	0	1	0	0	0	0
AF	0	0.290443	1	1	0	0	0	0	0
AF	0	0.290756	2	1	1	0	0	0	0
AF	0	0.291068	1	1	0	0	0	0	0
AF	0	0.291380	3	3	0	0	0	0	0
AF	0	0.292942	2	0	2	0	0	0	0
AF	0	0.293567	2	1	1	0	0	0	0
AF	0	0.294503	1	1	0	0	0	0	0
AF	0	0.295128	1	1	0	0	0	0	0
AF	0	0.295753	2	0	2	0	0	0	0
AF	0	0.297314	2	2	0	0	0	0	0
AF	0	0.297626	3	3	0	0	0	0	0
AF	0	0.298876	3	1	2	0	0	0	0
AF	0	0.299500	1	1	0	0	0	0	0
AF	0	0.300125	1	1	0	0	0	0	0
AF	0	0.300750	1	0	1	0	0	0	0
AF	0	0.301374	1	0	1	0	0	0	0
AF	0	0.303248	1	0	1	0	0	0	0
AF	0	0.303873	3	2	1	0	0	0	0
AF	0	0.304497	2	2	0	0	0	0	0
AF	0	0.306059	1	1	0	0	0	0	0
AF	0	0.306683	1	1	0	0	0	0	0
AF	0	0.306996	2	1	1	0	0	0	0
AF	0	0.307620	2	1	1	0	0	0	0
AF	0	0.308869	1	1	0	0	0	0	0
AF	0	0.309494	2	1	1	0	0	0	0
AF	0	0.310431	1	1	0	0	0	0	0
AF	0	0.311056	1	1	0	0	0	0	0
AF	0	0.311368	2	2	0	0	0	0	0
AF	0	0.312305	1	1	0	0	0	0	0
AF	0	0.313866	1	0	1	0	0	0	0
AF	0	0.314491	3	0	3	0	0	0	0
AF	0	0.317302	1	1	0	0	0	0	0
AF	0	0.317926	1	1	0	0	0	0	0
AF	0	0.318239	2	2	0	0	0	0	0
AF	0	0.318551	1	1	0	0	0	0	0
AF	0	0.320425	1	1	0	0	0	0	0
AF	0	0.320737	4	3	1	0	0	0	0
AF	0	0.321986	1	0	1	0	0	0	0
AF	0	0.323235	1	0	1	0	0	0	0
AF	0	0.324797	1	1	0	0	0	0	0
AF	0	0.325109	1	1	0	0	0	0	0
AF	0	0.325422	1	0	1	0	0	0	0
AF	0	0.325734	1	1	0	0	0	0	0
AF	0	0.326046	1	1	0	0	0	0	0
AF	0	0.326359	4	3	1	0	0	0	0
AF	0	0.326671	2	0	2	0	0	0	0
AF	0	0.326983	2	1	1	0	0	0	0
AF	0	0.327295	3	2	1	0	0	0	0
AF	0	0.327608	2	2	0	0	0	0	0
AF	0	0.327920	2	1	1	0	0	0	0
AF	0	0.328232	3	3	0	0	0	0	0
AF	0	0.328545	3	3	0	0	0	0	0
AF	0	0.328857	3	2	1	0	0	0	0
AF	0	0.329794	1	1	0	0	0	0	0
AF	0	0.330106	1	0	1	0	0	0	0
AF	0	0.330731	1	1	0	0	0	0	0
AF	0	0.331980	1	0	1	0	0	0	0
AF	0	0.332605	1	1	0	0	0	0	0
AF	0	0.332917	1	0	1	0	0	0	0
AF	0	0.333229	1	1	0	0	0	0	0
AF	0	0.333854	1	1	0	0	0	0	0
AF	0	0.334166	1	0	1	0	0	0	0
AF	0	0.335103	1	1	0	0	0	0	0
AF	0	0.335728	1	1	0	0	0	0	0
AF	0	0.336040	2	2	0	0	0	0	0
AF	0	0.336352	2	1	1	0	0	0	0
AF	0	0.337914	2	2	0	0	0	0	0
AF	0	0.338851	1	1	0	0	0	0	0
AF	0	0.339163	1	0	1	0	0	0	0
AF	0	0.339475	1	0	1	0	0	0	0
AF	0	0.339788	1	1	0	0	0	0	0
AF	0	0.340412	1	0	1	0	0	0	0
AF	0	0.340725	2	1	1	0	0	0	0
AF	0	0.341037	1	1	0	0	0	0	0
AF	0	0.342286	1	1	0	0	0	0	0
AF	0	0.343535	7	4	3	0	0	0	0
AF	0	0.344472	2	1	1	0	0	0	0
AF	0	0.345409	1	0	1	0	0	0	0
AF	0	0.346658	3	2	1	0	0	0	0
AF	0	0.346971	2	2	0	0	0	0	0
AF	0	0.347283	1	1	0	0	0	0	0
AF	0	0.347908	2	1	1	0	0	0	0
AF	0	0.348220	2	2	0	0	0	0	0
AF	0	0.348532	2	1	1	0	0	0	0
AF	0	0.348844	2	1	1	0	0	0	0
AF	0	0.349157	1	1	0	0	0	0	0
AF	0	0.350406	1	1	0	0	0	0	0
AF	0	0.350718	1	1	0	0	0	0	0
AF	0	0.351031	1	1	0	0	0	0	0
AF	0	0.351343	1	1	0	0	0	0	0
AF	0	0.352280	2	1	1	0	0	0	0
AF	0	0.352904	2	1	1	0	0	0	0
AF	0	0.353529	1	1	0	0	0	0	0
AF	0	0.353841	1	1	0	0	0	0	0
AF	0	0.354154	1	1	0	0	0	0	0
AF	0	0.354466	1	0	1	0	0	0	0
AF	0	0.355403	2	1	1	0	0	0	0
AF	0	0.356652	1	0	1	0	0	0	0
AF	0	0.356964	2	1	1	0	0	0	0
AF	0	0.357277	1	1	0	0	0	0	0
AF	0	0.358214	1	1	0	0	0	0	0
AF	0	0.358526	1	0	1	0	0	0	0
AF	0	0.359151	3	3	0	0	0	0	0
AF	0	0.359463	1	1	0	0	0	0	0
AF	0	0.361337	1	1	0	0	0	0	0
AF	0	0.362274	2	1	1	0	0	0	0
AF	0	0.362898	1	0	1	0	0	0	0
AF	0	0.364147	1	1	0	0	0	0	0
AF	0	0.364772	1	1	0	0	0	0	0
AF	0	0.367270	3	1	2	0	0	0	0
AF	0	0.368520	1	0	1	0	0	0	0
AF	0	0.369144	1	1	0	0	0	0	0
AF	0	0.371643	1	1	0	0	0	0	0
AF	0	0.371955	1	1	0	0	0	0	0
AF	0	0.372267	2	2	0	0	0	0	0
AF	0	0.372580	1	1	0	0	0	0	0
AF	0	0.372892	2	1	1	0	0	0	0
AF	0	0.373204	1	1	0	0	0	0	0
AF	0	0.373517	1	0	1	0	0	0	0
AF	0	0.373829	2	2	0	0	0	0	0
AF	0	0.374141	1	0	1	0	0	0	0
AF	0	0.374766	1	1	0	0	0	0	0
AF	0	0.375703	1	1	0	0	0	0	0
AF	0	0.377264	1	1	0	0	0	0	0
AF	0	0.377577	1	0	1	0	0	0	0
AF	0	0.378201	1	1	0	0	0	0	0
AF	0	0.378513	1	1	0	0	0	0	0
AF	0	0.379138	2	1	1	0	0	0	0
AF	0	0.380075	1	0	1	0	0	0	0
AF	0	0.380387	2	2	0	0	0	0	0
AF	0	0.381012	1	1	0	0	0	0	0
AF	0	0.381636	2	2	0	0	0	0	0
AF	0	0.382261	1	0	1	0	0	0	0
AF	0	0.382573	1	1	0	0	0	0	0
AF	0	0.382886	1	1	0	0	0	0	0
AF	0	0.383198	1	1	0	0	0	0	0
AF	0	0.383510	1	0	1	0	0	0	0
AF	0	0.383823	1	1	0	0	0	0	0
AF	0	0.384135	2	1	1	0	0	0	0
AF	0	0.384447	1	0	1	0	0	0	0
AF	0	0.385384	1	1	0	0	0	0	0
AF	0	0.385696	1	1	0	0	0	0	0
AF	0	0.386633	3	3	0	0	0	0	0
AF	0	0.386946	2	2	0	0	0	0	0
AF	0	0.387258	3	3	0	0	0	0	0
AF	0	0.387570	2	1	1	0	0	0	0
AF	0	0.387883	3	2	1	0	0	0	0
AF	0	0.388507	1	1	0	0	0	0	0
AF	0	0.389444	1	1	0	0	0	0	0
AF	0	0.389756	5	3	2	0	0	0	0
AF	0	0.390069	2	2	0	0	0	0	0
AF	0	0.390381	1	1	0	0	0	0	0
AF	0	0.391630	3	2	1	0	0	0	0
AF	0	0.392879	2	1	1	0	0	0	0
AF	0	0.393192	1	1	0	0	0	0	0
AF	0	0.393504	6	4	2	0	0	0	0
AF	0	0.394753	2	2	0	0	0	0	0
AF	0	0.395378	1	0	1	0	0	0	0
AF	0	0.399126	1	0	1	0	0	0	0
AF	0	0.400062	1	1	0	0	0	0	0
AF	0	0.400375	1	0	1	0	0	0	0
AF	0	0.401624	1	1	0	0	0	0	0
AF	0	0.402873	1	1	0	0	0	0	0
AF	0	0.403498	1	1	0	0	0	0	0
AF	0	0.403810	1	1	0	0	0	0	0
AF	0	0.404435	1	1	0	0	0	0	0
AF	0	0.404747	1	1	0	0	0	0	0
AF	0	0.405372	1	0	1	0	0	0	0
AF	0	0.407245	2	2	0	0	0	0	0
AF	0	0.407558	1	1	0	0	0	0	0
AF	0	0.407870	1	0	1	0	0	0	0
AF	0	0.408182	1	1	0	0	0	0	0
AF	0	0.408495	3	2	1	0	0	0	0
AF	0	0.408807	1	0	1	0	0	0	0
AF	0	0.409432	2	1	1	0	0	0	0
AF	0	0.410369	2	2	0	0	0	0	0
AF	0	0.411305	1	1	0	0	0	0	0
AF	0	0.411618	1	1	0	0	0	0	0
AF	0	0.411930	5	2	3	0	0	0	0
AF	0	0.412242	5	3	2	0	0	0	0
AF	0	0.412867	1	1	0	0	0	0	0
AF	0	0.415678	1	1	0	0	0	0	0
AF	0	0.416615	1	0	1	0	0	0	0
AF	0	0.417239	1	1	0	0	0	0	0
AF	0	0.417552	1	1	0	0	0	0	0
AF	0	0.417864	1	1	0	0	0	0	0
AF	0	0.418176	3	3	0	0	0	0	0
AF	0	0.418488	2	2	0	0	0	0	0
AF	0	0.418801	1	0	1	0	0	0	0
AF	0	0.419113	2	1	1	0	0	0	0
AF	0	0.419425	2	2	0	0	0	0	0
AF	0	0.422548	1	1	0	0	0	0	0
AF	0	0.422861	2	2	0	0	0	0	0
AF	0	0.423798	1	1	0	0	0	0	0
AF	0	0.424110	2	1	1	0	0	0	0
AF	0	0.424422	1	1	0	0	0	0	0
AF	0	0.424735	1	0	1	0	0	0	0
AF	0	0.425984	1	1	0	0	0	0	0
AF	0	0.427858	1	1	0	0	0	0	0
AF	0	0.428170	1	0	1	0	0	0	0
AF	0	0.428482	1	1	0	0	0	0	0
AF	0	0.428795	1	1	0	0	0	0	0
AF	0	0.429107	1	1	0	0	0	0	0
AF	0	0.429419	1	1	0	0	0	0	0
AF	0	0.429731	1	1	0	0	0	0	0
AF	0	0.430981	1	1	0	0	0	0	0
AF	0	0.431605	1	1	0	0	0	0	0
AF	0	0.433479	1	0	1	0	0	0	0
AF	0	0.434728	3	1	2	0	0	0	0
AF	0	0.435665	1	1	0	0	0	0	0
AF	0	0.435978	3	3	0	0	0	0	0
AF	0	0.436290	2	2	0	0	0	0	0
AF	0	0.436602	5	5	0	0	0	0	0
AF	0	0.437227	5	3	2	0	0	0	0
AF	0	0.437851	1	1	0	0	0	0	0
AF	0	0.442224	1	1	0	0	0	0	0
AF	0	0.443161	1	1	0	0	0	0	0
AF	0	0.443785	1	1	0	0	0	0	0
AF	0	0.444097	2	2	0	0	0	0	0
AF	0	0.444722	1	0	1	0	0	0	0
AF	0	0.445347	1	1	0	0	0	0	0
AF	0	0.445659	1	0	1	0	0	0	0
AF	0	0.446284	1	1	0	0	0	0	0
AF	0	0.446596	1	1	0	0	0	0	0
AF	0	0.447220	1	0	1	0	0	0	0
AF	0	0.447533	3	2	1	0	0	0	0
AF	0	0.448157	6	4	2	0	0	0	0
AF	0	0.448470	2	2	0	0	0	0	0
AF	0	0.448782	5	3	2	0	0	0	0
AF	0	0.449094	1	1	0	0	0	0	0
AF	0	0.449407	3	3	0	0	0	0	0
AF	0	0.451280	2	0	2	0	0	0	0
AF	0	0.455965	1	1	0	0	0	0	0
AF	0	0.456277	2	2	0	0	0	0	0
AF	0	0.456902	5	4	1	0	0	0	0
AF	0	0.458776	2	1	1	0	0	0	0
AF	0	0.459400	3	3	0	0	0	0	0
AF	0	0.460025	3	2	1	0	0	0	0
AF	0	0.460337	1	1	0	0	0	0	0
AF	0	0.461274	1	0	1	0	0	0	0
AF	0	0.462211	1	1	0	0	0	0	0
AF	0	0.462836	1	1	0	0	0	0	0
AF	0	0.463460	4	3	1	0	0	0	0
AF	0	0.463773	2	1	1	0	0	0	0
AF	0	0.465022	1	1	0	0	0	0	0
AF	0	0.465334	1	1	0	0	0	0	0
AF	0	0.467208	1	0	1	0	0	0	0
AF	0	0.467520	3	1	2	0	0	0	0
AF	0	0.468770	1	1	0	0	0	0	0
AF	0	0.469082	2	2	0	0	0	0	0
AF	0	0.469394	1	1	0	0	0	0	0
AF	0	0.469706	1	0	1	0	0	0	0
AF	0	0.470643	2	2	0	0	0	0	0
AF	0	0.471268	1	1	0	0	0	0	0
AF	0	0.471580	1	0	1	0	0	0	0
AF	0	0.471893	1	1	0	0	0	0	0
AF	0	0.472517	1	1	0	0	0	0	0
AF	0	0.473454	4	2	2	0	0	0	0
AF	0	0.473766	1	1	0	0	0	0	0
AF	0	0.474703	1	0	1	0	0	0	0
AF	0	0.475016	1	0	1	0	0	0	0
AF	0	0.475953	1	0	1	0	0	0	0
AF	0	0.476265	1	1	0	0	0	0	0
AF	0	0.478139	1	1	0	0	0	0	0
AF	0	0.478451	1	1	0	0	0	0	0
AF	0	0.479700	1	1	0	0	0	0	0
AF	0	0.480012	1	0	1	0	0	0	0
AF	0	0.480637	1	0	1	0	0	0	0
AF	0	0.481262	1	1	0	0	0	0	0
AF	0	0.481886	1	1	0	0	0	0	0
AF	0	0.483760	1	1	0	0	0	0	0
AF	0	0.484072	1	1	0	0	0	0	0
AF	0	0.485322	1	1	0	0	0	0	0
AF	0	0.485946	1	1	0	0	0	0	0
AF	0	0.488132	2	2	0	0	0	0	0
AF	0	0.489069	2	1	1	0	0	0	0
AF	0	0.490006	1	1	0	0	0	0	0
AF	0	0.490631	2	2	0	0	0	0	0
AF	0	0.493754	1	1	0	0	0	0	0
AF	0	0.494379	2	2	0	0	0	0	0
AF	0	0.495628	1	1	0	0	0	0	0
AF	0	0.495940	1	0	1	0	0	0	0
AF	0	0.496252	1	1	0	0	0	0	0
AF	0	0.496877	1	1	0	0	0	0	0
AF	0	0.501562	1	1	0	0	0	0	0
AF	0	0.502498	1	1	0	0	0	0	0
AF	0	0.503435	1	0	1	0	0	0	0
AF	0	0.504372	1	1	0	0	0	0	0
AF	0	0.505309	2	0	2	0	0	0	0
AF	0	0.505621	1	0	1	0	0	0	0
AF	0	0.508432	1	1	0	0	0	0	0
AF	0	0.510618	1	1	0	0	0	0	0
AF	0	0.511243	1	1	0	0	0	0	0
AF	0	0.511555	1	1	0	0	0	0	0
AF	0	0.511868	1	1	0	0	0	0	0
AF	0	0.512180	1	1	0	0	0	0	0
AF	0	0.514366	1	1	0	0	0	0	0
AF	0	0.514678	1	1	0	0	0	0	0
AF	0	0.514991	1	1	0	0	0	0	0
AF	0	0.515928	1	1	0	0	0	0	0
AF	0	0.517489	1	1	0	0	0	0	0
AF	0	0.518738	1	0	1	0	0	0	0
AF	0	0.520612	1	1	0	0	0	0	0
AF	0	0.527795	1	0	1	0	0	0	0
AF	0	0.529044	1	0	1	0	0	0	0
AF	0	0.530606	2	1	1	0	0	0	0
AF	0	0.533729	1	1	0	0	0	0	0
AF	0	0.535603	1	0	1	0	0	0	0
AF	0	0.536852	1	0	1	0	0	0	0
AF	0	0.539975	1	1	0	0	0	0	0
AF	0	0.540912	1	1	0	0	0	0	0
AF	0	0.541537	1	1	0	0	0	0	0
AF	0	0.542473	1	1	0	0	0	0	0
AF	0	0.546846	1	0	1	0	0	0	0
AF	0	0.547158	2	2	0	0	0	0	0
AF	0	0.548407	1	1	0	0	0	0	0
AF	0	0.551218	1	1	0	0	0	0	0
AF	0	0.553092	1	1	0	0	0	0	0
AF	0	0.556527	1	1	0	0	0	0	0
AF	0	0.558401	1	1	0	0	0	0	0
AF	0	0.559963	1	0	1	0	0	0	0
AF	0	0.560587	1	0	1	0	0	0	0
AF	0	0.562149	1	1	0	0	0	0	0
AF	0	0.563398	1	1	0	0	0	0	0
AF	0	0.565272	1	0	1	0	0	0	0
AF	0	0.565896	1	1	0	0	0	0	0
AF	0	0.566209	1	0	1	0	0	0	0
AF	0	0.566833	2	1	1	0	0	0	0
AF	0	0.569956	1	1	0	0	0	0	0
AF	0	0.570893	1	1	0	0	0	0	0
AF	0	0.572455	1	1	0	0	0	0	0
AF	0	0.572767	1	1	0	0	0	0	0
AF	0	0.573392	1	1	0	0	0	0	0
AF	0	0.574016	1	0	1	0	0	0	0
AF	0	0.575890	1	0	1	0	0	0	0
AF	0	0.576515	1	1	0	0	0	0	0
AF	0	0.577139	1	0	1	0	0	0	0
AF	0	0.577452	1	0	1	0	0	0	0
AF	0	0.578389	2	1	1	0	0	0	0
AF	0	0.579325	1	0	1	0	0	0	0
AF	0	0.580262	1	1	0	0	0	0	0
AF	0	0.580575	1	1	0	0	0	0	0
AF	0	0.580887	2	1	1	0	0	0	0
AF	0	0.581512	2	1	1	0	0	0	0
AF	0	0.582136	2	1	1	0	0	0	0
AF	0	0.582448	2	2	0	0	0	0	0
AF	0	0.582761	1	1	0	0	0	0	0
AF	0	0.583698	1	0	1	0	0	0	0
AF	0	0.584010	1	1	0	0	0	0	0
AF	0	0.584947	1	1	0	0	0	0	0
AF	0	0.585259	1	0	1	0	0	0	0
AF	0	0.586196	1	1	0	0	0	0	0
AF	0	0.586508	1	0	1	0	0	0	0
AF	0	0.587758	1	0	1	0	0	0	0
AF	0	0.588070	2	2	0	0	0	0	0
AF	0	0.588382	2	1	1	0	0	0	0
AF	0	0.589319	1	1	0	0	0	0	0
AF	0	0.590256	3	3	0	0	0	0	0
AF	0	0.590568	2	0	2	0	0	0	0
AF	0	0.590881	1	1	0	0	0	0	0
AF	0	0.591818	1	0	1	0	0	0	0
AF	0	0.593067	1	0	1	0	0	0	0
AF	0	0.593379	1	1	0	0	0	0	0
AF	0	0.594004	1	1	0	0	0	0	0
AF	0	0.594316	1	0	1	0	0	0	0
AF	0	0.594628	3	3	0	0	0	0	0
AF	0	0.596190	1	1	0	0	0	0	0
AF	0	0.597439	4	4	0	0	0	0	0
AF	0	0.597751	1	0	1	0	0	0	0
AF	0	0.598064	1	1	0	0	0	0	0
AF	0	0.598376	1	1	0	0	0	0	0
AF	0	0.598688	1	0	1	0	0	0	0
AF	0	0.599001	1	1	0	0	0	0	0
AF	0	0.600874	2	2	0	0	0	0	0
AF	0	0.603998	2	1	1	0	0	0	0
AF	0	0.604622	1	0	1	0	0	0	0
AF	0	0.607745	1	1	0	0	0	0	0
AF	0	0.608057	1	1	0	0	0	0	0
AF	0	0.608370	1	1	0	0	0	0	0
AF	0	0.613679	1	1	0	0	0	0	0
AF	0	0.615865	2	2	0	0	0	0	0
AF	0	0.616177	2	2	0	0	0	0	0
AF	0	0.616490	1	1	0	0	0	0	0
AF	0	0.617739	1	0	1	0	0	0	0
AF	0	0.618364	1	0	1	0	0	0	0
AF	0	0.618988	2	1	1	0	0	0	0
AF	0	0.619613	1	1	0	0	0	0	0
AF	0	0.620237	1	1	0	0	0	0	0
AF	0	0.621174	1	1	0	0	0	0	0
AF	0	0.621487	2	1	1	0	0	0	0
AF	0	0.622111	2	1	1	0	0	0	0
AF	0	0.622736	1	0	1	0	0	0	0
AF	0	0.625234	1	1	0	0	0	0	0
AF	0	0.626483	3	1	2	0	0	0	0
AF	0	0.627108	1	1	0	0	0	0	0
AF	0	0.627420	1	0	1	0	0	0	0
AF	0	0.627733	1	1	0	0	0	0	0
AF	0	0.631480	1	1	0	0	0	0	0
AF	0	0.632730	2	2	0	0	0	0	0
AF	0	0.633042	1	0	1	0	0	0	0
AF	0	0.633666	1	1	0	0	0	0	0
AF	0	0.633979	2	2	0	0	0	0	0
AF	0	0.638039	1	1	0	0	0	0	0
AF	0	0.638976	1	1	0	0	0	0	0
AF	0	0.639600	2	2	0	0	0	0	0
AF	0	0.640849	1	1	0	0	0	0	0
AF	0	0.642723	2	1	1	0	0	0	0
AF	0	0.643036	1	0	1	0	0	0	0
AF	0	0.644597	1	1	0	0	0	0	0
AF	0	0.645846	1	0	1	0	0	0	0
AF	0	0.651468	1	0	1	0	0	0	0
AF	0	0.652405	1	1	0	0	0	0	0
AF	0	0.653342	1	1	0	0	0	0	0
AF	0	0.653654	2	2	0	0	0	0	0
AF	0	0.654903	1	0	1	0	0	0	0
AF	0	0.656465	2	2	0	0	0	0	0
AF	0	0.656777	1	1	0	0	0	0	0
AF	0	0.657089	1	1	0	0	0	0	0
AF	0	0.658026	1	1	0	0	0	0	0
AF	0	0.660837	1	0	1	0	0	0	0
AF	0	0.665209	1	1	0	0	0	0	0
AF	0	0.668645	1	1	0	0	0	0	0
AF	0	0.676140	2	1	1	0	0	0	0
AF	0	0.677389	1	0	1	0	0	0	0
AF	0	0.678638	1	0	1	0	0	0	0
AF	0	0.684572	1	1	0	0	0	0	0
AF	0	0.687071	1	0	1	0	0	0	0
AF	0	0.688320	2	1	1	0	0	0	0
AF	0	0.691131	1	0	1	0	0	0	0
AF	0	0.691443	1	1	0	0	0	0	0
AF	0	0.692692	2	2	0	0	0	0	0
AF	0	0.694254	2	0	2	0	0	0	0
AF	0	0.694878	1	1	0	0	0	0	0
AF	0	0.703310	1	0	1	0	0	0	0
AF	0	0.704247	1	1	0	0	0	0	0
AF	0	0.707058	1	1	0	0	0	0	0
AF	0	0.707995	1	0	1	0	0	0	0
AF	0	0.712055	1	1	0	0	0	0	0
AF	0	0.712680	1	1	0	0	0	0	0
AF	0	0.714866	1	0	1	0	0	0	0
AF	0	0.715178	3	3	0	0	0	0	0
AF	0	0.719238	1	1	0	0	0	0	0
AF	0	0.719550	1	1	0	0	0	0	0
AF	0	0.721112	1	1	0	0	0	0	0
AF	0	0.730481	1	0	1	0	0	0	0
AF	0	0.731730	1	0	1	0	0	0	0
AF	0	0.732979	1	0	1	0	0	0	0
AF	0	0.733604	3	2	1	0	0	0	0
AF	0	0.733916	1	1	0	0	0	0	0
AF	0	0.734229	2	1	1	0	0	0	0
AF	0	0.734853	2	1	1	0	0	0	0
AF	0	0.735166	1	1	0	0	0	0	0
AF	0	0.735478	1	1	0	0	0	0	0
AF	0	0.736102	2	2	0	0	0	0	0
AF	0	0.736727	1	1	0	0	0	0	0
AF	0	0.737976	2	2	0	0	0	0	0
AF	0	0.741412	1	1	0	0	0	0	0
AF	0	0.742973	2	2	0	0	0	0	0
AF	0	0.744222	2	1	1	0	0	0	0
AF	0	0.745159	1	0	1	0	0	0	0
AF	0	0.745472	2	2	0	0	0	0	0
AF	0	0.746096	2	1	1	0	0	0	0
AF	0	0.746408	1	1	0	0	0	0	0
AF	0	0.746721	1	1	0	0	0	0	0
AF	0	0.747345	1	1	0	0	0	0	0
AF	0	0.747658	1	1	0	0	0	0	0
AF	0	0.747970	1	1	0	0	0	0	0
AF	0	0.748907	1	1	0	0	0	0	0
AF	0	0.749219	3	3	0	0	0	0	0
AF	0	0.750468	2	2	0	0	0	0	0
AF	0	0.751093	4	2	2	0	0	0	0
AF	0	0.751405	2	2	0	0	0	0	0
AF	0	0.751718	2	0	2	0	0	0	0
AF	0	0.754216	1	1	0	0	0	0	0
AF	0	0.754528	1	1	0	0	0	0	0
AF	0	0.755465	1	1	0	0	0	0	0
AF	0	0.755778	1	1	0	0	0	0	0
AF	0	0.756715	1	0	1	0	0	0	0
AF	0	0.757339	1	1	0	0	0	0	0
AF	0	0.757964	1	1	0	0	0	0	0
AF	0	0.759213	1	1	0	0	0	0	0
AF	0	0.759525	1	0	1	0	0	0	0
AF	0	0.760775	1	1	0	0	0	0	0
AF	0	0.761087	1	0	1	0	0	0	0
AF	0	0.761711	1	1	0	0	0	0	0
AF	0	0.762961	1	1	0	0	0	0	0
AF	0	0.763585	2	1	1	0	0	0	0
AF	0	0.764210	3	3	0	0	0	0	0
AF	0	0.764834	1	1	0	0	0	0	0
AF	0	0.765459	1	0	1	0	0	0	0
AF	0	0.765771	2	2	0	0	0	0	0
AF	0	0.766084	1	1	0	0	0	0	0
AF	0	0.766396	3	1	2	0	0	0	0
AF	0	0.766708	1	1	0	0	0	0	0
AF	0	0.768582	1	1	0	0	0	0	0
AF	0	0.769207	1	1	0	0	0	0	0
AF	0	0.769519	2	0	2	0	0	0	0
AF	0	0.769831	1	0	1	0	0	0	0
AF	0	0.770144	3	1	2	0	0	0	0
AF	0	0.770768	3	1	2	0	0	0	0
AF	0	0.771081	10	7	3	0	0	0	0
AF	0	0.771705	1	1	0	0	0	0	0
AF	0	0.777951	1	0	1	0	0	0	0
AF	0	0.781074	1	1	0	0	0	0	0
AF	0	0.782324	1	1	0	0	0	0	0
AF	0	0.795128	1	1	0	0	0	0	0
AF	0	0.795440	1	1	0	0	0	0	0
AF	0	0.795753	13	9	4	0	0	0	0
AF	0	0.796065	4	3	1	0	0	0	0
AF	0	0.798563	1	1	0	0	0	0	0
AF	0	0.799500	1	1	0	0	0	0	0
AF	0	0.805434	1	1	0	0	0	0	0
AF	0	0.813242	1	1	0	0	0	0	0
AF	0	0.815116	1	0	1	0	0	0	0
AF	0	0.817614	1	1	0	0	0	0	0
AF	0	0.822299	1	0	1	0	0	0	0
AF	0	0.829794	1	1	0	0	0	0	0
AF	0	0.830106	2	1	1	0	0	0	0
AF	0	0.831355	1	1	0	0	0	0	0
AF	0	0.850406	1	0	1	0	0	0	0
AF	0	0.850718	1	1	0	0	0	0	0
AF	0	0.851031	1	1	0	0	0	0	0
AF	0	0.856340	1	0	1	0	0	0	0
AF	0	0.857277	1	1	0	0	0	0	0
AF	0	0.861961	1	0	1	0	0	0	0
AF	0	0.863835	2	2	0	0	0	0	0
AF	0	0.866334	3	2	1	0	0	0	0
AF	0	0.868207	1	1	0	0	0	0	0
AF	0	0.873204	1	1	0	0	0	0	0
AF	0	0.876327	1	0	1	0	0	0	0
AF	0	0.877889	1	1	0	0	0	0	0
AF	0	0.881636	1	1	0	0	0	0	0
AF	0	0.882261	1	1	0	0	0	0	0
AF	0	0.890381	1	1	0	0	0	0	0
AF	0	0.890693	1	0	1	0	0	0	0
AF	0	0.900999	1	0	1	0	0	0	0
AF	0	0.904122	1	1	0	0	0	0	0
AF	0	0.907245	1	0	1	0	0	0	0
AF	0	0.909119	1	0	1	0	0	0	0
AF	0	0.915053	1	0	1	0	0	0	0
AF	0	0.918488	1	1	0	0	0	0	0
AF	0	0.919425	1	0	1	0	0	0	0
AF	0	0.927858	1	0	1	0	0	0	0
AF	0	0.928170	3	2	1	0	0	0	0
AF	0	0.930044	1	1	0	0	0	0	0
AF	0	0.930668	1	0	1	0	0	0	0
AF	0	0.930981	1	0	1	0	0	0	0
AF	0	0.931918	1	1	0	0	0	0	0
AF	0	0.936290	1	1	0	0	0	0	0
AF	0	0.940662	1	1	0	0	0	0	0
AF	0	0.944410	1	1	0	0	0	0	0
AF	0	0.945347	2	2	0	0	0	0	0
AF	0	0.946596	1	1	0	0	0	0	0
AF	0	0.946908	2	1	1	0	0	0	0
AF	0	0.947845	2	1	1	0	0	0	0
AF	0	0.959088	1	0	1	0	0	0	0
AF	0	0.961587	1	1	0	0	0	0	0
AF	0	0.961899	1	0	1	0	0	0	0
AF	0	0.962211	1	0	1	0	0	0	0
AF	0	0.964085	1	1	0	0	0	0	0
AF	0	0.964397	1	1	0	0	0	0	0
AF	0	0.979076	1	1	0	0	0	0	0
AF	0	0.983448	1	0	1	0	0	0	0
AF	0	0.984072	1	1	0	0	0	0	0
AF	0	0.985322	1	0	1	0	0	0	0
AF	0	0.986571	1	1	0	0	0	0	0
AF	0	0.987508	1	1	0	0	0	0	0
AF	0	0.987820	1	1	0	0	0	0	0
AF	0	0.988757	1	1	0	0	0	0	0
AF	0	0.989069	1	1	0	0	0	0	0
AF	0	0.989382	2	1	1	0	0	0	0
AF	0	0.990319	1	1	0	0	0	0	0
AF	0	0.990943	4	4	0	0	0	0	0
AF	0	0.991255	1	0	1	0	0	0	0
AF	0	0.991568	1	1	0	0	0	0	0
AF	0	0.991880	1	1	0	0	0	0	0
AF	0	0.992192	4	1	3	0	0	0	0
AF	0	0.992505	1	1	0	0	0	0	0
AF	0	0.994066	1	1	0	0	0	0	0
AF	0	0.995003	2	2	0	0	0	0	0
AF	0	0.995315	3	2	1	0	0	0	0
AF	0	0.995628	1	1	0	0	0	0	0
AF	0	0.995940	1	0	1	0	0	0	0
AF	0	0.996252	3	3	0	0	0	0	0
AF	0	0.997189	1	1	0	0	0	0	0
AF	0	0.998438	2	2	0	0	0	0	0
# QUAL, Stats by quality
# QUAL	[2]id	[3]Quality	[4]number of SNPs	[5]number of transitions (1st ALT)	[6]number of transversions (1st ALT)	[7]number of indels
QUAL	0	.	15561	10869	4692	0
# IDD, InDel distribution:
# IDD	[2]id	[3]length (deletions negative)	[4]number of sites	[5]number of genotypes	[6]mean VAF
# ST, Substitution types:
# ST	[2]id	[3]type	[4]count
ST	0	A>C	535
ST	0	A>G	2052
ST	0	A>T	509
ST	0	C>A	688
ST	0	C>G	596
ST	0	C>T	3206
ST	0	G>A	3361
ST	0	G>C	581
ST	0	G>T	672
ST	0	T>A	598
ST	0	T>C	2250
ST	0	T>G	513
# DP, Depth distribution
# DP	[2]id	[3]bin	[4]number of genotypes	[5]fraction of genotypes (%)	[6]number of sites	[7]fraction of sites (%)
  - Fix haploid genotypes in males...

Submit MakeDiploidMalesX finished successfully. Let's have a beer, buddy!

