Submit MakeDiploidMalesX
version 1.1.6 (2024-09-30)

These are the settings:
  Input file................: /hpc/local/Rocky8/dhl_ec/software/MonopogenLite/resources/1kGP_high_coverage_Illumina.SNVonly_poly.filtered_AF_5e-04.norm.fixvariantid.chrX.vcf.gz
  Output file...............: /hpc/local/Rocky8/dhl_ec/software/MonopogenLite/resources/1kGP_high_coverage_Illumina.SNVonly_poly.filtered_AF_5e-04.norm.fixvariantid.makediploid.chrX.vcf.gz
  Chunk size................: 100

  SLURM CPUs................: 4
  SLURM Array ID............: 65 (of 100)
  SLURM memory..............: 16G
  SLURM time................: 01:00:00
  SLURM mail type...........: FAIL
  SLURM mail user...........: s.w.vanderlaan-2@umcutrecht.nl

  Dry run mode..............: 0
  Debug mode................: 1
  Verbosity.................: 0
  Version...................: 1.1.6 (2024-09-30)

Making converting haploid genotypes to diploid genotypes.
> Extract the region for this SLURM task (# 65) from the BED file.
  - Get the chunk number from the SLURM array task ID and the bed file...
DEBUG: Extracting chunk number: 65p from 65
DEBUG: Extracting region from BED file: /hpc/local/Rocky8/dhl_ec/software/MonopogenLite/resources/chrX_100pieces.bed
  - Extract the region from the BED file...
DEBUG: Extracted raw region: 'chrX	99866113	101426520' (chunk #: 65p of 100 for job 65)
  - Check if a valid region was extracted -- should be 'chrX	99866113	101426520'...
  - Prepare the region for bcftools...
  - Check if the region (chrX:99866113-101426520) was successfully extracted...
> Processing region 'chrX:99866113-101426520'...
  - Process the specific region (chunk# 65) using bcftools view...
  - Index the VCF file...
DEBUG: Check if the VCF file was successfully processed...
##fileformat=VCFv4.2
##FILTER=<ID=PASS,Description="All filters passed">
##fileDate=29/01/2022 - 14:31:41
##source=shapeit4.2.2
##contig=<ID=chr1,length=248956422>
##contig=<ID=chr2,length=242193529>
##contig=<ID=chr3,length=198295559>
##contig=<ID=chr4,length=190214555>
##contig=<ID=chr5,length=181538259>
##contig=<ID=chr6,length=170805979>
# This file was produced by bcftools stats (1.20+htslib-1.20) and can be plotted using plot-vcfstats.
# The command line was:	bcftools stats  /hpc/local/Rocky8/dhl_ec/software/MonopogenLite/resources/chrX.part65.vcf.gz
#
# Definition of sets:
# ID	[2]id	[3]tab-separated file names
ID	0	/hpc/local/Rocky8/dhl_ec/software/MonopogenLite/resources/chrX.part65.vcf.gz
# SN, Summary numbers:
#   number of records   .. number of data rows in the VCF
#   number of no-ALTs   .. reference-only sites, ALT is either "." or identical to REF
#   number of SNPs      .. number of rows with a SNP
#   number of MNPs      .. number of rows with a MNP, such as CC>TT
#   number of indels    .. number of rows with an indel
#   number of others    .. number of rows with other type, for example a symbolic allele or
#                          a complex substitution, such as ACT>TCGA
#   number of multiallelic sites     .. number of rows with multiple alternate alleles
#   number of multiallelic SNP sites .. number of rows with multiple alternate alleles, all SNPs
# 
#   Note that rows containing multiple types will be counted multiple times, in each
#   counter. For example, a row with a SNP and an indel increments both the SNP and
#   the indel counter.
# 
# SN	[2]id	[3]key	[4]value
SN	0	number of samples:	3202
SN	0	number of records:	15054
SN	0	number of no-ALTs:	0
SN	0	number of SNPs:	15054
SN	0	number of MNPs:	0
SN	0	number of indels:	0
SN	0	number of others:	0
SN	0	number of multiallelic sites:	0
SN	0	number of multiallelic SNP sites:	0
# TSTV, transitions/transversions:
# TSTV	[2]id	[3]ts	[4]tv	[5]ts/tv	[6]ts (1st ALT)	[7]tv (1st ALT)	[8]ts/tv (1st ALT)
TSTV	0	10391	4663	2.23	10391	4663	2.23
# SiS, Singleton stats:
# SiS	[2]id	[3]allele count	[4]number of SNPs	[5]number of transitions	[6]number of transversions	[7]number of indels	[8]repeat-consistent	[9]repeat-inconsistent	[10]not applicable
SiS	0	1	0	0	0	0	0	0	0
# AF, Stats by non-reference allele frequency:
# AF	[2]id	[3]allele frequency	[4]number of SNPs	[5]number of transitions	[6]number of transversions	[7]number of indels	[8]repeat-consistent	[9]repeat-inconsistent	[10]not applicable
AF	0	0.000312	2284	1597	687	0	0	0	0
AF	0	0.000625	1432	977	455	0	0	0	0
AF	0	0.000937	1509	1074	435	0	0	0	0
AF	0	0.001249	589	404	185	0	0	0	0
AF	0	0.001562	827	577	250	0	0	0	0
AF	0	0.001874	330	240	90	0	0	0	0
AF	0	0.002186	515	358	157	0	0	0	0
AF	0	0.002498	224	145	79	0	0	0	0
AF	0	0.002811	374	270	104	0	0	0	0
AF	0	0.003123	215	147	68	0	0	0	0
AF	0	0.003435	327	221	106	0	0	0	0
AF	0	0.003748	117	69	48	0	0	0	0
AF	0	0.004060	246	179	67	0	0	0	0
AF	0	0.004372	133	93	40	0	0	0	0
AF	0	0.004685	198	136	62	0	0	0	0
AF	0	0.004997	60	48	12	0	0	0	0
AF	0	0.005309	170	115	55	0	0	0	0
AF	0	0.005621	111	75	36	0	0	0	0
AF	0	0.005934	147	100	47	0	0	0	0
AF	0	0.006246	54	40	14	0	0	0	0
AF	0	0.006558	200	132	68	0	0	0	0
AF	0	0.006871	59	49	10	0	0	0	0
AF	0	0.007183	92	59	33	0	0	0	0
AF	0	0.007495	60	43	17	0	0	0	0
AF	0	0.007808	119	82	37	0	0	0	0
AF	0	0.008120	43	29	14	0	0	0	0
AF	0	0.008432	62	35	27	0	0	0	0
AF	0	0.008745	34	27	7	0	0	0	0
AF	0	0.009057	76	62	14	0	0	0	0
AF	0	0.009369	38	29	9	0	0	0	0
AF	0	0.009681	64	44	20	0	0	0	0
AF	0	0.009994	28	19	9	0	0	0	0
AF	0	0.010306	68	47	21	0	0	0	0
AF	0	0.010618	37	19	18	0	0	0	0
AF	0	0.010931	33	22	11	0	0	0	0
AF	0	0.011243	25	16	9	0	0	0	0
AF	0	0.011555	41	31	10	0	0	0	0
AF	0	0.011868	21	11	10	0	0	0	0
AF	0	0.012180	72	45	27	0	0	0	0
AF	0	0.012492	33	23	10	0	0	0	0
AF	0	0.012804	64	46	18	0	0	0	0
AF	0	0.013117	24	18	6	0	0	0	0
AF	0	0.013429	44	23	21	0	0	0	0
AF	0	0.013741	17	10	7	0	0	0	0
AF	0	0.014054	46	29	17	0	0	0	0
AF	0	0.014366	24	14	10	0	0	0	0
AF	0	0.014678	45	29	16	0	0	0	0
AF	0	0.014991	22	16	6	0	0	0	0
AF	0	0.015303	41	22	19	0	0	0	0
AF	0	0.015615	17	15	2	0	0	0	0
AF	0	0.015928	28	22	6	0	0	0	0
AF	0	0.016240	12	9	3	0	0	0	0
AF	0	0.016552	24	20	4	0	0	0	0
AF	0	0.016864	17	13	4	0	0	0	0
AF	0	0.017177	41	27	14	0	0	0	0
AF	0	0.017489	31	25	6	0	0	0	0
AF	0	0.017801	25	18	7	0	0	0	0
AF	0	0.018114	13	8	5	0	0	0	0
AF	0	0.018426	17	9	8	0	0	0	0
AF	0	0.018738	14	10	4	0	0	0	0
AF	0	0.019051	42	33	9	0	0	0	0
AF	0	0.019363	6	4	2	0	0	0	0
AF	0	0.019675	27	16	11	0	0	0	0
AF	0	0.019988	30	23	7	0	0	0	0
AF	0	0.020300	21	12	9	0	0	0	0
AF	0	0.020612	12	7	5	0	0	0	0
AF	0	0.020924	31	22	9	0	0	0	0
AF	0	0.021237	12	8	4	0	0	0	0
AF	0	0.021549	25	14	11	0	0	0	0
AF	0	0.021861	9	8	1	0	0	0	0
AF	0	0.022174	28	19	9	0	0	0	0
AF	0	0.022486	12	6	6	0	0	0	0
AF	0	0.022798	15	12	3	0	0	0	0
AF	0	0.023111	9	4	5	0	0	0	0
AF	0	0.023423	9	4	5	0	0	0	0
AF	0	0.023735	13	10	3	0	0	0	0
AF	0	0.024047	28	18	10	0	0	0	0
AF	0	0.024360	7	5	2	0	0	0	0
AF	0	0.024672	21	13	8	0	0	0	0
AF	0	0.024984	5	4	1	0	0	0	0
AF	0	0.025297	16	11	5	0	0	0	0
AF	0	0.025609	11	8	3	0	0	0	0
AF	0	0.025921	14	10	4	0	0	0	0
AF	0	0.026234	11	8	3	0	0	0	0
AF	0	0.026546	17	9	8	0	0	0	0
AF	0	0.026858	10	5	5	0	0	0	0
AF	0	0.027171	9	5	4	0	0	0	0
AF	0	0.027483	10	6	4	0	0	0	0
AF	0	0.027795	26	17	9	0	0	0	0
AF	0	0.028107	4	3	1	0	0	0	0
AF	0	0.028420	31	16	15	0	0	0	0
AF	0	0.028732	6	4	2	0	0	0	0
AF	0	0.029044	5	4	1	0	0	0	0
AF	0	0.029357	5	5	0	0	0	0	0
AF	0	0.029669	14	11	3	0	0	0	0
AF	0	0.029981	7	3	4	0	0	0	0
AF	0	0.030294	16	9	7	0	0	0	0
AF	0	0.030606	6	5	1	0	0	0	0
AF	0	0.030918	9	7	2	0	0	0	0
AF	0	0.031230	4	2	2	0	0	0	0
AF	0	0.031543	11	5	6	0	0	0	0
AF	0	0.031855	10	8	2	0	0	0	0
AF	0	0.032167	8	4	4	0	0	0	0
AF	0	0.032480	3	2	1	0	0	0	0
AF	0	0.032792	8	7	1	0	0	0	0
AF	0	0.033104	3	2	1	0	0	0	0
AF	0	0.033417	12	9	3	0	0	0	0
AF	0	0.033729	6	2	4	0	0	0	0
AF	0	0.034041	11	8	3	0	0	0	0
AF	0	0.034354	10	6	4	0	0	0	0
AF	0	0.034666	5	3	2	0	0	0	0
AF	0	0.034978	6	6	0	0	0	0	0
AF	0	0.035290	8	2	6	0	0	0	0
AF	0	0.035603	2	2	0	0	0	0	0
AF	0	0.035915	9	8	1	0	0	0	0
AF	0	0.036227	5	3	2	0	0	0	0
AF	0	0.036540	11	8	3	0	0	0	0
AF	0	0.036852	4	3	1	0	0	0	0
AF	0	0.037164	27	21	6	0	0	0	0
AF	0	0.037477	4	4	0	0	0	0	0
AF	0	0.037789	7	5	2	0	0	0	0
AF	0	0.038101	5	3	2	0	0	0	0
AF	0	0.038413	7	6	1	0	0	0	0
AF	0	0.038726	7	5	2	0	0	0	0
AF	0	0.039038	12	8	4	0	0	0	0
AF	0	0.039350	2	1	1	0	0	0	0
AF	0	0.039663	12	7	5	0	0	0	0
AF	0	0.039975	6	4	2	0	0	0	0
AF	0	0.040287	5	5	0	0	0	0	0
AF	0	0.040600	3	2	1	0	0	0	0
AF	0	0.040912	8	7	1	0	0	0	0
AF	0	0.041224	2	2	0	0	0	0	0
AF	0	0.041537	23	15	8	0	0	0	0
AF	0	0.041849	4	3	1	0	0	0	0
AF	0	0.042161	15	13	2	0	0	0	0
AF	0	0.042473	2	2	0	0	0	0	0
AF	0	0.042786	3	3	0	0	0	0	0
AF	0	0.043098	3	0	3	0	0	0	0
AF	0	0.043410	4	4	0	0	0	0	0
AF	0	0.043723	2	2	0	0	0	0	0
AF	0	0.044035	7	6	1	0	0	0	0
AF	0	0.044347	4	2	2	0	0	0	0
AF	0	0.044660	1	0	1	0	0	0	0
AF	0	0.044972	4	3	1	0	0	0	0
AF	0	0.045284	3	1	2	0	0	0	0
AF	0	0.045597	4	4	0	0	0	0	0
AF	0	0.045909	11	10	1	0	0	0	0
AF	0	0.046221	3	1	2	0	0	0	0
AF	0	0.046533	4	4	0	0	0	0	0
AF	0	0.047158	5	3	2	0	0	0	0
AF	0	0.047470	4	2	2	0	0	0	0
AF	0	0.047783	8	2	6	0	0	0	0
AF	0	0.048095	9	8	1	0	0	0	0
AF	0	0.048407	3	1	2	0	0	0	0
AF	0	0.048720	1	0	1	0	0	0	0
AF	0	0.049032	6	3	3	0	0	0	0
AF	0	0.049344	1	0	1	0	0	0	0
AF	0	0.049656	6	5	1	0	0	0	0
AF	0	0.049969	4	2	2	0	0	0	0
AF	0	0.050281	8	8	0	0	0	0	0
AF	0	0.050593	4	1	3	0	0	0	0
AF	0	0.050906	2	1	1	0	0	0	0
AF	0	0.051218	2	1	1	0	0	0	0
AF	0	0.051530	11	8	3	0	0	0	0
AF	0	0.052155	4	4	0	0	0	0	0
AF	0	0.052467	1	0	1	0	0	0	0
AF	0	0.052780	5	4	1	0	0	0	0
AF	0	0.053092	4	2	2	0	0	0	0
AF	0	0.053404	14	12	2	0	0	0	0
AF	0	0.053716	6	4	2	0	0	0	0
AF	0	0.054029	6	6	0	0	0	0	0
AF	0	0.054341	1	1	0	0	0	0	0
AF	0	0.054653	8	4	4	0	0	0	0
AF	0	0.054966	5	3	2	0	0	0	0
AF	0	0.055278	5	3	2	0	0	0	0
AF	0	0.055590	5	5	0	0	0	0	0
AF	0	0.055903	12	6	6	0	0	0	0
AF	0	0.056215	5	5	0	0	0	0	0
AF	0	0.056527	11	6	5	0	0	0	0
AF	0	0.056839	2	2	0	0	0	0	0
AF	0	0.057152	5	5	0	0	0	0	0
AF	0	0.057464	3	3	0	0	0	0	0
AF	0	0.057776	2	2	0	0	0	0	0
AF	0	0.058089	3	2	1	0	0	0	0
AF	0	0.058401	3	2	1	0	0	0	0
AF	0	0.058713	3	3	0	0	0	0	0
AF	0	0.059026	2	2	0	0	0	0	0
AF	0	0.059338	2	2	0	0	0	0	0
AF	0	0.059650	7	5	2	0	0	0	0
AF	0	0.059963	2	1	1	0	0	0	0
AF	0	0.060275	9	6	3	0	0	0	0
AF	0	0.060587	2	1	1	0	0	0	0
AF	0	0.060899	10	6	4	0	0	0	0
AF	0	0.061212	3	3	0	0	0	0	0
AF	0	0.061524	2	1	1	0	0	0	0
AF	0	0.062149	2	0	2	0	0	0	0
AF	0	0.062461	1	0	1	0	0	0	0
AF	0	0.062773	3	3	0	0	0	0	0
AF	0	0.063086	6	5	1	0	0	0	0
AF	0	0.063398	5	4	1	0	0	0	0
AF	0	0.063710	1	1	0	0	0	0	0
AF	0	0.064022	2	2	0	0	0	0	0
AF	0	0.064335	2	2	0	0	0	0	0
AF	0	0.064647	4	3	1	0	0	0	0
AF	0	0.064959	1	1	0	0	0	0	0
AF	0	0.065272	1	0	1	0	0	0	0
AF	0	0.065584	1	1	0	0	0	0	0
AF	0	0.065896	5	3	2	0	0	0	0
AF	0	0.066209	1	0	1	0	0	0	0
AF	0	0.066521	2	2	0	0	0	0	0
AF	0	0.066833	4	2	2	0	0	0	0
AF	0	0.067146	6	2	4	0	0	0	0
AF	0	0.067458	4	2	2	0	0	0	0
AF	0	0.067770	3	1	2	0	0	0	0
AF	0	0.068082	2	1	1	0	0	0	0
AF	0	0.068395	1	1	0	0	0	0	0
AF	0	0.068707	1	1	0	0	0	0	0
AF	0	0.069019	2	2	0	0	0	0	0
AF	0	0.069332	2	2	0	0	0	0	0
AF	0	0.069644	1	1	0	0	0	0	0
AF	0	0.070269	9	8	1	0	0	0	0
AF	0	0.070581	1	1	0	0	0	0	0
AF	0	0.070893	2	2	0	0	0	0	0
AF	0	0.071205	3	2	1	0	0	0	0
AF	0	0.071518	4	2	2	0	0	0	0
AF	0	0.071830	2	0	2	0	0	0	0
AF	0	0.072142	8	7	1	0	0	0	0
AF	0	0.072455	1	0	1	0	0	0	0
AF	0	0.072767	6	5	1	0	0	0	0
AF	0	0.073079	3	3	0	0	0	0	0
AF	0	0.073392	2	1	1	0	0	0	0
AF	0	0.073704	1	1	0	0	0	0	0
AF	0	0.074016	3	2	1	0	0	0	0
AF	0	0.074329	5	3	2	0	0	0	0
AF	0	0.074641	4	2	2	0	0	0	0
AF	0	0.075265	3	3	0	0	0	0	0
AF	0	0.075578	1	0	1	0	0	0	0
AF	0	0.075890	2	0	2	0	0	0	0
AF	0	0.076202	3	0	3	0	0	0	0
AF	0	0.076515	4	3	1	0	0	0	0
AF	0	0.076827	1	0	1	0	0	0	0
AF	0	0.077139	1	1	0	0	0	0	0
AF	0	0.077452	2	0	2	0	0	0	0
AF	0	0.077764	2	1	1	0	0	0	0
AF	0	0.078076	3	1	2	0	0	0	0
AF	0	0.078389	1	1	0	0	0	0	0
AF	0	0.079013	2	1	1	0	0	0	0
AF	0	0.079325	2	1	1	0	0	0	0
AF	0	0.079638	6	2	4	0	0	0	0
AF	0	0.080262	4	1	3	0	0	0	0
AF	0	0.080575	2	1	1	0	0	0	0
AF	0	0.080887	2	1	1	0	0	0	0
AF	0	0.081199	3	3	0	0	0	0	0
AF	0	0.081512	2	2	0	0	0	0	0
AF	0	0.081824	2	1	1	0	0	0	0
AF	0	0.082448	2	1	1	0	0	0	0
AF	0	0.083073	1	1	0	0	0	0	0
AF	0	0.083385	4	1	3	0	0	0	0
AF	0	0.083698	4	2	2	0	0	0	0
AF	0	0.084010	6	4	2	0	0	0	0
AF	0	0.084635	2	2	0	0	0	0	0
AF	0	0.084947	5	3	2	0	0	0	0
AF	0	0.085259	1	1	0	0	0	0	0
AF	0	0.085572	3	3	0	0	0	0	0
AF	0	0.085884	3	2	1	0	0	0	0
AF	0	0.086196	1	0	1	0	0	0	0
AF	0	0.086508	4	4	0	0	0	0	0
AF	0	0.086821	3	2	1	0	0	0	0
AF	0	0.087133	2	2	0	0	0	0	0
AF	0	0.087445	1	1	0	0	0	0	0
AF	0	0.087758	1	0	1	0	0	0	0
AF	0	0.088070	1	1	0	0	0	0	0
AF	0	0.088382	9	7	2	0	0	0	0
AF	0	0.088695	3	2	1	0	0	0	0
AF	0	0.089007	6	5	1	0	0	0	0
AF	0	0.089631	3	2	1	0	0	0	0
AF	0	0.089944	1	1	0	0	0	0	0
AF	0	0.090256	1	0	1	0	0	0	0
AF	0	0.090568	1	1	0	0	0	0	0
AF	0	0.090881	1	0	1	0	0	0	0
AF	0	0.091193	5	1	4	0	0	0	0
AF	0	0.091505	9	8	1	0	0	0	0
AF	0	0.091818	3	1	2	0	0	0	0
AF	0	0.092130	5	4	1	0	0	0	0
AF	0	0.092442	4	3	1	0	0	0	0
AF	0	0.092755	3	1	2	0	0	0	0
AF	0	0.093067	7	5	2	0	0	0	0
AF	0	0.093379	4	2	2	0	0	0	0
AF	0	0.094004	2	1	1	0	0	0	0
AF	0	0.094316	2	2	0	0	0	0	0
AF	0	0.094628	5	1	4	0	0	0	0
AF	0	0.094941	1	1	0	0	0	0	0
AF	0	0.095253	1	0	1	0	0	0	0
AF	0	0.095565	4	3	1	0	0	0	0
AF	0	0.095878	2	2	0	0	0	0	0
AF	0	0.096190	1	1	0	0	0	0	0
AF	0	0.096502	4	4	0	0	0	0	0
AF	0	0.096814	2	0	2	0	0	0	0
AF	0	0.097127	6	5	1	0	0	0	0
AF	0	0.097439	2	2	0	0	0	0	0
AF	0	0.097751	58	35	23	0	0	0	0
AF	0	0.098064	10	9	1	0	0	0	0
AF	0	0.098376	6	6	0	0	0	0	0
AF	0	0.098688	1	1	0	0	0	0	0
AF	0	0.099001	4	1	3	0	0	0	0
AF	0	0.099313	1	1	0	0	0	0	0
AF	0	0.099625	3	3	0	0	0	0	0
AF	0	0.100250	1	1	0	0	0	0	0
AF	0	0.100562	1	0	1	0	0	0	0
AF	0	0.100874	1	1	0	0	0	0	0
AF	0	0.101187	1	0	1	0	0	0	0
AF	0	0.101499	3	1	2	0	0	0	0
AF	0	0.102124	2	2	0	0	0	0	0
AF	0	0.102436	1	1	0	0	0	0	0
AF	0	0.102748	1	0	1	0	0	0	0
AF	0	0.103685	3	3	0	0	0	0	0
AF	0	0.103998	2	2	0	0	0	0	0
AF	0	0.104310	1	1	0	0	0	0	0
AF	0	0.104622	2	2	0	0	0	0	0
AF	0	0.104934	1	0	1	0	0	0	0
AF	0	0.105247	3	1	2	0	0	0	0
AF	0	0.105559	2	1	1	0	0	0	0
AF	0	0.106184	1	1	0	0	0	0	0
AF	0	0.106496	2	1	1	0	0	0	0
AF	0	0.107121	3	3	0	0	0	0	0
AF	0	0.107745	2	2	0	0	0	0	0
AF	0	0.108370	2	1	1	0	0	0	0
AF	0	0.108682	1	1	0	0	0	0	0
AF	0	0.109619	1	1	0	0	0	0	0
AF	0	0.110244	7	5	2	0	0	0	0
AF	0	0.110556	8	2	6	0	0	0	0
AF	0	0.110868	3	3	0	0	0	0	0
AF	0	0.111181	3	2	1	0	0	0	0
AF	0	0.111805	5	5	0	0	0	0	0
AF	0	0.112117	1	0	1	0	0	0	0
AF	0	0.112430	4	2	2	0	0	0	0
AF	0	0.112742	2	1	1	0	0	0	0
AF	0	0.113054	2	2	0	0	0	0	0
AF	0	0.113679	3	2	1	0	0	0	0
AF	0	0.114304	5	2	3	0	0	0	0
AF	0	0.114616	10	5	5	0	0	0	0
AF	0	0.114928	6	5	1	0	0	0	0
AF	0	0.115240	1	1	0	0	0	0	0
AF	0	0.115553	2	1	1	0	0	0	0
AF	0	0.115865	2	1	1	0	0	0	0
AF	0	0.116177	1	0	1	0	0	0	0
AF	0	0.116490	1	1	0	0	0	0	0
AF	0	0.116802	1	1	0	0	0	0	0
AF	0	0.117114	3	2	1	0	0	0	0
AF	0	0.117427	1	1	0	0	0	0	0
AF	0	0.118051	1	0	1	0	0	0	0
AF	0	0.118676	3	2	1	0	0	0	0
AF	0	0.118988	3	3	0	0	0	0	0
AF	0	0.119300	2	1	1	0	0	0	0
AF	0	0.119613	1	1	0	0	0	0	0
AF	0	0.119925	1	1	0	0	0	0	0
AF	0	0.120550	2	1	1	0	0	0	0
AF	0	0.120862	1	0	1	0	0	0	0
AF	0	0.121174	4	2	2	0	0	0	0
AF	0	0.121799	5	4	1	0	0	0	0
AF	0	0.122111	5	3	2	0	0	0	0
AF	0	0.122423	6	5	1	0	0	0	0
AF	0	0.123048	1	1	0	0	0	0	0
AF	0	0.123673	2	2	0	0	0	0	0
AF	0	0.123985	1	1	0	0	0	0	0
AF	0	0.124297	2	1	1	0	0	0	0
AF	0	0.124922	2	1	1	0	0	0	0
AF	0	0.125547	2	2	0	0	0	0	0
AF	0	0.126171	2	2	0	0	0	0	0
AF	0	0.126483	1	1	0	0	0	0	0
AF	0	0.127420	3	3	0	0	0	0	0
AF	0	0.127733	1	1	0	0	0	0	0
AF	0	0.128670	1	1	0	0	0	0	0
AF	0	0.128982	1	1	0	0	0	0	0
AF	0	0.129294	1	1	0	0	0	0	0
AF	0	0.129919	6	5	1	0	0	0	0
AF	0	0.130231	3	3	0	0	0	0	0
AF	0	0.130543	2	0	2	0	0	0	0
AF	0	0.131168	3	2	1	0	0	0	0
AF	0	0.131480	1	1	0	0	0	0	0
AF	0	0.131793	3	3	0	0	0	0	0
AF	0	0.132105	1	1	0	0	0	0	0
AF	0	0.132417	2	1	1	0	0	0	0
AF	0	0.133666	2	1	1	0	0	0	0
AF	0	0.133979	2	1	1	0	0	0	0
AF	0	0.134291	1	1	0	0	0	0	0
AF	0	0.135540	1	0	1	0	0	0	0
AF	0	0.135853	1	0	1	0	0	0	0
AF	0	0.136165	4	2	2	0	0	0	0
AF	0	0.136477	1	1	0	0	0	0	0
AF	0	0.136790	2	1	1	0	0	0	0
AF	0	0.137414	1	1	0	0	0	0	0
AF	0	0.137726	1	1	0	0	0	0	0
AF	0	0.138351	1	1	0	0	0	0	0
AF	0	0.139600	1	1	0	0	0	0	0
AF	0	0.140225	1	0	1	0	0	0	0
AF	0	0.140537	1	1	0	0	0	0	0
AF	0	0.141162	1	0	1	0	0	0	0
AF	0	0.141474	1	1	0	0	0	0	0
AF	0	0.141786	2	0	2	0	0	0	0
AF	0	0.142099	1	1	0	0	0	0	0
AF	0	0.142411	3	1	2	0	0	0	0
AF	0	0.142723	1	1	0	0	0	0	0
AF	0	0.143036	3	3	0	0	0	0	0
AF	0	0.143348	1	1	0	0	0	0	0
AF	0	0.143660	1	0	1	0	0	0	0
AF	0	0.143973	2	2	0	0	0	0	0
AF	0	0.144909	1	0	1	0	0	0	0
AF	0	0.146159	2	1	1	0	0	0	0
AF	0	0.146471	1	1	0	0	0	0	0
AF	0	0.147408	2	2	0	0	0	0	0
AF	0	0.147720	3	2	1	0	0	0	0
AF	0	0.148032	3	3	0	0	0	0	0
AF	0	0.148657	2	2	0	0	0	0	0
AF	0	0.149282	1	1	0	0	0	0	0
AF	0	0.149594	1	0	1	0	0	0	0
AF	0	0.149906	3	2	1	0	0	0	0
AF	0	0.150219	3	2	1	0	0	0	0
AF	0	0.151156	1	0	1	0	0	0	0
AF	0	0.151468	1	1	0	0	0	0	0
AF	0	0.151780	2	1	1	0	0	0	0
AF	0	0.152092	2	1	1	0	0	0	0
AF	0	0.152405	6	3	3	0	0	0	0
AF	0	0.153029	2	0	2	0	0	0	0
AF	0	0.153342	1	1	0	0	0	0	0
AF	0	0.153654	6	4	2	0	0	0	0
AF	0	0.153966	2	1	1	0	0	0	0
AF	0	0.154279	6	4	2	0	0	0	0
AF	0	0.154591	2	0	2	0	0	0	0
AF	0	0.154903	2	1	1	0	0	0	0
AF	0	0.155215	3	3	0	0	0	0	0
AF	0	0.155528	1	1	0	0	0	0	0
AF	0	0.155840	2	1	1	0	0	0	0
AF	0	0.156152	1	1	0	0	0	0	0
AF	0	0.156465	1	1	0	0	0	0	0
AF	0	0.156777	2	0	2	0	0	0	0
AF	0	0.157402	1	1	0	0	0	0	0
AF	0	0.157714	2	1	1	0	0	0	0
AF	0	0.158026	4	3	1	0	0	0	0
AF	0	0.158339	1	1	0	0	0	0	0
AF	0	0.158651	2	2	0	0	0	0	0
AF	0	0.158963	3	3	0	0	0	0	0
AF	0	0.159275	7	3	4	0	0	0	0
AF	0	0.159588	1	0	1	0	0	0	0
AF	0	0.159900	4	3	1	0	0	0	0
AF	0	0.160212	4	3	1	0	0	0	0
AF	0	0.160525	2	2	0	0	0	0	0
AF	0	0.160837	1	0	1	0	0	0	0
AF	0	0.161149	3	3	0	0	0	0	0
AF	0	0.161462	2	2	0	0	0	0	0
AF	0	0.161774	4	3	1	0	0	0	0
AF	0	0.162399	2	2	0	0	0	0	0
AF	0	0.163023	2	2	0	0	0	0	0
AF	0	0.163960	2	2	0	0	0	0	0
AF	0	0.165522	3	3	0	0	0	0	0
AF	0	0.166146	1	1	0	0	0	0	0
AF	0	0.166771	1	1	0	0	0	0	0
AF	0	0.167083	2	1	1	0	0	0	0
AF	0	0.168332	3	3	0	0	0	0	0
AF	0	0.168645	2	2	0	0	0	0	0
AF	0	0.168957	3	1	2	0	0	0	0
AF	0	0.169269	2	0	2	0	0	0	0
AF	0	0.169582	1	0	1	0	0	0	0
AF	0	0.170206	1	0	1	0	0	0	0
AF	0	0.170831	1	1	0	0	0	0	0
AF	0	0.171768	4	4	0	0	0	0	0
AF	0	0.172080	1	1	0	0	0	0	0
AF	0	0.172392	1	0	1	0	0	0	0
AF	0	0.172705	1	0	1	0	0	0	0
AF	0	0.173017	4	3	1	0	0	0	0
AF	0	0.173329	1	1	0	0	0	0	0
AF	0	0.173641	4	3	1	0	0	0	0
AF	0	0.173954	2	1	1	0	0	0	0
AF	0	0.174266	2	1	1	0	0	0	0
AF	0	0.174578	1	0	1	0	0	0	0
AF	0	0.174891	3	3	0	0	0	0	0
AF	0	0.175203	4	1	3	0	0	0	0
AF	0	0.175515	1	1	0	0	0	0	0
AF	0	0.176140	1	1	0	0	0	0	0
AF	0	0.176765	1	0	1	0	0	0	0
AF	0	0.178014	1	1	0	0	0	0	0
AF	0	0.178326	2	1	1	0	0	0	0
AF	0	0.178951	1	0	1	0	0	0	0
AF	0	0.179888	1	1	0	0	0	0	0
AF	0	0.180512	1	1	0	0	0	0	0
AF	0	0.181761	3	2	1	0	0	0	0
AF	0	0.182386	5	5	0	0	0	0	0
AF	0	0.182698	1	1	0	0	0	0	0
AF	0	0.183011	5	2	3	0	0	0	0
AF	0	0.183323	4	3	1	0	0	0	0
AF	0	0.183635	2	0	2	0	0	0	0
AF	0	0.184260	1	1	0	0	0	0	0
AF	0	0.185197	2	2	0	0	0	0	0
AF	0	0.185509	1	1	0	0	0	0	0
AF	0	0.186134	3	2	1	0	0	0	0
AF	0	0.186446	2	1	1	0	0	0	0
AF	0	0.187071	1	0	1	0	0	0	0
AF	0	0.187383	1	0	1	0	0	0	0
AF	0	0.187695	1	0	1	0	0	0	0
AF	0	0.188007	2	0	2	0	0	0	0
AF	0	0.188320	1	1	0	0	0	0	0
AF	0	0.190506	2	1	1	0	0	0	0
AF	0	0.191131	1	1	0	0	0	0	0
AF	0	0.191443	3	1	2	0	0	0	0
AF	0	0.191755	1	1	0	0	0	0	0
AF	0	0.192067	1	1	0	0	0	0	0
AF	0	0.192380	1	1	0	0	0	0	0
AF	0	0.193004	4	4	0	0	0	0	0
AF	0	0.194566	1	1	0	0	0	0	0
AF	0	0.194878	1	1	0	0	0	0	0
AF	0	0.195503	1	1	0	0	0	0	0
AF	0	0.196127	3	2	1	0	0	0	0
AF	0	0.196752	1	0	1	0	0	0	0
AF	0	0.197064	2	0	2	0	0	0	0
AF	0	0.198938	1	1	0	0	0	0	0
AF	0	0.199250	1	0	1	0	0	0	0
AF	0	0.199563	3	1	2	0	0	0	0
AF	0	0.201124	2	2	0	0	0	0	0
AF	0	0.201437	3	1	2	0	0	0	0
AF	0	0.201749	1	1	0	0	0	0	0
AF	0	0.202374	2	1	1	0	0	0	0
AF	0	0.204247	2	1	1	0	0	0	0
AF	0	0.204560	1	1	0	0	0	0	0
AF	0	0.205184	1	1	0	0	0	0	0
AF	0	0.205497	6	4	2	0	0	0	0
AF	0	0.205809	2	2	0	0	0	0	0
AF	0	0.206433	1	1	0	0	0	0	0
AF	0	0.206746	2	1	1	0	0	0	0
AF	0	0.207370	3	1	2	0	0	0	0
AF	0	0.207683	1	1	0	0	0	0	0
AF	0	0.207995	2	1	1	0	0	0	0
AF	0	0.208307	1	0	1	0	0	0	0
AF	0	0.208620	2	1	1	0	0	0	0
AF	0	0.208932	1	1	0	0	0	0	0
AF	0	0.209244	3	2	1	0	0	0	0
AF	0	0.210181	2	2	0	0	0	0	0
AF	0	0.210806	1	0	1	0	0	0	0
AF	0	0.211118	1	1	0	0	0	0	0
AF	0	0.211430	1	1	0	0	0	0	0
AF	0	0.211743	3	2	1	0	0	0	0
AF	0	0.212367	1	0	1	0	0	0	0
AF	0	0.212680	1	0	1	0	0	0	0
AF	0	0.212992	4	2	2	0	0	0	0
AF	0	0.213304	3	2	1	0	0	0	0
AF	0	0.213616	2	2	0	0	0	0	0
AF	0	0.215490	1	1	0	0	0	0	0
AF	0	0.215803	1	1	0	0	0	0	0
AF	0	0.216740	1	0	1	0	0	0	0
AF	0	0.219238	1	1	0	0	0	0	0
AF	0	0.219863	1	1	0	0	0	0	0
AF	0	0.220175	1	1	0	0	0	0	0
AF	0	0.220487	2	2	0	0	0	0	0
AF	0	0.221424	1	1	0	0	0	0	0
AF	0	0.221736	1	1	0	0	0	0	0
AF	0	0.222049	2	2	0	0	0	0	0
AF	0	0.222361	4	4	0	0	0	0	0
AF	0	0.222673	1	1	0	0	0	0	0
AF	0	0.222986	1	0	1	0	0	0	0
AF	0	0.223298	1	1	0	0	0	0	0
AF	0	0.223610	4	0	4	0	0	0	0
AF	0	0.223923	2	2	0	0	0	0	0
AF	0	0.224235	1	0	1	0	0	0	0
AF	0	0.225172	6	5	1	0	0	0	0
AF	0	0.225796	2	2	0	0	0	0	0
AF	0	0.226421	3	3	0	0	0	0	0
AF	0	0.227046	2	1	1	0	0	0	0
AF	0	0.228607	1	0	1	0	0	0	0
AF	0	0.229232	1	1	0	0	0	0	0
AF	0	0.229544	2	2	0	0	0	0	0
AF	0	0.230481	1	1	0	0	0	0	0
AF	0	0.231106	1	0	1	0	0	0	0
AF	0	0.231418	1	0	1	0	0	0	0
AF	0	0.232042	1	1	0	0	0	0	0
AF	0	0.232979	1	1	0	0	0	0	0
AF	0	0.233916	1	1	0	0	0	0	0
AF	0	0.234229	1	1	0	0	0	0	0
AF	0	0.234541	1	1	0	0	0	0	0
AF	0	0.235166	1	1	0	0	0	0	0
AF	0	0.235790	2	1	1	0	0	0	0
AF	0	0.237664	1	1	0	0	0	0	0
AF	0	0.238289	1	1	0	0	0	0	0
AF	0	0.239538	1	1	0	0	0	0	0
AF	0	0.240162	1	0	1	0	0	0	0
AF	0	0.242973	1	1	0	0	0	0	0
AF	0	0.243598	2	2	0	0	0	0	0
AF	0	0.244847	1	1	0	0	0	0	0
AF	0	0.245159	1	1	0	0	0	0	0
AF	0	0.246408	1	1	0	0	0	0	0
AF	0	0.248282	1	1	0	0	0	0	0
AF	0	0.249844	1	1	0	0	0	0	0
AF	0	0.250156	3	3	0	0	0	0	0
AF	0	0.251093	1	1	0	0	0	0	0
AF	0	0.251405	1	1	0	0	0	0	0
AF	0	0.252655	1	1	0	0	0	0	0
AF	0	0.253904	1	0	1	0	0	0	0
AF	0	0.254528	2	1	1	0	0	0	0
AF	0	0.255153	1	1	0	0	0	0	0
AF	0	0.255778	1	0	1	0	0	0	0
AF	0	0.256402	1	1	0	0	0	0	0
AF	0	0.256715	3	2	1	0	0	0	0
AF	0	0.257027	2	1	1	0	0	0	0
AF	0	0.257964	1	1	0	0	0	0	0
AF	0	0.258901	2	2	0	0	0	0	0
AF	0	0.259213	1	0	1	0	0	0	0
AF	0	0.259525	3	3	0	0	0	0	0
AF	0	0.260462	2	2	0	0	0	0	0
AF	0	0.261087	1	1	0	0	0	0	0
AF	0	0.262024	1	0	1	0	0	0	0
AF	0	0.262648	1	0	1	0	0	0	0
AF	0	0.263898	1	1	0	0	0	0	0
AF	0	0.264522	2	2	0	0	0	0	0
AF	0	0.264834	1	0	1	0	0	0	0
AF	0	0.265147	1	1	0	0	0	0	0
AF	0	0.265771	8	4	4	0	0	0	0
AF	0	0.266084	3	2	1	0	0	0	0
AF	0	0.266396	1	1	0	0	0	0	0
AF	0	0.267021	2	2	0	0	0	0	0
AF	0	0.267645	7	2	5	0	0	0	0
AF	0	0.267958	2	1	1	0	0	0	0
AF	0	0.268270	1	0	1	0	0	0	0
AF	0	0.269207	1	1	0	0	0	0	0
AF	0	0.269831	1	1	0	0	0	0	0
AF	0	0.271705	1	0	1	0	0	0	0
AF	0	0.272330	1	0	1	0	0	0	0
AF	0	0.273267	1	0	1	0	0	0	0
AF	0	0.274204	1	0	1	0	0	0	0
AF	0	0.275765	1	1	0	0	0	0	0
AF	0	0.276077	1	1	0	0	0	0	0
AF	0	0.276702	1	1	0	0	0	0	0
AF	0	0.277639	1	1	0	0	0	0	0
AF	0	0.278264	1	0	1	0	0	0	0
AF	0	0.278888	1	0	1	0	0	0	0
AF	0	0.280137	2	1	1	0	0	0	0
AF	0	0.280450	1	0	1	0	0	0	0
AF	0	0.280762	3	2	1	0	0	0	0
AF	0	0.281074	1	0	1	0	0	0	0
AF	0	0.281699	1	1	0	0	0	0	0
AF	0	0.282011	2	2	0	0	0	0	0
AF	0	0.282324	1	0	1	0	0	0	0
AF	0	0.282636	1	1	0	0	0	0	0
AF	0	0.282948	1	0	1	0	0	0	0
AF	0	0.283573	1	1	0	0	0	0	0
AF	0	0.283885	1	0	1	0	0	0	0
AF	0	0.284197	1	1	0	0	0	0	0
AF	0	0.284510	1	1	0	0	0	0	0
AF	0	0.285134	3	3	0	0	0	0	0
AF	0	0.287320	3	2	1	0	0	0	0
AF	0	0.287633	2	1	1	0	0	0	0
AF	0	0.287945	2	0	2	0	0	0	0
AF	0	0.288257	2	1	1	0	0	0	0
AF	0	0.288570	2	1	1	0	0	0	0
AF	0	0.288882	2	2	0	0	0	0	0
AF	0	0.289507	1	1	0	0	0	0	0
AF	0	0.290131	5	3	2	0	0	0	0
AF	0	0.290756	1	0	1	0	0	0	0
AF	0	0.291693	1	1	0	0	0	0	0
AF	0	0.292005	5	5	0	0	0	0	0
AF	0	0.292630	1	1	0	0	0	0	0
AF	0	0.294191	1	0	1	0	0	0	0
AF	0	0.295753	1	1	0	0	0	0	0
AF	0	0.296065	2	2	0	0	0	0	0
AF	0	0.297314	1	1	0	0	0	0	0
AF	0	0.297626	4	2	2	0	0	0	0
AF	0	0.297939	2	1	1	0	0	0	0
AF	0	0.298876	1	1	0	0	0	0	0
AF	0	0.299500	3	2	1	0	0	0	0
AF	0	0.300125	1	0	1	0	0	0	0
AF	0	0.300750	2	2	0	0	0	0	0
AF	0	0.301374	1	1	0	0	0	0	0
AF	0	0.302311	1	0	1	0	0	0	0
AF	0	0.302623	2	1	1	0	0	0	0
AF	0	0.303248	3	3	0	0	0	0	0
AF	0	0.303560	1	0	1	0	0	0	0
AF	0	0.304185	1	0	1	0	0	0	0
AF	0	0.305122	6	4	2	0	0	0	0
AF	0	0.305746	3	2	1	0	0	0	0
AF	0	0.306059	1	1	0	0	0	0	0
AF	0	0.306683	3	2	1	0	0	0	0
AF	0	0.307308	1	1	0	0	0	0	0
AF	0	0.308245	1	1	0	0	0	0	0
AF	0	0.309494	2	2	0	0	0	0	0
AF	0	0.309806	1	1	0	0	0	0	0
AF	0	0.310119	1	1	0	0	0	0	0
AF	0	0.311056	1	1	0	0	0	0	0
AF	0	0.311680	3	3	0	0	0	0	0
AF	0	0.311993	2	2	0	0	0	0	0
AF	0	0.313242	1	1	0	0	0	0	0
AF	0	0.315116	1	0	1	0	0	0	0
AF	0	0.315428	1	1	0	0	0	0	0
AF	0	0.315740	3	2	1	0	0	0	0
AF	0	0.316052	2	2	0	0	0	0	0
AF	0	0.316677	1	0	1	0	0	0	0
AF	0	0.317302	1	1	0	0	0	0	0
AF	0	0.317614	2	1	1	0	0	0	0
AF	0	0.317926	2	2	0	0	0	0	0
AF	0	0.318551	2	2	0	0	0	0	0
AF	0	0.318863	2	1	1	0	0	0	0
AF	0	0.319488	1	1	0	0	0	0	0
AF	0	0.321049	2	1	1	0	0	0	0
AF	0	0.321674	1	1	0	0	0	0	0
AF	0	0.321986	3	2	1	0	0	0	0
AF	0	0.322611	2	2	0	0	0	0	0
AF	0	0.323235	2	1	1	0	0	0	0
AF	0	0.323548	1	1	0	0	0	0	0
AF	0	0.323860	1	1	0	0	0	0	0
AF	0	0.324485	1	1	0	0	0	0	0
AF	0	0.325109	1	1	0	0	0	0	0
AF	0	0.325734	1	0	1	0	0	0	0
AF	0	0.326046	1	1	0	0	0	0	0
AF	0	0.326359	1	1	0	0	0	0	0
AF	0	0.326983	1	1	0	0	0	0	0
AF	0	0.327295	2	0	2	0	0	0	0
AF	0	0.327608	2	1	1	0	0	0	0
AF	0	0.328232	1	1	0	0	0	0	0
AF	0	0.328545	1	0	1	0	0	0	0
AF	0	0.328857	1	1	0	0	0	0	0
AF	0	0.329169	1	1	0	0	0	0	0
AF	0	0.329482	2	2	0	0	0	0	0
AF	0	0.330106	2	1	1	0	0	0	0
AF	0	0.330731	3	0	3	0	0	0	0
AF	0	0.331668	1	1	0	0	0	0	0
AF	0	0.332917	1	0	1	0	0	0	0
AF	0	0.333229	1	1	0	0	0	0	0
AF	0	0.333542	4	2	2	0	0	0	0
AF	0	0.334478	1	1	0	0	0	0	0
AF	0	0.334791	2	2	0	0	0	0	0
AF	0	0.335103	1	1	0	0	0	0	0
AF	0	0.335415	1	0	1	0	0	0	0
AF	0	0.336665	1	1	0	0	0	0	0
AF	0	0.337289	2	2	0	0	0	0	0
AF	0	0.339788	1	1	0	0	0	0	0
AF	0	0.340412	3	3	0	0	0	0	0
AF	0	0.341037	2	1	1	0	0	0	0
AF	0	0.341349	1	1	0	0	0	0	0
AF	0	0.341661	2	1	1	0	0	0	0
AF	0	0.341974	3	2	1	0	0	0	0
AF	0	0.342598	2	2	0	0	0	0	0
AF	0	0.342911	1	1	0	0	0	0	0
AF	0	0.343848	1	0	1	0	0	0	0
AF	0	0.345409	1	1	0	0	0	0	0
AF	0	0.346346	1	1	0	0	0	0	0
AF	0	0.346658	1	1	0	0	0	0	0
AF	0	0.347908	1	1	0	0	0	0	0
AF	0	0.350094	1	1	0	0	0	0	0
AF	0	0.350406	2	2	0	0	0	0	0
AF	0	0.352280	3	1	2	0	0	0	0
AF	0	0.352904	1	0	1	0	0	0	0
AF	0	0.353529	1	1	0	0	0	0	0
AF	0	0.354154	1	1	0	0	0	0	0
AF	0	0.355403	1	0	1	0	0	0	0
AF	0	0.356027	4	1	3	0	0	0	0
AF	0	0.356340	1	0	1	0	0	0	0
AF	0	0.356652	1	1	0	0	0	0	0
AF	0	0.356964	4	2	2	0	0	0	0
AF	0	0.357277	2	1	1	0	0	0	0
AF	0	0.357589	1	1	0	0	0	0	0
AF	0	0.357901	1	0	1	0	0	0	0
AF	0	0.358526	1	0	1	0	0	0	0
AF	0	0.358838	1	0	1	0	0	0	0
AF	0	0.359775	1	0	1	0	0	0	0
AF	0	0.360400	1	1	0	0	0	0	0
AF	0	0.361024	1	0	1	0	0	0	0
AF	0	0.361961	1	1	0	0	0	0	0
AF	0	0.362274	1	0	1	0	0	0	0
AF	0	0.362898	1	1	0	0	0	0	0
AF	0	0.363210	1	1	0	0	0	0	0
AF	0	0.364147	1	1	0	0	0	0	0
AF	0	0.364772	2	1	1	0	0	0	0
AF	0	0.365084	2	2	0	0	0	0	0
AF	0	0.365709	1	1	0	0	0	0	0
AF	0	0.366021	1	0	1	0	0	0	0
AF	0	0.366334	1	1	0	0	0	0	0
AF	0	0.366958	1	1	0	0	0	0	0
AF	0	0.367895	1	0	1	0	0	0	0
AF	0	0.368520	2	2	0	0	0	0	0
AF	0	0.368832	1	1	0	0	0	0	0
AF	0	0.370394	2	1	1	0	0	0	0
AF	0	0.370706	2	1	1	0	0	0	0
AF	0	0.371018	2	1	1	0	0	0	0
AF	0	0.371330	1	0	1	0	0	0	0
AF	0	0.371643	3	2	1	0	0	0	0
AF	0	0.371955	1	1	0	0	0	0	0
AF	0	0.373829	1	0	1	0	0	0	0
AF	0	0.374453	1	1	0	0	0	0	0
AF	0	0.374766	2	0	2	0	0	0	0
AF	0	0.375078	1	1	0	0	0	0	0
AF	0	0.375390	2	2	0	0	0	0	0
AF	0	0.376015	1	1	0	0	0	0	0
AF	0	0.376640	2	2	0	0	0	0	0
AF	0	0.377577	1	1	0	0	0	0	0
AF	0	0.377889	1	0	1	0	0	0	0
AF	0	0.378201	1	1	0	0	0	0	0
AF	0	0.378513	1	0	1	0	0	0	0
AF	0	0.378826	2	1	1	0	0	0	0
AF	0	0.379138	1	1	0	0	0	0	0
AF	0	0.379450	1	1	0	0	0	0	0
AF	0	0.380387	3	1	2	0	0	0	0
AF	0	0.380700	2	1	1	0	0	0	0
AF	0	0.381012	3	2	1	0	0	0	0
AF	0	0.381324	3	3	0	0	0	0	0
AF	0	0.381636	3	2	1	0	0	0	0
AF	0	0.381949	3	2	1	0	0	0	0
AF	0	0.382261	7	4	3	0	0	0	0
AF	0	0.382573	1	1	0	0	0	0	0
AF	0	0.383510	1	1	0	0	0	0	0
AF	0	0.384135	2	2	0	0	0	0	0
AF	0	0.385696	1	0	1	0	0	0	0
AF	0	0.386009	1	1	0	0	0	0	0
AF	0	0.387258	3	2	1	0	0	0	0
AF	0	0.387570	1	1	0	0	0	0	0
AF	0	0.387883	1	0	1	0	0	0	0
AF	0	0.388507	1	1	0	0	0	0	0
AF	0	0.388819	1	1	0	0	0	0	0
AF	0	0.391943	1	1	0	0	0	0	0
AF	0	0.392879	1	1	0	0	0	0	0
AF	0	0.393504	1	0	1	0	0	0	0
AF	0	0.393816	1	1	0	0	0	0	0
AF	0	0.394129	1	0	1	0	0	0	0
AF	0	0.394441	1	1	0	0	0	0	0
AF	0	0.395690	1	1	0	0	0	0	0
AF	0	0.396002	1	1	0	0	0	0	0
AF	0	0.397252	1	0	1	0	0	0	0
AF	0	0.397876	2	2	0	0	0	0	0
AF	0	0.398501	3	2	1	0	0	0	0
AF	0	0.398813	3	2	1	0	0	0	0
AF	0	0.399126	2	2	0	0	0	0	0
AF	0	0.400375	1	1	0	0	0	0	0
AF	0	0.400687	1	1	0	0	0	0	0
AF	0	0.400999	2	2	0	0	0	0	0
AF	0	0.402249	1	1	0	0	0	0	0
AF	0	0.402561	1	1	0	0	0	0	0
AF	0	0.404122	1	1	0	0	0	0	0
AF	0	0.405372	3	3	0	0	0	0	0
AF	0	0.405996	2	1	1	0	0	0	0
AF	0	0.406621	1	1	0	0	0	0	0
AF	0	0.408495	3	2	1	0	0	0	0
AF	0	0.409119	3	2	1	0	0	0	0
AF	0	0.409432	1	1	0	0	0	0	0
AF	0	0.409744	1	1	0	0	0	0	0
AF	0	0.410056	1	0	1	0	0	0	0
AF	0	0.410369	2	2	0	0	0	0	0
AF	0	0.410681	2	2	0	0	0	0	0
AF	0	0.411305	1	1	0	0	0	0	0
AF	0	0.411618	2	2	0	0	0	0	0
AF	0	0.411930	2	1	1	0	0	0	0
AF	0	0.412242	3	2	1	0	0	0	0
AF	0	0.412555	2	2	0	0	0	0	0
AF	0	0.412867	2	2	0	0	0	0	0
AF	0	0.413179	1	0	1	0	0	0	0
AF	0	0.413492	2	2	0	0	0	0	0
AF	0	0.414116	5	3	2	0	0	0	0
AF	0	0.414428	1	0	1	0	0	0	0
AF	0	0.415990	1	1	0	0	0	0	0
AF	0	0.416302	1	1	0	0	0	0	0
AF	0	0.417552	1	0	1	0	0	0	0
AF	0	0.420362	1	1	0	0	0	0	0
AF	0	0.420675	1	1	0	0	0	0	0
AF	0	0.421611	1	1	0	0	0	0	0
AF	0	0.422236	1	1	0	0	0	0	0
AF	0	0.425359	4	3	1	0	0	0	0
AF	0	0.425671	1	1	0	0	0	0	0
AF	0	0.425984	2	2	0	0	0	0	0
AF	0	0.426296	4	2	2	0	0	0	0
AF	0	0.426608	1	1	0	0	0	0	0
AF	0	0.427233	1	0	1	0	0	0	0
AF	0	0.427858	1	1	0	0	0	0	0
AF	0	0.428170	1	1	0	0	0	0	0
AF	0	0.428482	1	0	1	0	0	0	0
AF	0	0.429107	1	1	0	0	0	0	0
AF	0	0.430356	1	1	0	0	0	0	0
AF	0	0.430981	1	0	1	0	0	0	0
AF	0	0.432542	1	0	1	0	0	0	0
AF	0	0.432854	4	3	1	0	0	0	0
AF	0	0.435353	3	0	3	0	0	0	0
AF	0	0.435978	1	1	0	0	0	0	0
AF	0	0.437227	1	1	0	0	0	0	0
AF	0	0.437851	2	1	1	0	0	0	0
AF	0	0.438476	3	2	1	0	0	0	0
AF	0	0.438788	1	1	0	0	0	0	0
AF	0	0.439101	2	2	0	0	0	0	0
AF	0	0.440974	2	1	1	0	0	0	0
AF	0	0.441599	1	1	0	0	0	0	0
AF	0	0.443161	1	1	0	0	0	0	0
AF	0	0.443473	2	2	0	0	0	0	0
AF	0	0.443785	1	1	0	0	0	0	0
AF	0	0.445659	4	3	1	0	0	0	0
AF	0	0.445971	1	1	0	0	0	0	0
AF	0	0.446284	1	1	0	0	0	0	0
AF	0	0.446908	1	1	0	0	0	0	0
AF	0	0.447533	1	0	1	0	0	0	0
AF	0	0.449719	1	0	1	0	0	0	0
AF	0	0.452530	1	0	1	0	0	0	0
AF	0	0.453154	2	1	1	0	0	0	0
AF	0	0.453779	4	2	2	0	0	0	0
AF	0	0.454716	1	0	1	0	0	0	0
AF	0	0.455340	1	1	0	0	0	0	0
AF	0	0.455653	2	1	1	0	0	0	0
AF	0	0.456277	1	0	1	0	0	0	0
AF	0	0.457527	2	1	1	0	0	0	0
AF	0	0.458151	4	4	0	0	0	0	0
AF	0	0.458463	2	1	1	0	0	0	0
AF	0	0.458776	2	1	1	0	0	0	0
AF	0	0.462523	1	0	1	0	0	0	0
AF	0	0.463148	2	2	0	0	0	0	0
AF	0	0.464085	2	1	1	0	0	0	0
AF	0	0.464397	3	2	1	0	0	0	0
AF	0	0.464710	1	1	0	0	0	0	0
AF	0	0.465022	1	1	0	0	0	0	0
AF	0	0.465646	1	0	1	0	0	0	0
AF	0	0.466271	1	1	0	0	0	0	0
AF	0	0.466896	1	0	1	0	0	0	0
AF	0	0.467208	1	0	1	0	0	0	0
AF	0	0.467520	1	1	0	0	0	0	0
AF	0	0.468770	2	1	1	0	0	0	0
AF	0	0.469394	6	4	2	0	0	0	0
AF	0	0.469706	2	1	1	0	0	0	0
AF	0	0.470019	5	3	2	0	0	0	0
AF	0	0.470331	1	1	0	0	0	0	0
AF	0	0.470643	1	1	0	0	0	0	0
AF	0	0.471268	2	2	0	0	0	0	0
AF	0	0.472517	1	1	0	0	0	0	0
AF	0	0.472829	1	0	1	0	0	0	0
AF	0	0.473142	1	1	0	0	0	0	0
AF	0	0.473766	3	3	0	0	0	0	0
AF	0	0.474391	1	0	1	0	0	0	0
AF	0	0.474703	2	0	2	0	0	0	0
AF	0	0.475016	1	0	1	0	0	0	0
AF	0	0.475328	1	0	1	0	0	0	0
AF	0	0.476265	2	1	1	0	0	0	0
AF	0	0.476577	1	1	0	0	0	0	0
AF	0	0.476889	2	1	1	0	0	0	0
AF	0	0.477202	1	1	0	0	0	0	0
AF	0	0.478139	1	1	0	0	0	0	0
AF	0	0.480012	1	1	0	0	0	0	0
AF	0	0.480637	2	1	1	0	0	0	0
AF	0	0.480949	1	0	1	0	0	0	0
AF	0	0.481262	1	1	0	0	0	0	0
AF	0	0.481574	1	1	0	0	0	0	0
AF	0	0.483760	3	2	1	0	0	0	0
AF	0	0.485009	1	1	0	0	0	0	0
AF	0	0.486883	1	1	0	0	0	0	0
AF	0	0.487196	2	2	0	0	0	0	0
AF	0	0.487820	1	1	0	0	0	0	0
AF	0	0.488132	1	1	0	0	0	0	0
AF	0	0.488445	2	2	0	0	0	0	0
AF	0	0.488757	3	2	1	0	0	0	0
AF	0	0.489382	1	0	1	0	0	0	0
AF	0	0.491255	1	1	0	0	0	0	0
AF	0	0.494379	1	0	1	0	0	0	0
AF	0	0.495628	1	1	0	0	0	0	0
AF	0	0.495940	2	2	0	0	0	0	0
AF	0	0.496877	1	0	1	0	0	0	0
AF	0	0.498126	1	0	1	0	0	0	0
AF	0	0.499375	3	3	0	0	0	0	0
AF	0	0.500625	1	0	1	0	0	0	0
AF	0	0.502498	1	0	1	0	0	0	0
AF	0	0.503748	1	1	0	0	0	0	0
AF	0	0.504060	1	1	0	0	0	0	0
AF	0	0.504372	1	1	0	0	0	0	0
AF	0	0.505621	1	1	0	0	0	0	0
AF	0	0.508120	1	1	0	0	0	0	0
AF	0	0.509369	1	1	0	0	0	0	0
AF	0	0.510306	1	0	1	0	0	0	0
AF	0	0.511243	4	3	1	0	0	0	0
AF	0	0.511868	2	1	1	0	0	0	0
AF	0	0.512180	1	1	0	0	0	0	0
AF	0	0.514366	1	0	1	0	0	0	0
AF	0	0.515928	1	1	0	0	0	0	0
AF	0	0.516864	3	1	2	0	0	0	0
AF	0	0.517489	2	0	2	0	0	0	0
AF	0	0.519051	1	1	0	0	0	0	0
AF	0	0.520300	1	1	0	0	0	0	0
AF	0	0.521237	1	1	0	0	0	0	0
AF	0	0.521861	1	0	1	0	0	0	0
AF	0	0.522174	1	1	0	0	0	0	0
AF	0	0.522486	1	1	0	0	0	0	0
AF	0	0.523111	1	1	0	0	0	0	0
AF	0	0.523735	1	0	1	0	0	0	0
AF	0	0.524360	2	1	1	0	0	0	0
AF	0	0.524984	2	1	1	0	0	0	0
AF	0	0.525297	1	0	1	0	0	0	0
AF	0	0.526234	2	2	0	0	0	0	0
AF	0	0.526546	1	1	0	0	0	0	0
AF	0	0.528107	2	2	0	0	0	0	0
AF	0	0.528732	1	1	0	0	0	0	0
AF	0	0.529981	1	0	1	0	0	0	0
AF	0	0.530606	1	0	1	0	0	0	0
AF	0	0.536227	1	1	0	0	0	0	0
AF	0	0.537477	1	1	0	0	0	0	0
AF	0	0.540287	1	0	1	0	0	0	0
AF	0	0.541849	1	0	1	0	0	0	0
AF	0	0.543723	1	1	0	0	0	0	0
AF	0	0.544035	1	1	0	0	0	0	0
AF	0	0.545909	2	2	0	0	0	0	0
AF	0	0.546533	2	2	0	0	0	0	0
AF	0	0.546846	1	0	1	0	0	0	0
AF	0	0.548095	2	2	0	0	0	0	0
AF	0	0.548720	1	0	1	0	0	0	0
AF	0	0.549344	1	1	0	0	0	0	0
AF	0	0.549969	1	1	0	0	0	0	0
AF	0	0.551218	1	0	1	0	0	0	0
AF	0	0.558089	1	1	0	0	0	0	0
AF	0	0.560899	1	1	0	0	0	0	0
AF	0	0.561524	1	0	1	0	0	0	0
AF	0	0.561836	1	1	0	0	0	0	0
AF	0	0.562149	1	1	0	0	0	0	0
AF	0	0.562773	1	0	1	0	0	0	0
AF	0	0.563086	3	2	1	0	0	0	0
AF	0	0.564022	3	2	1	0	0	0	0
AF	0	0.564647	1	0	1	0	0	0	0
AF	0	0.565896	1	1	0	0	0	0	0
AF	0	0.566521	1	1	0	0	0	0	0
AF	0	0.567146	1	1	0	0	0	0	0
AF	0	0.568395	2	1	1	0	0	0	0
AF	0	0.570269	1	0	1	0	0	0	0
AF	0	0.570893	1	1	0	0	0	0	0
AF	0	0.571518	1	1	0	0	0	0	0
AF	0	0.572767	1	1	0	0	0	0	0
AF	0	0.573079	1	1	0	0	0	0	0
AF	0	0.573392	1	1	0	0	0	0	0
AF	0	0.574953	1	1	0	0	0	0	0
AF	0	0.575265	1	1	0	0	0	0	0
AF	0	0.575890	2	1	1	0	0	0	0
AF	0	0.577764	1	1	0	0	0	0	0
AF	0	0.578076	2	1	1	0	0	0	0
AF	0	0.578389	1	1	0	0	0	0	0
AF	0	0.578701	1	1	0	0	0	0	0
AF	0	0.580887	2	2	0	0	0	0	0
AF	0	0.581512	1	1	0	0	0	0	0
AF	0	0.582761	2	2	0	0	0	0	0
AF	0	0.583698	1	1	0	0	0	0	0
AF	0	0.585884	1	1	0	0	0	0	0
AF	0	0.587133	1	0	1	0	0	0	0
AF	0	0.587758	1	0	1	0	0	0	0
AF	0	0.589944	1	0	1	0	0	0	0
AF	0	0.590256	1	1	0	0	0	0	0
AF	0	0.591505	1	0	1	0	0	0	0
AF	0	0.591818	1	1	0	0	0	0	0
AF	0	0.593067	1	0	1	0	0	0	0
AF	0	0.593691	1	1	0	0	0	0	0
AF	0	0.594004	1	0	1	0	0	0	0
AF	0	0.595253	1	1	0	0	0	0	0
AF	0	0.597127	1	0	1	0	0	0	0
AF	0	0.599625	1	0	1	0	0	0	0
AF	0	0.599938	1	0	1	0	0	0	0
AF	0	0.601187	1	1	0	0	0	0	0
AF	0	0.601811	1	1	0	0	0	0	0
AF	0	0.602124	1	0	1	0	0	0	0
AF	0	0.602436	2	0	2	0	0	0	0
AF	0	0.602748	1	1	0	0	0	0	0
AF	0	0.603998	1	0	1	0	0	0	0
AF	0	0.604310	1	1	0	0	0	0	0
AF	0	0.604622	1	1	0	0	0	0	0
AF	0	0.605247	1	1	0	0	0	0	0
AF	0	0.605871	1	1	0	0	0	0	0
AF	0	0.607433	1	0	1	0	0	0	0
AF	0	0.607745	2	1	1	0	0	0	0
AF	0	0.608370	3	3	0	0	0	0	0
AF	0	0.608682	3	3	0	0	0	0	0
AF	0	0.608994	1	0	1	0	0	0	0
AF	0	0.609619	1	0	1	0	0	0	0
AF	0	0.610244	2	2	0	0	0	0	0
AF	0	0.611805	1	1	0	0	0	0	0
AF	0	0.612117	1	0	1	0	0	0	0
AF	0	0.612742	4	3	1	0	0	0	0
AF	0	0.613054	1	1	0	0	0	0	0
AF	0	0.613367	2	2	0	0	0	0	0
AF	0	0.613679	1	1	0	0	0	0	0
AF	0	0.613991	2	2	0	0	0	0	0
AF	0	0.614304	2	1	1	0	0	0	0
AF	0	0.614616	5	3	2	0	0	0	0
AF	0	0.615240	2	1	1	0	0	0	0
AF	0	0.615553	1	0	1	0	0	0	0
AF	0	0.616177	1	1	0	0	0	0	0
AF	0	0.617114	1	0	1	0	0	0	0
AF	0	0.619613	1	1	0	0	0	0	0
AF	0	0.620862	1	0	1	0	0	0	0
AF	0	0.622111	1	1	0	0	0	0	0
AF	0	0.625547	1	1	0	0	0	0	0
AF	0	0.627108	1	1	0	0	0	0	0
AF	0	0.628357	1	1	0	0	0	0	0
AF	0	0.628670	3	3	0	0	0	0	0
AF	0	0.628982	1	1	0	0	0	0	0
AF	0	0.629606	2	1	1	0	0	0	0
AF	0	0.631480	1	1	0	0	0	0	0
AF	0	0.631793	1	0	1	0	0	0	0
AF	0	0.633354	2	1	1	0	0	0	0
AF	0	0.635228	1	1	0	0	0	0	0
AF	0	0.635540	1	1	0	0	0	0	0
AF	0	0.635853	1	1	0	0	0	0	0
AF	0	0.636165	1	0	1	0	0	0	0
AF	0	0.638351	1	1	0	0	0	0	0
AF	0	0.638976	2	2	0	0	0	0	0
AF	0	0.639288	2	2	0	0	0	0	0
AF	0	0.639600	1	1	0	0	0	0	0
AF	0	0.640849	1	1	0	0	0	0	0
AF	0	0.641474	5	5	0	0	0	0	0
AF	0	0.641786	2	1	1	0	0	0	0
AF	0	0.642099	8	5	3	0	0	0	0
AF	0	0.642411	1	1	0	0	0	0	0
AF	0	0.642723	1	0	1	0	0	0	0
AF	0	0.643348	2	2	0	0	0	0	0
AF	0	0.643660	2	2	0	0	0	0	0
AF	0	0.646159	2	1	1	0	0	0	0
AF	0	0.647096	2	2	0	0	0	0	0
AF	0	0.648032	1	1	0	0	0	0	0
AF	0	0.648345	1	1	0	0	0	0	0
AF	0	0.649906	1	1	0	0	0	0	0
AF	0	0.650219	2	1	1	0	0	0	0
AF	0	0.651468	4	3	1	0	0	0	0
AF	0	0.653654	1	1	0	0	0	0	0
AF	0	0.654591	1	0	1	0	0	0	0
AF	0	0.654903	1	0	1	0	0	0	0
AF	0	0.655840	1	1	0	0	0	0	0
AF	0	0.656465	1	1	0	0	0	0	0
AF	0	0.657714	3	3	0	0	0	0	0
AF	0	0.658026	2	1	1	0	0	0	0
AF	0	0.658651	1	1	0	0	0	0	0
AF	0	0.658963	3	3	0	0	0	0	0
AF	0	0.659275	1	0	1	0	0	0	0
AF	0	0.661462	4	2	2	0	0	0	0
AF	0	0.664897	1	1	0	0	0	0	0
AF	0	0.665834	1	1	0	0	0	0	0
AF	0	0.666146	2	2	0	0	0	0	0
AF	0	0.668957	1	1	0	0	0	0	0
AF	0	0.671143	1	0	1	0	0	0	0
AF	0	0.671768	2	2	0	0	0	0	0
AF	0	0.672080	1	1	0	0	0	0	0
AF	0	0.672392	2	1	1	0	0	0	0
AF	0	0.673017	2	1	1	0	0	0	0
AF	0	0.674891	1	1	0	0	0	0	0
AF	0	0.677701	1	1	0	0	0	0	0
AF	0	0.678326	1	0	1	0	0	0	0
AF	0	0.679888	1	1	0	0	0	0	0
AF	0	0.682386	1	1	0	0	0	0	0
AF	0	0.685197	1	0	1	0	0	0	0
AF	0	0.685509	1	1	0	0	0	0	0
AF	0	0.688007	1	0	1	0	0	0	0
AF	0	0.688320	1	1	0	0	0	0	0
AF	0	0.689257	1	1	0	0	0	0	0
AF	0	0.690818	1	0	1	0	0	0	0
AF	0	0.691755	1	0	1	0	0	0	0
AF	0	0.692067	3	1	2	0	0	0	0
AF	0	0.693629	1	1	0	0	0	0	0
AF	0	0.696127	1	1	0	0	0	0	0
AF	0	0.696752	1	1	0	0	0	0	0
AF	0	0.698314	1	1	0	0	0	0	0
AF	0	0.701124	1	1	0	0	0	0	0
AF	0	0.701437	1	1	0	0	0	0	0
AF	0	0.703623	1	1	0	0	0	0	0
AF	0	0.704247	3	1	2	0	0	0	0
AF	0	0.704872	1	1	0	0	0	0	0
AF	0	0.706121	1	0	1	0	0	0	0
AF	0	0.706433	1	1	0	0	0	0	0
AF	0	0.707995	1	1	0	0	0	0	0
AF	0	0.708932	2	0	2	0	0	0	0
AF	0	0.709244	1	0	1	0	0	0	0
AF	0	0.710806	1	1	0	0	0	0	0
AF	0	0.711118	1	1	0	0	0	0	0
AF	0	0.711430	1	0	1	0	0	0	0
AF	0	0.712367	1	1	0	0	0	0	0
AF	0	0.712680	2	0	2	0	0	0	0
AF	0	0.712992	1	1	0	0	0	0	0
AF	0	0.713304	2	1	1	0	0	0	0
AF	0	0.714866	1	0	1	0	0	0	0
AF	0	0.715178	3	2	1	0	0	0	0
AF	0	0.715490	4	4	0	0	0	0	0
AF	0	0.716740	1	1	0	0	0	0	0
AF	0	0.717364	1	1	0	0	0	0	0
AF	0	0.717989	1	1	0	0	0	0	0
AF	0	0.719550	1	1	0	0	0	0	0
AF	0	0.719863	1	1	0	0	0	0	0
AF	0	0.721736	2	2	0	0	0	0	0
AF	0	0.722986	2	0	2	0	0	0	0
AF	0	0.723298	1	0	1	0	0	0	0
AF	0	0.724859	1	1	0	0	0	0	0
AF	0	0.726109	1	1	0	0	0	0	0
AF	0	0.727046	1	0	1	0	0	0	0
AF	0	0.727358	1	1	0	0	0	0	0
AF	0	0.728607	1	1	0	0	0	0	0
AF	0	0.729544	1	1	0	0	0	0	0
AF	0	0.729856	1	0	1	0	0	0	0
AF	0	0.730793	2	1	1	0	0	0	0
AF	0	0.731106	1	1	0	0	0	0	0
AF	0	0.732667	1	1	0	0	0	0	0
AF	0	0.732979	2	0	2	0	0	0	0
AF	0	0.733604	2	0	2	0	0	0	0
AF	0	0.734229	1	1	0	0	0	0	0
AF	0	0.736102	1	1	0	0	0	0	0
AF	0	0.740787	1	1	0	0	0	0	0
AF	0	0.742036	1	1	0	0	0	0	0
AF	0	0.745472	1	0	1	0	0	0	0
AF	0	0.751093	1	1	0	0	0	0	0
AF	0	0.753592	1	1	0	0	0	0	0
AF	0	0.753904	1	0	1	0	0	0	0
AF	0	0.754216	1	1	0	0	0	0	0
AF	0	0.754528	1	1	0	0	0	0	0
AF	0	0.754841	1	0	1	0	0	0	0
AF	0	0.756715	1	1	0	0	0	0	0
AF	0	0.757651	1	1	0	0	0	0	0
AF	0	0.760462	1	1	0	0	0	0	0
AF	0	0.761087	2	2	0	0	0	0	0
AF	0	0.770456	2	2	0	0	0	0	0
AF	0	0.773267	1	0	1	0	0	0	0
AF	0	0.777014	1	1	0	0	0	0	0
AF	0	0.777327	2	1	1	0	0	0	0
AF	0	0.782636	2	2	0	0	0	0	0
AF	0	0.782948	1	0	1	0	0	0	0
AF	0	0.783260	1	1	0	0	0	0	0
AF	0	0.790756	2	1	1	0	0	0	0
AF	0	0.791380	1	1	0	0	0	0	0
AF	0	0.794503	3	2	1	0	0	0	0
AF	0	0.796065	1	1	0	0	0	0	0
AF	0	0.798563	1	0	1	0	0	0	0
AF	0	0.800125	4	3	1	0	0	0	0
AF	0	0.800437	1	0	1	0	0	0	0
AF	0	0.803248	2	1	1	0	0	0	0
AF	0	0.803873	1	1	0	0	0	0	0
AF	0	0.804809	1	1	0	0	0	0	0
AF	0	0.806683	1	1	0	0	0	0	0
AF	0	0.810743	1	1	0	0	0	0	0
AF	0	0.816989	1	1	0	0	0	0	0
AF	0	0.820112	1	0	1	0	0	0	0
AF	0	0.827920	1	1	0	0	0	0	0
AF	0	0.835103	1	1	0	0	0	0	0
AF	0	0.836977	1	1	0	0	0	0	0
AF	0	0.837601	1	1	0	0	0	0	0
AF	0	0.843223	1	1	0	0	0	0	0
AF	0	0.843535	1	1	0	0	0	0	0
AF	0	0.844160	1	0	1	0	0	0	0
AF	0	0.845409	1	1	0	0	0	0	0
AF	0	0.845721	1	0	1	0	0	0	0
AF	0	0.848220	1	1	0	0	0	0	0
AF	0	0.848844	1	1	0	0	0	0	0
AF	0	0.849157	1	1	0	0	0	0	0
AF	0	0.851031	1	1	0	0	0	0	0
AF	0	0.852280	1	1	0	0	0	0	0
AF	0	0.852904	1	1	0	0	0	0	0
AF	0	0.853841	1	1	0	0	0	0	0
AF	0	0.854466	1	1	0	0	0	0	0
AF	0	0.856964	1	1	0	0	0	0	0
AF	0	0.865397	1	1	0	0	0	0	0
AF	0	0.865709	1	1	0	0	0	0	0
AF	0	0.866334	1	1	0	0	0	0	0
AF	0	0.870706	1	1	0	0	0	0	0
AF	0	0.874766	1	0	1	0	0	0	0
AF	0	0.882573	2	2	0	0	0	0	0
AF	0	0.883823	1	1	0	0	0	0	0
AF	0	0.885696	1	0	1	0	0	0	0
AF	0	0.887570	1	1	0	0	0	0	0
AF	0	0.888507	1	0	1	0	0	0	0
AF	0	0.889132	1	1	0	0	0	0	0
AF	0	0.889444	1	1	0	0	0	0	0
AF	0	0.889756	1	1	0	0	0	0	0
AF	0	0.891006	1	0	1	0	0	0	0
AF	0	0.893504	1	0	1	0	0	0	0
AF	0	0.894441	1	1	0	0	0	0	0
AF	0	0.895066	1	0	1	0	0	0	0
AF	0	0.897252	1	1	0	0	0	0	0
AF	0	0.901312	1	1	0	0	0	0	0
AF	0	0.901624	5	3	2	0	0	0	0
AF	0	0.901936	1	1	0	0	0	0	0
AF	0	0.902873	1	1	0	0	0	0	0
AF	0	0.904122	1	1	0	0	0	0	0
AF	0	0.907245	10	6	4	0	0	0	0
AF	0	0.909744	1	1	0	0	0	0	0
AF	0	0.910993	1	1	0	0	0	0	0
AF	0	0.911618	2	1	1	0	0	0	0
AF	0	0.912242	1	0	1	0	0	0	0
AF	0	0.912555	2	2	0	0	0	0	0
AF	0	0.914428	2	2	0	0	0	0	0
AF	0	0.915053	1	1	0	0	0	0	0
AF	0	0.915365	1	1	0	0	0	0	0
AF	0	0.915678	2	1	1	0	0	0	0
AF	0	0.916302	5	4	1	0	0	0	0
AF	0	0.916615	2	0	2	0	0	0	0
AF	0	0.917552	1	1	0	0	0	0	0
AF	0	0.917864	3	1	2	0	0	0	0
AF	0	0.918176	2	2	0	0	0	0	0
AF	0	0.918488	2	2	0	0	0	0	0
AF	0	0.920362	1	0	1	0	0	0	0
AF	0	0.920987	2	0	2	0	0	0	0
AF	0	0.921924	1	1	0	0	0	0	0
AF	0	0.922236	2	2	0	0	0	0	0
AF	0	0.922548	2	0	2	0	0	0	0
AF	0	0.922861	1	1	0	0	0	0	0
AF	0	0.923173	1	0	1	0	0	0	0
AF	0	0.923485	2	1	1	0	0	0	0
AF	0	0.924422	5	4	1	0	0	0	0
AF	0	0.926608	1	0	1	0	0	0	0
AF	0	0.926921	1	0	1	0	0	0	0
AF	0	0.927233	2	1	1	0	0	0	0
AF	0	0.929107	1	0	1	0	0	0	0
AF	0	0.929419	1	0	1	0	0	0	0
AF	0	0.929731	3	2	1	0	0	0	0
AF	0	0.930044	1	0	1	0	0	0	0
AF	0	0.930356	2	2	0	0	0	0	0
AF	0	0.931293	1	1	0	0	0	0	0
AF	0	0.934416	1	0	1	0	0	0	0
AF	0	0.937539	1	0	1	0	0	0	0
AF	0	0.939413	1	1	0	0	0	0	0
AF	0	0.940974	1	1	0	0	0	0	0
AF	0	0.941287	1	0	1	0	0	0	0
AF	0	0.941911	1	0	1	0	0	0	0
AF	0	0.943473	1	0	1	0	0	0	0
AF	0	0.944722	2	1	1	0	0	0	0
AF	0	0.947533	2	2	0	0	0	0	0
AF	0	0.947845	1	0	1	0	0	0	0
AF	0	0.949719	2	2	0	0	0	0	0
AF	0	0.950344	2	1	1	0	0	0	0
AF	0	0.951593	1	1	0	0	0	0	0
AF	0	0.952217	1	1	0	0	0	0	0
AF	0	0.954716	5	2	3	0	0	0	0
AF	0	0.955340	1	1	0	0	0	0	0
AF	0	0.955653	2	1	1	0	0	0	0
AF	0	0.955965	4	3	1	0	0	0	0
AF	0	0.957839	2	1	1	0	0	0	0
AF	0	0.960337	1	1	0	0	0	0	0
AF	0	0.960962	1	1	0	0	0	0	0
AF	0	0.961899	2	2	0	0	0	0	0
AF	0	0.962211	3	2	1	0	0	0	0
AF	0	0.962836	1	0	1	0	0	0	0
AF	0	0.964085	1	0	1	0	0	0	0
AF	0	0.964397	1	0	1	0	0	0	0
AF	0	0.965022	1	1	0	0	0	0	0
AF	0	0.968457	3	2	1	0	0	0	0
AF	0	0.969082	1	0	1	0	0	0	0
AF	0	0.970019	1	1	0	0	0	0	0
AF	0	0.970331	3	3	0	0	0	0	0
AF	0	0.970643	5	4	1	0	0	0	0
AF	0	0.970956	7	4	3	0	0	0	0
AF	0	0.971268	2	1	1	0	0	0	0
AF	0	0.971580	8	5	3	0	0	0	0
AF	0	0.971893	3	2	1	0	0	0	0
AF	0	0.972205	1	1	0	0	0	0	0
AF	0	0.972829	1	1	0	0	0	0	0
AF	0	0.973454	2	2	0	0	0	0	0
AF	0	0.975953	1	1	0	0	0	0	0
AF	0	0.976577	2	2	0	0	0	0	0
AF	0	0.977202	1	0	1	0	0	0	0
AF	0	0.977514	1	1	0	0	0	0	0
AF	0	0.977826	2	2	0	0	0	0	0
AF	0	0.978139	1	1	0	0	0	0	0
AF	0	0.978763	1	0	1	0	0	0	0
AF	0	0.979076	4	3	1	0	0	0	0
AF	0	0.979700	3	3	0	0	0	0	0
AF	0	0.980325	1	1	0	0	0	0	0
AF	0	0.980637	2	2	0	0	0	0	0
AF	0	0.980949	4	4	0	0	0	0	0
AF	0	0.981574	5	4	1	0	0	0	0
AF	0	0.982199	4	2	2	0	0	0	0
AF	0	0.982511	14	10	4	0	0	0	0
AF	0	0.982823	3	1	2	0	0	0	0
AF	0	0.983136	1	1	0	0	0	0	0
AF	0	0.983760	3	1	2	0	0	0	0
AF	0	0.984072	5	5	0	0	0	0	0
AF	0	0.984385	4	3	1	0	0	0	0
AF	0	0.984697	1	1	0	0	0	0	0
AF	0	0.986571	2	1	1	0	0	0	0
AF	0	0.987196	11	9	2	0	0	0	0
AF	0	0.987820	6	6	0	0	0	0	0
AF	0	0.988445	1	1	0	0	0	0	0
AF	0	0.989694	2	2	0	0	0	0	0
AF	0	0.990319	1	0	1	0	0	0	0
AF	0	0.990943	1	1	0	0	0	0	0
AF	0	0.992192	4	3	1	0	0	0	0
AF	0	0.993129	1	0	1	0	0	0	0
AF	0	0.993442	1	0	1	0	0	0	0
AF	0	0.994066	10	6	4	0	0	0	0
AF	0	0.994379	12	9	3	0	0	0	0
AF	0	0.994691	3	3	0	0	0	0	0
AF	0	0.995315	4	3	1	0	0	0	0
AF	0	0.995628	1	1	0	0	0	0	0
AF	0	0.995940	1	0	1	0	0	0	0
AF	0	0.996877	1	1	0	0	0	0	0
AF	0	0.997189	3	3	0	0	0	0	0
AF	0	0.997502	2	1	1	0	0	0	0
AF	0	0.997814	2	2	0	0	0	0	0
AF	0	0.998438	3	2	1	0	0	0	0
AF	0	0.999063	2	1	1	0	0	0	0
# QUAL, Stats by quality
# QUAL	[2]id	[3]Quality	[4]number of SNPs	[5]number of transitions (1st ALT)	[6]number of transversions (1st ALT)	[7]number of indels
QUAL	0	.	15054	10391	4663	0
# IDD, InDel distribution:
# IDD	[2]id	[3]length (deletions negative)	[4]number of sites	[5]number of genotypes	[6]mean VAF
# ST, Substitution types:
# ST	[2]id	[3]type	[4]count
ST	0	A>C	520
ST	0	A>G	1938
ST	0	A>T	528
ST	0	C>A	722
ST	0	C>G	599
ST	0	C>T	3062
ST	0	G>A	3148
ST	0	G>C	611
ST	0	G>T	620
ST	0	T>A	555
ST	0	T>C	2243
ST	0	T>G	508
# DP, Depth distribution
# DP	[2]id	[3]bin	[4]number of genotypes	[5]fraction of genotypes (%)	[6]number of sites	[7]fraction of sites (%)
  - Fix haploid genotypes in males...

Submit MakeDiploidMalesX finished successfully. Let's have a beer, buddy!

