Submit MakeDiploidMalesX
version 1.1.6 (2024-09-30)

These are the settings:
  Input file................: /hpc/local/Rocky8/dhl_ec/software/MonopogenLite/resources/1kGP_high_coverage_Illumina.SNVonly_poly.filtered_AF_5e-04.norm.fixvariantid.chrX.vcf.gz
  Output file...............: /hpc/local/Rocky8/dhl_ec/software/MonopogenLite/resources/1kGP_high_coverage_Illumina.SNVonly_poly.filtered_AF_5e-04.norm.fixvariantid.makediploid.chrX.vcf.gz
  Chunk size................: 100

  SLURM CPUs................: 4
  SLURM Array ID............: 80 (of 100)
  SLURM memory..............: 16G
  SLURM time................: 01:00:00
  SLURM mail type...........: FAIL
  SLURM mail user...........: s.w.vanderlaan-2@umcutrecht.nl

  Dry run mode..............: 0
  Debug mode................: 1
  Verbosity.................: 0
  Version...................: 1.1.6 (2024-09-30)

Making converting haploid genotypes to diploid genotypes.
> Extract the region for this SLURM task (# 80) from the BED file.
  - Get the chunk number from the SLURM array task ID and the bed file...
DEBUG: Extracting chunk number: 80p from 80
DEBUG: Extracting region from BED file: /hpc/local/Rocky8/dhl_ec/software/MonopogenLite/resources/chrX_100pieces.bed
  - Extract the region from the BED file...
DEBUG: Extracted raw region: 'chrX	123272233	124832640' (chunk #: 80p of 100 for job 80)
  - Check if a valid region was extracted -- should be 'chrX	123272233	124832640'...
  - Prepare the region for bcftools...
  - Check if the region (chrX:123272233-124832640) was successfully extracted...
> Processing region 'chrX:123272233-124832640'...
  - Process the specific region (chunk# 80) using bcftools view...
  - Index the VCF file...
DEBUG: Check if the VCF file was successfully processed...
##fileformat=VCFv4.2
##FILTER=<ID=PASS,Description="All filters passed">
##fileDate=29/01/2022 - 14:31:41
##source=shapeit4.2.2
##contig=<ID=chr1,length=248956422>
##contig=<ID=chr2,length=242193529>
##contig=<ID=chr3,length=198295559>
##contig=<ID=chr4,length=190214555>
##contig=<ID=chr5,length=181538259>
##contig=<ID=chr6,length=170805979>
# This file was produced by bcftools stats (1.20+htslib-1.20) and can be plotted using plot-vcfstats.
# The command line was:	bcftools stats  /hpc/local/Rocky8/dhl_ec/software/MonopogenLite/resources/chrX.part80.vcf.gz
#
# Definition of sets:
# ID	[2]id	[3]tab-separated file names
ID	0	/hpc/local/Rocky8/dhl_ec/software/MonopogenLite/resources/chrX.part80.vcf.gz
# SN, Summary numbers:
#   number of records   .. number of data rows in the VCF
#   number of no-ALTs   .. reference-only sites, ALT is either "." or identical to REF
#   number of SNPs      .. number of rows with a SNP
#   number of MNPs      .. number of rows with a MNP, such as CC>TT
#   number of indels    .. number of rows with an indel
#   number of others    .. number of rows with other type, for example a symbolic allele or
#                          a complex substitution, such as ACT>TCGA
#   number of multiallelic sites     .. number of rows with multiple alternate alleles
#   number of multiallelic SNP sites .. number of rows with multiple alternate alleles, all SNPs
# 
#   Note that rows containing multiple types will be counted multiple times, in each
#   counter. For example, a row with a SNP and an indel increments both the SNP and
#   the indel counter.
# 
# SN	[2]id	[3]key	[4]value
SN	0	number of samples:	3202
SN	0	number of records:	15145
SN	0	number of no-ALTs:	0
SN	0	number of SNPs:	15145
SN	0	number of MNPs:	0
SN	0	number of indels:	0
SN	0	number of others:	0
SN	0	number of multiallelic sites:	0
SN	0	number of multiallelic SNP sites:	0
# TSTV, transitions/transversions:
# TSTV	[2]id	[3]ts	[4]tv	[5]ts/tv	[6]ts (1st ALT)	[7]tv (1st ALT)	[8]ts/tv (1st ALT)
TSTV	0	10453	4692	2.23	10453	4692	2.23
# SiS, Singleton stats:
# SiS	[2]id	[3]allele count	[4]number of SNPs	[5]number of transitions	[6]number of transversions	[7]number of indels	[8]repeat-consistent	[9]repeat-inconsistent	[10]not applicable
SiS	0	1	0	0	0	0	0	0	0
# AF, Stats by non-reference allele frequency:
# AF	[2]id	[3]allele frequency	[4]number of SNPs	[5]number of transitions	[6]number of transversions	[7]number of indels	[8]repeat-consistent	[9]repeat-inconsistent	[10]not applicable
AF	0	0.000312	2419	1688	731	0	0	0	0
AF	0	0.000625	1389	957	432	0	0	0	0
AF	0	0.000937	1607	1092	515	0	0	0	0
AF	0	0.001249	545	381	164	0	0	0	0
AF	0	0.001562	866	616	250	0	0	0	0
AF	0	0.001874	317	235	82	0	0	0	0
AF	0	0.002186	475	336	139	0	0	0	0
AF	0	0.002498	265	186	79	0	0	0	0
AF	0	0.002811	389	251	138	0	0	0	0
AF	0	0.003123	169	109	60	0	0	0	0
AF	0	0.003435	352	254	98	0	0	0	0
AF	0	0.003748	127	97	30	0	0	0	0
AF	0	0.004060	296	204	92	0	0	0	0
AF	0	0.004372	107	75	32	0	0	0	0
AF	0	0.004685	218	153	65	0	0	0	0
AF	0	0.004997	71	43	28	0	0	0	0
AF	0	0.005309	190	129	61	0	0	0	0
AF	0	0.005621	81	64	17	0	0	0	0
AF	0	0.005934	143	101	42	0	0	0	0
AF	0	0.006246	84	54	30	0	0	0	0
AF	0	0.006558	146	90	56	0	0	0	0
AF	0	0.006871	52	39	13	0	0	0	0
AF	0	0.007183	110	85	25	0	0	0	0
AF	0	0.007495	70	46	24	0	0	0	0
AF	0	0.007808	102	75	27	0	0	0	0
AF	0	0.008120	61	45	16	0	0	0	0
AF	0	0.008432	71	52	19	0	0	0	0
AF	0	0.008745	29	16	13	0	0	0	0
AF	0	0.009057	99	66	33	0	0	0	0
AF	0	0.009369	49	32	17	0	0	0	0
AF	0	0.009681	117	82	35	0	0	0	0
AF	0	0.009994	35	25	10	0	0	0	0
AF	0	0.010306	90	64	26	0	0	0	0
AF	0	0.010618	29	16	13	0	0	0	0
AF	0	0.010931	76	52	24	0	0	0	0
AF	0	0.011243	39	26	13	0	0	0	0
AF	0	0.011555	71	40	31	0	0	0	0
AF	0	0.011868	45	32	13	0	0	0	0
AF	0	0.012180	41	34	7	0	0	0	0
AF	0	0.012492	40	30	10	0	0	0	0
AF	0	0.012804	60	41	19	0	0	0	0
AF	0	0.013117	19	10	9	0	0	0	0
AF	0	0.013429	34	23	11	0	0	0	0
AF	0	0.013741	25	21	4	0	0	0	0
AF	0	0.014054	77	51	26	0	0	0	0
AF	0	0.014366	22	15	7	0	0	0	0
AF	0	0.014678	44	29	15	0	0	0	0
AF	0	0.014991	11	7	4	0	0	0	0
AF	0	0.015303	30	19	11	0	0	0	0
AF	0	0.015615	24	18	6	0	0	0	0
AF	0	0.015928	24	17	7	0	0	0	0
AF	0	0.016240	17	12	5	0	0	0	0
AF	0	0.016552	52	41	11	0	0	0	0
AF	0	0.016864	16	8	8	0	0	0	0
AF	0	0.017177	42	24	18	0	0	0	0
AF	0	0.017489	10	7	3	0	0	0	0
AF	0	0.017801	20	13	7	0	0	0	0
AF	0	0.018114	15	10	5	0	0	0	0
AF	0	0.018426	22	16	6	0	0	0	0
AF	0	0.018738	14	11	3	0	0	0	0
AF	0	0.019051	33	20	13	0	0	0	0
AF	0	0.019363	16	11	5	0	0	0	0
AF	0	0.019675	15	11	4	0	0	0	0
AF	0	0.019988	14	9	5	0	0	0	0
AF	0	0.020300	36	27	9	0	0	0	0
AF	0	0.020612	24	17	7	0	0	0	0
AF	0	0.020924	22	15	7	0	0	0	0
AF	0	0.021237	12	9	3	0	0	0	0
AF	0	0.021549	19	15	4	0	0	0	0
AF	0	0.021861	7	2	5	0	0	0	0
AF	0	0.022174	15	14	1	0	0	0	0
AF	0	0.022486	9	5	4	0	0	0	0
AF	0	0.022798	21	15	6	0	0	0	0
AF	0	0.023111	16	11	5	0	0	0	0
AF	0	0.023423	20	11	9	0	0	0	0
AF	0	0.023735	14	11	3	0	0	0	0
AF	0	0.024047	17	14	3	0	0	0	0
AF	0	0.024360	6	5	1	0	0	0	0
AF	0	0.024672	24	18	6	0	0	0	0
AF	0	0.024984	10	8	2	0	0	0	0
AF	0	0.025297	23	19	4	0	0	0	0
AF	0	0.025609	13	12	1	0	0	0	0
AF	0	0.025921	24	12	12	0	0	0	0
AF	0	0.026234	3	3	0	0	0	0	0
AF	0	0.026546	12	6	6	0	0	0	0
AF	0	0.026858	7	7	0	0	0	0	0
AF	0	0.027171	24	15	9	0	0	0	0
AF	0	0.027483	3	0	3	0	0	0	0
AF	0	0.027795	13	6	7	0	0	0	0
AF	0	0.028107	7	4	3	0	0	0	0
AF	0	0.028420	6	4	2	0	0	0	0
AF	0	0.028732	6	5	1	0	0	0	0
AF	0	0.029044	20	13	7	0	0	0	0
AF	0	0.029357	10	7	3	0	0	0	0
AF	0	0.029669	19	11	8	0	0	0	0
AF	0	0.029981	13	10	3	0	0	0	0
AF	0	0.030294	10	8	2	0	0	0	0
AF	0	0.030606	2	2	0	0	0	0	0
AF	0	0.030918	22	11	11	0	0	0	0
AF	0	0.031230	5	4	1	0	0	0	0
AF	0	0.031543	7	4	3	0	0	0	0
AF	0	0.031855	2	2	0	0	0	0	0
AF	0	0.032167	14	11	3	0	0	0	0
AF	0	0.032480	6	5	1	0	0	0	0
AF	0	0.032792	11	7	4	0	0	0	0
AF	0	0.033104	8	5	3	0	0	0	0
AF	0	0.033417	11	7	4	0	0	0	0
AF	0	0.033729	9	6	3	0	0	0	0
AF	0	0.034041	12	9	3	0	0	0	0
AF	0	0.034354	4	3	1	0	0	0	0
AF	0	0.034666	12	8	4	0	0	0	0
AF	0	0.034978	8	5	3	0	0	0	0
AF	0	0.035290	6	5	1	0	0	0	0
AF	0	0.035603	5	5	0	0	0	0	0
AF	0	0.035915	9	5	4	0	0	0	0
AF	0	0.036227	4	4	0	0	0	0	0
AF	0	0.036540	5	4	1	0	0	0	0
AF	0	0.036852	6	3	3	0	0	0	0
AF	0	0.037164	7	6	1	0	0	0	0
AF	0	0.037477	4	3	1	0	0	0	0
AF	0	0.037789	6	5	1	0	0	0	0
AF	0	0.038101	4	3	1	0	0	0	0
AF	0	0.038413	9	4	5	0	0	0	0
AF	0	0.038726	3	3	0	0	0	0	0
AF	0	0.039038	6	2	4	0	0	0	0
AF	0	0.039350	7	6	1	0	0	0	0
AF	0	0.039663	9	8	1	0	0	0	0
AF	0	0.039975	10	7	3	0	0	0	0
AF	0	0.040287	12	9	3	0	0	0	0
AF	0	0.040600	3	3	0	0	0	0	0
AF	0	0.040912	8	6	2	0	0	0	0
AF	0	0.041224	2	0	2	0	0	0	0
AF	0	0.041537	5	2	3	0	0	0	0
AF	0	0.041849	7	4	3	0	0	0	0
AF	0	0.042161	4	2	2	0	0	0	0
AF	0	0.042473	3	3	0	0	0	0	0
AF	0	0.042786	5	4	1	0	0	0	0
AF	0	0.043098	4	2	2	0	0	0	0
AF	0	0.043410	4	3	1	0	0	0	0
AF	0	0.043723	8	4	4	0	0	0	0
AF	0	0.044035	3	1	2	0	0	0	0
AF	0	0.044347	3	3	0	0	0	0	0
AF	0	0.044660	7	3	4	0	0	0	0
AF	0	0.044972	4	3	1	0	0	0	0
AF	0	0.045284	7	4	3	0	0	0	0
AF	0	0.045597	4	2	2	0	0	0	0
AF	0	0.045909	8	6	2	0	0	0	0
AF	0	0.046221	4	3	1	0	0	0	0
AF	0	0.046533	4	2	2	0	0	0	0
AF	0	0.046846	9	6	3	0	0	0	0
AF	0	0.047158	9	4	5	0	0	0	0
AF	0	0.047470	3	3	0	0	0	0	0
AF	0	0.047783	4	4	0	0	0	0	0
AF	0	0.048095	1	0	1	0	0	0	0
AF	0	0.048407	2	0	2	0	0	0	0
AF	0	0.048720	1	0	1	0	0	0	0
AF	0	0.049032	3	3	0	0	0	0	0
AF	0	0.049344	1	0	1	0	0	0	0
AF	0	0.049656	4	4	0	0	0	0	0
AF	0	0.049969	3	1	2	0	0	0	0
AF	0	0.050281	5	2	3	0	0	0	0
AF	0	0.050593	1	0	1	0	0	0	0
AF	0	0.050906	1	1	0	0	0	0	0
AF	0	0.051530	3	3	0	0	0	0	0
AF	0	0.051843	2	1	1	0	0	0	0
AF	0	0.052155	2	1	1	0	0	0	0
AF	0	0.052467	3	3	0	0	0	0	0
AF	0	0.052780	2	2	0	0	0	0	0
AF	0	0.053092	2	1	1	0	0	0	0
AF	0	0.053404	1	1	0	0	0	0	0
AF	0	0.054029	2	1	1	0	0	0	0
AF	0	0.054653	7	3	4	0	0	0	0
AF	0	0.054966	1	1	0	0	0	0	0
AF	0	0.055278	2	2	0	0	0	0	0
AF	0	0.055590	2	0	2	0	0	0	0
AF	0	0.055903	1	1	0	0	0	0	0
AF	0	0.056215	2	2	0	0	0	0	0
AF	0	0.056527	2	2	0	0	0	0	0
AF	0	0.056839	3	2	1	0	0	0	0
AF	0	0.057152	4	2	2	0	0	0	0
AF	0	0.057464	1	0	1	0	0	0	0
AF	0	0.057776	4	2	2	0	0	0	0
AF	0	0.058089	1	1	0	0	0	0	0
AF	0	0.058401	5	3	2	0	0	0	0
AF	0	0.058713	1	0	1	0	0	0	0
AF	0	0.059026	4	2	2	0	0	0	0
AF	0	0.059338	3	3	0	0	0	0	0
AF	0	0.059650	3	1	2	0	0	0	0
AF	0	0.059963	3	2	1	0	0	0	0
AF	0	0.060275	3	2	1	0	0	0	0
AF	0	0.060587	3	3	0	0	0	0	0
AF	0	0.060899	5	3	2	0	0	0	0
AF	0	0.061212	3	2	1	0	0	0	0
AF	0	0.061836	3	2	1	0	0	0	0
AF	0	0.062149	3	3	0	0	0	0	0
AF	0	0.062461	4	3	1	0	0	0	0
AF	0	0.062773	2	2	0	0	0	0	0
AF	0	0.063086	1	0	1	0	0	0	0
AF	0	0.063398	1	1	0	0	0	0	0
AF	0	0.063710	1	0	1	0	0	0	0
AF	0	0.064022	3	3	0	0	0	0	0
AF	0	0.064335	1	1	0	0	0	0	0
AF	0	0.064647	4	4	0	0	0	0	0
AF	0	0.065272	1	1	0	0	0	0	0
AF	0	0.065584	4	2	2	0	0	0	0
AF	0	0.066209	1	1	0	0	0	0	0
AF	0	0.066521	1	1	0	0	0	0	0
AF	0	0.067146	1	1	0	0	0	0	0
AF	0	0.067458	1	1	0	0	0	0	0
AF	0	0.067770	2	2	0	0	0	0	0
AF	0	0.068082	3	3	0	0	0	0	0
AF	0	0.068395	1	1	0	0	0	0	0
AF	0	0.068707	1	0	1	0	0	0	0
AF	0	0.069019	8	4	4	0	0	0	0
AF	0	0.069332	4	1	3	0	0	0	0
AF	0	0.069644	4	2	2	0	0	0	0
AF	0	0.069956	2	1	1	0	0	0	0
AF	0	0.070269	6	4	2	0	0	0	0
AF	0	0.070581	2	2	0	0	0	0	0
AF	0	0.070893	2	2	0	0	0	0	0
AF	0	0.071518	4	3	1	0	0	0	0
AF	0	0.072455	1	1	0	0	0	0	0
AF	0	0.072767	3	1	2	0	0	0	0
AF	0	0.073079	1	1	0	0	0	0	0
AF	0	0.073392	1	1	0	0	0	0	0
AF	0	0.073704	2	1	1	0	0	0	0
AF	0	0.074016	2	2	0	0	0	0	0
AF	0	0.074329	2	1	1	0	0	0	0
AF	0	0.074641	1	1	0	0	0	0	0
AF	0	0.074953	1	1	0	0	0	0	0
AF	0	0.075265	1	1	0	0	0	0	0
AF	0	0.076515	3	3	0	0	0	0	0
AF	0	0.076827	1	1	0	0	0	0	0
AF	0	0.077139	1	1	0	0	0	0	0
AF	0	0.077452	1	0	1	0	0	0	0
AF	0	0.077764	2	2	0	0	0	0	0
AF	0	0.078076	1	1	0	0	0	0	0
AF	0	0.078389	3	3	0	0	0	0	0
AF	0	0.078701	3	3	0	0	0	0	0
AF	0	0.079013	3	1	2	0	0	0	0
AF	0	0.079325	1	1	0	0	0	0	0
AF	0	0.079638	7	4	3	0	0	0	0
AF	0	0.079950	1	1	0	0	0	0	0
AF	0	0.080262	3	3	0	0	0	0	0
AF	0	0.080575	1	1	0	0	0	0	0
AF	0	0.081199	3	2	1	0	0	0	0
AF	0	0.081512	2	0	2	0	0	0	0
AF	0	0.082448	2	0	2	0	0	0	0
AF	0	0.082761	5	3	2	0	0	0	0
AF	0	0.083385	1	0	1	0	0	0	0
AF	0	0.084010	2	2	0	0	0	0	0
AF	0	0.084322	4	3	1	0	0	0	0
AF	0	0.084635	3	2	1	0	0	0	0
AF	0	0.085259	1	0	1	0	0	0	0
AF	0	0.085884	5	3	2	0	0	0	0
AF	0	0.086196	4	1	3	0	0	0	0
AF	0	0.086508	2	1	1	0	0	0	0
AF	0	0.086821	3	3	0	0	0	0	0
AF	0	0.087133	6	5	1	0	0	0	0
AF	0	0.087445	3	2	1	0	0	0	0
AF	0	0.087758	3	1	2	0	0	0	0
AF	0	0.088070	2	0	2	0	0	0	0
AF	0	0.088382	2	2	0	0	0	0	0
AF	0	0.089007	1	1	0	0	0	0	0
AF	0	0.089631	5	3	2	0	0	0	0
AF	0	0.090256	1	1	0	0	0	0	0
AF	0	0.090568	1	0	1	0	0	0	0
AF	0	0.090881	3	2	1	0	0	0	0
AF	0	0.091193	1	0	1	0	0	0	0
AF	0	0.091505	3	2	1	0	0	0	0
AF	0	0.091818	1	0	1	0	0	0	0
AF	0	0.092130	3	3	0	0	0	0	0
AF	0	0.092442	1	1	0	0	0	0	0
AF	0	0.092755	4	3	1	0	0	0	0
AF	0	0.093067	1	0	1	0	0	0	0
AF	0	0.093691	1	1	0	0	0	0	0
AF	0	0.094004	3	1	2	0	0	0	0
AF	0	0.094316	1	1	0	0	0	0	0
AF	0	0.094628	3	3	0	0	0	0	0
AF	0	0.095253	1	1	0	0	0	0	0
AF	0	0.095878	4	4	0	0	0	0	0
AF	0	0.096190	1	1	0	0	0	0	0
AF	0	0.096502	4	2	2	0	0	0	0
AF	0	0.096814	5	4	1	0	0	0	0
AF	0	0.097127	1	1	0	0	0	0	0
AF	0	0.097439	1	0	1	0	0	0	0
AF	0	0.097751	3	1	2	0	0	0	0
AF	0	0.098064	1	0	1	0	0	0	0
AF	0	0.098376	4	2	2	0	0	0	0
AF	0	0.099001	1	0	1	0	0	0	0
AF	0	0.099625	3	3	0	0	0	0	0
AF	0	0.099938	2	2	0	0	0	0	0
AF	0	0.100250	6	5	1	0	0	0	0
AF	0	0.100874	5	2	3	0	0	0	0
AF	0	0.101499	2	1	1	0	0	0	0
AF	0	0.101811	1	1	0	0	0	0	0
AF	0	0.102124	3	3	0	0	0	0	0
AF	0	0.102436	1	1	0	0	0	0	0
AF	0	0.102748	2	2	0	0	0	0	0
AF	0	0.103373	1	1	0	0	0	0	0
AF	0	0.103998	2	0	2	0	0	0	0
AF	0	0.104310	1	1	0	0	0	0	0
AF	0	0.104622	2	2	0	0	0	0	0
AF	0	0.105247	1	1	0	0	0	0	0
AF	0	0.105871	1	0	1	0	0	0	0
AF	0	0.106496	1	1	0	0	0	0	0
AF	0	0.107121	1	0	1	0	0	0	0
AF	0	0.107433	2	2	0	0	0	0	0
AF	0	0.107745	3	0	3	0	0	0	0
AF	0	0.108057	4	3	1	0	0	0	0
AF	0	0.108370	1	1	0	0	0	0	0
AF	0	0.108682	2	1	1	0	0	0	0
AF	0	0.108994	1	1	0	0	0	0	0
AF	0	0.109619	3	2	1	0	0	0	0
AF	0	0.110244	1	1	0	0	0	0	0
AF	0	0.110556	1	1	0	0	0	0	0
AF	0	0.110868	1	0	1	0	0	0	0
AF	0	0.111493	2	2	0	0	0	0	0
AF	0	0.111805	1	1	0	0	0	0	0
AF	0	0.112430	3	2	1	0	0	0	0
AF	0	0.113054	5	4	1	0	0	0	0
AF	0	0.113679	2	2	0	0	0	0	0
AF	0	0.114304	2	2	0	0	0	0	0
AF	0	0.114616	3	1	2	0	0	0	0
AF	0	0.114928	1	0	1	0	0	0	0
AF	0	0.115240	1	1	0	0	0	0	0
AF	0	0.115553	1	0	1	0	0	0	0
AF	0	0.116177	1	0	1	0	0	0	0
AF	0	0.116490	1	0	1	0	0	0	0
AF	0	0.116802	2	0	2	0	0	0	0
AF	0	0.117114	1	1	0	0	0	0	0
AF	0	0.117427	3	3	0	0	0	0	0
AF	0	0.117739	2	1	1	0	0	0	0
AF	0	0.118051	4	3	1	0	0	0	0
AF	0	0.118676	2	2	0	0	0	0	0
AF	0	0.118988	2	2	0	0	0	0	0
AF	0	0.119300	3	2	1	0	0	0	0
AF	0	0.119613	1	1	0	0	0	0	0
AF	0	0.119925	2	2	0	0	0	0	0
AF	0	0.120550	2	2	0	0	0	0	0
AF	0	0.121174	1	1	0	0	0	0	0
AF	0	0.121799	2	2	0	0	0	0	0
AF	0	0.122736	2	2	0	0	0	0	0
AF	0	0.123048	1	0	1	0	0	0	0
AF	0	0.123360	1	1	0	0	0	0	0
AF	0	0.123673	4	3	1	0	0	0	0
AF	0	0.124297	4	3	1	0	0	0	0
AF	0	0.124922	2	2	0	0	0	0	0
AF	0	0.125234	1	1	0	0	0	0	0
AF	0	0.125547	2	0	2	0	0	0	0
AF	0	0.126171	1	1	0	0	0	0	0
AF	0	0.126483	2	1	1	0	0	0	0
AF	0	0.126796	4	3	1	0	0	0	0
AF	0	0.127420	2	1	1	0	0	0	0
AF	0	0.127733	1	1	0	0	0	0	0
AF	0	0.128045	1	1	0	0	0	0	0
AF	0	0.128982	1	1	0	0	0	0	0
AF	0	0.129294	2	2	0	0	0	0	0
AF	0	0.129606	1	1	0	0	0	0	0
AF	0	0.129919	2	1	1	0	0	0	0
AF	0	0.130543	1	0	1	0	0	0	0
AF	0	0.131168	1	1	0	0	0	0	0
AF	0	0.131480	2	2	0	0	0	0	0
AF	0	0.131793	5	4	1	0	0	0	0
AF	0	0.132417	2	1	1	0	0	0	0
AF	0	0.132730	1	0	1	0	0	0	0
AF	0	0.133354	1	1	0	0	0	0	0
AF	0	0.133666	1	0	1	0	0	0	0
AF	0	0.133979	1	0	1	0	0	0	0
AF	0	0.134291	6	4	2	0	0	0	0
AF	0	0.134916	3	3	0	0	0	0	0
AF	0	0.135540	3	3	0	0	0	0	0
AF	0	0.135853	1	1	0	0	0	0	0
AF	0	0.136165	1	0	1	0	0	0	0
AF	0	0.136477	1	1	0	0	0	0	0
AF	0	0.136790	3	1	2	0	0	0	0
AF	0	0.137102	1	1	0	0	0	0	0
AF	0	0.137726	2	1	1	0	0	0	0
AF	0	0.138039	1	1	0	0	0	0	0
AF	0	0.138351	1	0	1	0	0	0	0
AF	0	0.138663	3	2	1	0	0	0	0
AF	0	0.139600	1	1	0	0	0	0	0
AF	0	0.139913	2	1	1	0	0	0	0
AF	0	0.141786	2	1	1	0	0	0	0
AF	0	0.142099	1	1	0	0	0	0	0
AF	0	0.143660	1	1	0	0	0	0	0
AF	0	0.143973	2	2	0	0	0	0	0
AF	0	0.144285	1	1	0	0	0	0	0
AF	0	0.144597	1	1	0	0	0	0	0
AF	0	0.144909	2	2	0	0	0	0	0
AF	0	0.145222	2	0	2	0	0	0	0
AF	0	0.145534	3	2	1	0	0	0	0
AF	0	0.145846	1	1	0	0	0	0	0
AF	0	0.146159	4	2	2	0	0	0	0
AF	0	0.146471	1	1	0	0	0	0	0
AF	0	0.146783	1	1	0	0	0	0	0
AF	0	0.147096	1	1	0	0	0	0	0
AF	0	0.147408	1	1	0	0	0	0	0
AF	0	0.147720	2	2	0	0	0	0	0
AF	0	0.148032	2	2	0	0	0	0	0
AF	0	0.148969	1	1	0	0	0	0	0
AF	0	0.149282	2	2	0	0	0	0	0
AF	0	0.149906	1	1	0	0	0	0	0
AF	0	0.150531	1	1	0	0	0	0	0
AF	0	0.151780	3	1	2	0	0	0	0
AF	0	0.152092	1	1	0	0	0	0	0
AF	0	0.152717	1	1	0	0	0	0	0
AF	0	0.153029	1	1	0	0	0	0	0
AF	0	0.153654	1	1	0	0	0	0	0
AF	0	0.153966	3	3	0	0	0	0	0
AF	0	0.154591	1	0	1	0	0	0	0
AF	0	0.154903	2	1	1	0	0	0	0
AF	0	0.155215	1	1	0	0	0	0	0
AF	0	0.155528	1	0	1	0	0	0	0
AF	0	0.156777	1	0	1	0	0	0	0
AF	0	0.158026	1	1	0	0	0	0	0
AF	0	0.158339	1	1	0	0	0	0	0
AF	0	0.158963	2	2	0	0	0	0	0
AF	0	0.159275	8	8	0	0	0	0	0
AF	0	0.159588	1	1	0	0	0	0	0
AF	0	0.159900	2	2	0	0	0	0	0
AF	0	0.160212	2	2	0	0	0	0	0
AF	0	0.160525	2	2	0	0	0	0	0
AF	0	0.160837	2	2	0	0	0	0	0
AF	0	0.161774	1	1	0	0	0	0	0
AF	0	0.162086	1	1	0	0	0	0	0
AF	0	0.163648	2	1	1	0	0	0	0
AF	0	0.164272	3	0	3	0	0	0	0
AF	0	0.164897	1	0	1	0	0	0	0
AF	0	0.165209	3	3	0	0	0	0	0
AF	0	0.165834	1	1	0	0	0	0	0
AF	0	0.166771	1	1	0	0	0	0	0
AF	0	0.167395	1	1	0	0	0	0	0
AF	0	0.168020	3	2	1	0	0	0	0
AF	0	0.168332	1	1	0	0	0	0	0
AF	0	0.168645	3	1	2	0	0	0	0
AF	0	0.170206	1	0	1	0	0	0	0
AF	0	0.170518	3	3	0	0	0	0	0
AF	0	0.171143	6	6	0	0	0	0	0
AF	0	0.171455	1	1	0	0	0	0	0
AF	0	0.171768	2	2	0	0	0	0	0
AF	0	0.172392	2	1	1	0	0	0	0
AF	0	0.173017	3	3	0	0	0	0	0
AF	0	0.173641	2	0	2	0	0	0	0
AF	0	0.174266	3	3	0	0	0	0	0
AF	0	0.174891	2	1	1	0	0	0	0
AF	0	0.175203	2	2	0	0	0	0	0
AF	0	0.175515	2	1	1	0	0	0	0
AF	0	0.175828	1	1	0	0	0	0	0
AF	0	0.176140	1	1	0	0	0	0	0
AF	0	0.176452	2	1	1	0	0	0	0
AF	0	0.176765	1	1	0	0	0	0	0
AF	0	0.177077	1	1	0	0	0	0	0
AF	0	0.177389	4	2	2	0	0	0	0
AF	0	0.178014	1	1	0	0	0	0	0
AF	0	0.178326	2	1	1	0	0	0	0
AF	0	0.178638	3	2	1	0	0	0	0
AF	0	0.178951	1	1	0	0	0	0	0
AF	0	0.179263	2	1	1	0	0	0	0
AF	0	0.179575	2	2	0	0	0	0	0
AF	0	0.179888	5	5	0	0	0	0	0
AF	0	0.180200	7	4	3	0	0	0	0
AF	0	0.180512	4	1	3	0	0	0	0
AF	0	0.180824	1	0	1	0	0	0	0
AF	0	0.181137	1	1	0	0	0	0	0
AF	0	0.182074	1	1	0	0	0	0	0
AF	0	0.182386	2	2	0	0	0	0	0
AF	0	0.183323	1	1	0	0	0	0	0
AF	0	0.183635	1	1	0	0	0	0	0
AF	0	0.185197	3	2	1	0	0	0	0
AF	0	0.185821	1	1	0	0	0	0	0
AF	0	0.186134	2	0	2	0	0	0	0
AF	0	0.186758	4	1	3	0	0	0	0
AF	0	0.187383	2	1	1	0	0	0	0
AF	0	0.187695	2	2	0	0	0	0	0
AF	0	0.188007	3	1	2	0	0	0	0
AF	0	0.188320	1	0	1	0	0	0	0
AF	0	0.188632	1	0	1	0	0	0	0
AF	0	0.188944	2	1	1	0	0	0	0
AF	0	0.189569	3	3	0	0	0	0	0
AF	0	0.189881	2	1	1	0	0	0	0
AF	0	0.190194	2	1	1	0	0	0	0
AF	0	0.191443	2	2	0	0	0	0	0
AF	0	0.191755	3	3	0	0	0	0	0
AF	0	0.192067	1	0	1	0	0	0	0
AF	0	0.192380	6	5	1	0	0	0	0
AF	0	0.192692	2	2	0	0	0	0	0
AF	0	0.193004	8	4	4	0	0	0	0
AF	0	0.193317	1	1	0	0	0	0	0
AF	0	0.193629	4	3	1	0	0	0	0
AF	0	0.194254	5	3	2	0	0	0	0
AF	0	0.194566	1	1	0	0	0	0	0
AF	0	0.195503	2	2	0	0	0	0	0
AF	0	0.196127	1	0	1	0	0	0	0
AF	0	0.196752	4	2	2	0	0	0	0
AF	0	0.197064	2	1	1	0	0	0	0
AF	0	0.197377	4	3	1	0	0	0	0
AF	0	0.197689	2	2	0	0	0	0	0
AF	0	0.198626	1	1	0	0	0	0	0
AF	0	0.199250	4	3	1	0	0	0	0
AF	0	0.199563	2	1	1	0	0	0	0
AF	0	0.199875	3	2	1	0	0	0	0
AF	0	0.200187	1	1	0	0	0	0	0
AF	0	0.200500	7	5	2	0	0	0	0
AF	0	0.200812	3	3	0	0	0	0	0
AF	0	0.201124	2	1	1	0	0	0	0
AF	0	0.201437	2	2	0	0	0	0	0
AF	0	0.201749	1	1	0	0	0	0	0
AF	0	0.202686	1	0	1	0	0	0	0
AF	0	0.202998	1	1	0	0	0	0	0
AF	0	0.206433	3	2	1	0	0	0	0
AF	0	0.206746	2	2	0	0	0	0	0
AF	0	0.207058	1	1	0	0	0	0	0
AF	0	0.207370	1	1	0	0	0	0	0
AF	0	0.207683	1	1	0	0	0	0	0
AF	0	0.207995	1	1	0	0	0	0	0
AF	0	0.208307	1	1	0	0	0	0	0
AF	0	0.208620	1	1	0	0	0	0	0
AF	0	0.208932	2	2	0	0	0	0	0
AF	0	0.209244	2	2	0	0	0	0	0
AF	0	0.209557	2	0	2	0	0	0	0
AF	0	0.210181	1	0	1	0	0	0	0
AF	0	0.210493	3	3	0	0	0	0	0
AF	0	0.210806	2	1	1	0	0	0	0
AF	0	0.211743	1	1	0	0	0	0	0
AF	0	0.212055	1	1	0	0	0	0	0
AF	0	0.212680	1	0	1	0	0	0	0
AF	0	0.213304	2	2	0	0	0	0	0
AF	0	0.214241	1	0	1	0	0	0	0
AF	0	0.215178	1	0	1	0	0	0	0
AF	0	0.215803	1	1	0	0	0	0	0
AF	0	0.216115	3	2	1	0	0	0	0
AF	0	0.217989	6	6	0	0	0	0	0
AF	0	0.219238	2	2	0	0	0	0	0
AF	0	0.219863	3	1	2	0	0	0	0
AF	0	0.220175	1	1	0	0	0	0	0
AF	0	0.220487	1	1	0	0	0	0	0
AF	0	0.220800	1	1	0	0	0	0	0
AF	0	0.221112	2	1	1	0	0	0	0
AF	0	0.222673	1	1	0	0	0	0	0
AF	0	0.223298	1	1	0	0	0	0	0
AF	0	0.223610	1	0	1	0	0	0	0
AF	0	0.223923	2	2	0	0	0	0	0
AF	0	0.224235	4	0	4	0	0	0	0
AF	0	0.224547	5	4	1	0	0	0	0
AF	0	0.224859	1	1	0	0	0	0	0
AF	0	0.225172	1	1	0	0	0	0	0
AF	0	0.225796	1	1	0	0	0	0	0
AF	0	0.226421	3	3	0	0	0	0	0
AF	0	0.226733	2	2	0	0	0	0	0
AF	0	0.227046	1	0	1	0	0	0	0
AF	0	0.227358	2	1	1	0	0	0	0
AF	0	0.227983	1	1	0	0	0	0	0
AF	0	0.228295	2	0	2	0	0	0	0
AF	0	0.228919	2	1	1	0	0	0	0
AF	0	0.231418	3	1	2	0	0	0	0
AF	0	0.231730	1	1	0	0	0	0	0
AF	0	0.232042	1	1	0	0	0	0	0
AF	0	0.232355	2	2	0	0	0	0	0
AF	0	0.233292	1	1	0	0	0	0	0
AF	0	0.234229	1	1	0	0	0	0	0
AF	0	0.234853	3	1	2	0	0	0	0
AF	0	0.235166	1	1	0	0	0	0	0
AF	0	0.235478	1	1	0	0	0	0	0
AF	0	0.235790	1	1	0	0	0	0	0
AF	0	0.236102	1	1	0	0	0	0	0
AF	0	0.236727	1	1	0	0	0	0	0
AF	0	0.237039	2	2	0	0	0	0	0
AF	0	0.237664	2	1	1	0	0	0	0
AF	0	0.238289	1	0	1	0	0	0	0
AF	0	0.238913	3	2	1	0	0	0	0
AF	0	0.239225	2	1	1	0	0	0	0
AF	0	0.239538	1	1	0	0	0	0	0
AF	0	0.240162	1	1	0	0	0	0	0
AF	0	0.240475	1	1	0	0	0	0	0
AF	0	0.240787	1	0	1	0	0	0	0
AF	0	0.241099	2	1	1	0	0	0	0
AF	0	0.241412	1	0	1	0	0	0	0
AF	0	0.242661	1	1	0	0	0	0	0
AF	0	0.242973	1	1	0	0	0	0	0
AF	0	0.243285	1	1	0	0	0	0	0
AF	0	0.243598	1	1	0	0	0	0	0
AF	0	0.243910	1	0	1	0	0	0	0
AF	0	0.244535	1	1	0	0	0	0	0
AF	0	0.245159	2	1	1	0	0	0	0
AF	0	0.245472	2	1	1	0	0	0	0
AF	0	0.245784	2	2	0	0	0	0	0
AF	0	0.246408	3	3	0	0	0	0	0
AF	0	0.247033	1	0	1	0	0	0	0
AF	0	0.247345	1	0	1	0	0	0	0
AF	0	0.247658	1	1	0	0	0	0	0
AF	0	0.247970	1	1	0	0	0	0	0
AF	0	0.248282	3	2	1	0	0	0	0
AF	0	0.248595	1	0	1	0	0	0	0
AF	0	0.249219	2	0	2	0	0	0	0
AF	0	0.250156	2	1	1	0	0	0	0
AF	0	0.250781	1	0	1	0	0	0	0
AF	0	0.251093	1	1	0	0	0	0	0
AF	0	0.251405	1	1	0	0	0	0	0
AF	0	0.251718	2	1	1	0	0	0	0
AF	0	0.252030	2	2	0	0	0	0	0
AF	0	0.252342	2	2	0	0	0	0	0
AF	0	0.252655	6	4	2	0	0	0	0
AF	0	0.253279	4	3	1	0	0	0	0
AF	0	0.253592	3	3	0	0	0	0	0
AF	0	0.253904	13	11	2	0	0	0	0
AF	0	0.254216	7	5	2	0	0	0	0
AF	0	0.254528	11	7	4	0	0	0	0
AF	0	0.254841	3	1	2	0	0	0	0
AF	0	0.255153	4	3	1	0	0	0	0
AF	0	0.255778	4	2	2	0	0	0	0
AF	0	0.256090	1	1	0	0	0	0	0
AF	0	0.256402	3	1	2	0	0	0	0
AF	0	0.256715	1	1	0	0	0	0	0
AF	0	0.257027	10	7	3	0	0	0	0
AF	0	0.257339	4	4	0	0	0	0	0
AF	0	0.257651	6	3	3	0	0	0	0
AF	0	0.257964	1	0	1	0	0	0	0
AF	0	0.258276	1	1	0	0	0	0	0
AF	0	0.258588	2	2	0	0	0	0	0
AF	0	0.258901	2	2	0	0	0	0	0
AF	0	0.259213	1	0	1	0	0	0	0
AF	0	0.259525	3	2	1	0	0	0	0
AF	0	0.259838	1	1	0	0	0	0	0
AF	0	0.260150	4	3	1	0	0	0	0
AF	0	0.260462	1	1	0	0	0	0	0
AF	0	0.261399	2	1	1	0	0	0	0
AF	0	0.261711	1	1	0	0	0	0	0
AF	0	0.262024	1	0	1	0	0	0	0
AF	0	0.262336	3	2	1	0	0	0	0
AF	0	0.262648	1	0	1	0	0	0	0
AF	0	0.262961	2	1	1	0	0	0	0
AF	0	0.263273	3	2	1	0	0	0	0
AF	0	0.263898	1	1	0	0	0	0	0
AF	0	0.264522	2	1	1	0	0	0	0
AF	0	0.264834	1	1	0	0	0	0	0
AF	0	0.265147	1	1	0	0	0	0	0
AF	0	0.265771	1	1	0	0	0	0	0
AF	0	0.266084	1	0	1	0	0	0	0
AF	0	0.266396	2	0	2	0	0	0	0
AF	0	0.266708	2	2	0	0	0	0	0
AF	0	0.267021	2	2	0	0	0	0	0
AF	0	0.267333	1	1	0	0	0	0	0
AF	0	0.267645	2	1	1	0	0	0	0
AF	0	0.268582	2	2	0	0	0	0	0
AF	0	0.268894	2	2	0	0	0	0	0
AF	0	0.269831	2	2	0	0	0	0	0
AF	0	0.270144	2	2	0	0	0	0	0
AF	0	0.270456	1	1	0	0	0	0	0
AF	0	0.270768	1	1	0	0	0	0	0
AF	0	0.272017	2	1	1	0	0	0	0
AF	0	0.272330	2	1	1	0	0	0	0
AF	0	0.272642	3	2	1	0	0	0	0
AF	0	0.273267	5	3	2	0	0	0	0
AF	0	0.273891	3	2	1	0	0	0	0
AF	0	0.274204	1	1	0	0	0	0	0
AF	0	0.274828	2	2	0	0	0	0	0
AF	0	0.275141	2	1	1	0	0	0	0
AF	0	0.275765	1	1	0	0	0	0	0
AF	0	0.276077	1	1	0	0	0	0	0
AF	0	0.276702	1	1	0	0	0	0	0
AF	0	0.277014	1	0	1	0	0	0	0
AF	0	0.277327	1	0	1	0	0	0	0
AF	0	0.278264	1	0	1	0	0	0	0
AF	0	0.278888	1	1	0	0	0	0	0
AF	0	0.279200	1	1	0	0	0	0	0
AF	0	0.279513	3	2	1	0	0	0	0
AF	0	0.280137	5	4	1	0	0	0	0
AF	0	0.280450	2	2	0	0	0	0	0
AF	0	0.280762	2	2	0	0	0	0	0
AF	0	0.281074	1	1	0	0	0	0	0
AF	0	0.281387	3	3	0	0	0	0	0
AF	0	0.281699	2	2	0	0	0	0	0
AF	0	0.282011	4	2	2	0	0	0	0
AF	0	0.282324	1	1	0	0	0	0	0
AF	0	0.282636	5	3	2	0	0	0	0
AF	0	0.282948	1	1	0	0	0	0	0
AF	0	0.283260	3	3	0	0	0	0	0
AF	0	0.283573	1	0	1	0	0	0	0
AF	0	0.283885	2	2	0	0	0	0	0
AF	0	0.284510	1	0	1	0	0	0	0
AF	0	0.285134	1	0	1	0	0	0	0
AF	0	0.285447	1	0	1	0	0	0	0
AF	0	0.285759	3	3	0	0	0	0	0
AF	0	0.286071	1	0	1	0	0	0	0
AF	0	0.286384	2	1	1	0	0	0	0
AF	0	0.286696	3	1	2	0	0	0	0
AF	0	0.287008	6	3	3	0	0	0	0
AF	0	0.287320	4	4	0	0	0	0	0
AF	0	0.287633	1	1	0	0	0	0	0
AF	0	0.288570	1	0	1	0	0	0	0
AF	0	0.289507	1	1	0	0	0	0	0
AF	0	0.290131	2	2	0	0	0	0	0
AF	0	0.290443	1	0	1	0	0	0	0
AF	0	0.291380	2	2	0	0	0	0	0
AF	0	0.291693	1	1	0	0	0	0	0
AF	0	0.292317	1	1	0	0	0	0	0
AF	0	0.293254	3	2	1	0	0	0	0
AF	0	0.293879	1	0	1	0	0	0	0
AF	0	0.294503	2	1	1	0	0	0	0
AF	0	0.294816	1	0	1	0	0	0	0
AF	0	0.295128	3	1	2	0	0	0	0
AF	0	0.295753	2	2	0	0	0	0	0
AF	0	0.296377	3	2	1	0	0	0	0
AF	0	0.297314	1	0	1	0	0	0	0
AF	0	0.297626	2	2	0	0	0	0	0
AF	0	0.298876	2	1	1	0	0	0	0
AF	0	0.299188	1	1	0	0	0	0	0
AF	0	0.299500	2	2	0	0	0	0	0
AF	0	0.299813	1	1	0	0	0	0	0
AF	0	0.300125	1	1	0	0	0	0	0
AF	0	0.300750	1	0	1	0	0	0	0
AF	0	0.301062	2	1	1	0	0	0	0
AF	0	0.301686	1	0	1	0	0	0	0
AF	0	0.301999	2	2	0	0	0	0	0
AF	0	0.302936	1	1	0	0	0	0	0
AF	0	0.303873	1	0	1	0	0	0	0
AF	0	0.304185	1	1	0	0	0	0	0
AF	0	0.304809	1	1	0	0	0	0	0
AF	0	0.305122	1	1	0	0	0	0	0
AF	0	0.305746	1	0	1	0	0	0	0
AF	0	0.306371	1	1	0	0	0	0	0
AF	0	0.306683	1	1	0	0	0	0	0
AF	0	0.306996	1	0	1	0	0	0	0
AF	0	0.307620	1	0	1	0	0	0	0
AF	0	0.307933	1	1	0	0	0	0	0
AF	0	0.308245	2	1	1	0	0	0	0
AF	0	0.308557	1	1	0	0	0	0	0
AF	0	0.310119	2	2	0	0	0	0	0
AF	0	0.310431	1	0	1	0	0	0	0
AF	0	0.311056	3	2	1	0	0	0	0
AF	0	0.311680	1	0	1	0	0	0	0
AF	0	0.311993	1	1	0	0	0	0	0
AF	0	0.312305	1	1	0	0	0	0	0
AF	0	0.312617	2	0	2	0	0	0	0
AF	0	0.313242	2	2	0	0	0	0	0
AF	0	0.313866	1	0	1	0	0	0	0
AF	0	0.314179	1	0	1	0	0	0	0
AF	0	0.314491	3	2	1	0	0	0	0
AF	0	0.314803	3	2	1	0	0	0	0
AF	0	0.315116	3	3	0	0	0	0	0
AF	0	0.315740	1	1	0	0	0	0	0
AF	0	0.316365	5	5	0	0	0	0	0
AF	0	0.316677	5	4	1	0	0	0	0
AF	0	0.316989	4	3	1	0	0	0	0
AF	0	0.317302	1	0	1	0	0	0	0
AF	0	0.317614	1	1	0	0	0	0	0
AF	0	0.317926	2	1	1	0	0	0	0
AF	0	0.318239	3	1	2	0	0	0	0
AF	0	0.318863	5	3	2	0	0	0	0
AF	0	0.319176	5	3	2	0	0	0	0
AF	0	0.319488	11	4	7	0	0	0	0
AF	0	0.320112	1	1	0	0	0	0	0
AF	0	0.320425	1	0	1	0	0	0	0
AF	0	0.320737	1	1	0	0	0	0	0
AF	0	0.321986	1	0	1	0	0	0	0
AF	0	0.322923	1	1	0	0	0	0	0
AF	0	0.324172	2	2	0	0	0	0	0
AF	0	0.325109	1	1	0	0	0	0	0
AF	0	0.325422	1	1	0	0	0	0	0
AF	0	0.325734	2	2	0	0	0	0	0
AF	0	0.326046	1	1	0	0	0	0	0
AF	0	0.326983	1	1	0	0	0	0	0
AF	0	0.328232	3	2	1	0	0	0	0
AF	0	0.328857	1	1	0	0	0	0	0
AF	0	0.329482	1	1	0	0	0	0	0
AF	0	0.329794	2	2	0	0	0	0	0
AF	0	0.330106	1	0	1	0	0	0	0
AF	0	0.330418	1	1	0	0	0	0	0
AF	0	0.330731	1	1	0	0	0	0	0
AF	0	0.331043	1	1	0	0	0	0	0
AF	0	0.331980	1	0	1	0	0	0	0
AF	0	0.332605	1	1	0	0	0	0	0
AF	0	0.332917	1	0	1	0	0	0	0
AF	0	0.333229	2	1	1	0	0	0	0
AF	0	0.333542	1	1	0	0	0	0	0
AF	0	0.334166	2	0	2	0	0	0	0
AF	0	0.334791	2	1	1	0	0	0	0
AF	0	0.335103	1	0	1	0	0	0	0
AF	0	0.335415	1	1	0	0	0	0	0
AF	0	0.335728	1	1	0	0	0	0	0
AF	0	0.336040	1	0	1	0	0	0	0
AF	0	0.336352	1	1	0	0	0	0	0
AF	0	0.336665	2	1	1	0	0	0	0
AF	0	0.337289	4	4	0	0	0	0	0
AF	0	0.337914	5	3	2	0	0	0	0
AF	0	0.338226	1	1	0	0	0	0	0
AF	0	0.338538	1	0	1	0	0	0	0
AF	0	0.338851	1	1	0	0	0	0	0
AF	0	0.339163	1	1	0	0	0	0	0
AF	0	0.339475	1	1	0	0	0	0	0
AF	0	0.339788	1	1	0	0	0	0	0
AF	0	0.341037	1	0	1	0	0	0	0
AF	0	0.341349	1	1	0	0	0	0	0
AF	0	0.341974	1	1	0	0	0	0	0
AF	0	0.342598	1	0	1	0	0	0	0
AF	0	0.343223	1	1	0	0	0	0	0
AF	0	0.343535	3	2	1	0	0	0	0
AF	0	0.344160	1	0	1	0	0	0	0
AF	0	0.345409	1	0	1	0	0	0	0
AF	0	0.345721	1	0	1	0	0	0	0
AF	0	0.346034	1	1	0	0	0	0	0
AF	0	0.346658	4	2	2	0	0	0	0
AF	0	0.347283	2	0	2	0	0	0	0
AF	0	0.348532	2	2	0	0	0	0	0
AF	0	0.348844	1	1	0	0	0	0	0
AF	0	0.349157	1	1	0	0	0	0	0
AF	0	0.349781	2	2	0	0	0	0	0
AF	0	0.350406	3	0	3	0	0	0	0
AF	0	0.351031	1	0	1	0	0	0	0
AF	0	0.351655	1	0	1	0	0	0	0
AF	0	0.352592	1	0	1	0	0	0	0
AF	0	0.353529	2	1	1	0	0	0	0
AF	0	0.354778	2	2	0	0	0	0	0
AF	0	0.355715	1	1	0	0	0	0	0
AF	0	0.356027	1	1	0	0	0	0	0
AF	0	0.357277	1	1	0	0	0	0	0
AF	0	0.357589	1	1	0	0	0	0	0
AF	0	0.359151	2	1	1	0	0	0	0
AF	0	0.359463	1	0	1	0	0	0	0
AF	0	0.359775	1	0	1	0	0	0	0
AF	0	0.360712	1	0	1	0	0	0	0
AF	0	0.361649	1	1	0	0	0	0	0
AF	0	0.361961	1	0	1	0	0	0	0
AF	0	0.363210	3	3	0	0	0	0	0
AF	0	0.363523	1	1	0	0	0	0	0
AF	0	0.364147	1	1	0	0	0	0	0
AF	0	0.364772	1	0	1	0	0	0	0
AF	0	0.365397	1	0	1	0	0	0	0
AF	0	0.366646	1	1	0	0	0	0	0
AF	0	0.367270	2	2	0	0	0	0	0
AF	0	0.367895	1	1	0	0	0	0	0
AF	0	0.368520	2	2	0	0	0	0	0
AF	0	0.368832	1	0	1	0	0	0	0
AF	0	0.369144	6	2	4	0	0	0	0
AF	0	0.369457	2	1	1	0	0	0	0
AF	0	0.369769	5	2	3	0	0	0	0
AF	0	0.370081	2	1	1	0	0	0	0
AF	0	0.370394	1	1	0	0	0	0	0
AF	0	0.371330	1	1	0	0	0	0	0
AF	0	0.371643	3	2	1	0	0	0	0
AF	0	0.371955	4	2	2	0	0	0	0
AF	0	0.372267	1	1	0	0	0	0	0
AF	0	0.372892	2	2	0	0	0	0	0
AF	0	0.373204	1	1	0	0	0	0	0
AF	0	0.373517	2	2	0	0	0	0	0
AF	0	0.374141	1	1	0	0	0	0	0
AF	0	0.374766	3	1	2	0	0	0	0
AF	0	0.375078	2	2	0	0	0	0	0
AF	0	0.377264	1	1	0	0	0	0	0
AF	0	0.377889	1	1	0	0	0	0	0
AF	0	0.378201	2	2	0	0	0	0	0
AF	0	0.378513	1	1	0	0	0	0	0
AF	0	0.378826	1	1	0	0	0	0	0
AF	0	0.379138	1	1	0	0	0	0	0
AF	0	0.379763	1	0	1	0	0	0	0
AF	0	0.380075	2	1	1	0	0	0	0
AF	0	0.380387	1	1	0	0	0	0	0
AF	0	0.380700	2	1	1	0	0	0	0
AF	0	0.381012	2	1	1	0	0	0	0
AF	0	0.381636	1	1	0	0	0	0	0
AF	0	0.384135	1	1	0	0	0	0	0
AF	0	0.384760	1	1	0	0	0	0	0
AF	0	0.385384	2	2	0	0	0	0	0
AF	0	0.386009	1	0	1	0	0	0	0
AF	0	0.386633	2	1	1	0	0	0	0
AF	0	0.387258	2	2	0	0	0	0	0
AF	0	0.387570	5	3	2	0	0	0	0
AF	0	0.387883	7	6	1	0	0	0	0
AF	0	0.388195	2	1	1	0	0	0	0
AF	0	0.388507	4	4	0	0	0	0	0
AF	0	0.388819	1	1	0	0	0	0	0
AF	0	0.389132	1	1	0	0	0	0	0
AF	0	0.389444	2	1	1	0	0	0	0
AF	0	0.390381	2	1	1	0	0	0	0
AF	0	0.390693	1	0	1	0	0	0	0
AF	0	0.391006	1	1	0	0	0	0	0
AF	0	0.391943	1	1	0	0	0	0	0
AF	0	0.392255	3	2	1	0	0	0	0
AF	0	0.392567	1	0	1	0	0	0	0
AF	0	0.393504	2	0	2	0	0	0	0
AF	0	0.393816	2	2	0	0	0	0	0
AF	0	0.394441	1	1	0	0	0	0	0
AF	0	0.394753	3	0	3	0	0	0	0
AF	0	0.396002	3	3	0	0	0	0	0
AF	0	0.396315	2	0	2	0	0	0	0
AF	0	0.396627	3	3	0	0	0	0	0
AF	0	0.396939	1	1	0	0	0	0	0
AF	0	0.397252	1	0	1	0	0	0	0
AF	0	0.397876	1	0	1	0	0	0	0
AF	0	0.398189	1	1	0	0	0	0	0
AF	0	0.398501	1	1	0	0	0	0	0
AF	0	0.399126	1	1	0	0	0	0	0
AF	0	0.399438	1	0	1	0	0	0	0
AF	0	0.399750	2	1	1	0	0	0	0
AF	0	0.400375	1	1	0	0	0	0	0
AF	0	0.401312	3	2	1	0	0	0	0
AF	0	0.402249	2	2	0	0	0	0	0
AF	0	0.402561	2	2	0	0	0	0	0
AF	0	0.402873	2	0	2	0	0	0	0
AF	0	0.403498	3	1	2	0	0	0	0
AF	0	0.403810	1	0	1	0	0	0	0
AF	0	0.405684	1	1	0	0	0	0	0
AF	0	0.405996	1	1	0	0	0	0	0
AF	0	0.406309	1	0	1	0	0	0	0
AF	0	0.406933	1	1	0	0	0	0	0
AF	0	0.407245	2	1	1	0	0	0	0
AF	0	0.407558	1	1	0	0	0	0	0
AF	0	0.407870	1	1	0	0	0	0	0
AF	0	0.409119	2	2	0	0	0	0	0
AF	0	0.409432	1	1	0	0	0	0	0
AF	0	0.409744	2	2	0	0	0	0	0
AF	0	0.410056	2	1	1	0	0	0	0
AF	0	0.410369	1	0	1	0	0	0	0
AF	0	0.410993	1	1	0	0	0	0	0
AF	0	0.411305	2	1	1	0	0	0	0
AF	0	0.411618	2	2	0	0	0	0	0
AF	0	0.411930	1	1	0	0	0	0	0
AF	0	0.412242	2	1	1	0	0	0	0
AF	0	0.412867	2	0	2	0	0	0	0
AF	0	0.413492	1	0	1	0	0	0	0
AF	0	0.413804	1	1	0	0	0	0	0
AF	0	0.414116	1	1	0	0	0	0	0
AF	0	0.414741	1	1	0	0	0	0	0
AF	0	0.416615	1	0	1	0	0	0	0
AF	0	0.416927	1	1	0	0	0	0	0
AF	0	0.417239	2	1	1	0	0	0	0
AF	0	0.417864	1	1	0	0	0	0	0
AF	0	0.418488	2	1	1	0	0	0	0
AF	0	0.419113	2	2	0	0	0	0	0
AF	0	0.419425	1	0	1	0	0	0	0
AF	0	0.420050	2	1	1	0	0	0	0
AF	0	0.420362	1	1	0	0	0	0	0
AF	0	0.421611	1	0	1	0	0	0	0
AF	0	0.421924	1	1	0	0	0	0	0
AF	0	0.422236	2	1	1	0	0	0	0
AF	0	0.422548	2	1	1	0	0	0	0
AF	0	0.422861	2	1	1	0	0	0	0
AF	0	0.423173	2	2	0	0	0	0	0
AF	0	0.423485	1	0	1	0	0	0	0
AF	0	0.424422	2	1	1	0	0	0	0
AF	0	0.424735	1	0	1	0	0	0	0
AF	0	0.425047	1	1	0	0	0	0	0
AF	0	0.425671	1	1	0	0	0	0	0
AF	0	0.426608	1	0	1	0	0	0	0
AF	0	0.426921	2	1	1	0	0	0	0
AF	0	0.427233	1	1	0	0	0	0	0
AF	0	0.427545	1	1	0	0	0	0	0
AF	0	0.428170	2	2	0	0	0	0	0
AF	0	0.428482	1	1	0	0	0	0	0
AF	0	0.429107	1	1	0	0	0	0	0
AF	0	0.429731	3	3	0	0	0	0	0
AF	0	0.430981	1	0	1	0	0	0	0
AF	0	0.431605	2	0	2	0	0	0	0
AF	0	0.431918	1	1	0	0	0	0	0
AF	0	0.433167	1	1	0	0	0	0	0
AF	0	0.433479	1	1	0	0	0	0	0
AF	0	0.433791	1	0	1	0	0	0	0
AF	0	0.434104	1	1	0	0	0	0	0
AF	0	0.435353	3	2	1	0	0	0	0
AF	0	0.435665	1	1	0	0	0	0	0
AF	0	0.438476	1	1	0	0	0	0	0
AF	0	0.440037	1	1	0	0	0	0	0
AF	0	0.441599	1	1	0	0	0	0	0
AF	0	0.442224	2	2	0	0	0	0	0
AF	0	0.443473	1	1	0	0	0	0	0
AF	0	0.443785	1	1	0	0	0	0	0
AF	0	0.444097	1	1	0	0	0	0	0
AF	0	0.445034	1	0	1	0	0	0	0
AF	0	0.445659	2	1	1	0	0	0	0
AF	0	0.446596	1	1	0	0	0	0	0
AF	0	0.447220	1	1	0	0	0	0	0
AF	0	0.447533	2	2	0	0	0	0	0
AF	0	0.448157	1	1	0	0	0	0	0
AF	0	0.450031	1	1	0	0	0	0	0
AF	0	0.450344	2	1	1	0	0	0	0
AF	0	0.450968	1	1	0	0	0	0	0
AF	0	0.453154	1	1	0	0	0	0	0
AF	0	0.453779	1	0	1	0	0	0	0
AF	0	0.456902	1	1	0	0	0	0	0
AF	0	0.457214	1	1	0	0	0	0	0
AF	0	0.457527	1	0	1	0	0	0	0
AF	0	0.459088	1	1	0	0	0	0	0
AF	0	0.459713	2	2	0	0	0	0	0
AF	0	0.463148	1	0	1	0	0	0	0
AF	0	0.464397	1	0	1	0	0	0	0
AF	0	0.468145	1	1	0	0	0	0	0
AF	0	0.470019	1	0	1	0	0	0	0
AF	0	0.472517	2	1	1	0	0	0	0
AF	0	0.473142	1	0	1	0	0	0	0
AF	0	0.476889	1	1	0	0	0	0	0
AF	0	0.477826	1	1	0	0	0	0	0
AF	0	0.478139	1	1	0	0	0	0	0
AF	0	0.479700	1	1	0	0	0	0	0
AF	0	0.482199	1	1	0	0	0	0	0
AF	0	0.483136	1	0	1	0	0	0	0
AF	0	0.484385	1	1	0	0	0	0	0
AF	0	0.484697	1	0	1	0	0	0	0
AF	0	0.486883	1	1	0	0	0	0	0
AF	0	0.488132	1	1	0	0	0	0	0
AF	0	0.491255	1	1	0	0	0	0	0
AF	0	0.492505	1	1	0	0	0	0	0
AF	0	0.495003	1	1	0	0	0	0	0
AF	0	0.495628	2	0	2	0	0	0	0
AF	0	0.496252	1	1	0	0	0	0	0
AF	0	0.498751	1	1	0	0	0	0	0
AF	0	0.499375	2	2	0	0	0	0	0
AF	0	0.500312	1	1	0	0	0	0	0
AF	0	0.500625	1	0	1	0	0	0	0
AF	0	0.501249	2	2	0	0	0	0	0
AF	0	0.501562	1	1	0	0	0	0	0
AF	0	0.503748	1	0	1	0	0	0	0
AF	0	0.504685	1	0	1	0	0	0	0
AF	0	0.505309	1	0	1	0	0	0	0
AF	0	0.506871	1	1	0	0	0	0	0
AF	0	0.508120	1	1	0	0	0	0	0
AF	0	0.511243	1	1	0	0	0	0	0
AF	0	0.511868	3	3	0	0	0	0	0
AF	0	0.512804	1	1	0	0	0	0	0
AF	0	0.513429	1	0	1	0	0	0	0
AF	0	0.514991	1	1	0	0	0	0	0
AF	0	0.516240	2	2	0	0	0	0	0
AF	0	0.518426	1	1	0	0	0	0	0
AF	0	0.518738	1	0	1	0	0	0	0
AF	0	0.520612	1	1	0	0	0	0	0
AF	0	0.521237	1	1	0	0	0	0	0
AF	0	0.522486	3	2	1	0	0	0	0
AF	0	0.523423	1	0	1	0	0	0	0
AF	0	0.524672	1	1	0	0	0	0	0
AF	0	0.524984	1	1	0	0	0	0	0
AF	0	0.526234	2	2	0	0	0	0	0
AF	0	0.527483	1	1	0	0	0	0	0
AF	0	0.529044	3	1	2	0	0	0	0
AF	0	0.529357	1	0	1	0	0	0	0
AF	0	0.529981	1	1	0	0	0	0	0
AF	0	0.530918	1	1	0	0	0	0	0
AF	0	0.532480	1	1	0	0	0	0	0
AF	0	0.534041	1	1	0	0	0	0	0
AF	0	0.534354	1	1	0	0	0	0	0
AF	0	0.534978	1	0	1	0	0	0	0
AF	0	0.535290	1	1	0	0	0	0	0
AF	0	0.535603	1	0	1	0	0	0	0
AF	0	0.536540	1	1	0	0	0	0	0
AF	0	0.536852	1	1	0	0	0	0	0
AF	0	0.539350	1	1	0	0	0	0	0
AF	0	0.539663	1	1	0	0	0	0	0
AF	0	0.541537	1	0	1	0	0	0	0
AF	0	0.541849	1	0	1	0	0	0	0
AF	0	0.542161	1	1	0	0	0	0	0
AF	0	0.543098	1	0	1	0	0	0	0
AF	0	0.547158	1	0	1	0	0	0	0
AF	0	0.548095	1	1	0	0	0	0	0
AF	0	0.548720	1	1	0	0	0	0	0
AF	0	0.549969	2	1	1	0	0	0	0
AF	0	0.551530	1	0	1	0	0	0	0
AF	0	0.553092	1	1	0	0	0	0	0
AF	0	0.555278	1	1	0	0	0	0	0
AF	0	0.556527	3	2	1	0	0	0	0
AF	0	0.557152	1	1	0	0	0	0	0
AF	0	0.557464	1	0	1	0	0	0	0
AF	0	0.557776	1	1	0	0	0	0	0
AF	0	0.558089	1	1	0	0	0	0	0
AF	0	0.558401	3	2	1	0	0	0	0
AF	0	0.558713	1	1	0	0	0	0	0
AF	0	0.559338	1	1	0	0	0	0	0
AF	0	0.559650	4	2	2	0	0	0	0
AF	0	0.559963	1	0	1	0	0	0	0
AF	0	0.560275	1	1	0	0	0	0	0
AF	0	0.560587	1	0	1	0	0	0	0
AF	0	0.561524	1	1	0	0	0	0	0
AF	0	0.563398	1	0	1	0	0	0	0
AF	0	0.564335	1	1	0	0	0	0	0
AF	0	0.564647	1	1	0	0	0	0	0
AF	0	0.564959	1	0	1	0	0	0	0
AF	0	0.565896	2	1	1	0	0	0	0
AF	0	0.566209	1	1	0	0	0	0	0
AF	0	0.566521	1	1	0	0	0	0	0
AF	0	0.567770	1	0	1	0	0	0	0
AF	0	0.568707	1	0	1	0	0	0	0
AF	0	0.569332	2	1	1	0	0	0	0
AF	0	0.570893	1	1	0	0	0	0	0
AF	0	0.572142	2	0	2	0	0	0	0
AF	0	0.572767	1	1	0	0	0	0	0
AF	0	0.574329	1	1	0	0	0	0	0
AF	0	0.575265	2	1	1	0	0	0	0
AF	0	0.575890	1	0	1	0	0	0	0
AF	0	0.576202	1	1	0	0	0	0	0
AF	0	0.579638	1	1	0	0	0	0	0
AF	0	0.579950	2	1	1	0	0	0	0
AF	0	0.580887	1	0	1	0	0	0	0
AF	0	0.583385	1	1	0	0	0	0	0
AF	0	0.584010	2	2	0	0	0	0	0
AF	0	0.584322	1	1	0	0	0	0	0
AF	0	0.584635	1	1	0	0	0	0	0
AF	0	0.584947	1	1	0	0	0	0	0
AF	0	0.585259	3	3	0	0	0	0	0
AF	0	0.585884	3	1	2	0	0	0	0
AF	0	0.586196	1	1	0	0	0	0	0
AF	0	0.586508	2	2	0	0	0	0	0
AF	0	0.586821	1	0	1	0	0	0	0
AF	0	0.587133	1	1	0	0	0	0	0
AF	0	0.588070	1	1	0	0	0	0	0
AF	0	0.589631	1	0	1	0	0	0	0
AF	0	0.589944	1	1	0	0	0	0	0
AF	0	0.591505	1	1	0	0	0	0	0
AF	0	0.591818	1	1	0	0	0	0	0
AF	0	0.594004	1	0	1	0	0	0	0
AF	0	0.594628	1	1	0	0	0	0	0
AF	0	0.595253	2	1	1	0	0	0	0
AF	0	0.596502	1	1	0	0	0	0	0
AF	0	0.597127	2	1	1	0	0	0	0
AF	0	0.598064	2	1	1	0	0	0	0
AF	0	0.599938	1	1	0	0	0	0	0
AF	0	0.600562	1	1	0	0	0	0	0
AF	0	0.600874	2	2	0	0	0	0	0
AF	0	0.602124	1	1	0	0	0	0	0
AF	0	0.602436	1	1	0	0	0	0	0
AF	0	0.603373	1	0	1	0	0	0	0
AF	0	0.605871	1	1	0	0	0	0	0
AF	0	0.606496	2	1	1	0	0	0	0
AF	0	0.608994	1	1	0	0	0	0	0
AF	0	0.610556	1	0	1	0	0	0	0
AF	0	0.612742	2	1	1	0	0	0	0
AF	0	0.613367	2	1	1	0	0	0	0
AF	0	0.615865	1	1	0	0	0	0	0
AF	0	0.616177	1	1	0	0	0	0	0
AF	0	0.617427	1	1	0	0	0	0	0
AF	0	0.617739	1	1	0	0	0	0	0
AF	0	0.618364	2	2	0	0	0	0	0
AF	0	0.618988	3	2	1	0	0	0	0
AF	0	0.619300	2	0	2	0	0	0	0
AF	0	0.619613	2	2	0	0	0	0	0
AF	0	0.621487	1	0	1	0	0	0	0
AF	0	0.621799	1	1	0	0	0	0	0
AF	0	0.622736	1	1	0	0	0	0	0
AF	0	0.623360	2	1	1	0	0	0	0
AF	0	0.624922	1	0	1	0	0	0	0
AF	0	0.625859	3	1	2	0	0	0	0
AF	0	0.626483	1	1	0	0	0	0	0
AF	0	0.628670	1	0	1	0	0	0	0
AF	0	0.629606	1	1	0	0	0	0	0
AF	0	0.629919	1	0	1	0	0	0	0
AF	0	0.630231	1	1	0	0	0	0	0
AF	0	0.630856	1	1	0	0	0	0	0
AF	0	0.631480	1	1	0	0	0	0	0
AF	0	0.633979	2	1	1	0	0	0	0
AF	0	0.634603	1	0	1	0	0	0	0
AF	0	0.635228	1	0	1	0	0	0	0
AF	0	0.636790	1	0	1	0	0	0	0
AF	0	0.638039	1	1	0	0	0	0	0
AF	0	0.638351	1	0	1	0	0	0	0
AF	0	0.639600	1	1	0	0	0	0	0
AF	0	0.640849	1	0	1	0	0	0	0
AF	0	0.641162	1	1	0	0	0	0	0
AF	0	0.641786	2	2	0	0	0	0	0
AF	0	0.642099	1	1	0	0	0	0	0
AF	0	0.643660	2	2	0	0	0	0	0
AF	0	0.643973	3	0	3	0	0	0	0
AF	0	0.644597	1	0	1	0	0	0	0
AF	0	0.645222	1	0	1	0	0	0	0
AF	0	0.646783	1	1	0	0	0	0	0
AF	0	0.647096	2	1	1	0	0	0	0
AF	0	0.647720	1	0	1	0	0	0	0
AF	0	0.648345	1	0	1	0	0	0	0
AF	0	0.648657	1	1	0	0	0	0	0
AF	0	0.648969	1	0	1	0	0	0	0
AF	0	0.651468	1	0	1	0	0	0	0
AF	0	0.652717	1	1	0	0	0	0	0
AF	0	0.655215	2	2	0	0	0	0	0
AF	0	0.656777	1	1	0	0	0	0	0
AF	0	0.658026	1	1	0	0	0	0	0
AF	0	0.658339	1	0	1	0	0	0	0
AF	0	0.661149	1	0	1	0	0	0	0
AF	0	0.666771	1	1	0	0	0	0	0
AF	0	0.667083	1	1	0	0	0	0	0
AF	0	0.670518	1	0	1	0	0	0	0
AF	0	0.672705	2	2	0	0	0	0	0
AF	0	0.673329	1	0	1	0	0	0	0
AF	0	0.676140	2	2	0	0	0	0	0
AF	0	0.677077	1	0	1	0	0	0	0
AF	0	0.677389	1	0	1	0	0	0	0
AF	0	0.679888	1	1	0	0	0	0	0
AF	0	0.680824	1	0	1	0	0	0	0
AF	0	0.682698	1	1	0	0	0	0	0
AF	0	0.687383	1	1	0	0	0	0	0
AF	0	0.688632	1	1	0	0	0	0	0
AF	0	0.689257	1	1	0	0	0	0	0
AF	0	0.690194	1	1	0	0	0	0	0
AF	0	0.692692	1	1	0	0	0	0	0
AF	0	0.693004	2	1	1	0	0	0	0
AF	0	0.694254	2	0	2	0	0	0	0
AF	0	0.697377	1	0	1	0	0	0	0
AF	0	0.702686	1	1	0	0	0	0	0
AF	0	0.704560	2	1	1	0	0	0	0
AF	0	0.705497	1	1	0	0	0	0	0
AF	0	0.705809	1	1	0	0	0	0	0
AF	0	0.706746	1	0	1	0	0	0	0
AF	0	0.707683	1	0	1	0	0	0	0
AF	0	0.712055	1	1	0	0	0	0	0
AF	0	0.714866	1	1	0	0	0	0	0
AF	0	0.717052	1	1	0	0	0	0	0
AF	0	0.717989	1	1	0	0	0	0	0
AF	0	0.720487	1	0	1	0	0	0	0
AF	0	0.721424	1	1	0	0	0	0	0
AF	0	0.721736	1	1	0	0	0	0	0
AF	0	0.723610	1	0	1	0	0	0	0
AF	0	0.724859	1	0	1	0	0	0	0
AF	0	0.725484	1	1	0	0	0	0	0
AF	0	0.726109	2	0	2	0	0	0	0
AF	0	0.727046	1	0	1	0	0	0	0
AF	0	0.729232	1	1	0	0	0	0	0
AF	0	0.729544	1	1	0	0	0	0	0
AF	0	0.729856	2	1	1	0	0	0	0
AF	0	0.732979	2	1	1	0	0	0	0
AF	0	0.733604	1	1	0	0	0	0	0
AF	0	0.735166	1	1	0	0	0	0	0
AF	0	0.736102	1	1	0	0	0	0	0
AF	0	0.736727	3	1	2	0	0	0	0
AF	0	0.737352	1	1	0	0	0	0	0
AF	0	0.740787	1	0	1	0	0	0	0
AF	0	0.746096	1	1	0	0	0	0	0
AF	0	0.749844	2	2	0	0	0	0	0
AF	0	0.751093	1	1	0	0	0	0	0
AF	0	0.751718	1	1	0	0	0	0	0
AF	0	0.753904	1	1	0	0	0	0	0
AF	0	0.754841	3	2	1	0	0	0	0
AF	0	0.755778	1	0	1	0	0	0	0
AF	0	0.757339	1	0	1	0	0	0	0
AF	0	0.757651	1	1	0	0	0	0	0
AF	0	0.757964	1	1	0	0	0	0	0
AF	0	0.758588	1	1	0	0	0	0	0
AF	0	0.769831	1	1	0	0	0	0	0
AF	0	0.771393	1	0	1	0	0	0	0
AF	0	0.773579	1	0	1	0	0	0	0
AF	0	0.776077	1	1	0	0	0	0	0
AF	0	0.777014	1	1	0	0	0	0	0
AF	0	0.777327	1	0	1	0	0	0	0
AF	0	0.778888	1	0	1	0	0	0	0
AF	0	0.781387	1	1	0	0	0	0	0
AF	0	0.781699	1	1	0	0	0	0	0
AF	0	0.784197	1	0	1	0	0	0	0
AF	0	0.784510	1	0	1	0	0	0	0
AF	0	0.787633	1	1	0	0	0	0	0
AF	0	0.790131	1	0	1	0	0	0	0
AF	0	0.792005	1	1	0	0	0	0	0
AF	0	0.792317	1	0	1	0	0	0	0
AF	0	0.794503	1	0	1	0	0	0	0
AF	0	0.800750	1	0	1	0	0	0	0
AF	0	0.803873	2	2	0	0	0	0	0
AF	0	0.805122	1	1	0	0	0	0	0
AF	0	0.805746	1	1	0	0	0	0	0
AF	0	0.806059	2	1	1	0	0	0	0
AF	0	0.806371	1	1	0	0	0	0	0
AF	0	0.806996	1	0	1	0	0	0	0
AF	0	0.807308	2	1	1	0	0	0	0
AF	0	0.807620	1	1	0	0	0	0	0
AF	0	0.807933	1	1	0	0	0	0	0
AF	0	0.808557	1	1	0	0	0	0	0
AF	0	0.814179	1	1	0	0	0	0	0
AF	0	0.814491	1	1	0	0	0	0	0
AF	0	0.815740	1	1	0	0	0	0	0
AF	0	0.816052	1	0	1	0	0	0	0
AF	0	0.816365	1	1	0	0	0	0	0
AF	0	0.816677	1	0	1	0	0	0	0
AF	0	0.816989	1	1	0	0	0	0	0
AF	0	0.818239	5	3	2	0	0	0	0
AF	0	0.818551	3	3	0	0	0	0	0
AF	0	0.818863	2	1	1	0	0	0	0
AF	0	0.819176	1	0	1	0	0	0	0
AF	0	0.820112	1	0	1	0	0	0	0
AF	0	0.822299	1	1	0	0	0	0	0
AF	0	0.824485	1	0	1	0	0	0	0
AF	0	0.828232	1	1	0	0	0	0	0
AF	0	0.833542	1	1	0	0	0	0	0
AF	0	0.834166	1	1	0	0	0	0	0
AF	0	0.834478	1	0	1	0	0	0	0
AF	0	0.835728	1	1	0	0	0	0	0
AF	0	0.836352	3	1	2	0	0	0	0
AF	0	0.837601	1	1	0	0	0	0	0
AF	0	0.838538	1	1	0	0	0	0	0
AF	0	0.839475	1	1	0	0	0	0	0
AF	0	0.839788	1	0	1	0	0	0	0
AF	0	0.840725	1	1	0	0	0	0	0
AF	0	0.841349	1	1	0	0	0	0	0
AF	0	0.841661	2	2	0	0	0	0	0
AF	0	0.843848	1	0	1	0	0	0	0
AF	0	0.844160	4	1	3	0	0	0	0
AF	0	0.844472	3	2	1	0	0	0	0
AF	0	0.845097	1	1	0	0	0	0	0
AF	0	0.845721	1	1	0	0	0	0	0
AF	0	0.846034	1	1	0	0	0	0	0
AF	0	0.846346	4	4	0	0	0	0	0
AF	0	0.851655	1	0	1	0	0	0	0
AF	0	0.851968	2	1	1	0	0	0	0
AF	0	0.852280	1	1	0	0	0	0	0
AF	0	0.853217	1	0	1	0	0	0	0
AF	0	0.853529	1	1	0	0	0	0	0
AF	0	0.855403	1	1	0	0	0	0	0
AF	0	0.855715	1	1	0	0	0	0	0
AF	0	0.856340	1	1	0	0	0	0	0
AF	0	0.858526	1	1	0	0	0	0	0
AF	0	0.859151	1	0	1	0	0	0	0
AF	0	0.860087	1	0	1	0	0	0	0
AF	0	0.860400	1	1	0	0	0	0	0
AF	0	0.860712	1	1	0	0	0	0	0
AF	0	0.861024	1	1	0	0	0	0	0
AF	0	0.862586	1	1	0	0	0	0	0
AF	0	0.863835	4	3	1	0	0	0	0
AF	0	0.864147	2	2	0	0	0	0	0
AF	0	0.864772	1	1	0	0	0	0	0
AF	0	0.866334	1	1	0	0	0	0	0
AF	0	0.867583	1	0	1	0	0	0	0
AF	0	0.868832	1	1	0	0	0	0	0
AF	0	0.869457	1	0	1	0	0	0	0
AF	0	0.872267	1	1	0	0	0	0	0
AF	0	0.873204	1	1	0	0	0	0	0
AF	0	0.874766	2	1	1	0	0	0	0
AF	0	0.876952	1	0	1	0	0	0	0
AF	0	0.877264	2	1	1	0	0	0	0
AF	0	0.878201	1	1	0	0	0	0	0
AF	0	0.878826	1	1	0	0	0	0	0
AF	0	0.880700	2	2	0	0	0	0	0
AF	0	0.881324	1	0	1	0	0	0	0
AF	0	0.882261	1	1	0	0	0	0	0
AF	0	0.883198	1	1	0	0	0	0	0
AF	0	0.883510	1	0	1	0	0	0	0
AF	0	0.883823	1	0	1	0	0	0	0
AF	0	0.884135	2	1	1	0	0	0	0
AF	0	0.885072	1	0	1	0	0	0	0
AF	0	0.885696	1	1	0	0	0	0	0
AF	0	0.886946	1	0	1	0	0	0	0
AF	0	0.888195	1	1	0	0	0	0	0
AF	0	0.888819	1	1	0	0	0	0	0
AF	0	0.889756	1	0	1	0	0	0	0
AF	0	0.890069	1	1	0	0	0	0	0
AF	0	0.891006	1	0	1	0	0	0	0
AF	0	0.891630	1	0	1	0	0	0	0
AF	0	0.896002	1	1	0	0	0	0	0
AF	0	0.897876	1	1	0	0	0	0	0
AF	0	0.898813	1	1	0	0	0	0	0
AF	0	0.900375	1	0	1	0	0	0	0
AF	0	0.900999	1	1	0	0	0	0	0
AF	0	0.902249	1	1	0	0	0	0	0
AF	0	0.902561	1	1	0	0	0	0	0
AF	0	0.903810	1	0	1	0	0	0	0
AF	0	0.904122	1	1	0	0	0	0	0
AF	0	0.906309	1	1	0	0	0	0	0
AF	0	0.909744	1	0	1	0	0	0	0
AF	0	0.910369	1	1	0	0	0	0	0
AF	0	0.915365	1	1	0	0	0	0	0
AF	0	0.915678	1	1	0	0	0	0	0
AF	0	0.915990	1	0	1	0	0	0	0
AF	0	0.919738	1	0	1	0	0	0	0
AF	0	0.923485	1	0	1	0	0	0	0
AF	0	0.924110	2	2	0	0	0	0	0
AF	0	0.925984	1	1	0	0	0	0	0
AF	0	0.927233	1	0	1	0	0	0	0
AF	0	0.927858	3	2	1	0	0	0	0
AF	0	0.928170	1	0	1	0	0	0	0
AF	0	0.928482	1	1	0	0	0	0	0
AF	0	0.929107	1	0	1	0	0	0	0
AF	0	0.929419	1	1	0	0	0	0	0
AF	0	0.929731	1	1	0	0	0	0	0
AF	0	0.930356	2	1	1	0	0	0	0
AF	0	0.930981	3	1	2	0	0	0	0
AF	0	0.931293	1	0	1	0	0	0	0
AF	0	0.933479	1	1	0	0	0	0	0
AF	0	0.935353	1	1	0	0	0	0	0
AF	0	0.935665	1	1	0	0	0	0	0
AF	0	0.936602	1	0	1	0	0	0	0
AF	0	0.940974	1	1	0	0	0	0	0
AF	0	0.950968	1	1	0	0	0	0	0
AF	0	0.955340	1	1	0	0	0	0	0
AF	0	0.957527	1	0	1	0	0	0	0
AF	0	0.958151	1	0	1	0	0	0	0
AF	0	0.964710	1	1	0	0	0	0	0
AF	0	0.966583	1	1	0	0	0	0	0
AF	0	0.970331	2	2	0	0	0	0	0
AF	0	0.971893	3	2	1	0	0	0	0
AF	0	0.972205	1	1	0	0	0	0	0
AF	0	0.972829	2	1	1	0	0	0	0
AF	0	0.974079	1	1	0	0	0	0	0
AF	0	0.975328	1	0	1	0	0	0	0
AF	0	0.976265	1	1	0	0	0	0	0
AF	0	0.976577	1	1	0	0	0	0	0
AF	0	0.980637	1	1	0	0	0	0	0
AF	0	0.980949	1	0	1	0	0	0	0
AF	0	0.981262	1	1	0	0	0	0	0
AF	0	0.981574	1	1	0	0	0	0	0
AF	0	0.982511	1	0	1	0	0	0	0
AF	0	0.985322	1	1	0	0	0	0	0
AF	0	0.986571	1	1	0	0	0	0	0
AF	0	0.988445	1	1	0	0	0	0	0
AF	0	0.989069	1	1	0	0	0	0	0
AF	0	0.992192	1	1	0	0	0	0	0
AF	0	0.993129	1	0	1	0	0	0	0
AF	0	0.995003	1	0	1	0	0	0	0
AF	0	0.995315	1	1	0	0	0	0	0
AF	0	0.995628	2	2	0	0	0	0	0
AF	0	0.997189	1	1	0	0	0	0	0
AF	0	0.998438	1	1	0	0	0	0	0
AF	0	0.999063	1	1	0	0	0	0	0
# QUAL, Stats by quality
# QUAL	[2]id	[3]Quality	[4]number of SNPs	[5]number of transitions (1st ALT)	[6]number of transversions (1st ALT)	[7]number of indels
QUAL	0	.	15145	10453	4692	0
# IDD, InDel distribution:
# IDD	[2]id	[3]length (deletions negative)	[4]number of sites	[5]number of genotypes	[6]mean VAF
# ST, Substitution types:
# ST	[2]id	[3]type	[4]count
ST	0	A>C	604
ST	0	A>G	2000
ST	0	A>T	490
ST	0	C>A	652
ST	0	C>G	607
ST	0	C>T	3082
ST	0	G>A	2900
ST	0	G>C	575
ST	0	G>T	632
ST	0	T>A	567
ST	0	T>C	2471
ST	0	T>G	565
# DP, Depth distribution
# DP	[2]id	[3]bin	[4]number of genotypes	[5]fraction of genotypes (%)	[6]number of sites	[7]fraction of sites (%)
  - Fix haploid genotypes in males...

Submit MakeDiploidMalesX finished successfully. Let's have a beer, buddy!

