Submit MakeDiploidMalesX
version 1.1.6 (2024-09-30)

These are the settings:
  Input file................: /hpc/local/Rocky8/dhl_ec/software/MonopogenLite/resources/1kGP_high_coverage_Illumina.SNVonly_poly.filtered_AF_5e-04.norm.fixvariantid.chrX.vcf.gz
  Output file...............: /hpc/local/Rocky8/dhl_ec/software/MonopogenLite/resources/1kGP_high_coverage_Illumina.SNVonly_poly.filtered_AF_5e-04.norm.fixvariantid.makediploid.chrX.vcf.gz
  Chunk size................: 100

  SLURM CPUs................: 4
  SLURM Array ID............: 44 (of 100)
  SLURM memory..............: 16G
  SLURM time................: 01:00:00
  SLURM mail type...........: FAIL
  SLURM mail user...........: s.w.vanderlaan-2@umcutrecht.nl

  Dry run mode..............: 0
  Debug mode................: 1
  Verbosity.................: 0
  Version...................: 1.1.6 (2024-09-30)

Making converting haploid genotypes to diploid genotypes.
> Extract the region for this SLURM task (# 44) from the BED file.
  - Get the chunk number from the SLURM array task ID and the bed file...
DEBUG: Extracting chunk number: 44p from 44
DEBUG: Extracting region from BED file: /hpc/local/Rocky8/dhl_ec/software/MonopogenLite/resources/chrX_100pieces.bed
  - Extract the region from the BED file...
DEBUG: Extracted raw region: 'chrX	67097545	68657952' (chunk #: 44p of 100 for job 44)
  - Check if a valid region was extracted -- should be 'chrX	67097545	68657952'...
  - Prepare the region for bcftools...
  - Check if the region (chrX:67097545-68657952) was successfully extracted...
> Processing region 'chrX:67097545-68657952'...
  - Process the specific region (chunk# 44) using bcftools view...
  - Index the VCF file...
DEBUG: Check if the VCF file was successfully processed...
##fileformat=VCFv4.2
##FILTER=<ID=PASS,Description="All filters passed">
##fileDate=29/01/2022 - 14:31:41
##source=shapeit4.2.2
##contig=<ID=chr1,length=248956422>
##contig=<ID=chr2,length=242193529>
##contig=<ID=chr3,length=198295559>
##contig=<ID=chr4,length=190214555>
##contig=<ID=chr5,length=181538259>
##contig=<ID=chr6,length=170805979>
# This file was produced by bcftools stats (1.20+htslib-1.20) and can be plotted using plot-vcfstats.
# The command line was:	bcftools stats  /hpc/local/Rocky8/dhl_ec/software/MonopogenLite/resources/chrX.part44.vcf.gz
#
# Definition of sets:
# ID	[2]id	[3]tab-separated file names
ID	0	/hpc/local/Rocky8/dhl_ec/software/MonopogenLite/resources/chrX.part44.vcf.gz
# SN, Summary numbers:
#   number of records   .. number of data rows in the VCF
#   number of no-ALTs   .. reference-only sites, ALT is either "." or identical to REF
#   number of SNPs      .. number of rows with a SNP
#   number of MNPs      .. number of rows with a MNP, such as CC>TT
#   number of indels    .. number of rows with an indel
#   number of others    .. number of rows with other type, for example a symbolic allele or
#                          a complex substitution, such as ACT>TCGA
#   number of multiallelic sites     .. number of rows with multiple alternate alleles
#   number of multiallelic SNP sites .. number of rows with multiple alternate alleles, all SNPs
# 
#   Note that rows containing multiple types will be counted multiple times, in each
#   counter. For example, a row with a SNP and an indel increments both the SNP and
#   the indel counter.
# 
# SN	[2]id	[3]key	[4]value
SN	0	number of samples:	3202
SN	0	number of records:	17138
SN	0	number of no-ALTs:	0
SN	0	number of SNPs:	17138
SN	0	number of MNPs:	0
SN	0	number of indels:	0
SN	0	number of others:	0
SN	0	number of multiallelic sites:	0
SN	0	number of multiallelic SNP sites:	0
# TSTV, transitions/transversions:
# TSTV	[2]id	[3]ts	[4]tv	[5]ts/tv	[6]ts (1st ALT)	[7]tv (1st ALT)	[8]ts/tv (1st ALT)
TSTV	0	10987	6151	1.79	10987	6151	1.79
# SiS, Singleton stats:
# SiS	[2]id	[3]allele count	[4]number of SNPs	[5]number of transitions	[6]number of transversions	[7]number of indels	[8]repeat-consistent	[9]repeat-inconsistent	[10]not applicable
SiS	0	1	0	0	0	0	0	0	0
# AF, Stats by non-reference allele frequency:
# AF	[2]id	[3]allele frequency	[4]number of SNPs	[5]number of transitions	[6]number of transversions	[7]number of indels	[8]repeat-consistent	[9]repeat-inconsistent	[10]not applicable
AF	0	0.000312	3120	2043	1077	0	0	0	0
AF	0	0.000625	1967	1241	726	0	0	0	0
AF	0	0.000937	1967	1252	715	0	0	0	0
AF	0	0.001249	697	444	253	0	0	0	0
AF	0	0.001562	1044	661	383	0	0	0	0
AF	0	0.001874	348	223	125	0	0	0	0
AF	0	0.002186	637	424	213	0	0	0	0
AF	0	0.002498	267	174	93	0	0	0	0
AF	0	0.002811	487	319	168	0	0	0	0
AF	0	0.003123	201	145	56	0	0	0	0
AF	0	0.003435	278	183	95	0	0	0	0
AF	0	0.003748	133	80	53	0	0	0	0
AF	0	0.004060	227	143	84	0	0	0	0
AF	0	0.004372	145	103	42	0	0	0	0
AF	0	0.004685	189	107	82	0	0	0	0
AF	0	0.004997	175	106	69	0	0	0	0
AF	0	0.005309	227	142	85	0	0	0	0
AF	0	0.005621	89	54	35	0	0	0	0
AF	0	0.005934	142	95	47	0	0	0	0
AF	0	0.006246	50	35	15	0	0	0	0
AF	0	0.006558	139	92	47	0	0	0	0
AF	0	0.006871	87	60	27	0	0	0	0
AF	0	0.007183	150	99	51	0	0	0	0
AF	0	0.007495	38	24	14	0	0	0	0
AF	0	0.007808	119	80	39	0	0	0	0
AF	0	0.008120	57	37	20	0	0	0	0
AF	0	0.008432	91	54	37	0	0	0	0
AF	0	0.008745	35	23	12	0	0	0	0
AF	0	0.009057	75	54	21	0	0	0	0
AF	0	0.009369	32	22	10	0	0	0	0
AF	0	0.009681	51	32	19	0	0	0	0
AF	0	0.009994	25	14	11	0	0	0	0
AF	0	0.010306	77	52	25	0	0	0	0
AF	0	0.010618	36	24	12	0	0	0	0
AF	0	0.010931	81	44	37	0	0	0	0
AF	0	0.011243	23	12	11	0	0	0	0
AF	0	0.011555	67	51	16	0	0	0	0
AF	0	0.011868	39	25	14	0	0	0	0
AF	0	0.012180	39	24	15	0	0	0	0
AF	0	0.012492	14	7	7	0	0	0	0
AF	0	0.012804	38	22	16	0	0	0	0
AF	0	0.013117	13	6	7	0	0	0	0
AF	0	0.013429	41	23	18	0	0	0	0
AF	0	0.013741	20	15	5	0	0	0	0
AF	0	0.014054	51	33	18	0	0	0	0
AF	0	0.014366	23	13	10	0	0	0	0
AF	0	0.014678	43	25	18	0	0	0	0
AF	0	0.014991	19	11	8	0	0	0	0
AF	0	0.015303	27	17	10	0	0	0	0
AF	0	0.015615	19	14	5	0	0	0	0
AF	0	0.015928	31	21	10	0	0	0	0
AF	0	0.016240	23	16	7	0	0	0	0
AF	0	0.016552	30	21	9	0	0	0	0
AF	0	0.016864	17	9	8	0	0	0	0
AF	0	0.017177	24	14	10	0	0	0	0
AF	0	0.017489	17	12	5	0	0	0	0
AF	0	0.017801	32	16	16	0	0	0	0
AF	0	0.018114	12	8	4	0	0	0	0
AF	0	0.018426	12	9	3	0	0	0	0
AF	0	0.018738	19	10	9	0	0	0	0
AF	0	0.019051	34	25	9	0	0	0	0
AF	0	0.019363	8	3	5	0	0	0	0
AF	0	0.019675	24	16	8	0	0	0	0
AF	0	0.019988	14	9	5	0	0	0	0
AF	0	0.020300	21	10	11	0	0	0	0
AF	0	0.020612	11	6	5	0	0	0	0
AF	0	0.020924	45	26	19	0	0	0	0
AF	0	0.021237	20	12	8	0	0	0	0
AF	0	0.021549	27	18	9	0	0	0	0
AF	0	0.021861	11	6	5	0	0	0	0
AF	0	0.022174	32	20	12	0	0	0	0
AF	0	0.022486	15	7	8	0	0	0	0
AF	0	0.022798	24	15	9	0	0	0	0
AF	0	0.023111	12	4	8	0	0	0	0
AF	0	0.023423	15	10	5	0	0	0	0
AF	0	0.023735	7	5	2	0	0	0	0
AF	0	0.024047	25	15	10	0	0	0	0
AF	0	0.024360	5	3	2	0	0	0	0
AF	0	0.024672	22	11	11	0	0	0	0
AF	0	0.024984	15	6	9	0	0	0	0
AF	0	0.025297	19	13	6	0	0	0	0
AF	0	0.025609	3	2	1	0	0	0	0
AF	0	0.025921	14	10	4	0	0	0	0
AF	0	0.026234	12	10	2	0	0	0	0
AF	0	0.026546	12	5	7	0	0	0	0
AF	0	0.026858	6	3	3	0	0	0	0
AF	0	0.027171	7	5	2	0	0	0	0
AF	0	0.027483	4	2	2	0	0	0	0
AF	0	0.027795	24	15	9	0	0	0	0
AF	0	0.028107	8	4	4	0	0	0	0
AF	0	0.028420	17	12	5	0	0	0	0
AF	0	0.028732	2	2	0	0	0	0	0
AF	0	0.029044	16	7	9	0	0	0	0
AF	0	0.029357	2	1	1	0	0	0	0
AF	0	0.029669	8	5	3	0	0	0	0
AF	0	0.029981	10	5	5	0	0	0	0
AF	0	0.030294	6	3	3	0	0	0	0
AF	0	0.030606	8	5	3	0	0	0	0
AF	0	0.030918	5	1	4	0	0	0	0
AF	0	0.031230	4	2	2	0	0	0	0
AF	0	0.031543	3	3	0	0	0	0	0
AF	0	0.031855	4	2	2	0	0	0	0
AF	0	0.032167	6	4	2	0	0	0	0
AF	0	0.032792	13	7	6	0	0	0	0
AF	0	0.033104	2	2	0	0	0	0	0
AF	0	0.033417	14	8	6	0	0	0	0
AF	0	0.033729	2	2	0	0	0	0	0
AF	0	0.034041	9	4	5	0	0	0	0
AF	0	0.034354	2	1	1	0	0	0	0
AF	0	0.034666	2	1	1	0	0	0	0
AF	0	0.034978	4	2	2	0	0	0	0
AF	0	0.035290	6	5	1	0	0	0	0
AF	0	0.035603	2	2	0	0	0	0	0
AF	0	0.035915	9	7	2	0	0	0	0
AF	0	0.036227	7	5	2	0	0	0	0
AF	0	0.036540	28	18	10	0	0	0	0
AF	0	0.036852	1	1	0	0	0	0	0
AF	0	0.037164	5	4	1	0	0	0	0
AF	0	0.037477	2	1	1	0	0	0	0
AF	0	0.037789	14	8	6	0	0	0	0
AF	0	0.038101	3	3	0	0	0	0	0
AF	0	0.038413	2	1	1	0	0	0	0
AF	0	0.038726	5	4	1	0	0	0	0
AF	0	0.039038	11	4	7	0	0	0	0
AF	0	0.039350	5	4	1	0	0	0	0
AF	0	0.039663	5	4	1	0	0	0	0
AF	0	0.039975	1	1	0	0	0	0	0
AF	0	0.040287	5	2	3	0	0	0	0
AF	0	0.040600	2	1	1	0	0	0	0
AF	0	0.040912	5	1	4	0	0	0	0
AF	0	0.041224	5	5	0	0	0	0	0
AF	0	0.041537	3	1	2	0	0	0	0
AF	0	0.042473	1	0	1	0	0	0	0
AF	0	0.042786	1	1	0	0	0	0	0
AF	0	0.043098	1	1	0	0	0	0	0
AF	0	0.043410	1	1	0	0	0	0	0
AF	0	0.043723	1	0	1	0	0	0	0
AF	0	0.044035	2	1	1	0	0	0	0
AF	0	0.044347	4	1	3	0	0	0	0
AF	0	0.044660	6	4	2	0	0	0	0
AF	0	0.044972	4	3	1	0	0	0	0
AF	0	0.045284	3	2	1	0	0	0	0
AF	0	0.045597	5	4	1	0	0	0	0
AF	0	0.045909	2	0	2	0	0	0	0
AF	0	0.046221	2	1	1	0	0	0	0
AF	0	0.046533	6	4	2	0	0	0	0
AF	0	0.046846	3	2	1	0	0	0	0
AF	0	0.047158	2	1	1	0	0	0	0
AF	0	0.047470	2	1	1	0	0	0	0
AF	0	0.047783	9	6	3	0	0	0	0
AF	0	0.048095	3	2	1	0	0	0	0
AF	0	0.048407	3	2	1	0	0	0	0
AF	0	0.048720	6	3	3	0	0	0	0
AF	0	0.049032	2	1	1	0	0	0	0
AF	0	0.049344	1	0	1	0	0	0	0
AF	0	0.049656	4	2	2	0	0	0	0
AF	0	0.049969	1	1	0	0	0	0	0
AF	0	0.050281	3	3	0	0	0	0	0
AF	0	0.050593	1	1	0	0	0	0	0
AF	0	0.050906	8	2	6	0	0	0	0
AF	0	0.051218	2	2	0	0	0	0	0
AF	0	0.051530	4	3	1	0	0	0	0
AF	0	0.051843	4	1	3	0	0	0	0
AF	0	0.052155	6	3	3	0	0	0	0
AF	0	0.052467	1	1	0	0	0	0	0
AF	0	0.052780	16	11	5	0	0	0	0
AF	0	0.053092	29	18	11	0	0	0	0
AF	0	0.053404	13	4	9	0	0	0	0
AF	0	0.053716	1	1	0	0	0	0	0
AF	0	0.054029	2	2	0	0	0	0	0
AF	0	0.054341	3	3	0	0	0	0	0
AF	0	0.054653	5	4	1	0	0	0	0
AF	0	0.054966	2	2	0	0	0	0	0
AF	0	0.055278	3	0	3	0	0	0	0
AF	0	0.055590	1	1	0	0	0	0	0
AF	0	0.055903	6	4	2	0	0	0	0
AF	0	0.056215	1	1	0	0	0	0	0
AF	0	0.056527	5	3	2	0	0	0	0
AF	0	0.057152	2	0	2	0	0	0	0
AF	0	0.057776	4	2	2	0	0	0	0
AF	0	0.058401	3	2	1	0	0	0	0
AF	0	0.058713	3	1	2	0	0	0	0
AF	0	0.059026	4	3	1	0	0	0	0
AF	0	0.059650	4	0	4	0	0	0	0
AF	0	0.059963	3	2	1	0	0	0	0
AF	0	0.060275	2	2	0	0	0	0	0
AF	0	0.060587	3	3	0	0	0	0	0
AF	0	0.060899	3	1	2	0	0	0	0
AF	0	0.061524	5	3	2	0	0	0	0
AF	0	0.061836	7	6	1	0	0	0	0
AF	0	0.062149	3	2	1	0	0	0	0
AF	0	0.062461	2	1	1	0	0	0	0
AF	0	0.062773	17	11	6	0	0	0	0
AF	0	0.063086	7	3	4	0	0	0	0
AF	0	0.063398	3	3	0	0	0	0	0
AF	0	0.063710	3	2	1	0	0	0	0
AF	0	0.064647	2	1	1	0	0	0	0
AF	0	0.064959	1	0	1	0	0	0	0
AF	0	0.065272	2	1	1	0	0	0	0
AF	0	0.065896	6	6	0	0	0	0	0
AF	0	0.066209	3	3	0	0	0	0	0
AF	0	0.066521	1	0	1	0	0	0	0
AF	0	0.066833	2	2	0	0	0	0	0
AF	0	0.067458	4	3	1	0	0	0	0
AF	0	0.067770	4	2	2	0	0	0	0
AF	0	0.068082	2	0	2	0	0	0	0
AF	0	0.068395	4	2	2	0	0	0	0
AF	0	0.068707	2	0	2	0	0	0	0
AF	0	0.069019	8	5	3	0	0	0	0
AF	0	0.069332	1	0	1	0	0	0	0
AF	0	0.069644	3	2	1	0	0	0	0
AF	0	0.069956	5	3	2	0	0	0	0
AF	0	0.070269	8	5	3	0	0	0	0
AF	0	0.070581	9	6	3	0	0	0	0
AF	0	0.070893	7	6	1	0	0	0	0
AF	0	0.071205	2	2	0	0	0	0	0
AF	0	0.071518	3	2	1	0	0	0	0
AF	0	0.071830	1	1	0	0	0	0	0
AF	0	0.072142	4	3	1	0	0	0	0
AF	0	0.072455	1	0	1	0	0	0	0
AF	0	0.072767	1	1	0	0	0	0	0
AF	0	0.073079	1	1	0	0	0	0	0
AF	0	0.073392	1	0	1	0	0	0	0
AF	0	0.073704	3	3	0	0	0	0	0
AF	0	0.074016	5	4	1	0	0	0	0
AF	0	0.074329	2	2	0	0	0	0	0
AF	0	0.074641	1	1	0	0	0	0	0
AF	0	0.074953	5	4	1	0	0	0	0
AF	0	0.075265	19	10	9	0	0	0	0
AF	0	0.075578	5	3	2	0	0	0	0
AF	0	0.075890	4	2	2	0	0	0	0
AF	0	0.076202	5	4	1	0	0	0	0
AF	0	0.076515	4	2	2	0	0	0	0
AF	0	0.077139	1	1	0	0	0	0	0
AF	0	0.077764	3	2	1	0	0	0	0
AF	0	0.078701	1	1	0	0	0	0	0
AF	0	0.079013	2	1	1	0	0	0	0
AF	0	0.079638	2	1	1	0	0	0	0
AF	0	0.079950	2	1	1	0	0	0	0
AF	0	0.080887	2	1	1	0	0	0	0
AF	0	0.081199	1	1	0	0	0	0	0
AF	0	0.081824	1	0	1	0	0	0	0
AF	0	0.082448	2	1	1	0	0	0	0
AF	0	0.082761	3	1	2	0	0	0	0
AF	0	0.083073	2	1	1	0	0	0	0
AF	0	0.083698	9	7	2	0	0	0	0
AF	0	0.084010	6	4	2	0	0	0	0
AF	0	0.084322	2	1	1	0	0	0	0
AF	0	0.084947	3	1	2	0	0	0	0
AF	0	0.085259	2	1	1	0	0	0	0
AF	0	0.085572	3	3	0	0	0	0	0
AF	0	0.085884	10	8	2	0	0	0	0
AF	0	0.086196	5	2	3	0	0	0	0
AF	0	0.086508	4	2	2	0	0	0	0
AF	0	0.086821	1	0	1	0	0	0	0
AF	0	0.087133	3	1	2	0	0	0	0
AF	0	0.087445	1	1	0	0	0	0	0
AF	0	0.087758	7	5	2	0	0	0	0
AF	0	0.088070	1	1	0	0	0	0	0
AF	0	0.088382	1	0	1	0	0	0	0
AF	0	0.088695	1	1	0	0	0	0	0
AF	0	0.089319	1	1	0	0	0	0	0
AF	0	0.089631	2	1	1	0	0	0	0
AF	0	0.089944	1	1	0	0	0	0	0
AF	0	0.090256	6	3	3	0	0	0	0
AF	0	0.091818	1	1	0	0	0	0	0
AF	0	0.092130	2	2	0	0	0	0	0
AF	0	0.092755	2	0	2	0	0	0	0
AF	0	0.093067	1	0	1	0	0	0	0
AF	0	0.093379	1	1	0	0	0	0	0
AF	0	0.094004	2	1	1	0	0	0	0
AF	0	0.095253	1	1	0	0	0	0	0
AF	0	0.095878	1	1	0	0	0	0	0
AF	0	0.096502	1	0	1	0	0	0	0
AF	0	0.096814	1	1	0	0	0	0	0
AF	0	0.097127	2	2	0	0	0	0	0
AF	0	0.097439	1	1	0	0	0	0	0
AF	0	0.097751	1	1	0	0	0	0	0
AF	0	0.098376	17	12	5	0	0	0	0
AF	0	0.098688	5	2	3	0	0	0	0
AF	0	0.099001	1	1	0	0	0	0	0
AF	0	0.099313	1	1	0	0	0	0	0
AF	0	0.099625	9	4	5	0	0	0	0
AF	0	0.100250	1	1	0	0	0	0	0
AF	0	0.101499	1	1	0	0	0	0	0
AF	0	0.102124	1	1	0	0	0	0	0
AF	0	0.103685	1	0	1	0	0	0	0
AF	0	0.103998	1	0	1	0	0	0	0
AF	0	0.104622	1	0	1	0	0	0	0
AF	0	0.105247	2	1	1	0	0	0	0
AF	0	0.105559	1	1	0	0	0	0	0
AF	0	0.106184	1	0	1	0	0	0	0
AF	0	0.106496	1	1	0	0	0	0	0
AF	0	0.107121	1	1	0	0	0	0	0
AF	0	0.107433	1	0	1	0	0	0	0
AF	0	0.107745	1	1	0	0	0	0	0
AF	0	0.108057	1	1	0	0	0	0	0
AF	0	0.108682	1	1	0	0	0	0	0
AF	0	0.108994	1	1	0	0	0	0	0
AF	0	0.109619	7	5	2	0	0	0	0
AF	0	0.109931	1	1	0	0	0	0	0
AF	0	0.110244	1	0	1	0	0	0	0
AF	0	0.110868	3	3	0	0	0	0	0
AF	0	0.111181	1	1	0	0	0	0	0
AF	0	0.111493	1	1	0	0	0	0	0
AF	0	0.111805	1	0	1	0	0	0	0
AF	0	0.112117	2	1	1	0	0	0	0
AF	0	0.112430	3	2	1	0	0	0	0
AF	0	0.112742	1	0	1	0	0	0	0
AF	0	0.113054	2	1	1	0	0	0	0
AF	0	0.113367	1	1	0	0	0	0	0
AF	0	0.113679	4	2	2	0	0	0	0
AF	0	0.113991	5	4	1	0	0	0	0
AF	0	0.114304	8	6	2	0	0	0	0
AF	0	0.114616	5	3	2	0	0	0	0
AF	0	0.114928	4	3	1	0	0	0	0
AF	0	0.115240	1	1	0	0	0	0	0
AF	0	0.115553	2	1	1	0	0	0	0
AF	0	0.115865	1	1	0	0	0	0	0
AF	0	0.116802	2	2	0	0	0	0	0
AF	0	0.117114	1	1	0	0	0	0	0
AF	0	0.117427	8	5	3	0	0	0	0
AF	0	0.117739	1	0	1	0	0	0	0
AF	0	0.118051	1	1	0	0	0	0	0
AF	0	0.118364	1	1	0	0	0	0	0
AF	0	0.118676	5	1	4	0	0	0	0
AF	0	0.118988	1	1	0	0	0	0	0
AF	0	0.119300	3	1	2	0	0	0	0
AF	0	0.119613	4	3	1	0	0	0	0
AF	0	0.119925	3	1	2	0	0	0	0
AF	0	0.120237	1	1	0	0	0	0	0
AF	0	0.120550	2	2	0	0	0	0	0
AF	0	0.120862	2	2	0	0	0	0	0
AF	0	0.121174	3	2	1	0	0	0	0
AF	0	0.122111	1	1	0	0	0	0	0
AF	0	0.122423	5	4	1	0	0	0	0
AF	0	0.123048	2	1	1	0	0	0	0
AF	0	0.123360	2	1	1	0	0	0	0
AF	0	0.123673	4	3	1	0	0	0	0
AF	0	0.124297	2	0	2	0	0	0	0
AF	0	0.124922	3	2	1	0	0	0	0
AF	0	0.125234	6	4	2	0	0	0	0
AF	0	0.125547	3	2	1	0	0	0	0
AF	0	0.125859	1	1	0	0	0	0	0
AF	0	0.126483	3	2	1	0	0	0	0
AF	0	0.126796	2	1	1	0	0	0	0
AF	0	0.127108	5	3	2	0	0	0	0
AF	0	0.127420	4	2	2	0	0	0	0
AF	0	0.127733	3	3	0	0	0	0	0
AF	0	0.128357	1	0	1	0	0	0	0
AF	0	0.128670	1	1	0	0	0	0	0
AF	0	0.130856	1	1	0	0	0	0	0
AF	0	0.132105	1	1	0	0	0	0	0
AF	0	0.132417	1	1	0	0	0	0	0
AF	0	0.133042	1	1	0	0	0	0	0
AF	0	0.133354	1	0	1	0	0	0	0
AF	0	0.133666	1	1	0	0	0	0	0
AF	0	0.134291	2	2	0	0	0	0	0
AF	0	0.134603	2	2	0	0	0	0	0
AF	0	0.134916	2	0	2	0	0	0	0
AF	0	0.135540	2	1	1	0	0	0	0
AF	0	0.137102	1	1	0	0	0	0	0
AF	0	0.137414	1	0	1	0	0	0	0
AF	0	0.137726	1	0	1	0	0	0	0
AF	0	0.138039	8	7	1	0	0	0	0
AF	0	0.138351	5	5	0	0	0	0	0
AF	0	0.138663	4	3	1	0	0	0	0
AF	0	0.138976	1	1	0	0	0	0	0
AF	0	0.142099	1	0	1	0	0	0	0
AF	0	0.142411	2	2	0	0	0	0	0
AF	0	0.143036	3	3	0	0	0	0	0
AF	0	0.143660	1	1	0	0	0	0	0
AF	0	0.144285	1	1	0	0	0	0	0
AF	0	0.144909	1	0	1	0	0	0	0
AF	0	0.145222	1	1	0	0	0	0	0
AF	0	0.145534	2	2	0	0	0	0	0
AF	0	0.146159	2	2	0	0	0	0	0
AF	0	0.146783	1	1	0	0	0	0	0
AF	0	0.147408	1	0	1	0	0	0	0
AF	0	0.147720	1	1	0	0	0	0	0
AF	0	0.148032	2	2	0	0	0	0	0
AF	0	0.149906	1	0	1	0	0	0	0
AF	0	0.150219	1	0	1	0	0	0	0
AF	0	0.150531	2	0	2	0	0	0	0
AF	0	0.151156	5	5	0	0	0	0	0
AF	0	0.151468	2	0	2	0	0	0	0
AF	0	0.151780	1	1	0	0	0	0	0
AF	0	0.152405	2	2	0	0	0	0	0
AF	0	0.152717	1	1	0	0	0	0	0
AF	0	0.153029	1	0	1	0	0	0	0
AF	0	0.153342	1	1	0	0	0	0	0
AF	0	0.153654	4	3	1	0	0	0	0
AF	0	0.154279	1	1	0	0	0	0	0
AF	0	0.155528	2	2	0	0	0	0	0
AF	0	0.156152	2	2	0	0	0	0	0
AF	0	0.156465	3	1	2	0	0	0	0
AF	0	0.156777	2	1	1	0	0	0	0
AF	0	0.157402	1	0	1	0	0	0	0
AF	0	0.158026	1	0	1	0	0	0	0
AF	0	0.158339	1	1	0	0	0	0	0
AF	0	0.159275	1	1	0	0	0	0	0
AF	0	0.159588	1	0	1	0	0	0	0
AF	0	0.160525	6	5	1	0	0	0	0
AF	0	0.160837	4	2	2	0	0	0	0
AF	0	0.161149	5	4	1	0	0	0	0
AF	0	0.161462	4	2	2	0	0	0	0
AF	0	0.161774	7	3	4	0	0	0	0
AF	0	0.162086	3	2	1	0	0	0	0
AF	0	0.162399	3	0	3	0	0	0	0
AF	0	0.162711	2	1	1	0	0	0	0
AF	0	0.163023	2	1	1	0	0	0	0
AF	0	0.163335	1	1	0	0	0	0	0
AF	0	0.164272	2	0	2	0	0	0	0
AF	0	0.164897	2	2	0	0	0	0	0
AF	0	0.165209	2	0	2	0	0	0	0
AF	0	0.165522	5	3	2	0	0	0	0
AF	0	0.168332	1	0	1	0	0	0	0
AF	0	0.168645	4	2	2	0	0	0	0
AF	0	0.169269	1	1	0	0	0	0	0
AF	0	0.169582	1	1	0	0	0	0	0
AF	0	0.169894	2	2	0	0	0	0	0
AF	0	0.170206	3	1	2	0	0	0	0
AF	0	0.170518	2	0	2	0	0	0	0
AF	0	0.170831	2	2	0	0	0	0	0
AF	0	0.171143	1	1	0	0	0	0	0
AF	0	0.172392	6	4	2	0	0	0	0
AF	0	0.172705	7	6	1	0	0	0	0
AF	0	0.173017	2	1	1	0	0	0	0
AF	0	0.173641	1	1	0	0	0	0	0
AF	0	0.174578	1	1	0	0	0	0	0
AF	0	0.174891	1	1	0	0	0	0	0
AF	0	0.177389	2	0	2	0	0	0	0
AF	0	0.177701	1	1	0	0	0	0	0
AF	0	0.179263	1	1	0	0	0	0	0
AF	0	0.179888	1	1	0	0	0	0	0
AF	0	0.181761	1	0	1	0	0	0	0
AF	0	0.184884	1	1	0	0	0	0	0
AF	0	0.185821	1	0	1	0	0	0	0
AF	0	0.186758	1	0	1	0	0	0	0
AF	0	0.187071	1	0	1	0	0	0	0
AF	0	0.188007	1	1	0	0	0	0	0
AF	0	0.189257	4	1	3	0	0	0	0
AF	0	0.189569	3	3	0	0	0	0	0
AF	0	0.189881	4	1	3	0	0	0	0
AF	0	0.190194	1	0	1	0	0	0	0
AF	0	0.190506	2	1	1	0	0	0	0
AF	0	0.190818	1	0	1	0	0	0	0
AF	0	0.191131	1	1	0	0	0	0	0
AF	0	0.192380	1	1	0	0	0	0	0
AF	0	0.192692	2	0	2	0	0	0	0
AF	0	0.193004	2	2	0	0	0	0	0
AF	0	0.194878	11	5	6	0	0	0	0
AF	0	0.195191	7	6	1	0	0	0	0
AF	0	0.195503	5	4	1	0	0	0	0
AF	0	0.196752	3	3	0	0	0	0	0
AF	0	0.197064	1	1	0	0	0	0	0
AF	0	0.197377	1	1	0	0	0	0	0
AF	0	0.197689	1	0	1	0	0	0	0
AF	0	0.198001	1	0	1	0	0	0	0
AF	0	0.198314	1	1	0	0	0	0	0
AF	0	0.198626	1	1	0	0	0	0	0
AF	0	0.199250	4	3	1	0	0	0	0
AF	0	0.199563	3	2	1	0	0	0	0
AF	0	0.199875	1	1	0	0	0	0	0
AF	0	0.203310	1	1	0	0	0	0	0
AF	0	0.203623	1	0	1	0	0	0	0
AF	0	0.205184	1	1	0	0	0	0	0
AF	0	0.207370	1	0	1	0	0	0	0
AF	0	0.208932	1	0	1	0	0	0	0
AF	0	0.209557	1	0	1	0	0	0	0
AF	0	0.210181	4	4	0	0	0	0	0
AF	0	0.210493	3	3	0	0	0	0	0
AF	0	0.210806	1	0	1	0	0	0	0
AF	0	0.211118	1	1	0	0	0	0	0
AF	0	0.211743	2	1	1	0	0	0	0
AF	0	0.212367	4	2	2	0	0	0	0
AF	0	0.212992	2	2	0	0	0	0	0
AF	0	0.213616	1	0	1	0	0	0	0
AF	0	0.213929	1	1	0	0	0	0	0
AF	0	0.214241	1	0	1	0	0	0	0
AF	0	0.214553	1	1	0	0	0	0	0
AF	0	0.214866	2	2	0	0	0	0	0
AF	0	0.215178	1	1	0	0	0	0	0
AF	0	0.215490	3	2	1	0	0	0	0
AF	0	0.215803	2	2	0	0	0	0	0
AF	0	0.216115	1	1	0	0	0	0	0
AF	0	0.216427	2	2	0	0	0	0	0
AF	0	0.216740	3	2	1	0	0	0	0
AF	0	0.217989	5	5	0	0	0	0	0
AF	0	0.218613	1	1	0	0	0	0	0
AF	0	0.218926	2	0	2	0	0	0	0
AF	0	0.219238	2	1	1	0	0	0	0
AF	0	0.222361	1	1	0	0	0	0	0
AF	0	0.222673	1	1	0	0	0	0	0
AF	0	0.223298	1	1	0	0	0	0	0
AF	0	0.223610	1	0	1	0	0	0	0
AF	0	0.224859	1	1	0	0	0	0	0
AF	0	0.225172	3	0	3	0	0	0	0
AF	0	0.225796	2	1	1	0	0	0	0
AF	0	0.226421	1	1	0	0	0	0	0
AF	0	0.226733	1	1	0	0	0	0	0
AF	0	0.227358	1	1	0	0	0	0	0
AF	0	0.227670	4	2	2	0	0	0	0
AF	0	0.227983	1	0	1	0	0	0	0
AF	0	0.229544	5	4	1	0	0	0	0
AF	0	0.230169	1	0	1	0	0	0	0
AF	0	0.230481	2	2	0	0	0	0	0
AF	0	0.230793	1	1	0	0	0	0	0
AF	0	0.231418	3	2	1	0	0	0	0
AF	0	0.232667	1	1	0	0	0	0	0
AF	0	0.232979	1	1	0	0	0	0	0
AF	0	0.237039	2	2	0	0	0	0	0
AF	0	0.237352	2	2	0	0	0	0	0
AF	0	0.237664	2	1	1	0	0	0	0
AF	0	0.237976	1	0	1	0	0	0	0
AF	0	0.239225	4	2	2	0	0	0	0
AF	0	0.239538	3	0	3	0	0	0	0
AF	0	0.239850	2	2	0	0	0	0	0
AF	0	0.241412	1	0	1	0	0	0	0
AF	0	0.241724	3	2	1	0	0	0	0
AF	0	0.242036	1	1	0	0	0	0	0
AF	0	0.242661	1	0	1	0	0	0	0
AF	0	0.243285	1	1	0	0	0	0	0
AF	0	0.243910	3	1	2	0	0	0	0
AF	0	0.244222	1	1	0	0	0	0	0
AF	0	0.244535	2	1	1	0	0	0	0
AF	0	0.245159	2	0	2	0	0	0	0
AF	0	0.245784	1	0	1	0	0	0	0
AF	0	0.246096	1	1	0	0	0	0	0
AF	0	0.247033	1	1	0	0	0	0	0
AF	0	0.247658	1	1	0	0	0	0	0
AF	0	0.248282	1	0	1	0	0	0	0
AF	0	0.248907	2	2	0	0	0	0	0
AF	0	0.250156	1	1	0	0	0	0	0
AF	0	0.250468	1	1	0	0	0	0	0
AF	0	0.251405	1	1	0	0	0	0	0
AF	0	0.253279	1	1	0	0	0	0	0
AF	0	0.253904	1	0	1	0	0	0	0
AF	0	0.254528	1	1	0	0	0	0	0
AF	0	0.254841	1	1	0	0	0	0	0
AF	0	0.255153	1	1	0	0	0	0	0
AF	0	0.255465	2	1	1	0	0	0	0
AF	0	0.255778	1	1	0	0	0	0	0
AF	0	0.256090	1	0	1	0	0	0	0
AF	0	0.256402	5	1	4	0	0	0	0
AF	0	0.256715	2	1	1	0	0	0	0
AF	0	0.257027	5	5	0	0	0	0	0
AF	0	0.257651	2	2	0	0	0	0	0
AF	0	0.258276	1	0	1	0	0	0	0
AF	0	0.260462	1	1	0	0	0	0	0
AF	0	0.260775	1	1	0	0	0	0	0
AF	0	0.261087	1	0	1	0	0	0	0
AF	0	0.261711	1	1	0	0	0	0	0
AF	0	0.262648	1	0	1	0	0	0	0
AF	0	0.262961	2	0	2	0	0	0	0
AF	0	0.263273	4	2	2	0	0	0	0
AF	0	0.263585	2	2	0	0	0	0	0
AF	0	0.263898	2	2	0	0	0	0	0
AF	0	0.264522	1	0	1	0	0	0	0
AF	0	0.265147	1	1	0	0	0	0	0
AF	0	0.265459	2	1	1	0	0	0	0
AF	0	0.265771	2	0	2	0	0	0	0
AF	0	0.266396	14	9	5	0	0	0	0
AF	0	0.266708	7	3	4	0	0	0	0
AF	0	0.267021	24	14	10	0	0	0	0
AF	0	0.267333	2	0	2	0	0	0	0
AF	0	0.267645	1	1	0	0	0	0	0
AF	0	0.267958	1	1	0	0	0	0	0
AF	0	0.269207	2	2	0	0	0	0	0
AF	0	0.270456	1	1	0	0	0	0	0
AF	0	0.270768	2	2	0	0	0	0	0
AF	0	0.271081	1	0	1	0	0	0	0
AF	0	0.272330	1	1	0	0	0	0	0
AF	0	0.272642	1	1	0	0	0	0	0
AF	0	0.274516	2	2	0	0	0	0	0
AF	0	0.275453	1	0	1	0	0	0	0
AF	0	0.275765	2	2	0	0	0	0	0
AF	0	0.276077	2	0	2	0	0	0	0
AF	0	0.276390	1	1	0	0	0	0	0
AF	0	0.278264	3	3	0	0	0	0	0
AF	0	0.280450	1	1	0	0	0	0	0
AF	0	0.282011	1	1	0	0	0	0	0
AF	0	0.284822	1	0	1	0	0	0	0
AF	0	0.288257	1	1	0	0	0	0	0
AF	0	0.290131	1	0	1	0	0	0	0
AF	0	0.290756	1	0	1	0	0	0	0
AF	0	0.291380	1	1	0	0	0	0	0
AF	0	0.292005	1	1	0	0	0	0	0
AF	0	0.292630	1	0	1	0	0	0	0
AF	0	0.292942	1	1	0	0	0	0	0
AF	0	0.293254	1	0	1	0	0	0	0
AF	0	0.293879	1	1	0	0	0	0	0
AF	0	0.294503	2	1	1	0	0	0	0
AF	0	0.295440	3	2	1	0	0	0	0
AF	0	0.295753	1	1	0	0	0	0	0
AF	0	0.299500	2	1	1	0	0	0	0
AF	0	0.304497	1	1	0	0	0	0	0
AF	0	0.308245	1	0	1	0	0	0	0
AF	0	0.308557	1	1	0	0	0	0	0
AF	0	0.309182	1	1	0	0	0	0	0
AF	0	0.309494	1	1	0	0	0	0	0
AF	0	0.309806	1	1	0	0	0	0	0
AF	0	0.311993	1	0	1	0	0	0	0
AF	0	0.316365	1	0	1	0	0	0	0
AF	0	0.317614	2	1	1	0	0	0	0
AF	0	0.318239	1	1	0	0	0	0	0
AF	0	0.318863	3	2	1	0	0	0	0
AF	0	0.319176	1	1	0	0	0	0	0
AF	0	0.319488	2	2	0	0	0	0	0
AF	0	0.320112	1	1	0	0	0	0	0
AF	0	0.321049	1	1	0	0	0	0	0
AF	0	0.321986	1	1	0	0	0	0	0
AF	0	0.322299	1	1	0	0	0	0	0
AF	0	0.323235	1	1	0	0	0	0	0
AF	0	0.323548	2	0	2	0	0	0	0
AF	0	0.323860	2	2	0	0	0	0	0
AF	0	0.324485	1	1	0	0	0	0	0
AF	0	0.325422	1	1	0	0	0	0	0
AF	0	0.325734	2	1	1	0	0	0	0
AF	0	0.326046	3	3	0	0	0	0	0
AF	0	0.326359	3	0	3	0	0	0	0
AF	0	0.326671	1	1	0	0	0	0	0
AF	0	0.327920	2	1	1	0	0	0	0
AF	0	0.328232	1	0	1	0	0	0	0
AF	0	0.328857	3	2	1	0	0	0	0
AF	0	0.329169	4	0	4	0	0	0	0
AF	0	0.329482	3	3	0	0	0	0	0
AF	0	0.330418	2	2	0	0	0	0	0
AF	0	0.332605	1	1	0	0	0	0	0
AF	0	0.333542	3	0	3	0	0	0	0
AF	0	0.333854	1	0	1	0	0	0	0
AF	0	0.334166	5	4	1	0	0	0	0
AF	0	0.334478	2	1	1	0	0	0	0
AF	0	0.334791	1	1	0	0	0	0	0
AF	0	0.335103	4	2	2	0	0	0	0
AF	0	0.335415	7	5	2	0	0	0	0
AF	0	0.335728	8	6	2	0	0	0	0
AF	0	0.336040	2	1	1	0	0	0	0
AF	0	0.336352	1	1	0	0	0	0	0
AF	0	0.336665	2	1	1	0	0	0	0
AF	0	0.336977	2	2	0	0	0	0	0
AF	0	0.340100	1	1	0	0	0	0	0
AF	0	0.340725	3	2	1	0	0	0	0
AF	0	0.341037	29	13	16	0	0	0	0
AF	0	0.341661	18	12	6	0	0	0	0
AF	0	0.341974	3	2	1	0	0	0	0
AF	0	0.342286	3	1	2	0	0	0	0
AF	0	0.344785	1	0	1	0	0	0	0
AF	0	0.345409	1	0	1	0	0	0	0
AF	0	0.346658	1	0	1	0	0	0	0
AF	0	0.347908	1	0	1	0	0	0	0
AF	0	0.348220	2	2	0	0	0	0	0
AF	0	0.354778	1	1	0	0	0	0	0
AF	0	0.356027	1	1	0	0	0	0	0
AF	0	0.358214	1	1	0	0	0	0	0
AF	0	0.359151	1	1	0	0	0	0	0
AF	0	0.359775	2	2	0	0	0	0	0
AF	0	0.361024	1	1	0	0	0	0	0
AF	0	0.362274	1	0	1	0	0	0	0
AF	0	0.362586	3	1	2	0	0	0	0
AF	0	0.365397	1	1	0	0	0	0	0
AF	0	0.366021	1	1	0	0	0	0	0
AF	0	0.367895	2	2	0	0	0	0	0
AF	0	0.368207	1	0	1	0	0	0	0
AF	0	0.369457	1	0	1	0	0	0	0
AF	0	0.369769	1	1	0	0	0	0	0
AF	0	0.370081	2	2	0	0	0	0	0
AF	0	0.370394	1	1	0	0	0	0	0
AF	0	0.370706	1	0	1	0	0	0	0
AF	0	0.371018	2	2	0	0	0	0	0
AF	0	0.371955	1	1	0	0	0	0	0
AF	0	0.372892	3	1	2	0	0	0	0
AF	0	0.373204	1	0	1	0	0	0	0
AF	0	0.373517	1	1	0	0	0	0	0
AF	0	0.374141	1	1	0	0	0	0	0
AF	0	0.374453	2	1	1	0	0	0	0
AF	0	0.374766	1	1	0	0	0	0	0
AF	0	0.375390	1	0	1	0	0	0	0
AF	0	0.376015	1	1	0	0	0	0	0
AF	0	0.376327	2	2	0	0	0	0	0
AF	0	0.376640	2	1	1	0	0	0	0
AF	0	0.377889	1	1	0	0	0	0	0
AF	0	0.379138	1	1	0	0	0	0	0
AF	0	0.379450	1	0	1	0	0	0	0
AF	0	0.380075	1	1	0	0	0	0	0
AF	0	0.381012	1	1	0	0	0	0	0
AF	0	0.381636	2	1	1	0	0	0	0
AF	0	0.382261	1	1	0	0	0	0	0
AF	0	0.382886	2	0	2	0	0	0	0
AF	0	0.384135	1	1	0	0	0	0	0
AF	0	0.385384	2	2	0	0	0	0	0
AF	0	0.385696	1	1	0	0	0	0	0
AF	0	0.386009	1	1	0	0	0	0	0
AF	0	0.387258	2	1	1	0	0	0	0
AF	0	0.392255	1	0	1	0	0	0	0
AF	0	0.392567	1	0	1	0	0	0	0
AF	0	0.392879	1	1	0	0	0	0	0
AF	0	0.393192	1	1	0	0	0	0	0
AF	0	0.393504	3	2	1	0	0	0	0
AF	0	0.393816	9	5	4	0	0	0	0
AF	0	0.394129	11	7	4	0	0	0	0
AF	0	0.394441	2	1	1	0	0	0	0
AF	0	0.394753	6	4	2	0	0	0	0
AF	0	0.395066	1	0	1	0	0	0	0
AF	0	0.395378	2	2	0	0	0	0	0
AF	0	0.396002	1	0	1	0	0	0	0
AF	0	0.397564	1	1	0	0	0	0	0
AF	0	0.397876	1	0	1	0	0	0	0
AF	0	0.400999	1	0	1	0	0	0	0
AF	0	0.403810	2	2	0	0	0	0	0
AF	0	0.404122	1	1	0	0	0	0	0
AF	0	0.408182	1	1	0	0	0	0	0
AF	0	0.408495	1	0	1	0	0	0	0
AF	0	0.409119	3	2	1	0	0	0	0
AF	0	0.409432	1	1	0	0	0	0	0
AF	0	0.409744	1	1	0	0	0	0	0
AF	0	0.410681	1	1	0	0	0	0	0
AF	0	0.411930	1	1	0	0	0	0	0
AF	0	0.412242	2	0	2	0	0	0	0
AF	0	0.412555	2	2	0	0	0	0	0
AF	0	0.412867	1	0	1	0	0	0	0
AF	0	0.415365	1	1	0	0	0	0	0
AF	0	0.422236	2	1	1	0	0	0	0
AF	0	0.425359	1	1	0	0	0	0	0
AF	0	0.427858	1	1	0	0	0	0	0
AF	0	0.431293	1	1	0	0	0	0	0
AF	0	0.434728	1	0	1	0	0	0	0
AF	0	0.435978	3	3	0	0	0	0	0
AF	0	0.437539	2	1	1	0	0	0	0
AF	0	0.440350	1	0	1	0	0	0	0
AF	0	0.447533	1	1	0	0	0	0	0
AF	0	0.448157	1	1	0	0	0	0	0
AF	0	0.448470	1	0	1	0	0	0	0
AF	0	0.448782	1	0	1	0	0	0	0
AF	0	0.450031	1	1	0	0	0	0	0
AF	0	0.451593	1	1	0	0	0	0	0
AF	0	0.452217	1	1	0	0	0	0	0
AF	0	0.452530	1	0	1	0	0	0	0
AF	0	0.453154	1	0	1	0	0	0	0
AF	0	0.453779	9	8	1	0	0	0	0
AF	0	0.454091	4	3	1	0	0	0	0
AF	0	0.454403	1	1	0	0	0	0	0
AF	0	0.455965	1	1	0	0	0	0	0
AF	0	0.456902	1	1	0	0	0	0	0
AF	0	0.458151	1	0	1	0	0	0	0
AF	0	0.459400	1	1	0	0	0	0	0
AF	0	0.460025	1	0	1	0	0	0	0
AF	0	0.460650	1	0	1	0	0	0	0
AF	0	0.460962	1	0	1	0	0	0	0
AF	0	0.461274	1	1	0	0	0	0	0
AF	0	0.463773	1	1	0	0	0	0	0
AF	0	0.464397	1	1	0	0	0	0	0
AF	0	0.464710	1	0	1	0	0	0	0
AF	0	0.465022	7	3	4	0	0	0	0
AF	0	0.465334	1	1	0	0	0	0	0
AF	0	0.469706	1	1	0	0	0	0	0
AF	0	0.471268	1	0	1	0	0	0	0
AF	0	0.472829	1	0	1	0	0	0	0
AF	0	0.473142	1	1	0	0	0	0	0
AF	0	0.476889	1	0	1	0	0	0	0
AF	0	0.478139	1	1	0	0	0	0	0
AF	0	0.478763	1	1	0	0	0	0	0
AF	0	0.480012	1	1	0	0	0	0	0
AF	0	0.481262	6	3	3	0	0	0	0
AF	0	0.481886	4	4	0	0	0	0	0
AF	0	0.482511	1	1	0	0	0	0	0
AF	0	0.483136	1	0	1	0	0	0	0
AF	0	0.484385	1	1	0	0	0	0	0
AF	0	0.485009	1	0	1	0	0	0	0
AF	0	0.489694	1	1	0	0	0	0	0
AF	0	0.490006	1	0	1	0	0	0	0
AF	0	0.492192	1	1	0	0	0	0	0
AF	0	0.493129	2	1	1	0	0	0	0
AF	0	0.494379	1	1	0	0	0	0	0
AF	0	0.495003	1	1	0	0	0	0	0
AF	0	0.496565	1	1	0	0	0	0	0
AF	0	0.497814	1	1	0	0	0	0	0
AF	0	0.498751	2	2	0	0	0	0	0
AF	0	0.504372	1	1	0	0	0	0	0
AF	0	0.511243	1	0	1	0	0	0	0
AF	0	0.514054	1	0	1	0	0	0	0
AF	0	0.514366	2	1	1	0	0	0	0
AF	0	0.519363	1	1	0	0	0	0	0
AF	0	0.519988	1	1	0	0	0	0	0
AF	0	0.520300	1	1	0	0	0	0	0
AF	0	0.522174	1	1	0	0	0	0	0
AF	0	0.524984	3	3	0	0	0	0	0
AF	0	0.525609	1	1	0	0	0	0	0
AF	0	0.527795	2	2	0	0	0	0	0
AF	0	0.528107	7	4	3	0	0	0	0
AF	0	0.529044	1	1	0	0	0	0	0
AF	0	0.529357	1	0	1	0	0	0	0
AF	0	0.531543	1	1	0	0	0	0	0
AF	0	0.534978	1	1	0	0	0	0	0
AF	0	0.535290	1	0	1	0	0	0	0
AF	0	0.536540	1	1	0	0	0	0	0
AF	0	0.539350	1	1	0	0	0	0	0
AF	0	0.539975	1	1	0	0	0	0	0
AF	0	0.546846	1	0	1	0	0	0	0
AF	0	0.551530	1	1	0	0	0	0	0
AF	0	0.553716	1	1	0	0	0	0	0
AF	0	0.554341	2	1	1	0	0	0	0
AF	0	0.554966	1	1	0	0	0	0	0
AF	0	0.559026	1	1	0	0	0	0	0
AF	0	0.559650	1	1	0	0	0	0	0
AF	0	0.563398	1	1	0	0	0	0	0
AF	0	0.564647	2	1	1	0	0	0	0
AF	0	0.565584	1	1	0	0	0	0	0
AF	0	0.565896	2	2	0	0	0	0	0
AF	0	0.566209	1	1	0	0	0	0	0
AF	0	0.567770	1	0	1	0	0	0	0
AF	0	0.568707	1	0	1	0	0	0	0
AF	0	0.569332	1	1	0	0	0	0	0
AF	0	0.569644	1	1	0	0	0	0	0
AF	0	0.576202	1	0	1	0	0	0	0
AF	0	0.577764	1	1	0	0	0	0	0
AF	0	0.582136	1	1	0	0	0	0	0
AF	0	0.583698	1	0	1	0	0	0	0
AF	0	0.586508	1	0	1	0	0	0	0
AF	0	0.587758	1	1	0	0	0	0	0
AF	0	0.590256	1	1	0	0	0	0	0
AF	0	0.597439	1	0	1	0	0	0	0
AF	0	0.597751	1	1	0	0	0	0	0
AF	0	0.605871	1	1	0	0	0	0	0
AF	0	0.607121	1	0	1	0	0	0	0
AF	0	0.607433	1	0	1	0	0	0	0
AF	0	0.609931	1	1	0	0	0	0	0
AF	0	0.615865	1	1	0	0	0	0	0
AF	0	0.617114	2	1	1	0	0	0	0
AF	0	0.619300	1	1	0	0	0	0	0
AF	0	0.619613	4	3	1	0	0	0	0
AF	0	0.619925	3	1	2	0	0	0	0
AF	0	0.620862	1	1	0	0	0	0	0
AF	0	0.621174	1	0	1	0	0	0	0
AF	0	0.623673	1	1	0	0	0	0	0
AF	0	0.625859	1	1	0	0	0	0	0
AF	0	0.626796	1	1	0	0	0	0	0
AF	0	0.627108	1	0	1	0	0	0	0
AF	0	0.628357	1	1	0	0	0	0	0
AF	0	0.632730	1	0	1	0	0	0	0
AF	0	0.633979	1	0	1	0	0	0	0
AF	0	0.635540	1	0	1	0	0	0	0
AF	0	0.645222	1	0	1	0	0	0	0
AF	0	0.645846	1	0	1	0	0	0	0
AF	0	0.646471	6	4	2	0	0	0	0
AF	0	0.646783	5	2	3	0	0	0	0
AF	0	0.647096	3	2	1	0	0	0	0
AF	0	0.647408	2	2	0	0	0	0	0
AF	0	0.647720	2	2	0	0	0	0	0
AF	0	0.648345	4	4	0	0	0	0	0
AF	0	0.649594	1	1	0	0	0	0	0
AF	0	0.651780	1	0	1	0	0	0	0
AF	0	0.652092	1	1	0	0	0	0	0
AF	0	0.652717	1	1	0	0	0	0	0
AF	0	0.653342	1	0	1	0	0	0	0
AF	0	0.654591	2	2	0	0	0	0	0
AF	0	0.655215	9	9	0	0	0	0	0
AF	0	0.655528	4	2	2	0	0	0	0
AF	0	0.656152	1	1	0	0	0	0	0
AF	0	0.656465	1	1	0	0	0	0	0
AF	0	0.656777	4	3	1	0	0	0	0
AF	0	0.657089	7	4	3	0	0	0	0
AF	0	0.657402	4	3	1	0	0	0	0
AF	0	0.657714	1	0	1	0	0	0	0
AF	0	0.658026	6	4	2	0	0	0	0
AF	0	0.658339	6	5	1	0	0	0	0
AF	0	0.659588	3	3	0	0	0	0	0
AF	0	0.659900	4	3	1	0	0	0	0
AF	0	0.660212	3	1	2	0	0	0	0
AF	0	0.660837	2	2	0	0	0	0	0
AF	0	0.662086	1	1	0	0	0	0	0
AF	0	0.662399	1	0	1	0	0	0	0
AF	0	0.663023	1	0	1	0	0	0	0
AF	0	0.663335	7	3	4	0	0	0	0
AF	0	0.663648	6	4	2	0	0	0	0
AF	0	0.663960	2	1	1	0	0	0	0
AF	0	0.664585	7	5	2	0	0	0	0
AF	0	0.664897	5	3	2	0	0	0	0
AF	0	0.665209	13	5	8	0	0	0	0
AF	0	0.665522	10	9	1	0	0	0	0
AF	0	0.665834	21	14	7	0	0	0	0
AF	0	0.666146	3	0	3	0	0	0	0
AF	0	0.666458	4	4	0	0	0	0	0
AF	0	0.666771	8	6	2	0	0	0	0
AF	0	0.667083	12	9	3	0	0	0	0
AF	0	0.667395	5	3	2	0	0	0	0
AF	0	0.667708	3	3	0	0	0	0	0
AF	0	0.668020	8	5	3	0	0	0	0
AF	0	0.669269	1	1	0	0	0	0	0
AF	0	0.669894	1	0	1	0	0	0	0
AF	0	0.671143	2	1	1	0	0	0	0
AF	0	0.671768	1	1	0	0	0	0	0
AF	0	0.672392	5	3	2	0	0	0	0
AF	0	0.672705	9	7	2	0	0	0	0
AF	0	0.673017	45	30	15	0	0	0	0
AF	0	0.673329	1	1	0	0	0	0	0
AF	0	0.673641	1	1	0	0	0	0	0
AF	0	0.674266	1	0	1	0	0	0	0
AF	0	0.675515	1	1	0	0	0	0	0
AF	0	0.682386	1	1	0	0	0	0	0
AF	0	0.682698	2	2	0	0	0	0	0
AF	0	0.683011	3	1	2	0	0	0	0
AF	0	0.683323	1	1	0	0	0	0	0
AF	0	0.687071	1	1	0	0	0	0	0
AF	0	0.694566	1	0	1	0	0	0	0
AF	0	0.696127	1	1	0	0	0	0	0
AF	0	0.696752	1	0	1	0	0	0	0
AF	0	0.698314	1	0	1	0	0	0	0
AF	0	0.700500	1	1	0	0	0	0	0
AF	0	0.701749	1	0	1	0	0	0	0
AF	0	0.702374	2	1	1	0	0	0	0
AF	0	0.706121	1	1	0	0	0	0	0
AF	0	0.706746	3	3	0	0	0	0	0
AF	0	0.707058	2	1	1	0	0	0	0
AF	0	0.707683	1	0	1	0	0	0	0
AF	0	0.709244	1	0	1	0	0	0	0
AF	0	0.715803	1	1	0	0	0	0	0
AF	0	0.717989	3	2	1	0	0	0	0
AF	0	0.718301	1	1	0	0	0	0	0
AF	0	0.718613	8	4	4	0	0	0	0
AF	0	0.718926	1	0	1	0	0	0	0
AF	0	0.720800	1	0	1	0	0	0	0
AF	0	0.721424	1	1	0	0	0	0	0
AF	0	0.726421	1	1	0	0	0	0	0
AF	0	0.738913	1	0	1	0	0	0	0
AF	0	0.739850	1	0	1	0	0	0	0
AF	0	0.740475	1	1	0	0	0	0	0
AF	0	0.742349	1	1	0	0	0	0	0
AF	0	0.743910	1	1	0	0	0	0	0
AF	0	0.745159	1	1	0	0	0	0	0
AF	0	0.753592	1	1	0	0	0	0	0
AF	0	0.759525	1	1	0	0	0	0	0
AF	0	0.759838	1	1	0	0	0	0	0
AF	0	0.760775	1	0	1	0	0	0	0
AF	0	0.761711	3	3	0	0	0	0	0
AF	0	0.762024	2	1	1	0	0	0	0
AF	0	0.762336	1	1	0	0	0	0	0
AF	0	0.763585	1	0	1	0	0	0	0
AF	0	0.766084	1	1	0	0	0	0	0
AF	0	0.767333	1	1	0	0	0	0	0
AF	0	0.769207	1	1	0	0	0	0	0
AF	0	0.769519	1	1	0	0	0	0	0
AF	0	0.770456	2	2	0	0	0	0	0
AF	0	0.776077	1	1	0	0	0	0	0
AF	0	0.780762	2	2	0	0	0	0	0
AF	0	0.781387	1	0	1	0	0	0	0
AF	0	0.783260	1	1	0	0	0	0	0
AF	0	0.784822	1	1	0	0	0	0	0
AF	0	0.785134	1	0	1	0	0	0	0
AF	0	0.785759	1	0	1	0	0	0	0
AF	0	0.787008	1	1	0	0	0	0	0
AF	0	0.787320	1	0	1	0	0	0	0
AF	0	0.787633	2	2	0	0	0	0	0
AF	0	0.787945	1	1	0	0	0	0	0
AF	0	0.788257	1	0	1	0	0	0	0
AF	0	0.788570	1	1	0	0	0	0	0
AF	0	0.790131	1	1	0	0	0	0	0
AF	0	0.791380	1	1	0	0	0	0	0
AF	0	0.793879	1	0	1	0	0	0	0
AF	0	0.795753	1	1	0	0	0	0	0
AF	0	0.796377	1	1	0	0	0	0	0
AF	0	0.797002	1	1	0	0	0	0	0
AF	0	0.797314	1	1	0	0	0	0	0
AF	0	0.799500	1	1	0	0	0	0	0
AF	0	0.817926	1	1	0	0	0	0	0
AF	0	0.830731	2	2	0	0	0	0	0
AF	0	0.831668	1	1	0	0	0	0	0
AF	0	0.831980	1	0	1	0	0	0	0
AF	0	0.832605	4	3	1	0	0	0	0
AF	0	0.837914	1	1	0	0	0	0	0
AF	0	0.845721	1	0	1	0	0	0	0
AF	0	0.847595	1	1	0	0	0	0	0
AF	0	0.847908	1	1	0	0	0	0	0
AF	0	0.848220	1	1	0	0	0	0	0
AF	0	0.850094	1	0	1	0	0	0	0
AF	0	0.850406	3	3	0	0	0	0	0
AF	0	0.850718	8	5	3	0	0	0	0
AF	0	0.851031	1	1	0	0	0	0	0
AF	0	0.851343	3	3	0	0	0	0	0
AF	0	0.855091	5	3	2	0	0	0	0
AF	0	0.855403	6	4	2	0	0	0	0
AF	0	0.855715	3	2	1	0	0	0	0
AF	0	0.865084	1	1	0	0	0	0	0
AF	0	0.867895	1	1	0	0	0	0	0
AF	0	0.871643	1	1	0	0	0	0	0
AF	0	0.871955	1	1	0	0	0	0	0
AF	0	0.872580	3	1	2	0	0	0	0
AF	0	0.873517	1	1	0	0	0	0	0
AF	0	0.873829	1	0	1	0	0	0	0
AF	0	0.875078	1	0	1	0	0	0	0
AF	0	0.875703	5	1	4	0	0	0	0
AF	0	0.876327	1	0	1	0	0	0	0
AF	0	0.877889	1	0	1	0	0	0	0
AF	0	0.878513	1	0	1	0	0	0	0
AF	0	0.879138	2	2	0	0	0	0	0
AF	0	0.879450	1	0	1	0	0	0	0
AF	0	0.880075	1	0	1	0	0	0	0
AF	0	0.880387	1	0	1	0	0	0	0
AF	0	0.880700	2	1	1	0	0	0	0
AF	0	0.881324	2	1	1	0	0	0	0
AF	0	0.881949	1	1	0	0	0	0	0
AF	0	0.882261	1	1	0	0	0	0	0
AF	0	0.884447	1	1	0	0	0	0	0
AF	0	0.888507	1	0	1	0	0	0	0
AF	0	0.890381	1	1	0	0	0	0	0
AF	0	0.890693	1	1	0	0	0	0	0
AF	0	0.891006	1	1	0	0	0	0	0
AF	0	0.891318	2	0	2	0	0	0	0
AF	0	0.891630	7	5	2	0	0	0	0
AF	0	0.894129	1	1	0	0	0	0	0
AF	0	0.897564	1	1	0	0	0	0	0
AF	0	0.898189	1	0	1	0	0	0	0
AF	0	0.899438	1	1	0	0	0	0	0
AF	0	0.900375	1	0	1	0	0	0	0
AF	0	0.900999	1	1	0	0	0	0	0
AF	0	0.907558	1	1	0	0	0	0	0
AF	0	0.908182	1	1	0	0	0	0	0
AF	0	0.908495	2	2	0	0	0	0	0
AF	0	0.909119	1	1	0	0	0	0	0
AF	0	0.909432	1	0	1	0	0	0	0
AF	0	0.911618	1	0	1	0	0	0	0
AF	0	0.911930	1	1	0	0	0	0	0
AF	0	0.912555	1	1	0	0	0	0	0
AF	0	0.912867	4	3	1	0	0	0	0
AF	0	0.914428	1	1	0	0	0	0	0
AF	0	0.914741	3	2	1	0	0	0	0
AF	0	0.915365	1	1	0	0	0	0	0
AF	0	0.915678	1	1	0	0	0	0	0
AF	0	0.922861	1	1	0	0	0	0	0
AF	0	0.926608	1	1	0	0	0	0	0
AF	0	0.927233	1	0	1	0	0	0	0
AF	0	0.927858	2	0	2	0	0	0	0
AF	0	0.928170	1	0	1	0	0	0	0
AF	0	0.932854	2	2	0	0	0	0	0
AF	0	0.933167	1	0	1	0	0	0	0
AF	0	0.934104	1	1	0	0	0	0	0
AF	0	0.935041	1	0	1	0	0	0	0
AF	0	0.935353	1	1	0	0	0	0	0
AF	0	0.935665	1	1	0	0	0	0	0
AF	0	0.935978	1	1	0	0	0	0	0
AF	0	0.936914	1	0	1	0	0	0	0
AF	0	0.938164	1	1	0	0	0	0	0
AF	0	0.938476	1	1	0	0	0	0	0
AF	0	0.940350	1	0	1	0	0	0	0
AF	0	0.942848	1	1	0	0	0	0	0
AF	0	0.944410	1	0	1	0	0	0	0
AF	0	0.945034	1	0	1	0	0	0	0
AF	0	0.959713	1	0	1	0	0	0	0
AF	0	0.962836	1	0	1	0	0	0	0
AF	0	0.963460	1	0	1	0	0	0	0
AF	0	0.967833	1	1	0	0	0	0	0
AF	0	0.968145	1	0	1	0	0	0	0
AF	0	0.969082	1	1	0	0	0	0	0
AF	0	0.969706	1	0	1	0	0	0	0
AF	0	0.975953	1	0	1	0	0	0	0
AF	0	0.977514	1	1	0	0	0	0	0
AF	0	0.978763	1	1	0	0	0	0	0
AF	0	0.982199	1	0	1	0	0	0	0
AF	0	0.984072	1	1	0	0	0	0	0
AF	0	0.984697	1	1	0	0	0	0	0
AF	0	0.985322	2	2	0	0	0	0	0
AF	0	0.985634	1	1	0	0	0	0	0
AF	0	0.985946	1	1	0	0	0	0	0
AF	0	0.986571	1	1	0	0	0	0	0
AF	0	0.987196	1	1	0	0	0	0	0
AF	0	0.987820	1	0	1	0	0	0	0
AF	0	0.988445	1	1	0	0	0	0	0
AF	0	0.988757	6	5	1	0	0	0	0
AF	0	0.989069	2	2	0	0	0	0	0
AF	0	0.989694	1	0	1	0	0	0	0
AF	0	0.992817	1	0	1	0	0	0	0
AF	0	0.993442	2	2	0	0	0	0	0
AF	0	0.995003	1	1	0	0	0	0	0
AF	0	0.995628	1	0	1	0	0	0	0
AF	0	0.995940	1	0	1	0	0	0	0
AF	0	0.996565	7	6	1	0	0	0	0
AF	0	0.996877	1	1	0	0	0	0	0
AF	0	0.997189	5	4	1	0	0	0	0
AF	0	0.997502	1	1	0	0	0	0	0
AF	0	0.997814	3	1	2	0	0	0	0
AF	0	0.998126	1	0	1	0	0	0	0
AF	0	0.998438	3	1	2	0	0	0	0
AF	0	0.999063	2	2	0	0	0	0	0
# QUAL, Stats by quality
# QUAL	[2]id	[3]Quality	[4]number of SNPs	[5]number of transitions (1st ALT)	[6]number of transversions (1st ALT)	[7]number of indels
QUAL	0	.	17138	10987	6151	0
# IDD, InDel distribution:
# IDD	[2]id	[3]length (deletions negative)	[4]number of sites	[5]number of genotypes	[6]mean VAF
# ST, Substitution types:
# ST	[2]id	[3]type	[4]count
ST	0	A>C	640
ST	0	A>G	2013
ST	0	A>T	755
ST	0	C>A	1066
ST	0	C>G	635
ST	0	C>T	3380
ST	0	G>A	3405
ST	0	G>C	721
ST	0	G>T	973
ST	0	T>A	757
ST	0	T>C	2189
ST	0	T>G	604
# DP, Depth distribution
# DP	[2]id	[3]bin	[4]number of genotypes	[5]fraction of genotypes (%)	[6]number of sites	[7]fraction of sites (%)
  - Fix haploid genotypes in males...

Submit MakeDiploidMalesX finished successfully. Let's have a beer, buddy!

