Submit MakeDiploidMalesX
version 1.1.6 (2024-09-30)

These are the settings:
  Input file................: /hpc/local/Rocky8/dhl_ec/software/MonopogenLite/resources/1kGP_high_coverage_Illumina.SNVonly_poly.filtered_AF_5e-04.norm.fixvariantid.chrX.vcf.gz
  Output file...............: /hpc/local/Rocky8/dhl_ec/software/MonopogenLite/resources/1kGP_high_coverage_Illumina.SNVonly_poly.filtered_AF_5e-04.norm.fixvariantid.makediploid.chrX.vcf.gz
  Chunk size................: 100

  SLURM CPUs................: 4
  SLURM Array ID............: 94 (of 100)
  SLURM memory..............: 16G
  SLURM time................: 01:00:00
  SLURM mail type...........: FAIL
  SLURM mail user...........: s.w.vanderlaan-2@umcutrecht.nl

  Dry run mode..............: 0
  Debug mode................: 1
  Verbosity.................: 0
  Version...................: 1.1.6 (2024-09-30)

Making converting haploid genotypes to diploid genotypes.
> Extract the region for this SLURM task (# 94) from the BED file.
  - Get the chunk number from the SLURM array task ID and the bed file...
DEBUG: Extracting chunk number: 94p from 94
DEBUG: Extracting region from BED file: /hpc/local/Rocky8/dhl_ec/software/MonopogenLite/resources/chrX_100pieces.bed
  - Extract the region from the BED file...
DEBUG: Extracted raw region: 'chrX	145117945	146678352' (chunk #: 94p of 100 for job 94)
  - Check if a valid region was extracted -- should be 'chrX	145117945	146678352'...
  - Prepare the region for bcftools...
  - Check if the region (chrX:145117945-146678352) was successfully extracted...
> Processing region 'chrX:145117945-146678352'...
  - Process the specific region (chunk# 94) using bcftools view...
  - Index the VCF file...
DEBUG: Check if the VCF file was successfully processed...
##fileformat=VCFv4.2
##FILTER=<ID=PASS,Description="All filters passed">
##fileDate=29/01/2022 - 14:31:41
##source=shapeit4.2.2
##contig=<ID=chr1,length=248956422>
##contig=<ID=chr2,length=242193529>
##contig=<ID=chr3,length=198295559>
##contig=<ID=chr4,length=190214555>
##contig=<ID=chr5,length=181538259>
##contig=<ID=chr6,length=170805979>
# This file was produced by bcftools stats (1.20+htslib-1.20) and can be plotted using plot-vcfstats.
# The command line was:	bcftools stats  /hpc/local/Rocky8/dhl_ec/software/MonopogenLite/resources/chrX.part94.vcf.gz
#
# Definition of sets:
# ID	[2]id	[3]tab-separated file names
ID	0	/hpc/local/Rocky8/dhl_ec/software/MonopogenLite/resources/chrX.part94.vcf.gz
# SN, Summary numbers:
#   number of records   .. number of data rows in the VCF
#   number of no-ALTs   .. reference-only sites, ALT is either "." or identical to REF
#   number of SNPs      .. number of rows with a SNP
#   number of MNPs      .. number of rows with a MNP, such as CC>TT
#   number of indels    .. number of rows with an indel
#   number of others    .. number of rows with other type, for example a symbolic allele or
#                          a complex substitution, such as ACT>TCGA
#   number of multiallelic sites     .. number of rows with multiple alternate alleles
#   number of multiallelic SNP sites .. number of rows with multiple alternate alleles, all SNPs
# 
#   Note that rows containing multiple types will be counted multiple times, in each
#   counter. For example, a row with a SNP and an indel increments both the SNP and
#   the indel counter.
# 
# SN	[2]id	[3]key	[4]value
SN	0	number of samples:	3202
SN	0	number of records:	19067
SN	0	number of no-ALTs:	0
SN	0	number of SNPs:	19067
SN	0	number of MNPs:	0
SN	0	number of indels:	0
SN	0	number of others:	0
SN	0	number of multiallelic sites:	0
SN	0	number of multiallelic SNP sites:	0
# TSTV, transitions/transversions:
# TSTV	[2]id	[3]ts	[4]tv	[5]ts/tv	[6]ts (1st ALT)	[7]tv (1st ALT)	[8]ts/tv (1st ALT)
TSTV	0	12786	6281	2.04	12786	6281	2.04
# SiS, Singleton stats:
# SiS	[2]id	[3]allele count	[4]number of SNPs	[5]number of transitions	[6]number of transversions	[7]number of indels	[8]repeat-consistent	[9]repeat-inconsistent	[10]not applicable
SiS	0	1	0	0	0	0	0	0	0
# AF, Stats by non-reference allele frequency:
# AF	[2]id	[3]allele frequency	[4]number of SNPs	[5]number of transitions	[6]number of transversions	[7]number of indels	[8]repeat-consistent	[9]repeat-inconsistent	[10]not applicable
AF	0	0.000312	2640	1819	821	0	0	0	0
AF	0	0.000625	1597	1098	499	0	0	0	0
AF	0	0.000937	1828	1251	577	0	0	0	0
AF	0	0.001249	562	367	195	0	0	0	0
AF	0	0.001562	967	644	323	0	0	0	0
AF	0	0.001874	355	232	123	0	0	0	0
AF	0	0.002186	653	453	200	0	0	0	0
AF	0	0.002498	253	169	84	0	0	0	0
AF	0	0.002811	488	330	158	0	0	0	0
AF	0	0.003123	174	116	58	0	0	0	0
AF	0	0.003435	354	234	120	0	0	0	0
AF	0	0.003748	136	89	47	0	0	0	0
AF	0	0.004060	243	163	80	0	0	0	0
AF	0	0.004372	121	83	38	0	0	0	0
AF	0	0.004685	283	191	92	0	0	0	0
AF	0	0.004997	117	73	44	0	0	0	0
AF	0	0.005309	201	141	60	0	0	0	0
AF	0	0.005621	99	70	29	0	0	0	0
AF	0	0.005934	257	158	99	0	0	0	0
AF	0	0.006246	77	58	19	0	0	0	0
AF	0	0.006558	190	134	56	0	0	0	0
AF	0	0.006871	88	61	27	0	0	0	0
AF	0	0.007183	156	109	47	0	0	0	0
AF	0	0.007495	81	54	27	0	0	0	0
AF	0	0.007808	142	95	47	0	0	0	0
AF	0	0.008120	60	43	17	0	0	0	0
AF	0	0.008432	162	98	64	0	0	0	0
AF	0	0.008745	77	48	29	0	0	0	0
AF	0	0.009057	109	73	36	0	0	0	0
AF	0	0.009369	53	36	17	0	0	0	0
AF	0	0.009681	142	103	39	0	0	0	0
AF	0	0.009994	46	32	14	0	0	0	0
AF	0	0.010306	124	77	47	0	0	0	0
AF	0	0.010618	41	30	11	0	0	0	0
AF	0	0.010931	94	53	41	0	0	0	0
AF	0	0.011243	38	22	16	0	0	0	0
AF	0	0.011555	163	106	57	0	0	0	0
AF	0	0.011868	54	32	22	0	0	0	0
AF	0	0.012180	83	50	33	0	0	0	0
AF	0	0.012492	34	17	17	0	0	0	0
AF	0	0.012804	46	31	15	0	0	0	0
AF	0	0.013117	28	16	12	0	0	0	0
AF	0	0.013429	50	25	25	0	0	0	0
AF	0	0.013741	46	31	15	0	0	0	0
AF	0	0.014054	48	30	18	0	0	0	0
AF	0	0.014366	44	32	12	0	0	0	0
AF	0	0.014678	72	45	27	0	0	0	0
AF	0	0.014991	35	22	13	0	0	0	0
AF	0	0.015303	67	44	23	0	0	0	0
AF	0	0.015615	29	17	12	0	0	0	0
AF	0	0.015928	53	38	15	0	0	0	0
AF	0	0.016240	21	18	3	0	0	0	0
AF	0	0.016552	43	24	19	0	0	0	0
AF	0	0.016864	23	14	9	0	0	0	0
AF	0	0.017177	28	19	9	0	0	0	0
AF	0	0.017489	10	5	5	0	0	0	0
AF	0	0.017801	29	17	12	0	0	0	0
AF	0	0.018114	24	17	7	0	0	0	0
AF	0	0.018426	43	33	10	0	0	0	0
AF	0	0.018738	20	14	6	0	0	0	0
AF	0	0.019051	72	49	23	0	0	0	0
AF	0	0.019363	18	10	8	0	0	0	0
AF	0	0.019675	41	31	10	0	0	0	0
AF	0	0.019988	41	27	14	0	0	0	0
AF	0	0.020300	18	8	10	0	0	0	0
AF	0	0.020612	12	8	4	0	0	0	0
AF	0	0.020924	42	32	10	0	0	0	0
AF	0	0.021237	32	22	10	0	0	0	0
AF	0	0.021549	38	27	11	0	0	0	0
AF	0	0.021861	17	10	7	0	0	0	0
AF	0	0.022174	39	30	9	0	0	0	0
AF	0	0.022486	17	11	6	0	0	0	0
AF	0	0.022798	39	27	12	0	0	0	0
AF	0	0.023111	10	8	2	0	0	0	0
AF	0	0.023423	23	12	11	0	0	0	0
AF	0	0.023735	11	7	4	0	0	0	0
AF	0	0.024047	19	13	6	0	0	0	0
AF	0	0.024360	6	5	1	0	0	0	0
AF	0	0.024672	26	18	8	0	0	0	0
AF	0	0.024984	14	10	4	0	0	0	0
AF	0	0.025297	28	19	9	0	0	0	0
AF	0	0.025609	5	3	2	0	0	0	0
AF	0	0.025921	27	17	10	0	0	0	0
AF	0	0.026234	9	5	4	0	0	0	0
AF	0	0.026546	19	13	6	0	0	0	0
AF	0	0.026858	11	6	5	0	0	0	0
AF	0	0.027171	25	20	5	0	0	0	0
AF	0	0.027483	11	5	6	0	0	0	0
AF	0	0.027795	18	11	7	0	0	0	0
AF	0	0.028107	9	4	5	0	0	0	0
AF	0	0.028420	54	36	18	0	0	0	0
AF	0	0.028732	15	10	5	0	0	0	0
AF	0	0.029044	19	14	5	0	0	0	0
AF	0	0.029357	11	10	1	0	0	0	0
AF	0	0.029669	12	10	2	0	0	0	0
AF	0	0.029981	7	4	3	0	0	0	0
AF	0	0.030294	19	15	4	0	0	0	0
AF	0	0.030606	6	3	3	0	0	0	0
AF	0	0.030918	20	15	5	0	0	0	0
AF	0	0.031230	15	10	5	0	0	0	0
AF	0	0.031543	19	14	5	0	0	0	0
AF	0	0.031855	16	11	5	0	0	0	0
AF	0	0.032167	19	15	4	0	0	0	0
AF	0	0.032480	11	8	3	0	0	0	0
AF	0	0.032792	33	21	12	0	0	0	0
AF	0	0.033104	6	6	0	0	0	0	0
AF	0	0.033417	5	1	4	0	0	0	0
AF	0	0.033729	12	7	5	0	0	0	0
AF	0	0.034041	13	8	5	0	0	0	0
AF	0	0.034354	6	4	2	0	0	0	0
AF	0	0.034666	12	8	4	0	0	0	0
AF	0	0.034978	4	4	0	0	0	0	0
AF	0	0.035290	10	6	4	0	0	0	0
AF	0	0.035603	2	2	0	0	0	0	0
AF	0	0.035915	13	4	9	0	0	0	0
AF	0	0.036227	4	3	1	0	0	0	0
AF	0	0.036540	15	9	6	0	0	0	0
AF	0	0.036852	7	4	3	0	0	0	0
AF	0	0.037164	20	12	8	0	0	0	0
AF	0	0.037477	8	6	2	0	0	0	0
AF	0	0.037789	11	7	4	0	0	0	0
AF	0	0.038101	7	5	2	0	0	0	0
AF	0	0.038413	8	4	4	0	0	0	0
AF	0	0.038726	7	5	2	0	0	0	0
AF	0	0.039038	13	10	3	0	0	0	0
AF	0	0.039350	8	3	5	0	0	0	0
AF	0	0.039663	88	67	21	0	0	0	0
AF	0	0.039975	9	5	4	0	0	0	0
AF	0	0.040287	18	12	6	0	0	0	0
AF	0	0.040600	9	9	0	0	0	0	0
AF	0	0.040912	10	6	4	0	0	0	0
AF	0	0.041224	6	4	2	0	0	0	0
AF	0	0.041537	6	3	3	0	0	0	0
AF	0	0.041849	7	6	1	0	0	0	0
AF	0	0.042161	9	3	6	0	0	0	0
AF	0	0.042473	11	8	3	0	0	0	0
AF	0	0.042786	8	6	2	0	0	0	0
AF	0	0.043098	5	3	2	0	0	0	0
AF	0	0.043410	12	3	9	0	0	0	0
AF	0	0.043723	12	8	4	0	0	0	0
AF	0	0.044035	14	9	5	0	0	0	0
AF	0	0.044347	4	4	0	0	0	0	0
AF	0	0.044660	18	12	6	0	0	0	0
AF	0	0.044972	10	7	3	0	0	0	0
AF	0	0.045284	17	9	8	0	0	0	0
AF	0	0.045597	5	4	1	0	0	0	0
AF	0	0.045909	9	6	3	0	0	0	0
AF	0	0.046221	4	3	1	0	0	0	0
AF	0	0.046533	18	15	3	0	0	0	0
AF	0	0.046846	7	5	2	0	0	0	0
AF	0	0.047158	15	12	3	0	0	0	0
AF	0	0.047470	3	2	1	0	0	0	0
AF	0	0.047783	8	3	5	0	0	0	0
AF	0	0.048095	4	3	1	0	0	0	0
AF	0	0.048407	14	10	4	0	0	0	0
AF	0	0.048720	5	5	0	0	0	0	0
AF	0	0.049032	6	4	2	0	0	0	0
AF	0	0.049344	2	1	1	0	0	0	0
AF	0	0.049656	5	4	1	0	0	0	0
AF	0	0.049969	7	5	2	0	0	0	0
AF	0	0.050281	28	23	5	0	0	0	0
AF	0	0.050593	14	13	1	0	0	0	0
AF	0	0.050906	8	5	3	0	0	0	0
AF	0	0.051218	12	10	2	0	0	0	0
AF	0	0.051530	17	11	6	0	0	0	0
AF	0	0.051843	8	5	3	0	0	0	0
AF	0	0.052155	22	16	6	0	0	0	0
AF	0	0.052467	5	2	3	0	0	0	0
AF	0	0.052780	13	9	4	0	0	0	0
AF	0	0.053092	4	2	2	0	0	0	0
AF	0	0.053404	21	13	8	0	0	0	0
AF	0	0.053716	3	3	0	0	0	0	0
AF	0	0.054029	14	11	3	0	0	0	0
AF	0	0.054341	6	3	3	0	0	0	0
AF	0	0.054653	8	7	1	0	0	0	0
AF	0	0.054966	11	7	4	0	0	0	0
AF	0	0.055278	18	12	6	0	0	0	0
AF	0	0.055590	5	1	4	0	0	0	0
AF	0	0.055903	22	14	8	0	0	0	0
AF	0	0.056215	3	3	0	0	0	0	0
AF	0	0.056527	10	3	7	0	0	0	0
AF	0	0.056839	7	4	3	0	0	0	0
AF	0	0.057152	7	5	2	0	0	0	0
AF	0	0.057464	1	1	0	0	0	0	0
AF	0	0.057776	10	7	3	0	0	0	0
AF	0	0.058089	4	3	1	0	0	0	0
AF	0	0.058401	11	7	4	0	0	0	0
AF	0	0.058713	5	3	2	0	0	0	0
AF	0	0.059026	2	1	1	0	0	0	0
AF	0	0.059338	4	4	0	0	0	0	0
AF	0	0.059650	5	3	2	0	0	0	0
AF	0	0.059963	5	3	2	0	0	0	0
AF	0	0.060275	12	9	3	0	0	0	0
AF	0	0.060587	3	1	2	0	0	0	0
AF	0	0.060899	7	4	3	0	0	0	0
AF	0	0.061212	2	0	2	0	0	0	0
AF	0	0.061524	7	5	2	0	0	0	0
AF	0	0.062149	4	3	1	0	0	0	0
AF	0	0.062461	1	1	0	0	0	0	0
AF	0	0.062773	7	6	1	0	0	0	0
AF	0	0.063086	1	1	0	0	0	0	0
AF	0	0.063398	5	3	2	0	0	0	0
AF	0	0.063710	4	2	2	0	0	0	0
AF	0	0.064022	3	2	1	0	0	0	0
AF	0	0.064335	2	1	1	0	0	0	0
AF	0	0.064647	5	2	3	0	0	0	0
AF	0	0.064959	3	3	0	0	0	0	0
AF	0	0.065272	2	1	1	0	0	0	0
AF	0	0.065584	3	2	1	0	0	0	0
AF	0	0.065896	4	3	1	0	0	0	0
AF	0	0.066209	7	6	1	0	0	0	0
AF	0	0.066521	11	7	4	0	0	0	0
AF	0	0.066833	5	3	2	0	0	0	0
AF	0	0.067146	9	6	3	0	0	0	0
AF	0	0.067458	1	1	0	0	0	0	0
AF	0	0.067770	15	6	9	0	0	0	0
AF	0	0.068082	6	4	2	0	0	0	0
AF	0	0.068395	18	9	9	0	0	0	0
AF	0	0.068707	2	1	1	0	0	0	0
AF	0	0.069019	15	11	4	0	0	0	0
AF	0	0.069332	2	2	0	0	0	0	0
AF	0	0.069644	5	5	0	0	0	0	0
AF	0	0.069956	3	3	0	0	0	0	0
AF	0	0.070269	4	2	2	0	0	0	0
AF	0	0.070581	4	2	2	0	0	0	0
AF	0	0.070893	4	2	2	0	0	0	0
AF	0	0.071205	4	2	2	0	0	0	0
AF	0	0.071518	6	1	5	0	0	0	0
AF	0	0.071830	1	1	0	0	0	0	0
AF	0	0.072142	5	5	0	0	0	0	0
AF	0	0.072767	10	6	4	0	0	0	0
AF	0	0.073392	11	5	6	0	0	0	0
AF	0	0.073704	3	3	0	0	0	0	0
AF	0	0.074016	6	3	3	0	0	0	0
AF	0	0.074641	9	6	3	0	0	0	0
AF	0	0.074953	6	4	2	0	0	0	0
AF	0	0.075265	2	2	0	0	0	0	0
AF	0	0.075578	5	3	2	0	0	0	0
AF	0	0.075890	7	5	2	0	0	0	0
AF	0	0.076202	2	2	0	0	0	0	0
AF	0	0.076827	1	0	1	0	0	0	0
AF	0	0.077139	10	6	4	0	0	0	0
AF	0	0.077452	2	2	0	0	0	0	0
AF	0	0.077764	5	5	0	0	0	0	0
AF	0	0.078076	2	2	0	0	0	0	0
AF	0	0.078389	6	2	4	0	0	0	0
AF	0	0.079013	6	4	2	0	0	0	0
AF	0	0.079325	2	1	1	0	0	0	0
AF	0	0.079638	2	1	1	0	0	0	0
AF	0	0.079950	2	1	1	0	0	0	0
AF	0	0.080262	2	2	0	0	0	0	0
AF	0	0.080887	6	6	0	0	0	0	0
AF	0	0.081199	1	1	0	0	0	0	0
AF	0	0.081512	3	1	2	0	0	0	0
AF	0	0.081824	1	1	0	0	0	0	0
AF	0	0.082136	6	3	3	0	0	0	0
AF	0	0.082761	4	1	3	0	0	0	0
AF	0	0.083073	2	2	0	0	0	0	0
AF	0	0.083385	3	2	1	0	0	0	0
AF	0	0.083698	4	3	1	0	0	0	0
AF	0	0.084010	4	3	1	0	0	0	0
AF	0	0.084322	2	1	1	0	0	0	0
AF	0	0.084635	3	2	1	0	0	0	0
AF	0	0.084947	3	3	0	0	0	0	0
AF	0	0.085259	3	1	2	0	0	0	0
AF	0	0.085884	5	3	2	0	0	0	0
AF	0	0.086196	1	1	0	0	0	0	0
AF	0	0.086508	1	1	0	0	0	0	0
AF	0	0.086821	4	2	2	0	0	0	0
AF	0	0.087133	4	2	2	0	0	0	0
AF	0	0.087445	6	6	0	0	0	0	0
AF	0	0.087758	9	7	2	0	0	0	0
AF	0	0.088070	1	1	0	0	0	0	0
AF	0	0.088382	4	2	2	0	0	0	0
AF	0	0.088695	1	1	0	0	0	0	0
AF	0	0.089007	2	1	1	0	0	0	0
AF	0	0.089631	6	2	4	0	0	0	0
AF	0	0.089944	1	0	1	0	0	0	0
AF	0	0.090256	5	2	3	0	0	0	0
AF	0	0.090568	1	1	0	0	0	0	0
AF	0	0.090881	1	1	0	0	0	0	0
AF	0	0.091193	2	0	2	0	0	0	0
AF	0	0.091505	3	2	1	0	0	0	0
AF	0	0.091818	1	0	1	0	0	0	0
AF	0	0.092130	5	2	3	0	0	0	0
AF	0	0.092442	2	2	0	0	0	0	0
AF	0	0.092755	1	1	0	0	0	0	0
AF	0	0.093379	5	5	0	0	0	0	0
AF	0	0.094004	4	3	1	0	0	0	0
AF	0	0.094316	1	0	1	0	0	0	0
AF	0	0.094628	2	0	2	0	0	0	0
AF	0	0.094941	1	0	1	0	0	0	0
AF	0	0.095253	2	1	1	0	0	0	0
AF	0	0.096190	2	1	1	0	0	0	0
AF	0	0.096502	3	1	2	0	0	0	0
AF	0	0.096814	2	2	0	0	0	0	0
AF	0	0.097127	4	3	1	0	0	0	0
AF	0	0.097439	3	2	1	0	0	0	0
AF	0	0.097751	4	1	3	0	0	0	0
AF	0	0.098376	3	2	1	0	0	0	0
AF	0	0.098688	3	2	1	0	0	0	0
AF	0	0.099001	1	1	0	0	0	0	0
AF	0	0.099313	1	1	0	0	0	0	0
AF	0	0.099625	3	1	2	0	0	0	0
AF	0	0.099938	1	0	1	0	0	0	0
AF	0	0.100250	3	1	2	0	0	0	0
AF	0	0.100562	1	1	0	0	0	0	0
AF	0	0.100874	1	1	0	0	0	0	0
AF	0	0.101499	1	0	1	0	0	0	0
AF	0	0.102124	3	2	1	0	0	0	0
AF	0	0.102436	2	1	1	0	0	0	0
AF	0	0.102748	1	1	0	0	0	0	0
AF	0	0.103061	1	0	1	0	0	0	0
AF	0	0.103373	1	0	1	0	0	0	0
AF	0	0.103685	1	0	1	0	0	0	0
AF	0	0.104622	1	1	0	0	0	0	0
AF	0	0.104934	3	0	3	0	0	0	0
AF	0	0.105247	2	1	1	0	0	0	0
AF	0	0.105871	2	2	0	0	0	0	0
AF	0	0.106184	2	2	0	0	0	0	0
AF	0	0.106496	3	2	1	0	0	0	0
AF	0	0.107121	2	1	1	0	0	0	0
AF	0	0.107433	5	4	1	0	0	0	0
AF	0	0.107745	3	2	1	0	0	0	0
AF	0	0.108057	1	1	0	0	0	0	0
AF	0	0.108370	1	1	0	0	0	0	0
AF	0	0.108994	4	1	3	0	0	0	0
AF	0	0.109307	2	1	1	0	0	0	0
AF	0	0.109619	1	0	1	0	0	0	0
AF	0	0.109931	1	0	1	0	0	0	0
AF	0	0.110244	1	0	1	0	0	0	0
AF	0	0.110556	1	0	1	0	0	0	0
AF	0	0.110868	3	1	2	0	0	0	0
AF	0	0.111181	1	1	0	0	0	0	0
AF	0	0.111493	2	1	1	0	0	0	0
AF	0	0.112430	3	2	1	0	0	0	0
AF	0	0.113054	1	0	1	0	0	0	0
AF	0	0.113679	3	1	2	0	0	0	0
AF	0	0.113991	3	3	0	0	0	0	0
AF	0	0.114304	4	3	1	0	0	0	0
AF	0	0.114928	1	0	1	0	0	0	0
AF	0	0.115553	3	2	1	0	0	0	0
AF	0	0.115865	1	1	0	0	0	0	0
AF	0	0.116177	3	2	1	0	0	0	0
AF	0	0.116490	1	0	1	0	0	0	0
AF	0	0.116802	4	3	1	0	0	0	0
AF	0	0.117114	3	0	3	0	0	0	0
AF	0	0.117427	3	2	1	0	0	0	0
AF	0	0.118051	3	3	0	0	0	0	0
AF	0	0.118364	2	0	2	0	0	0	0
AF	0	0.118676	2	2	0	0	0	0	0
AF	0	0.118988	1	1	0	0	0	0	0
AF	0	0.119300	3	2	1	0	0	0	0
AF	0	0.119613	2	0	2	0	0	0	0
AF	0	0.119925	5	3	2	0	0	0	0
AF	0	0.120237	3	3	0	0	0	0	0
AF	0	0.120550	4	2	2	0	0	0	0
AF	0	0.120862	1	1	0	0	0	0	0
AF	0	0.121174	1	1	0	0	0	0	0
AF	0	0.121799	8	2	6	0	0	0	0
AF	0	0.122423	6	4	2	0	0	0	0
AF	0	0.122736	1	1	0	0	0	0	0
AF	0	0.123048	2	1	1	0	0	0	0
AF	0	0.123360	2	0	2	0	0	0	0
AF	0	0.123673	3	2	1	0	0	0	0
AF	0	0.124297	2	1	1	0	0	0	0
AF	0	0.124922	4	2	2	0	0	0	0
AF	0	0.125234	1	0	1	0	0	0	0
AF	0	0.125547	2	2	0	0	0	0	0
AF	0	0.126483	2	1	1	0	0	0	0
AF	0	0.126796	2	2	0	0	0	0	0
AF	0	0.127420	2	2	0	0	0	0	0
AF	0	0.128045	2	2	0	0	0	0	0
AF	0	0.128357	1	1	0	0	0	0	0
AF	0	0.128670	1	0	1	0	0	0	0
AF	0	0.129294	2	1	1	0	0	0	0
AF	0	0.129606	1	0	1	0	0	0	0
AF	0	0.129919	3	3	0	0	0	0	0
AF	0	0.130231	2	1	1	0	0	0	0
AF	0	0.130543	2	1	1	0	0	0	0
AF	0	0.130856	1	1	0	0	0	0	0
AF	0	0.131480	1	1	0	0	0	0	0
AF	0	0.131793	3	2	1	0	0	0	0
AF	0	0.132417	3	1	2	0	0	0	0
AF	0	0.132730	3	3	0	0	0	0	0
AF	0	0.133042	5	3	2	0	0	0	0
AF	0	0.133354	1	1	0	0	0	0	0
AF	0	0.133666	5	3	2	0	0	0	0
AF	0	0.133979	1	1	0	0	0	0	0
AF	0	0.134291	5	4	1	0	0	0	0
AF	0	0.134916	2	0	2	0	0	0	0
AF	0	0.135228	2	1	1	0	0	0	0
AF	0	0.136477	1	1	0	0	0	0	0
AF	0	0.136790	1	0	1	0	0	0	0
AF	0	0.137102	1	1	0	0	0	0	0
AF	0	0.137414	1	1	0	0	0	0	0
AF	0	0.137726	1	1	0	0	0	0	0
AF	0	0.138039	2	2	0	0	0	0	0
AF	0	0.138663	1	1	0	0	0	0	0
AF	0	0.139288	4	3	1	0	0	0	0
AF	0	0.139913	1	1	0	0	0	0	0
AF	0	0.140537	3	2	1	0	0	0	0
AF	0	0.140849	2	1	1	0	0	0	0
AF	0	0.141162	2	0	2	0	0	0	0
AF	0	0.141786	1	0	1	0	0	0	0
AF	0	0.142099	1	1	0	0	0	0	0
AF	0	0.142411	1	1	0	0	0	0	0
AF	0	0.143036	2	2	0	0	0	0	0
AF	0	0.143348	3	2	1	0	0	0	0
AF	0	0.143660	2	0	2	0	0	0	0
AF	0	0.143973	1	1	0	0	0	0	0
AF	0	0.144909	4	3	1	0	0	0	0
AF	0	0.145534	1	1	0	0	0	0	0
AF	0	0.145846	2	1	1	0	0	0	0
AF	0	0.146159	1	0	1	0	0	0	0
AF	0	0.146783	4	1	3	0	0	0	0
AF	0	0.147096	1	1	0	0	0	0	0
AF	0	0.147408	2	1	1	0	0	0	0
AF	0	0.147720	2	2	0	0	0	0	0
AF	0	0.148032	3	2	1	0	0	0	0
AF	0	0.148345	1	0	1	0	0	0	0
AF	0	0.148657	3	2	1	0	0	0	0
AF	0	0.148969	1	1	0	0	0	0	0
AF	0	0.149282	2	2	0	0	0	0	0
AF	0	0.149594	2	2	0	0	0	0	0
AF	0	0.149906	6	4	2	0	0	0	0
AF	0	0.150219	1	0	1	0	0	0	0
AF	0	0.150531	3	2	1	0	0	0	0
AF	0	0.150843	2	2	0	0	0	0	0
AF	0	0.151468	2	1	1	0	0	0	0
AF	0	0.151780	1	1	0	0	0	0	0
AF	0	0.152405	5	2	3	0	0	0	0
AF	0	0.152717	2	2	0	0	0	0	0
AF	0	0.153029	3	1	2	0	0	0	0
AF	0	0.153342	1	1	0	0	0	0	0
AF	0	0.153654	4	0	4	0	0	0	0
AF	0	0.153966	2	1	1	0	0	0	0
AF	0	0.154279	1	0	1	0	0	0	0
AF	0	0.154591	1	0	1	0	0	0	0
AF	0	0.154903	1	1	0	0	0	0	0
AF	0	0.155528	1	1	0	0	0	0	0
AF	0	0.155840	2	1	1	0	0	0	0
AF	0	0.156152	2	2	0	0	0	0	0
AF	0	0.156465	2	0	2	0	0	0	0
AF	0	0.156777	3	2	1	0	0	0	0
AF	0	0.157402	5	4	1	0	0	0	0
AF	0	0.157714	1	1	0	0	0	0	0
AF	0	0.158026	1	0	1	0	0	0	0
AF	0	0.158339	1	1	0	0	0	0	0
AF	0	0.158651	3	1	2	0	0	0	0
AF	0	0.159900	1	1	0	0	0	0	0
AF	0	0.160525	3	1	2	0	0	0	0
AF	0	0.161149	2	2	0	0	0	0	0
AF	0	0.161462	1	0	1	0	0	0	0
AF	0	0.161774	2	1	1	0	0	0	0
AF	0	0.162399	4	2	2	0	0	0	0
AF	0	0.163023	3	3	0	0	0	0	0
AF	0	0.163335	2	0	2	0	0	0	0
AF	0	0.163648	4	3	1	0	0	0	0
AF	0	0.163960	2	2	0	0	0	0	0
AF	0	0.164272	3	2	1	0	0	0	0
AF	0	0.164585	1	0	1	0	0	0	0
AF	0	0.164897	6	2	4	0	0	0	0
AF	0	0.165209	4	2	2	0	0	0	0
AF	0	0.165522	1	1	0	0	0	0	0
AF	0	0.165834	1	1	0	0	0	0	0
AF	0	0.166146	2	2	0	0	0	0	0
AF	0	0.166458	2	1	1	0	0	0	0
AF	0	0.166771	3	2	1	0	0	0	0
AF	0	0.167083	1	0	1	0	0	0	0
AF	0	0.167395	1	1	0	0	0	0	0
AF	0	0.167708	2	1	1	0	0	0	0
AF	0	0.168020	4	2	2	0	0	0	0
AF	0	0.168332	3	3	0	0	0	0	0
AF	0	0.168645	2	2	0	0	0	0	0
AF	0	0.169269	3	2	1	0	0	0	0
AF	0	0.169582	3	2	1	0	0	0	0
AF	0	0.169894	4	3	1	0	0	0	0
AF	0	0.170518	3	2	1	0	0	0	0
AF	0	0.170831	4	1	3	0	0	0	0
AF	0	0.171768	5	2	3	0	0	0	0
AF	0	0.172392	4	2	2	0	0	0	0
AF	0	0.172705	1	1	0	0	0	0	0
AF	0	0.173017	2	2	0	0	0	0	0
AF	0	0.173329	2	0	2	0	0	0	0
AF	0	0.174266	2	2	0	0	0	0	0
AF	0	0.174578	1	1	0	0	0	0	0
AF	0	0.175203	1	1	0	0	0	0	0
AF	0	0.175515	1	1	0	0	0	0	0
AF	0	0.176140	2	2	0	0	0	0	0
AF	0	0.176452	4	3	1	0	0	0	0
AF	0	0.176765	3	3	0	0	0	0	0
AF	0	0.177077	4	3	1	0	0	0	0
AF	0	0.177701	2	0	2	0	0	0	0
AF	0	0.178638	5	4	1	0	0	0	0
AF	0	0.178951	2	2	0	0	0	0	0
AF	0	0.179263	1	0	1	0	0	0	0
AF	0	0.179575	1	0	1	0	0	0	0
AF	0	0.179888	1	1	0	0	0	0	0
AF	0	0.180200	2	1	1	0	0	0	0
AF	0	0.181137	2	1	1	0	0	0	0
AF	0	0.181449	1	1	0	0	0	0	0
AF	0	0.181761	1	0	1	0	0	0	0
AF	0	0.182074	1	1	0	0	0	0	0
AF	0	0.182386	2	0	2	0	0	0	0
AF	0	0.183011	1	1	0	0	0	0	0
AF	0	0.183323	2	0	2	0	0	0	0
AF	0	0.183635	2	2	0	0	0	0	0
AF	0	0.184260	1	1	0	0	0	0	0
AF	0	0.184572	1	0	1	0	0	0	0
AF	0	0.184884	3	2	1	0	0	0	0
AF	0	0.185509	1	1	0	0	0	0	0
AF	0	0.186134	3	2	1	0	0	0	0
AF	0	0.186446	1	1	0	0	0	0	0
AF	0	0.186758	2	2	0	0	0	0	0
AF	0	0.187695	1	1	0	0	0	0	0
AF	0	0.188320	2	2	0	0	0	0	0
AF	0	0.188632	3	3	0	0	0	0	0
AF	0	0.189257	5	4	1	0	0	0	0
AF	0	0.189569	2	1	1	0	0	0	0
AF	0	0.190506	2	1	1	0	0	0	0
AF	0	0.190818	1	1	0	0	0	0	0
AF	0	0.191131	4	0	4	0	0	0	0
AF	0	0.191755	2	1	1	0	0	0	0
AF	0	0.192380	1	0	1	0	0	0	0
AF	0	0.193317	2	2	0	0	0	0	0
AF	0	0.193629	1	0	1	0	0	0	0
AF	0	0.194254	1	1	0	0	0	0	0
AF	0	0.196127	1	1	0	0	0	0	0
AF	0	0.197377	1	1	0	0	0	0	0
AF	0	0.197689	2	1	1	0	0	0	0
AF	0	0.198314	1	0	1	0	0	0	0
AF	0	0.199563	1	1	0	0	0	0	0
AF	0	0.199875	1	1	0	0	0	0	0
AF	0	0.200187	2	1	1	0	0	0	0
AF	0	0.200500	1	1	0	0	0	0	0
AF	0	0.202374	2	2	0	0	0	0	0
AF	0	0.202686	2	2	0	0	0	0	0
AF	0	0.203310	1	0	1	0	0	0	0
AF	0	0.203623	2	2	0	0	0	0	0
AF	0	0.204247	1	0	1	0	0	0	0
AF	0	0.204872	2	2	0	0	0	0	0
AF	0	0.205184	1	0	1	0	0	0	0
AF	0	0.206121	3	2	1	0	0	0	0
AF	0	0.206433	2	2	0	0	0	0	0
AF	0	0.207370	1	0	1	0	0	0	0
AF	0	0.207683	1	1	0	0	0	0	0
AF	0	0.207995	1	0	1	0	0	0	0
AF	0	0.209869	1	0	1	0	0	0	0
AF	0	0.210493	3	1	2	0	0	0	0
AF	0	0.210806	2	1	1	0	0	0	0
AF	0	0.211118	3	2	1	0	0	0	0
AF	0	0.211743	2	0	2	0	0	0	0
AF	0	0.212367	1	1	0	0	0	0	0
AF	0	0.212992	1	0	1	0	0	0	0
AF	0	0.213929	2	1	1	0	0	0	0
AF	0	0.214241	3	3	0	0	0	0	0
AF	0	0.214553	2	2	0	0	0	0	0
AF	0	0.214866	2	1	1	0	0	0	0
AF	0	0.215178	1	0	1	0	0	0	0
AF	0	0.215490	3	2	1	0	0	0	0
AF	0	0.215803	1	1	0	0	0	0	0
AF	0	0.216115	2	1	1	0	0	0	0
AF	0	0.216740	1	1	0	0	0	0	0
AF	0	0.217052	1	1	0	0	0	0	0
AF	0	0.217364	2	1	1	0	0	0	0
AF	0	0.217676	4	3	1	0	0	0	0
AF	0	0.217989	2	1	1	0	0	0	0
AF	0	0.218301	2	1	1	0	0	0	0
AF	0	0.218613	4	2	2	0	0	0	0
AF	0	0.219238	3	2	1	0	0	0	0
AF	0	0.219863	2	2	0	0	0	0	0
AF	0	0.220487	3	2	1	0	0	0	0
AF	0	0.221112	2	1	1	0	0	0	0
AF	0	0.221424	1	1	0	0	0	0	0
AF	0	0.221736	3	1	2	0	0	0	0
AF	0	0.222049	3	2	1	0	0	0	0
AF	0	0.222361	2	1	1	0	0	0	0
AF	0	0.222673	2	2	0	0	0	0	0
AF	0	0.222986	9	8	1	0	0	0	0
AF	0	0.223298	8	7	1	0	0	0	0
AF	0	0.223610	4	2	2	0	0	0	0
AF	0	0.223923	3	2	1	0	0	0	0
AF	0	0.224235	1	1	0	0	0	0	0
AF	0	0.224547	1	1	0	0	0	0	0
AF	0	0.224859	1	1	0	0	0	0	0
AF	0	0.225172	2	1	1	0	0	0	0
AF	0	0.225796	2	1	1	0	0	0	0
AF	0	0.226109	1	1	0	0	0	0	0
AF	0	0.226421	1	1	0	0	0	0	0
AF	0	0.226733	1	1	0	0	0	0	0
AF	0	0.227046	2	2	0	0	0	0	0
AF	0	0.227358	4	2	2	0	0	0	0
AF	0	0.227670	2	2	0	0	0	0	0
AF	0	0.227983	2	2	0	0	0	0	0
AF	0	0.228295	10	4	6	0	0	0	0
AF	0	0.228607	6	3	3	0	0	0	0
AF	0	0.228919	10	9	1	0	0	0	0
AF	0	0.229232	13	8	5	0	0	0	0
AF	0	0.229544	11	6	5	0	0	0	0
AF	0	0.229856	4	3	1	0	0	0	0
AF	0	0.230169	10	7	3	0	0	0	0
AF	0	0.230481	9	5	4	0	0	0	0
AF	0	0.230793	10	6	4	0	0	0	0
AF	0	0.231418	4	3	1	0	0	0	0
AF	0	0.232042	3	3	0	0	0	0	0
AF	0	0.232355	1	0	1	0	0	0	0
AF	0	0.232667	1	1	0	0	0	0	0
AF	0	0.232979	1	1	0	0	0	0	0
AF	0	0.233292	2	1	1	0	0	0	0
AF	0	0.233604	2	2	0	0	0	0	0
AF	0	0.233916	6	2	4	0	0	0	0
AF	0	0.234229	2	2	0	0	0	0	0
AF	0	0.234541	8	4	4	0	0	0	0
AF	0	0.234853	1	1	0	0	0	0	0
AF	0	0.235166	3	3	0	0	0	0	0
AF	0	0.235478	2	1	1	0	0	0	0
AF	0	0.235790	4	1	3	0	0	0	0
AF	0	0.236415	4	3	1	0	0	0	0
AF	0	0.236727	1	0	1	0	0	0	0
AF	0	0.237039	2	1	1	0	0	0	0
AF	0	0.237664	1	0	1	0	0	0	0
AF	0	0.237976	1	0	1	0	0	0	0
AF	0	0.238289	3	1	2	0	0	0	0
AF	0	0.238601	1	1	0	0	0	0	0
AF	0	0.238913	4	4	0	0	0	0	0
AF	0	0.239225	1	0	1	0	0	0	0
AF	0	0.239538	6	5	1	0	0	0	0
AF	0	0.239850	2	1	1	0	0	0	0
AF	0	0.240162	2	1	1	0	0	0	0
AF	0	0.241099	1	0	1	0	0	0	0
AF	0	0.241412	1	1	0	0	0	0	0
AF	0	0.241724	3	3	0	0	0	0	0
AF	0	0.242036	6	2	4	0	0	0	0
AF	0	0.242661	1	1	0	0	0	0	0
AF	0	0.243285	6	4	2	0	0	0	0
AF	0	0.243598	1	1	0	0	0	0	0
AF	0	0.244535	1	1	0	0	0	0	0
AF	0	0.244847	1	0	1	0	0	0	0
AF	0	0.245472	2	1	1	0	0	0	0
AF	0	0.245784	1	0	1	0	0	0	0
AF	0	0.246096	1	1	0	0	0	0	0
AF	0	0.247033	1	1	0	0	0	0	0
AF	0	0.247345	1	1	0	0	0	0	0
AF	0	0.247658	1	1	0	0	0	0	0
AF	0	0.247970	1	0	1	0	0	0	0
AF	0	0.248282	1	1	0	0	0	0	0
AF	0	0.248907	1	1	0	0	0	0	0
AF	0	0.249219	1	1	0	0	0	0	0
AF	0	0.249844	1	1	0	0	0	0	0
AF	0	0.250156	2	2	0	0	0	0	0
AF	0	0.250468	2	1	1	0	0	0	0
AF	0	0.250781	2	1	1	0	0	0	0
AF	0	0.251093	1	1	0	0	0	0	0
AF	0	0.251405	4	3	1	0	0	0	0
AF	0	0.252030	1	0	1	0	0	0	0
AF	0	0.252342	1	1	0	0	0	0	0
AF	0	0.252655	1	1	0	0	0	0	0
AF	0	0.253279	1	1	0	0	0	0	0
AF	0	0.254528	1	1	0	0	0	0	0
AF	0	0.255153	3	1	2	0	0	0	0
AF	0	0.256090	1	1	0	0	0	0	0
AF	0	0.257027	1	0	1	0	0	0	0
AF	0	0.258276	1	0	1	0	0	0	0
AF	0	0.258901	2	2	0	0	0	0	0
AF	0	0.259213	1	1	0	0	0	0	0
AF	0	0.260150	1	1	0	0	0	0	0
AF	0	0.260775	2	2	0	0	0	0	0
AF	0	0.261087	1	1	0	0	0	0	0
AF	0	0.261399	1	1	0	0	0	0	0
AF	0	0.262024	2	2	0	0	0	0	0
AF	0	0.262648	1	1	0	0	0	0	0
AF	0	0.263898	1	1	0	0	0	0	0
AF	0	0.264834	4	4	0	0	0	0	0
AF	0	0.265147	2	1	1	0	0	0	0
AF	0	0.265459	1	1	0	0	0	0	0
AF	0	0.265771	1	0	1	0	0	0	0
AF	0	0.266084	1	1	0	0	0	0	0
AF	0	0.266396	2	2	0	0	0	0	0
AF	0	0.266708	1	1	0	0	0	0	0
AF	0	0.267333	1	1	0	0	0	0	0
AF	0	0.267958	1	1	0	0	0	0	0
AF	0	0.268582	3	1	2	0	0	0	0
AF	0	0.268894	2	1	1	0	0	0	0
AF	0	0.269207	1	1	0	0	0	0	0
AF	0	0.269519	1	1	0	0	0	0	0
AF	0	0.271393	2	1	1	0	0	0	0
AF	0	0.272017	1	1	0	0	0	0	0
AF	0	0.272642	1	1	0	0	0	0	0
AF	0	0.273267	1	1	0	0	0	0	0
AF	0	0.273579	1	0	1	0	0	0	0
AF	0	0.273891	1	1	0	0	0	0	0
AF	0	0.275765	2	2	0	0	0	0	0
AF	0	0.277014	1	0	1	0	0	0	0
AF	0	0.278264	3	1	2	0	0	0	0
AF	0	0.278576	1	1	0	0	0	0	0
AF	0	0.278888	1	0	1	0	0	0	0
AF	0	0.279200	1	0	1	0	0	0	0
AF	0	0.279513	1	1	0	0	0	0	0
AF	0	0.279825	1	1	0	0	0	0	0
AF	0	0.280450	1	1	0	0	0	0	0
AF	0	0.280762	1	1	0	0	0	0	0
AF	0	0.281387	1	1	0	0	0	0	0
AF	0	0.282948	1	1	0	0	0	0	0
AF	0	0.283573	1	0	1	0	0	0	0
AF	0	0.283885	2	1	1	0	0	0	0
AF	0	0.284510	1	1	0	0	0	0	0
AF	0	0.285134	1	0	1	0	0	0	0
AF	0	0.286071	1	0	1	0	0	0	0
AF	0	0.286696	1	0	1	0	0	0	0
AF	0	0.288882	2	2	0	0	0	0	0
AF	0	0.289194	1	1	0	0	0	0	0
AF	0	0.289819	2	1	1	0	0	0	0
AF	0	0.290131	3	2	1	0	0	0	0
AF	0	0.290756	4	3	1	0	0	0	0
AF	0	0.291693	2	2	0	0	0	0	0
AF	0	0.292317	1	1	0	0	0	0	0
AF	0	0.292942	2	2	0	0	0	0	0
AF	0	0.293254	2	2	0	0	0	0	0
AF	0	0.293567	1	1	0	0	0	0	0
AF	0	0.293879	1	1	0	0	0	0	0
AF	0	0.294191	1	0	1	0	0	0	0
AF	0	0.294503	3	1	2	0	0	0	0
AF	0	0.294816	2	1	1	0	0	0	0
AF	0	0.295753	2	2	0	0	0	0	0
AF	0	0.296377	7	4	3	0	0	0	0
AF	0	0.296690	2	2	0	0	0	0	0
AF	0	0.297002	5	2	3	0	0	0	0
AF	0	0.297626	2	2	0	0	0	0	0
AF	0	0.297939	1	1	0	0	0	0	0
AF	0	0.298251	2	2	0	0	0	0	0
AF	0	0.298563	1	1	0	0	0	0	0
AF	0	0.298876	1	1	0	0	0	0	0
AF	0	0.299188	1	1	0	0	0	0	0
AF	0	0.299500	1	1	0	0	0	0	0
AF	0	0.299813	2	1	1	0	0	0	0
AF	0	0.300125	1	1	0	0	0	0	0
AF	0	0.301374	3	2	1	0	0	0	0
AF	0	0.301686	1	0	1	0	0	0	0
AF	0	0.301999	1	0	1	0	0	0	0
AF	0	0.302311	1	1	0	0	0	0	0
AF	0	0.302623	4	4	0	0	0	0	0
AF	0	0.303248	1	1	0	0	0	0	0
AF	0	0.303873	2	1	1	0	0	0	0
AF	0	0.304185	2	2	0	0	0	0	0
AF	0	0.304497	1	1	0	0	0	0	0
AF	0	0.304809	1	1	0	0	0	0	0
AF	0	0.305122	1	1	0	0	0	0	0
AF	0	0.305434	3	3	0	0	0	0	0
AF	0	0.305746	3	3	0	0	0	0	0
AF	0	0.306059	2	1	1	0	0	0	0
AF	0	0.306371	2	2	0	0	0	0	0
AF	0	0.306683	1	0	1	0	0	0	0
AF	0	0.307308	2	0	2	0	0	0	0
AF	0	0.307620	3	3	0	0	0	0	0
AF	0	0.308245	2	1	1	0	0	0	0
AF	0	0.309494	1	1	0	0	0	0	0
AF	0	0.309806	1	0	1	0	0	0	0
AF	0	0.310743	1	0	1	0	0	0	0
AF	0	0.311993	1	1	0	0	0	0	0
AF	0	0.313242	1	1	0	0	0	0	0
AF	0	0.313554	3	2	1	0	0	0	0
AF	0	0.314179	1	0	1	0	0	0	0
AF	0	0.314803	2	2	0	0	0	0	0
AF	0	0.315740	1	1	0	0	0	0	0
AF	0	0.316677	2	1	1	0	0	0	0
AF	0	0.316989	2	2	0	0	0	0	0
AF	0	0.317614	3	2	1	0	0	0	0
AF	0	0.318239	1	1	0	0	0	0	0
AF	0	0.319800	3	2	1	0	0	0	0
AF	0	0.320112	3	2	1	0	0	0	0
AF	0	0.321049	1	1	0	0	0	0	0
AF	0	0.321674	2	2	0	0	0	0	0
AF	0	0.322611	3	3	0	0	0	0	0
AF	0	0.322923	1	1	0	0	0	0	0
AF	0	0.323235	2	2	0	0	0	0	0
AF	0	0.323860	1	0	1	0	0	0	0
AF	0	0.324485	1	1	0	0	0	0	0
AF	0	0.325422	1	1	0	0	0	0	0
AF	0	0.326359	4	4	0	0	0	0	0
AF	0	0.326983	2	2	0	0	0	0	0
AF	0	0.327608	2	0	2	0	0	0	0
AF	0	0.328232	3	2	1	0	0	0	0
AF	0	0.328545	1	0	1	0	0	0	0
AF	0	0.329794	2	0	2	0	0	0	0
AF	0	0.330106	2	2	0	0	0	0	0
AF	0	0.330731	2	1	1	0	0	0	0
AF	0	0.332917	2	1	1	0	0	0	0
AF	0	0.333542	1	1	0	0	0	0	0
AF	0	0.334166	2	2	0	0	0	0	0
AF	0	0.334791	2	1	1	0	0	0	0
AF	0	0.335103	2	2	0	0	0	0	0
AF	0	0.335415	2	1	1	0	0	0	0
AF	0	0.335728	1	0	1	0	0	0	0
AF	0	0.336040	2	1	1	0	0	0	0
AF	0	0.336352	1	1	0	0	0	0	0
AF	0	0.336977	3	2	1	0	0	0	0
AF	0	0.337601	1	0	1	0	0	0	0
AF	0	0.337914	3	3	0	0	0	0	0
AF	0	0.338226	1	1	0	0	0	0	0
AF	0	0.338851	1	1	0	0	0	0	0
AF	0	0.339475	1	1	0	0	0	0	0
AF	0	0.339788	2	2	0	0	0	0	0
AF	0	0.340100	1	1	0	0	0	0	0
AF	0	0.341037	3	2	1	0	0	0	0
AF	0	0.341661	1	1	0	0	0	0	0
AF	0	0.341974	1	1	0	0	0	0	0
AF	0	0.342286	2	2	0	0	0	0	0
AF	0	0.342598	1	1	0	0	0	0	0
AF	0	0.343223	2	2	0	0	0	0	0
AF	0	0.343848	1	1	0	0	0	0	0
AF	0	0.344160	3	1	2	0	0	0	0
AF	0	0.344785	1	1	0	0	0	0	0
AF	0	0.345097	1	0	1	0	0	0	0
AF	0	0.345409	1	1	0	0	0	0	0
AF	0	0.346034	3	1	2	0	0	0	0
AF	0	0.346346	2	0	2	0	0	0	0
AF	0	0.346658	5	1	4	0	0	0	0
AF	0	0.346971	3	2	1	0	0	0	0
AF	0	0.347283	3	2	1	0	0	0	0
AF	0	0.347595	3	1	2	0	0	0	0
AF	0	0.347908	5	4	1	0	0	0	0
AF	0	0.348532	5	1	4	0	0	0	0
AF	0	0.348844	2	0	2	0	0	0	0
AF	0	0.349781	2	2	0	0	0	0	0
AF	0	0.351031	2	1	1	0	0	0	0
AF	0	0.351343	1	1	0	0	0	0	0
AF	0	0.351655	2	2	0	0	0	0	0
AF	0	0.352280	2	2	0	0	0	0	0
AF	0	0.352592	2	2	0	0	0	0	0
AF	0	0.352904	2	2	0	0	0	0	0
AF	0	0.353217	1	1	0	0	0	0	0
AF	0	0.353529	2	2	0	0	0	0	0
AF	0	0.353841	2	1	1	0	0	0	0
AF	0	0.354154	1	1	0	0	0	0	0
AF	0	0.354466	1	1	0	0	0	0	0
AF	0	0.354778	1	0	1	0	0	0	0
AF	0	0.355091	2	2	0	0	0	0	0
AF	0	0.355715	1	1	0	0	0	0	0
AF	0	0.356027	2	1	1	0	0	0	0
AF	0	0.356652	1	1	0	0	0	0	0
AF	0	0.357277	1	1	0	0	0	0	0
AF	0	0.357589	2	2	0	0	0	0	0
AF	0	0.358526	2	2	0	0	0	0	0
AF	0	0.358838	1	1	0	0	0	0	0
AF	0	0.359151	2	2	0	0	0	0	0
AF	0	0.359463	4	1	3	0	0	0	0
AF	0	0.359775	2	2	0	0	0	0	0
AF	0	0.360400	4	3	1	0	0	0	0
AF	0	0.360712	2	1	1	0	0	0	0
AF	0	0.361024	1	1	0	0	0	0	0
AF	0	0.361337	1	0	1	0	0	0	0
AF	0	0.361649	1	1	0	0	0	0	0
AF	0	0.362274	2	2	0	0	0	0	0
AF	0	0.362586	2	2	0	0	0	0	0
AF	0	0.363210	1	1	0	0	0	0	0
AF	0	0.363523	5	3	2	0	0	0	0
AF	0	0.363835	1	0	1	0	0	0	0
AF	0	0.364147	6	6	0	0	0	0	0
AF	0	0.364460	1	1	0	0	0	0	0
AF	0	0.365084	1	1	0	0	0	0	0
AF	0	0.365397	2	1	1	0	0	0	0
AF	0	0.365709	2	1	1	0	0	0	0
AF	0	0.366021	1	0	1	0	0	0	0
AF	0	0.366334	1	1	0	0	0	0	0
AF	0	0.366958	1	1	0	0	0	0	0
AF	0	0.367270	3	2	1	0	0	0	0
AF	0	0.367895	2	2	0	0	0	0	0
AF	0	0.368520	3	2	1	0	0	0	0
AF	0	0.369144	1	1	0	0	0	0	0
AF	0	0.370081	2	1	1	0	0	0	0
AF	0	0.370394	1	1	0	0	0	0	0
AF	0	0.370706	1	1	0	0	0	0	0
AF	0	0.371018	1	1	0	0	0	0	0
AF	0	0.371330	2	2	0	0	0	0	0
AF	0	0.371643	1	1	0	0	0	0	0
AF	0	0.372267	2	2	0	0	0	0	0
AF	0	0.372580	3	1	2	0	0	0	0
AF	0	0.372892	1	0	1	0	0	0	0
AF	0	0.373517	4	3	1	0	0	0	0
AF	0	0.373829	1	0	1	0	0	0	0
AF	0	0.374766	4	2	2	0	0	0	0
AF	0	0.375078	2	1	1	0	0	0	0
AF	0	0.375390	1	0	1	0	0	0	0
AF	0	0.376015	2	1	1	0	0	0	0
AF	0	0.376327	1	1	0	0	0	0	0
AF	0	0.377264	2	1	1	0	0	0	0
AF	0	0.377889	3	2	1	0	0	0	0
AF	0	0.378513	3	2	1	0	0	0	0
AF	0	0.379138	5	2	3	0	0	0	0
AF	0	0.379450	1	0	1	0	0	0	0
AF	0	0.379763	4	2	2	0	0	0	0
AF	0	0.380075	3	3	0	0	0	0	0
AF	0	0.380700	1	0	1	0	0	0	0
AF	0	0.381012	2	0	2	0	0	0	0
AF	0	0.381324	1	0	1	0	0	0	0
AF	0	0.382261	2	2	0	0	0	0	0
AF	0	0.382573	1	1	0	0	0	0	0
AF	0	0.382886	1	1	0	0	0	0	0
AF	0	0.383198	3	2	1	0	0	0	0
AF	0	0.383510	1	1	0	0	0	0	0
AF	0	0.383823	1	1	0	0	0	0	0
AF	0	0.384135	2	1	1	0	0	0	0
AF	0	0.384447	3	1	2	0	0	0	0
AF	0	0.384760	1	0	1	0	0	0	0
AF	0	0.385696	1	0	1	0	0	0	0
AF	0	0.386946	2	2	0	0	0	0	0
AF	0	0.387258	3	2	1	0	0	0	0
AF	0	0.388195	1	1	0	0	0	0	0
AF	0	0.388507	1	1	0	0	0	0	0
AF	0	0.388819	1	1	0	0	0	0	0
AF	0	0.389444	1	1	0	0	0	0	0
AF	0	0.389756	1	0	1	0	0	0	0
AF	0	0.390069	2	1	1	0	0	0	0
AF	0	0.390381	1	1	0	0	0	0	0
AF	0	0.390693	2	1	1	0	0	0	0
AF	0	0.391006	2	1	1	0	0	0	0
AF	0	0.391318	1	1	0	0	0	0	0
AF	0	0.391630	1	1	0	0	0	0	0
AF	0	0.392879	2	1	1	0	0	0	0
AF	0	0.393192	3	1	2	0	0	0	0
AF	0	0.393504	4	2	2	0	0	0	0
AF	0	0.393816	1	1	0	0	0	0	0
AF	0	0.394129	3	3	0	0	0	0	0
AF	0	0.394441	1	1	0	0	0	0	0
AF	0	0.394753	4	3	1	0	0	0	0
AF	0	0.395066	2	1	1	0	0	0	0
AF	0	0.395378	3	1	2	0	0	0	0
AF	0	0.395690	2	2	0	0	0	0	0
AF	0	0.397252	2	1	1	0	0	0	0
AF	0	0.397564	2	1	1	0	0	0	0
AF	0	0.397876	2	2	0	0	0	0	0
AF	0	0.398189	1	1	0	0	0	0	0
AF	0	0.398501	1	1	0	0	0	0	0
AF	0	0.398813	1	1	0	0	0	0	0
AF	0	0.399126	4	3	1	0	0	0	0
AF	0	0.399438	2	2	0	0	0	0	0
AF	0	0.399750	2	2	0	0	0	0	0
AF	0	0.400062	1	1	0	0	0	0	0
AF	0	0.400375	1	1	0	0	0	0	0
AF	0	0.400687	1	1	0	0	0	0	0
AF	0	0.401312	1	1	0	0	0	0	0
AF	0	0.401624	3	3	0	0	0	0	0
AF	0	0.402249	2	1	1	0	0	0	0
AF	0	0.402873	2	1	1	0	0	0	0
AF	0	0.403186	1	1	0	0	0	0	0
AF	0	0.403498	1	0	1	0	0	0	0
AF	0	0.404122	3	3	0	0	0	0	0
AF	0	0.404747	1	1	0	0	0	0	0
AF	0	0.405372	1	1	0	0	0	0	0
AF	0	0.406621	1	0	1	0	0	0	0
AF	0	0.407558	1	1	0	0	0	0	0
AF	0	0.407870	5	1	4	0	0	0	0
AF	0	0.408182	2	0	2	0	0	0	0
AF	0	0.408495	1	1	0	0	0	0	0
AF	0	0.408807	2	1	1	0	0	0	0
AF	0	0.409119	2	0	2	0	0	0	0
AF	0	0.409432	1	1	0	0	0	0	0
AF	0	0.410056	1	1	0	0	0	0	0
AF	0	0.410681	3	2	1	0	0	0	0
AF	0	0.411618	1	1	0	0	0	0	0
AF	0	0.412242	4	1	3	0	0	0	0
AF	0	0.412867	2	1	1	0	0	0	0
AF	0	0.413179	1	1	0	0	0	0	0
AF	0	0.413492	2	1	1	0	0	0	0
AF	0	0.413804	2	1	1	0	0	0	0
AF	0	0.414116	3	2	1	0	0	0	0
AF	0	0.414428	1	0	1	0	0	0	0
AF	0	0.414741	1	1	0	0	0	0	0
AF	0	0.415053	1	1	0	0	0	0	0
AF	0	0.415365	2	1	1	0	0	0	0
AF	0	0.415990	1	1	0	0	0	0	0
AF	0	0.416927	1	1	0	0	0	0	0
AF	0	0.417239	1	1	0	0	0	0	0
AF	0	0.418176	1	1	0	0	0	0	0
AF	0	0.418801	1	1	0	0	0	0	0
AF	0	0.419113	1	0	1	0	0	0	0
AF	0	0.419425	1	0	1	0	0	0	0
AF	0	0.419738	2	2	0	0	0	0	0
AF	0	0.420050	2	2	0	0	0	0	0
AF	0	0.420362	1	1	0	0	0	0	0
AF	0	0.420675	1	0	1	0	0	0	0
AF	0	0.420987	2	0	2	0	0	0	0
AF	0	0.422236	2	1	1	0	0	0	0
AF	0	0.422548	1	1	0	0	0	0	0
AF	0	0.422861	1	0	1	0	0	0	0
AF	0	0.423798	2	0	2	0	0	0	0
AF	0	0.424110	1	1	0	0	0	0	0
AF	0	0.424422	1	1	0	0	0	0	0
AF	0	0.424735	1	0	1	0	0	0	0
AF	0	0.425359	2	1	1	0	0	0	0
AF	0	0.425671	2	1	1	0	0	0	0
AF	0	0.426296	2	2	0	0	0	0	0
AF	0	0.426608	1	0	1	0	0	0	0
AF	0	0.427233	2	1	1	0	0	0	0
AF	0	0.427858	4	4	0	0	0	0	0
AF	0	0.428170	3	2	1	0	0	0	0
AF	0	0.428482	1	1	0	0	0	0	0
AF	0	0.429107	5	3	2	0	0	0	0
AF	0	0.429419	1	0	1	0	0	0	0
AF	0	0.430044	1	0	1	0	0	0	0
AF	0	0.430356	2	1	1	0	0	0	0
AF	0	0.430981	1	0	1	0	0	0	0
AF	0	0.431293	1	1	0	0	0	0	0
AF	0	0.431918	1	0	1	0	0	0	0
AF	0	0.432230	3	3	0	0	0	0	0
AF	0	0.432542	1	1	0	0	0	0	0
AF	0	0.434104	1	1	0	0	0	0	0
AF	0	0.434728	1	1	0	0	0	0	0
AF	0	0.435041	1	1	0	0	0	0	0
AF	0	0.435353	2	1	1	0	0	0	0
AF	0	0.435665	2	2	0	0	0	0	0
AF	0	0.435978	6	5	1	0	0	0	0
AF	0	0.436290	1	1	0	0	0	0	0
AF	0	0.436602	4	3	1	0	0	0	0
AF	0	0.436914	1	0	1	0	0	0	0
AF	0	0.437227	2	1	1	0	0	0	0
AF	0	0.437539	1	0	1	0	0	0	0
AF	0	0.437851	3	1	2	0	0	0	0
AF	0	0.438164	1	1	0	0	0	0	0
AF	0	0.438476	4	2	2	0	0	0	0
AF	0	0.438788	1	1	0	0	0	0	0
AF	0	0.439413	1	1	0	0	0	0	0
AF	0	0.439725	3	2	1	0	0	0	0
AF	0	0.440037	1	1	0	0	0	0	0
AF	0	0.440350	3	2	1	0	0	0	0
AF	0	0.440974	1	0	1	0	0	0	0
AF	0	0.441599	3	2	1	0	0	0	0
AF	0	0.442224	1	1	0	0	0	0	0
AF	0	0.442536	1	1	0	0	0	0	0
AF	0	0.442848	2	1	1	0	0	0	0
AF	0	0.443161	1	1	0	0	0	0	0
AF	0	0.443473	2	1	1	0	0	0	0
AF	0	0.443785	1	0	1	0	0	0	0
AF	0	0.444097	2	1	1	0	0	0	0
AF	0	0.444410	2	2	0	0	0	0	0
AF	0	0.445034	2	2	0	0	0	0	0
AF	0	0.445347	2	2	0	0	0	0	0
AF	0	0.446284	3	1	2	0	0	0	0
AF	0	0.446908	4	3	1	0	0	0	0
AF	0	0.447533	1	1	0	0	0	0	0
AF	0	0.448157	1	1	0	0	0	0	0
AF	0	0.448470	2	0	2	0	0	0	0
AF	0	0.448782	1	1	0	0	0	0	0
AF	0	0.449719	1	1	0	0	0	0	0
AF	0	0.450656	1	1	0	0	0	0	0
AF	0	0.451905	1	1	0	0	0	0	0
AF	0	0.452530	1	0	1	0	0	0	0
AF	0	0.453779	3	3	0	0	0	0	0
AF	0	0.454403	4	1	3	0	0	0	0
AF	0	0.454716	1	1	0	0	0	0	0
AF	0	0.455028	2	1	1	0	0	0	0
AF	0	0.455965	1	0	1	0	0	0	0
AF	0	0.456277	2	1	1	0	0	0	0
AF	0	0.456590	1	0	1	0	0	0	0
AF	0	0.456902	2	1	1	0	0	0	0
AF	0	0.457214	1	1	0	0	0	0	0
AF	0	0.457527	4	4	0	0	0	0	0
AF	0	0.458151	3	0	3	0	0	0	0
AF	0	0.458776	1	1	0	0	0	0	0
AF	0	0.459088	1	0	1	0	0	0	0
AF	0	0.459400	1	1	0	0	0	0	0
AF	0	0.459713	2	1	1	0	0	0	0
AF	0	0.460337	1	1	0	0	0	0	0
AF	0	0.460650	1	1	0	0	0	0	0
AF	0	0.461274	1	1	0	0	0	0	0
AF	0	0.461899	1	0	1	0	0	0	0
AF	0	0.462523	1	1	0	0	0	0	0
AF	0	0.462836	1	1	0	0	0	0	0
AF	0	0.463148	1	1	0	0	0	0	0
AF	0	0.463773	1	0	1	0	0	0	0
AF	0	0.464397	1	1	0	0	0	0	0
AF	0	0.464710	1	0	1	0	0	0	0
AF	0	0.466271	2	0	2	0	0	0	0
AF	0	0.466583	1	0	1	0	0	0	0
AF	0	0.466896	1	1	0	0	0	0	0
AF	0	0.467208	2	2	0	0	0	0	0
AF	0	0.467520	3	2	1	0	0	0	0
AF	0	0.467833	1	1	0	0	0	0	0
AF	0	0.468145	3	3	0	0	0	0	0
AF	0	0.468457	1	0	1	0	0	0	0
AF	0	0.468770	3	2	1	0	0	0	0
AF	0	0.469082	1	0	1	0	0	0	0
AF	0	0.469394	2	2	0	0	0	0	0
AF	0	0.470019	5	4	1	0	0	0	0
AF	0	0.470331	2	1	1	0	0	0	0
AF	0	0.470643	2	2	0	0	0	0	0
AF	0	0.471268	2	2	0	0	0	0	0
AF	0	0.472829	1	0	1	0	0	0	0
AF	0	0.473142	3	2	1	0	0	0	0
AF	0	0.473766	2	1	1	0	0	0	0
AF	0	0.474703	1	0	1	0	0	0	0
AF	0	0.475016	2	2	0	0	0	0	0
AF	0	0.475328	1	0	1	0	0	0	0
AF	0	0.475640	1	0	1	0	0	0	0
AF	0	0.476889	4	2	2	0	0	0	0
AF	0	0.477514	1	0	1	0	0	0	0
AF	0	0.478763	2	1	1	0	0	0	0
AF	0	0.479700	2	0	2	0	0	0	0
AF	0	0.480325	1	1	0	0	0	0	0
AF	0	0.480637	1	1	0	0	0	0	0
AF	0	0.480949	1	0	1	0	0	0	0
AF	0	0.481574	1	1	0	0	0	0	0
AF	0	0.481886	4	3	1	0	0	0	0
AF	0	0.482199	1	0	1	0	0	0	0
AF	0	0.483136	2	1	1	0	0	0	0
AF	0	0.483448	1	1	0	0	0	0	0
AF	0	0.484072	1	1	0	0	0	0	0
AF	0	0.484385	5	4	1	0	0	0	0
AF	0	0.485009	1	0	1	0	0	0	0
AF	0	0.485634	3	3	0	0	0	0	0
AF	0	0.486259	1	1	0	0	0	0	0
AF	0	0.486883	2	2	0	0	0	0	0
AF	0	0.487196	2	2	0	0	0	0	0
AF	0	0.488132	2	2	0	0	0	0	0
AF	0	0.488445	1	1	0	0	0	0	0
AF	0	0.488757	2	2	0	0	0	0	0
AF	0	0.489382	1	1	0	0	0	0	0
AF	0	0.490006	1	1	0	0	0	0	0
AF	0	0.490631	2	1	1	0	0	0	0
AF	0	0.491255	3	3	0	0	0	0	0
AF	0	0.492192	1	0	1	0	0	0	0
AF	0	0.493129	1	1	0	0	0	0	0
AF	0	0.493754	2	2	0	0	0	0	0
AF	0	0.494066	1	1	0	0	0	0	0
AF	0	0.494379	1	0	1	0	0	0	0
AF	0	0.495315	1	0	1	0	0	0	0
AF	0	0.495628	1	1	0	0	0	0	0
AF	0	0.496565	1	1	0	0	0	0	0
AF	0	0.497502	2	2	0	0	0	0	0
AF	0	0.498126	1	1	0	0	0	0	0
AF	0	0.499375	2	1	1	0	0	0	0
AF	0	0.499688	1	0	1	0	0	0	0
AF	0	0.500000	1	1	0	0	0	0	0
AF	0	0.500625	1	1	0	0	0	0	0
AF	0	0.500937	1	1	0	0	0	0	0
AF	0	0.502186	1	1	0	0	0	0	0
AF	0	0.502811	1	1	0	0	0	0	0
AF	0	0.503123	1	0	1	0	0	0	0
AF	0	0.504060	2	1	1	0	0	0	0
AF	0	0.504372	3	2	1	0	0	0	0
AF	0	0.504997	3	3	0	0	0	0	0
AF	0	0.506871	1	1	0	0	0	0	0
AF	0	0.507183	1	1	0	0	0	0	0
AF	0	0.508120	3	2	1	0	0	0	0
AF	0	0.508745	2	0	2	0	0	0	0
AF	0	0.509369	1	1	0	0	0	0	0
AF	0	0.510306	4	3	1	0	0	0	0
AF	0	0.510618	3	3	0	0	0	0	0
AF	0	0.511868	1	0	1	0	0	0	0
AF	0	0.512804	2	1	1	0	0	0	0
AF	0	0.513117	1	1	0	0	0	0	0
AF	0	0.514366	1	1	0	0	0	0	0
AF	0	0.514991	2	2	0	0	0	0	0
AF	0	0.515615	1	1	0	0	0	0	0
AF	0	0.515928	1	1	0	0	0	0	0
AF	0	0.516864	1	0	1	0	0	0	0
AF	0	0.517489	2	1	1	0	0	0	0
AF	0	0.518114	2	1	1	0	0	0	0
AF	0	0.518426	1	0	1	0	0	0	0
AF	0	0.519051	1	1	0	0	0	0	0
AF	0	0.519988	2	2	0	0	0	0	0
AF	0	0.520612	3	1	2	0	0	0	0
AF	0	0.520924	1	1	0	0	0	0	0
AF	0	0.521237	2	1	1	0	0	0	0
AF	0	0.521861	1	0	1	0	0	0	0
AF	0	0.522174	1	0	1	0	0	0	0
AF	0	0.522486	1	1	0	0	0	0	0
AF	0	0.523423	1	0	1	0	0	0	0
AF	0	0.523735	3	1	2	0	0	0	0
AF	0	0.524672	6	5	1	0	0	0	0
AF	0	0.524984	8	4	4	0	0	0	0
AF	0	0.525297	2	0	2	0	0	0	0
AF	0	0.525609	1	0	1	0	0	0	0
AF	0	0.525921	1	0	1	0	0	0	0
AF	0	0.527171	1	1	0	0	0	0	0
AF	0	0.527483	2	2	0	0	0	0	0
AF	0	0.528107	1	0	1	0	0	0	0
AF	0	0.528732	1	1	0	0	0	0	0
AF	0	0.529357	2	0	2	0	0	0	0
AF	0	0.529669	6	4	2	0	0	0	0
AF	0	0.529981	3	2	1	0	0	0	0
AF	0	0.530294	2	1	1	0	0	0	0
AF	0	0.530918	1	1	0	0	0	0	0
AF	0	0.531230	1	1	0	0	0	0	0
AF	0	0.531855	3	2	1	0	0	0	0
AF	0	0.532167	1	0	1	0	0	0	0
AF	0	0.532480	2	2	0	0	0	0	0
AF	0	0.532792	2	2	0	0	0	0	0
AF	0	0.533104	2	1	1	0	0	0	0
AF	0	0.533417	2	2	0	0	0	0	0
AF	0	0.533729	2	0	2	0	0	0	0
AF	0	0.534978	2	1	1	0	0	0	0
AF	0	0.535290	1	0	1	0	0	0	0
AF	0	0.535915	1	1	0	0	0	0	0
AF	0	0.536227	4	3	1	0	0	0	0
AF	0	0.536540	2	2	0	0	0	0	0
AF	0	0.536852	1	0	1	0	0	0	0
AF	0	0.537164	3	3	0	0	0	0	0
AF	0	0.537477	1	1	0	0	0	0	0
AF	0	0.537789	3	3	0	0	0	0	0
AF	0	0.538101	1	1	0	0	0	0	0
AF	0	0.538413	4	4	0	0	0	0	0
AF	0	0.540287	1	1	0	0	0	0	0
AF	0	0.540600	1	1	0	0	0	0	0
AF	0	0.540912	1	0	1	0	0	0	0
AF	0	0.541224	1	1	0	0	0	0	0
AF	0	0.542161	2	0	2	0	0	0	0
AF	0	0.542473	2	2	0	0	0	0	0
AF	0	0.542786	2	1	1	0	0	0	0
AF	0	0.543723	3	1	2	0	0	0	0
AF	0	0.544035	2	1	1	0	0	0	0
AF	0	0.544972	1	1	0	0	0	0	0
AF	0	0.545597	1	0	1	0	0	0	0
AF	0	0.548095	1	0	1	0	0	0	0
AF	0	0.548720	1	0	1	0	0	0	0
AF	0	0.549032	1	1	0	0	0	0	0
AF	0	0.550593	1	1	0	0	0	0	0
AF	0	0.550906	1	1	0	0	0	0	0
AF	0	0.551218	1	1	0	0	0	0	0
AF	0	0.551843	1	0	1	0	0	0	0
AF	0	0.552155	2	1	1	0	0	0	0
AF	0	0.552780	1	1	0	0	0	0	0
AF	0	0.553092	2	0	2	0	0	0	0
AF	0	0.553404	1	0	1	0	0	0	0
AF	0	0.554029	1	1	0	0	0	0	0
AF	0	0.554966	1	1	0	0	0	0	0
AF	0	0.555278	1	0	1	0	0	0	0
AF	0	0.555590	2	1	1	0	0	0	0
AF	0	0.555903	1	1	0	0	0	0	0
AF	0	0.556527	1	1	0	0	0	0	0
AF	0	0.557152	3	1	2	0	0	0	0
AF	0	0.558089	1	0	1	0	0	0	0
AF	0	0.558401	1	0	1	0	0	0	0
AF	0	0.560275	1	0	1	0	0	0	0
AF	0	0.560899	1	1	0	0	0	0	0
AF	0	0.561524	1	1	0	0	0	0	0
AF	0	0.561836	1	1	0	0	0	0	0
AF	0	0.562149	1	1	0	0	0	0	0
AF	0	0.562773	2	2	0	0	0	0	0
AF	0	0.563086	1	0	1	0	0	0	0
AF	0	0.563398	2	2	0	0	0	0	0
AF	0	0.564022	2	0	2	0	0	0	0
AF	0	0.564335	1	0	1	0	0	0	0
AF	0	0.565272	1	0	1	0	0	0	0
AF	0	0.565896	1	1	0	0	0	0	0
AF	0	0.567146	1	1	0	0	0	0	0
AF	0	0.568707	1	1	0	0	0	0	0
AF	0	0.569019	4	3	1	0	0	0	0
AF	0	0.569644	1	1	0	0	0	0	0
AF	0	0.569956	1	1	0	0	0	0	0
AF	0	0.570269	1	1	0	0	0	0	0
AF	0	0.570893	1	1	0	0	0	0	0
AF	0	0.573079	1	0	1	0	0	0	0
AF	0	0.573392	2	1	1	0	0	0	0
AF	0	0.574329	1	0	1	0	0	0	0
AF	0	0.574641	1	1	0	0	0	0	0
AF	0	0.575265	2	2	0	0	0	0	0
AF	0	0.575578	1	1	0	0	0	0	0
AF	0	0.575890	4	3	1	0	0	0	0
AF	0	0.576515	2	1	1	0	0	0	0
AF	0	0.577764	1	1	0	0	0	0	0
AF	0	0.578076	1	1	0	0	0	0	0
AF	0	0.579325	1	0	1	0	0	0	0
AF	0	0.579638	1	1	0	0	0	0	0
AF	0	0.581512	1	1	0	0	0	0	0
AF	0	0.583385	1	1	0	0	0	0	0
AF	0	0.584010	1	1	0	0	0	0	0
AF	0	0.584322	1	0	1	0	0	0	0
AF	0	0.584635	1	0	1	0	0	0	0
AF	0	0.585259	2	0	2	0	0	0	0
AF	0	0.586508	1	1	0	0	0	0	0
AF	0	0.587133	1	1	0	0	0	0	0
AF	0	0.589007	4	4	0	0	0	0	0
AF	0	0.589319	2	1	1	0	0	0	0
AF	0	0.589631	3	2	1	0	0	0	0
AF	0	0.589944	1	1	0	0	0	0	0
AF	0	0.590568	1	1	0	0	0	0	0
AF	0	0.591193	1	1	0	0	0	0	0
AF	0	0.591505	2	0	2	0	0	0	0
AF	0	0.592130	2	2	0	0	0	0	0
AF	0	0.592755	3	1	2	0	0	0	0
AF	0	0.593067	1	1	0	0	0	0	0
AF	0	0.593691	1	1	0	0	0	0	0
AF	0	0.594316	1	1	0	0	0	0	0
AF	0	0.594628	1	0	1	0	0	0	0
AF	0	0.595253	1	1	0	0	0	0	0
AF	0	0.597127	1	0	1	0	0	0	0
AF	0	0.598376	1	1	0	0	0	0	0
AF	0	0.598688	1	1	0	0	0	0	0
AF	0	0.599313	1	0	1	0	0	0	0
AF	0	0.599938	2	2	0	0	0	0	0
AF	0	0.600250	3	3	0	0	0	0	0
AF	0	0.600874	3	3	0	0	0	0	0
AF	0	0.601499	1	0	1	0	0	0	0
AF	0	0.602124	1	1	0	0	0	0	0
AF	0	0.602748	1	1	0	0	0	0	0
AF	0	0.603685	2	2	0	0	0	0	0
AF	0	0.603998	3	1	2	0	0	0	0
AF	0	0.604310	4	3	1	0	0	0	0
AF	0	0.604934	2	1	1	0	0	0	0
AF	0	0.606808	2	2	0	0	0	0	0
AF	0	0.607121	1	1	0	0	0	0	0
AF	0	0.607433	1	1	0	0	0	0	0
AF	0	0.607745	2	1	1	0	0	0	0
AF	0	0.608370	1	0	1	0	0	0	0
AF	0	0.608682	1	0	1	0	0	0	0
AF	0	0.608994	6	4	2	0	0	0	0
AF	0	0.609619	2	1	1	0	0	0	0
AF	0	0.610244	1	1	0	0	0	0	0
AF	0	0.611493	3	3	0	0	0	0	0
AF	0	0.612117	1	0	1	0	0	0	0
AF	0	0.612430	2	1	1	0	0	0	0
AF	0	0.613367	1	1	0	0	0	0	0
AF	0	0.613991	1	0	1	0	0	0	0
AF	0	0.614616	2	0	2	0	0	0	0
AF	0	0.614928	2	2	0	0	0	0	0
AF	0	0.615240	3	3	0	0	0	0	0
AF	0	0.615553	2	1	1	0	0	0	0
AF	0	0.615865	1	1	0	0	0	0	0
AF	0	0.616177	1	1	0	0	0	0	0
AF	0	0.616490	1	1	0	0	0	0	0
AF	0	0.617114	1	1	0	0	0	0	0
AF	0	0.617427	1	1	0	0	0	0	0
AF	0	0.617739	3	1	2	0	0	0	0
AF	0	0.618051	3	2	1	0	0	0	0
AF	0	0.618364	8	7	1	0	0	0	0
AF	0	0.618676	4	1	3	0	0	0	0
AF	0	0.618988	6	3	3	0	0	0	0
AF	0	0.619300	1	1	0	0	0	0	0
AF	0	0.619613	1	1	0	0	0	0	0
AF	0	0.620237	1	0	1	0	0	0	0
AF	0	0.620862	1	1	0	0	0	0	0
AF	0	0.621174	2	1	1	0	0	0	0
AF	0	0.621487	2	2	0	0	0	0	0
AF	0	0.622111	1	1	0	0	0	0	0
AF	0	0.624610	1	1	0	0	0	0	0
AF	0	0.625234	1	1	0	0	0	0	0
AF	0	0.625547	1	1	0	0	0	0	0
AF	0	0.626483	1	0	1	0	0	0	0
AF	0	0.627108	2	1	1	0	0	0	0
AF	0	0.628670	1	1	0	0	0	0	0
AF	0	0.628982	1	0	1	0	0	0	0
AF	0	0.629919	1	0	1	0	0	0	0
AF	0	0.630856	1	1	0	0	0	0	0
AF	0	0.632417	1	0	1	0	0	0	0
AF	0	0.632730	1	1	0	0	0	0	0
AF	0	0.633354	1	0	1	0	0	0	0
AF	0	0.633666	1	1	0	0	0	0	0
AF	0	0.633979	1	1	0	0	0	0	0
AF	0	0.634916	1	0	1	0	0	0	0
AF	0	0.636477	1	0	1	0	0	0	0
AF	0	0.637102	1	1	0	0	0	0	0
AF	0	0.637414	1	1	0	0	0	0	0
AF	0	0.638351	1	0	1	0	0	0	0
AF	0	0.639600	1	0	1	0	0	0	0
AF	0	0.639913	1	1	0	0	0	0	0
AF	0	0.640225	2	1	1	0	0	0	0
AF	0	0.640537	1	1	0	0	0	0	0
AF	0	0.641474	2	1	1	0	0	0	0
AF	0	0.642099	1	1	0	0	0	0	0
AF	0	0.642723	2	2	0	0	0	0	0
AF	0	0.643348	1	1	0	0	0	0	0
AF	0	0.643973	3	2	1	0	0	0	0
AF	0	0.645534	2	2	0	0	0	0	0
AF	0	0.645846	2	0	2	0	0	0	0
AF	0	0.646471	4	1	3	0	0	0	0
AF	0	0.646783	2	1	1	0	0	0	0
AF	0	0.647720	1	1	0	0	0	0	0
AF	0	0.649282	1	1	0	0	0	0	0
AF	0	0.649594	1	1	0	0	0	0	0
AF	0	0.649906	1	1	0	0	0	0	0
AF	0	0.650219	1	0	1	0	0	0	0
AF	0	0.652092	3	2	1	0	0	0	0
AF	0	0.652717	1	0	1	0	0	0	0
AF	0	0.653342	1	1	0	0	0	0	0
AF	0	0.653654	1	1	0	0	0	0	0
AF	0	0.653966	1	1	0	0	0	0	0
AF	0	0.654279	1	1	0	0	0	0	0
AF	0	0.654591	2	0	2	0	0	0	0
AF	0	0.655528	2	0	2	0	0	0	0
AF	0	0.655840	1	1	0	0	0	0	0
AF	0	0.656152	1	1	0	0	0	0	0
AF	0	0.656777	1	1	0	0	0	0	0
AF	0	0.658339	1	0	1	0	0	0	0
AF	0	0.658651	1	1	0	0	0	0	0
AF	0	0.658963	1	0	1	0	0	0	0
AF	0	0.659275	1	1	0	0	0	0	0
AF	0	0.659900	1	1	0	0	0	0	0
AF	0	0.660837	2	2	0	0	0	0	0
AF	0	0.662086	1	1	0	0	0	0	0
AF	0	0.663335	2	1	1	0	0	0	0
AF	0	0.665834	1	1	0	0	0	0	0
AF	0	0.666458	1	1	0	0	0	0	0
AF	0	0.666771	1	1	0	0	0	0	0
AF	0	0.667708	2	0	2	0	0	0	0
AF	0	0.668020	1	1	0	0	0	0	0
AF	0	0.668332	1	1	0	0	0	0	0
AF	0	0.669269	1	1	0	0	0	0	0
AF	0	0.669582	2	2	0	0	0	0	0
AF	0	0.669894	5	4	1	0	0	0	0
AF	0	0.670206	1	1	0	0	0	0	0
AF	0	0.670831	1	1	0	0	0	0	0
AF	0	0.672080	1	0	1	0	0	0	0
AF	0	0.672392	2	1	1	0	0	0	0
AF	0	0.673017	2	1	1	0	0	0	0
AF	0	0.673329	1	1	0	0	0	0	0
AF	0	0.673954	1	1	0	0	0	0	0
AF	0	0.674266	1	0	1	0	0	0	0
AF	0	0.674578	1	1	0	0	0	0	0
AF	0	0.675203	1	0	1	0	0	0	0
AF	0	0.675515	2	1	1	0	0	0	0
AF	0	0.675828	1	1	0	0	0	0	0
AF	0	0.676765	1	0	1	0	0	0	0
AF	0	0.677389	3	2	1	0	0	0	0
AF	0	0.677701	1	1	0	0	0	0	0
AF	0	0.678014	1	0	1	0	0	0	0
AF	0	0.678638	1	1	0	0	0	0	0
AF	0	0.679263	1	0	1	0	0	0	0
AF	0	0.679888	3	2	1	0	0	0	0
AF	0	0.680512	2	0	2	0	0	0	0
AF	0	0.680824	1	0	1	0	0	0	0
AF	0	0.681137	1	1	0	0	0	0	0
AF	0	0.681449	1	0	1	0	0	0	0
AF	0	0.682074	1	1	0	0	0	0	0
AF	0	0.682386	1	1	0	0	0	0	0
AF	0	0.682698	1	0	1	0	0	0	0
AF	0	0.683011	1	1	0	0	0	0	0
AF	0	0.683323	1	0	1	0	0	0	0
AF	0	0.686446	1	1	0	0	0	0	0
AF	0	0.688632	1	0	1	0	0	0	0
AF	0	0.689569	1	1	0	0	0	0	0
AF	0	0.689881	1	0	1	0	0	0	0
AF	0	0.690506	1	1	0	0	0	0	0
AF	0	0.690818	1	1	0	0	0	0	0
AF	0	0.691131	1	1	0	0	0	0	0
AF	0	0.692380	1	1	0	0	0	0	0
AF	0	0.693004	1	0	1	0	0	0	0
AF	0	0.695191	1	1	0	0	0	0	0
AF	0	0.696752	1	1	0	0	0	0	0
AF	0	0.698001	1	1	0	0	0	0	0
AF	0	0.699875	1	0	1	0	0	0	0
AF	0	0.701124	1	1	0	0	0	0	0
AF	0	0.702374	1	1	0	0	0	0	0
AF	0	0.702686	2	2	0	0	0	0	0
AF	0	0.703935	1	1	0	0	0	0	0
AF	0	0.704560	1	1	0	0	0	0	0
AF	0	0.705809	1	1	0	0	0	0	0
AF	0	0.706433	1	0	1	0	0	0	0
AF	0	0.707058	1	0	1	0	0	0	0
AF	0	0.707370	2	1	1	0	0	0	0
AF	0	0.709244	1	0	1	0	0	0	0
AF	0	0.709869	1	1	0	0	0	0	0
AF	0	0.710493	2	1	1	0	0	0	0
AF	0	0.711118	1	1	0	0	0	0	0
AF	0	0.711430	1	1	0	0	0	0	0
AF	0	0.711743	5	2	3	0	0	0	0
AF	0	0.712367	8	6	2	0	0	0	0
AF	0	0.712680	2	2	0	0	0	0	0
AF	0	0.714553	1	1	0	0	0	0	0
AF	0	0.715490	1	1	0	0	0	0	0
AF	0	0.716427	1	0	1	0	0	0	0
AF	0	0.717989	1	0	1	0	0	0	0
AF	0	0.718613	1	1	0	0	0	0	0
AF	0	0.722361	1	0	1	0	0	0	0
AF	0	0.722986	1	1	0	0	0	0	0
AF	0	0.723298	1	1	0	0	0	0	0
AF	0	0.723610	2	0	2	0	0	0	0
AF	0	0.723923	1	0	1	0	0	0	0
AF	0	0.725484	1	1	0	0	0	0	0
AF	0	0.725796	1	1	0	0	0	0	0
AF	0	0.730169	1	1	0	0	0	0	0
AF	0	0.732979	1	1	0	0	0	0	0
AF	0	0.738601	2	0	2	0	0	0	0
AF	0	0.739225	2	2	0	0	0	0	0
AF	0	0.739538	1	1	0	0	0	0	0
AF	0	0.740475	1	1	0	0	0	0	0
AF	0	0.740787	1	0	1	0	0	0	0
AF	0	0.741412	1	1	0	0	0	0	0
AF	0	0.741724	1	1	0	0	0	0	0
AF	0	0.742973	1	1	0	0	0	0	0
AF	0	0.743598	1	0	1	0	0	0	0
AF	0	0.746096	1	0	1	0	0	0	0
AF	0	0.746408	1	1	0	0	0	0	0
AF	0	0.746721	1	1	0	0	0	0	0
AF	0	0.747345	3	1	2	0	0	0	0
AF	0	0.748282	1	1	0	0	0	0	0
AF	0	0.749219	1	1	0	0	0	0	0
AF	0	0.749844	1	1	0	0	0	0	0
AF	0	0.751405	1	1	0	0	0	0	0
AF	0	0.751718	2	2	0	0	0	0	0
AF	0	0.752342	2	2	0	0	0	0	0
AF	0	0.755778	2	2	0	0	0	0	0
AF	0	0.756090	1	0	1	0	0	0	0
AF	0	0.757964	2	2	0	0	0	0	0
AF	0	0.758588	1	0	1	0	0	0	0
AF	0	0.759525	1	0	1	0	0	0	0
AF	0	0.760775	1	1	0	0	0	0	0
AF	0	0.761711	2	2	0	0	0	0	0
AF	0	0.762336	1	1	0	0	0	0	0
AF	0	0.762648	1	1	0	0	0	0	0
AF	0	0.763273	1	1	0	0	0	0	0
AF	0	0.763585	1	0	1	0	0	0	0
AF	0	0.764834	1	1	0	0	0	0	0
AF	0	0.765147	1	1	0	0	0	0	0
AF	0	0.767333	1	0	1	0	0	0	0
AF	0	0.767958	1	1	0	0	0	0	0
AF	0	0.768582	1	1	0	0	0	0	0
AF	0	0.769831	1	0	1	0	0	0	0
AF	0	0.770144	1	1	0	0	0	0	0
AF	0	0.770456	2	2	0	0	0	0	0
AF	0	0.770768	1	0	1	0	0	0	0
AF	0	0.771081	1	0	1	0	0	0	0
AF	0	0.772017	1	0	1	0	0	0	0
AF	0	0.772954	1	1	0	0	0	0	0
AF	0	0.773891	1	1	0	0	0	0	0
AF	0	0.774516	1	1	0	0	0	0	0
AF	0	0.774828	1	0	1	0	0	0	0
AF	0	0.777327	1	0	1	0	0	0	0
AF	0	0.777639	1	1	0	0	0	0	0
AF	0	0.778264	1	1	0	0	0	0	0
AF	0	0.778888	2	1	1	0	0	0	0
AF	0	0.779513	2	1	1	0	0	0	0
AF	0	0.780137	1	1	0	0	0	0	0
AF	0	0.782011	1	1	0	0	0	0	0
AF	0	0.782324	1	1	0	0	0	0	0
AF	0	0.782636	2	1	1	0	0	0	0
AF	0	0.782948	1	1	0	0	0	0	0
AF	0	0.783885	2	2	0	0	0	0	0
AF	0	0.784510	1	1	0	0	0	0	0
AF	0	0.785134	1	0	1	0	0	0	0
AF	0	0.785447	1	1	0	0	0	0	0
AF	0	0.785759	1	1	0	0	0	0	0
AF	0	0.787008	1	0	1	0	0	0	0
AF	0	0.787945	1	1	0	0	0	0	0
AF	0	0.788257	2	1	1	0	0	0	0
AF	0	0.788570	1	1	0	0	0	0	0
AF	0	0.790131	1	1	0	0	0	0	0
AF	0	0.790756	2	1	1	0	0	0	0
AF	0	0.791068	1	0	1	0	0	0	0
AF	0	0.792005	1	0	1	0	0	0	0
AF	0	0.792630	2	2	0	0	0	0	0
AF	0	0.792942	1	1	0	0	0	0	0
AF	0	0.793879	1	0	1	0	0	0	0
AF	0	0.795128	1	0	1	0	0	0	0
AF	0	0.796377	1	1	0	0	0	0	0
AF	0	0.798563	1	1	0	0	0	0	0
AF	0	0.799500	4	1	3	0	0	0	0
AF	0	0.800125	1	0	1	0	0	0	0
AF	0	0.800437	1	1	0	0	0	0	0
AF	0	0.801374	1	1	0	0	0	0	0
AF	0	0.802623	1	1	0	0	0	0	0
AF	0	0.805122	3	2	1	0	0	0	0
AF	0	0.805434	1	0	1	0	0	0	0
AF	0	0.805746	1	1	0	0	0	0	0
AF	0	0.806371	1	0	1	0	0	0	0
AF	0	0.807620	1	1	0	0	0	0	0
AF	0	0.808869	1	1	0	0	0	0	0
AF	0	0.809806	1	1	0	0	0	0	0
AF	0	0.810431	1	1	0	0	0	0	0
AF	0	0.810743	1	0	1	0	0	0	0
AF	0	0.813242	1	0	1	0	0	0	0
AF	0	0.813866	3	3	0	0	0	0	0
AF	0	0.814491	3	2	1	0	0	0	0
AF	0	0.815116	1	0	1	0	0	0	0
AF	0	0.815740	1	0	1	0	0	0	0
AF	0	0.816052	1	1	0	0	0	0	0
AF	0	0.817614	2	2	0	0	0	0	0
AF	0	0.818551	1	1	0	0	0	0	0
AF	0	0.819176	2	1	1	0	0	0	0
AF	0	0.819488	1	0	1	0	0	0	0
AF	0	0.819800	1	1	0	0	0	0	0
AF	0	0.820737	1	1	0	0	0	0	0
AF	0	0.821986	2	0	2	0	0	0	0
AF	0	0.822299	1	1	0	0	0	0	0
AF	0	0.822611	2	2	0	0	0	0	0
AF	0	0.827295	1	1	0	0	0	0	0
AF	0	0.828232	1	1	0	0	0	0	0
AF	0	0.829482	1	1	0	0	0	0	0
AF	0	0.829794	1	1	0	0	0	0	0
AF	0	0.831668	1	0	1	0	0	0	0
AF	0	0.832605	1	1	0	0	0	0	0
AF	0	0.833229	1	1	0	0	0	0	0
AF	0	0.836665	1	0	1	0	0	0	0
AF	0	0.837289	1	1	0	0	0	0	0
AF	0	0.838226	1	1	0	0	0	0	0
AF	0	0.840725	2	1	1	0	0	0	0
AF	0	0.841974	1	1	0	0	0	0	0
AF	0	0.842598	2	2	0	0	0	0	0
AF	0	0.843848	1	0	1	0	0	0	0
AF	0	0.844785	2	2	0	0	0	0	0
AF	0	0.845097	1	0	1	0	0	0	0
AF	0	0.846346	2	2	0	0	0	0	0
AF	0	0.847283	1	0	1	0	0	0	0
AF	0	0.847595	1	0	1	0	0	0	0
AF	0	0.848844	1	1	0	0	0	0	0
AF	0	0.850094	1	0	1	0	0	0	0
AF	0	0.850406	1	0	1	0	0	0	0
AF	0	0.852904	1	0	1	0	0	0	0
AF	0	0.853217	1	1	0	0	0	0	0
AF	0	0.853841	1	1	0	0	0	0	0
AF	0	0.859775	1	1	0	0	0	0	0
AF	0	0.861337	1	1	0	0	0	0	0
AF	0	0.861961	1	1	0	0	0	0	0
AF	0	0.862586	1	1	0	0	0	0	0
AF	0	0.862898	1	1	0	0	0	0	0
AF	0	0.863210	1	1	0	0	0	0	0
AF	0	0.864460	2	2	0	0	0	0	0
AF	0	0.865397	1	0	1	0	0	0	0
AF	0	0.869769	1	1	0	0	0	0	0
AF	0	0.870394	1	1	0	0	0	0	0
AF	0	0.874453	1	0	1	0	0	0	0
AF	0	0.876015	1	0	1	0	0	0	0
AF	0	0.876327	1	0	1	0	0	0	0
AF	0	0.877264	1	0	1	0	0	0	0
AF	0	0.880700	1	1	0	0	0	0	0
AF	0	0.884447	1	1	0	0	0	0	0
AF	0	0.885696	1	0	1	0	0	0	0
AF	0	0.889132	1	0	1	0	0	0	0
AF	0	0.890693	1	0	1	0	0	0	0
AF	0	0.891006	1	1	0	0	0	0	0
AF	0	0.891943	1	0	1	0	0	0	0
AF	0	0.892879	1	1	0	0	0	0	0
AF	0	0.893192	2	1	1	0	0	0	0
AF	0	0.895378	1	0	1	0	0	0	0
AF	0	0.895690	1	1	0	0	0	0	0
AF	0	0.896627	1	1	0	0	0	0	0
AF	0	0.897876	1	1	0	0	0	0	0
AF	0	0.898501	4	3	1	0	0	0	0
AF	0	0.899126	6	6	0	0	0	0	0
AF	0	0.899438	2	0	2	0	0	0	0
AF	0	0.899750	1	1	0	0	0	0	0
AF	0	0.900062	1	0	1	0	0	0	0
AF	0	0.900375	1	0	1	0	0	0	0
AF	0	0.900687	1	0	1	0	0	0	0
AF	0	0.900999	5	3	2	0	0	0	0
AF	0	0.901312	1	0	1	0	0	0	0
AF	0	0.901624	3	2	1	0	0	0	0
AF	0	0.901936	1	1	0	0	0	0	0
AF	0	0.903498	1	1	0	0	0	0	0
AF	0	0.904435	1	1	0	0	0	0	0
AF	0	0.905059	1	0	1	0	0	0	0
AF	0	0.905684	1	1	0	0	0	0	0
AF	0	0.907245	2	2	0	0	0	0	0
AF	0	0.907558	1	1	0	0	0	0	0
AF	0	0.908182	1	1	0	0	0	0	0
AF	0	0.908495	1	1	0	0	0	0	0
AF	0	0.908807	1	1	0	0	0	0	0
AF	0	0.910369	1	1	0	0	0	0	0
AF	0	0.910993	1	1	0	0	0	0	0
AF	0	0.911305	3	3	0	0	0	0	0
AF	0	0.911618	1	1	0	0	0	0	0
AF	0	0.911930	1	1	0	0	0	0	0
AF	0	0.912242	1	1	0	0	0	0	0
AF	0	0.912867	4	3	1	0	0	0	0
AF	0	0.913179	1	1	0	0	0	0	0
AF	0	0.913492	2	2	0	0	0	0	0
AF	0	0.913804	1	1	0	0	0	0	0
AF	0	0.914116	1	1	0	0	0	0	0
AF	0	0.914741	1	0	1	0	0	0	0
AF	0	0.915678	1	0	1	0	0	0	0
AF	0	0.916615	2	0	2	0	0	0	0
AF	0	0.917239	1	1	0	0	0	0	0
AF	0	0.917552	2	1	1	0	0	0	0
AF	0	0.917864	2	2	0	0	0	0	0
AF	0	0.918176	3	3	0	0	0	0	0
AF	0	0.918488	1	1	0	0	0	0	0
AF	0	0.919113	1	1	0	0	0	0	0
AF	0	0.919738	1	1	0	0	0	0	0
AF	0	0.920362	2	2	0	0	0	0	0
AF	0	0.922236	1	1	0	0	0	0	0
AF	0	0.926608	1	1	0	0	0	0	0
AF	0	0.927233	1	1	0	0	0	0	0
AF	0	0.927858	3	3	0	0	0	0	0
AF	0	0.928795	1	1	0	0	0	0	0
AF	0	0.929107	1	0	1	0	0	0	0
AF	0	0.930044	1	1	0	0	0	0	0
AF	0	0.930668	1	1	0	0	0	0	0
AF	0	0.932854	1	0	1	0	0	0	0
AF	0	0.934728	1	1	0	0	0	0	0
AF	0	0.935353	1	1	0	0	0	0	0
AF	0	0.937539	1	1	0	0	0	0	0
AF	0	0.938164	1	1	0	0	0	0	0
AF	0	0.939101	1	0	1	0	0	0	0
AF	0	0.939725	1	1	0	0	0	0	0
AF	0	0.940662	1	0	1	0	0	0	0
AF	0	0.944097	1	0	1	0	0	0	0
AF	0	0.944722	1	0	1	0	0	0	0
AF	0	0.945347	4	2	2	0	0	0	0
AF	0	0.945971	1	1	0	0	0	0	0
AF	0	0.946596	1	0	1	0	0	0	0
AF	0	0.946908	1	1	0	0	0	0	0
AF	0	0.947220	4	2	2	0	0	0	0
AF	0	0.947845	1	1	0	0	0	0	0
AF	0	0.948157	1	1	0	0	0	0	0
AF	0	0.949719	2	2	0	0	0	0	0
AF	0	0.950344	2	2	0	0	0	0	0
AF	0	0.950656	1	1	0	0	0	0	0
AF	0	0.951280	3	3	0	0	0	0	0
AF	0	0.951593	5	3	2	0	0	0	0
AF	0	0.952217	1	0	1	0	0	0	0
AF	0	0.953467	1	0	1	0	0	0	0
AF	0	0.955340	2	1	1	0	0	0	0
AF	0	0.955965	2	2	0	0	0	0	0
AF	0	0.956277	1	1	0	0	0	0	0
AF	0	0.956590	1	1	0	0	0	0	0
AF	0	0.956902	1	0	1	0	0	0	0
AF	0	0.957839	1	1	0	0	0	0	0
AF	0	0.958776	1	1	0	0	0	0	0
AF	0	0.959400	1	1	0	0	0	0	0
AF	0	0.960025	2	1	1	0	0	0	0
AF	0	0.960650	2	2	0	0	0	0	0
AF	0	0.960962	3	2	1	0	0	0	0
AF	0	0.961274	2	2	0	0	0	0	0
AF	0	0.961587	2	1	1	0	0	0	0
AF	0	0.961899	3	3	0	0	0	0	0
AF	0	0.962211	1	1	0	0	0	0	0
AF	0	0.963148	2	1	1	0	0	0	0
AF	0	0.963460	1	0	1	0	0	0	0
AF	0	0.964085	1	1	0	0	0	0	0
AF	0	0.965022	1	1	0	0	0	0	0
AF	0	0.965959	1	1	0	0	0	0	0
AF	0	0.968145	1	1	0	0	0	0	0
AF	0	0.968457	1	0	1	0	0	0	0
AF	0	0.969706	1	0	1	0	0	0	0
AF	0	0.970956	1	1	0	0	0	0	0
AF	0	0.974079	1	1	0	0	0	0	0
AF	0	0.975328	1	1	0	0	0	0	0
AF	0	0.975640	1	1	0	0	0	0	0
AF	0	0.976577	1	1	0	0	0	0	0
AF	0	0.977202	1	1	0	0	0	0	0
AF	0	0.978451	1	1	0	0	0	0	0
AF	0	0.978763	2	1	1	0	0	0	0
AF	0	0.979076	3	2	1	0	0	0	0
AF	0	0.979388	1	1	0	0	0	0	0
AF	0	0.980325	1	1	0	0	0	0	0
AF	0	0.980949	4	4	0	0	0	0	0
AF	0	0.981262	2	1	1	0	0	0	0
AF	0	0.981574	4	1	3	0	0	0	0
AF	0	0.981886	3	1	2	0	0	0	0
AF	0	0.982199	5	3	2	0	0	0	0
AF	0	0.982823	2	0	2	0	0	0	0
AF	0	0.983448	1	1	0	0	0	0	0
AF	0	0.984385	1	1	0	0	0	0	0
AF	0	0.984697	4	3	1	0	0	0	0
AF	0	0.985322	3	2	1	0	0	0	0
AF	0	0.985634	1	1	0	0	0	0	0
AF	0	0.985946	2	2	0	0	0	0	0
AF	0	0.986571	1	1	0	0	0	0	0
AF	0	0.986883	3	2	1	0	0	0	0
AF	0	0.987196	9	6	3	0	0	0	0
AF	0	0.987508	1	1	0	0	0	0	0
AF	0	0.988445	1	1	0	0	0	0	0
AF	0	0.988757	3	2	1	0	0	0	0
AF	0	0.989069	3	1	2	0	0	0	0
AF	0	0.989694	1	0	1	0	0	0	0
AF	0	0.990006	1	0	1	0	0	0	0
AF	0	0.990319	3	1	2	0	0	0	0
AF	0	0.990943	3	3	0	0	0	0	0
AF	0	0.991255	1	0	1	0	0	0	0
AF	0	0.991568	2	1	1	0	0	0	0
AF	0	0.993129	1	1	0	0	0	0	0
AF	0	0.993442	3	3	0	0	0	0	0
AF	0	0.994066	2	1	1	0	0	0	0
AF	0	0.994379	3	2	1	0	0	0	0
AF	0	0.994691	2	0	2	0	0	0	0
AF	0	0.995003	1	1	0	0	0	0	0
AF	0	0.995628	2	2	0	0	0	0	0
AF	0	0.996565	1	0	1	0	0	0	0
AF	0	0.996877	1	1	0	0	0	0	0
AF	0	0.997189	1	1	0	0	0	0	0
AF	0	0.997814	1	1	0	0	0	0	0
AF	0	0.999063	2	0	2	0	0	0	0
# QUAL, Stats by quality
# QUAL	[2]id	[3]Quality	[4]number of SNPs	[5]number of transitions (1st ALT)	[6]number of transversions (1st ALT)	[7]number of indels
QUAL	0	.	19067	12786	6281	0
# IDD, InDel distribution:
# IDD	[2]id	[3]length (deletions negative)	[4]number of sites	[5]number of genotypes	[6]mean VAF
# ST, Substitution types:
# ST	[2]id	[3]type	[4]count
ST	0	A>C	738
ST	0	A>G	2678
ST	0	A>T	700
ST	0	C>A	973
ST	0	C>G	755
ST	0	C>T	3609
ST	0	G>A	3596
ST	0	G>C	728
ST	0	G>T	922
ST	0	T>A	756
ST	0	T>C	2903
ST	0	T>G	709
# DP, Depth distribution
# DP	[2]id	[3]bin	[4]number of genotypes	[5]fraction of genotypes (%)	[6]number of sites	[7]fraction of sites (%)
  - Fix haploid genotypes in males...

Submit MakeDiploidMalesX finished successfully. Let's have a beer, buddy!

