Submit MakeDiploidMalesX
version 1.1.6 (2024-09-30)

These are the settings:
  Input file................: /hpc/local/Rocky8/dhl_ec/software/MonopogenLite/resources/1kGP_high_coverage_Illumina.SNVonly_poly.filtered_AF_5e-04.norm.fixvariantid.chrX.vcf.gz
  Output file...............: /hpc/local/Rocky8/dhl_ec/software/MonopogenLite/resources/1kGP_high_coverage_Illumina.SNVonly_poly.filtered_AF_5e-04.norm.fixvariantid.makediploid.chrX.vcf.gz
  Chunk size................: 100

  SLURM CPUs................: 4
  SLURM Array ID............: 82 (of 100)
  SLURM memory..............: 16G
  SLURM time................: 01:00:00
  SLURM mail type...........: FAIL
  SLURM mail user...........: s.w.vanderlaan-2@umcutrecht.nl

  Dry run mode..............: 0
  Debug mode................: 1
  Verbosity.................: 0
  Version...................: 1.1.6 (2024-09-30)

Making converting haploid genotypes to diploid genotypes.
> Extract the region for this SLURM task (# 82) from the BED file.
  - Get the chunk number from the SLURM array task ID and the bed file...
DEBUG: Extracting chunk number: 82p from 82
DEBUG: Extracting region from BED file: /hpc/local/Rocky8/dhl_ec/software/MonopogenLite/resources/chrX_100pieces.bed
  - Extract the region from the BED file...
DEBUG: Extracted raw region: 'chrX	126393049	127953456' (chunk #: 82p of 100 for job 82)
  - Check if a valid region was extracted -- should be 'chrX	126393049	127953456'...
  - Prepare the region for bcftools...
  - Check if the region (chrX:126393049-127953456) was successfully extracted...
> Processing region 'chrX:126393049-127953456'...
  - Process the specific region (chunk# 82) using bcftools view...
  - Index the VCF file...
DEBUG: Check if the VCF file was successfully processed...
##fileformat=VCFv4.2
##FILTER=<ID=PASS,Description="All filters passed">
##fileDate=29/01/2022 - 14:31:41
##source=shapeit4.2.2
##contig=<ID=chr1,length=248956422>
##contig=<ID=chr2,length=242193529>
##contig=<ID=chr3,length=198295559>
##contig=<ID=chr4,length=190214555>
##contig=<ID=chr5,length=181538259>
##contig=<ID=chr6,length=170805979>
# This file was produced by bcftools stats (1.20+htslib-1.20) and can be plotted using plot-vcfstats.
# The command line was:	bcftools stats  /hpc/local/Rocky8/dhl_ec/software/MonopogenLite/resources/chrX.part82.vcf.gz
#
# Definition of sets:
# ID	[2]id	[3]tab-separated file names
ID	0	/hpc/local/Rocky8/dhl_ec/software/MonopogenLite/resources/chrX.part82.vcf.gz
# SN, Summary numbers:
#   number of records   .. number of data rows in the VCF
#   number of no-ALTs   .. reference-only sites, ALT is either "." or identical to REF
#   number of SNPs      .. number of rows with a SNP
#   number of MNPs      .. number of rows with a MNP, such as CC>TT
#   number of indels    .. number of rows with an indel
#   number of others    .. number of rows with other type, for example a symbolic allele or
#                          a complex substitution, such as ACT>TCGA
#   number of multiallelic sites     .. number of rows with multiple alternate alleles
#   number of multiallelic SNP sites .. number of rows with multiple alternate alleles, all SNPs
# 
#   Note that rows containing multiple types will be counted multiple times, in each
#   counter. For example, a row with a SNP and an indel increments both the SNP and
#   the indel counter.
# 
# SN	[2]id	[3]key	[4]value
SN	0	number of samples:	3202
SN	0	number of records:	17265
SN	0	number of no-ALTs:	0
SN	0	number of SNPs:	17265
SN	0	number of MNPs:	0
SN	0	number of indels:	0
SN	0	number of others:	0
SN	0	number of multiallelic sites:	0
SN	0	number of multiallelic SNP sites:	0
# TSTV, transitions/transversions:
# TSTV	[2]id	[3]ts	[4]tv	[5]ts/tv	[6]ts (1st ALT)	[7]tv (1st ALT)	[8]ts/tv (1st ALT)
TSTV	0	11138	6127	1.82	11138	6127	1.82
# SiS, Singleton stats:
# SiS	[2]id	[3]allele count	[4]number of SNPs	[5]number of transitions	[6]number of transversions	[7]number of indels	[8]repeat-consistent	[9]repeat-inconsistent	[10]not applicable
SiS	0	1	0	0	0	0	0	0	0
# AF, Stats by non-reference allele frequency:
# AF	[2]id	[3]allele frequency	[4]number of SNPs	[5]number of transitions	[6]number of transversions	[7]number of indels	[8]repeat-consistent	[9]repeat-inconsistent	[10]not applicable
AF	0	0.000312	2698	1719	979	0	0	0	0
AF	0	0.000625	1848	1203	645	0	0	0	0
AF	0	0.000937	1778	1172	606	0	0	0	0
AF	0	0.001249	637	408	229	0	0	0	0
AF	0	0.001562	783	507	276	0	0	0	0
AF	0	0.001874	247	157	90	0	0	0	0
AF	0	0.002186	558	356	202	0	0	0	0
AF	0	0.002498	220	147	73	0	0	0	0
AF	0	0.002811	408	261	147	0	0	0	0
AF	0	0.003123	204	133	71	0	0	0	0
AF	0	0.003435	268	163	105	0	0	0	0
AF	0	0.003748	119	73	46	0	0	0	0
AF	0	0.004060	400	270	130	0	0	0	0
AF	0	0.004372	116	86	30	0	0	0	0
AF	0	0.004685	366	228	138	0	0	0	0
AF	0	0.004997	119	81	38	0	0	0	0
AF	0	0.005309	232	158	74	0	0	0	0
AF	0	0.005621	77	54	23	0	0	0	0
AF	0	0.005934	143	94	49	0	0	0	0
AF	0	0.006246	78	55	23	0	0	0	0
AF	0	0.006558	120	72	48	0	0	0	0
AF	0	0.006871	87	51	36	0	0	0	0
AF	0	0.007183	135	95	40	0	0	0	0
AF	0	0.007495	37	23	14	0	0	0	0
AF	0	0.007808	74	45	29	0	0	0	0
AF	0	0.008120	42	29	13	0	0	0	0
AF	0	0.008432	79	50	29	0	0	0	0
AF	0	0.008745	46	29	17	0	0	0	0
AF	0	0.009057	68	38	30	0	0	0	0
AF	0	0.009369	32	22	10	0	0	0	0
AF	0	0.009681	71	48	23	0	0	0	0
AF	0	0.009994	29	22	7	0	0	0	0
AF	0	0.010306	43	26	17	0	0	0	0
AF	0	0.010618	11	9	2	0	0	0	0
AF	0	0.010931	59	37	22	0	0	0	0
AF	0	0.011243	34	17	17	0	0	0	0
AF	0	0.011555	48	24	24	0	0	0	0
AF	0	0.011868	21	12	9	0	0	0	0
AF	0	0.012180	117	69	48	0	0	0	0
AF	0	0.012492	17	11	6	0	0	0	0
AF	0	0.012804	78	47	31	0	0	0	0
AF	0	0.013117	19	12	7	0	0	0	0
AF	0	0.013429	69	47	22	0	0	0	0
AF	0	0.013741	31	19	12	0	0	0	0
AF	0	0.014054	36	27	9	0	0	0	0
AF	0	0.014366	28	22	6	0	0	0	0
AF	0	0.014678	24	18	6	0	0	0	0
AF	0	0.014991	17	11	6	0	0	0	0
AF	0	0.015303	22	16	6	0	0	0	0
AF	0	0.015615	19	11	8	0	0	0	0
AF	0	0.015928	34	22	12	0	0	0	0
AF	0	0.016240	11	6	5	0	0	0	0
AF	0	0.016552	26	19	7	0	0	0	0
AF	0	0.016864	12	11	1	0	0	0	0
AF	0	0.017177	30	22	8	0	0	0	0
AF	0	0.017489	15	12	3	0	0	0	0
AF	0	0.017801	23	15	8	0	0	0	0
AF	0	0.018114	8	2	6	0	0	0	0
AF	0	0.018426	36	20	16	0	0	0	0
AF	0	0.018738	12	9	3	0	0	0	0
AF	0	0.019051	27	16	11	0	0	0	0
AF	0	0.019363	13	9	4	0	0	0	0
AF	0	0.019675	26	17	9	0	0	0	0
AF	0	0.019988	14	8	6	0	0	0	0
AF	0	0.020300	14	11	3	0	0	0	0
AF	0	0.020612	10	6	4	0	0	0	0
AF	0	0.020924	31	16	15	0	0	0	0
AF	0	0.021237	40	24	16	0	0	0	0
AF	0	0.021549	29	17	12	0	0	0	0
AF	0	0.021861	11	8	3	0	0	0	0
AF	0	0.022174	23	15	8	0	0	0	0
AF	0	0.022486	18	11	7	0	0	0	0
AF	0	0.022798	23	16	7	0	0	0	0
AF	0	0.023111	7	2	5	0	0	0	0
AF	0	0.023423	25	13	12	0	0	0	0
AF	0	0.023735	7	4	3	0	0	0	0
AF	0	0.024047	27	15	12	0	0	0	0
AF	0	0.024360	19	13	6	0	0	0	0
AF	0	0.024672	21	11	10	0	0	0	0
AF	0	0.024984	17	12	5	0	0	0	0
AF	0	0.025297	9	6	3	0	0	0	0
AF	0	0.025609	10	6	4	0	0	0	0
AF	0	0.025921	11	11	0	0	0	0	0
AF	0	0.026234	4	3	1	0	0	0	0
AF	0	0.026546	16	10	6	0	0	0	0
AF	0	0.026858	7	1	6	0	0	0	0
AF	0	0.027171	14	9	5	0	0	0	0
AF	0	0.027483	4	3	1	0	0	0	0
AF	0	0.027795	14	6	8	0	0	0	0
AF	0	0.028107	6	2	4	0	0	0	0
AF	0	0.028420	19	12	7	0	0	0	0
AF	0	0.028732	7	3	4	0	0	0	0
AF	0	0.029044	14	7	7	0	0	0	0
AF	0	0.029357	5	2	3	0	0	0	0
AF	0	0.029669	10	5	5	0	0	0	0
AF	0	0.029981	6	4	2	0	0	0	0
AF	0	0.030294	6	3	3	0	0	0	0
AF	0	0.030606	5	3	2	0	0	0	0
AF	0	0.030918	6	4	2	0	0	0	0
AF	0	0.031230	2	1	1	0	0	0	0
AF	0	0.031543	8	3	5	0	0	0	0
AF	0	0.031855	7	3	4	0	0	0	0
AF	0	0.032167	4	3	1	0	0	0	0
AF	0	0.032480	2	1	1	0	0	0	0
AF	0	0.032792	2	0	2	0	0	0	0
AF	0	0.033417	4	3	1	0	0	0	0
AF	0	0.033729	3	2	1	0	0	0	0
AF	0	0.034041	5	3	2	0	0	0	0
AF	0	0.034354	5	2	3	0	0	0	0
AF	0	0.034666	11	9	2	0	0	0	0
AF	0	0.034978	7	3	4	0	0	0	0
AF	0	0.035290	10	4	6	0	0	0	0
AF	0	0.035603	5	4	1	0	0	0	0
AF	0	0.035915	4	2	2	0	0	0	0
AF	0	0.036227	3	1	2	0	0	0	0
AF	0	0.036540	9	8	1	0	0	0	0
AF	0	0.036852	4	4	0	0	0	0	0
AF	0	0.037164	28	14	14	0	0	0	0
AF	0	0.037477	16	8	8	0	0	0	0
AF	0	0.037789	25	14	11	0	0	0	0
AF	0	0.038101	15	11	4	0	0	0	0
AF	0	0.038413	11	10	1	0	0	0	0
AF	0	0.038726	12	8	4	0	0	0	0
AF	0	0.039038	6	1	5	0	0	0	0
AF	0	0.039350	9	6	3	0	0	0	0
AF	0	0.039663	3	2	1	0	0	0	0
AF	0	0.039975	3	1	2	0	0	0	0
AF	0	0.040287	6	4	2	0	0	0	0
AF	0	0.040600	1	1	0	0	0	0	0
AF	0	0.040912	5	3	2	0	0	0	0
AF	0	0.041224	3	1	2	0	0	0	0
AF	0	0.041537	18	14	4	0	0	0	0
AF	0	0.041849	1	1	0	0	0	0	0
AF	0	0.042161	13	9	4	0	0	0	0
AF	0	0.042473	12	9	3	0	0	0	0
AF	0	0.042786	13	12	1	0	0	0	0
AF	0	0.043098	1	1	0	0	0	0	0
AF	0	0.043410	12	7	5	0	0	0	0
AF	0	0.043723	6	4	2	0	0	0	0
AF	0	0.044035	8	5	3	0	0	0	0
AF	0	0.044347	2	2	0	0	0	0	0
AF	0	0.044660	6	4	2	0	0	0	0
AF	0	0.045284	6	4	2	0	0	0	0
AF	0	0.045597	11	7	4	0	0	0	0
AF	0	0.045909	11	9	2	0	0	0	0
AF	0	0.046221	7	6	1	0	0	0	0
AF	0	0.046533	7	5	2	0	0	0	0
AF	0	0.047158	7	4	3	0	0	0	0
AF	0	0.047470	1	1	0	0	0	0	0
AF	0	0.047783	8	5	3	0	0	0	0
AF	0	0.048095	8	6	2	0	0	0	0
AF	0	0.048407	8	1	7	0	0	0	0
AF	0	0.048720	1	0	1	0	0	0	0
AF	0	0.049032	11	8	3	0	0	0	0
AF	0	0.049656	7	5	2	0	0	0	0
AF	0	0.049969	5	5	0	0	0	0	0
AF	0	0.050281	14	9	5	0	0	0	0
AF	0	0.050593	12	4	8	0	0	0	0
AF	0	0.050906	16	10	6	0	0	0	0
AF	0	0.051218	2	2	0	0	0	0	0
AF	0	0.051530	7	6	1	0	0	0	0
AF	0	0.051843	2	2	0	0	0	0	0
AF	0	0.052155	9	8	1	0	0	0	0
AF	0	0.052467	9	3	6	0	0	0	0
AF	0	0.052780	8	6	2	0	0	0	0
AF	0	0.053092	1	0	1	0	0	0	0
AF	0	0.053404	12	8	4	0	0	0	0
AF	0	0.053716	5	4	1	0	0	0	0
AF	0	0.054029	2	0	2	0	0	0	0
AF	0	0.054341	3	3	0	0	0	0	0
AF	0	0.054653	7	4	3	0	0	0	0
AF	0	0.054966	10	6	4	0	0	0	0
AF	0	0.055278	6	4	2	0	0	0	0
AF	0	0.055590	8	3	5	0	0	0	0
AF	0	0.055903	8	5	3	0	0	0	0
AF	0	0.056215	11	6	5	0	0	0	0
AF	0	0.056527	19	13	6	0	0	0	0
AF	0	0.056839	10	5	5	0	0	0	0
AF	0	0.057152	21	12	9	0	0	0	0
AF	0	0.057464	19	11	8	0	0	0	0
AF	0	0.057776	15	12	3	0	0	0	0
AF	0	0.058089	2	2	0	0	0	0	0
AF	0	0.058401	8	6	2	0	0	0	0
AF	0	0.058713	9	5	4	0	0	0	0
AF	0	0.059026	7	5	2	0	0	0	0
AF	0	0.059338	3	2	1	0	0	0	0
AF	0	0.059650	10	7	3	0	0	0	0
AF	0	0.059963	3	3	0	0	0	0	0
AF	0	0.060275	3	2	1	0	0	0	0
AF	0	0.060587	1	1	0	0	0	0	0
AF	0	0.060899	7	6	1	0	0	0	0
AF	0	0.061212	5	5	0	0	0	0	0
AF	0	0.061524	6	4	2	0	0	0	0
AF	0	0.061836	3	2	1	0	0	0	0
AF	0	0.062149	8	5	3	0	0	0	0
AF	0	0.062461	4	1	3	0	0	0	0
AF	0	0.062773	7	6	1	0	0	0	0
AF	0	0.063086	5	4	1	0	0	0	0
AF	0	0.063398	10	7	3	0	0	0	0
AF	0	0.063710	1	1	0	0	0	0	0
AF	0	0.064022	1	1	0	0	0	0	0
AF	0	0.064335	1	1	0	0	0	0	0
AF	0	0.064647	3	1	2	0	0	0	0
AF	0	0.064959	1	0	1	0	0	0	0
AF	0	0.065584	1	1	0	0	0	0	0
AF	0	0.065896	4	3	1	0	0	0	0
AF	0	0.066209	2	1	1	0	0	0	0
AF	0	0.066521	2	1	1	0	0	0	0
AF	0	0.066833	2	1	1	0	0	0	0
AF	0	0.067146	6	2	4	0	0	0	0
AF	0	0.067458	3	1	2	0	0	0	0
AF	0	0.067770	5	4	1	0	0	0	0
AF	0	0.068082	1	1	0	0	0	0	0
AF	0	0.068395	8	7	1	0	0	0	0
AF	0	0.068707	1	1	0	0	0	0	0
AF	0	0.069019	6	3	3	0	0	0	0
AF	0	0.069332	5	3	2	0	0	0	0
AF	0	0.069644	11	6	5	0	0	0	0
AF	0	0.069956	4	3	1	0	0	0	0
AF	0	0.070269	13	8	5	0	0	0	0
AF	0	0.070581	2	2	0	0	0	0	0
AF	0	0.070893	1	1	0	0	0	0	0
AF	0	0.071205	1	1	0	0	0	0	0
AF	0	0.071518	10	7	3	0	0	0	0
AF	0	0.071830	1	1	0	0	0	0	0
AF	0	0.072142	9	7	2	0	0	0	0
AF	0	0.072455	3	0	3	0	0	0	0
AF	0	0.072767	5	4	1	0	0	0	0
AF	0	0.073079	2	1	1	0	0	0	0
AF	0	0.073392	6	4	2	0	0	0	0
AF	0	0.073704	1	1	0	0	0	0	0
AF	0	0.074016	3	1	2	0	0	0	0
AF	0	0.074641	8	6	2	0	0	0	0
AF	0	0.074953	5	1	4	0	0	0	0
AF	0	0.075265	12	10	2	0	0	0	0
AF	0	0.075578	3	3	0	0	0	0	0
AF	0	0.075890	3	2	1	0	0	0	0
AF	0	0.076202	1	1	0	0	0	0	0
AF	0	0.076515	2	2	0	0	0	0	0
AF	0	0.076827	2	2	0	0	0	0	0
AF	0	0.077139	3	3	0	0	0	0	0
AF	0	0.077452	3	1	2	0	0	0	0
AF	0	0.077764	4	3	1	0	0	0	0
AF	0	0.078076	3	0	3	0	0	0	0
AF	0	0.078389	1	1	0	0	0	0	0
AF	0	0.079013	1	1	0	0	0	0	0
AF	0	0.079325	3	1	2	0	0	0	0
AF	0	0.079638	1	1	0	0	0	0	0
AF	0	0.080262	3	2	1	0	0	0	0
AF	0	0.080575	1	1	0	0	0	0	0
AF	0	0.080887	3	2	1	0	0	0	0
AF	0	0.081199	2	0	2	0	0	0	0
AF	0	0.081512	2	1	1	0	0	0	0
AF	0	0.081824	4	1	3	0	0	0	0
AF	0	0.082136	4	2	2	0	0	0	0
AF	0	0.082448	1	0	1	0	0	0	0
AF	0	0.082761	4	4	0	0	0	0	0
AF	0	0.083073	5	4	1	0	0	0	0
AF	0	0.083385	13	7	6	0	0	0	0
AF	0	0.083698	1	1	0	0	0	0	0
AF	0	0.084010	5	3	2	0	0	0	0
AF	0	0.084322	5	3	2	0	0	0	0
AF	0	0.084635	2	1	1	0	0	0	0
AF	0	0.085259	3	2	1	0	0	0	0
AF	0	0.085572	1	0	1	0	0	0	0
AF	0	0.085884	1	1	0	0	0	0	0
AF	0	0.086196	4	3	1	0	0	0	0
AF	0	0.086821	4	2	2	0	0	0	0
AF	0	0.087133	7	4	3	0	0	0	0
AF	0	0.087445	4	2	2	0	0	0	0
AF	0	0.087758	4	2	2	0	0	0	0
AF	0	0.088070	3	1	2	0	0	0	0
AF	0	0.088382	2	1	1	0	0	0	0
AF	0	0.089007	4	4	0	0	0	0	0
AF	0	0.089319	1	1	0	0	0	0	0
AF	0	0.089944	3	1	2	0	0	0	0
AF	0	0.090256	2	1	1	0	0	0	0
AF	0	0.090568	1	0	1	0	0	0	0
AF	0	0.091505	3	2	1	0	0	0	0
AF	0	0.092130	2	1	1	0	0	0	0
AF	0	0.092442	1	1	0	0	0	0	0
AF	0	0.092755	2	2	0	0	0	0	0
AF	0	0.093379	1	1	0	0	0	0	0
AF	0	0.094628	6	5	1	0	0	0	0
AF	0	0.094941	3	2	1	0	0	0	0
AF	0	0.095253	1	1	0	0	0	0	0
AF	0	0.095565	1	1	0	0	0	0	0
AF	0	0.095878	8	5	3	0	0	0	0
AF	0	0.096190	2	0	2	0	0	0	0
AF	0	0.096502	3	2	1	0	0	0	0
AF	0	0.096814	2	0	2	0	0	0	0
AF	0	0.097127	9	7	2	0	0	0	0
AF	0	0.097439	2	0	2	0	0	0	0
AF	0	0.097751	2	2	0	0	0	0	0
AF	0	0.098064	3	2	1	0	0	0	0
AF	0	0.098376	3	0	3	0	0	0	0
AF	0	0.099313	2	0	2	0	0	0	0
AF	0	0.099625	4	3	1	0	0	0	0
AF	0	0.099938	1	0	1	0	0	0	0
AF	0	0.100250	6	4	2	0	0	0	0
AF	0	0.100562	1	1	0	0	0	0	0
AF	0	0.100874	3	2	1	0	0	0	0
AF	0	0.101499	6	3	3	0	0	0	0
AF	0	0.101811	4	2	2	0	0	0	0
AF	0	0.102124	2	1	1	0	0	0	0
AF	0	0.102436	7	5	2	0	0	0	0
AF	0	0.102748	3	3	0	0	0	0	0
AF	0	0.103061	1	1	0	0	0	0	0
AF	0	0.103373	4	3	1	0	0	0	0
AF	0	0.103685	5	3	2	0	0	0	0
AF	0	0.103998	8	5	3	0	0	0	0
AF	0	0.104310	5	3	2	0	0	0	0
AF	0	0.104622	2	0	2	0	0	0	0
AF	0	0.104934	1	0	1	0	0	0	0
AF	0	0.105247	8	5	3	0	0	0	0
AF	0	0.105559	1	0	1	0	0	0	0
AF	0	0.105871	21	12	9	0	0	0	0
AF	0	0.106496	9	7	2	0	0	0	0
AF	0	0.106808	3	2	1	0	0	0	0
AF	0	0.107121	12	6	6	0	0	0	0
AF	0	0.107433	2	2	0	0	0	0	0
AF	0	0.107745	4	4	0	0	0	0	0
AF	0	0.108057	7	4	3	0	0	0	0
AF	0	0.108370	11	9	2	0	0	0	0
AF	0	0.108682	3	1	2	0	0	0	0
AF	0	0.108994	3	1	2	0	0	0	0
AF	0	0.109307	2	1	1	0	0	0	0
AF	0	0.109619	4	1	3	0	0	0	0
AF	0	0.110244	2	2	0	0	0	0	0
AF	0	0.110556	2	2	0	0	0	0	0
AF	0	0.110868	2	2	0	0	0	0	0
AF	0	0.111181	5	3	2	0	0	0	0
AF	0	0.111493	1	1	0	0	0	0	0
AF	0	0.111805	7	5	2	0	0	0	0
AF	0	0.112117	2	2	0	0	0	0	0
AF	0	0.112430	9	3	6	0	0	0	0
AF	0	0.112742	12	5	7	0	0	0	0
AF	0	0.113054	19	16	3	0	0	0	0
AF	0	0.113367	10	4	6	0	0	0	0
AF	0	0.113679	5	3	2	0	0	0	0
AF	0	0.113991	2	2	0	0	0	0	0
AF	0	0.114304	4	2	2	0	0	0	0
AF	0	0.114928	3	1	2	0	0	0	0
AF	0	0.115240	1	1	0	0	0	0	0
AF	0	0.115553	4	2	2	0	0	0	0
AF	0	0.116177	2	1	1	0	0	0	0
AF	0	0.116490	3	2	1	0	0	0	0
AF	0	0.116802	2	1	1	0	0	0	0
AF	0	0.117114	3	2	1	0	0	0	0
AF	0	0.117427	2	1	1	0	0	0	0
AF	0	0.117739	3	1	2	0	0	0	0
AF	0	0.118051	6	4	2	0	0	0	0
AF	0	0.118364	1	1	0	0	0	0	0
AF	0	0.118676	1	1	0	0	0	0	0
AF	0	0.118988	2	1	1	0	0	0	0
AF	0	0.119613	3	0	3	0	0	0	0
AF	0	0.119925	7	4	3	0	0	0	0
AF	0	0.120237	7	4	3	0	0	0	0
AF	0	0.120550	7	5	2	0	0	0	0
AF	0	0.121174	3	2	1	0	0	0	0
AF	0	0.121799	4	3	1	0	0	0	0
AF	0	0.122736	3	1	2	0	0	0	0
AF	0	0.123048	8	5	3	0	0	0	0
AF	0	0.123360	1	1	0	0	0	0	0
AF	0	0.123673	4	0	4	0	0	0	0
AF	0	0.123985	4	3	1	0	0	0	0
AF	0	0.124297	14	9	5	0	0	0	0
AF	0	0.124610	5	4	1	0	0	0	0
AF	0	0.124922	1	1	0	0	0	0	0
AF	0	0.125234	1	1	0	0	0	0	0
AF	0	0.125547	4	3	1	0	0	0	0
AF	0	0.125859	1	1	0	0	0	0	0
AF	0	0.126171	3	3	0	0	0	0	0
AF	0	0.126796	4	4	0	0	0	0	0
AF	0	0.127108	1	1	0	0	0	0	0
AF	0	0.127420	1	1	0	0	0	0	0
AF	0	0.127733	1	0	1	0	0	0	0
AF	0	0.128045	3	3	0	0	0	0	0
AF	0	0.128670	1	1	0	0	0	0	0
AF	0	0.128982	2	1	1	0	0	0	0
AF	0	0.129294	1	1	0	0	0	0	0
AF	0	0.129919	1	1	0	0	0	0	0
AF	0	0.130543	2	1	1	0	0	0	0
AF	0	0.130856	1	1	0	0	0	0	0
AF	0	0.131480	1	0	1	0	0	0	0
AF	0	0.131793	1	1	0	0	0	0	0
AF	0	0.132105	1	0	1	0	0	0	0
AF	0	0.132417	2	1	1	0	0	0	0
AF	0	0.132730	2	1	1	0	0	0	0
AF	0	0.133042	1	1	0	0	0	0	0
AF	0	0.133354	1	0	1	0	0	0	0
AF	0	0.133666	1	1	0	0	0	0	0
AF	0	0.133979	1	0	1	0	0	0	0
AF	0	0.134291	2	2	0	0	0	0	0
AF	0	0.134603	2	2	0	0	0	0	0
AF	0	0.134916	1	0	1	0	0	0	0
AF	0	0.135228	1	1	0	0	0	0	0
AF	0	0.136165	2	2	0	0	0	0	0
AF	0	0.136477	1	1	0	0	0	0	0
AF	0	0.136790	3	2	1	0	0	0	0
AF	0	0.137102	1	1	0	0	0	0	0
AF	0	0.137414	3	2	1	0	0	0	0
AF	0	0.137726	3	1	2	0	0	0	0
AF	0	0.138039	6	3	3	0	0	0	0
AF	0	0.138663	1	1	0	0	0	0	0
AF	0	0.138976	3	2	1	0	0	0	0
AF	0	0.139288	5	4	1	0	0	0	0
AF	0	0.139600	1	0	1	0	0	0	0
AF	0	0.139913	11	5	6	0	0	0	0
AF	0	0.140225	4	4	0	0	0	0	0
AF	0	0.140537	3	3	0	0	0	0	0
AF	0	0.140849	8	6	2	0	0	0	0
AF	0	0.141162	6	5	1	0	0	0	0
AF	0	0.141474	1	0	1	0	0	0	0
AF	0	0.141786	13	8	5	0	0	0	0
AF	0	0.142099	6	4	2	0	0	0	0
AF	0	0.142411	7	5	2	0	0	0	0
AF	0	0.142723	4	2	2	0	0	0	0
AF	0	0.143036	2	1	1	0	0	0	0
AF	0	0.143348	1	1	0	0	0	0	0
AF	0	0.143973	1	1	0	0	0	0	0
AF	0	0.144285	2	1	1	0	0	0	0
AF	0	0.144909	3	2	1	0	0	0	0
AF	0	0.146159	1	1	0	0	0	0	0
AF	0	0.146471	2	1	1	0	0	0	0
AF	0	0.146783	3	2	1	0	0	0	0
AF	0	0.147408	1	1	0	0	0	0	0
AF	0	0.147720	3	2	1	0	0	0	0
AF	0	0.148032	2	2	0	0	0	0	0
AF	0	0.148657	1	0	1	0	0	0	0
AF	0	0.148969	2	2	0	0	0	0	0
AF	0	0.149594	3	2	1	0	0	0	0
AF	0	0.149906	3	3	0	0	0	0	0
AF	0	0.150219	1	1	0	0	0	0	0
AF	0	0.150531	2	0	2	0	0	0	0
AF	0	0.151156	1	0	1	0	0	0	0
AF	0	0.152092	1	1	0	0	0	0	0
AF	0	0.152717	2	1	1	0	0	0	0
AF	0	0.153029	10	8	2	0	0	0	0
AF	0	0.153654	1	0	1	0	0	0	0
AF	0	0.154279	2	1	1	0	0	0	0
AF	0	0.154591	1	0	1	0	0	0	0
AF	0	0.154903	1	1	0	0	0	0	0
AF	0	0.157402	1	1	0	0	0	0	0
AF	0	0.158026	1	1	0	0	0	0	0
AF	0	0.158339	1	0	1	0	0	0	0
AF	0	0.158963	1	1	0	0	0	0	0
AF	0	0.159275	3	2	1	0	0	0	0
AF	0	0.159588	1	1	0	0	0	0	0
AF	0	0.160525	2	1	1	0	0	0	0
AF	0	0.162711	1	1	0	0	0	0	0
AF	0	0.163023	1	1	0	0	0	0	0
AF	0	0.163648	2	1	1	0	0	0	0
AF	0	0.164272	1	1	0	0	0	0	0
AF	0	0.164585	1	1	0	0	0	0	0
AF	0	0.165522	1	1	0	0	0	0	0
AF	0	0.166458	1	0	1	0	0	0	0
AF	0	0.166771	2	2	0	0	0	0	0
AF	0	0.167395	1	1	0	0	0	0	0
AF	0	0.167708	1	1	0	0	0	0	0
AF	0	0.168020	2	2	0	0	0	0	0
AF	0	0.168645	2	2	0	0	0	0	0
AF	0	0.169269	2	2	0	0	0	0	0
AF	0	0.169582	2	1	1	0	0	0	0
AF	0	0.169894	1	0	1	0	0	0	0
AF	0	0.170518	1	1	0	0	0	0	0
AF	0	0.170831	1	1	0	0	0	0	0
AF	0	0.171455	1	1	0	0	0	0	0
AF	0	0.171768	2	1	1	0	0	0	0
AF	0	0.173017	2	1	1	0	0	0	0
AF	0	0.173329	1	0	1	0	0	0	0
AF	0	0.173641	1	1	0	0	0	0	0
AF	0	0.174266	2	1	1	0	0	0	0
AF	0	0.174891	1	0	1	0	0	0	0
AF	0	0.175203	1	1	0	0	0	0	0
AF	0	0.175515	2	2	0	0	0	0	0
AF	0	0.175828	2	1	1	0	0	0	0
AF	0	0.176140	24	10	14	0	0	0	0
AF	0	0.176452	8	5	3	0	0	0	0
AF	0	0.176765	42	25	17	0	0	0	0
AF	0	0.177077	9	6	3	0	0	0	0
AF	0	0.177701	1	1	0	0	0	0	0
AF	0	0.178014	3	2	1	0	0	0	0
AF	0	0.178326	1	1	0	0	0	0	0
AF	0	0.178638	3	1	2	0	0	0	0
AF	0	0.179263	2	0	2	0	0	0	0
AF	0	0.179575	1	1	0	0	0	0	0
AF	0	0.179888	25	16	9	0	0	0	0
AF	0	0.180200	13	9	4	0	0	0	0
AF	0	0.180512	8	5	3	0	0	0	0
AF	0	0.180824	7	4	3	0	0	0	0
AF	0	0.181137	13	11	2	0	0	0	0
AF	0	0.181449	3	3	0	0	0	0	0
AF	0	0.181761	9	4	5	0	0	0	0
AF	0	0.182074	2	1	1	0	0	0	0
AF	0	0.182386	37	27	10	0	0	0	0
AF	0	0.182698	6	5	1	0	0	0	0
AF	0	0.183011	1	0	1	0	0	0	0
AF	0	0.183323	4	4	0	0	0	0	0
AF	0	0.183635	5	4	1	0	0	0	0
AF	0	0.183948	3	1	2	0	0	0	0
AF	0	0.184260	3	3	0	0	0	0	0
AF	0	0.184884	4	4	0	0	0	0	0
AF	0	0.185509	2	1	1	0	0	0	0
AF	0	0.186446	1	1	0	0	0	0	0
AF	0	0.186758	3	2	1	0	0	0	0
AF	0	0.187071	5	4	1	0	0	0	0
AF	0	0.187383	3	1	2	0	0	0	0
AF	0	0.187695	3	3	0	0	0	0	0
AF	0	0.188007	1	1	0	0	0	0	0
AF	0	0.188320	1	1	0	0	0	0	0
AF	0	0.188632	2	1	1	0	0	0	0
AF	0	0.189257	3	3	0	0	0	0	0
AF	0	0.189881	1	1	0	0	0	0	0
AF	0	0.190194	1	1	0	0	0	0	0
AF	0	0.190506	1	1	0	0	0	0	0
AF	0	0.190818	1	1	0	0	0	0	0
AF	0	0.191131	2	2	0	0	0	0	0
AF	0	0.191755	3	3	0	0	0	0	0
AF	0	0.192067	2	2	0	0	0	0	0
AF	0	0.192380	2	1	1	0	0	0	0
AF	0	0.193004	1	0	1	0	0	0	0
AF	0	0.193317	1	0	1	0	0	0	0
AF	0	0.193629	2	2	0	0	0	0	0
AF	0	0.193941	1	1	0	0	0	0	0
AF	0	0.194254	1	1	0	0	0	0	0
AF	0	0.194878	1	1	0	0	0	0	0
AF	0	0.195503	1	1	0	0	0	0	0
AF	0	0.196752	1	1	0	0	0	0	0
AF	0	0.198001	1	0	1	0	0	0	0
AF	0	0.198314	1	1	0	0	0	0	0
AF	0	0.198626	4	2	2	0	0	0	0
AF	0	0.198938	1	1	0	0	0	0	0
AF	0	0.199250	1	1	0	0	0	0	0
AF	0	0.199563	4	1	3	0	0	0	0
AF	0	0.199875	1	0	1	0	0	0	0
AF	0	0.200187	1	1	0	0	0	0	0
AF	0	0.201124	2	1	1	0	0	0	0
AF	0	0.201437	1	1	0	0	0	0	0
AF	0	0.201749	1	0	1	0	0	0	0
AF	0	0.202061	1	0	1	0	0	0	0
AF	0	0.202374	1	1	0	0	0	0	0
AF	0	0.202998	1	0	1	0	0	0	0
AF	0	0.203310	1	0	1	0	0	0	0
AF	0	0.203623	2	1	1	0	0	0	0
AF	0	0.204247	2	2	0	0	0	0	0
AF	0	0.204560	4	2	2	0	0	0	0
AF	0	0.204872	1	1	0	0	0	0	0
AF	0	0.205497	3	3	0	0	0	0	0
AF	0	0.206121	5	2	3	0	0	0	0
AF	0	0.206746	1	1	0	0	0	0	0
AF	0	0.207995	2	0	2	0	0	0	0
AF	0	0.208620	1	1	0	0	0	0	0
AF	0	0.209557	1	0	1	0	0	0	0
AF	0	0.210181	1	1	0	0	0	0	0
AF	0	0.211743	1	0	1	0	0	0	0
AF	0	0.214866	1	1	0	0	0	0	0
AF	0	0.215178	1	0	1	0	0	0	0
AF	0	0.216740	1	1	0	0	0	0	0
AF	0	0.217364	1	1	0	0	0	0	0
AF	0	0.217676	1	1	0	0	0	0	0
AF	0	0.217989	3	2	1	0	0	0	0
AF	0	0.218301	1	1	0	0	0	0	0
AF	0	0.218613	2	0	2	0	0	0	0
AF	0	0.221112	2	2	0	0	0	0	0
AF	0	0.221736	1	0	1	0	0	0	0
AF	0	0.222049	2	1	1	0	0	0	0
AF	0	0.222361	2	2	0	0	0	0	0
AF	0	0.222673	1	0	1	0	0	0	0
AF	0	0.223298	3	1	2	0	0	0	0
AF	0	0.223923	1	0	1	0	0	0	0
AF	0	0.224235	1	1	0	0	0	0	0
AF	0	0.225796	2	1	1	0	0	0	0
AF	0	0.227983	2	2	0	0	0	0	0
AF	0	0.228919	4	4	0	0	0	0	0
AF	0	0.229232	2	2	0	0	0	0	0
AF	0	0.229544	7	4	3	0	0	0	0
AF	0	0.229856	4	4	0	0	0	0	0
AF	0	0.230169	4	2	2	0	0	0	0
AF	0	0.230481	1	1	0	0	0	0	0
AF	0	0.230793	2	1	1	0	0	0	0
AF	0	0.231106	2	2	0	0	0	0	0
AF	0	0.231418	2	2	0	0	0	0	0
AF	0	0.232042	2	2	0	0	0	0	0
AF	0	0.232667	2	2	0	0	0	0	0
AF	0	0.233292	1	0	1	0	0	0	0
AF	0	0.233916	3	3	0	0	0	0	0
AF	0	0.234229	1	1	0	0	0	0	0
AF	0	0.234541	2	1	1	0	0	0	0
AF	0	0.234853	1	0	1	0	0	0	0
AF	0	0.235166	1	1	0	0	0	0	0
AF	0	0.235478	2	1	1	0	0	0	0
AF	0	0.238289	2	2	0	0	0	0	0
AF	0	0.238601	1	1	0	0	0	0	0
AF	0	0.238913	1	1	0	0	0	0	0
AF	0	0.240162	1	0	1	0	0	0	0
AF	0	0.241412	1	0	1	0	0	0	0
AF	0	0.242661	2	2	0	0	0	0	0
AF	0	0.243285	1	0	1	0	0	0	0
AF	0	0.244535	1	1	0	0	0	0	0
AF	0	0.245159	1	0	1	0	0	0	0
AF	0	0.246721	1	0	1	0	0	0	0
AF	0	0.247345	1	1	0	0	0	0	0
AF	0	0.247658	2	2	0	0	0	0	0
AF	0	0.247970	1	0	1	0	0	0	0
AF	0	0.248282	3	1	2	0	0	0	0
AF	0	0.248595	1	0	1	0	0	0	0
AF	0	0.249219	1	0	1	0	0	0	0
AF	0	0.255778	1	1	0	0	0	0	0
AF	0	0.256715	1	1	0	0	0	0	0
AF	0	0.257027	2	1	1	0	0	0	0
AF	0	0.257651	1	0	1	0	0	0	0
AF	0	0.259213	1	0	1	0	0	0	0
AF	0	0.259525	1	1	0	0	0	0	0
AF	0	0.261087	1	1	0	0	0	0	0
AF	0	0.261399	1	1	0	0	0	0	0
AF	0	0.262024	2	2	0	0	0	0	0
AF	0	0.262336	2	1	1	0	0	0	0
AF	0	0.262648	2	1	1	0	0	0	0
AF	0	0.262961	1	0	1	0	0	0	0
AF	0	0.263273	1	1	0	0	0	0	0
AF	0	0.263585	1	1	0	0	0	0	0
AF	0	0.264834	1	1	0	0	0	0	0
AF	0	0.265147	2	1	1	0	0	0	0
AF	0	0.265771	1	1	0	0	0	0	0
AF	0	0.266084	1	1	0	0	0	0	0
AF	0	0.267645	1	0	1	0	0	0	0
AF	0	0.268270	1	1	0	0	0	0	0
AF	0	0.268894	2	1	1	0	0	0	0
AF	0	0.269207	2	1	1	0	0	0	0
AF	0	0.269519	1	1	0	0	0	0	0
AF	0	0.269831	1	0	1	0	0	0	0
AF	0	0.270768	1	0	1	0	0	0	0
AF	0	0.271081	1	1	0	0	0	0	0
AF	0	0.271393	3	2	1	0	0	0	0
AF	0	0.271705	1	1	0	0	0	0	0
AF	0	0.272642	2	2	0	0	0	0	0
AF	0	0.272954	1	0	1	0	0	0	0
AF	0	0.273267	2	1	1	0	0	0	0
AF	0	0.273579	2	0	2	0	0	0	0
AF	0	0.274204	3	1	2	0	0	0	0
AF	0	0.274516	2	1	1	0	0	0	0
AF	0	0.275141	2	1	1	0	0	0	0
AF	0	0.275765	4	2	2	0	0	0	0
AF	0	0.276077	1	0	1	0	0	0	0
AF	0	0.276390	2	2	0	0	0	0	0
AF	0	0.277014	2	2	0	0	0	0	0
AF	0	0.277639	1	0	1	0	0	0	0
AF	0	0.278264	1	0	1	0	0	0	0
AF	0	0.278576	1	1	0	0	0	0	0
AF	0	0.278888	2	0	2	0	0	0	0
AF	0	0.279200	4	2	2	0	0	0	0
AF	0	0.279513	1	1	0	0	0	0	0
AF	0	0.279825	1	1	0	0	0	0	0
AF	0	0.280137	3	1	2	0	0	0	0
AF	0	0.281387	1	0	1	0	0	0	0
AF	0	0.282324	1	0	1	0	0	0	0
AF	0	0.283260	1	0	1	0	0	0	0
AF	0	0.283885	2	1	1	0	0	0	0
AF	0	0.284197	2	2	0	0	0	0	0
AF	0	0.284510	1	1	0	0	0	0	0
AF	0	0.285134	5	4	1	0	0	0	0
AF	0	0.285759	1	1	0	0	0	0	0
AF	0	0.286071	2	2	0	0	0	0	0
AF	0	0.286384	1	1	0	0	0	0	0
AF	0	0.288882	1	0	1	0	0	0	0
AF	0	0.289507	1	1	0	0	0	0	0
AF	0	0.292630	1	0	1	0	0	0	0
AF	0	0.293254	1	1	0	0	0	0	0
AF	0	0.293879	1	1	0	0	0	0	0
AF	0	0.294191	1	0	1	0	0	0	0
AF	0	0.294503	2	1	1	0	0	0	0
AF	0	0.294816	1	1	0	0	0	0	0
AF	0	0.295128	1	0	1	0	0	0	0
AF	0	0.295440	2	2	0	0	0	0	0
AF	0	0.295753	2	2	0	0	0	0	0
AF	0	0.297314	1	1	0	0	0	0	0
AF	0	0.297626	5	3	2	0	0	0	0
AF	0	0.297939	2	1	1	0	0	0	0
AF	0	0.298251	1	1	0	0	0	0	0
AF	0	0.298876	2	0	2	0	0	0	0
AF	0	0.299500	1	1	0	0	0	0	0
AF	0	0.299813	1	1	0	0	0	0	0
AF	0	0.300125	4	3	1	0	0	0	0
AF	0	0.300437	2	1	1	0	0	0	0
AF	0	0.300750	3	3	0	0	0	0	0
AF	0	0.301374	2	1	1	0	0	0	0
AF	0	0.301999	5	2	3	0	0	0	0
AF	0	0.302311	2	0	2	0	0	0	0
AF	0	0.302623	1	0	1	0	0	0	0
AF	0	0.303248	1	1	0	0	0	0	0
AF	0	0.303873	1	1	0	0	0	0	0
AF	0	0.304185	1	1	0	0	0	0	0
AF	0	0.304497	12	5	7	0	0	0	0
AF	0	0.304809	5	4	1	0	0	0	0
AF	0	0.305122	5	4	1	0	0	0	0
AF	0	0.305434	1	0	1	0	0	0	0
AF	0	0.305746	3	2	1	0	0	0	0
AF	0	0.306996	2	2	0	0	0	0	0
AF	0	0.307620	2	0	2	0	0	0	0
AF	0	0.307933	1	1	0	0	0	0	0
AF	0	0.308245	1	1	0	0	0	0	0
AF	0	0.308869	2	1	1	0	0	0	0
AF	0	0.309806	1	1	0	0	0	0	0
AF	0	0.310119	2	1	1	0	0	0	0
AF	0	0.310431	1	1	0	0	0	0	0
AF	0	0.310743	5	4	1	0	0	0	0
AF	0	0.311056	2	0	2	0	0	0	0
AF	0	0.311368	1	1	0	0	0	0	0
AF	0	0.311680	1	1	0	0	0	0	0
AF	0	0.311993	2	2	0	0	0	0	0
AF	0	0.312305	1	1	0	0	0	0	0
AF	0	0.312617	6	3	3	0	0	0	0
AF	0	0.313866	1	0	1	0	0	0	0
AF	0	0.314491	1	1	0	0	0	0	0
AF	0	0.315740	1	1	0	0	0	0	0
AF	0	0.316365	1	0	1	0	0	0	0
AF	0	0.316677	1	1	0	0	0	0	0
AF	0	0.317302	1	1	0	0	0	0	0
AF	0	0.317926	1	0	1	0	0	0	0
AF	0	0.318551	3	2	1	0	0	0	0
AF	0	0.318863	1	0	1	0	0	0	0
AF	0	0.319176	1	1	0	0	0	0	0
AF	0	0.320737	5	2	3	0	0	0	0
AF	0	0.321049	1	1	0	0	0	0	0
AF	0	0.321362	1	0	1	0	0	0	0
AF	0	0.322299	1	1	0	0	0	0	0
AF	0	0.322611	3	3	0	0	0	0	0
AF	0	0.323235	1	0	1	0	0	0	0
AF	0	0.323548	1	1	0	0	0	0	0
AF	0	0.323860	3	3	0	0	0	0	0
AF	0	0.324797	1	1	0	0	0	0	0
AF	0	0.325422	1	1	0	0	0	0	0
AF	0	0.325734	1	0	1	0	0	0	0
AF	0	0.326671	1	1	0	0	0	0	0
AF	0	0.326983	1	1	0	0	0	0	0
AF	0	0.327295	2	1	1	0	0	0	0
AF	0	0.327608	1	1	0	0	0	0	0
AF	0	0.327920	2	2	0	0	0	0	0
AF	0	0.328232	1	1	0	0	0	0	0
AF	0	0.328545	1	1	0	0	0	0	0
AF	0	0.328857	1	1	0	0	0	0	0
AF	0	0.329794	4	4	0	0	0	0	0
AF	0	0.330106	5	3	2	0	0	0	0
AF	0	0.330418	3	2	1	0	0	0	0
AF	0	0.330731	2	2	0	0	0	0	0
AF	0	0.331355	1	1	0	0	0	0	0
AF	0	0.331980	1	1	0	0	0	0	0
AF	0	0.332292	2	2	0	0	0	0	0
AF	0	0.333229	4	3	1	0	0	0	0
AF	0	0.333542	2	1	1	0	0	0	0
AF	0	0.333854	2	1	1	0	0	0	0
AF	0	0.334166	1	1	0	0	0	0	0
AF	0	0.335415	3	3	0	0	0	0	0
AF	0	0.335728	2	2	0	0	0	0	0
AF	0	0.336040	4	3	1	0	0	0	0
AF	0	0.336352	2	1	1	0	0	0	0
AF	0	0.336665	1	1	0	0	0	0	0
AF	0	0.337289	1	0	1	0	0	0	0
AF	0	0.337601	1	1	0	0	0	0	0
AF	0	0.337914	1	0	1	0	0	0	0
AF	0	0.339163	1	1	0	0	0	0	0
AF	0	0.340100	1	1	0	0	0	0	0
AF	0	0.340412	3	3	0	0	0	0	0
AF	0	0.341037	1	1	0	0	0	0	0
AF	0	0.343535	1	1	0	0	0	0	0
AF	0	0.344785	1	0	1	0	0	0	0
AF	0	0.345409	1	0	1	0	0	0	0
AF	0	0.345721	1	1	0	0	0	0	0
AF	0	0.346034	1	1	0	0	0	0	0
AF	0	0.346658	2	2	0	0	0	0	0
AF	0	0.347283	1	1	0	0	0	0	0
AF	0	0.348532	1	0	1	0	0	0	0
AF	0	0.349781	1	0	1	0	0	0	0
AF	0	0.350094	1	1	0	0	0	0	0
AF	0	0.350406	2	2	0	0	0	0	0
AF	0	0.350718	1	1	0	0	0	0	0
AF	0	0.351031	4	2	2	0	0	0	0
AF	0	0.351343	1	0	1	0	0	0	0
AF	0	0.351655	1	1	0	0	0	0	0
AF	0	0.351968	1	1	0	0	0	0	0
AF	0	0.352280	6	3	3	0	0	0	0
AF	0	0.353529	1	0	1	0	0	0	0
AF	0	0.354154	1	1	0	0	0	0	0
AF	0	0.354778	1	1	0	0	0	0	0
AF	0	0.355403	1	1	0	0	0	0	0
AF	0	0.355715	2	1	1	0	0	0	0
AF	0	0.356027	2	2	0	0	0	0	0
AF	0	0.356340	1	1	0	0	0	0	0
AF	0	0.356652	3	1	2	0	0	0	0
AF	0	0.356964	1	1	0	0	0	0	0
AF	0	0.357277	1	1	0	0	0	0	0
AF	0	0.357589	1	1	0	0	0	0	0
AF	0	0.357901	1	1	0	0	0	0	0
AF	0	0.358526	1	1	0	0	0	0	0
AF	0	0.359151	2	0	2	0	0	0	0
AF	0	0.359463	1	0	1	0	0	0	0
AF	0	0.361649	1	1	0	0	0	0	0
AF	0	0.361961	2	1	1	0	0	0	0
AF	0	0.362274	2	1	1	0	0	0	0
AF	0	0.362586	3	3	0	0	0	0	0
AF	0	0.362898	4	2	2	0	0	0	0
AF	0	0.363210	1	0	1	0	0	0	0
AF	0	0.363523	1	0	1	0	0	0	0
AF	0	0.367583	1	0	1	0	0	0	0
AF	0	0.368520	1	0	1	0	0	0	0
AF	0	0.369144	1	1	0	0	0	0	0
AF	0	0.370394	1	0	1	0	0	0	0
AF	0	0.371955	1	0	1	0	0	0	0
AF	0	0.372267	1	1	0	0	0	0	0
AF	0	0.376015	1	1	0	0	0	0	0
AF	0	0.379138	1	0	1	0	0	0	0
AF	0	0.380387	1	0	1	0	0	0	0
AF	0	0.382886	1	1	0	0	0	0	0
AF	0	0.383198	1	1	0	0	0	0	0
AF	0	0.386009	1	0	1	0	0	0	0
AF	0	0.387883	2	0	2	0	0	0	0
AF	0	0.389132	1	0	1	0	0	0	0
AF	0	0.390381	1	1	0	0	0	0	0
AF	0	0.391006	1	0	1	0	0	0	0
AF	0	0.391318	1	1	0	0	0	0	0
AF	0	0.392255	1	1	0	0	0	0	0
AF	0	0.392879	1	0	1	0	0	0	0
AF	0	0.395690	1	1	0	0	0	0	0
AF	0	0.396002	2	0	2	0	0	0	0
AF	0	0.396315	1	0	1	0	0	0	0
AF	0	0.396627	1	1	0	0	0	0	0
AF	0	0.397252	1	1	0	0	0	0	0
AF	0	0.397564	1	0	1	0	0	0	0
AF	0	0.398501	3	1	2	0	0	0	0
AF	0	0.398813	3	2	1	0	0	0	0
AF	0	0.399126	1	1	0	0	0	0	0
AF	0	0.400375	2	2	0	0	0	0	0
AF	0	0.401624	1	1	0	0	0	0	0
AF	0	0.402561	1	0	1	0	0	0	0
AF	0	0.404122	2	2	0	0	0	0	0
AF	0	0.405996	1	0	1	0	0	0	0
AF	0	0.406309	1	1	0	0	0	0	0
AF	0	0.406621	2	2	0	0	0	0	0
AF	0	0.407245	1	1	0	0	0	0	0
AF	0	0.409744	1	1	0	0	0	0	0
AF	0	0.410056	2	2	0	0	0	0	0
AF	0	0.410369	1	1	0	0	0	0	0
AF	0	0.411618	1	1	0	0	0	0	0
AF	0	0.411930	1	0	1	0	0	0	0
AF	0	0.412242	1	1	0	0	0	0	0
AF	0	0.412555	1	1	0	0	0	0	0
AF	0	0.412867	1	1	0	0	0	0	0
AF	0	0.413804	3	2	1	0	0	0	0
AF	0	0.414116	2	0	2	0	0	0	0
AF	0	0.414428	1	1	0	0	0	0	0
AF	0	0.414741	1	1	0	0	0	0	0
AF	0	0.415365	1	1	0	0	0	0	0
AF	0	0.416302	1	0	1	0	0	0	0
AF	0	0.416615	3	3	0	0	0	0	0
AF	0	0.417552	1	1	0	0	0	0	0
AF	0	0.417864	2	2	0	0	0	0	0
AF	0	0.418488	1	0	1	0	0	0	0
AF	0	0.419113	1	1	0	0	0	0	0
AF	0	0.419738	3	3	0	0	0	0	0
AF	0	0.420050	1	1	0	0	0	0	0
AF	0	0.421611	2	1	1	0	0	0	0
AF	0	0.421924	1	1	0	0	0	0	0
AF	0	0.422236	1	1	0	0	0	0	0
AF	0	0.422548	1	0	1	0	0	0	0
AF	0	0.422861	2	0	2	0	0	0	0
AF	0	0.423173	1	1	0	0	0	0	0
AF	0	0.423485	2	2	0	0	0	0	0
AF	0	0.423798	4	3	1	0	0	0	0
AF	0	0.424110	24	20	4	0	0	0	0
AF	0	0.424422	12	8	4	0	0	0	0
AF	0	0.425359	2	1	1	0	0	0	0
AF	0	0.425984	1	1	0	0	0	0	0
AF	0	0.428170	1	1	0	0	0	0	0
AF	0	0.429419	1	0	1	0	0	0	0
AF	0	0.430356	1	1	0	0	0	0	0
AF	0	0.434728	1	1	0	0	0	0	0
AF	0	0.436290	2	2	0	0	0	0	0
AF	0	0.436602	1	0	1	0	0	0	0
AF	0	0.437227	1	1	0	0	0	0	0
AF	0	0.437851	1	1	0	0	0	0	0
AF	0	0.438164	1	0	1	0	0	0	0
AF	0	0.438476	1	0	1	0	0	0	0
AF	0	0.438788	1	0	1	0	0	0	0
AF	0	0.439101	1	1	0	0	0	0	0
AF	0	0.440350	2	2	0	0	0	0	0
AF	0	0.440974	1	1	0	0	0	0	0
AF	0	0.441599	2	2	0	0	0	0	0
AF	0	0.443785	1	1	0	0	0	0	0
AF	0	0.444097	2	2	0	0	0	0	0
AF	0	0.445347	1	1	0	0	0	0	0
AF	0	0.446284	1	1	0	0	0	0	0
AF	0	0.446908	1	1	0	0	0	0	0
AF	0	0.447533	2	2	0	0	0	0	0
AF	0	0.448157	3	1	2	0	0	0	0
AF	0	0.448470	1	1	0	0	0	0	0
AF	0	0.448782	4	0	4	0	0	0	0
AF	0	0.449094	1	1	0	0	0	0	0
AF	0	0.449407	4	3	1	0	0	0	0
AF	0	0.450656	1	1	0	0	0	0	0
AF	0	0.450968	1	1	0	0	0	0	0
AF	0	0.451280	4	3	1	0	0	0	0
AF	0	0.451593	3	3	0	0	0	0	0
AF	0	0.451905	1	1	0	0	0	0	0
AF	0	0.452217	3	2	1	0	0	0	0
AF	0	0.453154	1	0	1	0	0	0	0
AF	0	0.454403	3	3	0	0	0	0	0
AF	0	0.455028	1	1	0	0	0	0	0
AF	0	0.455340	4	1	3	0	0	0	0
AF	0	0.455653	1	1	0	0	0	0	0
AF	0	0.455965	1	0	1	0	0	0	0
AF	0	0.456590	1	0	1	0	0	0	0
AF	0	0.456902	2	0	2	0	0	0	0
AF	0	0.457527	3	1	2	0	0	0	0
AF	0	0.457839	1	1	0	0	0	0	0
AF	0	0.458151	1	0	1	0	0	0	0
AF	0	0.458463	1	0	1	0	0	0	0
AF	0	0.458776	2	1	1	0	0	0	0
AF	0	0.459088	1	1	0	0	0	0	0
AF	0	0.459400	3	3	0	0	0	0	0
AF	0	0.459713	2	2	0	0	0	0	0
AF	0	0.460025	1	1	0	0	0	0	0
AF	0	0.460337	2	2	0	0	0	0	0
AF	0	0.460650	2	2	0	0	0	0	0
AF	0	0.460962	1	0	1	0	0	0	0
AF	0	0.461274	3	3	0	0	0	0	0
AF	0	0.461587	1	1	0	0	0	0	0
AF	0	0.461899	11	10	1	0	0	0	0
AF	0	0.462211	3	3	0	0	0	0	0
AF	0	0.462523	5	3	2	0	0	0	0
AF	0	0.462836	1	1	0	0	0	0	0
AF	0	0.463148	2	2	0	0	0	0	0
AF	0	0.463773	1	1	0	0	0	0	0
AF	0	0.464710	3	2	1	0	0	0	0
AF	0	0.465646	6	5	1	0	0	0	0
AF	0	0.465959	2	2	0	0	0	0	0
AF	0	0.466271	2	1	1	0	0	0	0
AF	0	0.466583	5	5	0	0	0	0	0
AF	0	0.466896	13	11	2	0	0	0	0
AF	0	0.467208	5	2	3	0	0	0	0
AF	0	0.467520	10	7	3	0	0	0	0
AF	0	0.467833	3	1	2	0	0	0	0
AF	0	0.468145	21	14	7	0	0	0	0
AF	0	0.468457	8	2	6	0	0	0	0
AF	0	0.468770	18	10	8	0	0	0	0
AF	0	0.469082	2	1	1	0	0	0	0
AF	0	0.469394	2	1	1	0	0	0	0
AF	0	0.469706	5	2	3	0	0	0	0
AF	0	0.470019	2	1	1	0	0	0	0
AF	0	0.470331	1	1	0	0	0	0	0
AF	0	0.470643	1	1	0	0	0	0	0
AF	0	0.472517	4	2	2	0	0	0	0
AF	0	0.473142	3	2	1	0	0	0	0
AF	0	0.473454	2	1	1	0	0	0	0
AF	0	0.474079	2	1	1	0	0	0	0
AF	0	0.475016	1	1	0	0	0	0	0
AF	0	0.475328	3	3	0	0	0	0	0
AF	0	0.475640	6	3	3	0	0	0	0
AF	0	0.475953	12	10	2	0	0	0	0
AF	0	0.476265	10	4	6	0	0	0	0
AF	0	0.476577	2	2	0	0	0	0	0
AF	0	0.476889	16	9	7	0	0	0	0
AF	0	0.477202	4	1	3	0	0	0	0
AF	0	0.477514	8	3	5	0	0	0	0
AF	0	0.477826	4	3	1	0	0	0	0
AF	0	0.478139	16	10	6	0	0	0	0
AF	0	0.478451	13	8	5	0	0	0	0
AF	0	0.478763	8	5	3	0	0	0	0
AF	0	0.480637	1	0	1	0	0	0	0
AF	0	0.480949	1	0	1	0	0	0	0
AF	0	0.481262	1	1	0	0	0	0	0
AF	0	0.481886	1	1	0	0	0	0	0
AF	0	0.482823	2	1	1	0	0	0	0
AF	0	0.483760	1	1	0	0	0	0	0
AF	0	0.486883	1	0	1	0	0	0	0
AF	0	0.487196	2	2	0	0	0	0	0
AF	0	0.487820	2	1	1	0	0	0	0
AF	0	0.488445	1	1	0	0	0	0	0
AF	0	0.489694	1	1	0	0	0	0	0
AF	0	0.490631	1	1	0	0	0	0	0
AF	0	0.492505	1	0	1	0	0	0	0
AF	0	0.493129	1	1	0	0	0	0	0
AF	0	0.493442	1	1	0	0	0	0	0
AF	0	0.493754	1	1	0	0	0	0	0
AF	0	0.494066	1	1	0	0	0	0	0
AF	0	0.498751	2	2	0	0	0	0	0
AF	0	0.499375	2	0	2	0	0	0	0
AF	0	0.499688	2	1	1	0	0	0	0
AF	0	0.500000	1	1	0	0	0	0	0
AF	0	0.500937	2	1	1	0	0	0	0
AF	0	0.501874	1	0	1	0	0	0	0
AF	0	0.505621	1	1	0	0	0	0	0
AF	0	0.508745	1	1	0	0	0	0	0
AF	0	0.514366	2	1	1	0	0	0	0
AF	0	0.515928	1	0	1	0	0	0	0
AF	0	0.516552	1	1	0	0	0	0	0
AF	0	0.518738	1	0	1	0	0	0	0
AF	0	0.519988	3	3	0	0	0	0	0
AF	0	0.520300	4	3	1	0	0	0	0
AF	0	0.520612	6	3	3	0	0	0	0
AF	0	0.520924	4	1	3	0	0	0	0
AF	0	0.521237	17	11	6	0	0	0	0
AF	0	0.521549	3	3	0	0	0	0	0
AF	0	0.521861	4	1	3	0	0	0	0
AF	0	0.522174	1	1	0	0	0	0	0
AF	0	0.522486	4	3	1	0	0	0	0
AF	0	0.522798	1	1	0	0	0	0	0
AF	0	0.523111	1	1	0	0	0	0	0
AF	0	0.523423	1	1	0	0	0	0	0
AF	0	0.523735	2	1	1	0	0	0	0
AF	0	0.524672	1	1	0	0	0	0	0
AF	0	0.524984	1	0	1	0	0	0	0
AF	0	0.525297	1	1	0	0	0	0	0
AF	0	0.526234	2	2	0	0	0	0	0
AF	0	0.526858	1	1	0	0	0	0	0
AF	0	0.527483	1	1	0	0	0	0	0
AF	0	0.528107	2	2	0	0	0	0	0
AF	0	0.528420	1	1	0	0	0	0	0
AF	0	0.528732	5	5	0	0	0	0	0
AF	0	0.529044	3	2	1	0	0	0	0
AF	0	0.529357	4	3	1	0	0	0	0
AF	0	0.529669	1	0	1	0	0	0	0
AF	0	0.529981	3	1	2	0	0	0	0
AF	0	0.530294	1	1	0	0	0	0	0
AF	0	0.530606	4	3	1	0	0	0	0
AF	0	0.531230	1	0	1	0	0	0	0
AF	0	0.532480	1	1	0	0	0	0	0
AF	0	0.533104	1	0	1	0	0	0	0
AF	0	0.533729	1	1	0	0	0	0	0
AF	0	0.534354	1	1	0	0	0	0	0
AF	0	0.534978	1	0	1	0	0	0	0
AF	0	0.536227	1	1	0	0	0	0	0
AF	0	0.538726	4	0	4	0	0	0	0
AF	0	0.539038	1	1	0	0	0	0	0
AF	0	0.539350	4	3	1	0	0	0	0
AF	0	0.539975	2	1	1	0	0	0	0
AF	0	0.540912	1	1	0	0	0	0	0
AF	0	0.541224	5	2	3	0	0	0	0
AF	0	0.541537	1	1	0	0	0	0	0
AF	0	0.541849	4	3	1	0	0	0	0
AF	0	0.542161	1	1	0	0	0	0	0
AF	0	0.542786	1	1	0	0	0	0	0
AF	0	0.543098	1	1	0	0	0	0	0
AF	0	0.543410	1	1	0	0	0	0	0
AF	0	0.543723	1	1	0	0	0	0	0
AF	0	0.544347	2	1	1	0	0	0	0
AF	0	0.544972	1	1	0	0	0	0	0
AF	0	0.547470	1	0	1	0	0	0	0
AF	0	0.548095	1	1	0	0	0	0	0
AF	0	0.549032	1	0	1	0	0	0	0
AF	0	0.549344	2	0	2	0	0	0	0
AF	0	0.549656	2	2	0	0	0	0	0
AF	0	0.549969	1	1	0	0	0	0	0
AF	0	0.550281	5	5	0	0	0	0	0
AF	0	0.550593	8	6	2	0	0	0	0
AF	0	0.551218	3	2	1	0	0	0	0
AF	0	0.551530	4	4	0	0	0	0	0
AF	0	0.551843	4	2	2	0	0	0	0
AF	0	0.552155	2	1	1	0	0	0	0
AF	0	0.552467	1	0	1	0	0	0	0
AF	0	0.553092	5	5	0	0	0	0	0
AF	0	0.553404	3	2	1	0	0	0	0
AF	0	0.553716	2	1	1	0	0	0	0
AF	0	0.554029	2	0	2	0	0	0	0
AF	0	0.554341	5	4	1	0	0	0	0
AF	0	0.554653	1	1	0	0	0	0	0
AF	0	0.554966	3	0	3	0	0	0	0
AF	0	0.555278	2	2	0	0	0	0	0
AF	0	0.555590	2	2	0	0	0	0	0
AF	0	0.555903	2	2	0	0	0	0	0
AF	0	0.556215	5	3	2	0	0	0	0
AF	0	0.556527	2	1	1	0	0	0	0
AF	0	0.557152	2	2	0	0	0	0	0
AF	0	0.557776	1	0	1	0	0	0	0
AF	0	0.558401	1	1	0	0	0	0	0
AF	0	0.559026	1	1	0	0	0	0	0
AF	0	0.563398	1	0	1	0	0	0	0
AF	0	0.567770	3	3	0	0	0	0	0
AF	0	0.568082	1	0	1	0	0	0	0
AF	0	0.568395	2	2	0	0	0	0	0
AF	0	0.570269	1	1	0	0	0	0	0
AF	0	0.572142	1	0	1	0	0	0	0
AF	0	0.573392	1	1	0	0	0	0	0
AF	0	0.574016	1	1	0	0	0	0	0
AF	0	0.575265	2	2	0	0	0	0	0
AF	0	0.575578	1	1	0	0	0	0	0
AF	0	0.576515	1	1	0	0	0	0	0
AF	0	0.577139	1	1	0	0	0	0	0
AF	0	0.577452	1	1	0	0	0	0	0
AF	0	0.578701	1	0	1	0	0	0	0
AF	0	0.586508	1	0	1	0	0	0	0
AF	0	0.589631	1	1	0	0	0	0	0
AF	0	0.591818	1	1	0	0	0	0	0
AF	0	0.592130	2	2	0	0	0	0	0
AF	0	0.592755	1	1	0	0	0	0	0
AF	0	0.594004	1	0	1	0	0	0	0
AF	0	0.594628	1	0	1	0	0	0	0
AF	0	0.594941	1	0	1	0	0	0	0
AF	0	0.595253	1	1	0	0	0	0	0
AF	0	0.595565	2	1	1	0	0	0	0
AF	0	0.596502	1	0	1	0	0	0	0
AF	0	0.597127	3	3	0	0	0	0	0
AF	0	0.597439	2	2	0	0	0	0	0
AF	0	0.597751	1	0	1	0	0	0	0
AF	0	0.598064	2	1	1	0	0	0	0
AF	0	0.599313	2	2	0	0	0	0	0
AF	0	0.599625	2	2	0	0	0	0	0
AF	0	0.600250	3	2	1	0	0	0	0
AF	0	0.600874	3	3	0	0	0	0	0
AF	0	0.601187	1	1	0	0	0	0	0
AF	0	0.603373	1	0	1	0	0	0	0
AF	0	0.604622	1	1	0	0	0	0	0
AF	0	0.606184	1	1	0	0	0	0	0
AF	0	0.606808	1	0	1	0	0	0	0
AF	0	0.607745	3	1	2	0	0	0	0
AF	0	0.608057	1	1	0	0	0	0	0
AF	0	0.608370	2	2	0	0	0	0	0
AF	0	0.608682	1	0	1	0	0	0	0
AF	0	0.608994	1	1	0	0	0	0	0
AF	0	0.609307	2	2	0	0	0	0	0
AF	0	0.610556	1	0	1	0	0	0	0
AF	0	0.611181	1	1	0	0	0	0	0
AF	0	0.611805	1	1	0	0	0	0	0
AF	0	0.612430	1	1	0	0	0	0	0
AF	0	0.612742	1	0	1	0	0	0	0
AF	0	0.613054	1	0	1	0	0	0	0
AF	0	0.613679	1	1	0	0	0	0	0
AF	0	0.613991	5	3	2	0	0	0	0
AF	0	0.614304	1	1	0	0	0	0	0
AF	0	0.614616	1	1	0	0	0	0	0
AF	0	0.614928	3	2	1	0	0	0	0
AF	0	0.615240	6	3	3	0	0	0	0
AF	0	0.616177	1	1	0	0	0	0	0
AF	0	0.616490	1	1	0	0	0	0	0
AF	0	0.616802	1	1	0	0	0	0	0
AF	0	0.617114	1	1	0	0	0	0	0
AF	0	0.617427	1	1	0	0	0	0	0
AF	0	0.617739	3	0	3	0	0	0	0
AF	0	0.618364	3	3	0	0	0	0	0
AF	0	0.618988	2	2	0	0	0	0	0
AF	0	0.619613	1	1	0	0	0	0	0
AF	0	0.621174	2	2	0	0	0	0	0
AF	0	0.621487	5	1	4	0	0	0	0
AF	0	0.621799	2	2	0	0	0	0	0
AF	0	0.622111	2	1	1	0	0	0	0
AF	0	0.622423	2	0	2	0	0	0	0
AF	0	0.622736	1	1	0	0	0	0	0
AF	0	0.623048	1	1	0	0	0	0	0
AF	0	0.623360	2	0	2	0	0	0	0
AF	0	0.623673	5	0	5	0	0	0	0
AF	0	0.623985	6	3	3	0	0	0	0
AF	0	0.624297	1	1	0	0	0	0	0
AF	0	0.624610	6	5	1	0	0	0	0
AF	0	0.625234	2	1	1	0	0	0	0
AF	0	0.625547	1	1	0	0	0	0	0
AF	0	0.626483	1	1	0	0	0	0	0
AF	0	0.627733	4	3	1	0	0	0	0
AF	0	0.628045	1	0	1	0	0	0	0
AF	0	0.629606	1	1	0	0	0	0	0
AF	0	0.629919	1	0	1	0	0	0	0
AF	0	0.630231	2	1	1	0	0	0	0
AF	0	0.630543	3	1	2	0	0	0	0
AF	0	0.630856	5	4	1	0	0	0	0
AF	0	0.631168	1	0	1	0	0	0	0
AF	0	0.631480	3	1	2	0	0	0	0
AF	0	0.633979	1	1	0	0	0	0	0
AF	0	0.635228	1	1	0	0	0	0	0
AF	0	0.635540	1	1	0	0	0	0	0
AF	0	0.635853	1	0	1	0	0	0	0
AF	0	0.636165	2	1	1	0	0	0	0
AF	0	0.636477	1	0	1	0	0	0	0
AF	0	0.637102	1	0	1	0	0	0	0
AF	0	0.642723	2	1	1	0	0	0	0
AF	0	0.643348	2	1	1	0	0	0	0
AF	0	0.643660	1	0	1	0	0	0	0
AF	0	0.644285	1	1	0	0	0	0	0
AF	0	0.644909	2	2	0	0	0	0	0
AF	0	0.645222	3	1	2	0	0	0	0
AF	0	0.645534	3	2	1	0	0	0	0
AF	0	0.645846	2	0	2	0	0	0	0
AF	0	0.646159	1	0	1	0	0	0	0
AF	0	0.648657	1	0	1	0	0	0	0
AF	0	0.649594	1	1	0	0	0	0	0
AF	0	0.650843	1	0	1	0	0	0	0
AF	0	0.652717	2	1	1	0	0	0	0
AF	0	0.655215	1	1	0	0	0	0	0
AF	0	0.655840	1	1	0	0	0	0	0
AF	0	0.662711	1	1	0	0	0	0	0
AF	0	0.663960	1	1	0	0	0	0	0
AF	0	0.665834	1	0	1	0	0	0	0
AF	0	0.669894	1	0	1	0	0	0	0
AF	0	0.673017	1	1	0	0	0	0	0
AF	0	0.673329	1	0	1	0	0	0	0
AF	0	0.674891	1	0	1	0	0	0	0
AF	0	0.677077	1	1	0	0	0	0	0
AF	0	0.679575	2	1	1	0	0	0	0
AF	0	0.679888	1	1	0	0	0	0	0
AF	0	0.681137	1	1	0	0	0	0	0
AF	0	0.681449	1	1	0	0	0	0	0
AF	0	0.681761	1	1	0	0	0	0	0
AF	0	0.683635	1	0	1	0	0	0	0
AF	0	0.683948	1	1	0	0	0	0	0
AF	0	0.684260	1	1	0	0	0	0	0
AF	0	0.686134	1	0	1	0	0	0	0
AF	0	0.688632	1	1	0	0	0	0	0
AF	0	0.688944	1	0	1	0	0	0	0
AF	0	0.689257	2	2	0	0	0	0	0
AF	0	0.689569	1	1	0	0	0	0	0
AF	0	0.691131	1	1	0	0	0	0	0
AF	0	0.694254	1	1	0	0	0	0	0
AF	0	0.694566	1	0	1	0	0	0	0
AF	0	0.695503	1	1	0	0	0	0	0
AF	0	0.696752	1	1	0	0	0	0	0
AF	0	0.697377	1	0	1	0	0	0	0
AF	0	0.697689	1	1	0	0	0	0	0
AF	0	0.698938	1	1	0	0	0	0	0
AF	0	0.699875	1	0	1	0	0	0	0
AF	0	0.701749	1	0	1	0	0	0	0
AF	0	0.703623	1	1	0	0	0	0	0
AF	0	0.703935	2	2	0	0	0	0	0
AF	0	0.704247	2	2	0	0	0	0	0
AF	0	0.716115	1	1	0	0	0	0	0
AF	0	0.721112	1	1	0	0	0	0	0
AF	0	0.726109	1	1	0	0	0	0	0
AF	0	0.727358	3	2	1	0	0	0	0
AF	0	0.727983	1	1	0	0	0	0	0
AF	0	0.728919	1	0	1	0	0	0	0
AF	0	0.729544	1	1	0	0	0	0	0
AF	0	0.731730	1	1	0	0	0	0	0
AF	0	0.736727	1	1	0	0	0	0	0
AF	0	0.737039	1	1	0	0	0	0	0
AF	0	0.738601	2	2	0	0	0	0	0
AF	0	0.738913	1	1	0	0	0	0	0
AF	0	0.739225	1	0	1	0	0	0	0
AF	0	0.739538	1	0	1	0	0	0	0
AF	0	0.740787	1	0	1	0	0	0	0
AF	0	0.742036	1	0	1	0	0	0	0
AF	0	0.742973	1	0	1	0	0	0	0
AF	0	0.744222	1	1	0	0	0	0	0
AF	0	0.744847	1	1	0	0	0	0	0
AF	0	0.746721	1	0	1	0	0	0	0
AF	0	0.747033	1	0	1	0	0	0	0
AF	0	0.747345	3	1	2	0	0	0	0
AF	0	0.747970	1	1	0	0	0	0	0
AF	0	0.749532	1	1	0	0	0	0	0
AF	0	0.752342	2	1	1	0	0	0	0
AF	0	0.752967	1	1	0	0	0	0	0
AF	0	0.754528	1	1	0	0	0	0	0
AF	0	0.755778	1	1	0	0	0	0	0
AF	0	0.757027	1	1	0	0	0	0	0
AF	0	0.758588	1	1	0	0	0	0	0
AF	0	0.759838	1	0	1	0	0	0	0
AF	0	0.760462	1	1	0	0	0	0	0
AF	0	0.762961	1	1	0	0	0	0	0
AF	0	0.765771	2	2	0	0	0	0	0
AF	0	0.766084	1	1	0	0	0	0	0
AF	0	0.767021	1	1	0	0	0	0	0
AF	0	0.767645	1	0	1	0	0	0	0
AF	0	0.768270	1	0	1	0	0	0	0
AF	0	0.768582	1	0	1	0	0	0	0
AF	0	0.771081	1	1	0	0	0	0	0
AF	0	0.771393	2	0	2	0	0	0	0
AF	0	0.772954	1	0	1	0	0	0	0
AF	0	0.777327	1	1	0	0	0	0	0
AF	0	0.779513	1	1	0	0	0	0	0
AF	0	0.780137	2	0	2	0	0	0	0
AF	0	0.781074	1	1	0	0	0	0	0
AF	0	0.783260	1	1	0	0	0	0	0
AF	0	0.783573	1	0	1	0	0	0	0
AF	0	0.783885	1	1	0	0	0	0	0
AF	0	0.784822	2	2	0	0	0	0	0
AF	0	0.785759	1	0	1	0	0	0	0
AF	0	0.793254	1	1	0	0	0	0	0
AF	0	0.793879	1	1	0	0	0	0	0
AF	0	0.794191	1	0	1	0	0	0	0
AF	0	0.794503	1	1	0	0	0	0	0
AF	0	0.795128	1	0	1	0	0	0	0
AF	0	0.797626	1	1	0	0	0	0	0
AF	0	0.798251	1	1	0	0	0	0	0
AF	0	0.801374	2	2	0	0	0	0	0
AF	0	0.803248	2	2	0	0	0	0	0
AF	0	0.803560	1	0	1	0	0	0	0
AF	0	0.803873	2	1	1	0	0	0	0
AF	0	0.804497	1	0	1	0	0	0	0
AF	0	0.805122	1	0	1	0	0	0	0
AF	0	0.806059	1	1	0	0	0	0	0
AF	0	0.807620	1	0	1	0	0	0	0
AF	0	0.811993	2	2	0	0	0	0	0
AF	0	0.812305	1	1	0	0	0	0	0
AF	0	0.812617	2	2	0	0	0	0	0
AF	0	0.813242	1	0	1	0	0	0	0
AF	0	0.813866	1	1	0	0	0	0	0
AF	0	0.814491	2	1	1	0	0	0	0
AF	0	0.815116	2	2	0	0	0	0	0
AF	0	0.815428	1	1	0	0	0	0	0
AF	0	0.815740	2	2	0	0	0	0	0
AF	0	0.816052	3	3	0	0	0	0	0
AF	0	0.816365	1	1	0	0	0	0	0
AF	0	0.816989	2	0	2	0	0	0	0
AF	0	0.818239	1	0	1	0	0	0	0
AF	0	0.819488	1	1	0	0	0	0	0
AF	0	0.820425	1	1	0	0	0	0	0
AF	0	0.821362	1	0	1	0	0	0	0
AF	0	0.825734	1	1	0	0	0	0	0
AF	0	0.826046	1	0	1	0	0	0	0
AF	0	0.828857	1	0	1	0	0	0	0
AF	0	0.830418	1	0	1	0	0	0	0
AF	0	0.842598	1	1	0	0	0	0	0
AF	0	0.843223	1	0	1	0	0	0	0
AF	0	0.843535	1	1	0	0	0	0	0
AF	0	0.845097	1	1	0	0	0	0	0
AF	0	0.845409	1	1	0	0	0	0	0
AF	0	0.845721	2	2	0	0	0	0	0
AF	0	0.851968	1	1	0	0	0	0	0
AF	0	0.861961	1	1	0	0	0	0	0
AF	0	0.871330	1	1	0	0	0	0	0
AF	0	0.876952	1	1	0	0	0	0	0
AF	0	0.878826	1	1	0	0	0	0	0
AF	0	0.879450	1	1	0	0	0	0	0
AF	0	0.882261	1	0	1	0	0	0	0
AF	0	0.882573	1	0	1	0	0	0	0
AF	0	0.882886	1	1	0	0	0	0	0
AF	0	0.883198	1	0	1	0	0	0	0
AF	0	0.891630	1	1	0	0	0	0	0
AF	0	0.891943	1	0	1	0	0	0	0
AF	0	0.892255	4	3	1	0	0	0	0
AF	0	0.893504	3	3	0	0	0	0	0
AF	0	0.894129	1	1	0	0	0	0	0
AF	0	0.894753	1	0	1	0	0	0	0
AF	0	0.895378	1	1	0	0	0	0	0
AF	0	0.896627	1	0	1	0	0	0	0
AF	0	0.897252	2	0	2	0	0	0	0
AF	0	0.897564	1	1	0	0	0	0	0
AF	0	0.897876	2	1	1	0	0	0	0
AF	0	0.898501	1	0	1	0	0	0	0
AF	0	0.898813	1	0	1	0	0	0	0
AF	0	0.899126	3	3	0	0	0	0	0
AF	0	0.899438	2	0	2	0	0	0	0
AF	0	0.899750	1	0	1	0	0	0	0
AF	0	0.900375	1	1	0	0	0	0	0
AF	0	0.902249	2	2	0	0	0	0	0
AF	0	0.903498	1	0	1	0	0	0	0
AF	0	0.904122	5	2	3	0	0	0	0
AF	0	0.904435	1	0	1	0	0	0	0
AF	0	0.909744	1	0	1	0	0	0	0
AF	0	0.910681	1	1	0	0	0	0	0
AF	0	0.911305	2	2	0	0	0	0	0
AF	0	0.912867	1	1	0	0	0	0	0
AF	0	0.914116	1	1	0	0	0	0	0
AF	0	0.918488	1	1	0	0	0	0	0
AF	0	0.918801	1	1	0	0	0	0	0
AF	0	0.920987	1	1	0	0	0	0	0
AF	0	0.926296	1	0	1	0	0	0	0
AF	0	0.927233	1	1	0	0	0	0	0
AF	0	0.928795	1	1	0	0	0	0	0
AF	0	0.929107	5	2	3	0	0	0	0
AF	0	0.930356	2	1	1	0	0	0	0
AF	0	0.930981	2	1	1	0	0	0	0
AF	0	0.931605	1	0	1	0	0	0	0
AF	0	0.934416	1	0	1	0	0	0	0
AF	0	0.934728	2	1	1	0	0	0	0
AF	0	0.939413	3	2	1	0	0	0	0
AF	0	0.944410	1	1	0	0	0	0	0
AF	0	0.945347	1	1	0	0	0	0	0
AF	0	0.945971	1	0	1	0	0	0	0
AF	0	0.949094	2	1	1	0	0	0	0
AF	0	0.952217	2	2	0	0	0	0	0
AF	0	0.964397	1	1	0	0	0	0	0
AF	0	0.965022	1	1	0	0	0	0	0
AF	0	0.965334	2	1	1	0	0	0	0
AF	0	0.965646	1	1	0	0	0	0	0
AF	0	0.965959	1	0	1	0	0	0	0
AF	0	0.968770	2	1	1	0	0	0	0
AF	0	0.969082	1	1	0	0	0	0	0
AF	0	0.970331	1	0	1	0	0	0	0
AF	0	0.970956	1	1	0	0	0	0	0
AF	0	0.971268	6	6	0	0	0	0	0
AF	0	0.971580	1	1	0	0	0	0	0
AF	0	0.971893	1	1	0	0	0	0	0
AF	0	0.972829	1	1	0	0	0	0	0
AF	0	0.973142	1	1	0	0	0	0	0
AF	0	0.974079	1	1	0	0	0	0	0
AF	0	0.974703	1	1	0	0	0	0	0
AF	0	0.975328	1	1	0	0	0	0	0
AF	0	0.976265	1	0	1	0	0	0	0
AF	0	0.982199	1	0	1	0	0	0	0
AF	0	0.983136	1	1	0	0	0	0	0
AF	0	0.983448	1	1	0	0	0	0	0
AF	0	0.984697	1	1	0	0	0	0	0
AF	0	0.986571	7	6	1	0	0	0	0
AF	0	0.986883	1	0	1	0	0	0	0
AF	0	0.987196	2	0	2	0	0	0	0
AF	0	0.987820	1	1	0	0	0	0	0
AF	0	0.988445	1	1	0	0	0	0	0
AF	0	0.990943	6	4	2	0	0	0	0
AF	0	0.991255	5	4	1	0	0	0	0
AF	0	0.991568	4	3	1	0	0	0	0
AF	0	0.991880	2	1	1	0	0	0	0
AF	0	0.992192	20	12	8	0	0	0	0
AF	0	0.993442	1	0	1	0	0	0	0
AF	0	0.994066	1	0	1	0	0	0	0
AF	0	0.994691	4	3	1	0	0	0	0
AF	0	0.995315	4	2	2	0	0	0	0
AF	0	0.995628	1	0	1	0	0	0	0
AF	0	0.995940	3	3	0	0	0	0	0
AF	0	0.996252	3	1	2	0	0	0	0
AF	0	0.996565	7	6	1	0	0	0	0
AF	0	0.998438	2	2	0	0	0	0	0
AF	0	0.998751	1	1	0	0	0	0	0
AF	0	0.999063	4	1	3	0	0	0	0
# QUAL, Stats by quality
# QUAL	[2]id	[3]Quality	[4]number of SNPs	[5]number of transitions (1st ALT)	[6]number of transversions (1st ALT)	[7]number of indels
QUAL	0	.	17265	11138	6127	0
# IDD, InDel distribution:
# IDD	[2]id	[3]length (deletions negative)	[4]number of sites	[5]number of genotypes	[6]mean VAF
# ST, Substitution types:
# ST	[2]id	[3]type	[4]count
ST	0	A>C	676
ST	0	A>G	2134
ST	0	A>T	735
ST	0	C>A	1008
ST	0	C>G	663
ST	0	C>T	3158
ST	0	G>A	2991
ST	0	G>C	712
ST	0	G>T	853
ST	0	T>A	783
ST	0	T>C	2855
ST	0	T>G	697
# DP, Depth distribution
# DP	[2]id	[3]bin	[4]number of genotypes	[5]fraction of genotypes (%)	[6]number of sites	[7]fraction of sites (%)
  - Fix haploid genotypes in males...

Submit MakeDiploidMalesX finished successfully. Let's have a beer, buddy!

