Submit MakeDiploidMalesX
version 1.1.6 (2024-09-30)

These are the settings:
  Input file................: /hpc/local/Rocky8/dhl_ec/software/MonopogenLite/resources/1kGP_high_coverage_Illumina.SNVonly_poly.filtered_AF_5e-04.norm.fixvariantid.chrX.vcf.gz
  Output file...............: /hpc/local/Rocky8/dhl_ec/software/MonopogenLite/resources/1kGP_high_coverage_Illumina.SNVonly_poly.filtered_AF_5e-04.norm.fixvariantid.makediploid.chrX.vcf.gz
  Chunk size................: 100

  SLURM CPUs................: 4
  SLURM Array ID............: 76 (of 100)
  SLURM memory..............: 16G
  SLURM time................: 01:00:00
  SLURM mail type...........: FAIL
  SLURM mail user...........: s.w.vanderlaan-2@umcutrecht.nl

  Dry run mode..............: 0
  Debug mode................: 1
  Verbosity.................: 0
  Version...................: 1.1.6 (2024-09-30)

Making converting haploid genotypes to diploid genotypes.
> Extract the region for this SLURM task (# 76) from the BED file.
  - Get the chunk number from the SLURM array task ID and the bed file...
DEBUG: Extracting chunk number: 76p from 76
DEBUG: Extracting region from BED file: /hpc/local/Rocky8/dhl_ec/software/MonopogenLite/resources/chrX_100pieces.bed
  - Extract the region from the BED file...
DEBUG: Extracted raw region: 'chrX	117030601	118591008' (chunk #: 76p of 100 for job 76)
  - Check if a valid region was extracted -- should be 'chrX	117030601	118591008'...
  - Prepare the region for bcftools...
  - Check if the region (chrX:117030601-118591008) was successfully extracted...
> Processing region 'chrX:117030601-118591008'...
  - Process the specific region (chunk# 76) using bcftools view...
  - Index the VCF file...
DEBUG: Check if the VCF file was successfully processed...
##fileformat=VCFv4.2
##FILTER=<ID=PASS,Description="All filters passed">
##fileDate=29/01/2022 - 14:31:41
##source=shapeit4.2.2
##contig=<ID=chr1,length=248956422>
##contig=<ID=chr2,length=242193529>
##contig=<ID=chr3,length=198295559>
##contig=<ID=chr4,length=190214555>
##contig=<ID=chr5,length=181538259>
##contig=<ID=chr6,length=170805979>
# This file was produced by bcftools stats (1.20+htslib-1.20) and can be plotted using plot-vcfstats.
# The command line was:	bcftools stats  /hpc/local/Rocky8/dhl_ec/software/MonopogenLite/resources/chrX.part76.vcf.gz
#
# Definition of sets:
# ID	[2]id	[3]tab-separated file names
ID	0	/hpc/local/Rocky8/dhl_ec/software/MonopogenLite/resources/chrX.part76.vcf.gz
# SN, Summary numbers:
#   number of records   .. number of data rows in the VCF
#   number of no-ALTs   .. reference-only sites, ALT is either "." or identical to REF
#   number of SNPs      .. number of rows with a SNP
#   number of MNPs      .. number of rows with a MNP, such as CC>TT
#   number of indels    .. number of rows with an indel
#   number of others    .. number of rows with other type, for example a symbolic allele or
#                          a complex substitution, such as ACT>TCGA
#   number of multiallelic sites     .. number of rows with multiple alternate alleles
#   number of multiallelic SNP sites .. number of rows with multiple alternate alleles, all SNPs
# 
#   Note that rows containing multiple types will be counted multiple times, in each
#   counter. For example, a row with a SNP and an indel increments both the SNP and
#   the indel counter.
# 
# SN	[2]id	[3]key	[4]value
SN	0	number of samples:	3202
SN	0	number of records:	19875
SN	0	number of no-ALTs:	0
SN	0	number of SNPs:	19875
SN	0	number of MNPs:	0
SN	0	number of indels:	0
SN	0	number of others:	0
SN	0	number of multiallelic sites:	0
SN	0	number of multiallelic SNP sites:	0
# TSTV, transitions/transversions:
# TSTV	[2]id	[3]ts	[4]tv	[5]ts/tv	[6]ts (1st ALT)	[7]tv (1st ALT)	[8]ts/tv (1st ALT)
TSTV	0	13277	6598	2.01	13277	6598	2.01
# SiS, Singleton stats:
# SiS	[2]id	[3]allele count	[4]number of SNPs	[5]number of transitions	[6]number of transversions	[7]number of indels	[8]repeat-consistent	[9]repeat-inconsistent	[10]not applicable
SiS	0	1	0	0	0	0	0	0	0
# AF, Stats by non-reference allele frequency:
# AF	[2]id	[3]allele frequency	[4]number of SNPs	[5]number of transitions	[6]number of transversions	[7]number of indels	[8]repeat-consistent	[9]repeat-inconsistent	[10]not applicable
AF	0	0.000312	2729	1838	891	0	0	0	0
AF	0	0.000625	1703	1163	540	0	0	0	0
AF	0	0.000937	1900	1271	629	0	0	0	0
AF	0	0.001249	735	495	240	0	0	0	0
AF	0	0.001562	943	639	304	0	0	0	0
AF	0	0.001874	380	236	144	0	0	0	0
AF	0	0.002186	496	343	153	0	0	0	0
AF	0	0.002498	257	175	82	0	0	0	0
AF	0	0.002811	499	329	170	0	0	0	0
AF	0	0.003123	233	155	78	0	0	0	0
AF	0	0.003435	532	347	185	0	0	0	0
AF	0	0.003748	160	107	53	0	0	0	0
AF	0	0.004060	439	288	151	0	0	0	0
AF	0	0.004372	131	89	42	0	0	0	0
AF	0	0.004685	290	190	100	0	0	0	0
AF	0	0.004997	122	87	35	0	0	0	0
AF	0	0.005309	172	122	50	0	0	0	0
AF	0	0.005621	64	37	27	0	0	0	0
AF	0	0.005934	167	109	58	0	0	0	0
AF	0	0.006246	105	78	27	0	0	0	0
AF	0	0.006558	166	115	51	0	0	0	0
AF	0	0.006871	65	47	18	0	0	0	0
AF	0	0.007183	128	83	45	0	0	0	0
AF	0	0.007495	62	38	24	0	0	0	0
AF	0	0.007808	130	81	49	0	0	0	0
AF	0	0.008120	70	45	25	0	0	0	0
AF	0	0.008432	170	111	59	0	0	0	0
AF	0	0.008745	44	32	12	0	0	0	0
AF	0	0.009057	74	40	34	0	0	0	0
AF	0	0.009369	49	32	17	0	0	0	0
AF	0	0.009681	111	75	36	0	0	0	0
AF	0	0.009994	42	21	21	0	0	0	0
AF	0	0.010306	83	53	30	0	0	0	0
AF	0	0.010618	64	43	21	0	0	0	0
AF	0	0.010931	84	63	21	0	0	0	0
AF	0	0.011243	40	28	12	0	0	0	0
AF	0	0.011555	86	57	29	0	0	0	0
AF	0	0.011868	38	25	13	0	0	0	0
AF	0	0.012180	66	45	21	0	0	0	0
AF	0	0.012492	32	25	7	0	0	0	0
AF	0	0.012804	164	109	55	0	0	0	0
AF	0	0.013117	38	23	15	0	0	0	0
AF	0	0.013429	82	56	26	0	0	0	0
AF	0	0.013741	28	17	11	0	0	0	0
AF	0	0.014054	37	27	10	0	0	0	0
AF	0	0.014366	27	17	10	0	0	0	0
AF	0	0.014678	41	25	16	0	0	0	0
AF	0	0.014991	12	7	5	0	0	0	0
AF	0	0.015303	29	22	7	0	0	0	0
AF	0	0.015615	41	26	15	0	0	0	0
AF	0	0.015928	34	21	13	0	0	0	0
AF	0	0.016240	17	12	5	0	0	0	0
AF	0	0.016552	42	24	18	0	0	0	0
AF	0	0.016864	19	12	7	0	0	0	0
AF	0	0.017177	46	30	16	0	0	0	0
AF	0	0.017489	18	11	7	0	0	0	0
AF	0	0.017801	61	30	31	0	0	0	0
AF	0	0.018114	25	20	5	0	0	0	0
AF	0	0.018426	82	57	25	0	0	0	0
AF	0	0.018738	9	8	1	0	0	0	0
AF	0	0.019051	51	40	11	0	0	0	0
AF	0	0.019363	30	22	8	0	0	0	0
AF	0	0.019675	52	32	20	0	0	0	0
AF	0	0.019988	18	12	6	0	0	0	0
AF	0	0.020300	29	23	6	0	0	0	0
AF	0	0.020612	5	0	5	0	0	0	0
AF	0	0.020924	37	24	13	0	0	0	0
AF	0	0.021237	28	19	9	0	0	0	0
AF	0	0.021549	23	13	10	0	0	0	0
AF	0	0.021861	16	13	3	0	0	0	0
AF	0	0.022174	33	22	11	0	0	0	0
AF	0	0.022486	13	9	4	0	0	0	0
AF	0	0.022798	29	21	8	0	0	0	0
AF	0	0.023111	12	8	4	0	0	0	0
AF	0	0.023423	31	21	10	0	0	0	0
AF	0	0.023735	11	9	2	0	0	0	0
AF	0	0.024047	36	22	14	0	0	0	0
AF	0	0.024360	11	9	2	0	0	0	0
AF	0	0.024672	25	15	10	0	0	0	0
AF	0	0.024984	17	13	4	0	0	0	0
AF	0	0.025297	51	32	19	0	0	0	0
AF	0	0.025609	21	14	7	0	0	0	0
AF	0	0.025921	25	15	10	0	0	0	0
AF	0	0.026234	14	10	4	0	0	0	0
AF	0	0.026546	22	15	7	0	0	0	0
AF	0	0.026858	10	9	1	0	0	0	0
AF	0	0.027171	48	35	13	0	0	0	0
AF	0	0.027483	9	4	5	0	0	0	0
AF	0	0.027795	17	13	4	0	0	0	0
AF	0	0.028107	6	3	3	0	0	0	0
AF	0	0.028420	19	14	5	0	0	0	0
AF	0	0.028732	8	6	2	0	0	0	0
AF	0	0.029044	30	19	11	0	0	0	0
AF	0	0.029357	6	4	2	0	0	0	0
AF	0	0.029669	19	10	9	0	0	0	0
AF	0	0.029981	4	4	0	0	0	0	0
AF	0	0.030294	48	33	15	0	0	0	0
AF	0	0.030606	14	7	7	0	0	0	0
AF	0	0.030918	26	16	10	0	0	0	0
AF	0	0.031230	4	3	1	0	0	0	0
AF	0	0.031543	28	16	12	0	0	0	0
AF	0	0.031855	15	9	6	0	0	0	0
AF	0	0.032167	17	7	10	0	0	0	0
AF	0	0.032480	11	4	7	0	0	0	0
AF	0	0.032792	31	21	10	0	0	0	0
AF	0	0.033104	31	23	8	0	0	0	0
AF	0	0.033417	21	14	7	0	0	0	0
AF	0	0.033729	17	12	5	0	0	0	0
AF	0	0.034041	14	12	2	0	0	0	0
AF	0	0.034354	3	2	1	0	0	0	0
AF	0	0.034666	23	14	9	0	0	0	0
AF	0	0.034978	5	3	2	0	0	0	0
AF	0	0.035290	5	3	2	0	0	0	0
AF	0	0.035603	2	2	0	0	0	0	0
AF	0	0.035915	10	8	2	0	0	0	0
AF	0	0.036227	15	8	7	0	0	0	0
AF	0	0.036540	35	21	14	0	0	0	0
AF	0	0.036852	7	3	4	0	0	0	0
AF	0	0.037164	6	4	2	0	0	0	0
AF	0	0.037477	7	6	1	0	0	0	0
AF	0	0.037789	10	4	6	0	0	0	0
AF	0	0.038101	6	5	1	0	0	0	0
AF	0	0.038413	15	7	8	0	0	0	0
AF	0	0.038726	6	5	1	0	0	0	0
AF	0	0.039038	8	4	4	0	0	0	0
AF	0	0.039350	3	2	1	0	0	0	0
AF	0	0.039663	24	19	5	0	0	0	0
AF	0	0.039975	10	7	3	0	0	0	0
AF	0	0.040287	15	10	5	0	0	0	0
AF	0	0.040600	6	5	1	0	0	0	0
AF	0	0.040912	9	6	3	0	0	0	0
AF	0	0.041224	2	1	1	0	0	0	0
AF	0	0.041537	5	3	2	0	0	0	0
AF	0	0.041849	1	1	0	0	0	0	0
AF	0	0.042161	7	5	2	0	0	0	0
AF	0	0.042473	3	2	1	0	0	0	0
AF	0	0.042786	14	10	4	0	0	0	0
AF	0	0.043098	4	2	2	0	0	0	0
AF	0	0.043410	9	7	2	0	0	0	0
AF	0	0.043723	9	4	5	0	0	0	0
AF	0	0.044035	3	2	1	0	0	0	0
AF	0	0.044660	5	3	2	0	0	0	0
AF	0	0.044972	4	3	1	0	0	0	0
AF	0	0.045284	1	0	1	0	0	0	0
AF	0	0.045597	4	1	3	0	0	0	0
AF	0	0.045909	21	15	6	0	0	0	0
AF	0	0.046221	4	1	3	0	0	0	0
AF	0	0.046533	5	4	1	0	0	0	0
AF	0	0.046846	2	1	1	0	0	0	0
AF	0	0.047158	3	1	2	0	0	0	0
AF	0	0.047470	2	2	0	0	0	0	0
AF	0	0.047783	9	4	5	0	0	0	0
AF	0	0.048095	6	3	3	0	0	0	0
AF	0	0.048407	20	14	6	0	0	0	0
AF	0	0.048720	4	2	2	0	0	0	0
AF	0	0.049032	5	3	2	0	0	0	0
AF	0	0.049344	1	1	0	0	0	0	0
AF	0	0.049656	7	3	4	0	0	0	0
AF	0	0.050281	5	4	1	0	0	0	0
AF	0	0.050593	1	1	0	0	0	0	0
AF	0	0.050906	4	3	1	0	0	0	0
AF	0	0.051218	5	3	2	0	0	0	0
AF	0	0.051530	3	3	0	0	0	0	0
AF	0	0.051843	3	1	2	0	0	0	0
AF	0	0.052155	10	7	3	0	0	0	0
AF	0	0.052467	4	3	1	0	0	0	0
AF	0	0.052780	6	4	2	0	0	0	0
AF	0	0.053092	1	1	0	0	0	0	0
AF	0	0.053404	3	1	2	0	0	0	0
AF	0	0.054029	15	11	4	0	0	0	0
AF	0	0.054341	11	5	6	0	0	0	0
AF	0	0.054653	21	10	11	0	0	0	0
AF	0	0.054966	12	8	4	0	0	0	0
AF	0	0.055278	5	1	4	0	0	0	0
AF	0	0.055590	8	4	4	0	0	0	0
AF	0	0.055903	9	8	1	0	0	0	0
AF	0	0.056215	4	3	1	0	0	0	0
AF	0	0.056527	17	14	3	0	0	0	0
AF	0	0.056839	7	3	4	0	0	0	0
AF	0	0.057152	23	14	9	0	0	0	0
AF	0	0.057464	3	3	0	0	0	0	0
AF	0	0.057776	9	6	3	0	0	0	0
AF	0	0.058089	6	4	2	0	0	0	0
AF	0	0.058401	2	1	1	0	0	0	0
AF	0	0.058713	5	2	3	0	0	0	0
AF	0	0.059026	3	1	2	0	0	0	0
AF	0	0.059338	6	2	4	0	0	0	0
AF	0	0.059650	11	9	2	0	0	0	0
AF	0	0.059963	3	2	1	0	0	0	0
AF	0	0.060275	3	1	2	0	0	0	0
AF	0	0.060587	1	1	0	0	0	0	0
AF	0	0.060899	5	4	1	0	0	0	0
AF	0	0.061212	1	1	0	0	0	0	0
AF	0	0.061524	2	2	0	0	0	0	0
AF	0	0.061836	1	1	0	0	0	0	0
AF	0	0.062149	1	0	1	0	0	0	0
AF	0	0.062461	2	2	0	0	0	0	0
AF	0	0.062773	7	3	4	0	0	0	0
AF	0	0.063086	13	10	3	0	0	0	0
AF	0	0.063398	13	7	6	0	0	0	0
AF	0	0.063710	11	5	6	0	0	0	0
AF	0	0.064022	17	10	7	0	0	0	0
AF	0	0.064335	1	1	0	0	0	0	0
AF	0	0.064647	12	6	6	0	0	0	0
AF	0	0.064959	8	6	2	0	0	0	0
AF	0	0.065272	22	16	6	0	0	0	0
AF	0	0.065584	10	8	2	0	0	0	0
AF	0	0.065896	34	20	14	0	0	0	0
AF	0	0.066209	34	22	12	0	0	0	0
AF	0	0.066521	5	5	0	0	0	0	0
AF	0	0.066833	1	1	0	0	0	0	0
AF	0	0.067146	10	9	1	0	0	0	0
AF	0	0.067458	15	11	4	0	0	0	0
AF	0	0.067770	16	12	4	0	0	0	0
AF	0	0.068082	5	4	1	0	0	0	0
AF	0	0.068395	14	10	4	0	0	0	0
AF	0	0.068707	9	6	3	0	0	0	0
AF	0	0.069019	19	11	8	0	0	0	0
AF	0	0.069332	7	3	4	0	0	0	0
AF	0	0.069644	7	3	4	0	0	0	0
AF	0	0.069956	3	2	1	0	0	0	0
AF	0	0.070269	5	4	1	0	0	0	0
AF	0	0.070581	3	2	1	0	0	0	0
AF	0	0.070893	5	3	2	0	0	0	0
AF	0	0.071205	4	2	2	0	0	0	0
AF	0	0.071518	5	5	0	0	0	0	0
AF	0	0.071830	2	1	1	0	0	0	0
AF	0	0.072142	3	2	1	0	0	0	0
AF	0	0.072455	5	4	1	0	0	0	0
AF	0	0.072767	6	4	2	0	0	0	0
AF	0	0.073079	2	1	1	0	0	0	0
AF	0	0.073392	5	2	3	0	0	0	0
AF	0	0.074016	11	10	1	0	0	0	0
AF	0	0.074329	4	3	1	0	0	0	0
AF	0	0.074641	19	18	1	0	0	0	0
AF	0	0.074953	3	2	1	0	0	0	0
AF	0	0.075265	3	2	1	0	0	0	0
AF	0	0.075578	7	4	3	0	0	0	0
AF	0	0.075890	24	18	6	0	0	0	0
AF	0	0.076202	4	2	2	0	0	0	0
AF	0	0.076827	1	1	0	0	0	0	0
AF	0	0.077139	3	2	1	0	0	0	0
AF	0	0.077452	1	1	0	0	0	0	0
AF	0	0.077764	3	2	1	0	0	0	0
AF	0	0.078076	2	1	1	0	0	0	0
AF	0	0.078389	2	1	1	0	0	0	0
AF	0	0.078701	4	2	2	0	0	0	0
AF	0	0.079013	15	7	8	0	0	0	0
AF	0	0.079325	1	0	1	0	0	0	0
AF	0	0.079638	3	1	2	0	0	0	0
AF	0	0.080262	2	0	2	0	0	0	0
AF	0	0.080575	6	5	1	0	0	0	0
AF	0	0.080887	3	3	0	0	0	0	0
AF	0	0.081199	1	0	1	0	0	0	0
AF	0	0.081512	5	3	2	0	0	0	0
AF	0	0.081824	3	2	1	0	0	0	0
AF	0	0.082136	2	2	0	0	0	0	0
AF	0	0.082448	5	5	0	0	0	0	0
AF	0	0.082761	8	4	4	0	0	0	0
AF	0	0.083073	1	1	0	0	0	0	0
AF	0	0.083385	1	1	0	0	0	0	0
AF	0	0.083698	1	1	0	0	0	0	0
AF	0	0.084010	3	2	1	0	0	0	0
AF	0	0.084322	2	1	1	0	0	0	0
AF	0	0.084635	6	4	2	0	0	0	0
AF	0	0.084947	8	4	4	0	0	0	0
AF	0	0.085259	22	14	8	0	0	0	0
AF	0	0.085884	2	2	0	0	0	0	0
AF	0	0.086196	1	0	1	0	0	0	0
AF	0	0.086508	5	5	0	0	0	0	0
AF	0	0.087445	1	0	1	0	0	0	0
AF	0	0.087758	4	1	3	0	0	0	0
AF	0	0.088382	2	2	0	0	0	0	0
AF	0	0.088695	1	0	1	0	0	0	0
AF	0	0.089007	1	1	0	0	0	0	0
AF	0	0.089319	2	2	0	0	0	0	0
AF	0	0.089944	1	0	1	0	0	0	0
AF	0	0.090256	7	5	2	0	0	0	0
AF	0	0.090568	7	5	2	0	0	0	0
AF	0	0.090881	8	6	2	0	0	0	0
AF	0	0.091505	3	1	2	0	0	0	0
AF	0	0.092130	1	1	0	0	0	0	0
AF	0	0.092442	2	1	1	0	0	0	0
AF	0	0.092755	2	2	0	0	0	0	0
AF	0	0.093379	3	1	2	0	0	0	0
AF	0	0.094316	2	0	2	0	0	0	0
AF	0	0.094941	3	2	1	0	0	0	0
AF	0	0.095253	3	2	1	0	0	0	0
AF	0	0.095878	3	2	1	0	0	0	0
AF	0	0.096502	8	4	4	0	0	0	0
AF	0	0.096814	2	2	0	0	0	0	0
AF	0	0.097127	8	8	0	0	0	0	0
AF	0	0.097439	4	4	0	0	0	0	0
AF	0	0.097751	3	2	1	0	0	0	0
AF	0	0.098064	4	4	0	0	0	0	0
AF	0	0.098376	1	0	1	0	0	0	0
AF	0	0.099001	3	1	2	0	0	0	0
AF	0	0.099313	7	6	1	0	0	0	0
AF	0	0.099625	7	4	3	0	0	0	0
AF	0	0.099938	2	2	0	0	0	0	0
AF	0	0.100250	6	3	3	0	0	0	0
AF	0	0.100562	3	3	0	0	0	0	0
AF	0	0.100874	4	4	0	0	0	0	0
AF	0	0.101187	1	1	0	0	0	0	0
AF	0	0.101499	2	1	1	0	0	0	0
AF	0	0.101811	3	2	1	0	0	0	0
AF	0	0.102124	2	0	2	0	0	0	0
AF	0	0.102436	2	2	0	0	0	0	0
AF	0	0.102748	3	2	1	0	0	0	0
AF	0	0.103373	2	1	1	0	0	0	0
AF	0	0.103685	2	1	1	0	0	0	0
AF	0	0.103998	5	4	1	0	0	0	0
AF	0	0.104310	2	1	1	0	0	0	0
AF	0	0.104622	2	2	0	0	0	0	0
AF	0	0.104934	1	0	1	0	0	0	0
AF	0	0.105247	1	1	0	0	0	0	0
AF	0	0.105871	2	1	1	0	0	0	0
AF	0	0.106496	2	2	0	0	0	0	0
AF	0	0.107745	6	4	2	0	0	0	0
AF	0	0.108057	2	1	1	0	0	0	0
AF	0	0.108682	1	0	1	0	0	0	0
AF	0	0.108994	1	1	0	0	0	0	0
AF	0	0.109307	1	1	0	0	0	0	0
AF	0	0.109931	2	2	0	0	0	0	0
AF	0	0.110244	1	1	0	0	0	0	0
AF	0	0.110868	3	2	1	0	0	0	0
AF	0	0.112117	2	0	2	0	0	0	0
AF	0	0.112430	5	3	2	0	0	0	0
AF	0	0.112742	1	1	0	0	0	0	0
AF	0	0.113054	4	1	3	0	0	0	0
AF	0	0.113367	1	1	0	0	0	0	0
AF	0	0.113679	2	2	0	0	0	0	0
AF	0	0.114304	1	1	0	0	0	0	0
AF	0	0.114928	1	1	0	0	0	0	0
AF	0	0.115240	2	2	0	0	0	0	0
AF	0	0.115553	2	1	1	0	0	0	0
AF	0	0.116177	4	1	3	0	0	0	0
AF	0	0.116490	1	1	0	0	0	0	0
AF	0	0.116802	2	2	0	0	0	0	0
AF	0	0.117427	2	2	0	0	0	0	0
AF	0	0.117739	3	2	1	0	0	0	0
AF	0	0.118051	3	1	2	0	0	0	0
AF	0	0.118988	1	1	0	0	0	0	0
AF	0	0.119300	4	3	1	0	0	0	0
AF	0	0.119613	2	1	1	0	0	0	0
AF	0	0.120237	1	0	1	0	0	0	0
AF	0	0.120862	1	1	0	0	0	0	0
AF	0	0.121174	1	1	0	0	0	0	0
AF	0	0.121799	1	1	0	0	0	0	0
AF	0	0.122111	2	2	0	0	0	0	0
AF	0	0.122423	1	1	0	0	0	0	0
AF	0	0.123048	1	1	0	0	0	0	0
AF	0	0.123360	1	1	0	0	0	0	0
AF	0	0.123673	2	0	2	0	0	0	0
AF	0	0.123985	1	0	1	0	0	0	0
AF	0	0.124297	1	1	0	0	0	0	0
AF	0	0.124610	1	1	0	0	0	0	0
AF	0	0.124922	1	1	0	0	0	0	0
AF	0	0.125234	1	1	0	0	0	0	0
AF	0	0.125547	2	1	1	0	0	0	0
AF	0	0.126796	1	1	0	0	0	0	0
AF	0	0.127420	3	2	1	0	0	0	0
AF	0	0.128357	2	1	1	0	0	0	0
AF	0	0.128670	5	3	2	0	0	0	0
AF	0	0.129606	1	1	0	0	0	0	0
AF	0	0.129919	2	1	1	0	0	0	0
AF	0	0.130543	2	1	1	0	0	0	0
AF	0	0.130856	1	1	0	0	0	0	0
AF	0	0.131168	2	2	0	0	0	0	0
AF	0	0.131480	2	1	1	0	0	0	0
AF	0	0.131793	3	2	1	0	0	0	0
AF	0	0.132417	2	1	1	0	0	0	0
AF	0	0.133042	1	1	0	0	0	0	0
AF	0	0.133666	4	3	1	0	0	0	0
AF	0	0.133979	1	1	0	0	0	0	0
AF	0	0.134603	6	4	2	0	0	0	0
AF	0	0.134916	3	1	2	0	0	0	0
AF	0	0.135228	1	1	0	0	0	0	0
AF	0	0.135853	2	2	0	0	0	0	0
AF	0	0.136165	3	2	1	0	0	0	0
AF	0	0.136477	1	1	0	0	0	0	0
AF	0	0.136790	4	4	0	0	0	0	0
AF	0	0.137102	2	1	1	0	0	0	0
AF	0	0.137414	2	1	1	0	0	0	0
AF	0	0.138039	1	0	1	0	0	0	0
AF	0	0.138351	2	1	1	0	0	0	0
AF	0	0.138663	3	2	1	0	0	0	0
AF	0	0.138976	3	3	0	0	0	0	0
AF	0	0.139288	2	2	0	0	0	0	0
AF	0	0.139600	2	1	1	0	0	0	0
AF	0	0.140225	2	2	0	0	0	0	0
AF	0	0.140537	2	2	0	0	0	0	0
AF	0	0.140849	1	1	0	0	0	0	0
AF	0	0.141162	2	2	0	0	0	0	0
AF	0	0.141474	3	2	1	0	0	0	0
AF	0	0.141786	3	3	0	0	0	0	0
AF	0	0.142099	2	1	1	0	0	0	0
AF	0	0.142411	2	2	0	0	0	0	0
AF	0	0.142723	1	1	0	0	0	0	0
AF	0	0.143036	3	2	1	0	0	0	0
AF	0	0.143348	1	1	0	0	0	0	0
AF	0	0.143660	1	0	1	0	0	0	0
AF	0	0.144285	4	3	1	0	0	0	0
AF	0	0.144597	2	1	1	0	0	0	0
AF	0	0.144909	7	5	2	0	0	0	0
AF	0	0.145222	1	1	0	0	0	0	0
AF	0	0.145534	7	5	2	0	0	0	0
AF	0	0.145846	6	3	3	0	0	0	0
AF	0	0.146159	7	3	4	0	0	0	0
AF	0	0.146471	3	2	1	0	0	0	0
AF	0	0.146783	4	2	2	0	0	0	0
AF	0	0.147096	2	2	0	0	0	0	0
AF	0	0.147408	1	1	0	0	0	0	0
AF	0	0.147720	1	0	1	0	0	0	0
AF	0	0.148032	2	1	1	0	0	0	0
AF	0	0.148657	3	1	2	0	0	0	0
AF	0	0.148969	2	1	1	0	0	0	0
AF	0	0.149282	2	2	0	0	0	0	0
AF	0	0.149594	1	1	0	0	0	0	0
AF	0	0.149906	2	2	0	0	0	0	0
AF	0	0.150219	1	1	0	0	0	0	0
AF	0	0.150843	2	1	1	0	0	0	0
AF	0	0.151468	1	0	1	0	0	0	0
AF	0	0.151780	3	1	2	0	0	0	0
AF	0	0.152092	3	2	1	0	0	0	0
AF	0	0.152405	7	3	4	0	0	0	0
AF	0	0.152717	4	3	1	0	0	0	0
AF	0	0.153029	2	1	1	0	0	0	0
AF	0	0.153342	1	1	0	0	0	0	0
AF	0	0.153654	5	3	2	0	0	0	0
AF	0	0.153966	1	1	0	0	0	0	0
AF	0	0.154279	5	2	3	0	0	0	0
AF	0	0.154591	3	1	2	0	0	0	0
AF	0	0.154903	5	2	3	0	0	0	0
AF	0	0.155215	2	2	0	0	0	0	0
AF	0	0.155528	2	1	1	0	0	0	0
AF	0	0.155840	6	4	2	0	0	0	0
AF	0	0.156152	21	12	9	0	0	0	0
AF	0	0.156465	12	9	3	0	0	0	0
AF	0	0.156777	3	2	1	0	0	0	0
AF	0	0.157089	1	1	0	0	0	0	0
AF	0	0.157402	2	1	1	0	0	0	0
AF	0	0.158026	1	0	1	0	0	0	0
AF	0	0.158339	2	1	1	0	0	0	0
AF	0	0.158963	2	1	1	0	0	0	0
AF	0	0.159275	3	1	2	0	0	0	0
AF	0	0.159588	3	1	2	0	0	0	0
AF	0	0.159900	8	6	2	0	0	0	0
AF	0	0.160212	2	2	0	0	0	0	0
AF	0	0.160525	3	3	0	0	0	0	0
AF	0	0.161149	2	1	1	0	0	0	0
AF	0	0.161774	2	1	1	0	0	0	0
AF	0	0.162399	2	1	1	0	0	0	0
AF	0	0.162711	5	5	0	0	0	0	0
AF	0	0.163023	7	4	3	0	0	0	0
AF	0	0.163335	3	3	0	0	0	0	0
AF	0	0.163648	5	3	2	0	0	0	0
AF	0	0.163960	1	1	0	0	0	0	0
AF	0	0.164272	3	2	1	0	0	0	0
AF	0	0.164585	2	2	0	0	0	0	0
AF	0	0.164897	10	8	2	0	0	0	0
AF	0	0.165209	2	2	0	0	0	0	0
AF	0	0.165522	4	1	3	0	0	0	0
AF	0	0.166146	1	0	1	0	0	0	0
AF	0	0.166458	1	1	0	0	0	0	0
AF	0	0.166771	3	3	0	0	0	0	0
AF	0	0.167395	2	1	1	0	0	0	0
AF	0	0.167708	13	6	7	0	0	0	0
AF	0	0.168020	14	10	4	0	0	0	0
AF	0	0.169269	1	1	0	0	0	0	0
AF	0	0.170206	2	1	1	0	0	0	0
AF	0	0.170518	4	3	1	0	0	0	0
AF	0	0.170831	2	2	0	0	0	0	0
AF	0	0.171143	1	1	0	0	0	0	0
AF	0	0.171455	2	1	1	0	0	0	0
AF	0	0.171768	2	0	2	0	0	0	0
AF	0	0.172080	1	1	0	0	0	0	0
AF	0	0.173017	2	1	1	0	0	0	0
AF	0	0.173641	1	1	0	0	0	0	0
AF	0	0.173954	2	1	1	0	0	0	0
AF	0	0.174266	1	0	1	0	0	0	0
AF	0	0.174578	1	1	0	0	0	0	0
AF	0	0.175828	1	1	0	0	0	0	0
AF	0	0.176140	1	1	0	0	0	0	0
AF	0	0.176765	1	1	0	0	0	0	0
AF	0	0.177077	1	0	1	0	0	0	0
AF	0	0.177389	7	5	2	0	0	0	0
AF	0	0.177701	1	1	0	0	0	0	0
AF	0	0.178014	1	0	1	0	0	0	0
AF	0	0.178326	1	0	1	0	0	0	0
AF	0	0.178638	10	6	4	0	0	0	0
AF	0	0.178951	5	3	2	0	0	0	0
AF	0	0.179575	1	0	1	0	0	0	0
AF	0	0.179888	9	6	3	0	0	0	0
AF	0	0.180512	3	2	1	0	0	0	0
AF	0	0.180824	4	4	0	0	0	0	0
AF	0	0.181137	9	4	5	0	0	0	0
AF	0	0.181449	6	5	1	0	0	0	0
AF	0	0.181761	2	2	0	0	0	0	0
AF	0	0.182386	1	1	0	0	0	0	0
AF	0	0.182698	1	1	0	0	0	0	0
AF	0	0.184884	3	1	2	0	0	0	0
AF	0	0.185509	2	2	0	0	0	0	0
AF	0	0.186134	1	0	1	0	0	0	0
AF	0	0.186446	1	1	0	0	0	0	0
AF	0	0.186758	4	4	0	0	0	0	0
AF	0	0.187071	1	1	0	0	0	0	0
AF	0	0.187383	2	1	1	0	0	0	0
AF	0	0.188007	2	2	0	0	0	0	0
AF	0	0.188320	1	1	0	0	0	0	0
AF	0	0.188632	3	2	1	0	0	0	0
AF	0	0.189257	2	1	1	0	0	0	0
AF	0	0.189569	1	0	1	0	0	0	0
AF	0	0.189881	12	6	6	0	0	0	0
AF	0	0.190194	8	6	2	0	0	0	0
AF	0	0.190506	4	3	1	0	0	0	0
AF	0	0.190818	1	1	0	0	0	0	0
AF	0	0.191131	3	1	2	0	0	0	0
AF	0	0.191443	1	1	0	0	0	0	0
AF	0	0.191755	5	5	0	0	0	0	0
AF	0	0.192380	2	1	1	0	0	0	0
AF	0	0.193004	4	4	0	0	0	0	0
AF	0	0.193629	2	2	0	0	0	0	0
AF	0	0.193941	3	2	1	0	0	0	0
AF	0	0.194254	5	3	2	0	0	0	0
AF	0	0.194878	5	5	0	0	0	0	0
AF	0	0.195191	2	0	2	0	0	0	0
AF	0	0.195503	2	2	0	0	0	0	0
AF	0	0.195815	2	1	1	0	0	0	0
AF	0	0.196127	6	5	1	0	0	0	0
AF	0	0.196440	4	4	0	0	0	0	0
AF	0	0.196752	5	3	2	0	0	0	0
AF	0	0.197064	2	2	0	0	0	0	0
AF	0	0.197377	2	1	1	0	0	0	0
AF	0	0.197689	3	2	1	0	0	0	0
AF	0	0.198001	4	2	2	0	0	0	0
AF	0	0.198314	1	1	0	0	0	0	0
AF	0	0.198626	3	3	0	0	0	0	0
AF	0	0.198938	1	1	0	0	0	0	0
AF	0	0.199250	3	2	1	0	0	0	0
AF	0	0.199563	1	0	1	0	0	0	0
AF	0	0.199875	1	1	0	0	0	0	0
AF	0	0.200500	3	2	1	0	0	0	0
AF	0	0.201124	2	1	1	0	0	0	0
AF	0	0.201437	1	0	1	0	0	0	0
AF	0	0.201749	5	3	2	0	0	0	0
AF	0	0.202061	5	2	3	0	0	0	0
AF	0	0.202374	2	1	1	0	0	0	0
AF	0	0.202998	3	3	0	0	0	0	0
AF	0	0.203623	1	0	1	0	0	0	0
AF	0	0.203935	1	1	0	0	0	0	0
AF	0	0.204247	3	1	2	0	0	0	0
AF	0	0.204872	4	2	2	0	0	0	0
AF	0	0.205184	15	8	7	0	0	0	0
AF	0	0.205497	12	5	7	0	0	0	0
AF	0	0.205809	3	2	1	0	0	0	0
AF	0	0.206121	2	2	0	0	0	0	0
AF	0	0.206746	2	2	0	0	0	0	0
AF	0	0.207370	5	4	1	0	0	0	0
AF	0	0.207683	1	1	0	0	0	0	0
AF	0	0.207995	4	4	0	0	0	0	0
AF	0	0.208620	4	3	1	0	0	0	0
AF	0	0.208932	2	2	0	0	0	0	0
AF	0	0.209244	5	2	3	0	0	0	0
AF	0	0.209557	1	1	0	0	0	0	0
AF	0	0.209869	3	1	2	0	0	0	0
AF	0	0.210181	4	1	3	0	0	0	0
AF	0	0.210493	2	2	0	0	0	0	0
AF	0	0.210806	1	1	0	0	0	0	0
AF	0	0.211743	1	0	1	0	0	0	0
AF	0	0.212055	3	3	0	0	0	0	0
AF	0	0.212367	3	1	2	0	0	0	0
AF	0	0.212680	1	1	0	0	0	0	0
AF	0	0.212992	8	7	1	0	0	0	0
AF	0	0.213304	6	6	0	0	0	0	0
AF	0	0.213616	14	7	7	0	0	0	0
AF	0	0.213929	13	10	3	0	0	0	0
AF	0	0.214241	4	3	1	0	0	0	0
AF	0	0.214553	3	2	1	0	0	0	0
AF	0	0.214866	1	0	1	0	0	0	0
AF	0	0.215178	2	2	0	0	0	0	0
AF	0	0.215490	6	6	0	0	0	0	0
AF	0	0.215803	4	3	1	0	0	0	0
AF	0	0.216115	7	4	3	0	0	0	0
AF	0	0.216427	3	2	1	0	0	0	0
AF	0	0.216740	1	0	1	0	0	0	0
AF	0	0.217364	2	0	2	0	0	0	0
AF	0	0.217989	4	3	1	0	0	0	0
AF	0	0.218301	2	2	0	0	0	0	0
AF	0	0.218613	1	1	0	0	0	0	0
AF	0	0.219550	1	0	1	0	0	0	0
AF	0	0.219863	1	0	1	0	0	0	0
AF	0	0.220487	1	1	0	0	0	0	0
AF	0	0.221112	2	1	1	0	0	0	0
AF	0	0.221736	1	1	0	0	0	0	0
AF	0	0.222049	1	0	1	0	0	0	0
AF	0	0.222361	3	2	1	0	0	0	0
AF	0	0.222986	1	0	1	0	0	0	0
AF	0	0.223298	3	3	0	0	0	0	0
AF	0	0.223610	1	0	1	0	0	0	0
AF	0	0.223923	16	5	11	0	0	0	0
AF	0	0.224235	28	15	13	0	0	0	0
AF	0	0.224547	7	2	5	0	0	0	0
AF	0	0.224859	1	1	0	0	0	0	0
AF	0	0.225172	2	0	2	0	0	0	0
AF	0	0.225796	1	1	0	0	0	0	0
AF	0	0.226733	1	0	1	0	0	0	0
AF	0	0.227046	2	2	0	0	0	0	0
AF	0	0.227358	2	2	0	0	0	0	0
AF	0	0.227670	6	4	2	0	0	0	0
AF	0	0.228607	1	0	1	0	0	0	0
AF	0	0.229232	2	2	0	0	0	0	0
AF	0	0.229544	1	1	0	0	0	0	0
AF	0	0.229856	3	3	0	0	0	0	0
AF	0	0.230169	1	1	0	0	0	0	0
AF	0	0.230481	2	0	2	0	0	0	0
AF	0	0.230793	2	2	0	0	0	0	0
AF	0	0.231106	1	1	0	0	0	0	0
AF	0	0.231418	4	2	2	0	0	0	0
AF	0	0.231730	4	2	2	0	0	0	0
AF	0	0.232042	8	5	3	0	0	0	0
AF	0	0.232355	4	3	1	0	0	0	0
AF	0	0.232667	2	0	2	0	0	0	0
AF	0	0.232979	2	0	2	0	0	0	0
AF	0	0.233292	3	2	1	0	0	0	0
AF	0	0.233604	1	1	0	0	0	0	0
AF	0	0.233916	2	0	2	0	0	0	0
AF	0	0.234229	1	1	0	0	0	0	0
AF	0	0.234541	1	0	1	0	0	0	0
AF	0	0.235166	2	2	0	0	0	0	0
AF	0	0.235478	2	2	0	0	0	0	0
AF	0	0.236415	2	2	0	0	0	0	0
AF	0	0.237039	9	8	1	0	0	0	0
AF	0	0.237352	1	0	1	0	0	0	0
AF	0	0.237664	6	5	1	0	0	0	0
AF	0	0.237976	2	2	0	0	0	0	0
AF	0	0.238289	1	1	0	0	0	0	0
AF	0	0.238913	4	2	2	0	0	0	0
AF	0	0.239225	1	1	0	0	0	0	0
AF	0	0.239538	11	7	4	0	0	0	0
AF	0	0.239850	2	1	1	0	0	0	0
AF	0	0.240162	3	1	2	0	0	0	0
AF	0	0.240475	4	1	3	0	0	0	0
AF	0	0.240787	7	6	1	0	0	0	0
AF	0	0.241099	1	0	1	0	0	0	0
AF	0	0.241412	3	1	2	0	0	0	0
AF	0	0.242036	1	1	0	0	0	0	0
AF	0	0.242661	3	2	1	0	0	0	0
AF	0	0.242973	2	2	0	0	0	0	0
AF	0	0.243285	1	1	0	0	0	0	0
AF	0	0.243598	1	1	0	0	0	0	0
AF	0	0.243910	3	3	0	0	0	0	0
AF	0	0.244847	1	1	0	0	0	0	0
AF	0	0.245159	7	5	2	0	0	0	0
AF	0	0.245784	3	2	1	0	0	0	0
AF	0	0.246096	1	1	0	0	0	0	0
AF	0	0.246408	5	3	2	0	0	0	0
AF	0	0.246721	1	1	0	0	0	0	0
AF	0	0.247033	11	6	5	0	0	0	0
AF	0	0.247345	3	2	1	0	0	0	0
AF	0	0.247658	5	4	1	0	0	0	0
AF	0	0.247970	1	1	0	0	0	0	0
AF	0	0.248282	4	3	1	0	0	0	0
AF	0	0.248907	5	4	1	0	0	0	0
AF	0	0.249219	3	1	2	0	0	0	0
AF	0	0.249532	5	3	2	0	0	0	0
AF	0	0.249844	2	1	1	0	0	0	0
AF	0	0.250468	3	1	2	0	0	0	0
AF	0	0.250781	6	4	2	0	0	0	0
AF	0	0.251093	1	1	0	0	0	0	0
AF	0	0.251405	1	1	0	0	0	0	0
AF	0	0.251718	1	1	0	0	0	0	0
AF	0	0.252655	2	1	1	0	0	0	0
AF	0	0.252967	1	0	1	0	0	0	0
AF	0	0.253279	1	1	0	0	0	0	0
AF	0	0.254528	1	1	0	0	0	0	0
AF	0	0.255153	2	1	1	0	0	0	0
AF	0	0.255465	1	1	0	0	0	0	0
AF	0	0.255778	7	4	3	0	0	0	0
AF	0	0.256402	2	0	2	0	0	0	0
AF	0	0.257339	2	0	2	0	0	0	0
AF	0	0.257651	4	4	0	0	0	0	0
AF	0	0.257964	1	1	0	0	0	0	0
AF	0	0.258276	6	2	4	0	0	0	0
AF	0	0.258901	13	7	6	0	0	0	0
AF	0	0.259213	4	4	0	0	0	0	0
AF	0	0.259525	4	1	3	0	0	0	0
AF	0	0.259838	1	1	0	0	0	0	0
AF	0	0.260150	3	2	1	0	0	0	0
AF	0	0.260462	4	1	3	0	0	0	0
AF	0	0.260775	6	4	2	0	0	0	0
AF	0	0.261087	1	0	1	0	0	0	0
AF	0	0.261399	3	2	1	0	0	0	0
AF	0	0.262024	3	2	1	0	0	0	0
AF	0	0.262336	1	1	0	0	0	0	0
AF	0	0.262961	2	1	1	0	0	0	0
AF	0	0.263273	2	2	0	0	0	0	0
AF	0	0.263585	2	1	1	0	0	0	0
AF	0	0.263898	1	1	0	0	0	0	0
AF	0	0.264834	1	1	0	0	0	0	0
AF	0	0.265147	2	2	0	0	0	0	0
AF	0	0.265459	1	1	0	0	0	0	0
AF	0	0.266396	2	1	1	0	0	0	0
AF	0	0.266708	3	2	1	0	0	0	0
AF	0	0.267021	2	2	0	0	0	0	0
AF	0	0.267333	1	0	1	0	0	0	0
AF	0	0.267645	2	1	1	0	0	0	0
AF	0	0.267958	1	0	1	0	0	0	0
AF	0	0.268894	1	0	1	0	0	0	0
AF	0	0.269207	2	2	0	0	0	0	0
AF	0	0.269519	1	1	0	0	0	0	0
AF	0	0.270144	1	0	1	0	0	0	0
AF	0	0.270456	2	2	0	0	0	0	0
AF	0	0.270768	9	6	3	0	0	0	0
AF	0	0.271081	3	0	3	0	0	0	0
AF	0	0.271393	4	2	2	0	0	0	0
AF	0	0.271705	1	0	1	0	0	0	0
AF	0	0.272017	2	2	0	0	0	0	0
AF	0	0.272642	3	1	2	0	0	0	0
AF	0	0.272954	1	0	1	0	0	0	0
AF	0	0.273267	3	1	2	0	0	0	0
AF	0	0.273579	2	2	0	0	0	0	0
AF	0	0.273891	3	3	0	0	0	0	0
AF	0	0.274516	3	3	0	0	0	0	0
AF	0	0.275141	1	1	0	0	0	0	0
AF	0	0.275765	3	3	0	0	0	0	0
AF	0	0.276077	2	0	2	0	0	0	0
AF	0	0.276390	4	3	1	0	0	0	0
AF	0	0.276702	1	0	1	0	0	0	0
AF	0	0.277327	1	1	0	0	0	0	0
AF	0	0.277951	1	1	0	0	0	0	0
AF	0	0.278264	1	1	0	0	0	0	0
AF	0	0.278888	1	1	0	0	0	0	0
AF	0	0.279200	1	0	1	0	0	0	0
AF	0	0.279513	1	1	0	0	0	0	0
AF	0	0.280137	1	1	0	0	0	0	0
AF	0	0.280762	1	1	0	0	0	0	0
AF	0	0.281387	1	1	0	0	0	0	0
AF	0	0.282948	2	1	1	0	0	0	0
AF	0	0.283260	2	2	0	0	0	0	0
AF	0	0.283573	5	3	2	0	0	0	0
AF	0	0.283885	3	2	1	0	0	0	0
AF	0	0.284822	1	0	1	0	0	0	0
AF	0	0.285134	2	2	0	0	0	0	0
AF	0	0.285447	2	0	2	0	0	0	0
AF	0	0.285759	4	3	1	0	0	0	0
AF	0	0.286071	1	0	1	0	0	0	0
AF	0	0.286384	3	1	2	0	0	0	0
AF	0	0.286696	2	2	0	0	0	0	0
AF	0	0.287008	2	2	0	0	0	0	0
AF	0	0.287320	1	1	0	0	0	0	0
AF	0	0.287633	1	0	1	0	0	0	0
AF	0	0.287945	2	2	0	0	0	0	0
AF	0	0.288257	12	10	2	0	0	0	0
AF	0	0.288570	2	2	0	0	0	0	0
AF	0	0.288882	8	6	2	0	0	0	0
AF	0	0.289194	4	3	1	0	0	0	0
AF	0	0.289507	4	3	1	0	0	0	0
AF	0	0.290131	6	3	3	0	0	0	0
AF	0	0.290756	6	2	4	0	0	0	0
AF	0	0.291380	3	2	1	0	0	0	0
AF	0	0.292005	1	1	0	0	0	0	0
AF	0	0.292317	1	1	0	0	0	0	0
AF	0	0.292942	1	1	0	0	0	0	0
AF	0	0.293254	1	0	1	0	0	0	0
AF	0	0.293879	1	0	1	0	0	0	0
AF	0	0.294503	4	1	3	0	0	0	0
AF	0	0.294816	1	1	0	0	0	0	0
AF	0	0.295128	4	4	0	0	0	0	0
AF	0	0.295440	1	0	1	0	0	0	0
AF	0	0.296065	1	1	0	0	0	0	0
AF	0	0.296377	5	5	0	0	0	0	0
AF	0	0.296690	2	2	0	0	0	0	0
AF	0	0.297002	5	3	2	0	0	0	0
AF	0	0.297314	3	2	1	0	0	0	0
AF	0	0.297626	4	4	0	0	0	0	0
AF	0	0.297939	1	0	1	0	0	0	0
AF	0	0.298251	2	2	0	0	0	0	0
AF	0	0.298876	1	0	1	0	0	0	0
AF	0	0.299188	2	1	1	0	0	0	0
AF	0	0.299500	3	2	1	0	0	0	0
AF	0	0.299813	1	1	0	0	0	0	0
AF	0	0.300125	1	0	1	0	0	0	0
AF	0	0.301062	2	2	0	0	0	0	0
AF	0	0.301374	1	1	0	0	0	0	0
AF	0	0.301999	1	1	0	0	0	0	0
AF	0	0.302311	1	0	1	0	0	0	0
AF	0	0.302623	1	1	0	0	0	0	0
AF	0	0.302936	1	1	0	0	0	0	0
AF	0	0.303248	2	2	0	0	0	0	0
AF	0	0.303560	2	1	1	0	0	0	0
AF	0	0.303873	2	2	0	0	0	0	0
AF	0	0.304185	1	1	0	0	0	0	0
AF	0	0.304497	4	3	1	0	0	0	0
AF	0	0.304809	1	1	0	0	0	0	0
AF	0	0.305122	5	4	1	0	0	0	0
AF	0	0.305746	1	0	1	0	0	0	0
AF	0	0.306059	3	2	1	0	0	0	0
AF	0	0.306371	2	1	1	0	0	0	0
AF	0	0.306683	3	2	1	0	0	0	0
AF	0	0.306996	1	0	1	0	0	0	0
AF	0	0.307620	5	4	1	0	0	0	0
AF	0	0.308245	3	2	1	0	0	0	0
AF	0	0.308869	1	1	0	0	0	0	0
AF	0	0.309182	1	0	1	0	0	0	0
AF	0	0.309806	4	3	1	0	0	0	0
AF	0	0.310119	3	3	0	0	0	0	0
AF	0	0.310431	4	1	3	0	0	0	0
AF	0	0.310743	5	5	0	0	0	0	0
AF	0	0.311056	1	1	0	0	0	0	0
AF	0	0.311368	3	2	1	0	0	0	0
AF	0	0.312617	1	0	1	0	0	0	0
AF	0	0.312929	3	3	0	0	0	0	0
AF	0	0.313242	1	1	0	0	0	0	0
AF	0	0.313554	1	0	1	0	0	0	0
AF	0	0.313866	3	3	0	0	0	0	0
AF	0	0.314179	1	0	1	0	0	0	0
AF	0	0.314491	2	2	0	0	0	0	0
AF	0	0.314803	1	0	1	0	0	0	0
AF	0	0.315116	4	4	0	0	0	0	0
AF	0	0.315428	1	1	0	0	0	0	0
AF	0	0.315740	1	1	0	0	0	0	0
AF	0	0.316052	1	0	1	0	0	0	0
AF	0	0.316365	9	6	3	0	0	0	0
AF	0	0.316677	3	2	1	0	0	0	0
AF	0	0.316989	10	9	1	0	0	0	0
AF	0	0.317302	2	0	2	0	0	0	0
AF	0	0.317614	8	5	3	0	0	0	0
AF	0	0.317926	3	2	1	0	0	0	0
AF	0	0.318239	6	2	4	0	0	0	0
AF	0	0.318551	4	3	1	0	0	0	0
AF	0	0.318863	1	1	0	0	0	0	0
AF	0	0.319176	5	1	4	0	0	0	0
AF	0	0.319488	15	14	1	0	0	0	0
AF	0	0.319800	26	17	9	0	0	0	0
AF	0	0.320112	33	24	9	0	0	0	0
AF	0	0.320425	3	3	0	0	0	0	0
AF	0	0.320737	4	3	1	0	0	0	0
AF	0	0.321049	1	1	0	0	0	0	0
AF	0	0.321362	3	3	0	0	0	0	0
AF	0	0.321674	1	1	0	0	0	0	0
AF	0	0.321986	3	3	0	0	0	0	0
AF	0	0.322299	3	3	0	0	0	0	0
AF	0	0.322611	1	0	1	0	0	0	0
AF	0	0.322923	2	2	0	0	0	0	0
AF	0	0.323235	4	4	0	0	0	0	0
AF	0	0.323548	2	1	1	0	0	0	0
AF	0	0.323860	1	1	0	0	0	0	0
AF	0	0.324172	2	1	1	0	0	0	0
AF	0	0.324485	9	7	2	0	0	0	0
AF	0	0.324797	9	4	5	0	0	0	0
AF	0	0.325109	15	9	6	0	0	0	0
AF	0	0.325422	9	6	3	0	0	0	0
AF	0	0.325734	2	1	1	0	0	0	0
AF	0	0.326046	4	2	2	0	0	0	0
AF	0	0.326359	1	1	0	0	0	0	0
AF	0	0.326671	1	1	0	0	0	0	0
AF	0	0.326983	1	1	0	0	0	0	0
AF	0	0.328232	1	1	0	0	0	0	0
AF	0	0.328545	3	2	1	0	0	0	0
AF	0	0.328857	2	1	1	0	0	0	0
AF	0	0.329482	1	0	1	0	0	0	0
AF	0	0.331668	3	1	2	0	0	0	0
AF	0	0.333542	1	1	0	0	0	0	0
AF	0	0.333854	3	1	2	0	0	0	0
AF	0	0.335415	1	1	0	0	0	0	0
AF	0	0.336665	1	0	1	0	0	0	0
AF	0	0.337289	1	1	0	0	0	0	0
AF	0	0.338226	1	1	0	0	0	0	0
AF	0	0.338538	1	1	0	0	0	0	0
AF	0	0.339163	4	4	0	0	0	0	0
AF	0	0.339475	1	1	0	0	0	0	0
AF	0	0.340100	3	1	2	0	0	0	0
AF	0	0.340725	1	1	0	0	0	0	0
AF	0	0.341037	1	0	1	0	0	0	0
AF	0	0.341349	2	1	1	0	0	0	0
AF	0	0.341661	4	2	2	0	0	0	0
AF	0	0.341974	1	1	0	0	0	0	0
AF	0	0.342286	2	1	1	0	0	0	0
AF	0	0.342911	1	1	0	0	0	0	0
AF	0	0.343535	3	1	2	0	0	0	0
AF	0	0.344160	1	0	1	0	0	0	0
AF	0	0.344785	1	1	0	0	0	0	0
AF	0	0.345097	1	1	0	0	0	0	0
AF	0	0.345409	1	1	0	0	0	0	0
AF	0	0.346034	4	3	1	0	0	0	0
AF	0	0.346346	2	1	1	0	0	0	0
AF	0	0.347283	3	3	0	0	0	0	0
AF	0	0.347595	3	3	0	0	0	0	0
AF	0	0.347908	2	1	1	0	0	0	0
AF	0	0.348844	1	1	0	0	0	0	0
AF	0	0.349157	1	1	0	0	0	0	0
AF	0	0.349781	1	0	1	0	0	0	0
AF	0	0.351031	3	1	2	0	0	0	0
AF	0	0.351343	3	2	1	0	0	0	0
AF	0	0.351655	6	4	2	0	0	0	0
AF	0	0.351968	5	4	1	0	0	0	0
AF	0	0.352280	1	0	1	0	0	0	0
AF	0	0.352592	2	0	2	0	0	0	0
AF	0	0.352904	4	3	1	0	0	0	0
AF	0	0.353217	2	2	0	0	0	0	0
AF	0	0.353529	1	1	0	0	0	0	0
AF	0	0.353841	3	0	3	0	0	0	0
AF	0	0.354154	2	0	2	0	0	0	0
AF	0	0.354778	2	1	1	0	0	0	0
AF	0	0.355091	2	2	0	0	0	0	0
AF	0	0.355403	3	3	0	0	0	0	0
AF	0	0.356027	4	3	1	0	0	0	0
AF	0	0.356340	3	2	1	0	0	0	0
AF	0	0.356652	4	4	0	0	0	0	0
AF	0	0.356964	2	1	1	0	0	0	0
AF	0	0.357277	3	1	2	0	0	0	0
AF	0	0.357589	1	1	0	0	0	0	0
AF	0	0.357901	2	2	0	0	0	0	0
AF	0	0.358214	3	2	1	0	0	0	0
AF	0	0.358526	12	11	1	0	0	0	0
AF	0	0.358838	13	7	6	0	0	0	0
AF	0	0.359151	24	16	8	0	0	0	0
AF	0	0.359463	4	3	1	0	0	0	0
AF	0	0.359775	3	3	0	0	0	0	0
AF	0	0.360087	2	2	0	0	0	0	0
AF	0	0.360400	5	3	2	0	0	0	0
AF	0	0.360712	1	1	0	0	0	0	0
AF	0	0.361024	5	4	1	0	0	0	0
AF	0	0.361337	2	2	0	0	0	0	0
AF	0	0.362274	4	3	1	0	0	0	0
AF	0	0.363210	2	1	1	0	0	0	0
AF	0	0.363523	4	2	2	0	0	0	0
AF	0	0.364147	1	1	0	0	0	0	0
AF	0	0.364460	3	3	0	0	0	0	0
AF	0	0.364772	3	1	2	0	0	0	0
AF	0	0.365084	1	1	0	0	0	0	0
AF	0	0.365709	2	1	1	0	0	0	0
AF	0	0.366334	1	1	0	0	0	0	0
AF	0	0.366646	1	1	0	0	0	0	0
AF	0	0.368832	1	1	0	0	0	0	0
AF	0	0.369144	1	1	0	0	0	0	0
AF	0	0.370081	1	1	0	0	0	0	0
AF	0	0.372580	1	0	1	0	0	0	0
AF	0	0.373204	1	0	1	0	0	0	0
AF	0	0.374141	3	2	1	0	0	0	0
AF	0	0.375078	1	1	0	0	0	0	0
AF	0	0.375703	2	2	0	0	0	0	0
AF	0	0.376015	1	1	0	0	0	0	0
AF	0	0.377264	2	2	0	0	0	0	0
AF	0	0.378513	2	0	2	0	0	0	0
AF	0	0.379138	3	1	2	0	0	0	0
AF	0	0.380700	1	0	1	0	0	0	0
AF	0	0.381324	1	1	0	0	0	0	0
AF	0	0.381949	2	0	2	0	0	0	0
AF	0	0.382261	1	0	1	0	0	0	0
AF	0	0.383198	1	0	1	0	0	0	0
AF	0	0.383510	1	1	0	0	0	0	0
AF	0	0.383823	1	0	1	0	0	0	0
AF	0	0.384447	1	1	0	0	0	0	0
AF	0	0.384760	1	1	0	0	0	0	0
AF	0	0.385384	1	1	0	0	0	0	0
AF	0	0.385696	1	0	1	0	0	0	0
AF	0	0.386009	3	1	2	0	0	0	0
AF	0	0.386633	1	1	0	0	0	0	0
AF	0	0.386946	1	0	1	0	0	0	0
AF	0	0.387570	1	0	1	0	0	0	0
AF	0	0.387883	1	1	0	0	0	0	0
AF	0	0.388819	2	1	1	0	0	0	0
AF	0	0.389132	3	2	1	0	0	0	0
AF	0	0.390381	1	0	1	0	0	0	0
AF	0	0.391630	1	1	0	0	0	0	0
AF	0	0.392255	1	1	0	0	0	0	0
AF	0	0.393192	1	1	0	0	0	0	0
AF	0	0.393816	1	0	1	0	0	0	0
AF	0	0.395378	1	0	1	0	0	0	0
AF	0	0.396002	1	1	0	0	0	0	0
AF	0	0.396939	1	1	0	0	0	0	0
AF	0	0.397876	1	1	0	0	0	0	0
AF	0	0.398501	1	1	0	0	0	0	0
AF	0	0.398813	1	0	1	0	0	0	0
AF	0	0.399126	2	0	2	0	0	0	0
AF	0	0.399438	1	1	0	0	0	0	0
AF	0	0.399750	6	5	1	0	0	0	0
AF	0	0.400375	1	1	0	0	0	0	0
AF	0	0.401936	1	1	0	0	0	0	0
AF	0	0.402249	1	1	0	0	0	0	0
AF	0	0.402873	1	0	1	0	0	0	0
AF	0	0.403186	1	1	0	0	0	0	0
AF	0	0.403498	3	1	2	0	0	0	0
AF	0	0.403810	1	1	0	0	0	0	0
AF	0	0.404122	2	0	2	0	0	0	0
AF	0	0.404435	1	1	0	0	0	0	0
AF	0	0.404747	2	1	1	0	0	0	0
AF	0	0.405372	1	0	1	0	0	0	0
AF	0	0.406621	2	2	0	0	0	0	0
AF	0	0.407245	1	1	0	0	0	0	0
AF	0	0.407558	1	1	0	0	0	0	0
AF	0	0.407870	5	3	2	0	0	0	0
AF	0	0.408495	3	2	1	0	0	0	0
AF	0	0.408807	1	1	0	0	0	0	0
AF	0	0.409119	1	1	0	0	0	0	0
AF	0	0.409744	1	1	0	0	0	0	0
AF	0	0.410369	2	1	1	0	0	0	0
AF	0	0.410681	2	1	1	0	0	0	0
AF	0	0.410993	1	1	0	0	0	0	0
AF	0	0.411305	1	1	0	0	0	0	0
AF	0	0.411618	1	0	1	0	0	0	0
AF	0	0.412242	1	1	0	0	0	0	0
AF	0	0.413804	1	1	0	0	0	0	0
AF	0	0.414116	1	1	0	0	0	0	0
AF	0	0.416302	1	1	0	0	0	0	0
AF	0	0.417552	1	0	1	0	0	0	0
AF	0	0.417864	1	1	0	0	0	0	0
AF	0	0.418488	1	1	0	0	0	0	0
AF	0	0.419113	1	1	0	0	0	0	0
AF	0	0.419425	1	1	0	0	0	0	0
AF	0	0.419738	1	1	0	0	0	0	0
AF	0	0.420362	2	1	1	0	0	0	0
AF	0	0.420675	1	1	0	0	0	0	0
AF	0	0.420987	1	1	0	0	0	0	0
AF	0	0.421299	1	1	0	0	0	0	0
AF	0	0.422236	1	1	0	0	0	0	0
AF	0	0.422548	1	1	0	0	0	0	0
AF	0	0.422861	3	2	1	0	0	0	0
AF	0	0.423173	1	1	0	0	0	0	0
AF	0	0.423485	1	1	0	0	0	0	0
AF	0	0.424735	1	1	0	0	0	0	0
AF	0	0.425984	2	1	1	0	0	0	0
AF	0	0.427233	1	1	0	0	0	0	0
AF	0	0.427858	1	1	0	0	0	0	0
AF	0	0.428170	2	2	0	0	0	0	0
AF	0	0.428795	1	1	0	0	0	0	0
AF	0	0.430981	1	1	0	0	0	0	0
AF	0	0.431605	1	0	1	0	0	0	0
AF	0	0.432854	2	2	0	0	0	0	0
AF	0	0.433167	2	2	0	0	0	0	0
AF	0	0.433479	1	1	0	0	0	0	0
AF	0	0.433791	1	1	0	0	0	0	0
AF	0	0.434104	1	1	0	0	0	0	0
AF	0	0.434728	1	1	0	0	0	0	0
AF	0	0.435353	2	1	1	0	0	0	0
AF	0	0.435978	2	2	0	0	0	0	0
AF	0	0.436290	3	3	0	0	0	0	0
AF	0	0.437539	1	1	0	0	0	0	0
AF	0	0.437851	2	1	1	0	0	0	0
AF	0	0.438476	1	0	1	0	0	0	0
AF	0	0.438788	2	1	1	0	0	0	0
AF	0	0.439101	1	1	0	0	0	0	0
AF	0	0.439725	2	2	0	0	0	0	0
AF	0	0.440350	1	1	0	0	0	0	0
AF	0	0.440974	1	0	1	0	0	0	0
AF	0	0.441599	1	1	0	0	0	0	0
AF	0	0.442224	2	1	1	0	0	0	0
AF	0	0.443473	2	1	1	0	0	0	0
AF	0	0.444097	3	2	1	0	0	0	0
AF	0	0.444722	1	0	1	0	0	0	0
AF	0	0.445659	3	3	0	0	0	0	0
AF	0	0.446596	1	1	0	0	0	0	0
AF	0	0.446908	1	1	0	0	0	0	0
AF	0	0.447845	1	0	1	0	0	0	0
AF	0	0.448157	1	0	1	0	0	0	0
AF	0	0.448470	1	1	0	0	0	0	0
AF	0	0.448782	1	1	0	0	0	0	0
AF	0	0.449094	1	1	0	0	0	0	0
AF	0	0.449407	1	0	1	0	0	0	0
AF	0	0.450656	1	0	1	0	0	0	0
AF	0	0.451280	2	1	1	0	0	0	0
AF	0	0.451905	4	1	3	0	0	0	0
AF	0	0.452842	1	1	0	0	0	0	0
AF	0	0.454091	1	1	0	0	0	0	0
AF	0	0.454403	2	2	0	0	0	0	0
AF	0	0.455653	1	1	0	0	0	0	0
AF	0	0.456277	1	1	0	0	0	0	0
AF	0	0.457839	1	1	0	0	0	0	0
AF	0	0.458151	1	1	0	0	0	0	0
AF	0	0.458463	1	0	1	0	0	0	0
AF	0	0.458776	1	1	0	0	0	0	0
AF	0	0.460025	1	0	1	0	0	0	0
AF	0	0.461274	1	1	0	0	0	0	0
AF	0	0.462836	2	2	0	0	0	0	0
AF	0	0.463148	1	0	1	0	0	0	0
AF	0	0.463460	1	1	0	0	0	0	0
AF	0	0.463773	1	0	1	0	0	0	0
AF	0	0.464397	2	1	1	0	0	0	0
AF	0	0.465022	1	0	1	0	0	0	0
AF	0	0.465334	1	1	0	0	0	0	0
AF	0	0.465646	1	1	0	0	0	0	0
AF	0	0.467208	2	2	0	0	0	0	0
AF	0	0.468145	1	1	0	0	0	0	0
AF	0	0.468457	1	0	1	0	0	0	0
AF	0	0.469394	2	0	2	0	0	0	0
AF	0	0.470643	1	1	0	0	0	0	0
AF	0	0.470956	1	1	0	0	0	0	0
AF	0	0.471268	1	0	1	0	0	0	0
AF	0	0.472205	2	1	1	0	0	0	0
AF	0	0.473142	2	1	1	0	0	0	0
AF	0	0.473766	1	1	0	0	0	0	0
AF	0	0.474079	1	1	0	0	0	0	0
AF	0	0.474391	2	0	2	0	0	0	0
AF	0	0.475016	1	1	0	0	0	0	0
AF	0	0.475640	3	2	1	0	0	0	0
AF	0	0.475953	2	2	0	0	0	0	0
AF	0	0.476265	2	0	2	0	0	0	0
AF	0	0.476577	1	1	0	0	0	0	0
AF	0	0.477514	1	1	0	0	0	0	0
AF	0	0.477826	1	1	0	0	0	0	0
AF	0	0.478763	3	2	1	0	0	0	0
AF	0	0.479388	2	2	0	0	0	0	0
AF	0	0.479700	1	0	1	0	0	0	0
AF	0	0.480012	2	2	0	0	0	0	0
AF	0	0.481574	1	0	1	0	0	0	0
AF	0	0.482823	1	1	0	0	0	0	0
AF	0	0.483136	3	3	0	0	0	0	0
AF	0	0.483760	1	1	0	0	0	0	0
AF	0	0.484072	1	1	0	0	0	0	0
AF	0	0.484697	1	1	0	0	0	0	0
AF	0	0.485009	4	3	1	0	0	0	0
AF	0	0.485634	1	1	0	0	0	0	0
AF	0	0.485946	4	3	1	0	0	0	0
AF	0	0.486259	1	1	0	0	0	0	0
AF	0	0.486571	2	1	1	0	0	0	0
AF	0	0.486883	6	5	1	0	0	0	0
AF	0	0.487508	1	1	0	0	0	0	0
AF	0	0.487820	1	1	0	0	0	0	0
AF	0	0.488132	2	1	1	0	0	0	0
AF	0	0.488757	2	1	1	0	0	0	0
AF	0	0.489382	1	1	0	0	0	0	0
AF	0	0.489694	1	1	0	0	0	0	0
AF	0	0.490943	1	1	0	0	0	0	0
AF	0	0.491255	3	2	1	0	0	0	0
AF	0	0.492505	2	2	0	0	0	0	0
AF	0	0.493754	2	2	0	0	0	0	0
AF	0	0.494379	1	0	1	0	0	0	0
AF	0	0.494691	1	0	1	0	0	0	0
AF	0	0.495003	1	0	1	0	0	0	0
AF	0	0.496252	1	1	0	0	0	0	0
AF	0	0.496565	1	1	0	0	0	0	0
AF	0	0.497189	1	1	0	0	0	0	0
AF	0	0.497502	1	1	0	0	0	0	0
AF	0	0.498126	1	1	0	0	0	0	0
AF	0	0.498751	1	1	0	0	0	0	0
AF	0	0.499063	1	1	0	0	0	0	0
AF	0	0.499375	2	1	1	0	0	0	0
AF	0	0.499688	1	1	0	0	0	0	0
AF	0	0.500625	2	1	1	0	0	0	0
AF	0	0.501562	1	0	1	0	0	0	0
AF	0	0.503123	1	1	0	0	0	0	0
AF	0	0.503435	1	1	0	0	0	0	0
AF	0	0.504372	3	3	0	0	0	0	0
AF	0	0.504685	1	1	0	0	0	0	0
AF	0	0.504997	2	1	1	0	0	0	0
AF	0	0.506246	3	2	1	0	0	0	0
AF	0	0.506558	4	2	2	0	0	0	0
AF	0	0.506871	1	1	0	0	0	0	0
AF	0	0.507183	1	1	0	0	0	0	0
AF	0	0.507495	1	1	0	0	0	0	0
AF	0	0.508120	7	4	3	0	0	0	0
AF	0	0.508432	1	0	1	0	0	0	0
AF	0	0.508745	3	2	1	0	0	0	0
AF	0	0.509057	1	1	0	0	0	0	0
AF	0	0.509681	1	1	0	0	0	0	0
AF	0	0.510931	1	1	0	0	0	0	0
AF	0	0.511243	4	3	1	0	0	0	0
AF	0	0.511555	1	1	0	0	0	0	0
AF	0	0.511868	2	1	1	0	0	0	0
AF	0	0.512180	2	1	1	0	0	0	0
AF	0	0.512492	1	1	0	0	0	0	0
AF	0	0.512804	1	0	1	0	0	0	0
AF	0	0.513741	1	0	1	0	0	0	0
AF	0	0.514366	1	0	1	0	0	0	0
AF	0	0.514991	1	1	0	0	0	0	0
AF	0	0.515615	6	5	1	0	0	0	0
AF	0	0.515928	1	0	1	0	0	0	0
AF	0	0.516240	4	2	2	0	0	0	0
AF	0	0.516552	2	2	0	0	0	0	0
AF	0	0.516864	9	4	5	0	0	0	0
AF	0	0.517177	2	1	1	0	0	0	0
AF	0	0.517489	2	2	0	0	0	0	0
AF	0	0.517801	1	1	0	0	0	0	0
AF	0	0.518426	1	1	0	0	0	0	0
AF	0	0.519051	2	2	0	0	0	0	0
AF	0	0.519675	1	1	0	0	0	0	0
AF	0	0.520300	1	1	0	0	0	0	0
AF	0	0.520612	2	1	1	0	0	0	0
AF	0	0.520924	1	0	1	0	0	0	0
AF	0	0.521549	1	1	0	0	0	0	0
AF	0	0.521861	1	0	1	0	0	0	0
AF	0	0.522174	2	1	1	0	0	0	0
AF	0	0.522798	1	1	0	0	0	0	0
AF	0	0.523111	1	0	1	0	0	0	0
AF	0	0.523735	2	2	0	0	0	0	0
AF	0	0.525297	1	0	1	0	0	0	0
AF	0	0.526234	1	0	1	0	0	0	0
AF	0	0.526858	2	1	1	0	0	0	0
AF	0	0.527483	1	0	1	0	0	0	0
AF	0	0.528107	1	1	0	0	0	0	0
AF	0	0.529357	2	2	0	0	0	0	0
AF	0	0.529981	3	3	0	0	0	0	0
AF	0	0.530294	1	1	0	0	0	0	0
AF	0	0.530606	3	1	2	0	0	0	0
AF	0	0.531230	1	1	0	0	0	0	0
AF	0	0.531543	1	1	0	0	0	0	0
AF	0	0.531855	1	0	1	0	0	0	0
AF	0	0.533417	1	0	1	0	0	0	0
AF	0	0.533729	1	0	1	0	0	0	0
AF	0	0.534041	1	1	0	0	0	0	0
AF	0	0.534354	1	1	0	0	0	0	0
AF	0	0.535603	1	0	1	0	0	0	0
AF	0	0.536852	4	2	2	0	0	0	0
AF	0	0.537164	2	2	0	0	0	0	0
AF	0	0.537477	4	2	2	0	0	0	0
AF	0	0.537789	2	1	1	0	0	0	0
AF	0	0.538413	3	3	0	0	0	0	0
AF	0	0.538726	3	2	1	0	0	0	0
AF	0	0.539350	1	1	0	0	0	0	0
AF	0	0.540287	2	1	1	0	0	0	0
AF	0	0.541849	1	1	0	0	0	0	0
AF	0	0.542161	1	0	1	0	0	0	0
AF	0	0.542473	1	0	1	0	0	0	0
AF	0	0.543098	2	1	1	0	0	0	0
AF	0	0.544347	2	1	1	0	0	0	0
AF	0	0.546221	4	3	1	0	0	0	0
AF	0	0.546846	1	1	0	0	0	0	0
AF	0	0.547158	1	1	0	0	0	0	0
AF	0	0.547470	2	1	1	0	0	0	0
AF	0	0.547783	1	1	0	0	0	0	0
AF	0	0.548095	3	1	2	0	0	0	0
AF	0	0.548407	1	0	1	0	0	0	0
AF	0	0.549344	1	1	0	0	0	0	0
AF	0	0.549656	1	1	0	0	0	0	0
AF	0	0.550593	2	1	1	0	0	0	0
AF	0	0.550906	2	2	0	0	0	0	0
AF	0	0.551218	1	1	0	0	0	0	0
AF	0	0.551530	2	2	0	0	0	0	0
AF	0	0.551843	2	1	1	0	0	0	0
AF	0	0.552780	1	0	1	0	0	0	0
AF	0	0.553092	1	1	0	0	0	0	0
AF	0	0.553404	1	1	0	0	0	0	0
AF	0	0.554341	1	1	0	0	0	0	0
AF	0	0.554653	1	1	0	0	0	0	0
AF	0	0.554966	3	2	1	0	0	0	0
AF	0	0.555278	2	2	0	0	0	0	0
AF	0	0.556839	1	0	1	0	0	0	0
AF	0	0.558089	1	0	1	0	0	0	0
AF	0	0.559650	4	0	4	0	0	0	0
AF	0	0.560275	1	1	0	0	0	0	0
AF	0	0.560899	1	0	1	0	0	0	0
AF	0	0.561212	1	0	1	0	0	0	0
AF	0	0.561524	2	2	0	0	0	0	0
AF	0	0.561836	1	0	1	0	0	0	0
AF	0	0.563398	1	1	0	0	0	0	0
AF	0	0.563710	1	0	1	0	0	0	0
AF	0	0.564647	2	1	1	0	0	0	0
AF	0	0.567458	1	1	0	0	0	0	0
AF	0	0.567770	1	1	0	0	0	0	0
AF	0	0.568082	1	0	1	0	0	0	0
AF	0	0.568395	4	4	0	0	0	0	0
AF	0	0.569019	1	0	1	0	0	0	0
AF	0	0.569956	2	1	1	0	0	0	0
AF	0	0.571830	1	1	0	0	0	0	0
AF	0	0.572142	1	0	1	0	0	0	0
AF	0	0.573392	1	1	0	0	0	0	0
AF	0	0.574016	1	0	1	0	0	0	0
AF	0	0.574329	1	1	0	0	0	0	0
AF	0	0.574641	1	1	0	0	0	0	0
AF	0	0.574953	1	1	0	0	0	0	0
AF	0	0.575265	8	8	0	0	0	0	0
AF	0	0.575578	3	2	1	0	0	0	0
AF	0	0.575890	7	3	4	0	0	0	0
AF	0	0.576202	2	2	0	0	0	0	0
AF	0	0.576515	1	1	0	0	0	0	0
AF	0	0.577139	2	2	0	0	0	0	0
AF	0	0.578389	2	2	0	0	0	0	0
AF	0	0.578701	1	0	1	0	0	0	0
AF	0	0.579013	9	5	4	0	0	0	0
AF	0	0.579325	2	2	0	0	0	0	0
AF	0	0.579638	5	3	2	0	0	0	0
AF	0	0.579950	1	0	1	0	0	0	0
AF	0	0.580262	2	0	2	0	0	0	0
AF	0	0.580887	4	3	1	0	0	0	0
AF	0	0.581199	2	2	0	0	0	0	0
AF	0	0.581512	2	2	0	0	0	0	0
AF	0	0.582136	3	1	2	0	0	0	0
AF	0	0.582448	3	3	0	0	0	0	0
AF	0	0.582761	10	6	4	0	0	0	0
AF	0	0.583073	10	5	5	0	0	0	0
AF	0	0.583385	7	6	1	0	0	0	0
AF	0	0.583698	2	2	0	0	0	0	0
AF	0	0.584010	3	1	2	0	0	0	0
AF	0	0.584322	2	2	0	0	0	0	0
AF	0	0.584635	1	1	0	0	0	0	0
AF	0	0.586508	3	3	0	0	0	0	0
AF	0	0.586821	1	0	1	0	0	0	0
AF	0	0.587133	1	1	0	0	0	0	0
AF	0	0.587445	1	1	0	0	0	0	0
AF	0	0.588695	1	1	0	0	0	0	0
AF	0	0.589007	1	1	0	0	0	0	0
AF	0	0.590881	1	1	0	0	0	0	0
AF	0	0.595253	1	1	0	0	0	0	0
AF	0	0.595565	1	1	0	0	0	0	0
AF	0	0.597127	1	1	0	0	0	0	0
AF	0	0.598376	2	1	1	0	0	0	0
AF	0	0.599313	1	1	0	0	0	0	0
AF	0	0.600250	1	0	1	0	0	0	0
AF	0	0.600562	1	1	0	0	0	0	0
AF	0	0.600874	6	6	0	0	0	0	0
AF	0	0.601499	3	3	0	0	0	0	0
AF	0	0.602124	1	1	0	0	0	0	0
AF	0	0.602748	1	0	1	0	0	0	0
AF	0	0.603373	2	2	0	0	0	0	0
AF	0	0.603685	1	0	1	0	0	0	0
AF	0	0.604310	1	1	0	0	0	0	0
AF	0	0.606496	1	1	0	0	0	0	0
AF	0	0.607121	1	0	1	0	0	0	0
AF	0	0.607433	2	2	0	0	0	0	0
AF	0	0.608057	1	0	1	0	0	0	0
AF	0	0.608994	1	1	0	0	0	0	0
AF	0	0.610244	1	1	0	0	0	0	0
AF	0	0.610556	2	2	0	0	0	0	0
AF	0	0.610868	1	0	1	0	0	0	0
AF	0	0.611181	2	2	0	0	0	0	0
AF	0	0.611493	1	1	0	0	0	0	0
AF	0	0.612430	1	0	1	0	0	0	0
AF	0	0.614304	1	0	1	0	0	0	0
AF	0	0.617114	1	1	0	0	0	0	0
AF	0	0.617739	3	3	0	0	0	0	0
AF	0	0.620862	1	0	1	0	0	0	0
AF	0	0.623048	1	0	1	0	0	0	0
AF	0	0.623673	1	0	1	0	0	0	0
AF	0	0.623985	1	1	0	0	0	0	0
AF	0	0.625547	1	1	0	0	0	0	0
AF	0	0.627733	1	0	1	0	0	0	0
AF	0	0.629606	1	1	0	0	0	0	0
AF	0	0.631168	1	0	1	0	0	0	0
AF	0	0.631793	1	0	1	0	0	0	0
AF	0	0.633666	1	0	1	0	0	0	0
AF	0	0.635853	1	1	0	0	0	0	0
AF	0	0.637102	1	1	0	0	0	0	0
AF	0	0.637414	2	2	0	0	0	0	0
AF	0	0.637726	1	1	0	0	0	0	0
AF	0	0.638663	1	0	1	0	0	0	0
AF	0	0.639600	2	2	0	0	0	0	0
AF	0	0.640225	1	1	0	0	0	0	0
AF	0	0.642099	1	1	0	0	0	0	0
AF	0	0.642723	1	1	0	0	0	0	0
AF	0	0.643660	1	1	0	0	0	0	0
AF	0	0.644285	1	1	0	0	0	0	0
AF	0	0.645846	1	1	0	0	0	0	0
AF	0	0.649906	1	0	1	0	0	0	0
AF	0	0.653342	1	1	0	0	0	0	0
AF	0	0.653966	1	0	1	0	0	0	0
AF	0	0.656465	1	1	0	0	0	0	0
AF	0	0.657089	1	0	1	0	0	0	0
AF	0	0.657714	1	1	0	0	0	0	0
AF	0	0.659275	1	0	1	0	0	0	0
AF	0	0.661149	1	1	0	0	0	0	0
AF	0	0.661462	1	0	1	0	0	0	0
AF	0	0.670206	1	0	1	0	0	0	0
AF	0	0.670518	1	1	0	0	0	0	0
AF	0	0.671143	1	1	0	0	0	0	0
AF	0	0.685509	1	0	1	0	0	0	0
AF	0	0.688320	1	1	0	0	0	0	0
AF	0	0.688632	1	1	0	0	0	0	0
AF	0	0.689257	2	1	1	0	0	0	0
AF	0	0.690506	1	0	1	0	0	0	0
AF	0	0.690818	1	1	0	0	0	0	0
AF	0	0.692380	1	1	0	0	0	0	0
AF	0	0.693004	2	2	0	0	0	0	0
AF	0	0.693317	2	2	0	0	0	0	0
AF	0	0.693629	1	1	0	0	0	0	0
AF	0	0.695191	1	1	0	0	0	0	0
AF	0	0.696752	1	1	0	0	0	0	0
AF	0	0.697689	1	0	1	0	0	0	0
AF	0	0.698001	1	1	0	0	0	0	0
AF	0	0.699563	1	1	0	0	0	0	0
AF	0	0.704560	1	1	0	0	0	0	0
AF	0	0.706433	1	0	1	0	0	0	0
AF	0	0.709244	1	0	1	0	0	0	0
AF	0	0.713616	1	1	0	0	0	0	0
AF	0	0.714866	1	1	0	0	0	0	0
AF	0	0.715178	1	0	1	0	0	0	0
AF	0	0.715490	2	2	0	0	0	0	0
AF	0	0.715803	2	2	0	0	0	0	0
AF	0	0.717989	1	0	1	0	0	0	0
AF	0	0.720487	1	1	0	0	0	0	0
AF	0	0.727046	1	0	1	0	0	0	0
AF	0	0.729544	1	1	0	0	0	0	0
AF	0	0.729856	4	4	0	0	0	0	0
AF	0	0.730169	1	1	0	0	0	0	0
AF	0	0.730481	3	3	0	0	0	0	0
AF	0	0.732979	1	0	1	0	0	0	0
AF	0	0.733292	1	1	0	0	0	0	0
AF	0	0.737976	1	1	0	0	0	0	0
AF	0	0.738289	2	1	1	0	0	0	0
AF	0	0.738601	3	2	1	0	0	0	0
AF	0	0.738913	2	2	0	0	0	0	0
AF	0	0.747658	1	1	0	0	0	0	0
AF	0	0.748595	2	1	1	0	0	0	0
AF	0	0.755153	1	0	1	0	0	0	0
AF	0	0.755465	1	1	0	0	0	0	0
AF	0	0.756090	1	0	1	0	0	0	0
AF	0	0.756402	1	1	0	0	0	0	0
AF	0	0.756715	1	1	0	0	0	0	0
AF	0	0.757027	1	1	0	0	0	0	0
AF	0	0.757964	1	1	0	0	0	0	0
AF	0	0.758588	2	2	0	0	0	0	0
AF	0	0.758901	1	1	0	0	0	0	0
AF	0	0.759213	2	2	0	0	0	0	0
AF	0	0.760775	1	1	0	0	0	0	0
AF	0	0.761711	1	1	0	0	0	0	0
AF	0	0.762961	2	0	2	0	0	0	0
AF	0	0.764210	1	1	0	0	0	0	0
AF	0	0.767645	1	0	1	0	0	0	0
AF	0	0.771705	2	1	1	0	0	0	0
AF	0	0.772017	2	1	1	0	0	0	0
AF	0	0.772330	1	1	0	0	0	0	0
AF	0	0.772954	2	1	1	0	0	0	0
AF	0	0.774204	1	1	0	0	0	0	0
AF	0	0.774516	1	1	0	0	0	0	0
AF	0	0.774828	1	1	0	0	0	0	0
AF	0	0.775141	1	1	0	0	0	0	0
AF	0	0.775453	5	3	2	0	0	0	0
AF	0	0.776390	1	0	1	0	0	0	0
AF	0	0.776702	3	2	1	0	0	0	0
AF	0	0.777014	2	1	1	0	0	0	0
AF	0	0.777639	1	0	1	0	0	0	0
AF	0	0.778888	2	1	1	0	0	0	0
AF	0	0.779513	4	3	1	0	0	0	0
AF	0	0.779825	1	1	0	0	0	0	0
AF	0	0.780137	2	2	0	0	0	0	0
AF	0	0.781387	1	1	0	0	0	0	0
AF	0	0.784197	1	1	0	0	0	0	0
AF	0	0.784822	1	1	0	0	0	0	0
AF	0	0.785134	4	2	2	0	0	0	0
AF	0	0.785447	1	1	0	0	0	0	0
AF	0	0.785759	2	2	0	0	0	0	0
AF	0	0.786071	1	0	1	0	0	0	0
AF	0	0.786384	1	0	1	0	0	0	0
AF	0	0.787008	1	1	0	0	0	0	0
AF	0	0.787320	1	0	1	0	0	0	0
AF	0	0.787633	1	1	0	0	0	0	0
AF	0	0.788257	4	2	2	0	0	0	0
AF	0	0.788570	5	4	1	0	0	0	0
AF	0	0.788882	6	4	2	0	0	0	0
AF	0	0.789194	3	3	0	0	0	0	0
AF	0	0.790443	4	2	2	0	0	0	0
AF	0	0.790756	6	6	0	0	0	0	0
AF	0	0.791380	1	1	0	0	0	0	0
AF	0	0.792005	2	2	0	0	0	0	0
AF	0	0.792630	2	2	0	0	0	0	0
AF	0	0.792942	1	0	1	0	0	0	0
AF	0	0.793254	3	1	2	0	0	0	0
AF	0	0.793879	2	1	1	0	0	0	0
AF	0	0.794503	1	1	0	0	0	0	0
AF	0	0.795128	1	0	1	0	0	0	0
AF	0	0.795440	1	1	0	0	0	0	0
AF	0	0.795753	1	1	0	0	0	0	0
AF	0	0.796065	2	2	0	0	0	0	0
AF	0	0.796377	2	2	0	0	0	0	0
AF	0	0.796690	1	1	0	0	0	0	0
AF	0	0.798251	1	1	0	0	0	0	0
AF	0	0.798563	1	0	1	0	0	0	0
AF	0	0.798876	7	5	2	0	0	0	0
AF	0	0.799188	1	0	1	0	0	0	0
AF	0	0.799500	5	4	1	0	0	0	0
AF	0	0.800125	1	1	0	0	0	0	0
AF	0	0.800750	3	3	0	0	0	0	0
AF	0	0.801062	2	2	0	0	0	0	0
AF	0	0.801374	2	1	1	0	0	0	0
AF	0	0.802623	1	1	0	0	0	0	0
AF	0	0.803248	1	1	0	0	0	0	0
AF	0	0.804497	2	2	0	0	0	0	0
AF	0	0.804809	1	1	0	0	0	0	0
AF	0	0.805122	2	1	1	0	0	0	0
AF	0	0.806996	1	1	0	0	0	0	0
AF	0	0.807620	9	6	3	0	0	0	0
AF	0	0.807933	1	0	1	0	0	0	0
AF	0	0.808245	1	0	1	0	0	0	0
AF	0	0.809494	1	1	0	0	0	0	0
AF	0	0.810743	2	2	0	0	0	0	0
AF	0	0.811056	1	1	0	0	0	0	0
AF	0	0.811368	2	2	0	0	0	0	0
AF	0	0.812617	2	1	1	0	0	0	0
AF	0	0.813242	19	8	11	0	0	0	0
AF	0	0.813554	6	5	1	0	0	0	0
AF	0	0.813866	14	12	2	0	0	0	0
AF	0	0.814179	4	4	0	0	0	0	0
AF	0	0.814803	1	0	1	0	0	0	0
AF	0	0.815116	1	1	0	0	0	0	0
AF	0	0.816365	1	0	1	0	0	0	0
AF	0	0.818239	1	0	1	0	0	0	0
AF	0	0.819800	1	1	0	0	0	0	0
AF	0	0.822611	1	1	0	0	0	0	0
AF	0	0.826671	1	1	0	0	0	0	0
AF	0	0.828232	1	0	1	0	0	0	0
AF	0	0.828857	1	1	0	0	0	0	0
AF	0	0.829169	3	0	3	0	0	0	0
AF	0	0.830418	1	0	1	0	0	0	0
AF	0	0.831043	1	0	1	0	0	0	0
AF	0	0.831980	1	1	0	0	0	0	0
AF	0	0.833542	2	2	0	0	0	0	0
AF	0	0.834478	1	1	0	0	0	0	0
AF	0	0.836352	1	1	0	0	0	0	0
AF	0	0.837289	2	2	0	0	0	0	0
AF	0	0.839163	1	1	0	0	0	0	0
AF	0	0.839475	4	3	1	0	0	0	0
AF	0	0.840100	1	1	0	0	0	0	0
AF	0	0.840412	2	1	1	0	0	0	0
AF	0	0.840725	2	0	2	0	0	0	0
AF	0	0.841974	1	1	0	0	0	0	0
AF	0	0.842286	1	1	0	0	0	0	0
AF	0	0.842911	1	0	1	0	0	0	0
AF	0	0.843223	1	1	0	0	0	0	0
AF	0	0.843535	1	0	1	0	0	0	0
AF	0	0.843848	1	1	0	0	0	0	0
AF	0	0.844785	3	2	1	0	0	0	0
AF	0	0.845097	2	2	0	0	0	0	0
AF	0	0.845721	1	1	0	0	0	0	0
AF	0	0.846971	2	2	0	0	0	0	0
AF	0	0.848532	1	1	0	0	0	0	0
AF	0	0.849469	1	1	0	0	0	0	0
AF	0	0.850094	1	0	1	0	0	0	0
AF	0	0.851343	1	1	0	0	0	0	0
AF	0	0.852280	1	0	1	0	0	0	0
AF	0	0.853217	1	1	0	0	0	0	0
AF	0	0.853529	1	0	1	0	0	0	0
AF	0	0.854778	1	1	0	0	0	0	0
AF	0	0.856340	1	1	0	0	0	0	0
AF	0	0.857901	1	1	0	0	0	0	0
AF	0	0.858838	1	0	1	0	0	0	0
AF	0	0.870081	1	1	0	0	0	0	0
AF	0	0.870394	1	1	0	0	0	0	0
AF	0	0.893504	1	1	0	0	0	0	0
AF	0	0.901624	1	1	0	0	0	0	0
AF	0	0.907870	1	1	0	0	0	0	0
AF	0	0.916615	1	1	0	0	0	0	0
AF	0	0.917864	1	1	0	0	0	0	0
AF	0	0.920675	1	1	0	0	0	0	0
AF	0	0.928482	2	1	1	0	0	0	0
AF	0	0.932230	1	1	0	0	0	0	0
AF	0	0.933167	1	1	0	0	0	0	0
AF	0	0.934416	2	1	1	0	0	0	0
AF	0	0.934728	1	1	0	0	0	0	0
AF	0	0.935978	1	0	1	0	0	0	0
AF	0	0.938476	1	0	1	0	0	0	0
AF	0	0.942848	1	0	1	0	0	0	0
AF	0	0.952530	3	1	2	0	0	0	0
AF	0	0.957839	1	0	1	0	0	0	0
AF	0	0.958151	1	0	1	0	0	0	0
AF	0	0.959088	2	1	1	0	0	0	0
AF	0	0.960650	1	1	0	0	0	0	0
AF	0	0.962523	2	1	1	0	0	0	0
AF	0	0.962836	1	0	1	0	0	0	0
AF	0	0.967833	1	0	1	0	0	0	0
AF	0	0.968457	1	0	1	0	0	0	0
AF	0	0.969394	1	1	0	0	0	0	0
AF	0	0.970019	1	1	0	0	0	0	0
AF	0	0.970956	1	0	1	0	0	0	0
AF	0	0.974079	1	0	1	0	0	0	0
AF	0	0.975953	1	1	0	0	0	0	0
AF	0	0.976577	2	2	0	0	0	0	0
AF	0	0.978451	1	1	0	0	0	0	0
AF	0	0.981886	1	0	1	0	0	0	0
AF	0	0.985322	3	3	0	0	0	0	0
AF	0	0.985946	3	2	1	0	0	0	0
AF	0	0.986883	1	0	1	0	0	0	0
AF	0	0.987196	1	1	0	0	0	0	0
AF	0	0.987820	3	3	0	0	0	0	0
AF	0	0.988445	1	0	1	0	0	0	0
AF	0	0.989069	1	1	0	0	0	0	0
AF	0	0.989382	1	1	0	0	0	0	0
AF	0	0.989694	4	3	1	0	0	0	0
AF	0	0.990319	1	1	0	0	0	0	0
AF	0	0.990631	1	1	0	0	0	0	0
AF	0	0.990943	7	4	3	0	0	0	0
AF	0	0.991568	1	1	0	0	0	0	0
AF	0	0.991880	2	2	0	0	0	0	0
AF	0	0.995940	2	1	1	0	0	0	0
AF	0	0.997189	1	0	1	0	0	0	0
AF	0	0.998438	2	1	1	0	0	0	0
AF	0	0.998751	1	1	0	0	0	0	0
AF	0	0.999063	2	2	0	0	0	0	0
# QUAL, Stats by quality
# QUAL	[2]id	[3]Quality	[4]number of SNPs	[5]number of transitions (1st ALT)	[6]number of transversions (1st ALT)	[7]number of indels
QUAL	0	.	19875	13277	6598	0
# IDD, InDel distribution:
# IDD	[2]id	[3]length (deletions negative)	[4]number of sites	[5]number of genotypes	[6]mean VAF
# ST, Substitution types:
# ST	[2]id	[3]type	[4]count
ST	0	A>C	836
ST	0	A>G	2574
ST	0	A>T	777
ST	0	C>A	1055
ST	0	C>G	754
ST	0	C>T	3746
ST	0	G>A	3921
ST	0	G>C	761
ST	0	G>T	922
ST	0	T>A	756
ST	0	T>C	3036
ST	0	T>G	737
# DP, Depth distribution
# DP	[2]id	[3]bin	[4]number of genotypes	[5]fraction of genotypes (%)	[6]number of sites	[7]fraction of sites (%)
  - Fix haploid genotypes in males...

Submit MakeDiploidMalesX finished successfully. Let's have a beer, buddy!

