Submit MakeDiploidMalesX
version 1.1.6 (2024-09-30)

These are the settings:
  Input file................: /hpc/local/Rocky8/dhl_ec/software/MonopogenLite/resources/1kGP_high_coverage_Illumina.SNVonly_poly.filtered_AF_5e-04.norm.fixvariantid.chrX.vcf.gz
  Output file...............: /hpc/local/Rocky8/dhl_ec/software/MonopogenLite/resources/1kGP_high_coverage_Illumina.SNVonly_poly.filtered_AF_5e-04.norm.fixvariantid.makediploid.chrX.vcf.gz
  Chunk size................: 100

  SLURM CPUs................: 4
  SLURM Array ID............: 38 (of 100)
  SLURM memory..............: 16G
  SLURM time................: 01:00:00
  SLURM mail type...........: FAIL
  SLURM mail user...........: s.w.vanderlaan-2@umcutrecht.nl

  Dry run mode..............: 0
  Debug mode................: 1
  Verbosity.................: 0
  Version...................: 1.1.6 (2024-09-30)

Making converting haploid genotypes to diploid genotypes.
> Extract the region for this SLURM task (# 38) from the BED file.
  - Get the chunk number from the SLURM array task ID and the bed file...
DEBUG: Extracting chunk number: 38p from 38
DEBUG: Extracting region from BED file: /hpc/local/Rocky8/dhl_ec/software/MonopogenLite/resources/chrX_100pieces.bed
  - Extract the region from the BED file...
DEBUG: Extracted raw region: 'chrX	57735097	59295504' (chunk #: 38p of 100 for job 38)
  - Check if a valid region was extracted -- should be 'chrX	57735097	59295504'...
  - Prepare the region for bcftools...
  - Check if the region (chrX:57735097-59295504) was successfully extracted...
> Processing region 'chrX:57735097-59295504'...
  - Process the specific region (chunk# 38) using bcftools view...
  - Index the VCF file...
DEBUG: Check if the VCF file was successfully processed...
##fileformat=VCFv4.2
##FILTER=<ID=PASS,Description="All filters passed">
##fileDate=29/01/2022 - 14:31:41
##source=shapeit4.2.2
##contig=<ID=chr1,length=248956422>
##contig=<ID=chr2,length=242193529>
##contig=<ID=chr3,length=198295559>
##contig=<ID=chr4,length=190214555>
##contig=<ID=chr5,length=181538259>
##contig=<ID=chr6,length=170805979>
# This file was produced by bcftools stats (1.20+htslib-1.20) and can be plotted using plot-vcfstats.
# The command line was:	bcftools stats  /hpc/local/Rocky8/dhl_ec/software/MonopogenLite/resources/chrX.part38.vcf.gz
#
# Definition of sets:
# ID	[2]id	[3]tab-separated file names
ID	0	/hpc/local/Rocky8/dhl_ec/software/MonopogenLite/resources/chrX.part38.vcf.gz
# SN, Summary numbers:
#   number of records   .. number of data rows in the VCF
#   number of no-ALTs   .. reference-only sites, ALT is either "." or identical to REF
#   number of SNPs      .. number of rows with a SNP
#   number of MNPs      .. number of rows with a MNP, such as CC>TT
#   number of indels    .. number of rows with an indel
#   number of others    .. number of rows with other type, for example a symbolic allele or
#                          a complex substitution, such as ACT>TCGA
#   number of multiallelic sites     .. number of rows with multiple alternate alleles
#   number of multiallelic SNP sites .. number of rows with multiple alternate alleles, all SNPs
# 
#   Note that rows containing multiple types will be counted multiple times, in each
#   counter. For example, a row with a SNP and an indel increments both the SNP and
#   the indel counter.
# 
# SN	[2]id	[3]key	[4]value
SN	0	number of samples:	3202
SN	0	number of records:	11997
SN	0	number of no-ALTs:	0
SN	0	number of SNPs:	11997
SN	0	number of MNPs:	0
SN	0	number of indels:	0
SN	0	number of others:	0
SN	0	number of multiallelic sites:	0
SN	0	number of multiallelic SNP sites:	0
# TSTV, transitions/transversions:
# TSTV	[2]id	[3]ts	[4]tv	[5]ts/tv	[6]ts (1st ALT)	[7]tv (1st ALT)	[8]ts/tv (1st ALT)
TSTV	0	7660	4337	1.77	7660	4337	1.77
# SiS, Singleton stats:
# SiS	[2]id	[3]allele count	[4]number of SNPs	[5]number of transitions	[6]number of transversions	[7]number of indels	[8]repeat-consistent	[9]repeat-inconsistent	[10]not applicable
SiS	0	1	0	0	0	0	0	0	0
# AF, Stats by non-reference allele frequency:
# AF	[2]id	[3]allele frequency	[4]number of SNPs	[5]number of transitions	[6]number of transversions	[7]number of indels	[8]repeat-consistent	[9]repeat-inconsistent	[10]not applicable
AF	0	0.000312	2316	1428	888	0	0	0	0
AF	0	0.000625	1591	1022	569	0	0	0	0
AF	0	0.000937	1889	1228	661	0	0	0	0
AF	0	0.001249	496	338	158	0	0	0	0
AF	0	0.001562	706	458	248	0	0	0	0
AF	0	0.001874	320	217	103	0	0	0	0
AF	0	0.002186	527	330	197	0	0	0	0
AF	0	0.002498	192	123	69	0	0	0	0
AF	0	0.002811	323	196	127	0	0	0	0
AF	0	0.003123	100	65	35	0	0	0	0
AF	0	0.003435	233	147	86	0	0	0	0
AF	0	0.003748	77	47	30	0	0	0	0
AF	0	0.004060	132	79	53	0	0	0	0
AF	0	0.004372	86	47	39	0	0	0	0
AF	0	0.004685	160	107	53	0	0	0	0
AF	0	0.004997	74	50	24	0	0	0	0
AF	0	0.005309	134	86	48	0	0	0	0
AF	0	0.005621	58	43	15	0	0	0	0
AF	0	0.005934	77	45	32	0	0	0	0
AF	0	0.006246	21	15	6	0	0	0	0
AF	0	0.006558	61	37	24	0	0	0	0
AF	0	0.006871	38	23	15	0	0	0	0
AF	0	0.007183	60	41	19	0	0	0	0
AF	0	0.007495	29	19	10	0	0	0	0
AF	0	0.007808	46	22	24	0	0	0	0
AF	0	0.008120	31	22	9	0	0	0	0
AF	0	0.008432	58	38	20	0	0	0	0
AF	0	0.008745	39	25	14	0	0	0	0
AF	0	0.009057	69	52	17	0	0	0	0
AF	0	0.009369	28	17	11	0	0	0	0
AF	0	0.009681	67	37	30	0	0	0	0
AF	0	0.009994	39	29	10	0	0	0	0
AF	0	0.010306	61	38	23	0	0	0	0
AF	0	0.010618	18	14	4	0	0	0	0
AF	0	0.010931	43	32	11	0	0	0	0
AF	0	0.011243	18	12	6	0	0	0	0
AF	0	0.011555	69	42	27	0	0	0	0
AF	0	0.011868	33	21	12	0	0	0	0
AF	0	0.012180	55	36	19	0	0	0	0
AF	0	0.012492	18	13	5	0	0	0	0
AF	0	0.012804	54	39	15	0	0	0	0
AF	0	0.013117	25	17	8	0	0	0	0
AF	0	0.013429	18	9	9	0	0	0	0
AF	0	0.013741	13	9	4	0	0	0	0
AF	0	0.014054	17	14	3	0	0	0	0
AF	0	0.014366	4	3	1	0	0	0	0
AF	0	0.014678	20	12	8	0	0	0	0
AF	0	0.014991	9	3	6	0	0	0	0
AF	0	0.015303	16	12	4	0	0	0	0
AF	0	0.015615	11	8	3	0	0	0	0
AF	0	0.015928	10	7	3	0	0	0	0
AF	0	0.016240	2	0	2	0	0	0	0
AF	0	0.016552	8	4	4	0	0	0	0
AF	0	0.016864	1	0	1	0	0	0	0
AF	0	0.017177	3	2	1	0	0	0	0
AF	0	0.017489	8	6	2	0	0	0	0
AF	0	0.017801	29	19	10	0	0	0	0
AF	0	0.018114	8	5	3	0	0	0	0
AF	0	0.018426	8	4	4	0	0	0	0
AF	0	0.018738	2	2	0	0	0	0	0
AF	0	0.019051	13	8	5	0	0	0	0
AF	0	0.019363	13	8	5	0	0	0	0
AF	0	0.019675	18	8	10	0	0	0	0
AF	0	0.019988	8	4	4	0	0	0	0
AF	0	0.020300	7	6	1	0	0	0	0
AF	0	0.020612	4	2	2	0	0	0	0
AF	0	0.020924	16	12	4	0	0	0	0
AF	0	0.021237	5	3	2	0	0	0	0
AF	0	0.021549	11	7	4	0	0	0	0
AF	0	0.021861	2	1	1	0	0	0	0
AF	0	0.022174	18	14	4	0	0	0	0
AF	0	0.022486	8	6	2	0	0	0	0
AF	0	0.022798	18	13	5	0	0	0	0
AF	0	0.023111	2	2	0	0	0	0	0
AF	0	0.023423	10	5	5	0	0	0	0
AF	0	0.023735	6	2	4	0	0	0	0
AF	0	0.024047	11	8	3	0	0	0	0
AF	0	0.024360	11	6	5	0	0	0	0
AF	0	0.024672	12	7	5	0	0	0	0
AF	0	0.024984	2	2	0	0	0	0	0
AF	0	0.025297	7	3	4	0	0	0	0
AF	0	0.025609	7	4	3	0	0	0	0
AF	0	0.025921	7	4	3	0	0	0	0
AF	0	0.026234	3	1	2	0	0	0	0
AF	0	0.026546	6	4	2	0	0	0	0
AF	0	0.027171	3	2	1	0	0	0	0
AF	0	0.027483	2	2	0	0	0	0	0
AF	0	0.027795	5	5	0	0	0	0	0
AF	0	0.028107	3	1	2	0	0	0	0
AF	0	0.028420	2	0	2	0	0	0	0
AF	0	0.028732	3	3	0	0	0	0	0
AF	0	0.029044	5	5	0	0	0	0	0
AF	0	0.029357	3	1	2	0	0	0	0
AF	0	0.029669	10	7	3	0	0	0	0
AF	0	0.029981	1	1	0	0	0	0	0
AF	0	0.030294	3	1	2	0	0	0	0
AF	0	0.030606	2	2	0	0	0	0	0
AF	0	0.030918	6	3	3	0	0	0	0
AF	0	0.031230	3	2	1	0	0	0	0
AF	0	0.031543	6	3	3	0	0	0	0
AF	0	0.032167	1	1	0	0	0	0	0
AF	0	0.032792	3	1	2	0	0	0	0
AF	0	0.033104	2	2	0	0	0	0	0
AF	0	0.033417	3	1	2	0	0	0	0
AF	0	0.034041	1	0	1	0	0	0	0
AF	0	0.034354	2	1	1	0	0	0	0
AF	0	0.034666	3	2	1	0	0	0	0
AF	0	0.034978	5	3	2	0	0	0	0
AF	0	0.035290	2	0	2	0	0	0	0
AF	0	0.036227	2	1	1	0	0	0	0
AF	0	0.036540	2	1	1	0	0	0	0
AF	0	0.037477	1	1	0	0	0	0	0
AF	0	0.037789	3	1	2	0	0	0	0
AF	0	0.038101	1	1	0	0	0	0	0
AF	0	0.038413	1	0	1	0	0	0	0
AF	0	0.039038	1	0	1	0	0	0	0
AF	0	0.039350	1	0	1	0	0	0	0
AF	0	0.039663	1	1	0	0	0	0	0
AF	0	0.039975	2	2	0	0	0	0	0
AF	0	0.040287	2	0	2	0	0	0	0
AF	0	0.041224	1	0	1	0	0	0	0
AF	0	0.041537	1	1	0	0	0	0	0
AF	0	0.042161	1	1	0	0	0	0	0
AF	0	0.042786	1	0	1	0	0	0	0
AF	0	0.044972	1	1	0	0	0	0	0
AF	0	0.045909	3	0	3	0	0	0	0
AF	0	0.046533	2	0	2	0	0	0	0
AF	0	0.046846	1	1	0	0	0	0	0
AF	0	0.047783	1	0	1	0	0	0	0
AF	0	0.049032	2	2	0	0	0	0	0
AF	0	0.049656	1	1	0	0	0	0	0
AF	0	0.050281	1	1	0	0	0	0	0
AF	0	0.050906	1	1	0	0	0	0	0
AF	0	0.051530	2	2	0	0	0	0	0
AF	0	0.052155	1	0	1	0	0	0	0
AF	0	0.052780	2	1	1	0	0	0	0
AF	0	0.053092	2	1	1	0	0	0	0
AF	0	0.053404	1	0	1	0	0	0	0
AF	0	0.053716	1	1	0	0	0	0	0
AF	0	0.054341	1	0	1	0	0	0	0
AF	0	0.054653	3	1	2	0	0	0	0
AF	0	0.055278	1	1	0	0	0	0	0
AF	0	0.057152	2	2	0	0	0	0	0
AF	0	0.057464	1	0	1	0	0	0	0
AF	0	0.057776	1	0	1	0	0	0	0
AF	0	0.058089	1	1	0	0	0	0	0
AF	0	0.058401	1	0	1	0	0	0	0
AF	0	0.059338	1	0	1	0	0	0	0
AF	0	0.060275	3	1	2	0	0	0	0
AF	0	0.060899	2	1	1	0	0	0	0
AF	0	0.062461	1	0	1	0	0	0	0
AF	0	0.063398	2	1	1	0	0	0	0
AF	0	0.063710	2	2	0	0	0	0	0
AF	0	0.064022	3	2	1	0	0	0	0
AF	0	0.064335	1	0	1	0	0	0	0
AF	0	0.064647	1	1	0	0	0	0	0
AF	0	0.065584	1	1	0	0	0	0	0
AF	0	0.065896	1	1	0	0	0	0	0
AF	0	0.066209	1	1	0	0	0	0	0
AF	0	0.066521	4	3	1	0	0	0	0
AF	0	0.066833	1	0	1	0	0	0	0
AF	0	0.067458	1	0	1	0	0	0	0
AF	0	0.067770	3	2	1	0	0	0	0
AF	0	0.068082	2	2	0	0	0	0	0
AF	0	0.068395	3	2	1	0	0	0	0
AF	0	0.068707	1	0	1	0	0	0	0
AF	0	0.069019	2	2	0	0	0	0	0
AF	0	0.069644	1	0	1	0	0	0	0
AF	0	0.069956	2	2	0	0	0	0	0
AF	0	0.070581	1	1	0	0	0	0	0
AF	0	0.070893	1	0	1	0	0	0	0
AF	0	0.071518	1	1	0	0	0	0	0
AF	0	0.071830	4	3	1	0	0	0	0
AF	0	0.072142	1	1	0	0	0	0	0
AF	0	0.072455	1	1	0	0	0	0	0
AF	0	0.072767	1	1	0	0	0	0	0
AF	0	0.073079	2	2	0	0	0	0	0
AF	0	0.074016	2	1	1	0	0	0	0
AF	0	0.075265	3	2	1	0	0	0	0
AF	0	0.075578	1	0	1	0	0	0	0
AF	0	0.076515	1	0	1	0	0	0	0
AF	0	0.076827	1	1	0	0	0	0	0
AF	0	0.077139	2	1	1	0	0	0	0
AF	0	0.077452	1	1	0	0	0	0	0
AF	0	0.078389	3	3	0	0	0	0	0
AF	0	0.079013	5	3	2	0	0	0	0
AF	0	0.079638	2	1	1	0	0	0	0
AF	0	0.079950	2	2	0	0	0	0	0
AF	0	0.080262	4	3	1	0	0	0	0
AF	0	0.080575	4	2	2	0	0	0	0
AF	0	0.080887	5	2	3	0	0	0	0
AF	0	0.081199	1	0	1	0	0	0	0
AF	0	0.081512	3	3	0	0	0	0	0
AF	0	0.081824	2	1	1	0	0	0	0
AF	0	0.082448	1	1	0	0	0	0	0
AF	0	0.082761	4	4	0	0	0	0	0
AF	0	0.083073	4	2	2	0	0	0	0
AF	0	0.083385	16	11	5	0	0	0	0
AF	0	0.083698	13	7	6	0	0	0	0
AF	0	0.084010	16	10	6	0	0	0	0
AF	0	0.084322	7	4	3	0	0	0	0
AF	0	0.084635	25	18	7	0	0	0	0
AF	0	0.084947	20	16	4	0	0	0	0
AF	0	0.085259	28	18	10	0	0	0	0
AF	0	0.085572	11	10	1	0	0	0	0
AF	0	0.085884	12	5	7	0	0	0	0
AF	0	0.086196	13	12	1	0	0	0	0
AF	0	0.086508	9	6	3	0	0	0	0
AF	0	0.086821	5	4	1	0	0	0	0
AF	0	0.087133	10	9	1	0	0	0	0
AF	0	0.087445	6	4	2	0	0	0	0
AF	0	0.087758	10	10	0	0	0	0	0
AF	0	0.088070	2	1	1	0	0	0	0
AF	0	0.088382	5	3	2	0	0	0	0
AF	0	0.089007	2	1	1	0	0	0	0
AF	0	0.089944	2	1	1	0	0	0	0
AF	0	0.090256	4	4	0	0	0	0	0
AF	0	0.090568	1	0	1	0	0	0	0
AF	0	0.091193	1	1	0	0	0	0	0
AF	0	0.091505	4	4	0	0	0	0	0
AF	0	0.091818	2	2	0	0	0	0	0
AF	0	0.092442	1	0	1	0	0	0	0
AF	0	0.093379	2	1	1	0	0	0	0
AF	0	0.094004	3	1	2	0	0	0	0
AF	0	0.094316	2	1	1	0	0	0	0
AF	0	0.094628	1	0	1	0	0	0	0
AF	0	0.095253	3	3	0	0	0	0	0
AF	0	0.095878	5	3	2	0	0	0	0
AF	0	0.096190	1	1	0	0	0	0	0
AF	0	0.096502	7	4	3	0	0	0	0
AF	0	0.096814	3	2	1	0	0	0	0
AF	0	0.097127	2	1	1	0	0	0	0
AF	0	0.097439	2	1	1	0	0	0	0
AF	0	0.097751	8	3	5	0	0	0	0
AF	0	0.098064	2	2	0	0	0	0	0
AF	0	0.098376	5	2	3	0	0	0	0
AF	0	0.098688	2	2	0	0	0	0	0
AF	0	0.099001	3	1	2	0	0	0	0
AF	0	0.099313	5	4	1	0	0	0	0
AF	0	0.099625	4	3	1	0	0	0	0
AF	0	0.099938	5	4	1	0	0	0	0
AF	0	0.100250	12	6	6	0	0	0	0
AF	0	0.100562	1	1	0	0	0	0	0
AF	0	0.100874	7	5	2	0	0	0	0
AF	0	0.101187	8	4	4	0	0	0	0
AF	0	0.101499	9	5	4	0	0	0	0
AF	0	0.101811	8	5	3	0	0	0	0
AF	0	0.102124	6	5	1	0	0	0	0
AF	0	0.102436	4	1	3	0	0	0	0
AF	0	0.102748	13	8	5	0	0	0	0
AF	0	0.103061	8	4	4	0	0	0	0
AF	0	0.103373	3	3	0	0	0	0	0
AF	0	0.103685	2	1	1	0	0	0	0
AF	0	0.103998	9	5	4	0	0	0	0
AF	0	0.104310	3	3	0	0	0	0	0
AF	0	0.104622	7	3	4	0	0	0	0
AF	0	0.104934	7	3	4	0	0	0	0
AF	0	0.105247	5	4	1	0	0	0	0
AF	0	0.105559	4	2	2	0	0	0	0
AF	0	0.105871	17	11	6	0	0	0	0
AF	0	0.106184	26	18	8	0	0	0	0
AF	0	0.106496	8	4	4	0	0	0	0
AF	0	0.106808	1	0	1	0	0	0	0
AF	0	0.107121	3	2	1	0	0	0	0
AF	0	0.107433	2	1	1	0	0	0	0
AF	0	0.107745	8	4	4	0	0	0	0
AF	0	0.108370	5	2	3	0	0	0	0
AF	0	0.108682	14	10	4	0	0	0	0
AF	0	0.108994	16	9	7	0	0	0	0
AF	0	0.109307	4	2	2	0	0	0	0
AF	0	0.109619	11	9	2	0	0	0	0
AF	0	0.109931	1	1	0	0	0	0	0
AF	0	0.110244	1	0	1	0	0	0	0
AF	0	0.110556	3	2	1	0	0	0	0
AF	0	0.110868	6	5	1	0	0	0	0
AF	0	0.111181	7	5	2	0	0	0	0
AF	0	0.111493	5	4	1	0	0	0	0
AF	0	0.111805	3	1	2	0	0	0	0
AF	0	0.112117	1	1	0	0	0	0	0
AF	0	0.112430	6	4	2	0	0	0	0
AF	0	0.112742	1	0	1	0	0	0	0
AF	0	0.113054	3	2	1	0	0	0	0
AF	0	0.113367	1	0	1	0	0	0	0
AF	0	0.113679	7	1	6	0	0	0	0
AF	0	0.113991	3	1	2	0	0	0	0
AF	0	0.114304	5	2	3	0	0	0	0
AF	0	0.114616	2	2	0	0	0	0	0
AF	0	0.114928	2	1	1	0	0	0	0
AF	0	0.115240	2	1	1	0	0	0	0
AF	0	0.115553	6	3	3	0	0	0	0
AF	0	0.115865	1	1	0	0	0	0	0
AF	0	0.116177	2	1	1	0	0	0	0
AF	0	0.116490	2	1	1	0	0	0	0
AF	0	0.116802	4	3	1	0	0	0	0
AF	0	0.117114	2	2	0	0	0	0	0
AF	0	0.117427	2	2	0	0	0	0	0
AF	0	0.118051	2	1	1	0	0	0	0
AF	0	0.118364	1	1	0	0	0	0	0
AF	0	0.118676	1	0	1	0	0	0	0
AF	0	0.118988	1	0	1	0	0	0	0
AF	0	0.119300	2	0	2	0	0	0	0
AF	0	0.119925	2	2	0	0	0	0	0
AF	0	0.120862	2	2	0	0	0	0	0
AF	0	0.121799	1	1	0	0	0	0	0
AF	0	0.122111	1	0	1	0	0	0	0
AF	0	0.123048	1	1	0	0	0	0	0
AF	0	0.123360	1	1	0	0	0	0	0
AF	0	0.123985	2	0	2	0	0	0	0
AF	0	0.124297	1	1	0	0	0	0	0
AF	0	0.124922	1	1	0	0	0	0	0
AF	0	0.125234	1	1	0	0	0	0	0
AF	0	0.125547	1	0	1	0	0	0	0
AF	0	0.125859	1	0	1	0	0	0	0
AF	0	0.126483	2	0	2	0	0	0	0
AF	0	0.127108	1	0	1	0	0	0	0
AF	0	0.127420	1	1	0	0	0	0	0
AF	0	0.127733	1	0	1	0	0	0	0
AF	0	0.128045	5	3	2	0	0	0	0
AF	0	0.128357	1	1	0	0	0	0	0
AF	0	0.128670	1	0	1	0	0	0	0
AF	0	0.129919	1	0	1	0	0	0	0
AF	0	0.130543	1	0	1	0	0	0	0
AF	0	0.131168	1	1	0	0	0	0	0
AF	0	0.131793	2	1	1	0	0	0	0
AF	0	0.132417	1	0	1	0	0	0	0
AF	0	0.132730	1	1	0	0	0	0	0
AF	0	0.133042	2	1	1	0	0	0	0
AF	0	0.133666	1	1	0	0	0	0	0
AF	0	0.134291	1	1	0	0	0	0	0
AF	0	0.135540	1	1	0	0	0	0	0
AF	0	0.135853	2	1	1	0	0	0	0
AF	0	0.136477	1	1	0	0	0	0	0
AF	0	0.136790	3	3	0	0	0	0	0
AF	0	0.137102	1	1	0	0	0	0	0
AF	0	0.137414	4	1	3	0	0	0	0
AF	0	0.137726	2	1	1	0	0	0	0
AF	0	0.138039	3	2	1	0	0	0	0
AF	0	0.138351	1	1	0	0	0	0	0
AF	0	0.138663	2	2	0	0	0	0	0
AF	0	0.138976	1	0	1	0	0	0	0
AF	0	0.139288	7	6	1	0	0	0	0
AF	0	0.139600	2	1	1	0	0	0	0
AF	0	0.141162	1	1	0	0	0	0	0
AF	0	0.141474	1	0	1	0	0	0	0
AF	0	0.142411	1	1	0	0	0	0	0
AF	0	0.145222	1	1	0	0	0	0	0
AF	0	0.146159	1	1	0	0	0	0	0
AF	0	0.147408	1	1	0	0	0	0	0
AF	0	0.154279	1	1	0	0	0	0	0
AF	0	0.156777	1	0	1	0	0	0	0
AF	0	0.159900	1	1	0	0	0	0	0
AF	0	0.162399	1	0	1	0	0	0	0
AF	0	0.167395	1	0	1	0	0	0	0
AF	0	0.168020	1	1	0	0	0	0	0
AF	0	0.168957	2	2	0	0	0	0	0
AF	0	0.170206	1	1	0	0	0	0	0
AF	0	0.173954	1	1	0	0	0	0	0
AF	0	0.174891	2	2	0	0	0	0	0
AF	0	0.175515	1	1	0	0	0	0	0
AF	0	0.183948	1	0	1	0	0	0	0
AF	0	0.184884	1	1	0	0	0	0	0
AF	0	0.187071	1	1	0	0	0	0	0
AF	0	0.188632	1	1	0	0	0	0	0
AF	0	0.193004	1	1	0	0	0	0	0
AF	0	0.194254	1	0	1	0	0	0	0
AF	0	0.237664	1	0	1	0	0	0	0
AF	0	0.252967	3	2	1	0	0	0	0
AF	0	0.253279	1	1	0	0	0	0	0
AF	0	0.253592	1	0	1	0	0	0	0
AF	0	0.257651	1	1	0	0	0	0	0
AF	0	0.259213	2	1	1	0	0	0	0
AF	0	0.261399	1	1	0	0	0	0	0
AF	0	0.262336	1	0	1	0	0	0	0
AF	0	0.262961	1	0	1	0	0	0	0
AF	0	0.265771	1	1	0	0	0	0	0
AF	0	0.268894	1	1	0	0	0	0	0
AF	0	0.270144	1	1	0	0	0	0	0
AF	0	0.277639	1	1	0	0	0	0	0
AF	0	0.286384	1	1	0	0	0	0	0
AF	0	0.287633	1	0	1	0	0	0	0
AF	0	0.295440	1	1	0	0	0	0	0
AF	0	0.297939	1	0	1	0	0	0	0
AF	0	0.298876	1	0	1	0	0	0	0
AF	0	0.312617	1	0	1	0	0	0	0
AF	0	0.318239	1	0	1	0	0	0	0
AF	0	0.319488	1	1	0	0	0	0	0
AF	0	0.319800	1	1	0	0	0	0	0
AF	0	0.320112	1	1	0	0	0	0	0
AF	0	0.320737	1	1	0	0	0	0	0
AF	0	0.321362	1	0	1	0	0	0	0
AF	0	0.324485	1	1	0	0	0	0	0
AF	0	0.325109	1	1	0	0	0	0	0
AF	0	0.325734	1	0	1	0	0	0	0
AF	0	0.326359	1	0	1	0	0	0	0
AF	0	0.331980	1	1	0	0	0	0	0
AF	0	0.333229	1	1	0	0	0	0	0
AF	0	0.335728	1	1	0	0	0	0	0
AF	0	0.336665	1	1	0	0	0	0	0
AF	0	0.338538	1	0	1	0	0	0	0
AF	0	0.339163	2	1	1	0	0	0	0
AF	0	0.342286	1	1	0	0	0	0	0
AF	0	0.347283	1	1	0	0	0	0	0
AF	0	0.348532	1	1	0	0	0	0	0
AF	0	0.350406	1	0	1	0	0	0	0
AF	0	0.351031	1	0	1	0	0	0	0
AF	0	0.352280	1	1	0	0	0	0	0
AF	0	0.352904	1	0	1	0	0	0	0
AF	0	0.357277	1	0	1	0	0	0	0
AF	0	0.358526	2	2	0	0	0	0	0
AF	0	0.362586	1	1	0	0	0	0	0
AF	0	0.365397	1	1	0	0	0	0	0
AF	0	0.366958	1	1	0	0	0	0	0
AF	0	0.383198	1	1	0	0	0	0	0
AF	0	0.384135	1	1	0	0	0	0	0
AF	0	0.389756	1	1	0	0	0	0	0
AF	0	0.391006	1	1	0	0	0	0	0
AF	0	0.396939	1	1	0	0	0	0	0
AF	0	0.397252	1	0	1	0	0	0	0
AF	0	0.398501	1	0	1	0	0	0	0
AF	0	0.406621	1	1	0	0	0	0	0
AF	0	0.412242	1	1	0	0	0	0	0
AF	0	0.430981	1	1	0	0	0	0	0
AF	0	0.439101	1	1	0	0	0	0	0
AF	0	0.442848	1	0	1	0	0	0	0
AF	0	0.446284	1	1	0	0	0	0	0
AF	0	0.450344	1	1	0	0	0	0	0
AF	0	0.457527	1	1	0	0	0	0	0
AF	0	0.477514	1	1	0	0	0	0	0
AF	0	0.479076	1	0	1	0	0	0	0
AF	0	0.481262	1	1	0	0	0	0	0
AF	0	0.490631	1	0	1	0	0	0	0
AF	0	0.497814	1	1	0	0	0	0	0
AF	0	0.498751	1	1	0	0	0	0	0
AF	0	0.508120	1	1	0	0	0	0	0
AF	0	0.510306	1	0	1	0	0	0	0
AF	0	0.514054	1	1	0	0	0	0	0
AF	0	0.522486	1	1	0	0	0	0	0
AF	0	0.525297	2	0	2	0	0	0	0
AF	0	0.526234	1	1	0	0	0	0	0
AF	0	0.526858	1	1	0	0	0	0	0
AF	0	0.536852	2	1	1	0	0	0	0
AF	0	0.538413	1	0	1	0	0	0	0
AF	0	0.542786	2	2	0	0	0	0	0
AF	0	0.544972	1	0	1	0	0	0	0
AF	0	0.566833	1	1	0	0	0	0	0
AF	0	0.572142	1	1	0	0	0	0	0
AF	0	0.574953	1	0	1	0	0	0	0
AF	0	0.605871	1	1	0	0	0	0	0
AF	0	0.610244	2	1	1	0	0	0	0
AF	0	0.610868	1	0	1	0	0	0	0
AF	0	0.637102	1	1	0	0	0	0	0
AF	0	0.657089	1	1	0	0	0	0	0
AF	0	0.666771	1	0	1	0	0	0	0
AF	0	0.668020	1	0	1	0	0	0	0
AF	0	0.669894	1	1	0	0	0	0	0
AF	0	0.670518	1	1	0	0	0	0	0
AF	0	0.671143	1	1	0	0	0	0	0
AF	0	0.672080	1	1	0	0	0	0	0
AF	0	0.672392	1	1	0	0	0	0	0
AF	0	0.677389	1	1	0	0	0	0	0
AF	0	0.678951	1	1	0	0	0	0	0
AF	0	0.680824	1	1	0	0	0	0	0
AF	0	0.683011	1	0	1	0	0	0	0
AF	0	0.730169	1	1	0	0	0	0	0
AF	0	0.772330	1	0	1	0	0	0	0
AF	0	0.811368	1	0	1	0	0	0	0
AF	0	0.817302	1	0	1	0	0	0	0
AF	0	0.823235	1	0	1	0	0	0	0
AF	0	0.831043	1	1	0	0	0	0	0
AF	0	0.831355	1	0	1	0	0	0	0
AF	0	0.832917	1	0	1	0	0	0	0
AF	0	0.852592	1	0	1	0	0	0	0
AF	0	0.853841	1	0	1	0	0	0	0
AF	0	0.855091	1	1	0	0	0	0	0
AF	0	0.859463	1	1	0	0	0	0	0
AF	0	0.861961	2	1	1	0	0	0	0
AF	0	0.864460	1	0	1	0	0	0	0
AF	0	0.869457	1	1	0	0	0	0	0
AF	0	0.874766	1	1	0	0	0	0	0
AF	0	0.875703	1	1	0	0	0	0	0
AF	0	0.876952	1	1	0	0	0	0	0
AF	0	0.878826	1	0	1	0	0	0	0
AF	0	0.888507	2	1	1	0	0	0	0
AF	0	0.888819	1	1	0	0	0	0	0
AF	0	0.937851	1	1	0	0	0	0	0
AF	0	0.960025	1	1	0	0	0	0	0
AF	0	0.966896	1	1	0	0	0	0	0
AF	0	0.967208	1	1	0	0	0	0	0
AF	0	0.969706	1	0	1	0	0	0	0
AF	0	0.976265	3	2	1	0	0	0	0
AF	0	0.977826	1	0	1	0	0	0	0
AF	0	0.978139	1	1	0	0	0	0	0
AF	0	0.978451	1	1	0	0	0	0	0
AF	0	0.979076	1	1	0	0	0	0	0
AF	0	0.984072	1	1	0	0	0	0	0
AF	0	0.990319	1	1	0	0	0	0	0
AF	0	0.990631	1	0	1	0	0	0	0
AF	0	0.991255	1	0	1	0	0	0	0
AF	0	0.993129	2	1	1	0	0	0	0
AF	0	0.993442	3	2	1	0	0	0	0
AF	0	0.993754	3	2	1	0	0	0	0
AF	0	0.994066	1	1	0	0	0	0	0
AF	0	0.994379	3	1	2	0	0	0	0
AF	0	0.996877	4	2	2	0	0	0	0
AF	0	0.997189	1	1	0	0	0	0	0
AF	0	0.997502	1	1	0	0	0	0	0
AF	0	0.997814	14	7	7	0	0	0	0
AF	0	0.998438	2	2	0	0	0	0	0
# QUAL, Stats by quality
# QUAL	[2]id	[3]Quality	[4]number of SNPs	[5]number of transitions (1st ALT)	[6]number of transversions (1st ALT)	[7]number of indels
QUAL	0	.	11997	7660	4337	0
# IDD, InDel distribution:
# IDD	[2]id	[3]length (deletions negative)	[4]number of sites	[5]number of genotypes	[6]mean VAF
# ST, Substitution types:
# ST	[2]id	[3]type	[4]count
ST	0	A>C	374
ST	0	A>G	1175
ST	0	A>T	507
ST	0	C>A	920
ST	0	C>G	463
ST	0	C>T	2522
ST	0	G>A	2697
ST	0	G>C	466
ST	0	G>T	695
ST	0	T>A	543
ST	0	T>C	1266
ST	0	T>G	369
# DP, Depth distribution
# DP	[2]id	[3]bin	[4]number of genotypes	[5]fraction of genotypes (%)	[6]number of sites	[7]fraction of sites (%)
  - Fix haploid genotypes in males...

Submit MakeDiploidMalesX finished successfully. Let's have a beer, buddy!

