Submit MakeDiploidMalesX
version 1.1.6 (2024-09-30)

These are the settings:
  Input file................: /hpc/local/Rocky8/dhl_ec/software/MonopogenLite/resources/1kGP_high_coverage_Illumina.SNVonly_poly.filtered_AF_5e-04.norm.fixvariantid.chrX.vcf.gz
  Output file...............: /hpc/local/Rocky8/dhl_ec/software/MonopogenLite/resources/1kGP_high_coverage_Illumina.SNVonly_poly.filtered_AF_5e-04.norm.fixvariantid.makediploid.chrX.vcf.gz
  Chunk size................: 100

  SLURM CPUs................: 4
  SLURM Array ID............: 86 (of 100)
  SLURM memory..............: 16G
  SLURM time................: 01:00:00
  SLURM mail type...........: FAIL
  SLURM mail user...........: s.w.vanderlaan-2@umcutrecht.nl

  Dry run mode..............: 0
  Debug mode................: 1
  Verbosity.................: 0
  Version...................: 1.1.6 (2024-09-30)

Making converting haploid genotypes to diploid genotypes.
> Extract the region for this SLURM task (# 86) from the BED file.
  - Get the chunk number from the SLURM array task ID and the bed file...
DEBUG: Extracting chunk number: 86p from 86
DEBUG: Extracting region from BED file: /hpc/local/Rocky8/dhl_ec/software/MonopogenLite/resources/chrX_100pieces.bed
  - Extract the region from the BED file...
DEBUG: Extracted raw region: 'chrX	132634681	134195088' (chunk #: 86p of 100 for job 86)
  - Check if a valid region was extracted -- should be 'chrX	132634681	134195088'...
  - Prepare the region for bcftools...
  - Check if the region (chrX:132634681-134195088) was successfully extracted...
> Processing region 'chrX:132634681-134195088'...
  - Process the specific region (chunk# 86) using bcftools view...
  - Index the VCF file...
DEBUG: Check if the VCF file was successfully processed...
##fileformat=VCFv4.2
##FILTER=<ID=PASS,Description="All filters passed">
##fileDate=29/01/2022 - 14:31:41
##source=shapeit4.2.2
##contig=<ID=chr1,length=248956422>
##contig=<ID=chr2,length=242193529>
##contig=<ID=chr3,length=198295559>
##contig=<ID=chr4,length=190214555>
##contig=<ID=chr5,length=181538259>
##contig=<ID=chr6,length=170805979>
# This file was produced by bcftools stats (1.20+htslib-1.20) and can be plotted using plot-vcfstats.
# The command line was:	bcftools stats  /hpc/local/Rocky8/dhl_ec/software/MonopogenLite/resources/chrX.part86.vcf.gz
#
# Definition of sets:
# ID	[2]id	[3]tab-separated file names
ID	0	/hpc/local/Rocky8/dhl_ec/software/MonopogenLite/resources/chrX.part86.vcf.gz
# SN, Summary numbers:
#   number of records   .. number of data rows in the VCF
#   number of no-ALTs   .. reference-only sites, ALT is either "." or identical to REF
#   number of SNPs      .. number of rows with a SNP
#   number of MNPs      .. number of rows with a MNP, such as CC>TT
#   number of indels    .. number of rows with an indel
#   number of others    .. number of rows with other type, for example a symbolic allele or
#                          a complex substitution, such as ACT>TCGA
#   number of multiallelic sites     .. number of rows with multiple alternate alleles
#   number of multiallelic SNP sites .. number of rows with multiple alternate alleles, all SNPs
# 
#   Note that rows containing multiple types will be counted multiple times, in each
#   counter. For example, a row with a SNP and an indel increments both the SNP and
#   the indel counter.
# 
# SN	[2]id	[3]key	[4]value
SN	0	number of samples:	3202
SN	0	number of records:	12904
SN	0	number of no-ALTs:	0
SN	0	number of SNPs:	12904
SN	0	number of MNPs:	0
SN	0	number of indels:	0
SN	0	number of others:	0
SN	0	number of multiallelic sites:	0
SN	0	number of multiallelic SNP sites:	0
# TSTV, transitions/transversions:
# TSTV	[2]id	[3]ts	[4]tv	[5]ts/tv	[6]ts (1st ALT)	[7]tv (1st ALT)	[8]ts/tv (1st ALT)
TSTV	0	8931	3973	2.25	8931	3973	2.25
# SiS, Singleton stats:
# SiS	[2]id	[3]allele count	[4]number of SNPs	[5]number of transitions	[6]number of transversions	[7]number of indels	[8]repeat-consistent	[9]repeat-inconsistent	[10]not applicable
SiS	0	1	0	0	0	0	0	0	0
# AF, Stats by non-reference allele frequency:
# AF	[2]id	[3]allele frequency	[4]number of SNPs	[5]number of transitions	[6]number of transversions	[7]number of indels	[8]repeat-consistent	[9]repeat-inconsistent	[10]not applicable
AF	0	0.000312	2215	1522	693	0	0	0	0
AF	0	0.000625	1296	904	392	0	0	0	0
AF	0	0.000937	1511	1077	434	0	0	0	0
AF	0	0.001249	511	344	167	0	0	0	0
AF	0	0.001562	853	613	240	0	0	0	0
AF	0	0.001874	330	216	114	0	0	0	0
AF	0	0.002186	537	373	164	0	0	0	0
AF	0	0.002498	191	130	61	0	0	0	0
AF	0	0.002811	447	321	126	0	0	0	0
AF	0	0.003123	187	123	64	0	0	0	0
AF	0	0.003435	250	174	76	0	0	0	0
AF	0	0.003748	106	70	36	0	0	0	0
AF	0	0.004060	206	146	60	0	0	0	0
AF	0	0.004372	77	56	21	0	0	0	0
AF	0	0.004685	132	99	33	0	0	0	0
AF	0	0.004997	112	87	25	0	0	0	0
AF	0	0.005309	124	85	39	0	0	0	0
AF	0	0.005621	68	36	32	0	0	0	0
AF	0	0.005934	123	82	41	0	0	0	0
AF	0	0.006246	86	61	25	0	0	0	0
AF	0	0.006558	72	45	27	0	0	0	0
AF	0	0.006871	28	18	10	0	0	0	0
AF	0	0.007183	74	53	21	0	0	0	0
AF	0	0.007495	32	21	11	0	0	0	0
AF	0	0.007808	76	54	22	0	0	0	0
AF	0	0.008120	56	38	18	0	0	0	0
AF	0	0.008432	101	77	24	0	0	0	0
AF	0	0.008745	43	29	14	0	0	0	0
AF	0	0.009057	116	71	45	0	0	0	0
AF	0	0.009369	44	33	11	0	0	0	0
AF	0	0.009681	54	40	14	0	0	0	0
AF	0	0.009994	41	31	10	0	0	0	0
AF	0	0.010306	70	34	36	0	0	0	0
AF	0	0.010618	37	28	9	0	0	0	0
AF	0	0.010931	65	48	17	0	0	0	0
AF	0	0.011243	36	21	15	0	0	0	0
AF	0	0.011555	59	40	19	0	0	0	0
AF	0	0.011868	21	14	7	0	0	0	0
AF	0	0.012180	36	25	11	0	0	0	0
AF	0	0.012492	16	9	7	0	0	0	0
AF	0	0.012804	47	32	15	0	0	0	0
AF	0	0.013117	20	15	5	0	0	0	0
AF	0	0.013429	40	28	12	0	0	0	0
AF	0	0.013741	14	10	4	0	0	0	0
AF	0	0.014054	33	20	13	0	0	0	0
AF	0	0.014366	15	10	5	0	0	0	0
AF	0	0.014678	38	21	17	0	0	0	0
AF	0	0.014991	21	13	8	0	0	0	0
AF	0	0.015303	52	34	18	0	0	0	0
AF	0	0.015615	17	11	6	0	0	0	0
AF	0	0.015928	36	25	11	0	0	0	0
AF	0	0.016240	27	20	7	0	0	0	0
AF	0	0.016552	35	25	10	0	0	0	0
AF	0	0.016864	20	15	5	0	0	0	0
AF	0	0.017177	24	19	5	0	0	0	0
AF	0	0.017489	13	9	4	0	0	0	0
AF	0	0.017801	45	31	14	0	0	0	0
AF	0	0.018114	13	8	5	0	0	0	0
AF	0	0.018426	28	23	5	0	0	0	0
AF	0	0.018738	22	15	7	0	0	0	0
AF	0	0.019051	32	24	8	0	0	0	0
AF	0	0.019363	10	5	5	0	0	0	0
AF	0	0.019675	13	6	7	0	0	0	0
AF	0	0.019988	4	2	2	0	0	0	0
AF	0	0.020300	17	10	7	0	0	0	0
AF	0	0.020612	10	7	3	0	0	0	0
AF	0	0.020924	14	9	5	0	0	0	0
AF	0	0.021237	9	4	5	0	0	0	0
AF	0	0.021549	33	22	11	0	0	0	0
AF	0	0.021861	4	4	0	0	0	0	0
AF	0	0.022174	13	9	4	0	0	0	0
AF	0	0.022486	7	5	2	0	0	0	0
AF	0	0.022798	6	3	3	0	0	0	0
AF	0	0.023111	6	3	3	0	0	0	0
AF	0	0.023423	10	7	3	0	0	0	0
AF	0	0.023735	2	2	0	0	0	0	0
AF	0	0.024047	9	6	3	0	0	0	0
AF	0	0.024360	1	0	1	0	0	0	0
AF	0	0.024672	7	3	4	0	0	0	0
AF	0	0.024984	5	5	0	0	0	0	0
AF	0	0.025297	4	3	1	0	0	0	0
AF	0	0.025609	3	2	1	0	0	0	0
AF	0	0.025921	7	5	2	0	0	0	0
AF	0	0.026234	7	4	3	0	0	0	0
AF	0	0.026546	8	6	2	0	0	0	0
AF	0	0.026858	7	5	2	0	0	0	0
AF	0	0.027171	9	6	3	0	0	0	0
AF	0	0.027483	1	1	0	0	0	0	0
AF	0	0.027795	3	1	2	0	0	0	0
AF	0	0.028107	6	4	2	0	0	0	0
AF	0	0.028420	9	5	4	0	0	0	0
AF	0	0.028732	3	2	1	0	0	0	0
AF	0	0.029044	3	3	0	0	0	0	0
AF	0	0.029357	1	0	1	0	0	0	0
AF	0	0.029669	4	3	1	0	0	0	0
AF	0	0.029981	1	1	0	0	0	0	0
AF	0	0.030294	5	1	4	0	0	0	0
AF	0	0.030606	2	1	1	0	0	0	0
AF	0	0.030918	7	6	1	0	0	0	0
AF	0	0.031230	6	6	0	0	0	0	0
AF	0	0.031543	2	2	0	0	0	0	0
AF	0	0.031855	5	4	1	0	0	0	0
AF	0	0.032167	5	4	1	0	0	0	0
AF	0	0.032480	3	1	2	0	0	0	0
AF	0	0.032792	4	2	2	0	0	0	0
AF	0	0.033104	7	5	2	0	0	0	0
AF	0	0.033417	12	8	4	0	0	0	0
AF	0	0.033729	6	6	0	0	0	0	0
AF	0	0.034041	8	6	2	0	0	0	0
AF	0	0.034354	2	1	1	0	0	0	0
AF	0	0.034666	6	5	1	0	0	0	0
AF	0	0.034978	3	2	1	0	0	0	0
AF	0	0.035290	6	4	2	0	0	0	0
AF	0	0.035603	6	5	1	0	0	0	0
AF	0	0.035915	5	4	1	0	0	0	0
AF	0	0.036227	2	2	0	0	0	0	0
AF	0	0.036540	5	3	2	0	0	0	0
AF	0	0.037164	2	0	2	0	0	0	0
AF	0	0.037477	2	1	1	0	0	0	0
AF	0	0.037789	7	4	3	0	0	0	0
AF	0	0.038101	5	4	1	0	0	0	0
AF	0	0.038413	4	3	1	0	0	0	0
AF	0	0.038726	9	6	3	0	0	0	0
AF	0	0.039038	13	12	1	0	0	0	0
AF	0	0.039350	3	2	1	0	0	0	0
AF	0	0.039663	9	7	2	0	0	0	0
AF	0	0.039975	1	1	0	0	0	0	0
AF	0	0.040287	10	6	4	0	0	0	0
AF	0	0.040600	2	1	1	0	0	0	0
AF	0	0.040912	5	4	1	0	0	0	0
AF	0	0.041224	2	1	1	0	0	0	0
AF	0	0.041537	3	2	1	0	0	0	0
AF	0	0.041849	4	4	0	0	0	0	0
AF	0	0.042161	2	2	0	0	0	0	0
AF	0	0.042473	5	4	1	0	0	0	0
AF	0	0.042786	4	3	1	0	0	0	0
AF	0	0.043410	2	1	1	0	0	0	0
AF	0	0.043723	1	1	0	0	0	0	0
AF	0	0.044035	5	4	1	0	0	0	0
AF	0	0.044347	1	1	0	0	0	0	0
AF	0	0.044660	6	5	1	0	0	0	0
AF	0	0.044972	1	0	1	0	0	0	0
AF	0	0.045597	1	0	1	0	0	0	0
AF	0	0.045909	7	5	2	0	0	0	0
AF	0	0.046221	4	2	2	0	0	0	0
AF	0	0.046533	6	3	3	0	0	0	0
AF	0	0.046846	6	6	0	0	0	0	0
AF	0	0.047158	1	1	0	0	0	0	0
AF	0	0.047783	8	5	3	0	0	0	0
AF	0	0.048095	2	2	0	0	0	0	0
AF	0	0.048407	4	2	2	0	0	0	0
AF	0	0.048720	5	4	1	0	0	0	0
AF	0	0.049032	28	21	7	0	0	0	0
AF	0	0.049344	14	9	5	0	0	0	0
AF	0	0.049656	2	2	0	0	0	0	0
AF	0	0.049969	3	2	1	0	0	0	0
AF	0	0.050281	8	5	3	0	0	0	0
AF	0	0.050593	7	5	2	0	0	0	0
AF	0	0.050906	24	17	7	0	0	0	0
AF	0	0.051530	5	3	2	0	0	0	0
AF	0	0.051843	4	2	2	0	0	0	0
AF	0	0.052155	12	6	6	0	0	0	0
AF	0	0.052467	1	0	1	0	0	0	0
AF	0	0.052780	10	7	3	0	0	0	0
AF	0	0.053092	8	4	4	0	0	0	0
AF	0	0.053404	8	6	2	0	0	0	0
AF	0	0.053716	8	6	2	0	0	0	0
AF	0	0.054029	11	7	4	0	0	0	0
AF	0	0.054341	12	9	3	0	0	0	0
AF	0	0.054653	14	12	2	0	0	0	0
AF	0	0.054966	19	14	5	0	0	0	0
AF	0	0.055278	6	6	0	0	0	0	0
AF	0	0.055590	4	3	1	0	0	0	0
AF	0	0.055903	5	3	2	0	0	0	0
AF	0	0.056215	1	0	1	0	0	0	0
AF	0	0.056839	4	4	0	0	0	0	0
AF	0	0.057152	4	2	2	0	0	0	0
AF	0	0.057776	3	1	2	0	0	0	0
AF	0	0.058089	2	2	0	0	0	0	0
AF	0	0.058401	3	2	1	0	0	0	0
AF	0	0.059026	1	1	0	0	0	0	0
AF	0	0.059338	6	3	3	0	0	0	0
AF	0	0.059650	1	1	0	0	0	0	0
AF	0	0.059963	10	7	3	0	0	0	0
AF	0	0.060275	3	2	1	0	0	0	0
AF	0	0.060587	2	1	1	0	0	0	0
AF	0	0.060899	4	1	3	0	0	0	0
AF	0	0.061212	4	2	2	0	0	0	0
AF	0	0.061524	6	5	1	0	0	0	0
AF	0	0.062149	1	1	0	0	0	0	0
AF	0	0.062461	1	1	0	0	0	0	0
AF	0	0.062773	6	1	5	0	0	0	0
AF	0	0.063086	1	1	0	0	0	0	0
AF	0	0.063398	8	6	2	0	0	0	0
AF	0	0.063710	15	9	6	0	0	0	0
AF	0	0.064022	16	13	3	0	0	0	0
AF	0	0.064335	7	5	2	0	0	0	0
AF	0	0.064647	17	11	6	0	0	0	0
AF	0	0.064959	5	5	0	0	0	0	0
AF	0	0.065272	4	2	2	0	0	0	0
AF	0	0.065584	1	1	0	0	0	0	0
AF	0	0.065896	20	14	6	0	0	0	0
AF	0	0.066209	4	3	1	0	0	0	0
AF	0	0.066521	1	1	0	0	0	0	0
AF	0	0.066833	4	3	1	0	0	0	0
AF	0	0.067146	3	2	1	0	0	0	0
AF	0	0.067458	2	1	1	0	0	0	0
AF	0	0.067770	2	1	1	0	0	0	0
AF	0	0.068395	6	6	0	0	0	0	0
AF	0	0.068707	2	1	1	0	0	0	0
AF	0	0.069019	2	2	0	0	0	0	0
AF	0	0.069644	4	1	3	0	0	0	0
AF	0	0.070269	3	2	1	0	0	0	0
AF	0	0.070893	6	5	1	0	0	0	0
AF	0	0.071205	8	4	4	0	0	0	0
AF	0	0.071518	3	2	1	0	0	0	0
AF	0	0.072142	3	1	2	0	0	0	0
AF	0	0.073079	1	1	0	0	0	0	0
AF	0	0.073392	11	9	2	0	0	0	0
AF	0	0.073704	2	2	0	0	0	0	0
AF	0	0.074016	2	1	1	0	0	0	0
AF	0	0.074641	1	0	1	0	0	0	0
AF	0	0.075265	1	0	1	0	0	0	0
AF	0	0.077139	2	1	1	0	0	0	0
AF	0	0.077764	1	1	0	0	0	0	0
AF	0	0.078701	1	1	0	0	0	0	0
AF	0	0.079638	1	1	0	0	0	0	0
AF	0	0.080262	1	1	0	0	0	0	0
AF	0	0.082136	2	1	1	0	0	0	0
AF	0	0.082448	1	1	0	0	0	0	0
AF	0	0.082761	1	0	1	0	0	0	0
AF	0	0.083385	2	1	1	0	0	0	0
AF	0	0.084947	2	0	2	0	0	0	0
AF	0	0.085259	2	2	0	0	0	0	0
AF	0	0.085884	3	3	0	0	0	0	0
AF	0	0.086196	4	3	1	0	0	0	0
AF	0	0.087133	1	1	0	0	0	0	0
AF	0	0.087445	6	5	1	0	0	0	0
AF	0	0.087758	2	2	0	0	0	0	0
AF	0	0.088695	2	1	1	0	0	0	0
AF	0	0.089007	3	2	1	0	0	0	0
AF	0	0.089319	1	1	0	0	0	0	0
AF	0	0.089944	1	0	1	0	0	0	0
AF	0	0.090256	1	1	0	0	0	0	0
AF	0	0.090568	1	1	0	0	0	0	0
AF	0	0.090881	2	2	0	0	0	0	0
AF	0	0.091193	1	0	1	0	0	0	0
AF	0	0.092130	1	1	0	0	0	0	0
AF	0	0.092755	2	2	0	0	0	0	0
AF	0	0.093067	1	1	0	0	0	0	0
AF	0	0.093691	1	1	0	0	0	0	0
AF	0	0.094004	4	2	2	0	0	0	0
AF	0	0.094316	1	1	0	0	0	0	0
AF	0	0.095253	1	1	0	0	0	0	0
AF	0	0.096502	2	1	1	0	0	0	0
AF	0	0.096814	2	0	2	0	0	0	0
AF	0	0.097127	1	1	0	0	0	0	0
AF	0	0.099001	1	0	1	0	0	0	0
AF	0	0.100874	3	3	0	0	0	0	0
AF	0	0.101499	1	1	0	0	0	0	0
AF	0	0.102124	2	2	0	0	0	0	0
AF	0	0.102436	3	2	1	0	0	0	0
AF	0	0.103061	1	0	1	0	0	0	0
AF	0	0.103998	1	1	0	0	0	0	0
AF	0	0.104622	1	1	0	0	0	0	0
AF	0	0.104934	2	1	1	0	0	0	0
AF	0	0.105247	1	1	0	0	0	0	0
AF	0	0.105559	4	3	1	0	0	0	0
AF	0	0.105871	6	5	1	0	0	0	0
AF	0	0.106496	2	2	0	0	0	0	0
AF	0	0.107121	1	1	0	0	0	0	0
AF	0	0.107433	1	0	1	0	0	0	0
AF	0	0.108057	1	0	1	0	0	0	0
AF	0	0.108370	1	1	0	0	0	0	0
AF	0	0.111181	1	1	0	0	0	0	0
AF	0	0.111805	1	1	0	0	0	0	0
AF	0	0.112430	1	0	1	0	0	0	0
AF	0	0.113679	2	1	1	0	0	0	0
AF	0	0.114616	2	1	1	0	0	0	0
AF	0	0.115240	1	1	0	0	0	0	0
AF	0	0.116177	1	1	0	0	0	0	0
AF	0	0.116802	1	1	0	0	0	0	0
AF	0	0.117739	1	0	1	0	0	0	0
AF	0	0.119925	2	2	0	0	0	0	0
AF	0	0.121799	1	1	0	0	0	0	0
AF	0	0.122736	1	0	1	0	0	0	0
AF	0	0.123048	1	1	0	0	0	0	0
AF	0	0.123673	2	0	2	0	0	0	0
AF	0	0.124297	3	2	1	0	0	0	0
AF	0	0.124610	2	2	0	0	0	0	0
AF	0	0.124922	1	0	1	0	0	0	0
AF	0	0.125234	1	1	0	0	0	0	0
AF	0	0.128045	1	1	0	0	0	0	0
AF	0	0.128982	1	1	0	0	0	0	0
AF	0	0.132417	4	3	1	0	0	0	0
AF	0	0.132730	3	2	1	0	0	0	0
AF	0	0.133042	2	1	1	0	0	0	0
AF	0	0.133666	1	0	1	0	0	0	0
AF	0	0.133979	2	2	0	0	0	0	0
AF	0	0.134291	1	1	0	0	0	0	0
AF	0	0.134603	1	1	0	0	0	0	0
AF	0	0.136477	1	1	0	0	0	0	0
AF	0	0.136790	1	0	1	0	0	0	0
AF	0	0.137102	2	2	0	0	0	0	0
AF	0	0.138976	3	1	2	0	0	0	0
AF	0	0.139913	1	1	0	0	0	0	0
AF	0	0.142411	1	0	1	0	0	0	0
AF	0	0.142723	1	0	1	0	0	0	0
AF	0	0.146471	1	0	1	0	0	0	0
AF	0	0.146783	1	1	0	0	0	0	0
AF	0	0.147408	1	1	0	0	0	0	0
AF	0	0.148345	1	1	0	0	0	0	0
AF	0	0.148657	2	2	0	0	0	0	0
AF	0	0.151156	1	1	0	0	0	0	0
AF	0	0.151468	1	1	0	0	0	0	0
AF	0	0.151780	1	0	1	0	0	0	0
AF	0	0.152092	4	2	2	0	0	0	0
AF	0	0.152405	1	0	1	0	0	0	0
AF	0	0.153654	1	1	0	0	0	0	0
AF	0	0.154591	1	1	0	0	0	0	0
AF	0	0.154903	1	0	1	0	0	0	0
AF	0	0.155528	1	0	1	0	0	0	0
AF	0	0.158963	1	0	1	0	0	0	0
AF	0	0.162399	3	2	1	0	0	0	0
AF	0	0.163648	2	2	0	0	0	0	0
AF	0	0.164897	3	2	1	0	0	0	0
AF	0	0.165834	1	1	0	0	0	0	0
AF	0	0.166771	1	1	0	0	0	0	0
AF	0	0.167395	2	2	0	0	0	0	0
AF	0	0.167708	1	1	0	0	0	0	0
AF	0	0.168020	1	1	0	0	0	0	0
AF	0	0.168332	2	1	1	0	0	0	0
AF	0	0.168645	1	1	0	0	0	0	0
AF	0	0.170206	1	0	1	0	0	0	0
AF	0	0.170518	1	1	0	0	0	0	0
AF	0	0.171455	1	0	1	0	0	0	0
AF	0	0.173641	1	1	0	0	0	0	0
AF	0	0.174266	2	2	0	0	0	0	0
AF	0	0.174578	1	0	1	0	0	0	0
AF	0	0.175203	1	1	0	0	0	0	0
AF	0	0.175515	1	0	1	0	0	0	0
AF	0	0.178638	1	1	0	0	0	0	0
AF	0	0.179575	3	1	2	0	0	0	0
AF	0	0.182074	1	1	0	0	0	0	0
AF	0	0.185197	1	1	0	0	0	0	0
AF	0	0.185509	1	1	0	0	0	0	0
AF	0	0.186758	1	0	1	0	0	0	0
AF	0	0.188944	1	1	0	0	0	0	0
AF	0	0.189257	2	1	1	0	0	0	0
AF	0	0.192380	1	1	0	0	0	0	0
AF	0	0.192692	1	0	1	0	0	0	0
AF	0	0.193004	3	2	1	0	0	0	0
AF	0	0.193629	1	1	0	0	0	0	0
AF	0	0.196752	1	1	0	0	0	0	0
AF	0	0.197689	1	0	1	0	0	0	0
AF	0	0.200187	3	1	2	0	0	0	0
AF	0	0.201437	1	1	0	0	0	0	0
AF	0	0.202374	2	2	0	0	0	0	0
AF	0	0.202686	1	1	0	0	0	0	0
AF	0	0.203935	1	1	0	0	0	0	0
AF	0	0.204247	1	1	0	0	0	0	0
AF	0	0.206121	1	1	0	0	0	0	0
AF	0	0.206746	1	1	0	0	0	0	0
AF	0	0.207370	1	1	0	0	0	0	0
AF	0	0.207995	2	2	0	0	0	0	0
AF	0	0.208620	1	1	0	0	0	0	0
AF	0	0.208932	2	2	0	0	0	0	0
AF	0	0.209244	2	2	0	0	0	0	0
AF	0	0.209869	1	0	1	0	0	0	0
AF	0	0.210181	1	0	1	0	0	0	0
AF	0	0.210493	1	1	0	0	0	0	0
AF	0	0.214866	1	1	0	0	0	0	0
AF	0	0.217364	1	1	0	0	0	0	0
AF	0	0.219863	1	0	1	0	0	0	0
AF	0	0.223923	1	1	0	0	0	0	0
AF	0	0.228919	1	1	0	0	0	0	0
AF	0	0.229544	1	1	0	0	0	0	0
AF	0	0.231106	1	1	0	0	0	0	0
AF	0	0.232355	1	1	0	0	0	0	0
AF	0	0.232667	1	1	0	0	0	0	0
AF	0	0.232979	1	1	0	0	0	0	0
AF	0	0.237039	1	1	0	0	0	0	0
AF	0	0.237352	1	1	0	0	0	0	0
AF	0	0.237664	1	1	0	0	0	0	0
AF	0	0.246096	1	1	0	0	0	0	0
AF	0	0.246408	1	0	1	0	0	0	0
AF	0	0.247345	1	1	0	0	0	0	0
AF	0	0.247658	1	0	1	0	0	0	0
AF	0	0.250781	1	1	0	0	0	0	0
AF	0	0.252967	1	0	1	0	0	0	0
AF	0	0.257027	1	1	0	0	0	0	0
AF	0	0.271393	1	1	0	0	0	0	0
AF	0	0.272017	2	2	0	0	0	0	0
AF	0	0.274828	1	0	1	0	0	0	0
AF	0	0.277014	1	0	1	0	0	0	0
AF	0	0.277327	2	2	0	0	0	0	0
AF	0	0.277639	3	2	1	0	0	0	0
AF	0	0.277951	2	1	1	0	0	0	0
AF	0	0.278264	1	0	1	0	0	0	0
AF	0	0.280137	1	0	1	0	0	0	0
AF	0	0.280450	1	1	0	0	0	0	0
AF	0	0.281074	2	0	2	0	0	0	0
AF	0	0.283260	1	1	0	0	0	0	0
AF	0	0.283573	1	0	1	0	0	0	0
AF	0	0.284197	1	1	0	0	0	0	0
AF	0	0.284510	2	2	0	0	0	0	0
AF	0	0.284822	2	1	1	0	0	0	0
AF	0	0.285134	4	3	1	0	0	0	0
AF	0	0.285447	1	1	0	0	0	0	0
AF	0	0.285759	6	4	2	0	0	0	0
AF	0	0.286071	2	0	2	0	0	0	0
AF	0	0.286384	3	3	0	0	0	0	0
AF	0	0.288257	2	1	1	0	0	0	0
AF	0	0.288882	1	0	1	0	0	0	0
AF	0	0.290131	1	1	0	0	0	0	0
AF	0	0.292005	1	1	0	0	0	0	0
AF	0	0.294503	3	1	2	0	0	0	0
AF	0	0.294816	1	0	1	0	0	0	0
AF	0	0.295128	2	0	2	0	0	0	0
AF	0	0.295440	2	1	1	0	0	0	0
AF	0	0.295753	5	3	2	0	0	0	0
AF	0	0.296377	1	1	0	0	0	0	0
AF	0	0.298563	1	1	0	0	0	0	0
AF	0	0.301062	1	0	1	0	0	0	0
AF	0	0.301686	2	1	1	0	0	0	0
AF	0	0.301999	1	1	0	0	0	0	0
AF	0	0.303248	4	2	2	0	0	0	0
AF	0	0.303560	3	1	2	0	0	0	0
AF	0	0.303873	5	5	0	0	0	0	0
AF	0	0.304185	2	2	0	0	0	0	0
AF	0	0.304497	3	1	2	0	0	0	0
AF	0	0.305434	1	0	1	0	0	0	0
AF	0	0.305746	1	1	0	0	0	0	0
AF	0	0.306059	1	1	0	0	0	0	0
AF	0	0.306371	3	3	0	0	0	0	0
AF	0	0.306996	2	2	0	0	0	0	0
AF	0	0.307308	1	1	0	0	0	0	0
AF	0	0.308869	2	0	2	0	0	0	0
AF	0	0.309494	3	0	3	0	0	0	0
AF	0	0.309806	1	1	0	0	0	0	0
AF	0	0.310431	1	0	1	0	0	0	0
AF	0	0.311056	1	0	1	0	0	0	0
AF	0	0.311368	2	1	1	0	0	0	0
AF	0	0.311993	3	2	1	0	0	0	0
AF	0	0.312305	3	3	0	0	0	0	0
AF	0	0.312617	4	4	0	0	0	0	0
AF	0	0.312929	2	2	0	0	0	0	0
AF	0	0.313242	3	3	0	0	0	0	0
AF	0	0.320737	1	1	0	0	0	0	0
AF	0	0.321049	1	1	0	0	0	0	0
AF	0	0.321674	3	3	0	0	0	0	0
AF	0	0.321986	3	2	1	0	0	0	0
AF	0	0.322299	1	0	1	0	0	0	0
AF	0	0.322611	2	2	0	0	0	0	0
AF	0	0.322923	4	4	0	0	0	0	0
AF	0	0.323235	1	1	0	0	0	0	0
AF	0	0.328545	1	1	0	0	0	0	0
AF	0	0.339163	1	1	0	0	0	0	0
AF	0	0.340725	1	1	0	0	0	0	0
AF	0	0.341349	1	1	0	0	0	0	0
AF	0	0.346034	1	1	0	0	0	0	0
AF	0	0.349781	1	1	0	0	0	0	0
AF	0	0.351343	1	1	0	0	0	0	0
AF	0	0.351655	1	1	0	0	0	0	0
AF	0	0.352280	8	5	3	0	0	0	0
AF	0	0.352592	4	3	1	0	0	0	0
AF	0	0.352904	3	0	3	0	0	0	0
AF	0	0.353529	2	1	1	0	0	0	0
AF	0	0.354466	1	1	0	0	0	0	0
AF	0	0.359775	1	1	0	0	0	0	0
AF	0	0.360087	2	0	2	0	0	0	0
AF	0	0.360400	1	1	0	0	0	0	0
AF	0	0.360712	1	1	0	0	0	0	0
AF	0	0.361024	1	0	1	0	0	0	0
AF	0	0.361649	1	1	0	0	0	0	0
AF	0	0.362586	3	1	2	0	0	0	0
AF	0	0.363835	1	1	0	0	0	0	0
AF	0	0.364147	2	1	1	0	0	0	0
AF	0	0.364460	3	2	1	0	0	0	0
AF	0	0.364772	4	3	1	0	0	0	0
AF	0	0.365084	1	0	1	0	0	0	0
AF	0	0.366646	1	1	0	0	0	0	0
AF	0	0.367270	2	2	0	0	0	0	0
AF	0	0.367895	1	1	0	0	0	0	0
AF	0	0.368520	2	2	0	0	0	0	0
AF	0	0.370081	1	1	0	0	0	0	0
AF	0	0.370394	1	1	0	0	0	0	0
AF	0	0.370706	1	1	0	0	0	0	0
AF	0	0.371018	1	0	1	0	0	0	0
AF	0	0.378201	1	1	0	0	0	0	0
AF	0	0.378826	1	1	0	0	0	0	0
AF	0	0.379138	1	1	0	0	0	0	0
AF	0	0.379763	2	2	0	0	0	0	0
AF	0	0.381324	1	0	1	0	0	0	0
AF	0	0.381636	1	1	0	0	0	0	0
AF	0	0.381949	1	1	0	0	0	0	0
AF	0	0.382886	1	1	0	0	0	0	0
AF	0	0.384135	1	1	0	0	0	0	0
AF	0	0.385384	1	1	0	0	0	0	0
AF	0	0.385696	1	1	0	0	0	0	0
AF	0	0.386009	1	1	0	0	0	0	0
AF	0	0.388195	1	1	0	0	0	0	0
AF	0	0.389756	1	0	1	0	0	0	0
AF	0	0.390069	1	1	0	0	0	0	0
AF	0	0.390381	1	0	1	0	0	0	0
AF	0	0.390693	1	0	1	0	0	0	0
AF	0	0.392255	1	1	0	0	0	0	0
AF	0	0.393192	2	1	1	0	0	0	0
AF	0	0.393504	2	2	0	0	0	0	0
AF	0	0.396627	1	1	0	0	0	0	0
AF	0	0.397564	1	1	0	0	0	0	0
AF	0	0.402249	1	1	0	0	0	0	0
AF	0	0.405372	1	0	1	0	0	0	0
AF	0	0.405996	1	1	0	0	0	0	0
AF	0	0.409744	1	0	1	0	0	0	0
AF	0	0.410681	1	1	0	0	0	0	0
AF	0	0.412242	2	2	0	0	0	0	0
AF	0	0.412867	1	0	1	0	0	0	0
AF	0	0.414116	1	1	0	0	0	0	0
AF	0	0.415053	1	1	0	0	0	0	0
AF	0	0.415990	1	1	0	0	0	0	0
AF	0	0.416615	1	1	0	0	0	0	0
AF	0	0.417239	4	4	0	0	0	0	0
AF	0	0.429107	1	1	0	0	0	0	0
AF	0	0.436290	1	1	0	0	0	0	0
AF	0	0.442224	1	1	0	0	0	0	0
AF	0	0.444097	1	0	1	0	0	0	0
AF	0	0.445034	1	1	0	0	0	0	0
AF	0	0.446596	2	2	0	0	0	0	0
AF	0	0.446908	2	1	1	0	0	0	0
AF	0	0.447533	1	1	0	0	0	0	0
AF	0	0.448157	2	2	0	0	0	0	0
AF	0	0.450656	3	1	2	0	0	0	0
AF	0	0.453779	4	3	1	0	0	0	0
AF	0	0.454403	1	1	0	0	0	0	0
AF	0	0.455028	3	0	3	0	0	0	0
AF	0	0.455653	6	5	1	0	0	0	0
AF	0	0.455965	2	2	0	0	0	0	0
AF	0	0.456277	1	1	0	0	0	0	0
AF	0	0.456590	1	1	0	0	0	0	0
AF	0	0.456902	1	1	0	0	0	0	0
AF	0	0.457527	4	3	1	0	0	0	0
AF	0	0.457839	1	0	1	0	0	0	0
AF	0	0.458151	2	1	1	0	0	0	0
AF	0	0.459088	3	1	2	0	0	0	0
AF	0	0.460025	1	1	0	0	0	0	0
AF	0	0.460650	1	1	0	0	0	0	0
AF	0	0.461274	1	0	1	0	0	0	0
AF	0	0.462836	1	1	0	0	0	0	0
AF	0	0.463148	1	0	1	0	0	0	0
AF	0	0.463773	1	1	0	0	0	0	0
AF	0	0.465334	1	0	1	0	0	0	0
AF	0	0.466271	1	1	0	0	0	0	0
AF	0	0.466583	1	1	0	0	0	0	0
AF	0	0.466896	1	1	0	0	0	0	0
AF	0	0.467520	1	1	0	0	0	0	0
AF	0	0.468145	2	2	0	0	0	0	0
AF	0	0.468457	1	0	1	0	0	0	0
AF	0	0.468770	1	1	0	0	0	0	0
AF	0	0.470019	1	1	0	0	0	0	0
AF	0	0.470331	4	3	1	0	0	0	0
AF	0	0.470643	1	1	0	0	0	0	0
AF	0	0.470956	1	0	1	0	0	0	0
AF	0	0.471268	1	1	0	0	0	0	0
AF	0	0.471580	2	2	0	0	0	0	0
AF	0	0.471893	1	1	0	0	0	0	0
AF	0	0.472205	1	1	0	0	0	0	0
AF	0	0.472517	1	1	0	0	0	0	0
AF	0	0.474391	1	1	0	0	0	0	0
AF	0	0.475016	1	1	0	0	0	0	0
AF	0	0.475328	1	1	0	0	0	0	0
AF	0	0.478139	1	1	0	0	0	0	0
AF	0	0.478451	1	0	1	0	0	0	0
AF	0	0.479076	1	1	0	0	0	0	0
AF	0	0.480012	1	1	0	0	0	0	0
AF	0	0.482199	1	1	0	0	0	0	0
AF	0	0.482511	1	0	1	0	0	0	0
AF	0	0.483136	2	2	0	0	0	0	0
AF	0	0.483448	1	0	1	0	0	0	0
AF	0	0.483760	1	0	1	0	0	0	0
AF	0	0.484072	1	1	0	0	0	0	0
AF	0	0.484385	1	0	1	0	0	0	0
AF	0	0.485009	1	1	0	0	0	0	0
AF	0	0.485322	1	1	0	0	0	0	0
AF	0	0.485634	2	1	1	0	0	0	0
AF	0	0.486883	3	3	0	0	0	0	0
AF	0	0.487508	1	0	1	0	0	0	0
AF	0	0.489694	1	0	1	0	0	0	0
AF	0	0.490631	1	0	1	0	0	0	0
AF	0	0.492505	2	1	1	0	0	0	0
AF	0	0.493129	1	1	0	0	0	0	0
AF	0	0.493754	2	1	1	0	0	0	0
AF	0	0.495003	1	0	1	0	0	0	0
AF	0	0.495940	1	1	0	0	0	0	0
AF	0	0.497189	1	0	1	0	0	0	0
AF	0	0.497814	2	2	0	0	0	0	0
AF	0	0.498126	1	0	1	0	0	0	0
AF	0	0.498751	8	5	3	0	0	0	0
AF	0	0.499063	3	1	2	0	0	0	0
AF	0	0.499375	1	1	0	0	0	0	0
AF	0	0.500000	1	1	0	0	0	0	0
AF	0	0.500312	1	1	0	0	0	0	0
AF	0	0.500937	1	1	0	0	0	0	0
AF	0	0.501874	2	2	0	0	0	0	0
AF	0	0.502186	1	0	1	0	0	0	0
AF	0	0.502498	1	0	1	0	0	0	0
AF	0	0.503435	2	2	0	0	0	0	0
AF	0	0.505309	2	2	0	0	0	0	0
AF	0	0.505621	8	4	4	0	0	0	0
AF	0	0.505934	4	4	0	0	0	0	0
AF	0	0.506246	8	5	3	0	0	0	0
AF	0	0.506558	1	1	0	0	0	0	0
AF	0	0.506871	15	11	4	0	0	0	0
AF	0	0.507183	8	4	4	0	0	0	0
AF	0	0.507495	6	2	4	0	0	0	0
AF	0	0.507808	5	4	1	0	0	0	0
AF	0	0.508120	2	2	0	0	0	0	0
AF	0	0.508432	2	0	2	0	0	0	0
AF	0	0.508745	8	5	3	0	0	0	0
AF	0	0.509057	8	6	2	0	0	0	0
AF	0	0.509369	5	3	2	0	0	0	0
AF	0	0.509681	5	3	2	0	0	0	0
AF	0	0.509994	13	6	7	0	0	0	0
AF	0	0.510306	11	7	4	0	0	0	0
AF	0	0.510618	5	2	3	0	0	0	0
AF	0	0.510931	3	1	2	0	0	0	0
AF	0	0.511243	1	1	0	0	0	0	0
AF	0	0.511555	1	0	1	0	0	0	0
AF	0	0.512180	1	0	1	0	0	0	0
AF	0	0.512492	6	4	2	0	0	0	0
AF	0	0.512804	2	1	1	0	0	0	0
AF	0	0.513117	2	2	0	0	0	0	0
AF	0	0.513429	1	0	1	0	0	0	0
AF	0	0.515928	1	1	0	0	0	0	0
AF	0	0.516240	2	1	1	0	0	0	0
AF	0	0.516864	3	3	0	0	0	0	0
AF	0	0.517177	1	0	1	0	0	0	0
AF	0	0.518426	1	1	0	0	0	0	0
AF	0	0.519363	3	3	0	0	0	0	0
AF	0	0.519675	3	2	1	0	0	0	0
AF	0	0.519988	1	0	1	0	0	0	0
AF	0	0.520612	2	2	0	0	0	0	0
AF	0	0.521237	1	0	1	0	0	0	0
AF	0	0.521861	3	2	1	0	0	0	0
AF	0	0.522174	1	0	1	0	0	0	0
AF	0	0.522486	2	2	0	0	0	0	0
AF	0	0.523111	2	2	0	0	0	0	0
AF	0	0.524672	1	0	1	0	0	0	0
AF	0	0.524984	2	1	1	0	0	0	0
AF	0	0.525297	1	1	0	0	0	0	0
AF	0	0.525921	1	1	0	0	0	0	0
AF	0	0.526858	2	0	2	0	0	0	0
AF	0	0.527171	1	0	1	0	0	0	0
AF	0	0.528107	1	1	0	0	0	0	0
AF	0	0.528420	1	1	0	0	0	0	0
AF	0	0.531855	1	1	0	0	0	0	0
AF	0	0.532480	1	1	0	0	0	0	0
AF	0	0.532792	1	1	0	0	0	0	0
AF	0	0.535603	1	1	0	0	0	0	0
AF	0	0.538101	1	1	0	0	0	0	0
AF	0	0.538726	1	0	1	0	0	0	0
AF	0	0.539663	1	1	0	0	0	0	0
AF	0	0.541849	2	2	0	0	0	0	0
AF	0	0.542473	3	3	0	0	0	0	0
AF	0	0.543098	1	0	1	0	0	0	0
AF	0	0.544347	1	1	0	0	0	0	0
AF	0	0.545597	1	0	1	0	0	0	0
AF	0	0.545909	3	3	0	0	0	0	0
AF	0	0.546221	5	1	4	0	0	0	0
AF	0	0.546533	1	1	0	0	0	0	0
AF	0	0.546846	2	2	0	0	0	0	0
AF	0	0.547158	1	1	0	0	0	0	0
AF	0	0.548407	1	0	1	0	0	0	0
AF	0	0.548720	1	1	0	0	0	0	0
AF	0	0.549344	1	0	1	0	0	0	0
AF	0	0.550593	1	0	1	0	0	0	0
AF	0	0.551218	1	1	0	0	0	0	0
AF	0	0.553092	1	1	0	0	0	0	0
AF	0	0.553716	2	2	0	0	0	0	0
AF	0	0.556215	1	1	0	0	0	0	0
AF	0	0.557152	1	1	0	0	0	0	0
AF	0	0.562461	1	0	1	0	0	0	0
AF	0	0.563398	1	0	1	0	0	0	0
AF	0	0.563710	2	1	1	0	0	0	0
AF	0	0.564022	1	0	1	0	0	0	0
AF	0	0.566209	1	1	0	0	0	0	0
AF	0	0.567458	2	1	1	0	0	0	0
AF	0	0.568395	2	2	0	0	0	0	0
AF	0	0.569644	3	3	0	0	0	0	0
AF	0	0.570269	1	1	0	0	0	0	0
AF	0	0.571518	5	5	0	0	0	0	0
AF	0	0.572142	1	1	0	0	0	0	0
AF	0	0.573392	3	2	1	0	0	0	0
AF	0	0.573704	1	0	1	0	0	0	0
AF	0	0.574016	1	0	1	0	0	0	0
AF	0	0.574329	1	1	0	0	0	0	0
AF	0	0.574953	1	1	0	0	0	0	0
AF	0	0.575890	3	3	0	0	0	0	0
AF	0	0.576515	4	4	0	0	0	0	0
AF	0	0.586508	1	0	1	0	0	0	0
AF	0	0.590256	2	2	0	0	0	0	0
AF	0	0.598376	1	1	0	0	0	0	0
AF	0	0.601499	1	0	1	0	0	0	0
AF	0	0.606184	1	1	0	0	0	0	0
AF	0	0.607121	1	0	1	0	0	0	0
AF	0	0.615240	1	1	0	0	0	0	0
AF	0	0.616490	1	1	0	0	0	0	0
AF	0	0.618988	2	2	0	0	0	0	0
AF	0	0.621487	1	0	1	0	0	0	0
AF	0	0.623673	1	0	1	0	0	0	0
AF	0	0.635540	1	0	1	0	0	0	0
AF	0	0.637414	1	0	1	0	0	0	0
AF	0	0.699563	1	1	0	0	0	0	0
AF	0	0.722986	1	1	0	0	0	0	0
AF	0	0.805434	1	1	0	0	0	0	0
AF	0	0.811993	1	1	0	0	0	0	0
AF	0	0.812305	2	1	1	0	0	0	0
AF	0	0.812617	1	1	0	0	0	0	0
AF	0	0.828857	1	1	0	0	0	0	0
AF	0	0.829169	1	0	1	0	0	0	0
AF	0	0.829482	2	1	1	0	0	0	0
AF	0	0.829794	1	1	0	0	0	0	0
AF	0	0.830106	3	1	2	0	0	0	0
AF	0	0.830418	1	1	0	0	0	0	0
AF	0	0.831980	1	0	1	0	0	0	0
AF	0	0.835728	1	1	0	0	0	0	0
AF	0	0.884447	1	1	0	0	0	0	0
AF	0	0.900375	1	1	0	0	0	0	0
AF	0	0.901624	1	0	1	0	0	0	0
AF	0	0.910681	1	0	1	0	0	0	0
AF	0	0.914741	1	1	0	0	0	0	0
AF	0	0.918801	1	0	1	0	0	0	0
AF	0	0.924110	2	2	0	0	0	0	0
AF	0	0.964085	1	1	0	0	0	0	0
AF	0	0.964397	1	1	0	0	0	0	0
AF	0	0.968145	1	1	0	0	0	0	0
AF	0	0.975640	2	1	1	0	0	0	0
AF	0	0.977826	1	1	0	0	0	0	0
AF	0	0.980012	1	1	0	0	0	0	0
AF	0	0.980325	1	0	1	0	0	0	0
AF	0	0.981574	1	1	0	0	0	0	0
AF	0	0.984385	1	1	0	0	0	0	0
AF	0	0.985009	2	2	0	0	0	0	0
AF	0	0.985322	2	2	0	0	0	0	0
AF	0	0.988757	1	1	0	0	0	0	0
AF	0	0.990319	1	0	1	0	0	0	0
AF	0	0.993754	3	1	2	0	0	0	0
AF	0	0.994691	1	0	1	0	0	0	0
AF	0	0.995315	1	0	1	0	0	0	0
AF	0	0.995628	1	0	1	0	0	0	0
AF	0	0.995940	3	3	0	0	0	0	0
AF	0	0.997189	1	1	0	0	0	0	0
AF	0	0.997814	1	0	1	0	0	0	0
AF	0	0.998438	2	2	0	0	0	0	0
AF	0	0.998751	1	0	1	0	0	0	0
# QUAL, Stats by quality
# QUAL	[2]id	[3]Quality	[4]number of SNPs	[5]number of transitions (1st ALT)	[6]number of transversions (1st ALT)	[7]number of indels
QUAL	0	.	12904	8931	3973	0
# IDD, InDel distribution:
# IDD	[2]id	[3]length (deletions negative)	[4]number of sites	[5]number of genotypes	[6]mean VAF
# ST, Substitution types:
# ST	[2]id	[3]type	[4]count
ST	0	A>C	468
ST	0	A>G	1569
ST	0	A>T	454
ST	0	C>A	618
ST	0	C>G	532
ST	0	C>T	2772
ST	0	G>A	2588
ST	0	G>C	475
ST	0	G>T	513
ST	0	T>A	493
ST	0	T>C	2002
ST	0	T>G	420
# DP, Depth distribution
# DP	[2]id	[3]bin	[4]number of genotypes	[5]fraction of genotypes (%)	[6]number of sites	[7]fraction of sites (%)
  - Fix haploid genotypes in males...

Submit MakeDiploidMalesX finished successfully. Let's have a beer, buddy!

