Submit MakeDiploidMalesX
version 1.1.6 (2024-09-30)

These are the settings:
  Input file................: /hpc/local/Rocky8/dhl_ec/software/MonopogenLite/resources/1kGP_high_coverage_Illumina.SNVonly_poly.filtered_AF_5e-04.norm.fixvariantid.chrX.vcf.gz
  Output file...............: /hpc/local/Rocky8/dhl_ec/software/MonopogenLite/resources/1kGP_high_coverage_Illumina.SNVonly_poly.filtered_AF_5e-04.norm.fixvariantid.makediploid.chrX.vcf.gz
  Chunk size................: 100

  SLURM CPUs................: 4
  SLURM Array ID............: 56 (of 100)
  SLURM memory..............: 16G
  SLURM time................: 01:00:00
  SLURM mail type...........: FAIL
  SLURM mail user...........: s.w.vanderlaan-2@umcutrecht.nl

  Dry run mode..............: 0
  Debug mode................: 1
  Verbosity.................: 0
  Version...................: 1.1.6 (2024-09-30)

Making converting haploid genotypes to diploid genotypes.
> Extract the region for this SLURM task (# 56) from the BED file.
  - Get the chunk number from the SLURM array task ID and the bed file...
DEBUG: Extracting chunk number: 56p from 56
DEBUG: Extracting region from BED file: /hpc/local/Rocky8/dhl_ec/software/MonopogenLite/resources/chrX_100pieces.bed
  - Extract the region from the BED file...
DEBUG: Extracted raw region: 'chrX	85822441	87382848' (chunk #: 56p of 100 for job 56)
  - Check if a valid region was extracted -- should be 'chrX	85822441	87382848'...
  - Prepare the region for bcftools...
  - Check if the region (chrX:85822441-87382848) was successfully extracted...
> Processing region 'chrX:85822441-87382848'...
  - Process the specific region (chunk# 56) using bcftools view...
  - Index the VCF file...
DEBUG: Check if the VCF file was successfully processed...
##fileformat=VCFv4.2
##FILTER=<ID=PASS,Description="All filters passed">
##fileDate=29/01/2022 - 14:31:41
##source=shapeit4.2.2
##contig=<ID=chr1,length=248956422>
##contig=<ID=chr2,length=242193529>
##contig=<ID=chr3,length=198295559>
##contig=<ID=chr4,length=190214555>
##contig=<ID=chr5,length=181538259>
##contig=<ID=chr6,length=170805979>
# This file was produced by bcftools stats (1.20+htslib-1.20) and can be plotted using plot-vcfstats.
# The command line was:	bcftools stats  /hpc/local/Rocky8/dhl_ec/software/MonopogenLite/resources/chrX.part56.vcf.gz
#
# Definition of sets:
# ID	[2]id	[3]tab-separated file names
ID	0	/hpc/local/Rocky8/dhl_ec/software/MonopogenLite/resources/chrX.part56.vcf.gz
# SN, Summary numbers:
#   number of records   .. number of data rows in the VCF
#   number of no-ALTs   .. reference-only sites, ALT is either "." or identical to REF
#   number of SNPs      .. number of rows with a SNP
#   number of MNPs      .. number of rows with a MNP, such as CC>TT
#   number of indels    .. number of rows with an indel
#   number of others    .. number of rows with other type, for example a symbolic allele or
#                          a complex substitution, such as ACT>TCGA
#   number of multiallelic sites     .. number of rows with multiple alternate alleles
#   number of multiallelic SNP sites .. number of rows with multiple alternate alleles, all SNPs
# 
#   Note that rows containing multiple types will be counted multiple times, in each
#   counter. For example, a row with a SNP and an indel increments both the SNP and
#   the indel counter.
# 
# SN	[2]id	[3]key	[4]value
SN	0	number of samples:	3202
SN	0	number of records:	19291
SN	0	number of no-ALTs:	0
SN	0	number of SNPs:	19291
SN	0	number of MNPs:	0
SN	0	number of indels:	0
SN	0	number of others:	0
SN	0	number of multiallelic sites:	0
SN	0	number of multiallelic SNP sites:	0
# TSTV, transitions/transversions:
# TSTV	[2]id	[3]ts	[4]tv	[5]ts/tv	[6]ts (1st ALT)	[7]tv (1st ALT)	[8]ts/tv (1st ALT)
TSTV	0	12540	6751	1.86	12540	6751	1.86
# SiS, Singleton stats:
# SiS	[2]id	[3]allele count	[4]number of SNPs	[5]number of transitions	[6]number of transversions	[7]number of indels	[8]repeat-consistent	[9]repeat-inconsistent	[10]not applicable
SiS	0	1	0	0	0	0	0	0	0
# AF, Stats by non-reference allele frequency:
# AF	[2]id	[3]allele frequency	[4]number of SNPs	[5]number of transitions	[6]number of transversions	[7]number of indels	[8]repeat-consistent	[9]repeat-inconsistent	[10]not applicable
AF	0	0.000312	2483	1642	841	0	0	0	0
AF	0	0.000625	1628	1032	596	0	0	0	0
AF	0	0.000937	2026	1362	664	0	0	0	0
AF	0	0.001249	621	409	212	0	0	0	0
AF	0	0.001562	1131	749	382	0	0	0	0
AF	0	0.001874	406	269	137	0	0	0	0
AF	0	0.002186	583	393	190	0	0	0	0
AF	0	0.002498	294	188	106	0	0	0	0
AF	0	0.002811	484	308	176	0	0	0	0
AF	0	0.003123	193	130	63	0	0	0	0
AF	0	0.003435	405	252	153	0	0	0	0
AF	0	0.003748	155	96	59	0	0	0	0
AF	0	0.004060	278	172	106	0	0	0	0
AF	0	0.004372	106	79	27	0	0	0	0
AF	0	0.004685	191	118	73	0	0	0	0
AF	0	0.004997	87	57	30	0	0	0	0
AF	0	0.005309	163	109	54	0	0	0	0
AF	0	0.005621	90	49	41	0	0	0	0
AF	0	0.005934	134	86	48	0	0	0	0
AF	0	0.006246	55	34	21	0	0	0	0
AF	0	0.006558	170	109	61	0	0	0	0
AF	0	0.006871	67	49	18	0	0	0	0
AF	0	0.007183	141	96	45	0	0	0	0
AF	0	0.007495	69	38	31	0	0	0	0
AF	0	0.007808	135	91	44	0	0	0	0
AF	0	0.008120	61	39	22	0	0	0	0
AF	0	0.008432	121	72	49	0	0	0	0
AF	0	0.008745	55	31	24	0	0	0	0
AF	0	0.009057	153	105	48	0	0	0	0
AF	0	0.009369	56	35	21	0	0	0	0
AF	0	0.009681	79	53	26	0	0	0	0
AF	0	0.009994	63	38	25	0	0	0	0
AF	0	0.010306	134	96	38	0	0	0	0
AF	0	0.010618	55	34	21	0	0	0	0
AF	0	0.010931	118	81	37	0	0	0	0
AF	0	0.011243	35	21	14	0	0	0	0
AF	0	0.011555	56	38	18	0	0	0	0
AF	0	0.011868	63	43	20	0	0	0	0
AF	0	0.012180	60	40	20	0	0	0	0
AF	0	0.012492	31	21	10	0	0	0	0
AF	0	0.012804	54	35	19	0	0	0	0
AF	0	0.013117	36	23	13	0	0	0	0
AF	0	0.013429	77	41	36	0	0	0	0
AF	0	0.013741	25	15	10	0	0	0	0
AF	0	0.014054	64	43	21	0	0	0	0
AF	0	0.014366	22	14	8	0	0	0	0
AF	0	0.014678	42	33	9	0	0	0	0
AF	0	0.014991	10	9	1	0	0	0	0
AF	0	0.015303	65	36	29	0	0	0	0
AF	0	0.015615	31	20	11	0	0	0	0
AF	0	0.015928	34	22	12	0	0	0	0
AF	0	0.016240	9	5	4	0	0	0	0
AF	0	0.016552	24	16	8	0	0	0	0
AF	0	0.016864	11	7	4	0	0	0	0
AF	0	0.017177	21	11	10	0	0	0	0
AF	0	0.017489	40	24	16	0	0	0	0
AF	0	0.017801	29	14	15	0	0	0	0
AF	0	0.018114	20	13	7	0	0	0	0
AF	0	0.018426	19	12	7	0	0	0	0
AF	0	0.018738	11	9	2	0	0	0	0
AF	0	0.019051	17	14	3	0	0	0	0
AF	0	0.019363	12	7	5	0	0	0	0
AF	0	0.019675	23	13	10	0	0	0	0
AF	0	0.019988	12	9	3	0	0	0	0
AF	0	0.020300	30	18	12	0	0	0	0
AF	0	0.020612	13	8	5	0	0	0	0
AF	0	0.020924	28	20	8	0	0	0	0
AF	0	0.021237	6	3	3	0	0	0	0
AF	0	0.021549	26	14	12	0	0	0	0
AF	0	0.021861	21	11	10	0	0	0	0
AF	0	0.022174	14	9	5	0	0	0	0
AF	0	0.022486	13	8	5	0	0	0	0
AF	0	0.022798	16	9	7	0	0	0	0
AF	0	0.023111	9	7	2	0	0	0	0
AF	0	0.023423	35	26	9	0	0	0	0
AF	0	0.023735	11	8	3	0	0	0	0
AF	0	0.024047	19	8	11	0	0	0	0
AF	0	0.024360	13	9	4	0	0	0	0
AF	0	0.024672	16	12	4	0	0	0	0
AF	0	0.024984	6	2	4	0	0	0	0
AF	0	0.025297	14	8	6	0	0	0	0
AF	0	0.025609	12	8	4	0	0	0	0
AF	0	0.025921	22	16	6	0	0	0	0
AF	0	0.026234	7	4	3	0	0	0	0
AF	0	0.026546	11	9	2	0	0	0	0
AF	0	0.026858	4	3	1	0	0	0	0
AF	0	0.027171	27	18	9	0	0	0	0
AF	0	0.027483	7	5	2	0	0	0	0
AF	0	0.027795	13	9	4	0	0	0	0
AF	0	0.028107	8	5	3	0	0	0	0
AF	0	0.028420	9	5	4	0	0	0	0
AF	0	0.028732	3	0	3	0	0	0	0
AF	0	0.029044	11	8	3	0	0	0	0
AF	0	0.029357	6	4	2	0	0	0	0
AF	0	0.029669	16	8	8	0	0	0	0
AF	0	0.029981	8	5	3	0	0	0	0
AF	0	0.030294	43	30	13	0	0	0	0
AF	0	0.030606	36	19	17	0	0	0	0
AF	0	0.030918	11	6	5	0	0	0	0
AF	0	0.031230	11	6	5	0	0	0	0
AF	0	0.031543	8	7	1	0	0	0	0
AF	0	0.031855	2	1	1	0	0	0	0
AF	0	0.032167	8	3	5	0	0	0	0
AF	0	0.032480	4	3	1	0	0	0	0
AF	0	0.032792	6	5	1	0	0	0	0
AF	0	0.033104	11	8	3	0	0	0	0
AF	0	0.033417	17	8	9	0	0	0	0
AF	0	0.033729	10	5	5	0	0	0	0
AF	0	0.034041	26	15	11	0	0	0	0
AF	0	0.034354	21	11	10	0	0	0	0
AF	0	0.034666	63	44	19	0	0	0	0
AF	0	0.034978	9	6	3	0	0	0	0
AF	0	0.035290	34	20	14	0	0	0	0
AF	0	0.035603	12	5	7	0	0	0	0
AF	0	0.035915	28	16	12	0	0	0	0
AF	0	0.036227	15	7	8	0	0	0	0
AF	0	0.036540	23	15	8	0	0	0	0
AF	0	0.036852	6	3	3	0	0	0	0
AF	0	0.037164	15	7	8	0	0	0	0
AF	0	0.037477	6	2	4	0	0	0	0
AF	0	0.037789	15	11	4	0	0	0	0
AF	0	0.038101	5	4	1	0	0	0	0
AF	0	0.038413	58	36	22	0	0	0	0
AF	0	0.038726	7	6	1	0	0	0	0
AF	0	0.039038	10	8	2	0	0	0	0
AF	0	0.039350	8	4	4	0	0	0	0
AF	0	0.039663	36	23	13	0	0	0	0
AF	0	0.039975	9	6	3	0	0	0	0
AF	0	0.040287	9	4	5	0	0	0	0
AF	0	0.040600	4	3	1	0	0	0	0
AF	0	0.040912	12	7	5	0	0	0	0
AF	0	0.041224	1	0	1	0	0	0	0
AF	0	0.041537	17	13	4	0	0	0	0
AF	0	0.041849	4	3	1	0	0	0	0
AF	0	0.042161	1	1	0	0	0	0	0
AF	0	0.042473	1	0	1	0	0	0	0
AF	0	0.042786	10	8	2	0	0	0	0
AF	0	0.043098	5	2	3	0	0	0	0
AF	0	0.043410	9	4	5	0	0	0	0
AF	0	0.043723	4	4	0	0	0	0	0
AF	0	0.044035	21	14	7	0	0	0	0
AF	0	0.044347	3	1	2	0	0	0	0
AF	0	0.044660	12	8	4	0	0	0	0
AF	0	0.044972	5	3	2	0	0	0	0
AF	0	0.045284	11	9	2	0	0	0	0
AF	0	0.045597	10	6	4	0	0	0	0
AF	0	0.045909	10	8	2	0	0	0	0
AF	0	0.046221	17	13	4	0	0	0	0
AF	0	0.046533	6	5	1	0	0	0	0
AF	0	0.046846	2	1	1	0	0	0	0
AF	0	0.047158	10	5	5	0	0	0	0
AF	0	0.047470	3	0	3	0	0	0	0
AF	0	0.047783	8	6	2	0	0	0	0
AF	0	0.048095	4	4	0	0	0	0	0
AF	0	0.048407	5	3	2	0	0	0	0
AF	0	0.048720	15	10	5	0	0	0	0
AF	0	0.049032	24	15	9	0	0	0	0
AF	0	0.049344	5	5	0	0	0	0	0
AF	0	0.049656	5	3	2	0	0	0	0
AF	0	0.049969	3	3	0	0	0	0	0
AF	0	0.050281	7	5	2	0	0	0	0
AF	0	0.050593	1	1	0	0	0	0	0
AF	0	0.050906	15	12	3	0	0	0	0
AF	0	0.051218	2	2	0	0	0	0	0
AF	0	0.051530	4	2	2	0	0	0	0
AF	0	0.051843	4	1	3	0	0	0	0
AF	0	0.052155	3	2	1	0	0	0	0
AF	0	0.052467	3	3	0	0	0	0	0
AF	0	0.052780	10	6	4	0	0	0	0
AF	0	0.053092	12	8	4	0	0	0	0
AF	0	0.053404	13	8	5	0	0	0	0
AF	0	0.053716	7	5	2	0	0	0	0
AF	0	0.054029	44	28	16	0	0	0	0
AF	0	0.054341	3	3	0	0	0	0	0
AF	0	0.054653	18	13	5	0	0	0	0
AF	0	0.054966	5	2	3	0	0	0	0
AF	0	0.055278	3	1	2	0	0	0	0
AF	0	0.055590	2	2	0	0	0	0	0
AF	0	0.055903	4	3	1	0	0	0	0
AF	0	0.056215	3	2	1	0	0	0	0
AF	0	0.056527	6	5	1	0	0	0	0
AF	0	0.056839	3	3	0	0	0	0	0
AF	0	0.057152	14	9	5	0	0	0	0
AF	0	0.057464	2	1	1	0	0	0	0
AF	0	0.057776	4	3	1	0	0	0	0
AF	0	0.058089	4	1	3	0	0	0	0
AF	0	0.058401	6	5	1	0	0	0	0
AF	0	0.058713	2	2	0	0	0	0	0
AF	0	0.059026	7	5	2	0	0	0	0
AF	0	0.059338	1	1	0	0	0	0	0
AF	0	0.059963	1	1	0	0	0	0	0
AF	0	0.060275	3	2	1	0	0	0	0
AF	0	0.060587	1	0	1	0	0	0	0
AF	0	0.060899	15	6	9	0	0	0	0
AF	0	0.061212	4	2	2	0	0	0	0
AF	0	0.061524	5	3	2	0	0	0	0
AF	0	0.061836	3	2	1	0	0	0	0
AF	0	0.062149	4	1	3	0	0	0	0
AF	0	0.062461	2	0	2	0	0	0	0
AF	0	0.062773	5	4	1	0	0	0	0
AF	0	0.063086	8	6	2	0	0	0	0
AF	0	0.063398	7	5	2	0	0	0	0
AF	0	0.063710	2	0	2	0	0	0	0
AF	0	0.064022	6	5	1	0	0	0	0
AF	0	0.064335	2	1	1	0	0	0	0
AF	0	0.064647	6	3	3	0	0	0	0
AF	0	0.064959	4	2	2	0	0	0	0
AF	0	0.065272	5	2	3	0	0	0	0
AF	0	0.065896	1	0	1	0	0	0	0
AF	0	0.066209	3	3	0	0	0	0	0
AF	0	0.066521	5	3	2	0	0	0	0
AF	0	0.066833	3	2	1	0	0	0	0
AF	0	0.067146	8	6	2	0	0	0	0
AF	0	0.067458	1	0	1	0	0	0	0
AF	0	0.067770	3	1	2	0	0	0	0
AF	0	0.068082	2	2	0	0	0	0	0
AF	0	0.068395	13	6	7	0	0	0	0
AF	0	0.068707	3	2	1	0	0	0	0
AF	0	0.069019	5	3	2	0	0	0	0
AF	0	0.069644	3	1	2	0	0	0	0
AF	0	0.069956	2	2	0	0	0	0	0
AF	0	0.070269	12	8	4	0	0	0	0
AF	0	0.070581	2	1	1	0	0	0	0
AF	0	0.070893	1	0	1	0	0	0	0
AF	0	0.071205	2	0	2	0	0	0	0
AF	0	0.071518	3	3	0	0	0	0	0
AF	0	0.071830	1	1	0	0	0	0	0
AF	0	0.072142	8	5	3	0	0	0	0
AF	0	0.072455	5	3	2	0	0	0	0
AF	0	0.072767	6	4	2	0	0	0	0
AF	0	0.073079	4	4	0	0	0	0	0
AF	0	0.073392	9	4	5	0	0	0	0
AF	0	0.073704	3	3	0	0	0	0	0
AF	0	0.074016	12	7	5	0	0	0	0
AF	0	0.074329	1	0	1	0	0	0	0
AF	0	0.074641	3	2	1	0	0	0	0
AF	0	0.074953	3	3	0	0	0	0	0
AF	0	0.075265	9	6	3	0	0	0	0
AF	0	0.075578	5	5	0	0	0	0	0
AF	0	0.075890	2	0	2	0	0	0	0
AF	0	0.076202	3	3	0	0	0	0	0
AF	0	0.076515	5	2	3	0	0	0	0
AF	0	0.077139	3	1	2	0	0	0	0
AF	0	0.077452	3	2	1	0	0	0	0
AF	0	0.077764	4	2	2	0	0	0	0
AF	0	0.078076	2	1	1	0	0	0	0
AF	0	0.078389	8	6	2	0	0	0	0
AF	0	0.078701	1	0	1	0	0	0	0
AF	0	0.079013	9	6	3	0	0	0	0
AF	0	0.079325	3	2	1	0	0	0	0
AF	0	0.079638	4	1	3	0	0	0	0
AF	0	0.079950	4	4	0	0	0	0	0
AF	0	0.080262	4	3	1	0	0	0	0
AF	0	0.080575	1	0	1	0	0	0	0
AF	0	0.080887	2	0	2	0	0	0	0
AF	0	0.081512	3	2	1	0	0	0	0
AF	0	0.081824	4	2	2	0	0	0	0
AF	0	0.082136	10	5	5	0	0	0	0
AF	0	0.082448	3	2	1	0	0	0	0
AF	0	0.082761	4	0	4	0	0	0	0
AF	0	0.083073	3	2	1	0	0	0	0
AF	0	0.083385	4	2	2	0	0	0	0
AF	0	0.083698	1	1	0	0	0	0	0
AF	0	0.084010	11	8	3	0	0	0	0
AF	0	0.084635	2	1	1	0	0	0	0
AF	0	0.084947	3	2	1	0	0	0	0
AF	0	0.085259	13	9	4	0	0	0	0
AF	0	0.085572	1	1	0	0	0	0	0
AF	0	0.085884	7	4	3	0	0	0	0
AF	0	0.086196	1	0	1	0	0	0	0
AF	0	0.086508	2	2	0	0	0	0	0
AF	0	0.087133	8	6	2	0	0	0	0
AF	0	0.087445	3	1	2	0	0	0	0
AF	0	0.087758	2	0	2	0	0	0	0
AF	0	0.088070	2	2	0	0	0	0	0
AF	0	0.088382	2	1	1	0	0	0	0
AF	0	0.089007	5	4	1	0	0	0	0
AF	0	0.089319	3	1	2	0	0	0	0
AF	0	0.089631	3	1	2	0	0	0	0
AF	0	0.089944	3	1	2	0	0	0	0
AF	0	0.090256	11	5	6	0	0	0	0
AF	0	0.090568	5	4	1	0	0	0	0
AF	0	0.090881	4	3	1	0	0	0	0
AF	0	0.091505	4	0	4	0	0	0	0
AF	0	0.091818	1	1	0	0	0	0	0
AF	0	0.092130	2	1	1	0	0	0	0
AF	0	0.092442	2	1	1	0	0	0	0
AF	0	0.092755	3	1	2	0	0	0	0
AF	0	0.093379	10	6	4	0	0	0	0
AF	0	0.093691	2	1	1	0	0	0	0
AF	0	0.094004	1	1	0	0	0	0	0
AF	0	0.094316	2	2	0	0	0	0	0
AF	0	0.094628	5	4	1	0	0	0	0
AF	0	0.094941	4	3	1	0	0	0	0
AF	0	0.095253	6	3	3	0	0	0	0
AF	0	0.095878	1	1	0	0	0	0	0
AF	0	0.096502	5	4	1	0	0	0	0
AF	0	0.096814	1	0	1	0	0	0	0
AF	0	0.097127	4	3	1	0	0	0	0
AF	0	0.097439	1	1	0	0	0	0	0
AF	0	0.097751	2	0	2	0	0	0	0
AF	0	0.098376	3	1	2	0	0	0	0
AF	0	0.098688	5	3	2	0	0	0	0
AF	0	0.099001	9	6	3	0	0	0	0
AF	0	0.099313	3	1	2	0	0	0	0
AF	0	0.099625	18	9	9	0	0	0	0
AF	0	0.100250	2	0	2	0	0	0	0
AF	0	0.100562	2	1	1	0	0	0	0
AF	0	0.101187	1	0	1	0	0	0	0
AF	0	0.101811	1	1	0	0	0	0	0
AF	0	0.102124	2	0	2	0	0	0	0
AF	0	0.102436	5	3	2	0	0	0	0
AF	0	0.102748	8	4	4	0	0	0	0
AF	0	0.103061	9	8	1	0	0	0	0
AF	0	0.103373	10	6	4	0	0	0	0
AF	0	0.103685	6	3	3	0	0	0	0
AF	0	0.103998	3	2	1	0	0	0	0
AF	0	0.104310	5	5	0	0	0	0	0
AF	0	0.104622	5	2	3	0	0	0	0
AF	0	0.105247	3	3	0	0	0	0	0
AF	0	0.105559	2	1	1	0	0	0	0
AF	0	0.105871	12	5	7	0	0	0	0
AF	0	0.106496	3	2	1	0	0	0	0
AF	0	0.107745	2	2	0	0	0	0	0
AF	0	0.108057	4	3	1	0	0	0	0
AF	0	0.108370	7	3	4	0	0	0	0
AF	0	0.108682	3	2	1	0	0	0	0
AF	0	0.108994	4	3	1	0	0	0	0
AF	0	0.109307	1	1	0	0	0	0	0
AF	0	0.109619	6	4	2	0	0	0	0
AF	0	0.109931	1	1	0	0	0	0	0
AF	0	0.110556	2	1	1	0	0	0	0
AF	0	0.110868	3	2	1	0	0	0	0
AF	0	0.111181	13	5	8	0	0	0	0
AF	0	0.111493	7	4	3	0	0	0	0
AF	0	0.111805	8	4	4	0	0	0	0
AF	0	0.112117	1	1	0	0	0	0	0
AF	0	0.112430	4	3	1	0	0	0	0
AF	0	0.113054	2	1	1	0	0	0	0
AF	0	0.114304	1	1	0	0	0	0	0
AF	0	0.114616	1	1	0	0	0	0	0
AF	0	0.114928	1	1	0	0	0	0	0
AF	0	0.115240	3	3	0	0	0	0	0
AF	0	0.115553	17	14	3	0	0	0	0
AF	0	0.115865	10	5	5	0	0	0	0
AF	0	0.116177	7	5	2	0	0	0	0
AF	0	0.116490	1	1	0	0	0	0	0
AF	0	0.116802	5	4	1	0	0	0	0
AF	0	0.117427	1	1	0	0	0	0	0
AF	0	0.117739	4	2	2	0	0	0	0
AF	0	0.118051	3	2	1	0	0	0	0
AF	0	0.118364	1	1	0	0	0	0	0
AF	0	0.118676	7	4	3	0	0	0	0
AF	0	0.118988	7	6	1	0	0	0	0
AF	0	0.119300	3	2	1	0	0	0	0
AF	0	0.119613	3	3	0	0	0	0	0
AF	0	0.119925	6	5	1	0	0	0	0
AF	0	0.120237	6	4	2	0	0	0	0
AF	0	0.120550	6	3	3	0	0	0	0
AF	0	0.120862	11	7	4	0	0	0	0
AF	0	0.121174	11	7	4	0	0	0	0
AF	0	0.121487	4	2	2	0	0	0	0
AF	0	0.121799	8	7	1	0	0	0	0
AF	0	0.122111	4	3	1	0	0	0	0
AF	0	0.122423	1	1	0	0	0	0	0
AF	0	0.123048	1	0	1	0	0	0	0
AF	0	0.123673	3	2	1	0	0	0	0
AF	0	0.123985	2	0	2	0	0	0	0
AF	0	0.124297	9	5	4	0	0	0	0
AF	0	0.124610	2	2	0	0	0	0	0
AF	0	0.124922	22	14	8	0	0	0	0
AF	0	0.125234	4	3	1	0	0	0	0
AF	0	0.125547	3	2	1	0	0	0	0
AF	0	0.125859	1	1	0	0	0	0	0
AF	0	0.126483	6	4	2	0	0	0	0
AF	0	0.126796	3	0	3	0	0	0	0
AF	0	0.127108	5	3	2	0	0	0	0
AF	0	0.127420	3	2	1	0	0	0	0
AF	0	0.127733	1	1	0	0	0	0	0
AF	0	0.128357	1	1	0	0	0	0	0
AF	0	0.128670	4	3	1	0	0	0	0
AF	0	0.128982	2	0	2	0	0	0	0
AF	0	0.129294	1	1	0	0	0	0	0
AF	0	0.129606	3	1	2	0	0	0	0
AF	0	0.129919	8	6	2	0	0	0	0
AF	0	0.130231	4	1	3	0	0	0	0
AF	0	0.130543	1	1	0	0	0	0	0
AF	0	0.131168	13	8	5	0	0	0	0
AF	0	0.131480	3	1	2	0	0	0	0
AF	0	0.131793	2	1	1	0	0	0	0
AF	0	0.132417	2	2	0	0	0	0	0
AF	0	0.132730	1	1	0	0	0	0	0
AF	0	0.133042	5	2	3	0	0	0	0
AF	0	0.133354	3	3	0	0	0	0	0
AF	0	0.133666	3	3	0	0	0	0	0
AF	0	0.134291	2	0	2	0	0	0	0
AF	0	0.135228	3	3	0	0	0	0	0
AF	0	0.135540	1	1	0	0	0	0	0
AF	0	0.136165	1	0	1	0	0	0	0
AF	0	0.136790	2	1	1	0	0	0	0
AF	0	0.137414	3	2	1	0	0	0	0
AF	0	0.137726	2	1	1	0	0	0	0
AF	0	0.138039	2	1	1	0	0	0	0
AF	0	0.138351	1	1	0	0	0	0	0
AF	0	0.138663	5	2	3	0	0	0	0
AF	0	0.139288	3	2	1	0	0	0	0
AF	0	0.139600	3	1	2	0	0	0	0
AF	0	0.139913	1	1	0	0	0	0	0
AF	0	0.140225	1	1	0	0	0	0	0
AF	0	0.140537	1	0	1	0	0	0	0
AF	0	0.141162	2	2	0	0	0	0	0
AF	0	0.141786	1	1	0	0	0	0	0
AF	0	0.143036	1	1	0	0	0	0	0
AF	0	0.143660	1	0	1	0	0	0	0
AF	0	0.143973	3	1	2	0	0	0	0
AF	0	0.144285	5	2	3	0	0	0	0
AF	0	0.144909	1	0	1	0	0	0	0
AF	0	0.145534	6	3	3	0	0	0	0
AF	0	0.145846	4	2	2	0	0	0	0
AF	0	0.146159	1	1	0	0	0	0	0
AF	0	0.146471	1	0	1	0	0	0	0
AF	0	0.146783	3	1	2	0	0	0	0
AF	0	0.147408	3	2	1	0	0	0	0
AF	0	0.147720	2	1	1	0	0	0	0
AF	0	0.148032	5	4	1	0	0	0	0
AF	0	0.148345	1	1	0	0	0	0	0
AF	0	0.148657	4	1	3	0	0	0	0
AF	0	0.148969	1	1	0	0	0	0	0
AF	0	0.149282	1	1	0	0	0	0	0
AF	0	0.149594	1	1	0	0	0	0	0
AF	0	0.149906	1	1	0	0	0	0	0
AF	0	0.150219	4	3	1	0	0	0	0
AF	0	0.151780	5	3	2	0	0	0	0
AF	0	0.152092	1	0	1	0	0	0	0
AF	0	0.152405	2	1	1	0	0	0	0
AF	0	0.152717	1	1	0	0	0	0	0
AF	0	0.153029	4	4	0	0	0	0	0
AF	0	0.153342	2	2	0	0	0	0	0
AF	0	0.153654	1	1	0	0	0	0	0
AF	0	0.154279	1	1	0	0	0	0	0
AF	0	0.154903	3	2	1	0	0	0	0
AF	0	0.155528	3	2	1	0	0	0	0
AF	0	0.155840	2	1	1	0	0	0	0
AF	0	0.156152	5	2	3	0	0	0	0
AF	0	0.156465	1	0	1	0	0	0	0
AF	0	0.156777	3	2	1	0	0	0	0
AF	0	0.157089	1	1	0	0	0	0	0
AF	0	0.157402	4	1	3	0	0	0	0
AF	0	0.157714	3	2	1	0	0	0	0
AF	0	0.158026	3	2	1	0	0	0	0
AF	0	0.158651	3	1	2	0	0	0	0
AF	0	0.158963	1	1	0	0	0	0	0
AF	0	0.159275	6	3	3	0	0	0	0
AF	0	0.159588	9	6	3	0	0	0	0
AF	0	0.159900	31	24	7	0	0	0	0
AF	0	0.160212	4	2	2	0	0	0	0
AF	0	0.160525	3	2	1	0	0	0	0
AF	0	0.160837	1	1	0	0	0	0	0
AF	0	0.161149	2	0	2	0	0	0	0
AF	0	0.162086	1	0	1	0	0	0	0
AF	0	0.162399	2	2	0	0	0	0	0
AF	0	0.162711	1	1	0	0	0	0	0
AF	0	0.163023	1	1	0	0	0	0	0
AF	0	0.163335	1	1	0	0	0	0	0
AF	0	0.163648	1	0	1	0	0	0	0
AF	0	0.163960	1	0	1	0	0	0	0
AF	0	0.164272	2	2	0	0	0	0	0
AF	0	0.164897	3	1	2	0	0	0	0
AF	0	0.165209	1	1	0	0	0	0	0
AF	0	0.165522	4	2	2	0	0	0	0
AF	0	0.165834	3	3	0	0	0	0	0
AF	0	0.166771	2	1	1	0	0	0	0
AF	0	0.167083	2	2	0	0	0	0	0
AF	0	0.167395	2	0	2	0	0	0	0
AF	0	0.167708	3	3	0	0	0	0	0
AF	0	0.168020	2	2	0	0	0	0	0
AF	0	0.168332	1	1	0	0	0	0	0
AF	0	0.168645	1	1	0	0	0	0	0
AF	0	0.168957	3	3	0	0	0	0	0
AF	0	0.169269	8	5	3	0	0	0	0
AF	0	0.169582	2	1	1	0	0	0	0
AF	0	0.170206	2	1	1	0	0	0	0
AF	0	0.170518	3	0	3	0	0	0	0
AF	0	0.171143	1	1	0	0	0	0	0
AF	0	0.171455	3	1	2	0	0	0	0
AF	0	0.171768	2	2	0	0	0	0	0
AF	0	0.172080	2	0	2	0	0	0	0
AF	0	0.172392	5	4	1	0	0	0	0
AF	0	0.172705	1	1	0	0	0	0	0
AF	0	0.173017	3	1	2	0	0	0	0
AF	0	0.173329	2	1	1	0	0	0	0
AF	0	0.174266	4	0	4	0	0	0	0
AF	0	0.174578	6	5	1	0	0	0	0
AF	0	0.174891	9	7	2	0	0	0	0
AF	0	0.175203	3	1	2	0	0	0	0
AF	0	0.175515	3	2	1	0	0	0	0
AF	0	0.175828	3	2	1	0	0	0	0
AF	0	0.176140	2	2	0	0	0	0	0
AF	0	0.176765	3	2	1	0	0	0	0
AF	0	0.177077	7	4	3	0	0	0	0
AF	0	0.177389	32	23	9	0	0	0	0
AF	0	0.177701	12	8	4	0	0	0	0
AF	0	0.178014	8	7	1	0	0	0	0
AF	0	0.178326	1	1	0	0	0	0	0
AF	0	0.178638	3	2	1	0	0	0	0
AF	0	0.178951	3	3	0	0	0	0	0
AF	0	0.179263	4	3	1	0	0	0	0
AF	0	0.179575	4	1	3	0	0	0	0
AF	0	0.179888	1	0	1	0	0	0	0
AF	0	0.180512	1	1	0	0	0	0	0
AF	0	0.180824	1	1	0	0	0	0	0
AF	0	0.181137	5	4	1	0	0	0	0
AF	0	0.181449	1	1	0	0	0	0	0
AF	0	0.181761	7	3	4	0	0	0	0
AF	0	0.182074	7	5	2	0	0	0	0
AF	0	0.182386	13	7	6	0	0	0	0
AF	0	0.182698	1	0	1	0	0	0	0
AF	0	0.183011	6	4	2	0	0	0	0
AF	0	0.183323	2	2	0	0	0	0	0
AF	0	0.183635	4	2	2	0	0	0	0
AF	0	0.183948	1	0	1	0	0	0	0
AF	0	0.184260	4	2	2	0	0	0	0
AF	0	0.184572	4	4	0	0	0	0	0
AF	0	0.184884	4	3	1	0	0	0	0
AF	0	0.185197	2	1	1	0	0	0	0
AF	0	0.185821	1	0	1	0	0	0	0
AF	0	0.186446	1	0	1	0	0	0	0
AF	0	0.186758	4	2	2	0	0	0	0
AF	0	0.187071	1	1	0	0	0	0	0
AF	0	0.187383	8	6	2	0	0	0	0
AF	0	0.187695	2	2	0	0	0	0	0
AF	0	0.188007	2	1	1	0	0	0	0
AF	0	0.188320	1	1	0	0	0	0	0
AF	0	0.188632	1	0	1	0	0	0	0
AF	0	0.189257	2	0	2	0	0	0	0
AF	0	0.189569	1	1	0	0	0	0	0
AF	0	0.189881	5	1	4	0	0	0	0
AF	0	0.190194	2	1	1	0	0	0	0
AF	0	0.190506	1	1	0	0	0	0	0
AF	0	0.190818	1	0	1	0	0	0	0
AF	0	0.191131	1	0	1	0	0	0	0
AF	0	0.191443	1	1	0	0	0	0	0
AF	0	0.191755	2	2	0	0	0	0	0
AF	0	0.192067	2	0	2	0	0	0	0
AF	0	0.192380	2	1	1	0	0	0	0
AF	0	0.192692	1	0	1	0	0	0	0
AF	0	0.193317	2	0	2	0	0	0	0
AF	0	0.193629	8	3	5	0	0	0	0
AF	0	0.193941	5	4	1	0	0	0	0
AF	0	0.194254	6	3	3	0	0	0	0
AF	0	0.194566	8	5	3	0	0	0	0
AF	0	0.194878	5	3	2	0	0	0	0
AF	0	0.195191	3	2	1	0	0	0	0
AF	0	0.195503	1	1	0	0	0	0	0
AF	0	0.195815	1	0	1	0	0	0	0
AF	0	0.196127	3	2	1	0	0	0	0
AF	0	0.196440	1	1	0	0	0	0	0
AF	0	0.196752	2	2	0	0	0	0	0
AF	0	0.197064	1	1	0	0	0	0	0
AF	0	0.197377	3	1	2	0	0	0	0
AF	0	0.197689	5	2	3	0	0	0	0
AF	0	0.198001	4	3	1	0	0	0	0
AF	0	0.198314	1	0	1	0	0	0	0
AF	0	0.198626	3	2	1	0	0	0	0
AF	0	0.198938	2	2	0	0	0	0	0
AF	0	0.199250	7	5	2	0	0	0	0
AF	0	0.199563	3	3	0	0	0	0	0
AF	0	0.199875	2	1	1	0	0	0	0
AF	0	0.200187	1	0	1	0	0	0	0
AF	0	0.200500	3	2	1	0	0	0	0
AF	0	0.200812	2	2	0	0	0	0	0
AF	0	0.201124	3	1	2	0	0	0	0
AF	0	0.201437	3	3	0	0	0	0	0
AF	0	0.201749	3	2	1	0	0	0	0
AF	0	0.202061	5	4	1	0	0	0	0
AF	0	0.202374	7	6	1	0	0	0	0
AF	0	0.202686	7	5	2	0	0	0	0
AF	0	0.202998	3	2	1	0	0	0	0
AF	0	0.203310	1	1	0	0	0	0	0
AF	0	0.203623	1	0	1	0	0	0	0
AF	0	0.204247	4	2	2	0	0	0	0
AF	0	0.204560	2	1	1	0	0	0	0
AF	0	0.204872	1	1	0	0	0	0	0
AF	0	0.205497	6	6	0	0	0	0	0
AF	0	0.205809	2	1	1	0	0	0	0
AF	0	0.206121	4	4	0	0	0	0	0
AF	0	0.206433	1	1	0	0	0	0	0
AF	0	0.206746	4	3	1	0	0	0	0
AF	0	0.207370	3	3	0	0	0	0	0
AF	0	0.207683	2	1	1	0	0	0	0
AF	0	0.207995	1	0	1	0	0	0	0
AF	0	0.208307	1	0	1	0	0	0	0
AF	0	0.208620	1	1	0	0	0	0	0
AF	0	0.208932	1	1	0	0	0	0	0
AF	0	0.209869	1	0	1	0	0	0	0
AF	0	0.210493	4	1	3	0	0	0	0
AF	0	0.210806	1	1	0	0	0	0	0
AF	0	0.211118	2	1	1	0	0	0	0
AF	0	0.211430	1	1	0	0	0	0	0
AF	0	0.211743	4	3	1	0	0	0	0
AF	0	0.212055	1	1	0	0	0	0	0
AF	0	0.212680	1	1	0	0	0	0	0
AF	0	0.212992	2	1	1	0	0	0	0
AF	0	0.215178	1	0	1	0	0	0	0
AF	0	0.215490	1	1	0	0	0	0	0
AF	0	0.215803	3	3	0	0	0	0	0
AF	0	0.216115	1	0	1	0	0	0	0
AF	0	0.216427	1	1	0	0	0	0	0
AF	0	0.216740	2	2	0	0	0	0	0
AF	0	0.217052	1	0	1	0	0	0	0
AF	0	0.217364	1	1	0	0	0	0	0
AF	0	0.217989	5	3	2	0	0	0	0
AF	0	0.218613	1	0	1	0	0	0	0
AF	0	0.218926	1	0	1	0	0	0	0
AF	0	0.219238	5	2	3	0	0	0	0
AF	0	0.219550	6	4	2	0	0	0	0
AF	0	0.219863	12	9	3	0	0	0	0
AF	0	0.220175	4	2	2	0	0	0	0
AF	0	0.220487	2	0	2	0	0	0	0
AF	0	0.220800	1	0	1	0	0	0	0
AF	0	0.221112	5	2	3	0	0	0	0
AF	0	0.221424	1	0	1	0	0	0	0
AF	0	0.221736	1	0	1	0	0	0	0
AF	0	0.222049	2	2	0	0	0	0	0
AF	0	0.222673	1	1	0	0	0	0	0
AF	0	0.223298	1	1	0	0	0	0	0
AF	0	0.223610	2	1	1	0	0	0	0
AF	0	0.223923	1	0	1	0	0	0	0
AF	0	0.224859	3	3	0	0	0	0	0
AF	0	0.225172	4	1	3	0	0	0	0
AF	0	0.225484	1	1	0	0	0	0	0
AF	0	0.227046	1	1	0	0	0	0	0
AF	0	0.227358	1	0	1	0	0	0	0
AF	0	0.227670	1	0	1	0	0	0	0
AF	0	0.227983	4	4	0	0	0	0	0
AF	0	0.228295	6	3	3	0	0	0	0
AF	0	0.228607	5	4	1	0	0	0	0
AF	0	0.228919	3	2	1	0	0	0	0
AF	0	0.229232	3	1	2	0	0	0	0
AF	0	0.230481	1	1	0	0	0	0	0
AF	0	0.230793	2	1	1	0	0	0	0
AF	0	0.231106	2	2	0	0	0	0	0
AF	0	0.231418	4	2	2	0	0	0	0
AF	0	0.232042	1	1	0	0	0	0	0
AF	0	0.232355	1	1	0	0	0	0	0
AF	0	0.232667	3	1	2	0	0	0	0
AF	0	0.233292	1	1	0	0	0	0	0
AF	0	0.233604	1	1	0	0	0	0	0
AF	0	0.235478	1	1	0	0	0	0	0
AF	0	0.235790	3	3	0	0	0	0	0
AF	0	0.236415	1	1	0	0	0	0	0
AF	0	0.237352	1	1	0	0	0	0	0
AF	0	0.237664	2	0	2	0	0	0	0
AF	0	0.238289	1	0	1	0	0	0	0
AF	0	0.238601	2	1	1	0	0	0	0
AF	0	0.238913	2	1	1	0	0	0	0
AF	0	0.239225	1	0	1	0	0	0	0
AF	0	0.239538	1	1	0	0	0	0	0
AF	0	0.240162	2	0	2	0	0	0	0
AF	0	0.240475	1	0	1	0	0	0	0
AF	0	0.240787	1	0	1	0	0	0	0
AF	0	0.241412	4	1	3	0	0	0	0
AF	0	0.241724	3	2	1	0	0	0	0
AF	0	0.242036	2	2	0	0	0	0	0
AF	0	0.242349	1	1	0	0	0	0	0
AF	0	0.242661	3	3	0	0	0	0	0
AF	0	0.242973	2	2	0	0	0	0	0
AF	0	0.243285	3	2	1	0	0	0	0
AF	0	0.243598	1	1	0	0	0	0	0
AF	0	0.243910	4	1	3	0	0	0	0
AF	0	0.244222	5	5	0	0	0	0	0
AF	0	0.244535	4	2	2	0	0	0	0
AF	0	0.244847	3	3	0	0	0	0	0
AF	0	0.245159	5	2	3	0	0	0	0
AF	0	0.245472	3	2	1	0	0	0	0
AF	0	0.245784	3	2	1	0	0	0	0
AF	0	0.246096	3	2	1	0	0	0	0
AF	0	0.246408	3	0	3	0	0	0	0
AF	0	0.246721	6	3	3	0	0	0	0
AF	0	0.247033	23	11	12	0	0	0	0
AF	0	0.247345	5	2	3	0	0	0	0
AF	0	0.247658	7	6	1	0	0	0	0
AF	0	0.247970	1	1	0	0	0	0	0
AF	0	0.248282	4	4	0	0	0	0	0
AF	0	0.248595	3	0	3	0	0	0	0
AF	0	0.248907	4	2	2	0	0	0	0
AF	0	0.249219	2	2	0	0	0	0	0
AF	0	0.249532	5	4	1	0	0	0	0
AF	0	0.250468	2	2	0	0	0	0	0
AF	0	0.250781	2	1	1	0	0	0	0
AF	0	0.251093	1	1	0	0	0	0	0
AF	0	0.251405	3	2	1	0	0	0	0
AF	0	0.251718	5	4	1	0	0	0	0
AF	0	0.252030	20	13	7	0	0	0	0
AF	0	0.252342	5	3	2	0	0	0	0
AF	0	0.252655	5	3	2	0	0	0	0
AF	0	0.252967	1	0	1	0	0	0	0
AF	0	0.253279	2	2	0	0	0	0	0
AF	0	0.254216	2	2	0	0	0	0	0
AF	0	0.254528	6	1	5	0	0	0	0
AF	0	0.254841	1	1	0	0	0	0	0
AF	0	0.255153	4	4	0	0	0	0	0
AF	0	0.255465	5	4	1	0	0	0	0
AF	0	0.255778	3	2	1	0	0	0	0
AF	0	0.256402	1	0	1	0	0	0	0
AF	0	0.257027	1	0	1	0	0	0	0
AF	0	0.257651	3	1	2	0	0	0	0
AF	0	0.258588	1	1	0	0	0	0	0
AF	0	0.258901	3	3	0	0	0	0	0
AF	0	0.259213	1	1	0	0	0	0	0
AF	0	0.259525	4	4	0	0	0	0	0
AF	0	0.260150	1	1	0	0	0	0	0
AF	0	0.260775	2	2	0	0	0	0	0
AF	0	0.261087	2	1	1	0	0	0	0
AF	0	0.261399	1	1	0	0	0	0	0
AF	0	0.261711	3	3	0	0	0	0	0
AF	0	0.262024	1	0	1	0	0	0	0
AF	0	0.262648	6	3	3	0	0	0	0
AF	0	0.262961	4	2	2	0	0	0	0
AF	0	0.263273	3	3	0	0	0	0	0
AF	0	0.263585	2	2	0	0	0	0	0
AF	0	0.263898	4	0	4	0	0	0	0
AF	0	0.264210	2	1	1	0	0	0	0
AF	0	0.264522	2	1	1	0	0	0	0
AF	0	0.264834	3	2	1	0	0	0	0
AF	0	0.265147	1	0	1	0	0	0	0
AF	0	0.265771	1	1	0	0	0	0	0
AF	0	0.266084	1	0	1	0	0	0	0
AF	0	0.266396	4	3	1	0	0	0	0
AF	0	0.266708	1	0	1	0	0	0	0
AF	0	0.267021	3	2	1	0	0	0	0
AF	0	0.267645	2	0	2	0	0	0	0
AF	0	0.267958	1	1	0	0	0	0	0
AF	0	0.268894	3	2	1	0	0	0	0
AF	0	0.269519	1	0	1	0	0	0	0
AF	0	0.270144	1	0	1	0	0	0	0
AF	0	0.270456	1	1	0	0	0	0	0
AF	0	0.270768	1	0	1	0	0	0	0
AF	0	0.271081	1	1	0	0	0	0	0
AF	0	0.271705	2	1	1	0	0	0	0
AF	0	0.272017	11	8	3	0	0	0	0
AF	0	0.272330	1	0	1	0	0	0	0
AF	0	0.272642	2	0	2	0	0	0	0
AF	0	0.272954	1	0	1	0	0	0	0
AF	0	0.273267	2	2	0	0	0	0	0
AF	0	0.273579	1	1	0	0	0	0	0
AF	0	0.273891	2	1	1	0	0	0	0
AF	0	0.274516	1	1	0	0	0	0	0
AF	0	0.274828	2	1	1	0	0	0	0
AF	0	0.275141	2	2	0	0	0	0	0
AF	0	0.275453	2	1	1	0	0	0	0
AF	0	0.275765	4	3	1	0	0	0	0
AF	0	0.276390	8	6	2	0	0	0	0
AF	0	0.276702	1	1	0	0	0	0	0
AF	0	0.277014	7	3	4	0	0	0	0
AF	0	0.277327	2	2	0	0	0	0	0
AF	0	0.277639	4	1	3	0	0	0	0
AF	0	0.277951	3	3	0	0	0	0	0
AF	0	0.278264	2	1	1	0	0	0	0
AF	0	0.278576	1	0	1	0	0	0	0
AF	0	0.278888	1	1	0	0	0	0	0
AF	0	0.279825	2	1	1	0	0	0	0
AF	0	0.280137	3	2	1	0	0	0	0
AF	0	0.280450	2	1	1	0	0	0	0
AF	0	0.280762	1	0	1	0	0	0	0
AF	0	0.281074	1	1	0	0	0	0	0
AF	0	0.281387	2	2	0	0	0	0	0
AF	0	0.281699	2	0	2	0	0	0	0
AF	0	0.282011	9	7	2	0	0	0	0
AF	0	0.282324	4	2	2	0	0	0	0
AF	0	0.282636	3	2	1	0	0	0	0
AF	0	0.282948	2	2	0	0	0	0	0
AF	0	0.283885	1	1	0	0	0	0	0
AF	0	0.284197	1	0	1	0	0	0	0
AF	0	0.284510	2	0	2	0	0	0	0
AF	0	0.284822	2	1	1	0	0	0	0
AF	0	0.285759	5	3	2	0	0	0	0
AF	0	0.286071	1	1	0	0	0	0	0
AF	0	0.286384	2	0	2	0	0	0	0
AF	0	0.287008	2	2	0	0	0	0	0
AF	0	0.287633	2	1	1	0	0	0	0
AF	0	0.287945	1	1	0	0	0	0	0
AF	0	0.288882	4	2	2	0	0	0	0
AF	0	0.289194	3	2	1	0	0	0	0
AF	0	0.289507	10	8	2	0	0	0	0
AF	0	0.289819	5	5	0	0	0	0	0
AF	0	0.290131	6	4	2	0	0	0	0
AF	0	0.290443	1	1	0	0	0	0	0
AF	0	0.290756	2	1	1	0	0	0	0
AF	0	0.292005	6	2	4	0	0	0	0
AF	0	0.292317	2	0	2	0	0	0	0
AF	0	0.292630	1	1	0	0	0	0	0
AF	0	0.292942	2	2	0	0	0	0	0
AF	0	0.293254	3	3	0	0	0	0	0
AF	0	0.293567	1	1	0	0	0	0	0
AF	0	0.293879	6	3	3	0	0	0	0
AF	0	0.294191	1	1	0	0	0	0	0
AF	0	0.294503	4	3	1	0	0	0	0
AF	0	0.295128	1	1	0	0	0	0	0
AF	0	0.295753	2	2	0	0	0	0	0
AF	0	0.296065	2	1	1	0	0	0	0
AF	0	0.296377	7	4	3	0	0	0	0
AF	0	0.296690	8	5	3	0	0	0	0
AF	0	0.297002	5	4	1	0	0	0	0
AF	0	0.297314	1	1	0	0	0	0	0
AF	0	0.297626	4	1	3	0	0	0	0
AF	0	0.298251	3	3	0	0	0	0	0
AF	0	0.298563	1	0	1	0	0	0	0
AF	0	0.298876	2	2	0	0	0	0	0
AF	0	0.299188	2	2	0	0	0	0	0
AF	0	0.299500	7	3	4	0	0	0	0
AF	0	0.300125	1	1	0	0	0	0	0
AF	0	0.300750	3	1	2	0	0	0	0
AF	0	0.301686	1	1	0	0	0	0	0
AF	0	0.301999	1	1	0	0	0	0	0
AF	0	0.302311	1	1	0	0	0	0	0
AF	0	0.302936	1	0	1	0	0	0	0
AF	0	0.303248	2	0	2	0	0	0	0
AF	0	0.303560	1	1	0	0	0	0	0
AF	0	0.303873	3	2	1	0	0	0	0
AF	0	0.304185	2	2	0	0	0	0	0
AF	0	0.304497	2	2	0	0	0	0	0
AF	0	0.304809	2	0	2	0	0	0	0
AF	0	0.305122	23	16	7	0	0	0	0
AF	0	0.305434	8	8	0	0	0	0	0
AF	0	0.305746	9	6	3	0	0	0	0
AF	0	0.306059	4	0	4	0	0	0	0
AF	0	0.306371	6	4	2	0	0	0	0
AF	0	0.306683	1	0	1	0	0	0	0
AF	0	0.306996	8	5	3	0	0	0	0
AF	0	0.307308	5	4	1	0	0	0	0
AF	0	0.307620	3	1	2	0	0	0	0
AF	0	0.307933	3	3	0	0	0	0	0
AF	0	0.308245	4	3	1	0	0	0	0
AF	0	0.308869	2	0	2	0	0	0	0
AF	0	0.309182	3	2	1	0	0	0	0
AF	0	0.309494	2	1	1	0	0	0	0
AF	0	0.309806	1	0	1	0	0	0	0
AF	0	0.310119	1	1	0	0	0	0	0
AF	0	0.310431	1	1	0	0	0	0	0
AF	0	0.310743	2	2	0	0	0	0	0
AF	0	0.311056	1	1	0	0	0	0	0
AF	0	0.311680	1	1	0	0	0	0	0
AF	0	0.311993	1	1	0	0	0	0	0
AF	0	0.312305	2	1	1	0	0	0	0
AF	0	0.312929	4	3	1	0	0	0	0
AF	0	0.313242	1	1	0	0	0	0	0
AF	0	0.313554	1	1	0	0	0	0	0
AF	0	0.313866	1	0	1	0	0	0	0
AF	0	0.314491	1	1	0	0	0	0	0
AF	0	0.315740	2	1	1	0	0	0	0
AF	0	0.316365	1	1	0	0	0	0	0
AF	0	0.316989	1	1	0	0	0	0	0
AF	0	0.317302	1	0	1	0	0	0	0
AF	0	0.317614	2	2	0	0	0	0	0
AF	0	0.317926	3	3	0	0	0	0	0
AF	0	0.318239	1	1	0	0	0	0	0
AF	0	0.320112	1	1	0	0	0	0	0
AF	0	0.320737	2	1	1	0	0	0	0
AF	0	0.321986	1	1	0	0	0	0	0
AF	0	0.322299	1	1	0	0	0	0	0
AF	0	0.323235	1	0	1	0	0	0	0
AF	0	0.323860	2	2	0	0	0	0	0
AF	0	0.324485	2	1	1	0	0	0	0
AF	0	0.324797	1	0	1	0	0	0	0
AF	0	0.325109	2	1	1	0	0	0	0
AF	0	0.325422	3	1	2	0	0	0	0
AF	0	0.325734	5	4	1	0	0	0	0
AF	0	0.326671	1	0	1	0	0	0	0
AF	0	0.327295	1	1	0	0	0	0	0
AF	0	0.327920	1	1	0	0	0	0	0
AF	0	0.328232	2	2	0	0	0	0	0
AF	0	0.329794	2	0	2	0	0	0	0
AF	0	0.330731	2	1	1	0	0	0	0
AF	0	0.331043	1	0	1	0	0	0	0
AF	0	0.331668	1	1	0	0	0	0	0
AF	0	0.332917	1	0	1	0	0	0	0
AF	0	0.333229	1	0	1	0	0	0	0
AF	0	0.334478	1	1	0	0	0	0	0
AF	0	0.334791	3	3	0	0	0	0	0
AF	0	0.335103	1	1	0	0	0	0	0
AF	0	0.336040	1	1	0	0	0	0	0
AF	0	0.337289	3	1	2	0	0	0	0
AF	0	0.338851	1	1	0	0	0	0	0
AF	0	0.339788	1	1	0	0	0	0	0
AF	0	0.340412	5	2	3	0	0	0	0
AF	0	0.340725	2	2	0	0	0	0	0
AF	0	0.341037	3	1	2	0	0	0	0
AF	0	0.341349	2	1	1	0	0	0	0
AF	0	0.341661	3	0	3	0	0	0	0
AF	0	0.342911	1	0	1	0	0	0	0
AF	0	0.343535	1	1	0	0	0	0	0
AF	0	0.344160	2	1	1	0	0	0	0
AF	0	0.344472	1	0	1	0	0	0	0
AF	0	0.344785	1	1	0	0	0	0	0
AF	0	0.345409	2	1	1	0	0	0	0
AF	0	0.346658	2	1	1	0	0	0	0
AF	0	0.347283	1	1	0	0	0	0	0
AF	0	0.350094	1	1	0	0	0	0	0
AF	0	0.350406	2	2	0	0	0	0	0
AF	0	0.350718	1	1	0	0	0	0	0
AF	0	0.351343	3	2	1	0	0	0	0
AF	0	0.352904	1	1	0	0	0	0	0
AF	0	0.353529	1	1	0	0	0	0	0
AF	0	0.354154	1	0	1	0	0	0	0
AF	0	0.354466	1	1	0	0	0	0	0
AF	0	0.356027	1	0	1	0	0	0	0
AF	0	0.356652	1	0	1	0	0	0	0
AF	0	0.357277	1	1	0	0	0	0	0
AF	0	0.357589	1	0	1	0	0	0	0
AF	0	0.357901	1	1	0	0	0	0	0
AF	0	0.361337	1	1	0	0	0	0	0
AF	0	0.361649	1	0	1	0	0	0	0
AF	0	0.361961	1	0	1	0	0	0	0
AF	0	0.362274	1	1	0	0	0	0	0
AF	0	0.363210	1	1	0	0	0	0	0
AF	0	0.363523	1	0	1	0	0	0	0
AF	0	0.363835	1	0	1	0	0	0	0
AF	0	0.364147	1	0	1	0	0	0	0
AF	0	0.364460	1	1	0	0	0	0	0
AF	0	0.365397	1	0	1	0	0	0	0
AF	0	0.365709	2	2	0	0	0	0	0
AF	0	0.366334	4	3	1	0	0	0	0
AF	0	0.366646	20	12	8	0	0	0	0
AF	0	0.366958	4	4	0	0	0	0	0
AF	0	0.367270	8	6	2	0	0	0	0
AF	0	0.367583	4	2	2	0	0	0	0
AF	0	0.367895	5	5	0	0	0	0	0
AF	0	0.368520	1	0	1	0	0	0	0
AF	0	0.369144	2	2	0	0	0	0	0
AF	0	0.370394	2	0	2	0	0	0	0
AF	0	0.371018	1	1	0	0	0	0	0
AF	0	0.371330	1	1	0	0	0	0	0
AF	0	0.371643	2	1	1	0	0	0	0
AF	0	0.371955	1	1	0	0	0	0	0
AF	0	0.373204	1	1	0	0	0	0	0
AF	0	0.374141	3	2	1	0	0	0	0
AF	0	0.374766	3	2	1	0	0	0	0
AF	0	0.375078	1	1	0	0	0	0	0
AF	0	0.377889	2	2	0	0	0	0	0
AF	0	0.379138	2	0	2	0	0	0	0
AF	0	0.381012	1	0	1	0	0	0	0
AF	0	0.381949	1	1	0	0	0	0	0
AF	0	0.383198	1	1	0	0	0	0	0
AF	0	0.384135	2	1	1	0	0	0	0
AF	0	0.384447	1	1	0	0	0	0	0
AF	0	0.385696	1	1	0	0	0	0	0
AF	0	0.386009	2	1	1	0	0	0	0
AF	0	0.387570	2	2	0	0	0	0	0
AF	0	0.387883	1	1	0	0	0	0	0
AF	0	0.388507	1	0	1	0	0	0	0
AF	0	0.388819	1	0	1	0	0	0	0
AF	0	0.389756	1	1	0	0	0	0	0
AF	0	0.390069	3	2	1	0	0	0	0
AF	0	0.390381	2	1	1	0	0	0	0
AF	0	0.390693	1	1	0	0	0	0	0
AF	0	0.391006	3	3	0	0	0	0	0
AF	0	0.391318	1	0	1	0	0	0	0
AF	0	0.391630	4	3	1	0	0	0	0
AF	0	0.392255	3	1	2	0	0	0	0
AF	0	0.392567	2	1	1	0	0	0	0
AF	0	0.393192	1	0	1	0	0	0	0
AF	0	0.393504	2	0	2	0	0	0	0
AF	0	0.393816	1	1	0	0	0	0	0
AF	0	0.394129	1	0	1	0	0	0	0
AF	0	0.394441	2	2	0	0	0	0	0
AF	0	0.395378	2	2	0	0	0	0	0
AF	0	0.395690	1	1	0	0	0	0	0
AF	0	0.396002	1	0	1	0	0	0	0
AF	0	0.396939	1	1	0	0	0	0	0
AF	0	0.397252	2	2	0	0	0	0	0
AF	0	0.398189	1	1	0	0	0	0	0
AF	0	0.398813	1	1	0	0	0	0	0
AF	0	0.399126	2	2	0	0	0	0	0
AF	0	0.400687	2	1	1	0	0	0	0
AF	0	0.400999	1	1	0	0	0	0	0
AF	0	0.402873	1	1	0	0	0	0	0
AF	0	0.403498	1	1	0	0	0	0	0
AF	0	0.403810	3	2	1	0	0	0	0
AF	0	0.404122	6	5	1	0	0	0	0
AF	0	0.404435	2	1	1	0	0	0	0
AF	0	0.405996	1	0	1	0	0	0	0
AF	0	0.407245	1	1	0	0	0	0	0
AF	0	0.410369	1	1	0	0	0	0	0
AF	0	0.412242	3	2	1	0	0	0	0
AF	0	0.412867	2	1	1	0	0	0	0
AF	0	0.413179	1	1	0	0	0	0	0
AF	0	0.413804	1	1	0	0	0	0	0
AF	0	0.414116	1	1	0	0	0	0	0
AF	0	0.414741	1	1	0	0	0	0	0
AF	0	0.415053	1	1	0	0	0	0	0
AF	0	0.416302	1	0	1	0	0	0	0
AF	0	0.416615	2	1	1	0	0	0	0
AF	0	0.417239	1	0	1	0	0	0	0
AF	0	0.418488	2	2	0	0	0	0	0
AF	0	0.418801	2	2	0	0	0	0	0
AF	0	0.419738	1	1	0	0	0	0	0
AF	0	0.420050	1	1	0	0	0	0	0
AF	0	0.423485	3	2	1	0	0	0	0
AF	0	0.425359	2	1	1	0	0	0	0
AF	0	0.425671	1	1	0	0	0	0	0
AF	0	0.427233	1	0	1	0	0	0	0
AF	0	0.429731	2	1	1	0	0	0	0
AF	0	0.430044	1	0	1	0	0	0	0
AF	0	0.430356	1	1	0	0	0	0	0
AF	0	0.431918	1	1	0	0	0	0	0
AF	0	0.432542	1	1	0	0	0	0	0
AF	0	0.433479	1	0	1	0	0	0	0
AF	0	0.433791	4	2	2	0	0	0	0
AF	0	0.434104	1	0	1	0	0	0	0
AF	0	0.434728	3	2	1	0	0	0	0
AF	0	0.435041	1	1	0	0	0	0	0
AF	0	0.435665	2	1	1	0	0	0	0
AF	0	0.436290	1	0	1	0	0	0	0
AF	0	0.436602	2	2	0	0	0	0	0
AF	0	0.438788	1	0	1	0	0	0	0
AF	0	0.439101	3	3	0	0	0	0	0
AF	0	0.439413	1	0	1	0	0	0	0
AF	0	0.439725	3	2	1	0	0	0	0
AF	0	0.440037	2	1	1	0	0	0	0
AF	0	0.440350	3	3	0	0	0	0	0
AF	0	0.441599	1	0	1	0	0	0	0
AF	0	0.441911	1	1	0	0	0	0	0
AF	0	0.442536	2	0	2	0	0	0	0
AF	0	0.442848	2	1	1	0	0	0	0
AF	0	0.443785	1	1	0	0	0	0	0
AF	0	0.444097	3	0	3	0	0	0	0
AF	0	0.445347	1	1	0	0	0	0	0
AF	0	0.445659	2	1	1	0	0	0	0
AF	0	0.446284	1	1	0	0	0	0	0
AF	0	0.446596	1	1	0	0	0	0	0
AF	0	0.446908	1	0	1	0	0	0	0
AF	0	0.447220	2	0	2	0	0	0	0
AF	0	0.447533	1	1	0	0	0	0	0
AF	0	0.447845	1	1	0	0	0	0	0
AF	0	0.448157	4	3	1	0	0	0	0
AF	0	0.448470	2	1	1	0	0	0	0
AF	0	0.448782	1	1	0	0	0	0	0
AF	0	0.449094	1	0	1	0	0	0	0
AF	0	0.449407	4	1	3	0	0	0	0
AF	0	0.450031	1	1	0	0	0	0	0
AF	0	0.450656	1	1	0	0	0	0	0
AF	0	0.451593	1	1	0	0	0	0	0
AF	0	0.451905	1	1	0	0	0	0	0
AF	0	0.453154	3	3	0	0	0	0	0
AF	0	0.453779	2	2	0	0	0	0	0
AF	0	0.454091	1	0	1	0	0	0	0
AF	0	0.454403	2	2	0	0	0	0	0
AF	0	0.454716	2	2	0	0	0	0	0
AF	0	0.457214	1	0	1	0	0	0	0
AF	0	0.457839	1	1	0	0	0	0	0
AF	0	0.458151	1	1	0	0	0	0	0
AF	0	0.458463	1	0	1	0	0	0	0
AF	0	0.459088	3	3	0	0	0	0	0
AF	0	0.459400	1	1	0	0	0	0	0
AF	0	0.459713	2	2	0	0	0	0	0
AF	0	0.460025	1	1	0	0	0	0	0
AF	0	0.460650	3	1	2	0	0	0	0
AF	0	0.460962	1	0	1	0	0	0	0
AF	0	0.461274	2	2	0	0	0	0	0
AF	0	0.461899	2	1	1	0	0	0	0
AF	0	0.463148	2	2	0	0	0	0	0
AF	0	0.463460	1	1	0	0	0	0	0
AF	0	0.463773	2	2	0	0	0	0	0
AF	0	0.464397	1	0	1	0	0	0	0
AF	0	0.465022	1	1	0	0	0	0	0
AF	0	0.465334	2	2	0	0	0	0	0
AF	0	0.465646	4	1	3	0	0	0	0
AF	0	0.465959	1	1	0	0	0	0	0
AF	0	0.466271	4	2	2	0	0	0	0
AF	0	0.466896	2	1	1	0	0	0	0
AF	0	0.467208	2	0	2	0	0	0	0
AF	0	0.467520	3	2	1	0	0	0	0
AF	0	0.468145	1	0	1	0	0	0	0
AF	0	0.468770	1	1	0	0	0	0	0
AF	0	0.469394	1	1	0	0	0	0	0
AF	0	0.469706	1	1	0	0	0	0	0
AF	0	0.470019	1	1	0	0	0	0	0
AF	0	0.471580	1	0	1	0	0	0	0
AF	0	0.471893	1	1	0	0	0	0	0
AF	0	0.472517	2	2	0	0	0	0	0
AF	0	0.473142	3	3	0	0	0	0	0
AF	0	0.474703	1	1	0	0	0	0	0
AF	0	0.475016	1	1	0	0	0	0	0
AF	0	0.475328	1	1	0	0	0	0	0
AF	0	0.475640	4	1	3	0	0	0	0
AF	0	0.475953	1	1	0	0	0	0	0
AF	0	0.477514	1	0	1	0	0	0	0
AF	0	0.478139	1	0	1	0	0	0	0
AF	0	0.479388	2	1	1	0	0	0	0
AF	0	0.483136	1	1	0	0	0	0	0
AF	0	0.489382	1	1	0	0	0	0	0
AF	0	0.490006	3	2	1	0	0	0	0
AF	0	0.492817	1	0	1	0	0	0	0
AF	0	0.493129	1	0	1	0	0	0	0
AF	0	0.495628	2	1	1	0	0	0	0
AF	0	0.495940	1	1	0	0	0	0	0
AF	0	0.496252	3	2	1	0	0	0	0
AF	0	0.496565	1	1	0	0	0	0	0
AF	0	0.496877	3	2	1	0	0	0	0
AF	0	0.497189	1	1	0	0	0	0	0
AF	0	0.497502	2	1	1	0	0	0	0
AF	0	0.498126	2	1	1	0	0	0	0
AF	0	0.498751	3	2	1	0	0	0	0
AF	0	0.499063	1	1	0	0	0	0	0
AF	0	0.499688	1	1	0	0	0	0	0
AF	0	0.500000	1	1	0	0	0	0	0
AF	0	0.500312	1	1	0	0	0	0	0
AF	0	0.500625	7	4	3	0	0	0	0
AF	0	0.501249	3	1	2	0	0	0	0
AF	0	0.501562	1	0	1	0	0	0	0
AF	0	0.501874	2	1	1	0	0	0	0
AF	0	0.502498	2	1	1	0	0	0	0
AF	0	0.503123	3	0	3	0	0	0	0
AF	0	0.503435	1	0	1	0	0	0	0
AF	0	0.503748	1	1	0	0	0	0	0
AF	0	0.504060	1	0	1	0	0	0	0
AF	0	0.504372	1	1	0	0	0	0	0
AF	0	0.504685	2	2	0	0	0	0	0
AF	0	0.505309	1	0	1	0	0	0	0
AF	0	0.505621	1	1	0	0	0	0	0
AF	0	0.505934	1	1	0	0	0	0	0
AF	0	0.506246	1	1	0	0	0	0	0
AF	0	0.506871	2	2	0	0	0	0	0
AF	0	0.507183	1	1	0	0	0	0	0
AF	0	0.508120	1	0	1	0	0	0	0
AF	0	0.508745	2	2	0	0	0	0	0
AF	0	0.509994	3	1	2	0	0	0	0
AF	0	0.511243	3	1	2	0	0	0	0
AF	0	0.511868	2	0	2	0	0	0	0
AF	0	0.513741	2	1	1	0	0	0	0
AF	0	0.514366	6	5	1	0	0	0	0
AF	0	0.514678	3	2	1	0	0	0	0
AF	0	0.514991	5	3	2	0	0	0	0
AF	0	0.515303	2	1	1	0	0	0	0
AF	0	0.515928	2	1	1	0	0	0	0
AF	0	0.516552	1	0	1	0	0	0	0
AF	0	0.516864	1	1	0	0	0	0	0
AF	0	0.517177	2	1	1	0	0	0	0
AF	0	0.517489	3	1	2	0	0	0	0
AF	0	0.517801	1	1	0	0	0	0	0
AF	0	0.518114	1	1	0	0	0	0	0
AF	0	0.518738	6	4	2	0	0	0	0
AF	0	0.521549	1	1	0	0	0	0	0
AF	0	0.521861	1	0	1	0	0	0	0
AF	0	0.522486	1	0	1	0	0	0	0
AF	0	0.523423	1	1	0	0	0	0	0
AF	0	0.523735	1	0	1	0	0	0	0
AF	0	0.526858	2	0	2	0	0	0	0
AF	0	0.527483	1	0	1	0	0	0	0
AF	0	0.528107	1	0	1	0	0	0	0
AF	0	0.528732	1	0	1	0	0	0	0
AF	0	0.529357	1	1	0	0	0	0	0
AF	0	0.529981	1	1	0	0	0	0	0
AF	0	0.532480	1	1	0	0	0	0	0
AF	0	0.534354	1	0	1	0	0	0	0
AF	0	0.534978	6	5	1	0	0	0	0
AF	0	0.535290	2	2	0	0	0	0	0
AF	0	0.535603	5	3	2	0	0	0	0
AF	0	0.535915	2	1	1	0	0	0	0
AF	0	0.536227	1	1	0	0	0	0	0
AF	0	0.537164	1	1	0	0	0	0	0
AF	0	0.538413	1	1	0	0	0	0	0
AF	0	0.538726	1	0	1	0	0	0	0
AF	0	0.539350	1	1	0	0	0	0	0
AF	0	0.539975	1	0	1	0	0	0	0
AF	0	0.540600	1	1	0	0	0	0	0
AF	0	0.540912	1	1	0	0	0	0	0
AF	0	0.542161	1	0	1	0	0	0	0
AF	0	0.542473	1	0	1	0	0	0	0
AF	0	0.543098	1	1	0	0	0	0	0
AF	0	0.543723	4	2	2	0	0	0	0
AF	0	0.544035	3	1	2	0	0	0	0
AF	0	0.546221	2	2	0	0	0	0	0
AF	0	0.546533	1	1	0	0	0	0	0
AF	0	0.547158	1	1	0	0	0	0	0
AF	0	0.547783	1	1	0	0	0	0	0
AF	0	0.548095	3	3	0	0	0	0	0
AF	0	0.548407	1	1	0	0	0	0	0
AF	0	0.548720	1	0	1	0	0	0	0
AF	0	0.549032	1	1	0	0	0	0	0
AF	0	0.549344	1	1	0	0	0	0	0
AF	0	0.549656	1	1	0	0	0	0	0
AF	0	0.549969	1	0	1	0	0	0	0
AF	0	0.550593	1	0	1	0	0	0	0
AF	0	0.550906	2	2	0	0	0	0	0
AF	0	0.551218	2	1	1	0	0	0	0
AF	0	0.552155	1	0	1	0	0	0	0
AF	0	0.555278	2	2	0	0	0	0	0
AF	0	0.555590	1	0	1	0	0	0	0
AF	0	0.556215	1	0	1	0	0	0	0
AF	0	0.556527	1	0	1	0	0	0	0
AF	0	0.557464	1	1	0	0	0	0	0
AF	0	0.557776	1	1	0	0	0	0	0
AF	0	0.558089	1	1	0	0	0	0	0
AF	0	0.559026	1	1	0	0	0	0	0
AF	0	0.559338	1	0	1	0	0	0	0
AF	0	0.559650	3	1	2	0	0	0	0
AF	0	0.559963	1	1	0	0	0	0	0
AF	0	0.560275	2	1	1	0	0	0	0
AF	0	0.561524	1	1	0	0	0	0	0
AF	0	0.562773	1	1	0	0	0	0	0
AF	0	0.563398	3	2	1	0	0	0	0
AF	0	0.563710	1	1	0	0	0	0	0
AF	0	0.564022	3	2	1	0	0	0	0
AF	0	0.564647	2	0	2	0	0	0	0
AF	0	0.565272	1	1	0	0	0	0	0
AF	0	0.565896	1	1	0	0	0	0	0
AF	0	0.567146	1	1	0	0	0	0	0
AF	0	0.567458	1	1	0	0	0	0	0
AF	0	0.568707	1	1	0	0	0	0	0
AF	0	0.569956	1	0	1	0	0	0	0
AF	0	0.570269	1	1	0	0	0	0	0
AF	0	0.571518	2	2	0	0	0	0	0
AF	0	0.574016	1	1	0	0	0	0	0
AF	0	0.574329	1	1	0	0	0	0	0
AF	0	0.574953	1	1	0	0	0	0	0
AF	0	0.575578	1	1	0	0	0	0	0
AF	0	0.576515	1	1	0	0	0	0	0
AF	0	0.576827	1	0	1	0	0	0	0
AF	0	0.577139	2	2	0	0	0	0	0
AF	0	0.577452	1	1	0	0	0	0	0
AF	0	0.577764	3	2	1	0	0	0	0
AF	0	0.578076	2	1	1	0	0	0	0
AF	0	0.578389	4	4	0	0	0	0	0
AF	0	0.579013	1	0	1	0	0	0	0
AF	0	0.579325	1	1	0	0	0	0	0
AF	0	0.588382	1	1	0	0	0	0	0
AF	0	0.590568	1	1	0	0	0	0	0
AF	0	0.590881	1	1	0	0	0	0	0
AF	0	0.593067	1	1	0	0	0	0	0
AF	0	0.593379	1	1	0	0	0	0	0
AF	0	0.594004	1	1	0	0	0	0	0
AF	0	0.594628	1	1	0	0	0	0	0
AF	0	0.594941	1	0	1	0	0	0	0
AF	0	0.595253	2	2	0	0	0	0	0
AF	0	0.595878	5	3	2	0	0	0	0
AF	0	0.596502	4	2	2	0	0	0	0
AF	0	0.596814	2	2	0	0	0	0	0
AF	0	0.597127	2	2	0	0	0	0	0
AF	0	0.599001	1	0	1	0	0	0	0
AF	0	0.599313	1	1	0	0	0	0	0
AF	0	0.600250	2	2	0	0	0	0	0
AF	0	0.600562	1	0	1	0	0	0	0
AF	0	0.600874	3	3	0	0	0	0	0
AF	0	0.601499	1	0	1	0	0	0	0
AF	0	0.601811	1	1	0	0	0	0	0
AF	0	0.602124	1	0	1	0	0	0	0
AF	0	0.602748	1	0	1	0	0	0	0
AF	0	0.606808	1	1	0	0	0	0	0
AF	0	0.607745	2	1	1	0	0	0	0
AF	0	0.608057	1	0	1	0	0	0	0
AF	0	0.609307	1	0	1	0	0	0	0
AF	0	0.609931	1	1	0	0	0	0	0
AF	0	0.610244	1	0	1	0	0	0	0
AF	0	0.610556	1	1	0	0	0	0	0
AF	0	0.613367	1	0	1	0	0	0	0
AF	0	0.613679	3	1	2	0	0	0	0
AF	0	0.613991	6	3	3	0	0	0	0
AF	0	0.614304	1	0	1	0	0	0	0
AF	0	0.614616	1	1	0	0	0	0	0
AF	0	0.615240	1	1	0	0	0	0	0
AF	0	0.617427	1	1	0	0	0	0	0
AF	0	0.621799	1	1	0	0	0	0	0
AF	0	0.622111	1	1	0	0	0	0	0
AF	0	0.624922	1	0	1	0	0	0	0
AF	0	0.627733	2	2	0	0	0	0	0
AF	0	0.630543	1	1	0	0	0	0	0
AF	0	0.630856	2	1	1	0	0	0	0
AF	0	0.631480	1	1	0	0	0	0	0
AF	0	0.631793	1	1	0	0	0	0	0
AF	0	0.632105	1	1	0	0	0	0	0
AF	0	0.632730	2	2	0	0	0	0	0
AF	0	0.633042	1	1	0	0	0	0	0
AF	0	0.633354	1	0	1	0	0	0	0
AF	0	0.636477	1	1	0	0	0	0	0
AF	0	0.639600	1	1	0	0	0	0	0
AF	0	0.641474	1	1	0	0	0	0	0
AF	0	0.641786	1	1	0	0	0	0	0
AF	0	0.643973	1	1	0	0	0	0	0
AF	0	0.647720	1	0	1	0	0	0	0
AF	0	0.648345	1	1	0	0	0	0	0
AF	0	0.648969	1	1	0	0	0	0	0
AF	0	0.649282	1	1	0	0	0	0	0
AF	0	0.650219	5	4	1	0	0	0	0
AF	0	0.650531	1	0	1	0	0	0	0
AF	0	0.650843	3	2	1	0	0	0	0
AF	0	0.651156	3	3	0	0	0	0	0
AF	0	0.652405	1	0	1	0	0	0	0
AF	0	0.652717	1	1	0	0	0	0	0
AF	0	0.653029	1	1	0	0	0	0	0
AF	0	0.653342	1	1	0	0	0	0	0
AF	0	0.654279	1	1	0	0	0	0	0
AF	0	0.655215	3	3	0	0	0	0	0
AF	0	0.655528	2	2	0	0	0	0	0
AF	0	0.655840	1	0	1	0	0	0	0
AF	0	0.657089	1	1	0	0	0	0	0
AF	0	0.657714	2	1	1	0	0	0	0
AF	0	0.658026	1	1	0	0	0	0	0
AF	0	0.658963	1	1	0	0	0	0	0
AF	0	0.659275	1	1	0	0	0	0	0
AF	0	0.659588	3	2	1	0	0	0	0
AF	0	0.660212	1	1	0	0	0	0	0
AF	0	0.660837	1	1	0	0	0	0	0
AF	0	0.661462	1	0	1	0	0	0	0
AF	0	0.664585	1	1	0	0	0	0	0
AF	0	0.665834	1	1	0	0	0	0	0
AF	0	0.666458	1	0	1	0	0	0	0
AF	0	0.668020	1	1	0	0	0	0	0
AF	0	0.669582	1	1	0	0	0	0	0
AF	0	0.669894	1	0	1	0	0	0	0
AF	0	0.670831	1	1	0	0	0	0	0
AF	0	0.671143	1	1	0	0	0	0	0
AF	0	0.671455	1	1	0	0	0	0	0
AF	0	0.673954	2	0	2	0	0	0	0
AF	0	0.675203	1	1	0	0	0	0	0
AF	0	0.676140	3	2	1	0	0	0	0
AF	0	0.676452	2	2	0	0	0	0	0
AF	0	0.676765	3	3	0	0	0	0	0
AF	0	0.677389	1	0	1	0	0	0	0
AF	0	0.678951	1	0	1	0	0	0	0
AF	0	0.679575	1	1	0	0	0	0	0
AF	0	0.679888	2	2	0	0	0	0	0
AF	0	0.680200	1	1	0	0	0	0	0
AF	0	0.680512	3	3	0	0	0	0	0
AF	0	0.680824	1	1	0	0	0	0	0
AF	0	0.681137	2	2	0	0	0	0	0
AF	0	0.681761	6	4	2	0	0	0	0
AF	0	0.682074	3	1	2	0	0	0	0
AF	0	0.682386	1	0	1	0	0	0	0
AF	0	0.683011	1	1	0	0	0	0	0
AF	0	0.687383	2	1	1	0	0	0	0
AF	0	0.688007	1	0	1	0	0	0	0
AF	0	0.689569	1	1	0	0	0	0	0
AF	0	0.690506	1	1	0	0	0	0	0
AF	0	0.691443	1	0	1	0	0	0	0
AF	0	0.691755	1	1	0	0	0	0	0
AF	0	0.693941	2	2	0	0	0	0	0
AF	0	0.694254	1	1	0	0	0	0	0
AF	0	0.694878	1	0	1	0	0	0	0
AF	0	0.695815	1	0	1	0	0	0	0
AF	0	0.696127	3	2	1	0	0	0	0
AF	0	0.696752	2	2	0	0	0	0	0
AF	0	0.697377	1	0	1	0	0	0	0
AF	0	0.698626	1	1	0	0	0	0	0
AF	0	0.700187	1	1	0	0	0	0	0
AF	0	0.701124	1	1	0	0	0	0	0
AF	0	0.705497	1	1	0	0	0	0	0
AF	0	0.706121	3	3	0	0	0	0	0
AF	0	0.706433	1	0	1	0	0	0	0
AF	0	0.706746	1	1	0	0	0	0	0
AF	0	0.707683	1	1	0	0	0	0	0
AF	0	0.708307	1	1	0	0	0	0	0
AF	0	0.709869	1	1	0	0	0	0	0
AF	0	0.710493	2	2	0	0	0	0	0
AF	0	0.711430	1	0	1	0	0	0	0
AF	0	0.711743	2	2	0	0	0	0	0
AF	0	0.716115	1	0	1	0	0	0	0
AF	0	0.722361	1	1	0	0	0	0	0
AF	0	0.722986	1	1	0	0	0	0	0
AF	0	0.723298	1	1	0	0	0	0	0
AF	0	0.723610	2	1	1	0	0	0	0
AF	0	0.723923	1	1	0	0	0	0	0
AF	0	0.724235	2	2	0	0	0	0	0
AF	0	0.724547	2	0	2	0	0	0	0
AF	0	0.724859	1	0	1	0	0	0	0
AF	0	0.725484	1	1	0	0	0	0	0
AF	0	0.726109	3	3	0	0	0	0	0
AF	0	0.726421	1	1	0	0	0	0	0
AF	0	0.728607	2	1	1	0	0	0	0
AF	0	0.729232	1	1	0	0	0	0	0
AF	0	0.731106	3	3	0	0	0	0	0
AF	0	0.731730	1	0	1	0	0	0	0
AF	0	0.732355	3	2	1	0	0	0	0
AF	0	0.732979	5	4	1	0	0	0	0
AF	0	0.733292	1	1	0	0	0	0	0
AF	0	0.734229	1	0	1	0	0	0	0
AF	0	0.734541	1	1	0	0	0	0	0
AF	0	0.734853	1	1	0	0	0	0	0
AF	0	0.735166	1	0	1	0	0	0	0
AF	0	0.739225	1	1	0	0	0	0	0
AF	0	0.739850	1	1	0	0	0	0	0
AF	0	0.745472	1	0	1	0	0	0	0
AF	0	0.747345	1	0	1	0	0	0	0
AF	0	0.755465	1	1	0	0	0	0	0
AF	0	0.756402	1	0	1	0	0	0	0
AF	0	0.756715	1	1	0	0	0	0	0
AF	0	0.757339	1	0	1	0	0	0	0
AF	0	0.757964	1	1	0	0	0	0	0
AF	0	0.758276	1	1	0	0	0	0	0
AF	0	0.758588	2	1	1	0	0	0	0
AF	0	0.758901	1	1	0	0	0	0	0
AF	0	0.759213	2	1	1	0	0	0	0
AF	0	0.759525	2	0	2	0	0	0	0
AF	0	0.759838	10	7	3	0	0	0	0
AF	0	0.761711	1	1	0	0	0	0	0
AF	0	0.762024	1	1	0	0	0	0	0
AF	0	0.762961	1	1	0	0	0	0	0
AF	0	0.766708	1	1	0	0	0	0	0
AF	0	0.767021	1	1	0	0	0	0	0
AF	0	0.768270	2	1	1	0	0	0	0
AF	0	0.768582	6	5	1	0	0	0	0
AF	0	0.769207	3	2	1	0	0	0	0
AF	0	0.769519	1	1	0	0	0	0	0
AF	0	0.770456	3	3	0	0	0	0	0
AF	0	0.770768	2	2	0	0	0	0	0
AF	0	0.771081	7	7	0	0	0	0	0
AF	0	0.771393	2	1	1	0	0	0	0
AF	0	0.771705	1	1	0	0	0	0	0
AF	0	0.772642	1	0	1	0	0	0	0
AF	0	0.772954	2	2	0	0	0	0	0
AF	0	0.773267	1	1	0	0	0	0	0
AF	0	0.773579	1	1	0	0	0	0	0
AF	0	0.773891	1	1	0	0	0	0	0
AF	0	0.774204	2	1	1	0	0	0	0
AF	0	0.774828	1	1	0	0	0	0	0
AF	0	0.775453	1	1	0	0	0	0	0
AF	0	0.775765	1	0	1	0	0	0	0
AF	0	0.776077	4	3	1	0	0	0	0
AF	0	0.776390	2	1	1	0	0	0	0
AF	0	0.776702	4	2	2	0	0	0	0
AF	0	0.777014	4	2	2	0	0	0	0
AF	0	0.777327	3	2	1	0	0	0	0
AF	0	0.777639	2	1	1	0	0	0	0
AF	0	0.778576	1	0	1	0	0	0	0
AF	0	0.778888	3	1	2	0	0	0	0
AF	0	0.779200	2	2	0	0	0	0	0
AF	0	0.779513	7	6	1	0	0	0	0
AF	0	0.779825	1	0	1	0	0	0	0
AF	0	0.780137	6	3	3	0	0	0	0
AF	0	0.780762	10	7	3	0	0	0	0
AF	0	0.781074	10	6	4	0	0	0	0
AF	0	0.781387	15	10	5	0	0	0	0
AF	0	0.782011	5	5	0	0	0	0	0
AF	0	0.782324	1	1	0	0	0	0	0
AF	0	0.782636	1	1	0	0	0	0	0
AF	0	0.782948	1	1	0	0	0	0	0
AF	0	0.783260	1	1	0	0	0	0	0
AF	0	0.783885	2	2	0	0	0	0	0
AF	0	0.785134	2	0	2	0	0	0	0
AF	0	0.785759	1	1	0	0	0	0	0
AF	0	0.786384	1	1	0	0	0	0	0
AF	0	0.786696	1	1	0	0	0	0	0
AF	0	0.787008	4	3	1	0	0	0	0
AF	0	0.787320	1	1	0	0	0	0	0
AF	0	0.790756	1	1	0	0	0	0	0
AF	0	0.791380	3	3	0	0	0	0	0
AF	0	0.791693	1	0	1	0	0	0	0
AF	0	0.792005	1	0	1	0	0	0	0
AF	0	0.792630	1	1	0	0	0	0	0
AF	0	0.793879	1	1	0	0	0	0	0
AF	0	0.794191	1	1	0	0	0	0	0
AF	0	0.794816	1	0	1	0	0	0	0
AF	0	0.801062	3	2	1	0	0	0	0
AF	0	0.802311	4	1	3	0	0	0	0
AF	0	0.802623	4	4	0	0	0	0	0
AF	0	0.802936	3	3	0	0	0	0	0
AF	0	0.805122	1	0	1	0	0	0	0
AF	0	0.805434	1	1	0	0	0	0	0
AF	0	0.807620	1	0	1	0	0	0	0
AF	0	0.807933	1	1	0	0	0	0	0
AF	0	0.819176	1	0	1	0	0	0	0
AF	0	0.819488	1	1	0	0	0	0	0
AF	0	0.819800	1	1	0	0	0	0	0
AF	0	0.820112	1	0	1	0	0	0	0
AF	0	0.820737	2	2	0	0	0	0	0
AF	0	0.821049	2	2	0	0	0	0	0
AF	0	0.821986	1	1	0	0	0	0	0
AF	0	0.822923	1	1	0	0	0	0	0
AF	0	0.823860	1	1	0	0	0	0	0
AF	0	0.824485	4	2	2	0	0	0	0
AF	0	0.824797	2	1	1	0	0	0	0
AF	0	0.826046	2	2	0	0	0	0	0
AF	0	0.826359	1	1	0	0	0	0	0
AF	0	0.826671	2	2	0	0	0	0	0
AF	0	0.826983	2	2	0	0	0	0	0
AF	0	0.829169	1	0	1	0	0	0	0
AF	0	0.830106	1	1	0	0	0	0	0
AF	0	0.830731	1	0	1	0	0	0	0
AF	0	0.831043	2	1	1	0	0	0	0
AF	0	0.831355	4	3	1	0	0	0	0
AF	0	0.832605	1	0	1	0	0	0	0
AF	0	0.836352	1	1	0	0	0	0	0
AF	0	0.836665	1	1	0	0	0	0	0
AF	0	0.841349	1	1	0	0	0	0	0
AF	0	0.841661	1	1	0	0	0	0	0
AF	0	0.841974	1	1	0	0	0	0	0
AF	0	0.842286	2	1	1	0	0	0	0
AF	0	0.849469	3	3	0	0	0	0	0
AF	0	0.849781	1	0	1	0	0	0	0
AF	0	0.850406	1	0	1	0	0	0	0
AF	0	0.851031	1	0	1	0	0	0	0
AF	0	0.852592	1	0	1	0	0	0	0
AF	0	0.853217	2	1	1	0	0	0	0
AF	0	0.853841	3	2	1	0	0	0	0
AF	0	0.854154	1	1	0	0	0	0	0
AF	0	0.856964	1	1	0	0	0	0	0
AF	0	0.858838	1	1	0	0	0	0	0
AF	0	0.861024	4	4	0	0	0	0	0
AF	0	0.861337	2	0	2	0	0	0	0
AF	0	0.863210	1	0	1	0	0	0	0
AF	0	0.863523	1	1	0	0	0	0	0
AF	0	0.863835	1	0	1	0	0	0	0
AF	0	0.864147	1	0	1	0	0	0	0
AF	0	0.864460	2	1	1	0	0	0	0
AF	0	0.864772	1	1	0	0	0	0	0
AF	0	0.868207	1	1	0	0	0	0	0
AF	0	0.868520	1	1	0	0	0	0	0
AF	0	0.868832	2	2	0	0	0	0	0
AF	0	0.869457	4	3	1	0	0	0	0
AF	0	0.870394	1	1	0	0	0	0	0
AF	0	0.870706	1	1	0	0	0	0	0
AF	0	0.871643	1	0	1	0	0	0	0
AF	0	0.871955	5	3	2	0	0	0	0
AF	0	0.872267	1	0	1	0	0	0	0
AF	0	0.872580	1	1	0	0	0	0	0
AF	0	0.872892	1	1	0	0	0	0	0
AF	0	0.874141	4	2	2	0	0	0	0
AF	0	0.874453	1	1	0	0	0	0	0
AF	0	0.874766	1	1	0	0	0	0	0
AF	0	0.875078	2	1	1	0	0	0	0
AF	0	0.875390	1	0	1	0	0	0	0
AF	0	0.875703	5	2	3	0	0	0	0
AF	0	0.876015	1	0	1	0	0	0	0
AF	0	0.876327	14	13	1	0	0	0	0
AF	0	0.876952	1	1	0	0	0	0	0
AF	0	0.879763	3	1	2	0	0	0	0
AF	0	0.880075	2	1	1	0	0	0	0
AF	0	0.880387	1	1	0	0	0	0	0
AF	0	0.881949	1	0	1	0	0	0	0
AF	0	0.883198	4	4	0	0	0	0	0
AF	0	0.883510	3	2	1	0	0	0	0
AF	0	0.883823	7	5	2	0	0	0	0
AF	0	0.884447	2	1	1	0	0	0	0
AF	0	0.884760	1	0	1	0	0	0	0
AF	0	0.885072	3	3	0	0	0	0	0
AF	0	0.885384	3	3	0	0	0	0	0
AF	0	0.885696	1	1	0	0	0	0	0
AF	0	0.886009	1	0	1	0	0	0	0
AF	0	0.886321	7	6	1	0	0	0	0
AF	0	0.887570	2	2	0	0	0	0	0
AF	0	0.890381	1	1	0	0	0	0	0
AF	0	0.890693	1	1	0	0	0	0	0
AF	0	0.891006	1	0	1	0	0	0	0
AF	0	0.891630	1	1	0	0	0	0	0
AF	0	0.892879	2	2	0	0	0	0	0
AF	0	0.893192	1	1	0	0	0	0	0
AF	0	0.897252	1	0	1	0	0	0	0
AF	0	0.900375	5	4	1	0	0	0	0
AF	0	0.904122	2	2	0	0	0	0	0
AF	0	0.904435	1	1	0	0	0	0	0
AF	0	0.904747	12	8	4	0	0	0	0
AF	0	0.906621	2	1	1	0	0	0	0
AF	0	0.907870	1	1	0	0	0	0	0
AF	0	0.908495	1	1	0	0	0	0	0
AF	0	0.913492	2	1	1	0	0	0	0
AF	0	0.913804	1	0	1	0	0	0	0
AF	0	0.915053	2	2	0	0	0	0	0
AF	0	0.915678	1	1	0	0	0	0	0
AF	0	0.917239	1	0	1	0	0	0	0
AF	0	0.918488	1	1	0	0	0	0	0
AF	0	0.919113	2	1	1	0	0	0	0
AF	0	0.919738	1	0	1	0	0	0	0
AF	0	0.920050	1	0	1	0	0	0	0
AF	0	0.920362	1	1	0	0	0	0	0
AF	0	0.920675	4	3	1	0	0	0	0
AF	0	0.920987	20	11	9	0	0	0	0
AF	0	0.924110	1	0	1	0	0	0	0
AF	0	0.926608	1	1	0	0	0	0	0
AF	0	0.929107	2	2	0	0	0	0	0
AF	0	0.932854	2	1	1	0	0	0	0
AF	0	0.936914	1	1	0	0	0	0	0
AF	0	0.937227	2	2	0	0	0	0	0
AF	0	0.937851	4	4	0	0	0	0	0
AF	0	0.938164	1	0	1	0	0	0	0
AF	0	0.938476	1	1	0	0	0	0	0
AF	0	0.938788	3	2	1	0	0	0	0
AF	0	0.940350	2	2	0	0	0	0	0
AF	0	0.940974	3	2	1	0	0	0	0
AF	0	0.941287	1	1	0	0	0	0	0
AF	0	0.941599	1	0	1	0	0	0	0
AF	0	0.944410	1	1	0	0	0	0	0
AF	0	0.944722	1	0	1	0	0	0	0
AF	0	0.945034	2	1	1	0	0	0	0
AF	0	0.945347	10	8	2	0	0	0	0
AF	0	0.945659	8	5	3	0	0	0	0
AF	0	0.945971	9	6	3	0	0	0	0
AF	0	0.946284	1	1	0	0	0	0	0
AF	0	0.947220	2	1	1	0	0	0	0
AF	0	0.947533	2	1	1	0	0	0	0
AF	0	0.948157	1	1	0	0	0	0	0
AF	0	0.948470	1	0	1	0	0	0	0
AF	0	0.948782	3	1	2	0	0	0	0
AF	0	0.949094	5	5	0	0	0	0	0
AF	0	0.949407	2	2	0	0	0	0	0
AF	0	0.949719	3	3	0	0	0	0	0
AF	0	0.951280	1	0	1	0	0	0	0
AF	0	0.955340	1	1	0	0	0	0	0
AF	0	0.955965	1	1	0	0	0	0	0
AF	0	0.956277	2	1	1	0	0	0	0
AF	0	0.957527	2	2	0	0	0	0	0
AF	0	0.957839	8	8	0	0	0	0	0
AF	0	0.958776	1	1	0	0	0	0	0
AF	0	0.960962	2	2	0	0	0	0	0
AF	0	0.961274	1	1	0	0	0	0	0
AF	0	0.963460	9	5	4	0	0	0	0
AF	0	0.963773	5	3	2	0	0	0	0
AF	0	0.964085	4	3	1	0	0	0	0
AF	0	0.965334	7	7	0	0	0	0	0
AF	0	0.965646	1	0	1	0	0	0	0
AF	0	0.965959	2	1	1	0	0	0	0
AF	0	0.966896	2	1	1	0	0	0	0
AF	0	0.967833	11	6	5	0	0	0	0
AF	0	0.968457	5	2	3	0	0	0	0
AF	0	0.968770	5	2	3	0	0	0	0
AF	0	0.969082	10	8	2	0	0	0	0
AF	0	0.969394	4	1	3	0	0	0	0
AF	0	0.971893	1	1	0	0	0	0	0
AF	0	0.974079	1	1	0	0	0	0	0
AF	0	0.974391	1	1	0	0	0	0	0
AF	0	0.974703	7	5	2	0	0	0	0
AF	0	0.975016	1	1	0	0	0	0	0
AF	0	0.975640	4	4	0	0	0	0	0
AF	0	0.975953	16	12	4	0	0	0	0
AF	0	0.976577	1	1	0	0	0	0	0
AF	0	0.976889	3	2	1	0	0	0	0
AF	0	0.977202	5	2	3	0	0	0	0
AF	0	0.978139	2	2	0	0	0	0	0
AF	0	0.980325	5	2	3	0	0	0	0
AF	0	0.982199	2	1	1	0	0	0	0
AF	0	0.982511	6	2	4	0	0	0	0
AF	0	0.982823	3	2	1	0	0	0	0
AF	0	0.983448	1	0	1	0	0	0	0
AF	0	0.983760	1	1	0	0	0	0	0
AF	0	0.984697	3	3	0	0	0	0	0
AF	0	0.985322	4	2	2	0	0	0	0
AF	0	0.985634	1	0	1	0	0	0	0
AF	0	0.985946	5	5	0	0	0	0	0
AF	0	0.986259	5	4	1	0	0	0	0
AF	0	0.986571	1	0	1	0	0	0	0
AF	0	0.986883	3	3	0	0	0	0	0
AF	0	0.987196	2	2	0	0	0	0	0
AF	0	0.987820	3	1	2	0	0	0	0
AF	0	0.988132	2	1	1	0	0	0	0
AF	0	0.989069	2	0	2	0	0	0	0
AF	0	0.989382	1	1	0	0	0	0	0
AF	0	0.989694	4	3	1	0	0	0	0
AF	0	0.990006	14	11	3	0	0	0	0
AF	0	0.990319	22	15	7	0	0	0	0
AF	0	0.992192	1	0	1	0	0	0	0
AF	0	0.993442	1	0	1	0	0	0	0
AF	0	0.994379	1	1	0	0	0	0	0
AF	0	0.995003	1	1	0	0	0	0	0
AF	0	0.996565	1	1	0	0	0	0	0
AF	0	0.997189	1	1	0	0	0	0	0
AF	0	0.999063	2	1	1	0	0	0	0
# QUAL, Stats by quality
# QUAL	[2]id	[3]Quality	[4]number of SNPs	[5]number of transitions (1st ALT)	[6]number of transversions (1st ALT)	[7]number of indels
QUAL	0	.	19291	12540	6751	0
# IDD, InDel distribution:
# IDD	[2]id	[3]length (deletions negative)	[4]number of sites	[5]number of genotypes	[6]mean VAF
# ST, Substitution types:
# ST	[2]id	[3]type	[4]count
ST	0	A>C	707
ST	0	A>G	2715
ST	0	A>T	845
ST	0	C>A	1151
ST	0	C>G	694
ST	0	C>T	3529
ST	0	G>A	3673
ST	0	G>C	693
ST	0	G>T	1070
ST	0	T>A	855
ST	0	T>C	2623
ST	0	T>G	736
# DP, Depth distribution
# DP	[2]id	[3]bin	[4]number of genotypes	[5]fraction of genotypes (%)	[6]number of sites	[7]fraction of sites (%)
  - Fix haploid genotypes in males...

Submit MakeDiploidMalesX finished successfully. Let's have a beer, buddy!

