Submit MakeDiploidMalesX
version 1.1.6 (2024-09-30)

These are the settings:
  Input file................: /hpc/local/Rocky8/dhl_ec/software/MonopogenLite/resources/1kGP_high_coverage_Illumina.SNVonly_poly.filtered_AF_5e-04.norm.fixvariantid.chrX.vcf.gz
  Output file...............: /hpc/local/Rocky8/dhl_ec/software/MonopogenLite/resources/1kGP_high_coverage_Illumina.SNVonly_poly.filtered_AF_5e-04.norm.fixvariantid.makediploid.chrX.vcf.gz
  Chunk size................: 100

  SLURM CPUs................: 4
  SLURM Array ID............: 91 (of 100)
  SLURM memory..............: 16G
  SLURM time................: 01:00:00
  SLURM mail type...........: FAIL
  SLURM mail user...........: s.w.vanderlaan-2@umcutrecht.nl

  Dry run mode..............: 0
  Debug mode................: 1
  Verbosity.................: 0
  Version...................: 1.1.6 (2024-09-30)

Making converting haploid genotypes to diploid genotypes.
> Extract the region for this SLURM task (# 91) from the BED file.
  - Get the chunk number from the SLURM array task ID and the bed file...
DEBUG: Extracting chunk number: 91p from 91
DEBUG: Extracting region from BED file: /hpc/local/Rocky8/dhl_ec/software/MonopogenLite/resources/chrX_100pieces.bed
  - Extract the region from the BED file...
DEBUG: Extracted raw region: 'chrX	140436721	141997128' (chunk #: 91p of 100 for job 91)
  - Check if a valid region was extracted -- should be 'chrX	140436721	141997128'...
  - Prepare the region for bcftools...
  - Check if the region (chrX:140436721-141997128) was successfully extracted...
> Processing region 'chrX:140436721-141997128'...
  - Process the specific region (chunk# 91) using bcftools view...
  - Index the VCF file...
DEBUG: Check if the VCF file was successfully processed...
##fileformat=VCFv4.2
##FILTER=<ID=PASS,Description="All filters passed">
##fileDate=29/01/2022 - 14:31:41
##source=shapeit4.2.2
##contig=<ID=chr1,length=248956422>
##contig=<ID=chr2,length=242193529>
##contig=<ID=chr3,length=198295559>
##contig=<ID=chr4,length=190214555>
##contig=<ID=chr5,length=181538259>
##contig=<ID=chr6,length=170805979>
# This file was produced by bcftools stats (1.20+htslib-1.20) and can be plotted using plot-vcfstats.
# The command line was:	bcftools stats  /hpc/local/Rocky8/dhl_ec/software/MonopogenLite/resources/chrX.part91.vcf.gz
#
# Definition of sets:
# ID	[2]id	[3]tab-separated file names
ID	0	/hpc/local/Rocky8/dhl_ec/software/MonopogenLite/resources/chrX.part91.vcf.gz
# SN, Summary numbers:
#   number of records   .. number of data rows in the VCF
#   number of no-ALTs   .. reference-only sites, ALT is either "." or identical to REF
#   number of SNPs      .. number of rows with a SNP
#   number of MNPs      .. number of rows with a MNP, such as CC>TT
#   number of indels    .. number of rows with an indel
#   number of others    .. number of rows with other type, for example a symbolic allele or
#                          a complex substitution, such as ACT>TCGA
#   number of multiallelic sites     .. number of rows with multiple alternate alleles
#   number of multiallelic SNP sites .. number of rows with multiple alternate alleles, all SNPs
# 
#   Note that rows containing multiple types will be counted multiple times, in each
#   counter. For example, a row with a SNP and an indel increments both the SNP and
#   the indel counter.
# 
# SN	[2]id	[3]key	[4]value
SN	0	number of samples:	3202
SN	0	number of records:	17067
SN	0	number of no-ALTs:	0
SN	0	number of SNPs:	17067
SN	0	number of MNPs:	0
SN	0	number of indels:	0
SN	0	number of others:	0
SN	0	number of multiallelic sites:	0
SN	0	number of multiallelic SNP sites:	0
# TSTV, transitions/transversions:
# TSTV	[2]id	[3]ts	[4]tv	[5]ts/tv	[6]ts (1st ALT)	[7]tv (1st ALT)	[8]ts/tv (1st ALT)
TSTV	0	11430	5637	2.03	11430	5637	2.03
# SiS, Singleton stats:
# SiS	[2]id	[3]allele count	[4]number of SNPs	[5]number of transitions	[6]number of transversions	[7]number of indels	[8]repeat-consistent	[9]repeat-inconsistent	[10]not applicable
SiS	0	1	0	0	0	0	0	0	0
# AF, Stats by non-reference allele frequency:
# AF	[2]id	[3]allele frequency	[4]number of SNPs	[5]number of transitions	[6]number of transversions	[7]number of indels	[8]repeat-consistent	[9]repeat-inconsistent	[10]not applicable
AF	0	0.000312	2323	1573	750	0	0	0	0
AF	0	0.000625	1443	945	498	0	0	0	0
AF	0	0.000937	1698	1157	541	0	0	0	0
AF	0	0.001249	566	378	188	0	0	0	0
AF	0	0.001562	906	626	280	0	0	0	0
AF	0	0.001874	331	225	106	0	0	0	0
AF	0	0.002186	579	376	203	0	0	0	0
AF	0	0.002498	269	192	77	0	0	0	0
AF	0	0.002811	422	281	141	0	0	0	0
AF	0	0.003123	210	143	67	0	0	0	0
AF	0	0.003435	329	220	109	0	0	0	0
AF	0	0.003748	118	78	40	0	0	0	0
AF	0	0.004060	287	190	97	0	0	0	0
AF	0	0.004372	140	91	49	0	0	0	0
AF	0	0.004685	253	183	70	0	0	0	0
AF	0	0.004997	87	59	28	0	0	0	0
AF	0	0.005309	200	130	70	0	0	0	0
AF	0	0.005621	87	57	30	0	0	0	0
AF	0	0.005934	159	100	59	0	0	0	0
AF	0	0.006246	90	59	31	0	0	0	0
AF	0	0.006558	181	123	58	0	0	0	0
AF	0	0.006871	65	46	19	0	0	0	0
AF	0	0.007183	165	106	59	0	0	0	0
AF	0	0.007495	83	54	29	0	0	0	0
AF	0	0.007808	102	66	36	0	0	0	0
AF	0	0.008120	60	40	20	0	0	0	0
AF	0	0.008432	90	47	43	0	0	0	0
AF	0	0.008745	29	18	11	0	0	0	0
AF	0	0.009057	88	63	25	0	0	0	0
AF	0	0.009369	56	34	22	0	0	0	0
AF	0	0.009681	71	45	26	0	0	0	0
AF	0	0.009994	54	40	14	0	0	0	0
AF	0	0.010306	77	54	23	0	0	0	0
AF	0	0.010618	42	28	14	0	0	0	0
AF	0	0.010931	69	35	34	0	0	0	0
AF	0	0.011243	42	22	20	0	0	0	0
AF	0	0.011555	57	49	8	0	0	0	0
AF	0	0.011868	43	29	14	0	0	0	0
AF	0	0.012180	47	31	16	0	0	0	0
AF	0	0.012492	20	12	8	0	0	0	0
AF	0	0.012804	42	30	12	0	0	0	0
AF	0	0.013117	26	21	5	0	0	0	0
AF	0	0.013429	68	47	21	0	0	0	0
AF	0	0.013741	28	15	13	0	0	0	0
AF	0	0.014054	50	31	19	0	0	0	0
AF	0	0.014366	39	29	10	0	0	0	0
AF	0	0.014678	58	38	20	0	0	0	0
AF	0	0.014991	35	20	15	0	0	0	0
AF	0	0.015303	53	37	16	0	0	0	0
AF	0	0.015615	27	20	7	0	0	0	0
AF	0	0.015928	43	22	21	0	0	0	0
AF	0	0.016240	30	18	12	0	0	0	0
AF	0	0.016552	38	25	13	0	0	0	0
AF	0	0.016864	26	16	10	0	0	0	0
AF	0	0.017177	45	34	11	0	0	0	0
AF	0	0.017489	25	19	6	0	0	0	0
AF	0	0.017801	38	23	15	0	0	0	0
AF	0	0.018114	22	17	5	0	0	0	0
AF	0	0.018426	34	26	8	0	0	0	0
AF	0	0.018738	16	13	3	0	0	0	0
AF	0	0.019051	35	23	12	0	0	0	0
AF	0	0.019363	19	13	6	0	0	0	0
AF	0	0.019675	26	21	5	0	0	0	0
AF	0	0.019988	22	13	9	0	0	0	0
AF	0	0.020300	34	26	8	0	0	0	0
AF	0	0.020612	19	13	6	0	0	0	0
AF	0	0.020924	37	27	10	0	0	0	0
AF	0	0.021237	13	8	5	0	0	0	0
AF	0	0.021549	26	23	3	0	0	0	0
AF	0	0.021861	10	6	4	0	0	0	0
AF	0	0.022174	37	24	13	0	0	0	0
AF	0	0.022486	14	11	3	0	0	0	0
AF	0	0.022798	28	16	12	0	0	0	0
AF	0	0.023111	18	11	7	0	0	0	0
AF	0	0.023423	46	37	9	0	0	0	0
AF	0	0.023735	14	9	5	0	0	0	0
AF	0	0.024047	23	16	7	0	0	0	0
AF	0	0.024360	9	7	2	0	0	0	0
AF	0	0.024672	28	20	8	0	0	0	0
AF	0	0.024984	8	4	4	0	0	0	0
AF	0	0.025297	17	11	6	0	0	0	0
AF	0	0.025609	13	8	5	0	0	0	0
AF	0	0.025921	21	12	9	0	0	0	0
AF	0	0.026234	6	3	3	0	0	0	0
AF	0	0.026546	15	13	2	0	0	0	0
AF	0	0.026858	12	7	5	0	0	0	0
AF	0	0.027171	22	15	7	0	0	0	0
AF	0	0.027483	6	2	4	0	0	0	0
AF	0	0.027795	13	9	4	0	0	0	0
AF	0	0.028107	9	6	3	0	0	0	0
AF	0	0.028420	16	9	7	0	0	0	0
AF	0	0.028732	5	4	1	0	0	0	0
AF	0	0.029044	18	15	3	0	0	0	0
AF	0	0.029357	5	3	2	0	0	0	0
AF	0	0.029669	15	11	4	0	0	0	0
AF	0	0.029981	10	6	4	0	0	0	0
AF	0	0.030294	13	9	4	0	0	0	0
AF	0	0.030606	9	5	4	0	0	0	0
AF	0	0.030918	24	13	11	0	0	0	0
AF	0	0.031230	7	4	3	0	0	0	0
AF	0	0.031543	11	11	0	0	0	0	0
AF	0	0.031855	6	4	2	0	0	0	0
AF	0	0.032167	10	4	6	0	0	0	0
AF	0	0.032480	8	5	3	0	0	0	0
AF	0	0.032792	7	6	1	0	0	0	0
AF	0	0.033104	3	3	0	0	0	0	0
AF	0	0.033417	13	12	1	0	0	0	0
AF	0	0.033729	10	5	5	0	0	0	0
AF	0	0.034041	15	8	7	0	0	0	0
AF	0	0.034354	5	2	3	0	0	0	0
AF	0	0.034666	13	9	4	0	0	0	0
AF	0	0.034978	4	4	0	0	0	0	0
AF	0	0.035290	11	6	5	0	0	0	0
AF	0	0.035603	3	3	0	0	0	0	0
AF	0	0.035915	10	7	3	0	0	0	0
AF	0	0.036227	2	2	0	0	0	0	0
AF	0	0.036540	5	4	1	0	0	0	0
AF	0	0.036852	4	1	3	0	0	0	0
AF	0	0.037164	14	12	2	0	0	0	0
AF	0	0.037477	6	4	2	0	0	0	0
AF	0	0.037789	19	12	7	0	0	0	0
AF	0	0.038101	8	4	4	0	0	0	0
AF	0	0.038413	7	4	3	0	0	0	0
AF	0	0.038726	3	3	0	0	0	0	0
AF	0	0.039038	16	12	4	0	0	0	0
AF	0	0.039350	1	0	1	0	0	0	0
AF	0	0.039663	14	9	5	0	0	0	0
AF	0	0.039975	2	1	1	0	0	0	0
AF	0	0.040287	14	7	7	0	0	0	0
AF	0	0.040600	10	6	4	0	0	0	0
AF	0	0.040912	14	9	5	0	0	0	0
AF	0	0.041224	9	7	2	0	0	0	0
AF	0	0.041537	18	15	3	0	0	0	0
AF	0	0.041849	5	4	1	0	0	0	0
AF	0	0.042161	15	11	4	0	0	0	0
AF	0	0.042473	6	4	2	0	0	0	0
AF	0	0.042786	8	7	1	0	0	0	0
AF	0	0.043098	1	1	0	0	0	0	0
AF	0	0.043410	9	6	3	0	0	0	0
AF	0	0.043723	8	6	2	0	0	0	0
AF	0	0.044035	7	5	2	0	0	0	0
AF	0	0.044347	5	3	2	0	0	0	0
AF	0	0.044660	15	11	4	0	0	0	0
AF	0	0.044972	2	2	0	0	0	0	0
AF	0	0.045284	12	6	6	0	0	0	0
AF	0	0.045597	7	4	3	0	0	0	0
AF	0	0.045909	11	8	3	0	0	0	0
AF	0	0.046221	2	1	1	0	0	0	0
AF	0	0.046533	9	7	2	0	0	0	0
AF	0	0.046846	6	4	2	0	0	0	0
AF	0	0.047158	4	1	3	0	0	0	0
AF	0	0.047470	4	3	1	0	0	0	0
AF	0	0.047783	18	13	5	0	0	0	0
AF	0	0.048095	3	2	1	0	0	0	0
AF	0	0.048407	11	10	1	0	0	0	0
AF	0	0.048720	6	6	0	0	0	0	0
AF	0	0.049032	3	1	2	0	0	0	0
AF	0	0.049344	1	1	0	0	0	0	0
AF	0	0.049656	2	2	0	0	0	0	0
AF	0	0.049969	3	2	1	0	0	0	0
AF	0	0.050281	8	5	3	0	0	0	0
AF	0	0.050593	8	5	3	0	0	0	0
AF	0	0.050906	10	7	3	0	0	0	0
AF	0	0.051218	5	3	2	0	0	0	0
AF	0	0.051530	11	9	2	0	0	0	0
AF	0	0.051843	4	2	2	0	0	0	0
AF	0	0.052155	9	7	2	0	0	0	0
AF	0	0.052467	6	3	3	0	0	0	0
AF	0	0.052780	6	4	2	0	0	0	0
AF	0	0.053092	1	1	0	0	0	0	0
AF	0	0.053404	7	6	1	0	0	0	0
AF	0	0.053716	1	1	0	0	0	0	0
AF	0	0.054029	5	3	2	0	0	0	0
AF	0	0.054341	7	3	4	0	0	0	0
AF	0	0.054653	11	7	4	0	0	0	0
AF	0	0.054966	1	1	0	0	0	0	0
AF	0	0.055278	8	6	2	0	0	0	0
AF	0	0.055590	3	0	3	0	0	0	0
AF	0	0.055903	9	5	4	0	0	0	0
AF	0	0.056215	2	1	1	0	0	0	0
AF	0	0.056527	7	3	4	0	0	0	0
AF	0	0.056839	3	3	0	0	0	0	0
AF	0	0.057152	8	6	2	0	0	0	0
AF	0	0.057464	6	5	1	0	0	0	0
AF	0	0.057776	5	4	1	0	0	0	0
AF	0	0.058089	2	1	1	0	0	0	0
AF	0	0.058401	5	3	2	0	0	0	0
AF	0	0.058713	3	3	0	0	0	0	0
AF	0	0.059026	4	0	4	0	0	0	0
AF	0	0.059338	1	0	1	0	0	0	0
AF	0	0.059650	13	7	6	0	0	0	0
AF	0	0.059963	6	3	3	0	0	0	0
AF	0	0.060275	4	1	3	0	0	0	0
AF	0	0.060587	1	1	0	0	0	0	0
AF	0	0.060899	4	2	2	0	0	0	0
AF	0	0.061212	3	2	1	0	0	0	0
AF	0	0.061524	12	7	5	0	0	0	0
AF	0	0.061836	6	6	0	0	0	0	0
AF	0	0.062149	3	2	1	0	0	0	0
AF	0	0.062461	2	2	0	0	0	0	0
AF	0	0.062773	6	2	4	0	0	0	0
AF	0	0.063086	2	2	0	0	0	0	0
AF	0	0.063398	1	1	0	0	0	0	0
AF	0	0.063710	2	1	1	0	0	0	0
AF	0	0.064022	3	2	1	0	0	0	0
AF	0	0.064335	1	1	0	0	0	0	0
AF	0	0.064647	8	5	3	0	0	0	0
AF	0	0.064959	2	2	0	0	0	0	0
AF	0	0.065272	7	5	2	0	0	0	0
AF	0	0.065584	3	2	1	0	0	0	0
AF	0	0.065896	10	7	3	0	0	0	0
AF	0	0.066209	1	0	1	0	0	0	0
AF	0	0.066521	10	4	6	0	0	0	0
AF	0	0.066833	7	4	3	0	0	0	0
AF	0	0.067146	4	3	1	0	0	0	0
AF	0	0.067458	2	1	1	0	0	0	0
AF	0	0.067770	7	6	1	0	0	0	0
AF	0	0.068082	1	1	0	0	0	0	0
AF	0	0.068395	6	4	2	0	0	0	0
AF	0	0.068707	4	4	0	0	0	0	0
AF	0	0.069019	4	3	1	0	0	0	0
AF	0	0.069332	4	2	2	0	0	0	0
AF	0	0.069644	6	5	1	0	0	0	0
AF	0	0.069956	3	2	1	0	0	0	0
AF	0	0.070269	2	2	0	0	0	0	0
AF	0	0.070581	2	1	1	0	0	0	0
AF	0	0.070893	5	3	2	0	0	0	0
AF	0	0.071205	3	3	0	0	0	0	0
AF	0	0.071518	10	8	2	0	0	0	0
AF	0	0.071830	2	2	0	0	0	0	0
AF	0	0.072142	3	2	1	0	0	0	0
AF	0	0.072455	3	1	2	0	0	0	0
AF	0	0.072767	8	5	3	0	0	0	0
AF	0	0.073079	2	2	0	0	0	0	0
AF	0	0.073392	8	7	1	0	0	0	0
AF	0	0.073704	6	5	1	0	0	0	0
AF	0	0.074016	10	4	6	0	0	0	0
AF	0	0.074329	2	1	1	0	0	0	0
AF	0	0.074641	5	2	3	0	0	0	0
AF	0	0.074953	3	1	2	0	0	0	0
AF	0	0.075265	4	3	1	0	0	0	0
AF	0	0.075578	5	1	4	0	0	0	0
AF	0	0.075890	4	4	0	0	0	0	0
AF	0	0.076202	2	2	0	0	0	0	0
AF	0	0.076515	6	5	1	0	0	0	0
AF	0	0.076827	2	1	1	0	0	0	0
AF	0	0.077139	6	3	3	0	0	0	0
AF	0	0.077764	2	1	1	0	0	0	0
AF	0	0.078076	2	2	0	0	0	0	0
AF	0	0.078389	6	5	1	0	0	0	0
AF	0	0.078701	5	3	2	0	0	0	0
AF	0	0.079013	1	1	0	0	0	0	0
AF	0	0.079325	1	0	1	0	0	0	0
AF	0	0.079638	4	2	2	0	0	0	0
AF	0	0.080262	4	3	1	0	0	0	0
AF	0	0.080575	2	2	0	0	0	0	0
AF	0	0.080887	6	4	2	0	0	0	0
AF	0	0.081512	3	1	2	0	0	0	0
AF	0	0.081824	1	1	0	0	0	0	0
AF	0	0.082136	9	7	2	0	0	0	0
AF	0	0.082448	1	0	1	0	0	0	0
AF	0	0.082761	6	5	1	0	0	0	0
AF	0	0.083073	1	0	1	0	0	0	0
AF	0	0.083385	4	4	0	0	0	0	0
AF	0	0.083698	2	1	1	0	0	0	0
AF	0	0.084010	2	2	0	0	0	0	0
AF	0	0.084322	2	1	1	0	0	0	0
AF	0	0.084635	10	5	5	0	0	0	0
AF	0	0.085259	8	6	2	0	0	0	0
AF	0	0.085572	1	1	0	0	0	0	0
AF	0	0.085884	9	6	3	0	0	0	0
AF	0	0.086196	1	1	0	0	0	0	0
AF	0	0.086508	1	1	0	0	0	0	0
AF	0	0.086821	1	1	0	0	0	0	0
AF	0	0.087133	3	2	1	0	0	0	0
AF	0	0.087445	2	1	1	0	0	0	0
AF	0	0.087758	5	3	2	0	0	0	0
AF	0	0.088070	2	2	0	0	0	0	0
AF	0	0.088382	3	1	2	0	0	0	0
AF	0	0.088695	1	0	1	0	0	0	0
AF	0	0.089007	3	2	1	0	0	0	0
AF	0	0.089319	3	3	0	0	0	0	0
AF	0	0.089631	2	2	0	0	0	0	0
AF	0	0.089944	1	1	0	0	0	0	0
AF	0	0.090256	10	8	2	0	0	0	0
AF	0	0.090568	3	1	2	0	0	0	0
AF	0	0.090881	7	4	3	0	0	0	0
AF	0	0.091193	2	2	0	0	0	0	0
AF	0	0.091505	3	2	1	0	0	0	0
AF	0	0.092130	4	3	1	0	0	0	0
AF	0	0.092755	4	2	2	0	0	0	0
AF	0	0.093067	4	3	1	0	0	0	0
AF	0	0.093379	6	4	2	0	0	0	0
AF	0	0.094004	4	2	2	0	0	0	0
AF	0	0.094316	1	1	0	0	0	0	0
AF	0	0.094628	2	1	1	0	0	0	0
AF	0	0.094941	1	1	0	0	0	0	0
AF	0	0.095253	7	7	0	0	0	0	0
AF	0	0.095565	3	2	1	0	0	0	0
AF	0	0.095878	1	1	0	0	0	0	0
AF	0	0.096190	8	6	2	0	0	0	0
AF	0	0.096502	4	4	0	0	0	0	0
AF	0	0.096814	3	1	2	0	0	0	0
AF	0	0.097127	12	6	6	0	0	0	0
AF	0	0.097439	1	1	0	0	0	0	0
AF	0	0.097751	5	3	2	0	0	0	0
AF	0	0.098688	1	1	0	0	0	0	0
AF	0	0.099001	3	2	1	0	0	0	0
AF	0	0.099313	2	2	0	0	0	0	0
AF	0	0.099625	4	1	3	0	0	0	0
AF	0	0.099938	2	0	2	0	0	0	0
AF	0	0.100250	7	4	3	0	0	0	0
AF	0	0.100562	3	3	0	0	0	0	0
AF	0	0.100874	6	5	1	0	0	0	0
AF	0	0.101187	2	2	0	0	0	0	0
AF	0	0.101499	4	3	1	0	0	0	0
AF	0	0.101811	1	1	0	0	0	0	0
AF	0	0.102124	2	0	2	0	0	0	0
AF	0	0.102436	2	1	1	0	0	0	0
AF	0	0.102748	6	6	0	0	0	0	0
AF	0	0.103061	1	0	1	0	0	0	0
AF	0	0.103373	2	2	0	0	0	0	0
AF	0	0.103685	2	2	0	0	0	0	0
AF	0	0.103998	2	1	1	0	0	0	0
AF	0	0.104310	1	0	1	0	0	0	0
AF	0	0.104622	4	4	0	0	0	0	0
AF	0	0.104934	1	1	0	0	0	0	0
AF	0	0.105247	1	1	0	0	0	0	0
AF	0	0.105559	3	2	1	0	0	0	0
AF	0	0.105871	2	1	1	0	0	0	0
AF	0	0.106184	2	2	0	0	0	0	0
AF	0	0.106496	7	4	3	0	0	0	0
AF	0	0.106808	1	1	0	0	0	0	0
AF	0	0.107121	2	2	0	0	0	0	0
AF	0	0.107433	3	3	0	0	0	0	0
AF	0	0.107745	3	3	0	0	0	0	0
AF	0	0.108057	1	0	1	0	0	0	0
AF	0	0.108370	2	2	0	0	0	0	0
AF	0	0.108682	2	0	2	0	0	0	0
AF	0	0.108994	1	1	0	0	0	0	0
AF	0	0.109619	1	1	0	0	0	0	0
AF	0	0.109931	3	2	1	0	0	0	0
AF	0	0.110244	4	4	0	0	0	0	0
AF	0	0.110556	3	1	2	0	0	0	0
AF	0	0.110868	3	3	0	0	0	0	0
AF	0	0.111181	6	2	4	0	0	0	0
AF	0	0.111493	9	7	2	0	0	0	0
AF	0	0.111805	5	4	1	0	0	0	0
AF	0	0.112117	6	3	3	0	0	0	0
AF	0	0.112430	3	2	1	0	0	0	0
AF	0	0.113054	2	2	0	0	0	0	0
AF	0	0.113679	7	2	5	0	0	0	0
AF	0	0.113991	3	2	1	0	0	0	0
AF	0	0.114304	2	1	1	0	0	0	0
AF	0	0.114616	3	1	2	0	0	0	0
AF	0	0.114928	5	3	2	0	0	0	0
AF	0	0.115240	2	1	1	0	0	0	0
AF	0	0.115553	3	1	2	0	0	0	0
AF	0	0.115865	2	0	2	0	0	0	0
AF	0	0.116177	4	3	1	0	0	0	0
AF	0	0.116802	6	5	1	0	0	0	0
AF	0	0.117114	5	3	2	0	0	0	0
AF	0	0.117427	3	2	1	0	0	0	0
AF	0	0.117739	3	1	2	0	0	0	0
AF	0	0.118051	3	2	1	0	0	0	0
AF	0	0.118364	2	1	1	0	0	0	0
AF	0	0.118676	2	2	0	0	0	0	0
AF	0	0.119300	4	3	1	0	0	0	0
AF	0	0.119925	1	0	1	0	0	0	0
AF	0	0.120237	2	1	1	0	0	0	0
AF	0	0.120550	3	2	1	0	0	0	0
AF	0	0.120862	5	3	2	0	0	0	0
AF	0	0.121174	3	2	1	0	0	0	0
AF	0	0.121487	3	3	0	0	0	0	0
AF	0	0.121799	2	1	1	0	0	0	0
AF	0	0.122111	2	2	0	0	0	0	0
AF	0	0.122423	1	1	0	0	0	0	0
AF	0	0.122736	1	1	0	0	0	0	0
AF	0	0.123048	5	3	2	0	0	0	0
AF	0	0.123360	3	1	2	0	0	0	0
AF	0	0.123673	4	4	0	0	0	0	0
AF	0	0.123985	2	1	1	0	0	0	0
AF	0	0.124297	4	2	2	0	0	0	0
AF	0	0.124610	2	1	1	0	0	0	0
AF	0	0.124922	4	3	1	0	0	0	0
AF	0	0.125234	3	3	0	0	0	0	0
AF	0	0.125547	8	5	3	0	0	0	0
AF	0	0.125859	2	2	0	0	0	0	0
AF	0	0.126171	1	1	0	0	0	0	0
AF	0	0.126483	2	2	0	0	0	0	0
AF	0	0.126796	4	1	3	0	0	0	0
AF	0	0.127108	4	0	4	0	0	0	0
AF	0	0.127420	1	1	0	0	0	0	0
AF	0	0.127733	2	1	1	0	0	0	0
AF	0	0.128045	2	1	1	0	0	0	0
AF	0	0.128357	1	1	0	0	0	0	0
AF	0	0.128670	2	1	1	0	0	0	0
AF	0	0.128982	3	2	1	0	0	0	0
AF	0	0.129294	4	3	1	0	0	0	0
AF	0	0.129606	1	0	1	0	0	0	0
AF	0	0.129919	5	1	4	0	0	0	0
AF	0	0.130231	1	0	1	0	0	0	0
AF	0	0.130543	4	2	2	0	0	0	0
AF	0	0.131168	4	2	2	0	0	0	0
AF	0	0.131793	7	5	2	0	0	0	0
AF	0	0.132105	1	1	0	0	0	0	0
AF	0	0.132417	4	3	1	0	0	0	0
AF	0	0.132730	1	1	0	0	0	0	0
AF	0	0.133042	5	1	4	0	0	0	0
AF	0	0.133666	4	4	0	0	0	0	0
AF	0	0.133979	1	1	0	0	0	0	0
AF	0	0.134291	3	3	0	0	0	0	0
AF	0	0.134603	1	1	0	0	0	0	0
AF	0	0.134916	4	4	0	0	0	0	0
AF	0	0.135228	2	1	1	0	0	0	0
AF	0	0.135540	3	2	1	0	0	0	0
AF	0	0.135853	2	1	1	0	0	0	0
AF	0	0.136165	5	3	2	0	0	0	0
AF	0	0.136477	3	2	1	0	0	0	0
AF	0	0.136790	8	4	4	0	0	0	0
AF	0	0.137102	3	1	2	0	0	0	0
AF	0	0.137414	6	3	3	0	0	0	0
AF	0	0.137726	1	0	1	0	0	0	0
AF	0	0.138039	5	2	3	0	0	0	0
AF	0	0.138351	1	1	0	0	0	0	0
AF	0	0.138663	3	3	0	0	0	0	0
AF	0	0.139288	4	4	0	0	0	0	0
AF	0	0.139600	2	1	1	0	0	0	0
AF	0	0.139913	4	3	1	0	0	0	0
AF	0	0.140225	3	2	1	0	0	0	0
AF	0	0.140537	3	2	1	0	0	0	0
AF	0	0.141162	4	2	2	0	0	0	0
AF	0	0.141474	1	1	0	0	0	0	0
AF	0	0.141786	2	1	1	0	0	0	0
AF	0	0.142099	1	1	0	0	0	0	0
AF	0	0.142411	3	2	1	0	0	0	0
AF	0	0.142723	5	4	1	0	0	0	0
AF	0	0.143036	3	1	2	0	0	0	0
AF	0	0.143348	3	2	1	0	0	0	0
AF	0	0.143660	2	2	0	0	0	0	0
AF	0	0.144285	3	1	2	0	0	0	0
AF	0	0.144597	3	1	2	0	0	0	0
AF	0	0.144909	4	3	1	0	0	0	0
AF	0	0.145222	2	1	1	0	0	0	0
AF	0	0.145534	1	1	0	0	0	0	0
AF	0	0.145846	2	2	0	0	0	0	0
AF	0	0.146159	7	4	3	0	0	0	0
AF	0	0.146471	4	2	2	0	0	0	0
AF	0	0.146783	3	2	1	0	0	0	0
AF	0	0.147096	4	3	1	0	0	0	0
AF	0	0.147408	1	0	1	0	0	0	0
AF	0	0.147720	2	2	0	0	0	0	0
AF	0	0.148032	4	1	3	0	0	0	0
AF	0	0.148345	1	1	0	0	0	0	0
AF	0	0.148657	5	4	1	0	0	0	0
AF	0	0.149594	3	2	1	0	0	0	0
AF	0	0.149906	2	0	2	0	0	0	0
AF	0	0.150219	1	1	0	0	0	0	0
AF	0	0.150531	2	1	1	0	0	0	0
AF	0	0.150843	3	2	1	0	0	0	0
AF	0	0.151156	4	3	1	0	0	0	0
AF	0	0.151468	1	1	0	0	0	0	0
AF	0	0.151780	1	1	0	0	0	0	0
AF	0	0.152092	2	1	1	0	0	0	0
AF	0	0.152405	2	1	1	0	0	0	0
AF	0	0.152717	1	0	1	0	0	0	0
AF	0	0.153029	5	5	0	0	0	0	0
AF	0	0.153342	1	1	0	0	0	0	0
AF	0	0.153654	2	2	0	0	0	0	0
AF	0	0.153966	1	0	1	0	0	0	0
AF	0	0.154279	1	0	1	0	0	0	0
AF	0	0.154591	1	0	1	0	0	0	0
AF	0	0.154903	3	2	1	0	0	0	0
AF	0	0.155215	1	1	0	0	0	0	0
AF	0	0.155528	2	2	0	0	0	0	0
AF	0	0.155840	1	0	1	0	0	0	0
AF	0	0.156777	2	0	2	0	0	0	0
AF	0	0.157089	2	2	0	0	0	0	0
AF	0	0.157402	3	2	1	0	0	0	0
AF	0	0.158026	7	4	3	0	0	0	0
AF	0	0.158339	1	0	1	0	0	0	0
AF	0	0.158651	1	1	0	0	0	0	0
AF	0	0.159275	6	3	3	0	0	0	0
AF	0	0.160525	3	2	1	0	0	0	0
AF	0	0.160837	1	1	0	0	0	0	0
AF	0	0.161462	1	1	0	0	0	0	0
AF	0	0.161774	4	3	1	0	0	0	0
AF	0	0.162086	2	0	2	0	0	0	0
AF	0	0.162399	1	0	1	0	0	0	0
AF	0	0.162711	4	3	1	0	0	0	0
AF	0	0.163023	4	4	0	0	0	0	0
AF	0	0.163335	1	1	0	0	0	0	0
AF	0	0.163648	3	1	2	0	0	0	0
AF	0	0.163960	1	0	1	0	0	0	0
AF	0	0.164272	1	0	1	0	0	0	0
AF	0	0.165209	1	0	1	0	0	0	0
AF	0	0.165522	3	3	0	0	0	0	0
AF	0	0.165834	3	3	0	0	0	0	0
AF	0	0.166146	3	1	2	0	0	0	0
AF	0	0.166458	5	3	2	0	0	0	0
AF	0	0.166771	3	2	1	0	0	0	0
AF	0	0.167083	1	1	0	0	0	0	0
AF	0	0.167395	1	0	1	0	0	0	0
AF	0	0.167708	2	2	0	0	0	0	0
AF	0	0.168020	6	5	1	0	0	0	0
AF	0	0.168332	2	2	0	0	0	0	0
AF	0	0.168645	5	3	2	0	0	0	0
AF	0	0.168957	2	1	1	0	0	0	0
AF	0	0.169269	3	2	1	0	0	0	0
AF	0	0.169582	1	1	0	0	0	0	0
AF	0	0.169894	3	2	1	0	0	0	0
AF	0	0.170206	1	0	1	0	0	0	0
AF	0	0.170518	2	1	1	0	0	0	0
AF	0	0.171143	1	1	0	0	0	0	0
AF	0	0.171455	1	1	0	0	0	0	0
AF	0	0.171768	1	1	0	0	0	0	0
AF	0	0.172392	5	5	0	0	0	0	0
AF	0	0.172705	2	1	1	0	0	0	0
AF	0	0.173017	4	3	1	0	0	0	0
AF	0	0.173329	2	0	2	0	0	0	0
AF	0	0.173641	1	0	1	0	0	0	0
AF	0	0.174578	3	2	1	0	0	0	0
AF	0	0.175515	2	1	1	0	0	0	0
AF	0	0.176140	2	2	0	0	0	0	0
AF	0	0.176452	1	1	0	0	0	0	0
AF	0	0.176765	2	2	0	0	0	0	0
AF	0	0.177389	1	0	1	0	0	0	0
AF	0	0.177701	2	0	2	0	0	0	0
AF	0	0.178014	4	3	1	0	0	0	0
AF	0	0.178638	1	0	1	0	0	0	0
AF	0	0.178951	1	1	0	0	0	0	0
AF	0	0.179263	1	0	1	0	0	0	0
AF	0	0.179575	1	1	0	0	0	0	0
AF	0	0.179888	2	2	0	0	0	0	0
AF	0	0.180824	1	1	0	0	0	0	0
AF	0	0.181137	5	4	1	0	0	0	0
AF	0	0.181449	2	2	0	0	0	0	0
AF	0	0.181761	2	1	1	0	0	0	0
AF	0	0.182386	3	2	1	0	0	0	0
AF	0	0.182698	1	1	0	0	0	0	0
AF	0	0.183011	4	3	1	0	0	0	0
AF	0	0.183635	2	2	0	0	0	0	0
AF	0	0.184260	3	2	1	0	0	0	0
AF	0	0.184884	3	2	1	0	0	0	0
AF	0	0.185509	7	5	2	0	0	0	0
AF	0	0.185821	2	1	1	0	0	0	0
AF	0	0.186134	3	3	0	0	0	0	0
AF	0	0.186446	1	1	0	0	0	0	0
AF	0	0.186758	2	1	1	0	0	0	0
AF	0	0.187071	2	2	0	0	0	0	0
AF	0	0.187383	2	1	1	0	0	0	0
AF	0	0.187695	1	1	0	0	0	0	0
AF	0	0.188007	2	1	1	0	0	0	0
AF	0	0.188320	3	1	2	0	0	0	0
AF	0	0.188632	4	3	1	0	0	0	0
AF	0	0.188944	3	3	0	0	0	0	0
AF	0	0.189257	2	2	0	0	0	0	0
AF	0	0.189569	1	1	0	0	0	0	0
AF	0	0.189881	2	1	1	0	0	0	0
AF	0	0.190194	2	2	0	0	0	0	0
AF	0	0.190506	1	0	1	0	0	0	0
AF	0	0.190818	1	0	1	0	0	0	0
AF	0	0.191755	4	2	2	0	0	0	0
AF	0	0.192067	4	2	2	0	0	0	0
AF	0	0.192380	1	1	0	0	0	0	0
AF	0	0.192692	1	0	1	0	0	0	0
AF	0	0.193004	3	1	2	0	0	0	0
AF	0	0.194254	4	4	0	0	0	0	0
AF	0	0.194566	1	1	0	0	0	0	0
AF	0	0.194878	2	1	1	0	0	0	0
AF	0	0.196127	2	0	2	0	0	0	0
AF	0	0.196752	1	1	0	0	0	0	0
AF	0	0.197064	3	2	1	0	0	0	0
AF	0	0.197377	1	1	0	0	0	0	0
AF	0	0.198938	1	1	0	0	0	0	0
AF	0	0.199250	1	1	0	0	0	0	0
AF	0	0.199563	2	1	1	0	0	0	0
AF	0	0.199875	2	1	1	0	0	0	0
AF	0	0.200500	1	0	1	0	0	0	0
AF	0	0.200812	1	0	1	0	0	0	0
AF	0	0.201124	1	1	0	0	0	0	0
AF	0	0.201437	1	0	1	0	0	0	0
AF	0	0.201749	1	0	1	0	0	0	0
AF	0	0.202061	2	1	1	0	0	0	0
AF	0	0.202374	1	1	0	0	0	0	0
AF	0	0.202998	3	3	0	0	0	0	0
AF	0	0.203623	2	1	1	0	0	0	0
AF	0	0.204247	9	6	3	0	0	0	0
AF	0	0.204560	1	1	0	0	0	0	0
AF	0	0.204872	4	3	1	0	0	0	0
AF	0	0.205184	2	0	2	0	0	0	0
AF	0	0.205497	3	3	0	0	0	0	0
AF	0	0.206433	2	2	0	0	0	0	0
AF	0	0.206746	3	2	1	0	0	0	0
AF	0	0.207370	2	0	2	0	0	0	0
AF	0	0.207683	3	3	0	0	0	0	0
AF	0	0.207995	1	1	0	0	0	0	0
AF	0	0.208307	2	0	2	0	0	0	0
AF	0	0.208620	2	1	1	0	0	0	0
AF	0	0.208932	3	0	3	0	0	0	0
AF	0	0.209244	10	7	3	0	0	0	0
AF	0	0.209557	2	1	1	0	0	0	0
AF	0	0.209869	5	3	2	0	0	0	0
AF	0	0.210181	2	2	0	0	0	0	0
AF	0	0.210493	4	2	2	0	0	0	0
AF	0	0.210806	1	1	0	0	0	0	0
AF	0	0.211118	3	3	0	0	0	0	0
AF	0	0.211430	1	1	0	0	0	0	0
AF	0	0.211743	2	2	0	0	0	0	0
AF	0	0.212055	2	1	1	0	0	0	0
AF	0	0.212367	5	4	1	0	0	0	0
AF	0	0.212680	2	1	1	0	0	0	0
AF	0	0.212992	4	4	0	0	0	0	0
AF	0	0.213304	1	0	1	0	0	0	0
AF	0	0.213616	1	1	0	0	0	0	0
AF	0	0.213929	2	1	1	0	0	0	0
AF	0	0.214241	2	0	2	0	0	0	0
AF	0	0.214553	2	2	0	0	0	0	0
AF	0	0.214866	3	2	1	0	0	0	0
AF	0	0.215178	3	1	2	0	0	0	0
AF	0	0.215490	3	2	1	0	0	0	0
AF	0	0.216115	1	1	0	0	0	0	0
AF	0	0.216427	1	1	0	0	0	0	0
AF	0	0.216740	2	2	0	0	0	0	0
AF	0	0.217052	1	1	0	0	0	0	0
AF	0	0.217676	3	1	2	0	0	0	0
AF	0	0.217989	1	1	0	0	0	0	0
AF	0	0.219238	4	3	1	0	0	0	0
AF	0	0.219550	1	1	0	0	0	0	0
AF	0	0.219863	3	2	1	0	0	0	0
AF	0	0.220175	2	1	1	0	0	0	0
AF	0	0.220800	1	1	0	0	0	0	0
AF	0	0.221112	1	0	1	0	0	0	0
AF	0	0.221424	1	1	0	0	0	0	0
AF	0	0.221736	3	2	1	0	0	0	0
AF	0	0.222049	1	1	0	0	0	0	0
AF	0	0.222361	2	1	1	0	0	0	0
AF	0	0.222986	3	3	0	0	0	0	0
AF	0	0.223298	1	1	0	0	0	0	0
AF	0	0.223923	2	1	1	0	0	0	0
AF	0	0.224235	3	1	2	0	0	0	0
AF	0	0.224547	4	3	1	0	0	0	0
AF	0	0.224859	3	1	2	0	0	0	0
AF	0	0.225172	3	3	0	0	0	0	0
AF	0	0.225796	1	0	1	0	0	0	0
AF	0	0.226109	4	2	2	0	0	0	0
AF	0	0.226733	2	1	1	0	0	0	0
AF	0	0.227046	6	4	2	0	0	0	0
AF	0	0.227358	1	1	0	0	0	0	0
AF	0	0.227670	1	1	0	0	0	0	0
AF	0	0.228295	3	1	2	0	0	0	0
AF	0	0.228919	3	2	1	0	0	0	0
AF	0	0.229232	1	1	0	0	0	0	0
AF	0	0.229856	1	1	0	0	0	0	0
AF	0	0.230793	1	0	1	0	0	0	0
AF	0	0.231418	2	0	2	0	0	0	0
AF	0	0.232042	3	3	0	0	0	0	0
AF	0	0.232667	1	0	1	0	0	0	0
AF	0	0.233292	1	1	0	0	0	0	0
AF	0	0.233916	3	3	0	0	0	0	0
AF	0	0.234229	1	1	0	0	0	0	0
AF	0	0.234541	1	1	0	0	0	0	0
AF	0	0.235478	1	0	1	0	0	0	0
AF	0	0.235790	5	4	1	0	0	0	0
AF	0	0.236727	3	3	0	0	0	0	0
AF	0	0.237039	1	1	0	0	0	0	0
AF	0	0.237352	2	1	1	0	0	0	0
AF	0	0.237664	3	1	2	0	0	0	0
AF	0	0.237976	1	0	1	0	0	0	0
AF	0	0.238289	2	0	2	0	0	0	0
AF	0	0.238601	1	1	0	0	0	0	0
AF	0	0.238913	1	0	1	0	0	0	0
AF	0	0.239225	1	1	0	0	0	0	0
AF	0	0.240162	2	2	0	0	0	0	0
AF	0	0.240475	1	0	1	0	0	0	0
AF	0	0.240787	1	1	0	0	0	0	0
AF	0	0.241099	1	1	0	0	0	0	0
AF	0	0.241412	1	1	0	0	0	0	0
AF	0	0.241724	4	3	1	0	0	0	0
AF	0	0.242036	2	1	1	0	0	0	0
AF	0	0.242661	3	2	1	0	0	0	0
AF	0	0.242973	1	1	0	0	0	0	0
AF	0	0.243285	2	2	0	0	0	0	0
AF	0	0.243598	2	1	1	0	0	0	0
AF	0	0.243910	1	1	0	0	0	0	0
AF	0	0.244535	1	1	0	0	0	0	0
AF	0	0.244847	2	2	0	0	0	0	0
AF	0	0.245159	2	1	1	0	0	0	0
AF	0	0.245472	1	1	0	0	0	0	0
AF	0	0.245784	3	2	1	0	0	0	0
AF	0	0.246408	2	1	1	0	0	0	0
AF	0	0.246721	1	0	1	0	0	0	0
AF	0	0.247033	1	1	0	0	0	0	0
AF	0	0.247658	4	3	1	0	0	0	0
AF	0	0.247970	2	1	1	0	0	0	0
AF	0	0.248282	1	1	0	0	0	0	0
AF	0	0.249219	2	2	0	0	0	0	0
AF	0	0.249532	2	1	1	0	0	0	0
AF	0	0.249844	2	1	1	0	0	0	0
AF	0	0.250468	2	2	0	0	0	0	0
AF	0	0.251093	2	2	0	0	0	0	0
AF	0	0.251405	1	0	1	0	0	0	0
AF	0	0.252030	2	1	1	0	0	0	0
AF	0	0.252342	2	2	0	0	0	0	0
AF	0	0.252655	2	1	1	0	0	0	0
AF	0	0.252967	1	1	0	0	0	0	0
AF	0	0.253279	1	0	1	0	0	0	0
AF	0	0.253904	1	0	1	0	0	0	0
AF	0	0.254216	4	4	0	0	0	0	0
AF	0	0.254528	4	3	1	0	0	0	0
AF	0	0.254841	4	2	2	0	0	0	0
AF	0	0.255465	1	1	0	0	0	0	0
AF	0	0.255778	3	2	1	0	0	0	0
AF	0	0.256090	1	1	0	0	0	0	0
AF	0	0.256715	2	1	1	0	0	0	0
AF	0	0.257339	2	1	1	0	0	0	0
AF	0	0.257651	1	1	0	0	0	0	0
AF	0	0.258588	3	1	2	0	0	0	0
AF	0	0.258901	2	2	0	0	0	0	0
AF	0	0.259213	2	2	0	0	0	0	0
AF	0	0.259525	1	1	0	0	0	0	0
AF	0	0.259838	1	0	1	0	0	0	0
AF	0	0.260150	3	0	3	0	0	0	0
AF	0	0.260462	1	0	1	0	0	0	0
AF	0	0.260775	2	1	1	0	0	0	0
AF	0	0.261087	1	0	1	0	0	0	0
AF	0	0.261399	2	2	0	0	0	0	0
AF	0	0.262024	3	2	1	0	0	0	0
AF	0	0.262648	5	1	4	0	0	0	0
AF	0	0.263273	1	1	0	0	0	0	0
AF	0	0.263585	1	1	0	0	0	0	0
AF	0	0.263898	5	4	1	0	0	0	0
AF	0	0.264522	3	2	1	0	0	0	0
AF	0	0.264834	1	1	0	0	0	0	0
AF	0	0.265147	7	2	5	0	0	0	0
AF	0	0.265459	6	5	1	0	0	0	0
AF	0	0.265771	4	2	2	0	0	0	0
AF	0	0.266084	1	1	0	0	0	0	0
AF	0	0.266396	2	1	1	0	0	0	0
AF	0	0.266708	1	0	1	0	0	0	0
AF	0	0.267021	4	1	3	0	0	0	0
AF	0	0.267645	2	2	0	0	0	0	0
AF	0	0.268270	3	3	0	0	0	0	0
AF	0	0.268894	2	2	0	0	0	0	0
AF	0	0.270144	3	2	1	0	0	0	0
AF	0	0.272017	3	1	2	0	0	0	0
AF	0	0.272642	1	1	0	0	0	0	0
AF	0	0.273267	3	2	1	0	0	0	0
AF	0	0.273579	1	0	1	0	0	0	0
AF	0	0.273891	2	2	0	0	0	0	0
AF	0	0.274204	1	0	1	0	0	0	0
AF	0	0.274828	2	2	0	0	0	0	0
AF	0	0.275141	1	1	0	0	0	0	0
AF	0	0.275453	1	0	1	0	0	0	0
AF	0	0.276077	1	1	0	0	0	0	0
AF	0	0.276390	1	1	0	0	0	0	0
AF	0	0.276702	1	1	0	0	0	0	0
AF	0	0.277014	1	0	1	0	0	0	0
AF	0	0.277327	1	0	1	0	0	0	0
AF	0	0.277639	4	2	2	0	0	0	0
AF	0	0.278264	1	1	0	0	0	0	0
AF	0	0.278576	2	2	0	0	0	0	0
AF	0	0.278888	1	1	0	0	0	0	0
AF	0	0.279513	2	1	1	0	0	0	0
AF	0	0.279825	1	0	1	0	0	0	0
AF	0	0.280137	2	2	0	0	0	0	0
AF	0	0.280762	2	1	1	0	0	0	0
AF	0	0.282636	1	1	0	0	0	0	0
AF	0	0.283260	2	2	0	0	0	0	0
AF	0	0.283885	2	1	1	0	0	0	0
AF	0	0.284197	3	1	2	0	0	0	0
AF	0	0.284510	4	2	2	0	0	0	0
AF	0	0.284822	2	0	2	0	0	0	0
AF	0	0.285134	1	1	0	0	0	0	0
AF	0	0.285447	4	4	0	0	0	0	0
AF	0	0.285759	6	4	2	0	0	0	0
AF	0	0.286696	1	1	0	0	0	0	0
AF	0	0.287008	1	1	0	0	0	0	0
AF	0	0.287320	1	1	0	0	0	0	0
AF	0	0.287633	1	0	1	0	0	0	0
AF	0	0.287945	2	1	1	0	0	0	0
AF	0	0.288882	2	1	1	0	0	0	0
AF	0	0.289194	1	1	0	0	0	0	0
AF	0	0.289507	1	1	0	0	0	0	0
AF	0	0.290131	2	1	1	0	0	0	0
AF	0	0.290756	1	0	1	0	0	0	0
AF	0	0.291068	1	1	0	0	0	0	0
AF	0	0.291693	1	0	1	0	0	0	0
AF	0	0.292005	2	2	0	0	0	0	0
AF	0	0.292630	2	1	1	0	0	0	0
AF	0	0.292942	1	1	0	0	0	0	0
AF	0	0.293879	1	1	0	0	0	0	0
AF	0	0.294191	1	1	0	0	0	0	0
AF	0	0.295128	1	0	1	0	0	0	0
AF	0	0.296065	1	1	0	0	0	0	0
AF	0	0.296377	2	1	1	0	0	0	0
AF	0	0.297002	1	1	0	0	0	0	0
AF	0	0.297314	1	0	1	0	0	0	0
AF	0	0.297626	3	3	0	0	0	0	0
AF	0	0.297939	1	1	0	0	0	0	0
AF	0	0.298876	1	1	0	0	0	0	0
AF	0	0.299188	1	1	0	0	0	0	0
AF	0	0.299500	2	1	1	0	0	0	0
AF	0	0.299813	1	0	1	0	0	0	0
AF	0	0.300750	2	2	0	0	0	0	0
AF	0	0.301062	2	1	1	0	0	0	0
AF	0	0.301686	1	1	0	0	0	0	0
AF	0	0.302311	1	1	0	0	0	0	0
AF	0	0.302936	1	1	0	0	0	0	0
AF	0	0.303248	1	1	0	0	0	0	0
AF	0	0.303560	1	1	0	0	0	0	0
AF	0	0.304185	1	1	0	0	0	0	0
AF	0	0.304497	1	0	1	0	0	0	0
AF	0	0.305434	1	1	0	0	0	0	0
AF	0	0.305746	3	2	1	0	0	0	0
AF	0	0.306371	1	0	1	0	0	0	0
AF	0	0.306996	2	2	0	0	0	0	0
AF	0	0.307620	1	0	1	0	0	0	0
AF	0	0.307933	1	0	1	0	0	0	0
AF	0	0.308245	1	0	1	0	0	0	0
AF	0	0.309182	1	1	0	0	0	0	0
AF	0	0.309806	2	1	1	0	0	0	0
AF	0	0.310119	2	2	0	0	0	0	0
AF	0	0.310743	2	1	1	0	0	0	0
AF	0	0.311368	1	1	0	0	0	0	0
AF	0	0.311680	1	1	0	0	0	0	0
AF	0	0.311993	2	1	1	0	0	0	0
AF	0	0.312929	2	2	0	0	0	0	0
AF	0	0.313242	2	0	2	0	0	0	0
AF	0	0.313866	2	1	1	0	0	0	0
AF	0	0.314491	2	1	1	0	0	0	0
AF	0	0.314803	2	2	0	0	0	0	0
AF	0	0.315740	5	3	2	0	0	0	0
AF	0	0.316365	2	1	1	0	0	0	0
AF	0	0.316677	1	0	1	0	0	0	0
AF	0	0.317302	1	1	0	0	0	0	0
AF	0	0.317614	1	0	1	0	0	0	0
AF	0	0.318239	1	1	0	0	0	0	0
AF	0	0.318551	1	1	0	0	0	0	0
AF	0	0.318863	2	0	2	0	0	0	0
AF	0	0.319176	1	1	0	0	0	0	0
AF	0	0.319488	1	1	0	0	0	0	0
AF	0	0.319800	1	1	0	0	0	0	0
AF	0	0.320112	1	1	0	0	0	0	0
AF	0	0.320425	2	1	1	0	0	0	0
AF	0	0.320737	1	1	0	0	0	0	0
AF	0	0.321049	1	1	0	0	0	0	0
AF	0	0.321986	1	0	1	0	0	0	0
AF	0	0.322299	3	2	1	0	0	0	0
AF	0	0.322611	3	3	0	0	0	0	0
AF	0	0.323548	1	0	1	0	0	0	0
AF	0	0.325109	1	0	1	0	0	0	0
AF	0	0.325422	1	0	1	0	0	0	0
AF	0	0.325734	2	0	2	0	0	0	0
AF	0	0.326046	1	0	1	0	0	0	0
AF	0	0.326983	3	2	1	0	0	0	0
AF	0	0.328232	3	3	0	0	0	0	0
AF	0	0.328857	1	1	0	0	0	0	0
AF	0	0.329169	1	0	1	0	0	0	0
AF	0	0.329794	1	1	0	0	0	0	0
AF	0	0.330106	1	1	0	0	0	0	0
AF	0	0.330731	1	0	1	0	0	0	0
AF	0	0.331043	2	1	1	0	0	0	0
AF	0	0.331355	2	0	2	0	0	0	0
AF	0	0.331668	2	1	1	0	0	0	0
AF	0	0.331980	1	0	1	0	0	0	0
AF	0	0.332292	1	0	1	0	0	0	0
AF	0	0.332605	3	2	1	0	0	0	0
AF	0	0.332917	2	0	2	0	0	0	0
AF	0	0.333229	2	2	0	0	0	0	0
AF	0	0.333542	3	3	0	0	0	0	0
AF	0	0.334166	3	1	2	0	0	0	0
AF	0	0.334791	2	1	1	0	0	0	0
AF	0	0.335103	2	2	0	0	0	0	0
AF	0	0.335415	1	1	0	0	0	0	0
AF	0	0.335728	1	1	0	0	0	0	0
AF	0	0.336040	2	0	2	0	0	0	0
AF	0	0.336665	4	3	1	0	0	0	0
AF	0	0.337289	2	0	2	0	0	0	0
AF	0	0.337914	2	2	0	0	0	0	0
AF	0	0.338538	5	4	1	0	0	0	0
AF	0	0.338851	1	1	0	0	0	0	0
AF	0	0.339163	1	1	0	0	0	0	0
AF	0	0.339788	1	1	0	0	0	0	0
AF	0	0.340100	2	2	0	0	0	0	0
AF	0	0.340412	1	0	1	0	0	0	0
AF	0	0.341037	1	0	1	0	0	0	0
AF	0	0.341661	1	1	0	0	0	0	0
AF	0	0.341974	1	0	1	0	0	0	0
AF	0	0.342286	2	2	0	0	0	0	0
AF	0	0.342911	2	2	0	0	0	0	0
AF	0	0.343535	3	1	2	0	0	0	0
AF	0	0.344160	1	1	0	0	0	0	0
AF	0	0.344785	1	0	1	0	0	0	0
AF	0	0.345097	1	0	1	0	0	0	0
AF	0	0.345409	2	1	1	0	0	0	0
AF	0	0.346034	1	0	1	0	0	0	0
AF	0	0.346346	1	1	0	0	0	0	0
AF	0	0.347283	2	2	0	0	0	0	0
AF	0	0.347908	3	3	0	0	0	0	0
AF	0	0.348532	2	1	1	0	0	0	0
AF	0	0.348844	2	2	0	0	0	0	0
AF	0	0.349157	1	0	1	0	0	0	0
AF	0	0.349469	1	1	0	0	0	0	0
AF	0	0.349781	3	2	1	0	0	0	0
AF	0	0.350094	1	0	1	0	0	0	0
AF	0	0.350406	4	4	0	0	0	0	0
AF	0	0.350718	1	1	0	0	0	0	0
AF	0	0.351031	2	0	2	0	0	0	0
AF	0	0.351343	1	1	0	0	0	0	0
AF	0	0.351655	3	3	0	0	0	0	0
AF	0	0.351968	1	1	0	0	0	0	0
AF	0	0.352280	2	1	1	0	0	0	0
AF	0	0.353217	1	1	0	0	0	0	0
AF	0	0.353841	1	1	0	0	0	0	0
AF	0	0.354778	1	0	1	0	0	0	0
AF	0	0.355091	1	1	0	0	0	0	0
AF	0	0.355403	2	1	1	0	0	0	0
AF	0	0.356027	4	1	3	0	0	0	0
AF	0	0.356652	1	1	0	0	0	0	0
AF	0	0.357277	1	1	0	0	0	0	0
AF	0	0.357589	1	1	0	0	0	0	0
AF	0	0.357901	2	2	0	0	0	0	0
AF	0	0.358526	1	1	0	0	0	0	0
AF	0	0.359775	3	3	0	0	0	0	0
AF	0	0.360712	1	1	0	0	0	0	0
AF	0	0.361337	1	1	0	0	0	0	0
AF	0	0.361649	1	1	0	0	0	0	0
AF	0	0.361961	1	1	0	0	0	0	0
AF	0	0.362274	3	1	2	0	0	0	0
AF	0	0.362898	5	4	1	0	0	0	0
AF	0	0.363523	4	3	1	0	0	0	0
AF	0	0.364147	1	0	1	0	0	0	0
AF	0	0.364460	1	1	0	0	0	0	0
AF	0	0.365397	1	0	1	0	0	0	0
AF	0	0.365709	2	1	1	0	0	0	0
AF	0	0.366021	1	1	0	0	0	0	0
AF	0	0.367270	2	2	0	0	0	0	0
AF	0	0.367583	1	0	1	0	0	0	0
AF	0	0.367895	2	2	0	0	0	0	0
AF	0	0.368520	1	0	1	0	0	0	0
AF	0	0.368832	1	0	1	0	0	0	0
AF	0	0.369769	1	1	0	0	0	0	0
AF	0	0.370081	1	0	1	0	0	0	0
AF	0	0.370394	1	1	0	0	0	0	0
AF	0	0.371330	2	2	0	0	0	0	0
AF	0	0.371955	1	1	0	0	0	0	0
AF	0	0.372267	1	0	1	0	0	0	0
AF	0	0.372580	2	2	0	0	0	0	0
AF	0	0.372892	2	2	0	0	0	0	0
AF	0	0.373204	1	1	0	0	0	0	0
AF	0	0.373517	1	1	0	0	0	0	0
AF	0	0.373829	1	1	0	0	0	0	0
AF	0	0.374141	3	1	2	0	0	0	0
AF	0	0.374766	1	0	1	0	0	0	0
AF	0	0.375390	2	2	0	0	0	0	0
AF	0	0.375703	2	1	1	0	0	0	0
AF	0	0.376952	1	1	0	0	0	0	0
AF	0	0.377264	2	1	1	0	0	0	0
AF	0	0.377577	1	1	0	0	0	0	0
AF	0	0.378201	2	2	0	0	0	0	0
AF	0	0.378513	3	2	1	0	0	0	0
AF	0	0.378826	1	1	0	0	0	0	0
AF	0	0.379138	6	5	1	0	0	0	0
AF	0	0.379450	2	1	1	0	0	0	0
AF	0	0.380387	2	1	1	0	0	0	0
AF	0	0.381012	2	2	0	0	0	0	0
AF	0	0.382261	2	1	1	0	0	0	0
AF	0	0.382573	1	0	1	0	0	0	0
AF	0	0.382886	1	0	1	0	0	0	0
AF	0	0.383510	3	3	0	0	0	0	0
AF	0	0.384760	3	2	1	0	0	0	0
AF	0	0.386009	2	0	2	0	0	0	0
AF	0	0.386633	1	1	0	0	0	0	0
AF	0	0.387883	1	0	1	0	0	0	0
AF	0	0.388819	1	1	0	0	0	0	0
AF	0	0.389132	1	1	0	0	0	0	0
AF	0	0.389756	1	0	1	0	0	0	0
AF	0	0.390069	1	0	1	0	0	0	0
AF	0	0.390381	1	0	1	0	0	0	0
AF	0	0.391006	1	1	0	0	0	0	0
AF	0	0.391318	1	0	1	0	0	0	0
AF	0	0.391630	1	1	0	0	0	0	0
AF	0	0.393504	1	1	0	0	0	0	0
AF	0	0.394129	1	0	1	0	0	0	0
AF	0	0.394753	3	2	1	0	0	0	0
AF	0	0.395066	1	0	1	0	0	0	0
AF	0	0.395378	1	0	1	0	0	0	0
AF	0	0.396002	2	2	0	0	0	0	0
AF	0	0.397252	4	4	0	0	0	0	0
AF	0	0.397564	2	2	0	0	0	0	0
AF	0	0.397876	2	0	2	0	0	0	0
AF	0	0.398813	1	0	1	0	0	0	0
AF	0	0.399126	2	2	0	0	0	0	0
AF	0	0.400062	1	1	0	0	0	0	0
AF	0	0.400999	2	2	0	0	0	0	0
AF	0	0.401312	1	1	0	0	0	0	0
AF	0	0.401624	1	1	0	0	0	0	0
AF	0	0.401936	1	1	0	0	0	0	0
AF	0	0.402249	1	0	1	0	0	0	0
AF	0	0.402561	2	1	1	0	0	0	0
AF	0	0.402873	2	0	2	0	0	0	0
AF	0	0.403498	2	2	0	0	0	0	0
AF	0	0.404122	1	1	0	0	0	0	0
AF	0	0.405372	2	1	1	0	0	0	0
AF	0	0.406309	1	0	1	0	0	0	0
AF	0	0.406621	2	0	2	0	0	0	0
AF	0	0.406933	3	3	0	0	0	0	0
AF	0	0.407558	2	1	1	0	0	0	0
AF	0	0.408182	1	1	0	0	0	0	0
AF	0	0.408495	4	1	3	0	0	0	0
AF	0	0.408807	2	2	0	0	0	0	0
AF	0	0.409119	1	0	1	0	0	0	0
AF	0	0.409432	1	0	1	0	0	0	0
AF	0	0.409744	1	0	1	0	0	0	0
AF	0	0.410056	4	3	1	0	0	0	0
AF	0	0.410369	1	1	0	0	0	0	0
AF	0	0.410993	2	2	0	0	0	0	0
AF	0	0.411305	1	1	0	0	0	0	0
AF	0	0.411618	7	3	4	0	0	0	0
AF	0	0.412242	2	1	1	0	0	0	0
AF	0	0.412555	1	1	0	0	0	0	0
AF	0	0.412867	1	1	0	0	0	0	0
AF	0	0.413179	1	1	0	0	0	0	0
AF	0	0.414116	3	1	2	0	0	0	0
AF	0	0.414428	1	0	1	0	0	0	0
AF	0	0.414741	1	1	0	0	0	0	0
AF	0	0.415678	3	2	1	0	0	0	0
AF	0	0.415990	1	0	1	0	0	0	0
AF	0	0.416302	1	1	0	0	0	0	0
AF	0	0.416927	1	1	0	0	0	0	0
AF	0	0.417552	2	1	1	0	0	0	0
AF	0	0.417864	1	0	1	0	0	0	0
AF	0	0.418488	2	1	1	0	0	0	0
AF	0	0.419425	1	1	0	0	0	0	0
AF	0	0.419738	2	2	0	0	0	0	0
AF	0	0.420362	3	1	2	0	0	0	0
AF	0	0.420987	1	1	0	0	0	0	0
AF	0	0.421611	1	0	1	0	0	0	0
AF	0	0.421924	1	1	0	0	0	0	0
AF	0	0.422236	3	0	3	0	0	0	0
AF	0	0.422548	1	1	0	0	0	0	0
AF	0	0.422861	3	1	2	0	0	0	0
AF	0	0.424422	1	1	0	0	0	0	0
AF	0	0.425047	1	1	0	0	0	0	0
AF	0	0.425359	2	2	0	0	0	0	0
AF	0	0.426921	1	0	1	0	0	0	0
AF	0	0.427233	2	2	0	0	0	0	0
AF	0	0.428170	1	1	0	0	0	0	0
AF	0	0.428482	4	4	0	0	0	0	0
AF	0	0.428795	2	2	0	0	0	0	0
AF	0	0.429419	2	2	0	0	0	0	0
AF	0	0.429731	2	2	0	0	0	0	0
AF	0	0.430356	1	0	1	0	0	0	0
AF	0	0.432230	2	0	2	0	0	0	0
AF	0	0.432854	2	2	0	0	0	0	0
AF	0	0.433167	1	0	1	0	0	0	0
AF	0	0.433791	1	0	1	0	0	0	0
AF	0	0.434104	1	1	0	0	0	0	0
AF	0	0.434728	1	1	0	0	0	0	0
AF	0	0.436290	2	1	1	0	0	0	0
AF	0	0.437227	1	0	1	0	0	0	0
AF	0	0.438788	2	2	0	0	0	0	0
AF	0	0.440974	1	1	0	0	0	0	0
AF	0	0.442536	1	1	0	0	0	0	0
AF	0	0.443785	1	1	0	0	0	0	0
AF	0	0.444097	1	0	1	0	0	0	0
AF	0	0.446284	3	2	1	0	0	0	0
AF	0	0.446908	1	1	0	0	0	0	0
AF	0	0.448157	2	1	1	0	0	0	0
AF	0	0.449407	1	0	1	0	0	0	0
AF	0	0.449719	1	0	1	0	0	0	0
AF	0	0.450031	1	0	1	0	0	0	0
AF	0	0.450656	2	2	0	0	0	0	0
AF	0	0.451280	1	1	0	0	0	0	0
AF	0	0.453154	1	1	0	0	0	0	0
AF	0	0.453779	1	1	0	0	0	0	0
AF	0	0.454091	1	0	1	0	0	0	0
AF	0	0.454716	1	1	0	0	0	0	0
AF	0	0.455965	1	1	0	0	0	0	0
AF	0	0.456277	1	0	1	0	0	0	0
AF	0	0.457214	1	1	0	0	0	0	0
AF	0	0.458151	2	1	1	0	0	0	0
AF	0	0.458463	1	1	0	0	0	0	0
AF	0	0.459713	2	2	0	0	0	0	0
AF	0	0.461899	2	2	0	0	0	0	0
AF	0	0.462836	1	0	1	0	0	0	0
AF	0	0.463773	1	0	1	0	0	0	0
AF	0	0.464397	1	1	0	0	0	0	0
AF	0	0.464710	2	1	1	0	0	0	0
AF	0	0.465022	2	1	1	0	0	0	0
AF	0	0.465646	2	2	0	0	0	0	0
AF	0	0.466896	1	1	0	0	0	0	0
AF	0	0.467520	1	0	1	0	0	0	0
AF	0	0.468457	1	1	0	0	0	0	0
AF	0	0.468770	1	1	0	0	0	0	0
AF	0	0.469394	1	1	0	0	0	0	0
AF	0	0.470019	2	1	1	0	0	0	0
AF	0	0.470331	1	0	1	0	0	0	0
AF	0	0.471268	2	1	1	0	0	0	0
AF	0	0.471893	1	1	0	0	0	0	0
AF	0	0.472205	3	1	2	0	0	0	0
AF	0	0.472517	4	1	3	0	0	0	0
AF	0	0.472829	1	1	0	0	0	0	0
AF	0	0.473454	1	1	0	0	0	0	0
AF	0	0.474079	1	0	1	0	0	0	0
AF	0	0.474703	1	1	0	0	0	0	0
AF	0	0.475016	2	1	1	0	0	0	0
AF	0	0.475640	1	1	0	0	0	0	0
AF	0	0.476265	1	1	0	0	0	0	0
AF	0	0.477202	1	0	1	0	0	0	0
AF	0	0.477514	1	1	0	0	0	0	0
AF	0	0.477826	1	1	0	0	0	0	0
AF	0	0.478139	1	1	0	0	0	0	0
AF	0	0.478451	1	0	1	0	0	0	0
AF	0	0.478763	2	1	1	0	0	0	0
AF	0	0.479076	2	2	0	0	0	0	0
AF	0	0.479388	2	1	1	0	0	0	0
AF	0	0.479700	1	1	0	0	0	0	0
AF	0	0.480637	3	2	1	0	0	0	0
AF	0	0.480949	1	1	0	0	0	0	0
AF	0	0.481574	1	1	0	0	0	0	0
AF	0	0.481886	1	1	0	0	0	0	0
AF	0	0.482511	1	1	0	0	0	0	0
AF	0	0.483136	3	2	1	0	0	0	0
AF	0	0.483448	2	2	0	0	0	0	0
AF	0	0.483760	2	0	2	0	0	0	0
AF	0	0.485009	1	1	0	0	0	0	0
AF	0	0.485946	1	1	0	0	0	0	0
AF	0	0.486259	2	2	0	0	0	0	0
AF	0	0.486883	1	1	0	0	0	0	0
AF	0	0.487508	6	4	2	0	0	0	0
AF	0	0.487820	5	5	0	0	0	0	0
AF	0	0.488132	2	0	2	0	0	0	0
AF	0	0.488445	2	2	0	0	0	0	0
AF	0	0.488757	1	1	0	0	0	0	0
AF	0	0.489069	2	2	0	0	0	0	0
AF	0	0.489382	2	1	1	0	0	0	0
AF	0	0.491255	1	0	1	0	0	0	0
AF	0	0.492192	1	1	0	0	0	0	0
AF	0	0.492505	1	1	0	0	0	0	0
AF	0	0.493754	1	1	0	0	0	0	0
AF	0	0.495003	1	1	0	0	0	0	0
AF	0	0.495940	2	1	1	0	0	0	0
AF	0	0.496565	1	1	0	0	0	0	0
AF	0	0.497502	2	2	0	0	0	0	0
AF	0	0.498438	1	1	0	0	0	0	0
AF	0	0.498751	3	2	1	0	0	0	0
AF	0	0.499063	1	1	0	0	0	0	0
AF	0	0.500000	1	0	1	0	0	0	0
AF	0	0.500312	3	2	1	0	0	0	0
AF	0	0.500625	4	4	0	0	0	0	0
AF	0	0.501249	1	1	0	0	0	0	0
AF	0	0.501874	1	1	0	0	0	0	0
AF	0	0.502186	1	1	0	0	0	0	0
AF	0	0.502498	1	1	0	0	0	0	0
AF	0	0.502811	2	1	1	0	0	0	0
AF	0	0.503123	3	2	1	0	0	0	0
AF	0	0.503435	1	0	1	0	0	0	0
AF	0	0.503748	2	1	1	0	0	0	0
AF	0	0.504060	1	1	0	0	0	0	0
AF	0	0.504685	1	0	1	0	0	0	0
AF	0	0.504997	3	2	1	0	0	0	0
AF	0	0.505309	1	1	0	0	0	0	0
AF	0	0.505621	1	1	0	0	0	0	0
AF	0	0.506246	1	1	0	0	0	0	0
AF	0	0.506558	1	1	0	0	0	0	0
AF	0	0.506871	3	1	2	0	0	0	0
AF	0	0.507183	1	1	0	0	0	0	0
AF	0	0.507495	2	0	2	0	0	0	0
AF	0	0.507808	3	1	2	0	0	0	0
AF	0	0.508120	2	2	0	0	0	0	0
AF	0	0.508745	4	3	1	0	0	0	0
AF	0	0.509057	3	2	1	0	0	0	0
AF	0	0.509681	1	1	0	0	0	0	0
AF	0	0.509994	2	1	1	0	0	0	0
AF	0	0.510618	2	0	2	0	0	0	0
AF	0	0.510931	3	2	1	0	0	0	0
AF	0	0.512492	4	3	1	0	0	0	0
AF	0	0.512804	1	0	1	0	0	0	0
AF	0	0.513117	1	1	0	0	0	0	0
AF	0	0.513429	2	2	0	0	0	0	0
AF	0	0.513741	2	1	1	0	0	0	0
AF	0	0.514366	2	0	2	0	0	0	0
AF	0	0.514991	1	0	1	0	0	0	0
AF	0	0.515928	2	1	1	0	0	0	0
AF	0	0.516864	1	1	0	0	0	0	0
AF	0	0.517177	2	2	0	0	0	0	0
AF	0	0.518114	2	1	1	0	0	0	0
AF	0	0.519363	1	0	1	0	0	0	0
AF	0	0.521237	1	1	0	0	0	0	0
AF	0	0.521861	6	3	3	0	0	0	0
AF	0	0.523111	1	0	1	0	0	0	0
AF	0	0.523423	2	2	0	0	0	0	0
AF	0	0.523735	1	0	1	0	0	0	0
AF	0	0.524360	1	1	0	0	0	0	0
AF	0	0.524984	1	1	0	0	0	0	0
AF	0	0.526234	1	1	0	0	0	0	0
AF	0	0.527795	2	1	1	0	0	0	0
AF	0	0.529357	1	0	1	0	0	0	0
AF	0	0.529669	1	1	0	0	0	0	0
AF	0	0.530606	2	2	0	0	0	0	0
AF	0	0.530918	2	1	1	0	0	0	0
AF	0	0.531230	2	2	0	0	0	0	0
AF	0	0.532167	1	1	0	0	0	0	0
AF	0	0.532792	1	0	1	0	0	0	0
AF	0	0.533104	2	0	2	0	0	0	0
AF	0	0.533417	1	1	0	0	0	0	0
AF	0	0.533729	2	1	1	0	0	0	0
AF	0	0.534354	1	1	0	0	0	0	0
AF	0	0.534978	1	1	0	0	0	0	0
AF	0	0.535915	1	1	0	0	0	0	0
AF	0	0.537477	1	1	0	0	0	0	0
AF	0	0.538413	2	2	0	0	0	0	0
AF	0	0.538726	1	0	1	0	0	0	0
AF	0	0.539038	3	3	0	0	0	0	0
AF	0	0.539350	2	1	1	0	0	0	0
AF	0	0.539663	2	2	0	0	0	0	0
AF	0	0.539975	2	2	0	0	0	0	0
AF	0	0.541224	2	2	0	0	0	0	0
AF	0	0.543098	2	2	0	0	0	0	0
AF	0	0.544347	2	1	1	0	0	0	0
AF	0	0.545597	3	3	0	0	0	0	0
AF	0	0.546533	2	0	2	0	0	0	0
AF	0	0.546846	1	1	0	0	0	0	0
AF	0	0.548095	1	1	0	0	0	0	0
AF	0	0.548407	1	0	1	0	0	0	0
AF	0	0.549969	1	1	0	0	0	0	0
AF	0	0.550281	1	0	1	0	0	0	0
AF	0	0.551218	1	1	0	0	0	0	0
AF	0	0.551843	1	0	1	0	0	0	0
AF	0	0.552155	1	0	1	0	0	0	0
AF	0	0.552467	1	1	0	0	0	0	0
AF	0	0.552780	1	1	0	0	0	0	0
AF	0	0.553404	1	1	0	0	0	0	0
AF	0	0.553716	1	1	0	0	0	0	0
AF	0	0.554029	3	1	2	0	0	0	0
AF	0	0.554341	1	0	1	0	0	0	0
AF	0	0.554966	1	1	0	0	0	0	0
AF	0	0.557464	1	0	1	0	0	0	0
AF	0	0.558401	1	1	0	0	0	0	0
AF	0	0.558713	2	0	2	0	0	0	0
AF	0	0.559026	2	2	0	0	0	0	0
AF	0	0.559338	1	1	0	0	0	0	0
AF	0	0.561524	1	0	1	0	0	0	0
AF	0	0.562149	2	0	2	0	0	0	0
AF	0	0.562461	1	1	0	0	0	0	0
AF	0	0.562773	1	1	0	0	0	0	0
AF	0	0.563086	1	1	0	0	0	0	0
AF	0	0.563710	1	0	1	0	0	0	0
AF	0	0.564022	2	2	0	0	0	0	0
AF	0	0.564647	3	2	1	0	0	0	0
AF	0	0.565272	3	3	0	0	0	0	0
AF	0	0.565584	1	0	1	0	0	0	0
AF	0	0.565896	2	2	0	0	0	0	0
AF	0	0.566521	1	1	0	0	0	0	0
AF	0	0.566833	1	0	1	0	0	0	0
AF	0	0.567146	3	2	1	0	0	0	0
AF	0	0.567770	3	1	2	0	0	0	0
AF	0	0.568395	1	1	0	0	0	0	0
AF	0	0.569019	1	1	0	0	0	0	0
AF	0	0.569644	1	1	0	0	0	0	0
AF	0	0.569956	2	0	2	0	0	0	0
AF	0	0.570269	5	4	1	0	0	0	0
AF	0	0.570893	3	0	3	0	0	0	0
AF	0	0.571205	1	0	1	0	0	0	0
AF	0	0.571518	1	1	0	0	0	0	0
AF	0	0.571830	1	1	0	0	0	0	0
AF	0	0.573392	3	3	0	0	0	0	0
AF	0	0.573704	2	1	1	0	0	0	0
AF	0	0.574329	1	0	1	0	0	0	0
AF	0	0.574641	1	0	1	0	0	0	0
AF	0	0.574953	2	1	1	0	0	0	0
AF	0	0.575265	1	0	1	0	0	0	0
AF	0	0.575578	3	3	0	0	0	0	0
AF	0	0.576202	1	1	0	0	0	0	0
AF	0	0.577764	1	1	0	0	0	0	0
AF	0	0.579638	1	1	0	0	0	0	0
AF	0	0.580262	1	1	0	0	0	0	0
AF	0	0.580575	2	1	1	0	0	0	0
AF	0	0.580887	1	0	1	0	0	0	0
AF	0	0.581512	1	0	1	0	0	0	0
AF	0	0.581824	1	1	0	0	0	0	0
AF	0	0.583385	1	1	0	0	0	0	0
AF	0	0.584010	1	1	0	0	0	0	0
AF	0	0.584635	1	0	1	0	0	0	0
AF	0	0.585572	1	0	1	0	0	0	0
AF	0	0.585884	2	2	0	0	0	0	0
AF	0	0.586196	2	1	1	0	0	0	0
AF	0	0.586508	3	2	1	0	0	0	0
AF	0	0.587133	3	3	0	0	0	0	0
AF	0	0.589007	2	0	2	0	0	0	0
AF	0	0.589631	2	2	0	0	0	0	0
AF	0	0.589944	1	0	1	0	0	0	0
AF	0	0.590568	1	0	1	0	0	0	0
AF	0	0.590881	2	1	1	0	0	0	0
AF	0	0.591505	1	1	0	0	0	0	0
AF	0	0.593691	1	1	0	0	0	0	0
AF	0	0.594004	1	1	0	0	0	0	0
AF	0	0.594628	1	1	0	0	0	0	0
AF	0	0.595878	1	1	0	0	0	0	0
AF	0	0.596502	1	0	1	0	0	0	0
AF	0	0.597751	1	1	0	0	0	0	0
AF	0	0.598376	1	0	1	0	0	0	0
AF	0	0.599001	1	1	0	0	0	0	0
AF	0	0.599313	1	1	0	0	0	0	0
AF	0	0.599625	2	0	2	0	0	0	0
AF	0	0.600250	1	1	0	0	0	0	0
AF	0	0.601187	1	1	0	0	0	0	0
AF	0	0.602748	1	1	0	0	0	0	0
AF	0	0.603685	1	1	0	0	0	0	0
AF	0	0.604622	1	1	0	0	0	0	0
AF	0	0.605871	1	0	1	0	0	0	0
AF	0	0.606808	1	1	0	0	0	0	0
AF	0	0.608057	1	0	1	0	0	0	0
AF	0	0.608370	1	1	0	0	0	0	0
AF	0	0.610556	1	1	0	0	0	0	0
AF	0	0.610868	1	1	0	0	0	0	0
AF	0	0.611493	1	1	0	0	0	0	0
AF	0	0.612117	1	1	0	0	0	0	0
AF	0	0.613054	1	1	0	0	0	0	0
AF	0	0.613367	1	0	1	0	0	0	0
AF	0	0.614928	2	1	1	0	0	0	0
AF	0	0.615240	1	1	0	0	0	0	0
AF	0	0.615553	2	2	0	0	0	0	0
AF	0	0.615865	1	1	0	0	0	0	0
AF	0	0.616177	1	1	0	0	0	0	0
AF	0	0.617114	1	1	0	0	0	0	0
AF	0	0.617739	1	0	1	0	0	0	0
AF	0	0.618364	1	1	0	0	0	0	0
AF	0	0.618676	1	0	1	0	0	0	0
AF	0	0.619300	1	1	0	0	0	0	0
AF	0	0.620237	1	1	0	0	0	0	0
AF	0	0.621174	1	0	1	0	0	0	0
AF	0	0.621487	1	0	1	0	0	0	0
AF	0	0.622423	1	1	0	0	0	0	0
AF	0	0.624297	1	0	1	0	0	0	0
AF	0	0.625547	1	0	1	0	0	0	0
AF	0	0.626171	1	0	1	0	0	0	0
AF	0	0.626483	2	2	0	0	0	0	0
AF	0	0.627108	1	1	0	0	0	0	0
AF	0	0.628670	1	0	1	0	0	0	0
AF	0	0.629606	1	1	0	0	0	0	0
AF	0	0.629919	1	1	0	0	0	0	0
AF	0	0.630543	2	1	1	0	0	0	0
AF	0	0.631168	1	1	0	0	0	0	0
AF	0	0.631480	1	0	1	0	0	0	0
AF	0	0.632105	2	1	1	0	0	0	0
AF	0	0.632730	2	2	0	0	0	0	0
AF	0	0.634916	1	0	1	0	0	0	0
AF	0	0.635228	1	1	0	0	0	0	0
AF	0	0.635853	1	1	0	0	0	0	0
AF	0	0.636790	1	1	0	0	0	0	0
AF	0	0.637102	1	1	0	0	0	0	0
AF	0	0.637726	2	2	0	0	0	0	0
AF	0	0.638976	2	2	0	0	0	0	0
AF	0	0.639600	1	1	0	0	0	0	0
AF	0	0.639913	1	0	1	0	0	0	0
AF	0	0.640225	1	1	0	0	0	0	0
AF	0	0.640849	1	0	1	0	0	0	0
AF	0	0.643348	2	2	0	0	0	0	0
AF	0	0.643660	1	0	1	0	0	0	0
AF	0	0.645222	2	2	0	0	0	0	0
AF	0	0.646159	1	0	1	0	0	0	0
AF	0	0.648032	1	0	1	0	0	0	0
AF	0	0.648969	1	0	1	0	0	0	0
AF	0	0.649594	3	2	1	0	0	0	0
AF	0	0.650219	1	1	0	0	0	0	0
AF	0	0.650531	1	1	0	0	0	0	0
AF	0	0.650843	1	1	0	0	0	0	0
AF	0	0.652717	1	1	0	0	0	0	0
AF	0	0.653966	1	1	0	0	0	0	0
AF	0	0.654279	1	1	0	0	0	0	0
AF	0	0.654591	1	1	0	0	0	0	0
AF	0	0.654903	1	1	0	0	0	0	0
AF	0	0.656465	3	1	2	0	0	0	0
AF	0	0.656777	1	0	1	0	0	0	0
AF	0	0.657089	2	1	1	0	0	0	0
AF	0	0.657402	1	1	0	0	0	0	0
AF	0	0.657714	1	0	1	0	0	0	0
AF	0	0.658026	1	1	0	0	0	0	0
AF	0	0.658651	1	1	0	0	0	0	0
AF	0	0.658963	2	2	0	0	0	0	0
AF	0	0.659275	1	1	0	0	0	0	0
AF	0	0.659588	2	1	1	0	0	0	0
AF	0	0.660837	1	1	0	0	0	0	0
AF	0	0.661774	1	1	0	0	0	0	0
AF	0	0.662086	1	0	1	0	0	0	0
AF	0	0.662399	2	2	0	0	0	0	0
AF	0	0.662711	1	0	1	0	0	0	0
AF	0	0.663960	1	0	1	0	0	0	0
AF	0	0.664272	1	1	0	0	0	0	0
AF	0	0.664897	1	1	0	0	0	0	0
AF	0	0.665834	1	1	0	0	0	0	0
AF	0	0.666771	1	1	0	0	0	0	0
AF	0	0.667395	2	2	0	0	0	0	0
AF	0	0.668020	1	0	1	0	0	0	0
AF	0	0.669269	1	1	0	0	0	0	0
AF	0	0.671455	1	0	1	0	0	0	0
AF	0	0.672080	1	1	0	0	0	0	0
AF	0	0.673329	2	2	0	0	0	0	0
AF	0	0.675203	1	1	0	0	0	0	0
AF	0	0.675515	1	0	1	0	0	0	0
AF	0	0.676140	1	1	0	0	0	0	0
AF	0	0.676452	1	1	0	0	0	0	0
AF	0	0.676765	3	3	0	0	0	0	0
AF	0	0.677077	1	1	0	0	0	0	0
AF	0	0.677389	1	1	0	0	0	0	0
AF	0	0.678638	1	1	0	0	0	0	0
AF	0	0.679575	1	0	1	0	0	0	0
AF	0	0.679888	1	1	0	0	0	0	0
AF	0	0.680512	1	0	1	0	0	0	0
AF	0	0.681137	2	1	1	0	0	0	0
AF	0	0.681449	1	0	1	0	0	0	0
AF	0	0.682698	1	0	1	0	0	0	0
AF	0	0.684884	1	1	0	0	0	0	0
AF	0	0.687695	1	0	1	0	0	0	0
AF	0	0.688632	1	0	1	0	0	0	0
AF	0	0.689257	1	0	1	0	0	0	0
AF	0	0.690818	1	0	1	0	0	0	0
AF	0	0.691131	2	0	2	0	0	0	0
AF	0	0.692692	1	1	0	0	0	0	0
AF	0	0.693317	1	1	0	0	0	0	0
AF	0	0.693629	1	1	0	0	0	0	0
AF	0	0.694878	1	1	0	0	0	0	0
AF	0	0.696752	1	1	0	0	0	0	0
AF	0	0.698001	1	0	1	0	0	0	0
AF	0	0.698626	1	1	0	0	0	0	0
AF	0	0.701437	2	1	1	0	0	0	0
AF	0	0.701749	1	1	0	0	0	0	0
AF	0	0.702374	1	0	1	0	0	0	0
AF	0	0.702998	1	1	0	0	0	0	0
AF	0	0.705497	2	1	1	0	0	0	0
AF	0	0.705809	1	1	0	0	0	0	0
AF	0	0.706746	1	0	1	0	0	0	0
AF	0	0.707058	2	2	0	0	0	0	0
AF	0	0.707683	1	0	1	0	0	0	0
AF	0	0.707995	1	1	0	0	0	0	0
AF	0	0.708307	1	1	0	0	0	0	0
AF	0	0.708932	1	1	0	0	0	0	0
AF	0	0.710493	1	1	0	0	0	0	0
AF	0	0.711118	2	0	2	0	0	0	0
AF	0	0.711743	1	0	1	0	0	0	0
AF	0	0.712367	1	1	0	0	0	0	0
AF	0	0.713929	1	0	1	0	0	0	0
AF	0	0.714553	1	1	0	0	0	0	0
AF	0	0.714866	2	1	1	0	0	0	0
AF	0	0.715490	1	0	1	0	0	0	0
AF	0	0.716427	1	1	0	0	0	0	0
AF	0	0.717989	2	2	0	0	0	0	0
AF	0	0.720487	1	0	1	0	0	0	0
AF	0	0.720800	1	1	0	0	0	0	0
AF	0	0.722049	1	1	0	0	0	0	0
AF	0	0.722361	1	1	0	0	0	0	0
AF	0	0.722673	3	3	0	0	0	0	0
AF	0	0.723923	1	1	0	0	0	0	0
AF	0	0.724547	1	1	0	0	0	0	0
AF	0	0.725484	1	1	0	0	0	0	0
AF	0	0.727046	1	1	0	0	0	0	0
AF	0	0.729232	3	2	1	0	0	0	0
AF	0	0.730481	3	3	0	0	0	0	0
AF	0	0.731106	1	1	0	0	0	0	0
AF	0	0.731730	1	1	0	0	0	0	0
AF	0	0.732042	1	1	0	0	0	0	0
AF	0	0.732355	1	1	0	0	0	0	0
AF	0	0.732979	1	1	0	0	0	0	0
AF	0	0.733604	1	1	0	0	0	0	0
AF	0	0.734853	2	1	1	0	0	0	0
AF	0	0.736415	1	1	0	0	0	0	0
AF	0	0.737352	1	1	0	0	0	0	0
AF	0	0.737664	1	1	0	0	0	0	0
AF	0	0.737976	2	2	0	0	0	0	0
AF	0	0.738913	1	1	0	0	0	0	0
AF	0	0.739225	2	1	1	0	0	0	0
AF	0	0.741099	2	0	2	0	0	0	0
AF	0	0.741724	1	1	0	0	0	0	0
AF	0	0.742973	1	1	0	0	0	0	0
AF	0	0.743598	1	0	1	0	0	0	0
AF	0	0.744222	1	0	1	0	0	0	0
AF	0	0.745159	1	1	0	0	0	0	0
AF	0	0.746408	1	0	1	0	0	0	0
AF	0	0.746721	1	1	0	0	0	0	0
AF	0	0.747345	1	1	0	0	0	0	0
AF	0	0.747970	1	0	1	0	0	0	0
AF	0	0.748282	1	1	0	0	0	0	0
AF	0	0.748595	1	1	0	0	0	0	0
AF	0	0.748907	1	1	0	0	0	0	0
AF	0	0.749219	1	1	0	0	0	0	0
AF	0	0.750468	1	1	0	0	0	0	0
AF	0	0.752342	1	0	1	0	0	0	0
AF	0	0.752967	1	1	0	0	0	0	0
AF	0	0.753279	1	0	1	0	0	0	0
AF	0	0.755153	1	1	0	0	0	0	0
AF	0	0.755465	1	0	1	0	0	0	0
AF	0	0.757651	1	1	0	0	0	0	0
AF	0	0.758276	1	1	0	0	0	0	0
AF	0	0.759838	2	2	0	0	0	0	0
AF	0	0.763273	1	1	0	0	0	0	0
AF	0	0.765459	2	1	1	0	0	0	0
AF	0	0.769831	2	1	1	0	0	0	0
AF	0	0.771393	1	1	0	0	0	0	0
AF	0	0.771705	1	0	1	0	0	0	0
AF	0	0.772330	1	0	1	0	0	0	0
AF	0	0.772954	1	1	0	0	0	0	0
AF	0	0.773579	2	2	0	0	0	0	0
AF	0	0.782636	1	1	0	0	0	0	0
AF	0	0.783885	1	1	0	0	0	0	0
AF	0	0.784822	1	1	0	0	0	0	0
AF	0	0.787633	1	1	0	0	0	0	0
AF	0	0.788257	1	1	0	0	0	0	0
AF	0	0.791380	1	1	0	0	0	0	0
AF	0	0.792317	2	1	1	0	0	0	0
AF	0	0.793254	1	0	1	0	0	0	0
AF	0	0.794503	2	2	0	0	0	0	0
AF	0	0.796065	1	1	0	0	0	0	0
AF	0	0.796690	1	1	0	0	0	0	0
AF	0	0.798876	1	1	0	0	0	0	0
AF	0	0.799813	1	0	1	0	0	0	0
AF	0	0.803560	1	0	1	0	0	0	0
AF	0	0.805122	2	1	1	0	0	0	0
AF	0	0.806059	1	1	0	0	0	0	0
AF	0	0.806371	2	1	1	0	0	0	0
AF	0	0.807620	1	0	1	0	0	0	0
AF	0	0.808869	1	0	1	0	0	0	0
AF	0	0.811368	2	2	0	0	0	0	0
AF	0	0.812929	1	0	1	0	0	0	0
AF	0	0.814179	1	0	1	0	0	0	0
AF	0	0.816989	1	1	0	0	0	0	0
AF	0	0.820112	1	0	1	0	0	0	0
AF	0	0.821362	1	1	0	0	0	0	0
AF	0	0.822611	1	1	0	0	0	0	0
AF	0	0.822923	1	1	0	0	0	0	0
AF	0	0.823860	1	0	1	0	0	0	0
AF	0	0.824172	1	1	0	0	0	0	0
AF	0	0.826983	1	1	0	0	0	0	0
AF	0	0.829169	1	1	0	0	0	0	0
AF	0	0.830731	2	1	1	0	0	0	0
AF	0	0.831355	1	1	0	0	0	0	0
AF	0	0.831980	3	1	2	0	0	0	0
AF	0	0.832917	1	1	0	0	0	0	0
AF	0	0.833229	2	2	0	0	0	0	0
AF	0	0.833542	1	1	0	0	0	0	0
AF	0	0.834478	1	1	0	0	0	0	0
AF	0	0.835103	1	0	1	0	0	0	0
AF	0	0.835415	1	1	0	0	0	0	0
AF	0	0.836040	2	1	1	0	0	0	0
AF	0	0.836665	1	1	0	0	0	0	0
AF	0	0.836977	1	1	0	0	0	0	0
AF	0	0.837601	1	1	0	0	0	0	0
AF	0	0.839475	2	1	1	0	0	0	0
AF	0	0.840100	1	1	0	0	0	0	0
AF	0	0.841349	2	1	1	0	0	0	0
AF	0	0.841974	2	2	0	0	0	0	0
AF	0	0.842598	1	1	0	0	0	0	0
AF	0	0.843223	2	2	0	0	0	0	0
AF	0	0.844160	1	0	1	0	0	0	0
AF	0	0.844472	1	1	0	0	0	0	0
AF	0	0.845097	3	2	1	0	0	0	0
AF	0	0.845721	1	1	0	0	0	0	0
AF	0	0.846346	1	1	0	0	0	0	0
AF	0	0.847908	1	0	1	0	0	0	0
AF	0	0.848844	2	1	1	0	0	0	0
AF	0	0.849157	1	1	0	0	0	0	0
AF	0	0.850094	1	1	0	0	0	0	0
AF	0	0.851343	2	1	1	0	0	0	0
AF	0	0.852280	1	1	0	0	0	0	0
AF	0	0.853841	2	2	0	0	0	0	0
AF	0	0.861337	1	1	0	0	0	0	0
AF	0	0.862586	1	0	1	0	0	0	0
AF	0	0.863835	1	1	0	0	0	0	0
AF	0	0.864460	1	0	1	0	0	0	0
AF	0	0.865084	1	0	1	0	0	0	0
AF	0	0.865397	1	1	0	0	0	0	0
AF	0	0.866958	1	0	1	0	0	0	0
AF	0	0.867895	1	0	1	0	0	0	0
AF	0	0.869457	2	2	0	0	0	0	0
AF	0	0.870081	1	1	0	0	0	0	0
AF	0	0.870706	1	1	0	0	0	0	0
AF	0	0.871955	1	1	0	0	0	0	0
AF	0	0.872580	2	2	0	0	0	0	0
AF	0	0.876327	1	1	0	0	0	0	0
AF	0	0.877577	1	1	0	0	0	0	0
AF	0	0.879138	2	2	0	0	0	0	0
AF	0	0.879763	1	0	1	0	0	0	0
AF	0	0.881636	1	1	0	0	0	0	0
AF	0	0.883198	1	0	1	0	0	0	0
AF	0	0.884447	1	1	0	0	0	0	0
AF	0	0.885696	1	1	0	0	0	0	0
AF	0	0.886633	1	1	0	0	0	0	0
AF	0	0.887883	2	1	1	0	0	0	0
AF	0	0.888195	1	1	0	0	0	0	0
AF	0	0.888819	1	1	0	0	0	0	0
AF	0	0.890381	2	1	1	0	0	0	0
AF	0	0.892567	1	1	0	0	0	0	0
AF	0	0.893504	1	1	0	0	0	0	0
AF	0	0.894129	2	1	1	0	0	0	0
AF	0	0.895066	1	1	0	0	0	0	0
AF	0	0.895690	2	1	1	0	0	0	0
AF	0	0.896002	1	0	1	0	0	0	0
AF	0	0.896315	1	1	0	0	0	0	0
AF	0	0.896627	2	1	1	0	0	0	0
AF	0	0.896939	2	1	1	0	0	0	0
AF	0	0.897876	1	0	1	0	0	0	0
AF	0	0.898189	1	0	1	0	0	0	0
AF	0	0.898501	1	0	1	0	0	0	0
AF	0	0.900062	1	1	0	0	0	0	0
AF	0	0.900375	1	1	0	0	0	0	0
AF	0	0.900687	1	1	0	0	0	0	0
AF	0	0.902873	3	3	0	0	0	0	0
AF	0	0.903810	1	1	0	0	0	0	0
AF	0	0.905684	1	0	1	0	0	0	0
AF	0	0.907245	2	1	1	0	0	0	0
AF	0	0.907870	2	1	1	0	0	0	0
AF	0	0.909119	2	1	1	0	0	0	0
AF	0	0.909432	2	1	1	0	0	0	0
AF	0	0.912242	1	1	0	0	0	0	0
AF	0	0.912555	1	1	0	0	0	0	0
AF	0	0.920675	1	1	0	0	0	0	0
AF	0	0.923173	1	0	1	0	0	0	0
AF	0	0.923798	1	1	0	0	0	0	0
AF	0	0.924422	1	1	0	0	0	0	0
AF	0	0.929107	1	0	1	0	0	0	0
AF	0	0.929419	1	0	1	0	0	0	0
AF	0	0.932230	1	0	1	0	0	0	0
AF	0	0.933791	1	1	0	0	0	0	0
AF	0	0.938164	1	1	0	0	0	0	0
AF	0	0.938476	1	1	0	0	0	0	0
AF	0	0.938788	1	1	0	0	0	0	0
AF	0	0.942848	1	1	0	0	0	0	0
AF	0	0.945034	1	1	0	0	0	0	0
AF	0	0.945659	1	1	0	0	0	0	0
AF	0	0.946284	1	1	0	0	0	0	0
AF	0	0.950656	1	0	1	0	0	0	0
AF	0	0.952217	1	1	0	0	0	0	0
AF	0	0.954403	2	1	1	0	0	0	0
AF	0	0.955028	2	1	1	0	0	0	0
AF	0	0.955340	3	3	0	0	0	0	0
AF	0	0.955965	2	2	0	0	0	0	0
AF	0	0.956277	1	1	0	0	0	0	0
AF	0	0.957839	2	2	0	0	0	0	0
AF	0	0.959400	1	1	0	0	0	0	0
AF	0	0.960025	1	1	0	0	0	0	0
AF	0	0.960650	1	0	1	0	0	0	0
AF	0	0.960962	1	1	0	0	0	0	0
AF	0	0.962523	1	1	0	0	0	0	0
AF	0	0.962836	3	3	0	0	0	0	0
AF	0	0.963460	4	3	1	0	0	0	0
AF	0	0.964397	1	1	0	0	0	0	0
AF	0	0.965334	1	1	0	0	0	0	0
AF	0	0.965646	1	0	1	0	0	0	0
AF	0	0.965959	1	0	1	0	0	0	0
AF	0	0.966271	1	1	0	0	0	0	0
AF	0	0.967208	2	1	1	0	0	0	0
AF	0	0.967833	3	2	1	0	0	0	0
AF	0	0.968457	1	0	1	0	0	0	0
AF	0	0.969082	1	1	0	0	0	0	0
AF	0	0.970331	1	0	1	0	0	0	0
AF	0	0.971580	1	0	1	0	0	0	0
AF	0	0.972205	1	1	0	0	0	0	0
AF	0	0.972517	1	1	0	0	0	0	0
AF	0	0.974391	1	1	0	0	0	0	0
AF	0	0.974703	1	0	1	0	0	0	0
AF	0	0.975328	1	0	1	0	0	0	0
AF	0	0.975953	1	1	0	0	0	0	0
AF	0	0.976265	1	1	0	0	0	0	0
AF	0	0.977514	1	0	1	0	0	0	0
AF	0	0.977826	1	1	0	0	0	0	0
AF	0	0.978451	1	1	0	0	0	0	0
AF	0	0.979076	1	1	0	0	0	0	0
AF	0	0.979388	1	1	0	0	0	0	0
AF	0	0.980325	1	1	0	0	0	0	0
AF	0	0.980637	1	1	0	0	0	0	0
AF	0	0.981574	2	1	1	0	0	0	0
AF	0	0.981886	1	0	1	0	0	0	0
AF	0	0.982199	1	1	0	0	0	0	0
AF	0	0.982511	1	1	0	0	0	0	0
AF	0	0.983448	3	3	0	0	0	0	0
AF	0	0.983760	1	0	1	0	0	0	0
AF	0	0.984072	1	0	1	0	0	0	0
AF	0	0.985946	2	1	1	0	0	0	0
AF	0	0.986571	2	2	0	0	0	0	0
AF	0	0.987196	1	1	0	0	0	0	0
AF	0	0.987820	3	3	0	0	0	0	0
AF	0	0.988445	2	1	1	0	0	0	0
AF	0	0.989382	1	1	0	0	0	0	0
AF	0	0.990319	1	1	0	0	0	0	0
AF	0	0.990631	2	2	0	0	0	0	0
AF	0	0.991255	1	0	1	0	0	0	0
AF	0	0.991880	1	1	0	0	0	0	0
AF	0	0.992192	1	1	0	0	0	0	0
AF	0	0.992817	1	0	1	0	0	0	0
AF	0	0.993129	3	3	0	0	0	0	0
AF	0	0.993442	8	5	3	0	0	0	0
AF	0	0.993754	6	3	3	0	0	0	0
AF	0	0.994066	1	1	0	0	0	0	0
AF	0	0.994379	1	0	1	0	0	0	0
AF	0	0.994691	1	1	0	0	0	0	0
AF	0	0.995003	1	1	0	0	0	0	0
AF	0	0.995315	3	3	0	0	0	0	0
AF	0	0.995628	1	1	0	0	0	0	0
AF	0	0.995940	7	5	2	0	0	0	0
AF	0	0.996252	1	0	1	0	0	0	0
AF	0	0.997189	1	0	1	0	0	0	0
AF	0	0.997502	1	1	0	0	0	0	0
AF	0	0.997814	2	2	0	0	0	0	0
AF	0	0.998126	2	2	0	0	0	0	0
AF	0	0.998438	3	2	1	0	0	0	0
AF	0	0.998751	2	2	0	0	0	0	0
AF	0	0.999063	1	0	1	0	0	0	0
# QUAL, Stats by quality
# QUAL	[2]id	[3]Quality	[4]number of SNPs	[5]number of transitions (1st ALT)	[6]number of transversions (1st ALT)	[7]number of indels
QUAL	0	.	17067	11430	5637	0
# IDD, InDel distribution:
# IDD	[2]id	[3]length (deletions negative)	[4]number of sites	[5]number of genotypes	[6]mean VAF
# ST, Substitution types:
# ST	[2]id	[3]type	[4]count
ST	0	A>C	700
ST	0	A>G	2732
ST	0	A>T	648
ST	0	C>A	700
ST	0	C>G	796
ST	0	C>T	3108
ST	0	G>A	3292
ST	0	G>C	787
ST	0	G>T	746
ST	0	T>A	588
ST	0	T>C	2298
ST	0	T>G	672
# DP, Depth distribution
# DP	[2]id	[3]bin	[4]number of genotypes	[5]fraction of genotypes (%)	[6]number of sites	[7]fraction of sites (%)
  - Fix haploid genotypes in males...

Submit MakeDiploidMalesX finished successfully. Let's have a beer, buddy!

