Submit MakeDiploidMalesX
version 1.1.6 (2024-09-30)

These are the settings:
  Input file................: /hpc/local/Rocky8/dhl_ec/software/MonopogenLite/resources/1kGP_high_coverage_Illumina.SNVonly_poly.filtered_AF_5e-04.norm.fixvariantid.chrX.vcf.gz
  Output file...............: /hpc/local/Rocky8/dhl_ec/software/MonopogenLite/resources/1kGP_high_coverage_Illumina.SNVonly_poly.filtered_AF_5e-04.norm.fixvariantid.makediploid.chrX.vcf.gz
  Chunk size................: 100

  SLURM CPUs................: 4
  SLURM Array ID............: 21 (of 100)
  SLURM memory..............: 16G
  SLURM time................: 01:00:00
  SLURM mail type...........: FAIL
  SLURM mail user...........: s.w.vanderlaan-2@umcutrecht.nl

  Dry run mode..............: 0
  Debug mode................: 1
  Verbosity.................: 0
  Version...................: 1.1.6 (2024-09-30)

Making converting haploid genotypes to diploid genotypes.
> Extract the region for this SLURM task (# 21) from the BED file.
  - Get the chunk number from the SLURM array task ID and the bed file...
DEBUG: Extracting chunk number: 21p from 21
DEBUG: Extracting region from BED file: /hpc/local/Rocky8/dhl_ec/software/MonopogenLite/resources/chrX_100pieces.bed
  - Extract the region from the BED file...
DEBUG: Extracted raw region: 'chrX	31208161	32768568' (chunk #: 21p of 100 for job 21)
  - Check if a valid region was extracted -- should be 'chrX	31208161	32768568'...
  - Prepare the region for bcftools...
  - Check if the region (chrX:31208161-32768568) was successfully extracted...
> Processing region 'chrX:31208161-32768568'...
  - Process the specific region (chunk# 21) using bcftools view...
  - Index the VCF file...
DEBUG: Check if the VCF file was successfully processed...
##fileformat=VCFv4.2
##FILTER=<ID=PASS,Description="All filters passed">
##fileDate=29/01/2022 - 14:31:41
##source=shapeit4.2.2
##contig=<ID=chr1,length=248956422>
##contig=<ID=chr2,length=242193529>
##contig=<ID=chr3,length=198295559>
##contig=<ID=chr4,length=190214555>
##contig=<ID=chr5,length=181538259>
##contig=<ID=chr6,length=170805979>
# This file was produced by bcftools stats (1.20+htslib-1.20) and can be plotted using plot-vcfstats.
# The command line was:	bcftools stats  /hpc/local/Rocky8/dhl_ec/software/MonopogenLite/resources/chrX.part21.vcf.gz
#
# Definition of sets:
# ID	[2]id	[3]tab-separated file names
ID	0	/hpc/local/Rocky8/dhl_ec/software/MonopogenLite/resources/chrX.part21.vcf.gz
# SN, Summary numbers:
#   number of records   .. number of data rows in the VCF
#   number of no-ALTs   .. reference-only sites, ALT is either "." or identical to REF
#   number of SNPs      .. number of rows with a SNP
#   number of MNPs      .. number of rows with a MNP, such as CC>TT
#   number of indels    .. number of rows with an indel
#   number of others    .. number of rows with other type, for example a symbolic allele or
#                          a complex substitution, such as ACT>TCGA
#   number of multiallelic sites     .. number of rows with multiple alternate alleles
#   number of multiallelic SNP sites .. number of rows with multiple alternate alleles, all SNPs
# 
#   Note that rows containing multiple types will be counted multiple times, in each
#   counter. For example, a row with a SNP and an indel increments both the SNP and
#   the indel counter.
# 
# SN	[2]id	[3]key	[4]value
SN	0	number of samples:	3202
SN	0	number of records:	19685
SN	0	number of no-ALTs:	0
SN	0	number of SNPs:	19685
SN	0	number of MNPs:	0
SN	0	number of indels:	0
SN	0	number of others:	0
SN	0	number of multiallelic sites:	0
SN	0	number of multiallelic SNP sites:	0
# TSTV, transitions/transversions:
# TSTV	[2]id	[3]ts	[4]tv	[5]ts/tv	[6]ts (1st ALT)	[7]tv (1st ALT)	[8]ts/tv (1st ALT)
TSTV	0	12909	6776	1.91	12909	6776	1.91
# SiS, Singleton stats:
# SiS	[2]id	[3]allele count	[4]number of SNPs	[5]number of transitions	[6]number of transversions	[7]number of indels	[8]repeat-consistent	[9]repeat-inconsistent	[10]not applicable
SiS	0	1	0	0	0	0	0	0	0
# AF, Stats by non-reference allele frequency:
# AF	[2]id	[3]allele frequency	[4]number of SNPs	[5]number of transitions	[6]number of transversions	[7]number of indels	[8]repeat-consistent	[9]repeat-inconsistent	[10]not applicable
AF	0	0.000312	2790	1846	944	0	0	0	0
AF	0	0.000625	1697	1111	586	0	0	0	0
AF	0	0.000937	1938	1273	665	0	0	0	0
AF	0	0.001249	635	442	193	0	0	0	0
AF	0	0.001562	1067	723	344	0	0	0	0
AF	0	0.001874	437	290	147	0	0	0	0
AF	0	0.002186	609	393	216	0	0	0	0
AF	0	0.002498	215	139	76	0	0	0	0
AF	0	0.002811	456	296	160	0	0	0	0
AF	0	0.003123	215	143	72	0	0	0	0
AF	0	0.003435	373	238	135	0	0	0	0
AF	0	0.003748	147	99	48	0	0	0	0
AF	0	0.004060	295	196	99	0	0	0	0
AF	0	0.004372	137	90	47	0	0	0	0
AF	0	0.004685	253	168	85	0	0	0	0
AF	0	0.004997	111	74	37	0	0	0	0
AF	0	0.005309	165	110	55	0	0	0	0
AF	0	0.005621	105	64	41	0	0	0	0
AF	0	0.005934	182	119	63	0	0	0	0
AF	0	0.006246	85	50	35	0	0	0	0
AF	0	0.006558	194	131	63	0	0	0	0
AF	0	0.006871	94	55	39	0	0	0	0
AF	0	0.007183	125	72	53	0	0	0	0
AF	0	0.007495	54	40	14	0	0	0	0
AF	0	0.007808	125	78	47	0	0	0	0
AF	0	0.008120	52	28	24	0	0	0	0
AF	0	0.008432	116	74	42	0	0	0	0
AF	0	0.008745	65	44	21	0	0	0	0
AF	0	0.009057	106	64	42	0	0	0	0
AF	0	0.009369	49	36	13	0	0	0	0
AF	0	0.009681	104	74	30	0	0	0	0
AF	0	0.009994	66	42	24	0	0	0	0
AF	0	0.010306	86	51	35	0	0	0	0
AF	0	0.010618	45	27	18	0	0	0	0
AF	0	0.010931	89	57	32	0	0	0	0
AF	0	0.011243	48	23	25	0	0	0	0
AF	0	0.011555	69	42	27	0	0	0	0
AF	0	0.011868	39	24	15	0	0	0	0
AF	0	0.012180	75	51	24	0	0	0	0
AF	0	0.012492	22	13	9	0	0	0	0
AF	0	0.012804	63	43	20	0	0	0	0
AF	0	0.013117	33	20	13	0	0	0	0
AF	0	0.013429	64	42	22	0	0	0	0
AF	0	0.013741	33	26	7	0	0	0	0
AF	0	0.014054	71	52	19	0	0	0	0
AF	0	0.014366	34	24	10	0	0	0	0
AF	0	0.014678	68	46	22	0	0	0	0
AF	0	0.014991	24	18	6	0	0	0	0
AF	0	0.015303	70	43	27	0	0	0	0
AF	0	0.015615	33	18	15	0	0	0	0
AF	0	0.015928	67	46	21	0	0	0	0
AF	0	0.016240	22	16	6	0	0	0	0
AF	0	0.016552	80	49	31	0	0	0	0
AF	0	0.016864	36	27	9	0	0	0	0
AF	0	0.017177	62	40	22	0	0	0	0
AF	0	0.017489	34	17	17	0	0	0	0
AF	0	0.017801	49	37	12	0	0	0	0
AF	0	0.018114	45	29	16	0	0	0	0
AF	0	0.018426	57	37	20	0	0	0	0
AF	0	0.018738	38	24	14	0	0	0	0
AF	0	0.019051	53	38	15	0	0	0	0
AF	0	0.019363	27	16	11	0	0	0	0
AF	0	0.019675	51	32	19	0	0	0	0
AF	0	0.019988	21	15	6	0	0	0	0
AF	0	0.020300	52	34	18	0	0	0	0
AF	0	0.020612	27	18	9	0	0	0	0
AF	0	0.020924	48	35	13	0	0	0	0
AF	0	0.021237	24	15	9	0	0	0	0
AF	0	0.021549	45	33	12	0	0	0	0
AF	0	0.021861	15	12	3	0	0	0	0
AF	0	0.022174	41	31	10	0	0	0	0
AF	0	0.022486	20	11	9	0	0	0	0
AF	0	0.022798	30	16	14	0	0	0	0
AF	0	0.023111	22	10	12	0	0	0	0
AF	0	0.023423	29	20	9	0	0	0	0
AF	0	0.023735	17	11	6	0	0	0	0
AF	0	0.024047	23	18	5	0	0	0	0
AF	0	0.024360	20	14	6	0	0	0	0
AF	0	0.024672	21	12	9	0	0	0	0
AF	0	0.024984	13	10	3	0	0	0	0
AF	0	0.025297	28	17	11	0	0	0	0
AF	0	0.025609	11	7	4	0	0	0	0
AF	0	0.025921	28	17	11	0	0	0	0
AF	0	0.026234	18	12	6	0	0	0	0
AF	0	0.026546	11	8	3	0	0	0	0
AF	0	0.026858	16	11	5	0	0	0	0
AF	0	0.027171	17	12	5	0	0	0	0
AF	0	0.027483	10	7	3	0	0	0	0
AF	0	0.027795	19	8	11	0	0	0	0
AF	0	0.028107	8	6	2	0	0	0	0
AF	0	0.028420	19	9	10	0	0	0	0
AF	0	0.028732	16	10	6	0	0	0	0
AF	0	0.029044	26	17	9	0	0	0	0
AF	0	0.029357	4	2	2	0	0	0	0
AF	0	0.029669	24	14	10	0	0	0	0
AF	0	0.029981	8	6	2	0	0	0	0
AF	0	0.030294	19	14	5	0	0	0	0
AF	0	0.030606	7	6	1	0	0	0	0
AF	0	0.030918	18	13	5	0	0	0	0
AF	0	0.031230	9	5	4	0	0	0	0
AF	0	0.031543	21	13	8	0	0	0	0
AF	0	0.031855	8	7	1	0	0	0	0
AF	0	0.032167	19	11	8	0	0	0	0
AF	0	0.032480	5	2	3	0	0	0	0
AF	0	0.032792	19	13	6	0	0	0	0
AF	0	0.033104	4	3	1	0	0	0	0
AF	0	0.033417	18	10	8	0	0	0	0
AF	0	0.033729	5	4	1	0	0	0	0
AF	0	0.034041	9	7	2	0	0	0	0
AF	0	0.034354	6	4	2	0	0	0	0
AF	0	0.034666	16	11	5	0	0	0	0
AF	0	0.034978	5	4	1	0	0	0	0
AF	0	0.035290	9	6	3	0	0	0	0
AF	0	0.035603	8	3	5	0	0	0	0
AF	0	0.035915	18	12	6	0	0	0	0
AF	0	0.036227	10	6	4	0	0	0	0
AF	0	0.036540	11	8	3	0	0	0	0
AF	0	0.036852	8	5	3	0	0	0	0
AF	0	0.037164	23	13	10	0	0	0	0
AF	0	0.037477	7	4	3	0	0	0	0
AF	0	0.037789	11	5	6	0	0	0	0
AF	0	0.038101	3	1	2	0	0	0	0
AF	0	0.038413	9	5	4	0	0	0	0
AF	0	0.038726	12	8	4	0	0	0	0
AF	0	0.039038	17	8	9	0	0	0	0
AF	0	0.039350	7	3	4	0	0	0	0
AF	0	0.039663	17	12	5	0	0	0	0
AF	0	0.039975	7	6	1	0	0	0	0
AF	0	0.040287	10	3	7	0	0	0	0
AF	0	0.040600	9	4	5	0	0	0	0
AF	0	0.040912	5	5	0	0	0	0	0
AF	0	0.041224	4	3	1	0	0	0	0
AF	0	0.041537	7	6	1	0	0	0	0
AF	0	0.041849	3	1	2	0	0	0	0
AF	0	0.042161	9	7	2	0	0	0	0
AF	0	0.042473	3	2	1	0	0	0	0
AF	0	0.042786	7	6	1	0	0	0	0
AF	0	0.043098	11	8	3	0	0	0	0
AF	0	0.043410	16	10	6	0	0	0	0
AF	0	0.043723	9	7	2	0	0	0	0
AF	0	0.044035	6	3	3	0	0	0	0
AF	0	0.044347	5	2	3	0	0	0	0
AF	0	0.044660	3	2	1	0	0	0	0
AF	0	0.044972	9	6	3	0	0	0	0
AF	0	0.045284	11	8	3	0	0	0	0
AF	0	0.045597	8	6	2	0	0	0	0
AF	0	0.045909	14	9	5	0	0	0	0
AF	0	0.046221	8	5	3	0	0	0	0
AF	0	0.046533	14	8	6	0	0	0	0
AF	0	0.046846	4	3	1	0	0	0	0
AF	0	0.047158	21	17	4	0	0	0	0
AF	0	0.047470	9	6	3	0	0	0	0
AF	0	0.047783	13	7	6	0	0	0	0
AF	0	0.048095	2	1	1	0	0	0	0
AF	0	0.048407	7	3	4	0	0	0	0
AF	0	0.048720	3	3	0	0	0	0	0
AF	0	0.049032	10	6	4	0	0	0	0
AF	0	0.049344	3	2	1	0	0	0	0
AF	0	0.049656	12	7	5	0	0	0	0
AF	0	0.049969	4	4	0	0	0	0	0
AF	0	0.050281	5	2	3	0	0	0	0
AF	0	0.050593	2	1	1	0	0	0	0
AF	0	0.050906	13	10	3	0	0	0	0
AF	0	0.051218	3	1	2	0	0	0	0
AF	0	0.051530	13	8	5	0	0	0	0
AF	0	0.051843	2	1	1	0	0	0	0
AF	0	0.052155	9	7	2	0	0	0	0
AF	0	0.052467	5	5	0	0	0	0	0
AF	0	0.052780	9	6	3	0	0	0	0
AF	0	0.053092	3	2	1	0	0	0	0
AF	0	0.053404	5	3	2	0	0	0	0
AF	0	0.053716	5	0	5	0	0	0	0
AF	0	0.054029	13	9	4	0	0	0	0
AF	0	0.054341	6	3	3	0	0	0	0
AF	0	0.054653	7	2	5	0	0	0	0
AF	0	0.054966	2	2	0	0	0	0	0
AF	0	0.055278	8	6	2	0	0	0	0
AF	0	0.055590	9	6	3	0	0	0	0
AF	0	0.055903	10	7	3	0	0	0	0
AF	0	0.056215	3	2	1	0	0	0	0
AF	0	0.056527	15	8	7	0	0	0	0
AF	0	0.056839	3	2	1	0	0	0	0
AF	0	0.057152	10	7	3	0	0	0	0
AF	0	0.057464	10	8	2	0	0	0	0
AF	0	0.057776	14	8	6	0	0	0	0
AF	0	0.058089	3	2	1	0	0	0	0
AF	0	0.058401	15	14	1	0	0	0	0
AF	0	0.058713	2	0	2	0	0	0	0
AF	0	0.059026	9	6	3	0	0	0	0
AF	0	0.059338	7	3	4	0	0	0	0
AF	0	0.059650	17	9	8	0	0	0	0
AF	0	0.059963	6	5	1	0	0	0	0
AF	0	0.060275	12	6	6	0	0	0	0
AF	0	0.060587	8	6	2	0	0	0	0
AF	0	0.060899	17	7	10	0	0	0	0
AF	0	0.061212	7	2	5	0	0	0	0
AF	0	0.061524	15	12	3	0	0	0	0
AF	0	0.061836	5	5	0	0	0	0	0
AF	0	0.062149	8	3	5	0	0	0	0
AF	0	0.062461	2	1	1	0	0	0	0
AF	0	0.062773	14	9	5	0	0	0	0
AF	0	0.063086	4	1	3	0	0	0	0
AF	0	0.063398	6	3	3	0	0	0	0
AF	0	0.063710	2	2	0	0	0	0	0
AF	0	0.064022	10	6	4	0	0	0	0
AF	0	0.064335	4	3	1	0	0	0	0
AF	0	0.064647	12	7	5	0	0	0	0
AF	0	0.064959	3	1	2	0	0	0	0
AF	0	0.065272	10	5	5	0	0	0	0
AF	0	0.065584	1	0	1	0	0	0	0
AF	0	0.065896	3	2	1	0	0	0	0
AF	0	0.066209	7	4	3	0	0	0	0
AF	0	0.066521	11	5	6	0	0	0	0
AF	0	0.066833	3	1	2	0	0	0	0
AF	0	0.067146	10	4	6	0	0	0	0
AF	0	0.067458	4	3	1	0	0	0	0
AF	0	0.067770	3	2	1	0	0	0	0
AF	0	0.068082	4	2	2	0	0	0	0
AF	0	0.068395	10	7	3	0	0	0	0
AF	0	0.068707	1	0	1	0	0	0	0
AF	0	0.069019	3	3	0	0	0	0	0
AF	0	0.069332	5	3	2	0	0	0	0
AF	0	0.069644	3	2	1	0	0	0	0
AF	0	0.069956	3	1	2	0	0	0	0
AF	0	0.070269	10	7	3	0	0	0	0
AF	0	0.070581	3	2	1	0	0	0	0
AF	0	0.070893	5	1	4	0	0	0	0
AF	0	0.071205	2	1	1	0	0	0	0
AF	0	0.071518	9	7	2	0	0	0	0
AF	0	0.071830	5	5	0	0	0	0	0
AF	0	0.072142	7	5	2	0	0	0	0
AF	0	0.072455	5	5	0	0	0	0	0
AF	0	0.072767	5	3	2	0	0	0	0
AF	0	0.073079	1	1	0	0	0	0	0
AF	0	0.073392	6	6	0	0	0	0	0
AF	0	0.073704	4	4	0	0	0	0	0
AF	0	0.074016	7	3	4	0	0	0	0
AF	0	0.074329	4	2	2	0	0	0	0
AF	0	0.074641	9	8	1	0	0	0	0
AF	0	0.074953	2	1	1	0	0	0	0
AF	0	0.075265	2	2	0	0	0	0	0
AF	0	0.075578	4	3	1	0	0	0	0
AF	0	0.075890	10	7	3	0	0	0	0
AF	0	0.076202	1	1	0	0	0	0	0
AF	0	0.076515	10	6	4	0	0	0	0
AF	0	0.076827	1	1	0	0	0	0	0
AF	0	0.077139	5	2	3	0	0	0	0
AF	0	0.077452	4	1	3	0	0	0	0
AF	0	0.077764	6	3	3	0	0	0	0
AF	0	0.078076	7	4	3	0	0	0	0
AF	0	0.078389	6	5	1	0	0	0	0
AF	0	0.078701	10	5	5	0	0	0	0
AF	0	0.079013	9	2	7	0	0	0	0
AF	0	0.079325	5	2	3	0	0	0	0
AF	0	0.079638	13	4	9	0	0	0	0
AF	0	0.079950	3	3	0	0	0	0	0
AF	0	0.080262	7	5	2	0	0	0	0
AF	0	0.080575	5	2	3	0	0	0	0
AF	0	0.080887	10	9	1	0	0	0	0
AF	0	0.081199	7	6	1	0	0	0	0
AF	0	0.081512	10	6	4	0	0	0	0
AF	0	0.081824	3	3	0	0	0	0	0
AF	0	0.082136	4	3	1	0	0	0	0
AF	0	0.082448	5	5	0	0	0	0	0
AF	0	0.082761	10	5	5	0	0	0	0
AF	0	0.083073	1	1	0	0	0	0	0
AF	0	0.083385	8	8	0	0	0	0	0
AF	0	0.083698	3	1	2	0	0	0	0
AF	0	0.084010	5	5	0	0	0	0	0
AF	0	0.084322	3	2	1	0	0	0	0
AF	0	0.084635	6	5	1	0	0	0	0
AF	0	0.084947	3	2	1	0	0	0	0
AF	0	0.085259	5	3	2	0	0	0	0
AF	0	0.085572	3	2	1	0	0	0	0
AF	0	0.085884	7	5	2	0	0	0	0
AF	0	0.086196	2	0	2	0	0	0	0
AF	0	0.086508	5	4	1	0	0	0	0
AF	0	0.086821	4	3	1	0	0	0	0
AF	0	0.087133	3	3	0	0	0	0	0
AF	0	0.087445	4	3	1	0	0	0	0
AF	0	0.087758	8	7	1	0	0	0	0
AF	0	0.088382	4	3	1	0	0	0	0
AF	0	0.088695	3	1	2	0	0	0	0
AF	0	0.089007	10	9	1	0	0	0	0
AF	0	0.089319	6	5	1	0	0	0	0
AF	0	0.089631	4	1	3	0	0	0	0
AF	0	0.089944	7	5	2	0	0	0	0
AF	0	0.090256	5	3	2	0	0	0	0
AF	0	0.090568	2	1	1	0	0	0	0
AF	0	0.090881	5	5	0	0	0	0	0
AF	0	0.091193	4	3	1	0	0	0	0
AF	0	0.091505	10	2	8	0	0	0	0
AF	0	0.091818	6	3	3	0	0	0	0
AF	0	0.092130	4	3	1	0	0	0	0
AF	0	0.092442	3	2	1	0	0	0	0
AF	0	0.092755	5	4	1	0	0	0	0
AF	0	0.093067	3	2	1	0	0	0	0
AF	0	0.093379	3	3	0	0	0	0	0
AF	0	0.093691	1	1	0	0	0	0	0
AF	0	0.094004	2	1	1	0	0	0	0
AF	0	0.094316	4	2	2	0	0	0	0
AF	0	0.094628	6	4	2	0	0	0	0
AF	0	0.094941	2	1	1	0	0	0	0
AF	0	0.095253	7	5	2	0	0	0	0
AF	0	0.095565	2	2	0	0	0	0	0
AF	0	0.095878	8	6	2	0	0	0	0
AF	0	0.096190	5	5	0	0	0	0	0
AF	0	0.096502	6	4	2	0	0	0	0
AF	0	0.096814	2	1	1	0	0	0	0
AF	0	0.097127	3	2	1	0	0	0	0
AF	0	0.097439	3	3	0	0	0	0	0
AF	0	0.097751	4	2	2	0	0	0	0
AF	0	0.098064	5	5	0	0	0	0	0
AF	0	0.098376	5	4	1	0	0	0	0
AF	0	0.098688	3	3	0	0	0	0	0
AF	0	0.099001	5	4	1	0	0	0	0
AF	0	0.099313	2	0	2	0	0	0	0
AF	0	0.099625	4	3	1	0	0	0	0
AF	0	0.099938	7	6	1	0	0	0	0
AF	0	0.100250	8	3	5	0	0	0	0
AF	0	0.100562	3	3	0	0	0	0	0
AF	0	0.100874	2	2	0	0	0	0	0
AF	0	0.101187	3	2	1	0	0	0	0
AF	0	0.101499	9	5	4	0	0	0	0
AF	0	0.101811	1	0	1	0	0	0	0
AF	0	0.102124	9	6	3	0	0	0	0
AF	0	0.102436	6	3	3	0	0	0	0
AF	0	0.102748	6	3	3	0	0	0	0
AF	0	0.103061	4	2	2	0	0	0	0
AF	0	0.103373	6	4	2	0	0	0	0
AF	0	0.103685	3	3	0	0	0	0	0
AF	0	0.103998	10	8	2	0	0	0	0
AF	0	0.104310	4	1	3	0	0	0	0
AF	0	0.104622	3	1	2	0	0	0	0
AF	0	0.105247	2	0	2	0	0	0	0
AF	0	0.105559	1	0	1	0	0	0	0
AF	0	0.105871	7	3	4	0	0	0	0
AF	0	0.106184	2	2	0	0	0	0	0
AF	0	0.106496	7	7	0	0	0	0	0
AF	0	0.106808	2	0	2	0	0	0	0
AF	0	0.107121	4	4	0	0	0	0	0
AF	0	0.107433	4	2	2	0	0	0	0
AF	0	0.107745	8	4	4	0	0	0	0
AF	0	0.108057	3	3	0	0	0	0	0
AF	0	0.108370	5	3	2	0	0	0	0
AF	0	0.108682	4	3	1	0	0	0	0
AF	0	0.108994	5	4	1	0	0	0	0
AF	0	0.109307	3	2	1	0	0	0	0
AF	0	0.109619	8	3	5	0	0	0	0
AF	0	0.109931	7	3	4	0	0	0	0
AF	0	0.110244	8	6	2	0	0	0	0
AF	0	0.110556	1	1	0	0	0	0	0
AF	0	0.110868	3	3	0	0	0	0	0
AF	0	0.111181	5	4	1	0	0	0	0
AF	0	0.111805	3	1	2	0	0	0	0
AF	0	0.112117	5	4	1	0	0	0	0
AF	0	0.112430	9	7	2	0	0	0	0
AF	0	0.112742	4	3	1	0	0	0	0
AF	0	0.113054	6	5	1	0	0	0	0
AF	0	0.113367	3	2	1	0	0	0	0
AF	0	0.113679	7	6	1	0	0	0	0
AF	0	0.113991	6	3	3	0	0	0	0
AF	0	0.114304	1	1	0	0	0	0	0
AF	0	0.114616	5	4	1	0	0	0	0
AF	0	0.114928	4	2	2	0	0	0	0
AF	0	0.115553	4	4	0	0	0	0	0
AF	0	0.115865	4	4	0	0	0	0	0
AF	0	0.116177	5	5	0	0	0	0	0
AF	0	0.116490	1	1	0	0	0	0	0
AF	0	0.116802	3	2	1	0	0	0	0
AF	0	0.117114	1	0	1	0	0	0	0
AF	0	0.117427	2	2	0	0	0	0	0
AF	0	0.117739	4	0	4	0	0	0	0
AF	0	0.118051	5	4	1	0	0	0	0
AF	0	0.118364	2	1	1	0	0	0	0
AF	0	0.118676	2	2	0	0	0	0	0
AF	0	0.118988	1	0	1	0	0	0	0
AF	0	0.119300	5	4	1	0	0	0	0
AF	0	0.119613	5	4	1	0	0	0	0
AF	0	0.119925	8	6	2	0	0	0	0
AF	0	0.120237	3	1	2	0	0	0	0
AF	0	0.120550	4	4	0	0	0	0	0
AF	0	0.120862	2	2	0	0	0	0	0
AF	0	0.121174	10	7	3	0	0	0	0
AF	0	0.121487	3	2	1	0	0	0	0
AF	0	0.121799	4	3	1	0	0	0	0
AF	0	0.122111	1	1	0	0	0	0	0
AF	0	0.122423	4	4	0	0	0	0	0
AF	0	0.122736	6	5	1	0	0	0	0
AF	0	0.123048	8	7	1	0	0	0	0
AF	0	0.123360	2	0	2	0	0	0	0
AF	0	0.123673	6	5	1	0	0	0	0
AF	0	0.123985	3	1	2	0	0	0	0
AF	0	0.124297	3	0	3	0	0	0	0
AF	0	0.124610	5	5	0	0	0	0	0
AF	0	0.124922	2	1	1	0	0	0	0
AF	0	0.125547	4	2	2	0	0	0	0
AF	0	0.125859	3	1	2	0	0	0	0
AF	0	0.126171	4	3	1	0	0	0	0
AF	0	0.126483	4	2	2	0	0	0	0
AF	0	0.126796	3	3	0	0	0	0	0
AF	0	0.127108	1	1	0	0	0	0	0
AF	0	0.127420	4	3	1	0	0	0	0
AF	0	0.127733	2	1	1	0	0	0	0
AF	0	0.128045	3	2	1	0	0	0	0
AF	0	0.128357	4	3	1	0	0	0	0
AF	0	0.128670	7	6	1	0	0	0	0
AF	0	0.128982	2	1	1	0	0	0	0
AF	0	0.129294	4	4	0	0	0	0	0
AF	0	0.129606	3	2	1	0	0	0	0
AF	0	0.129919	6	4	2	0	0	0	0
AF	0	0.130231	3	1	2	0	0	0	0
AF	0	0.130543	6	3	3	0	0	0	0
AF	0	0.130856	5	3	2	0	0	0	0
AF	0	0.131168	2	2	0	0	0	0	0
AF	0	0.131480	3	3	0	0	0	0	0
AF	0	0.131793	4	1	3	0	0	0	0
AF	0	0.132105	3	2	1	0	0	0	0
AF	0	0.132417	6	3	3	0	0	0	0
AF	0	0.132730	2	1	1	0	0	0	0
AF	0	0.133042	2	2	0	0	0	0	0
AF	0	0.133354	2	1	1	0	0	0	0
AF	0	0.133666	5	4	1	0	0	0	0
AF	0	0.133979	1	1	0	0	0	0	0
AF	0	0.134291	6	4	2	0	0	0	0
AF	0	0.134603	1	0	1	0	0	0	0
AF	0	0.134916	6	5	1	0	0	0	0
AF	0	0.135228	2	0	2	0	0	0	0
AF	0	0.135540	4	4	0	0	0	0	0
AF	0	0.135853	4	3	1	0	0	0	0
AF	0	0.136165	4	3	1	0	0	0	0
AF	0	0.136477	1	1	0	0	0	0	0
AF	0	0.136790	4	3	1	0	0	0	0
AF	0	0.137102	7	4	3	0	0	0	0
AF	0	0.137414	5	1	4	0	0	0	0
AF	0	0.137726	1	1	0	0	0	0	0
AF	0	0.138039	2	0	2	0	0	0	0
AF	0	0.138351	1	1	0	0	0	0	0
AF	0	0.138663	12	7	5	0	0	0	0
AF	0	0.138976	4	3	1	0	0	0	0
AF	0	0.139288	8	8	0	0	0	0	0
AF	0	0.139600	2	1	1	0	0	0	0
AF	0	0.139913	4	4	0	0	0	0	0
AF	0	0.140225	3	1	2	0	0	0	0
AF	0	0.140537	10	6	4	0	0	0	0
AF	0	0.140849	3	3	0	0	0	0	0
AF	0	0.141162	7	6	1	0	0	0	0
AF	0	0.141474	6	5	1	0	0	0	0
AF	0	0.141786	10	6	4	0	0	0	0
AF	0	0.142099	3	1	2	0	0	0	0
AF	0	0.142411	6	5	1	0	0	0	0
AF	0	0.142723	4	2	2	0	0	0	0
AF	0	0.143036	4	2	2	0	0	0	0
AF	0	0.143660	5	4	1	0	0	0	0
AF	0	0.144285	4	2	2	0	0	0	0
AF	0	0.144597	5	2	3	0	0	0	0
AF	0	0.144909	11	5	6	0	0	0	0
AF	0	0.145222	5	3	2	0	0	0	0
AF	0	0.145534	3	2	1	0	0	0	0
AF	0	0.145846	4	2	2	0	0	0	0
AF	0	0.146159	7	5	2	0	0	0	0
AF	0	0.146471	4	3	1	0	0	0	0
AF	0	0.146783	2	2	0	0	0	0	0
AF	0	0.147096	3	3	0	0	0	0	0
AF	0	0.147408	2	1	1	0	0	0	0
AF	0	0.147720	1	1	0	0	0	0	0
AF	0	0.148032	4	1	3	0	0	0	0
AF	0	0.148345	4	2	2	0	0	0	0
AF	0	0.148657	9	4	5	0	0	0	0
AF	0	0.148969	8	3	5	0	0	0	0
AF	0	0.149282	9	5	4	0	0	0	0
AF	0	0.149594	3	3	0	0	0	0	0
AF	0	0.149906	7	2	5	0	0	0	0
AF	0	0.150531	6	3	3	0	0	0	0
AF	0	0.150843	4	1	3	0	0	0	0
AF	0	0.151156	5	4	1	0	0	0	0
AF	0	0.151468	3	1	2	0	0	0	0
AF	0	0.151780	14	12	2	0	0	0	0
AF	0	0.152092	2	0	2	0	0	0	0
AF	0	0.152405	4	2	2	0	0	0	0
AF	0	0.152717	3	3	0	0	0	0	0
AF	0	0.153029	4	3	1	0	0	0	0
AF	0	0.153342	1	1	0	0	0	0	0
AF	0	0.153654	5	1	4	0	0	0	0
AF	0	0.153966	3	2	1	0	0	0	0
AF	0	0.154279	3	2	1	0	0	0	0
AF	0	0.154591	3	2	1	0	0	0	0
AF	0	0.154903	4	3	1	0	0	0	0
AF	0	0.155215	2	2	0	0	0	0	0
AF	0	0.155528	2	1	1	0	0	0	0
AF	0	0.156152	5	3	2	0	0	0	0
AF	0	0.156465	3	2	1	0	0	0	0
AF	0	0.156777	2	1	1	0	0	0	0
AF	0	0.157402	6	3	3	0	0	0	0
AF	0	0.157714	2	2	0	0	0	0	0
AF	0	0.158026	9	7	2	0	0	0	0
AF	0	0.158339	3	2	1	0	0	0	0
AF	0	0.158651	4	1	3	0	0	0	0
AF	0	0.158963	2	1	1	0	0	0	0
AF	0	0.159275	2	2	0	0	0	0	0
AF	0	0.159588	1	1	0	0	0	0	0
AF	0	0.159900	2	2	0	0	0	0	0
AF	0	0.160525	6	4	2	0	0	0	0
AF	0	0.160837	3	2	1	0	0	0	0
AF	0	0.161149	7	6	1	0	0	0	0
AF	0	0.161462	5	5	0	0	0	0	0
AF	0	0.161774	2	1	1	0	0	0	0
AF	0	0.162399	8	7	1	0	0	0	0
AF	0	0.162711	3	2	1	0	0	0	0
AF	0	0.163023	1	1	0	0	0	0	0
AF	0	0.163335	1	1	0	0	0	0	0
AF	0	0.163648	1	1	0	0	0	0	0
AF	0	0.163960	2	1	1	0	0	0	0
AF	0	0.164272	2	0	2	0	0	0	0
AF	0	0.164585	1	0	1	0	0	0	0
AF	0	0.164897	3	2	1	0	0	0	0
AF	0	0.165209	1	1	0	0	0	0	0
AF	0	0.165522	5	3	2	0	0	0	0
AF	0	0.165834	3	2	1	0	0	0	0
AF	0	0.166146	6	4	2	0	0	0	0
AF	0	0.166458	1	0	1	0	0	0	0
AF	0	0.166771	8	6	2	0	0	0	0
AF	0	0.167083	4	2	2	0	0	0	0
AF	0	0.167395	6	4	2	0	0	0	0
AF	0	0.167708	1	1	0	0	0	0	0
AF	0	0.168020	2	2	0	0	0	0	0
AF	0	0.168332	1	1	0	0	0	0	0
AF	0	0.168645	2	2	0	0	0	0	0
AF	0	0.168957	3	1	2	0	0	0	0
AF	0	0.169269	5	4	1	0	0	0	0
AF	0	0.169894	7	5	2	0	0	0	0
AF	0	0.170206	3	3	0	0	0	0	0
AF	0	0.170518	3	3	0	0	0	0	0
AF	0	0.170831	3	1	2	0	0	0	0
AF	0	0.171143	2	1	1	0	0	0	0
AF	0	0.171455	2	1	1	0	0	0	0
AF	0	0.171768	2	2	0	0	0	0	0
AF	0	0.172080	5	3	2	0	0	0	0
AF	0	0.172392	3	1	2	0	0	0	0
AF	0	0.172705	3	2	1	0	0	0	0
AF	0	0.173017	3	3	0	0	0	0	0
AF	0	0.173329	1	1	0	0	0	0	0
AF	0	0.173641	1	1	0	0	0	0	0
AF	0	0.173954	1	1	0	0	0	0	0
AF	0	0.174266	5	4	1	0	0	0	0
AF	0	0.174578	3	2	1	0	0	0	0
AF	0	0.174891	2	1	1	0	0	0	0
AF	0	0.175203	1	0	1	0	0	0	0
AF	0	0.175515	4	4	0	0	0	0	0
AF	0	0.175828	2	2	0	0	0	0	0
AF	0	0.176140	3	3	0	0	0	0	0
AF	0	0.176452	3	3	0	0	0	0	0
AF	0	0.176765	1	1	0	0	0	0	0
AF	0	0.177077	2	2	0	0	0	0	0
AF	0	0.177389	5	3	2	0	0	0	0
AF	0	0.177701	2	1	1	0	0	0	0
AF	0	0.178014	7	6	1	0	0	0	0
AF	0	0.178326	2	1	1	0	0	0	0
AF	0	0.178638	4	1	3	0	0	0	0
AF	0	0.178951	1	1	0	0	0	0	0
AF	0	0.179263	4	2	2	0	0	0	0
AF	0	0.179575	3	3	0	0	0	0	0
AF	0	0.179888	2	1	1	0	0	0	0
AF	0	0.180200	1	1	0	0	0	0	0
AF	0	0.180512	2	2	0	0	0	0	0
AF	0	0.180824	1	1	0	0	0	0	0
AF	0	0.181137	2	1	1	0	0	0	0
AF	0	0.181449	1	0	1	0	0	0	0
AF	0	0.181761	2	2	0	0	0	0	0
AF	0	0.182074	2	1	1	0	0	0	0
AF	0	0.182386	3	0	3	0	0	0	0
AF	0	0.182698	1	0	1	0	0	0	0
AF	0	0.183011	5	4	1	0	0	0	0
AF	0	0.183323	2	0	2	0	0	0	0
AF	0	0.183635	1	1	0	0	0	0	0
AF	0	0.183948	2	2	0	0	0	0	0
AF	0	0.184260	2	2	0	0	0	0	0
AF	0	0.184884	5	2	3	0	0	0	0
AF	0	0.185197	1	1	0	0	0	0	0
AF	0	0.185509	4	3	1	0	0	0	0
AF	0	0.185821	1	1	0	0	0	0	0
AF	0	0.186134	4	4	0	0	0	0	0
AF	0	0.186446	1	0	1	0	0	0	0
AF	0	0.186758	1	1	0	0	0	0	0
AF	0	0.187071	1	1	0	0	0	0	0
AF	0	0.187383	3	2	1	0	0	0	0
AF	0	0.187695	1	0	1	0	0	0	0
AF	0	0.188007	4	1	3	0	0	0	0
AF	0	0.188320	4	4	0	0	0	0	0
AF	0	0.188632	6	6	0	0	0	0	0
AF	0	0.188944	1	0	1	0	0	0	0
AF	0	0.189257	2	1	1	0	0	0	0
AF	0	0.189881	2	1	1	0	0	0	0
AF	0	0.190506	4	2	2	0	0	0	0
AF	0	0.190818	4	3	1	0	0	0	0
AF	0	0.191131	2	1	1	0	0	0	0
AF	0	0.191443	3	2	1	0	0	0	0
AF	0	0.191755	3	3	0	0	0	0	0
AF	0	0.192067	2	2	0	0	0	0	0
AF	0	0.192380	6	4	2	0	0	0	0
AF	0	0.192692	1	0	1	0	0	0	0
AF	0	0.193004	3	2	1	0	0	0	0
AF	0	0.193317	1	1	0	0	0	0	0
AF	0	0.193629	3	2	1	0	0	0	0
AF	0	0.193941	1	1	0	0	0	0	0
AF	0	0.194254	3	3	0	0	0	0	0
AF	0	0.194566	1	0	1	0	0	0	0
AF	0	0.194878	3	2	1	0	0	0	0
AF	0	0.195191	1	1	0	0	0	0	0
AF	0	0.195503	1	1	0	0	0	0	0
AF	0	0.195815	1	1	0	0	0	0	0
AF	0	0.196127	2	2	0	0	0	0	0
AF	0	0.196440	2	1	1	0	0	0	0
AF	0	0.196752	5	4	1	0	0	0	0
AF	0	0.197064	4	1	3	0	0	0	0
AF	0	0.197377	3	2	1	0	0	0	0
AF	0	0.197689	1	1	0	0	0	0	0
AF	0	0.198001	1	1	0	0	0	0	0
AF	0	0.198314	1	0	1	0	0	0	0
AF	0	0.198626	2	1	1	0	0	0	0
AF	0	0.198938	2	1	1	0	0	0	0
AF	0	0.199250	2	1	1	0	0	0	0
AF	0	0.199875	3	2	1	0	0	0	0
AF	0	0.200187	2	1	1	0	0	0	0
AF	0	0.200812	2	2	0	0	0	0	0
AF	0	0.201124	2	2	0	0	0	0	0
AF	0	0.201437	3	2	1	0	0	0	0
AF	0	0.201749	2	2	0	0	0	0	0
AF	0	0.202061	3	2	1	0	0	0	0
AF	0	0.202374	5	4	1	0	0	0	0
AF	0	0.202686	1	0	1	0	0	0	0
AF	0	0.202998	5	4	1	0	0	0	0
AF	0	0.203935	3	2	1	0	0	0	0
AF	0	0.204560	1	0	1	0	0	0	0
AF	0	0.204872	3	2	1	0	0	0	0
AF	0	0.205184	2	2	0	0	0	0	0
AF	0	0.205497	2	0	2	0	0	0	0
AF	0	0.205809	2	1	1	0	0	0	0
AF	0	0.206121	3	2	1	0	0	0	0
AF	0	0.206746	1	1	0	0	0	0	0
AF	0	0.207058	1	1	0	0	0	0	0
AF	0	0.207370	2	2	0	0	0	0	0
AF	0	0.207683	1	1	0	0	0	0	0
AF	0	0.207995	3	2	1	0	0	0	0
AF	0	0.208620	2	2	0	0	0	0	0
AF	0	0.208932	1	1	0	0	0	0	0
AF	0	0.209244	3	3	0	0	0	0	0
AF	0	0.209557	1	1	0	0	0	0	0
AF	0	0.209869	1	0	1	0	0	0	0
AF	0	0.210181	2	2	0	0	0	0	0
AF	0	0.210493	1	1	0	0	0	0	0
AF	0	0.210806	1	1	0	0	0	0	0
AF	0	0.211118	2	2	0	0	0	0	0
AF	0	0.211743	2	1	1	0	0	0	0
AF	0	0.212055	1	0	1	0	0	0	0
AF	0	0.212367	2	1	1	0	0	0	0
AF	0	0.213616	1	1	0	0	0	0	0
AF	0	0.213929	1	0	1	0	0	0	0
AF	0	0.214241	1	0	1	0	0	0	0
AF	0	0.214866	2	2	0	0	0	0	0
AF	0	0.215490	1	1	0	0	0	0	0
AF	0	0.216115	1	0	1	0	0	0	0
AF	0	0.217052	2	2	0	0	0	0	0
AF	0	0.217676	1	1	0	0	0	0	0
AF	0	0.217989	2	2	0	0	0	0	0
AF	0	0.218301	1	0	1	0	0	0	0
AF	0	0.218613	5	3	2	0	0	0	0
AF	0	0.219238	1	1	0	0	0	0	0
AF	0	0.219863	2	1	1	0	0	0	0
AF	0	0.220175	2	2	0	0	0	0	0
AF	0	0.220487	3	1	2	0	0	0	0
AF	0	0.221112	1	1	0	0	0	0	0
AF	0	0.221424	1	1	0	0	0	0	0
AF	0	0.221736	2	1	1	0	0	0	0
AF	0	0.222049	3	2	1	0	0	0	0
AF	0	0.222361	1	1	0	0	0	0	0
AF	0	0.222673	3	2	1	0	0	0	0
AF	0	0.223298	2	0	2	0	0	0	0
AF	0	0.223923	2	1	1	0	0	0	0
AF	0	0.225172	5	3	2	0	0	0	0
AF	0	0.225484	1	1	0	0	0	0	0
AF	0	0.225796	3	3	0	0	0	0	0
AF	0	0.226421	2	1	1	0	0	0	0
AF	0	0.227046	4	3	1	0	0	0	0
AF	0	0.227670	3	3	0	0	0	0	0
AF	0	0.227983	3	2	1	0	0	0	0
AF	0	0.228295	1	0	1	0	0	0	0
AF	0	0.228919	2	1	1	0	0	0	0
AF	0	0.229232	1	0	1	0	0	0	0
AF	0	0.229544	3	3	0	0	0	0	0
AF	0	0.229856	1	1	0	0	0	0	0
AF	0	0.230169	2	2	0	0	0	0	0
AF	0	0.230793	1	1	0	0	0	0	0
AF	0	0.231106	1	1	0	0	0	0	0
AF	0	0.231418	1	1	0	0	0	0	0
AF	0	0.231730	1	1	0	0	0	0	0
AF	0	0.232355	1	1	0	0	0	0	0
AF	0	0.232667	3	0	3	0	0	0	0
AF	0	0.232979	1	1	0	0	0	0	0
AF	0	0.233292	3	2	1	0	0	0	0
AF	0	0.233916	5	2	3	0	0	0	0
AF	0	0.234541	3	2	1	0	0	0	0
AF	0	0.234853	2	1	1	0	0	0	0
AF	0	0.235478	1	1	0	0	0	0	0
AF	0	0.235790	2	1	1	0	0	0	0
AF	0	0.236102	1	0	1	0	0	0	0
AF	0	0.236415	2	2	0	0	0	0	0
AF	0	0.237352	1	1	0	0	0	0	0
AF	0	0.238289	1	0	1	0	0	0	0
AF	0	0.238601	3	1	2	0	0	0	0
AF	0	0.238913	3	2	1	0	0	0	0
AF	0	0.239225	1	1	0	0	0	0	0
AF	0	0.239538	3	2	1	0	0	0	0
AF	0	0.240475	1	0	1	0	0	0	0
AF	0	0.240787	2	1	1	0	0	0	0
AF	0	0.241412	1	1	0	0	0	0	0
AF	0	0.242349	1	0	1	0	0	0	0
AF	0	0.242661	2	1	1	0	0	0	0
AF	0	0.243598	1	1	0	0	0	0	0
AF	0	0.243910	3	1	2	0	0	0	0
AF	0	0.244222	1	0	1	0	0	0	0
AF	0	0.244535	1	0	1	0	0	0	0
AF	0	0.244847	1	1	0	0	0	0	0
AF	0	0.245784	3	2	1	0	0	0	0
AF	0	0.246096	2	1	1	0	0	0	0
AF	0	0.246408	1	1	0	0	0	0	0
AF	0	0.247033	1	0	1	0	0	0	0
AF	0	0.247345	1	0	1	0	0	0	0
AF	0	0.247658	3	3	0	0	0	0	0
AF	0	0.247970	1	1	0	0	0	0	0
AF	0	0.248282	3	1	2	0	0	0	0
AF	0	0.248907	1	1	0	0	0	0	0
AF	0	0.249219	1	1	0	0	0	0	0
AF	0	0.249532	5	4	1	0	0	0	0
AF	0	0.250156	3	3	0	0	0	0	0
AF	0	0.250468	1	0	1	0	0	0	0
AF	0	0.250781	2	2	0	0	0	0	0
AF	0	0.251405	1	0	1	0	0	0	0
AF	0	0.251718	1	0	1	0	0	0	0
AF	0	0.252030	1	0	1	0	0	0	0
AF	0	0.252967	1	1	0	0	0	0	0
AF	0	0.253279	2	0	2	0	0	0	0
AF	0	0.253904	1	1	0	0	0	0	0
AF	0	0.254528	4	2	2	0	0	0	0
AF	0	0.255153	1	1	0	0	0	0	0
AF	0	0.255465	4	2	2	0	0	0	0
AF	0	0.255778	1	1	0	0	0	0	0
AF	0	0.256090	2	2	0	0	0	0	0
AF	0	0.257027	2	1	1	0	0	0	0
AF	0	0.257651	4	2	2	0	0	0	0
AF	0	0.257964	1	1	0	0	0	0	0
AF	0	0.258276	1	1	0	0	0	0	0
AF	0	0.258588	2	1	1	0	0	0	0
AF	0	0.258901	1	1	0	0	0	0	0
AF	0	0.259525	2	2	0	0	0	0	0
AF	0	0.260150	4	2	2	0	0	0	0
AF	0	0.261087	1	0	1	0	0	0	0
AF	0	0.261399	2	2	0	0	0	0	0
AF	0	0.262024	3	2	1	0	0	0	0
AF	0	0.262336	2	1	1	0	0	0	0
AF	0	0.262648	2	2	0	0	0	0	0
AF	0	0.262961	1	1	0	0	0	0	0
AF	0	0.263273	2	0	2	0	0	0	0
AF	0	0.263585	1	1	0	0	0	0	0
AF	0	0.263898	2	0	2	0	0	0	0
AF	0	0.264210	1	1	0	0	0	0	0
AF	0	0.264522	5	3	2	0	0	0	0
AF	0	0.265459	1	0	1	0	0	0	0
AF	0	0.265771	2	1	1	0	0	0	0
AF	0	0.266084	1	0	1	0	0	0	0
AF	0	0.266708	1	0	1	0	0	0	0
AF	0	0.267333	2	1	1	0	0	0	0
AF	0	0.267645	2	0	2	0	0	0	0
AF	0	0.267958	1	0	1	0	0	0	0
AF	0	0.268270	2	2	0	0	0	0	0
AF	0	0.268582	1	1	0	0	0	0	0
AF	0	0.268894	3	3	0	0	0	0	0
AF	0	0.269519	2	0	2	0	0	0	0
AF	0	0.270144	3	2	1	0	0	0	0
AF	0	0.270768	2	1	1	0	0	0	0
AF	0	0.271705	2	2	0	0	0	0	0
AF	0	0.272017	2	0	2	0	0	0	0
AF	0	0.272642	1	0	1	0	0	0	0
AF	0	0.272954	1	1	0	0	0	0	0
AF	0	0.273267	1	1	0	0	0	0	0
AF	0	0.273891	3	3	0	0	0	0	0
AF	0	0.274204	1	1	0	0	0	0	0
AF	0	0.274516	1	1	0	0	0	0	0
AF	0	0.275141	2	1	1	0	0	0	0
AF	0	0.275453	1	0	1	0	0	0	0
AF	0	0.275765	1	1	0	0	0	0	0
AF	0	0.276077	2	2	0	0	0	0	0
AF	0	0.276390	2	2	0	0	0	0	0
AF	0	0.276702	2	2	0	0	0	0	0
AF	0	0.277327	2	2	0	0	0	0	0
AF	0	0.277639	2	1	1	0	0	0	0
AF	0	0.277951	1	1	0	0	0	0	0
AF	0	0.278264	4	3	1	0	0	0	0
AF	0	0.278576	1	0	1	0	0	0	0
AF	0	0.278888	3	3	0	0	0	0	0
AF	0	0.279200	2	1	1	0	0	0	0
AF	0	0.279513	1	1	0	0	0	0	0
AF	0	0.279825	1	0	1	0	0	0	0
AF	0	0.280137	4	1	3	0	0	0	0
AF	0	0.280450	2	1	1	0	0	0	0
AF	0	0.280762	1	1	0	0	0	0	0
AF	0	0.281387	4	4	0	0	0	0	0
AF	0	0.282011	4	3	1	0	0	0	0
AF	0	0.282324	1	0	1	0	0	0	0
AF	0	0.282636	2	2	0	0	0	0	0
AF	0	0.282948	2	0	2	0	0	0	0
AF	0	0.283260	2	2	0	0	0	0	0
AF	0	0.284197	1	0	1	0	0	0	0
AF	0	0.284510	1	0	1	0	0	0	0
AF	0	0.285134	2	2	0	0	0	0	0
AF	0	0.285447	1	0	1	0	0	0	0
AF	0	0.286071	2	2	0	0	0	0	0
AF	0	0.286384	1	1	0	0	0	0	0
AF	0	0.286696	1	1	0	0	0	0	0
AF	0	0.287008	2	2	0	0	0	0	0
AF	0	0.287320	1	1	0	0	0	0	0
AF	0	0.287633	2	1	1	0	0	0	0
AF	0	0.287945	2	0	2	0	0	0	0
AF	0	0.288882	2	1	1	0	0	0	0
AF	0	0.290443	1	1	0	0	0	0	0
AF	0	0.290756	2	2	0	0	0	0	0
AF	0	0.291068	2	2	0	0	0	0	0
AF	0	0.291380	3	1	2	0	0	0	0
AF	0	0.291693	1	1	0	0	0	0	0
AF	0	0.292005	1	1	0	0	0	0	0
AF	0	0.292317	1	1	0	0	0	0	0
AF	0	0.292630	3	3	0	0	0	0	0
AF	0	0.293254	2	0	2	0	0	0	0
AF	0	0.293567	1	1	0	0	0	0	0
AF	0	0.294191	1	1	0	0	0	0	0
AF	0	0.294503	1	1	0	0	0	0	0
AF	0	0.294816	2	1	1	0	0	0	0
AF	0	0.295128	3	3	0	0	0	0	0
AF	0	0.295440	1	1	0	0	0	0	0
AF	0	0.295753	3	2	1	0	0	0	0
AF	0	0.296377	1	1	0	0	0	0	0
AF	0	0.297314	1	1	0	0	0	0	0
AF	0	0.297626	2	2	0	0	0	0	0
AF	0	0.297939	2	2	0	0	0	0	0
AF	0	0.298251	3	2	1	0	0	0	0
AF	0	0.298563	2	2	0	0	0	0	0
AF	0	0.298876	1	1	0	0	0	0	0
AF	0	0.299813	1	1	0	0	0	0	0
AF	0	0.300125	2	1	1	0	0	0	0
AF	0	0.300750	1	1	0	0	0	0	0
AF	0	0.301374	4	2	2	0	0	0	0
AF	0	0.301686	1	1	0	0	0	0	0
AF	0	0.301999	1	0	1	0	0	0	0
AF	0	0.302311	1	1	0	0	0	0	0
AF	0	0.302623	1	0	1	0	0	0	0
AF	0	0.302936	2	0	2	0	0	0	0
AF	0	0.303248	1	1	0	0	0	0	0
AF	0	0.303560	1	0	1	0	0	0	0
AF	0	0.303873	6	5	1	0	0	0	0
AF	0	0.304185	1	1	0	0	0	0	0
AF	0	0.304497	2	1	1	0	0	0	0
AF	0	0.304809	3	0	3	0	0	0	0
AF	0	0.305122	2	1	1	0	0	0	0
AF	0	0.305434	1	1	0	0	0	0	0
AF	0	0.305746	3	1	2	0	0	0	0
AF	0	0.306371	2	0	2	0	0	0	0
AF	0	0.306683	2	2	0	0	0	0	0
AF	0	0.306996	2	0	2	0	0	0	0
AF	0	0.307308	4	2	2	0	0	0	0
AF	0	0.307620	5	3	2	0	0	0	0
AF	0	0.307933	1	0	1	0	0	0	0
AF	0	0.308245	4	2	2	0	0	0	0
AF	0	0.308557	2	1	1	0	0	0	0
AF	0	0.308869	2	0	2	0	0	0	0
AF	0	0.309494	2	1	1	0	0	0	0
AF	0	0.309806	1	1	0	0	0	0	0
AF	0	0.310119	1	1	0	0	0	0	0
AF	0	0.310431	2	0	2	0	0	0	0
AF	0	0.310743	3	2	1	0	0	0	0
AF	0	0.311056	2	2	0	0	0	0	0
AF	0	0.311368	1	1	0	0	0	0	0
AF	0	0.311993	1	1	0	0	0	0	0
AF	0	0.312617	2	1	1	0	0	0	0
AF	0	0.312929	2	2	0	0	0	0	0
AF	0	0.313242	3	1	2	0	0	0	0
AF	0	0.313866	4	3	1	0	0	0	0
AF	0	0.314179	3	3	0	0	0	0	0
AF	0	0.314803	1	0	1	0	0	0	0
AF	0	0.315116	4	3	1	0	0	0	0
AF	0	0.315428	1	0	1	0	0	0	0
AF	0	0.315740	2	2	0	0	0	0	0
AF	0	0.316365	1	0	1	0	0	0	0
AF	0	0.316677	3	2	1	0	0	0	0
AF	0	0.316989	4	3	1	0	0	0	0
AF	0	0.317302	1	1	0	0	0	0	0
AF	0	0.317614	1	1	0	0	0	0	0
AF	0	0.318551	2	1	1	0	0	0	0
AF	0	0.318863	1	0	1	0	0	0	0
AF	0	0.320112	1	1	0	0	0	0	0
AF	0	0.320425	1	1	0	0	0	0	0
AF	0	0.320737	1	0	1	0	0	0	0
AF	0	0.321674	2	0	2	0	0	0	0
AF	0	0.322299	2	1	1	0	0	0	0
AF	0	0.322611	1	1	0	0	0	0	0
AF	0	0.322923	1	1	0	0	0	0	0
AF	0	0.323235	2	0	2	0	0	0	0
AF	0	0.323860	3	3	0	0	0	0	0
AF	0	0.324172	2	1	1	0	0	0	0
AF	0	0.324485	1	0	1	0	0	0	0
AF	0	0.326359	1	1	0	0	0	0	0
AF	0	0.326983	1	1	0	0	0	0	0
AF	0	0.327295	1	0	1	0	0	0	0
AF	0	0.328545	1	0	1	0	0	0	0
AF	0	0.329169	1	0	1	0	0	0	0
AF	0	0.329482	1	1	0	0	0	0	0
AF	0	0.329794	2	2	0	0	0	0	0
AF	0	0.330418	2	1	1	0	0	0	0
AF	0	0.331355	2	1	1	0	0	0	0
AF	0	0.331668	3	1	2	0	0	0	0
AF	0	0.333542	2	1	1	0	0	0	0
AF	0	0.334166	3	2	1	0	0	0	0
AF	0	0.334791	2	1	1	0	0	0	0
AF	0	0.335415	2	1	1	0	0	0	0
AF	0	0.336040	3	3	0	0	0	0	0
AF	0	0.336665	4	3	1	0	0	0	0
AF	0	0.337289	1	0	1	0	0	0	0
AF	0	0.337601	1	0	1	0	0	0	0
AF	0	0.337914	1	0	1	0	0	0	0
AF	0	0.338226	2	2	0	0	0	0	0
AF	0	0.338538	2	1	1	0	0	0	0
AF	0	0.339788	7	5	2	0	0	0	0
AF	0	0.340412	2	2	0	0	0	0	0
AF	0	0.340725	2	2	0	0	0	0	0
AF	0	0.341037	3	2	1	0	0	0	0
AF	0	0.341661	2	2	0	0	0	0	0
AF	0	0.341974	1	1	0	0	0	0	0
AF	0	0.342598	2	2	0	0	0	0	0
AF	0	0.342911	1	1	0	0	0	0	0
AF	0	0.343223	1	1	0	0	0	0	0
AF	0	0.343848	1	1	0	0	0	0	0
AF	0	0.344160	1	0	1	0	0	0	0
AF	0	0.345097	1	1	0	0	0	0	0
AF	0	0.345721	1	1	0	0	0	0	0
AF	0	0.346034	1	1	0	0	0	0	0
AF	0	0.346658	1	0	1	0	0	0	0
AF	0	0.346971	2	2	0	0	0	0	0
AF	0	0.347595	1	1	0	0	0	0	0
AF	0	0.347908	2	2	0	0	0	0	0
AF	0	0.348220	3	3	0	0	0	0	0
AF	0	0.348532	2	1	1	0	0	0	0
AF	0	0.348844	1	1	0	0	0	0	0
AF	0	0.349157	1	1	0	0	0	0	0
AF	0	0.349469	2	0	2	0	0	0	0
AF	0	0.349781	2	2	0	0	0	0	0
AF	0	0.351968	1	1	0	0	0	0	0
AF	0	0.352280	2	2	0	0	0	0	0
AF	0	0.352592	1	0	1	0	0	0	0
AF	0	0.354154	1	1	0	0	0	0	0
AF	0	0.354778	3	2	1	0	0	0	0
AF	0	0.355403	1	1	0	0	0	0	0
AF	0	0.355715	1	1	0	0	0	0	0
AF	0	0.356027	1	1	0	0	0	0	0
AF	0	0.356340	1	1	0	0	0	0	0
AF	0	0.356652	1	0	1	0	0	0	0
AF	0	0.356964	1	0	1	0	0	0	0
AF	0	0.357277	2	1	1	0	0	0	0
AF	0	0.358526	1	1	0	0	0	0	0
AF	0	0.358838	1	1	0	0	0	0	0
AF	0	0.359775	3	2	1	0	0	0	0
AF	0	0.360400	3	1	2	0	0	0	0
AF	0	0.361024	2	1	1	0	0	0	0
AF	0	0.361337	1	1	0	0	0	0	0
AF	0	0.361649	2	1	1	0	0	0	0
AF	0	0.362274	1	1	0	0	0	0	0
AF	0	0.362586	1	1	0	0	0	0	0
AF	0	0.362898	2	2	0	0	0	0	0
AF	0	0.363210	3	3	0	0	0	0	0
AF	0	0.363523	1	1	0	0	0	0	0
AF	0	0.364147	5	4	1	0	0	0	0
AF	0	0.366646	2	2	0	0	0	0	0
AF	0	0.367583	1	1	0	0	0	0	0
AF	0	0.367895	1	1	0	0	0	0	0
AF	0	0.368207	1	1	0	0	0	0	0
AF	0	0.368520	1	1	0	0	0	0	0
AF	0	0.369144	1	1	0	0	0	0	0
AF	0	0.369769	1	0	1	0	0	0	0
AF	0	0.371643	2	2	0	0	0	0	0
AF	0	0.372267	2	1	1	0	0	0	0
AF	0	0.372580	1	0	1	0	0	0	0
AF	0	0.372892	2	2	0	0	0	0	0
AF	0	0.373204	1	1	0	0	0	0	0
AF	0	0.373517	1	1	0	0	0	0	0
AF	0	0.374766	1	0	1	0	0	0	0
AF	0	0.375078	2	2	0	0	0	0	0
AF	0	0.376015	1	1	0	0	0	0	0
AF	0	0.376952	1	1	0	0	0	0	0
AF	0	0.377264	3	3	0	0	0	0	0
AF	0	0.378201	1	1	0	0	0	0	0
AF	0	0.378513	2	1	1	0	0	0	0
AF	0	0.379138	2	1	1	0	0	0	0
AF	0	0.379450	1	1	0	0	0	0	0
AF	0	0.380075	1	1	0	0	0	0	0
AF	0	0.380700	1	1	0	0	0	0	0
AF	0	0.381012	5	2	3	0	0	0	0
AF	0	0.381324	2	2	0	0	0	0	0
AF	0	0.381636	1	1	0	0	0	0	0
AF	0	0.382886	1	0	1	0	0	0	0
AF	0	0.383198	1	1	0	0	0	0	0
AF	0	0.383510	2	2	0	0	0	0	0
AF	0	0.385072	1	1	0	0	0	0	0
AF	0	0.385696	1	1	0	0	0	0	0
AF	0	0.386321	3	1	2	0	0	0	0
AF	0	0.386633	1	1	0	0	0	0	0
AF	0	0.387258	1	1	0	0	0	0	0
AF	0	0.387883	1	1	0	0	0	0	0
AF	0	0.388195	1	1	0	0	0	0	0
AF	0	0.388507	1	0	1	0	0	0	0
AF	0	0.389132	1	1	0	0	0	0	0
AF	0	0.389444	1	0	1	0	0	0	0
AF	0	0.389756	4	2	2	0	0	0	0
AF	0	0.390381	1	1	0	0	0	0	0
AF	0	0.391006	2	2	0	0	0	0	0
AF	0	0.391630	1	0	1	0	0	0	0
AF	0	0.392255	1	0	1	0	0	0	0
AF	0	0.392879	2	1	1	0	0	0	0
AF	0	0.393504	1	1	0	0	0	0	0
AF	0	0.394753	1	0	1	0	0	0	0
AF	0	0.395378	4	3	1	0	0	0	0
AF	0	0.397252	1	1	0	0	0	0	0
AF	0	0.398189	1	1	0	0	0	0	0
AF	0	0.398501	2	0	2	0	0	0	0
AF	0	0.398813	1	1	0	0	0	0	0
AF	0	0.399126	2	0	2	0	0	0	0
AF	0	0.400375	1	0	1	0	0	0	0
AF	0	0.400999	3	1	2	0	0	0	0
AF	0	0.402249	1	0	1	0	0	0	0
AF	0	0.402561	1	1	0	0	0	0	0
AF	0	0.402873	3	2	1	0	0	0	0
AF	0	0.403810	2	1	1	0	0	0	0
AF	0	0.404435	1	1	0	0	0	0	0
AF	0	0.404747	1	1	0	0	0	0	0
AF	0	0.405059	2	0	2	0	0	0	0
AF	0	0.405372	3	1	2	0	0	0	0
AF	0	0.405996	1	1	0	0	0	0	0
AF	0	0.406309	1	1	0	0	0	0	0
AF	0	0.407245	1	1	0	0	0	0	0
AF	0	0.407558	2	1	1	0	0	0	0
AF	0	0.407870	1	1	0	0	0	0	0
AF	0	0.408807	1	0	1	0	0	0	0
AF	0	0.409119	1	1	0	0	0	0	0
AF	0	0.409432	1	1	0	0	0	0	0
AF	0	0.409744	2	2	0	0	0	0	0
AF	0	0.410056	1	1	0	0	0	0	0
AF	0	0.410993	2	2	0	0	0	0	0
AF	0	0.411305	3	3	0	0	0	0	0
AF	0	0.411930	2	2	0	0	0	0	0
AF	0	0.412242	1	0	1	0	0	0	0
AF	0	0.412555	1	1	0	0	0	0	0
AF	0	0.412867	1	1	0	0	0	0	0
AF	0	0.413492	2	1	1	0	0	0	0
AF	0	0.413804	1	1	0	0	0	0	0
AF	0	0.414428	1	1	0	0	0	0	0
AF	0	0.414741	1	1	0	0	0	0	0
AF	0	0.415990	1	1	0	0	0	0	0
AF	0	0.416615	1	0	1	0	0	0	0
AF	0	0.416927	1	1	0	0	0	0	0
AF	0	0.417239	4	1	3	0	0	0	0
AF	0	0.417552	1	1	0	0	0	0	0
AF	0	0.418176	1	0	1	0	0	0	0
AF	0	0.419113	4	3	1	0	0	0	0
AF	0	0.419425	1	0	1	0	0	0	0
AF	0	0.419738	4	3	1	0	0	0	0
AF	0	0.420050	1	0	1	0	0	0	0
AF	0	0.420362	1	0	1	0	0	0	0
AF	0	0.420675	1	1	0	0	0	0	0
AF	0	0.421299	3	2	1	0	0	0	0
AF	0	0.422236	2	1	1	0	0	0	0
AF	0	0.422548	1	1	0	0	0	0	0
AF	0	0.422861	1	1	0	0	0	0	0
AF	0	0.423173	1	1	0	0	0	0	0
AF	0	0.424735	1	0	1	0	0	0	0
AF	0	0.425359	2	2	0	0	0	0	0
AF	0	0.425984	1	1	0	0	0	0	0
AF	0	0.426608	1	1	0	0	0	0	0
AF	0	0.427233	1	0	1	0	0	0	0
AF	0	0.427545	1	1	0	0	0	0	0
AF	0	0.428482	3	3	0	0	0	0	0
AF	0	0.429419	1	0	1	0	0	0	0
AF	0	0.429731	2	2	0	0	0	0	0
AF	0	0.430044	2	2	0	0	0	0	0
AF	0	0.430356	2	2	0	0	0	0	0
AF	0	0.430668	1	1	0	0	0	0	0
AF	0	0.431605	1	1	0	0	0	0	0
AF	0	0.432230	1	1	0	0	0	0	0
AF	0	0.432854	2	2	0	0	0	0	0
AF	0	0.433167	1	0	1	0	0	0	0
AF	0	0.433479	3	3	0	0	0	0	0
AF	0	0.434416	1	1	0	0	0	0	0
AF	0	0.434728	1	1	0	0	0	0	0
AF	0	0.435978	1	0	1	0	0	0	0
AF	0	0.436290	1	1	0	0	0	0	0
AF	0	0.437851	1	1	0	0	0	0	0
AF	0	0.438476	2	1	1	0	0	0	0
AF	0	0.439725	2	1	1	0	0	0	0
AF	0	0.440037	2	1	1	0	0	0	0
AF	0	0.440350	1	1	0	0	0	0	0
AF	0	0.441599	1	1	0	0	0	0	0
AF	0	0.441911	2	2	0	0	0	0	0
AF	0	0.443161	2	2	0	0	0	0	0
AF	0	0.443785	1	1	0	0	0	0	0
AF	0	0.445347	1	1	0	0	0	0	0
AF	0	0.445971	1	1	0	0	0	0	0
AF	0	0.446596	1	1	0	0	0	0	0
AF	0	0.446908	2	1	1	0	0	0	0
AF	0	0.447845	1	1	0	0	0	0	0
AF	0	0.448157	1	1	0	0	0	0	0
AF	0	0.448470	2	2	0	0	0	0	0
AF	0	0.448782	2	2	0	0	0	0	0
AF	0	0.449407	3	2	1	0	0	0	0
AF	0	0.449719	1	1	0	0	0	0	0
AF	0	0.450656	1	1	0	0	0	0	0
AF	0	0.451280	1	1	0	0	0	0	0
AF	0	0.451905	1	1	0	0	0	0	0
AF	0	0.453779	3	2	1	0	0	0	0
AF	0	0.454403	2	2	0	0	0	0	0
AF	0	0.455340	1	0	1	0	0	0	0
AF	0	0.455653	2	1	1	0	0	0	0
AF	0	0.456277	2	1	1	0	0	0	0
AF	0	0.456590	1	1	0	0	0	0	0
AF	0	0.456902	3	2	1	0	0	0	0
AF	0	0.457527	1	0	1	0	0	0	0
AF	0	0.459088	1	0	1	0	0	0	0
AF	0	0.460650	2	2	0	0	0	0	0
AF	0	0.461587	1	0	1	0	0	0	0
AF	0	0.462211	1	1	0	0	0	0	0
AF	0	0.462523	3	1	2	0	0	0	0
AF	0	0.462836	1	0	1	0	0	0	0
AF	0	0.463148	1	0	1	0	0	0	0
AF	0	0.463460	2	2	0	0	0	0	0
AF	0	0.464085	1	1	0	0	0	0	0
AF	0	0.464397	1	0	1	0	0	0	0
AF	0	0.465022	1	0	1	0	0	0	0
AF	0	0.465959	1	1	0	0	0	0	0
AF	0	0.466271	1	1	0	0	0	0	0
AF	0	0.466583	1	1	0	0	0	0	0
AF	0	0.466896	2	2	0	0	0	0	0
AF	0	0.467208	3	2	1	0	0	0	0
AF	0	0.467520	2	1	1	0	0	0	0
AF	0	0.467833	1	0	1	0	0	0	0
AF	0	0.468145	5	3	2	0	0	0	0
AF	0	0.468457	1	1	0	0	0	0	0
AF	0	0.468770	2	2	0	0	0	0	0
AF	0	0.469082	1	1	0	0	0	0	0
AF	0	0.469394	1	0	1	0	0	0	0
AF	0	0.469706	1	1	0	0	0	0	0
AF	0	0.470331	1	1	0	0	0	0	0
AF	0	0.470643	1	0	1	0	0	0	0
AF	0	0.471893	1	0	1	0	0	0	0
AF	0	0.472205	1	1	0	0	0	0	0
AF	0	0.473142	2	2	0	0	0	0	0
AF	0	0.474391	1	1	0	0	0	0	0
AF	0	0.475016	5	2	3	0	0	0	0
AF	0	0.475640	1	1	0	0	0	0	0
AF	0	0.476889	2	1	1	0	0	0	0
AF	0	0.477202	1	1	0	0	0	0	0
AF	0	0.477826	1	1	0	0	0	0	0
AF	0	0.478139	1	0	1	0	0	0	0
AF	0	0.478451	1	1	0	0	0	0	0
AF	0	0.478763	2	2	0	0	0	0	0
AF	0	0.479076	2	2	0	0	0	0	0
AF	0	0.479388	2	0	2	0	0	0	0
AF	0	0.479700	2	1	1	0	0	0	0
AF	0	0.480325	1	1	0	0	0	0	0
AF	0	0.480637	2	1	1	0	0	0	0
AF	0	0.481262	1	0	1	0	0	0	0
AF	0	0.481574	2	1	1	0	0	0	0
AF	0	0.483760	1	1	0	0	0	0	0
AF	0	0.485009	1	0	1	0	0	0	0
AF	0	0.485634	6	5	1	0	0	0	0
AF	0	0.485946	1	1	0	0	0	0	0
AF	0	0.486259	3	0	3	0	0	0	0
AF	0	0.487508	3	2	1	0	0	0	0
AF	0	0.487820	1	1	0	0	0	0	0
AF	0	0.489382	1	1	0	0	0	0	0
AF	0	0.489694	2	2	0	0	0	0	0
AF	0	0.490631	2	1	1	0	0	0	0
AF	0	0.490943	1	0	1	0	0	0	0
AF	0	0.491255	1	1	0	0	0	0	0
AF	0	0.491880	2	2	0	0	0	0	0
AF	0	0.492192	2	1	1	0	0	0	0
AF	0	0.492505	1	1	0	0	0	0	0
AF	0	0.493129	1	1	0	0	0	0	0
AF	0	0.494379	2	1	1	0	0	0	0
AF	0	0.495315	1	0	1	0	0	0	0
AF	0	0.495628	3	1	2	0	0	0	0
AF	0	0.495940	2	1	1	0	0	0	0
AF	0	0.496252	1	0	1	0	0	0	0
AF	0	0.496565	1	1	0	0	0	0	0
AF	0	0.496877	1	0	1	0	0	0	0
AF	0	0.497189	1	1	0	0	0	0	0
AF	0	0.498126	2	1	1	0	0	0	0
AF	0	0.498438	1	1	0	0	0	0	0
AF	0	0.499375	2	1	1	0	0	0	0
AF	0	0.499688	1	0	1	0	0	0	0
AF	0	0.500000	1	1	0	0	0	0	0
AF	0	0.500312	1	0	1	0	0	0	0
AF	0	0.500625	1	0	1	0	0	0	0
AF	0	0.501249	1	0	1	0	0	0	0
AF	0	0.501562	1	1	0	0	0	0	0
AF	0	0.501874	1	1	0	0	0	0	0
AF	0	0.502498	3	2	1	0	0	0	0
AF	0	0.502811	1	1	0	0	0	0	0
AF	0	0.503123	1	0	1	0	0	0	0
AF	0	0.505934	1	1	0	0	0	0	0
AF	0	0.506246	3	1	2	0	0	0	0
AF	0	0.506558	1	1	0	0	0	0	0
AF	0	0.506871	1	1	0	0	0	0	0
AF	0	0.507183	1	1	0	0	0	0	0
AF	0	0.507808	1	0	1	0	0	0	0
AF	0	0.508120	4	2	2	0	0	0	0
AF	0	0.508432	2	1	1	0	0	0	0
AF	0	0.508745	1	0	1	0	0	0	0
AF	0	0.509057	1	1	0	0	0	0	0
AF	0	0.509369	3	1	2	0	0	0	0
AF	0	0.509681	1	0	1	0	0	0	0
AF	0	0.510618	2	2	0	0	0	0	0
AF	0	0.511555	1	1	0	0	0	0	0
AF	0	0.511868	2	2	0	0	0	0	0
AF	0	0.512180	1	1	0	0	0	0	0
AF	0	0.512492	2	0	2	0	0	0	0
AF	0	0.512804	2	2	0	0	0	0	0
AF	0	0.513117	1	0	1	0	0	0	0
AF	0	0.513429	2	0	2	0	0	0	0
AF	0	0.514366	2	2	0	0	0	0	0
AF	0	0.515303	3	3	0	0	0	0	0
AF	0	0.515615	3	0	3	0	0	0	0
AF	0	0.515928	2	1	1	0	0	0	0
AF	0	0.516240	2	2	0	0	0	0	0
AF	0	0.516864	3	1	2	0	0	0	0
AF	0	0.517177	1	1	0	0	0	0	0
AF	0	0.518114	1	1	0	0	0	0	0
AF	0	0.518426	2	2	0	0	0	0	0
AF	0	0.519051	1	0	1	0	0	0	0
AF	0	0.519363	2	1	1	0	0	0	0
AF	0	0.519988	2	2	0	0	0	0	0
AF	0	0.520300	2	2	0	0	0	0	0
AF	0	0.520924	1	0	1	0	0	0	0
AF	0	0.521237	3	2	1	0	0	0	0
AF	0	0.521549	1	1	0	0	0	0	0
AF	0	0.522486	2	1	1	0	0	0	0
AF	0	0.523111	2	2	0	0	0	0	0
AF	0	0.523735	1	1	0	0	0	0	0
AF	0	0.524672	1	0	1	0	0	0	0
AF	0	0.524984	2	2	0	0	0	0	0
AF	0	0.525297	2	1	1	0	0	0	0
AF	0	0.525609	1	0	1	0	0	0	0
AF	0	0.525921	2	2	0	0	0	0	0
AF	0	0.526234	2	0	2	0	0	0	0
AF	0	0.526546	1	0	1	0	0	0	0
AF	0	0.528107	1	0	1	0	0	0	0
AF	0	0.528732	2	1	1	0	0	0	0
AF	0	0.529981	2	1	1	0	0	0	0
AF	0	0.531230	4	3	1	0	0	0	0
AF	0	0.531855	1	0	1	0	0	0	0
AF	0	0.532167	1	1	0	0	0	0	0
AF	0	0.534041	1	1	0	0	0	0	0
AF	0	0.534354	1	1	0	0	0	0	0
AF	0	0.534666	2	1	1	0	0	0	0
AF	0	0.534978	2	1	1	0	0	0	0
AF	0	0.535603	1	0	1	0	0	0	0
AF	0	0.536227	1	0	1	0	0	0	0
AF	0	0.536540	1	0	1	0	0	0	0
AF	0	0.536852	1	1	0	0	0	0	0
AF	0	0.537477	1	0	1	0	0	0	0
AF	0	0.538101	1	0	1	0	0	0	0
AF	0	0.538413	1	0	1	0	0	0	0
AF	0	0.539663	2	0	2	0	0	0	0
AF	0	0.539975	1	1	0	0	0	0	0
AF	0	0.540600	1	1	0	0	0	0	0
AF	0	0.540912	1	1	0	0	0	0	0
AF	0	0.541224	1	1	0	0	0	0	0
AF	0	0.542161	3	3	0	0	0	0	0
AF	0	0.542473	2	2	0	0	0	0	0
AF	0	0.542786	2	0	2	0	0	0	0
AF	0	0.543098	1	1	0	0	0	0	0
AF	0	0.543410	1	1	0	0	0	0	0
AF	0	0.543723	2	1	1	0	0	0	0
AF	0	0.544347	1	0	1	0	0	0	0
AF	0	0.544972	1	1	0	0	0	0	0
AF	0	0.545284	1	1	0	0	0	0	0
AF	0	0.545597	2	0	2	0	0	0	0
AF	0	0.546221	2	1	1	0	0	0	0
AF	0	0.547158	1	1	0	0	0	0	0
AF	0	0.548095	2	1	1	0	0	0	0
AF	0	0.548720	1	1	0	0	0	0	0
AF	0	0.549344	1	1	0	0	0	0	0
AF	0	0.549969	1	1	0	0	0	0	0
AF	0	0.551218	1	1	0	0	0	0	0
AF	0	0.551530	1	0	1	0	0	0	0
AF	0	0.551843	1	0	1	0	0	0	0
AF	0	0.552155	1	0	1	0	0	0	0
AF	0	0.552467	1	1	0	0	0	0	0
AF	0	0.552780	1	1	0	0	0	0	0
AF	0	0.553092	2	1	1	0	0	0	0
AF	0	0.553404	1	1	0	0	0	0	0
AF	0	0.554341	2	1	1	0	0	0	0
AF	0	0.554966	1	1	0	0	0	0	0
AF	0	0.555278	1	1	0	0	0	0	0
AF	0	0.555903	1	0	1	0	0	0	0
AF	0	0.556839	1	1	0	0	0	0	0
AF	0	0.557152	1	1	0	0	0	0	0
AF	0	0.557776	1	0	1	0	0	0	0
AF	0	0.558089	2	1	1	0	0	0	0
AF	0	0.558401	1	1	0	0	0	0	0
AF	0	0.558713	1	1	0	0	0	0	0
AF	0	0.559026	1	1	0	0	0	0	0
AF	0	0.561524	1	1	0	0	0	0	0
AF	0	0.561836	1	1	0	0	0	0	0
AF	0	0.562773	1	1	0	0	0	0	0
AF	0	0.563086	1	0	1	0	0	0	0
AF	0	0.563398	1	1	0	0	0	0	0
AF	0	0.566521	1	1	0	0	0	0	0
AF	0	0.566833	1	0	1	0	0	0	0
AF	0	0.567146	1	1	0	0	0	0	0
AF	0	0.567458	1	1	0	0	0	0	0
AF	0	0.567770	1	0	1	0	0	0	0
AF	0	0.569644	3	0	3	0	0	0	0
AF	0	0.571518	1	0	1	0	0	0	0
AF	0	0.574016	1	1	0	0	0	0	0
AF	0	0.575265	1	1	0	0	0	0	0
AF	0	0.577139	1	0	1	0	0	0	0
AF	0	0.579325	2	0	2	0	0	0	0
AF	0	0.579638	1	1	0	0	0	0	0
AF	0	0.580262	1	1	0	0	0	0	0
AF	0	0.580575	1	0	1	0	0	0	0
AF	0	0.581199	1	1	0	0	0	0	0
AF	0	0.582136	2	2	0	0	0	0	0
AF	0	0.582761	2	2	0	0	0	0	0
AF	0	0.583073	1	0	1	0	0	0	0
AF	0	0.584010	1	1	0	0	0	0	0
AF	0	0.584322	2	1	1	0	0	0	0
AF	0	0.584635	1	1	0	0	0	0	0
AF	0	0.584947	2	1	1	0	0	0	0
AF	0	0.588382	1	1	0	0	0	0	0
AF	0	0.589319	1	1	0	0	0	0	0
AF	0	0.590256	1	1	0	0	0	0	0
AF	0	0.590881	1	1	0	0	0	0	0
AF	0	0.591193	1	1	0	0	0	0	0
AF	0	0.591505	2	1	1	0	0	0	0
AF	0	0.592755	1	1	0	0	0	0	0
AF	0	0.593691	1	1	0	0	0	0	0
AF	0	0.594004	2	1	1	0	0	0	0
AF	0	0.596502	2	2	0	0	0	0	0
AF	0	0.597127	1	1	0	0	0	0	0
AF	0	0.597751	1	1	0	0	0	0	0
AF	0	0.598688	1	1	0	0	0	0	0
AF	0	0.599001	1	0	1	0	0	0	0
AF	0	0.601499	2	0	2	0	0	0	0
AF	0	0.603685	1	1	0	0	0	0	0
AF	0	0.604934	3	1	2	0	0	0	0
AF	0	0.605247	3	2	1	0	0	0	0
AF	0	0.605871	1	1	0	0	0	0	0
AF	0	0.606184	1	0	1	0	0	0	0
AF	0	0.606496	1	0	1	0	0	0	0
AF	0	0.607121	1	1	0	0	0	0	0
AF	0	0.607745	1	1	0	0	0	0	0
AF	0	0.608370	1	1	0	0	0	0	0
AF	0	0.611805	1	1	0	0	0	0	0
AF	0	0.612430	1	1	0	0	0	0	0
AF	0	0.612742	1	1	0	0	0	0	0
AF	0	0.616802	1	0	1	0	0	0	0
AF	0	0.617114	1	1	0	0	0	0	0
AF	0	0.617739	1	0	1	0	0	0	0
AF	0	0.618364	1	0	1	0	0	0	0
AF	0	0.618676	1	0	1	0	0	0	0
AF	0	0.620237	2	2	0	0	0	0	0
AF	0	0.620550	1	1	0	0	0	0	0
AF	0	0.622423	1	0	1	0	0	0	0
AF	0	0.623360	1	1	0	0	0	0	0
AF	0	0.625234	3	3	0	0	0	0	0
AF	0	0.625547	1	0	1	0	0	0	0
AF	0	0.625859	1	1	0	0	0	0	0
AF	0	0.627108	1	0	1	0	0	0	0
AF	0	0.627733	1	1	0	0	0	0	0
AF	0	0.628357	1	0	1	0	0	0	0
AF	0	0.628670	1	1	0	0	0	0	0
AF	0	0.628982	1	1	0	0	0	0	0
AF	0	0.629294	1	1	0	0	0	0	0
AF	0	0.629606	1	1	0	0	0	0	0
AF	0	0.629919	1	1	0	0	0	0	0
AF	0	0.631480	1	1	0	0	0	0	0
AF	0	0.633354	1	0	1	0	0	0	0
AF	0	0.633979	1	1	0	0	0	0	0
AF	0	0.637726	2	1	1	0	0	0	0
AF	0	0.638976	1	0	1	0	0	0	0
AF	0	0.640225	1	1	0	0	0	0	0
AF	0	0.640849	2	2	0	0	0	0	0
AF	0	0.641474	2	2	0	0	0	0	0
AF	0	0.642099	1	0	1	0	0	0	0
AF	0	0.643973	2	0	2	0	0	0	0
AF	0	0.644597	2	0	2	0	0	0	0
AF	0	0.645222	1	1	0	0	0	0	0
AF	0	0.645846	1	1	0	0	0	0	0
AF	0	0.648345	2	1	1	0	0	0	0
AF	0	0.649282	1	1	0	0	0	0	0
AF	0	0.650219	2	1	1	0	0	0	0
AF	0	0.651156	1	0	1	0	0	0	0
AF	0	0.651780	1	0	1	0	0	0	0
AF	0	0.653029	1	1	0	0	0	0	0
AF	0	0.653654	1	0	1	0	0	0	0
AF	0	0.653966	2	0	2	0	0	0	0
AF	0	0.654903	1	1	0	0	0	0	0
AF	0	0.655840	1	0	1	0	0	0	0
AF	0	0.656152	2	0	2	0	0	0	0
AF	0	0.657089	2	1	1	0	0	0	0
AF	0	0.657714	2	2	0	0	0	0	0
AF	0	0.658026	1	1	0	0	0	0	0
AF	0	0.658651	2	2	0	0	0	0	0
AF	0	0.659588	2	0	2	0	0	0	0
AF	0	0.660837	1	1	0	0	0	0	0
AF	0	0.661774	1	0	1	0	0	0	0
AF	0	0.662399	1	1	0	0	0	0	0
AF	0	0.662711	1	1	0	0	0	0	0
AF	0	0.663960	1	1	0	0	0	0	0
AF	0	0.664272	1	1	0	0	0	0	0
AF	0	0.664585	2	2	0	0	0	0	0
AF	0	0.665834	2	1	1	0	0	0	0
AF	0	0.666458	1	1	0	0	0	0	0
AF	0	0.667083	1	1	0	0	0	0	0
AF	0	0.667395	1	1	0	0	0	0	0
AF	0	0.669582	1	1	0	0	0	0	0
AF	0	0.671768	1	0	1	0	0	0	0
AF	0	0.673329	1	1	0	0	0	0	0
AF	0	0.673641	1	1	0	0	0	0	0
AF	0	0.674266	1	1	0	0	0	0	0
AF	0	0.676140	1	1	0	0	0	0	0
AF	0	0.677701	1	1	0	0	0	0	0
AF	0	0.678326	2	2	0	0	0	0	0
AF	0	0.678638	2	2	0	0	0	0	0
AF	0	0.679888	1	1	0	0	0	0	0
AF	0	0.680512	1	0	1	0	0	0	0
AF	0	0.680824	2	0	2	0	0	0	0
AF	0	0.681137	1	1	0	0	0	0	0
AF	0	0.682074	1	0	1	0	0	0	0
AF	0	0.682386	2	1	1	0	0	0	0
AF	0	0.682698	1	1	0	0	0	0	0
AF	0	0.683011	1	1	0	0	0	0	0
AF	0	0.683635	2	2	0	0	0	0	0
AF	0	0.684572	1	0	1	0	0	0	0
AF	0	0.686134	1	1	0	0	0	0	0
AF	0	0.687383	1	1	0	0	0	0	0
AF	0	0.688007	1	1	0	0	0	0	0
AF	0	0.688320	1	1	0	0	0	0	0
AF	0	0.688632	1	0	1	0	0	0	0
AF	0	0.689257	1	1	0	0	0	0	0
AF	0	0.689881	1	1	0	0	0	0	0
AF	0	0.690194	1	1	0	0	0	0	0
AF	0	0.691131	1	1	0	0	0	0	0
AF	0	0.691755	2	2	0	0	0	0	0
AF	0	0.692067	1	0	1	0	0	0	0
AF	0	0.693941	2	1	1	0	0	0	0
AF	0	0.694566	1	1	0	0	0	0	0
AF	0	0.694878	2	1	1	0	0	0	0
AF	0	0.695503	3	2	1	0	0	0	0
AF	0	0.699875	1	1	0	0	0	0	0
AF	0	0.700812	1	0	1	0	0	0	0
AF	0	0.709244	1	0	1	0	0	0	0
AF	0	0.710493	1	0	1	0	0	0	0
AF	0	0.711430	1	0	1	0	0	0	0
AF	0	0.712055	1	1	0	0	0	0	0
AF	0	0.712367	2	2	0	0	0	0	0
AF	0	0.713304	1	1	0	0	0	0	0
AF	0	0.715178	1	0	1	0	0	0	0
AF	0	0.715490	1	0	1	0	0	0	0
AF	0	0.715803	1	0	1	0	0	0	0
AF	0	0.718613	1	1	0	0	0	0	0
AF	0	0.719238	1	1	0	0	0	0	0
AF	0	0.719863	2	2	0	0	0	0	0
AF	0	0.720487	1	1	0	0	0	0	0
AF	0	0.720800	1	1	0	0	0	0	0
AF	0	0.721112	1	0	1	0	0	0	0
AF	0	0.721424	1	0	1	0	0	0	0
AF	0	0.721736	1	1	0	0	0	0	0
AF	0	0.722673	1	0	1	0	0	0	0
AF	0	0.722986	1	0	1	0	0	0	0
AF	0	0.723610	2	1	1	0	0	0	0
AF	0	0.723923	1	0	1	0	0	0	0
AF	0	0.726109	1	0	1	0	0	0	0
AF	0	0.726421	1	1	0	0	0	0	0
AF	0	0.726733	1	0	1	0	0	0	0
AF	0	0.727358	1	0	1	0	0	0	0
AF	0	0.728295	1	1	0	0	0	0	0
AF	0	0.728607	1	1	0	0	0	0	0
AF	0	0.730481	1	1	0	0	0	0	0
AF	0	0.730793	2	1	1	0	0	0	0
AF	0	0.731730	2	1	1	0	0	0	0
AF	0	0.732355	2	1	1	0	0	0	0
AF	0	0.733292	2	1	1	0	0	0	0
AF	0	0.734229	1	0	1	0	0	0	0
AF	0	0.734853	1	1	0	0	0	0	0
AF	0	0.735790	1	1	0	0	0	0	0
AF	0	0.737352	1	0	1	0	0	0	0
AF	0	0.739225	1	1	0	0	0	0	0
AF	0	0.739850	1	1	0	0	0	0	0
AF	0	0.740787	1	1	0	0	0	0	0
AF	0	0.741099	2	2	0	0	0	0	0
AF	0	0.742349	1	0	1	0	0	0	0
AF	0	0.743285	3	0	3	0	0	0	0
AF	0	0.743910	1	0	1	0	0	0	0
AF	0	0.744535	2	1	1	0	0	0	0
AF	0	0.744847	1	0	1	0	0	0	0
AF	0	0.746096	1	0	1	0	0	0	0
AF	0	0.746408	1	1	0	0	0	0	0
AF	0	0.747345	1	1	0	0	0	0	0
AF	0	0.748595	2	0	2	0	0	0	0
AF	0	0.749219	1	1	0	0	0	0	0
AF	0	0.751405	1	0	1	0	0	0	0
AF	0	0.751718	2	1	1	0	0	0	0
AF	0	0.753904	1	1	0	0	0	0	0
AF	0	0.754216	1	0	1	0	0	0	0
AF	0	0.754528	2	1	1	0	0	0	0
AF	0	0.755465	1	1	0	0	0	0	0
AF	0	0.756715	1	1	0	0	0	0	0
AF	0	0.757027	2	0	2	0	0	0	0
AF	0	0.757964	1	1	0	0	0	0	0
AF	0	0.758276	1	0	1	0	0	0	0
AF	0	0.758901	1	0	1	0	0	0	0
AF	0	0.759525	1	1	0	0	0	0	0
AF	0	0.759838	1	0	1	0	0	0	0
AF	0	0.761711	1	0	1	0	0	0	0
AF	0	0.762648	1	1	0	0	0	0	0
AF	0	0.762961	2	1	1	0	0	0	0
AF	0	0.764522	2	1	1	0	0	0	0
AF	0	0.765459	2	2	0	0	0	0	0
AF	0	0.766084	1	1	0	0	0	0	0
AF	0	0.766396	1	1	0	0	0	0	0
AF	0	0.767021	1	1	0	0	0	0	0
AF	0	0.768894	2	1	1	0	0	0	0
AF	0	0.769831	2	1	1	0	0	0	0
AF	0	0.770768	1	0	1	0	0	0	0
AF	0	0.771081	2	0	2	0	0	0	0
AF	0	0.772642	1	0	1	0	0	0	0
AF	0	0.774204	2	0	2	0	0	0	0
AF	0	0.775141	1	1	0	0	0	0	0
AF	0	0.776702	2	0	2	0	0	0	0
AF	0	0.777327	1	1	0	0	0	0	0
AF	0	0.778264	1	0	1	0	0	0	0
AF	0	0.779200	1	1	0	0	0	0	0
AF	0	0.779825	1	1	0	0	0	0	0
AF	0	0.780450	1	1	0	0	0	0	0
AF	0	0.781387	1	0	1	0	0	0	0
AF	0	0.781699	1	1	0	0	0	0	0
AF	0	0.782011	1	1	0	0	0	0	0
AF	0	0.782636	1	0	1	0	0	0	0
AF	0	0.782948	1	0	1	0	0	0	0
AF	0	0.783573	1	1	0	0	0	0	0
AF	0	0.783885	2	0	2	0	0	0	0
AF	0	0.784510	1	0	1	0	0	0	0
AF	0	0.785447	1	0	1	0	0	0	0
AF	0	0.786071	1	0	1	0	0	0	0
AF	0	0.786696	1	1	0	0	0	0	0
AF	0	0.789194	2	2	0	0	0	0	0
AF	0	0.789819	1	1	0	0	0	0	0
AF	0	0.790756	3	3	0	0	0	0	0
AF	0	0.791068	1	1	0	0	0	0	0
AF	0	0.791380	3	3	0	0	0	0	0
AF	0	0.792005	1	0	1	0	0	0	0
AF	0	0.792317	2	0	2	0	0	0	0
AF	0	0.793567	1	1	0	0	0	0	0
AF	0	0.794816	2	0	2	0	0	0	0
AF	0	0.797626	1	1	0	0	0	0	0
AF	0	0.799500	4	4	0	0	0	0	0
AF	0	0.800750	1	1	0	0	0	0	0
AF	0	0.801062	1	1	0	0	0	0	0
AF	0	0.801374	1	0	1	0	0	0	0
AF	0	0.801686	2	2	0	0	0	0	0
AF	0	0.803560	1	0	1	0	0	0	0
AF	0	0.803873	1	1	0	0	0	0	0
AF	0	0.804809	1	1	0	0	0	0	0
AF	0	0.805122	2	2	0	0	0	0	0
AF	0	0.806059	1	1	0	0	0	0	0
AF	0	0.806996	2	2	0	0	0	0	0
AF	0	0.807308	1	0	1	0	0	0	0
AF	0	0.809182	1	1	0	0	0	0	0
AF	0	0.809494	1	1	0	0	0	0	0
AF	0	0.810743	1	1	0	0	0	0	0
AF	0	0.811368	1	0	1	0	0	0	0
AF	0	0.814491	1	1	0	0	0	0	0
AF	0	0.814803	2	2	0	0	0	0	0
AF	0	0.815740	1	1	0	0	0	0	0
AF	0	0.818863	1	0	1	0	0	0	0
AF	0	0.819488	1	1	0	0	0	0	0
AF	0	0.820112	1	0	1	0	0	0	0
AF	0	0.821986	1	0	1	0	0	0	0
AF	0	0.822299	1	0	1	0	0	0	0
AF	0	0.824485	1	1	0	0	0	0	0
AF	0	0.826359	1	1	0	0	0	0	0
AF	0	0.827295	1	0	1	0	0	0	0
AF	0	0.829482	1	1	0	0	0	0	0
AF	0	0.830731	1	1	0	0	0	0	0
AF	0	0.832292	1	0	1	0	0	0	0
AF	0	0.833542	1	1	0	0	0	0	0
AF	0	0.833854	1	1	0	0	0	0	0
AF	0	0.835728	1	1	0	0	0	0	0
AF	0	0.836977	1	1	0	0	0	0	0
AF	0	0.837289	1	1	0	0	0	0	0
AF	0	0.838226	1	1	0	0	0	0	0
AF	0	0.841661	1	1	0	0	0	0	0
AF	0	0.845721	1	0	1	0	0	0	0
AF	0	0.847283	1	0	1	0	0	0	0
AF	0	0.848532	1	1	0	0	0	0	0
AF	0	0.849469	1	1	0	0	0	0	0
AF	0	0.850094	1	1	0	0	0	0	0
AF	0	0.857901	1	0	1	0	0	0	0
AF	0	0.858214	1	1	0	0	0	0	0
AF	0	0.860712	1	1	0	0	0	0	0
AF	0	0.865709	1	1	0	0	0	0	0
AF	0	0.866646	1	1	0	0	0	0	0
AF	0	0.867270	1	1	0	0	0	0	0
AF	0	0.871330	1	1	0	0	0	0	0
AF	0	0.871955	2	0	2	0	0	0	0
AF	0	0.873204	1	1	0	0	0	0	0
AF	0	0.873829	1	1	0	0	0	0	0
AF	0	0.874453	1	1	0	0	0	0	0
AF	0	0.877577	1	0	1	0	0	0	0
AF	0	0.877889	1	1	0	0	0	0	0
AF	0	0.880075	1	1	0	0	0	0	0
AF	0	0.882573	2	2	0	0	0	0	0
AF	0	0.883510	1	1	0	0	0	0	0
AF	0	0.883823	1	1	0	0	0	0	0
AF	0	0.885696	1	1	0	0	0	0	0
AF	0	0.886009	1	1	0	0	0	0	0
AF	0	0.887883	1	1	0	0	0	0	0
AF	0	0.890381	1	1	0	0	0	0	0
AF	0	0.893192	1	1	0	0	0	0	0
AF	0	0.898813	1	1	0	0	0	0	0
AF	0	0.903810	1	1	0	0	0	0	0
AF	0	0.909432	1	1	0	0	0	0	0
AF	0	0.909744	1	1	0	0	0	0	0
AF	0	0.910681	1	1	0	0	0	0	0
AF	0	0.912242	2	1	1	0	0	0	0
AF	0	0.913179	1	0	1	0	0	0	0
AF	0	0.914741	2	1	1	0	0	0	0
AF	0	0.918801	1	1	0	0	0	0	0
AF	0	0.920362	1	1	0	0	0	0	0
AF	0	0.921611	1	0	1	0	0	0	0
AF	0	0.927545	1	1	0	0	0	0	0
AF	0	0.927858	1	1	0	0	0	0	0
AF	0	0.928795	1	1	0	0	0	0	0
AF	0	0.938476	1	1	0	0	0	0	0
AF	0	0.940350	1	1	0	0	0	0	0
AF	0	0.941287	1	0	1	0	0	0	0
AF	0	0.942848	3	2	1	0	0	0	0
AF	0	0.943473	1	0	1	0	0	0	0
AF	0	0.946596	1	0	1	0	0	0	0
AF	0	0.947220	1	1	0	0	0	0	0
AF	0	0.952217	1	0	1	0	0	0	0
AF	0	0.957839	1	1	0	0	0	0	0
AF	0	0.959088	1	0	1	0	0	0	0
AF	0	0.967208	2	2	0	0	0	0	0
AF	0	0.971580	1	0	1	0	0	0	0
AF	0	0.972829	1	0	1	0	0	0	0
AF	0	0.974079	1	1	0	0	0	0	0
AF	0	0.974703	1	1	0	0	0	0	0
AF	0	0.975953	2	2	0	0	0	0	0
AF	0	0.976265	1	1	0	0	0	0	0
AF	0	0.976889	2	1	1	0	0	0	0
AF	0	0.977826	1	0	1	0	0	0	0
AF	0	0.979076	1	0	1	0	0	0	0
AF	0	0.980325	1	1	0	0	0	0	0
AF	0	0.982199	1	1	0	0	0	0	0
AF	0	0.986883	1	0	1	0	0	0	0
AF	0	0.988445	1	1	0	0	0	0	0
AF	0	0.988757	1	1	0	0	0	0	0
AF	0	0.992817	1	1	0	0	0	0	0
AF	0	0.993442	1	1	0	0	0	0	0
AF	0	0.995315	1	0	1	0	0	0	0
AF	0	0.995940	1	1	0	0	0	0	0
AF	0	0.996252	1	1	0	0	0	0	0
AF	0	0.996565	1	0	1	0	0	0	0
AF	0	0.997502	1	1	0	0	0	0	0
AF	0	0.997814	2	1	1	0	0	0	0
AF	0	0.998438	1	1	0	0	0	0	0
# QUAL, Stats by quality
# QUAL	[2]id	[3]Quality	[4]number of SNPs	[5]number of transitions (1st ALT)	[6]number of transversions (1st ALT)	[7]number of indels
QUAL	0	.	19685	12909	6776	0
# IDD, InDel distribution:
# IDD	[2]id	[3]length (deletions negative)	[4]number of sites	[5]number of genotypes	[6]mean VAF
# ST, Substitution types:
# ST	[2]id	[3]type	[4]count
ST	0	A>C	818
ST	0	A>G	2548
ST	0	A>T	746
ST	0	C>A	1023
ST	0	C>G	788
ST	0	C>T	3513
ST	0	G>A	3291
ST	0	G>C	892
ST	0	G>T	716
ST	0	T>A	992
ST	0	T>C	3557
ST	0	T>G	801
# DP, Depth distribution
# DP	[2]id	[3]bin	[4]number of genotypes	[5]fraction of genotypes (%)	[6]number of sites	[7]fraction of sites (%)
  - Fix haploid genotypes in males...

Submit MakeDiploidMalesX finished successfully. Let's have a beer, buddy!

