Submit MakeDiploidMalesX
version 1.1.6 (2024-09-30)

These are the settings:
  Input file................: /hpc/local/Rocky8/dhl_ec/software/MonopogenLite/resources/1kGP_high_coverage_Illumina.SNVonly_poly.filtered_AF_5e-04.norm.fixvariantid.chrX.vcf.gz
  Output file...............: /hpc/local/Rocky8/dhl_ec/software/MonopogenLite/resources/1kGP_high_coverage_Illumina.SNVonly_poly.filtered_AF_5e-04.norm.fixvariantid.makediploid.chrX.vcf.gz
  Chunk size................: 100

  SLURM CPUs................: 4
  SLURM Array ID............: 59 (of 100)
  SLURM memory..............: 16G
  SLURM time................: 01:00:00
  SLURM mail type...........: FAIL
  SLURM mail user...........: s.w.vanderlaan-2@umcutrecht.nl

  Dry run mode..............: 0
  Debug mode................: 1
  Verbosity.................: 0
  Version...................: 1.1.6 (2024-09-30)

Making converting haploid genotypes to diploid genotypes.
> Extract the region for this SLURM task (# 59) from the BED file.
  - Get the chunk number from the SLURM array task ID and the bed file...
DEBUG: Extracting chunk number: 59p from 59
DEBUG: Extracting region from BED file: /hpc/local/Rocky8/dhl_ec/software/MonopogenLite/resources/chrX_100pieces.bed
  - Extract the region from the BED file...
DEBUG: Extracted raw region: 'chrX	90503665	92064072' (chunk #: 59p of 100 for job 59)
  - Check if a valid region was extracted -- should be 'chrX	90503665	92064072'...
  - Prepare the region for bcftools...
  - Check if the region (chrX:90503665-92064072) was successfully extracted...
> Processing region 'chrX:90503665-92064072'...
  - Process the specific region (chunk# 59) using bcftools view...
  - Index the VCF file...
DEBUG: Check if the VCF file was successfully processed...
##fileformat=VCFv4.2
##FILTER=<ID=PASS,Description="All filters passed">
##fileDate=29/01/2022 - 14:31:41
##source=shapeit4.2.2
##contig=<ID=chr1,length=248956422>
##contig=<ID=chr2,length=242193529>
##contig=<ID=chr3,length=198295559>
##contig=<ID=chr4,length=190214555>
##contig=<ID=chr5,length=181538259>
##contig=<ID=chr6,length=170805979>
# This file was produced by bcftools stats (1.20+htslib-1.20) and can be plotted using plot-vcfstats.
# The command line was:	bcftools stats  /hpc/local/Rocky8/dhl_ec/software/MonopogenLite/resources/chrX.part59.vcf.gz
#
# Definition of sets:
# ID	[2]id	[3]tab-separated file names
ID	0	/hpc/local/Rocky8/dhl_ec/software/MonopogenLite/resources/chrX.part59.vcf.gz
# SN, Summary numbers:
#   number of records   .. number of data rows in the VCF
#   number of no-ALTs   .. reference-only sites, ALT is either "." or identical to REF
#   number of SNPs      .. number of rows with a SNP
#   number of MNPs      .. number of rows with a MNP, such as CC>TT
#   number of indels    .. number of rows with an indel
#   number of others    .. number of rows with other type, for example a symbolic allele or
#                          a complex substitution, such as ACT>TCGA
#   number of multiallelic sites     .. number of rows with multiple alternate alleles
#   number of multiallelic SNP sites .. number of rows with multiple alternate alleles, all SNPs
# 
#   Note that rows containing multiple types will be counted multiple times, in each
#   counter. For example, a row with a SNP and an indel increments both the SNP and
#   the indel counter.
# 
# SN	[2]id	[3]key	[4]value
SN	0	number of samples:	3202
SN	0	number of records:	19285
SN	0	number of no-ALTs:	0
SN	0	number of SNPs:	19285
SN	0	number of MNPs:	0
SN	0	number of indels:	0
SN	0	number of others:	0
SN	0	number of multiallelic sites:	0
SN	0	number of multiallelic SNP sites:	0
# TSTV, transitions/transversions:
# TSTV	[2]id	[3]ts	[4]tv	[5]ts/tv	[6]ts (1st ALT)	[7]tv (1st ALT)	[8]ts/tv (1st ALT)
TSTV	0	12682	6603	1.92	12682	6603	1.92
# SiS, Singleton stats:
# SiS	[2]id	[3]allele count	[4]number of SNPs	[5]number of transitions	[6]number of transversions	[7]number of indels	[8]repeat-consistent	[9]repeat-inconsistent	[10]not applicable
SiS	0	1	0	0	0	0	0	0	0
# AF, Stats by non-reference allele frequency:
# AF	[2]id	[3]allele frequency	[4]number of SNPs	[5]number of transitions	[6]number of transversions	[7]number of indels	[8]repeat-consistent	[9]repeat-inconsistent	[10]not applicable
AF	0	0.000312	2549	1700	849	0	0	0	0
AF	0	0.000625	1667	1072	595	0	0	0	0
AF	0	0.000937	1856	1213	643	0	0	0	0
AF	0	0.001249	586	384	202	0	0	0	0
AF	0	0.001562	875	582	293	0	0	0	0
AF	0	0.001874	392	259	133	0	0	0	0
AF	0	0.002186	585	401	184	0	0	0	0
AF	0	0.002498	222	153	69	0	0	0	0
AF	0	0.002811	399	272	127	0	0	0	0
AF	0	0.003123	213	137	76	0	0	0	0
AF	0	0.003435	285	185	100	0	0	0	0
AF	0	0.003748	150	98	52	0	0	0	0
AF	0	0.004060	259	178	81	0	0	0	0
AF	0	0.004372	128	80	48	0	0	0	0
AF	0	0.004685	287	182	105	0	0	0	0
AF	0	0.004997	120	76	44	0	0	0	0
AF	0	0.005309	291	201	90	0	0	0	0
AF	0	0.005621	143	96	47	0	0	0	0
AF	0	0.005934	190	126	64	0	0	0	0
AF	0	0.006246	90	59	31	0	0	0	0
AF	0	0.006558	167	113	54	0	0	0	0
AF	0	0.006871	83	55	28	0	0	0	0
AF	0	0.007183	109	60	49	0	0	0	0
AF	0	0.007495	73	51	22	0	0	0	0
AF	0	0.007808	137	77	60	0	0	0	0
AF	0	0.008120	65	40	25	0	0	0	0
AF	0	0.008432	105	70	35	0	0	0	0
AF	0	0.008745	70	45	25	0	0	0	0
AF	0	0.009057	99	64	35	0	0	0	0
AF	0	0.009369	49	31	18	0	0	0	0
AF	0	0.009681	78	48	30	0	0	0	0
AF	0	0.009994	46	30	16	0	0	0	0
AF	0	0.010306	133	93	40	0	0	0	0
AF	0	0.010618	56	39	17	0	0	0	0
AF	0	0.010931	116	83	33	0	0	0	0
AF	0	0.011243	64	44	20	0	0	0	0
AF	0	0.011555	78	57	21	0	0	0	0
AF	0	0.011868	48	31	17	0	0	0	0
AF	0	0.012180	100	75	25	0	0	0	0
AF	0	0.012492	30	21	9	0	0	0	0
AF	0	0.012804	43	34	9	0	0	0	0
AF	0	0.013117	38	25	13	0	0	0	0
AF	0	0.013429	90	54	36	0	0	0	0
AF	0	0.013741	38	29	9	0	0	0	0
AF	0	0.014054	63	37	26	0	0	0	0
AF	0	0.014366	59	37	22	0	0	0	0
AF	0	0.014678	64	38	26	0	0	0	0
AF	0	0.014991	34	20	14	0	0	0	0
AF	0	0.015303	42	27	15	0	0	0	0
AF	0	0.015615	42	28	14	0	0	0	0
AF	0	0.015928	77	49	28	0	0	0	0
AF	0	0.016240	21	17	4	0	0	0	0
AF	0	0.016552	42	27	15	0	0	0	0
AF	0	0.016864	27	17	10	0	0	0	0
AF	0	0.017177	76	52	24	0	0	0	0
AF	0	0.017489	28	19	9	0	0	0	0
AF	0	0.017801	70	45	25	0	0	0	0
AF	0	0.018114	32	23	9	0	0	0	0
AF	0	0.018426	75	52	23	0	0	0	0
AF	0	0.018738	32	21	11	0	0	0	0
AF	0	0.019051	100	62	38	0	0	0	0
AF	0	0.019363	38	28	10	0	0	0	0
AF	0	0.019675	42	25	17	0	0	0	0
AF	0	0.019988	18	10	8	0	0	0	0
AF	0	0.020300	28	19	9	0	0	0	0
AF	0	0.020612	16	8	8	0	0	0	0
AF	0	0.020924	26	15	11	0	0	0	0
AF	0	0.021237	10	4	6	0	0	0	0
AF	0	0.021549	45	32	13	0	0	0	0
AF	0	0.021861	14	9	5	0	0	0	0
AF	0	0.022174	36	28	8	0	0	0	0
AF	0	0.022486	14	8	6	0	0	0	0
AF	0	0.022798	27	17	10	0	0	0	0
AF	0	0.023111	9	6	3	0	0	0	0
AF	0	0.023423	21	17	4	0	0	0	0
AF	0	0.023735	16	10	6	0	0	0	0
AF	0	0.024047	45	29	16	0	0	0	0
AF	0	0.024360	8	5	3	0	0	0	0
AF	0	0.024672	31	19	12	0	0	0	0
AF	0	0.024984	9	3	6	0	0	0	0
AF	0	0.025297	35	22	13	0	0	0	0
AF	0	0.025609	10	7	3	0	0	0	0
AF	0	0.025921	23	15	8	0	0	0	0
AF	0	0.026234	17	10	7	0	0	0	0
AF	0	0.026546	36	29	7	0	0	0	0
AF	0	0.026858	17	9	8	0	0	0	0
AF	0	0.027171	57	34	23	0	0	0	0
AF	0	0.027483	10	6	4	0	0	0	0
AF	0	0.027795	26	16	10	0	0	0	0
AF	0	0.028107	18	12	6	0	0	0	0
AF	0	0.028420	21	12	9	0	0	0	0
AF	0	0.028732	8	6	2	0	0	0	0
AF	0	0.029044	31	18	13	0	0	0	0
AF	0	0.029357	18	11	7	0	0	0	0
AF	0	0.029669	15	13	2	0	0	0	0
AF	0	0.029981	11	5	6	0	0	0	0
AF	0	0.030294	19	13	6	0	0	0	0
AF	0	0.030606	7	4	3	0	0	0	0
AF	0	0.030918	13	8	5	0	0	0	0
AF	0	0.031230	6	4	2	0	0	0	0
AF	0	0.031543	18	7	11	0	0	0	0
AF	0	0.031855	22	15	7	0	0	0	0
AF	0	0.032167	19	12	7	0	0	0	0
AF	0	0.032480	14	9	5	0	0	0	0
AF	0	0.032792	29	21	8	0	0	0	0
AF	0	0.033104	50	35	15	0	0	0	0
AF	0	0.033417	30	21	9	0	0	0	0
AF	0	0.033729	18	10	8	0	0	0	0
AF	0	0.034041	26	18	8	0	0	0	0
AF	0	0.034354	5	2	3	0	0	0	0
AF	0	0.034666	21	16	5	0	0	0	0
AF	0	0.034978	22	15	7	0	0	0	0
AF	0	0.035290	29	18	11	0	0	0	0
AF	0	0.035603	4	2	2	0	0	0	0
AF	0	0.035915	19	11	8	0	0	0	0
AF	0	0.036227	9	6	3	0	0	0	0
AF	0	0.036540	7	5	2	0	0	0	0
AF	0	0.036852	5	4	1	0	0	0	0
AF	0	0.037164	12	6	6	0	0	0	0
AF	0	0.037477	2	1	1	0	0	0	0
AF	0	0.037789	9	7	2	0	0	0	0
AF	0	0.038101	14	7	7	0	0	0	0
AF	0	0.038413	8	6	2	0	0	0	0
AF	0	0.038726	13	10	3	0	0	0	0
AF	0	0.039038	5	2	3	0	0	0	0
AF	0	0.039350	6	4	2	0	0	0	0
AF	0	0.039663	55	31	24	0	0	0	0
AF	0	0.039975	35	22	13	0	0	0	0
AF	0	0.040287	37	17	20	0	0	0	0
AF	0	0.040600	6	5	1	0	0	0	0
AF	0	0.040912	28	21	7	0	0	0	0
AF	0	0.041224	12	7	5	0	0	0	0
AF	0	0.041537	25	15	10	0	0	0	0
AF	0	0.041849	9	7	2	0	0	0	0
AF	0	0.042161	31	20	11	0	0	0	0
AF	0	0.042473	8	6	2	0	0	0	0
AF	0	0.042786	10	5	5	0	0	0	0
AF	0	0.043098	6	3	3	0	0	0	0
AF	0	0.043410	6	5	1	0	0	0	0
AF	0	0.043723	4	3	1	0	0	0	0
AF	0	0.044035	5	2	3	0	0	0	0
AF	0	0.044347	2	2	0	0	0	0	0
AF	0	0.044660	10	7	3	0	0	0	0
AF	0	0.044972	2	1	1	0	0	0	0
AF	0	0.045284	22	12	10	0	0	0	0
AF	0	0.045597	24	16	8	0	0	0	0
AF	0	0.045909	7	6	1	0	0	0	0
AF	0	0.046221	4	3	1	0	0	0	0
AF	0	0.046533	21	15	6	0	0	0	0
AF	0	0.046846	9	4	5	0	0	0	0
AF	0	0.047158	7	4	3	0	0	0	0
AF	0	0.047470	3	1	2	0	0	0	0
AF	0	0.047783	3	1	2	0	0	0	0
AF	0	0.048095	4	4	0	0	0	0	0
AF	0	0.048407	6	2	4	0	0	0	0
AF	0	0.048720	1	1	0	0	0	0	0
AF	0	0.049032	5	3	2	0	0	0	0
AF	0	0.049344	6	4	2	0	0	0	0
AF	0	0.049656	14	9	5	0	0	0	0
AF	0	0.049969	6	6	0	0	0	0	0
AF	0	0.050281	14	6	8	0	0	0	0
AF	0	0.050593	6	3	3	0	0	0	0
AF	0	0.050906	12	6	6	0	0	0	0
AF	0	0.051218	7	3	4	0	0	0	0
AF	0	0.051530	2	0	2	0	0	0	0
AF	0	0.051843	2	1	1	0	0	0	0
AF	0	0.052155	4	2	2	0	0	0	0
AF	0	0.052467	3	2	1	0	0	0	0
AF	0	0.052780	4	2	2	0	0	0	0
AF	0	0.053092	2	1	1	0	0	0	0
AF	0	0.053404	3	1	2	0	0	0	0
AF	0	0.053716	8	6	2	0	0	0	0
AF	0	0.054029	15	8	7	0	0	0	0
AF	0	0.054341	3	2	1	0	0	0	0
AF	0	0.054653	6	4	2	0	0	0	0
AF	0	0.054966	1	1	0	0	0	0	0
AF	0	0.055278	5	4	1	0	0	0	0
AF	0	0.055590	3	3	0	0	0	0	0
AF	0	0.055903	6	4	2	0	0	0	0
AF	0	0.056215	4	4	0	0	0	0	0
AF	0	0.056527	11	8	3	0	0	0	0
AF	0	0.056839	3	2	1	0	0	0	0
AF	0	0.057152	8	4	4	0	0	0	0
AF	0	0.057464	8	6	2	0	0	0	0
AF	0	0.057776	7	4	3	0	0	0	0
AF	0	0.058089	5	1	4	0	0	0	0
AF	0	0.058401	22	17	5	0	0	0	0
AF	0	0.058713	3	3	0	0	0	0	0
AF	0	0.059026	10	8	2	0	0	0	0
AF	0	0.059338	1	1	0	0	0	0	0
AF	0	0.059650	5	4	1	0	0	0	0
AF	0	0.059963	4	2	2	0	0	0	0
AF	0	0.060275	18	10	8	0	0	0	0
AF	0	0.060587	8	7	1	0	0	0	0
AF	0	0.060899	6	2	4	0	0	0	0
AF	0	0.061212	3	3	0	0	0	0	0
AF	0	0.061524	5	2	3	0	0	0	0
AF	0	0.061836	7	5	2	0	0	0	0
AF	0	0.062149	5	3	2	0	0	0	0
AF	0	0.062461	3	1	2	0	0	0	0
AF	0	0.062773	4	2	2	0	0	0	0
AF	0	0.063086	5	4	1	0	0	0	0
AF	0	0.063398	14	9	5	0	0	0	0
AF	0	0.063710	23	17	6	0	0	0	0
AF	0	0.064022	18	13	5	0	0	0	0
AF	0	0.064335	4	2	2	0	0	0	0
AF	0	0.064647	4	3	1	0	0	0	0
AF	0	0.065272	6	3	3	0	0	0	0
AF	0	0.065584	4	2	2	0	0	0	0
AF	0	0.065896	13	10	3	0	0	0	0
AF	0	0.066209	1	0	1	0	0	0	0
AF	0	0.066833	1	1	0	0	0	0	0
AF	0	0.067146	9	6	3	0	0	0	0
AF	0	0.067458	6	4	2	0	0	0	0
AF	0	0.067770	17	12	5	0	0	0	0
AF	0	0.068082	7	4	3	0	0	0	0
AF	0	0.068395	10	6	4	0	0	0	0
AF	0	0.068707	4	4	0	0	0	0	0
AF	0	0.069019	6	4	2	0	0	0	0
AF	0	0.069332	3	1	2	0	0	0	0
AF	0	0.069644	4	3	1	0	0	0	0
AF	0	0.069956	11	9	2	0	0	0	0
AF	0	0.070269	10	7	3	0	0	0	0
AF	0	0.070581	2	2	0	0	0	0	0
AF	0	0.070893	10	4	6	0	0	0	0
AF	0	0.071205	4	1	3	0	0	0	0
AF	0	0.071518	7	7	0	0	0	0	0
AF	0	0.071830	3	1	2	0	0	0	0
AF	0	0.072142	5	3	2	0	0	0	0
AF	0	0.072455	3	1	2	0	0	0	0
AF	0	0.072767	6	2	4	0	0	0	0
AF	0	0.073079	3	2	1	0	0	0	0
AF	0	0.073392	13	10	3	0	0	0	0
AF	0	0.073704	6	5	1	0	0	0	0
AF	0	0.074016	8	6	2	0	0	0	0
AF	0	0.074329	2	1	1	0	0	0	0
AF	0	0.074641	12	8	4	0	0	0	0
AF	0	0.074953	4	3	1	0	0	0	0
AF	0	0.075265	8	7	1	0	0	0	0
AF	0	0.075578	3	3	0	0	0	0	0
AF	0	0.075890	4	3	1	0	0	0	0
AF	0	0.076202	3	1	2	0	0	0	0
AF	0	0.076515	5	2	3	0	0	0	0
AF	0	0.076827	3	1	2	0	0	0	0
AF	0	0.077139	7	4	3	0	0	0	0
AF	0	0.077452	3	2	1	0	0	0	0
AF	0	0.077764	1	0	1	0	0	0	0
AF	0	0.078389	5	4	1	0	0	0	0
AF	0	0.079013	3	3	0	0	0	0	0
AF	0	0.079325	1	1	0	0	0	0	0
AF	0	0.079638	3	2	1	0	0	0	0
AF	0	0.079950	4	3	1	0	0	0	0
AF	0	0.080262	14	9	5	0	0	0	0
AF	0	0.080575	4	2	2	0	0	0	0
AF	0	0.080887	9	7	2	0	0	0	0
AF	0	0.081199	2	2	0	0	0	0	0
AF	0	0.081512	16	11	5	0	0	0	0
AF	0	0.081824	5	4	1	0	0	0	0
AF	0	0.082136	5	5	0	0	0	0	0
AF	0	0.082448	16	11	5	0	0	0	0
AF	0	0.082761	25	15	10	0	0	0	0
AF	0	0.083073	4	4	0	0	0	0	0
AF	0	0.083385	4	1	3	0	0	0	0
AF	0	0.083698	1	0	1	0	0	0	0
AF	0	0.084010	4	2	2	0	0	0	0
AF	0	0.084322	2	1	1	0	0	0	0
AF	0	0.084635	3	3	0	0	0	0	0
AF	0	0.084947	3	2	1	0	0	0	0
AF	0	0.085259	6	4	2	0	0	0	0
AF	0	0.085572	8	3	5	0	0	0	0
AF	0	0.085884	5	3	2	0	0	0	0
AF	0	0.086196	3	0	3	0	0	0	0
AF	0	0.086508	18	13	5	0	0	0	0
AF	0	0.086821	8	4	4	0	0	0	0
AF	0	0.087133	7	6	1	0	0	0	0
AF	0	0.087445	3	2	1	0	0	0	0
AF	0	0.087758	7	4	3	0	0	0	0
AF	0	0.088382	1	1	0	0	0	0	0
AF	0	0.088695	3	2	1	0	0	0	0
AF	0	0.089007	2	1	1	0	0	0	0
AF	0	0.089319	2	1	1	0	0	0	0
AF	0	0.089631	1	1	0	0	0	0	0
AF	0	0.089944	2	1	1	0	0	0	0
AF	0	0.090256	11	4	7	0	0	0	0
AF	0	0.090568	2	2	0	0	0	0	0
AF	0	0.090881	8	5	3	0	0	0	0
AF	0	0.091193	5	2	3	0	0	0	0
AF	0	0.091505	8	3	5	0	0	0	0
AF	0	0.091818	3	3	0	0	0	0	0
AF	0	0.092130	16	10	6	0	0	0	0
AF	0	0.092442	3	2	1	0	0	0	0
AF	0	0.092755	2	2	0	0	0	0	0
AF	0	0.093067	5	3	2	0	0	0	0
AF	0	0.093379	5	3	2	0	0	0	0
AF	0	0.093691	3	1	2	0	0	0	0
AF	0	0.094004	3	3	0	0	0	0	0
AF	0	0.094316	1	0	1	0	0	0	0
AF	0	0.094628	5	5	0	0	0	0	0
AF	0	0.094941	2	2	0	0	0	0	0
AF	0	0.095253	3	2	1	0	0	0	0
AF	0	0.095565	2	1	1	0	0	0	0
AF	0	0.095878	4	3	1	0	0	0	0
AF	0	0.096190	2	2	0	0	0	0	0
AF	0	0.096502	4	2	2	0	0	0	0
AF	0	0.096814	1	0	1	0	0	0	0
AF	0	0.097127	7	4	3	0	0	0	0
AF	0	0.097439	3	2	1	0	0	0	0
AF	0	0.097751	4	2	2	0	0	0	0
AF	0	0.098064	3	1	2	0	0	0	0
AF	0	0.098376	3	3	0	0	0	0	0
AF	0	0.099001	4	3	1	0	0	0	0
AF	0	0.099313	1	1	0	0	0	0	0
AF	0	0.099625	5	4	1	0	0	0	0
AF	0	0.099938	3	2	1	0	0	0	0
AF	0	0.100250	4	2	2	0	0	0	0
AF	0	0.100562	1	0	1	0	0	0	0
AF	0	0.101187	1	0	1	0	0	0	0
AF	0	0.101499	1	1	0	0	0	0	0
AF	0	0.101811	7	5	2	0	0	0	0
AF	0	0.102124	18	13	5	0	0	0	0
AF	0	0.102436	2	2	0	0	0	0	0
AF	0	0.102748	2	2	0	0	0	0	0
AF	0	0.103061	2	2	0	0	0	0	0
AF	0	0.103373	2	1	1	0	0	0	0
AF	0	0.103685	3	2	1	0	0	0	0
AF	0	0.103998	3	2	1	0	0	0	0
AF	0	0.104622	1	1	0	0	0	0	0
AF	0	0.104934	2	2	0	0	0	0	0
AF	0	0.105247	15	14	1	0	0	0	0
AF	0	0.105559	5	3	2	0	0	0	0
AF	0	0.105871	2	1	1	0	0	0	0
AF	0	0.106184	3	2	1	0	0	0	0
AF	0	0.106496	1	1	0	0	0	0	0
AF	0	0.106808	1	0	1	0	0	0	0
AF	0	0.107433	1	0	1	0	0	0	0
AF	0	0.107745	3	3	0	0	0	0	0
AF	0	0.108057	1	0	1	0	0	0	0
AF	0	0.108370	3	1	2	0	0	0	0
AF	0	0.108682	1	1	0	0	0	0	0
AF	0	0.108994	2	1	1	0	0	0	0
AF	0	0.109307	2	1	1	0	0	0	0
AF	0	0.109619	3	2	1	0	0	0	0
AF	0	0.110244	4	4	0	0	0	0	0
AF	0	0.110556	1	0	1	0	0	0	0
AF	0	0.110868	5	3	2	0	0	0	0
AF	0	0.111181	7	4	3	0	0	0	0
AF	0	0.111493	3	1	2	0	0	0	0
AF	0	0.112117	1	0	1	0	0	0	0
AF	0	0.112430	3	2	1	0	0	0	0
AF	0	0.113054	2	2	0	0	0	0	0
AF	0	0.113367	4	2	2	0	0	0	0
AF	0	0.113679	1	0	1	0	0	0	0
AF	0	0.114304	2	1	1	0	0	0	0
AF	0	0.114928	2	2	0	0	0	0	0
AF	0	0.115553	2	1	1	0	0	0	0
AF	0	0.116177	1	0	1	0	0	0	0
AF	0	0.116490	2	1	1	0	0	0	0
AF	0	0.116802	12	5	7	0	0	0	0
AF	0	0.117114	1	1	0	0	0	0	0
AF	0	0.117427	3	2	1	0	0	0	0
AF	0	0.117739	4	2	2	0	0	0	0
AF	0	0.118051	9	8	1	0	0	0	0
AF	0	0.118364	9	5	4	0	0	0	0
AF	0	0.118676	2	2	0	0	0	0	0
AF	0	0.118988	2	1	1	0	0	0	0
AF	0	0.119300	3	3	0	0	0	0	0
AF	0	0.119925	2	1	1	0	0	0	0
AF	0	0.120237	4	2	2	0	0	0	0
AF	0	0.120550	6	5	1	0	0	0	0
AF	0	0.120862	10	5	5	0	0	0	0
AF	0	0.121174	10	8	2	0	0	0	0
AF	0	0.121487	1	1	0	0	0	0	0
AF	0	0.121799	9	5	4	0	0	0	0
AF	0	0.122111	4	3	1	0	0	0	0
AF	0	0.122423	8	3	5	0	0	0	0
AF	0	0.122736	9	6	3	0	0	0	0
AF	0	0.123048	17	13	4	0	0	0	0
AF	0	0.123360	10	7	3	0	0	0	0
AF	0	0.123673	6	5	1	0	0	0	0
AF	0	0.123985	1	0	1	0	0	0	0
AF	0	0.124610	2	2	0	0	0	0	0
AF	0	0.124922	1	0	1	0	0	0	0
AF	0	0.125234	1	1	0	0	0	0	0
AF	0	0.125547	3	3	0	0	0	0	0
AF	0	0.125859	1	1	0	0	0	0	0
AF	0	0.126171	1	1	0	0	0	0	0
AF	0	0.126483	1	1	0	0	0	0	0
AF	0	0.126796	9	5	4	0	0	0	0
AF	0	0.127108	4	3	1	0	0	0	0
AF	0	0.127420	6	4	2	0	0	0	0
AF	0	0.127733	3	2	1	0	0	0	0
AF	0	0.128045	2	2	0	0	0	0	0
AF	0	0.128357	1	1	0	0	0	0	0
AF	0	0.128670	5	3	2	0	0	0	0
AF	0	0.129919	2	1	1	0	0	0	0
AF	0	0.130543	4	3	1	0	0	0	0
AF	0	0.130856	2	2	0	0	0	0	0
AF	0	0.131168	5	2	3	0	0	0	0
AF	0	0.131480	3	2	1	0	0	0	0
AF	0	0.131793	4	3	1	0	0	0	0
AF	0	0.132417	6	4	2	0	0	0	0
AF	0	0.132730	2	0	2	0	0	0	0
AF	0	0.133042	5	3	2	0	0	0	0
AF	0	0.133354	1	1	0	0	0	0	0
AF	0	0.133666	7	3	4	0	0	0	0
AF	0	0.133979	5	3	2	0	0	0	0
AF	0	0.134291	9	5	4	0	0	0	0
AF	0	0.134916	7	7	0	0	0	0	0
AF	0	0.135540	9	4	5	0	0	0	0
AF	0	0.135853	8	4	4	0	0	0	0
AF	0	0.136165	5	4	1	0	0	0	0
AF	0	0.136477	4	3	1	0	0	0	0
AF	0	0.136790	2	2	0	0	0	0	0
AF	0	0.137414	1	1	0	0	0	0	0
AF	0	0.137726	1	1	0	0	0	0	0
AF	0	0.138039	3	2	1	0	0	0	0
AF	0	0.138351	1	1	0	0	0	0	0
AF	0	0.138663	2	2	0	0	0	0	0
AF	0	0.138976	3	3	0	0	0	0	0
AF	0	0.139288	8	5	3	0	0	0	0
AF	0	0.139600	3	2	1	0	0	0	0
AF	0	0.139913	5	5	0	0	0	0	0
AF	0	0.140225	1	1	0	0	0	0	0
AF	0	0.140537	4	2	2	0	0	0	0
AF	0	0.141162	3	1	2	0	0	0	0
AF	0	0.141474	3	2	1	0	0	0	0
AF	0	0.141786	4	4	0	0	0	0	0
AF	0	0.142099	1	1	0	0	0	0	0
AF	0	0.142411	7	2	5	0	0	0	0
AF	0	0.143036	4	3	1	0	0	0	0
AF	0	0.143348	1	1	0	0	0	0	0
AF	0	0.143660	3	3	0	0	0	0	0
AF	0	0.143973	1	1	0	0	0	0	0
AF	0	0.144285	4	3	1	0	0	0	0
AF	0	0.144597	2	1	1	0	0	0	0
AF	0	0.144909	2	2	0	0	0	0	0
AF	0	0.145534	4	2	2	0	0	0	0
AF	0	0.145846	1	1	0	0	0	0	0
AF	0	0.146159	2	1	1	0	0	0	0
AF	0	0.146471	1	1	0	0	0	0	0
AF	0	0.146783	5	2	3	0	0	0	0
AF	0	0.147096	2	2	0	0	0	0	0
AF	0	0.147408	6	3	3	0	0	0	0
AF	0	0.147720	1	1	0	0	0	0	0
AF	0	0.148032	2	1	1	0	0	0	0
AF	0	0.148657	5	4	1	0	0	0	0
AF	0	0.148969	2	2	0	0	0	0	0
AF	0	0.149282	8	4	4	0	0	0	0
AF	0	0.149594	7	4	3	0	0	0	0
AF	0	0.149906	4	2	2	0	0	0	0
AF	0	0.150219	2	1	1	0	0	0	0
AF	0	0.150531	2	2	0	0	0	0	0
AF	0	0.150843	3	3	0	0	0	0	0
AF	0	0.151156	12	10	2	0	0	0	0
AF	0	0.151468	4	4	0	0	0	0	0
AF	0	0.151780	15	10	5	0	0	0	0
AF	0	0.152092	2	2	0	0	0	0	0
AF	0	0.152717	1	0	1	0	0	0	0
AF	0	0.153029	3	2	1	0	0	0	0
AF	0	0.153342	1	1	0	0	0	0	0
AF	0	0.154279	4	0	4	0	0	0	0
AF	0	0.154591	1	1	0	0	0	0	0
AF	0	0.154903	1	1	0	0	0	0	0
AF	0	0.155215	1	1	0	0	0	0	0
AF	0	0.156152	1	1	0	0	0	0	0
AF	0	0.156777	1	1	0	0	0	0	0
AF	0	0.157402	5	2	3	0	0	0	0
AF	0	0.157714	4	2	2	0	0	0	0
AF	0	0.158026	1	0	1	0	0	0	0
AF	0	0.158339	1	1	0	0	0	0	0
AF	0	0.158651	3	3	0	0	0	0	0
AF	0	0.158963	1	0	1	0	0	0	0
AF	0	0.159275	3	1	2	0	0	0	0
AF	0	0.159588	1	0	1	0	0	0	0
AF	0	0.159900	1	0	1	0	0	0	0
AF	0	0.160212	2	2	0	0	0	0	0
AF	0	0.160525	1	1	0	0	0	0	0
AF	0	0.160837	2	0	2	0	0	0	0
AF	0	0.161149	6	4	2	0	0	0	0
AF	0	0.161774	5	2	3	0	0	0	0
AF	0	0.162086	2	1	1	0	0	0	0
AF	0	0.162399	4	4	0	0	0	0	0
AF	0	0.163023	4	2	2	0	0	0	0
AF	0	0.163335	2	1	1	0	0	0	0
AF	0	0.163648	4	3	1	0	0	0	0
AF	0	0.163960	3	1	2	0	0	0	0
AF	0	0.164272	5	4	1	0	0	0	0
AF	0	0.164897	2	1	1	0	0	0	0
AF	0	0.165209	4	2	2	0	0	0	0
AF	0	0.165522	2	1	1	0	0	0	0
AF	0	0.166146	3	1	2	0	0	0	0
AF	0	0.166771	2	2	0	0	0	0	0
AF	0	0.167083	2	2	0	0	0	0	0
AF	0	0.167708	2	1	1	0	0	0	0
AF	0	0.168020	1	0	1	0	0	0	0
AF	0	0.168332	1	1	0	0	0	0	0
AF	0	0.168645	2	1	1	0	0	0	0
AF	0	0.168957	5	2	3	0	0	0	0
AF	0	0.170206	1	1	0	0	0	0	0
AF	0	0.170518	2	2	0	0	0	0	0
AF	0	0.170831	1	1	0	0	0	0	0
AF	0	0.171143	2	1	1	0	0	0	0
AF	0	0.171455	1	0	1	0	0	0	0
AF	0	0.171768	3	1	2	0	0	0	0
AF	0	0.172080	1	1	0	0	0	0	0
AF	0	0.172705	2	2	0	0	0	0	0
AF	0	0.173017	4	3	1	0	0	0	0
AF	0	0.173329	2	1	1	0	0	0	0
AF	0	0.173641	5	3	2	0	0	0	0
AF	0	0.173954	1	0	1	0	0	0	0
AF	0	0.174266	2	2	0	0	0	0	0
AF	0	0.174578	2	1	1	0	0	0	0
AF	0	0.175203	1	0	1	0	0	0	0
AF	0	0.175515	6	4	2	0	0	0	0
AF	0	0.176140	3	2	1	0	0	0	0
AF	0	0.176765	3	2	1	0	0	0	0
AF	0	0.177389	1	1	0	0	0	0	0
AF	0	0.178014	2	2	0	0	0	0	0
AF	0	0.178326	2	1	1	0	0	0	0
AF	0	0.178951	1	1	0	0	0	0	0
AF	0	0.179263	1	1	0	0	0	0	0
AF	0	0.179888	2	0	2	0	0	0	0
AF	0	0.180200	1	1	0	0	0	0	0
AF	0	0.180512	3	3	0	0	0	0	0
AF	0	0.181449	1	1	0	0	0	0	0
AF	0	0.181761	3	2	1	0	0	0	0
AF	0	0.182074	4	3	1	0	0	0	0
AF	0	0.182386	2	2	0	0	0	0	0
AF	0	0.182698	4	2	2	0	0	0	0
AF	0	0.183011	9	4	5	0	0	0	0
AF	0	0.183323	1	1	0	0	0	0	0
AF	0	0.183635	2	2	0	0	0	0	0
AF	0	0.183948	2	1	1	0	0	0	0
AF	0	0.184260	2	2	0	0	0	0	0
AF	0	0.184884	3	2	1	0	0	0	0
AF	0	0.185197	2	0	2	0	0	0	0
AF	0	0.185509	2	1	1	0	0	0	0
AF	0	0.185821	4	4	0	0	0	0	0
AF	0	0.186134	1	0	1	0	0	0	0
AF	0	0.186758	2	1	1	0	0	0	0
AF	0	0.187383	1	1	0	0	0	0	0
AF	0	0.187695	2	2	0	0	0	0	0
AF	0	0.188007	1	1	0	0	0	0	0
AF	0	0.188320	2	2	0	0	0	0	0
AF	0	0.188632	2	1	1	0	0	0	0
AF	0	0.188944	2	2	0	0	0	0	0
AF	0	0.189257	3	3	0	0	0	0	0
AF	0	0.189881	4	2	2	0	0	0	0
AF	0	0.190194	1	0	1	0	0	0	0
AF	0	0.190506	2	2	0	0	0	0	0
AF	0	0.190818	4	4	0	0	0	0	0
AF	0	0.191131	6	3	3	0	0	0	0
AF	0	0.191755	6	2	4	0	0	0	0
AF	0	0.192067	1	1	0	0	0	0	0
AF	0	0.192380	8	4	4	0	0	0	0
AF	0	0.193004	4	1	3	0	0	0	0
AF	0	0.193629	2	0	2	0	0	0	0
AF	0	0.193941	3	2	1	0	0	0	0
AF	0	0.194254	3	2	1	0	0	0	0
AF	0	0.194878	4	1	3	0	0	0	0
AF	0	0.195191	4	4	0	0	0	0	0
AF	0	0.195503	4	3	1	0	0	0	0
AF	0	0.195815	1	0	1	0	0	0	0
AF	0	0.196127	3	3	0	0	0	0	0
AF	0	0.196440	1	1	0	0	0	0	0
AF	0	0.196752	1	1	0	0	0	0	0
AF	0	0.197064	2	1	1	0	0	0	0
AF	0	0.197377	4	4	0	0	0	0	0
AF	0	0.197689	6	6	0	0	0	0	0
AF	0	0.198001	1	0	1	0	0	0	0
AF	0	0.198626	2	2	0	0	0	0	0
AF	0	0.198938	1	1	0	0	0	0	0
AF	0	0.199250	1	1	0	0	0	0	0
AF	0	0.199563	3	1	2	0	0	0	0
AF	0	0.200500	3	2	1	0	0	0	0
AF	0	0.201437	3	1	2	0	0	0	0
AF	0	0.201749	2	1	1	0	0	0	0
AF	0	0.202061	1	0	1	0	0	0	0
AF	0	0.202374	1	1	0	0	0	0	0
AF	0	0.202998	1	0	1	0	0	0	0
AF	0	0.203310	1	1	0	0	0	0	0
AF	0	0.203623	1	1	0	0	0	0	0
AF	0	0.205184	2	1	1	0	0	0	0
AF	0	0.205497	1	0	1	0	0	0	0
AF	0	0.206121	2	2	0	0	0	0	0
AF	0	0.207058	1	0	1	0	0	0	0
AF	0	0.207370	2	0	2	0	0	0	0
AF	0	0.207995	4	2	2	0	0	0	0
AF	0	0.208307	1	1	0	0	0	0	0
AF	0	0.208620	2	2	0	0	0	0	0
AF	0	0.208932	2	2	0	0	0	0	0
AF	0	0.209244	3	3	0	0	0	0	0
AF	0	0.209869	1	1	0	0	0	0	0
AF	0	0.210493	1	1	0	0	0	0	0
AF	0	0.211430	2	1	1	0	0	0	0
AF	0	0.211743	2	2	0	0	0	0	0
AF	0	0.212055	1	1	0	0	0	0	0
AF	0	0.212367	2	1	1	0	0	0	0
AF	0	0.212992	1	0	1	0	0	0	0
AF	0	0.213929	1	1	0	0	0	0	0
AF	0	0.214553	1	0	1	0	0	0	0
AF	0	0.214866	2	2	0	0	0	0	0
AF	0	0.215178	1	0	1	0	0	0	0
AF	0	0.215490	2	2	0	0	0	0	0
AF	0	0.216115	3	2	1	0	0	0	0
AF	0	0.216427	4	3	1	0	0	0	0
AF	0	0.216740	2	0	2	0	0	0	0
AF	0	0.217052	1	1	0	0	0	0	0
AF	0	0.217364	2	1	1	0	0	0	0
AF	0	0.217676	1	1	0	0	0	0	0
AF	0	0.218301	1	0	1	0	0	0	0
AF	0	0.220487	1	1	0	0	0	0	0
AF	0	0.220800	3	3	0	0	0	0	0
AF	0	0.221112	3	2	1	0	0	0	0
AF	0	0.221736	1	1	0	0	0	0	0
AF	0	0.222986	1	0	1	0	0	0	0
AF	0	0.223298	2	1	1	0	0	0	0
AF	0	0.223923	1	1	0	0	0	0	0
AF	0	0.225484	1	0	1	0	0	0	0
AF	0	0.225796	1	1	0	0	0	0	0
AF	0	0.226421	5	5	0	0	0	0	0
AF	0	0.227046	1	1	0	0	0	0	0
AF	0	0.227670	1	1	0	0	0	0	0
AF	0	0.228295	2	2	0	0	0	0	0
AF	0	0.228607	1	0	1	0	0	0	0
AF	0	0.230169	2	2	0	0	0	0	0
AF	0	0.230793	2	1	1	0	0	0	0
AF	0	0.231106	1	0	1	0	0	0	0
AF	0	0.232042	1	0	1	0	0	0	0
AF	0	0.232355	1	1	0	0	0	0	0
AF	0	0.232667	1	0	1	0	0	0	0
AF	0	0.233292	1	0	1	0	0	0	0
AF	0	0.233604	2	1	1	0	0	0	0
AF	0	0.233916	1	0	1	0	0	0	0
AF	0	0.234853	1	1	0	0	0	0	0
AF	0	0.235166	1	1	0	0	0	0	0
AF	0	0.236102	1	0	1	0	0	0	0
AF	0	0.236415	2	1	1	0	0	0	0
AF	0	0.237352	1	1	0	0	0	0	0
AF	0	0.237664	1	1	0	0	0	0	0
AF	0	0.238289	3	3	0	0	0	0	0
AF	0	0.238601	2	1	1	0	0	0	0
AF	0	0.238913	5	3	2	0	0	0	0
AF	0	0.239538	2	2	0	0	0	0	0
AF	0	0.239850	3	2	1	0	0	0	0
AF	0	0.240162	2	2	0	0	0	0	0
AF	0	0.241412	2	2	0	0	0	0	0
AF	0	0.242036	1	1	0	0	0	0	0
AF	0	0.242661	6	3	3	0	0	0	0
AF	0	0.242973	2	2	0	0	0	0	0
AF	0	0.243285	9	5	4	0	0	0	0
AF	0	0.243598	24	17	7	0	0	0	0
AF	0	0.243910	11	7	4	0	0	0	0
AF	0	0.244222	2	2	0	0	0	0	0
AF	0	0.244535	2	1	1	0	0	0	0
AF	0	0.244847	1	1	0	0	0	0	0
AF	0	0.245159	5	4	1	0	0	0	0
AF	0	0.245472	2	1	1	0	0	0	0
AF	0	0.245784	2	2	0	0	0	0	0
AF	0	0.246096	3	2	1	0	0	0	0
AF	0	0.246408	4	1	3	0	0	0	0
AF	0	0.246721	3	1	2	0	0	0	0
AF	0	0.247033	4	4	0	0	0	0	0
AF	0	0.247345	2	1	1	0	0	0	0
AF	0	0.247658	3	3	0	0	0	0	0
AF	0	0.247970	1	0	1	0	0	0	0
AF	0	0.248282	2	1	1	0	0	0	0
AF	0	0.248595	1	0	1	0	0	0	0
AF	0	0.248907	4	3	1	0	0	0	0
AF	0	0.249219	3	2	1	0	0	0	0
AF	0	0.249532	4	3	1	0	0	0	0
AF	0	0.249844	2	1	1	0	0	0	0
AF	0	0.250468	3	3	0	0	0	0	0
AF	0	0.250781	4	2	2	0	0	0	0
AF	0	0.251093	5	4	1	0	0	0	0
AF	0	0.251405	4	1	3	0	0	0	0
AF	0	0.251718	1	0	1	0	0	0	0
AF	0	0.252030	6	4	2	0	0	0	0
AF	0	0.252342	1	1	0	0	0	0	0
AF	0	0.252655	1	0	1	0	0	0	0
AF	0	0.252967	1	0	1	0	0	0	0
AF	0	0.253279	2	1	1	0	0	0	0
AF	0	0.253592	2	1	1	0	0	0	0
AF	0	0.253904	6	5	1	0	0	0	0
AF	0	0.254216	5	4	1	0	0	0	0
AF	0	0.254528	3	3	0	0	0	0	0
AF	0	0.255153	3	3	0	0	0	0	0
AF	0	0.255465	1	1	0	0	0	0	0
AF	0	0.255778	5	4	1	0	0	0	0
AF	0	0.256090	2	2	0	0	0	0	0
AF	0	0.256402	8	5	3	0	0	0	0
AF	0	0.256715	5	2	3	0	0	0	0
AF	0	0.257027	10	6	4	0	0	0	0
AF	0	0.257339	7	5	2	0	0	0	0
AF	0	0.257651	3	3	0	0	0	0	0
AF	0	0.257964	2	1	1	0	0	0	0
AF	0	0.258276	3	3	0	0	0	0	0
AF	0	0.259213	1	1	0	0	0	0	0
AF	0	0.259525	2	1	1	0	0	0	0
AF	0	0.260150	2	1	1	0	0	0	0
AF	0	0.260462	1	0	1	0	0	0	0
AF	0	0.260775	4	4	0	0	0	0	0
AF	0	0.261087	3	3	0	0	0	0	0
AF	0	0.261399	2	2	0	0	0	0	0
AF	0	0.262648	2	2	0	0	0	0	0
AF	0	0.262961	1	1	0	0	0	0	0
AF	0	0.263585	2	1	1	0	0	0	0
AF	0	0.263898	3	2	1	0	0	0	0
AF	0	0.264210	1	1	0	0	0	0	0
AF	0	0.264522	2	0	2	0	0	0	0
AF	0	0.264834	1	1	0	0	0	0	0
AF	0	0.265147	2	1	1	0	0	0	0
AF	0	0.265459	1	0	1	0	0	0	0
AF	0	0.265771	1	1	0	0	0	0	0
AF	0	0.266084	1	0	1	0	0	0	0
AF	0	0.266396	5	3	2	0	0	0	0
AF	0	0.267021	1	0	1	0	0	0	0
AF	0	0.267333	1	1	0	0	0	0	0
AF	0	0.267645	2	2	0	0	0	0	0
AF	0	0.268270	1	1	0	0	0	0	0
AF	0	0.268894	2	1	1	0	0	0	0
AF	0	0.269831	1	1	0	0	0	0	0
AF	0	0.270144	2	1	1	0	0	0	0
AF	0	0.270456	1	0	1	0	0	0	0
AF	0	0.270768	1	1	0	0	0	0	0
AF	0	0.271393	2	1	1	0	0	0	0
AF	0	0.272017	3	2	1	0	0	0	0
AF	0	0.272330	1	0	1	0	0	0	0
AF	0	0.272642	6	6	0	0	0	0	0
AF	0	0.272954	1	1	0	0	0	0	0
AF	0	0.273267	3	1	2	0	0	0	0
AF	0	0.273891	2	2	0	0	0	0	0
AF	0	0.274204	1	1	0	0	0	0	0
AF	0	0.274516	1	1	0	0	0	0	0
AF	0	0.274828	1	1	0	0	0	0	0
AF	0	0.275141	3	2	1	0	0	0	0
AF	0	0.275453	1	0	1	0	0	0	0
AF	0	0.275765	1	0	1	0	0	0	0
AF	0	0.276390	3	0	3	0	0	0	0
AF	0	0.276702	1	1	0	0	0	0	0
AF	0	0.277951	3	2	1	0	0	0	0
AF	0	0.278264	3	2	1	0	0	0	0
AF	0	0.278576	2	2	0	0	0	0	0
AF	0	0.278888	6	3	3	0	0	0	0
AF	0	0.279200	2	1	1	0	0	0	0
AF	0	0.279513	8	5	3	0	0	0	0
AF	0	0.279825	5	4	1	0	0	0	0
AF	0	0.280137	11	9	2	0	0	0	0
AF	0	0.280450	4	1	3	0	0	0	0
AF	0	0.282011	1	0	1	0	0	0	0
AF	0	0.284197	1	1	0	0	0	0	0
AF	0	0.285134	1	1	0	0	0	0	0
AF	0	0.285759	1	1	0	0	0	0	0
AF	0	0.286696	1	1	0	0	0	0	0
AF	0	0.287008	2	1	1	0	0	0	0
AF	0	0.287945	2	1	1	0	0	0	0
AF	0	0.288257	8	6	2	0	0	0	0
AF	0	0.288570	1	1	0	0	0	0	0
AF	0	0.289507	1	1	0	0	0	0	0
AF	0	0.289819	1	1	0	0	0	0	0
AF	0	0.290756	2	1	1	0	0	0	0
AF	0	0.291068	1	0	1	0	0	0	0
AF	0	0.291380	3	2	1	0	0	0	0
AF	0	0.291693	2	2	0	0	0	0	0
AF	0	0.292005	5	5	0	0	0	0	0
AF	0	0.292317	4	3	1	0	0	0	0
AF	0	0.292630	1	1	0	0	0	0	0
AF	0	0.293254	1	1	0	0	0	0	0
AF	0	0.293567	1	1	0	0	0	0	0
AF	0	0.294503	1	1	0	0	0	0	0
AF	0	0.295128	1	0	1	0	0	0	0
AF	0	0.295440	1	1	0	0	0	0	0
AF	0	0.296377	1	1	0	0	0	0	0
AF	0	0.297002	2	1	1	0	0	0	0
AF	0	0.297626	4	2	2	0	0	0	0
AF	0	0.298251	1	1	0	0	0	0	0
AF	0	0.299813	1	1	0	0	0	0	0
AF	0	0.301374	1	0	1	0	0	0	0
AF	0	0.301686	1	0	1	0	0	0	0
AF	0	0.302623	1	1	0	0	0	0	0
AF	0	0.303248	1	1	0	0	0	0	0
AF	0	0.304497	1	1	0	0	0	0	0
AF	0	0.305122	1	0	1	0	0	0	0
AF	0	0.306059	2	2	0	0	0	0	0
AF	0	0.306371	2	2	0	0	0	0	0
AF	0	0.306683	1	0	1	0	0	0	0
AF	0	0.306996	1	0	1	0	0	0	0
AF	0	0.307933	3	3	0	0	0	0	0
AF	0	0.308245	6	1	5	0	0	0	0
AF	0	0.308557	6	6	0	0	0	0	0
AF	0	0.308869	2	1	1	0	0	0	0
AF	0	0.309182	1	0	1	0	0	0	0
AF	0	0.309494	1	1	0	0	0	0	0
AF	0	0.309806	1	1	0	0	0	0	0
AF	0	0.310119	3	3	0	0	0	0	0
AF	0	0.310431	1	0	1	0	0	0	0
AF	0	0.310743	1	1	0	0	0	0	0
AF	0	0.311056	1	1	0	0	0	0	0
AF	0	0.311368	1	0	1	0	0	0	0
AF	0	0.311993	1	0	1	0	0	0	0
AF	0	0.312305	1	0	1	0	0	0	0
AF	0	0.312617	6	3	3	0	0	0	0
AF	0	0.312929	3	2	1	0	0	0	0
AF	0	0.313242	3	2	1	0	0	0	0
AF	0	0.313554	1	0	1	0	0	0	0
AF	0	0.313866	2	1	1	0	0	0	0
AF	0	0.314179	3	1	2	0	0	0	0
AF	0	0.314491	5	5	0	0	0	0	0
AF	0	0.314803	4	4	0	0	0	0	0
AF	0	0.315116	6	5	1	0	0	0	0
AF	0	0.315428	2	1	1	0	0	0	0
AF	0	0.315740	3	3	0	0	0	0	0
AF	0	0.316677	1	1	0	0	0	0	0
AF	0	0.317926	1	1	0	0	0	0	0
AF	0	0.318239	1	1	0	0	0	0	0
AF	0	0.318551	3	2	1	0	0	0	0
AF	0	0.318863	6	3	3	0	0	0	0
AF	0	0.320112	2	2	0	0	0	0	0
AF	0	0.321986	2	2	0	0	0	0	0
AF	0	0.322611	2	0	2	0	0	0	0
AF	0	0.323235	2	1	1	0	0	0	0
AF	0	0.323548	1	1	0	0	0	0	0
AF	0	0.323860	2	2	0	0	0	0	0
AF	0	0.325422	1	1	0	0	0	0	0
AF	0	0.325734	1	1	0	0	0	0	0
AF	0	0.327920	2	0	2	0	0	0	0
AF	0	0.328232	1	1	0	0	0	0	0
AF	0	0.328545	1	0	1	0	0	0	0
AF	0	0.328857	2	1	1	0	0	0	0
AF	0	0.329169	2	1	1	0	0	0	0
AF	0	0.329482	1	0	1	0	0	0	0
AF	0	0.329794	1	1	0	0	0	0	0
AF	0	0.330106	2	0	2	0	0	0	0
AF	0	0.330418	1	0	1	0	0	0	0
AF	0	0.330731	2	2	0	0	0	0	0
AF	0	0.331355	1	0	1	0	0	0	0
AF	0	0.331980	4	3	1	0	0	0	0
AF	0	0.332292	2	2	0	0	0	0	0
AF	0	0.332605	3	2	1	0	0	0	0
AF	0	0.332917	1	0	1	0	0	0	0
AF	0	0.333229	1	1	0	0	0	0	0
AF	0	0.333854	1	1	0	0	0	0	0
AF	0	0.334166	3	2	1	0	0	0	0
AF	0	0.334791	2	1	1	0	0	0	0
AF	0	0.335103	2	2	0	0	0	0	0
AF	0	0.335415	1	1	0	0	0	0	0
AF	0	0.336040	4	3	1	0	0	0	0
AF	0	0.336352	1	0	1	0	0	0	0
AF	0	0.336665	5	4	1	0	0	0	0
AF	0	0.336977	2	1	1	0	0	0	0
AF	0	0.337289	3	0	3	0	0	0	0
AF	0	0.338538	1	0	1	0	0	0	0
AF	0	0.339163	1	1	0	0	0	0	0
AF	0	0.339788	1	1	0	0	0	0	0
AF	0	0.340412	2	1	1	0	0	0	0
AF	0	0.340725	1	1	0	0	0	0	0
AF	0	0.341037	8	6	2	0	0	0	0
AF	0	0.341349	1	0	1	0	0	0	0
AF	0	0.341661	1	0	1	0	0	0	0
AF	0	0.341974	1	1	0	0	0	0	0
AF	0	0.342286	3	1	2	0	0	0	0
AF	0	0.342598	1	0	1	0	0	0	0
AF	0	0.342911	11	3	8	0	0	0	0
AF	0	0.343223	6	5	1	0	0	0	0
AF	0	0.343535	4	3	1	0	0	0	0
AF	0	0.343848	2	1	1	0	0	0	0
AF	0	0.344160	2	1	1	0	0	0	0
AF	0	0.344472	4	2	2	0	0	0	0
AF	0	0.344785	3	2	1	0	0	0	0
AF	0	0.345097	1	1	0	0	0	0	0
AF	0	0.345409	4	2	2	0	0	0	0
AF	0	0.345721	3	3	0	0	0	0	0
AF	0	0.346034	5	2	3	0	0	0	0
AF	0	0.346346	2	1	1	0	0	0	0
AF	0	0.346658	4	3	1	0	0	0	0
AF	0	0.346971	1	0	1	0	0	0	0
AF	0	0.347283	3	2	1	0	0	0	0
AF	0	0.347908	3	3	0	0	0	0	0
AF	0	0.348532	1	1	0	0	0	0	0
AF	0	0.349157	2	2	0	0	0	0	0
AF	0	0.349469	1	1	0	0	0	0	0
AF	0	0.350718	2	2	0	0	0	0	0
AF	0	0.351031	1	1	0	0	0	0	0
AF	0	0.351343	1	0	1	0	0	0	0
AF	0	0.351655	1	1	0	0	0	0	0
AF	0	0.352592	2	2	0	0	0	0	0
AF	0	0.352904	1	1	0	0	0	0	0
AF	0	0.353529	1	0	1	0	0	0	0
AF	0	0.354466	1	1	0	0	0	0	0
AF	0	0.354778	6	4	2	0	0	0	0
AF	0	0.355091	1	1	0	0	0	0	0
AF	0	0.355403	2	0	2	0	0	0	0
AF	0	0.356652	1	0	1	0	0	0	0
AF	0	0.356964	1	1	0	0	0	0	0
AF	0	0.357277	1	1	0	0	0	0	0
AF	0	0.357901	5	3	2	0	0	0	0
AF	0	0.358214	1	0	1	0	0	0	0
AF	0	0.358526	1	1	0	0	0	0	0
AF	0	0.358838	1	1	0	0	0	0	0
AF	0	0.360400	2	1	1	0	0	0	0
AF	0	0.361961	1	0	1	0	0	0	0
AF	0	0.362274	1	0	1	0	0	0	0
AF	0	0.362586	1	0	1	0	0	0	0
AF	0	0.362898	3	1	2	0	0	0	0
AF	0	0.363210	2	2	0	0	0	0	0
AF	0	0.363523	2	2	0	0	0	0	0
AF	0	0.363835	1	1	0	0	0	0	0
AF	0	0.364147	3	1	2	0	0	0	0
AF	0	0.365084	1	1	0	0	0	0	0
AF	0	0.365397	1	1	0	0	0	0	0
AF	0	0.367270	1	0	1	0	0	0	0
AF	0	0.368207	2	1	1	0	0	0	0
AF	0	0.368520	1	1	0	0	0	0	0
AF	0	0.368832	2	0	2	0	0	0	0
AF	0	0.369144	3	2	1	0	0	0	0
AF	0	0.369457	1	0	1	0	0	0	0
AF	0	0.369769	2	2	0	0	0	0	0
AF	0	0.370706	1	1	0	0	0	0	0
AF	0	0.371018	2	1	1	0	0	0	0
AF	0	0.371643	2	0	2	0	0	0	0
AF	0	0.372267	2	1	1	0	0	0	0
AF	0	0.372580	4	3	1	0	0	0	0
AF	0	0.372892	1	1	0	0	0	0	0
AF	0	0.373517	2	2	0	0	0	0	0
AF	0	0.374141	3	1	2	0	0	0	0
AF	0	0.374766	3	2	1	0	0	0	0
AF	0	0.375078	1	1	0	0	0	0	0
AF	0	0.375390	3	3	0	0	0	0	0
AF	0	0.375703	2	1	1	0	0	0	0
AF	0	0.376015	2	0	2	0	0	0	0
AF	0	0.376327	2	2	0	0	0	0	0
AF	0	0.376640	9	4	5	0	0	0	0
AF	0	0.376952	5	3	2	0	0	0	0
AF	0	0.377264	14	10	4	0	0	0	0
AF	0	0.377577	4	3	1	0	0	0	0
AF	0	0.377889	3	2	1	0	0	0	0
AF	0	0.378201	2	1	1	0	0	0	0
AF	0	0.378513	2	1	1	0	0	0	0
AF	0	0.378826	1	1	0	0	0	0	0
AF	0	0.379138	3	2	1	0	0	0	0
AF	0	0.379450	1	1	0	0	0	0	0
AF	0	0.379763	1	1	0	0	0	0	0
AF	0	0.380387	3	3	0	0	0	0	0
AF	0	0.380700	2	2	0	0	0	0	0
AF	0	0.381012	3	3	0	0	0	0	0
AF	0	0.381324	1	1	0	0	0	0	0
AF	0	0.381636	1	0	1	0	0	0	0
AF	0	0.382261	4	4	0	0	0	0	0
AF	0	0.382573	4	2	2	0	0	0	0
AF	0	0.382886	5	3	2	0	0	0	0
AF	0	0.383198	2	0	2	0	0	0	0
AF	0	0.384135	2	2	0	0	0	0	0
AF	0	0.384447	1	0	1	0	0	0	0
AF	0	0.384760	1	1	0	0	0	0	0
AF	0	0.385384	2	1	1	0	0	0	0
AF	0	0.387570	1	1	0	0	0	0	0
AF	0	0.387883	7	4	3	0	0	0	0
AF	0	0.388195	9	6	3	0	0	0	0
AF	0	0.388507	9	7	2	0	0	0	0
AF	0	0.389444	1	0	1	0	0	0	0
AF	0	0.391630	1	1	0	0	0	0	0
AF	0	0.392255	1	1	0	0	0	0	0
AF	0	0.392567	1	1	0	0	0	0	0
AF	0	0.392879	1	1	0	0	0	0	0
AF	0	0.393504	1	0	1	0	0	0	0
AF	0	0.393816	1	0	1	0	0	0	0
AF	0	0.394129	1	0	1	0	0	0	0
AF	0	0.394441	1	1	0	0	0	0	0
AF	0	0.395066	1	1	0	0	0	0	0
AF	0	0.395378	5	5	0	0	0	0	0
AF	0	0.395690	4	3	1	0	0	0	0
AF	0	0.396002	1	1	0	0	0	0	0
AF	0	0.396627	1	1	0	0	0	0	0
AF	0	0.397252	1	1	0	0	0	0	0
AF	0	0.397564	1	0	1	0	0	0	0
AF	0	0.398501	1	1	0	0	0	0	0
AF	0	0.398813	2	0	2	0	0	0	0
AF	0	0.399126	2	2	0	0	0	0	0
AF	0	0.400375	1	0	1	0	0	0	0
AF	0	0.402249	1	1	0	0	0	0	0
AF	0	0.402561	1	1	0	0	0	0	0
AF	0	0.402873	1	0	1	0	0	0	0
AF	0	0.403498	2	1	1	0	0	0	0
AF	0	0.404122	2	2	0	0	0	0	0
AF	0	0.404747	1	1	0	0	0	0	0
AF	0	0.405372	1	1	0	0	0	0	0
AF	0	0.405684	1	1	0	0	0	0	0
AF	0	0.407245	3	2	1	0	0	0	0
AF	0	0.407870	2	0	2	0	0	0	0
AF	0	0.408182	1	1	0	0	0	0	0
AF	0	0.408495	3	2	1	0	0	0	0
AF	0	0.410681	1	0	1	0	0	0	0
AF	0	0.411618	1	1	0	0	0	0	0
AF	0	0.411930	2	2	0	0	0	0	0
AF	0	0.412242	14	7	7	0	0	0	0
AF	0	0.412555	4	4	0	0	0	0	0
AF	0	0.412867	5	4	1	0	0	0	0
AF	0	0.413179	2	2	0	0	0	0	0
AF	0	0.413492	1	0	1	0	0	0	0
AF	0	0.413804	1	1	0	0	0	0	0
AF	0	0.414116	2	0	2	0	0	0	0
AF	0	0.414428	1	1	0	0	0	0	0
AF	0	0.414741	10	8	2	0	0	0	0
AF	0	0.415053	1	1	0	0	0	0	0
AF	0	0.415365	7	4	3	0	0	0	0
AF	0	0.415678	1	0	1	0	0	0	0
AF	0	0.415990	1	1	0	0	0	0	0
AF	0	0.416615	4	3	1	0	0	0	0
AF	0	0.416927	5	4	1	0	0	0	0
AF	0	0.417239	6	4	2	0	0	0	0
AF	0	0.417552	9	5	4	0	0	0	0
AF	0	0.417864	8	6	2	0	0	0	0
AF	0	0.418176	1	1	0	0	0	0	0
AF	0	0.418488	4	3	1	0	0	0	0
AF	0	0.419113	1	1	0	0	0	0	0
AF	0	0.419738	2	2	0	0	0	0	0
AF	0	0.420050	1	1	0	0	0	0	0
AF	0	0.420362	1	1	0	0	0	0	0
AF	0	0.420675	3	1	2	0	0	0	0
AF	0	0.420987	2	2	0	0	0	0	0
AF	0	0.421299	4	3	1	0	0	0	0
AF	0	0.421611	1	1	0	0	0	0	0
AF	0	0.422236	4	3	1	0	0	0	0
AF	0	0.422861	1	1	0	0	0	0	0
AF	0	0.423485	1	0	1	0	0	0	0
AF	0	0.423798	1	1	0	0	0	0	0
AF	0	0.424110	1	1	0	0	0	0	0
AF	0	0.424735	4	3	1	0	0	0	0
AF	0	0.425047	1	0	1	0	0	0	0
AF	0	0.425984	2	1	1	0	0	0	0
AF	0	0.426296	2	2	0	0	0	0	0
AF	0	0.430044	1	1	0	0	0	0	0
AF	0	0.430356	2	1	1	0	0	0	0
AF	0	0.430981	4	2	2	0	0	0	0
AF	0	0.431293	1	0	1	0	0	0	0
AF	0	0.431605	9	5	4	0	0	0	0
AF	0	0.431918	3	3	0	0	0	0	0
AF	0	0.432230	6	1	5	0	0	0	0
AF	0	0.432854	1	1	0	0	0	0	0
AF	0	0.433167	1	1	0	0	0	0	0
AF	0	0.433479	4	4	0	0	0	0	0
AF	0	0.434104	1	0	1	0	0	0	0
AF	0	0.435041	1	1	0	0	0	0	0
AF	0	0.435353	1	1	0	0	0	0	0
AF	0	0.435665	1	0	1	0	0	0	0
AF	0	0.436914	1	1	0	0	0	0	0
AF	0	0.437227	2	1	1	0	0	0	0
AF	0	0.437539	1	1	0	0	0	0	0
AF	0	0.437851	2	1	1	0	0	0	0
AF	0	0.438164	1	1	0	0	0	0	0
AF	0	0.438476	2	2	0	0	0	0	0
AF	0	0.439101	1	0	1	0	0	0	0
AF	0	0.439725	2	2	0	0	0	0	0
AF	0	0.441911	1	1	0	0	0	0	0
AF	0	0.442224	2	1	1	0	0	0	0
AF	0	0.444097	1	1	0	0	0	0	0
AF	0	0.444410	1	1	0	0	0	0	0
AF	0	0.444722	1	1	0	0	0	0	0
AF	0	0.445659	1	1	0	0	0	0	0
AF	0	0.446596	1	0	1	0	0	0	0
AF	0	0.447845	1	1	0	0	0	0	0
AF	0	0.449407	1	1	0	0	0	0	0
AF	0	0.449719	1	0	1	0	0	0	0
AF	0	0.450031	1	1	0	0	0	0	0
AF	0	0.450656	2	1	1	0	0	0	0
AF	0	0.450968	1	1	0	0	0	0	0
AF	0	0.453779	1	0	1	0	0	0	0
AF	0	0.455340	1	1	0	0	0	0	0
AF	0	0.455653	1	1	0	0	0	0	0
AF	0	0.456277	1	1	0	0	0	0	0
AF	0	0.456902	2	1	1	0	0	0	0
AF	0	0.457214	1	1	0	0	0	0	0
AF	0	0.457527	7	7	0	0	0	0	0
AF	0	0.457839	3	1	2	0	0	0	0
AF	0	0.459713	1	1	0	0	0	0	0
AF	0	0.460025	1	0	1	0	0	0	0
AF	0	0.460337	2	1	1	0	0	0	0
AF	0	0.460650	2	1	1	0	0	0	0
AF	0	0.461899	2	1	1	0	0	0	0
AF	0	0.462211	1	1	0	0	0	0	0
AF	0	0.462523	3	3	0	0	0	0	0
AF	0	0.462836	1	0	1	0	0	0	0
AF	0	0.464397	1	1	0	0	0	0	0
AF	0	0.467520	2	2	0	0	0	0	0
AF	0	0.467833	1	1	0	0	0	0	0
AF	0	0.468145	1	1	0	0	0	0	0
AF	0	0.468457	2	0	2	0	0	0	0
AF	0	0.468770	1	0	1	0	0	0	0
AF	0	0.469394	3	3	0	0	0	0	0
AF	0	0.470019	1	1	0	0	0	0	0
AF	0	0.470643	1	0	1	0	0	0	0
AF	0	0.471580	1	1	0	0	0	0	0
AF	0	0.471893	3	3	0	0	0	0	0
AF	0	0.473142	2	2	0	0	0	0	0
AF	0	0.473454	2	1	1	0	0	0	0
AF	0	0.473766	2	1	1	0	0	0	0
AF	0	0.475640	1	1	0	0	0	0	0
AF	0	0.475953	1	0	1	0	0	0	0
AF	0	0.476265	2	1	1	0	0	0	0
AF	0	0.476577	1	0	1	0	0	0	0
AF	0	0.477202	1	1	0	0	0	0	0
AF	0	0.477514	2	1	1	0	0	0	0
AF	0	0.478763	1	0	1	0	0	0	0
AF	0	0.480325	3	2	1	0	0	0	0
AF	0	0.480637	2	1	1	0	0	0	0
AF	0	0.480949	3	3	0	0	0	0	0
AF	0	0.481262	3	2	1	0	0	0	0
AF	0	0.481886	1	1	0	0	0	0	0
AF	0	0.483760	1	0	1	0	0	0	0
AF	0	0.484385	2	1	1	0	0	0	0
AF	0	0.485009	1	1	0	0	0	0	0
AF	0	0.485322	1	1	0	0	0	0	0
AF	0	0.485634	2	1	1	0	0	0	0
AF	0	0.486571	1	0	1	0	0	0	0
AF	0	0.487196	1	1	0	0	0	0	0
AF	0	0.487508	2	1	1	0	0	0	0
AF	0	0.487820	3	2	1	0	0	0	0
AF	0	0.488757	1	1	0	0	0	0	0
AF	0	0.489382	1	1	0	0	0	0	0
AF	0	0.489694	1	1	0	0	0	0	0
AF	0	0.497502	1	1	0	0	0	0	0
AF	0	0.498438	2	1	1	0	0	0	0
AF	0	0.499063	1	1	0	0	0	0	0
AF	0	0.501874	1	1	0	0	0	0	0
AF	0	0.502186	1	1	0	0	0	0	0
AF	0	0.503435	1	0	1	0	0	0	0
AF	0	0.504060	1	1	0	0	0	0	0
AF	0	0.505309	1	1	0	0	0	0	0
AF	0	0.509369	1	1	0	0	0	0	0
AF	0	0.513741	2	2	0	0	0	0	0
AF	0	0.514991	3	2	1	0	0	0	0
AF	0	0.515303	1	1	0	0	0	0	0
AF	0	0.516240	1	1	0	0	0	0	0
AF	0	0.516864	1	0	1	0	0	0	0
AF	0	0.517489	2	2	0	0	0	0	0
AF	0	0.517801	1	1	0	0	0	0	0
AF	0	0.518738	2	1	1	0	0	0	0
AF	0	0.519051	2	1	1	0	0	0	0
AF	0	0.519363	2	1	1	0	0	0	0
AF	0	0.519675	3	2	1	0	0	0	0
AF	0	0.519988	3	2	1	0	0	0	0
AF	0	0.520612	1	0	1	0	0	0	0
AF	0	0.521549	2	1	1	0	0	0	0
AF	0	0.522174	1	0	1	0	0	0	0
AF	0	0.522486	1	0	1	0	0	0	0
AF	0	0.522798	1	1	0	0	0	0	0
AF	0	0.524360	1	0	1	0	0	0	0
AF	0	0.524984	1	1	0	0	0	0	0
AF	0	0.525609	1	1	0	0	0	0	0
AF	0	0.526234	1	1	0	0	0	0	0
AF	0	0.526546	2	2	0	0	0	0	0
AF	0	0.526858	1	0	1	0	0	0	0
AF	0	0.528732	1	1	0	0	0	0	0
AF	0	0.529981	2	1	1	0	0	0	0
AF	0	0.530294	1	1	0	0	0	0	0
AF	0	0.530918	1	0	1	0	0	0	0
AF	0	0.531230	1	0	1	0	0	0	0
AF	0	0.535290	2	1	1	0	0	0	0
AF	0	0.536227	2	2	0	0	0	0	0
AF	0	0.536540	1	0	1	0	0	0	0
AF	0	0.537164	1	1	0	0	0	0	0
AF	0	0.538101	1	0	1	0	0	0	0
AF	0	0.539663	1	1	0	0	0	0	0
AF	0	0.539975	1	1	0	0	0	0	0
AF	0	0.540600	1	1	0	0	0	0	0
AF	0	0.541849	2	2	0	0	0	0	0
AF	0	0.542473	1	1	0	0	0	0	0
AF	0	0.543723	1	1	0	0	0	0	0
AF	0	0.544972	2	1	1	0	0	0	0
AF	0	0.545597	1	0	1	0	0	0	0
AF	0	0.545909	3	1	2	0	0	0	0
AF	0	0.546221	2	2	0	0	0	0	0
AF	0	0.546533	2	1	1	0	0	0	0
AF	0	0.547158	1	1	0	0	0	0	0
AF	0	0.547470	1	0	1	0	0	0	0
AF	0	0.548095	2	2	0	0	0	0	0
AF	0	0.548720	1	1	0	0	0	0	0
AF	0	0.549344	2	2	0	0	0	0	0
AF	0	0.549656	2	0	2	0	0	0	0
AF	0	0.549969	1	1	0	0	0	0	0
AF	0	0.550281	1	1	0	0	0	0	0
AF	0	0.550593	1	0	1	0	0	0	0
AF	0	0.551218	1	0	1	0	0	0	0
AF	0	0.552467	2	1	1	0	0	0	0
AF	0	0.553716	1	1	0	0	0	0	0
AF	0	0.554029	1	0	1	0	0	0	0
AF	0	0.555278	1	1	0	0	0	0	0
AF	0	0.555903	2	2	0	0	0	0	0
AF	0	0.556527	1	1	0	0	0	0	0
AF	0	0.556839	1	1	0	0	0	0	0
AF	0	0.557152	1	0	1	0	0	0	0
AF	0	0.560275	1	0	1	0	0	0	0
AF	0	0.560899	1	1	0	0	0	0	0
AF	0	0.562773	3	1	2	0	0	0	0
AF	0	0.563398	7	4	3	0	0	0	0
AF	0	0.563710	3	2	1	0	0	0	0
AF	0	0.564022	3	2	1	0	0	0	0
AF	0	0.564959	1	1	0	0	0	0	0
AF	0	0.565896	1	1	0	0	0	0	0
AF	0	0.566209	1	0	1	0	0	0	0
AF	0	0.566521	1	1	0	0	0	0	0
AF	0	0.567458	1	0	1	0	0	0	0
AF	0	0.567770	1	1	0	0	0	0	0
AF	0	0.568082	2	1	1	0	0	0	0
AF	0	0.568395	2	2	0	0	0	0	0
AF	0	0.568707	1	1	0	0	0	0	0
AF	0	0.569332	1	1	0	0	0	0	0
AF	0	0.569644	4	3	1	0	0	0	0
AF	0	0.570269	2	2	0	0	0	0	0
AF	0	0.570581	1	1	0	0	0	0	0
AF	0	0.571205	1	0	1	0	0	0	0
AF	0	0.571518	2	1	1	0	0	0	0
AF	0	0.572142	1	1	0	0	0	0	0
AF	0	0.572455	1	1	0	0	0	0	0
AF	0	0.573392	1	1	0	0	0	0	0
AF	0	0.574016	2	1	1	0	0	0	0
AF	0	0.575265	1	0	1	0	0	0	0
AF	0	0.577139	1	1	0	0	0	0	0
AF	0	0.577452	1	0	1	0	0	0	0
AF	0	0.577764	1	0	1	0	0	0	0
AF	0	0.579013	4	3	1	0	0	0	0
AF	0	0.579325	2	2	0	0	0	0	0
AF	0	0.579638	2	0	2	0	0	0	0
AF	0	0.580262	1	1	0	0	0	0	0
AF	0	0.580575	2	0	2	0	0	0	0
AF	0	0.581824	1	1	0	0	0	0	0
AF	0	0.583073	1	1	0	0	0	0	0
AF	0	0.583385	1	1	0	0	0	0	0
AF	0	0.584010	1	1	0	0	0	0	0
AF	0	0.584635	2	2	0	0	0	0	0
AF	0	0.585259	2	1	1	0	0	0	0
AF	0	0.585572	1	1	0	0	0	0	0
AF	0	0.586196	1	1	0	0	0	0	0
AF	0	0.586508	2	2	0	0	0	0	0
AF	0	0.586821	2	1	1	0	0	0	0
AF	0	0.587445	2	2	0	0	0	0	0
AF	0	0.587758	2	2	0	0	0	0	0
AF	0	0.588382	3	3	0	0	0	0	0
AF	0	0.589007	1	1	0	0	0	0	0
AF	0	0.589319	2	2	0	0	0	0	0
AF	0	0.589631	1	0	1	0	0	0	0
AF	0	0.589944	3	1	2	0	0	0	0
AF	0	0.590568	1	1	0	0	0	0	0
AF	0	0.591505	1	0	1	0	0	0	0
AF	0	0.591818	1	1	0	0	0	0	0
AF	0	0.593067	2	2	0	0	0	0	0
AF	0	0.594004	2	2	0	0	0	0	0
AF	0	0.594628	1	1	0	0	0	0	0
AF	0	0.596190	1	0	1	0	0	0	0
AF	0	0.597127	1	1	0	0	0	0	0
AF	0	0.597751	1	1	0	0	0	0	0
AF	0	0.598064	1	0	1	0	0	0	0
AF	0	0.598688	2	2	0	0	0	0	0
AF	0	0.599313	1	0	1	0	0	0	0
AF	0	0.599625	1	1	0	0	0	0	0
AF	0	0.602748	1	1	0	0	0	0	0
AF	0	0.603061	1	1	0	0	0	0	0
AF	0	0.603685	1	1	0	0	0	0	0
AF	0	0.605871	1	1	0	0	0	0	0
AF	0	0.607121	2	1	1	0	0	0	0
AF	0	0.607433	1	1	0	0	0	0	0
AF	0	0.607745	2	1	1	0	0	0	0
AF	0	0.608994	4	2	2	0	0	0	0
AF	0	0.609307	1	0	1	0	0	0	0
AF	0	0.609619	1	0	1	0	0	0	0
AF	0	0.609931	2	1	1	0	0	0	0
AF	0	0.610244	1	1	0	0	0	0	0
AF	0	0.612117	1	1	0	0	0	0	0
AF	0	0.612742	1	1	0	0	0	0	0
AF	0	0.616177	1	1	0	0	0	0	0
AF	0	0.616802	1	1	0	0	0	0	0
AF	0	0.617114	2	0	2	0	0	0	0
AF	0	0.618051	1	1	0	0	0	0	0
AF	0	0.618364	1	0	1	0	0	0	0
AF	0	0.620862	1	1	0	0	0	0	0
AF	0	0.621487	3	2	1	0	0	0	0
AF	0	0.622111	1	0	1	0	0	0	0
AF	0	0.623360	2	0	2	0	0	0	0
AF	0	0.623673	1	1	0	0	0	0	0
AF	0	0.625234	2	2	0	0	0	0	0
AF	0	0.625859	1	1	0	0	0	0	0
AF	0	0.626796	1	1	0	0	0	0	0
AF	0	0.627733	2	2	0	0	0	0	0
AF	0	0.628045	1	0	1	0	0	0	0
AF	0	0.628670	3	3	0	0	0	0	0
AF	0	0.628982	1	1	0	0	0	0	0
AF	0	0.629606	1	0	1	0	0	0	0
AF	0	0.629919	4	4	0	0	0	0	0
AF	0	0.630231	2	1	1	0	0	0	0
AF	0	0.630856	3	3	0	0	0	0	0
AF	0	0.632730	1	0	1	0	0	0	0
AF	0	0.633666	1	0	1	0	0	0	0
AF	0	0.637414	1	1	0	0	0	0	0
AF	0	0.637726	2	2	0	0	0	0	0
AF	0	0.639600	1	0	1	0	0	0	0
AF	0	0.639913	1	1	0	0	0	0	0
AF	0	0.640225	1	1	0	0	0	0	0
AF	0	0.641162	1	1	0	0	0	0	0
AF	0	0.642099	2	2	0	0	0	0	0
AF	0	0.642723	1	1	0	0	0	0	0
AF	0	0.643348	1	1	0	0	0	0	0
AF	0	0.646159	2	2	0	0	0	0	0
AF	0	0.647096	1	1	0	0	0	0	0
AF	0	0.647720	1	1	0	0	0	0	0
AF	0	0.648345	2	0	2	0	0	0	0
AF	0	0.648657	1	0	1	0	0	0	0
AF	0	0.649594	1	0	1	0	0	0	0
AF	0	0.650531	1	1	0	0	0	0	0
AF	0	0.651468	1	1	0	0	0	0	0
AF	0	0.652717	3	3	0	0	0	0	0
AF	0	0.653029	1	1	0	0	0	0	0
AF	0	0.653342	2	2	0	0	0	0	0
AF	0	0.654591	1	1	0	0	0	0	0
AF	0	0.655840	1	1	0	0	0	0	0
AF	0	0.657089	1	1	0	0	0	0	0
AF	0	0.657714	1	1	0	0	0	0	0
AF	0	0.658026	1	1	0	0	0	0	0
AF	0	0.659588	1	1	0	0	0	0	0
AF	0	0.660525	1	1	0	0	0	0	0
AF	0	0.661149	1	1	0	0	0	0	0
AF	0	0.662711	1	1	0	0	0	0	0
AF	0	0.665834	1	0	1	0	0	0	0
AF	0	0.666146	1	0	1	0	0	0	0
AF	0	0.666458	2	2	0	0	0	0	0
AF	0	0.668020	1	0	1	0	0	0	0
AF	0	0.669582	1	1	0	0	0	0	0
AF	0	0.672080	2	2	0	0	0	0	0
AF	0	0.672392	1	0	1	0	0	0	0
AF	0	0.672705	3	3	0	0	0	0	0
AF	0	0.673017	1	1	0	0	0	0	0
AF	0	0.673954	1	1	0	0	0	0	0
AF	0	0.678638	1	1	0	0	0	0	0
AF	0	0.684572	1	0	1	0	0	0	0
AF	0	0.685509	1	0	1	0	0	0	0
AF	0	0.689257	2	1	1	0	0	0	0
AF	0	0.689881	1	1	0	0	0	0	0
AF	0	0.691443	1	0	1	0	0	0	0
AF	0	0.692380	1	1	0	0	0	0	0
AF	0	0.694254	1	1	0	0	0	0	0
AF	0	0.694878	1	1	0	0	0	0	0
AF	0	0.695503	3	1	2	0	0	0	0
AF	0	0.695815	1	0	1	0	0	0	0
AF	0	0.696127	8	5	3	0	0	0	0
AF	0	0.696440	1	1	0	0	0	0	0
AF	0	0.696752	8	8	0	0	0	0	0
AF	0	0.699875	1	1	0	0	0	0	0
AF	0	0.700500	2	0	2	0	0	0	0
AF	0	0.700812	2	2	0	0	0	0	0
AF	0	0.701124	4	4	0	0	0	0	0
AF	0	0.703310	1	0	1	0	0	0	0
AF	0	0.704247	1	1	0	0	0	0	0
AF	0	0.705184	1	0	1	0	0	0	0
AF	0	0.705497	2	0	2	0	0	0	0
AF	0	0.705809	1	0	1	0	0	0	0
AF	0	0.706433	1	0	1	0	0	0	0
AF	0	0.707058	3	1	2	0	0	0	0
AF	0	0.707370	10	3	7	0	0	0	0
AF	0	0.707683	5	2	3	0	0	0	0
AF	0	0.707995	6	3	3	0	0	0	0
AF	0	0.708307	1	0	1	0	0	0	0
AF	0	0.708620	1	0	1	0	0	0	0
AF	0	0.709244	2	1	1	0	0	0	0
AF	0	0.709557	1	1	0	0	0	0	0
AF	0	0.710181	1	1	0	0	0	0	0
AF	0	0.710493	3	3	0	0	0	0	0
AF	0	0.712680	1	1	0	0	0	0	0
AF	0	0.713929	1	1	0	0	0	0	0
AF	0	0.716740	1	1	0	0	0	0	0
AF	0	0.717989	1	1	0	0	0	0	0
AF	0	0.720175	1	1	0	0	0	0	0
AF	0	0.720800	2	1	1	0	0	0	0
AF	0	0.722361	1	1	0	0	0	0	0
AF	0	0.722673	1	1	0	0	0	0	0
AF	0	0.723923	2	2	0	0	0	0	0
AF	0	0.724859	2	1	1	0	0	0	0
AF	0	0.725484	2	2	0	0	0	0	0
AF	0	0.726109	1	1	0	0	0	0	0
AF	0	0.726421	2	2	0	0	0	0	0
AF	0	0.727358	4	0	4	0	0	0	0
AF	0	0.727983	1	0	1	0	0	0	0
AF	0	0.728607	1	0	1	0	0	0	0
AF	0	0.733916	3	2	1	0	0	0	0
AF	0	0.734853	1	1	0	0	0	0	0
AF	0	0.735478	1	1	0	0	0	0	0
AF	0	0.737352	1	0	1	0	0	0	0
AF	0	0.737976	1	1	0	0	0	0	0
AF	0	0.738601	3	2	1	0	0	0	0
AF	0	0.738913	1	1	0	0	0	0	0
AF	0	0.739850	1	1	0	0	0	0	0
AF	0	0.741099	2	1	1	0	0	0	0
AF	0	0.741412	1	0	1	0	0	0	0
AF	0	0.741724	1	1	0	0	0	0	0
AF	0	0.742349	1	1	0	0	0	0	0
AF	0	0.743598	1	1	0	0	0	0	0
AF	0	0.745784	1	1	0	0	0	0	0
AF	0	0.750781	1	1	0	0	0	0	0
AF	0	0.752030	1	1	0	0	0	0	0
AF	0	0.752342	1	0	1	0	0	0	0
AF	0	0.752967	1	1	0	0	0	0	0
AF	0	0.757339	1	1	0	0	0	0	0
AF	0	0.761087	1	1	0	0	0	0	0
AF	0	0.766396	1	0	1	0	0	0	0
AF	0	0.767333	1	0	1	0	0	0	0
AF	0	0.781699	1	1	0	0	0	0	0
AF	0	0.809182	1	1	0	0	0	0	0
AF	0	0.826359	1	1	0	0	0	0	0
AF	0	0.826983	1	0	1	0	0	0	0
AF	0	0.838851	1	0	1	0	0	0	0
AF	0	0.845097	1	1	0	0	0	0	0
AF	0	0.845721	1	0	1	0	0	0	0
AF	0	0.848220	1	1	0	0	0	0	0
AF	0	0.856027	1	1	0	0	0	0	0
AF	0	0.860087	1	1	0	0	0	0	0
AF	0	0.866334	1	1	0	0	0	0	0
AF	0	0.880700	1	1	0	0	0	0	0
AF	0	0.882886	1	1	0	0	0	0	0
AF	0	0.883198	1	0	1	0	0	0	0
AF	0	0.886633	1	0	1	0	0	0	0
AF	0	0.889756	1	1	0	0	0	0	0
AF	0	0.890381	1	1	0	0	0	0	0
AF	0	0.904747	1	0	1	0	0	0	0
AF	0	0.915990	1	0	1	0	0	0	0
AF	0	0.919738	1	1	0	0	0	0	0
AF	0	0.921924	1	1	0	0	0	0	0
AF	0	0.922236	2	2	0	0	0	0	0
AF	0	0.926296	1	1	0	0	0	0	0
AF	0	0.938476	1	1	0	0	0	0	0
AF	0	0.939101	2	2	0	0	0	0	0
AF	0	0.942848	1	0	1	0	0	0	0
AF	0	0.943161	1	1	0	0	0	0	0
AF	0	0.944722	1	0	1	0	0	0	0
AF	0	0.955340	1	0	1	0	0	0	0
AF	0	0.957839	1	1	0	0	0	0	0
AF	0	0.980637	1	0	1	0	0	0	0
AF	0	0.985322	1	1	0	0	0	0	0
AF	0	0.986571	1	0	1	0	0	0	0
AF	0	0.988132	1	1	0	0	0	0	0
AF	0	0.990006	1	0	1	0	0	0	0
AF	0	0.991568	1	1	0	0	0	0	0
AF	0	0.992192	2	1	1	0	0	0	0
AF	0	0.992817	1	1	0	0	0	0	0
AF	0	0.994691	1	0	1	0	0	0	0
AF	0	0.995628	2	2	0	0	0	0	0
AF	0	0.995940	1	1	0	0	0	0	0
AF	0	0.996565	1	0	1	0	0	0	0
AF	0	0.997189	1	1	0	0	0	0	0
AF	0	0.998438	1	1	0	0	0	0	0
AF	0	0.999063	2	1	1	0	0	0	0
# QUAL, Stats by quality
# QUAL	[2]id	[3]Quality	[4]number of SNPs	[5]number of transitions (1st ALT)	[6]number of transversions (1st ALT)	[7]number of indels
QUAL	0	.	19285	12682	6603	0
# IDD, InDel distribution:
# IDD	[2]id	[3]length (deletions negative)	[4]number of sites	[5]number of genotypes	[6]mean VAF
# ST, Substitution types:
# ST	[2]id	[3]type	[4]count
ST	0	A>C	782
ST	0	A>G	2706
ST	0	A>T	845
ST	0	C>A	1033
ST	0	C>G	681
ST	0	C>T	3555
ST	0	G>A	3671
ST	0	G>C	659
ST	0	G>T	1040
ST	0	T>A	840
ST	0	T>C	2750
ST	0	T>G	723
# DP, Depth distribution
# DP	[2]id	[3]bin	[4]number of genotypes	[5]fraction of genotypes (%)	[6]number of sites	[7]fraction of sites (%)
  - Fix haploid genotypes in males...

Submit MakeDiploidMalesX finished successfully. Let's have a beer, buddy!

