Submit MakeDiploidMalesX
version 1.1.6 (2024-09-30)

These are the settings:
  Input file................: /hpc/local/Rocky8/dhl_ec/software/MonopogenLite/resources/1kGP_high_coverage_Illumina.SNVonly_poly.filtered_AF_5e-04.norm.fixvariantid.chrX.vcf.gz
  Output file...............: /hpc/local/Rocky8/dhl_ec/software/MonopogenLite/resources/1kGP_high_coverage_Illumina.SNVonly_poly.filtered_AF_5e-04.norm.fixvariantid.makediploid.chrX.vcf.gz
  Chunk size................: 100

  SLURM CPUs................: 4
  SLURM Array ID............: 11 (of 100)
  SLURM memory..............: 16G
  SLURM time................: 01:00:00
  SLURM mail type...........: FAIL
  SLURM mail user...........: s.w.vanderlaan-2@umcutrecht.nl

  Dry run mode..............: 0
  Debug mode................: 1
  Verbosity.................: 0
  Version...................: 1.1.6 (2024-09-30)

Making converting haploid genotypes to diploid genotypes.
> Extract the region for this SLURM task (# 11) from the BED file.
  - Get the chunk number from the SLURM array task ID and the bed file...
DEBUG: Extracting chunk number: 11p from 11
DEBUG: Extracting region from BED file: /hpc/local/Rocky8/dhl_ec/software/MonopogenLite/resources/chrX_100pieces.bed
  - Extract the region from the BED file...
DEBUG: Extracted raw region: 'chrX	15604081	17164488' (chunk #: 11p of 100 for job 11)
  - Check if a valid region was extracted -- should be 'chrX	15604081	17164488'...
  - Prepare the region for bcftools...
  - Check if the region (chrX:15604081-17164488) was successfully extracted...
> Processing region 'chrX:15604081-17164488'...
  - Process the specific region (chunk# 11) using bcftools view...
  - Index the VCF file...
DEBUG: Check if the VCF file was successfully processed...
##fileformat=VCFv4.2
##FILTER=<ID=PASS,Description="All filters passed">
##fileDate=29/01/2022 - 14:31:41
##source=shapeit4.2.2
##contig=<ID=chr1,length=248956422>
##contig=<ID=chr2,length=242193529>
##contig=<ID=chr3,length=198295559>
##contig=<ID=chr4,length=190214555>
##contig=<ID=chr5,length=181538259>
##contig=<ID=chr6,length=170805979>
# This file was produced by bcftools stats (1.20+htslib-1.20) and can be plotted using plot-vcfstats.
# The command line was:	bcftools stats  /hpc/local/Rocky8/dhl_ec/software/MonopogenLite/resources/chrX.part11.vcf.gz
#
# Definition of sets:
# ID	[2]id	[3]tab-separated file names
ID	0	/hpc/local/Rocky8/dhl_ec/software/MonopogenLite/resources/chrX.part11.vcf.gz
# SN, Summary numbers:
#   number of records   .. number of data rows in the VCF
#   number of no-ALTs   .. reference-only sites, ALT is either "." or identical to REF
#   number of SNPs      .. number of rows with a SNP
#   number of MNPs      .. number of rows with a MNP, such as CC>TT
#   number of indels    .. number of rows with an indel
#   number of others    .. number of rows with other type, for example a symbolic allele or
#                          a complex substitution, such as ACT>TCGA
#   number of multiallelic sites     .. number of rows with multiple alternate alleles
#   number of multiallelic SNP sites .. number of rows with multiple alternate alleles, all SNPs
# 
#   Note that rows containing multiple types will be counted multiple times, in each
#   counter. For example, a row with a SNP and an indel increments both the SNP and
#   the indel counter.
# 
# SN	[2]id	[3]key	[4]value
SN	0	number of samples:	3202
SN	0	number of records:	14913
SN	0	number of no-ALTs:	0
SN	0	number of SNPs:	14913
SN	0	number of MNPs:	0
SN	0	number of indels:	0
SN	0	number of others:	0
SN	0	number of multiallelic sites:	0
SN	0	number of multiallelic SNP sites:	0
# TSTV, transitions/transversions:
# TSTV	[2]id	[3]ts	[4]tv	[5]ts/tv	[6]ts (1st ALT)	[7]tv (1st ALT)	[8]ts/tv (1st ALT)
TSTV	0	10310	4603	2.24	10310	4603	2.24
# SiS, Singleton stats:
# SiS	[2]id	[3]allele count	[4]number of SNPs	[5]number of transitions	[6]number of transversions	[7]number of indels	[8]repeat-consistent	[9]repeat-inconsistent	[10]not applicable
SiS	0	1	0	0	0	0	0	0	0
# AF, Stats by non-reference allele frequency:
# AF	[2]id	[3]allele frequency	[4]number of SNPs	[5]number of transitions	[6]number of transversions	[7]number of indels	[8]repeat-consistent	[9]repeat-inconsistent	[10]not applicable
AF	0	0.000312	2415	1712	703	0	0	0	0
AF	0	0.000625	1381	972	409	0	0	0	0
AF	0	0.000937	1654	1133	521	0	0	0	0
AF	0	0.001249	489	356	133	0	0	0	0
AF	0	0.001562	724	490	234	0	0	0	0
AF	0	0.001874	321	221	100	0	0	0	0
AF	0	0.002186	557	391	166	0	0	0	0
AF	0	0.002498	222	157	65	0	0	0	0
AF	0	0.002811	330	210	120	0	0	0	0
AF	0	0.003123	186	123	63	0	0	0	0
AF	0	0.003435	380	265	115	0	0	0	0
AF	0	0.003748	135	89	46	0	0	0	0
AF	0	0.004060	258	167	91	0	0	0	0
AF	0	0.004372	95	68	27	0	0	0	0
AF	0	0.004685	154	118	36	0	0	0	0
AF	0	0.004997	95	63	32	0	0	0	0
AF	0	0.005309	148	96	52	0	0	0	0
AF	0	0.005621	69	50	19	0	0	0	0
AF	0	0.005934	132	89	43	0	0	0	0
AF	0	0.006246	77	54	23	0	0	0	0
AF	0	0.006558	127	90	37	0	0	0	0
AF	0	0.006871	66	43	23	0	0	0	0
AF	0	0.007183	93	59	34	0	0	0	0
AF	0	0.007495	53	31	22	0	0	0	0
AF	0	0.007808	129	83	46	0	0	0	0
AF	0	0.008120	66	43	23	0	0	0	0
AF	0	0.008432	103	80	23	0	0	0	0
AF	0	0.008745	36	24	12	0	0	0	0
AF	0	0.009057	67	49	18	0	0	0	0
AF	0	0.009369	39	29	10	0	0	0	0
AF	0	0.009681	48	34	14	0	0	0	0
AF	0	0.009994	33	26	7	0	0	0	0
AF	0	0.010306	48	36	12	0	0	0	0
AF	0	0.010618	26	17	9	0	0	0	0
AF	0	0.010931	68	50	18	0	0	0	0
AF	0	0.011243	20	15	5	0	0	0	0
AF	0	0.011555	43	27	16	0	0	0	0
AF	0	0.011868	15	10	5	0	0	0	0
AF	0	0.012180	29	21	8	0	0	0	0
AF	0	0.012492	17	15	2	0	0	0	0
AF	0	0.012804	26	14	12	0	0	0	0
AF	0	0.013117	6	5	1	0	0	0	0
AF	0	0.013429	39	23	16	0	0	0	0
AF	0	0.013741	18	15	3	0	0	0	0
AF	0	0.014054	30	19	11	0	0	0	0
AF	0	0.014366	19	14	5	0	0	0	0
AF	0	0.014678	33	21	12	0	0	0	0
AF	0	0.014991	5	4	1	0	0	0	0
AF	0	0.015303	22	15	7	0	0	0	0
AF	0	0.015615	22	15	7	0	0	0	0
AF	0	0.015928	24	16	8	0	0	0	0
AF	0	0.016240	22	12	10	0	0	0	0
AF	0	0.016552	19	10	9	0	0	0	0
AF	0	0.016864	19	15	4	0	0	0	0
AF	0	0.017177	33	15	18	0	0	0	0
AF	0	0.017489	19	16	3	0	0	0	0
AF	0	0.017801	36	26	10	0	0	0	0
AF	0	0.018114	14	12	2	0	0	0	0
AF	0	0.018426	40	20	20	0	0	0	0
AF	0	0.018738	57	40	17	0	0	0	0
AF	0	0.019051	53	35	18	0	0	0	0
AF	0	0.019363	20	17	3	0	0	0	0
AF	0	0.019675	61	40	21	0	0	0	0
AF	0	0.019988	27	20	7	0	0	0	0
AF	0	0.020300	43	30	13	0	0	0	0
AF	0	0.020612	17	9	8	0	0	0	0
AF	0	0.020924	40	31	9	0	0	0	0
AF	0	0.021237	23	14	9	0	0	0	0
AF	0	0.021549	20	12	8	0	0	0	0
AF	0	0.021861	23	20	3	0	0	0	0
AF	0	0.022174	31	20	11	0	0	0	0
AF	0	0.022486	15	10	5	0	0	0	0
AF	0	0.022798	27	20	7	0	0	0	0
AF	0	0.023111	16	9	7	0	0	0	0
AF	0	0.023423	23	15	8	0	0	0	0
AF	0	0.023735	20	12	8	0	0	0	0
AF	0	0.024047	26	19	7	0	0	0	0
AF	0	0.024360	16	12	4	0	0	0	0
AF	0	0.024672	26	15	11	0	0	0	0
AF	0	0.024984	10	7	3	0	0	0	0
AF	0	0.025297	26	21	5	0	0	0	0
AF	0	0.025609	15	11	4	0	0	0	0
AF	0	0.025921	16	9	7	0	0	0	0
AF	0	0.026234	7	4	3	0	0	0	0
AF	0	0.026546	43	25	18	0	0	0	0
AF	0	0.026858	16	10	6	0	0	0	0
AF	0	0.027171	34	20	14	0	0	0	0
AF	0	0.027483	11	6	5	0	0	0	0
AF	0	0.027795	23	17	6	0	0	0	0
AF	0	0.028107	22	16	6	0	0	0	0
AF	0	0.028420	15	7	8	0	0	0	0
AF	0	0.028732	4	3	1	0	0	0	0
AF	0	0.029044	35	23	12	0	0	0	0
AF	0	0.029357	13	11	2	0	0	0	0
AF	0	0.029669	35	26	9	0	0	0	0
AF	0	0.029981	12	5	7	0	0	0	0
AF	0	0.030294	46	34	12	0	0	0	0
AF	0	0.030606	21	14	7	0	0	0	0
AF	0	0.030918	33	22	11	0	0	0	0
AF	0	0.031230	22	11	11	0	0	0	0
AF	0	0.031543	29	20	9	0	0	0	0
AF	0	0.031855	8	5	3	0	0	0	0
AF	0	0.032167	15	10	5	0	0	0	0
AF	0	0.032480	6	4	2	0	0	0	0
AF	0	0.032792	8	7	1	0	0	0	0
AF	0	0.033104	7	3	4	0	0	0	0
AF	0	0.033417	6	5	1	0	0	0	0
AF	0	0.033729	6	3	3	0	0	0	0
AF	0	0.034041	7	5	2	0	0	0	0
AF	0	0.034354	4	1	3	0	0	0	0
AF	0	0.034666	6	5	1	0	0	0	0
AF	0	0.034978	5	3	2	0	0	0	0
AF	0	0.035290	7	6	1	0	0	0	0
AF	0	0.035603	2	1	1	0	0	0	0
AF	0	0.035915	3	0	3	0	0	0	0
AF	0	0.036227	1	1	0	0	0	0	0
AF	0	0.036540	5	2	3	0	0	0	0
AF	0	0.036852	8	7	1	0	0	0	0
AF	0	0.037164	11	9	2	0	0	0	0
AF	0	0.037477	5	1	4	0	0	0	0
AF	0	0.037789	7	6	1	0	0	0	0
AF	0	0.038101	5	4	1	0	0	0	0
AF	0	0.038413	28	21	7	0	0	0	0
AF	0	0.038726	5	3	2	0	0	0	0
AF	0	0.039038	18	13	5	0	0	0	0
AF	0	0.039350	4	4	0	0	0	0	0
AF	0	0.039663	9	6	3	0	0	0	0
AF	0	0.039975	5	4	1	0	0	0	0
AF	0	0.040287	10	7	3	0	0	0	0
AF	0	0.040600	2	2	0	0	0	0	0
AF	0	0.040912	13	10	3	0	0	0	0
AF	0	0.041224	3	3	0	0	0	0	0
AF	0	0.041537	16	9	7	0	0	0	0
AF	0	0.041849	3	3	0	0	0	0	0
AF	0	0.042161	4	3	1	0	0	0	0
AF	0	0.042786	1	1	0	0	0	0	0
AF	0	0.043410	3	1	2	0	0	0	0
AF	0	0.043723	4	4	0	0	0	0	0
AF	0	0.044035	2	1	1	0	0	0	0
AF	0	0.044347	2	1	1	0	0	0	0
AF	0	0.044660	3	2	1	0	0	0	0
AF	0	0.044972	1	0	1	0	0	0	0
AF	0	0.045284	8	7	1	0	0	0	0
AF	0	0.045597	1	1	0	0	0	0	0
AF	0	0.045909	5	5	0	0	0	0	0
AF	0	0.046221	4	3	1	0	0	0	0
AF	0	0.046533	6	4	2	0	0	0	0
AF	0	0.047158	7	7	0	0	0	0	0
AF	0	0.047470	1	0	1	0	0	0	0
AF	0	0.047783	5	5	0	0	0	0	0
AF	0	0.048095	3	2	1	0	0	0	0
AF	0	0.048407	3	1	2	0	0	0	0
AF	0	0.048720	2	2	0	0	0	0	0
AF	0	0.049032	5	4	1	0	0	0	0
AF	0	0.049656	4	2	2	0	0	0	0
AF	0	0.049969	3	1	2	0	0	0	0
AF	0	0.050281	5	4	1	0	0	0	0
AF	0	0.050593	3	2	1	0	0	0	0
AF	0	0.050906	5	3	2	0	0	0	0
AF	0	0.051218	1	0	1	0	0	0	0
AF	0	0.051530	1	1	0	0	0	0	0
AF	0	0.051843	7	5	2	0	0	0	0
AF	0	0.052155	10	9	1	0	0	0	0
AF	0	0.052780	8	7	1	0	0	0	0
AF	0	0.053092	7	3	4	0	0	0	0
AF	0	0.053404	11	5	6	0	0	0	0
AF	0	0.053716	2	1	1	0	0	0	0
AF	0	0.054029	13	9	4	0	0	0	0
AF	0	0.054341	9	8	1	0	0	0	0
AF	0	0.054653	6	3	3	0	0	0	0
AF	0	0.054966	4	3	1	0	0	0	0
AF	0	0.055278	6	3	3	0	0	0	0
AF	0	0.055590	1	1	0	0	0	0	0
AF	0	0.055903	1	1	0	0	0	0	0
AF	0	0.056215	2	1	1	0	0	0	0
AF	0	0.056527	4	2	2	0	0	0	0
AF	0	0.057152	1	0	1	0	0	0	0
AF	0	0.057464	2	1	1	0	0	0	0
AF	0	0.057776	9	5	4	0	0	0	0
AF	0	0.058089	2	2	0	0	0	0	0
AF	0	0.058401	4	4	0	0	0	0	0
AF	0	0.058713	1	1	0	0	0	0	0
AF	0	0.059026	1	1	0	0	0	0	0
AF	0	0.059338	3	2	1	0	0	0	0
AF	0	0.059650	6	4	2	0	0	0	0
AF	0	0.059963	2	0	2	0	0	0	0
AF	0	0.060275	2	2	0	0	0	0	0
AF	0	0.060899	2	2	0	0	0	0	0
AF	0	0.061212	1	1	0	0	0	0	0
AF	0	0.061524	4	3	1	0	0	0	0
AF	0	0.061836	2	2	0	0	0	0	0
AF	0	0.062149	3	1	2	0	0	0	0
AF	0	0.062461	5	5	0	0	0	0	0
AF	0	0.062773	7	3	4	0	0	0	0
AF	0	0.063086	2	1	1	0	0	0	0
AF	0	0.063398	18	10	8	0	0	0	0
AF	0	0.063710	11	7	4	0	0	0	0
AF	0	0.064022	8	5	3	0	0	0	0
AF	0	0.064335	5	5	0	0	0	0	0
AF	0	0.064647	9	7	2	0	0	0	0
AF	0	0.064959	6	3	3	0	0	0	0
AF	0	0.065272	24	14	10	0	0	0	0
AF	0	0.065584	1	1	0	0	0	0	0
AF	0	0.065896	3	2	1	0	0	0	0
AF	0	0.066209	2	2	0	0	0	0	0
AF	0	0.066521	2	1	1	0	0	0	0
AF	0	0.067146	3	2	1	0	0	0	0
AF	0	0.067458	1	0	1	0	0	0	0
AF	0	0.067770	8	7	1	0	0	0	0
AF	0	0.068082	6	4	2	0	0	0	0
AF	0	0.068395	3	2	1	0	0	0	0
AF	0	0.068707	3	3	0	0	0	0	0
AF	0	0.069019	4	4	0	0	0	0	0
AF	0	0.069956	1	1	0	0	0	0	0
AF	0	0.070269	3	2	1	0	0	0	0
AF	0	0.070893	2	1	1	0	0	0	0
AF	0	0.071518	3	2	1	0	0	0	0
AF	0	0.072142	2	2	0	0	0	0	0
AF	0	0.072455	2	2	0	0	0	0	0
AF	0	0.072767	1	1	0	0	0	0	0
AF	0	0.073392	1	1	0	0	0	0	0
AF	0	0.073704	2	1	1	0	0	0	0
AF	0	0.074016	4	3	1	0	0	0	0
AF	0	0.074641	4	4	0	0	0	0	0
AF	0	0.074953	1	0	1	0	0	0	0
AF	0	0.075265	2	1	1	0	0	0	0
AF	0	0.075578	2	2	0	0	0	0	0
AF	0	0.075890	3	2	1	0	0	0	0
AF	0	0.076515	1	1	0	0	0	0	0
AF	0	0.076827	3	0	3	0	0	0	0
AF	0	0.077452	1	1	0	0	0	0	0
AF	0	0.078076	1	1	0	0	0	0	0
AF	0	0.078701	1	1	0	0	0	0	0
AF	0	0.079013	1	0	1	0	0	0	0
AF	0	0.079325	1	1	0	0	0	0	0
AF	0	0.079638	2	2	0	0	0	0	0
AF	0	0.080262	3	1	2	0	0	0	0
AF	0	0.080887	2	0	2	0	0	0	0
AF	0	0.081199	1	1	0	0	0	0	0
AF	0	0.081512	1	1	0	0	0	0	0
AF	0	0.082136	4	4	0	0	0	0	0
AF	0	0.082761	1	1	0	0	0	0	0
AF	0	0.083385	3	2	1	0	0	0	0
AF	0	0.083698	2	2	0	0	0	0	0
AF	0	0.084635	9	5	4	0	0	0	0
AF	0	0.084947	2	2	0	0	0	0	0
AF	0	0.085259	2	2	0	0	0	0	0
AF	0	0.085884	4	3	1	0	0	0	0
AF	0	0.086196	2	2	0	0	0	0	0
AF	0	0.086508	2	2	0	0	0	0	0
AF	0	0.086821	1	1	0	0	0	0	0
AF	0	0.087133	4	2	2	0	0	0	0
AF	0	0.087445	1	0	1	0	0	0	0
AF	0	0.087758	2	0	2	0	0	0	0
AF	0	0.088382	1	0	1	0	0	0	0
AF	0	0.089319	1	0	1	0	0	0	0
AF	0	0.090881	1	1	0	0	0	0	0
AF	0	0.091505	1	0	1	0	0	0	0
AF	0	0.092130	1	0	1	0	0	0	0
AF	0	0.092755	1	1	0	0	0	0	0
AF	0	0.093067	1	1	0	0	0	0	0
AF	0	0.093379	2	1	1	0	0	0	0
AF	0	0.093691	1	1	0	0	0	0	0
AF	0	0.094628	1	1	0	0	0	0	0
AF	0	0.095253	2	1	1	0	0	0	0
AF	0	0.095565	1	1	0	0	0	0	0
AF	0	0.095878	1	1	0	0	0	0	0
AF	0	0.096502	1	1	0	0	0	0	0
AF	0	0.096814	1	1	0	0	0	0	0
AF	0	0.097127	2	1	1	0	0	0	0
AF	0	0.097751	1	1	0	0	0	0	0
AF	0	0.098376	1	1	0	0	0	0	0
AF	0	0.099001	2	0	2	0	0	0	0
AF	0	0.100874	1	0	1	0	0	0	0
AF	0	0.101187	1	1	0	0	0	0	0
AF	0	0.101499	1	0	1	0	0	0	0
AF	0	0.101811	1	0	1	0	0	0	0
AF	0	0.103061	1	0	1	0	0	0	0
AF	0	0.104310	1	0	1	0	0	0	0
AF	0	0.104622	2	2	0	0	0	0	0
AF	0	0.104934	3	1	2	0	0	0	0
AF	0	0.105559	1	1	0	0	0	0	0
AF	0	0.106808	2	2	0	0	0	0	0
AF	0	0.107121	2	1	1	0	0	0	0
AF	0	0.107433	3	3	0	0	0	0	0
AF	0	0.107745	1	1	0	0	0	0	0
AF	0	0.108370	1	1	0	0	0	0	0
AF	0	0.108682	1	1	0	0	0	0	0
AF	0	0.108994	2	1	1	0	0	0	0
AF	0	0.109307	1	1	0	0	0	0	0
AF	0	0.109619	2	1	1	0	0	0	0
AF	0	0.110244	1	1	0	0	0	0	0
AF	0	0.110556	1	1	0	0	0	0	0
AF	0	0.110868	1	1	0	0	0	0	0
AF	0	0.111493	1	1	0	0	0	0	0
AF	0	0.111805	1	1	0	0	0	0	0
AF	0	0.112742	1	1	0	0	0	0	0
AF	0	0.113054	1	1	0	0	0	0	0
AF	0	0.113367	1	1	0	0	0	0	0
AF	0	0.113679	1	1	0	0	0	0	0
AF	0	0.113991	1	0	1	0	0	0	0
AF	0	0.114616	1	1	0	0	0	0	0
AF	0	0.115553	1	1	0	0	0	0	0
AF	0	0.116177	3	3	0	0	0	0	0
AF	0	0.117427	2	1	1	0	0	0	0
AF	0	0.117739	1	1	0	0	0	0	0
AF	0	0.118051	1	0	1	0	0	0	0
AF	0	0.118364	2	1	1	0	0	0	0
AF	0	0.119300	1	0	1	0	0	0	0
AF	0	0.119613	2	2	0	0	0	0	0
AF	0	0.119925	4	4	0	0	0	0	0
AF	0	0.120237	3	2	1	0	0	0	0
AF	0	0.120550	1	1	0	0	0	0	0
AF	0	0.121174	1	1	0	0	0	0	0
AF	0	0.121487	1	1	0	0	0	0	0
AF	0	0.121799	1	1	0	0	0	0	0
AF	0	0.122423	1	1	0	0	0	0	0
AF	0	0.123048	1	1	0	0	0	0	0
AF	0	0.123985	1	1	0	0	0	0	0
AF	0	0.124922	1	1	0	0	0	0	0
AF	0	0.125547	2	2	0	0	0	0	0
AF	0	0.125859	1	0	1	0	0	0	0
AF	0	0.126171	3	2	1	0	0	0	0
AF	0	0.126796	1	0	1	0	0	0	0
AF	0	0.128045	1	0	1	0	0	0	0
AF	0	0.128357	1	1	0	0	0	0	0
AF	0	0.128670	6	3	3	0	0	0	0
AF	0	0.128982	10	9	1	0	0	0	0
AF	0	0.129294	1	1	0	0	0	0	0
AF	0	0.129606	2	2	0	0	0	0	0
AF	0	0.129919	1	0	1	0	0	0	0
AF	0	0.131168	2	1	1	0	0	0	0
AF	0	0.131480	2	1	1	0	0	0	0
AF	0	0.131793	4	4	0	0	0	0	0
AF	0	0.132417	3	3	0	0	0	0	0
AF	0	0.133042	1	1	0	0	0	0	0
AF	0	0.133354	2	2	0	0	0	0	0
AF	0	0.133666	2	2	0	0	0	0	0
AF	0	0.134291	2	1	1	0	0	0	0
AF	0	0.134603	1	1	0	0	0	0	0
AF	0	0.134916	1	0	1	0	0	0	0
AF	0	0.135853	1	1	0	0	0	0	0
AF	0	0.136790	1	1	0	0	0	0	0
AF	0	0.137414	3	1	2	0	0	0	0
AF	0	0.138039	1	1	0	0	0	0	0
AF	0	0.138351	1	1	0	0	0	0	0
AF	0	0.138663	1	1	0	0	0	0	0
AF	0	0.138976	1	1	0	0	0	0	0
AF	0	0.139288	2	1	1	0	0	0	0
AF	0	0.139913	1	1	0	0	0	0	0
AF	0	0.140849	2	2	0	0	0	0	0
AF	0	0.141162	1	0	1	0	0	0	0
AF	0	0.141474	1	1	0	0	0	0	0
AF	0	0.141786	1	0	1	0	0	0	0
AF	0	0.142723	1	1	0	0	0	0	0
AF	0	0.143036	3	3	0	0	0	0	0
AF	0	0.143660	4	3	1	0	0	0	0
AF	0	0.144285	2	2	0	0	0	0	0
AF	0	0.144597	1	1	0	0	0	0	0
AF	0	0.144909	1	0	1	0	0	0	0
AF	0	0.145534	3	3	0	0	0	0	0
AF	0	0.145846	1	1	0	0	0	0	0
AF	0	0.146159	2	1	1	0	0	0	0
AF	0	0.146471	3	3	0	0	0	0	0
AF	0	0.146783	11	9	2	0	0	0	0
AF	0	0.147096	2	2	0	0	0	0	0
AF	0	0.147408	2	2	0	0	0	0	0
AF	0	0.148345	3	1	2	0	0	0	0
AF	0	0.148657	4	2	2	0	0	0	0
AF	0	0.149282	1	1	0	0	0	0	0
AF	0	0.149906	1	0	1	0	0	0	0
AF	0	0.150531	1	1	0	0	0	0	0
AF	0	0.150843	2	1	1	0	0	0	0
AF	0	0.151780	1	1	0	0	0	0	0
AF	0	0.152405	3	2	1	0	0	0	0
AF	0	0.153342	2	2	0	0	0	0	0
AF	0	0.153654	1	1	0	0	0	0	0
AF	0	0.154279	2	2	0	0	0	0	0
AF	0	0.154591	1	1	0	0	0	0	0
AF	0	0.155528	1	0	1	0	0	0	0
AF	0	0.157714	1	1	0	0	0	0	0
AF	0	0.158026	1	0	1	0	0	0	0
AF	0	0.160525	1	1	0	0	0	0	0
AF	0	0.161149	2	1	1	0	0	0	0
AF	0	0.161774	1	0	1	0	0	0	0
AF	0	0.162086	2	2	0	0	0	0	0
AF	0	0.162399	2	1	1	0	0	0	0
AF	0	0.162711	1	1	0	0	0	0	0
AF	0	0.164272	1	1	0	0	0	0	0
AF	0	0.165209	1	1	0	0	0	0	0
AF	0	0.165522	2	1	1	0	0	0	0
AF	0	0.165834	1	1	0	0	0	0	0
AF	0	0.166771	1	1	0	0	0	0	0
AF	0	0.168020	3	2	1	0	0	0	0
AF	0	0.168957	1	0	1	0	0	0	0
AF	0	0.169269	2	0	2	0	0	0	0
AF	0	0.170518	3	2	1	0	0	0	0
AF	0	0.170831	3	1	2	0	0	0	0
AF	0	0.171143	1	1	0	0	0	0	0
AF	0	0.172392	1	1	0	0	0	0	0
AF	0	0.173641	6	4	2	0	0	0	0
AF	0	0.173954	2	2	0	0	0	0	0
AF	0	0.174266	2	1	1	0	0	0	0
AF	0	0.174578	1	1	0	0	0	0	0
AF	0	0.175515	1	0	1	0	0	0	0
AF	0	0.175828	2	1	1	0	0	0	0
AF	0	0.176140	1	1	0	0	0	0	0
AF	0	0.176452	1	1	0	0	0	0	0
AF	0	0.176765	2	2	0	0	0	0	0
AF	0	0.177077	1	0	1	0	0	0	0
AF	0	0.177389	2	2	0	0	0	0	0
AF	0	0.177701	4	1	3	0	0	0	0
AF	0	0.178014	3	1	2	0	0	0	0
AF	0	0.178638	3	1	2	0	0	0	0
AF	0	0.178951	2	1	1	0	0	0	0
AF	0	0.179575	1	0	1	0	0	0	0
AF	0	0.179888	2	1	1	0	0	0	0
AF	0	0.180512	6	6	0	0	0	0	0
AF	0	0.180824	1	0	1	0	0	0	0
AF	0	0.181137	1	1	0	0	0	0	0
AF	0	0.181761	1	1	0	0	0	0	0
AF	0	0.182698	2	1	1	0	0	0	0
AF	0	0.183011	1	1	0	0	0	0	0
AF	0	0.183323	1	1	0	0	0	0	0
AF	0	0.183635	5	4	1	0	0	0	0
AF	0	0.184260	1	1	0	0	0	0	0
AF	0	0.184572	1	1	0	0	0	0	0
AF	0	0.184884	2	2	0	0	0	0	0
AF	0	0.185509	2	1	1	0	0	0	0
AF	0	0.185821	5	3	2	0	0	0	0
AF	0	0.186134	4	4	0	0	0	0	0
AF	0	0.186758	1	1	0	0	0	0	0
AF	0	0.187071	1	1	0	0	0	0	0
AF	0	0.188632	4	3	1	0	0	0	0
AF	0	0.189257	1	1	0	0	0	0	0
AF	0	0.189881	1	1	0	0	0	0	0
AF	0	0.190506	1	0	1	0	0	0	0
AF	0	0.191131	2	2	0	0	0	0	0
AF	0	0.191443	1	0	1	0	0	0	0
AF	0	0.191755	1	1	0	0	0	0	0
AF	0	0.192067	1	0	1	0	0	0	0
AF	0	0.192380	7	2	5	0	0	0	0
AF	0	0.192692	1	1	0	0	0	0	0
AF	0	0.193004	2	0	2	0	0	0	0
AF	0	0.193317	6	4	2	0	0	0	0
AF	0	0.193629	10	6	4	0	0	0	0
AF	0	0.193941	3	2	1	0	0	0	0
AF	0	0.194254	1	1	0	0	0	0	0
AF	0	0.194566	1	1	0	0	0	0	0
AF	0	0.194878	6	4	2	0	0	0	0
AF	0	0.195191	1	0	1	0	0	0	0
AF	0	0.195503	1	1	0	0	0	0	0
AF	0	0.195815	1	1	0	0	0	0	0
AF	0	0.196752	2	1	1	0	0	0	0
AF	0	0.198001	1	1	0	0	0	0	0
AF	0	0.198314	1	0	1	0	0	0	0
AF	0	0.198626	1	1	0	0	0	0	0
AF	0	0.198938	2	2	0	0	0	0	0
AF	0	0.199250	2	2	0	0	0	0	0
AF	0	0.199875	1	0	1	0	0	0	0
AF	0	0.200187	1	1	0	0	0	0	0
AF	0	0.200812	1	0	1	0	0	0	0
AF	0	0.201749	2	2	0	0	0	0	0
AF	0	0.202061	1	0	1	0	0	0	0
AF	0	0.202998	1	0	1	0	0	0	0
AF	0	0.204247	2	2	0	0	0	0	0
AF	0	0.204560	1	1	0	0	0	0	0
AF	0	0.204872	2	2	0	0	0	0	0
AF	0	0.205184	2	2	0	0	0	0	0
AF	0	0.206121	3	2	1	0	0	0	0
AF	0	0.206433	1	1	0	0	0	0	0
AF	0	0.206746	1	1	0	0	0	0	0
AF	0	0.207370	1	1	0	0	0	0	0
AF	0	0.207995	2	1	1	0	0	0	0
AF	0	0.208307	1	1	0	0	0	0	0
AF	0	0.208620	1	1	0	0	0	0	0
AF	0	0.209869	1	1	0	0	0	0	0
AF	0	0.210181	1	1	0	0	0	0	0
AF	0	0.211118	1	1	0	0	0	0	0
AF	0	0.212055	1	1	0	0	0	0	0
AF	0	0.212367	1	1	0	0	0	0	0
AF	0	0.212992	2	1	1	0	0	0	0
AF	0	0.213304	2	2	0	0	0	0	0
AF	0	0.214241	2	2	0	0	0	0	0
AF	0	0.214866	2	2	0	0	0	0	0
AF	0	0.215803	1	1	0	0	0	0	0
AF	0	0.216115	2	1	1	0	0	0	0
AF	0	0.216427	1	1	0	0	0	0	0
AF	0	0.216740	4	4	0	0	0	0	0
AF	0	0.217364	3	1	2	0	0	0	0
AF	0	0.217676	1	1	0	0	0	0	0
AF	0	0.217989	7	4	3	0	0	0	0
AF	0	0.218301	2	0	2	0	0	0	0
AF	0	0.218613	5	3	2	0	0	0	0
AF	0	0.218926	1	1	0	0	0	0	0
AF	0	0.219238	1	0	1	0	0	0	0
AF	0	0.219550	1	1	0	0	0	0	0
AF	0	0.219863	2	1	1	0	0	0	0
AF	0	0.221112	1	1	0	0	0	0	0
AF	0	0.221424	2	1	1	0	0	0	0
AF	0	0.222673	1	1	0	0	0	0	0
AF	0	0.222986	2	1	1	0	0	0	0
AF	0	0.223610	1	0	1	0	0	0	0
AF	0	0.223923	2	0	2	0	0	0	0
AF	0	0.224235	1	1	0	0	0	0	0
AF	0	0.224547	4	2	2	0	0	0	0
AF	0	0.224859	2	0	2	0	0	0	0
AF	0	0.225484	3	1	2	0	0	0	0
AF	0	0.226109	1	1	0	0	0	0	0
AF	0	0.227358	1	0	1	0	0	0	0
AF	0	0.227670	4	2	2	0	0	0	0
AF	0	0.227983	1	0	1	0	0	0	0
AF	0	0.228295	3	2	1	0	0	0	0
AF	0	0.228919	4	4	0	0	0	0	0
AF	0	0.229232	4	3	1	0	0	0	0
AF	0	0.229544	3	3	0	0	0	0	0
AF	0	0.229856	4	3	1	0	0	0	0
AF	0	0.230169	13	10	3	0	0	0	0
AF	0	0.230481	8	6	2	0	0	0	0
AF	0	0.230793	8	4	4	0	0	0	0
AF	0	0.231106	1	1	0	0	0	0	0
AF	0	0.231418	1	1	0	0	0	0	0
AF	0	0.231730	2	2	0	0	0	0	0
AF	0	0.232042	1	1	0	0	0	0	0
AF	0	0.232355	1	1	0	0	0	0	0
AF	0	0.232667	2	2	0	0	0	0	0
AF	0	0.233292	4	2	2	0	0	0	0
AF	0	0.233916	1	1	0	0	0	0	0
AF	0	0.234229	4	2	2	0	0	0	0
AF	0	0.234541	7	2	5	0	0	0	0
AF	0	0.234853	4	2	2	0	0	0	0
AF	0	0.235166	1	1	0	0	0	0	0
AF	0	0.236415	3	2	1	0	0	0	0
AF	0	0.237352	1	1	0	0	0	0	0
AF	0	0.238289	2	1	1	0	0	0	0
AF	0	0.238601	1	1	0	0	0	0	0
AF	0	0.238913	2	2	0	0	0	0	0
AF	0	0.239538	1	1	0	0	0	0	0
AF	0	0.240162	2	1	1	0	0	0	0
AF	0	0.240787	1	1	0	0	0	0	0
AF	0	0.241099	1	0	1	0	0	0	0
AF	0	0.241412	3	1	2	0	0	0	0
AF	0	0.241724	2	1	1	0	0	0	0
AF	0	0.243285	1	1	0	0	0	0	0
AF	0	0.243598	1	1	0	0	0	0	0
AF	0	0.244222	1	1	0	0	0	0	0
AF	0	0.244535	1	1	0	0	0	0	0
AF	0	0.245159	2	1	1	0	0	0	0
AF	0	0.246096	1	0	1	0	0	0	0
AF	0	0.247033	1	0	1	0	0	0	0
AF	0	0.247658	1	1	0	0	0	0	0
AF	0	0.248907	3	1	2	0	0	0	0
AF	0	0.249532	1	0	1	0	0	0	0
AF	0	0.250156	1	1	0	0	0	0	0
AF	0	0.250468	1	1	0	0	0	0	0
AF	0	0.250781	2	0	2	0	0	0	0
AF	0	0.252030	1	1	0	0	0	0	0
AF	0	0.252967	1	0	1	0	0	0	0
AF	0	0.255153	2	1	1	0	0	0	0
AF	0	0.255465	1	1	0	0	0	0	0
AF	0	0.256090	1	0	1	0	0	0	0
AF	0	0.256402	1	1	0	0	0	0	0
AF	0	0.257027	2	1	1	0	0	0	0
AF	0	0.257339	1	1	0	0	0	0	0
AF	0	0.258276	1	1	0	0	0	0	0
AF	0	0.258588	2	2	0	0	0	0	0
AF	0	0.258901	1	1	0	0	0	0	0
AF	0	0.259213	1	1	0	0	0	0	0
AF	0	0.259525	2	2	0	0	0	0	0
AF	0	0.259838	3	2	1	0	0	0	0
AF	0	0.260150	2	2	0	0	0	0	0
AF	0	0.260462	1	1	0	0	0	0	0
AF	0	0.260775	1	1	0	0	0	0	0
AF	0	0.261087	1	1	0	0	0	0	0
AF	0	0.262648	1	1	0	0	0	0	0
AF	0	0.262961	1	1	0	0	0	0	0
AF	0	0.263273	1	0	1	0	0	0	0
AF	0	0.265459	1	1	0	0	0	0	0
AF	0	0.266084	1	1	0	0	0	0	0
AF	0	0.266396	2	2	0	0	0	0	0
AF	0	0.266708	2	2	0	0	0	0	0
AF	0	0.267645	1	1	0	0	0	0	0
AF	0	0.268270	1	1	0	0	0	0	0
AF	0	0.268582	2	2	0	0	0	0	0
AF	0	0.268894	3	2	1	0	0	0	0
AF	0	0.269207	1	0	1	0	0	0	0
AF	0	0.269519	2	1	1	0	0	0	0
AF	0	0.269831	1	1	0	0	0	0	0
AF	0	0.270144	1	1	0	0	0	0	0
AF	0	0.270456	4	3	1	0	0	0	0
AF	0	0.270768	1	0	1	0	0	0	0
AF	0	0.271081	1	1	0	0	0	0	0
AF	0	0.271393	1	1	0	0	0	0	0
AF	0	0.272017	1	1	0	0	0	0	0
AF	0	0.273267	1	1	0	0	0	0	0
AF	0	0.274204	1	1	0	0	0	0	0
AF	0	0.275141	2	2	0	0	0	0	0
AF	0	0.275765	1	1	0	0	0	0	0
AF	0	0.276077	1	1	0	0	0	0	0
AF	0	0.277014	3	2	1	0	0	0	0
AF	0	0.277639	1	1	0	0	0	0	0
AF	0	0.278264	1	1	0	0	0	0	0
AF	0	0.278576	2	2	0	0	0	0	0
AF	0	0.278888	1	0	1	0	0	0	0
AF	0	0.279513	4	4	0	0	0	0	0
AF	0	0.279825	1	1	0	0	0	0	0
AF	0	0.280137	1	0	1	0	0	0	0
AF	0	0.280762	1	0	1	0	0	0	0
AF	0	0.281387	2	2	0	0	0	0	0
AF	0	0.282011	2	0	2	0	0	0	0
AF	0	0.282324	1	1	0	0	0	0	0
AF	0	0.282636	1	1	0	0	0	0	0
AF	0	0.282948	1	1	0	0	0	0	0
AF	0	0.283260	3	2	1	0	0	0	0
AF	0	0.283573	2	2	0	0	0	0	0
AF	0	0.283885	4	1	3	0	0	0	0
AF	0	0.284822	1	1	0	0	0	0	0
AF	0	0.285447	1	1	0	0	0	0	0
AF	0	0.285759	1	1	0	0	0	0	0
AF	0	0.286384	1	1	0	0	0	0	0
AF	0	0.287320	1	1	0	0	0	0	0
AF	0	0.287633	1	0	1	0	0	0	0
AF	0	0.288257	1	0	1	0	0	0	0
AF	0	0.288570	1	1	0	0	0	0	0
AF	0	0.288882	2	2	0	0	0	0	0
AF	0	0.289507	2	2	0	0	0	0	0
AF	0	0.289819	1	0	1	0	0	0	0
AF	0	0.291068	3	3	0	0	0	0	0
AF	0	0.291380	1	1	0	0	0	0	0
AF	0	0.292005	1	1	0	0	0	0	0
AF	0	0.292630	2	1	1	0	0	0	0
AF	0	0.295128	2	2	0	0	0	0	0
AF	0	0.295440	1	0	1	0	0	0	0
AF	0	0.295753	2	1	1	0	0	0	0
AF	0	0.296690	1	0	1	0	0	0	0
AF	0	0.297002	6	6	0	0	0	0	0
AF	0	0.297314	3	1	2	0	0	0	0
AF	0	0.297626	6	6	0	0	0	0	0
AF	0	0.297939	3	3	0	0	0	0	0
AF	0	0.298251	4	4	0	0	0	0	0
AF	0	0.299188	2	0	2	0	0	0	0
AF	0	0.299500	1	1	0	0	0	0	0
AF	0	0.300750	2	1	1	0	0	0	0
AF	0	0.302311	1	0	1	0	0	0	0
AF	0	0.303560	1	1	0	0	0	0	0
AF	0	0.305746	1	0	1	0	0	0	0
AF	0	0.306996	2	1	1	0	0	0	0
AF	0	0.307620	2	2	0	0	0	0	0
AF	0	0.307933	2	0	2	0	0	0	0
AF	0	0.310431	1	0	1	0	0	0	0
AF	0	0.310743	2	2	0	0	0	0	0
AF	0	0.311056	2	1	1	0	0	0	0
AF	0	0.311368	3	3	0	0	0	0	0
AF	0	0.311680	2	2	0	0	0	0	0
AF	0	0.311993	6	3	3	0	0	0	0
AF	0	0.312305	2	2	0	0	0	0	0
AF	0	0.312617	1	1	0	0	0	0	0
AF	0	0.313242	1	0	1	0	0	0	0
AF	0	0.313866	2	2	0	0	0	0	0
AF	0	0.316365	3	3	0	0	0	0	0
AF	0	0.316677	3	2	1	0	0	0	0
AF	0	0.316989	2	1	1	0	0	0	0
AF	0	0.317302	2	2	0	0	0	0	0
AF	0	0.317614	2	1	1	0	0	0	0
AF	0	0.319488	2	1	1	0	0	0	0
AF	0	0.320112	1	1	0	0	0	0	0
AF	0	0.320425	3	3	0	0	0	0	0
AF	0	0.320737	2	1	1	0	0	0	0
AF	0	0.321362	2	1	1	0	0	0	0
AF	0	0.321986	1	1	0	0	0	0	0
AF	0	0.322299	1	0	1	0	0	0	0
AF	0	0.322923	1	1	0	0	0	0	0
AF	0	0.323235	2	2	0	0	0	0	0
AF	0	0.323860	2	2	0	0	0	0	0
AF	0	0.324485	2	0	2	0	0	0	0
AF	0	0.325734	1	1	0	0	0	0	0
AF	0	0.326046	1	1	0	0	0	0	0
AF	0	0.326359	1	1	0	0	0	0	0
AF	0	0.327920	1	1	0	0	0	0	0
AF	0	0.328232	1	0	1	0	0	0	0
AF	0	0.328545	1	1	0	0	0	0	0
AF	0	0.328857	3	1	2	0	0	0	0
AF	0	0.329169	4	4	0	0	0	0	0
AF	0	0.329482	1	1	0	0	0	0	0
AF	0	0.330106	4	4	0	0	0	0	0
AF	0	0.330731	1	1	0	0	0	0	0
AF	0	0.331355	1	1	0	0	0	0	0
AF	0	0.331668	1	1	0	0	0	0	0
AF	0	0.332292	1	1	0	0	0	0	0
AF	0	0.332605	1	0	1	0	0	0	0
AF	0	0.333229	1	1	0	0	0	0	0
AF	0	0.334166	2	1	1	0	0	0	0
AF	0	0.337289	1	0	1	0	0	0	0
AF	0	0.337914	2	0	2	0	0	0	0
AF	0	0.338226	1	1	0	0	0	0	0
AF	0	0.338851	1	1	0	0	0	0	0
AF	0	0.339163	1	1	0	0	0	0	0
AF	0	0.339788	1	0	1	0	0	0	0
AF	0	0.340100	1	0	1	0	0	0	0
AF	0	0.340412	2	1	1	0	0	0	0
AF	0	0.341037	1	1	0	0	0	0	0
AF	0	0.341349	2	2	0	0	0	0	0
AF	0	0.341661	2	1	1	0	0	0	0
AF	0	0.342286	1	1	0	0	0	0	0
AF	0	0.342911	1	1	0	0	0	0	0
AF	0	0.343535	1	1	0	0	0	0	0
AF	0	0.344472	1	0	1	0	0	0	0
AF	0	0.344785	1	0	1	0	0	0	0
AF	0	0.345097	1	1	0	0	0	0	0
AF	0	0.346034	1	1	0	0	0	0	0
AF	0	0.346658	1	1	0	0	0	0	0
AF	0	0.347283	3	3	0	0	0	0	0
AF	0	0.347595	2	2	0	0	0	0	0
AF	0	0.348220	2	0	2	0	0	0	0
AF	0	0.348532	1	1	0	0	0	0	0
AF	0	0.348844	1	1	0	0	0	0	0
AF	0	0.349157	1	0	1	0	0	0	0
AF	0	0.349469	1	1	0	0	0	0	0
AF	0	0.349781	3	2	1	0	0	0	0
AF	0	0.350094	1	0	1	0	0	0	0
AF	0	0.350406	3	3	0	0	0	0	0
AF	0	0.351655	2	0	2	0	0	0	0
AF	0	0.352280	1	0	1	0	0	0	0
AF	0	0.352904	4	3	1	0	0	0	0
AF	0	0.353217	3	2	1	0	0	0	0
AF	0	0.353529	5	4	1	0	0	0	0
AF	0	0.354154	3	2	1	0	0	0	0
AF	0	0.354778	1	1	0	0	0	0	0
AF	0	0.355403	3	2	1	0	0	0	0
AF	0	0.356027	2	2	0	0	0	0	0
AF	0	0.356652	1	1	0	0	0	0	0
AF	0	0.357277	3	1	2	0	0	0	0
AF	0	0.357589	2	1	1	0	0	0	0
AF	0	0.357901	1	1	0	0	0	0	0
AF	0	0.358526	2	2	0	0	0	0	0
AF	0	0.358838	1	1	0	0	0	0	0
AF	0	0.359463	1	0	1	0	0	0	0
AF	0	0.359775	1	0	1	0	0	0	0
AF	0	0.360400	2	2	0	0	0	0	0
AF	0	0.361337	1	1	0	0	0	0	0
AF	0	0.361961	3	0	3	0	0	0	0
AF	0	0.362274	3	3	0	0	0	0	0
AF	0	0.362586	1	0	1	0	0	0	0
AF	0	0.362898	2	2	0	0	0	0	0
AF	0	0.363210	2	1	1	0	0	0	0
AF	0	0.363523	1	0	1	0	0	0	0
AF	0	0.363835	1	1	0	0	0	0	0
AF	0	0.364147	3	2	1	0	0	0	0
AF	0	0.364460	4	3	1	0	0	0	0
AF	0	0.364772	4	3	1	0	0	0	0
AF	0	0.365084	2	2	0	0	0	0	0
AF	0	0.365397	1	1	0	0	0	0	0
AF	0	0.366021	2	1	1	0	0	0	0
AF	0	0.366958	1	1	0	0	0	0	0
AF	0	0.367270	6	3	3	0	0	0	0
AF	0	0.367583	9	5	4	0	0	0	0
AF	0	0.367895	13	11	2	0	0	0	0
AF	0	0.368207	2	1	1	0	0	0	0
AF	0	0.368520	4	4	0	0	0	0	0
AF	0	0.368832	3	2	1	0	0	0	0
AF	0	0.369457	2	1	1	0	0	0	0
AF	0	0.369769	3	2	1	0	0	0	0
AF	0	0.370081	5	5	0	0	0	0	0
AF	0	0.370394	2	2	0	0	0	0	0
AF	0	0.371018	3	1	2	0	0	0	0
AF	0	0.371330	3	3	0	0	0	0	0
AF	0	0.371643	1	1	0	0	0	0	0
AF	0	0.372892	2	0	2	0	0	0	0
AF	0	0.373204	1	0	1	0	0	0	0
AF	0	0.373517	1	1	0	0	0	0	0
AF	0	0.374141	1	1	0	0	0	0	0
AF	0	0.374766	1	1	0	0	0	0	0
AF	0	0.375390	1	1	0	0	0	0	0
AF	0	0.375703	1	1	0	0	0	0	0
AF	0	0.376015	1	1	0	0	0	0	0
AF	0	0.376640	1	1	0	0	0	0	0
AF	0	0.376952	2	2	0	0	0	0	0
AF	0	0.377889	2	2	0	0	0	0	0
AF	0	0.378201	2	2	0	0	0	0	0
AF	0	0.378513	1	0	1	0	0	0	0
AF	0	0.378826	1	1	0	0	0	0	0
AF	0	0.379138	3	3	0	0	0	0	0
AF	0	0.379450	2	2	0	0	0	0	0
AF	0	0.379763	2	2	0	0	0	0	0
AF	0	0.380387	3	2	1	0	0	0	0
AF	0	0.380700	3	2	1	0	0	0	0
AF	0	0.381949	2	0	2	0	0	0	0
AF	0	0.382573	2	0	2	0	0	0	0
AF	0	0.383823	2	2	0	0	0	0	0
AF	0	0.384135	3	2	1	0	0	0	0
AF	0	0.384447	1	1	0	0	0	0	0
AF	0	0.384760	3	3	0	0	0	0	0
AF	0	0.385384	4	4	0	0	0	0	0
AF	0	0.386009	1	1	0	0	0	0	0
AF	0	0.386633	1	1	0	0	0	0	0
AF	0	0.387258	3	2	1	0	0	0	0
AF	0	0.387570	1	1	0	0	0	0	0
AF	0	0.387883	12	11	1	0	0	0	0
AF	0	0.388195	8	5	3	0	0	0	0
AF	0	0.388507	7	4	3	0	0	0	0
AF	0	0.388819	1	0	1	0	0	0	0
AF	0	0.389132	2	2	0	0	0	0	0
AF	0	0.389756	2	2	0	0	0	0	0
AF	0	0.390069	1	0	1	0	0	0	0
AF	0	0.390381	1	0	1	0	0	0	0
AF	0	0.391006	1	1	0	0	0	0	0
AF	0	0.391630	1	1	0	0	0	0	0
AF	0	0.391943	2	2	0	0	0	0	0
AF	0	0.392255	5	5	0	0	0	0	0
AF	0	0.392879	2	2	0	0	0	0	0
AF	0	0.393192	1	1	0	0	0	0	0
AF	0	0.394129	2	1	1	0	0	0	0
AF	0	0.394441	3	2	1	0	0	0	0
AF	0	0.394753	5	4	1	0	0	0	0
AF	0	0.395066	2	1	1	0	0	0	0
AF	0	0.395378	1	1	0	0	0	0	0
AF	0	0.396002	1	1	0	0	0	0	0
AF	0	0.396315	6	5	1	0	0	0	0
AF	0	0.396627	4	4	0	0	0	0	0
AF	0	0.397252	1	1	0	0	0	0	0
AF	0	0.399126	2	1	1	0	0	0	0
AF	0	0.399438	2	2	0	0	0	0	0
AF	0	0.399750	1	1	0	0	0	0	0
AF	0	0.401624	2	1	1	0	0	0	0
AF	0	0.402249	2	2	0	0	0	0	0
AF	0	0.402561	1	0	1	0	0	0	0
AF	0	0.402873	2	1	1	0	0	0	0
AF	0	0.404122	1	1	0	0	0	0	0
AF	0	0.404435	1	0	1	0	0	0	0
AF	0	0.405372	1	1	0	0	0	0	0
AF	0	0.406933	1	0	1	0	0	0	0
AF	0	0.408182	1	0	1	0	0	0	0
AF	0	0.411618	1	0	1	0	0	0	0
AF	0	0.411930	1	0	1	0	0	0	0
AF	0	0.412867	3	1	2	0	0	0	0
AF	0	0.414428	1	1	0	0	0	0	0
AF	0	0.416615	1	1	0	0	0	0	0
AF	0	0.417864	1	0	1	0	0	0	0
AF	0	0.418488	1	0	1	0	0	0	0
AF	0	0.419113	2	1	1	0	0	0	0
AF	0	0.419425	1	0	1	0	0	0	0
AF	0	0.419738	1	1	0	0	0	0	0
AF	0	0.420362	1	1	0	0	0	0	0
AF	0	0.420675	1	0	1	0	0	0	0
AF	0	0.420987	2	0	2	0	0	0	0
AF	0	0.421299	1	1	0	0	0	0	0
AF	0	0.421611	2	2	0	0	0	0	0
AF	0	0.422236	1	1	0	0	0	0	0
AF	0	0.422861	1	1	0	0	0	0	0
AF	0	0.423485	2	1	1	0	0	0	0
AF	0	0.427858	1	0	1	0	0	0	0
AF	0	0.428482	1	1	0	0	0	0	0
AF	0	0.429107	1	1	0	0	0	0	0
AF	0	0.429731	2	2	0	0	0	0	0
AF	0	0.432230	1	1	0	0	0	0	0
AF	0	0.434728	3	3	0	0	0	0	0
AF	0	0.435041	4	4	0	0	0	0	0
AF	0	0.435353	1	1	0	0	0	0	0
AF	0	0.435978	3	2	1	0	0	0	0
AF	0	0.437851	2	1	1	0	0	0	0
AF	0	0.446284	1	1	0	0	0	0	0
AF	0	0.446596	1	1	0	0	0	0	0
AF	0	0.446908	1	1	0	0	0	0	0
AF	0	0.454403	1	1	0	0	0	0	0
AF	0	0.456277	1	0	1	0	0	0	0
AF	0	0.460337	1	1	0	0	0	0	0
AF	0	0.461899	1	1	0	0	0	0	0
AF	0	0.465022	1	1	0	0	0	0	0
AF	0	0.465646	1	1	0	0	0	0	0
AF	0	0.466271	1	1	0	0	0	0	0
AF	0	0.466583	1	1	0	0	0	0	0
AF	0	0.466896	1	1	0	0	0	0	0
AF	0	0.467208	2	1	1	0	0	0	0
AF	0	0.467520	3	3	0	0	0	0	0
AF	0	0.468145	2	2	0	0	0	0	0
AF	0	0.468457	3	0	3	0	0	0	0
AF	0	0.468770	4	3	1	0	0	0	0
AF	0	0.470331	2	0	2	0	0	0	0
AF	0	0.471268	3	1	2	0	0	0	0
AF	0	0.471893	1	0	1	0	0	0	0
AF	0	0.472829	2	2	0	0	0	0	0
AF	0	0.473142	3	2	1	0	0	0	0
AF	0	0.473454	1	0	1	0	0	0	0
AF	0	0.476265	2	2	0	0	0	0	0
AF	0	0.476889	1	1	0	0	0	0	0
AF	0	0.477514	1	0	1	0	0	0	0
AF	0	0.478763	2	2	0	0	0	0	0
AF	0	0.479076	1	0	1	0	0	0	0
AF	0	0.481886	1	1	0	0	0	0	0
AF	0	0.482823	2	1	1	0	0	0	0
AF	0	0.483448	1	0	1	0	0	0	0
AF	0	0.483760	1	1	0	0	0	0	0
AF	0	0.484385	2	0	2	0	0	0	0
AF	0	0.485009	2	2	0	0	0	0	0
AF	0	0.485634	1	1	0	0	0	0	0
AF	0	0.486259	1	1	0	0	0	0	0
AF	0	0.486883	1	0	1	0	0	0	0
AF	0	0.487196	1	1	0	0	0	0	0
AF	0	0.488757	3	2	1	0	0	0	0
AF	0	0.489382	2	1	1	0	0	0	0
AF	0	0.490006	3	1	2	0	0	0	0
AF	0	0.490319	1	1	0	0	0	0	0
AF	0	0.490631	1	0	1	0	0	0	0
AF	0	0.490943	2	1	1	0	0	0	0
AF	0	0.491255	1	0	1	0	0	0	0
AF	0	0.491568	1	1	0	0	0	0	0
AF	0	0.492505	2	2	0	0	0	0	0
AF	0	0.493442	1	1	0	0	0	0	0
AF	0	0.493754	4	3	1	0	0	0	0
AF	0	0.494379	1	1	0	0	0	0	0
AF	0	0.494691	2	0	2	0	0	0	0
AF	0	0.495003	2	2	0	0	0	0	0
AF	0	0.495628	1	1	0	0	0	0	0
AF	0	0.495940	1	1	0	0	0	0	0
AF	0	0.496252	2	2	0	0	0	0	0
AF	0	0.496877	2	2	0	0	0	0	0
AF	0	0.497502	1	0	1	0	0	0	0
AF	0	0.498438	1	0	1	0	0	0	0
AF	0	0.499063	3	1	2	0	0	0	0
AF	0	0.501249	1	0	1	0	0	0	0
AF	0	0.503748	1	0	1	0	0	0	0
AF	0	0.504997	1	0	1	0	0	0	0
AF	0	0.506246	1	1	0	0	0	0	0
AF	0	0.508432	1	1	0	0	0	0	0
AF	0	0.509057	1	0	1	0	0	0	0
AF	0	0.512492	2	1	1	0	0	0	0
AF	0	0.512804	1	0	1	0	0	0	0
AF	0	0.513117	2	2	0	0	0	0	0
AF	0	0.513429	1	1	0	0	0	0	0
AF	0	0.513741	1	1	0	0	0	0	0
AF	0	0.515615	3	3	0	0	0	0	0
AF	0	0.517489	1	0	1	0	0	0	0
AF	0	0.518426	1	1	0	0	0	0	0
AF	0	0.519988	1	1	0	0	0	0	0
AF	0	0.521237	1	0	1	0	0	0	0
AF	0	0.522486	1	1	0	0	0	0	0
AF	0	0.522798	1	1	0	0	0	0	0
AF	0	0.523111	2	1	1	0	0	0	0
AF	0	0.523735	2	2	0	0	0	0	0
AF	0	0.524047	1	1	0	0	0	0	0
AF	0	0.524360	2	2	0	0	0	0	0
AF	0	0.524672	2	1	1	0	0	0	0
AF	0	0.528107	1	0	1	0	0	0	0
AF	0	0.530918	1	1	0	0	0	0	0
AF	0	0.531543	1	1	0	0	0	0	0
AF	0	0.531855	1	1	0	0	0	0	0
AF	0	0.533729	3	3	0	0	0	0	0
AF	0	0.534041	2	0	2	0	0	0	0
AF	0	0.534354	1	0	1	0	0	0	0
AF	0	0.535603	1	1	0	0	0	0	0
AF	0	0.535915	1	0	1	0	0	0	0
AF	0	0.536540	1	1	0	0	0	0	0
AF	0	0.538101	1	0	1	0	0	0	0
AF	0	0.539038	1	1	0	0	0	0	0
AF	0	0.539350	1	1	0	0	0	0	0
AF	0	0.540287	1	1	0	0	0	0	0
AF	0	0.544035	2	2	0	0	0	0	0
AF	0	0.545597	1	1	0	0	0	0	0
AF	0	0.546846	1	0	1	0	0	0	0
AF	0	0.547158	1	1	0	0	0	0	0
AF	0	0.547470	2	1	1	0	0	0	0
AF	0	0.548095	1	1	0	0	0	0	0
AF	0	0.549969	1	0	1	0	0	0	0
AF	0	0.552467	1	1	0	0	0	0	0
AF	0	0.553716	1	1	0	0	0	0	0
AF	0	0.554966	1	1	0	0	0	0	0
AF	0	0.555903	1	1	0	0	0	0	0
AF	0	0.556215	1	0	1	0	0	0	0
AF	0	0.561212	1	1	0	0	0	0	0
AF	0	0.561524	1	1	0	0	0	0	0
AF	0	0.562149	1	1	0	0	0	0	0
AF	0	0.562461	1	0	1	0	0	0	0
AF	0	0.563398	4	2	2	0	0	0	0
AF	0	0.564022	2	2	0	0	0	0	0
AF	0	0.565272	1	1	0	0	0	0	0
AF	0	0.565896	2	2	0	0	0	0	0
AF	0	0.566209	1	1	0	0	0	0	0
AF	0	0.566833	1	1	0	0	0	0	0
AF	0	0.567146	3	3	0	0	0	0	0
AF	0	0.567770	3	3	0	0	0	0	0
AF	0	0.568082	1	1	0	0	0	0	0
AF	0	0.568395	1	1	0	0	0	0	0
AF	0	0.568707	1	1	0	0	0	0	0
AF	0	0.569332	1	1	0	0	0	0	0
AF	0	0.569644	1	1	0	0	0	0	0
AF	0	0.570581	5	3	2	0	0	0	0
AF	0	0.570893	3	1	2	0	0	0	0
AF	0	0.571205	2	2	0	0	0	0	0
AF	0	0.571518	1	0	1	0	0	0	0
AF	0	0.571830	1	1	0	0	0	0	0
AF	0	0.572767	3	2	1	0	0	0	0
AF	0	0.573392	3	2	1	0	0	0	0
AF	0	0.573704	2	2	0	0	0	0	0
AF	0	0.574016	1	1	0	0	0	0	0
AF	0	0.574641	1	1	0	0	0	0	0
AF	0	0.575890	1	0	1	0	0	0	0
AF	0	0.577764	3	1	2	0	0	0	0
AF	0	0.578389	1	1	0	0	0	0	0
AF	0	0.579950	1	1	0	0	0	0	0
AF	0	0.581512	1	1	0	0	0	0	0
AF	0	0.583385	4	4	0	0	0	0	0
AF	0	0.583698	2	1	1	0	0	0	0
AF	0	0.584010	2	1	1	0	0	0	0
AF	0	0.584322	2	1	1	0	0	0	0
AF	0	0.584635	1	1	0	0	0	0	0
AF	0	0.584947	2	2	0	0	0	0	0
AF	0	0.588070	1	1	0	0	0	0	0
AF	0	0.588382	1	0	1	0	0	0	0
AF	0	0.589007	5	3	2	0	0	0	0
AF	0	0.589319	1	1	0	0	0	0	0
AF	0	0.589631	1	0	1	0	0	0	0
AF	0	0.589944	1	0	1	0	0	0	0
AF	0	0.590256	4	3	1	0	0	0	0
AF	0	0.590568	1	0	1	0	0	0	0
AF	0	0.590881	1	1	0	0	0	0	0
AF	0	0.592130	1	0	1	0	0	0	0
AF	0	0.592442	1	0	1	0	0	0	0
AF	0	0.592755	1	0	1	0	0	0	0
AF	0	0.596502	1	1	0	0	0	0	0
AF	0	0.596814	1	1	0	0	0	0	0
AF	0	0.597127	1	1	0	0	0	0	0
AF	0	0.598376	1	1	0	0	0	0	0
AF	0	0.602124	1	1	0	0	0	0	0
AF	0	0.602436	1	1	0	0	0	0	0
AF	0	0.603373	1	0	1	0	0	0	0
AF	0	0.604622	2	1	1	0	0	0	0
AF	0	0.604934	1	1	0	0	0	0	0
AF	0	0.605871	3	2	1	0	0	0	0
AF	0	0.606808	2	2	0	0	0	0	0
AF	0	0.607433	1	1	0	0	0	0	0
AF	0	0.608370	1	1	0	0	0	0	0
AF	0	0.608994	1	1	0	0	0	0	0
AF	0	0.610244	1	0	1	0	0	0	0
AF	0	0.610868	1	1	0	0	0	0	0
AF	0	0.612117	2	1	1	0	0	0	0
AF	0	0.615240	1	1	0	0	0	0	0
AF	0	0.615553	1	0	1	0	0	0	0
AF	0	0.616490	1	1	0	0	0	0	0
AF	0	0.618364	2	1	1	0	0	0	0
AF	0	0.618676	1	1	0	0	0	0	0
AF	0	0.618988	1	0	1	0	0	0	0
AF	0	0.620237	1	1	0	0	0	0	0
AF	0	0.620862	2	2	0	0	0	0	0
AF	0	0.623048	1	0	1	0	0	0	0
AF	0	0.623985	3	3	0	0	0	0	0
AF	0	0.624610	2	1	1	0	0	0	0
AF	0	0.625859	1	0	1	0	0	0	0
AF	0	0.626483	2	1	1	0	0	0	0
AF	0	0.629294	1	1	0	0	0	0	0
AF	0	0.629606	1	1	0	0	0	0	0
AF	0	0.633354	1	1	0	0	0	0	0
AF	0	0.633979	2	2	0	0	0	0	0
AF	0	0.634603	2	1	1	0	0	0	0
AF	0	0.635228	1	1	0	0	0	0	0
AF	0	0.636477	1	0	1	0	0	0	0
AF	0	0.638663	1	0	1	0	0	0	0
AF	0	0.641474	1	1	0	0	0	0	0
AF	0	0.645222	1	1	0	0	0	0	0
AF	0	0.646471	1	1	0	0	0	0	0
AF	0	0.648969	2	0	2	0	0	0	0
AF	0	0.652405	1	1	0	0	0	0	0
AF	0	0.652717	1	0	1	0	0	0	0
AF	0	0.654591	2	2	0	0	0	0	0
AF	0	0.655840	1	1	0	0	0	0	0
AF	0	0.656777	1	0	1	0	0	0	0
AF	0	0.657402	1	0	1	0	0	0	0
AF	0	0.657714	1	0	1	0	0	0	0
AF	0	0.658339	4	2	2	0	0	0	0
AF	0	0.658651	1	1	0	0	0	0	0
AF	0	0.658963	2	0	2	0	0	0	0
AF	0	0.659275	2	1	1	0	0	0	0
AF	0	0.659588	4	4	0	0	0	0	0
AF	0	0.660212	1	1	0	0	0	0	0
AF	0	0.663960	1	1	0	0	0	0	0
AF	0	0.665834	1	1	0	0	0	0	0
AF	0	0.668957	1	1	0	0	0	0	0
AF	0	0.669269	1	0	1	0	0	0	0
AF	0	0.687383	1	0	1	0	0	0	0
AF	0	0.701124	1	1	0	0	0	0	0
AF	0	0.702374	1	0	1	0	0	0	0
AF	0	0.708620	1	1	0	0	0	0	0
AF	0	0.715490	1	0	1	0	0	0	0
AF	0	0.717676	1	0	1	0	0	0	0
AF	0	0.717989	5	3	2	0	0	0	0
AF	0	0.718301	3	2	1	0	0	0	0
AF	0	0.718613	10	5	5	0	0	0	0
AF	0	0.718926	8	2	6	0	0	0	0
AF	0	0.719238	9	6	3	0	0	0	0
AF	0	0.719550	1	1	0	0	0	0	0
AF	0	0.721112	1	1	0	0	0	0	0
AF	0	0.721736	1	1	0	0	0	0	0
AF	0	0.724859	1	1	0	0	0	0	0
AF	0	0.726733	1	0	1	0	0	0	0
AF	0	0.733604	1	0	1	0	0	0	0
AF	0	0.736415	1	1	0	0	0	0	0
AF	0	0.759213	1	0	1	0	0	0	0
AF	0	0.760775	1	1	0	0	0	0	0
AF	0	0.772330	1	0	1	0	0	0	0
AF	0	0.772954	2	1	1	0	0	0	0
AF	0	0.781387	1	0	1	0	0	0	0
AF	0	0.781699	1	1	0	0	0	0	0
AF	0	0.787008	1	1	0	0	0	0	0
AF	0	0.789507	2	2	0	0	0	0	0
AF	0	0.789819	1	1	0	0	0	0	0
AF	0	0.791068	1	1	0	0	0	0	0
AF	0	0.791380	2	1	1	0	0	0	0
AF	0	0.792005	1	1	0	0	0	0	0
AF	0	0.792317	1	0	1	0	0	0	0
AF	0	0.811056	1	0	1	0	0	0	0
AF	0	0.811993	1	0	1	0	0	0	0
AF	0	0.813866	5	5	0	0	0	0	0
AF	0	0.814803	1	1	0	0	0	0	0
AF	0	0.820425	1	1	0	0	0	0	0
AF	0	0.821986	1	0	1	0	0	0	0
AF	0	0.823235	2	1	1	0	0	0	0
AF	0	0.824485	1	1	0	0	0	0	0
AF	0	0.825734	1	1	0	0	0	0	0
AF	0	0.828857	1	0	1	0	0	0	0
AF	0	0.838226	1	1	0	0	0	0	0
AF	0	0.842598	1	1	0	0	0	0	0
AF	0	0.843535	2	1	1	0	0	0	0
AF	0	0.851968	1	0	1	0	0	0	0
AF	0	0.854778	2	2	0	0	0	0	0
AF	0	0.855715	1	1	0	0	0	0	0
AF	0	0.856964	3	2	1	0	0	0	0
AF	0	0.857277	2	2	0	0	0	0	0
AF	0	0.859463	1	1	0	0	0	0	0
AF	0	0.860087	1	0	1	0	0	0	0
AF	0	0.860712	1	0	1	0	0	0	0
AF	0	0.861337	1	1	0	0	0	0	0
AF	0	0.861649	4	4	0	0	0	0	0
AF	0	0.861961	1	1	0	0	0	0	0
AF	0	0.862898	1	1	0	0	0	0	0
AF	0	0.864147	1	0	1	0	0	0	0
AF	0	0.864460	1	1	0	0	0	0	0
AF	0	0.865084	2	2	0	0	0	0	0
AF	0	0.866021	1	1	0	0	0	0	0
AF	0	0.866334	1	1	0	0	0	0	0
AF	0	0.869457	1	1	0	0	0	0	0
AF	0	0.869769	1	1	0	0	0	0	0
AF	0	0.870706	1	0	1	0	0	0	0
AF	0	0.871018	1	1	0	0	0	0	0
AF	0	0.871955	1	1	0	0	0	0	0
AF	0	0.872267	1	0	1	0	0	0	0
AF	0	0.872580	1	0	1	0	0	0	0
AF	0	0.875078	1	0	1	0	0	0	0
AF	0	0.875390	3	3	0	0	0	0	0
AF	0	0.876015	2	2	0	0	0	0	0
AF	0	0.876952	2	1	1	0	0	0	0
AF	0	0.878826	1	0	1	0	0	0	0
AF	0	0.881324	1	0	1	0	0	0	0
AF	0	0.881949	1	1	0	0	0	0	0
AF	0	0.884760	1	1	0	0	0	0	0
AF	0	0.885384	2	2	0	0	0	0	0
AF	0	0.885696	3	2	1	0	0	0	0
AF	0	0.888507	1	0	1	0	0	0	0
AF	0	0.888819	2	1	1	0	0	0	0
AF	0	0.890381	3	1	2	0	0	0	0
AF	0	0.891630	1	1	0	0	0	0	0
AF	0	0.892567	1	0	1	0	0	0	0
AF	0	0.892879	1	1	0	0	0	0	0
AF	0	0.893192	1	1	0	0	0	0	0
AF	0	0.893504	2	1	1	0	0	0	0
AF	0	0.894129	1	1	0	0	0	0	0
AF	0	0.894441	1	0	1	0	0	0	0
AF	0	0.894753	4	1	3	0	0	0	0
AF	0	0.895066	3	1	2	0	0	0	0
AF	0	0.895378	1	0	1	0	0	0	0
AF	0	0.896315	1	1	0	0	0	0	0
AF	0	0.898501	1	1	0	0	0	0	0
AF	0	0.899438	2	2	0	0	0	0	0
AF	0	0.900375	1	1	0	0	0	0	0
AF	0	0.900687	1	1	0	0	0	0	0
AF	0	0.902873	1	1	0	0	0	0	0
AF	0	0.903810	1	0	1	0	0	0	0
AF	0	0.904122	1	0	1	0	0	0	0
AF	0	0.904435	1	0	1	0	0	0	0
AF	0	0.905059	1	0	1	0	0	0	0
AF	0	0.905372	2	1	1	0	0	0	0
AF	0	0.905684	2	1	1	0	0	0	0
AF	0	0.905996	2	2	0	0	0	0	0
AF	0	0.906309	4	3	1	0	0	0	0
AF	0	0.906621	1	1	0	0	0	0	0
AF	0	0.906933	1	1	0	0	0	0	0
AF	0	0.907245	8	8	0	0	0	0	0
AF	0	0.907558	2	2	0	0	0	0	0
AF	0	0.907870	1	0	1	0	0	0	0
AF	0	0.908182	5	3	2	0	0	0	0
AF	0	0.908495	3	3	0	0	0	0	0
AF	0	0.909119	1	1	0	0	0	0	0
AF	0	0.909432	1	1	0	0	0	0	0
AF	0	0.909744	1	0	1	0	0	0	0
AF	0	0.910681	1	1	0	0	0	0	0
AF	0	0.911305	2	2	0	0	0	0	0
AF	0	0.911618	3	1	2	0	0	0	0
AF	0	0.916615	1	0	1	0	0	0	0
AF	0	0.916927	2	2	0	0	0	0	0
AF	0	0.917239	7	4	3	0	0	0	0
AF	0	0.917552	1	1	0	0	0	0	0
AF	0	0.918801	1	0	1	0	0	0	0
AF	0	0.919113	1	1	0	0	0	0	0
AF	0	0.921924	1	1	0	0	0	0	0
AF	0	0.922861	1	1	0	0	0	0	0
AF	0	0.934104	1	1	0	0	0	0	0
AF	0	0.934728	1	0	1	0	0	0	0
AF	0	0.952842	1	1	0	0	0	0	0
AF	0	0.956277	1	0	1	0	0	0	0
AF	0	0.966896	1	1	0	0	0	0	0
AF	0	0.974391	1	1	0	0	0	0	0
AF	0	0.975328	1	0	1	0	0	0	0
AF	0	0.980949	1	1	0	0	0	0	0
AF	0	0.983136	1	0	1	0	0	0	0
AF	0	0.985634	1	1	0	0	0	0	0
AF	0	0.990006	1	1	0	0	0	0	0
AF	0	0.990319	2	2	0	0	0	0	0
AF	0	0.992192	1	0	1	0	0	0	0
AF	0	0.994691	1	1	0	0	0	0	0
AF	0	0.995003	2	2	0	0	0	0	0
AF	0	0.995315	4	3	1	0	0	0	0
AF	0	0.995628	2	2	0	0	0	0	0
AF	0	0.995940	3	3	0	0	0	0	0
AF	0	0.996565	5	4	1	0	0	0	0
AF	0	0.997502	4	4	0	0	0	0	0
AF	0	0.997814	3	2	1	0	0	0	0
# QUAL, Stats by quality
# QUAL	[2]id	[3]Quality	[4]number of SNPs	[5]number of transitions (1st ALT)	[6]number of transversions (1st ALT)	[7]number of indels
QUAL	0	.	14913	10310	4603	0
# IDD, InDel distribution:
# IDD	[2]id	[3]length (deletions negative)	[4]number of sites	[5]number of genotypes	[6]mean VAF
# ST, Substitution types:
# ST	[2]id	[3]type	[4]count
ST	0	A>C	538
ST	0	A>G	2127
ST	0	A>T	498
ST	0	C>A	634
ST	0	C>G	686
ST	0	C>T	3055
ST	0	G>A	3081
ST	0	G>C	619
ST	0	G>T	603
ST	0	T>A	479
ST	0	T>C	2047
ST	0	T>G	546
# DP, Depth distribution
# DP	[2]id	[3]bin	[4]number of genotypes	[5]fraction of genotypes (%)	[6]number of sites	[7]fraction of sites (%)
  - Fix haploid genotypes in males...

Submit MakeDiploidMalesX finished successfully. Let's have a beer, buddy!

