Submit MakeDiploidMalesX
version 1.1.6 (2024-09-30)

These are the settings:
  Input file................: /hpc/local/Rocky8/dhl_ec/software/MonopogenLite/resources/1kGP_high_coverage_Illumina.SNVonly_poly.filtered_AF_5e-04.norm.fixvariantid.chrX.vcf.gz
  Output file...............: /hpc/local/Rocky8/dhl_ec/software/MonopogenLite/resources/1kGP_high_coverage_Illumina.SNVonly_poly.filtered_AF_5e-04.norm.fixvariantid.makediploid.chrX.vcf.gz
  Chunk size................: 100

  SLURM CPUs................: 4
  SLURM Array ID............: 14 (of 100)
  SLURM memory..............: 16G
  SLURM time................: 01:00:00
  SLURM mail type...........: FAIL
  SLURM mail user...........: s.w.vanderlaan-2@umcutrecht.nl

  Dry run mode..............: 0
  Debug mode................: 1
  Verbosity.................: 0
  Version...................: 1.1.6 (2024-09-30)

Making converting haploid genotypes to diploid genotypes.
> Extract the region for this SLURM task (# 14) from the BED file.
  - Get the chunk number from the SLURM array task ID and the bed file...
DEBUG: Extracting chunk number: 14p from 14
DEBUG: Extracting region from BED file: /hpc/local/Rocky8/dhl_ec/software/MonopogenLite/resources/chrX_100pieces.bed
  - Extract the region from the BED file...
DEBUG: Extracted raw region: 'chrX	20285305	21845712' (chunk #: 14p of 100 for job 14)
  - Check if a valid region was extracted -- should be 'chrX	20285305	21845712'...
  - Prepare the region for bcftools...
  - Check if the region (chrX:20285305-21845712) was successfully extracted...
> Processing region 'chrX:20285305-21845712'...
  - Process the specific region (chunk# 14) using bcftools view...
  - Index the VCF file...
DEBUG: Check if the VCF file was successfully processed...
##fileformat=VCFv4.2
##FILTER=<ID=PASS,Description="All filters passed">
##fileDate=29/01/2022 - 14:31:41
##source=shapeit4.2.2
##contig=<ID=chr1,length=248956422>
##contig=<ID=chr2,length=242193529>
##contig=<ID=chr3,length=198295559>
##contig=<ID=chr4,length=190214555>
##contig=<ID=chr5,length=181538259>
##contig=<ID=chr6,length=170805979>
# This file was produced by bcftools stats (1.20+htslib-1.20) and can be plotted using plot-vcfstats.
# The command line was:	bcftools stats  /hpc/local/Rocky8/dhl_ec/software/MonopogenLite/resources/chrX.part14.vcf.gz
#
# Definition of sets:
# ID	[2]id	[3]tab-separated file names
ID	0	/hpc/local/Rocky8/dhl_ec/software/MonopogenLite/resources/chrX.part14.vcf.gz
# SN, Summary numbers:
#   number of records   .. number of data rows in the VCF
#   number of no-ALTs   .. reference-only sites, ALT is either "." or identical to REF
#   number of SNPs      .. number of rows with a SNP
#   number of MNPs      .. number of rows with a MNP, such as CC>TT
#   number of indels    .. number of rows with an indel
#   number of others    .. number of rows with other type, for example a symbolic allele or
#                          a complex substitution, such as ACT>TCGA
#   number of multiallelic sites     .. number of rows with multiple alternate alleles
#   number of multiallelic SNP sites .. number of rows with multiple alternate alleles, all SNPs
# 
#   Note that rows containing multiple types will be counted multiple times, in each
#   counter. For example, a row with a SNP and an indel increments both the SNP and
#   the indel counter.
# 
# SN	[2]id	[3]key	[4]value
SN	0	number of samples:	3202
SN	0	number of records:	13878
SN	0	number of no-ALTs:	0
SN	0	number of SNPs:	13878
SN	0	number of MNPs:	0
SN	0	number of indels:	0
SN	0	number of others:	0
SN	0	number of multiallelic sites:	0
SN	0	number of multiallelic SNP sites:	0
# TSTV, transitions/transversions:
# TSTV	[2]id	[3]ts	[4]tv	[5]ts/tv	[6]ts (1st ALT)	[7]tv (1st ALT)	[8]ts/tv (1st ALT)
TSTV	0	9274	4604	2.01	9274	4604	2.01
# SiS, Singleton stats:
# SiS	[2]id	[3]allele count	[4]number of SNPs	[5]number of transitions	[6]number of transversions	[7]number of indels	[8]repeat-consistent	[9]repeat-inconsistent	[10]not applicable
SiS	0	1	0	0	0	0	0	0	0
# AF, Stats by non-reference allele frequency:
# AF	[2]id	[3]allele frequency	[4]number of SNPs	[5]number of transitions	[6]number of transversions	[7]number of indels	[8]repeat-consistent	[9]repeat-inconsistent	[10]not applicable
AF	0	0.000312	2416	1616	800	0	0	0	0
AF	0	0.000625	1518	1010	508	0	0	0	0
AF	0	0.000937	1529	1057	472	0	0	0	0
AF	0	0.001249	430	295	135	0	0	0	0
AF	0	0.001562	886	596	290	0	0	0	0
AF	0	0.001874	291	197	94	0	0	0	0
AF	0	0.002186	539	356	183	0	0	0	0
AF	0	0.002498	188	129	59	0	0	0	0
AF	0	0.002811	331	219	112	0	0	0	0
AF	0	0.003123	105	76	29	0	0	0	0
AF	0	0.003435	237	159	78	0	0	0	0
AF	0	0.003748	107	70	37	0	0	0	0
AF	0	0.004060	207	142	65	0	0	0	0
AF	0	0.004372	91	63	28	0	0	0	0
AF	0	0.004685	158	109	49	0	0	0	0
AF	0	0.004997	58	36	22	0	0	0	0
AF	0	0.005309	155	102	53	0	0	0	0
AF	0	0.005621	62	46	16	0	0	0	0
AF	0	0.005934	137	86	51	0	0	0	0
AF	0	0.006246	56	40	16	0	0	0	0
AF	0	0.006558	129	88	41	0	0	0	0
AF	0	0.006871	46	33	13	0	0	0	0
AF	0	0.007183	117	78	39	0	0	0	0
AF	0	0.007495	60	40	20	0	0	0	0
AF	0	0.007808	124	75	49	0	0	0	0
AF	0	0.008120	58	32	26	0	0	0	0
AF	0	0.008432	137	91	46	0	0	0	0
AF	0	0.008745	55	33	22	0	0	0	0
AF	0	0.009057	68	40	28	0	0	0	0
AF	0	0.009369	42	26	16	0	0	0	0
AF	0	0.009681	85	61	24	0	0	0	0
AF	0	0.009994	39	23	16	0	0	0	0
AF	0	0.010306	81	60	21	0	0	0	0
AF	0	0.010618	21	12	9	0	0	0	0
AF	0	0.010931	46	26	20	0	0	0	0
AF	0	0.011243	37	29	8	0	0	0	0
AF	0	0.011555	45	30	15	0	0	0	0
AF	0	0.011868	38	23	15	0	0	0	0
AF	0	0.012180	67	42	25	0	0	0	0
AF	0	0.012492	28	19	9	0	0	0	0
AF	0	0.012804	50	35	15	0	0	0	0
AF	0	0.013117	39	24	15	0	0	0	0
AF	0	0.013429	68	48	20	0	0	0	0
AF	0	0.013741	26	16	10	0	0	0	0
AF	0	0.014054	42	31	11	0	0	0	0
AF	0	0.014366	13	9	4	0	0	0	0
AF	0	0.014678	31	22	9	0	0	0	0
AF	0	0.014991	16	11	5	0	0	0	0
AF	0	0.015303	52	38	14	0	0	0	0
AF	0	0.015615	12	6	6	0	0	0	0
AF	0	0.015928	39	25	14	0	0	0	0
AF	0	0.016240	37	21	16	0	0	0	0
AF	0	0.016552	29	17	12	0	0	0	0
AF	0	0.016864	19	11	8	0	0	0	0
AF	0	0.017177	35	22	13	0	0	0	0
AF	0	0.017489	12	8	4	0	0	0	0
AF	0	0.017801	19	11	8	0	0	0	0
AF	0	0.018114	9	7	2	0	0	0	0
AF	0	0.018426	16	12	4	0	0	0	0
AF	0	0.018738	11	8	3	0	0	0	0
AF	0	0.019051	30	20	10	0	0	0	0
AF	0	0.019363	18	8	10	0	0	0	0
AF	0	0.019675	21	15	6	0	0	0	0
AF	0	0.019988	4	4	0	0	0	0	0
AF	0	0.020300	23	12	11	0	0	0	0
AF	0	0.020612	5	4	1	0	0	0	0
AF	0	0.020924	22	17	5	0	0	0	0
AF	0	0.021237	18	13	5	0	0	0	0
AF	0	0.021549	23	19	4	0	0	0	0
AF	0	0.021861	10	5	5	0	0	0	0
AF	0	0.022174	11	7	4	0	0	0	0
AF	0	0.022486	11	10	1	0	0	0	0
AF	0	0.022798	23	15	8	0	0	0	0
AF	0	0.023111	7	7	0	0	0	0	0
AF	0	0.023423	10	5	5	0	0	0	0
AF	0	0.023735	7	3	4	0	0	0	0
AF	0	0.024047	11	5	6	0	0	0	0
AF	0	0.024360	7	5	2	0	0	0	0
AF	0	0.024672	9	7	2	0	0	0	0
AF	0	0.024984	10	8	2	0	0	0	0
AF	0	0.025297	16	13	3	0	0	0	0
AF	0	0.025609	11	7	4	0	0	0	0
AF	0	0.025921	6	2	4	0	0	0	0
AF	0	0.026234	6	6	0	0	0	0	0
AF	0	0.026546	10	6	4	0	0	0	0
AF	0	0.026858	12	12	0	0	0	0	0
AF	0	0.027171	14	6	8	0	0	0	0
AF	0	0.027483	6	3	3	0	0	0	0
AF	0	0.027795	28	17	11	0	0	0	0
AF	0	0.028107	2	0	2	0	0	0	0
AF	0	0.028420	11	8	3	0	0	0	0
AF	0	0.028732	3	2	1	0	0	0	0
AF	0	0.029044	8	4	4	0	0	0	0
AF	0	0.029357	2	2	0	0	0	0	0
AF	0	0.029669	5	4	1	0	0	0	0
AF	0	0.029981	3	3	0	0	0	0	0
AF	0	0.030294	6	4	2	0	0	0	0
AF	0	0.030606	5	4	1	0	0	0	0
AF	0	0.030918	13	7	6	0	0	0	0
AF	0	0.031230	6	4	2	0	0	0	0
AF	0	0.031543	12	9	3	0	0	0	0
AF	0	0.031855	3	2	1	0	0	0	0
AF	0	0.032167	8	3	5	0	0	0	0
AF	0	0.032480	12	6	6	0	0	0	0
AF	0	0.032792	19	14	5	0	0	0	0
AF	0	0.033104	4	1	3	0	0	0	0
AF	0	0.033417	16	11	5	0	0	0	0
AF	0	0.033729	7	3	4	0	0	0	0
AF	0	0.034041	38	30	8	0	0	0	0
AF	0	0.034354	12	8	4	0	0	0	0
AF	0	0.034666	25	14	11	0	0	0	0
AF	0	0.034978	17	13	4	0	0	0	0
AF	0	0.035290	14	9	5	0	0	0	0
AF	0	0.035603	14	7	7	0	0	0	0
AF	0	0.035915	15	10	5	0	0	0	0
AF	0	0.036227	9	5	4	0	0	0	0
AF	0	0.036540	15	9	6	0	0	0	0
AF	0	0.036852	7	6	1	0	0	0	0
AF	0	0.037164	12	6	6	0	0	0	0
AF	0	0.037477	4	1	3	0	0	0	0
AF	0	0.037789	13	10	3	0	0	0	0
AF	0	0.038101	1	1	0	0	0	0	0
AF	0	0.038413	12	9	3	0	0	0	0
AF	0	0.038726	7	5	2	0	0	0	0
AF	0	0.039038	20	11	9	0	0	0	0
AF	0	0.039350	3	2	1	0	0	0	0
AF	0	0.039663	14	9	5	0	0	0	0
AF	0	0.039975	3	2	1	0	0	0	0
AF	0	0.040287	16	10	6	0	0	0	0
AF	0	0.040600	4	4	0	0	0	0	0
AF	0	0.040912	12	4	8	0	0	0	0
AF	0	0.041224	8	7	1	0	0	0	0
AF	0	0.041537	31	18	13	0	0	0	0
AF	0	0.041849	2	2	0	0	0	0	0
AF	0	0.042161	16	15	1	0	0	0	0
AF	0	0.042473	8	5	3	0	0	0	0
AF	0	0.042786	26	15	11	0	0	0	0
AF	0	0.043098	7	4	3	0	0	0	0
AF	0	0.043410	17	12	5	0	0	0	0
AF	0	0.043723	7	6	1	0	0	0	0
AF	0	0.044035	9	5	4	0	0	0	0
AF	0	0.044347	6	5	1	0	0	0	0
AF	0	0.044660	30	19	11	0	0	0	0
AF	0	0.044972	8	3	5	0	0	0	0
AF	0	0.045284	7	5	2	0	0	0	0
AF	0	0.045597	2	2	0	0	0	0	0
AF	0	0.045909	10	6	4	0	0	0	0
AF	0	0.046221	4	4	0	0	0	0	0
AF	0	0.046533	8	4	4	0	0	0	0
AF	0	0.046846	3	1	2	0	0	0	0
AF	0	0.047158	6	4	2	0	0	0	0
AF	0	0.047470	5	3	2	0	0	0	0
AF	0	0.047783	5	3	2	0	0	0	0
AF	0	0.048095	3	3	0	0	0	0	0
AF	0	0.048407	11	10	1	0	0	0	0
AF	0	0.048720	4	2	2	0	0	0	0
AF	0	0.049032	5	2	3	0	0	0	0
AF	0	0.049344	8	7	1	0	0	0	0
AF	0	0.049656	8	5	3	0	0	0	0
AF	0	0.049969	7	3	4	0	0	0	0
AF	0	0.050281	2	2	0	0	0	0	0
AF	0	0.050906	2	1	1	0	0	0	0
AF	0	0.051218	7	4	3	0	0	0	0
AF	0	0.051530	2	0	2	0	0	0	0
AF	0	0.051843	2	2	0	0	0	0	0
AF	0	0.052155	6	3	3	0	0	0	0
AF	0	0.052780	9	7	2	0	0	0	0
AF	0	0.053092	2	1	1	0	0	0	0
AF	0	0.053404	1	1	0	0	0	0	0
AF	0	0.053716	5	4	1	0	0	0	0
AF	0	0.054029	5	3	2	0	0	0	0
AF	0	0.054341	3	2	1	0	0	0	0
AF	0	0.054653	6	2	4	0	0	0	0
AF	0	0.054966	1	0	1	0	0	0	0
AF	0	0.055278	4	2	2	0	0	0	0
AF	0	0.055590	5	4	1	0	0	0	0
AF	0	0.055903	3	2	1	0	0	0	0
AF	0	0.056215	3	1	2	0	0	0	0
AF	0	0.056527	6	5	1	0	0	0	0
AF	0	0.057152	10	5	5	0	0	0	0
AF	0	0.057464	2	0	2	0	0	0	0
AF	0	0.057776	3	1	2	0	0	0	0
AF	0	0.058089	7	3	4	0	0	0	0
AF	0	0.058401	6	2	4	0	0	0	0
AF	0	0.058713	4	3	1	0	0	0	0
AF	0	0.059026	3	2	1	0	0	0	0
AF	0	0.059650	3	3	0	0	0	0	0
AF	0	0.059963	1	0	1	0	0	0	0
AF	0	0.060275	7	6	1	0	0	0	0
AF	0	0.060587	5	3	2	0	0	0	0
AF	0	0.060899	8	7	1	0	0	0	0
AF	0	0.061212	6	2	4	0	0	0	0
AF	0	0.061524	7	5	2	0	0	0	0
AF	0	0.061836	7	5	2	0	0	0	0
AF	0	0.062149	3	2	1	0	0	0	0
AF	0	0.062461	3	2	1	0	0	0	0
AF	0	0.062773	3	2	1	0	0	0	0
AF	0	0.063086	3	2	1	0	0	0	0
AF	0	0.063398	7	3	4	0	0	0	0
AF	0	0.063710	1	1	0	0	0	0	0
AF	0	0.064022	1	0	1	0	0	0	0
AF	0	0.064335	4	2	2	0	0	0	0
AF	0	0.064647	6	4	2	0	0	0	0
AF	0	0.064959	2	2	0	0	0	0	0
AF	0	0.065272	4	3	1	0	0	0	0
AF	0	0.065584	4	3	1	0	0	0	0
AF	0	0.065896	7	4	3	0	0	0	0
AF	0	0.066209	1	0	1	0	0	0	0
AF	0	0.066521	5	3	2	0	0	0	0
AF	0	0.066833	1	0	1	0	0	0	0
AF	0	0.067146	1	0	1	0	0	0	0
AF	0	0.067458	1	0	1	0	0	0	0
AF	0	0.067770	2	1	1	0	0	0	0
AF	0	0.068082	1	1	0	0	0	0	0
AF	0	0.068395	5	4	1	0	0	0	0
AF	0	0.068707	2	2	0	0	0	0	0
AF	0	0.069019	7	5	2	0	0	0	0
AF	0	0.069332	2	2	0	0	0	0	0
AF	0	0.069644	3	2	1	0	0	0	0
AF	0	0.069956	2	1	1	0	0	0	0
AF	0	0.070269	3	1	2	0	0	0	0
AF	0	0.070581	4	4	0	0	0	0	0
AF	0	0.070893	3	0	3	0	0	0	0
AF	0	0.071205	2	1	1	0	0	0	0
AF	0	0.071518	2	0	2	0	0	0	0
AF	0	0.071830	2	1	1	0	0	0	0
AF	0	0.072142	2	2	0	0	0	0	0
AF	0	0.072455	1	0	1	0	0	0	0
AF	0	0.072767	2	1	1	0	0	0	0
AF	0	0.073079	1	1	0	0	0	0	0
AF	0	0.073392	4	2	2	0	0	0	0
AF	0	0.073704	3	1	2	0	0	0	0
AF	0	0.074016	2	2	0	0	0	0	0
AF	0	0.074641	6	6	0	0	0	0	0
AF	0	0.075578	2	2	0	0	0	0	0
AF	0	0.075890	3	3	0	0	0	0	0
AF	0	0.076202	2	2	0	0	0	0	0
AF	0	0.076515	3	2	1	0	0	0	0
AF	0	0.076827	4	1	3	0	0	0	0
AF	0	0.077139	2	2	0	0	0	0	0
AF	0	0.077452	1	1	0	0	0	0	0
AF	0	0.077764	3	2	1	0	0	0	0
AF	0	0.078076	2	2	0	0	0	0	0
AF	0	0.078389	1	1	0	0	0	0	0
AF	0	0.078701	1	1	0	0	0	0	0
AF	0	0.079013	2	1	1	0	0	0	0
AF	0	0.079325	3	2	1	0	0	0	0
AF	0	0.079638	2	2	0	0	0	0	0
AF	0	0.079950	5	4	1	0	0	0	0
AF	0	0.080262	6	2	4	0	0	0	0
AF	0	0.080887	3	3	0	0	0	0	0
AF	0	0.081199	2	0	2	0	0	0	0
AF	0	0.081512	2	2	0	0	0	0	0
AF	0	0.081824	1	0	1	0	0	0	0
AF	0	0.082136	2	1	1	0	0	0	0
AF	0	0.082448	2	2	0	0	0	0	0
AF	0	0.082761	1	1	0	0	0	0	0
AF	0	0.083073	2	1	1	0	0	0	0
AF	0	0.083385	5	3	2	0	0	0	0
AF	0	0.083698	2	2	0	0	0	0	0
AF	0	0.084010	2	1	1	0	0	0	0
AF	0	0.084635	1	1	0	0	0	0	0
AF	0	0.084947	2	1	1	0	0	0	0
AF	0	0.085259	2	2	0	0	0	0	0
AF	0	0.085572	1	1	0	0	0	0	0
AF	0	0.085884	2	1	1	0	0	0	0
AF	0	0.086508	5	3	2	0	0	0	0
AF	0	0.086821	2	0	2	0	0	0	0
AF	0	0.087133	2	2	0	0	0	0	0
AF	0	0.087445	3	1	2	0	0	0	0
AF	0	0.087758	2	1	1	0	0	0	0
AF	0	0.088070	4	4	0	0	0	0	0
AF	0	0.088382	4	4	0	0	0	0	0
AF	0	0.088695	2	2	0	0	0	0	0
AF	0	0.089007	2	2	0	0	0	0	0
AF	0	0.089631	7	6	1	0	0	0	0
AF	0	0.089944	3	1	2	0	0	0	0
AF	0	0.090256	2	2	0	0	0	0	0
AF	0	0.090568	5	4	1	0	0	0	0
AF	0	0.090881	2	2	0	0	0	0	0
AF	0	0.091505	7	3	4	0	0	0	0
AF	0	0.091818	2	1	1	0	0	0	0
AF	0	0.092130	3	1	2	0	0	0	0
AF	0	0.092442	2	0	2	0	0	0	0
AF	0	0.092755	2	2	0	0	0	0	0
AF	0	0.093067	3	3	0	0	0	0	0
AF	0	0.093691	2	2	0	0	0	0	0
AF	0	0.094004	4	2	2	0	0	0	0
AF	0	0.094316	1	1	0	0	0	0	0
AF	0	0.094941	1	0	1	0	0	0	0
AF	0	0.095253	1	1	0	0	0	0	0
AF	0	0.095565	2	1	1	0	0	0	0
AF	0	0.095878	5	4	1	0	0	0	0
AF	0	0.096190	3	2	1	0	0	0	0
AF	0	0.096502	8	5	3	0	0	0	0
AF	0	0.096814	2	2	0	0	0	0	0
AF	0	0.097127	11	7	4	0	0	0	0
AF	0	0.097439	2	1	1	0	0	0	0
AF	0	0.097751	6	5	1	0	0	0	0
AF	0	0.098064	1	1	0	0	0	0	0
AF	0	0.098376	2	1	1	0	0	0	0
AF	0	0.098688	4	2	2	0	0	0	0
AF	0	0.099001	4	2	2	0	0	0	0
AF	0	0.099313	3	2	1	0	0	0	0
AF	0	0.099625	4	3	1	0	0	0	0
AF	0	0.099938	1	1	0	0	0	0	0
AF	0	0.100250	1	1	0	0	0	0	0
AF	0	0.100562	1	1	0	0	0	0	0
AF	0	0.100874	3	1	2	0	0	0	0
AF	0	0.101499	5	5	0	0	0	0	0
AF	0	0.101811	1	1	0	0	0	0	0
AF	0	0.102124	4	3	1	0	0	0	0
AF	0	0.102436	3	2	1	0	0	0	0
AF	0	0.102748	4	2	2	0	0	0	0
AF	0	0.103061	3	2	1	0	0	0	0
AF	0	0.103373	4	3	1	0	0	0	0
AF	0	0.103685	2	0	2	0	0	0	0
AF	0	0.103998	5	5	0	0	0	0	0
AF	0	0.104622	5	4	1	0	0	0	0
AF	0	0.105247	1	1	0	0	0	0	0
AF	0	0.105559	1	1	0	0	0	0	0
AF	0	0.105871	3	3	0	0	0	0	0
AF	0	0.106496	5	4	1	0	0	0	0
AF	0	0.106808	3	3	0	0	0	0	0
AF	0	0.107121	3	1	2	0	0	0	0
AF	0	0.107433	1	0	1	0	0	0	0
AF	0	0.107745	2	2	0	0	0	0	0
AF	0	0.108057	1	0	1	0	0	0	0
AF	0	0.108370	3	3	0	0	0	0	0
AF	0	0.108682	4	3	1	0	0	0	0
AF	0	0.108994	4	4	0	0	0	0	0
AF	0	0.109307	1	1	0	0	0	0	0
AF	0	0.109619	2	1	1	0	0	0	0
AF	0	0.109931	1	0	1	0	0	0	0
AF	0	0.110244	6	5	1	0	0	0	0
AF	0	0.110556	3	2	1	0	0	0	0
AF	0	0.110868	1	1	0	0	0	0	0
AF	0	0.111181	1	0	1	0	0	0	0
AF	0	0.111805	1	0	1	0	0	0	0
AF	0	0.112117	2	2	0	0	0	0	0
AF	0	0.112430	2	1	1	0	0	0	0
AF	0	0.113054	5	3	2	0	0	0	0
AF	0	0.113367	1	1	0	0	0	0	0
AF	0	0.113679	5	5	0	0	0	0	0
AF	0	0.114304	3	1	2	0	0	0	0
AF	0	0.114928	2	2	0	0	0	0	0
AF	0	0.115240	1	1	0	0	0	0	0
AF	0	0.115553	1	1	0	0	0	0	0
AF	0	0.115865	1	1	0	0	0	0	0
AF	0	0.116177	3	3	0	0	0	0	0
AF	0	0.116490	1	1	0	0	0	0	0
AF	0	0.117114	1	1	0	0	0	0	0
AF	0	0.117427	1	0	1	0	0	0	0
AF	0	0.117739	1	1	0	0	0	0	0
AF	0	0.118051	4	2	2	0	0	0	0
AF	0	0.118364	1	1	0	0	0	0	0
AF	0	0.118676	1	0	1	0	0	0	0
AF	0	0.118988	1	1	0	0	0	0	0
AF	0	0.119925	4	3	1	0	0	0	0
AF	0	0.120237	2	1	1	0	0	0	0
AF	0	0.120550	4	3	1	0	0	0	0
AF	0	0.120862	2	2	0	0	0	0	0
AF	0	0.121487	1	1	0	0	0	0	0
AF	0	0.121799	1	0	1	0	0	0	0
AF	0	0.122111	1	1	0	0	0	0	0
AF	0	0.122736	1	1	0	0	0	0	0
AF	0	0.123048	2	1	1	0	0	0	0
AF	0	0.123360	2	2	0	0	0	0	0
AF	0	0.123673	1	0	1	0	0	0	0
AF	0	0.123985	1	1	0	0	0	0	0
AF	0	0.124610	1	0	1	0	0	0	0
AF	0	0.124922	1	0	1	0	0	0	0
AF	0	0.125234	1	1	0	0	0	0	0
AF	0	0.125547	5	3	2	0	0	0	0
AF	0	0.125859	1	1	0	0	0	0	0
AF	0	0.126171	1	1	0	0	0	0	0
AF	0	0.126796	3	2	1	0	0	0	0
AF	0	0.127108	1	1	0	0	0	0	0
AF	0	0.127733	1	0	1	0	0	0	0
AF	0	0.128670	1	1	0	0	0	0	0
AF	0	0.128982	1	0	1	0	0	0	0
AF	0	0.129294	2	1	1	0	0	0	0
AF	0	0.129919	1	1	0	0	0	0	0
AF	0	0.131168	1	0	1	0	0	0	0
AF	0	0.131793	1	0	1	0	0	0	0
AF	0	0.132105	2	2	0	0	0	0	0
AF	0	0.132417	1	0	1	0	0	0	0
AF	0	0.132730	1	1	0	0	0	0	0
AF	0	0.133042	1	0	1	0	0	0	0
AF	0	0.133354	1	0	1	0	0	0	0
AF	0	0.133666	1	1	0	0	0	0	0
AF	0	0.133979	1	1	0	0	0	0	0
AF	0	0.134291	2	0	2	0	0	0	0
AF	0	0.134916	2	1	1	0	0	0	0
AF	0	0.135540	5	4	1	0	0	0	0
AF	0	0.135853	1	1	0	0	0	0	0
AF	0	0.136165	2	2	0	0	0	0	0
AF	0	0.136477	1	0	1	0	0	0	0
AF	0	0.137102	1	1	0	0	0	0	0
AF	0	0.137414	3	3	0	0	0	0	0
AF	0	0.137726	2	1	1	0	0	0	0
AF	0	0.138039	2	2	0	0	0	0	0
AF	0	0.138351	1	0	1	0	0	0	0
AF	0	0.138663	2	1	1	0	0	0	0
AF	0	0.139288	1	1	0	0	0	0	0
AF	0	0.140537	2	2	0	0	0	0	0
AF	0	0.141162	1	0	1	0	0	0	0
AF	0	0.141786	1	1	0	0	0	0	0
AF	0	0.142411	2	0	2	0	0	0	0
AF	0	0.142723	1	1	0	0	0	0	0
AF	0	0.143036	1	0	1	0	0	0	0
AF	0	0.143348	1	1	0	0	0	0	0
AF	0	0.143660	1	0	1	0	0	0	0
AF	0	0.143973	2	2	0	0	0	0	0
AF	0	0.144285	3	2	1	0	0	0	0
AF	0	0.144909	1	1	0	0	0	0	0
AF	0	0.145222	1	1	0	0	0	0	0
AF	0	0.145534	1	1	0	0	0	0	0
AF	0	0.146783	2	1	1	0	0	0	0
AF	0	0.147408	1	1	0	0	0	0	0
AF	0	0.149282	1	1	0	0	0	0	0
AF	0	0.151156	1	0	1	0	0	0	0
AF	0	0.151468	2	1	1	0	0	0	0
AF	0	0.151780	3	3	0	0	0	0	0
AF	0	0.152092	1	1	0	0	0	0	0
AF	0	0.152405	1	0	1	0	0	0	0
AF	0	0.152717	1	0	1	0	0	0	0
AF	0	0.153029	3	2	1	0	0	0	0
AF	0	0.154279	2	1	1	0	0	0	0
AF	0	0.155528	1	1	0	0	0	0	0
AF	0	0.155840	1	0	1	0	0	0	0
AF	0	0.156152	2	2	0	0	0	0	0
AF	0	0.156465	1	0	1	0	0	0	0
AF	0	0.157402	2	1	1	0	0	0	0
AF	0	0.157714	1	1	0	0	0	0	0
AF	0	0.158026	1	0	1	0	0	0	0
AF	0	0.158339	2	2	0	0	0	0	0
AF	0	0.158651	1	1	0	0	0	0	0
AF	0	0.159275	1	0	1	0	0	0	0
AF	0	0.159588	1	1	0	0	0	0	0
AF	0	0.159900	1	0	1	0	0	0	0
AF	0	0.160525	1	0	1	0	0	0	0
AF	0	0.161149	3	1	2	0	0	0	0
AF	0	0.161774	4	3	1	0	0	0	0
AF	0	0.162086	1	1	0	0	0	0	0
AF	0	0.162399	2	0	2	0	0	0	0
AF	0	0.163023	3	1	2	0	0	0	0
AF	0	0.165209	1	0	1	0	0	0	0
AF	0	0.165522	3	2	1	0	0	0	0
AF	0	0.166146	1	1	0	0	0	0	0
AF	0	0.166458	1	0	1	0	0	0	0
AF	0	0.166771	2	2	0	0	0	0	0
AF	0	0.167395	1	1	0	0	0	0	0
AF	0	0.167708	1	0	1	0	0	0	0
AF	0	0.169269	1	1	0	0	0	0	0
AF	0	0.169582	1	0	1	0	0	0	0
AF	0	0.170518	1	0	1	0	0	0	0
AF	0	0.170831	1	0	1	0	0	0	0
AF	0	0.171143	3	3	0	0	0	0	0
AF	0	0.171455	1	1	0	0	0	0	0
AF	0	0.172392	2	1	1	0	0	0	0
AF	0	0.172705	1	1	0	0	0	0	0
AF	0	0.173329	1	0	1	0	0	0	0
AF	0	0.173641	3	3	0	0	0	0	0
AF	0	0.174578	1	1	0	0	0	0	0
AF	0	0.174891	2	1	1	0	0	0	0
AF	0	0.175828	1	1	0	0	0	0	0
AF	0	0.176140	1	1	0	0	0	0	0
AF	0	0.176452	2	1	1	0	0	0	0
AF	0	0.176765	2	1	1	0	0	0	0
AF	0	0.177389	2	2	0	0	0	0	0
AF	0	0.178014	1	0	1	0	0	0	0
AF	0	0.178326	1	0	1	0	0	0	0
AF	0	0.178638	1	0	1	0	0	0	0
AF	0	0.179263	1	1	0	0	0	0	0
AF	0	0.179888	1	1	0	0	0	0	0
AF	0	0.180200	2	2	0	0	0	0	0
AF	0	0.180512	2	1	1	0	0	0	0
AF	0	0.180824	1	1	0	0	0	0	0
AF	0	0.181761	1	0	1	0	0	0	0
AF	0	0.182074	1	0	1	0	0	0	0
AF	0	0.182386	2	1	1	0	0	0	0
AF	0	0.182698	2	1	1	0	0	0	0
AF	0	0.183323	1	0	1	0	0	0	0
AF	0	0.183635	2	2	0	0	0	0	0
AF	0	0.184260	1	0	1	0	0	0	0
AF	0	0.184572	1	0	1	0	0	0	0
AF	0	0.184884	2	1	1	0	0	0	0
AF	0	0.185197	1	1	0	0	0	0	0
AF	0	0.187071	1	1	0	0	0	0	0
AF	0	0.187695	1	1	0	0	0	0	0
AF	0	0.189881	1	1	0	0	0	0	0
AF	0	0.190194	1	1	0	0	0	0	0
AF	0	0.191131	1	1	0	0	0	0	0
AF	0	0.191755	1	1	0	0	0	0	0
AF	0	0.192067	2	1	1	0	0	0	0
AF	0	0.192380	1	1	0	0	0	0	0
AF	0	0.193317	1	0	1	0	0	0	0
AF	0	0.193629	2	1	1	0	0	0	0
AF	0	0.194254	1	1	0	0	0	0	0
AF	0	0.194566	1	0	1	0	0	0	0
AF	0	0.194878	1	0	1	0	0	0	0
AF	0	0.195815	1	0	1	0	0	0	0
AF	0	0.196127	2	1	1	0	0	0	0
AF	0	0.196440	1	0	1	0	0	0	0
AF	0	0.198001	1	0	1	0	0	0	0
AF	0	0.198626	2	0	2	0	0	0	0
AF	0	0.198938	2	2	0	0	0	0	0
AF	0	0.199250	2	2	0	0	0	0	0
AF	0	0.199563	1	0	1	0	0	0	0
AF	0	0.199875	1	1	0	0	0	0	0
AF	0	0.200187	1	1	0	0	0	0	0
AF	0	0.200500	1	1	0	0	0	0	0
AF	0	0.201124	2	2	0	0	0	0	0
AF	0	0.201437	1	1	0	0	0	0	0
AF	0	0.201749	1	0	1	0	0	0	0
AF	0	0.202374	1	1	0	0	0	0	0
AF	0	0.202998	5	5	0	0	0	0	0
AF	0	0.203623	3	1	2	0	0	0	0
AF	0	0.204872	1	1	0	0	0	0	0
AF	0	0.205184	1	0	1	0	0	0	0
AF	0	0.205497	1	1	0	0	0	0	0
AF	0	0.206121	1	1	0	0	0	0	0
AF	0	0.207370	1	1	0	0	0	0	0
AF	0	0.207995	1	0	1	0	0	0	0
AF	0	0.208307	1	0	1	0	0	0	0
AF	0	0.208620	2	2	0	0	0	0	0
AF	0	0.209869	1	1	0	0	0	0	0
AF	0	0.210181	1	1	0	0	0	0	0
AF	0	0.210493	1	1	0	0	0	0	0
AF	0	0.211118	2	1	1	0	0	0	0
AF	0	0.211743	1	1	0	0	0	0	0
AF	0	0.212055	1	1	0	0	0	0	0
AF	0	0.212367	1	1	0	0	0	0	0
AF	0	0.212680	1	0	1	0	0	0	0
AF	0	0.214241	1	1	0	0	0	0	0
AF	0	0.214866	3	3	0	0	0	0	0
AF	0	0.215490	2	2	0	0	0	0	0
AF	0	0.216115	1	1	0	0	0	0	0
AF	0	0.217364	2	1	1	0	0	0	0
AF	0	0.217989	2	1	1	0	0	0	0
AF	0	0.218301	1	1	0	0	0	0	0
AF	0	0.218613	1	1	0	0	0	0	0
AF	0	0.218926	3	3	0	0	0	0	0
AF	0	0.219238	1	1	0	0	0	0	0
AF	0	0.219863	1	0	1	0	0	0	0
AF	0	0.221112	2	0	2	0	0	0	0
AF	0	0.221424	1	0	1	0	0	0	0
AF	0	0.221736	2	1	1	0	0	0	0
AF	0	0.223298	1	0	1	0	0	0	0
AF	0	0.223923	1	1	0	0	0	0	0
AF	0	0.224235	1	0	1	0	0	0	0
AF	0	0.224547	2	2	0	0	0	0	0
AF	0	0.225172	1	1	0	0	0	0	0
AF	0	0.225796	1	1	0	0	0	0	0
AF	0	0.228295	1	1	0	0	0	0	0
AF	0	0.228919	1	0	1	0	0	0	0
AF	0	0.229544	2	1	1	0	0	0	0
AF	0	0.229856	1	1	0	0	0	0	0
AF	0	0.230169	2	1	1	0	0	0	0
AF	0	0.230793	2	0	2	0	0	0	0
AF	0	0.232042	1	1	0	0	0	0	0
AF	0	0.232355	2	2	0	0	0	0	0
AF	0	0.233916	1	0	1	0	0	0	0
AF	0	0.234541	2	1	1	0	0	0	0
AF	0	0.235166	1	1	0	0	0	0	0
AF	0	0.235478	1	1	0	0	0	0	0
AF	0	0.235790	2	2	0	0	0	0	0
AF	0	0.236727	1	1	0	0	0	0	0
AF	0	0.237039	1	0	1	0	0	0	0
AF	0	0.238289	1	1	0	0	0	0	0
AF	0	0.238913	1	1	0	0	0	0	0
AF	0	0.240162	4	2	2	0	0	0	0
AF	0	0.240787	1	1	0	0	0	0	0
AF	0	0.241412	2	2	0	0	0	0	0
AF	0	0.242349	1	1	0	0	0	0	0
AF	0	0.244535	1	1	0	0	0	0	0
AF	0	0.246096	1	1	0	0	0	0	0
AF	0	0.246408	1	1	0	0	0	0	0
AF	0	0.248595	1	0	1	0	0	0	0
AF	0	0.250156	2	1	1	0	0	0	0
AF	0	0.251405	1	1	0	0	0	0	0
AF	0	0.251718	2	1	1	0	0	0	0
AF	0	0.252655	1	1	0	0	0	0	0
AF	0	0.253592	1	1	0	0	0	0	0
AF	0	0.254528	1	0	1	0	0	0	0
AF	0	0.254841	1	0	1	0	0	0	0
AF	0	0.255465	1	0	1	0	0	0	0
AF	0	0.256402	1	1	0	0	0	0	0
AF	0	0.257027	1	1	0	0	0	0	0
AF	0	0.257651	2	2	0	0	0	0	0
AF	0	0.258276	4	1	3	0	0	0	0
AF	0	0.258901	2	2	0	0	0	0	0
AF	0	0.259213	1	1	0	0	0	0	0
AF	0	0.259525	1	0	1	0	0	0	0
AF	0	0.260775	1	1	0	0	0	0	0
AF	0	0.261399	1	1	0	0	0	0	0
AF	0	0.262648	1	1	0	0	0	0	0
AF	0	0.263273	1	1	0	0	0	0	0
AF	0	0.263585	1	0	1	0	0	0	0
AF	0	0.263898	2	1	1	0	0	0	0
AF	0	0.264834	1	1	0	0	0	0	0
AF	0	0.265459	1	1	0	0	0	0	0
AF	0	0.267645	1	0	1	0	0	0	0
AF	0	0.268270	2	0	2	0	0	0	0
AF	0	0.268894	1	0	1	0	0	0	0
AF	0	0.269519	2	1	1	0	0	0	0
AF	0	0.270144	1	0	1	0	0	0	0
AF	0	0.270456	1	0	1	0	0	0	0
AF	0	0.272642	1	1	0	0	0	0	0
AF	0	0.272954	1	1	0	0	0	0	0
AF	0	0.273267	1	1	0	0	0	0	0
AF	0	0.273579	2	2	0	0	0	0	0
AF	0	0.274516	1	0	1	0	0	0	0
AF	0	0.275453	2	1	1	0	0	0	0
AF	0	0.275765	1	1	0	0	0	0	0
AF	0	0.277014	2	2	0	0	0	0	0
AF	0	0.278576	1	1	0	0	0	0	0
AF	0	0.278888	3	2	1	0	0	0	0
AF	0	0.279513	1	0	1	0	0	0	0
AF	0	0.279825	1	0	1	0	0	0	0
AF	0	0.280137	1	1	0	0	0	0	0
AF	0	0.280450	1	1	0	0	0	0	0
AF	0	0.282011	1	0	1	0	0	0	0
AF	0	0.282636	3	2	1	0	0	0	0
AF	0	0.282948	3	2	1	0	0	0	0
AF	0	0.284197	1	0	1	0	0	0	0
AF	0	0.284510	1	0	1	0	0	0	0
AF	0	0.284822	1	0	1	0	0	0	0
AF	0	0.285134	3	0	3	0	0	0	0
AF	0	0.285759	1	1	0	0	0	0	0
AF	0	0.286696	1	0	1	0	0	0	0
AF	0	0.288257	1	1	0	0	0	0	0
AF	0	0.288882	1	1	0	0	0	0	0
AF	0	0.289194	1	0	1	0	0	0	0
AF	0	0.289507	2	1	1	0	0	0	0
AF	0	0.290131	2	1	1	0	0	0	0
AF	0	0.291068	1	0	1	0	0	0	0
AF	0	0.291380	1	1	0	0	0	0	0
AF	0	0.292630	1	1	0	0	0	0	0
AF	0	0.293567	1	1	0	0	0	0	0
AF	0	0.295128	2	2	0	0	0	0	0
AF	0	0.295440	1	1	0	0	0	0	0
AF	0	0.296065	1	0	1	0	0	0	0
AF	0	0.296690	1	1	0	0	0	0	0
AF	0	0.297002	2	2	0	0	0	0	0
AF	0	0.297314	2	1	1	0	0	0	0
AF	0	0.297626	2	1	1	0	0	0	0
AF	0	0.298251	2	1	1	0	0	0	0
AF	0	0.298563	1	0	1	0	0	0	0
AF	0	0.298876	2	1	1	0	0	0	0
AF	0	0.299188	1	1	0	0	0	0	0
AF	0	0.299500	3	1	2	0	0	0	0
AF	0	0.299813	2	1	1	0	0	0	0
AF	0	0.300125	4	3	1	0	0	0	0
AF	0	0.300437	2	1	1	0	0	0	0
AF	0	0.300750	3	2	1	0	0	0	0
AF	0	0.301062	2	2	0	0	0	0	0
AF	0	0.301374	1	1	0	0	0	0	0
AF	0	0.301686	1	1	0	0	0	0	0
AF	0	0.302623	2	2	0	0	0	0	0
AF	0	0.303560	2	1	1	0	0	0	0
AF	0	0.304185	1	1	0	0	0	0	0
AF	0	0.304497	2	1	1	0	0	0	0
AF	0	0.305122	1	1	0	0	0	0	0
AF	0	0.305434	1	1	0	0	0	0	0
AF	0	0.305746	5	2	3	0	0	0	0
AF	0	0.306059	2	2	0	0	0	0	0
AF	0	0.306371	4	2	2	0	0	0	0
AF	0	0.306996	1	1	0	0	0	0	0
AF	0	0.307620	4	4	0	0	0	0	0
AF	0	0.307933	2	1	1	0	0	0	0
AF	0	0.308245	3	3	0	0	0	0	0
AF	0	0.308869	2	1	1	0	0	0	0
AF	0	0.309182	1	1	0	0	0	0	0
AF	0	0.309494	1	1	0	0	0	0	0
AF	0	0.309806	1	1	0	0	0	0	0
AF	0	0.310743	3	3	0	0	0	0	0
AF	0	0.311680	1	0	1	0	0	0	0
AF	0	0.312305	1	0	1	0	0	0	0
AF	0	0.313242	2	0	2	0	0	0	0
AF	0	0.313866	2	1	1	0	0	0	0
AF	0	0.314491	1	1	0	0	0	0	0
AF	0	0.315740	1	1	0	0	0	0	0
AF	0	0.316052	2	0	2	0	0	0	0
AF	0	0.317614	1	0	1	0	0	0	0
AF	0	0.318239	1	0	1	0	0	0	0
AF	0	0.318551	1	0	1	0	0	0	0
AF	0	0.319488	1	1	0	0	0	0	0
AF	0	0.320112	1	1	0	0	0	0	0
AF	0	0.321362	1	0	1	0	0	0	0
AF	0	0.322611	2	2	0	0	0	0	0
AF	0	0.323235	1	0	1	0	0	0	0
AF	0	0.323548	2	1	1	0	0	0	0
AF	0	0.324172	1	1	0	0	0	0	0
AF	0	0.324485	1	1	0	0	0	0	0
AF	0	0.326983	1	0	1	0	0	0	0
AF	0	0.327295	2	1	1	0	0	0	0
AF	0	0.327608	1	0	1	0	0	0	0
AF	0	0.327920	1	1	0	0	0	0	0
AF	0	0.329482	1	1	0	0	0	0	0
AF	0	0.329794	1	1	0	0	0	0	0
AF	0	0.330106	1	0	1	0	0	0	0
AF	0	0.331043	1	1	0	0	0	0	0
AF	0	0.331355	1	0	1	0	0	0	0
AF	0	0.332605	1	1	0	0	0	0	0
AF	0	0.334166	2	2	0	0	0	0	0
AF	0	0.336665	1	0	1	0	0	0	0
AF	0	0.337289	1	0	1	0	0	0	0
AF	0	0.337914	1	0	1	0	0	0	0
AF	0	0.338851	1	1	0	0	0	0	0
AF	0	0.340725	1	0	1	0	0	0	0
AF	0	0.342286	1	1	0	0	0	0	0
AF	0	0.342598	1	1	0	0	0	0	0
AF	0	0.342911	1	0	1	0	0	0	0
AF	0	0.343223	1	1	0	0	0	0	0
AF	0	0.346658	1	0	1	0	0	0	0
AF	0	0.349157	1	0	1	0	0	0	0
AF	0	0.351031	1	1	0	0	0	0	0
AF	0	0.352592	1	0	1	0	0	0	0
AF	0	0.353529	1	0	1	0	0	0	0
AF	0	0.356652	1	1	0	0	0	0	0
AF	0	0.356964	1	1	0	0	0	0	0
AF	0	0.358526	2	1	1	0	0	0	0
AF	0	0.359463	1	1	0	0	0	0	0
AF	0	0.359775	1	1	0	0	0	0	0
AF	0	0.361649	2	2	0	0	0	0	0
AF	0	0.362274	3	0	3	0	0	0	0
AF	0	0.362898	1	1	0	0	0	0	0
AF	0	0.363523	1	1	0	0	0	0	0
AF	0	0.363835	1	1	0	0	0	0	0
AF	0	0.364147	1	0	1	0	0	0	0
AF	0	0.364772	1	1	0	0	0	0	0
AF	0	0.365084	1	1	0	0	0	0	0
AF	0	0.365397	1	0	1	0	0	0	0
AF	0	0.365709	2	2	0	0	0	0	0
AF	0	0.366021	2	2	0	0	0	0	0
AF	0	0.366334	1	1	0	0	0	0	0
AF	0	0.366646	1	1	0	0	0	0	0
AF	0	0.367270	1	1	0	0	0	0	0
AF	0	0.367895	1	1	0	0	0	0	0
AF	0	0.368207	1	0	1	0	0	0	0
AF	0	0.369769	1	1	0	0	0	0	0
AF	0	0.370394	3	3	0	0	0	0	0
AF	0	0.370706	1	1	0	0	0	0	0
AF	0	0.372267	1	0	1	0	0	0	0
AF	0	0.372580	1	0	1	0	0	0	0
AF	0	0.373517	3	2	1	0	0	0	0
AF	0	0.373829	2	2	0	0	0	0	0
AF	0	0.374453	1	1	0	0	0	0	0
AF	0	0.374766	1	1	0	0	0	0	0
AF	0	0.375390	1	0	1	0	0	0	0
AF	0	0.376327	1	1	0	0	0	0	0
AF	0	0.376640	3	2	1	0	0	0	0
AF	0	0.376952	2	2	0	0	0	0	0
AF	0	0.378513	2	0	2	0	0	0	0
AF	0	0.380700	1	0	1	0	0	0	0
AF	0	0.381012	2	1	1	0	0	0	0
AF	0	0.381636	1	1	0	0	0	0	0
AF	0	0.382886	1	0	1	0	0	0	0
AF	0	0.383510	1	0	1	0	0	0	0
AF	0	0.384447	1	1	0	0	0	0	0
AF	0	0.386946	1	1	0	0	0	0	0
AF	0	0.387258	1	1	0	0	0	0	0
AF	0	0.389132	1	1	0	0	0	0	0
AF	0	0.389444	1	0	1	0	0	0	0
AF	0	0.390381	2	2	0	0	0	0	0
AF	0	0.391630	2	2	0	0	0	0	0
AF	0	0.392255	2	2	0	0	0	0	0
AF	0	0.392567	1	1	0	0	0	0	0
AF	0	0.393192	1	1	0	0	0	0	0
AF	0	0.396002	1	0	1	0	0	0	0
AF	0	0.396315	2	1	1	0	0	0	0
AF	0	0.396627	1	1	0	0	0	0	0
AF	0	0.396939	1	0	1	0	0	0	0
AF	0	0.397252	2	1	1	0	0	0	0
AF	0	0.397876	1	1	0	0	0	0	0
AF	0	0.398813	1	1	0	0	0	0	0
AF	0	0.400375	1	1	0	0	0	0	0
AF	0	0.400687	1	1	0	0	0	0	0
AF	0	0.401624	1	1	0	0	0	0	0
AF	0	0.403186	1	0	1	0	0	0	0
AF	0	0.403498	1	1	0	0	0	0	0
AF	0	0.404435	1	1	0	0	0	0	0
AF	0	0.405059	1	0	1	0	0	0	0
AF	0	0.405996	1	1	0	0	0	0	0
AF	0	0.406933	1	1	0	0	0	0	0
AF	0	0.408495	2	2	0	0	0	0	0
AF	0	0.410369	1	1	0	0	0	0	0
AF	0	0.411618	1	1	0	0	0	0	0
AF	0	0.411930	1	1	0	0	0	0	0
AF	0	0.413179	1	1	0	0	0	0	0
AF	0	0.413492	1	1	0	0	0	0	0
AF	0	0.414116	1	0	1	0	0	0	0
AF	0	0.415053	1	0	1	0	0	0	0
AF	0	0.415365	2	1	1	0	0	0	0
AF	0	0.415990	1	0	1	0	0	0	0
AF	0	0.416615	1	1	0	0	0	0	0
AF	0	0.418801	1	1	0	0	0	0	0
AF	0	0.419113	1	0	1	0	0	0	0
AF	0	0.419738	1	1	0	0	0	0	0
AF	0	0.420050	1	1	0	0	0	0	0
AF	0	0.424110	2	1	1	0	0	0	0
AF	0	0.424422	2	1	1	0	0	0	0
AF	0	0.424735	1	0	1	0	0	0	0
AF	0	0.425359	1	1	0	0	0	0	0
AF	0	0.426608	1	1	0	0	0	0	0
AF	0	0.427233	3	3	0	0	0	0	0
AF	0	0.427858	2	0	2	0	0	0	0
AF	0	0.428170	1	1	0	0	0	0	0
AF	0	0.430356	1	1	0	0	0	0	0
AF	0	0.432854	1	1	0	0	0	0	0
AF	0	0.433479	1	0	1	0	0	0	0
AF	0	0.434416	1	0	1	0	0	0	0
AF	0	0.435353	1	1	0	0	0	0	0
AF	0	0.436602	1	1	0	0	0	0	0
AF	0	0.440974	1	1	0	0	0	0	0
AF	0	0.448157	1	1	0	0	0	0	0
AF	0	0.449094	1	1	0	0	0	0	0
AF	0	0.452530	1	1	0	0	0	0	0
AF	0	0.456590	1	1	0	0	0	0	0
AF	0	0.457527	2	0	2	0	0	0	0
AF	0	0.457839	1	0	1	0	0	0	0
AF	0	0.458151	1	1	0	0	0	0	0
AF	0	0.460025	1	1	0	0	0	0	0
AF	0	0.460650	1	1	0	0	0	0	0
AF	0	0.460962	1	1	0	0	0	0	0
AF	0	0.464397	1	1	0	0	0	0	0
AF	0	0.466896	1	1	0	0	0	0	0
AF	0	0.474703	1	1	0	0	0	0	0
AF	0	0.476889	1	1	0	0	0	0	0
AF	0	0.477514	1	0	1	0	0	0	0
AF	0	0.478763	1	1	0	0	0	0	0
AF	0	0.480012	2	2	0	0	0	0	0
AF	0	0.480637	1	1	0	0	0	0	0
AF	0	0.481262	2	1	1	0	0	0	0
AF	0	0.482199	1	1	0	0	0	0	0
AF	0	0.482511	1	1	0	0	0	0	0
AF	0	0.482823	1	1	0	0	0	0	0
AF	0	0.483448	1	1	0	0	0	0	0
AF	0	0.484385	1	1	0	0	0	0	0
AF	0	0.485009	2	0	2	0	0	0	0
AF	0	0.485946	1	0	1	0	0	0	0
AF	0	0.486259	1	0	1	0	0	0	0
AF	0	0.486571	1	1	0	0	0	0	0
AF	0	0.488757	1	1	0	0	0	0	0
AF	0	0.492192	1	1	0	0	0	0	0
AF	0	0.493442	1	1	0	0	0	0	0
AF	0	0.495003	1	0	1	0	0	0	0
AF	0	0.495315	1	0	1	0	0	0	0
AF	0	0.495940	1	0	1	0	0	0	0
AF	0	0.499375	1	1	0	0	0	0	0
AF	0	0.500000	1	1	0	0	0	0	0
AF	0	0.500625	1	1	0	0	0	0	0
AF	0	0.501874	1	1	0	0	0	0	0
AF	0	0.503748	2	2	0	0	0	0	0
AF	0	0.504060	1	1	0	0	0	0	0
AF	0	0.504372	3	2	1	0	0	0	0
AF	0	0.504997	2	1	1	0	0	0	0
AF	0	0.505621	1	0	1	0	0	0	0
AF	0	0.506558	2	2	0	0	0	0	0
AF	0	0.507495	1	1	0	0	0	0	0
AF	0	0.508120	1	1	0	0	0	0	0
AF	0	0.511243	1	1	0	0	0	0	0
AF	0	0.530606	1	1	0	0	0	0	0
AF	0	0.535603	1	1	0	0	0	0	0
AF	0	0.536852	1	1	0	0	0	0	0
AF	0	0.555278	1	1	0	0	0	0	0
AF	0	0.561524	1	1	0	0	0	0	0
AF	0	0.584635	1	1	0	0	0	0	0
AF	0	0.585259	1	1	0	0	0	0	0
AF	0	0.585884	1	1	0	0	0	0	0
AF	0	0.586196	1	1	0	0	0	0	0
AF	0	0.588382	1	1	0	0	0	0	0
AF	0	0.593379	1	0	1	0	0	0	0
AF	0	0.600250	1	0	1	0	0	0	0
AF	0	0.601499	1	0	1	0	0	0	0
AF	0	0.606496	1	1	0	0	0	0	0
AF	0	0.609931	1	0	1	0	0	0	0
AF	0	0.611493	1	1	0	0	0	0	0
AF	0	0.612742	1	0	1	0	0	0	0
AF	0	0.615240	1	1	0	0	0	0	0
AF	0	0.618051	1	0	1	0	0	0	0
AF	0	0.619613	1	1	0	0	0	0	0
AF	0	0.634291	1	1	0	0	0	0	0
AF	0	0.643973	1	0	1	0	0	0	0
AF	0	0.645222	1	1	0	0	0	0	0
AF	0	0.645846	1	1	0	0	0	0	0
AF	0	0.649282	1	1	0	0	0	0	0
AF	0	0.649594	1	1	0	0	0	0	0
AF	0	0.649906	1	0	1	0	0	0	0
AF	0	0.650843	4	1	3	0	0	0	0
AF	0	0.651468	1	1	0	0	0	0	0
AF	0	0.651780	1	0	1	0	0	0	0
AF	0	0.658026	1	1	0	0	0	0	0
AF	0	0.658339	1	1	0	0	0	0	0
AF	0	0.658963	1	1	0	0	0	0	0
AF	0	0.660212	1	1	0	0	0	0	0
AF	0	0.821362	1	1	0	0	0	0	0
AF	0	0.849781	1	1	0	0	0	0	0
AF	0	0.856964	1	1	0	0	0	0	0
AF	0	0.863835	1	1	0	0	0	0	0
AF	0	0.917552	1	0	1	0	0	0	0
AF	0	0.957214	1	0	1	0	0	0	0
AF	0	0.958776	1	1	0	0	0	0	0
AF	0	0.965334	1	0	1	0	0	0	0
AF	0	0.976577	1	0	1	0	0	0	0
AF	0	0.977202	1	1	0	0	0	0	0
AF	0	0.977826	1	0	1	0	0	0	0
AF	0	0.983760	1	1	0	0	0	0	0
AF	0	0.984072	2	1	1	0	0	0	0
AF	0	0.984697	1	1	0	0	0	0	0
AF	0	0.985009	1	1	0	0	0	0	0
AF	0	0.987508	1	1	0	0	0	0	0
AF	0	0.987820	1	0	1	0	0	0	0
AF	0	0.990631	1	0	1	0	0	0	0
AF	0	0.993129	1	1	0	0	0	0	0
AF	0	0.993754	1	1	0	0	0	0	0
AF	0	0.994066	1	1	0	0	0	0	0
AF	0	0.994379	1	1	0	0	0	0	0
AF	0	0.994691	2	2	0	0	0	0	0
AF	0	0.995003	2	2	0	0	0	0	0
AF	0	0.995628	1	1	0	0	0	0	0
AF	0	0.997814	2	2	0	0	0	0	0
AF	0	0.998438	1	0	1	0	0	0	0
AF	0	0.998751	3	3	0	0	0	0	0
# QUAL, Stats by quality
# QUAL	[2]id	[3]Quality	[4]number of SNPs	[5]number of transitions (1st ALT)	[6]number of transversions (1st ALT)	[7]number of indels
QUAL	0	.	13878	9274	4604	0
# IDD, InDel distribution:
# IDD	[2]id	[3]length (deletions negative)	[4]number of sites	[5]number of genotypes	[6]mean VAF
# ST, Substitution types:
# ST	[2]id	[3]type	[4]count
ST	0	A>C	557
ST	0	A>G	1993
ST	0	A>T	507
ST	0	C>A	643
ST	0	C>G	568
ST	0	C>T	2485
ST	0	G>A	2439
ST	0	G>C	611
ST	0	G>T	591
ST	0	T>A	560
ST	0	T>C	2357
ST	0	T>G	567
# DP, Depth distribution
# DP	[2]id	[3]bin	[4]number of genotypes	[5]fraction of genotypes (%)	[6]number of sites	[7]fraction of sites (%)
  - Fix haploid genotypes in males...

Submit MakeDiploidMalesX finished successfully. Let's have a beer, buddy!

