Submit MakeDiploidMalesX
version 1.1.6 (2024-09-30)

These are the settings:
  Input file................: /hpc/local/Rocky8/dhl_ec/software/MonopogenLite/resources/1kGP_high_coverage_Illumina.SNVonly_poly.filtered_AF_5e-04.norm.fixvariantid.chrX.vcf.gz
  Output file...............: /hpc/local/Rocky8/dhl_ec/software/MonopogenLite/resources/1kGP_high_coverage_Illumina.SNVonly_poly.filtered_AF_5e-04.norm.fixvariantid.makediploid.chrX.vcf.gz
  Chunk size................: 100

  SLURM CPUs................: 4
  SLURM Array ID............: 10 (of 100)
  SLURM memory..............: 16G
  SLURM time................: 01:00:00
  SLURM mail type...........: FAIL
  SLURM mail user...........: s.w.vanderlaan-2@umcutrecht.nl

  Dry run mode..............: 0
  Debug mode................: 1
  Verbosity.................: 0
  Version...................: 1.1.6 (2024-09-30)

Making converting haploid genotypes to diploid genotypes.
> Extract the region for this SLURM task (# 10) from the BED file.
  - Get the chunk number from the SLURM array task ID and the bed file...
DEBUG: Extracting chunk number: 10p from 10
DEBUG: Extracting region from BED file: /hpc/local/Rocky8/dhl_ec/software/MonopogenLite/resources/chrX_100pieces.bed
  - Extract the region from the BED file...
DEBUG: Extracted raw region: 'chrX	14043673	15604080' (chunk #: 10p of 100 for job 10)
  - Check if a valid region was extracted -- should be 'chrX	14043673	15604080'...
  - Prepare the region for bcftools...
  - Check if the region (chrX:14043673-15604080) was successfully extracted...
> Processing region 'chrX:14043673-15604080'...
  - Process the specific region (chunk# 10) using bcftools view...
  - Index the VCF file...
DEBUG: Check if the VCF file was successfully processed...
##fileformat=VCFv4.2
##FILTER=<ID=PASS,Description="All filters passed">
##fileDate=29/01/2022 - 14:31:41
##source=shapeit4.2.2
##contig=<ID=chr1,length=248956422>
##contig=<ID=chr2,length=242193529>
##contig=<ID=chr3,length=198295559>
##contig=<ID=chr4,length=190214555>
##contig=<ID=chr5,length=181538259>
##contig=<ID=chr6,length=170805979>
# This file was produced by bcftools stats (1.20+htslib-1.20) and can be plotted using plot-vcfstats.
# The command line was:	bcftools stats  /hpc/local/Rocky8/dhl_ec/software/MonopogenLite/resources/chrX.part10.vcf.gz
#
# Definition of sets:
# ID	[2]id	[3]tab-separated file names
ID	0	/hpc/local/Rocky8/dhl_ec/software/MonopogenLite/resources/chrX.part10.vcf.gz
# SN, Summary numbers:
#   number of records   .. number of data rows in the VCF
#   number of no-ALTs   .. reference-only sites, ALT is either "." or identical to REF
#   number of SNPs      .. number of rows with a SNP
#   number of MNPs      .. number of rows with a MNP, such as CC>TT
#   number of indels    .. number of rows with an indel
#   number of others    .. number of rows with other type, for example a symbolic allele or
#                          a complex substitution, such as ACT>TCGA
#   number of multiallelic sites     .. number of rows with multiple alternate alleles
#   number of multiallelic SNP sites .. number of rows with multiple alternate alleles, all SNPs
# 
#   Note that rows containing multiple types will be counted multiple times, in each
#   counter. For example, a row with a SNP and an indel increments both the SNP and
#   the indel counter.
# 
# SN	[2]id	[3]key	[4]value
SN	0	number of samples:	3202
SN	0	number of records:	14843
SN	0	number of no-ALTs:	0
SN	0	number of SNPs:	14843
SN	0	number of MNPs:	0
SN	0	number of indels:	0
SN	0	number of others:	0
SN	0	number of multiallelic sites:	0
SN	0	number of multiallelic SNP sites:	0
# TSTV, transitions/transversions:
# TSTV	[2]id	[3]ts	[4]tv	[5]ts/tv	[6]ts (1st ALT)	[7]tv (1st ALT)	[8]ts/tv (1st ALT)
TSTV	0	10128	4715	2.15	10128	4715	2.15
# SiS, Singleton stats:
# SiS	[2]id	[3]allele count	[4]number of SNPs	[5]number of transitions	[6]number of transversions	[7]number of indels	[8]repeat-consistent	[9]repeat-inconsistent	[10]not applicable
SiS	0	1	0	0	0	0	0	0	0
# AF, Stats by non-reference allele frequency:
# AF	[2]id	[3]allele frequency	[4]number of SNPs	[5]number of transitions	[6]number of transversions	[7]number of indels	[8]repeat-consistent	[9]repeat-inconsistent	[10]not applicable
AF	0	0.000312	2402	1647	755	0	0	0	0
AF	0	0.000625	1486	1023	463	0	0	0	0
AF	0	0.000937	1493	999	494	0	0	0	0
AF	0	0.001249	478	334	144	0	0	0	0
AF	0	0.001562	694	478	216	0	0	0	0
AF	0	0.001874	338	239	99	0	0	0	0
AF	0	0.002186	646	434	212	0	0	0	0
AF	0	0.002498	244	168	76	0	0	0	0
AF	0	0.002811	386	277	109	0	0	0	0
AF	0	0.003123	173	114	59	0	0	0	0
AF	0	0.003435	229	151	78	0	0	0	0
AF	0	0.003748	98	69	29	0	0	0	0
AF	0	0.004060	287	179	108	0	0	0	0
AF	0	0.004372	127	90	37	0	0	0	0
AF	0	0.004685	195	134	61	0	0	0	0
AF	0	0.004997	111	69	42	0	0	0	0
AF	0	0.005309	185	121	64	0	0	0	0
AF	0	0.005621	62	40	22	0	0	0	0
AF	0	0.005934	131	87	44	0	0	0	0
AF	0	0.006246	53	37	16	0	0	0	0
AF	0	0.006558	88	64	24	0	0	0	0
AF	0	0.006871	46	34	12	0	0	0	0
AF	0	0.007183	74	55	19	0	0	0	0
AF	0	0.007495	25	17	8	0	0	0	0
AF	0	0.007808	73	47	26	0	0	0	0
AF	0	0.008120	45	31	14	0	0	0	0
AF	0	0.008432	80	53	27	0	0	0	0
AF	0	0.008745	27	17	10	0	0	0	0
AF	0	0.009057	105	76	29	0	0	0	0
AF	0	0.009369	32	20	12	0	0	0	0
AF	0	0.009681	62	38	24	0	0	0	0
AF	0	0.009994	33	22	11	0	0	0	0
AF	0	0.010306	72	47	25	0	0	0	0
AF	0	0.010618	29	20	9	0	0	0	0
AF	0	0.010931	49	36	13	0	0	0	0
AF	0	0.011243	24	18	6	0	0	0	0
AF	0	0.011555	53	33	20	0	0	0	0
AF	0	0.011868	24	14	10	0	0	0	0
AF	0	0.012180	44	32	12	0	0	0	0
AF	0	0.012492	22	12	10	0	0	0	0
AF	0	0.012804	36	28	8	0	0	0	0
AF	0	0.013117	32	24	8	0	0	0	0
AF	0	0.013429	51	33	18	0	0	0	0
AF	0	0.013741	20	14	6	0	0	0	0
AF	0	0.014054	34	24	10	0	0	0	0
AF	0	0.014366	30	16	14	0	0	0	0
AF	0	0.014678	43	28	15	0	0	0	0
AF	0	0.014991	12	7	5	0	0	0	0
AF	0	0.015303	48	31	17	0	0	0	0
AF	0	0.015615	28	24	4	0	0	0	0
AF	0	0.015928	45	30	15	0	0	0	0
AF	0	0.016240	32	25	7	0	0	0	0
AF	0	0.016552	43	30	13	0	0	0	0
AF	0	0.016864	17	16	1	0	0	0	0
AF	0	0.017177	25	16	9	0	0	0	0
AF	0	0.017489	19	15	4	0	0	0	0
AF	0	0.017801	38	20	18	0	0	0	0
AF	0	0.018114	13	9	4	0	0	0	0
AF	0	0.018426	29	21	8	0	0	0	0
AF	0	0.018738	14	9	5	0	0	0	0
AF	0	0.019051	46	31	15	0	0	0	0
AF	0	0.019363	24	17	7	0	0	0	0
AF	0	0.019675	45	24	21	0	0	0	0
AF	0	0.019988	21	14	7	0	0	0	0
AF	0	0.020300	61	37	24	0	0	0	0
AF	0	0.020612	13	8	5	0	0	0	0
AF	0	0.020924	34	23	11	0	0	0	0
AF	0	0.021237	19	15	4	0	0	0	0
AF	0	0.021549	35	19	16	0	0	0	0
AF	0	0.021861	8	5	3	0	0	0	0
AF	0	0.022174	26	18	8	0	0	0	0
AF	0	0.022486	5	1	4	0	0	0	0
AF	0	0.022798	32	25	7	0	0	0	0
AF	0	0.023111	9	6	3	0	0	0	0
AF	0	0.023423	16	10	6	0	0	0	0
AF	0	0.023735	12	9	3	0	0	0	0
AF	0	0.024047	22	12	10	0	0	0	0
AF	0	0.024360	25	19	6	0	0	0	0
AF	0	0.024672	33	23	10	0	0	0	0
AF	0	0.024984	12	10	2	0	0	0	0
AF	0	0.025297	20	14	6	0	0	0	0
AF	0	0.025609	11	7	4	0	0	0	0
AF	0	0.025921	8	3	5	0	0	0	0
AF	0	0.026234	3	2	1	0	0	0	0
AF	0	0.026546	18	11	7	0	0	0	0
AF	0	0.026858	12	7	5	0	0	0	0
AF	0	0.027171	26	17	9	0	0	0	0
AF	0	0.027483	7	6	1	0	0	0	0
AF	0	0.027795	14	10	4	0	0	0	0
AF	0	0.028107	10	8	2	0	0	0	0
AF	0	0.028420	16	7	9	0	0	0	0
AF	0	0.028732	7	4	3	0	0	0	0
AF	0	0.029044	16	13	3	0	0	0	0
AF	0	0.029357	14	10	4	0	0	0	0
AF	0	0.029669	18	15	3	0	0	0	0
AF	0	0.029981	8	5	3	0	0	0	0
AF	0	0.030294	18	11	7	0	0	0	0
AF	0	0.030606	4	3	1	0	0	0	0
AF	0	0.030918	8	6	2	0	0	0	0
AF	0	0.031230	15	13	2	0	0	0	0
AF	0	0.031543	9	3	6	0	0	0	0
AF	0	0.031855	3	2	1	0	0	0	0
AF	0	0.032167	8	5	3	0	0	0	0
AF	0	0.032480	14	10	4	0	0	0	0
AF	0	0.032792	13	8	5	0	0	0	0
AF	0	0.033104	3	3	0	0	0	0	0
AF	0	0.033417	22	15	7	0	0	0	0
AF	0	0.033729	30	19	11	0	0	0	0
AF	0	0.034041	22	14	8	0	0	0	0
AF	0	0.034354	9	8	1	0	0	0	0
AF	0	0.034666	14	9	5	0	0	0	0
AF	0	0.034978	6	5	1	0	0	0	0
AF	0	0.035290	10	7	3	0	0	0	0
AF	0	0.035603	5	4	1	0	0	0	0
AF	0	0.035915	29	23	6	0	0	0	0
AF	0	0.036227	6	4	2	0	0	0	0
AF	0	0.036540	15	10	5	0	0	0	0
AF	0	0.036852	5	5	0	0	0	0	0
AF	0	0.037164	16	10	6	0	0	0	0
AF	0	0.037477	2	2	0	0	0	0	0
AF	0	0.037789	4	2	2	0	0	0	0
AF	0	0.038101	4	2	2	0	0	0	0
AF	0	0.038413	14	10	4	0	0	0	0
AF	0	0.038726	10	8	2	0	0	0	0
AF	0	0.039038	20	12	8	0	0	0	0
AF	0	0.039350	13	9	4	0	0	0	0
AF	0	0.039663	9	7	2	0	0	0	0
AF	0	0.039975	3	3	0	0	0	0	0
AF	0	0.040287	5	4	1	0	0	0	0
AF	0	0.040600	12	8	4	0	0	0	0
AF	0	0.040912	7	3	4	0	0	0	0
AF	0	0.041224	4	2	2	0	0	0	0
AF	0	0.041537	9	8	1	0	0	0	0
AF	0	0.042161	4	4	0	0	0	0	0
AF	0	0.042473	3	2	1	0	0	0	0
AF	0	0.042786	11	8	3	0	0	0	0
AF	0	0.043098	4	2	2	0	0	0	0
AF	0	0.043410	17	14	3	0	0	0	0
AF	0	0.043723	5	3	2	0	0	0	0
AF	0	0.044035	23	14	9	0	0	0	0
AF	0	0.044347	12	9	3	0	0	0	0
AF	0	0.044660	18	15	3	0	0	0	0
AF	0	0.044972	6	4	2	0	0	0	0
AF	0	0.045284	6	3	3	0	0	0	0
AF	0	0.045597	3	2	1	0	0	0	0
AF	0	0.045909	7	4	3	0	0	0	0
AF	0	0.046533	4	2	2	0	0	0	0
AF	0	0.046846	3	3	0	0	0	0	0
AF	0	0.047158	2	0	2	0	0	0	0
AF	0	0.047470	2	2	0	0	0	0	0
AF	0	0.047783	5	2	3	0	0	0	0
AF	0	0.048095	3	3	0	0	0	0	0
AF	0	0.048407	4	2	2	0	0	0	0
AF	0	0.048720	3	2	1	0	0	0	0
AF	0	0.049032	1	0	1	0	0	0	0
AF	0	0.049344	1	1	0	0	0	0	0
AF	0	0.049656	4	4	0	0	0	0	0
AF	0	0.049969	3	1	2	0	0	0	0
AF	0	0.050281	4	2	2	0	0	0	0
AF	0	0.050593	5	4	1	0	0	0	0
AF	0	0.050906	11	5	6	0	0	0	0
AF	0	0.051218	1	1	0	0	0	0	0
AF	0	0.051530	4	4	0	0	0	0	0
AF	0	0.052155	5	3	2	0	0	0	0
AF	0	0.052467	1	0	1	0	0	0	0
AF	0	0.052780	6	6	0	0	0	0	0
AF	0	0.053092	1	1	0	0	0	0	0
AF	0	0.053404	3	2	1	0	0	0	0
AF	0	0.053716	1	1	0	0	0	0	0
AF	0	0.054029	2	2	0	0	0	0	0
AF	0	0.054341	2	0	2	0	0	0	0
AF	0	0.054653	2	1	1	0	0	0	0
AF	0	0.055278	3	3	0	0	0	0	0
AF	0	0.055903	6	5	1	0	0	0	0
AF	0	0.056215	1	1	0	0	0	0	0
AF	0	0.056527	4	2	2	0	0	0	0
AF	0	0.056839	1	0	1	0	0	0	0
AF	0	0.057152	3	3	0	0	0	0	0
AF	0	0.057464	1	0	1	0	0	0	0
AF	0	0.057776	6	5	1	0	0	0	0
AF	0	0.058089	1	0	1	0	0	0	0
AF	0	0.058401	7	5	2	0	0	0	0
AF	0	0.058713	1	0	1	0	0	0	0
AF	0	0.059026	6	4	2	0	0	0	0
AF	0	0.059338	2	2	0	0	0	0	0
AF	0	0.059650	3	3	0	0	0	0	0
AF	0	0.059963	1	0	1	0	0	0	0
AF	0	0.060275	4	2	2	0	0	0	0
AF	0	0.060587	2	0	2	0	0	0	0
AF	0	0.060899	9	7	2	0	0	0	0
AF	0	0.061212	1	0	1	0	0	0	0
AF	0	0.061524	6	2	4	0	0	0	0
AF	0	0.061836	2	1	1	0	0	0	0
AF	0	0.062149	2	1	1	0	0	0	0
AF	0	0.062461	1	0	1	0	0	0	0
AF	0	0.062773	2	1	1	0	0	0	0
AF	0	0.063086	1	0	1	0	0	0	0
AF	0	0.063398	5	4	1	0	0	0	0
AF	0	0.063710	4	2	2	0	0	0	0
AF	0	0.064022	10	8	2	0	0	0	0
AF	0	0.064335	1	0	1	0	0	0	0
AF	0	0.064647	3	2	1	0	0	0	0
AF	0	0.064959	2	2	0	0	0	0	0
AF	0	0.065272	6	6	0	0	0	0	0
AF	0	0.065896	2	0	2	0	0	0	0
AF	0	0.066209	1	1	0	0	0	0	0
AF	0	0.066521	3	3	0	0	0	0	0
AF	0	0.066833	2	1	1	0	0	0	0
AF	0	0.067146	3	3	0	0	0	0	0
AF	0	0.067458	4	3	1	0	0	0	0
AF	0	0.067770	3	2	1	0	0	0	0
AF	0	0.068395	6	3	3	0	0	0	0
AF	0	0.068707	2	1	1	0	0	0	0
AF	0	0.069332	1	1	0	0	0	0	0
AF	0	0.069644	4	2	2	0	0	0	0
AF	0	0.070269	2	1	1	0	0	0	0
AF	0	0.070581	1	1	0	0	0	0	0
AF	0	0.070893	2	2	0	0	0	0	0
AF	0	0.071205	2	2	0	0	0	0	0
AF	0	0.071518	6	5	1	0	0	0	0
AF	0	0.072142	2	0	2	0	0	0	0
AF	0	0.072455	3	2	1	0	0	0	0
AF	0	0.072767	6	3	3	0	0	0	0
AF	0	0.073079	1	1	0	0	0	0	0
AF	0	0.073392	7	4	3	0	0	0	0
AF	0	0.074329	2	2	0	0	0	0	0
AF	0	0.074641	2	2	0	0	0	0	0
AF	0	0.075265	3	2	1	0	0	0	0
AF	0	0.075890	3	2	1	0	0	0	0
AF	0	0.076202	4	1	3	0	0	0	0
AF	0	0.076515	1	1	0	0	0	0	0
AF	0	0.077139	1	1	0	0	0	0	0
AF	0	0.078076	1	1	0	0	0	0	0
AF	0	0.079013	4	2	2	0	0	0	0
AF	0	0.079325	1	1	0	0	0	0	0
AF	0	0.079638	1	1	0	0	0	0	0
AF	0	0.080262	2	2	0	0	0	0	0
AF	0	0.080887	4	3	1	0	0	0	0
AF	0	0.082448	2	1	1	0	0	0	0
AF	0	0.082761	2	2	0	0	0	0	0
AF	0	0.083073	1	1	0	0	0	0	0
AF	0	0.083385	1	1	0	0	0	0	0
AF	0	0.084010	1	1	0	0	0	0	0
AF	0	0.084322	1	1	0	0	0	0	0
AF	0	0.084635	1	1	0	0	0	0	0
AF	0	0.084947	1	1	0	0	0	0	0
AF	0	0.085259	1	1	0	0	0	0	0
AF	0	0.085884	11	5	6	0	0	0	0
AF	0	0.086508	1	1	0	0	0	0	0
AF	0	0.087133	2	2	0	0	0	0	0
AF	0	0.087445	2	1	1	0	0	0	0
AF	0	0.087758	6	4	2	0	0	0	0
AF	0	0.088070	1	1	0	0	0	0	0
AF	0	0.088382	9	4	5	0	0	0	0
AF	0	0.088695	1	0	1	0	0	0	0
AF	0	0.089007	3	3	0	0	0	0	0
AF	0	0.089319	1	0	1	0	0	0	0
AF	0	0.089631	3	1	2	0	0	0	0
AF	0	0.089944	2	2	0	0	0	0	0
AF	0	0.090568	1	1	0	0	0	0	0
AF	0	0.090881	3	3	0	0	0	0	0
AF	0	0.091193	3	2	1	0	0	0	0
AF	0	0.091818	1	0	1	0	0	0	0
AF	0	0.092130	3	2	1	0	0	0	0
AF	0	0.092442	2	2	0	0	0	0	0
AF	0	0.092755	1	1	0	0	0	0	0
AF	0	0.093379	2	1	1	0	0	0	0
AF	0	0.093691	1	1	0	0	0	0	0
AF	0	0.094004	4	3	1	0	0	0	0
AF	0	0.094316	1	1	0	0	0	0	0
AF	0	0.094628	2	1	1	0	0	0	0
AF	0	0.094941	3	2	1	0	0	0	0
AF	0	0.095253	8	5	3	0	0	0	0
AF	0	0.095565	1	1	0	0	0	0	0
AF	0	0.095878	7	5	2	0	0	0	0
AF	0	0.096190	3	2	1	0	0	0	0
AF	0	0.096502	3	1	2	0	0	0	0
AF	0	0.096814	2	2	0	0	0	0	0
AF	0	0.097127	1	0	1	0	0	0	0
AF	0	0.097751	2	1	1	0	0	0	0
AF	0	0.098064	2	1	1	0	0	0	0
AF	0	0.099001	3	2	1	0	0	0	0
AF	0	0.099313	2	1	1	0	0	0	0
AF	0	0.099938	1	1	0	0	0	0	0
AF	0	0.100874	2	2	0	0	0	0	0
AF	0	0.101187	3	2	1	0	0	0	0
AF	0	0.101499	5	5	0	0	0	0	0
AF	0	0.101811	3	2	1	0	0	0	0
AF	0	0.102124	2	2	0	0	0	0	0
AF	0	0.102436	2	1	1	0	0	0	0
AF	0	0.102748	4	3	1	0	0	0	0
AF	0	0.103061	2	1	1	0	0	0	0
AF	0	0.103998	3	2	1	0	0	0	0
AF	0	0.104310	1	0	1	0	0	0	0
AF	0	0.104622	4	3	1	0	0	0	0
AF	0	0.105559	1	1	0	0	0	0	0
AF	0	0.105871	4	3	1	0	0	0	0
AF	0	0.106184	4	3	1	0	0	0	0
AF	0	0.106496	5	2	3	0	0	0	0
AF	0	0.106808	2	2	0	0	0	0	0
AF	0	0.107121	1	1	0	0	0	0	0
AF	0	0.107433	2	2	0	0	0	0	0
AF	0	0.107745	1	1	0	0	0	0	0
AF	0	0.108057	4	3	1	0	0	0	0
AF	0	0.108370	2	2	0	0	0	0	0
AF	0	0.108682	1	0	1	0	0	0	0
AF	0	0.108994	2	2	0	0	0	0	0
AF	0	0.109307	2	2	0	0	0	0	0
AF	0	0.109619	4	3	1	0	0	0	0
AF	0	0.109931	2	1	1	0	0	0	0
AF	0	0.110244	5	2	3	0	0	0	0
AF	0	0.110556	4	3	1	0	0	0	0
AF	0	0.110868	2	1	1	0	0	0	0
AF	0	0.111181	2	1	1	0	0	0	0
AF	0	0.111493	1	1	0	0	0	0	0
AF	0	0.111805	4	2	2	0	0	0	0
AF	0	0.112742	1	1	0	0	0	0	0
AF	0	0.113054	7	6	1	0	0	0	0
AF	0	0.113679	1	1	0	0	0	0	0
AF	0	0.114928	2	2	0	0	0	0	0
AF	0	0.115240	1	0	1	0	0	0	0
AF	0	0.115553	2	0	2	0	0	0	0
AF	0	0.115865	1	1	0	0	0	0	0
AF	0	0.116177	3	2	1	0	0	0	0
AF	0	0.116490	2	1	1	0	0	0	0
AF	0	0.116802	1	1	0	0	0	0	0
AF	0	0.117114	1	0	1	0	0	0	0
AF	0	0.117427	1	1	0	0	0	0	0
AF	0	0.118051	1	0	1	0	0	0	0
AF	0	0.118676	6	5	1	0	0	0	0
AF	0	0.118988	6	5	1	0	0	0	0
AF	0	0.119300	4	3	1	0	0	0	0
AF	0	0.119925	2	1	1	0	0	0	0
AF	0	0.120237	1	0	1	0	0	0	0
AF	0	0.120550	2	2	0	0	0	0	0
AF	0	0.120862	1	0	1	0	0	0	0
AF	0	0.121174	4	4	0	0	0	0	0
AF	0	0.121487	1	0	1	0	0	0	0
AF	0	0.121799	8	5	3	0	0	0	0
AF	0	0.122111	2	1	1	0	0	0	0
AF	0	0.122423	6	4	2	0	0	0	0
AF	0	0.122736	3	2	1	0	0	0	0
AF	0	0.123048	7	5	2	0	0	0	0
AF	0	0.123360	1	1	0	0	0	0	0
AF	0	0.123673	5	4	1	0	0	0	0
AF	0	0.123985	5	4	1	0	0	0	0
AF	0	0.124297	16	12	4	0	0	0	0
AF	0	0.124610	1	0	1	0	0	0	0
AF	0	0.124922	11	10	1	0	0	0	0
AF	0	0.125234	2	1	1	0	0	0	0
AF	0	0.125547	5	4	1	0	0	0	0
AF	0	0.125859	4	2	2	0	0	0	0
AF	0	0.126171	2	0	2	0	0	0	0
AF	0	0.126796	4	4	0	0	0	0	0
AF	0	0.127108	5	4	1	0	0	0	0
AF	0	0.127420	4	3	1	0	0	0	0
AF	0	0.127733	1	0	1	0	0	0	0
AF	0	0.128045	6	4	2	0	0	0	0
AF	0	0.128670	1	1	0	0	0	0	0
AF	0	0.128982	2	2	0	0	0	0	0
AF	0	0.129919	2	1	1	0	0	0	0
AF	0	0.130231	1	0	1	0	0	0	0
AF	0	0.130543	1	1	0	0	0	0	0
AF	0	0.131168	2	1	1	0	0	0	0
AF	0	0.131480	1	1	0	0	0	0	0
AF	0	0.131793	1	0	1	0	0	0	0
AF	0	0.132105	1	1	0	0	0	0	0
AF	0	0.132417	5	3	2	0	0	0	0
AF	0	0.132730	2	2	0	0	0	0	0
AF	0	0.133042	3	1	2	0	0	0	0
AF	0	0.133666	1	0	1	0	0	0	0
AF	0	0.134291	1	0	1	0	0	0	0
AF	0	0.134603	2	2	0	0	0	0	0
AF	0	0.135540	2	2	0	0	0	0	0
AF	0	0.136477	3	2	1	0	0	0	0
AF	0	0.136790	4	3	1	0	0	0	0
AF	0	0.137414	4	2	2	0	0	0	0
AF	0	0.137726	2	1	1	0	0	0	0
AF	0	0.138039	3	3	0	0	0	0	0
AF	0	0.138351	1	0	1	0	0	0	0
AF	0	0.138663	3	3	0	0	0	0	0
AF	0	0.139913	4	3	1	0	0	0	0
AF	0	0.140225	7	5	2	0	0	0	0
AF	0	0.140537	4	3	1	0	0	0	0
AF	0	0.140849	1	1	0	0	0	0	0
AF	0	0.141474	4	2	2	0	0	0	0
AF	0	0.141786	5	1	4	0	0	0	0
AF	0	0.142099	1	1	0	0	0	0	0
AF	0	0.142411	4	1	3	0	0	0	0
AF	0	0.143036	2	1	1	0	0	0	0
AF	0	0.143348	3	3	0	0	0	0	0
AF	0	0.143660	1	1	0	0	0	0	0
AF	0	0.144285	2	2	0	0	0	0	0
AF	0	0.145222	2	2	0	0	0	0	0
AF	0	0.145534	1	0	1	0	0	0	0
AF	0	0.146783	1	0	1	0	0	0	0
AF	0	0.147096	1	1	0	0	0	0	0
AF	0	0.147408	5	5	0	0	0	0	0
AF	0	0.147720	4	4	0	0	0	0	0
AF	0	0.148032	2	1	1	0	0	0	0
AF	0	0.148657	5	3	2	0	0	0	0
AF	0	0.149282	3	1	2	0	0	0	0
AF	0	0.149594	1	1	0	0	0	0	0
AF	0	0.149906	1	1	0	0	0	0	0
AF	0	0.150219	1	1	0	0	0	0	0
AF	0	0.150843	1	0	1	0	0	0	0
AF	0	0.151156	3	3	0	0	0	0	0
AF	0	0.151780	7	5	2	0	0	0	0
AF	0	0.152405	2	0	2	0	0	0	0
AF	0	0.153029	3	1	2	0	0	0	0
AF	0	0.153342	5	3	2	0	0	0	0
AF	0	0.153654	8	4	4	0	0	0	0
AF	0	0.153966	2	1	1	0	0	0	0
AF	0	0.154279	8	6	2	0	0	0	0
AF	0	0.154591	2	2	0	0	0	0	0
AF	0	0.154903	3	3	0	0	0	0	0
AF	0	0.155215	2	2	0	0	0	0	0
AF	0	0.155528	3	3	0	0	0	0	0
AF	0	0.156152	2	1	1	0	0	0	0
AF	0	0.156777	1	0	1	0	0	0	0
AF	0	0.157402	5	5	0	0	0	0	0
AF	0	0.157714	2	1	1	0	0	0	0
AF	0	0.158026	4	1	3	0	0	0	0
AF	0	0.158339	4	3	1	0	0	0	0
AF	0	0.158651	2	0	2	0	0	0	0
AF	0	0.159275	4	1	3	0	0	0	0
AF	0	0.159588	2	2	0	0	0	0	0
AF	0	0.159900	7	3	4	0	0	0	0
AF	0	0.160212	5	4	1	0	0	0	0
AF	0	0.160525	2	0	2	0	0	0	0
AF	0	0.161149	2	1	1	0	0	0	0
AF	0	0.162086	1	1	0	0	0	0	0
AF	0	0.162399	2	2	0	0	0	0	0
AF	0	0.162711	1	1	0	0	0	0	0
AF	0	0.163023	2	1	1	0	0	0	0
AF	0	0.163335	1	1	0	0	0	0	0
AF	0	0.163648	2	2	0	0	0	0	0
AF	0	0.163960	2	0	2	0	0	0	0
AF	0	0.164585	3	2	1	0	0	0	0
AF	0	0.164897	1	1	0	0	0	0	0
AF	0	0.165209	3	2	1	0	0	0	0
AF	0	0.166146	2	1	1	0	0	0	0
AF	0	0.166458	1	1	0	0	0	0	0
AF	0	0.166771	1	0	1	0	0	0	0
AF	0	0.167395	4	3	1	0	0	0	0
AF	0	0.167708	3	3	0	0	0	0	0
AF	0	0.168020	1	1	0	0	0	0	0
AF	0	0.168332	1	1	0	0	0	0	0
AF	0	0.168645	2	1	1	0	0	0	0
AF	0	0.169269	2	1	1	0	0	0	0
AF	0	0.169582	1	0	1	0	0	0	0
AF	0	0.169894	2	0	2	0	0	0	0
AF	0	0.170206	1	1	0	0	0	0	0
AF	0	0.170518	1	1	0	0	0	0	0
AF	0	0.171143	1	0	1	0	0	0	0
AF	0	0.173017	5	5	0	0	0	0	0
AF	0	0.173329	1	1	0	0	0	0	0
AF	0	0.174891	2	2	0	0	0	0	0
AF	0	0.175203	1	0	1	0	0	0	0
AF	0	0.175515	1	0	1	0	0	0	0
AF	0	0.175828	2	0	2	0	0	0	0
AF	0	0.176140	1	1	0	0	0	0	0
AF	0	0.177389	1	0	1	0	0	0	0
AF	0	0.178014	2	1	1	0	0	0	0
AF	0	0.178951	1	1	0	0	0	0	0
AF	0	0.179888	3	2	1	0	0	0	0
AF	0	0.180200	1	1	0	0	0	0	0
AF	0	0.180512	3	1	2	0	0	0	0
AF	0	0.180824	1	1	0	0	0	0	0
AF	0	0.181137	1	1	0	0	0	0	0
AF	0	0.181761	4	3	1	0	0	0	0
AF	0	0.182698	1	0	1	0	0	0	0
AF	0	0.183011	1	1	0	0	0	0	0
AF	0	0.183323	1	0	1	0	0	0	0
AF	0	0.183635	3	3	0	0	0	0	0
AF	0	0.184260	2	2	0	0	0	0	0
AF	0	0.184572	2	2	0	0	0	0	0
AF	0	0.185197	1	1	0	0	0	0	0
AF	0	0.185509	2	1	1	0	0	0	0
AF	0	0.185821	3	3	0	0	0	0	0
AF	0	0.186758	1	1	0	0	0	0	0
AF	0	0.187383	2	1	1	0	0	0	0
AF	0	0.187695	2	2	0	0	0	0	0
AF	0	0.188007	4	2	2	0	0	0	0
AF	0	0.188320	2	2	0	0	0	0	0
AF	0	0.188944	1	0	1	0	0	0	0
AF	0	0.189257	1	1	0	0	0	0	0
AF	0	0.189569	1	1	0	0	0	0	0
AF	0	0.189881	2	2	0	0	0	0	0
AF	0	0.190194	1	1	0	0	0	0	0
AF	0	0.190506	2	2	0	0	0	0	0
AF	0	0.191755	2	2	0	0	0	0	0
AF	0	0.192380	2	1	1	0	0	0	0
AF	0	0.193004	1	0	1	0	0	0	0
AF	0	0.193317	1	1	0	0	0	0	0
AF	0	0.193629	1	1	0	0	0	0	0
AF	0	0.193941	2	0	2	0	0	0	0
AF	0	0.194254	3	1	2	0	0	0	0
AF	0	0.194878	1	0	1	0	0	0	0
AF	0	0.195191	2	0	2	0	0	0	0
AF	0	0.196440	1	1	0	0	0	0	0
AF	0	0.198001	1	1	0	0	0	0	0
AF	0	0.198626	2	2	0	0	0	0	0
AF	0	0.199250	2	2	0	0	0	0	0
AF	0	0.199563	1	0	1	0	0	0	0
AF	0	0.200500	1	1	0	0	0	0	0
AF	0	0.201749	1	1	0	0	0	0	0
AF	0	0.202061	2	1	1	0	0	0	0
AF	0	0.202998	1	0	1	0	0	0	0
AF	0	0.203310	1	1	0	0	0	0	0
AF	0	0.203623	2	2	0	0	0	0	0
AF	0	0.204247	2	1	1	0	0	0	0
AF	0	0.204872	3	3	0	0	0	0	0
AF	0	0.205184	1	1	0	0	0	0	0
AF	0	0.205497	1	1	0	0	0	0	0
AF	0	0.205809	4	2	2	0	0	0	0
AF	0	0.207995	2	2	0	0	0	0	0
AF	0	0.208307	1	1	0	0	0	0	0
AF	0	0.208620	3	2	1	0	0	0	0
AF	0	0.208932	3	2	1	0	0	0	0
AF	0	0.209244	1	1	0	0	0	0	0
AF	0	0.209557	1	1	0	0	0	0	0
AF	0	0.209869	2	1	1	0	0	0	0
AF	0	0.210181	3	2	1	0	0	0	0
AF	0	0.210493	1	0	1	0	0	0	0
AF	0	0.210806	1	1	0	0	0	0	0
AF	0	0.211118	2	1	1	0	0	0	0
AF	0	0.211430	1	1	0	0	0	0	0
AF	0	0.211743	1	1	0	0	0	0	0
AF	0	0.212055	1	1	0	0	0	0	0
AF	0	0.212367	5	4	1	0	0	0	0
AF	0	0.213304	1	1	0	0	0	0	0
AF	0	0.213616	2	2	0	0	0	0	0
AF	0	0.213929	1	1	0	0	0	0	0
AF	0	0.214241	2	1	1	0	0	0	0
AF	0	0.214866	1	1	0	0	0	0	0
AF	0	0.215178	1	1	0	0	0	0	0
AF	0	0.215803	2	1	1	0	0	0	0
AF	0	0.216115	1	1	0	0	0	0	0
AF	0	0.217364	2	2	0	0	0	0	0
AF	0	0.218301	1	0	1	0	0	0	0
AF	0	0.219238	2	2	0	0	0	0	0
AF	0	0.219550	3	3	0	0	0	0	0
AF	0	0.220175	1	1	0	0	0	0	0
AF	0	0.220487	2	0	2	0	0	0	0
AF	0	0.221112	1	1	0	0	0	0	0
AF	0	0.221424	1	1	0	0	0	0	0
AF	0	0.222049	1	1	0	0	0	0	0
AF	0	0.222361	2	1	1	0	0	0	0
AF	0	0.223298	1	1	0	0	0	0	0
AF	0	0.223923	1	1	0	0	0	0	0
AF	0	0.224235	2	2	0	0	0	0	0
AF	0	0.224859	1	1	0	0	0	0	0
AF	0	0.225172	1	1	0	0	0	0	0
AF	0	0.225796	1	1	0	0	0	0	0
AF	0	0.226733	2	1	1	0	0	0	0
AF	0	0.227046	5	3	2	0	0	0	0
AF	0	0.227983	2	1	1	0	0	0	0
AF	0	0.229856	1	1	0	0	0	0	0
AF	0	0.230169	1	1	0	0	0	0	0
AF	0	0.230793	2	2	0	0	0	0	0
AF	0	0.234229	1	0	1	0	0	0	0
AF	0	0.234541	2	1	1	0	0	0	0
AF	0	0.234853	1	0	1	0	0	0	0
AF	0	0.235790	2	2	0	0	0	0	0
AF	0	0.236102	1	1	0	0	0	0	0
AF	0	0.236727	2	2	0	0	0	0	0
AF	0	0.238913	3	3	0	0	0	0	0
AF	0	0.239850	1	1	0	0	0	0	0
AF	0	0.242349	3	2	1	0	0	0	0
AF	0	0.242661	4	2	2	0	0	0	0
AF	0	0.243285	1	1	0	0	0	0	0
AF	0	0.243598	1	1	0	0	0	0	0
AF	0	0.243910	1	1	0	0	0	0	0
AF	0	0.244847	1	1	0	0	0	0	0
AF	0	0.245472	1	1	0	0	0	0	0
AF	0	0.246408	1	1	0	0	0	0	0
AF	0	0.246721	1	1	0	0	0	0	0
AF	0	0.248282	1	1	0	0	0	0	0
AF	0	0.248595	1	0	1	0	0	0	0
AF	0	0.248907	1	1	0	0	0	0	0
AF	0	0.249532	2	0	2	0	0	0	0
AF	0	0.249844	2	2	0	0	0	0	0
AF	0	0.250781	1	1	0	0	0	0	0
AF	0	0.251093	1	1	0	0	0	0	0
AF	0	0.251405	1	1	0	0	0	0	0
AF	0	0.253279	1	1	0	0	0	0	0
AF	0	0.254528	2	2	0	0	0	0	0
AF	0	0.257027	2	2	0	0	0	0	0
AF	0	0.257339	1	1	0	0	0	0	0
AF	0	0.257651	1	0	1	0	0	0	0
AF	0	0.258588	1	0	1	0	0	0	0
AF	0	0.259525	1	1	0	0	0	0	0
AF	0	0.259838	2	2	0	0	0	0	0
AF	0	0.260150	1	0	1	0	0	0	0
AF	0	0.261087	1	0	1	0	0	0	0
AF	0	0.262024	2	2	0	0	0	0	0
AF	0	0.263273	1	0	1	0	0	0	0
AF	0	0.265147	1	0	1	0	0	0	0
AF	0	0.265459	1	1	0	0	0	0	0
AF	0	0.266084	1	0	1	0	0	0	0
AF	0	0.266396	1	1	0	0	0	0	0
AF	0	0.268270	1	1	0	0	0	0	0
AF	0	0.268582	1	0	1	0	0	0	0
AF	0	0.269519	1	1	0	0	0	0	0
AF	0	0.269831	1	1	0	0	0	0	0
AF	0	0.270768	1	1	0	0	0	0	0
AF	0	0.272642	1	1	0	0	0	0	0
AF	0	0.273891	1	0	1	0	0	0	0
AF	0	0.274204	1	1	0	0	0	0	0
AF	0	0.274516	2	2	0	0	0	0	0
AF	0	0.275765	1	0	1	0	0	0	0
AF	0	0.276077	1	1	0	0	0	0	0
AF	0	0.276390	1	1	0	0	0	0	0
AF	0	0.277014	1	0	1	0	0	0	0
AF	0	0.277951	1	1	0	0	0	0	0
AF	0	0.278264	2	1	1	0	0	0	0
AF	0	0.279513	1	1	0	0	0	0	0
AF	0	0.280137	1	1	0	0	0	0	0
AF	0	0.280450	2	1	1	0	0	0	0
AF	0	0.280762	3	2	1	0	0	0	0
AF	0	0.281699	1	1	0	0	0	0	0
AF	0	0.282636	1	1	0	0	0	0	0
AF	0	0.282948	1	1	0	0	0	0	0
AF	0	0.283885	1	1	0	0	0	0	0
AF	0	0.287008	1	1	0	0	0	0	0
AF	0	0.288882	1	1	0	0	0	0	0
AF	0	0.290131	1	0	1	0	0	0	0
AF	0	0.290756	1	1	0	0	0	0	0
AF	0	0.292317	1	0	1	0	0	0	0
AF	0	0.293254	1	1	0	0	0	0	0
AF	0	0.295128	1	0	1	0	0	0	0
AF	0	0.295753	1	0	1	0	0	0	0
AF	0	0.296377	1	1	0	0	0	0	0
AF	0	0.296690	1	0	1	0	0	0	0
AF	0	0.297002	3	0	3	0	0	0	0
AF	0	0.297314	1	1	0	0	0	0	0
AF	0	0.297626	2	1	1	0	0	0	0
AF	0	0.297939	1	1	0	0	0	0	0
AF	0	0.299188	1	0	1	0	0	0	0
AF	0	0.299500	1	0	1	0	0	0	0
AF	0	0.300750	1	0	1	0	0	0	0
AF	0	0.301374	1	1	0	0	0	0	0
AF	0	0.302311	1	1	0	0	0	0	0
AF	0	0.302936	1	1	0	0	0	0	0
AF	0	0.303560	3	2	1	0	0	0	0
AF	0	0.303873	1	1	0	0	0	0	0
AF	0	0.304185	1	0	1	0	0	0	0
AF	0	0.305122	2	2	0	0	0	0	0
AF	0	0.305746	1	0	1	0	0	0	0
AF	0	0.306059	2	1	1	0	0	0	0
AF	0	0.306371	2	1	1	0	0	0	0
AF	0	0.306996	4	3	1	0	0	0	0
AF	0	0.307620	3	2	1	0	0	0	0
AF	0	0.307933	1	1	0	0	0	0	0
AF	0	0.308869	1	1	0	0	0	0	0
AF	0	0.309494	1	1	0	0	0	0	0
AF	0	0.310119	1	0	1	0	0	0	0
AF	0	0.311056	1	1	0	0	0	0	0
AF	0	0.311680	1	1	0	0	0	0	0
AF	0	0.312617	1	1	0	0	0	0	0
AF	0	0.313242	1	1	0	0	0	0	0
AF	0	0.313554	1	0	1	0	0	0	0
AF	0	0.313866	3	2	1	0	0	0	0
AF	0	0.314179	2	2	0	0	0	0	0
AF	0	0.315740	2	2	0	0	0	0	0
AF	0	0.316365	1	1	0	0	0	0	0
AF	0	0.316989	1	1	0	0	0	0	0
AF	0	0.317926	1	1	0	0	0	0	0
AF	0	0.318239	2	2	0	0	0	0	0
AF	0	0.318863	2	1	1	0	0	0	0
AF	0	0.320112	1	1	0	0	0	0	0
AF	0	0.320737	1	0	1	0	0	0	0
AF	0	0.322611	2	2	0	0	0	0	0
AF	0	0.323235	2	1	1	0	0	0	0
AF	0	0.323860	1	0	1	0	0	0	0
AF	0	0.324172	1	0	1	0	0	0	0
AF	0	0.324485	3	2	1	0	0	0	0
AF	0	0.325734	1	0	1	0	0	0	0
AF	0	0.326046	1	1	0	0	0	0	0
AF	0	0.326359	1	1	0	0	0	0	0
AF	0	0.326983	1	1	0	0	0	0	0
AF	0	0.327295	1	1	0	0	0	0	0
AF	0	0.327608	1	1	0	0	0	0	0
AF	0	0.328232	1	1	0	0	0	0	0
AF	0	0.328857	6	4	2	0	0	0	0
AF	0	0.329169	1	1	0	0	0	0	0
AF	0	0.329482	2	1	1	0	0	0	0
AF	0	0.330106	2	1	1	0	0	0	0
AF	0	0.330418	1	1	0	0	0	0	0
AF	0	0.331043	1	1	0	0	0	0	0
AF	0	0.331355	2	1	1	0	0	0	0
AF	0	0.331980	1	1	0	0	0	0	0
AF	0	0.333229	1	0	1	0	0	0	0
AF	0	0.333542	2	2	0	0	0	0	0
AF	0	0.334166	2	1	1	0	0	0	0
AF	0	0.334478	1	0	1	0	0	0	0
AF	0	0.334791	3	2	1	0	0	0	0
AF	0	0.335103	4	2	2	0	0	0	0
AF	0	0.335415	1	1	0	0	0	0	0
AF	0	0.336040	3	2	1	0	0	0	0
AF	0	0.336352	1	1	0	0	0	0	0
AF	0	0.336665	2	2	0	0	0	0	0
AF	0	0.336977	2	2	0	0	0	0	0
AF	0	0.337289	2	1	1	0	0	0	0
AF	0	0.337601	1	1	0	0	0	0	0
AF	0	0.337914	2	1	1	0	0	0	0
AF	0	0.338226	1	1	0	0	0	0	0
AF	0	0.338538	2	2	0	0	0	0	0
AF	0	0.339163	2	1	1	0	0	0	0
AF	0	0.340100	2	1	1	0	0	0	0
AF	0	0.340412	1	1	0	0	0	0	0
AF	0	0.341349	1	0	1	0	0	0	0
AF	0	0.342598	1	0	1	0	0	0	0
AF	0	0.342911	1	1	0	0	0	0	0
AF	0	0.344160	3	3	0	0	0	0	0
AF	0	0.344472	1	1	0	0	0	0	0
AF	0	0.344785	2	2	0	0	0	0	0
AF	0	0.348220	2	2	0	0	0	0	0
AF	0	0.348532	1	0	1	0	0	0	0
AF	0	0.349157	7	4	3	0	0	0	0
AF	0	0.349469	2	1	1	0	0	0	0
AF	0	0.350094	1	0	1	0	0	0	0
AF	0	0.350406	4	4	0	0	0	0	0
AF	0	0.350718	3	2	1	0	0	0	0
AF	0	0.351031	2	2	0	0	0	0	0
AF	0	0.351655	1	1	0	0	0	0	0
AF	0	0.352904	1	1	0	0	0	0	0
AF	0	0.354466	1	1	0	0	0	0	0
AF	0	0.354778	1	1	0	0	0	0	0
AF	0	0.355091	1	1	0	0	0	0	0
AF	0	0.355403	1	1	0	0	0	0	0
AF	0	0.356340	2	2	0	0	0	0	0
AF	0	0.356652	1	0	1	0	0	0	0
AF	0	0.357901	2	2	0	0	0	0	0
AF	0	0.358214	1	0	1	0	0	0	0
AF	0	0.359775	3	2	1	0	0	0	0
AF	0	0.360400	1	1	0	0	0	0	0
AF	0	0.360712	1	0	1	0	0	0	0
AF	0	0.362898	2	1	1	0	0	0	0
AF	0	0.363523	1	1	0	0	0	0	0
AF	0	0.364772	1	1	0	0	0	0	0
AF	0	0.365709	1	1	0	0	0	0	0
AF	0	0.366021	1	0	1	0	0	0	0
AF	0	0.366646	2	2	0	0	0	0	0
AF	0	0.367270	1	1	0	0	0	0	0
AF	0	0.368520	1	0	1	0	0	0	0
AF	0	0.369144	3	3	0	0	0	0	0
AF	0	0.369769	3	2	1	0	0	0	0
AF	0	0.370394	3	2	1	0	0	0	0
AF	0	0.370706	1	1	0	0	0	0	0
AF	0	0.371018	3	1	2	0	0	0	0
AF	0	0.371643	1	0	1	0	0	0	0
AF	0	0.371955	1	1	0	0	0	0	0
AF	0	0.372892	1	1	0	0	0	0	0
AF	0	0.373829	1	1	0	0	0	0	0
AF	0	0.374141	2	0	2	0	0	0	0
AF	0	0.375390	1	0	1	0	0	0	0
AF	0	0.375703	1	1	0	0	0	0	0
AF	0	0.376015	1	1	0	0	0	0	0
AF	0	0.376327	2	2	0	0	0	0	0
AF	0	0.376640	3	3	0	0	0	0	0
AF	0	0.376952	3	3	0	0	0	0	0
AF	0	0.377264	4	3	1	0	0	0	0
AF	0	0.377889	2	2	0	0	0	0	0
AF	0	0.378513	1	1	0	0	0	0	0
AF	0	0.379138	1	1	0	0	0	0	0
AF	0	0.379763	2	1	1	0	0	0	0
AF	0	0.380075	1	0	1	0	0	0	0
AF	0	0.380387	1	0	1	0	0	0	0
AF	0	0.380700	1	1	0	0	0	0	0
AF	0	0.381012	1	0	1	0	0	0	0
AF	0	0.381636	1	0	1	0	0	0	0
AF	0	0.382261	3	2	1	0	0	0	0
AF	0	0.383198	2	2	0	0	0	0	0
AF	0	0.384760	4	3	1	0	0	0	0
AF	0	0.385384	1	1	0	0	0	0	0
AF	0	0.385696	1	0	1	0	0	0	0
AF	0	0.386009	2	1	1	0	0	0	0
AF	0	0.386633	1	0	1	0	0	0	0
AF	0	0.387258	1	1	0	0	0	0	0
AF	0	0.387883	1	1	0	0	0	0	0
AF	0	0.388195	3	2	1	0	0	0	0
AF	0	0.388819	2	1	1	0	0	0	0
AF	0	0.389132	1	0	1	0	0	0	0
AF	0	0.389756	4	3	1	0	0	0	0
AF	0	0.390069	1	1	0	0	0	0	0
AF	0	0.391630	1	1	0	0	0	0	0
AF	0	0.392879	1	1	0	0	0	0	0
AF	0	0.393192	2	1	1	0	0	0	0
AF	0	0.393504	1	1	0	0	0	0	0
AF	0	0.393816	1	1	0	0	0	0	0
AF	0	0.394441	1	1	0	0	0	0	0
AF	0	0.395066	1	1	0	0	0	0	0
AF	0	0.395378	1	0	1	0	0	0	0
AF	0	0.396002	3	3	0	0	0	0	0
AF	0	0.396315	1	1	0	0	0	0	0
AF	0	0.398501	2	0	2	0	0	0	0
AF	0	0.400999	1	1	0	0	0	0	0
AF	0	0.401624	1	1	0	0	0	0	0
AF	0	0.402249	1	0	1	0	0	0	0
AF	0	0.402561	1	0	1	0	0	0	0
AF	0	0.403186	1	1	0	0	0	0	0
AF	0	0.403498	2	1	1	0	0	0	0
AF	0	0.404122	1	1	0	0	0	0	0
AF	0	0.404435	1	1	0	0	0	0	0
AF	0	0.404747	1	0	1	0	0	0	0
AF	0	0.405996	1	1	0	0	0	0	0
AF	0	0.406309	1	1	0	0	0	0	0
AF	0	0.406621	1	1	0	0	0	0	0
AF	0	0.407870	3	1	2	0	0	0	0
AF	0	0.408807	1	0	1	0	0	0	0
AF	0	0.409744	1	1	0	0	0	0	0
AF	0	0.410056	1	0	1	0	0	0	0
AF	0	0.410681	2	1	1	0	0	0	0
AF	0	0.410993	1	1	0	0	0	0	0
AF	0	0.411618	1	1	0	0	0	0	0
AF	0	0.412242	3	3	0	0	0	0	0
AF	0	0.412867	1	1	0	0	0	0	0
AF	0	0.413492	1	1	0	0	0	0	0
AF	0	0.415053	1	1	0	0	0	0	0
AF	0	0.415678	1	0	1	0	0	0	0
AF	0	0.415990	1	1	0	0	0	0	0
AF	0	0.417864	1	1	0	0	0	0	0
AF	0	0.418176	1	1	0	0	0	0	0
AF	0	0.418488	2	2	0	0	0	0	0
AF	0	0.419113	1	1	0	0	0	0	0
AF	0	0.420050	1	1	0	0	0	0	0
AF	0	0.420987	1	1	0	0	0	0	0
AF	0	0.421924	1	0	1	0	0	0	0
AF	0	0.422548	1	1	0	0	0	0	0
AF	0	0.422861	1	1	0	0	0	0	0
AF	0	0.423798	1	1	0	0	0	0	0
AF	0	0.424110	1	1	0	0	0	0	0
AF	0	0.424422	1	1	0	0	0	0	0
AF	0	0.426921	4	2	2	0	0	0	0
AF	0	0.427233	3	3	0	0	0	0	0
AF	0	0.427545	1	1	0	0	0	0	0
AF	0	0.427858	2	2	0	0	0	0	0
AF	0	0.428170	2	1	1	0	0	0	0
AF	0	0.428482	1	0	1	0	0	0	0
AF	0	0.428795	1	1	0	0	0	0	0
AF	0	0.429107	1	1	0	0	0	0	0
AF	0	0.429731	1	1	0	0	0	0	0
AF	0	0.430044	2	1	1	0	0	0	0
AF	0	0.430668	1	1	0	0	0	0	0
AF	0	0.430981	1	1	0	0	0	0	0
AF	0	0.431605	1	1	0	0	0	0	0
AF	0	0.432230	2	1	1	0	0	0	0
AF	0	0.432854	1	1	0	0	0	0	0
AF	0	0.433167	2	2	0	0	0	0	0
AF	0	0.433479	2	2	0	0	0	0	0
AF	0	0.433791	3	2	1	0	0	0	0
AF	0	0.434728	1	1	0	0	0	0	0
AF	0	0.435041	1	1	0	0	0	0	0
AF	0	0.437851	1	1	0	0	0	0	0
AF	0	0.438788	1	1	0	0	0	0	0
AF	0	0.439413	1	1	0	0	0	0	0
AF	0	0.439725	1	0	1	0	0	0	0
AF	0	0.440350	1	1	0	0	0	0	0
AF	0	0.440662	1	0	1	0	0	0	0
AF	0	0.440974	1	1	0	0	0	0	0
AF	0	0.441287	1	0	1	0	0	0	0
AF	0	0.443161	2	1	1	0	0	0	0
AF	0	0.443473	1	1	0	0	0	0	0
AF	0	0.444097	1	1	0	0	0	0	0
AF	0	0.444410	3	2	1	0	0	0	0
AF	0	0.445971	2	1	1	0	0	0	0
AF	0	0.446284	1	1	0	0	0	0	0
AF	0	0.446596	1	1	0	0	0	0	0
AF	0	0.447533	1	0	1	0	0	0	0
AF	0	0.447845	1	1	0	0	0	0	0
AF	0	0.448157	2	1	1	0	0	0	0
AF	0	0.448782	2	0	2	0	0	0	0
AF	0	0.449719	2	1	1	0	0	0	0
AF	0	0.450031	1	1	0	0	0	0	0
AF	0	0.450344	1	1	0	0	0	0	0
AF	0	0.450656	1	1	0	0	0	0	0
AF	0	0.451280	1	0	1	0	0	0	0
AF	0	0.451905	1	1	0	0	0	0	0
AF	0	0.453154	2	1	1	0	0	0	0
AF	0	0.453779	2	0	2	0	0	0	0
AF	0	0.454403	2	1	1	0	0	0	0
AF	0	0.455028	1	1	0	0	0	0	0
AF	0	0.455340	3	3	0	0	0	0	0
AF	0	0.455653	1	0	1	0	0	0	0
AF	0	0.456590	1	0	1	0	0	0	0
AF	0	0.460025	1	1	0	0	0	0	0
AF	0	0.460337	1	1	0	0	0	0	0
AF	0	0.460650	2	1	1	0	0	0	0
AF	0	0.461899	1	1	0	0	0	0	0
AF	0	0.462211	1	0	1	0	0	0	0
AF	0	0.465959	1	1	0	0	0	0	0
AF	0	0.466271	2	2	0	0	0	0	0
AF	0	0.466583	1	1	0	0	0	0	0
AF	0	0.466896	1	0	1	0	0	0	0
AF	0	0.469394	1	1	0	0	0	0	0
AF	0	0.470643	1	0	1	0	0	0	0
AF	0	0.471893	1	0	1	0	0	0	0
AF	0	0.472205	1	1	0	0	0	0	0
AF	0	0.472517	1	0	1	0	0	0	0
AF	0	0.472829	1	1	0	0	0	0	0
AF	0	0.473142	1	1	0	0	0	0	0
AF	0	0.473766	1	1	0	0	0	0	0
AF	0	0.474079	1	0	1	0	0	0	0
AF	0	0.475640	1	1	0	0	0	0	0
AF	0	0.476889	1	1	0	0	0	0	0
AF	0	0.477202	1	0	1	0	0	0	0
AF	0	0.477826	1	1	0	0	0	0	0
AF	0	0.479388	1	0	1	0	0	0	0
AF	0	0.480012	1	0	1	0	0	0	0
AF	0	0.480637	2	2	0	0	0	0	0
AF	0	0.481262	2	0	2	0	0	0	0
AF	0	0.481886	1	1	0	0	0	0	0
AF	0	0.482199	1	1	0	0	0	0	0
AF	0	0.482823	1	1	0	0	0	0	0
AF	0	0.483136	2	1	1	0	0	0	0
AF	0	0.484072	2	2	0	0	0	0	0
AF	0	0.484697	1	1	0	0	0	0	0
AF	0	0.486883	2	1	1	0	0	0	0
AF	0	0.487508	1	1	0	0	0	0	0
AF	0	0.487820	1	0	1	0	0	0	0
AF	0	0.488132	1	0	1	0	0	0	0
AF	0	0.488757	2	2	0	0	0	0	0
AF	0	0.489069	2	1	1	0	0	0	0
AF	0	0.489382	2	1	1	0	0	0	0
AF	0	0.489694	1	1	0	0	0	0	0
AF	0	0.490006	2	1	1	0	0	0	0
AF	0	0.490319	1	1	0	0	0	0	0
AF	0	0.490631	5	5	0	0	0	0	0
AF	0	0.491255	1	1	0	0	0	0	0
AF	0	0.491568	2	1	1	0	0	0	0
AF	0	0.491880	1	1	0	0	0	0	0
AF	0	0.493754	1	1	0	0	0	0	0
AF	0	0.494066	1	0	1	0	0	0	0
AF	0	0.494379	1	1	0	0	0	0	0
AF	0	0.494691	1	0	1	0	0	0	0
AF	0	0.495628	3	2	1	0	0	0	0
AF	0	0.495940	1	1	0	0	0	0	0
AF	0	0.496877	1	0	1	0	0	0	0
AF	0	0.497814	1	1	0	0	0	0	0
AF	0	0.498126	1	0	1	0	0	0	0
AF	0	0.498438	1	0	1	0	0	0	0
AF	0	0.498751	2	2	0	0	0	0	0
AF	0	0.499063	2	2	0	0	0	0	0
AF	0	0.499375	1	1	0	0	0	0	0
AF	0	0.499688	1	1	0	0	0	0	0
AF	0	0.500625	4	3	1	0	0	0	0
AF	0	0.500937	3	3	0	0	0	0	0
AF	0	0.501249	2	2	0	0	0	0	0
AF	0	0.501562	2	0	2	0	0	0	0
AF	0	0.502186	2	1	1	0	0	0	0
AF	0	0.502811	1	0	1	0	0	0	0
AF	0	0.503435	1	1	0	0	0	0	0
AF	0	0.503748	2	2	0	0	0	0	0
AF	0	0.504372	1	1	0	0	0	0	0
AF	0	0.504685	1	1	0	0	0	0	0
AF	0	0.505621	2	1	1	0	0	0	0
AF	0	0.506558	1	1	0	0	0	0	0
AF	0	0.506871	1	1	0	0	0	0	0
AF	0	0.507183	2	2	0	0	0	0	0
AF	0	0.507495	2	1	1	0	0	0	0
AF	0	0.507808	2	1	1	0	0	0	0
AF	0	0.508120	1	1	0	0	0	0	0
AF	0	0.508745	1	1	0	0	0	0	0
AF	0	0.509369	1	1	0	0	0	0	0
AF	0	0.509681	2	2	0	0	0	0	0
AF	0	0.509994	1	1	0	0	0	0	0
AF	0	0.510306	1	1	0	0	0	0	0
AF	0	0.511243	1	0	1	0	0	0	0
AF	0	0.512804	1	1	0	0	0	0	0
AF	0	0.513429	1	1	0	0	0	0	0
AF	0	0.513741	3	2	1	0	0	0	0
AF	0	0.514366	1	1	0	0	0	0	0
AF	0	0.515615	5	2	3	0	0	0	0
AF	0	0.515928	2	1	1	0	0	0	0
AF	0	0.516240	2	1	1	0	0	0	0
AF	0	0.516552	1	0	1	0	0	0	0
AF	0	0.517177	2	1	1	0	0	0	0
AF	0	0.517801	1	1	0	0	0	0	0
AF	0	0.518114	1	1	0	0	0	0	0
AF	0	0.518426	1	1	0	0	0	0	0
AF	0	0.518738	2	2	0	0	0	0	0
AF	0	0.519363	1	0	1	0	0	0	0
AF	0	0.519988	2	1	1	0	0	0	0
AF	0	0.520300	1	0	1	0	0	0	0
AF	0	0.520612	2	2	0	0	0	0	0
AF	0	0.520924	1	1	0	0	0	0	0
AF	0	0.521237	1	0	1	0	0	0	0
AF	0	0.521549	2	0	2	0	0	0	0
AF	0	0.521861	2	2	0	0	0	0	0
AF	0	0.522174	2	0	2	0	0	0	0
AF	0	0.522486	2	1	1	0	0	0	0
AF	0	0.522798	1	1	0	0	0	0	0
AF	0	0.523111	2	1	1	0	0	0	0
AF	0	0.523423	2	1	1	0	0	0	0
AF	0	0.523735	1	1	0	0	0	0	0
AF	0	0.524047	1	1	0	0	0	0	0
AF	0	0.524360	2	2	0	0	0	0	0
AF	0	0.524672	2	0	2	0	0	0	0
AF	0	0.524984	1	1	0	0	0	0	0
AF	0	0.525297	1	1	0	0	0	0	0
AF	0	0.525921	3	3	0	0	0	0	0
AF	0	0.526234	3	2	1	0	0	0	0
AF	0	0.526858	2	1	1	0	0	0	0
AF	0	0.527795	1	1	0	0	0	0	0
AF	0	0.528107	5	3	2	0	0	0	0
AF	0	0.528420	3	2	1	0	0	0	0
AF	0	0.528732	5	2	3	0	0	0	0
AF	0	0.529044	3	3	0	0	0	0	0
AF	0	0.529357	2	2	0	0	0	0	0
AF	0	0.529669	1	1	0	0	0	0	0
AF	0	0.529981	2	2	0	0	0	0	0
AF	0	0.530918	1	0	1	0	0	0	0
AF	0	0.531230	1	1	0	0	0	0	0
AF	0	0.531855	4	2	2	0	0	0	0
AF	0	0.532167	1	1	0	0	0	0	0
AF	0	0.532480	2	1	1	0	0	0	0
AF	0	0.533104	3	2	1	0	0	0	0
AF	0	0.534041	1	1	0	0	0	0	0
AF	0	0.534354	2	2	0	0	0	0	0
AF	0	0.534666	2	0	2	0	0	0	0
AF	0	0.535290	1	1	0	0	0	0	0
AF	0	0.535603	1	0	1	0	0	0	0
AF	0	0.535915	1	1	0	0	0	0	0
AF	0	0.536227	1	1	0	0	0	0	0
AF	0	0.537164	1	1	0	0	0	0	0
AF	0	0.537789	1	1	0	0	0	0	0
AF	0	0.538101	1	0	1	0	0	0	0
AF	0	0.538413	2	1	1	0	0	0	0
AF	0	0.539038	4	2	2	0	0	0	0
AF	0	0.539350	4	2	2	0	0	0	0
AF	0	0.539663	1	1	0	0	0	0	0
AF	0	0.539975	4	2	2	0	0	0	0
AF	0	0.540287	5	2	3	0	0	0	0
AF	0	0.540600	4	2	2	0	0	0	0
AF	0	0.540912	4	2	2	0	0	0	0
AF	0	0.541224	3	1	2	0	0	0	0
AF	0	0.541537	4	3	1	0	0	0	0
AF	0	0.541849	2	2	0	0	0	0	0
AF	0	0.542161	2	2	0	0	0	0	0
AF	0	0.542473	3	3	0	0	0	0	0
AF	0	0.543098	1	1	0	0	0	0	0
AF	0	0.543410	1	1	0	0	0	0	0
AF	0	0.544035	1	1	0	0	0	0	0
AF	0	0.544972	1	1	0	0	0	0	0
AF	0	0.545597	3	2	1	0	0	0	0
AF	0	0.545909	1	1	0	0	0	0	0
AF	0	0.546221	2	2	0	0	0	0	0
AF	0	0.546846	1	0	1	0	0	0	0
AF	0	0.551218	1	0	1	0	0	0	0
AF	0	0.551530	1	1	0	0	0	0	0
AF	0	0.551843	3	3	0	0	0	0	0
AF	0	0.552155	1	1	0	0	0	0	0
AF	0	0.552467	2	2	0	0	0	0	0
AF	0	0.553092	2	1	1	0	0	0	0
AF	0	0.553716	1	0	1	0	0	0	0
AF	0	0.554341	1	1	0	0	0	0	0
AF	0	0.554653	1	1	0	0	0	0	0
AF	0	0.554966	2	2	0	0	0	0	0
AF	0	0.555903	2	1	1	0	0	0	0
AF	0	0.556527	1	1	0	0	0	0	0
AF	0	0.556839	1	0	1	0	0	0	0
AF	0	0.557152	1	1	0	0	0	0	0
AF	0	0.557776	2	0	2	0	0	0	0
AF	0	0.558401	1	1	0	0	0	0	0
AF	0	0.559026	2	2	0	0	0	0	0
AF	0	0.559963	1	1	0	0	0	0	0
AF	0	0.560275	1	1	0	0	0	0	0
AF	0	0.560587	1	1	0	0	0	0	0
AF	0	0.560899	2	1	1	0	0	0	0
AF	0	0.561524	1	1	0	0	0	0	0
AF	0	0.561836	1	1	0	0	0	0	0
AF	0	0.562149	1	1	0	0	0	0	0
AF	0	0.562461	2	1	1	0	0	0	0
AF	0	0.562773	1	1	0	0	0	0	0
AF	0	0.563086	2	2	0	0	0	0	0
AF	0	0.563398	1	0	1	0	0	0	0
AF	0	0.564647	1	1	0	0	0	0	0
AF	0	0.564959	2	1	1	0	0	0	0
AF	0	0.565272	1	1	0	0	0	0	0
AF	0	0.565584	3	2	1	0	0	0	0
AF	0	0.565896	1	1	0	0	0	0	0
AF	0	0.566521	1	1	0	0	0	0	0
AF	0	0.566833	1	1	0	0	0	0	0
AF	0	0.567770	1	0	1	0	0	0	0
AF	0	0.568707	1	1	0	0	0	0	0
AF	0	0.570893	1	1	0	0	0	0	0
AF	0	0.571518	1	1	0	0	0	0	0
AF	0	0.571830	3	2	1	0	0	0	0
AF	0	0.572142	5	5	0	0	0	0	0
AF	0	0.572455	1	1	0	0	0	0	0
AF	0	0.574329	1	1	0	0	0	0	0
AF	0	0.576827	1	0	1	0	0	0	0
AF	0	0.577139	1	1	0	0	0	0	0
AF	0	0.577764	1	1	0	0	0	0	0
AF	0	0.578076	1	1	0	0	0	0	0
AF	0	0.582761	1	1	0	0	0	0	0
AF	0	0.583385	1	1	0	0	0	0	0
AF	0	0.584635	2	1	1	0	0	0	0
AF	0	0.585259	2	2	0	0	0	0	0
AF	0	0.585884	1	0	1	0	0	0	0
AF	0	0.586508	1	1	0	0	0	0	0
AF	0	0.587133	1	1	0	0	0	0	0
AF	0	0.587758	1	1	0	0	0	0	0
AF	0	0.588382	2	2	0	0	0	0	0
AF	0	0.589007	1	1	0	0	0	0	0
AF	0	0.590256	1	1	0	0	0	0	0
AF	0	0.591505	1	0	1	0	0	0	0
AF	0	0.591818	1	0	1	0	0	0	0
AF	0	0.593067	1	1	0	0	0	0	0
AF	0	0.597751	1	1	0	0	0	0	0
AF	0	0.607433	1	1	0	0	0	0	0
AF	0	0.608682	1	0	1	0	0	0	0
AF	0	0.618051	2	2	0	0	0	0	0
AF	0	0.620237	1	0	1	0	0	0	0
AF	0	0.621487	1	1	0	0	0	0	0
AF	0	0.622111	2	1	1	0	0	0	0
AF	0	0.624922	1	1	0	0	0	0	0
AF	0	0.630856	1	1	0	0	0	0	0
AF	0	0.632730	1	1	0	0	0	0	0
AF	0	0.634291	2	1	1	0	0	0	0
AF	0	0.634603	1	0	1	0	0	0	0
AF	0	0.635228	1	1	0	0	0	0	0
AF	0	0.636165	1	1	0	0	0	0	0
AF	0	0.637726	1	1	0	0	0	0	0
AF	0	0.638351	1	0	1	0	0	0	0
AF	0	0.638976	1	1	0	0	0	0	0
AF	0	0.639913	1	1	0	0	0	0	0
AF	0	0.642411	2	1	1	0	0	0	0
AF	0	0.645534	1	0	1	0	0	0	0
AF	0	0.647408	1	1	0	0	0	0	0
AF	0	0.647720	1	1	0	0	0	0	0
AF	0	0.648345	2	0	2	0	0	0	0
AF	0	0.650219	1	0	1	0	0	0	0
AF	0	0.652092	3	1	2	0	0	0	0
AF	0	0.652405	1	1	0	0	0	0	0
AF	0	0.653029	2	2	0	0	0	0	0
AF	0	0.658339	3	3	0	0	0	0	0
AF	0	0.658963	1	1	0	0	0	0	0
AF	0	0.660525	2	2	0	0	0	0	0
AF	0	0.663960	1	0	1	0	0	0	0
AF	0	0.664897	1	1	0	0	0	0	0
AF	0	0.670518	1	0	1	0	0	0	0
AF	0	0.674891	3	3	0	0	0	0	0
AF	0	0.675203	3	2	1	0	0	0	0
AF	0	0.675515	1	1	0	0	0	0	0
AF	0	0.677077	1	1	0	0	0	0	0
AF	0	0.677389	2	0	2	0	0	0	0
AF	0	0.678638	1	1	0	0	0	0	0
AF	0	0.680512	1	0	1	0	0	0	0
AF	0	0.682698	1	1	0	0	0	0	0
AF	0	0.683011	1	0	1	0	0	0	0
AF	0	0.683323	1	1	0	0	0	0	0
AF	0	0.689881	1	1	0	0	0	0	0
AF	0	0.690506	2	1	1	0	0	0	0
AF	0	0.691755	1	1	0	0	0	0	0
AF	0	0.692067	1	0	1	0	0	0	0
AF	0	0.692380	3	2	1	0	0	0	0
AF	0	0.692692	6	3	3	0	0	0	0
AF	0	0.693004	13	11	2	0	0	0	0
AF	0	0.693317	12	10	2	0	0	0	0
AF	0	0.693629	11	10	1	0	0	0	0
AF	0	0.693941	2	1	1	0	0	0	0
AF	0	0.694254	6	3	3	0	0	0	0
AF	0	0.694566	2	1	1	0	0	0	0
AF	0	0.694878	5	4	1	0	0	0	0
AF	0	0.695191	4	2	2	0	0	0	0
AF	0	0.695503	3	3	0	0	0	0	0
AF	0	0.696440	1	1	0	0	0	0	0
AF	0	0.702374	1	0	1	0	0	0	0
AF	0	0.702686	1	1	0	0	0	0	0
AF	0	0.702998	1	1	0	0	0	0	0
AF	0	0.704247	1	1	0	0	0	0	0
AF	0	0.706121	1	1	0	0	0	0	0
AF	0	0.707370	1	1	0	0	0	0	0
AF	0	0.710493	1	0	1	0	0	0	0
AF	0	0.721112	1	0	1	0	0	0	0
AF	0	0.721424	1	1	0	0	0	0	0
AF	0	0.722673	1	1	0	0	0	0	0
AF	0	0.726733	1	1	0	0	0	0	0
AF	0	0.727983	1	1	0	0	0	0	0
AF	0	0.734229	1	1	0	0	0	0	0
AF	0	0.741099	1	1	0	0	0	0	0
AF	0	0.746408	1	1	0	0	0	0	0
AF	0	0.753279	1	1	0	0	0	0	0
AF	0	0.767958	1	0	1	0	0	0	0
AF	0	0.773267	1	1	0	0	0	0	0
AF	0	0.774204	1	1	0	0	0	0	0
AF	0	0.777639	1	1	0	0	0	0	0
AF	0	0.779825	1	1	0	0	0	0	0
AF	0	0.784822	2	1	1	0	0	0	0
AF	0	0.785134	1	1	0	0	0	0	0
AF	0	0.792005	1	1	0	0	0	0	0
AF	0	0.793254	1	1	0	0	0	0	0
AF	0	0.793879	1	1	0	0	0	0	0
AF	0	0.798251	3	2	1	0	0	0	0
AF	0	0.800437	2	2	0	0	0	0	0
AF	0	0.800750	3	2	1	0	0	0	0
AF	0	0.801686	1	1	0	0	0	0	0
AF	0	0.803248	2	2	0	0	0	0	0
AF	0	0.805122	1	1	0	0	0	0	0
AF	0	0.806371	1	1	0	0	0	0	0
AF	0	0.806683	1	1	0	0	0	0	0
AF	0	0.807620	1	1	0	0	0	0	0
AF	0	0.808245	2	2	0	0	0	0	0
AF	0	0.808557	1	1	0	0	0	0	0
AF	0	0.808869	2	1	1	0	0	0	0
AF	0	0.812305	1	1	0	0	0	0	0
AF	0	0.818551	1	0	1	0	0	0	0
AF	0	0.818863	1	0	1	0	0	0	0
AF	0	0.821986	2	2	0	0	0	0	0
AF	0	0.825109	1	0	1	0	0	0	0
AF	0	0.825734	2	1	1	0	0	0	0
AF	0	0.826359	1	1	0	0	0	0	0
AF	0	0.826983	1	1	0	0	0	0	0
AF	0	0.827608	1	1	0	0	0	0	0
AF	0	0.829482	1	1	0	0	0	0	0
AF	0	0.830106	1	0	1	0	0	0	0
AF	0	0.830418	1	1	0	0	0	0	0
AF	0	0.830731	2	1	1	0	0	0	0
AF	0	0.831980	1	1	0	0	0	0	0
AF	0	0.832605	1	0	1	0	0	0	0
AF	0	0.833542	2	0	2	0	0	0	0
AF	0	0.835415	1	0	1	0	0	0	0
AF	0	0.836977	1	1	0	0	0	0	0
AF	0	0.837601	1	1	0	0	0	0	0
AF	0	0.837914	1	1	0	0	0	0	0
AF	0	0.840100	1	1	0	0	0	0	0
AF	0	0.841349	1	1	0	0	0	0	0
AF	0	0.844472	1	0	1	0	0	0	0
AF	0	0.848532	1	0	1	0	0	0	0
AF	0	0.850094	1	1	0	0	0	0	0
AF	0	0.850406	1	1	0	0	0	0	0
AF	0	0.851343	2	2	0	0	0	0	0
AF	0	0.854778	1	1	0	0	0	0	0
AF	0	0.855403	1	1	0	0	0	0	0
AF	0	0.857901	1	0	1	0	0	0	0
AF	0	0.858214	1	1	0	0	0	0	0
AF	0	0.858838	1	1	0	0	0	0	0
AF	0	0.859463	1	1	0	0	0	0	0
AF	0	0.860400	1	1	0	0	0	0	0
AF	0	0.861649	1	1	0	0	0	0	0
AF	0	0.861961	1	1	0	0	0	0	0
AF	0	0.866334	1	1	0	0	0	0	0
AF	0	0.868520	1	0	1	0	0	0	0
AF	0	0.875703	1	0	1	0	0	0	0
AF	0	0.889132	1	0	1	0	0	0	0
AF	0	0.889444	2	2	0	0	0	0	0
AF	0	0.893504	1	0	1	0	0	0	0
AF	0	0.893816	1	1	0	0	0	0	0
AF	0	0.894129	2	2	0	0	0	0	0
AF	0	0.894753	1	1	0	0	0	0	0
AF	0	0.895066	2	2	0	0	0	0	0
AF	0	0.895378	2	0	2	0	0	0	0
AF	0	0.896002	1	1	0	0	0	0	0
AF	0	0.897252	1	1	0	0	0	0	0
AF	0	0.903498	1	0	1	0	0	0	0
AF	0	0.909119	1	0	1	0	0	0	0
AF	0	0.912242	2	2	0	0	0	0	0
AF	0	0.913492	1	1	0	0	0	0	0
AF	0	0.914741	1	0	1	0	0	0	0
AF	0	0.947533	1	1	0	0	0	0	0
AF	0	0.947845	1	0	1	0	0	0	0
AF	0	0.962836	1	1	0	0	0	0	0
AF	0	0.971268	1	1	0	0	0	0	0
AF	0	0.974703	1	1	0	0	0	0	0
AF	0	0.975328	1	0	1	0	0	0	0
AF	0	0.975953	1	0	1	0	0	0	0
AF	0	0.976265	1	1	0	0	0	0	0
AF	0	0.979076	3	1	2	0	0	0	0
AF	0	0.979700	1	1	0	0	0	0	0
AF	0	0.982823	1	1	0	0	0	0	0
AF	0	0.984385	1	1	0	0	0	0	0
AF	0	0.985946	1	1	0	0	0	0	0
AF	0	0.990006	1	1	0	0	0	0	0
AF	0	0.992192	2	0	2	0	0	0	0
AF	0	0.992817	2	0	2	0	0	0	0
AF	0	0.994066	1	0	1	0	0	0	0
AF	0	0.994379	1	1	0	0	0	0	0
AF	0	0.994691	1	1	0	0	0	0	0
AF	0	0.995003	2	2	0	0	0	0	0
AF	0	0.995315	3	3	0	0	0	0	0
AF	0	0.995628	2	0	2	0	0	0	0
AF	0	0.996565	3	3	0	0	0	0	0
AF	0	0.997189	1	1	0	0	0	0	0
AF	0	0.997814	1	1	0	0	0	0	0
AF	0	0.998438	3	2	1	0	0	0	0
# QUAL, Stats by quality
# QUAL	[2]id	[3]Quality	[4]number of SNPs	[5]number of transitions (1st ALT)	[6]number of transversions (1st ALT)	[7]number of indels
QUAL	0	.	14843	10128	4715	0
# IDD, InDel distribution:
# IDD	[2]id	[3]length (deletions negative)	[4]number of sites	[5]number of genotypes	[6]mean VAF
# ST, Substitution types:
# ST	[2]id	[3]type	[4]count
ST	0	A>C	530
ST	0	A>G	2086
ST	0	A>T	526
ST	0	C>A	762
ST	0	C>G	564
ST	0	C>T	2851
ST	0	G>A	2885
ST	0	G>C	612
ST	0	G>T	639
ST	0	T>A	567
ST	0	T>C	2306
ST	0	T>G	515
# DP, Depth distribution
# DP	[2]id	[3]bin	[4]number of genotypes	[5]fraction of genotypes (%)	[6]number of sites	[7]fraction of sites (%)
  - Fix haploid genotypes in males...

Submit MakeDiploidMalesX finished successfully. Let's have a beer, buddy!

