Submit MakeDiploidMalesX
version 1.1.6 (2024-09-30)

These are the settings:
  Input file................: /hpc/local/Rocky8/dhl_ec/software/MonopogenLite/resources/1kGP_high_coverage_Illumina.SNVonly_poly.filtered_AF_5e-04.norm.fixvariantid.chrX.vcf.gz
  Output file...............: /hpc/local/Rocky8/dhl_ec/software/MonopogenLite/resources/1kGP_high_coverage_Illumina.SNVonly_poly.filtered_AF_5e-04.norm.fixvariantid.makediploid.chrX.vcf.gz
  Chunk size................: 100

  SLURM CPUs................: 4
  SLURM Array ID............: 84 (of 100)
  SLURM memory..............: 16G
  SLURM time................: 01:00:00
  SLURM mail type...........: FAIL
  SLURM mail user...........: s.w.vanderlaan-2@umcutrecht.nl

  Dry run mode..............: 0
  Debug mode................: 1
  Verbosity.................: 0
  Version...................: 1.1.6 (2024-09-30)

Making converting haploid genotypes to diploid genotypes.
> Extract the region for this SLURM task (# 84) from the BED file.
  - Get the chunk number from the SLURM array task ID and the bed file...
DEBUG: Extracting chunk number: 84p from 84
DEBUG: Extracting region from BED file: /hpc/local/Rocky8/dhl_ec/software/MonopogenLite/resources/chrX_100pieces.bed
  - Extract the region from the BED file...
DEBUG: Extracted raw region: 'chrX	129513865	131074272' (chunk #: 84p of 100 for job 84)
  - Check if a valid region was extracted -- should be 'chrX	129513865	131074272'...
  - Prepare the region for bcftools...
  - Check if the region (chrX:129513865-131074272) was successfully extracted...
> Processing region 'chrX:129513865-131074272'...
  - Process the specific region (chunk# 84) using bcftools view...
  - Index the VCF file...
DEBUG: Check if the VCF file was successfully processed...
##fileformat=VCFv4.2
##FILTER=<ID=PASS,Description="All filters passed">
##fileDate=29/01/2022 - 14:31:41
##source=shapeit4.2.2
##contig=<ID=chr1,length=248956422>
##contig=<ID=chr2,length=242193529>
##contig=<ID=chr3,length=198295559>
##contig=<ID=chr4,length=190214555>
##contig=<ID=chr5,length=181538259>
##contig=<ID=chr6,length=170805979>
# This file was produced by bcftools stats (1.20+htslib-1.20) and can be plotted using plot-vcfstats.
# The command line was:	bcftools stats  /hpc/local/Rocky8/dhl_ec/software/MonopogenLite/resources/chrX.part84.vcf.gz
#
# Definition of sets:
# ID	[2]id	[3]tab-separated file names
ID	0	/hpc/local/Rocky8/dhl_ec/software/MonopogenLite/resources/chrX.part84.vcf.gz
# SN, Summary numbers:
#   number of records   .. number of data rows in the VCF
#   number of no-ALTs   .. reference-only sites, ALT is either "." or identical to REF
#   number of SNPs      .. number of rows with a SNP
#   number of MNPs      .. number of rows with a MNP, such as CC>TT
#   number of indels    .. number of rows with an indel
#   number of others    .. number of rows with other type, for example a symbolic allele or
#                          a complex substitution, such as ACT>TCGA
#   number of multiallelic sites     .. number of rows with multiple alternate alleles
#   number of multiallelic SNP sites .. number of rows with multiple alternate alleles, all SNPs
# 
#   Note that rows containing multiple types will be counted multiple times, in each
#   counter. For example, a row with a SNP and an indel increments both the SNP and
#   the indel counter.
# 
# SN	[2]id	[3]key	[4]value
SN	0	number of samples:	3202
SN	0	number of records:	13910
SN	0	number of no-ALTs:	0
SN	0	number of SNPs:	13910
SN	0	number of MNPs:	0
SN	0	number of indels:	0
SN	0	number of others:	0
SN	0	number of multiallelic sites:	0
SN	0	number of multiallelic SNP sites:	0
# TSTV, transitions/transversions:
# TSTV	[2]id	[3]ts	[4]tv	[5]ts/tv	[6]ts (1st ALT)	[7]tv (1st ALT)	[8]ts/tv (1st ALT)
TSTV	0	9634	4276	2.25	9634	4276	2.25
# SiS, Singleton stats:
# SiS	[2]id	[3]allele count	[4]number of SNPs	[5]number of transitions	[6]number of transversions	[7]number of indels	[8]repeat-consistent	[9]repeat-inconsistent	[10]not applicable
SiS	0	1	0	0	0	0	0	0	0
# AF, Stats by non-reference allele frequency:
# AF	[2]id	[3]allele frequency	[4]number of SNPs	[5]number of transitions	[6]number of transversions	[7]number of indels	[8]repeat-consistent	[9]repeat-inconsistent	[10]not applicable
AF	0	0.000312	2447	1726	721	0	0	0	0
AF	0	0.000625	1381	969	412	0	0	0	0
AF	0	0.000937	1546	1092	454	0	0	0	0
AF	0	0.001249	484	332	152	0	0	0	0
AF	0	0.001562	782	534	248	0	0	0	0
AF	0	0.001874	272	191	81	0	0	0	0
AF	0	0.002186	633	433	200	0	0	0	0
AF	0	0.002498	209	147	62	0	0	0	0
AF	0	0.002811	419	280	139	0	0	0	0
AF	0	0.003123	219	142	77	0	0	0	0
AF	0	0.003435	354	235	119	0	0	0	0
AF	0	0.003748	144	95	49	0	0	0	0
AF	0	0.004060	291	201	90	0	0	0	0
AF	0	0.004372	123	95	28	0	0	0	0
AF	0	0.004685	227	156	71	0	0	0	0
AF	0	0.004997	83	56	27	0	0	0	0
AF	0	0.005309	162	109	53	0	0	0	0
AF	0	0.005621	52	46	6	0	0	0	0
AF	0	0.005934	126	90	36	0	0	0	0
AF	0	0.006246	53	38	15	0	0	0	0
AF	0	0.006558	114	73	41	0	0	0	0
AF	0	0.006871	45	32	13	0	0	0	0
AF	0	0.007183	102	74	28	0	0	0	0
AF	0	0.007495	55	34	21	0	0	0	0
AF	0	0.007808	94	64	30	0	0	0	0
AF	0	0.008120	39	26	13	0	0	0	0
AF	0	0.008432	88	56	32	0	0	0	0
AF	0	0.008745	40	22	18	0	0	0	0
AF	0	0.009057	82	59	23	0	0	0	0
AF	0	0.009369	66	47	19	0	0	0	0
AF	0	0.009681	101	66	35	0	0	0	0
AF	0	0.009994	35	23	12	0	0	0	0
AF	0	0.010306	70	46	24	0	0	0	0
AF	0	0.010618	29	18	11	0	0	0	0
AF	0	0.010931	42	28	14	0	0	0	0
AF	0	0.011243	19	12	7	0	0	0	0
AF	0	0.011555	34	24	10	0	0	0	0
AF	0	0.011868	30	23	7	0	0	0	0
AF	0	0.012180	59	34	25	0	0	0	0
AF	0	0.012492	24	19	5	0	0	0	0
AF	0	0.012804	34	29	5	0	0	0	0
AF	0	0.013117	27	16	11	0	0	0	0
AF	0	0.013429	34	23	11	0	0	0	0
AF	0	0.013741	19	13	6	0	0	0	0
AF	0	0.014054	30	22	8	0	0	0	0
AF	0	0.014366	17	12	5	0	0	0	0
AF	0	0.014678	35	26	9	0	0	0	0
AF	0	0.014991	34	29	5	0	0	0	0
AF	0	0.015303	29	18	11	0	0	0	0
AF	0	0.015615	12	11	1	0	0	0	0
AF	0	0.015928	28	17	11	0	0	0	0
AF	0	0.016240	15	12	3	0	0	0	0
AF	0	0.016552	29	19	10	0	0	0	0
AF	0	0.016864	17	9	8	0	0	0	0
AF	0	0.017177	30	17	13	0	0	0	0
AF	0	0.017489	13	8	5	0	0	0	0
AF	0	0.017801	25	21	4	0	0	0	0
AF	0	0.018114	10	5	5	0	0	0	0
AF	0	0.018426	17	11	6	0	0	0	0
AF	0	0.018738	20	14	6	0	0	0	0
AF	0	0.019051	14	10	4	0	0	0	0
AF	0	0.019363	6	5	1	0	0	0	0
AF	0	0.019675	9	6	3	0	0	0	0
AF	0	0.019988	7	7	0	0	0	0	0
AF	0	0.020300	24	18	6	0	0	0	0
AF	0	0.020612	13	7	6	0	0	0	0
AF	0	0.020924	19	16	3	0	0	0	0
AF	0	0.021237	6	5	1	0	0	0	0
AF	0	0.021549	17	10	7	0	0	0	0
AF	0	0.021861	3	3	0	0	0	0	0
AF	0	0.022174	10	6	4	0	0	0	0
AF	0	0.022486	13	7	6	0	0	0	0
AF	0	0.022798	16	9	7	0	0	0	0
AF	0	0.023111	6	6	0	0	0	0	0
AF	0	0.023423	22	17	5	0	0	0	0
AF	0	0.023735	10	7	3	0	0	0	0
AF	0	0.024047	20	17	3	0	0	0	0
AF	0	0.024360	13	10	3	0	0	0	0
AF	0	0.024672	25	13	12	0	0	0	0
AF	0	0.024984	18	14	4	0	0	0	0
AF	0	0.025297	14	11	3	0	0	0	0
AF	0	0.025609	5	4	1	0	0	0	0
AF	0	0.025921	12	8	4	0	0	0	0
AF	0	0.026234	4	3	1	0	0	0	0
AF	0	0.026546	25	16	9	0	0	0	0
AF	0	0.026858	4	2	2	0	0	0	0
AF	0	0.027171	9	2	7	0	0	0	0
AF	0	0.027483	4	3	1	0	0	0	0
AF	0	0.027795	11	8	3	0	0	0	0
AF	0	0.028107	1	0	1	0	0	0	0
AF	0	0.028420	8	5	3	0	0	0	0
AF	0	0.028732	3	2	1	0	0	0	0
AF	0	0.029044	6	4	2	0	0	0	0
AF	0	0.029357	4	2	2	0	0	0	0
AF	0	0.029669	8	4	4	0	0	0	0
AF	0	0.029981	5	2	3	0	0	0	0
AF	0	0.030294	10	7	3	0	0	0	0
AF	0	0.030606	1	1	0	0	0	0	0
AF	0	0.030918	16	14	2	0	0	0	0
AF	0	0.031230	7	7	0	0	0	0	0
AF	0	0.031543	2	1	1	0	0	0	0
AF	0	0.031855	3	3	0	0	0	0	0
AF	0	0.032167	7	6	1	0	0	0	0
AF	0	0.032480	15	11	4	0	0	0	0
AF	0	0.032792	7	7	0	0	0	0	0
AF	0	0.033104	3	1	2	0	0	0	0
AF	0	0.033417	9	6	3	0	0	0	0
AF	0	0.033729	3	3	0	0	0	0	0
AF	0	0.034041	9	8	1	0	0	0	0
AF	0	0.034354	5	3	2	0	0	0	0
AF	0	0.034666	14	10	4	0	0	0	0
AF	0	0.034978	4	3	1	0	0	0	0
AF	0	0.035290	3	3	0	0	0	0	0
AF	0	0.035603	5	1	4	0	0	0	0
AF	0	0.035915	3	1	2	0	0	0	0
AF	0	0.036227	1	1	0	0	0	0	0
AF	0	0.036540	11	7	4	0	0	0	0
AF	0	0.036852	6	5	1	0	0	0	0
AF	0	0.037164	4	3	1	0	0	0	0
AF	0	0.037477	3	2	1	0	0	0	0
AF	0	0.037789	8	5	3	0	0	0	0
AF	0	0.038101	3	2	1	0	0	0	0
AF	0	0.038413	9	6	3	0	0	0	0
AF	0	0.038726	4	2	2	0	0	0	0
AF	0	0.039038	5	3	2	0	0	0	0
AF	0	0.039350	5	3	2	0	0	0	0
AF	0	0.039663	5	4	1	0	0	0	0
AF	0	0.039975	3	2	1	0	0	0	0
AF	0	0.040287	5	3	2	0	0	0	0
AF	0	0.040600	1	1	0	0	0	0	0
AF	0	0.040912	6	3	3	0	0	0	0
AF	0	0.041537	8	4	4	0	0	0	0
AF	0	0.041849	1	1	0	0	0	0	0
AF	0	0.042161	5	1	4	0	0	0	0
AF	0	0.042473	5	3	2	0	0	0	0
AF	0	0.042786	10	8	2	0	0	0	0
AF	0	0.043098	5	3	2	0	0	0	0
AF	0	0.043410	5	4	1	0	0	0	0
AF	0	0.044035	2	2	0	0	0	0	0
AF	0	0.044347	4	4	0	0	0	0	0
AF	0	0.044660	8	4	4	0	0	0	0
AF	0	0.044972	2	1	1	0	0	0	0
AF	0	0.045284	5	2	3	0	0	0	0
AF	0	0.045597	5	4	1	0	0	0	0
AF	0	0.045909	5	2	3	0	0	0	0
AF	0	0.046221	9	6	3	0	0	0	0
AF	0	0.046533	6	6	0	0	0	0	0
AF	0	0.046846	3	2	1	0	0	0	0
AF	0	0.047158	20	16	4	0	0	0	0
AF	0	0.047470	4	2	2	0	0	0	0
AF	0	0.047783	7	5	2	0	0	0	0
AF	0	0.048095	2	1	1	0	0	0	0
AF	0	0.048407	3	1	2	0	0	0	0
AF	0	0.048720	4	1	3	0	0	0	0
AF	0	0.049032	13	8	5	0	0	0	0
AF	0	0.049344	9	9	0	0	0	0	0
AF	0	0.049656	7	6	1	0	0	0	0
AF	0	0.049969	3	3	0	0	0	0	0
AF	0	0.050281	12	8	4	0	0	0	0
AF	0	0.050593	2	0	2	0	0	0	0
AF	0	0.050906	5	4	1	0	0	0	0
AF	0	0.051218	1	0	1	0	0	0	0
AF	0	0.051530	7	6	1	0	0	0	0
AF	0	0.052155	10	6	4	0	0	0	0
AF	0	0.052467	1	0	1	0	0	0	0
AF	0	0.052780	6	3	3	0	0	0	0
AF	0	0.053404	2	1	1	0	0	0	0
AF	0	0.053716	4	0	4	0	0	0	0
AF	0	0.054029	4	4	0	0	0	0	0
AF	0	0.054341	5	4	1	0	0	0	0
AF	0	0.054653	2	0	2	0	0	0	0
AF	0	0.054966	1	1	0	0	0	0	0
AF	0	0.055278	7	4	3	0	0	0	0
AF	0	0.055590	1	1	0	0	0	0	0
AF	0	0.056215	1	0	1	0	0	0	0
AF	0	0.056527	5	3	2	0	0	0	0
AF	0	0.056839	1	0	1	0	0	0	0
AF	0	0.057152	1	0	1	0	0	0	0
AF	0	0.057464	3	3	0	0	0	0	0
AF	0	0.057776	4	3	1	0	0	0	0
AF	0	0.058089	3	3	0	0	0	0	0
AF	0	0.058401	7	5	2	0	0	0	0
AF	0	0.058713	1	1	0	0	0	0	0
AF	0	0.059026	6	5	1	0	0	0	0
AF	0	0.059338	5	4	1	0	0	0	0
AF	0	0.059650	4	3	1	0	0	0	0
AF	0	0.059963	3	2	1	0	0	0	0
AF	0	0.060275	6	5	1	0	0	0	0
AF	0	0.060587	1	1	0	0	0	0	0
AF	0	0.060899	5	2	3	0	0	0	0
AF	0	0.061212	3	2	1	0	0	0	0
AF	0	0.061524	2	2	0	0	0	0	0
AF	0	0.062149	2	1	1	0	0	0	0
AF	0	0.062461	3	2	1	0	0	0	0
AF	0	0.062773	6	4	2	0	0	0	0
AF	0	0.063086	2	2	0	0	0	0	0
AF	0	0.063398	1	0	1	0	0	0	0
AF	0	0.063710	2	2	0	0	0	0	0
AF	0	0.064022	1	1	0	0	0	0	0
AF	0	0.064335	3	2	1	0	0	0	0
AF	0	0.064647	3	3	0	0	0	0	0
AF	0	0.064959	2	2	0	0	0	0	0
AF	0	0.065272	4	2	2	0	0	0	0
AF	0	0.065584	1	1	0	0	0	0	0
AF	0	0.065896	3	3	0	0	0	0	0
AF	0	0.066521	1	1	0	0	0	0	0
AF	0	0.066833	7	6	1	0	0	0	0
AF	0	0.067146	3	3	0	0	0	0	0
AF	0	0.067458	2	2	0	0	0	0	0
AF	0	0.067770	1	1	0	0	0	0	0
AF	0	0.068082	2	0	2	0	0	0	0
AF	0	0.068395	4	3	1	0	0	0	0
AF	0	0.068707	3	3	0	0	0	0	0
AF	0	0.069019	4	4	0	0	0	0	0
AF	0	0.069332	2	1	1	0	0	0	0
AF	0	0.069644	15	11	4	0	0	0	0
AF	0	0.069956	8	4	4	0	0	0	0
AF	0	0.070269	20	17	3	0	0	0	0
AF	0	0.070581	4	3	1	0	0	0	0
AF	0	0.070893	2	1	1	0	0	0	0
AF	0	0.071205	3	2	1	0	0	0	0
AF	0	0.071518	2	1	1	0	0	0	0
AF	0	0.071830	1	0	1	0	0	0	0
AF	0	0.072142	2	2	0	0	0	0	0
AF	0	0.072767	7	6	1	0	0	0	0
AF	0	0.073392	6	4	2	0	0	0	0
AF	0	0.074016	2	1	1	0	0	0	0
AF	0	0.074329	1	1	0	0	0	0	0
AF	0	0.074641	3	1	2	0	0	0	0
AF	0	0.074953	1	1	0	0	0	0	0
AF	0	0.075265	2	1	1	0	0	0	0
AF	0	0.075890	1	1	0	0	0	0	0
AF	0	0.076515	3	3	0	0	0	0	0
AF	0	0.076827	4	1	3	0	0	0	0
AF	0	0.077452	1	0	1	0	0	0	0
AF	0	0.077764	5	4	1	0	0	0	0
AF	0	0.078076	2	2	0	0	0	0	0
AF	0	0.078389	2	1	1	0	0	0	0
AF	0	0.079638	2	1	1	0	0	0	0
AF	0	0.079950	1	1	0	0	0	0	0
AF	0	0.080262	1	0	1	0	0	0	0
AF	0	0.080887	1	1	0	0	0	0	0
AF	0	0.081512	2	1	1	0	0	0	0
AF	0	0.081824	3	3	0	0	0	0	0
AF	0	0.082136	4	1	3	0	0	0	0
AF	0	0.082448	1	1	0	0	0	0	0
AF	0	0.083385	4	2	2	0	0	0	0
AF	0	0.083698	2	2	0	0	0	0	0
AF	0	0.084010	1	1	0	0	0	0	0
AF	0	0.084635	2	2	0	0	0	0	0
AF	0	0.085259	1	1	0	0	0	0	0
AF	0	0.085884	1	1	0	0	0	0	0
AF	0	0.086196	2	0	2	0	0	0	0
AF	0	0.086508	2	1	1	0	0	0	0
AF	0	0.087758	1	1	0	0	0	0	0
AF	0	0.088070	3	2	1	0	0	0	0
AF	0	0.089631	2	2	0	0	0	0	0
AF	0	0.089944	1	0	1	0	0	0	0
AF	0	0.090256	2	0	2	0	0	0	0
AF	0	0.090568	1	1	0	0	0	0	0
AF	0	0.090881	1	0	1	0	0	0	0
AF	0	0.091193	1	1	0	0	0	0	0
AF	0	0.091505	3	3	0	0	0	0	0
AF	0	0.091818	1	1	0	0	0	0	0
AF	0	0.092130	1	0	1	0	0	0	0
AF	0	0.092442	2	1	1	0	0	0	0
AF	0	0.093379	1	1	0	0	0	0	0
AF	0	0.093691	1	1	0	0	0	0	0
AF	0	0.094316	1	1	0	0	0	0	0
AF	0	0.094628	3	2	1	0	0	0	0
AF	0	0.095253	1	0	1	0	0	0	0
AF	0	0.095565	1	1	0	0	0	0	0
AF	0	0.095878	1	0	1	0	0	0	0
AF	0	0.096190	1	1	0	0	0	0	0
AF	0	0.096502	2	0	2	0	0	0	0
AF	0	0.097127	1	1	0	0	0	0	0
AF	0	0.097439	1	1	0	0	0	0	0
AF	0	0.098376	1	1	0	0	0	0	0
AF	0	0.099001	1	0	1	0	0	0	0
AF	0	0.099313	1	0	1	0	0	0	0
AF	0	0.099625	1	1	0	0	0	0	0
AF	0	0.100562	1	1	0	0	0	0	0
AF	0	0.102748	1	1	0	0	0	0	0
AF	0	0.103061	1	1	0	0	0	0	0
AF	0	0.103373	1	1	0	0	0	0	0
AF	0	0.103998	4	3	1	0	0	0	0
AF	0	0.104622	1	0	1	0	0	0	0
AF	0	0.105247	1	0	1	0	0	0	0
AF	0	0.105559	2	2	0	0	0	0	0
AF	0	0.105871	2	2	0	0	0	0	0
AF	0	0.106496	4	2	2	0	0	0	0
AF	0	0.106808	1	0	1	0	0	0	0
AF	0	0.107121	3	3	0	0	0	0	0
AF	0	0.107433	1	0	1	0	0	0	0
AF	0	0.107745	2	1	1	0	0	0	0
AF	0	0.108057	1	1	0	0	0	0	0
AF	0	0.108370	3	3	0	0	0	0	0
AF	0	0.108682	1	1	0	0	0	0	0
AF	0	0.108994	5	4	1	0	0	0	0
AF	0	0.109619	1	1	0	0	0	0	0
AF	0	0.109931	1	0	1	0	0	0	0
AF	0	0.110244	4	3	1	0	0	0	0
AF	0	0.111805	1	1	0	0	0	0	0
AF	0	0.112430	1	1	0	0	0	0	0
AF	0	0.112742	1	1	0	0	0	0	0
AF	0	0.113054	2	1	1	0	0	0	0
AF	0	0.113679	3	3	0	0	0	0	0
AF	0	0.114304	2	2	0	0	0	0	0
AF	0	0.114616	2	2	0	0	0	0	0
AF	0	0.114928	2	1	1	0	0	0	0
AF	0	0.115240	1	1	0	0	0	0	0
AF	0	0.115553	1	0	1	0	0	0	0
AF	0	0.115865	3	1	2	0	0	0	0
AF	0	0.116177	9	5	4	0	0	0	0
AF	0	0.116802	2	2	0	0	0	0	0
AF	0	0.117114	1	1	0	0	0	0	0
AF	0	0.117427	8	7	1	0	0	0	0
AF	0	0.118051	2	2	0	0	0	0	0
AF	0	0.119300	2	2	0	0	0	0	0
AF	0	0.119613	1	1	0	0	0	0	0
AF	0	0.119925	2	2	0	0	0	0	0
AF	0	0.120237	2	2	0	0	0	0	0
AF	0	0.120550	3	1	2	0	0	0	0
AF	0	0.121174	1	1	0	0	0	0	0
AF	0	0.122111	3	1	2	0	0	0	0
AF	0	0.122423	3	1	2	0	0	0	0
AF	0	0.123048	3	3	0	0	0	0	0
AF	0	0.123673	5	4	1	0	0	0	0
AF	0	0.123985	1	1	0	0	0	0	0
AF	0	0.124297	1	1	0	0	0	0	0
AF	0	0.124610	3	3	0	0	0	0	0
AF	0	0.124922	3	2	1	0	0	0	0
AF	0	0.126171	4	3	1	0	0	0	0
AF	0	0.126483	2	2	0	0	0	0	0
AF	0	0.126796	1	1	0	0	0	0	0
AF	0	0.128045	1	1	0	0	0	0	0
AF	0	0.128357	1	1	0	0	0	0	0
AF	0	0.128982	1	0	1	0	0	0	0
AF	0	0.129294	5	2	3	0	0	0	0
AF	0	0.129606	2	1	1	0	0	0	0
AF	0	0.129919	1	0	1	0	0	0	0
AF	0	0.130231	1	1	0	0	0	0	0
AF	0	0.132105	1	1	0	0	0	0	0
AF	0	0.132417	1	0	1	0	0	0	0
AF	0	0.134603	3	2	1	0	0	0	0
AF	0	0.135853	1	0	1	0	0	0	0
AF	0	0.136165	4	4	0	0	0	0	0
AF	0	0.136790	1	1	0	0	0	0	0
AF	0	0.137726	2	2	0	0	0	0	0
AF	0	0.138039	1	0	1	0	0	0	0
AF	0	0.138663	3	0	3	0	0	0	0
AF	0	0.139288	4	4	0	0	0	0	0
AF	0	0.139600	1	1	0	0	0	0	0
AF	0	0.139913	1	1	0	0	0	0	0
AF	0	0.140225	1	1	0	0	0	0	0
AF	0	0.140537	2	0	2	0	0	0	0
AF	0	0.140849	1	1	0	0	0	0	0
AF	0	0.141786	1	0	1	0	0	0	0
AF	0	0.142099	1	1	0	0	0	0	0
AF	0	0.142411	3	2	1	0	0	0	0
AF	0	0.142723	1	1	0	0	0	0	0
AF	0	0.143660	1	0	1	0	0	0	0
AF	0	0.144285	2	1	1	0	0	0	0
AF	0	0.144909	1	1	0	0	0	0	0
AF	0	0.145222	1	1	0	0	0	0	0
AF	0	0.145534	1	1	0	0	0	0	0
AF	0	0.146159	1	1	0	0	0	0	0
AF	0	0.148032	1	0	1	0	0	0	0
AF	0	0.148657	1	1	0	0	0	0	0
AF	0	0.149282	2	2	0	0	0	0	0
AF	0	0.150531	1	1	0	0	0	0	0
AF	0	0.150843	1	1	0	0	0	0	0
AF	0	0.151780	1	0	1	0	0	0	0
AF	0	0.152717	1	1	0	0	0	0	0
AF	0	0.153029	1	1	0	0	0	0	0
AF	0	0.153342	2	1	1	0	0	0	0
AF	0	0.153654	1	1	0	0	0	0	0
AF	0	0.153966	1	1	0	0	0	0	0
AF	0	0.154591	1	1	0	0	0	0	0
AF	0	0.154903	1	0	1	0	0	0	0
AF	0	0.155215	1	1	0	0	0	0	0
AF	0	0.155528	1	1	0	0	0	0	0
AF	0	0.155840	1	1	0	0	0	0	0
AF	0	0.156465	1	1	0	0	0	0	0
AF	0	0.157402	1	1	0	0	0	0	0
AF	0	0.157714	2	1	1	0	0	0	0
AF	0	0.158339	2	1	1	0	0	0	0
AF	0	0.159900	2	2	0	0	0	0	0
AF	0	0.160525	1	1	0	0	0	0	0
AF	0	0.160837	1	1	0	0	0	0	0
AF	0	0.161149	5	4	1	0	0	0	0
AF	0	0.161774	2	1	1	0	0	0	0
AF	0	0.162086	2	0	2	0	0	0	0
AF	0	0.162399	2	1	1	0	0	0	0
AF	0	0.162711	1	0	1	0	0	0	0
AF	0	0.163648	1	0	1	0	0	0	0
AF	0	0.164272	1	1	0	0	0	0	0
AF	0	0.164585	5	4	1	0	0	0	0
AF	0	0.165522	3	2	1	0	0	0	0
AF	0	0.166146	1	1	0	0	0	0	0
AF	0	0.166771	2	0	2	0	0	0	0
AF	0	0.167395	1	0	1	0	0	0	0
AF	0	0.168645	3	1	2	0	0	0	0
AF	0	0.169269	2	1	1	0	0	0	0
AF	0	0.169894	2	1	1	0	0	0	0
AF	0	0.170206	1	1	0	0	0	0	0
AF	0	0.170518	1	1	0	0	0	0	0
AF	0	0.170831	1	1	0	0	0	0	0
AF	0	0.171143	2	2	0	0	0	0	0
AF	0	0.171455	1	1	0	0	0	0	0
AF	0	0.171768	1	1	0	0	0	0	0
AF	0	0.172080	1	1	0	0	0	0	0
AF	0	0.172705	1	1	0	0	0	0	0
AF	0	0.173641	1	1	0	0	0	0	0
AF	0	0.174578	1	1	0	0	0	0	0
AF	0	0.175515	1	0	1	0	0	0	0
AF	0	0.175828	1	1	0	0	0	0	0
AF	0	0.176140	1	0	1	0	0	0	0
AF	0	0.177389	1	0	1	0	0	0	0
AF	0	0.177701	1	1	0	0	0	0	0
AF	0	0.178014	3	3	0	0	0	0	0
AF	0	0.178951	1	0	1	0	0	0	0
AF	0	0.179575	1	1	0	0	0	0	0
AF	0	0.180200	1	1	0	0	0	0	0
AF	0	0.180512	1	0	1	0	0	0	0
AF	0	0.181137	1	1	0	0	0	0	0
AF	0	0.181449	1	0	1	0	0	0	0
AF	0	0.181761	1	1	0	0	0	0	0
AF	0	0.182074	1	1	0	0	0	0	0
AF	0	0.182698	1	1	0	0	0	0	0
AF	0	0.183635	1	1	0	0	0	0	0
AF	0	0.184260	1	1	0	0	0	0	0
AF	0	0.184884	1	1	0	0	0	0	0
AF	0	0.185197	1	0	1	0	0	0	0
AF	0	0.185509	4	3	1	0	0	0	0
AF	0	0.186134	1	0	1	0	0	0	0
AF	0	0.187071	1	1	0	0	0	0	0
AF	0	0.187383	1	1	0	0	0	0	0
AF	0	0.187695	1	0	1	0	0	0	0
AF	0	0.188007	5	4	1	0	0	0	0
AF	0	0.188320	1	1	0	0	0	0	0
AF	0	0.188632	2	1	1	0	0	0	0
AF	0	0.188944	1	0	1	0	0	0	0
AF	0	0.189257	1	0	1	0	0	0	0
AF	0	0.189569	1	1	0	0	0	0	0
AF	0	0.189881	2	1	1	0	0	0	0
AF	0	0.190194	1	0	1	0	0	0	0
AF	0	0.190506	1	1	0	0	0	0	0
AF	0	0.191755	1	1	0	0	0	0	0
AF	0	0.192067	1	1	0	0	0	0	0
AF	0	0.192380	1	1	0	0	0	0	0
AF	0	0.193629	2	1	1	0	0	0	0
AF	0	0.194878	1	1	0	0	0	0	0
AF	0	0.195191	1	1	0	0	0	0	0
AF	0	0.195503	2	2	0	0	0	0	0
AF	0	0.196440	1	1	0	0	0	0	0
AF	0	0.196752	1	1	0	0	0	0	0
AF	0	0.197064	1	1	0	0	0	0	0
AF	0	0.197377	2	1	1	0	0	0	0
AF	0	0.197689	1	0	1	0	0	0	0
AF	0	0.198314	1	0	1	0	0	0	0
AF	0	0.198938	3	3	0	0	0	0	0
AF	0	0.199250	1	1	0	0	0	0	0
AF	0	0.199563	3	2	1	0	0	0	0
AF	0	0.199875	5	5	0	0	0	0	0
AF	0	0.200187	1	1	0	0	0	0	0
AF	0	0.201124	1	0	1	0	0	0	0
AF	0	0.202686	1	0	1	0	0	0	0
AF	0	0.202998	2	1	1	0	0	0	0
AF	0	0.203310	1	0	1	0	0	0	0
AF	0	0.203623	1	1	0	0	0	0	0
AF	0	0.203935	2	2	0	0	0	0	0
AF	0	0.204247	1	0	1	0	0	0	0
AF	0	0.204560	1	0	1	0	0	0	0
AF	0	0.204872	1	1	0	0	0	0	0
AF	0	0.205184	2	0	2	0	0	0	0
AF	0	0.205497	6	3	3	0	0	0	0
AF	0	0.205809	9	6	3	0	0	0	0
AF	0	0.206121	1	1	0	0	0	0	0
AF	0	0.208620	1	0	1	0	0	0	0
AF	0	0.209244	2	1	1	0	0	0	0
AF	0	0.209869	1	0	1	0	0	0	0
AF	0	0.210493	1	0	1	0	0	0	0
AF	0	0.211118	1	1	0	0	0	0	0
AF	0	0.211743	2	2	0	0	0	0	0
AF	0	0.212367	1	1	0	0	0	0	0
AF	0	0.213929	1	1	0	0	0	0	0
AF	0	0.214241	3	1	2	0	0	0	0
AF	0	0.214866	3	2	1	0	0	0	0
AF	0	0.216115	1	1	0	0	0	0	0
AF	0	0.217364	2	1	1	0	0	0	0
AF	0	0.219238	4	1	3	0	0	0	0
AF	0	0.219550	1	1	0	0	0	0	0
AF	0	0.219863	3	2	1	0	0	0	0
AF	0	0.220175	1	0	1	0	0	0	0
AF	0	0.220487	5	5	0	0	0	0	0
AF	0	0.221112	1	0	1	0	0	0	0
AF	0	0.221736	2	2	0	0	0	0	0
AF	0	0.222049	3	2	1	0	0	0	0
AF	0	0.222673	2	0	2	0	0	0	0
AF	0	0.222986	1	1	0	0	0	0	0
AF	0	0.223923	1	0	1	0	0	0	0
AF	0	0.224235	1	0	1	0	0	0	0
AF	0	0.225172	1	1	0	0	0	0	0
AF	0	0.225484	1	0	1	0	0	0	0
AF	0	0.225796	1	1	0	0	0	0	0
AF	0	0.226109	1	1	0	0	0	0	0
AF	0	0.226421	4	4	0	0	0	0	0
AF	0	0.226733	1	1	0	0	0	0	0
AF	0	0.227358	2	1	1	0	0	0	0
AF	0	0.228295	5	3	2	0	0	0	0
AF	0	0.228919	7	4	3	0	0	0	0
AF	0	0.229232	1	1	0	0	0	0	0
AF	0	0.230481	1	1	0	0	0	0	0
AF	0	0.231106	1	1	0	0	0	0	0
AF	0	0.231418	1	0	1	0	0	0	0
AF	0	0.231730	2	2	0	0	0	0	0
AF	0	0.232042	1	1	0	0	0	0	0
AF	0	0.232667	1	0	1	0	0	0	0
AF	0	0.232979	5	5	0	0	0	0	0
AF	0	0.233292	2	0	2	0	0	0	0
AF	0	0.233604	2	1	1	0	0	0	0
AF	0	0.233916	2	2	0	0	0	0	0
AF	0	0.234229	1	1	0	0	0	0	0
AF	0	0.234541	4	0	4	0	0	0	0
AF	0	0.235166	1	1	0	0	0	0	0
AF	0	0.235478	1	0	1	0	0	0	0
AF	0	0.235790	6	3	3	0	0	0	0
AF	0	0.236102	3	1	2	0	0	0	0
AF	0	0.236727	4	2	2	0	0	0	0
AF	0	0.237039	4	1	3	0	0	0	0
AF	0	0.237352	1	1	0	0	0	0	0
AF	0	0.237664	4	3	1	0	0	0	0
AF	0	0.237976	2	2	0	0	0	0	0
AF	0	0.241099	1	0	1	0	0	0	0
AF	0	0.241412	2	1	1	0	0	0	0
AF	0	0.242036	1	0	1	0	0	0	0
AF	0	0.242661	2	2	0	0	0	0	0
AF	0	0.243285	1	0	1	0	0	0	0
AF	0	0.243598	1	0	1	0	0	0	0
AF	0	0.243910	1	0	1	0	0	0	0
AF	0	0.244535	1	0	1	0	0	0	0
AF	0	0.245159	2	1	1	0	0	0	0
AF	0	0.245784	3	2	1	0	0	0	0
AF	0	0.246096	1	1	0	0	0	0	0
AF	0	0.246721	1	1	0	0	0	0	0
AF	0	0.247658	1	0	1	0	0	0	0
AF	0	0.249844	1	1	0	0	0	0	0
AF	0	0.251405	3	3	0	0	0	0	0
AF	0	0.253279	1	1	0	0	0	0	0
AF	0	0.253592	1	1	0	0	0	0	0
AF	0	0.255465	1	0	1	0	0	0	0
AF	0	0.257027	3	3	0	0	0	0	0
AF	0	0.257651	1	1	0	0	0	0	0
AF	0	0.262961	1	0	1	0	0	0	0
AF	0	0.263273	1	1	0	0	0	0	0
AF	0	0.263898	1	0	1	0	0	0	0
AF	0	0.267021	3	3	0	0	0	0	0
AF	0	0.270144	2	2	0	0	0	0	0
AF	0	0.270768	1	1	0	0	0	0	0
AF	0	0.271393	2	1	1	0	0	0	0
AF	0	0.273267	1	0	1	0	0	0	0
AF	0	0.273891	1	0	1	0	0	0	0
AF	0	0.274516	2	2	0	0	0	0	0
AF	0	0.277639	1	1	0	0	0	0	0
AF	0	0.278576	1	1	0	0	0	0	0
AF	0	0.279513	1	1	0	0	0	0	0
AF	0	0.283885	1	1	0	0	0	0	0
AF	0	0.284510	1	0	1	0	0	0	0
AF	0	0.285134	1	0	1	0	0	0	0
AF	0	0.285759	1	0	1	0	0	0	0
AF	0	0.287008	1	1	0	0	0	0	0
AF	0	0.287320	1	0	1	0	0	0	0
AF	0	0.287633	1	1	0	0	0	0	0
AF	0	0.287945	1	1	0	0	0	0	0
AF	0	0.290756	2	1	1	0	0	0	0
AF	0	0.291068	1	1	0	0	0	0	0
AF	0	0.291380	1	1	0	0	0	0	0
AF	0	0.292005	3	3	0	0	0	0	0
AF	0	0.292630	1	1	0	0	0	0	0
AF	0	0.292942	1	1	0	0	0	0	0
AF	0	0.293254	1	1	0	0	0	0	0
AF	0	0.293567	2	1	1	0	0	0	0
AF	0	0.293879	8	6	2	0	0	0	0
AF	0	0.294191	2	2	0	0	0	0	0
AF	0	0.294503	9	7	2	0	0	0	0
AF	0	0.294816	3	2	1	0	0	0	0
AF	0	0.295440	1	1	0	0	0	0	0
AF	0	0.295753	1	1	0	0	0	0	0
AF	0	0.296065	1	1	0	0	0	0	0
AF	0	0.297002	1	0	1	0	0	0	0
AF	0	0.297626	1	1	0	0	0	0	0
AF	0	0.300125	1	1	0	0	0	0	0
AF	0	0.300750	1	1	0	0	0	0	0
AF	0	0.301062	1	0	1	0	0	0	0
AF	0	0.304185	1	1	0	0	0	0	0
AF	0	0.306059	1	1	0	0	0	0	0
AF	0	0.307620	1	1	0	0	0	0	0
AF	0	0.307933	1	0	1	0	0	0	0
AF	0	0.308557	1	0	1	0	0	0	0
AF	0	0.310743	2	2	0	0	0	0	0
AF	0	0.312617	1	1	0	0	0	0	0
AF	0	0.314491	1	1	0	0	0	0	0
AF	0	0.314803	1	1	0	0	0	0	0
AF	0	0.315740	2	1	1	0	0	0	0
AF	0	0.316365	1	0	1	0	0	0	0
AF	0	0.316989	2	2	0	0	0	0	0
AF	0	0.317614	1	0	1	0	0	0	0
AF	0	0.318239	1	1	0	0	0	0	0
AF	0	0.320737	1	1	0	0	0	0	0
AF	0	0.321362	1	0	1	0	0	0	0
AF	0	0.322611	2	1	1	0	0	0	0
AF	0	0.323860	2	1	1	0	0	0	0
AF	0	0.324172	1	0	1	0	0	0	0
AF	0	0.324485	1	0	1	0	0	0	0
AF	0	0.324797	1	1	0	0	0	0	0
AF	0	0.325109	1	1	0	0	0	0	0
AF	0	0.325422	1	1	0	0	0	0	0
AF	0	0.325734	1	0	1	0	0	0	0
AF	0	0.327920	2	1	1	0	0	0	0
AF	0	0.328232	1	1	0	0	0	0	0
AF	0	0.328545	1	0	1	0	0	0	0
AF	0	0.328857	1	1	0	0	0	0	0
AF	0	0.329482	1	0	1	0	0	0	0
AF	0	0.329794	1	1	0	0	0	0	0
AF	0	0.330418	1	1	0	0	0	0	0
AF	0	0.331668	1	0	1	0	0	0	0
AF	0	0.332605	3	3	0	0	0	0	0
AF	0	0.333229	1	0	1	0	0	0	0
AF	0	0.333542	3	0	3	0	0	0	0
AF	0	0.333854	2	2	0	0	0	0	0
AF	0	0.334166	2	1	1	0	0	0	0
AF	0	0.334478	2	2	0	0	0	0	0
AF	0	0.334791	2	2	0	0	0	0	0
AF	0	0.338538	2	1	1	0	0	0	0
AF	0	0.338851	2	1	1	0	0	0	0
AF	0	0.339163	3	2	1	0	0	0	0
AF	0	0.340412	1	0	1	0	0	0	0
AF	0	0.341974	1	0	1	0	0	0	0
AF	0	0.342286	2	1	1	0	0	0	0
AF	0	0.344160	2	2	0	0	0	0	0
AF	0	0.347283	1	1	0	0	0	0	0
AF	0	0.347908	1	0	1	0	0	0	0
AF	0	0.353529	1	0	1	0	0	0	0
AF	0	0.354154	3	1	2	0	0	0	0
AF	0	0.356340	1	0	1	0	0	0	0
AF	0	0.356652	1	0	1	0	0	0	0
AF	0	0.356964	1	1	0	0	0	0	0
AF	0	0.360400	1	1	0	0	0	0	0
AF	0	0.361024	2	2	0	0	0	0	0
AF	0	0.361649	2	1	1	0	0	0	0
AF	0	0.361961	1	1	0	0	0	0	0
AF	0	0.362274	1	1	0	0	0	0	0
AF	0	0.366334	1	1	0	0	0	0	0
AF	0	0.367270	1	1	0	0	0	0	0
AF	0	0.367895	1	0	1	0	0	0	0
AF	0	0.368520	3	2	1	0	0	0	0
AF	0	0.370394	1	1	0	0	0	0	0
AF	0	0.371018	1	1	0	0	0	0	0
AF	0	0.372892	1	0	1	0	0	0	0
AF	0	0.373517	1	1	0	0	0	0	0
AF	0	0.373829	1	1	0	0	0	0	0
AF	0	0.374766	1	0	1	0	0	0	0
AF	0	0.375390	3	3	0	0	0	0	0
AF	0	0.375703	2	2	0	0	0	0	0
AF	0	0.376015	2	2	0	0	0	0	0
AF	0	0.376327	2	1	1	0	0	0	0
AF	0	0.377577	2	1	1	0	0	0	0
AF	0	0.378201	1	0	1	0	0	0	0
AF	0	0.378513	1	1	0	0	0	0	0
AF	0	0.380387	1	0	1	0	0	0	0
AF	0	0.382261	1	0	1	0	0	0	0
AF	0	0.383198	1	0	1	0	0	0	0
AF	0	0.384135	1	0	1	0	0	0	0
AF	0	0.386321	1	1	0	0	0	0	0
AF	0	0.386633	1	1	0	0	0	0	0
AF	0	0.387258	2	0	2	0	0	0	0
AF	0	0.388507	1	1	0	0	0	0	0
AF	0	0.390069	1	1	0	0	0	0	0
AF	0	0.393192	1	1	0	0	0	0	0
AF	0	0.394129	2	1	1	0	0	0	0
AF	0	0.394753	3	3	0	0	0	0	0
AF	0	0.395066	1	0	1	0	0	0	0
AF	0	0.395378	6	5	1	0	0	0	0
AF	0	0.396002	1	1	0	0	0	0	0
AF	0	0.396627	1	1	0	0	0	0	0
AF	0	0.398189	1	1	0	0	0	0	0
AF	0	0.399126	3	3	0	0	0	0	0
AF	0	0.399438	1	0	1	0	0	0	0
AF	0	0.399750	2	1	1	0	0	0	0
AF	0	0.400062	1	1	0	0	0	0	0
AF	0	0.400375	1	1	0	0	0	0	0
AF	0	0.401312	1	0	1	0	0	0	0
AF	0	0.401624	1	0	1	0	0	0	0
AF	0	0.402249	3	0	3	0	0	0	0
AF	0	0.402873	4	4	0	0	0	0	0
AF	0	0.404122	1	1	0	0	0	0	0
AF	0	0.404747	1	0	1	0	0	0	0
AF	0	0.405996	1	1	0	0	0	0	0
AF	0	0.410681	1	1	0	0	0	0	0
AF	0	0.410993	1	1	0	0	0	0	0
AF	0	0.412867	2	2	0	0	0	0	0
AF	0	0.413804	2	2	0	0	0	0	0
AF	0	0.415365	1	0	1	0	0	0	0
AF	0	0.415990	1	0	1	0	0	0	0
AF	0	0.416302	2	2	0	0	0	0	0
AF	0	0.416615	1	0	1	0	0	0	0
AF	0	0.418488	1	1	0	0	0	0	0
AF	0	0.419113	1	1	0	0	0	0	0
AF	0	0.420362	1	0	1	0	0	0	0
AF	0	0.422861	1	1	0	0	0	0	0
AF	0	0.423485	1	1	0	0	0	0	0
AF	0	0.424735	1	0	1	0	0	0	0
AF	0	0.426608	1	1	0	0	0	0	0
AF	0	0.427545	1	1	0	0	0	0	0
AF	0	0.429107	1	0	1	0	0	0	0
AF	0	0.429731	2	2	0	0	0	0	0
AF	0	0.433167	1	1	0	0	0	0	0
AF	0	0.433479	2	1	1	0	0	0	0
AF	0	0.434104	1	1	0	0	0	0	0
AF	0	0.435353	2	1	1	0	0	0	0
AF	0	0.441287	2	1	1	0	0	0	0
AF	0	0.443785	1	0	1	0	0	0	0
AF	0	0.444097	1	1	0	0	0	0	0
AF	0	0.444722	1	1	0	0	0	0	0
AF	0	0.445659	2	1	1	0	0	0	0
AF	0	0.447533	1	0	1	0	0	0	0
AF	0	0.448782	1	1	0	0	0	0	0
AF	0	0.450031	1	1	0	0	0	0	0
AF	0	0.450344	1	1	0	0	0	0	0
AF	0	0.450656	2	1	1	0	0	0	0
AF	0	0.451280	1	1	0	0	0	0	0
AF	0	0.454403	1	0	1	0	0	0	0
AF	0	0.455028	2	0	2	0	0	0	0
AF	0	0.457527	1	0	1	0	0	0	0
AF	0	0.457839	1	1	0	0	0	0	0
AF	0	0.458151	1	1	0	0	0	0	0
AF	0	0.459400	1	1	0	0	0	0	0
AF	0	0.461899	1	1	0	0	0	0	0
AF	0	0.464397	1	1	0	0	0	0	0
AF	0	0.464710	1	1	0	0	0	0	0
AF	0	0.467833	1	0	1	0	0	0	0
AF	0	0.468770	1	1	0	0	0	0	0
AF	0	0.470019	3	1	2	0	0	0	0
AF	0	0.470331	1	1	0	0	0	0	0
AF	0	0.471893	2	2	0	0	0	0	0
AF	0	0.472205	2	2	0	0	0	0	0
AF	0	0.472517	1	1	0	0	0	0	0
AF	0	0.474391	2	2	0	0	0	0	0
AF	0	0.478763	1	1	0	0	0	0	0
AF	0	0.479076	1	1	0	0	0	0	0
AF	0	0.480949	1	1	0	0	0	0	0
AF	0	0.482511	3	3	0	0	0	0	0
AF	0	0.484072	1	1	0	0	0	0	0
AF	0	0.484385	1	1	0	0	0	0	0
AF	0	0.485009	1	1	0	0	0	0	0
AF	0	0.485634	1	1	0	0	0	0	0
AF	0	0.485946	1	0	1	0	0	0	0
AF	0	0.488132	2	2	0	0	0	0	0
AF	0	0.488445	1	1	0	0	0	0	0
AF	0	0.488757	1	1	0	0	0	0	0
AF	0	0.489069	1	1	0	0	0	0	0
AF	0	0.489382	1	0	1	0	0	0	0
AF	0	0.489694	2	2	0	0	0	0	0
AF	0	0.490006	1	0	1	0	0	0	0
AF	0	0.490319	1	1	0	0	0	0	0
AF	0	0.490631	1	1	0	0	0	0	0
AF	0	0.491255	1	1	0	0	0	0	0
AF	0	0.492192	1	1	0	0	0	0	0
AF	0	0.492505	1	1	0	0	0	0	0
AF	0	0.493129	1	1	0	0	0	0	0
AF	0	0.497502	2	1	1	0	0	0	0
AF	0	0.497814	2	1	1	0	0	0	0
AF	0	0.498126	2	1	1	0	0	0	0
AF	0	0.498438	3	2	1	0	0	0	0
AF	0	0.498751	2	1	1	0	0	0	0
AF	0	0.500000	1	1	0	0	0	0	0
AF	0	0.500625	3	1	2	0	0	0	0
AF	0	0.501249	1	1	0	0	0	0	0
AF	0	0.501874	2	2	0	0	0	0	0
AF	0	0.502498	1	1	0	0	0	0	0
AF	0	0.506871	1	1	0	0	0	0	0
AF	0	0.511555	2	2	0	0	0	0	0
AF	0	0.512180	1	1	0	0	0	0	0
AF	0	0.514366	1	1	0	0	0	0	0
AF	0	0.514991	2	1	1	0	0	0	0
AF	0	0.515615	2	2	0	0	0	0	0
AF	0	0.516240	1	0	1	0	0	0	0
AF	0	0.519675	1	1	0	0	0	0	0
AF	0	0.519988	3	2	1	0	0	0	0
AF	0	0.520612	4	4	0	0	0	0	0
AF	0	0.520924	1	1	0	0	0	0	0
AF	0	0.521237	2	2	0	0	0	0	0
AF	0	0.521549	2	0	2	0	0	0	0
AF	0	0.521861	1	1	0	0	0	0	0
AF	0	0.522798	2	1	1	0	0	0	0
AF	0	0.523111	3	2	1	0	0	0	0
AF	0	0.523735	1	0	1	0	0	0	0
AF	0	0.524360	7	2	5	0	0	0	0
AF	0	0.524672	1	0	1	0	0	0	0
AF	0	0.524984	2	2	0	0	0	0	0
AF	0	0.526234	1	1	0	0	0	0	0
AF	0	0.526546	1	1	0	0	0	0	0
AF	0	0.526858	2	1	1	0	0	0	0
AF	0	0.527171	1	1	0	0	0	0	0
AF	0	0.527483	1	1	0	0	0	0	0
AF	0	0.528107	2	2	0	0	0	0	0
AF	0	0.528732	3	2	1	0	0	0	0
AF	0	0.529044	1	1	0	0	0	0	0
AF	0	0.529357	2	0	2	0	0	0	0
AF	0	0.529981	1	1	0	0	0	0	0
AF	0	0.530606	1	1	0	0	0	0	0
AF	0	0.531230	1	1	0	0	0	0	0
AF	0	0.531855	2	1	1	0	0	0	0
AF	0	0.532167	1	0	1	0	0	0	0
AF	0	0.532480	1	1	0	0	0	0	0
AF	0	0.532792	1	1	0	0	0	0	0
AF	0	0.533729	1	1	0	0	0	0	0
AF	0	0.535290	1	1	0	0	0	0	0
AF	0	0.535915	1	1	0	0	0	0	0
AF	0	0.536227	3	3	0	0	0	0	0
AF	0	0.536540	3	3	0	0	0	0	0
AF	0	0.536852	1	1	0	0	0	0	0
AF	0	0.538726	4	1	3	0	0	0	0
AF	0	0.539038	2	1	1	0	0	0	0
AF	0	0.539350	5	5	0	0	0	0	0
AF	0	0.539663	7	5	2	0	0	0	0
AF	0	0.539975	2	2	0	0	0	0	0
AF	0	0.540600	3	3	0	0	0	0	0
AF	0	0.541224	1	1	0	0	0	0	0
AF	0	0.541849	2	1	1	0	0	0	0
AF	0	0.542161	1	0	1	0	0	0	0
AF	0	0.542473	4	4	0	0	0	0	0
AF	0	0.543098	1	1	0	0	0	0	0
AF	0	0.543723	1	1	0	0	0	0	0
AF	0	0.545284	1	0	1	0	0	0	0
AF	0	0.546846	3	1	2	0	0	0	0
AF	0	0.547158	1	1	0	0	0	0	0
AF	0	0.548407	2	1	1	0	0	0	0
AF	0	0.549344	1	1	0	0	0	0	0
AF	0	0.549656	1	1	0	0	0	0	0
AF	0	0.550906	1	1	0	0	0	0	0
AF	0	0.552155	1	1	0	0	0	0	0
AF	0	0.553092	1	1	0	0	0	0	0
AF	0	0.553716	1	1	0	0	0	0	0
AF	0	0.555278	1	0	1	0	0	0	0
AF	0	0.558089	1	1	0	0	0	0	0
AF	0	0.559338	1	1	0	0	0	0	0
AF	0	0.562149	1	1	0	0	0	0	0
AF	0	0.563086	2	2	0	0	0	0	0
AF	0	0.563398	1	1	0	0	0	0	0
AF	0	0.563710	1	0	1	0	0	0	0
AF	0	0.564022	1	0	1	0	0	0	0
AF	0	0.565584	1	1	0	0	0	0	0
AF	0	0.565896	1	1	0	0	0	0	0
AF	0	0.566833	1	1	0	0	0	0	0
AF	0	0.567146	4	3	1	0	0	0	0
AF	0	0.567458	1	1	0	0	0	0	0
AF	0	0.567770	1	0	1	0	0	0	0
AF	0	0.568395	2	2	0	0	0	0	0
AF	0	0.569644	1	1	0	0	0	0	0
AF	0	0.569956	1	1	0	0	0	0	0
AF	0	0.570269	2	2	0	0	0	0	0
AF	0	0.570893	1	0	1	0	0	0	0
AF	0	0.571205	1	1	0	0	0	0	0
AF	0	0.571518	2	2	0	0	0	0	0
AF	0	0.572142	2	2	0	0	0	0	0
AF	0	0.572455	1	1	0	0	0	0	0
AF	0	0.572767	1	1	0	0	0	0	0
AF	0	0.573079	1	1	0	0	0	0	0
AF	0	0.573392	1	1	0	0	0	0	0
AF	0	0.574641	1	1	0	0	0	0	0
AF	0	0.574953	1	0	1	0	0	0	0
AF	0	0.575578	1	1	0	0	0	0	0
AF	0	0.575890	1	1	0	0	0	0	0
AF	0	0.576202	1	1	0	0	0	0	0
AF	0	0.577139	2	2	0	0	0	0	0
AF	0	0.579013	1	1	0	0	0	0	0
AF	0	0.579950	2	2	0	0	0	0	0
AF	0	0.581512	3	1	2	0	0	0	0
AF	0	0.582448	1	1	0	0	0	0	0
AF	0	0.583073	1	0	1	0	0	0	0
AF	0	0.583385	1	1	0	0	0	0	0
AF	0	0.584010	2	2	0	0	0	0	0
AF	0	0.584635	1	1	0	0	0	0	0
AF	0	0.584947	1	1	0	0	0	0	0
AF	0	0.585259	1	1	0	0	0	0	0
AF	0	0.587133	3	3	0	0	0	0	0
AF	0	0.588382	1	1	0	0	0	0	0
AF	0	0.589319	1	1	0	0	0	0	0
AF	0	0.589631	2	1	1	0	0	0	0
AF	0	0.590881	1	0	1	0	0	0	0
AF	0	0.591193	1	0	1	0	0	0	0
AF	0	0.591505	1	1	0	0	0	0	0
AF	0	0.592755	1	1	0	0	0	0	0
AF	0	0.594941	1	0	1	0	0	0	0
AF	0	0.595253	1	1	0	0	0	0	0
AF	0	0.596190	1	1	0	0	0	0	0
AF	0	0.597127	1	1	0	0	0	0	0
AF	0	0.597751	1	1	0	0	0	0	0
AF	0	0.601187	1	1	0	0	0	0	0
AF	0	0.606808	1	1	0	0	0	0	0
AF	0	0.607121	1	1	0	0	0	0	0
AF	0	0.608057	1	1	0	0	0	0	0
AF	0	0.608370	2	1	1	0	0	0	0
AF	0	0.610868	1	0	1	0	0	0	0
AF	0	0.611493	1	0	1	0	0	0	0
AF	0	0.613367	1	0	1	0	0	0	0
AF	0	0.614616	1	1	0	0	0	0	0
AF	0	0.614928	1	0	1	0	0	0	0
AF	0	0.615240	3	2	1	0	0	0	0
AF	0	0.615553	3	2	1	0	0	0	0
AF	0	0.615865	2	1	1	0	0	0	0
AF	0	0.617114	1	0	1	0	0	0	0
AF	0	0.617427	1	1	0	0	0	0	0
AF	0	0.617739	1	0	1	0	0	0	0
AF	0	0.623985	1	1	0	0	0	0	0
AF	0	0.626483	2	2	0	0	0	0	0
AF	0	0.627733	1	0	1	0	0	0	0
AF	0	0.638039	1	1	0	0	0	0	0
AF	0	0.638976	1	1	0	0	0	0	0
AF	0	0.639288	1	1	0	0	0	0	0
AF	0	0.639600	2	2	0	0	0	0	0
AF	0	0.640225	2	2	0	0	0	0	0
AF	0	0.643348	1	1	0	0	0	0	0
AF	0	0.647720	1	1	0	0	0	0	0
AF	0	0.666458	1	0	1	0	0	0	0
AF	0	0.667083	1	1	0	0	0	0	0
AF	0	0.668645	1	0	1	0	0	0	0
AF	0	0.674266	1	0	1	0	0	0	0
AF	0	0.674578	1	1	0	0	0	0	0
AF	0	0.684884	1	1	0	0	0	0	0
AF	0	0.687071	1	1	0	0	0	0	0
AF	0	0.705497	1	0	1	0	0	0	0
AF	0	0.706121	1	0	1	0	0	0	0
AF	0	0.706746	1	0	1	0	0	0	0
AF	0	0.708620	2	1	1	0	0	0	0
AF	0	0.708932	3	0	3	0	0	0	0
AF	0	0.709244	2	2	0	0	0	0	0
AF	0	0.709557	1	1	0	0	0	0	0
AF	0	0.731730	1	1	0	0	0	0	0
AF	0	0.732355	1	1	0	0	0	0	0
AF	0	0.735478	1	0	1	0	0	0	0
AF	0	0.743285	1	0	1	0	0	0	0
AF	0	0.763585	1	0	1	0	0	0	0
AF	0	0.787008	1	1	0	0	0	0	0
AF	0	0.789507	2	1	1	0	0	0	0
AF	0	0.792942	1	1	0	0	0	0	0
AF	0	0.795753	1	1	0	0	0	0	0
AF	0	0.800750	1	0	1	0	0	0	0
AF	0	0.802311	2	2	0	0	0	0	0
AF	0	0.802623	1	1	0	0	0	0	0
AF	0	0.803248	1	0	1	0	0	0	0
AF	0	0.806371	1	1	0	0	0	0	0
AF	0	0.807620	1	0	1	0	0	0	0
AF	0	0.808245	2	2	0	0	0	0	0
AF	0	0.808557	2	2	0	0	0	0	0
AF	0	0.808869	2	2	0	0	0	0	0
AF	0	0.809182	1	0	1	0	0	0	0
AF	0	0.810119	1	1	0	0	0	0	0
AF	0	0.810431	1	1	0	0	0	0	0
AF	0	0.810743	1	0	1	0	0	0	0
AF	0	0.812617	1	1	0	0	0	0	0
AF	0	0.813866	1	0	1	0	0	0	0
AF	0	0.814491	1	1	0	0	0	0	0
AF	0	0.814803	1	1	0	0	0	0	0
AF	0	0.815740	1	1	0	0	0	0	0
AF	0	0.819800	1	1	0	0	0	0	0
AF	0	0.820737	1	1	0	0	0	0	0
AF	0	0.824485	1	1	0	0	0	0	0
AF	0	0.825422	1	1	0	0	0	0	0
AF	0	0.831355	1	0	1	0	0	0	0
AF	0	0.834478	1	1	0	0	0	0	0
AF	0	0.845409	1	0	1	0	0	0	0
AF	0	0.900999	1	1	0	0	0	0	0
AF	0	0.913804	1	1	0	0	0	0	0
AF	0	0.924110	1	1	0	0	0	0	0
AF	0	0.930044	1	0	1	0	0	0	0
AF	0	0.937539	1	1	0	0	0	0	0
AF	0	0.940974	1	1	0	0	0	0	0
AF	0	0.945659	1	1	0	0	0	0	0
AF	0	0.947220	2	0	2	0	0	0	0
AF	0	0.960025	1	1	0	0	0	0	0
AF	0	0.965334	1	0	1	0	0	0	0
AF	0	0.966896	1	1	0	0	0	0	0
AF	0	0.968145	1	0	1	0	0	0	0
AF	0	0.968770	2	1	1	0	0	0	0
AF	0	0.971268	1	1	0	0	0	0	0
AF	0	0.973454	1	1	0	0	0	0	0
AF	0	0.974079	1	1	0	0	0	0	0
AF	0	0.975953	1	1	0	0	0	0	0
AF	0	0.978451	1	1	0	0	0	0	0
AF	0	0.981886	1	0	1	0	0	0	0
AF	0	0.985946	1	1	0	0	0	0	0
AF	0	0.987820	1	1	0	0	0	0	0
AF	0	0.990006	1	1	0	0	0	0	0
AF	0	0.990319	1	1	0	0	0	0	0
AF	0	0.991255	1	1	0	0	0	0	0
AF	0	0.992817	1	0	1	0	0	0	0
AF	0	0.993442	1	1	0	0	0	0	0
AF	0	0.994066	4	2	2	0	0	0	0
AF	0	0.995940	1	0	1	0	0	0	0
AF	0	0.997502	1	1	0	0	0	0	0
AF	0	0.997814	1	1	0	0	0	0	0
AF	0	0.998438	3	2	1	0	0	0	0
# QUAL, Stats by quality
# QUAL	[2]id	[3]Quality	[4]number of SNPs	[5]number of transitions (1st ALT)	[6]number of transversions (1st ALT)	[7]number of indels
QUAL	0	.	13910	9634	4276	0
# IDD, InDel distribution:
# IDD	[2]id	[3]length (deletions negative)	[4]number of sites	[5]number of genotypes	[6]mean VAF
# ST, Substitution types:
# ST	[2]id	[3]type	[4]count
ST	0	A>C	454
ST	0	A>G	1781
ST	0	A>T	458
ST	0	C>A	652
ST	0	C>G	578
ST	0	C>T	2965
ST	0	G>A	2989
ST	0	G>C	582
ST	0	G>T	610
ST	0	T>A	500
ST	0	T>C	1899
ST	0	T>G	442
# DP, Depth distribution
# DP	[2]id	[3]bin	[4]number of genotypes	[5]fraction of genotypes (%)	[6]number of sites	[7]fraction of sites (%)
  - Fix haploid genotypes in males...

Submit MakeDiploidMalesX finished successfully. Let's have a beer, buddy!

