Submit MakeDiploidMalesX
version 1.1.6 (2024-09-30)

These are the settings:
  Input file................: /hpc/local/Rocky8/dhl_ec/software/MonopogenLite/resources/1kGP_high_coverage_Illumina.SNVonly_poly.filtered_AF_5e-04.norm.fixvariantid.chrX.vcf.gz
  Output file...............: /hpc/local/Rocky8/dhl_ec/software/MonopogenLite/resources/1kGP_high_coverage_Illumina.SNVonly_poly.filtered_AF_5e-04.norm.fixvariantid.makediploid.chrX.vcf.gz
  Chunk size................: 100

  SLURM CPUs................: 4
  SLURM Array ID............: 74 (of 100)
  SLURM memory..............: 16G
  SLURM time................: 01:00:00
  SLURM mail type...........: FAIL
  SLURM mail user...........: s.w.vanderlaan-2@umcutrecht.nl

  Dry run mode..............: 0
  Debug mode................: 1
  Verbosity.................: 0
  Version...................: 1.1.6 (2024-09-30)

Making converting haploid genotypes to diploid genotypes.
> Extract the region for this SLURM task (# 74) from the BED file.
  - Get the chunk number from the SLURM array task ID and the bed file...
DEBUG: Extracting chunk number: 74p from 74
DEBUG: Extracting region from BED file: /hpc/local/Rocky8/dhl_ec/software/MonopogenLite/resources/chrX_100pieces.bed
  - Extract the region from the BED file...
DEBUG: Extracted raw region: 'chrX	113909785	115470192' (chunk #: 74p of 100 for job 74)
  - Check if a valid region was extracted -- should be 'chrX	113909785	115470192'...
  - Prepare the region for bcftools...
  - Check if the region (chrX:113909785-115470192) was successfully extracted...
> Processing region 'chrX:113909785-115470192'...
  - Process the specific region (chunk# 74) using bcftools view...
  - Index the VCF file...
DEBUG: Check if the VCF file was successfully processed...
##fileformat=VCFv4.2
##FILTER=<ID=PASS,Description="All filters passed">
##fileDate=29/01/2022 - 14:31:41
##source=shapeit4.2.2
##contig=<ID=chr1,length=248956422>
##contig=<ID=chr2,length=242193529>
##contig=<ID=chr3,length=198295559>
##contig=<ID=chr4,length=190214555>
##contig=<ID=chr5,length=181538259>
##contig=<ID=chr6,length=170805979>
# This file was produced by bcftools stats (1.20+htslib-1.20) and can be plotted using plot-vcfstats.
# The command line was:	bcftools stats  /hpc/local/Rocky8/dhl_ec/software/MonopogenLite/resources/chrX.part74.vcf.gz
#
# Definition of sets:
# ID	[2]id	[3]tab-separated file names
ID	0	/hpc/local/Rocky8/dhl_ec/software/MonopogenLite/resources/chrX.part74.vcf.gz
# SN, Summary numbers:
#   number of records   .. number of data rows in the VCF
#   number of no-ALTs   .. reference-only sites, ALT is either "." or identical to REF
#   number of SNPs      .. number of rows with a SNP
#   number of MNPs      .. number of rows with a MNP, such as CC>TT
#   number of indels    .. number of rows with an indel
#   number of others    .. number of rows with other type, for example a symbolic allele or
#                          a complex substitution, such as ACT>TCGA
#   number of multiallelic sites     .. number of rows with multiple alternate alleles
#   number of multiallelic SNP sites .. number of rows with multiple alternate alleles, all SNPs
# 
#   Note that rows containing multiple types will be counted multiple times, in each
#   counter. For example, a row with a SNP and an indel increments both the SNP and
#   the indel counter.
# 
# SN	[2]id	[3]key	[4]value
SN	0	number of samples:	3202
SN	0	number of records:	15026
SN	0	number of no-ALTs:	0
SN	0	number of SNPs:	15026
SN	0	number of MNPs:	0
SN	0	number of indels:	0
SN	0	number of others:	0
SN	0	number of multiallelic sites:	0
SN	0	number of multiallelic SNP sites:	0
# TSTV, transitions/transversions:
# TSTV	[2]id	[3]ts	[4]tv	[5]ts/tv	[6]ts (1st ALT)	[7]tv (1st ALT)	[8]ts/tv (1st ALT)
TSTV	0	10110	4916	2.06	10110	4916	2.06
# SiS, Singleton stats:
# SiS	[2]id	[3]allele count	[4]number of SNPs	[5]number of transitions	[6]number of transversions	[7]number of indels	[8]repeat-consistent	[9]repeat-inconsistent	[10]not applicable
SiS	0	1	0	0	0	0	0	0	0
# AF, Stats by non-reference allele frequency:
# AF	[2]id	[3]allele frequency	[4]number of SNPs	[5]number of transitions	[6]number of transversions	[7]number of indels	[8]repeat-consistent	[9]repeat-inconsistent	[10]not applicable
AF	0	0.000312	2429	1645	784	0	0	0	0
AF	0	0.000625	1365	897	468	0	0	0	0
AF	0	0.000937	1586	1064	522	0	0	0	0
AF	0	0.001249	508	346	162	0	0	0	0
AF	0	0.001562	893	601	292	0	0	0	0
AF	0	0.001874	317	210	107	0	0	0	0
AF	0	0.002186	463	302	161	0	0	0	0
AF	0	0.002498	198	145	53	0	0	0	0
AF	0	0.002811	345	225	120	0	0	0	0
AF	0	0.003123	128	94	34	0	0	0	0
AF	0	0.003435	248	180	68	0	0	0	0
AF	0	0.003748	126	85	41	0	0	0	0
AF	0	0.004060	209	145	64	0	0	0	0
AF	0	0.004372	84	53	31	0	0	0	0
AF	0	0.004685	154	103	51	0	0	0	0
AF	0	0.004997	75	53	22	0	0	0	0
AF	0	0.005309	124	78	46	0	0	0	0
AF	0	0.005621	68	44	24	0	0	0	0
AF	0	0.005934	115	81	34	0	0	0	0
AF	0	0.006246	53	37	16	0	0	0	0
AF	0	0.006558	95	66	29	0	0	0	0
AF	0	0.006871	79	51	28	0	0	0	0
AF	0	0.007183	132	91	41	0	0	0	0
AF	0	0.007495	52	36	16	0	0	0	0
AF	0	0.007808	106	65	41	0	0	0	0
AF	0	0.008120	50	36	14	0	0	0	0
AF	0	0.008432	109	71	38	0	0	0	0
AF	0	0.008745	43	38	5	0	0	0	0
AF	0	0.009057	56	36	20	0	0	0	0
AF	0	0.009369	53	38	15	0	0	0	0
AF	0	0.009681	67	45	22	0	0	0	0
AF	0	0.009994	23	12	11	0	0	0	0
AF	0	0.010306	53	33	20	0	0	0	0
AF	0	0.010618	36	24	12	0	0	0	0
AF	0	0.010931	48	28	20	0	0	0	0
AF	0	0.011243	51	27	24	0	0	0	0
AF	0	0.011555	81	50	31	0	0	0	0
AF	0	0.011868	26	20	6	0	0	0	0
AF	0	0.012180	65	44	21	0	0	0	0
AF	0	0.012492	41	31	10	0	0	0	0
AF	0	0.012804	68	49	19	0	0	0	0
AF	0	0.013117	28	17	11	0	0	0	0
AF	0	0.013429	63	44	19	0	0	0	0
AF	0	0.013741	27	21	6	0	0	0	0
AF	0	0.014054	63	46	17	0	0	0	0
AF	0	0.014366	20	15	5	0	0	0	0
AF	0	0.014678	39	24	15	0	0	0	0
AF	0	0.014991	13	6	7	0	0	0	0
AF	0	0.015303	31	23	8	0	0	0	0
AF	0	0.015615	18	15	3	0	0	0	0
AF	0	0.015928	45	30	15	0	0	0	0
AF	0	0.016240	19	12	7	0	0	0	0
AF	0	0.016552	26	19	7	0	0	0	0
AF	0	0.016864	10	6	4	0	0	0	0
AF	0	0.017177	39	30	9	0	0	0	0
AF	0	0.017489	24	18	6	0	0	0	0
AF	0	0.017801	27	23	4	0	0	0	0
AF	0	0.018114	13	8	5	0	0	0	0
AF	0	0.018426	38	26	12	0	0	0	0
AF	0	0.018738	23	14	9	0	0	0	0
AF	0	0.019051	21	17	4	0	0	0	0
AF	0	0.019363	6	5	1	0	0	0	0
AF	0	0.019675	34	17	17	0	0	0	0
AF	0	0.019988	3	1	2	0	0	0	0
AF	0	0.020300	30	19	11	0	0	0	0
AF	0	0.020612	17	13	4	0	0	0	0
AF	0	0.020924	62	48	14	0	0	0	0
AF	0	0.021237	11	10	1	0	0	0	0
AF	0	0.021549	38	21	17	0	0	0	0
AF	0	0.021861	11	8	3	0	0	0	0
AF	0	0.022174	26	20	6	0	0	0	0
AF	0	0.022486	6	4	2	0	0	0	0
AF	0	0.022798	26	22	4	0	0	0	0
AF	0	0.023111	6	2	4	0	0	0	0
AF	0	0.023423	21	12	9	0	0	0	0
AF	0	0.023735	6	5	1	0	0	0	0
AF	0	0.024047	35	20	15	0	0	0	0
AF	0	0.024360	17	10	7	0	0	0	0
AF	0	0.024672	32	21	11	0	0	0	0
AF	0	0.024984	11	5	6	0	0	0	0
AF	0	0.025297	15	10	5	0	0	0	0
AF	0	0.025609	17	16	1	0	0	0	0
AF	0	0.025921	16	8	8	0	0	0	0
AF	0	0.026234	6	2	4	0	0	0	0
AF	0	0.026546	22	17	5	0	0	0	0
AF	0	0.026858	19	14	5	0	0	0	0
AF	0	0.027171	11	6	5	0	0	0	0
AF	0	0.027483	11	8	3	0	0	0	0
AF	0	0.027795	22	14	8	0	0	0	0
AF	0	0.028107	12	7	5	0	0	0	0
AF	0	0.028420	18	16	2	0	0	0	0
AF	0	0.028732	8	7	1	0	0	0	0
AF	0	0.029044	12	8	4	0	0	0	0
AF	0	0.029357	7	5	2	0	0	0	0
AF	0	0.029669	14	11	3	0	0	0	0
AF	0	0.029981	8	5	3	0	0	0	0
AF	0	0.030294	12	9	3	0	0	0	0
AF	0	0.030606	6	6	0	0	0	0	0
AF	0	0.030918	32	22	10	0	0	0	0
AF	0	0.031230	5	3	2	0	0	0	0
AF	0	0.031543	10	7	3	0	0	0	0
AF	0	0.031855	4	4	0	0	0	0	0
AF	0	0.032167	9	7	2	0	0	0	0
AF	0	0.032480	1	1	0	0	0	0	0
AF	0	0.032792	8	5	3	0	0	0	0
AF	0	0.033104	4	2	2	0	0	0	0
AF	0	0.033417	13	10	3	0	0	0	0
AF	0	0.033729	5	3	2	0	0	0	0
AF	0	0.034041	6	2	4	0	0	0	0
AF	0	0.034354	3	2	1	0	0	0	0
AF	0	0.034666	10	8	2	0	0	0	0
AF	0	0.034978	3	0	3	0	0	0	0
AF	0	0.035290	9	7	2	0	0	0	0
AF	0	0.035603	4	4	0	0	0	0	0
AF	0	0.035915	13	8	5	0	0	0	0
AF	0	0.036227	6	2	4	0	0	0	0
AF	0	0.036540	4	2	2	0	0	0	0
AF	0	0.036852	4	3	1	0	0	0	0
AF	0	0.037164	10	8	2	0	0	0	0
AF	0	0.037477	9	2	7	0	0	0	0
AF	0	0.037789	13	9	4	0	0	0	0
AF	0	0.038101	4	2	2	0	0	0	0
AF	0	0.038413	10	8	2	0	0	0	0
AF	0	0.038726	3	0	3	0	0	0	0
AF	0	0.039038	13	9	4	0	0	0	0
AF	0	0.039350	3	1	2	0	0	0	0
AF	0	0.039663	11	7	4	0	0	0	0
AF	0	0.039975	21	12	9	0	0	0	0
AF	0	0.040287	9	7	2	0	0	0	0
AF	0	0.040600	1	1	0	0	0	0	0
AF	0	0.040912	7	3	4	0	0	0	0
AF	0	0.041537	5	4	1	0	0	0	0
AF	0	0.041849	1	1	0	0	0	0	0
AF	0	0.042161	4	2	2	0	0	0	0
AF	0	0.042473	1	1	0	0	0	0	0
AF	0	0.042786	1	1	0	0	0	0	0
AF	0	0.043098	9	4	5	0	0	0	0
AF	0	0.043410	1	1	0	0	0	0	0
AF	0	0.043723	1	0	1	0	0	0	0
AF	0	0.044035	2	1	1	0	0	0	0
AF	0	0.044347	1	1	0	0	0	0	0
AF	0	0.044972	2	0	2	0	0	0	0
AF	0	0.045284	8	5	3	0	0	0	0
AF	0	0.045597	5	3	2	0	0	0	0
AF	0	0.045909	4	4	0	0	0	0	0
AF	0	0.046221	2	2	0	0	0	0	0
AF	0	0.046533	4	4	0	0	0	0	0
AF	0	0.046846	3	2	1	0	0	0	0
AF	0	0.047158	5	3	2	0	0	0	0
AF	0	0.047470	5	4	1	0	0	0	0
AF	0	0.047783	13	11	2	0	0	0	0
AF	0	0.048095	2	2	0	0	0	0	0
AF	0	0.048407	3	0	3	0	0	0	0
AF	0	0.048720	1	1	0	0	0	0	0
AF	0	0.049032	3	2	1	0	0	0	0
AF	0	0.049344	3	3	0	0	0	0	0
AF	0	0.049656	2	1	1	0	0	0	0
AF	0	0.050281	2	0	2	0	0	0	0
AF	0	0.050593	1	1	0	0	0	0	0
AF	0	0.050906	4	4	0	0	0	0	0
AF	0	0.051218	2	1	1	0	0	0	0
AF	0	0.051530	1	1	0	0	0	0	0
AF	0	0.051843	2	2	0	0	0	0	0
AF	0	0.052155	2	1	1	0	0	0	0
AF	0	0.052780	3	1	2	0	0	0	0
AF	0	0.053404	5	3	2	0	0	0	0
AF	0	0.053716	1	1	0	0	0	0	0
AF	0	0.054029	2	1	1	0	0	0	0
AF	0	0.054653	10	9	1	0	0	0	0
AF	0	0.054966	5	2	3	0	0	0	0
AF	0	0.055278	6	2	4	0	0	0	0
AF	0	0.055590	13	9	4	0	0	0	0
AF	0	0.055903	14	13	1	0	0	0	0
AF	0	0.056215	1	1	0	0	0	0	0
AF	0	0.056527	4	3	1	0	0	0	0
AF	0	0.056839	2	2	0	0	0	0	0
AF	0	0.057152	4	2	2	0	0	0	0
AF	0	0.057464	1	0	1	0	0	0	0
AF	0	0.057776	1	0	1	0	0	0	0
AF	0	0.058089	1	1	0	0	0	0	0
AF	0	0.058401	6	4	2	0	0	0	0
AF	0	0.058713	3	2	1	0	0	0	0
AF	0	0.059026	7	3	4	0	0	0	0
AF	0	0.059338	6	3	3	0	0	0	0
AF	0	0.059650	10	6	4	0	0	0	0
AF	0	0.059963	18	11	7	0	0	0	0
AF	0	0.060275	24	17	7	0	0	0	0
AF	0	0.060587	3	2	1	0	0	0	0
AF	0	0.060899	9	5	4	0	0	0	0
AF	0	0.061212	4	4	0	0	0	0	0
AF	0	0.061524	10	8	2	0	0	0	0
AF	0	0.061836	5	4	1	0	0	0	0
AF	0	0.062149	10	6	4	0	0	0	0
AF	0	0.062461	2	1	1	0	0	0	0
AF	0	0.062773	2	1	1	0	0	0	0
AF	0	0.063086	3	2	1	0	0	0	0
AF	0	0.063398	6	4	2	0	0	0	0
AF	0	0.063710	4	3	1	0	0	0	0
AF	0	0.064022	11	5	6	0	0	0	0
AF	0	0.064335	5	2	3	0	0	0	0
AF	0	0.064647	11	8	3	0	0	0	0
AF	0	0.064959	3	1	2	0	0	0	0
AF	0	0.065272	7	5	2	0	0	0	0
AF	0	0.065584	7	4	3	0	0	0	0
AF	0	0.065896	9	5	4	0	0	0	0
AF	0	0.066521	6	3	3	0	0	0	0
AF	0	0.066833	3	2	1	0	0	0	0
AF	0	0.067146	3	2	1	0	0	0	0
AF	0	0.067458	1	0	1	0	0	0	0
AF	0	0.067770	3	1	2	0	0	0	0
AF	0	0.068082	1	0	1	0	0	0	0
AF	0	0.068395	4	4	0	0	0	0	0
AF	0	0.068707	3	1	2	0	0	0	0
AF	0	0.069019	5	3	2	0	0	0	0
AF	0	0.069332	3	2	1	0	0	0	0
AF	0	0.069644	10	7	3	0	0	0	0
AF	0	0.070269	9	7	2	0	0	0	0
AF	0	0.070581	2	2	0	0	0	0	0
AF	0	0.070893	4	3	1	0	0	0	0
AF	0	0.071205	2	2	0	0	0	0	0
AF	0	0.071830	1	0	1	0	0	0	0
AF	0	0.072142	3	3	0	0	0	0	0
AF	0	0.072455	2	0	2	0	0	0	0
AF	0	0.072767	3	2	1	0	0	0	0
AF	0	0.073079	1	1	0	0	0	0	0
AF	0	0.073392	7	4	3	0	0	0	0
AF	0	0.073704	11	7	4	0	0	0	0
AF	0	0.074016	14	10	4	0	0	0	0
AF	0	0.074329	4	2	2	0	0	0	0
AF	0	0.074641	4	2	2	0	0	0	0
AF	0	0.075265	3	0	3	0	0	0	0
AF	0	0.075578	2	0	2	0	0	0	0
AF	0	0.075890	15	8	7	0	0	0	0
AF	0	0.076202	5	4	1	0	0	0	0
AF	0	0.076515	10	7	3	0	0	0	0
AF	0	0.076827	3	2	1	0	0	0	0
AF	0	0.077139	2	2	0	0	0	0	0
AF	0	0.077452	1	1	0	0	0	0	0
AF	0	0.077764	6	3	3	0	0	0	0
AF	0	0.078076	4	2	2	0	0	0	0
AF	0	0.078389	6	3	3	0	0	0	0
AF	0	0.078701	2	1	1	0	0	0	0
AF	0	0.079013	4	2	2	0	0	0	0
AF	0	0.079325	3	2	1	0	0	0	0
AF	0	0.079638	1	0	1	0	0	0	0
AF	0	0.079950	3	1	2	0	0	0	0
AF	0	0.080262	7	5	2	0	0	0	0
AF	0	0.080887	9	4	5	0	0	0	0
AF	0	0.081199	1	0	1	0	0	0	0
AF	0	0.081512	2	2	0	0	0	0	0
AF	0	0.082136	4	3	1	0	0	0	0
AF	0	0.082448	2	2	0	0	0	0	0
AF	0	0.082761	2	2	0	0	0	0	0
AF	0	0.083385	2	2	0	0	0	0	0
AF	0	0.083698	1	1	0	0	0	0	0
AF	0	0.084010	2	1	1	0	0	0	0
AF	0	0.084635	3	3	0	0	0	0	0
AF	0	0.084947	1	0	1	0	0	0	0
AF	0	0.085884	3	1	2	0	0	0	0
AF	0	0.086508	1	1	0	0	0	0	0
AF	0	0.087133	1	1	0	0	0	0	0
AF	0	0.087758	4	1	3	0	0	0	0
AF	0	0.088070	2	2	0	0	0	0	0
AF	0	0.088382	5	3	2	0	0	0	0
AF	0	0.088695	19	13	6	0	0	0	0
AF	0	0.089007	5	5	0	0	0	0	0
AF	0	0.089319	2	1	1	0	0	0	0
AF	0	0.089631	3	1	2	0	0	0	0
AF	0	0.089944	1	0	1	0	0	0	0
AF	0	0.090256	2	0	2	0	0	0	0
AF	0	0.090568	2	1	1	0	0	0	0
AF	0	0.090881	4	4	0	0	0	0	0
AF	0	0.091193	2	1	1	0	0	0	0
AF	0	0.091505	2	0	2	0	0	0	0
AF	0	0.091818	2	1	1	0	0	0	0
AF	0	0.092130	3	3	0	0	0	0	0
AF	0	0.092442	1	1	0	0	0	0	0
AF	0	0.093067	1	0	1	0	0	0	0
AF	0	0.093379	2	2	0	0	0	0	0
AF	0	0.094004	3	3	0	0	0	0	0
AF	0	0.094316	3	3	0	0	0	0	0
AF	0	0.094628	3	2	1	0	0	0	0
AF	0	0.094941	1	0	1	0	0	0	0
AF	0	0.095253	2	2	0	0	0	0	0
AF	0	0.095565	4	1	3	0	0	0	0
AF	0	0.095878	4	3	1	0	0	0	0
AF	0	0.096190	2	1	1	0	0	0	0
AF	0	0.096502	1	1	0	0	0	0	0
AF	0	0.096814	3	1	2	0	0	0	0
AF	0	0.097127	6	4	2	0	0	0	0
AF	0	0.097439	6	4	2	0	0	0	0
AF	0	0.097751	8	6	2	0	0	0	0
AF	0	0.098064	5	2	3	0	0	0	0
AF	0	0.098376	8	6	2	0	0	0	0
AF	0	0.098688	3	1	2	0	0	0	0
AF	0	0.099001	6	3	3	0	0	0	0
AF	0	0.099313	2	1	1	0	0	0	0
AF	0	0.099625	6	5	1	0	0	0	0
AF	0	0.099938	6	3	3	0	0	0	0
AF	0	0.100250	15	10	5	0	0	0	0
AF	0	0.100562	8	2	6	0	0	0	0
AF	0	0.100874	18	16	2	0	0	0	0
AF	0	0.101187	1	1	0	0	0	0	0
AF	0	0.101499	1	1	0	0	0	0	0
AF	0	0.101811	1	1	0	0	0	0	0
AF	0	0.102124	3	2	1	0	0	0	0
AF	0	0.102436	1	0	1	0	0	0	0
AF	0	0.102748	4	1	3	0	0	0	0
AF	0	0.103061	2	2	0	0	0	0	0
AF	0	0.103373	9	6	3	0	0	0	0
AF	0	0.103685	5	3	2	0	0	0	0
AF	0	0.103998	3	3	0	0	0	0	0
AF	0	0.104310	1	1	0	0	0	0	0
AF	0	0.104622	1	1	0	0	0	0	0
AF	0	0.105871	1	0	1	0	0	0	0
AF	0	0.106184	2	2	0	0	0	0	0
AF	0	0.107121	3	2	1	0	0	0	0
AF	0	0.107433	1	1	0	0	0	0	0
AF	0	0.107745	2	2	0	0	0	0	0
AF	0	0.108370	10	7	3	0	0	0	0
AF	0	0.108682	7	6	1	0	0	0	0
AF	0	0.108994	1	0	1	0	0	0	0
AF	0	0.109307	1	0	1	0	0	0	0
AF	0	0.110244	4	3	1	0	0	0	0
AF	0	0.110556	2	1	1	0	0	0	0
AF	0	0.110868	2	2	0	0	0	0	0
AF	0	0.111181	5	5	0	0	0	0	0
AF	0	0.111493	3	3	0	0	0	0	0
AF	0	0.111805	2	2	0	0	0	0	0
AF	0	0.112117	1	1	0	0	0	0	0
AF	0	0.112430	1	0	1	0	0	0	0
AF	0	0.112742	4	4	0	0	0	0	0
AF	0	0.113054	4	3	1	0	0	0	0
AF	0	0.113367	3	1	2	0	0	0	0
AF	0	0.113991	3	3	0	0	0	0	0
AF	0	0.114304	3	1	2	0	0	0	0
AF	0	0.114616	2	1	1	0	0	0	0
AF	0	0.114928	5	4	1	0	0	0	0
AF	0	0.115240	1	1	0	0	0	0	0
AF	0	0.115553	3	1	2	0	0	0	0
AF	0	0.115865	2	1	1	0	0	0	0
AF	0	0.116177	1	1	0	0	0	0	0
AF	0	0.117114	1	1	0	0	0	0	0
AF	0	0.118051	1	1	0	0	0	0	0
AF	0	0.118364	1	1	0	0	0	0	0
AF	0	0.118676	1	1	0	0	0	0	0
AF	0	0.118988	1	1	0	0	0	0	0
AF	0	0.119300	1	1	0	0	0	0	0
AF	0	0.119925	2	2	0	0	0	0	0
AF	0	0.120237	1	1	0	0	0	0	0
AF	0	0.120550	1	1	0	0	0	0	0
AF	0	0.120862	3	1	2	0	0	0	0
AF	0	0.121174	1	0	1	0	0	0	0
AF	0	0.121799	1	1	0	0	0	0	0
AF	0	0.122111	1	1	0	0	0	0	0
AF	0	0.123048	1	0	1	0	0	0	0
AF	0	0.123360	1	1	0	0	0	0	0
AF	0	0.123673	2	2	0	0	0	0	0
AF	0	0.123985	1	0	1	0	0	0	0
AF	0	0.124297	2	1	1	0	0	0	0
AF	0	0.124610	2	1	1	0	0	0	0
AF	0	0.124922	1	0	1	0	0	0	0
AF	0	0.125547	1	1	0	0	0	0	0
AF	0	0.125859	1	1	0	0	0	0	0
AF	0	0.126171	2	1	1	0	0	0	0
AF	0	0.126796	3	2	1	0	0	0	0
AF	0	0.127420	1	0	1	0	0	0	0
AF	0	0.127733	3	1	2	0	0	0	0
AF	0	0.128045	5	2	3	0	0	0	0
AF	0	0.128357	4	3	1	0	0	0	0
AF	0	0.128670	7	6	1	0	0	0	0
AF	0	0.128982	6	5	1	0	0	0	0
AF	0	0.129294	9	7	2	0	0	0	0
AF	0	0.129606	10	8	2	0	0	0	0
AF	0	0.129919	8	7	1	0	0	0	0
AF	0	0.130231	4	3	1	0	0	0	0
AF	0	0.130543	1	1	0	0	0	0	0
AF	0	0.130856	2	2	0	0	0	0	0
AF	0	0.131168	4	2	2	0	0	0	0
AF	0	0.131480	1	0	1	0	0	0	0
AF	0	0.132105	1	1	0	0	0	0	0
AF	0	0.132417	6	5	1	0	0	0	0
AF	0	0.132730	3	2	1	0	0	0	0
AF	0	0.133042	2	2	0	0	0	0	0
AF	0	0.133666	1	1	0	0	0	0	0
AF	0	0.134291	3	2	1	0	0	0	0
AF	0	0.134603	1	0	1	0	0	0	0
AF	0	0.135228	1	1	0	0	0	0	0
AF	0	0.135540	1	1	0	0	0	0	0
AF	0	0.136165	1	1	0	0	0	0	0
AF	0	0.136790	1	0	1	0	0	0	0
AF	0	0.137102	2	2	0	0	0	0	0
AF	0	0.137414	1	1	0	0	0	0	0
AF	0	0.137726	1	1	0	0	0	0	0
AF	0	0.138039	1	1	0	0	0	0	0
AF	0	0.138351	1	1	0	0	0	0	0
AF	0	0.139288	4	3	1	0	0	0	0
AF	0	0.139600	3	2	1	0	0	0	0
AF	0	0.139913	2	1	1	0	0	0	0
AF	0	0.140225	2	2	0	0	0	0	0
AF	0	0.140537	1	1	0	0	0	0	0
AF	0	0.140849	1	1	0	0	0	0	0
AF	0	0.141162	7	4	3	0	0	0	0
AF	0	0.141474	1	0	1	0	0	0	0
AF	0	0.141786	2	2	0	0	0	0	0
AF	0	0.143036	2	1	1	0	0	0	0
AF	0	0.144285	1	1	0	0	0	0	0
AF	0	0.145534	1	0	1	0	0	0	0
AF	0	0.146471	2	2	0	0	0	0	0
AF	0	0.147408	1	1	0	0	0	0	0
AF	0	0.148032	1	1	0	0	0	0	0
AF	0	0.148657	1	0	1	0	0	0	0
AF	0	0.148969	3	1	2	0	0	0	0
AF	0	0.149906	1	0	1	0	0	0	0
AF	0	0.151780	1	1	0	0	0	0	0
AF	0	0.152405	1	1	0	0	0	0	0
AF	0	0.153029	1	0	1	0	0	0	0
AF	0	0.153654	1	0	1	0	0	0	0
AF	0	0.154591	1	0	1	0	0	0	0
AF	0	0.155528	2	2	0	0	0	0	0
AF	0	0.155840	1	1	0	0	0	0	0
AF	0	0.156777	1	0	1	0	0	0	0
AF	0	0.157089	2	0	2	0	0	0	0
AF	0	0.157402	5	5	0	0	0	0	0
AF	0	0.158026	1	1	0	0	0	0	0
AF	0	0.159900	1	1	0	0	0	0	0
AF	0	0.160525	1	1	0	0	0	0	0
AF	0	0.161149	1	1	0	0	0	0	0
AF	0	0.161462	3	3	0	0	0	0	0
AF	0	0.162711	2	1	1	0	0	0	0
AF	0	0.164897	2	0	2	0	0	0	0
AF	0	0.166771	1	1	0	0	0	0	0
AF	0	0.168020	1	1	0	0	0	0	0
AF	0	0.168645	1	1	0	0	0	0	0
AF	0	0.169894	1	1	0	0	0	0	0
AF	0	0.170518	1	0	1	0	0	0	0
AF	0	0.170831	1	1	0	0	0	0	0
AF	0	0.171143	1	1	0	0	0	0	0
AF	0	0.171455	3	3	0	0	0	0	0
AF	0	0.171768	3	2	1	0	0	0	0
AF	0	0.172080	1	1	0	0	0	0	0
AF	0	0.173017	2	2	0	0	0	0	0
AF	0	0.173641	1	0	1	0	0	0	0
AF	0	0.173954	3	2	1	0	0	0	0
AF	0	0.174266	5	3	2	0	0	0	0
AF	0	0.174578	4	2	2	0	0	0	0
AF	0	0.174891	6	3	3	0	0	0	0
AF	0	0.175203	2	0	2	0	0	0	0
AF	0	0.175515	1	1	0	0	0	0	0
AF	0	0.176452	1	0	1	0	0	0	0
AF	0	0.181137	2	0	2	0	0	0	0
AF	0	0.182386	1	1	0	0	0	0	0
AF	0	0.183323	1	0	1	0	0	0	0
AF	0	0.183635	1	1	0	0	0	0	0
AF	0	0.188007	2	1	1	0	0	0	0
AF	0	0.189257	1	1	0	0	0	0	0
AF	0	0.189569	2	2	0	0	0	0	0
AF	0	0.189881	1	1	0	0	0	0	0
AF	0	0.191131	4	2	2	0	0	0	0
AF	0	0.191443	1	1	0	0	0	0	0
AF	0	0.194254	1	1	0	0	0	0	0
AF	0	0.195503	1	1	0	0	0	0	0
AF	0	0.196127	1	1	0	0	0	0	0
AF	0	0.197064	1	1	0	0	0	0	0
AF	0	0.197377	2	0	2	0	0	0	0
AF	0	0.198938	1	1	0	0	0	0	0
AF	0	0.201124	2	1	1	0	0	0	0
AF	0	0.202686	1	0	1	0	0	0	0
AF	0	0.202998	1	0	1	0	0	0	0
AF	0	0.203310	1	1	0	0	0	0	0
AF	0	0.204247	2	1	1	0	0	0	0
AF	0	0.204872	2	2	0	0	0	0	0
AF	0	0.205184	1	1	0	0	0	0	0
AF	0	0.205497	1	0	1	0	0	0	0
AF	0	0.205809	1	1	0	0	0	0	0
AF	0	0.206121	1	0	1	0	0	0	0
AF	0	0.206433	1	0	1	0	0	0	0
AF	0	0.208307	1	1	0	0	0	0	0
AF	0	0.208932	1	1	0	0	0	0	0
AF	0	0.209557	1	1	0	0	0	0	0
AF	0	0.209869	1	0	1	0	0	0	0
AF	0	0.211118	1	0	1	0	0	0	0
AF	0	0.214553	3	1	2	0	0	0	0
AF	0	0.214866	1	1	0	0	0	0	0
AF	0	0.219863	1	0	1	0	0	0	0
AF	0	0.222673	1	1	0	0	0	0	0
AF	0	0.222986	1	1	0	0	0	0	0
AF	0	0.223298	1	1	0	0	0	0	0
AF	0	0.223923	1	1	0	0	0	0	0
AF	0	0.224859	1	1	0	0	0	0	0
AF	0	0.226733	1	1	0	0	0	0	0
AF	0	0.227358	1	1	0	0	0	0	0
AF	0	0.228295	1	1	0	0	0	0	0
AF	0	0.229232	1	1	0	0	0	0	0
AF	0	0.231730	1	0	1	0	0	0	0
AF	0	0.232042	3	1	2	0	0	0	0
AF	0	0.232667	2	2	0	0	0	0	0
AF	0	0.233292	1	1	0	0	0	0	0
AF	0	0.233916	1	1	0	0	0	0	0
AF	0	0.234229	7	7	0	0	0	0	0
AF	0	0.234541	1	0	1	0	0	0	0
AF	0	0.235478	1	1	0	0	0	0	0
AF	0	0.235790	1	1	0	0	0	0	0
AF	0	0.237352	1	1	0	0	0	0	0
AF	0	0.237976	1	1	0	0	0	0	0
AF	0	0.238289	1	1	0	0	0	0	0
AF	0	0.238913	1	0	1	0	0	0	0
AF	0	0.239225	2	1	1	0	0	0	0
AF	0	0.239538	2	1	1	0	0	0	0
AF	0	0.240787	1	0	1	0	0	0	0
AF	0	0.241412	1	0	1	0	0	0	0
AF	0	0.243285	1	1	0	0	0	0	0
AF	0	0.244847	1	1	0	0	0	0	0
AF	0	0.245159	1	0	1	0	0	0	0
AF	0	0.246096	1	1	0	0	0	0	0
AF	0	0.246408	1	1	0	0	0	0	0
AF	0	0.247033	1	1	0	0	0	0	0
AF	0	0.248282	2	0	2	0	0	0	0
AF	0	0.250156	1	1	0	0	0	0	0
AF	0	0.251718	1	0	1	0	0	0	0
AF	0	0.257651	1	0	1	0	0	0	0
AF	0	0.257964	1	0	1	0	0	0	0
AF	0	0.258276	3	2	1	0	0	0	0
AF	0	0.258588	1	0	1	0	0	0	0
AF	0	0.258901	1	1	0	0	0	0	0
AF	0	0.260775	1	0	1	0	0	0	0
AF	0	0.264210	1	1	0	0	0	0	0
AF	0	0.264522	1	1	0	0	0	0	0
AF	0	0.265147	1	0	1	0	0	0	0
AF	0	0.267021	1	1	0	0	0	0	0
AF	0	0.268894	1	1	0	0	0	0	0
AF	0	0.271705	1	1	0	0	0	0	0
AF	0	0.272642	1	1	0	0	0	0	0
AF	0	0.272954	1	1	0	0	0	0	0
AF	0	0.273267	2	2	0	0	0	0	0
AF	0	0.275141	1	1	0	0	0	0	0
AF	0	0.277327	1	0	1	0	0	0	0
AF	0	0.281387	1	1	0	0	0	0	0
AF	0	0.283885	6	2	4	0	0	0	0
AF	0	0.284510	3	2	1	0	0	0	0
AF	0	0.286696	1	0	1	0	0	0	0
AF	0	0.287633	1	1	0	0	0	0	0
AF	0	0.288570	1	1	0	0	0	0	0
AF	0	0.290131	2	1	1	0	0	0	0
AF	0	0.290756	2	1	1	0	0	0	0
AF	0	0.291068	1	1	0	0	0	0	0
AF	0	0.291380	4	3	1	0	0	0	0
AF	0	0.291693	5	3	2	0	0	0	0
AF	0	0.292005	2	1	1	0	0	0	0
AF	0	0.292630	1	1	0	0	0	0	0
AF	0	0.293254	1	1	0	0	0	0	0
AF	0	0.294503	2	1	1	0	0	0	0
AF	0	0.296377	1	0	1	0	0	0	0
AF	0	0.300750	1	0	1	0	0	0	0
AF	0	0.301374	1	1	0	0	0	0	0
AF	0	0.302311	1	1	0	0	0	0	0
AF	0	0.305122	1	0	1	0	0	0	0
AF	0	0.305746	1	1	0	0	0	0	0
AF	0	0.306059	3	3	0	0	0	0	0
AF	0	0.306371	4	2	2	0	0	0	0
AF	0	0.306683	1	1	0	0	0	0	0
AF	0	0.306996	3	3	0	0	0	0	0
AF	0	0.307308	2	1	1	0	0	0	0
AF	0	0.307620	2	2	0	0	0	0	0
AF	0	0.307933	2	2	0	0	0	0	0
AF	0	0.310119	3	2	1	0	0	0	0
AF	0	0.310431	1	1	0	0	0	0	0
AF	0	0.311368	1	0	1	0	0	0	0
AF	0	0.311680	1	0	1	0	0	0	0
AF	0	0.312617	1	0	1	0	0	0	0
AF	0	0.313866	1	1	0	0	0	0	0
AF	0	0.314491	1	0	1	0	0	0	0
AF	0	0.315116	3	2	1	0	0	0	0
AF	0	0.315428	1	1	0	0	0	0	0
AF	0	0.315740	6	3	3	0	0	0	0
AF	0	0.316052	1	0	1	0	0	0	0
AF	0	0.316365	1	1	0	0	0	0	0
AF	0	0.316989	2	0	2	0	0	0	0
AF	0	0.317614	5	4	1	0	0	0	0
AF	0	0.317926	1	1	0	0	0	0	0
AF	0	0.318239	2	2	0	0	0	0	0
AF	0	0.318551	3	3	0	0	0	0	0
AF	0	0.318863	3	1	2	0	0	0	0
AF	0	0.320737	1	1	0	0	0	0	0
AF	0	0.322611	2	2	0	0	0	0	0
AF	0	0.322923	2	0	2	0	0	0	0
AF	0	0.323235	2	2	0	0	0	0	0
AF	0	0.325109	2	2	0	0	0	0	0
AF	0	0.325734	2	2	0	0	0	0	0
AF	0	0.326359	1	1	0	0	0	0	0
AF	0	0.326671	1	1	0	0	0	0	0
AF	0	0.326983	1	1	0	0	0	0	0
AF	0	0.328232	1	1	0	0	0	0	0
AF	0	0.329794	1	1	0	0	0	0	0
AF	0	0.330106	1	0	1	0	0	0	0
AF	0	0.330418	6	4	2	0	0	0	0
AF	0	0.330731	7	4	3	0	0	0	0
AF	0	0.331043	3	2	1	0	0	0	0
AF	0	0.331355	8	5	3	0	0	0	0
AF	0	0.331668	1	1	0	0	0	0	0
AF	0	0.332292	1	1	0	0	0	0	0
AF	0	0.332605	1	1	0	0	0	0	0
AF	0	0.334478	1	1	0	0	0	0	0
AF	0	0.334791	1	1	0	0	0	0	0
AF	0	0.336352	1	1	0	0	0	0	0
AF	0	0.338226	1	1	0	0	0	0	0
AF	0	0.339163	2	1	1	0	0	0	0
AF	0	0.339475	1	1	0	0	0	0	0
AF	0	0.340100	1	1	0	0	0	0	0
AF	0	0.340412	1	0	1	0	0	0	0
AF	0	0.341349	1	1	0	0	0	0	0
AF	0	0.342911	1	1	0	0	0	0	0
AF	0	0.343223	1	1	0	0	0	0	0
AF	0	0.343848	1	1	0	0	0	0	0
AF	0	0.344785	1	1	0	0	0	0	0
AF	0	0.345409	5	4	1	0	0	0	0
AF	0	0.346658	2	2	0	0	0	0	0
AF	0	0.347595	1	1	0	0	0	0	0
AF	0	0.348532	1	1	0	0	0	0	0
AF	0	0.349157	5	3	2	0	0	0	0
AF	0	0.349781	1	1	0	0	0	0	0
AF	0	0.351031	2	2	0	0	0	0	0
AF	0	0.352280	1	1	0	0	0	0	0
AF	0	0.354154	1	0	1	0	0	0	0
AF	0	0.354466	1	0	1	0	0	0	0
AF	0	0.355715	1	0	1	0	0	0	0
AF	0	0.356027	1	0	1	0	0	0	0
AF	0	0.357901	1	1	0	0	0	0	0
AF	0	0.359775	1	1	0	0	0	0	0
AF	0	0.360400	2	1	1	0	0	0	0
AF	0	0.362274	1	0	1	0	0	0	0
AF	0	0.364772	1	1	0	0	0	0	0
AF	0	0.370706	1	0	1	0	0	0	0
AF	0	0.371330	1	0	1	0	0	0	0
AF	0	0.371643	1	1	0	0	0	0	0
AF	0	0.373517	2	1	1	0	0	0	0
AF	0	0.374766	2	2	0	0	0	0	0
AF	0	0.375078	1	1	0	0	0	0	0
AF	0	0.375390	5	4	1	0	0	0	0
AF	0	0.376015	4	4	0	0	0	0	0
AF	0	0.376640	1	1	0	0	0	0	0
AF	0	0.377264	2	2	0	0	0	0	0
AF	0	0.377889	1	1	0	0	0	0	0
AF	0	0.383198	1	1	0	0	0	0	0
AF	0	0.386321	1	0	1	0	0	0	0
AF	0	0.387258	1	1	0	0	0	0	0
AF	0	0.387570	1	1	0	0	0	0	0
AF	0	0.388507	1	1	0	0	0	0	0
AF	0	0.390381	1	1	0	0	0	0	0
AF	0	0.395378	1	1	0	0	0	0	0
AF	0	0.398813	1	0	1	0	0	0	0
AF	0	0.400687	1	0	1	0	0	0	0
AF	0	0.400999	1	1	0	0	0	0	0
AF	0	0.402249	1	0	1	0	0	0	0
AF	0	0.402873	1	1	0	0	0	0	0
AF	0	0.405996	2	2	0	0	0	0	0
AF	0	0.406621	1	1	0	0	0	0	0
AF	0	0.410369	1	0	1	0	0	0	0
AF	0	0.419738	1	0	1	0	0	0	0
AF	0	0.420675	1	1	0	0	0	0	0
AF	0	0.422236	2	2	0	0	0	0	0
AF	0	0.425359	1	1	0	0	0	0	0
AF	0	0.430044	3	2	1	0	0	0	0
AF	0	0.438476	1	1	0	0	0	0	0
AF	0	0.442848	1	1	0	0	0	0	0
AF	0	0.443785	1	1	0	0	0	0	0
AF	0	0.452530	1	1	0	0	0	0	0
AF	0	0.463773	1	1	0	0	0	0	0
AF	0	0.465646	1	1	0	0	0	0	0
AF	0	0.466896	2	1	1	0	0	0	0
AF	0	0.473142	1	1	0	0	0	0	0
AF	0	0.483136	1	0	1	0	0	0	0
AF	0	0.510306	1	1	0	0	0	0	0
AF	0	0.515615	1	0	1	0	0	0	0
AF	0	0.516864	1	1	0	0	0	0	0
AF	0	0.518114	1	1	0	0	0	0	0
AF	0	0.519363	1	1	0	0	0	0	0
AF	0	0.521549	1	0	1	0	0	0	0
AF	0	0.523423	2	2	0	0	0	0	0
AF	0	0.524047	1	1	0	0	0	0	0
AF	0	0.525921	1	0	1	0	0	0	0
AF	0	0.526234	1	1	0	0	0	0	0
AF	0	0.526546	1	0	1	0	0	0	0
AF	0	0.528732	2	1	1	0	0	0	0
AF	0	0.529981	1	0	1	0	0	0	0
AF	0	0.530606	1	1	0	0	0	0	0
AF	0	0.532792	1	0	1	0	0	0	0
AF	0	0.534978	1	0	1	0	0	0	0
AF	0	0.536540	2	1	1	0	0	0	0
AF	0	0.539975	2	1	1	0	0	0	0
AF	0	0.541224	1	0	1	0	0	0	0
AF	0	0.542473	1	1	0	0	0	0	0
AF	0	0.542786	1	1	0	0	0	0	0
AF	0	0.544347	1	0	1	0	0	0	0
AF	0	0.547783	1	0	1	0	0	0	0
AF	0	0.548407	1	1	0	0	0	0	0
AF	0	0.553092	1	0	1	0	0	0	0
AF	0	0.553404	1	1	0	0	0	0	0
AF	0	0.554341	1	1	0	0	0	0	0
AF	0	0.554653	1	1	0	0	0	0	0
AF	0	0.554966	1	1	0	0	0	0	0
AF	0	0.555278	1	1	0	0	0	0	0
AF	0	0.555590	1	1	0	0	0	0	0
AF	0	0.557152	1	1	0	0	0	0	0
AF	0	0.557464	1	1	0	0	0	0	0
AF	0	0.559650	1	0	1	0	0	0	0
AF	0	0.563398	2	1	1	0	0	0	0
AF	0	0.564647	1	0	1	0	0	0	0
AF	0	0.565584	1	1	0	0	0	0	0
AF	0	0.565896	2	1	1	0	0	0	0
AF	0	0.569019	1	0	1	0	0	0	0
AF	0	0.573704	2	1	1	0	0	0	0
AF	0	0.574016	6	5	1	0	0	0	0
AF	0	0.574641	2	2	0	0	0	0	0
AF	0	0.575265	1	0	1	0	0	0	0
AF	0	0.575578	1	1	0	0	0	0	0
AF	0	0.578389	2	1	1	0	0	0	0
AF	0	0.579013	2	0	2	0	0	0	0
AF	0	0.579638	1	0	1	0	0	0	0
AF	0	0.580262	6	6	0	0	0	0	0
AF	0	0.581199	1	0	1	0	0	0	0
AF	0	0.582136	1	1	0	0	0	0	0
AF	0	0.583073	1	0	1	0	0	0	0
AF	0	0.583385	1	1	0	0	0	0	0
AF	0	0.584635	2	1	1	0	0	0	0
AF	0	0.585884	1	1	0	0	0	0	0
AF	0	0.586196	1	1	0	0	0	0	0
AF	0	0.586508	1	1	0	0	0	0	0
AF	0	0.586821	1	0	1	0	0	0	0
AF	0	0.587758	1	1	0	0	0	0	0
AF	0	0.588382	1	1	0	0	0	0	0
AF	0	0.589007	1	1	0	0	0	0	0
AF	0	0.589944	2	2	0	0	0	0	0
AF	0	0.593067	1	1	0	0	0	0	0
AF	0	0.594941	1	1	0	0	0	0	0
AF	0	0.596502	1	1	0	0	0	0	0
AF	0	0.597127	1	0	1	0	0	0	0
AF	0	0.597439	1	0	1	0	0	0	0
AF	0	0.598064	1	0	1	0	0	0	0
AF	0	0.598688	1	1	0	0	0	0	0
AF	0	0.599001	1	1	0	0	0	0	0
AF	0	0.599313	1	1	0	0	0	0	0
AF	0	0.599625	2	2	0	0	0	0	0
AF	0	0.599938	1	0	1	0	0	0	0
AF	0	0.600250	1	1	0	0	0	0	0
AF	0	0.600562	4	3	1	0	0	0	0
AF	0	0.600874	4	2	2	0	0	0	0
AF	0	0.601499	2	2	0	0	0	0	0
AF	0	0.602748	1	0	1	0	0	0	0
AF	0	0.603373	1	1	0	0	0	0	0
AF	0	0.603998	1	0	1	0	0	0	0
AF	0	0.604310	1	1	0	0	0	0	0
AF	0	0.605871	1	1	0	0	0	0	0
AF	0	0.606184	2	2	0	0	0	0	0
AF	0	0.606496	1	1	0	0	0	0	0
AF	0	0.607121	3	3	0	0	0	0	0
AF	0	0.608682	2	1	1	0	0	0	0
AF	0	0.608994	2	1	1	0	0	0	0
AF	0	0.609307	1	1	0	0	0	0	0
AF	0	0.609619	1	1	0	0	0	0	0
AF	0	0.610244	1	1	0	0	0	0	0
AF	0	0.610556	2	2	0	0	0	0	0
AF	0	0.610868	2	2	0	0	0	0	0
AF	0	0.612117	2	2	0	0	0	0	0
AF	0	0.612430	2	2	0	0	0	0	0
AF	0	0.612742	5	4	1	0	0	0	0
AF	0	0.613054	1	1	0	0	0	0	0
AF	0	0.613367	2	2	0	0	0	0	0
AF	0	0.613679	1	1	0	0	0	0	0
AF	0	0.614304	1	1	0	0	0	0	0
AF	0	0.614616	1	1	0	0	0	0	0
AF	0	0.614928	1	1	0	0	0	0	0
AF	0	0.615553	2	2	0	0	0	0	0
AF	0	0.615865	1	1	0	0	0	0	0
AF	0	0.616177	1	1	0	0	0	0	0
AF	0	0.616490	2	1	1	0	0	0	0
AF	0	0.617114	2	0	2	0	0	0	0
AF	0	0.617427	2	1	1	0	0	0	0
AF	0	0.617739	1	1	0	0	0	0	0
AF	0	0.618051	1	1	0	0	0	0	0
AF	0	0.618364	1	0	1	0	0	0	0
AF	0	0.618676	4	1	3	0	0	0	0
AF	0	0.618988	2	2	0	0	0	0	0
AF	0	0.619613	2	0	2	0	0	0	0
AF	0	0.619925	1	1	0	0	0	0	0
AF	0	0.620237	2	0	2	0	0	0	0
AF	0	0.620550	1	0	1	0	0	0	0
AF	0	0.620862	2	2	0	0	0	0	0
AF	0	0.621174	1	1	0	0	0	0	0
AF	0	0.621487	1	0	1	0	0	0	0
AF	0	0.622736	2	1	1	0	0	0	0
AF	0	0.623048	2	2	0	0	0	0	0
AF	0	0.623360	1	1	0	0	0	0	0
AF	0	0.624610	1	0	1	0	0	0	0
AF	0	0.624922	1	1	0	0	0	0	0
AF	0	0.625234	2	1	1	0	0	0	0
AF	0	0.626171	1	1	0	0	0	0	0
AF	0	0.626483	1	1	0	0	0	0	0
AF	0	0.627420	1	1	0	0	0	0	0
AF	0	0.627733	1	1	0	0	0	0	0
AF	0	0.628670	2	2	0	0	0	0	0
AF	0	0.628982	2	2	0	0	0	0	0
AF	0	0.629294	1	1	0	0	0	0	0
AF	0	0.629606	1	1	0	0	0	0	0
AF	0	0.630231	1	0	1	0	0	0	0
AF	0	0.631480	1	0	1	0	0	0	0
AF	0	0.632105	1	1	0	0	0	0	0
AF	0	0.632417	1	1	0	0	0	0	0
AF	0	0.633354	1	0	1	0	0	0	0
AF	0	0.633979	2	2	0	0	0	0	0
AF	0	0.634603	1	0	1	0	0	0	0
AF	0	0.635228	1	1	0	0	0	0	0
AF	0	0.635853	1	1	0	0	0	0	0
AF	0	0.636477	4	3	1	0	0	0	0
AF	0	0.636790	2	2	0	0	0	0	0
AF	0	0.637102	6	5	1	0	0	0	0
AF	0	0.637414	1	0	1	0	0	0	0
AF	0	0.637726	3	3	0	0	0	0	0
AF	0	0.638976	1	1	0	0	0	0	0
AF	0	0.639913	1	0	1	0	0	0	0
AF	0	0.643348	1	1	0	0	0	0	0
AF	0	0.643660	1	1	0	0	0	0	0
AF	0	0.643973	1	1	0	0	0	0	0
AF	0	0.644285	2	1	1	0	0	0	0
AF	0	0.644597	1	1	0	0	0	0	0
AF	0	0.644909	1	1	0	0	0	0	0
AF	0	0.646471	2	1	1	0	0	0	0
AF	0	0.647096	3	3	0	0	0	0	0
AF	0	0.647720	1	1	0	0	0	0	0
AF	0	0.648969	1	0	1	0	0	0	0
AF	0	0.649594	1	0	1	0	0	0	0
AF	0	0.650219	1	1	0	0	0	0	0
AF	0	0.650531	2	2	0	0	0	0	0
AF	0	0.650843	2	1	1	0	0	0	0
AF	0	0.651156	1	1	0	0	0	0	0
AF	0	0.651468	3	1	2	0	0	0	0
AF	0	0.651780	2	1	1	0	0	0	0
AF	0	0.652405	2	2	0	0	0	0	0
AF	0	0.653654	1	1	0	0	0	0	0
AF	0	0.653966	2	2	0	0	0	0	0
AF	0	0.655215	1	1	0	0	0	0	0
AF	0	0.655528	2	2	0	0	0	0	0
AF	0	0.655840	2	1	1	0	0	0	0
AF	0	0.656152	1	1	0	0	0	0	0
AF	0	0.656465	2	2	0	0	0	0	0
AF	0	0.657089	1	1	0	0	0	0	0
AF	0	0.658339	1	1	0	0	0	0	0
AF	0	0.658963	2	0	2	0	0	0	0
AF	0	0.660212	3	2	1	0	0	0	0
AF	0	0.660525	2	1	1	0	0	0	0
AF	0	0.660837	2	2	0	0	0	0	0
AF	0	0.661462	2	1	1	0	0	0	0
AF	0	0.662086	3	1	2	0	0	0	0
AF	0	0.662711	2	1	1	0	0	0	0
AF	0	0.663023	1	1	0	0	0	0	0
AF	0	0.663335	3	2	1	0	0	0	0
AF	0	0.663648	1	1	0	0	0	0	0
AF	0	0.664585	2	1	1	0	0	0	0
AF	0	0.665209	2	1	1	0	0	0	0
AF	0	0.667083	1	0	1	0	0	0	0
AF	0	0.667395	1	1	0	0	0	0	0
AF	0	0.667708	1	1	0	0	0	0	0
AF	0	0.668020	1	0	1	0	0	0	0
AF	0	0.669582	1	1	0	0	0	0	0
AF	0	0.669894	1	1	0	0	0	0	0
AF	0	0.673017	2	1	1	0	0	0	0
AF	0	0.673329	2	1	1	0	0	0	0
AF	0	0.673641	6	5	1	0	0	0	0
AF	0	0.673954	2	2	0	0	0	0	0
AF	0	0.674266	3	1	2	0	0	0	0
AF	0	0.674578	2	1	1	0	0	0	0
AF	0	0.674891	1	0	1	0	0	0	0
AF	0	0.675515	3	3	0	0	0	0	0
AF	0	0.675828	1	1	0	0	0	0	0
AF	0	0.676140	2	2	0	0	0	0	0
AF	0	0.676452	3	1	2	0	0	0	0
AF	0	0.676765	2	2	0	0	0	0	0
AF	0	0.677389	3	3	0	0	0	0	0
AF	0	0.678014	2	2	0	0	0	0	0
AF	0	0.678326	2	1	1	0	0	0	0
AF	0	0.678638	2	1	1	0	0	0	0
AF	0	0.678951	1	1	0	0	0	0	0
AF	0	0.679263	4	2	2	0	0	0	0
AF	0	0.679575	5	4	1	0	0	0	0
AF	0	0.679888	4	3	1	0	0	0	0
AF	0	0.680200	1	1	0	0	0	0	0
AF	0	0.680824	1	0	1	0	0	0	0
AF	0	0.681137	2	2	0	0	0	0	0
AF	0	0.681449	1	1	0	0	0	0	0
AF	0	0.682074	3	2	1	0	0	0	0
AF	0	0.682386	3	2	1	0	0	0	0
AF	0	0.683323	1	1	0	0	0	0	0
AF	0	0.683635	3	0	3	0	0	0	0
AF	0	0.683948	1	1	0	0	0	0	0
AF	0	0.684884	1	0	1	0	0	0	0
AF	0	0.685197	1	1	0	0	0	0	0
AF	0	0.685509	2	1	1	0	0	0	0
AF	0	0.686134	1	1	0	0	0	0	0
AF	0	0.686446	2	2	0	0	0	0	0
AF	0	0.686758	1	1	0	0	0	0	0
AF	0	0.687695	1	1	0	0	0	0	0
AF	0	0.688320	1	0	1	0	0	0	0
AF	0	0.688632	1	0	1	0	0	0	0
AF	0	0.688944	1	0	1	0	0	0	0
AF	0	0.691131	1	1	0	0	0	0	0
AF	0	0.692067	1	0	1	0	0	0	0
AF	0	0.692380	1	1	0	0	0	0	0
AF	0	0.693629	1	1	0	0	0	0	0
AF	0	0.693941	1	0	1	0	0	0	0
AF	0	0.694254	2	0	2	0	0	0	0
AF	0	0.694878	2	1	1	0	0	0	0
AF	0	0.695815	1	0	1	0	0	0	0
AF	0	0.699875	2	2	0	0	0	0	0
AF	0	0.701124	1	1	0	0	0	0	0
AF	0	0.703935	1	1	0	0	0	0	0
AF	0	0.704247	1	1	0	0	0	0	0
AF	0	0.705184	1	1	0	0	0	0	0
AF	0	0.706121	1	0	1	0	0	0	0
AF	0	0.706746	1	1	0	0	0	0	0
AF	0	0.707370	7	5	2	0	0	0	0
AF	0	0.707683	3	2	1	0	0	0	0
AF	0	0.707995	3	2	1	0	0	0	0
AF	0	0.709869	1	0	1	0	0	0	0
AF	0	0.710181	2	1	1	0	0	0	0
AF	0	0.711118	2	2	0	0	0	0	0
AF	0	0.711743	1	1	0	0	0	0	0
AF	0	0.712055	1	0	1	0	0	0	0
AF	0	0.714553	1	0	1	0	0	0	0
AF	0	0.715178	1	1	0	0	0	0	0
AF	0	0.715490	1	1	0	0	0	0	0
AF	0	0.716115	1	0	1	0	0	0	0
AF	0	0.716740	1	0	1	0	0	0	0
AF	0	0.718301	1	0	1	0	0	0	0
AF	0	0.718613	1	0	1	0	0	0	0
AF	0	0.718926	1	0	1	0	0	0	0
AF	0	0.719863	1	1	0	0	0	0	0
AF	0	0.724859	1	1	0	0	0	0	0
AF	0	0.726733	1	0	1	0	0	0	0
AF	0	0.732979	1	1	0	0	0	0	0
AF	0	0.737039	1	0	1	0	0	0	0
AF	0	0.737352	2	1	1	0	0	0	0
AF	0	0.738289	1	1	0	0	0	0	0
AF	0	0.738601	1	1	0	0	0	0	0
AF	0	0.738913	1	1	0	0	0	0	0
AF	0	0.739225	1	1	0	0	0	0	0
AF	0	0.740162	1	1	0	0	0	0	0
AF	0	0.740475	3	2	1	0	0	0	0
AF	0	0.740787	1	1	0	0	0	0	0
AF	0	0.741412	2	2	0	0	0	0	0
AF	0	0.741724	1	0	1	0	0	0	0
AF	0	0.742036	1	1	0	0	0	0	0
AF	0	0.742973	1	1	0	0	0	0	0
AF	0	0.743598	1	0	1	0	0	0	0
AF	0	0.744222	1	1	0	0	0	0	0
AF	0	0.744847	1	0	1	0	0	0	0
AF	0	0.747033	1	1	0	0	0	0	0
AF	0	0.747345	1	1	0	0	0	0	0
AF	0	0.747658	1	1	0	0	0	0	0
AF	0	0.747970	1	0	1	0	0	0	0
AF	0	0.748595	1	1	0	0	0	0	0
AF	0	0.750156	4	1	3	0	0	0	0
AF	0	0.750468	1	1	0	0	0	0	0
AF	0	0.753592	1	0	1	0	0	0	0
AF	0	0.755778	1	0	1	0	0	0	0
AF	0	0.757027	1	1	0	0	0	0	0
AF	0	0.757651	1	1	0	0	0	0	0
AF	0	0.757964	1	1	0	0	0	0	0
AF	0	0.758901	1	0	1	0	0	0	0
AF	0	0.759213	1	1	0	0	0	0	0
AF	0	0.759838	1	0	1	0	0	0	0
AF	0	0.763273	1	0	1	0	0	0	0
AF	0	0.764834	1	1	0	0	0	0	0
AF	0	0.765147	1	1	0	0	0	0	0
AF	0	0.768270	1	1	0	0	0	0	0
AF	0	0.769519	1	1	0	0	0	0	0
AF	0	0.769831	3	0	3	0	0	0	0
AF	0	0.770456	1	0	1	0	0	0	0
AF	0	0.772954	1	1	0	0	0	0	0
AF	0	0.773579	1	1	0	0	0	0	0
AF	0	0.774204	1	1	0	0	0	0	0
AF	0	0.779513	1	0	1	0	0	0	0
AF	0	0.781387	1	1	0	0	0	0	0
AF	0	0.783260	2	2	0	0	0	0	0
AF	0	0.783885	1	1	0	0	0	0	0
AF	0	0.785447	1	0	1	0	0	0	0
AF	0	0.785759	3	1	2	0	0	0	0
AF	0	0.787008	1	1	0	0	0	0	0
AF	0	0.788257	2	2	0	0	0	0	0
AF	0	0.788882	1	0	1	0	0	0	0
AF	0	0.789194	2	1	1	0	0	0	0
AF	0	0.789507	2	1	1	0	0	0	0
AF	0	0.792005	1	1	0	0	0	0	0
AF	0	0.792630	2	2	0	0	0	0	0
AF	0	0.793879	1	1	0	0	0	0	0
AF	0	0.794503	5	4	1	0	0	0	0
AF	0	0.794816	3	3	0	0	0	0	0
AF	0	0.795128	8	6	2	0	0	0	0
AF	0	0.795753	3	1	2	0	0	0	0
AF	0	0.796065	1	1	0	0	0	0	0
AF	0	0.797002	1	0	1	0	0	0	0
AF	0	0.797939	2	2	0	0	0	0	0
AF	0	0.798251	1	1	0	0	0	0	0
AF	0	0.798563	1	1	0	0	0	0	0
AF	0	0.799500	3	2	1	0	0	0	0
AF	0	0.799813	1	0	1	0	0	0	0
AF	0	0.800125	3	1	2	0	0	0	0
AF	0	0.800437	1	0	1	0	0	0	0
AF	0	0.800750	8	6	2	0	0	0	0
AF	0	0.801062	20	11	9	0	0	0	0
AF	0	0.801374	42	32	10	0	0	0	0
AF	0	0.801686	2	2	0	0	0	0	0
AF	0	0.801999	2	2	0	0	0	0	0
AF	0	0.802623	4	3	1	0	0	0	0
AF	0	0.802936	3	1	2	0	0	0	0
AF	0	0.803248	2	2	0	0	0	0	0
AF	0	0.803873	1	1	0	0	0	0	0
AF	0	0.804809	1	1	0	0	0	0	0
AF	0	0.805434	2	1	1	0	0	0	0
AF	0	0.805746	1	1	0	0	0	0	0
AF	0	0.806371	6	5	1	0	0	0	0
AF	0	0.806683	1	1	0	0	0	0	0
AF	0	0.806996	2	1	1	0	0	0	0
AF	0	0.807308	2	0	2	0	0	0	0
AF	0	0.807620	1	1	0	0	0	0	0
AF	0	0.808245	5	4	1	0	0	0	0
AF	0	0.808869	4	4	0	0	0	0	0
AF	0	0.809182	2	1	1	0	0	0	0
AF	0	0.809494	1	1	0	0	0	0	0
AF	0	0.810119	1	1	0	0	0	0	0
AF	0	0.810431	2	2	0	0	0	0	0
AF	0	0.811368	1	1	0	0	0	0	0
AF	0	0.811680	2	1	1	0	0	0	0
AF	0	0.811993	1	0	1	0	0	0	0
AF	0	0.812617	2	2	0	0	0	0	0
AF	0	0.812929	1	1	0	0	0	0	0
AF	0	0.813554	1	1	0	0	0	0	0
AF	0	0.813866	2	1	1	0	0	0	0
AF	0	0.814179	2	2	0	0	0	0	0
AF	0	0.814491	1	0	1	0	0	0	0
AF	0	0.814803	4	2	2	0	0	0	0
AF	0	0.815116	18	13	5	0	0	0	0
AF	0	0.815428	10	7	3	0	0	0	0
AF	0	0.815740	7	3	4	0	0	0	0
AF	0	0.816365	4	4	0	0	0	0	0
AF	0	0.816677	4	2	2	0	0	0	0
AF	0	0.816989	13	7	6	0	0	0	0
AF	0	0.817302	1	1	0	0	0	0	0
AF	0	0.817926	2	2	0	0	0	0	0
AF	0	0.818239	6	4	2	0	0	0	0
AF	0	0.818551	9	6	3	0	0	0	0
AF	0	0.818863	4	3	1	0	0	0	0
AF	0	0.819176	1	1	0	0	0	0	0
AF	0	0.819488	5	2	3	0	0	0	0
AF	0	0.819800	4	3	1	0	0	0	0
AF	0	0.820112	7	6	1	0	0	0	0
AF	0	0.820425	5	4	1	0	0	0	0
AF	0	0.820737	15	10	5	0	0	0	0
AF	0	0.821049	5	3	2	0	0	0	0
AF	0	0.821362	3	2	1	0	0	0	0
AF	0	0.822299	1	1	0	0	0	0	0
AF	0	0.822611	3	1	2	0	0	0	0
AF	0	0.823235	4	3	1	0	0	0	0
AF	0	0.823860	3	1	2	0	0	0	0
AF	0	0.824172	2	0	2	0	0	0	0
AF	0	0.824485	3	2	1	0	0	0	0
AF	0	0.824797	1	0	1	0	0	0	0
AF	0	0.825109	1	0	1	0	0	0	0
AF	0	0.825422	1	0	1	0	0	0	0
AF	0	0.826046	1	1	0	0	0	0	0
AF	0	0.826671	1	1	0	0	0	0	0
AF	0	0.827608	3	3	0	0	0	0	0
AF	0	0.827920	1	1	0	0	0	0	0
AF	0	0.828857	1	0	1	0	0	0	0
AF	0	0.829482	2	2	0	0	0	0	0
AF	0	0.830106	3	2	1	0	0	0	0
AF	0	0.830731	3	2	1	0	0	0	0
AF	0	0.831980	1	0	1	0	0	0	0
AF	0	0.832292	1	1	0	0	0	0	0
AF	0	0.833229	2	1	1	0	0	0	0
AF	0	0.833854	6	4	2	0	0	0	0
AF	0	0.834166	5	3	2	0	0	0	0
AF	0	0.834478	4	3	1	0	0	0	0
AF	0	0.834791	1	1	0	0	0	0	0
AF	0	0.835103	3	2	1	0	0	0	0
AF	0	0.836665	1	1	0	0	0	0	0
AF	0	0.836977	1	1	0	0	0	0	0
AF	0	0.838851	2	2	0	0	0	0	0
AF	0	0.839475	6	4	2	0	0	0	0
AF	0	0.840100	2	0	2	0	0	0	0
AF	0	0.840725	1	1	0	0	0	0	0
AF	0	0.841349	1	0	1	0	0	0	0
AF	0	0.842286	1	1	0	0	0	0	0
AF	0	0.842598	1	0	1	0	0	0	0
AF	0	0.843223	4	3	1	0	0	0	0
AF	0	0.843848	2	0	2	0	0	0	0
AF	0	0.844160	1	1	0	0	0	0	0
AF	0	0.844472	2	1	1	0	0	0	0
AF	0	0.845097	2	2	0	0	0	0	0
AF	0	0.845409	2	1	1	0	0	0	0
AF	0	0.845721	1	1	0	0	0	0	0
AF	0	0.846346	1	1	0	0	0	0	0
AF	0	0.846971	1	1	0	0	0	0	0
AF	0	0.847283	1	1	0	0	0	0	0
AF	0	0.847595	5	3	2	0	0	0	0
AF	0	0.847908	2	1	1	0	0	0	0
AF	0	0.848220	1	1	0	0	0	0	0
AF	0	0.849157	1	0	1	0	0	0	0
AF	0	0.850094	2	1	1	0	0	0	0
AF	0	0.850718	2	1	1	0	0	0	0
AF	0	0.851031	1	0	1	0	0	0	0
AF	0	0.852592	1	1	0	0	0	0	0
AF	0	0.853217	5	4	1	0	0	0	0
AF	0	0.853529	2	2	0	0	0	0	0
AF	0	0.853841	4	3	1	0	0	0	0
AF	0	0.854154	3	3	0	0	0	0	0
AF	0	0.854466	1	0	1	0	0	0	0
AF	0	0.854778	3	2	1	0	0	0	0
AF	0	0.855403	1	0	1	0	0	0	0
AF	0	0.856340	2	2	0	0	0	0	0
AF	0	0.856964	2	1	1	0	0	0	0
AF	0	0.858214	1	1	0	0	0	0	0
AF	0	0.858526	1	1	0	0	0	0	0
AF	0	0.858838	2	2	0	0	0	0	0
AF	0	0.859151	2	1	1	0	0	0	0
AF	0	0.859463	6	3	3	0	0	0	0
AF	0	0.859775	1	1	0	0	0	0	0
AF	0	0.860087	1	1	0	0	0	0	0
AF	0	0.861337	1	1	0	0	0	0	0
AF	0	0.863210	1	1	0	0	0	0	0
AF	0	0.863835	4	1	3	0	0	0	0
AF	0	0.864147	1	1	0	0	0	0	0
AF	0	0.865084	3	1	2	0	0	0	0
AF	0	0.865397	3	2	1	0	0	0	0
AF	0	0.865709	1	1	0	0	0	0	0
AF	0	0.866021	1	1	0	0	0	0	0
AF	0	0.866334	1	0	1	0	0	0	0
AF	0	0.866958	1	0	1	0	0	0	0
AF	0	0.867583	1	0	1	0	0	0	0
AF	0	0.868207	1	1	0	0	0	0	0
AF	0	0.868520	1	1	0	0	0	0	0
AF	0	0.868832	3	1	2	0	0	0	0
AF	0	0.869457	1	1	0	0	0	0	0
AF	0	0.870081	4	3	1	0	0	0	0
AF	0	0.871955	1	1	0	0	0	0	0
AF	0	0.872267	1	0	1	0	0	0	0
AF	0	0.873204	1	0	1	0	0	0	0
AF	0	0.874766	1	1	0	0	0	0	0
AF	0	0.876327	1	0	1	0	0	0	0
AF	0	0.876640	2	2	0	0	0	0	0
AF	0	0.876952	1	1	0	0	0	0	0
AF	0	0.877577	1	0	1	0	0	0	0
AF	0	0.877889	2	2	0	0	0	0	0
AF	0	0.878201	1	0	1	0	0	0	0
AF	0	0.878513	1	0	1	0	0	0	0
AF	0	0.878826	1	1	0	0	0	0	0
AF	0	0.879138	2	1	1	0	0	0	0
AF	0	0.879450	3	3	0	0	0	0	0
AF	0	0.879763	1	1	0	0	0	0	0
AF	0	0.880075	3	1	2	0	0	0	0
AF	0	0.880700	2	1	1	0	0	0	0
AF	0	0.881949	1	1	0	0	0	0	0
AF	0	0.882261	2	1	1	0	0	0	0
AF	0	0.882573	2	2	0	0	0	0	0
AF	0	0.882886	2	0	2	0	0	0	0
AF	0	0.883198	3	2	1	0	0	0	0
AF	0	0.883510	3	3	0	0	0	0	0
AF	0	0.884760	1	1	0	0	0	0	0
AF	0	0.885384	1	1	0	0	0	0	0
AF	0	0.885696	3	3	0	0	0	0	0
AF	0	0.886009	3	2	1	0	0	0	0
AF	0	0.886321	10	3	7	0	0	0	0
AF	0	0.886633	2	2	0	0	0	0	0
AF	0	0.886946	10	7	3	0	0	0	0
AF	0	0.887258	2	0	2	0	0	0	0
AF	0	0.887570	1	1	0	0	0	0	0
AF	0	0.890069	1	0	1	0	0	0	0
AF	0	0.890381	3	0	3	0	0	0	0
AF	0	0.891318	1	1	0	0	0	0	0
AF	0	0.891943	2	2	0	0	0	0	0
AF	0	0.892255	4	2	2	0	0	0	0
AF	0	0.892879	7	7	0	0	0	0	0
AF	0	0.893192	2	1	1	0	0	0	0
AF	0	0.893504	6	3	3	0	0	0	0
AF	0	0.893816	2	2	0	0	0	0	0
AF	0	0.894129	16	12	4	0	0	0	0
AF	0	0.894441	1	1	0	0	0	0	0
AF	0	0.894753	1	1	0	0	0	0	0
AF	0	0.895690	1	1	0	0	0	0	0
AF	0	0.896627	1	1	0	0	0	0	0
AF	0	0.899438	1	1	0	0	0	0	0
AF	0	0.899750	1	0	1	0	0	0	0
AF	0	0.900062	1	1	0	0	0	0	0
AF	0	0.900999	1	1	0	0	0	0	0
AF	0	0.904122	1	0	1	0	0	0	0
AF	0	0.904435	1	1	0	0	0	0	0
AF	0	0.904747	2	2	0	0	0	0	0
AF	0	0.905059	1	0	1	0	0	0	0
AF	0	0.905372	3	3	0	0	0	0	0
AF	0	0.908807	1	1	0	0	0	0	0
AF	0	0.911930	3	1	2	0	0	0	0
AF	0	0.912242	1	1	0	0	0	0	0
AF	0	0.913492	1	1	0	0	0	0	0
AF	0	0.914741	1	1	0	0	0	0	0
AF	0	0.915365	2	1	1	0	0	0	0
AF	0	0.915990	1	1	0	0	0	0	0
AF	0	0.916927	1	1	0	0	0	0	0
AF	0	0.917239	5	3	2	0	0	0	0
AF	0	0.917864	1	1	0	0	0	0	0
AF	0	0.918176	1	1	0	0	0	0	0
AF	0	0.918488	4	4	0	0	0	0	0
AF	0	0.919113	1	1	0	0	0	0	0
AF	0	0.920050	3	2	1	0	0	0	0
AF	0	0.921611	3	2	1	0	0	0	0
AF	0	0.921924	1	1	0	0	0	0	0
AF	0	0.922236	2	1	1	0	0	0	0
AF	0	0.922548	1	0	1	0	0	0	0
AF	0	0.922861	8	2	6	0	0	0	0
AF	0	0.923173	4	3	1	0	0	0	0
AF	0	0.923485	1	1	0	0	0	0	0
AF	0	0.923798	1	0	1	0	0	0	0
AF	0	0.924110	1	1	0	0	0	0	0
AF	0	0.924735	3	2	1	0	0	0	0
AF	0	0.925047	2	2	0	0	0	0	0
AF	0	0.925359	6	6	0	0	0	0	0
AF	0	0.925671	2	1	1	0	0	0	0
AF	0	0.925984	2	0	2	0	0	0	0
AF	0	0.926608	1	0	1	0	0	0	0
AF	0	0.929731	1	1	0	0	0	0	0
AF	0	0.931605	1	0	1	0	0	0	0
AF	0	0.931918	1	1	0	0	0	0	0
AF	0	0.933479	1	1	0	0	0	0	0
AF	0	0.944722	1	0	1	0	0	0	0
AF	0	0.947220	1	1	0	0	0	0	0
AF	0	0.947533	1	0	1	0	0	0	0
AF	0	0.947845	1	1	0	0	0	0	0
AF	0	0.948157	1	1	0	0	0	0	0
AF	0	0.948470	2	1	1	0	0	0	0
AF	0	0.949407	3	2	1	0	0	0	0
AF	0	0.950344	1	1	0	0	0	0	0
AF	0	0.950968	1	1	0	0	0	0	0
AF	0	0.953467	1	1	0	0	0	0	0
AF	0	0.953779	1	0	1	0	0	0	0
AF	0	0.954091	2	1	1	0	0	0	0
AF	0	0.954716	3	3	0	0	0	0	0
AF	0	0.955028	1	1	0	0	0	0	0
AF	0	0.955965	3	2	1	0	0	0	0
AF	0	0.956277	1	1	0	0	0	0	0
AF	0	0.956902	1	0	1	0	0	0	0
AF	0	0.957839	1	1	0	0	0	0	0
AF	0	0.958151	1	0	1	0	0	0	0
AF	0	0.960650	1	1	0	0	0	0	0
AF	0	0.960962	1	0	1	0	0	0	0
AF	0	0.962523	1	1	0	0	0	0	0
AF	0	0.963148	1	0	1	0	0	0	0
AF	0	0.966583	2	2	0	0	0	0	0
AF	0	0.967833	1	1	0	0	0	0	0
AF	0	0.968457	1	0	1	0	0	0	0
AF	0	0.969394	2	2	0	0	0	0	0
AF	0	0.969706	3	2	1	0	0	0	0
AF	0	0.970019	6	4	2	0	0	0	0
AF	0	0.970331	2	1	1	0	0	0	0
AF	0	0.970643	2	2	0	0	0	0	0
AF	0	0.971580	3	2	1	0	0	0	0
AF	0	0.971893	2	1	1	0	0	0	0
AF	0	0.972205	1	1	0	0	0	0	0
AF	0	0.972517	1	0	1	0	0	0	0
AF	0	0.975640	1	1	0	0	0	0	0
AF	0	0.975953	4	3	1	0	0	0	0
AF	0	0.976577	1	1	0	0	0	0	0
AF	0	0.978139	1	1	0	0	0	0	0
AF	0	0.979076	1	0	1	0	0	0	0
AF	0	0.979700	1	1	0	0	0	0	0
AF	0	0.981886	1	1	0	0	0	0	0
AF	0	0.982199	2	2	0	0	0	0	0
AF	0	0.983136	1	0	1	0	0	0	0
AF	0	0.983448	2	2	0	0	0	0	0
AF	0	0.984072	1	1	0	0	0	0	0
AF	0	0.984697	3	2	1	0	0	0	0
AF	0	0.985634	1	0	1	0	0	0	0
AF	0	0.985946	1	0	1	0	0	0	0
AF	0	0.986259	5	3	2	0	0	0	0
AF	0	0.986571	1	1	0	0	0	0	0
AF	0	0.987196	3	1	2	0	0	0	0
AF	0	0.987508	3	0	3	0	0	0	0
AF	0	0.987820	2	2	0	0	0	0	0
AF	0	0.988445	1	1	0	0	0	0	0
AF	0	0.989069	1	1	0	0	0	0	0
AF	0	0.991568	2	1	1	0	0	0	0
AF	0	0.991880	1	1	0	0	0	0	0
AF	0	0.992192	1	1	0	0	0	0	0
AF	0	0.992505	1	1	0	0	0	0	0
AF	0	0.992817	2	1	1	0	0	0	0
AF	0	0.993129	1	0	1	0	0	0	0
AF	0	0.993442	1	1	0	0	0	0	0
AF	0	0.993754	4	4	0	0	0	0	0
AF	0	0.994379	1	0	1	0	0	0	0
AF	0	0.995003	1	1	0	0	0	0	0
AF	0	0.995628	1	0	1	0	0	0	0
AF	0	0.998438	1	0	1	0	0	0	0
AF	0	0.999063	1	0	1	0	0	0	0
# QUAL, Stats by quality
# QUAL	[2]id	[3]Quality	[4]number of SNPs	[5]number of transitions (1st ALT)	[6]number of transversions (1st ALT)	[7]number of indels
QUAL	0	.	15026	10110	4916	0
# IDD, InDel distribution:
# IDD	[2]id	[3]length (deletions negative)	[4]number of sites	[5]number of genotypes	[6]mean VAF
# ST, Substitution types:
# ST	[2]id	[3]type	[4]count
ST	0	A>C	611
ST	0	A>G	2166
ST	0	A>T	584
ST	0	C>A	740
ST	0	C>G	551
ST	0	C>T	2809
ST	0	G>A	2883
ST	0	G>C	580
ST	0	G>T	651
ST	0	T>A	626
ST	0	T>C	2252
ST	0	T>G	573
# DP, Depth distribution
# DP	[2]id	[3]bin	[4]number of genotypes	[5]fraction of genotypes (%)	[6]number of sites	[7]fraction of sites (%)
  - Fix haploid genotypes in males...

Submit MakeDiploidMalesX finished successfully. Let's have a beer, buddy!

