Submit MakeDiploidMalesX
version 1.1.6 (2024-09-30)

These are the settings:
  Input file................: /hpc/local/Rocky8/dhl_ec/software/MonopogenLite/resources/1kGP_high_coverage_Illumina.SNVonly_poly.filtered_AF_5e-04.norm.fixvariantid.chrX.vcf.gz
  Output file...............: /hpc/local/Rocky8/dhl_ec/software/MonopogenLite/resources/1kGP_high_coverage_Illumina.SNVonly_poly.filtered_AF_5e-04.norm.fixvariantid.makediploid.chrX.vcf.gz
  Chunk size................: 100

  SLURM CPUs................: 4
  SLURM Array ID............: 20 (of 100)
  SLURM memory..............: 16G
  SLURM time................: 01:00:00
  SLURM mail type...........: FAIL
  SLURM mail user...........: s.w.vanderlaan-2@umcutrecht.nl

  Dry run mode..............: 0
  Debug mode................: 1
  Verbosity.................: 0
  Version...................: 1.1.6 (2024-09-30)

Making converting haploid genotypes to diploid genotypes.
> Extract the region for this SLURM task (# 20) from the BED file.
  - Get the chunk number from the SLURM array task ID and the bed file...
DEBUG: Extracting chunk number: 20p from 20
DEBUG: Extracting region from BED file: /hpc/local/Rocky8/dhl_ec/software/MonopogenLite/resources/chrX_100pieces.bed
  - Extract the region from the BED file...
DEBUG: Extracted raw region: 'chrX	29647753	31208160' (chunk #: 20p of 100 for job 20)
  - Check if a valid region was extracted -- should be 'chrX	29647753	31208160'...
  - Prepare the region for bcftools...
  - Check if the region (chrX:29647753-31208160) was successfully extracted...
> Processing region 'chrX:29647753-31208160'...
  - Process the specific region (chunk# 20) using bcftools view...
  - Index the VCF file...
DEBUG: Check if the VCF file was successfully processed...
##fileformat=VCFv4.2
##FILTER=<ID=PASS,Description="All filters passed">
##fileDate=29/01/2022 - 14:31:41
##source=shapeit4.2.2
##contig=<ID=chr1,length=248956422>
##contig=<ID=chr2,length=242193529>
##contig=<ID=chr3,length=198295559>
##contig=<ID=chr4,length=190214555>
##contig=<ID=chr5,length=181538259>
##contig=<ID=chr6,length=170805979>
# This file was produced by bcftools stats (1.20+htslib-1.20) and can be plotted using plot-vcfstats.
# The command line was:	bcftools stats  /hpc/local/Rocky8/dhl_ec/software/MonopogenLite/resources/chrX.part20.vcf.gz
#
# Definition of sets:
# ID	[2]id	[3]tab-separated file names
ID	0	/hpc/local/Rocky8/dhl_ec/software/MonopogenLite/resources/chrX.part20.vcf.gz
# SN, Summary numbers:
#   number of records   .. number of data rows in the VCF
#   number of no-ALTs   .. reference-only sites, ALT is either "." or identical to REF
#   number of SNPs      .. number of rows with a SNP
#   number of MNPs      .. number of rows with a MNP, such as CC>TT
#   number of indels    .. number of rows with an indel
#   number of others    .. number of rows with other type, for example a symbolic allele or
#                          a complex substitution, such as ACT>TCGA
#   number of multiallelic sites     .. number of rows with multiple alternate alleles
#   number of multiallelic SNP sites .. number of rows with multiple alternate alleles, all SNPs
# 
#   Note that rows containing multiple types will be counted multiple times, in each
#   counter. For example, a row with a SNP and an indel increments both the SNP and
#   the indel counter.
# 
# SN	[2]id	[3]key	[4]value
SN	0	number of samples:	3202
SN	0	number of records:	16221
SN	0	number of no-ALTs:	0
SN	0	number of SNPs:	16221
SN	0	number of MNPs:	0
SN	0	number of indels:	0
SN	0	number of others:	0
SN	0	number of multiallelic sites:	0
SN	0	number of multiallelic SNP sites:	0
# TSTV, transitions/transversions:
# TSTV	[2]id	[3]ts	[4]tv	[5]ts/tv	[6]ts (1st ALT)	[7]tv (1st ALT)	[8]ts/tv (1st ALT)
TSTV	0	11125	5096	2.18	11125	5096	2.18
# SiS, Singleton stats:
# SiS	[2]id	[3]allele count	[4]number of SNPs	[5]number of transitions	[6]number of transversions	[7]number of indels	[8]repeat-consistent	[9]repeat-inconsistent	[10]not applicable
SiS	0	1	0	0	0	0	0	0	0
# AF, Stats by non-reference allele frequency:
# AF	[2]id	[3]allele frequency	[4]number of SNPs	[5]number of transitions	[6]number of transversions	[7]number of indels	[8]repeat-consistent	[9]repeat-inconsistent	[10]not applicable
AF	0	0.000312	2273	1573	700	0	0	0	0
AF	0	0.000625	1413	997	416	0	0	0	0
AF	0	0.000937	1693	1144	549	0	0	0	0
AF	0	0.001249	642	445	197	0	0	0	0
AF	0	0.001562	835	577	258	0	0	0	0
AF	0	0.001874	380	255	125	0	0	0	0
AF	0	0.002186	542	357	185	0	0	0	0
AF	0	0.002498	269	186	83	0	0	0	0
AF	0	0.002811	371	264	107	0	0	0	0
AF	0	0.003123	173	123	50	0	0	0	0
AF	0	0.003435	321	215	106	0	0	0	0
AF	0	0.003748	151	95	56	0	0	0	0
AF	0	0.004060	264	188	76	0	0	0	0
AF	0	0.004372	105	78	27	0	0	0	0
AF	0	0.004685	234	156	78	0	0	0	0
AF	0	0.004997	76	53	23	0	0	0	0
AF	0	0.005309	170	125	45	0	0	0	0
AF	0	0.005621	96	62	34	0	0	0	0
AF	0	0.005934	148	99	49	0	0	0	0
AF	0	0.006246	67	52	15	0	0	0	0
AF	0	0.006558	146	105	41	0	0	0	0
AF	0	0.006871	65	43	22	0	0	0	0
AF	0	0.007183	131	98	33	0	0	0	0
AF	0	0.007495	55	36	19	0	0	0	0
AF	0	0.007808	103	68	35	0	0	0	0
AF	0	0.008120	40	28	12	0	0	0	0
AF	0	0.008432	103	74	29	0	0	0	0
AF	0	0.008745	58	36	22	0	0	0	0
AF	0	0.009057	97	67	30	0	0	0	0
AF	0	0.009369	45	27	18	0	0	0	0
AF	0	0.009681	107	75	32	0	0	0	0
AF	0	0.009994	70	51	19	0	0	0	0
AF	0	0.010306	88	59	29	0	0	0	0
AF	0	0.010618	53	28	25	0	0	0	0
AF	0	0.010931	72	52	20	0	0	0	0
AF	0	0.011243	39	28	11	0	0	0	0
AF	0	0.011555	73	43	30	0	0	0	0
AF	0	0.011868	22	17	5	0	0	0	0
AF	0	0.012180	53	37	16	0	0	0	0
AF	0	0.012492	26	14	12	0	0	0	0
AF	0	0.012804	56	32	24	0	0	0	0
AF	0	0.013117	31	21	10	0	0	0	0
AF	0	0.013429	62	42	20	0	0	0	0
AF	0	0.013741	17	9	8	0	0	0	0
AF	0	0.014054	43	33	10	0	0	0	0
AF	0	0.014366	15	8	7	0	0	0	0
AF	0	0.014678	33	21	12	0	0	0	0
AF	0	0.014991	28	16	12	0	0	0	0
AF	0	0.015303	35	26	9	0	0	0	0
AF	0	0.015615	21	16	5	0	0	0	0
AF	0	0.015928	39	29	10	0	0	0	0
AF	0	0.016240	19	15	4	0	0	0	0
AF	0	0.016552	42	33	9	0	0	0	0
AF	0	0.016864	22	12	10	0	0	0	0
AF	0	0.017177	51	36	15	0	0	0	0
AF	0	0.017489	20	14	6	0	0	0	0
AF	0	0.017801	45	29	16	0	0	0	0
AF	0	0.018114	13	10	3	0	0	0	0
AF	0	0.018426	53	37	16	0	0	0	0
AF	0	0.018738	24	14	10	0	0	0	0
AF	0	0.019051	52	33	19	0	0	0	0
AF	0	0.019363	20	14	6	0	0	0	0
AF	0	0.019675	24	12	12	0	0	0	0
AF	0	0.019988	26	18	8	0	0	0	0
AF	0	0.020300	21	16	5	0	0	0	0
AF	0	0.020612	18	11	7	0	0	0	0
AF	0	0.020924	30	21	9	0	0	0	0
AF	0	0.021237	9	5	4	0	0	0	0
AF	0	0.021549	28	21	7	0	0	0	0
AF	0	0.021861	11	7	4	0	0	0	0
AF	0	0.022174	21	14	7	0	0	0	0
AF	0	0.022486	7	5	2	0	0	0	0
AF	0	0.022798	26	14	12	0	0	0	0
AF	0	0.023111	11	10	1	0	0	0	0
AF	0	0.023423	11	7	4	0	0	0	0
AF	0	0.023735	13	9	4	0	0	0	0
AF	0	0.024047	33	19	14	0	0	0	0
AF	0	0.024360	17	9	8	0	0	0	0
AF	0	0.024672	25	18	7	0	0	0	0
AF	0	0.024984	18	13	5	0	0	0	0
AF	0	0.025297	26	18	8	0	0	0	0
AF	0	0.025609	17	14	3	0	0	0	0
AF	0	0.025921	29	24	5	0	0	0	0
AF	0	0.026234	13	8	5	0	0	0	0
AF	0	0.026546	23	17	6	0	0	0	0
AF	0	0.026858	6	2	4	0	0	0	0
AF	0	0.027171	17	10	7	0	0	0	0
AF	0	0.027483	9	7	2	0	0	0	0
AF	0	0.027795	15	8	7	0	0	0	0
AF	0	0.028107	5	2	3	0	0	0	0
AF	0	0.028420	25	16	9	0	0	0	0
AF	0	0.028732	9	5	4	0	0	0	0
AF	0	0.029044	33	23	10	0	0	0	0
AF	0	0.029357	23	16	7	0	0	0	0
AF	0	0.029669	33	25	8	0	0	0	0
AF	0	0.029981	16	9	7	0	0	0	0
AF	0	0.030294	17	10	7	0	0	0	0
AF	0	0.030606	5	2	3	0	0	0	0
AF	0	0.030918	12	8	4	0	0	0	0
AF	0	0.031230	12	7	5	0	0	0	0
AF	0	0.031543	26	12	14	0	0	0	0
AF	0	0.031855	8	6	2	0	0	0	0
AF	0	0.032167	17	14	3	0	0	0	0
AF	0	0.032480	7	4	3	0	0	0	0
AF	0	0.032792	21	13	8	0	0	0	0
AF	0	0.033104	12	9	3	0	0	0	0
AF	0	0.033417	28	21	7	0	0	0	0
AF	0	0.033729	30	21	9	0	0	0	0
AF	0	0.034041	17	12	5	0	0	0	0
AF	0	0.034354	13	9	4	0	0	0	0
AF	0	0.034666	24	17	7	0	0	0	0
AF	0	0.034978	5	3	2	0	0	0	0
AF	0	0.035290	17	11	6	0	0	0	0
AF	0	0.035603	9	7	2	0	0	0	0
AF	0	0.035915	19	11	8	0	0	0	0
AF	0	0.036227	11	7	4	0	0	0	0
AF	0	0.036540	6	5	1	0	0	0	0
AF	0	0.036852	8	6	2	0	0	0	0
AF	0	0.037164	9	6	3	0	0	0	0
AF	0	0.037477	6	6	0	0	0	0	0
AF	0	0.037789	10	8	2	0	0	0	0
AF	0	0.038101	5	3	2	0	0	0	0
AF	0	0.038413	8	4	4	0	0	0	0
AF	0	0.038726	14	11	3	0	0	0	0
AF	0	0.039038	11	7	4	0	0	0	0
AF	0	0.039350	6	6	0	0	0	0	0
AF	0	0.039663	6	3	3	0	0	0	0
AF	0	0.039975	2	1	1	0	0	0	0
AF	0	0.040287	11	10	1	0	0	0	0
AF	0	0.040600	1	1	0	0	0	0	0
AF	0	0.040912	9	5	4	0	0	0	0
AF	0	0.041224	3	2	1	0	0	0	0
AF	0	0.041537	11	9	2	0	0	0	0
AF	0	0.041849	6	4	2	0	0	0	0
AF	0	0.042161	11	6	5	0	0	0	0
AF	0	0.042473	6	4	2	0	0	0	0
AF	0	0.042786	9	7	2	0	0	0	0
AF	0	0.043098	7	5	2	0	0	0	0
AF	0	0.043410	10	5	5	0	0	0	0
AF	0	0.043723	5	4	1	0	0	0	0
AF	0	0.044035	18	7	11	0	0	0	0
AF	0	0.044347	3	3	0	0	0	0	0
AF	0	0.044660	11	6	5	0	0	0	0
AF	0	0.044972	3	3	0	0	0	0	0
AF	0	0.045284	6	6	0	0	0	0	0
AF	0	0.045597	6	5	1	0	0	0	0
AF	0	0.045909	6	4	2	0	0	0	0
AF	0	0.046221	6	2	4	0	0	0	0
AF	0	0.046533	9	5	4	0	0	0	0
AF	0	0.046846	9	8	1	0	0	0	0
AF	0	0.047158	6	4	2	0	0	0	0
AF	0	0.047470	3	2	1	0	0	0	0
AF	0	0.047783	8	6	2	0	0	0	0
AF	0	0.048095	3	3	0	0	0	0	0
AF	0	0.048407	8	7	1	0	0	0	0
AF	0	0.048720	3	2	1	0	0	0	0
AF	0	0.049032	6	6	0	0	0	0	0
AF	0	0.049344	6	2	4	0	0	0	0
AF	0	0.049656	9	6	3	0	0	0	0
AF	0	0.049969	4	3	1	0	0	0	0
AF	0	0.050281	17	10	7	0	0	0	0
AF	0	0.050593	4	3	1	0	0	0	0
AF	0	0.050906	4	3	1	0	0	0	0
AF	0	0.051218	3	2	1	0	0	0	0
AF	0	0.051530	10	8	2	0	0	0	0
AF	0	0.051843	3	1	2	0	0	0	0
AF	0	0.052155	7	6	1	0	0	0	0
AF	0	0.052467	10	6	4	0	0	0	0
AF	0	0.052780	19	17	2	0	0	0	0
AF	0	0.053092	12	9	3	0	0	0	0
AF	0	0.053404	4	4	0	0	0	0	0
AF	0	0.053716	4	3	1	0	0	0	0
AF	0	0.054029	9	7	2	0	0	0	0
AF	0	0.054341	8	6	2	0	0	0	0
AF	0	0.054653	5	1	4	0	0	0	0
AF	0	0.054966	4	2	2	0	0	0	0
AF	0	0.055278	3	1	2	0	0	0	0
AF	0	0.055590	4	2	2	0	0	0	0
AF	0	0.055903	5	2	3	0	0	0	0
AF	0	0.056215	4	3	1	0	0	0	0
AF	0	0.056527	5	4	1	0	0	0	0
AF	0	0.056839	2	2	0	0	0	0	0
AF	0	0.057152	9	9	0	0	0	0	0
AF	0	0.057464	4	1	3	0	0	0	0
AF	0	0.057776	5	4	1	0	0	0	0
AF	0	0.058089	4	3	1	0	0	0	0
AF	0	0.058401	4	3	1	0	0	0	0
AF	0	0.058713	2	2	0	0	0	0	0
AF	0	0.059026	4	4	0	0	0	0	0
AF	0	0.059338	2	2	0	0	0	0	0
AF	0	0.059650	7	4	3	0	0	0	0
AF	0	0.059963	4	4	0	0	0	0	0
AF	0	0.060275	5	2	3	0	0	0	0
AF	0	0.060587	4	3	1	0	0	0	0
AF	0	0.060899	6	3	3	0	0	0	0
AF	0	0.061212	6	4	2	0	0	0	0
AF	0	0.061524	8	5	3	0	0	0	0
AF	0	0.061836	1	1	0	0	0	0	0
AF	0	0.062149	14	9	5	0	0	0	0
AF	0	0.062461	1	1	0	0	0	0	0
AF	0	0.062773	4	2	2	0	0	0	0
AF	0	0.063398	9	4	5	0	0	0	0
AF	0	0.064022	3	3	0	0	0	0	0
AF	0	0.064335	2	1	1	0	0	0	0
AF	0	0.064647	4	2	2	0	0	0	0
AF	0	0.064959	2	2	0	0	0	0	0
AF	0	0.065272	4	4	0	0	0	0	0
AF	0	0.065584	2	2	0	0	0	0	0
AF	0	0.065896	5	3	2	0	0	0	0
AF	0	0.066209	4	3	1	0	0	0	0
AF	0	0.066521	8	5	3	0	0	0	0
AF	0	0.067146	4	3	1	0	0	0	0
AF	0	0.067458	4	3	1	0	0	0	0
AF	0	0.067770	7	5	2	0	0	0	0
AF	0	0.068082	3	2	1	0	0	0	0
AF	0	0.068395	13	9	4	0	0	0	0
AF	0	0.068707	3	3	0	0	0	0	0
AF	0	0.069019	5	5	0	0	0	0	0
AF	0	0.069332	4	2	2	0	0	0	0
AF	0	0.069644	6	3	3	0	0	0	0
AF	0	0.069956	4	3	1	0	0	0	0
AF	0	0.070269	8	4	4	0	0	0	0
AF	0	0.070581	1	1	0	0	0	0	0
AF	0	0.070893	9	5	4	0	0	0	0
AF	0	0.071205	2	1	1	0	0	0	0
AF	0	0.071518	4	2	2	0	0	0	0
AF	0	0.071830	5	3	2	0	0	0	0
AF	0	0.072142	9	7	2	0	0	0	0
AF	0	0.072455	1	1	0	0	0	0	0
AF	0	0.072767	7	5	2	0	0	0	0
AF	0	0.073079	6	2	4	0	0	0	0
AF	0	0.073392	6	4	2	0	0	0	0
AF	0	0.073704	2	2	0	0	0	0	0
AF	0	0.074016	3	2	1	0	0	0	0
AF	0	0.074329	1	0	1	0	0	0	0
AF	0	0.074641	6	5	1	0	0	0	0
AF	0	0.074953	3	2	1	0	0	0	0
AF	0	0.075265	8	7	1	0	0	0	0
AF	0	0.075578	2	2	0	0	0	0	0
AF	0	0.075890	7	5	2	0	0	0	0
AF	0	0.076202	1	1	0	0	0	0	0
AF	0	0.076515	4	3	1	0	0	0	0
AF	0	0.076827	3	2	1	0	0	0	0
AF	0	0.077139	3	2	1	0	0	0	0
AF	0	0.077452	3	3	0	0	0	0	0
AF	0	0.077764	3	0	3	0	0	0	0
AF	0	0.078389	6	4	2	0	0	0	0
AF	0	0.078701	2	2	0	0	0	0	0
AF	0	0.079013	3	0	3	0	0	0	0
AF	0	0.079325	4	3	1	0	0	0	0
AF	0	0.079638	5	5	0	0	0	0	0
AF	0	0.079950	1	0	1	0	0	0	0
AF	0	0.080262	3	3	0	0	0	0	0
AF	0	0.080575	1	0	1	0	0	0	0
AF	0	0.080887	4	3	1	0	0	0	0
AF	0	0.081199	3	3	0	0	0	0	0
AF	0	0.081512	2	2	0	0	0	0	0
AF	0	0.081824	1	1	0	0	0	0	0
AF	0	0.082136	3	3	0	0	0	0	0
AF	0	0.082448	2	1	1	0	0	0	0
AF	0	0.082761	3	2	1	0	0	0	0
AF	0	0.083073	3	2	1	0	0	0	0
AF	0	0.083385	11	9	2	0	0	0	0
AF	0	0.084010	3	2	1	0	0	0	0
AF	0	0.084322	1	0	1	0	0	0	0
AF	0	0.084635	6	4	2	0	0	0	0
AF	0	0.084947	2	2	0	0	0	0	0
AF	0	0.085259	1	1	0	0	0	0	0
AF	0	0.085572	2	1	1	0	0	0	0
AF	0	0.085884	3	2	1	0	0	0	0
AF	0	0.086196	2	2	0	0	0	0	0
AF	0	0.086508	5	4	1	0	0	0	0
AF	0	0.086821	5	4	1	0	0	0	0
AF	0	0.087133	4	2	2	0	0	0	0
AF	0	0.087445	1	0	1	0	0	0	0
AF	0	0.087758	3	1	2	0	0	0	0
AF	0	0.088382	4	2	2	0	0	0	0
AF	0	0.089007	2	2	0	0	0	0	0
AF	0	0.089319	1	1	0	0	0	0	0
AF	0	0.089631	2	2	0	0	0	0	0
AF	0	0.089944	3	2	1	0	0	0	0
AF	0	0.090256	5	3	2	0	0	0	0
AF	0	0.090568	5	4	1	0	0	0	0
AF	0	0.090881	3	3	0	0	0	0	0
AF	0	0.091193	1	1	0	0	0	0	0
AF	0	0.091818	5	3	2	0	0	0	0
AF	0	0.092130	5	3	2	0	0	0	0
AF	0	0.092755	3	2	1	0	0	0	0
AF	0	0.093067	4	2	2	0	0	0	0
AF	0	0.093379	4	3	1	0	0	0	0
AF	0	0.093691	1	1	0	0	0	0	0
AF	0	0.094004	4	2	2	0	0	0	0
AF	0	0.094316	3	2	1	0	0	0	0
AF	0	0.094628	1	0	1	0	0	0	0
AF	0	0.094941	3	1	2	0	0	0	0
AF	0	0.095253	2	1	1	0	0	0	0
AF	0	0.095565	2	2	0	0	0	0	0
AF	0	0.095878	2	2	0	0	0	0	0
AF	0	0.096190	4	2	2	0	0	0	0
AF	0	0.096502	3	2	1	0	0	0	0
AF	0	0.096814	4	3	1	0	0	0	0
AF	0	0.097127	2	1	1	0	0	0	0
AF	0	0.097439	3	3	0	0	0	0	0
AF	0	0.097751	2	0	2	0	0	0	0
AF	0	0.098064	2	1	1	0	0	0	0
AF	0	0.098376	3	3	0	0	0	0	0
AF	0	0.098688	4	1	3	0	0	0	0
AF	0	0.099001	6	5	1	0	0	0	0
AF	0	0.099625	7	4	3	0	0	0	0
AF	0	0.100250	3	2	1	0	0	0	0
AF	0	0.100562	1	1	0	0	0	0	0
AF	0	0.100874	2	1	1	0	0	0	0
AF	0	0.101187	2	2	0	0	0	0	0
AF	0	0.101499	1	1	0	0	0	0	0
AF	0	0.102124	3	3	0	0	0	0	0
AF	0	0.102436	1	0	1	0	0	0	0
AF	0	0.102748	5	5	0	0	0	0	0
AF	0	0.103061	3	3	0	0	0	0	0
AF	0	0.103373	2	1	1	0	0	0	0
AF	0	0.103685	4	4	0	0	0	0	0
AF	0	0.103998	5	2	3	0	0	0	0
AF	0	0.104310	1	0	1	0	0	0	0
AF	0	0.104622	11	9	2	0	0	0	0
AF	0	0.104934	3	3	0	0	0	0	0
AF	0	0.105247	7	4	3	0	0	0	0
AF	0	0.105559	1	1	0	0	0	0	0
AF	0	0.105871	6	4	2	0	0	0	0
AF	0	0.106184	2	1	1	0	0	0	0
AF	0	0.106496	2	1	1	0	0	0	0
AF	0	0.106808	3	3	0	0	0	0	0
AF	0	0.107121	3	2	1	0	0	0	0
AF	0	0.107433	2	2	0	0	0	0	0
AF	0	0.107745	5	5	0	0	0	0	0
AF	0	0.108057	1	0	1	0	0	0	0
AF	0	0.108370	5	3	2	0	0	0	0
AF	0	0.108682	3	3	0	0	0	0	0
AF	0	0.108994	1	1	0	0	0	0	0
AF	0	0.109619	1	0	1	0	0	0	0
AF	0	0.109931	1	1	0	0	0	0	0
AF	0	0.110244	3	3	0	0	0	0	0
AF	0	0.110556	2	2	0	0	0	0	0
AF	0	0.110868	2	1	1	0	0	0	0
AF	0	0.111181	1	1	0	0	0	0	0
AF	0	0.111493	1	0	1	0	0	0	0
AF	0	0.111805	1	0	1	0	0	0	0
AF	0	0.112430	4	3	1	0	0	0	0
AF	0	0.112742	4	0	4	0	0	0	0
AF	0	0.113054	4	1	3	0	0	0	0
AF	0	0.113367	2	1	1	0	0	0	0
AF	0	0.113679	7	6	1	0	0	0	0
AF	0	0.114304	3	3	0	0	0	0	0
AF	0	0.114616	1	1	0	0	0	0	0
AF	0	0.114928	4	3	1	0	0	0	0
AF	0	0.115240	6	4	2	0	0	0	0
AF	0	0.115553	35	26	9	0	0	0	0
AF	0	0.115865	6	5	1	0	0	0	0
AF	0	0.116177	6	2	4	0	0	0	0
AF	0	0.116490	1	1	0	0	0	0	0
AF	0	0.116802	2	1	1	0	0	0	0
AF	0	0.117427	7	4	3	0	0	0	0
AF	0	0.117739	2	2	0	0	0	0	0
AF	0	0.118051	3	2	1	0	0	0	0
AF	0	0.118364	1	1	0	0	0	0	0
AF	0	0.118676	2	2	0	0	0	0	0
AF	0	0.118988	3	3	0	0	0	0	0
AF	0	0.119300	2	0	2	0	0	0	0
AF	0	0.119613	2	1	1	0	0	0	0
AF	0	0.119925	5	4	1	0	0	0	0
AF	0	0.120550	5	2	3	0	0	0	0
AF	0	0.120862	3	2	1	0	0	0	0
AF	0	0.121174	4	3	1	0	0	0	0
AF	0	0.121487	1	0	1	0	0	0	0
AF	0	0.121799	4	3	1	0	0	0	0
AF	0	0.122423	3	3	0	0	0	0	0
AF	0	0.122736	2	2	0	0	0	0	0
AF	0	0.123048	2	2	0	0	0	0	0
AF	0	0.123360	1	1	0	0	0	0	0
AF	0	0.123673	3	2	1	0	0	0	0
AF	0	0.123985	1	1	0	0	0	0	0
AF	0	0.124297	2	2	0	0	0	0	0
AF	0	0.124610	1	1	0	0	0	0	0
AF	0	0.125234	1	1	0	0	0	0	0
AF	0	0.126171	2	1	1	0	0	0	0
AF	0	0.126483	1	0	1	0	0	0	0
AF	0	0.126796	4	2	2	0	0	0	0
AF	0	0.127420	3	2	1	0	0	0	0
AF	0	0.127733	1	0	1	0	0	0	0
AF	0	0.128045	4	2	2	0	0	0	0
AF	0	0.128357	1	1	0	0	0	0	0
AF	0	0.128670	5	4	1	0	0	0	0
AF	0	0.128982	1	0	1	0	0	0	0
AF	0	0.129294	5	5	0	0	0	0	0
AF	0	0.129919	1	0	1	0	0	0	0
AF	0	0.130543	3	2	1	0	0	0	0
AF	0	0.130856	3	2	1	0	0	0	0
AF	0	0.131168	6	5	1	0	0	0	0
AF	0	0.131480	2	2	0	0	0	0	0
AF	0	0.131793	1	1	0	0	0	0	0
AF	0	0.132105	1	1	0	0	0	0	0
AF	0	0.132417	4	3	1	0	0	0	0
AF	0	0.132730	1	1	0	0	0	0	0
AF	0	0.133042	3	1	2	0	0	0	0
AF	0	0.133666	2	2	0	0	0	0	0
AF	0	0.134291	3	2	1	0	0	0	0
AF	0	0.134603	1	1	0	0	0	0	0
AF	0	0.134916	3	2	1	0	0	0	0
AF	0	0.135540	9	5	4	0	0	0	0
AF	0	0.135853	1	0	1	0	0	0	0
AF	0	0.136477	1	1	0	0	0	0	0
AF	0	0.136790	2	1	1	0	0	0	0
AF	0	0.137102	3	2	1	0	0	0	0
AF	0	0.137414	4	3	1	0	0	0	0
AF	0	0.137726	2	0	2	0	0	0	0
AF	0	0.138039	4	4	0	0	0	0	0
AF	0	0.138351	1	1	0	0	0	0	0
AF	0	0.138663	2	2	0	0	0	0	0
AF	0	0.138976	1	0	1	0	0	0	0
AF	0	0.139288	4	3	1	0	0	0	0
AF	0	0.139913	3	2	1	0	0	0	0
AF	0	0.140225	1	0	1	0	0	0	0
AF	0	0.140537	1	1	0	0	0	0	0
AF	0	0.140849	1	0	1	0	0	0	0
AF	0	0.141162	5	3	2	0	0	0	0
AF	0	0.141474	1	1	0	0	0	0	0
AF	0	0.141786	2	0	2	0	0	0	0
AF	0	0.142099	1	1	0	0	0	0	0
AF	0	0.142411	1	1	0	0	0	0	0
AF	0	0.142723	3	1	2	0	0	0	0
AF	0	0.143036	2	0	2	0	0	0	0
AF	0	0.143348	1	1	0	0	0	0	0
AF	0	0.143660	3	0	3	0	0	0	0
AF	0	0.144285	5	3	2	0	0	0	0
AF	0	0.144597	2	1	1	0	0	0	0
AF	0	0.144909	3	2	1	0	0	0	0
AF	0	0.145534	2	2	0	0	0	0	0
AF	0	0.146159	3	1	2	0	0	0	0
AF	0	0.146471	3	2	1	0	0	0	0
AF	0	0.146783	4	3	1	0	0	0	0
AF	0	0.147096	2	2	0	0	0	0	0
AF	0	0.147408	1	1	0	0	0	0	0
AF	0	0.147720	2	1	1	0	0	0	0
AF	0	0.148032	2	2	0	0	0	0	0
AF	0	0.148345	3	1	2	0	0	0	0
AF	0	0.148657	6	4	2	0	0	0	0
AF	0	0.148969	2	2	0	0	0	0	0
AF	0	0.149594	1	1	0	0	0	0	0
AF	0	0.149906	2	1	1	0	0	0	0
AF	0	0.150531	2	2	0	0	0	0	0
AF	0	0.150843	1	1	0	0	0	0	0
AF	0	0.151156	2	0	2	0	0	0	0
AF	0	0.151468	1	0	1	0	0	0	0
AF	0	0.151780	1	0	1	0	0	0	0
AF	0	0.152717	1	0	1	0	0	0	0
AF	0	0.153029	2	2	0	0	0	0	0
AF	0	0.153654	5	3	2	0	0	0	0
AF	0	0.155528	2	1	1	0	0	0	0
AF	0	0.155840	1	1	0	0	0	0	0
AF	0	0.156777	1	0	1	0	0	0	0
AF	0	0.157714	1	1	0	0	0	0	0
AF	0	0.158651	1	0	1	0	0	0	0
AF	0	0.159275	3	3	0	0	0	0	0
AF	0	0.159900	1	0	1	0	0	0	0
AF	0	0.160525	5	3	2	0	0	0	0
AF	0	0.160837	3	2	1	0	0	0	0
AF	0	0.161149	1	1	0	0	0	0	0
AF	0	0.161462	1	0	1	0	0	0	0
AF	0	0.162399	5	3	2	0	0	0	0
AF	0	0.162711	1	1	0	0	0	0	0
AF	0	0.163023	5	4	1	0	0	0	0
AF	0	0.163335	1	0	1	0	0	0	0
AF	0	0.163648	1	1	0	0	0	0	0
AF	0	0.164272	4	3	1	0	0	0	0
AF	0	0.164585	1	1	0	0	0	0	0
AF	0	0.164897	2	2	0	0	0	0	0
AF	0	0.165209	2	1	1	0	0	0	0
AF	0	0.165522	2	1	1	0	0	0	0
AF	0	0.165834	2	2	0	0	0	0	0
AF	0	0.166146	2	1	1	0	0	0	0
AF	0	0.166771	2	2	0	0	0	0	0
AF	0	0.167083	3	2	1	0	0	0	0
AF	0	0.167395	4	3	1	0	0	0	0
AF	0	0.167708	1	1	0	0	0	0	0
AF	0	0.168020	6	5	1	0	0	0	0
AF	0	0.168645	1	1	0	0	0	0	0
AF	0	0.169269	4	3	1	0	0	0	0
AF	0	0.169582	1	0	1	0	0	0	0
AF	0	0.169894	1	0	1	0	0	0	0
AF	0	0.170518	1	1	0	0	0	0	0
AF	0	0.171143	1	1	0	0	0	0	0
AF	0	0.171455	1	1	0	0	0	0	0
AF	0	0.171768	5	4	1	0	0	0	0
AF	0	0.172080	2	2	0	0	0	0	0
AF	0	0.172392	5	5	0	0	0	0	0
AF	0	0.172705	1	1	0	0	0	0	0
AF	0	0.173017	2	2	0	0	0	0	0
AF	0	0.173329	1	0	1	0	0	0	0
AF	0	0.173641	1	1	0	0	0	0	0
AF	0	0.173954	2	1	1	0	0	0	0
AF	0	0.174266	4	2	2	0	0	0	0
AF	0	0.174891	4	2	2	0	0	0	0
AF	0	0.175515	3	2	1	0	0	0	0
AF	0	0.175828	2	1	1	0	0	0	0
AF	0	0.176140	6	4	2	0	0	0	0
AF	0	0.177077	1	1	0	0	0	0	0
AF	0	0.177389	4	4	0	0	0	0	0
AF	0	0.177701	1	0	1	0	0	0	0
AF	0	0.178014	2	2	0	0	0	0	0
AF	0	0.178638	2	2	0	0	0	0	0
AF	0	0.178951	1	1	0	0	0	0	0
AF	0	0.179263	1	1	0	0	0	0	0
AF	0	0.179575	1	1	0	0	0	0	0
AF	0	0.179888	4	4	0	0	0	0	0
AF	0	0.180512	2	2	0	0	0	0	0
AF	0	0.180824	1	1	0	0	0	0	0
AF	0	0.181137	1	1	0	0	0	0	0
AF	0	0.181449	1	1	0	0	0	0	0
AF	0	0.181761	1	1	0	0	0	0	0
AF	0	0.182074	2	1	1	0	0	0	0
AF	0	0.182698	4	3	1	0	0	0	0
AF	0	0.183011	5	4	1	0	0	0	0
AF	0	0.183323	1	0	1	0	0	0	0
AF	0	0.183948	1	1	0	0	0	0	0
AF	0	0.184260	2	2	0	0	0	0	0
AF	0	0.184572	3	2	1	0	0	0	0
AF	0	0.184884	12	8	4	0	0	0	0
AF	0	0.185197	3	1	2	0	0	0	0
AF	0	0.185509	3	1	2	0	0	0	0
AF	0	0.185821	1	1	0	0	0	0	0
AF	0	0.186134	2	1	1	0	0	0	0
AF	0	0.186758	3	1	2	0	0	0	0
AF	0	0.187071	3	1	2	0	0	0	0
AF	0	0.187383	6	3	3	0	0	0	0
AF	0	0.188007	1	0	1	0	0	0	0
AF	0	0.188320	3	2	1	0	0	0	0
AF	0	0.188944	1	1	0	0	0	0	0
AF	0	0.189569	2	1	1	0	0	0	0
AF	0	0.189881	7	3	4	0	0	0	0
AF	0	0.190194	1	1	0	0	0	0	0
AF	0	0.190506	2	2	0	0	0	0	0
AF	0	0.191131	5	4	1	0	0	0	0
AF	0	0.191755	3	3	0	0	0	0	0
AF	0	0.192067	1	1	0	0	0	0	0
AF	0	0.192380	5	5	0	0	0	0	0
AF	0	0.193004	5	1	4	0	0	0	0
AF	0	0.193629	3	2	1	0	0	0	0
AF	0	0.193941	1	0	1	0	0	0	0
AF	0	0.194254	1	0	1	0	0	0	0
AF	0	0.194566	2	1	1	0	0	0	0
AF	0	0.194878	1	1	0	0	0	0	0
AF	0	0.195191	2	1	1	0	0	0	0
AF	0	0.195503	2	1	1	0	0	0	0
AF	0	0.195815	1	1	0	0	0	0	0
AF	0	0.196127	2	1	1	0	0	0	0
AF	0	0.196440	1	0	1	0	0	0	0
AF	0	0.196752	1	1	0	0	0	0	0
AF	0	0.197064	2	2	0	0	0	0	0
AF	0	0.197377	4	3	1	0	0	0	0
AF	0	0.198001	2	0	2	0	0	0	0
AF	0	0.198626	5	4	1	0	0	0	0
AF	0	0.199250	2	1	1	0	0	0	0
AF	0	0.199875	1	0	1	0	0	0	0
AF	0	0.200187	2	1	1	0	0	0	0
AF	0	0.200500	1	1	0	0	0	0	0
AF	0	0.200812	1	0	1	0	0	0	0
AF	0	0.201437	1	1	0	0	0	0	0
AF	0	0.201749	2	2	0	0	0	0	0
AF	0	0.202374	4	2	2	0	0	0	0
AF	0	0.202998	1	1	0	0	0	0	0
AF	0	0.203310	2	2	0	0	0	0	0
AF	0	0.203623	2	2	0	0	0	0	0
AF	0	0.204247	1	1	0	0	0	0	0
AF	0	0.204560	1	0	1	0	0	0	0
AF	0	0.204872	1	0	1	0	0	0	0
AF	0	0.205184	2	1	1	0	0	0	0
AF	0	0.205497	3	1	2	0	0	0	0
AF	0	0.206121	3	2	1	0	0	0	0
AF	0	0.206746	2	2	0	0	0	0	0
AF	0	0.207370	2	2	0	0	0	0	0
AF	0	0.207995	3	2	1	0	0	0	0
AF	0	0.208307	3	1	2	0	0	0	0
AF	0	0.208620	2	1	1	0	0	0	0
AF	0	0.209244	2	1	1	0	0	0	0
AF	0	0.209869	1	1	0	0	0	0	0
AF	0	0.210181	1	1	0	0	0	0	0
AF	0	0.211743	3	2	1	0	0	0	0
AF	0	0.212680	1	0	1	0	0	0	0
AF	0	0.213304	2	1	1	0	0	0	0
AF	0	0.213616	2	1	1	0	0	0	0
AF	0	0.214241	2	1	1	0	0	0	0
AF	0	0.215490	4	2	2	0	0	0	0
AF	0	0.215803	1	0	1	0	0	0	0
AF	0	0.216115	3	2	1	0	0	0	0
AF	0	0.216740	2	2	0	0	0	0	0
AF	0	0.217364	1	1	0	0	0	0	0
AF	0	0.217676	1	1	0	0	0	0	0
AF	0	0.217989	3	1	2	0	0	0	0
AF	0	0.218301	1	1	0	0	0	0	0
AF	0	0.218613	1	1	0	0	0	0	0
AF	0	0.219238	2	2	0	0	0	0	0
AF	0	0.219550	1	0	1	0	0	0	0
AF	0	0.220175	1	0	1	0	0	0	0
AF	0	0.220487	4	4	0	0	0	0	0
AF	0	0.220800	2	1	1	0	0	0	0
AF	0	0.221112	6	3	3	0	0	0	0
AF	0	0.221736	1	0	1	0	0	0	0
AF	0	0.222049	2	0	2	0	0	0	0
AF	0	0.222361	2	2	0	0	0	0	0
AF	0	0.222673	5	4	1	0	0	0	0
AF	0	0.223298	1	0	1	0	0	0	0
AF	0	0.223923	2	0	2	0	0	0	0
AF	0	0.225172	1	1	0	0	0	0	0
AF	0	0.225796	2	0	2	0	0	0	0
AF	0	0.226421	2	1	1	0	0	0	0
AF	0	0.227358	1	1	0	0	0	0	0
AF	0	0.228295	1	1	0	0	0	0	0
AF	0	0.228919	2	2	0	0	0	0	0
AF	0	0.229544	1	1	0	0	0	0	0
AF	0	0.229856	1	1	0	0	0	0	0
AF	0	0.230169	1	0	1	0	0	0	0
AF	0	0.230793	1	1	0	0	0	0	0
AF	0	0.231106	1	1	0	0	0	0	0
AF	0	0.231418	4	2	2	0	0	0	0
AF	0	0.232042	1	1	0	0	0	0	0
AF	0	0.232979	1	1	0	0	0	0	0
AF	0	0.233292	1	1	0	0	0	0	0
AF	0	0.233604	1	1	0	0	0	0	0
AF	0	0.233916	4	1	3	0	0	0	0
AF	0	0.234229	2	2	0	0	0	0	0
AF	0	0.234541	2	2	0	0	0	0	0
AF	0	0.234853	1	1	0	0	0	0	0
AF	0	0.235478	1	1	0	0	0	0	0
AF	0	0.236102	1	0	1	0	0	0	0
AF	0	0.236727	3	2	1	0	0	0	0
AF	0	0.237352	1	1	0	0	0	0	0
AF	0	0.237664	3	2	1	0	0	0	0
AF	0	0.238601	1	0	1	0	0	0	0
AF	0	0.238913	2	2	0	0	0	0	0
AF	0	0.239850	1	1	0	0	0	0	0
AF	0	0.240475	1	1	0	0	0	0	0
AF	0	0.241412	1	1	0	0	0	0	0
AF	0	0.241724	1	1	0	0	0	0	0
AF	0	0.242036	4	3	1	0	0	0	0
AF	0	0.242349	2	1	1	0	0	0	0
AF	0	0.242661	1	1	0	0	0	0	0
AF	0	0.243285	1	0	1	0	0	0	0
AF	0	0.243910	3	2	1	0	0	0	0
AF	0	0.245159	1	1	0	0	0	0	0
AF	0	0.245784	1	1	0	0	0	0	0
AF	0	0.246096	1	1	0	0	0	0	0
AF	0	0.246721	1	1	0	0	0	0	0
AF	0	0.247033	1	1	0	0	0	0	0
AF	0	0.249219	1	1	0	0	0	0	0
AF	0	0.249532	1	1	0	0	0	0	0
AF	0	0.250156	1	1	0	0	0	0	0
AF	0	0.250781	1	1	0	0	0	0	0
AF	0	0.251405	1	1	0	0	0	0	0
AF	0	0.252030	4	3	1	0	0	0	0
AF	0	0.252342	2	2	0	0	0	0	0
AF	0	0.252655	7	6	1	0	0	0	0
AF	0	0.252967	1	1	0	0	0	0	0
AF	0	0.253279	9	7	2	0	0	0	0
AF	0	0.253592	1	0	1	0	0	0	0
AF	0	0.253904	2	1	1	0	0	0	0
AF	0	0.255153	1	0	1	0	0	0	0
AF	0	0.256090	1	0	1	0	0	0	0
AF	0	0.256402	1	1	0	0	0	0	0
AF	0	0.256715	2	2	0	0	0	0	0
AF	0	0.257027	1	0	1	0	0	0	0
AF	0	0.257651	1	1	0	0	0	0	0
AF	0	0.258276	1	1	0	0	0	0	0
AF	0	0.258901	1	0	1	0	0	0	0
AF	0	0.260462	1	1	0	0	0	0	0
AF	0	0.260775	2	1	1	0	0	0	0
AF	0	0.262648	1	1	0	0	0	0	0
AF	0	0.263273	2	1	1	0	0	0	0
AF	0	0.263898	1	1	0	0	0	0	0
AF	0	0.264210	1	1	0	0	0	0	0
AF	0	0.265147	2	1	1	0	0	0	0
AF	0	0.266084	1	1	0	0	0	0	0
AF	0	0.266708	1	1	0	0	0	0	0
AF	0	0.267645	2	2	0	0	0	0	0
AF	0	0.267958	1	0	1	0	0	0	0
AF	0	0.270456	1	1	0	0	0	0	0
AF	0	0.270768	1	1	0	0	0	0	0
AF	0	0.271393	1	1	0	0	0	0	0
AF	0	0.272017	1	1	0	0	0	0	0
AF	0	0.273267	2	0	2	0	0	0	0
AF	0	0.274828	1	0	1	0	0	0	0
AF	0	0.275141	3	1	2	0	0	0	0
AF	0	0.275765	2	2	0	0	0	0	0
AF	0	0.276077	3	3	0	0	0	0	0
AF	0	0.276390	2	2	0	0	0	0	0
AF	0	0.276702	1	0	1	0	0	0	0
AF	0	0.277327	2	1	1	0	0	0	0
AF	0	0.277639	2	1	1	0	0	0	0
AF	0	0.277951	1	1	0	0	0	0	0
AF	0	0.278264	6	5	1	0	0	0	0
AF	0	0.278576	2	0	2	0	0	0	0
AF	0	0.279200	2	1	1	0	0	0	0
AF	0	0.279513	2	1	1	0	0	0	0
AF	0	0.280450	1	0	1	0	0	0	0
AF	0	0.281699	2	1	1	0	0	0	0
AF	0	0.282011	2	2	0	0	0	0	0
AF	0	0.282636	2	2	0	0	0	0	0
AF	0	0.283573	4	4	0	0	0	0	0
AF	0	0.284197	1	1	0	0	0	0	0
AF	0	0.286071	2	2	0	0	0	0	0
AF	0	0.286384	1	1	0	0	0	0	0
AF	0	0.286696	1	0	1	0	0	0	0
AF	0	0.287945	1	1	0	0	0	0	0
AF	0	0.288257	1	0	1	0	0	0	0
AF	0	0.288570	1	1	0	0	0	0	0
AF	0	0.288882	1	1	0	0	0	0	0
AF	0	0.289194	1	1	0	0	0	0	0
AF	0	0.290131	1	0	1	0	0	0	0
AF	0	0.291380	1	1	0	0	0	0	0
AF	0	0.292005	2	1	1	0	0	0	0
AF	0	0.292630	1	1	0	0	0	0	0
AF	0	0.292942	1	1	0	0	0	0	0
AF	0	0.293567	2	1	1	0	0	0	0
AF	0	0.293879	5	4	1	0	0	0	0
AF	0	0.294503	1	1	0	0	0	0	0
AF	0	0.295753	1	1	0	0	0	0	0
AF	0	0.296065	1	1	0	0	0	0	0
AF	0	0.296377	1	1	0	0	0	0	0
AF	0	0.297002	1	0	1	0	0	0	0
AF	0	0.297626	1	1	0	0	0	0	0
AF	0	0.298563	1	1	0	0	0	0	0
AF	0	0.298876	2	2	0	0	0	0	0
AF	0	0.299813	1	0	1	0	0	0	0
AF	0	0.300125	3	1	2	0	0	0	0
AF	0	0.300437	1	1	0	0	0	0	0
AF	0	0.300750	4	2	2	0	0	0	0
AF	0	0.301062	1	1	0	0	0	0	0
AF	0	0.301374	2	2	0	0	0	0	0
AF	0	0.301999	2	1	1	0	0	0	0
AF	0	0.302311	1	1	0	0	0	0	0
AF	0	0.302623	2	2	0	0	0	0	0
AF	0	0.303248	1	1	0	0	0	0	0
AF	0	0.304185	1	1	0	0	0	0	0
AF	0	0.304497	1	1	0	0	0	0	0
AF	0	0.305746	2	1	1	0	0	0	0
AF	0	0.306059	1	1	0	0	0	0	0
AF	0	0.306683	2	1	1	0	0	0	0
AF	0	0.306996	1	1	0	0	0	0	0
AF	0	0.307620	1	1	0	0	0	0	0
AF	0	0.308245	1	1	0	0	0	0	0
AF	0	0.308869	1	0	1	0	0	0	0
AF	0	0.310743	1	0	1	0	0	0	0
AF	0	0.311368	2	1	1	0	0	0	0
AF	0	0.312617	1	1	0	0	0	0	0
AF	0	0.313242	1	0	1	0	0	0	0
AF	0	0.313866	1	0	1	0	0	0	0
AF	0	0.314803	1	1	0	0	0	0	0
AF	0	0.315428	1	1	0	0	0	0	0
AF	0	0.315740	1	0	1	0	0	0	0
AF	0	0.316365	2	2	0	0	0	0	0
AF	0	0.316677	1	0	1	0	0	0	0
AF	0	0.316989	1	1	0	0	0	0	0
AF	0	0.317614	1	1	0	0	0	0	0
AF	0	0.319176	2	1	1	0	0	0	0
AF	0	0.320112	2	2	0	0	0	0	0
AF	0	0.322923	1	1	0	0	0	0	0
AF	0	0.323235	2	1	1	0	0	0	0
AF	0	0.323860	1	1	0	0	0	0	0
AF	0	0.324172	1	0	1	0	0	0	0
AF	0	0.324797	1	1	0	0	0	0	0
AF	0	0.325109	1	0	1	0	0	0	0
AF	0	0.325422	2	1	1	0	0	0	0
AF	0	0.325734	2	1	1	0	0	0	0
AF	0	0.326046	1	1	0	0	0	0	0
AF	0	0.326359	1	1	0	0	0	0	0
AF	0	0.326671	1	1	0	0	0	0	0
AF	0	0.328857	3	3	0	0	0	0	0
AF	0	0.329794	2	1	1	0	0	0	0
AF	0	0.331355	2	1	1	0	0	0	0
AF	0	0.331668	2	1	1	0	0	0	0
AF	0	0.332605	1	1	0	0	0	0	0
AF	0	0.332917	1	1	0	0	0	0	0
AF	0	0.333229	1	1	0	0	0	0	0
AF	0	0.333854	2	1	1	0	0	0	0
AF	0	0.334166	2	0	2	0	0	0	0
AF	0	0.334478	2	0	2	0	0	0	0
AF	0	0.334791	1	1	0	0	0	0	0
AF	0	0.335103	2	1	1	0	0	0	0
AF	0	0.335415	5	4	1	0	0	0	0
AF	0	0.335728	3	2	1	0	0	0	0
AF	0	0.336040	2	2	0	0	0	0	0
AF	0	0.336665	1	1	0	0	0	0	0
AF	0	0.336977	1	0	1	0	0	0	0
AF	0	0.337914	1	1	0	0	0	0	0
AF	0	0.338226	1	1	0	0	0	0	0
AF	0	0.339788	1	0	1	0	0	0	0
AF	0	0.340100	1	1	0	0	0	0	0
AF	0	0.341661	2	1	1	0	0	0	0
AF	0	0.342598	1	0	1	0	0	0	0
AF	0	0.343535	2	2	0	0	0	0	0
AF	0	0.343848	1	1	0	0	0	0	0
AF	0	0.344160	1	1	0	0	0	0	0
AF	0	0.344472	1	0	1	0	0	0	0
AF	0	0.346971	1	1	0	0	0	0	0
AF	0	0.349781	1	1	0	0	0	0	0
AF	0	0.350094	1	1	0	0	0	0	0
AF	0	0.350406	1	0	1	0	0	0	0
AF	0	0.351031	1	1	0	0	0	0	0
AF	0	0.352280	1	1	0	0	0	0	0
AF	0	0.353529	3	2	1	0	0	0	0
AF	0	0.354466	1	0	1	0	0	0	0
AF	0	0.354778	1	1	0	0	0	0	0
AF	0	0.355715	2	2	0	0	0	0	0
AF	0	0.356027	3	2	1	0	0	0	0
AF	0	0.356652	2	1	1	0	0	0	0
AF	0	0.357901	1	0	1	0	0	0	0
AF	0	0.358526	1	1	0	0	0	0	0
AF	0	0.361337	1	1	0	0	0	0	0
AF	0	0.363210	1	1	0	0	0	0	0
AF	0	0.363523	1	1	0	0	0	0	0
AF	0	0.364460	1	1	0	0	0	0	0
AF	0	0.366021	1	0	1	0	0	0	0
AF	0	0.366334	1	0	1	0	0	0	0
AF	0	0.366958	1	1	0	0	0	0	0
AF	0	0.367270	1	1	0	0	0	0	0
AF	0	0.367895	1	0	1	0	0	0	0
AF	0	0.368207	1	1	0	0	0	0	0
AF	0	0.368520	1	0	1	0	0	0	0
AF	0	0.369144	2	1	1	0	0	0	0
AF	0	0.372267	1	0	1	0	0	0	0
AF	0	0.372892	2	2	0	0	0	0	0
AF	0	0.374141	1	1	0	0	0	0	0
AF	0	0.375390	1	1	0	0	0	0	0
AF	0	0.376015	1	0	1	0	0	0	0
AF	0	0.376327	1	1	0	0	0	0	0
AF	0	0.377889	1	1	0	0	0	0	0
AF	0	0.378513	1	1	0	0	0	0	0
AF	0	0.380387	2	2	0	0	0	0	0
AF	0	0.381012	2	2	0	0	0	0	0
AF	0	0.383510	2	1	1	0	0	0	0
AF	0	0.386946	1	1	0	0	0	0	0
AF	0	0.387883	1	0	1	0	0	0	0
AF	0	0.388819	1	1	0	0	0	0	0
AF	0	0.390693	1	1	0	0	0	0	0
AF	0	0.391006	1	1	0	0	0	0	0
AF	0	0.391318	1	1	0	0	0	0	0
AF	0	0.392255	1	1	0	0	0	0	0
AF	0	0.392879	1	1	0	0	0	0	0
AF	0	0.393504	1	0	1	0	0	0	0
AF	0	0.394129	3	3	0	0	0	0	0
AF	0	0.395690	1	1	0	0	0	0	0
AF	0	0.396627	1	1	0	0	0	0	0
AF	0	0.396939	2	0	2	0	0	0	0
AF	0	0.397252	1	1	0	0	0	0	0
AF	0	0.397564	2	0	2	0	0	0	0
AF	0	0.398189	1	1	0	0	0	0	0
AF	0	0.398813	1	0	1	0	0	0	0
AF	0	0.399126	1	1	0	0	0	0	0
AF	0	0.399438	1	1	0	0	0	0	0
AF	0	0.400687	1	1	0	0	0	0	0
AF	0	0.401312	1	1	0	0	0	0	0
AF	0	0.401936	1	1	0	0	0	0	0
AF	0	0.404435	1	0	1	0	0	0	0
AF	0	0.405996	1	1	0	0	0	0	0
AF	0	0.407558	1	1	0	0	0	0	0
AF	0	0.407870	1	1	0	0	0	0	0
AF	0	0.409119	1	1	0	0	0	0	0
AF	0	0.410369	1	1	0	0	0	0	0
AF	0	0.411305	1	1	0	0	0	0	0
AF	0	0.411930	1	1	0	0	0	0	0
AF	0	0.415365	1	1	0	0	0	0	0
AF	0	0.417864	1	0	1	0	0	0	0
AF	0	0.419425	1	0	1	0	0	0	0
AF	0	0.420987	1	1	0	0	0	0	0
AF	0	0.421611	3	1	2	0	0	0	0
AF	0	0.422236	1	1	0	0	0	0	0
AF	0	0.425047	1	1	0	0	0	0	0
AF	0	0.429731	1	1	0	0	0	0	0
AF	0	0.430044	2	1	1	0	0	0	0
AF	0	0.430668	1	1	0	0	0	0	0
AF	0	0.430981	1	0	1	0	0	0	0
AF	0	0.431605	1	1	0	0	0	0	0
AF	0	0.434104	2	2	0	0	0	0	0
AF	0	0.434728	2	2	0	0	0	0	0
AF	0	0.435041	2	1	1	0	0	0	0
AF	0	0.435978	1	1	0	0	0	0	0
AF	0	0.439101	1	1	0	0	0	0	0
AF	0	0.439413	1	1	0	0	0	0	0
AF	0	0.440037	1	1	0	0	0	0	0
AF	0	0.440350	2	1	1	0	0	0	0
AF	0	0.442224	1	0	1	0	0	0	0
AF	0	0.442536	1	0	1	0	0	0	0
AF	0	0.442848	1	1	0	0	0	0	0
AF	0	0.443473	1	1	0	0	0	0	0
AF	0	0.444097	1	1	0	0	0	0	0
AF	0	0.444410	1	1	0	0	0	0	0
AF	0	0.444722	1	1	0	0	0	0	0
AF	0	0.445659	3	2	1	0	0	0	0
AF	0	0.446284	1	1	0	0	0	0	0
AF	0	0.447533	4	3	1	0	0	0	0
AF	0	0.448157	2	1	1	0	0	0	0
AF	0	0.448782	1	1	0	0	0	0	0
AF	0	0.449407	1	0	1	0	0	0	0
AF	0	0.450656	1	1	0	0	0	0	0
AF	0	0.451280	4	3	1	0	0	0	0
AF	0	0.451905	2	0	2	0	0	0	0
AF	0	0.452217	1	0	1	0	0	0	0
AF	0	0.452530	1	1	0	0	0	0	0
AF	0	0.453154	1	1	0	0	0	0	0
AF	0	0.454091	1	1	0	0	0	0	0
AF	0	0.454403	2	0	2	0	0	0	0
AF	0	0.455028	2	1	1	0	0	0	0
AF	0	0.455653	1	1	0	0	0	0	0
AF	0	0.456277	1	1	0	0	0	0	0
AF	0	0.457839	2	1	1	0	0	0	0
AF	0	0.458151	3	2	1	0	0	0	0
AF	0	0.459400	1	1	0	0	0	0	0
AF	0	0.460025	1	1	0	0	0	0	0
AF	0	0.460650	1	1	0	0	0	0	0
AF	0	0.460962	1	0	1	0	0	0	0
AF	0	0.461274	1	0	1	0	0	0	0
AF	0	0.461899	5	4	1	0	0	0	0
AF	0	0.462211	1	1	0	0	0	0	0
AF	0	0.462523	2	2	0	0	0	0	0
AF	0	0.462836	1	0	1	0	0	0	0
AF	0	0.463148	2	2	0	0	0	0	0
AF	0	0.463460	3	2	1	0	0	0	0
AF	0	0.463773	1	1	0	0	0	0	0
AF	0	0.464085	2	2	0	0	0	0	0
AF	0	0.464710	1	1	0	0	0	0	0
AF	0	0.465022	1	1	0	0	0	0	0
AF	0	0.465334	1	1	0	0	0	0	0
AF	0	0.465646	3	2	1	0	0	0	0
AF	0	0.465959	1	1	0	0	0	0	0
AF	0	0.466271	1	0	1	0	0	0	0
AF	0	0.466583	1	0	1	0	0	0	0
AF	0	0.467833	1	1	0	0	0	0	0
AF	0	0.468145	1	1	0	0	0	0	0
AF	0	0.468457	1	1	0	0	0	0	0
AF	0	0.469082	1	1	0	0	0	0	0
AF	0	0.470643	2	2	0	0	0	0	0
AF	0	0.471893	3	2	1	0	0	0	0
AF	0	0.472205	1	1	0	0	0	0	0
AF	0	0.472517	1	1	0	0	0	0	0
AF	0	0.473454	1	1	0	0	0	0	0
AF	0	0.474079	2	2	0	0	0	0	0
AF	0	0.474391	1	0	1	0	0	0	0
AF	0	0.474703	1	0	1	0	0	0	0
AF	0	0.475328	2	1	1	0	0	0	0
AF	0	0.475640	1	0	1	0	0	0	0
AF	0	0.476265	1	1	0	0	0	0	0
AF	0	0.478763	1	1	0	0	0	0	0
AF	0	0.481262	1	1	0	0	0	0	0
AF	0	0.484072	1	1	0	0	0	0	0
AF	0	0.487508	2	2	0	0	0	0	0
AF	0	0.487820	3	2	1	0	0	0	0
AF	0	0.489069	1	1	0	0	0	0	0
AF	0	0.489382	1	1	0	0	0	0	0
AF	0	0.490319	1	1	0	0	0	0	0
AF	0	0.495628	2	2	0	0	0	0	0
AF	0	0.496252	1	1	0	0	0	0	0
AF	0	0.496565	1	1	0	0	0	0	0
AF	0	0.499688	1	1	0	0	0	0	0
AF	0	0.500000	1	0	1	0	0	0	0
AF	0	0.503123	1	1	0	0	0	0	0
AF	0	0.503748	1	1	0	0	0	0	0
AF	0	0.504060	1	1	0	0	0	0	0
AF	0	0.504372	1	0	1	0	0	0	0
AF	0	0.505309	1	1	0	0	0	0	0
AF	0	0.509994	1	1	0	0	0	0	0
AF	0	0.510306	2	0	2	0	0	0	0
AF	0	0.513117	1	0	1	0	0	0	0
AF	0	0.516552	1	1	0	0	0	0	0
AF	0	0.518114	1	1	0	0	0	0	0
AF	0	0.519988	1	1	0	0	0	0	0
AF	0	0.521237	1	1	0	0	0	0	0
AF	0	0.522486	2	2	0	0	0	0	0
AF	0	0.523111	6	4	2	0	0	0	0
AF	0	0.523423	3	3	0	0	0	0	0
AF	0	0.523735	3	1	2	0	0	0	0
AF	0	0.524360	3	0	3	0	0	0	0
AF	0	0.524984	1	1	0	0	0	0	0
AF	0	0.525297	2	1	1	0	0	0	0
AF	0	0.525609	3	2	1	0	0	0	0
AF	0	0.526546	2	0	2	0	0	0	0
AF	0	0.526858	5	3	2	0	0	0	0
AF	0	0.528732	2	2	0	0	0	0	0
AF	0	0.529357	1	1	0	0	0	0	0
AF	0	0.529669	1	1	0	0	0	0	0
AF	0	0.532792	2	2	0	0	0	0	0
AF	0	0.534354	1	0	1	0	0	0	0
AF	0	0.536227	1	1	0	0	0	0	0
AF	0	0.538101	2	1	1	0	0	0	0
AF	0	0.540600	2	1	1	0	0	0	0
AF	0	0.541537	2	2	0	0	0	0	0
AF	0	0.543723	1	1	0	0	0	0	0
AF	0	0.545597	1	0	1	0	0	0	0
AF	0	0.547158	1	1	0	0	0	0	0
AF	0	0.548095	2	1	1	0	0	0	0
AF	0	0.549656	1	0	1	0	0	0	0
AF	0	0.550906	1	1	0	0	0	0	0
AF	0	0.555278	1	1	0	0	0	0	0
AF	0	0.557152	2	0	2	0	0	0	0
AF	0	0.558401	2	0	2	0	0	0	0
AF	0	0.559650	1	1	0	0	0	0	0
AF	0	0.560899	1	1	0	0	0	0	0
AF	0	0.561524	1	0	1	0	0	0	0
AF	0	0.561836	1	1	0	0	0	0	0
AF	0	0.563086	1	0	1	0	0	0	0
AF	0	0.564335	1	0	1	0	0	0	0
AF	0	0.564647	1	1	0	0	0	0	0
AF	0	0.566833	1	0	1	0	0	0	0
AF	0	0.569019	1	0	1	0	0	0	0
AF	0	0.569332	1	1	0	0	0	0	0
AF	0	0.569644	1	1	0	0	0	0	0
AF	0	0.571830	1	0	1	0	0	0	0
AF	0	0.572142	1	1	0	0	0	0	0
AF	0	0.574016	1	1	0	0	0	0	0
AF	0	0.575890	1	1	0	0	0	0	0
AF	0	0.576827	1	1	0	0	0	0	0
AF	0	0.577764	1	1	0	0	0	0	0
AF	0	0.581512	1	0	1	0	0	0	0
AF	0	0.581824	1	1	0	0	0	0	0
AF	0	0.582136	2	1	1	0	0	0	0
AF	0	0.582761	1	0	1	0	0	0	0
AF	0	0.587445	1	1	0	0	0	0	0
AF	0	0.591818	1	1	0	0	0	0	0
AF	0	0.592755	1	1	0	0	0	0	0
AF	0	0.596190	1	1	0	0	0	0	0
AF	0	0.597751	1	1	0	0	0	0	0
AF	0	0.598376	1	0	1	0	0	0	0
AF	0	0.600874	1	1	0	0	0	0	0
AF	0	0.601187	3	2	1	0	0	0	0
AF	0	0.604934	2	1	1	0	0	0	0
AF	0	0.605871	2	0	2	0	0	0	0
AF	0	0.606184	1	1	0	0	0	0	0
AF	0	0.606496	1	1	0	0	0	0	0
AF	0	0.607433	1	0	1	0	0	0	0
AF	0	0.607745	1	0	1	0	0	0	0
AF	0	0.608057	1	0	1	0	0	0	0
AF	0	0.608370	3	2	1	0	0	0	0
AF	0	0.610244	1	1	0	0	0	0	0
AF	0	0.610556	3	3	0	0	0	0	0
AF	0	0.611493	2	2	0	0	0	0	0
AF	0	0.611805	2	1	1	0	0	0	0
AF	0	0.612117	2	1	1	0	0	0	0
AF	0	0.612430	3	3	0	0	0	0	0
AF	0	0.613054	1	1	0	0	0	0	0
AF	0	0.613367	2	1	1	0	0	0	0
AF	0	0.614304	1	0	1	0	0	0	0
AF	0	0.614616	1	1	0	0	0	0	0
AF	0	0.615553	1	1	0	0	0	0	0
AF	0	0.615865	3	1	2	0	0	0	0
AF	0	0.616490	1	1	0	0	0	0	0
AF	0	0.617114	2	1	1	0	0	0	0
AF	0	0.617739	2	2	0	0	0	0	0
AF	0	0.619300	2	2	0	0	0	0	0
AF	0	0.619613	4	2	2	0	0	0	0
AF	0	0.619925	1	1	0	0	0	0	0
AF	0	0.620237	4	3	1	0	0	0	0
AF	0	0.620550	1	1	0	0	0	0	0
AF	0	0.621487	3	3	0	0	0	0	0
AF	0	0.622111	1	1	0	0	0	0	0
AF	0	0.622736	1	1	0	0	0	0	0
AF	0	0.623985	1	0	1	0	0	0	0
AF	0	0.624610	1	1	0	0	0	0	0
AF	0	0.627108	2	2	0	0	0	0	0
AF	0	0.628357	1	0	1	0	0	0	0
AF	0	0.630231	1	1	0	0	0	0	0
AF	0	0.631168	1	1	0	0	0	0	0
AF	0	0.632730	1	1	0	0	0	0	0
AF	0	0.634603	1	0	1	0	0	0	0
AF	0	0.635853	1	1	0	0	0	0	0
AF	0	0.636790	1	1	0	0	0	0	0
AF	0	0.637726	1	1	0	0	0	0	0
AF	0	0.638039	1	1	0	0	0	0	0
AF	0	0.638351	1	1	0	0	0	0	0
AF	0	0.638976	2	2	0	0	0	0	0
AF	0	0.639600	1	1	0	0	0	0	0
AF	0	0.639913	1	1	0	0	0	0	0
AF	0	0.640537	2	1	1	0	0	0	0
AF	0	0.642723	1	1	0	0	0	0	0
AF	0	0.643036	1	1	0	0	0	0	0
AF	0	0.643348	1	0	1	0	0	0	0
AF	0	0.644909	1	1	0	0	0	0	0
AF	0	0.648345	1	1	0	0	0	0	0
AF	0	0.649906	1	0	1	0	0	0	0
AF	0	0.650531	2	2	0	0	0	0	0
AF	0	0.650843	1	1	0	0	0	0	0
AF	0	0.651468	1	1	0	0	0	0	0
AF	0	0.652092	1	0	1	0	0	0	0
AF	0	0.652717	1	1	0	0	0	0	0
AF	0	0.653342	1	0	1	0	0	0	0
AF	0	0.654591	1	1	0	0	0	0	0
AF	0	0.655528	1	0	1	0	0	0	0
AF	0	0.655840	2	2	0	0	0	0	0
AF	0	0.656777	1	1	0	0	0	0	0
AF	0	0.657089	2	2	0	0	0	0	0
AF	0	0.657714	1	1	0	0	0	0	0
AF	0	0.658339	1	1	0	0	0	0	0
AF	0	0.660212	1	0	1	0	0	0	0
AF	0	0.660525	1	1	0	0	0	0	0
AF	0	0.660837	1	1	0	0	0	0	0
AF	0	0.661149	2	2	0	0	0	0	0
AF	0	0.661462	1	0	1	0	0	0	0
AF	0	0.662086	3	1	2	0	0	0	0
AF	0	0.662711	1	0	1	0	0	0	0
AF	0	0.665209	1	0	1	0	0	0	0
AF	0	0.666146	2	2	0	0	0	0	0
AF	0	0.666458	1	1	0	0	0	0	0
AF	0	0.667395	1	0	1	0	0	0	0
AF	0	0.667708	3	1	2	0	0	0	0
AF	0	0.668645	1	0	1	0	0	0	0
AF	0	0.669269	1	0	1	0	0	0	0
AF	0	0.670206	1	1	0	0	0	0	0
AF	0	0.670831	1	0	1	0	0	0	0
AF	0	0.671143	1	0	1	0	0	0	0
AF	0	0.671768	2	2	0	0	0	0	0
AF	0	0.672392	1	1	0	0	0	0	0
AF	0	0.674266	1	0	1	0	0	0	0
AF	0	0.674578	1	1	0	0	0	0	0
AF	0	0.675515	2	1	1	0	0	0	0
AF	0	0.677077	1	1	0	0	0	0	0
AF	0	0.677389	1	0	1	0	0	0	0
AF	0	0.678014	1	1	0	0	0	0	0
AF	0	0.678326	1	0	1	0	0	0	0
AF	0	0.678638	1	0	1	0	0	0	0
AF	0	0.679263	1	1	0	0	0	0	0
AF	0	0.680824	1	1	0	0	0	0	0
AF	0	0.685197	1	1	0	0	0	0	0
AF	0	0.685509	1	1	0	0	0	0	0
AF	0	0.686758	1	1	0	0	0	0	0
AF	0	0.688007	1	0	1	0	0	0	0
AF	0	0.688320	1	1	0	0	0	0	0
AF	0	0.690506	1	0	1	0	0	0	0
AF	0	0.692692	1	1	0	0	0	0	0
AF	0	0.696752	1	1	0	0	0	0	0
AF	0	0.697377	1	1	0	0	0	0	0
AF	0	0.698001	1	1	0	0	0	0	0
AF	0	0.698314	1	1	0	0	0	0	0
AF	0	0.698938	1	0	1	0	0	0	0
AF	0	0.699250	1	1	0	0	0	0	0
AF	0	0.700500	2	1	1	0	0	0	0
AF	0	0.701437	1	1	0	0	0	0	0
AF	0	0.702998	1	1	0	0	0	0	0
AF	0	0.703623	1	1	0	0	0	0	0
AF	0	0.704872	1	1	0	0	0	0	0
AF	0	0.705809	1	1	0	0	0	0	0
AF	0	0.706121	1	0	1	0	0	0	0
AF	0	0.707683	1	1	0	0	0	0	0
AF	0	0.708307	1	1	0	0	0	0	0
AF	0	0.708620	1	0	1	0	0	0	0
AF	0	0.708932	1	1	0	0	0	0	0
AF	0	0.709244	1	0	1	0	0	0	0
AF	0	0.710181	1	0	1	0	0	0	0
AF	0	0.710493	1	1	0	0	0	0	0
AF	0	0.710806	3	3	0	0	0	0	0
AF	0	0.711118	1	0	1	0	0	0	0
AF	0	0.711430	1	1	0	0	0	0	0
AF	0	0.711743	1	1	0	0	0	0	0
AF	0	0.713929	1	1	0	0	0	0	0
AF	0	0.714553	1	1	0	0	0	0	0
AF	0	0.714866	2	2	0	0	0	0	0
AF	0	0.716115	2	2	0	0	0	0	0
AF	0	0.716740	1	1	0	0	0	0	0
AF	0	0.717052	1	1	0	0	0	0	0
AF	0	0.717676	1	1	0	0	0	0	0
AF	0	0.718301	1	1	0	0	0	0	0
AF	0	0.719238	1	0	1	0	0	0	0
AF	0	0.720487	1	1	0	0	0	0	0
AF	0	0.721112	2	1	1	0	0	0	0
AF	0	0.721736	2	2	0	0	0	0	0
AF	0	0.722049	1	1	0	0	0	0	0
AF	0	0.723610	1	1	0	0	0	0	0
AF	0	0.724235	1	1	0	0	0	0	0
AF	0	0.726733	1	1	0	0	0	0	0
AF	0	0.727670	1	1	0	0	0	0	0
AF	0	0.727983	1	1	0	0	0	0	0
AF	0	0.728295	1	1	0	0	0	0	0
AF	0	0.729232	1	1	0	0	0	0	0
AF	0	0.729544	1	1	0	0	0	0	0
AF	0	0.730169	1	1	0	0	0	0	0
AF	0	0.730481	3	2	1	0	0	0	0
AF	0	0.731106	2	2	0	0	0	0	0
AF	0	0.731730	3	1	2	0	0	0	0
AF	0	0.732042	1	0	1	0	0	0	0
AF	0	0.733604	1	1	0	0	0	0	0
AF	0	0.734229	2	2	0	0	0	0	0
AF	0	0.734853	1	1	0	0	0	0	0
AF	0	0.738601	1	0	1	0	0	0	0
AF	0	0.739225	2	1	1	0	0	0	0
AF	0	0.739850	1	1	0	0	0	0	0
AF	0	0.740787	1	1	0	0	0	0	0
AF	0	0.741724	3	2	1	0	0	0	0
AF	0	0.742036	1	1	0	0	0	0	0
AF	0	0.742349	2	0	2	0	0	0	0
AF	0	0.742661	1	1	0	0	0	0	0
AF	0	0.742973	2	2	0	0	0	0	0
AF	0	0.744222	2	2	0	0	0	0	0
AF	0	0.746408	1	0	1	0	0	0	0
AF	0	0.747970	1	0	1	0	0	0	0
AF	0	0.748595	1	0	1	0	0	0	0
AF	0	0.748907	1	0	1	0	0	0	0
AF	0	0.751093	2	0	2	0	0	0	0
AF	0	0.751718	1	1	0	0	0	0	0
AF	0	0.752655	2	1	1	0	0	0	0
AF	0	0.753592	1	1	0	0	0	0	0
AF	0	0.755465	1	1	0	0	0	0	0
AF	0	0.756402	1	1	0	0	0	0	0
AF	0	0.756715	1	1	0	0	0	0	0
AF	0	0.757651	1	1	0	0	0	0	0
AF	0	0.758276	1	1	0	0	0	0	0
AF	0	0.760775	1	1	0	0	0	0	0
AF	0	0.761711	1	0	1	0	0	0	0
AF	0	0.762648	1	1	0	0	0	0	0
AF	0	0.762961	1	1	0	0	0	0	0
AF	0	0.764210	3	2	1	0	0	0	0
AF	0	0.764834	2	2	0	0	0	0	0
AF	0	0.765147	1	1	0	0	0	0	0
AF	0	0.767021	1	0	1	0	0	0	0
AF	0	0.767958	1	0	1	0	0	0	0
AF	0	0.768270	1	0	1	0	0	0	0
AF	0	0.769519	1	0	1	0	0	0	0
AF	0	0.769831	6	6	0	0	0	0	0
AF	0	0.770456	1	1	0	0	0	0	0
AF	0	0.771081	3	2	1	0	0	0	0
AF	0	0.771393	1	1	0	0	0	0	0
AF	0	0.772642	1	1	0	0	0	0	0
AF	0	0.772954	2	2	0	0	0	0	0
AF	0	0.773267	1	1	0	0	0	0	0
AF	0	0.773579	4	3	1	0	0	0	0
AF	0	0.773891	6	4	2	0	0	0	0
AF	0	0.774204	6	3	3	0	0	0	0
AF	0	0.774828	7	5	2	0	0	0	0
AF	0	0.775141	1	1	0	0	0	0	0
AF	0	0.775453	2	1	1	0	0	0	0
AF	0	0.777951	2	2	0	0	0	0	0
AF	0	0.778264	1	1	0	0	0	0	0
AF	0	0.778576	2	1	1	0	0	0	0
AF	0	0.778888	3	3	0	0	0	0	0
AF	0	0.779513	1	1	0	0	0	0	0
AF	0	0.781387	1	0	1	0	0	0	0
AF	0	0.783260	1	0	1	0	0	0	0
AF	0	0.783573	2	2	0	0	0	0	0
AF	0	0.784510	1	0	1	0	0	0	0
AF	0	0.786384	1	0	1	0	0	0	0
AF	0	0.786696	1	1	0	0	0	0	0
AF	0	0.787320	1	0	1	0	0	0	0
AF	0	0.788257	1	0	1	0	0	0	0
AF	0	0.790131	1	1	0	0	0	0	0
AF	0	0.791380	2	1	1	0	0	0	0
AF	0	0.792005	1	1	0	0	0	0	0
AF	0	0.792630	1	0	1	0	0	0	0
AF	0	0.793879	2	2	0	0	0	0	0
AF	0	0.795440	1	0	1	0	0	0	0
AF	0	0.797314	1	0	1	0	0	0	0
AF	0	0.797939	1	1	0	0	0	0	0
AF	0	0.798876	1	1	0	0	0	0	0
AF	0	0.799500	1	0	1	0	0	0	0
AF	0	0.800750	1	1	0	0	0	0	0
AF	0	0.802936	1	1	0	0	0	0	0
AF	0	0.803873	1	0	1	0	0	0	0
AF	0	0.805746	3	2	1	0	0	0	0
AF	0	0.806371	2	2	0	0	0	0	0
AF	0	0.806996	2	1	1	0	0	0	0
AF	0	0.807620	1	1	0	0	0	0	0
AF	0	0.809494	2	2	0	0	0	0	0
AF	0	0.810119	1	1	0	0	0	0	0
AF	0	0.811056	1	1	0	0	0	0	0
AF	0	0.811993	1	0	1	0	0	0	0
AF	0	0.813242	1	0	1	0	0	0	0
AF	0	0.815428	1	1	0	0	0	0	0
AF	0	0.816052	1	1	0	0	0	0	0
AF	0	0.816365	3	3	0	0	0	0	0
AF	0	0.816677	2	1	1	0	0	0	0
AF	0	0.817614	1	0	1	0	0	0	0
AF	0	0.819176	1	1	0	0	0	0	0
AF	0	0.819488	1	1	0	0	0	0	0
AF	0	0.820112	1	0	1	0	0	0	0
AF	0	0.820737	1	1	0	0	0	0	0
AF	0	0.821674	1	1	0	0	0	0	0
AF	0	0.822611	3	1	2	0	0	0	0
AF	0	0.823235	1	1	0	0	0	0	0
AF	0	0.823860	2	2	0	0	0	0	0
AF	0	0.824797	1	0	1	0	0	0	0
AF	0	0.825109	1	1	0	0	0	0	0
AF	0	0.825734	2	1	1	0	0	0	0
AF	0	0.826046	1	0	1	0	0	0	0
AF	0	0.826359	2	2	0	0	0	0	0
AF	0	0.826671	3	2	1	0	0	0	0
AF	0	0.826983	5	4	1	0	0	0	0
AF	0	0.827608	1	0	1	0	0	0	0
AF	0	0.828545	1	1	0	0	0	0	0
AF	0	0.829482	1	0	1	0	0	0	0
AF	0	0.830731	1	1	0	0	0	0	0
AF	0	0.831043	1	1	0	0	0	0	0
AF	0	0.834478	3	2	1	0	0	0	0
AF	0	0.834791	1	0	1	0	0	0	0
AF	0	0.835103	2	1	1	0	0	0	0
AF	0	0.835415	1	1	0	0	0	0	0
AF	0	0.836352	2	1	1	0	0	0	0
AF	0	0.837601	1	1	0	0	0	0	0
AF	0	0.837914	3	2	1	0	0	0	0
AF	0	0.838226	1	1	0	0	0	0	0
AF	0	0.838851	2	1	1	0	0	0	0
AF	0	0.839163	1	1	0	0	0	0	0
AF	0	0.839788	1	0	1	0	0	0	0
AF	0	0.840100	1	0	1	0	0	0	0
AF	0	0.840725	3	3	0	0	0	0	0
AF	0	0.841037	1	1	0	0	0	0	0
AF	0	0.841974	1	1	0	0	0	0	0
AF	0	0.842911	1	0	1	0	0	0	0
AF	0	0.843848	1	1	0	0	0	0	0
AF	0	0.845409	1	1	0	0	0	0	0
AF	0	0.845721	1	0	1	0	0	0	0
AF	0	0.846034	3	2	1	0	0	0	0
AF	0	0.848532	1	1	0	0	0	0	0
AF	0	0.849469	2	0	2	0	0	0	0
AF	0	0.850718	2	1	1	0	0	0	0
AF	0	0.851343	3	2	1	0	0	0	0
AF	0	0.852280	2	0	2	0	0	0	0
AF	0	0.852592	1	0	1	0	0	0	0
AF	0	0.853217	6	5	1	0	0	0	0
AF	0	0.854466	1	1	0	0	0	0	0
AF	0	0.855715	1	1	0	0	0	0	0
AF	0	0.859151	1	1	0	0	0	0	0
AF	0	0.860087	1	1	0	0	0	0	0
AF	0	0.860712	1	1	0	0	0	0	0
AF	0	0.861337	1	1	0	0	0	0	0
AF	0	0.861961	2	1	1	0	0	0	0
AF	0	0.862586	1	1	0	0	0	0	0
AF	0	0.867583	1	1	0	0	0	0	0
AF	0	0.874453	1	0	1	0	0	0	0
AF	0	0.874766	1	1	0	0	0	0	0
AF	0	0.875078	1	0	1	0	0	0	0
AF	0	0.877577	1	1	0	0	0	0	0
AF	0	0.879450	1	0	1	0	0	0	0
AF	0	0.888507	1	1	0	0	0	0	0
AF	0	0.890069	1	0	1	0	0	0	0
AF	0	0.891006	1	1	0	0	0	0	0
AF	0	0.891630	1	0	1	0	0	0	0
AF	0	0.894441	1	1	0	0	0	0	0
AF	0	0.899438	1	1	0	0	0	0	0
AF	0	0.900062	2	0	2	0	0	0	0
AF	0	0.903186	1	0	1	0	0	0	0
AF	0	0.905372	1	1	0	0	0	0	0
AF	0	0.906621	1	1	0	0	0	0	0
AF	0	0.906933	1	1	0	0	0	0	0
AF	0	0.911618	1	1	0	0	0	0	0
AF	0	0.913179	2	1	1	0	0	0	0
AF	0	0.917239	1	0	1	0	0	0	0
AF	0	0.917552	1	1	0	0	0	0	0
AF	0	0.917864	1	0	1	0	0	0	0
AF	0	0.918488	1	1	0	0	0	0	0
AF	0	0.919113	1	1	0	0	0	0	0
AF	0	0.919425	2	1	1	0	0	0	0
AF	0	0.922861	1	0	1	0	0	0	0
AF	0	0.932854	1	1	0	0	0	0	0
AF	0	0.940350	1	1	0	0	0	0	0
AF	0	0.944410	1	1	0	0	0	0	0
AF	0	0.948470	1	1	0	0	0	0	0
AF	0	0.954403	1	1	0	0	0	0	0
AF	0	0.962211	1	0	1	0	0	0	0
AF	0	0.964085	1	1	0	0	0	0	0
AF	0	0.966583	1	1	0	0	0	0	0
AF	0	0.972829	2	1	1	0	0	0	0
AF	0	0.973766	1	0	1	0	0	0	0
AF	0	0.974079	1	1	0	0	0	0	0
AF	0	0.974703	1	0	1	0	0	0	0
AF	0	0.980949	1	1	0	0	0	0	0
AF	0	0.981262	1	1	0	0	0	0	0
AF	0	0.983448	1	1	0	0	0	0	0
AF	0	0.986571	1	1	0	0	0	0	0
AF	0	0.988132	1	1	0	0	0	0	0
AF	0	0.989694	1	1	0	0	0	0	0
AF	0	0.993442	1	0	1	0	0	0	0
AF	0	0.993754	1	1	0	0	0	0	0
AF	0	0.995315	1	1	0	0	0	0	0
AF	0	0.995628	1	1	0	0	0	0	0
AF	0	0.995940	1	0	1	0	0	0	0
AF	0	0.996565	2	2	0	0	0	0	0
AF	0	0.997814	1	1	0	0	0	0	0
AF	0	0.998438	2	1	1	0	0	0	0
AF	0	0.998751	3	2	1	0	0	0	0
AF	0	0.999063	1	1	0	0	0	0	0
# QUAL, Stats by quality
# QUAL	[2]id	[3]Quality	[4]number of SNPs	[5]number of transitions (1st ALT)	[6]number of transversions (1st ALT)	[7]number of indels
QUAL	0	.	16221	11125	5096	0
# IDD, InDel distribution:
# IDD	[2]id	[3]length (deletions negative)	[4]number of sites	[5]number of genotypes	[6]mean VAF
# ST, Substitution types:
# ST	[2]id	[3]type	[4]count
ST	0	A>C	626
ST	0	A>G	2442
ST	0	A>T	554
ST	0	C>A	713
ST	0	C>G	650
ST	0	C>T	3142
ST	0	G>A	3259
ST	0	G>C	603
ST	0	G>T	713
ST	0	T>A	617
ST	0	T>C	2282
ST	0	T>G	620
# DP, Depth distribution
# DP	[2]id	[3]bin	[4]number of genotypes	[5]fraction of genotypes (%)	[6]number of sites	[7]fraction of sites (%)
  - Fix haploid genotypes in males...

Submit MakeDiploidMalesX finished successfully. Let's have a beer, buddy!

