Submit MakeDiploidMalesX
version 1.1.6 (2024-09-30)

These are the settings:
  Input file................: /hpc/local/Rocky8/dhl_ec/software/MonopogenLite/resources/1kGP_high_coverage_Illumina.SNVonly_poly.filtered_AF_5e-04.norm.fixvariantid.chrX.vcf.gz
  Output file...............: /hpc/local/Rocky8/dhl_ec/software/MonopogenLite/resources/1kGP_high_coverage_Illumina.SNVonly_poly.filtered_AF_5e-04.norm.fixvariantid.makediploid.chrX.vcf.gz
  Chunk size................: 100

  SLURM CPUs................: 4
  SLURM Array ID............: 63 (of 100)
  SLURM memory..............: 16G
  SLURM time................: 01:00:00
  SLURM mail type...........: FAIL
  SLURM mail user...........: s.w.vanderlaan-2@umcutrecht.nl

  Dry run mode..............: 0
  Debug mode................: 1
  Verbosity.................: 0
  Version...................: 1.1.6 (2024-09-30)

Making converting haploid genotypes to diploid genotypes.
> Extract the region for this SLURM task (# 63) from the BED file.
  - Get the chunk number from the SLURM array task ID and the bed file...
DEBUG: Extracting chunk number: 63p from 63
DEBUG: Extracting region from BED file: /hpc/local/Rocky8/dhl_ec/software/MonopogenLite/resources/chrX_100pieces.bed
  - Extract the region from the BED file...
DEBUG: Extracted raw region: 'chrX	96745297	98305704' (chunk #: 63p of 100 for job 63)
  - Check if a valid region was extracted -- should be 'chrX	96745297	98305704'...
  - Prepare the region for bcftools...
  - Check if the region (chrX:96745297-98305704) was successfully extracted...
> Processing region 'chrX:96745297-98305704'...
  - Process the specific region (chunk# 63) using bcftools view...
  - Index the VCF file...
DEBUG: Check if the VCF file was successfully processed...
##fileformat=VCFv4.2
##FILTER=<ID=PASS,Description="All filters passed">
##fileDate=29/01/2022 - 14:31:41
##source=shapeit4.2.2
##contig=<ID=chr1,length=248956422>
##contig=<ID=chr2,length=242193529>
##contig=<ID=chr3,length=198295559>
##contig=<ID=chr4,length=190214555>
##contig=<ID=chr5,length=181538259>
##contig=<ID=chr6,length=170805979>
# This file was produced by bcftools stats (1.20+htslib-1.20) and can be plotted using plot-vcfstats.
# The command line was:	bcftools stats  /hpc/local/Rocky8/dhl_ec/software/MonopogenLite/resources/chrX.part63.vcf.gz
#
# Definition of sets:
# ID	[2]id	[3]tab-separated file names
ID	0	/hpc/local/Rocky8/dhl_ec/software/MonopogenLite/resources/chrX.part63.vcf.gz
# SN, Summary numbers:
#   number of records   .. number of data rows in the VCF
#   number of no-ALTs   .. reference-only sites, ALT is either "." or identical to REF
#   number of SNPs      .. number of rows with a SNP
#   number of MNPs      .. number of rows with a MNP, such as CC>TT
#   number of indels    .. number of rows with an indel
#   number of others    .. number of rows with other type, for example a symbolic allele or
#                          a complex substitution, such as ACT>TCGA
#   number of multiallelic sites     .. number of rows with multiple alternate alleles
#   number of multiallelic SNP sites .. number of rows with multiple alternate alleles, all SNPs
# 
#   Note that rows containing multiple types will be counted multiple times, in each
#   counter. For example, a row with a SNP and an indel increments both the SNP and
#   the indel counter.
# 
# SN	[2]id	[3]key	[4]value
SN	0	number of samples:	3202
SN	0	number of records:	15152
SN	0	number of no-ALTs:	0
SN	0	number of SNPs:	15152
SN	0	number of MNPs:	0
SN	0	number of indels:	0
SN	0	number of others:	0
SN	0	number of multiallelic sites:	0
SN	0	number of multiallelic SNP sites:	0
# TSTV, transitions/transversions:
# TSTV	[2]id	[3]ts	[4]tv	[5]ts/tv	[6]ts (1st ALT)	[7]tv (1st ALT)	[8]ts/tv (1st ALT)
TSTV	0	10347	4805	2.15	10347	4805	2.15
# SiS, Singleton stats:
# SiS	[2]id	[3]allele count	[4]number of SNPs	[5]number of transitions	[6]number of transversions	[7]number of indels	[8]repeat-consistent	[9]repeat-inconsistent	[10]not applicable
SiS	0	1	0	0	0	0	0	0	0
# AF, Stats by non-reference allele frequency:
# AF	[2]id	[3]allele frequency	[4]number of SNPs	[5]number of transitions	[6]number of transversions	[7]number of indels	[8]repeat-consistent	[9]repeat-inconsistent	[10]not applicable
AF	0	0.000312	2398	1645	753	0	0	0	0
AF	0	0.000625	1431	989	442	0	0	0	0
AF	0	0.000937	1660	1102	558	0	0	0	0
AF	0	0.001249	550	384	166	0	0	0	0
AF	0	0.001562	779	519	260	0	0	0	0
AF	0	0.001874	341	226	115	0	0	0	0
AF	0	0.002186	523	379	144	0	0	0	0
AF	0	0.002498	169	108	61	0	0	0	0
AF	0	0.002811	394	268	126	0	0	0	0
AF	0	0.003123	175	125	50	0	0	0	0
AF	0	0.003435	313	216	97	0	0	0	0
AF	0	0.003748	121	83	38	0	0	0	0
AF	0	0.004060	228	157	71	0	0	0	0
AF	0	0.004372	83	63	20	0	0	0	0
AF	0	0.004685	234	158	76	0	0	0	0
AF	0	0.004997	78	53	25	0	0	0	0
AF	0	0.005309	162	111	51	0	0	0	0
AF	0	0.005621	77	48	29	0	0	0	0
AF	0	0.005934	126	83	43	0	0	0	0
AF	0	0.006246	96	67	29	0	0	0	0
AF	0	0.006558	137	86	51	0	0	0	0
AF	0	0.006871	52	35	17	0	0	0	0
AF	0	0.007183	124	76	48	0	0	0	0
AF	0	0.007495	48	31	17	0	0	0	0
AF	0	0.007808	116	79	37	0	0	0	0
AF	0	0.008120	57	41	16	0	0	0	0
AF	0	0.008432	104	76	28	0	0	0	0
AF	0	0.008745	41	26	15	0	0	0	0
AF	0	0.009057	116	76	40	0	0	0	0
AF	0	0.009369	54	42	12	0	0	0	0
AF	0	0.009681	75	54	21	0	0	0	0
AF	0	0.009994	43	29	14	0	0	0	0
AF	0	0.010306	82	63	19	0	0	0	0
AF	0	0.010618	33	27	6	0	0	0	0
AF	0	0.010931	62	43	19	0	0	0	0
AF	0	0.011243	32	21	11	0	0	0	0
AF	0	0.011555	93	65	28	0	0	0	0
AF	0	0.011868	33	20	13	0	0	0	0
AF	0	0.012180	54	40	14	0	0	0	0
AF	0	0.012492	27	19	8	0	0	0	0
AF	0	0.012804	63	34	29	0	0	0	0
AF	0	0.013117	23	16	7	0	0	0	0
AF	0	0.013429	66	42	24	0	0	0	0
AF	0	0.013741	25	12	13	0	0	0	0
AF	0	0.014054	57	37	20	0	0	0	0
AF	0	0.014366	30	17	13	0	0	0	0
AF	0	0.014678	89	63	26	0	0	0	0
AF	0	0.014991	52	41	11	0	0	0	0
AF	0	0.015303	55	36	19	0	0	0	0
AF	0	0.015615	20	14	6	0	0	0	0
AF	0	0.015928	38	23	15	0	0	0	0
AF	0	0.016240	19	14	5	0	0	0	0
AF	0	0.016552	46	27	19	0	0	0	0
AF	0	0.016864	19	15	4	0	0	0	0
AF	0	0.017177	38	21	17	0	0	0	0
AF	0	0.017489	15	12	3	0	0	0	0
AF	0	0.017801	56	40	16	0	0	0	0
AF	0	0.018114	14	12	2	0	0	0	0
AF	0	0.018426	19	14	5	0	0	0	0
AF	0	0.018738	14	10	4	0	0	0	0
AF	0	0.019051	42	30	12	0	0	0	0
AF	0	0.019363	18	14	4	0	0	0	0
AF	0	0.019675	42	32	10	0	0	0	0
AF	0	0.019988	11	7	4	0	0	0	0
AF	0	0.020300	32	21	11	0	0	0	0
AF	0	0.020612	23	20	3	0	0	0	0
AF	0	0.020924	33	15	18	0	0	0	0
AF	0	0.021237	12	10	2	0	0	0	0
AF	0	0.021549	26	17	9	0	0	0	0
AF	0	0.021861	10	8	2	0	0	0	0
AF	0	0.022174	32	19	13	0	0	0	0
AF	0	0.022486	12	7	5	0	0	0	0
AF	0	0.022798	50	34	16	0	0	0	0
AF	0	0.023111	24	15	9	0	0	0	0
AF	0	0.023423	29	19	10	0	0	0	0
AF	0	0.023735	8	6	2	0	0	0	0
AF	0	0.024047	17	14	3	0	0	0	0
AF	0	0.024360	16	8	8	0	0	0	0
AF	0	0.024672	29	17	12	0	0	0	0
AF	0	0.024984	6	4	2	0	0	0	0
AF	0	0.025297	33	23	10	0	0	0	0
AF	0	0.025609	7	3	4	0	0	0	0
AF	0	0.025921	23	16	7	0	0	0	0
AF	0	0.026234	10	9	1	0	0	0	0
AF	0	0.026546	29	18	11	0	0	0	0
AF	0	0.026858	24	18	6	0	0	0	0
AF	0	0.027171	36	19	17	0	0	0	0
AF	0	0.027483	11	8	3	0	0	0	0
AF	0	0.027795	14	7	7	0	0	0	0
AF	0	0.028107	6	5	1	0	0	0	0
AF	0	0.028420	16	8	8	0	0	0	0
AF	0	0.028732	11	7	4	0	0	0	0
AF	0	0.029044	15	10	5	0	0	0	0
AF	0	0.029357	13	9	4	0	0	0	0
AF	0	0.029669	12	8	4	0	0	0	0
AF	0	0.029981	4	1	3	0	0	0	0
AF	0	0.030294	16	10	6	0	0	0	0
AF	0	0.030606	5	2	3	0	0	0	0
AF	0	0.030918	16	7	9	0	0	0	0
AF	0	0.031230	8	5	3	0	0	0	0
AF	0	0.031543	11	4	7	0	0	0	0
AF	0	0.031855	8	5	3	0	0	0	0
AF	0	0.032167	11	7	4	0	0	0	0
AF	0	0.032480	5	4	1	0	0	0	0
AF	0	0.032792	4	4	0	0	0	0	0
AF	0	0.033104	3	3	0	0	0	0	0
AF	0	0.033417	14	8	6	0	0	0	0
AF	0	0.033729	5	4	1	0	0	0	0
AF	0	0.034041	7	5	2	0	0	0	0
AF	0	0.034354	4	3	1	0	0	0	0
AF	0	0.034666	14	8	6	0	0	0	0
AF	0	0.034978	7	6	1	0	0	0	0
AF	0	0.035290	13	11	2	0	0	0	0
AF	0	0.035603	3	3	0	0	0	0	0
AF	0	0.035915	14	10	4	0	0	0	0
AF	0	0.036227	2	1	1	0	0	0	0
AF	0	0.036540	13	8	5	0	0	0	0
AF	0	0.036852	14	10	4	0	0	0	0
AF	0	0.037164	10	6	4	0	0	0	0
AF	0	0.037477	1	1	0	0	0	0	0
AF	0	0.037789	12	8	4	0	0	0	0
AF	0	0.038101	9	6	3	0	0	0	0
AF	0	0.038413	17	15	2	0	0	0	0
AF	0	0.038726	7	4	3	0	0	0	0
AF	0	0.039038	8	7	1	0	0	0	0
AF	0	0.039350	3	1	2	0	0	0	0
AF	0	0.039663	13	6	7	0	0	0	0
AF	0	0.039975	7	6	1	0	0	0	0
AF	0	0.040287	7	5	2	0	0	0	0
AF	0	0.040600	7	5	2	0	0	0	0
AF	0	0.040912	20	14	6	0	0	0	0
AF	0	0.041224	8	5	3	0	0	0	0
AF	0	0.041537	10	8	2	0	0	0	0
AF	0	0.041849	6	4	2	0	0	0	0
AF	0	0.042161	12	10	2	0	0	0	0
AF	0	0.042473	3	0	3	0	0	0	0
AF	0	0.042786	7	6	1	0	0	0	0
AF	0	0.043098	7	6	1	0	0	0	0
AF	0	0.043410	14	10	4	0	0	0	0
AF	0	0.043723	9	8	1	0	0	0	0
AF	0	0.044035	8	4	4	0	0	0	0
AF	0	0.044347	11	7	4	0	0	0	0
AF	0	0.044660	17	12	5	0	0	0	0
AF	0	0.044972	5	2	3	0	0	0	0
AF	0	0.045284	7	5	2	0	0	0	0
AF	0	0.045597	3	2	1	0	0	0	0
AF	0	0.045909	6	4	2	0	0	0	0
AF	0	0.046221	4	3	1	0	0	0	0
AF	0	0.046533	9	6	3	0	0	0	0
AF	0	0.046846	2	0	2	0	0	0	0
AF	0	0.047158	8	5	3	0	0	0	0
AF	0	0.047470	4	4	0	0	0	0	0
AF	0	0.047783	4	2	2	0	0	0	0
AF	0	0.048095	6	5	1	0	0	0	0
AF	0	0.048407	5	5	0	0	0	0	0
AF	0	0.048720	3	2	1	0	0	0	0
AF	0	0.049032	8	7	1	0	0	0	0
AF	0	0.049344	2	1	1	0	0	0	0
AF	0	0.049656	9	4	5	0	0	0	0
AF	0	0.049969	3	2	1	0	0	0	0
AF	0	0.050281	10	6	4	0	0	0	0
AF	0	0.050593	3	2	1	0	0	0	0
AF	0	0.050906	9	7	2	0	0	0	0
AF	0	0.051218	5	3	2	0	0	0	0
AF	0	0.051530	6	3	3	0	0	0	0
AF	0	0.051843	6	4	2	0	0	0	0
AF	0	0.052155	14	12	2	0	0	0	0
AF	0	0.052467	6	6	0	0	0	0	0
AF	0	0.052780	6	4	2	0	0	0	0
AF	0	0.053092	3	2	1	0	0	0	0
AF	0	0.053404	3	3	0	0	0	0	0
AF	0	0.053716	1	0	1	0	0	0	0
AF	0	0.054029	2	1	1	0	0	0	0
AF	0	0.054341	1	1	0	0	0	0	0
AF	0	0.054653	6	4	2	0	0	0	0
AF	0	0.054966	8	7	1	0	0	0	0
AF	0	0.055278	9	7	2	0	0	0	0
AF	0	0.055590	3	2	1	0	0	0	0
AF	0	0.055903	2	2	0	0	0	0	0
AF	0	0.056215	1	1	0	0	0	0	0
AF	0	0.056527	5	4	1	0	0	0	0
AF	0	0.056839	1	0	1	0	0	0	0
AF	0	0.057152	5	3	2	0	0	0	0
AF	0	0.057464	3	3	0	0	0	0	0
AF	0	0.057776	5	3	2	0	0	0	0
AF	0	0.058089	3	1	2	0	0	0	0
AF	0	0.058401	2	2	0	0	0	0	0
AF	0	0.058713	2	2	0	0	0	0	0
AF	0	0.059026	7	5	2	0	0	0	0
AF	0	0.059338	3	3	0	0	0	0	0
AF	0	0.059650	4	4	0	0	0	0	0
AF	0	0.059963	3	1	2	0	0	0	0
AF	0	0.060275	5	3	2	0	0	0	0
AF	0	0.060587	2	1	1	0	0	0	0
AF	0	0.060899	4	3	1	0	0	0	0
AF	0	0.061212	1	1	0	0	0	0	0
AF	0	0.061524	3	2	1	0	0	0	0
AF	0	0.061836	3	3	0	0	0	0	0
AF	0	0.062149	3	3	0	0	0	0	0
AF	0	0.062773	4	2	2	0	0	0	0
AF	0	0.063086	2	1	1	0	0	0	0
AF	0	0.063398	4	1	3	0	0	0	0
AF	0	0.064022	1	0	1	0	0	0	0
AF	0	0.064647	5	3	2	0	0	0	0
AF	0	0.064959	1	0	1	0	0	0	0
AF	0	0.065272	2	2	0	0	0	0	0
AF	0	0.065896	2	2	0	0	0	0	0
AF	0	0.066209	3	1	2	0	0	0	0
AF	0	0.066521	5	4	1	0	0	0	0
AF	0	0.066833	2	2	0	0	0	0	0
AF	0	0.067146	3	1	2	0	0	0	0
AF	0	0.067458	3	1	2	0	0	0	0
AF	0	0.067770	7	5	2	0	0	0	0
AF	0	0.068082	6	5	1	0	0	0	0
AF	0	0.068395	5	3	2	0	0	0	0
AF	0	0.068707	2	2	0	0	0	0	0
AF	0	0.069019	11	5	6	0	0	0	0
AF	0	0.069644	1	1	0	0	0	0	0
AF	0	0.069956	1	0	1	0	0	0	0
AF	0	0.070269	2	2	0	0	0	0	0
AF	0	0.070581	2	2	0	0	0	0	0
AF	0	0.070893	9	5	4	0	0	0	0
AF	0	0.071205	2	2	0	0	0	0	0
AF	0	0.071518	2	1	1	0	0	0	0
AF	0	0.072142	6	5	1	0	0	0	0
AF	0	0.072767	1	1	0	0	0	0	0
AF	0	0.073079	1	1	0	0	0	0	0
AF	0	0.073392	1	1	0	0	0	0	0
AF	0	0.073704	1	1	0	0	0	0	0
AF	0	0.074016	6	2	4	0	0	0	0
AF	0	0.074329	1	0	1	0	0	0	0
AF	0	0.074641	2	0	2	0	0	0	0
AF	0	0.075265	3	2	1	0	0	0	0
AF	0	0.075890	4	2	2	0	0	0	0
AF	0	0.076515	2	2	0	0	0	0	0
AF	0	0.076827	4	3	1	0	0	0	0
AF	0	0.077139	11	8	3	0	0	0	0
AF	0	0.077452	2	2	0	0	0	0	0
AF	0	0.077764	18	7	11	0	0	0	0
AF	0	0.078076	4	3	1	0	0	0	0
AF	0	0.078389	3	3	0	0	0	0	0
AF	0	0.078701	1	1	0	0	0	0	0
AF	0	0.079013	5	3	2	0	0	0	0
AF	0	0.079325	2	2	0	0	0	0	0
AF	0	0.079638	1	1	0	0	0	0	0
AF	0	0.080262	3	2	1	0	0	0	0
AF	0	0.080575	1	0	1	0	0	0	0
AF	0	0.080887	1	0	1	0	0	0	0
AF	0	0.081199	2	2	0	0	0	0	0
AF	0	0.081512	2	0	2	0	0	0	0
AF	0	0.081824	1	0	1	0	0	0	0
AF	0	0.082136	1	1	0	0	0	0	0
AF	0	0.082448	2	2	0	0	0	0	0
AF	0	0.082761	2	1	1	0	0	0	0
AF	0	0.083385	5	3	2	0	0	0	0
AF	0	0.084322	1	0	1	0	0	0	0
AF	0	0.084635	3	2	1	0	0	0	0
AF	0	0.085259	3	3	0	0	0	0	0
AF	0	0.085884	1	1	0	0	0	0	0
AF	0	0.086196	3	2	1	0	0	0	0
AF	0	0.086508	1	0	1	0	0	0	0
AF	0	0.086821	1	0	1	0	0	0	0
AF	0	0.088070	1	1	0	0	0	0	0
AF	0	0.088382	1	1	0	0	0	0	0
AF	0	0.089007	1	1	0	0	0	0	0
AF	0	0.089631	3	2	1	0	0	0	0
AF	0	0.090568	1	0	1	0	0	0	0
AF	0	0.090881	1	1	0	0	0	0	0
AF	0	0.091505	3	2	1	0	0	0	0
AF	0	0.092442	1	1	0	0	0	0	0
AF	0	0.092755	5	3	2	0	0	0	0
AF	0	0.093067	2	1	1	0	0	0	0
AF	0	0.093379	5	3	2	0	0	0	0
AF	0	0.093691	1	0	1	0	0	0	0
AF	0	0.094941	1	1	0	0	0	0	0
AF	0	0.095253	1	1	0	0	0	0	0
AF	0	0.095565	1	1	0	0	0	0	0
AF	0	0.095878	1	1	0	0	0	0	0
AF	0	0.097127	3	3	0	0	0	0	0
AF	0	0.097439	1	1	0	0	0	0	0
AF	0	0.097751	1	1	0	0	0	0	0
AF	0	0.098376	2	1	1	0	0	0	0
AF	0	0.099001	2	1	1	0	0	0	0
AF	0	0.099313	1	1	0	0	0	0	0
AF	0	0.099625	1	1	0	0	0	0	0
AF	0	0.099938	3	2	1	0	0	0	0
AF	0	0.100250	1	1	0	0	0	0	0
AF	0	0.100562	1	0	1	0	0	0	0
AF	0	0.100874	1	1	0	0	0	0	0
AF	0	0.101499	4	4	0	0	0	0	0
AF	0	0.102124	2	1	1	0	0	0	0
AF	0	0.102436	1	1	0	0	0	0	0
AF	0	0.103373	3	2	1	0	0	0	0
AF	0	0.103998	2	2	0	0	0	0	0
AF	0	0.104622	3	1	2	0	0	0	0
AF	0	0.104934	2	1	1	0	0	0	0
AF	0	0.105247	2	1	1	0	0	0	0
AF	0	0.105559	2	2	0	0	0	0	0
AF	0	0.105871	1	0	1	0	0	0	0
AF	0	0.106496	1	1	0	0	0	0	0
AF	0	0.106808	1	1	0	0	0	0	0
AF	0	0.107121	2	2	0	0	0	0	0
AF	0	0.107433	1	1	0	0	0	0	0
AF	0	0.108994	3	2	1	0	0	0	0
AF	0	0.109307	3	3	0	0	0	0	0
AF	0	0.109619	3	3	0	0	0	0	0
AF	0	0.109931	3	2	1	0	0	0	0
AF	0	0.110244	5	4	1	0	0	0	0
AF	0	0.110868	2	1	1	0	0	0	0
AF	0	0.111181	3	2	1	0	0	0	0
AF	0	0.111493	1	1	0	0	0	0	0
AF	0	0.111805	1	1	0	0	0	0	0
AF	0	0.112430	1	1	0	0	0	0	0
AF	0	0.112742	1	1	0	0	0	0	0
AF	0	0.113679	1	1	0	0	0	0	0
AF	0	0.113991	1	1	0	0	0	0	0
AF	0	0.114304	2	2	0	0	0	0	0
AF	0	0.114928	1	1	0	0	0	0	0
AF	0	0.115553	2	1	1	0	0	0	0
AF	0	0.115865	5	4	1	0	0	0	0
AF	0	0.116177	6	6	0	0	0	0	0
AF	0	0.116802	3	2	1	0	0	0	0
AF	0	0.118676	2	2	0	0	0	0	0
AF	0	0.119300	1	0	1	0	0	0	0
AF	0	0.119925	1	1	0	0	0	0	0
AF	0	0.121174	2	2	0	0	0	0	0
AF	0	0.121799	1	0	1	0	0	0	0
AF	0	0.122423	1	0	1	0	0	0	0
AF	0	0.122736	1	1	0	0	0	0	0
AF	0	0.124297	1	1	0	0	0	0	0
AF	0	0.124610	2	2	0	0	0	0	0
AF	0	0.124922	1	1	0	0	0	0	0
AF	0	0.126171	2	0	2	0	0	0	0
AF	0	0.126483	1	1	0	0	0	0	0
AF	0	0.126796	1	1	0	0	0	0	0
AF	0	0.127420	1	0	1	0	0	0	0
AF	0	0.127733	1	0	1	0	0	0	0
AF	0	0.128982	1	1	0	0	0	0	0
AF	0	0.129606	1	0	1	0	0	0	0
AF	0	0.129919	1	0	1	0	0	0	0
AF	0	0.130231	1	1	0	0	0	0	0
AF	0	0.130543	1	1	0	0	0	0	0
AF	0	0.130856	1	1	0	0	0	0	0
AF	0	0.131168	1	1	0	0	0	0	0
AF	0	0.131793	3	2	1	0	0	0	0
AF	0	0.132105	1	0	1	0	0	0	0
AF	0	0.132417	3	2	1	0	0	0	0
AF	0	0.133042	1	0	1	0	0	0	0
AF	0	0.133354	2	2	0	0	0	0	0
AF	0	0.133979	2	2	0	0	0	0	0
AF	0	0.134291	2	2	0	0	0	0	0
AF	0	0.134603	1	1	0	0	0	0	0
AF	0	0.135228	2	2	0	0	0	0	0
AF	0	0.135540	3	3	0	0	0	0	0
AF	0	0.135853	3	2	1	0	0	0	0
AF	0	0.136165	3	1	2	0	0	0	0
AF	0	0.136477	1	1	0	0	0	0	0
AF	0	0.136790	1	0	1	0	0	0	0
AF	0	0.137414	1	1	0	0	0	0	0
AF	0	0.138039	1	1	0	0	0	0	0
AF	0	0.138351	1	0	1	0	0	0	0
AF	0	0.138976	1	1	0	0	0	0	0
AF	0	0.139288	2	2	0	0	0	0	0
AF	0	0.139913	2	1	1	0	0	0	0
AF	0	0.140225	1	1	0	0	0	0	0
AF	0	0.140537	4	3	1	0	0	0	0
AF	0	0.141162	2	1	1	0	0	0	0
AF	0	0.141474	1	1	0	0	0	0	0
AF	0	0.141786	3	3	0	0	0	0	0
AF	0	0.142099	1	1	0	0	0	0	0
AF	0	0.142723	1	1	0	0	0	0	0
AF	0	0.143036	1	1	0	0	0	0	0
AF	0	0.145534	1	1	0	0	0	0	0
AF	0	0.145846	1	0	1	0	0	0	0
AF	0	0.146159	1	0	1	0	0	0	0
AF	0	0.146471	1	0	1	0	0	0	0
AF	0	0.146783	2	1	1	0	0	0	0
AF	0	0.147096	1	0	1	0	0	0	0
AF	0	0.147720	2	2	0	0	0	0	0
AF	0	0.148032	1	1	0	0	0	0	0
AF	0	0.148345	1	1	0	0	0	0	0
AF	0	0.149594	1	1	0	0	0	0	0
AF	0	0.149906	1	1	0	0	0	0	0
AF	0	0.150219	1	1	0	0	0	0	0
AF	0	0.150531	2	2	0	0	0	0	0
AF	0	0.152092	1	0	1	0	0	0	0
AF	0	0.152717	1	0	1	0	0	0	0
AF	0	0.153029	1	1	0	0	0	0	0
AF	0	0.154591	2	2	0	0	0	0	0
AF	0	0.154903	1	1	0	0	0	0	0
AF	0	0.155528	1	0	1	0	0	0	0
AF	0	0.156152	1	1	0	0	0	0	0
AF	0	0.156465	1	1	0	0	0	0	0
AF	0	0.156777	1	1	0	0	0	0	0
AF	0	0.157402	1	1	0	0	0	0	0
AF	0	0.157714	1	0	1	0	0	0	0
AF	0	0.158026	3	2	1	0	0	0	0
AF	0	0.158339	7	4	3	0	0	0	0
AF	0	0.158651	8	7	1	0	0	0	0
AF	0	0.158963	4	3	1	0	0	0	0
AF	0	0.159275	7	5	2	0	0	0	0
AF	0	0.159588	5	4	1	0	0	0	0
AF	0	0.159900	4	4	0	0	0	0	0
AF	0	0.160212	3	2	1	0	0	0	0
AF	0	0.160525	1	1	0	0	0	0	0
AF	0	0.161149	1	0	1	0	0	0	0
AF	0	0.161462	1	0	1	0	0	0	0
AF	0	0.161774	6	5	1	0	0	0	0
AF	0	0.162086	2	1	1	0	0	0	0
AF	0	0.162399	2	2	0	0	0	0	0
AF	0	0.162711	1	1	0	0	0	0	0
AF	0	0.163648	3	1	2	0	0	0	0
AF	0	0.163960	2	2	0	0	0	0	0
AF	0	0.165209	2	1	1	0	0	0	0
AF	0	0.166146	2	2	0	0	0	0	0
AF	0	0.167708	1	1	0	0	0	0	0
AF	0	0.168020	2	0	2	0	0	0	0
AF	0	0.168645	1	1	0	0	0	0	0
AF	0	0.169269	2	1	1	0	0	0	0
AF	0	0.169894	1	1	0	0	0	0	0
AF	0	0.170206	2	1	1	0	0	0	0
AF	0	0.170518	1	1	0	0	0	0	0
AF	0	0.170831	4	2	2	0	0	0	0
AF	0	0.171143	3	1	2	0	0	0	0
AF	0	0.171768	1	0	1	0	0	0	0
AF	0	0.172080	1	1	0	0	0	0	0
AF	0	0.172392	1	0	1	0	0	0	0
AF	0	0.172705	1	1	0	0	0	0	0
AF	0	0.173017	1	1	0	0	0	0	0
AF	0	0.173641	1	0	1	0	0	0	0
AF	0	0.173954	1	1	0	0	0	0	0
AF	0	0.174266	1	1	0	0	0	0	0
AF	0	0.174891	2	1	1	0	0	0	0
AF	0	0.175515	1	1	0	0	0	0	0
AF	0	0.176452	1	1	0	0	0	0	0
AF	0	0.177701	1	1	0	0	0	0	0
AF	0	0.178326	1	0	1	0	0	0	0
AF	0	0.178638	1	1	0	0	0	0	0
AF	0	0.179575	1	1	0	0	0	0	0
AF	0	0.179888	1	0	1	0	0	0	0
AF	0	0.180512	1	0	1	0	0	0	0
AF	0	0.181137	1	1	0	0	0	0	0
AF	0	0.181449	1	1	0	0	0	0	0
AF	0	0.181761	1	0	1	0	0	0	0
AF	0	0.183011	1	1	0	0	0	0	0
AF	0	0.183323	1	0	1	0	0	0	0
AF	0	0.183635	1	0	1	0	0	0	0
AF	0	0.184572	2	2	0	0	0	0	0
AF	0	0.184884	2	1	1	0	0	0	0
AF	0	0.185197	1	0	1	0	0	0	0
AF	0	0.186446	1	0	1	0	0	0	0
AF	0	0.186758	1	0	1	0	0	0	0
AF	0	0.187695	3	1	2	0	0	0	0
AF	0	0.188007	1	0	1	0	0	0	0
AF	0	0.189257	2	2	0	0	0	0	0
AF	0	0.190194	1	0	1	0	0	0	0
AF	0	0.190506	1	0	1	0	0	0	0
AF	0	0.191131	1	1	0	0	0	0	0
AF	0	0.191755	1	0	1	0	0	0	0
AF	0	0.192067	2	2	0	0	0	0	0
AF	0	0.192380	4	3	1	0	0	0	0
AF	0	0.192692	1	1	0	0	0	0	0
AF	0	0.193004	2	0	2	0	0	0	0
AF	0	0.193317	1	1	0	0	0	0	0
AF	0	0.193941	1	1	0	0	0	0	0
AF	0	0.194254	2	2	0	0	0	0	0
AF	0	0.194566	1	1	0	0	0	0	0
AF	0	0.198626	1	1	0	0	0	0	0
AF	0	0.201437	1	1	0	0	0	0	0
AF	0	0.201749	1	1	0	0	0	0	0
AF	0	0.202374	1	1	0	0	0	0	0
AF	0	0.202686	1	1	0	0	0	0	0
AF	0	0.202998	1	1	0	0	0	0	0
AF	0	0.203935	1	0	1	0	0	0	0
AF	0	0.204247	1	1	0	0	0	0	0
AF	0	0.205184	1	0	1	0	0	0	0
AF	0	0.206121	3	1	2	0	0	0	0
AF	0	0.206746	1	1	0	0	0	0	0
AF	0	0.207370	2	0	2	0	0	0	0
AF	0	0.208307	2	1	1	0	0	0	0
AF	0	0.208620	1	1	0	0	0	0	0
AF	0	0.209244	2	2	0	0	0	0	0
AF	0	0.209869	1	1	0	0	0	0	0
AF	0	0.210181	1	0	1	0	0	0	0
AF	0	0.211118	1	0	1	0	0	0	0
AF	0	0.211743	1	1	0	0	0	0	0
AF	0	0.214241	1	0	1	0	0	0	0
AF	0	0.216740	1	0	1	0	0	0	0
AF	0	0.219238	1	1	0	0	0	0	0
AF	0	0.219863	1	1	0	0	0	0	0
AF	0	0.222049	1	1	0	0	0	0	0
AF	0	0.222361	1	1	0	0	0	0	0
AF	0	0.223610	1	1	0	0	0	0	0
AF	0	0.224859	1	1	0	0	0	0	0
AF	0	0.225796	2	0	2	0	0	0	0
AF	0	0.226109	1	1	0	0	0	0	0
AF	0	0.227358	1	1	0	0	0	0	0
AF	0	0.227670	3	3	0	0	0	0	0
AF	0	0.228607	1	0	1	0	0	0	0
AF	0	0.229544	2	1	1	0	0	0	0
AF	0	0.229856	4	4	0	0	0	0	0
AF	0	0.230169	1	1	0	0	0	0	0
AF	0	0.230481	2	2	0	0	0	0	0
AF	0	0.230793	3	3	0	0	0	0	0
AF	0	0.231418	1	1	0	0	0	0	0
AF	0	0.232355	2	1	1	0	0	0	0
AF	0	0.232667	1	1	0	0	0	0	0
AF	0	0.233292	3	3	0	0	0	0	0
AF	0	0.233604	2	2	0	0	0	0	0
AF	0	0.235166	1	0	1	0	0	0	0
AF	0	0.235478	1	1	0	0	0	0	0
AF	0	0.236415	1	1	0	0	0	0	0
AF	0	0.236727	1	1	0	0	0	0	0
AF	0	0.237039	5	4	1	0	0	0	0
AF	0	0.237352	1	1	0	0	0	0	0
AF	0	0.237664	2	2	0	0	0	0	0
AF	0	0.238289	1	0	1	0	0	0	0
AF	0	0.240162	1	1	0	0	0	0	0
AF	0	0.241724	1	1	0	0	0	0	0
AF	0	0.244535	1	1	0	0	0	0	0
AF	0	0.245472	1	1	0	0	0	0	0
AF	0	0.250156	1	0	1	0	0	0	0
AF	0	0.251405	1	1	0	0	0	0	0
AF	0	0.252655	1	1	0	0	0	0	0
AF	0	0.252967	1	0	1	0	0	0	0
AF	0	0.253279	1	1	0	0	0	0	0
AF	0	0.255778	1	0	1	0	0	0	0
AF	0	0.256090	1	0	1	0	0	0	0
AF	0	0.257027	1	0	1	0	0	0	0
AF	0	0.257651	1	1	0	0	0	0	0
AF	0	0.258276	2	2	0	0	0	0	0
AF	0	0.259525	1	1	0	0	0	0	0
AF	0	0.260775	1	1	0	0	0	0	0
AF	0	0.261399	1	1	0	0	0	0	0
AF	0	0.262648	1	1	0	0	0	0	0
AF	0	0.263273	1	0	1	0	0	0	0
AF	0	0.263585	1	1	0	0	0	0	0
AF	0	0.264210	1	1	0	0	0	0	0
AF	0	0.265771	1	1	0	0	0	0	0
AF	0	0.266396	1	1	0	0	0	0	0
AF	0	0.268270	1	1	0	0	0	0	0
AF	0	0.268582	1	1	0	0	0	0	0
AF	0	0.268894	2	1	1	0	0	0	0
AF	0	0.269519	2	1	1	0	0	0	0
AF	0	0.270144	2	1	1	0	0	0	0
AF	0	0.272954	1	1	0	0	0	0	0
AF	0	0.273267	1	0	1	0	0	0	0
AF	0	0.274204	1	1	0	0	0	0	0
AF	0	0.274516	1	1	0	0	0	0	0
AF	0	0.274828	2	1	1	0	0	0	0
AF	0	0.277327	1	1	0	0	0	0	0
AF	0	0.277639	2	2	0	0	0	0	0
AF	0	0.277951	1	1	0	0	0	0	0
AF	0	0.278264	1	1	0	0	0	0	0
AF	0	0.278888	4	4	0	0	0	0	0
AF	0	0.279200	1	0	1	0	0	0	0
AF	0	0.280137	1	1	0	0	0	0	0
AF	0	0.281387	3	0	3	0	0	0	0
AF	0	0.281699	1	1	0	0	0	0	0
AF	0	0.282324	1	0	1	0	0	0	0
AF	0	0.283260	1	0	1	0	0	0	0
AF	0	0.285134	1	1	0	0	0	0	0
AF	0	0.286071	1	1	0	0	0	0	0
AF	0	0.286384	1	0	1	0	0	0	0
AF	0	0.286696	1	1	0	0	0	0	0
AF	0	0.287633	2	0	2	0	0	0	0
AF	0	0.288257	2	2	0	0	0	0	0
AF	0	0.288570	1	1	0	0	0	0	0
AF	0	0.290131	1	0	1	0	0	0	0
AF	0	0.290443	1	1	0	0	0	0	0
AF	0	0.290756	2	2	0	0	0	0	0
AF	0	0.291068	4	3	1	0	0	0	0
AF	0	0.291693	1	1	0	0	0	0	0
AF	0	0.292005	2	2	0	0	0	0	0
AF	0	0.292317	2	1	1	0	0	0	0
AF	0	0.293254	1	1	0	0	0	0	0
AF	0	0.293879	1	0	1	0	0	0	0
AF	0	0.294503	1	1	0	0	0	0	0
AF	0	0.295753	1	1	0	0	0	0	0
AF	0	0.296377	1	0	1	0	0	0	0
AF	0	0.297314	1	1	0	0	0	0	0
AF	0	0.297626	1	1	0	0	0	0	0
AF	0	0.298251	2	1	1	0	0	0	0
AF	0	0.299813	2	2	0	0	0	0	0
AF	0	0.301374	2	2	0	0	0	0	0
AF	0	0.302311	1	0	1	0	0	0	0
AF	0	0.302936	1	0	1	0	0	0	0
AF	0	0.303248	1	0	1	0	0	0	0
AF	0	0.303560	1	1	0	0	0	0	0
AF	0	0.303873	1	1	0	0	0	0	0
AF	0	0.304497	1	1	0	0	0	0	0
AF	0	0.305122	1	1	0	0	0	0	0
AF	0	0.306059	1	1	0	0	0	0	0
AF	0	0.308245	1	1	0	0	0	0	0
AF	0	0.308869	1	1	0	0	0	0	0
AF	0	0.312617	1	1	0	0	0	0	0
AF	0	0.313242	2	0	2	0	0	0	0
AF	0	0.314803	1	1	0	0	0	0	0
AF	0	0.315428	1	1	0	0	0	0	0
AF	0	0.316677	1	1	0	0	0	0	0
AF	0	0.316989	1	1	0	0	0	0	0
AF	0	0.317302	1	1	0	0	0	0	0
AF	0	0.317614	1	1	0	0	0	0	0
AF	0	0.320112	1	1	0	0	0	0	0
AF	0	0.321986	1	1	0	0	0	0	0
AF	0	0.325422	1	1	0	0	0	0	0
AF	0	0.326671	1	1	0	0	0	0	0
AF	0	0.328857	2	1	1	0	0	0	0
AF	0	0.331355	1	0	1	0	0	0	0
AF	0	0.332917	1	1	0	0	0	0	0
AF	0	0.333542	1	1	0	0	0	0	0
AF	0	0.334166	4	3	1	0	0	0	0
AF	0	0.334791	3	3	0	0	0	0	0
AF	0	0.335103	1	0	1	0	0	0	0
AF	0	0.335415	3	1	2	0	0	0	0
AF	0	0.336040	1	1	0	0	0	0	0
AF	0	0.336352	1	1	0	0	0	0	0
AF	0	0.336665	2	2	0	0	0	0	0
AF	0	0.337289	1	0	1	0	0	0	0
AF	0	0.337601	2	2	0	0	0	0	0
AF	0	0.337914	5	5	0	0	0	0	0
AF	0	0.338226	2	2	0	0	0	0	0
AF	0	0.338538	3	3	0	0	0	0	0
AF	0	0.339163	1	0	1	0	0	0	0
AF	0	0.339475	1	1	0	0	0	0	0
AF	0	0.340412	1	0	1	0	0	0	0
AF	0	0.341661	1	0	1	0	0	0	0
AF	0	0.341974	1	1	0	0	0	0	0
AF	0	0.342598	1	0	1	0	0	0	0
AF	0	0.342911	1	1	0	0	0	0	0
AF	0	0.344472	1	0	1	0	0	0	0
AF	0	0.344785	3	2	1	0	0	0	0
AF	0	0.346034	2	2	0	0	0	0	0
AF	0	0.346346	3	2	1	0	0	0	0
AF	0	0.346658	2	2	0	0	0	0	0
AF	0	0.347283	1	1	0	0	0	0	0
AF	0	0.347908	1	1	0	0	0	0	0
AF	0	0.348220	1	1	0	0	0	0	0
AF	0	0.349157	2	2	0	0	0	0	0
AF	0	0.349469	2	2	0	0	0	0	0
AF	0	0.351031	1	1	0	0	0	0	0
AF	0	0.352280	1	0	1	0	0	0	0
AF	0	0.352592	1	1	0	0	0	0	0
AF	0	0.352904	2	2	0	0	0	0	0
AF	0	0.353529	1	1	0	0	0	0	0
AF	0	0.353841	3	2	1	0	0	0	0
AF	0	0.354466	1	1	0	0	0	0	0
AF	0	0.354778	1	1	0	0	0	0	0
AF	0	0.355403	1	1	0	0	0	0	0
AF	0	0.355715	1	1	0	0	0	0	0
AF	0	0.356027	2	1	1	0	0	0	0
AF	0	0.356340	2	0	2	0	0	0	0
AF	0	0.356652	1	0	1	0	0	0	0
AF	0	0.357277	5	5	0	0	0	0	0
AF	0	0.357901	3	3	0	0	0	0	0
AF	0	0.358214	2	2	0	0	0	0	0
AF	0	0.358526	2	2	0	0	0	0	0
AF	0	0.359463	2	2	0	0	0	0	0
AF	0	0.360087	1	1	0	0	0	0	0
AF	0	0.360712	1	1	0	0	0	0	0
AF	0	0.361024	1	0	1	0	0	0	0
AF	0	0.361961	1	1	0	0	0	0	0
AF	0	0.362274	2	2	0	0	0	0	0
AF	0	0.362898	2	1	1	0	0	0	0
AF	0	0.363210	2	1	1	0	0	0	0
AF	0	0.363835	2	1	1	0	0	0	0
AF	0	0.364772	2	1	1	0	0	0	0
AF	0	0.365397	1	1	0	0	0	0	0
AF	0	0.365709	2	1	1	0	0	0	0
AF	0	0.366334	1	0	1	0	0	0	0
AF	0	0.366646	3	2	1	0	0	0	0
AF	0	0.367270	2	1	1	0	0	0	0
AF	0	0.367583	1	1	0	0	0	0	0
AF	0	0.368520	2	2	0	0	0	0	0
AF	0	0.368832	1	1	0	0	0	0	0
AF	0	0.369769	2	2	0	0	0	0	0
AF	0	0.370081	1	0	1	0	0	0	0
AF	0	0.370394	5	2	3	0	0	0	0
AF	0	0.371018	2	1	1	0	0	0	0
AF	0	0.371643	1	1	0	0	0	0	0
AF	0	0.371955	1	0	1	0	0	0	0
AF	0	0.372267	2	2	0	0	0	0	0
AF	0	0.374141	1	1	0	0	0	0	0
AF	0	0.374766	2	2	0	0	0	0	0
AF	0	0.375078	1	1	0	0	0	0	0
AF	0	0.375703	1	1	0	0	0	0	0
AF	0	0.376015	2	1	1	0	0	0	0
AF	0	0.376327	1	0	1	0	0	0	0
AF	0	0.376640	3	2	1	0	0	0	0
AF	0	0.377577	1	1	0	0	0	0	0
AF	0	0.378201	2	1	1	0	0	0	0
AF	0	0.379138	1	1	0	0	0	0	0
AF	0	0.379450	2	2	0	0	0	0	0
AF	0	0.381324	1	1	0	0	0	0	0
AF	0	0.381949	1	1	0	0	0	0	0
AF	0	0.382261	2	2	0	0	0	0	0
AF	0	0.383510	1	0	1	0	0	0	0
AF	0	0.383823	1	1	0	0	0	0	0
AF	0	0.384135	2	2	0	0	0	0	0
AF	0	0.384447	2	1	1	0	0	0	0
AF	0	0.385384	2	1	1	0	0	0	0
AF	0	0.386009	1	0	1	0	0	0	0
AF	0	0.387883	1	0	1	0	0	0	0
AF	0	0.389444	1	1	0	0	0	0	0
AF	0	0.389756	2	1	1	0	0	0	0
AF	0	0.390069	1	1	0	0	0	0	0
AF	0	0.392567	1	1	0	0	0	0	0
AF	0	0.393192	1	0	1	0	0	0	0
AF	0	0.393816	1	0	1	0	0	0	0
AF	0	0.394129	1	0	1	0	0	0	0
AF	0	0.394753	2	1	1	0	0	0	0
AF	0	0.396002	1	0	1	0	0	0	0
AF	0	0.396627	1	1	0	0	0	0	0
AF	0	0.397876	1	1	0	0	0	0	0
AF	0	0.398501	1	1	0	0	0	0	0
AF	0	0.399750	2	1	1	0	0	0	0
AF	0	0.400062	1	0	1	0	0	0	0
AF	0	0.400999	1	1	0	0	0	0	0
AF	0	0.402561	1	0	1	0	0	0	0
AF	0	0.402873	1	1	0	0	0	0	0
AF	0	0.403810	1	1	0	0	0	0	0
AF	0	0.404122	1	0	1	0	0	0	0
AF	0	0.404747	3	3	0	0	0	0	0
AF	0	0.405059	1	1	0	0	0	0	0
AF	0	0.405684	1	1	0	0	0	0	0
AF	0	0.405996	2	2	0	0	0	0	0
AF	0	0.406309	1	1	0	0	0	0	0
AF	0	0.406933	2	2	0	0	0	0	0
AF	0	0.407245	1	1	0	0	0	0	0
AF	0	0.408495	1	1	0	0	0	0	0
AF	0	0.409119	2	2	0	0	0	0	0
AF	0	0.409744	2	2	0	0	0	0	0
AF	0	0.411930	1	1	0	0	0	0	0
AF	0	0.412242	1	1	0	0	0	0	0
AF	0	0.412867	1	1	0	0	0	0	0
AF	0	0.415678	2	0	2	0	0	0	0
AF	0	0.416302	2	1	1	0	0	0	0
AF	0	0.416615	1	0	1	0	0	0	0
AF	0	0.417552	3	2	1	0	0	0	0
AF	0	0.417864	2	2	0	0	0	0	0
AF	0	0.418488	1	0	1	0	0	0	0
AF	0	0.419113	1	1	0	0	0	0	0
AF	0	0.419425	2	1	1	0	0	0	0
AF	0	0.419738	1	1	0	0	0	0	0
AF	0	0.420362	2	0	2	0	0	0	0
AF	0	0.421611	1	0	1	0	0	0	0
AF	0	0.421924	1	1	0	0	0	0	0
AF	0	0.422861	1	1	0	0	0	0	0
AF	0	0.423798	1	1	0	0	0	0	0
AF	0	0.424110	2	1	1	0	0	0	0
AF	0	0.424422	1	0	1	0	0	0	0
AF	0	0.424735	1	1	0	0	0	0	0
AF	0	0.425359	1	0	1	0	0	0	0
AF	0	0.425671	1	1	0	0	0	0	0
AF	0	0.426608	2	1	1	0	0	0	0
AF	0	0.426921	1	1	0	0	0	0	0
AF	0	0.427858	1	0	1	0	0	0	0
AF	0	0.428170	1	1	0	0	0	0	0
AF	0	0.428482	2	2	0	0	0	0	0
AF	0	0.428795	1	1	0	0	0	0	0
AF	0	0.429107	1	0	1	0	0	0	0
AF	0	0.429419	1	1	0	0	0	0	0
AF	0	0.430981	2	1	1	0	0	0	0
AF	0	0.431293	1	1	0	0	0	0	0
AF	0	0.431605	1	0	1	0	0	0	0
AF	0	0.432230	3	3	0	0	0	0	0
AF	0	0.432854	2	2	0	0	0	0	0
AF	0	0.433167	1	1	0	0	0	0	0
AF	0	0.433479	4	3	1	0	0	0	0
AF	0	0.433791	2	2	0	0	0	0	0
AF	0	0.434104	5	5	0	0	0	0	0
AF	0	0.434416	1	0	1	0	0	0	0
AF	0	0.434728	2	2	0	0	0	0	0
AF	0	0.435041	1	1	0	0	0	0	0
AF	0	0.435353	5	4	1	0	0	0	0
AF	0	0.435978	2	2	0	0	0	0	0
AF	0	0.436602	3	2	1	0	0	0	0
AF	0	0.437539	2	2	0	0	0	0	0
AF	0	0.437851	1	1	0	0	0	0	0
AF	0	0.438164	1	1	0	0	0	0	0
AF	0	0.438476	2	1	1	0	0	0	0
AF	0	0.438788	3	1	2	0	0	0	0
AF	0	0.439101	3	2	1	0	0	0	0
AF	0	0.439413	2	2	0	0	0	0	0
AF	0	0.440037	1	1	0	0	0	0	0
AF	0	0.440350	1	1	0	0	0	0	0
AF	0	0.440662	1	1	0	0	0	0	0
AF	0	0.441287	1	1	0	0	0	0	0
AF	0	0.441911	1	0	1	0	0	0	0
AF	0	0.442224	3	3	0	0	0	0	0
AF	0	0.442848	2	1	1	0	0	0	0
AF	0	0.443473	1	1	0	0	0	0	0
AF	0	0.443785	1	1	0	0	0	0	0
AF	0	0.444410	4	3	1	0	0	0	0
AF	0	0.444722	2	1	1	0	0	0	0
AF	0	0.445034	4	1	3	0	0	0	0
AF	0	0.445347	2	2	0	0	0	0	0
AF	0	0.445659	3	3	0	0	0	0	0
AF	0	0.445971	2	2	0	0	0	0	0
AF	0	0.446284	4	3	1	0	0	0	0
AF	0	0.446596	2	2	0	0	0	0	0
AF	0	0.446908	4	1	3	0	0	0	0
AF	0	0.447533	5	4	1	0	0	0	0
AF	0	0.448157	1	1	0	0	0	0	0
AF	0	0.448470	3	3	0	0	0	0	0
AF	0	0.448782	3	1	2	0	0	0	0
AF	0	0.449094	1	1	0	0	0	0	0
AF	0	0.449407	5	4	1	0	0	0	0
AF	0	0.450031	2	0	2	0	0	0	0
AF	0	0.450656	2	2	0	0	0	0	0
AF	0	0.450968	2	1	1	0	0	0	0
AF	0	0.452217	1	1	0	0	0	0	0
AF	0	0.452842	1	1	0	0	0	0	0
AF	0	0.453779	3	2	1	0	0	0	0
AF	0	0.454091	1	1	0	0	0	0	0
AF	0	0.454403	2	1	1	0	0	0	0
AF	0	0.455340	1	0	1	0	0	0	0
AF	0	0.456277	2	2	0	0	0	0	0
AF	0	0.456902	1	1	0	0	0	0	0
AF	0	0.457527	1	1	0	0	0	0	0
AF	0	0.458151	1	1	0	0	0	0	0
AF	0	0.458463	2	1	1	0	0	0	0
AF	0	0.460650	1	1	0	0	0	0	0
AF	0	0.460962	1	1	0	0	0	0	0
AF	0	0.461274	1	1	0	0	0	0	0
AF	0	0.461587	1	1	0	0	0	0	0
AF	0	0.462836	1	1	0	0	0	0	0
AF	0	0.464085	1	1	0	0	0	0	0
AF	0	0.465334	2	1	1	0	0	0	0
AF	0	0.465646	1	1	0	0	0	0	0
AF	0	0.466583	1	1	0	0	0	0	0
AF	0	0.466896	1	1	0	0	0	0	0
AF	0	0.468145	1	0	1	0	0	0	0
AF	0	0.469706	1	1	0	0	0	0	0
AF	0	0.470643	1	1	0	0	0	0	0
AF	0	0.471893	1	1	0	0	0	0	0
AF	0	0.472205	1	1	0	0	0	0	0
AF	0	0.472517	1	0	1	0	0	0	0
AF	0	0.473142	2	2	0	0	0	0	0
AF	0	0.473766	1	0	1	0	0	0	0
AF	0	0.474391	2	1	1	0	0	0	0
AF	0	0.475328	1	1	0	0	0	0	0
AF	0	0.475640	1	1	0	0	0	0	0
AF	0	0.476889	1	0	1	0	0	0	0
AF	0	0.477202	1	1	0	0	0	0	0
AF	0	0.477514	1	1	0	0	0	0	0
AF	0	0.478763	1	1	0	0	0	0	0
AF	0	0.479076	1	0	1	0	0	0	0
AF	0	0.479388	1	1	0	0	0	0	0
AF	0	0.480637	1	1	0	0	0	0	0
AF	0	0.481262	1	1	0	0	0	0	0
AF	0	0.481886	1	1	0	0	0	0	0
AF	0	0.482199	1	0	1	0	0	0	0
AF	0	0.482511	1	1	0	0	0	0	0
AF	0	0.482823	1	1	0	0	0	0	0
AF	0	0.483136	2	1	1	0	0	0	0
AF	0	0.484072	1	1	0	0	0	0	0
AF	0	0.484385	3	0	3	0	0	0	0
AF	0	0.485322	1	0	1	0	0	0	0
AF	0	0.485634	1	1	0	0	0	0	0
AF	0	0.486259	1	0	1	0	0	0	0
AF	0	0.486571	1	1	0	0	0	0	0
AF	0	0.487196	1	0	1	0	0	0	0
AF	0	0.487820	1	1	0	0	0	0	0
AF	0	0.488132	5	3	2	0	0	0	0
AF	0	0.488757	1	0	1	0	0	0	0
AF	0	0.489382	1	1	0	0	0	0	0
AF	0	0.490006	2	2	0	0	0	0	0
AF	0	0.490631	1	0	1	0	0	0	0
AF	0	0.491255	1	1	0	0	0	0	0
AF	0	0.491568	1	1	0	0	0	0	0
AF	0	0.492505	4	1	3	0	0	0	0
AF	0	0.493129	2	1	1	0	0	0	0
AF	0	0.493754	2	2	0	0	0	0	0
AF	0	0.497189	2	2	0	0	0	0	0
AF	0	0.498126	1	0	1	0	0	0	0
AF	0	0.498438	1	1	0	0	0	0	0
AF	0	0.498751	1	1	0	0	0	0	0
AF	0	0.499063	1	1	0	0	0	0	0
AF	0	0.499375	1	1	0	0	0	0	0
AF	0	0.499688	1	1	0	0	0	0	0
AF	0	0.500000	1	0	1	0	0	0	0
AF	0	0.500625	3	2	1	0	0	0	0
AF	0	0.501249	2	2	0	0	0	0	0
AF	0	0.502186	1	1	0	0	0	0	0
AF	0	0.502498	1	0	1	0	0	0	0
AF	0	0.504372	1	1	0	0	0	0	0
AF	0	0.504997	1	1	0	0	0	0	0
AF	0	0.505309	2	1	1	0	0	0	0
AF	0	0.505621	1	1	0	0	0	0	0
AF	0	0.505934	1	1	0	0	0	0	0
AF	0	0.509369	1	0	1	0	0	0	0
AF	0	0.509994	1	0	1	0	0	0	0
AF	0	0.512804	1	1	0	0	0	0	0
AF	0	0.514054	1	1	0	0	0	0	0
AF	0	0.514366	1	1	0	0	0	0	0
AF	0	0.516864	1	0	1	0	0	0	0
AF	0	0.517489	1	1	0	0	0	0	0
AF	0	0.518426	1	0	1	0	0	0	0
AF	0	0.522798	1	1	0	0	0	0	0
AF	0	0.523111	1	1	0	0	0	0	0
AF	0	0.524047	1	1	0	0	0	0	0
AF	0	0.524360	1	1	0	0	0	0	0
AF	0	0.525297	1	1	0	0	0	0	0
AF	0	0.527171	1	1	0	0	0	0	0
AF	0	0.529357	1	1	0	0	0	0	0
AF	0	0.529669	1	1	0	0	0	0	0
AF	0	0.533417	1	1	0	0	0	0	0
AF	0	0.537164	1	1	0	0	0	0	0
AF	0	0.537789	1	1	0	0	0	0	0
AF	0	0.539038	1	1	0	0	0	0	0
AF	0	0.541849	1	0	1	0	0	0	0
AF	0	0.543723	1	0	1	0	0	0	0
AF	0	0.544035	1	0	1	0	0	0	0
AF	0	0.546533	1	1	0	0	0	0	0
AF	0	0.546846	1	1	0	0	0	0	0
AF	0	0.548095	1	0	1	0	0	0	0
AF	0	0.548407	1	1	0	0	0	0	0
AF	0	0.548720	1	1	0	0	0	0	0
AF	0	0.549032	1	1	0	0	0	0	0
AF	0	0.549969	1	0	1	0	0	0	0
AF	0	0.550593	2	1	1	0	0	0	0
AF	0	0.552155	1	0	1	0	0	0	0
AF	0	0.552467	1	1	0	0	0	0	0
AF	0	0.552780	1	1	0	0	0	0	0
AF	0	0.553404	1	0	1	0	0	0	0
AF	0	0.556215	2	2	0	0	0	0	0
AF	0	0.556839	1	0	1	0	0	0	0
AF	0	0.559026	1	1	0	0	0	0	0
AF	0	0.559963	1	1	0	0	0	0	0
AF	0	0.561524	1	1	0	0	0	0	0
AF	0	0.563398	2	1	1	0	0	0	0
AF	0	0.565896	1	1	0	0	0	0	0
AF	0	0.569019	1	1	0	0	0	0	0
AF	0	0.569956	1	1	0	0	0	0	0
AF	0	0.576202	2	2	0	0	0	0	0
AF	0	0.576515	3	3	0	0	0	0	0
AF	0	0.577764	1	1	0	0	0	0	0
AF	0	0.578076	2	2	0	0	0	0	0
AF	0	0.580262	1	1	0	0	0	0	0
AF	0	0.580887	2	1	1	0	0	0	0
AF	0	0.581199	1	1	0	0	0	0	0
AF	0	0.581512	2	1	1	0	0	0	0
AF	0	0.582761	2	1	1	0	0	0	0
AF	0	0.583073	1	1	0	0	0	0	0
AF	0	0.583385	2	1	1	0	0	0	0
AF	0	0.584010	1	0	1	0	0	0	0
AF	0	0.584322	1	0	1	0	0	0	0
AF	0	0.585884	2	2	0	0	0	0	0
AF	0	0.587758	1	1	0	0	0	0	0
AF	0	0.588070	1	1	0	0	0	0	0
AF	0	0.588695	1	1	0	0	0	0	0
AF	0	0.589631	2	0	2	0	0	0	0
AF	0	0.590568	1	1	0	0	0	0	0
AF	0	0.590881	1	1	0	0	0	0	0
AF	0	0.592755	1	1	0	0	0	0	0
AF	0	0.594941	1	0	1	0	0	0	0
AF	0	0.595253	1	0	1	0	0	0	0
AF	0	0.595878	1	1	0	0	0	0	0
AF	0	0.598064	1	0	1	0	0	0	0
AF	0	0.599001	2	0	2	0	0	0	0
AF	0	0.599938	1	1	0	0	0	0	0
AF	0	0.601811	2	2	0	0	0	0	0
AF	0	0.602436	1	1	0	0	0	0	0
AF	0	0.603685	1	1	0	0	0	0	0
AF	0	0.606496	1	1	0	0	0	0	0
AF	0	0.606808	1	0	1	0	0	0	0
AF	0	0.609619	1	0	1	0	0	0	0
AF	0	0.609931	1	1	0	0	0	0	0
AF	0	0.612742	1	0	1	0	0	0	0
AF	0	0.614616	2	2	0	0	0	0	0
AF	0	0.615240	1	1	0	0	0	0	0
AF	0	0.616177	1	1	0	0	0	0	0
AF	0	0.616490	1	1	0	0	0	0	0
AF	0	0.617739	1	1	0	0	0	0	0
AF	0	0.618364	1	1	0	0	0	0	0
AF	0	0.620862	2	2	0	0	0	0	0
AF	0	0.621487	1	1	0	0	0	0	0
AF	0	0.623360	2	1	1	0	0	0	0
AF	0	0.624922	1	1	0	0	0	0	0
AF	0	0.625234	1	1	0	0	0	0	0
AF	0	0.625547	1	1	0	0	0	0	0
AF	0	0.626171	2	2	0	0	0	0	0
AF	0	0.626483	2	2	0	0	0	0	0
AF	0	0.627733	2	2	0	0	0	0	0
AF	0	0.628357	1	1	0	0	0	0	0
AF	0	0.629606	1	0	1	0	0	0	0
AF	0	0.631168	1	1	0	0	0	0	0
AF	0	0.631480	1	1	0	0	0	0	0
AF	0	0.632730	1	1	0	0	0	0	0
AF	0	0.633042	1	1	0	0	0	0	0
AF	0	0.635228	1	0	1	0	0	0	0
AF	0	0.635540	1	0	1	0	0	0	0
AF	0	0.635853	2	2	0	0	0	0	0
AF	0	0.636477	1	1	0	0	0	0	0
AF	0	0.637726	1	1	0	0	0	0	0
AF	0	0.638039	2	0	2	0	0	0	0
AF	0	0.638976	1	0	1	0	0	0	0
AF	0	0.639600	1	1	0	0	0	0	0
AF	0	0.640849	1	1	0	0	0	0	0
AF	0	0.642099	2	1	1	0	0	0	0
AF	0	0.642723	1	1	0	0	0	0	0
AF	0	0.648345	1	0	1	0	0	0	0
AF	0	0.650843	2	1	1	0	0	0	0
AF	0	0.652405	1	0	1	0	0	0	0
AF	0	0.654279	1	0	1	0	0	0	0
AF	0	0.655215	1	1	0	0	0	0	0
AF	0	0.656465	2	2	0	0	0	0	0
AF	0	0.656777	1	1	0	0	0	0	0
AF	0	0.657089	1	1	0	0	0	0	0
AF	0	0.658651	2	1	1	0	0	0	0
AF	0	0.658963	4	2	2	0	0	0	0
AF	0	0.659588	2	2	0	0	0	0	0
AF	0	0.659900	2	1	1	0	0	0	0
AF	0	0.660212	2	2	0	0	0	0	0
AF	0	0.660525	1	0	1	0	0	0	0
AF	0	0.660837	1	1	0	0	0	0	0
AF	0	0.661774	1	1	0	0	0	0	0
AF	0	0.662711	1	1	0	0	0	0	0
AF	0	0.663023	1	1	0	0	0	0	0
AF	0	0.663648	1	1	0	0	0	0	0
AF	0	0.663960	1	1	0	0	0	0	0
AF	0	0.664897	1	1	0	0	0	0	0
AF	0	0.665209	1	1	0	0	0	0	0
AF	0	0.666771	1	1	0	0	0	0	0
AF	0	0.667083	1	1	0	0	0	0	0
AF	0	0.667708	1	1	0	0	0	0	0
AF	0	0.668020	1	0	1	0	0	0	0
AF	0	0.669582	1	1	0	0	0	0	0
AF	0	0.669894	4	2	2	0	0	0	0
AF	0	0.670206	2	1	1	0	0	0	0
AF	0	0.671143	2	1	1	0	0	0	0
AF	0	0.672080	1	1	0	0	0	0	0
AF	0	0.672705	1	1	0	0	0	0	0
AF	0	0.673017	1	1	0	0	0	0	0
AF	0	0.675203	1	1	0	0	0	0	0
AF	0	0.676765	1	1	0	0	0	0	0
AF	0	0.679575	1	1	0	0	0	0	0
AF	0	0.680824	1	1	0	0	0	0	0
AF	0	0.681137	1	1	0	0	0	0	0
AF	0	0.681761	1	1	0	0	0	0	0
AF	0	0.682698	1	1	0	0	0	0	0
AF	0	0.684260	2	2	0	0	0	0	0
AF	0	0.685197	1	0	1	0	0	0	0
AF	0	0.688632	1	1	0	0	0	0	0
AF	0	0.690506	1	0	1	0	0	0	0
AF	0	0.690818	1	1	0	0	0	0	0
AF	0	0.691443	4	3	1	0	0	0	0
AF	0	0.691755	2	1	1	0	0	0	0
AF	0	0.692380	1	0	1	0	0	0	0
AF	0	0.693004	1	1	0	0	0	0	0
AF	0	0.693941	1	1	0	0	0	0	0
AF	0	0.695191	2	1	1	0	0	0	0
AF	0	0.695503	1	1	0	0	0	0	0
AF	0	0.698626	1	1	0	0	0	0	0
AF	0	0.701124	1	0	1	0	0	0	0
AF	0	0.701749	1	1	0	0	0	0	0
AF	0	0.702061	1	1	0	0	0	0	0
AF	0	0.703623	1	1	0	0	0	0	0
AF	0	0.707370	1	0	1	0	0	0	0
AF	0	0.714866	1	1	0	0	0	0	0
AF	0	0.715803	1	0	1	0	0	0	0
AF	0	0.727358	1	0	1	0	0	0	0
AF	0	0.727983	1	0	1	0	0	0	0
AF	0	0.730481	1	1	0	0	0	0	0
AF	0	0.732667	1	1	0	0	0	0	0
AF	0	0.736415	1	1	0	0	0	0	0
AF	0	0.737352	1	0	1	0	0	0	0
AF	0	0.739225	1	1	0	0	0	0	0
AF	0	0.742349	1	1	0	0	0	0	0
AF	0	0.742973	2	2	0	0	0	0	0
AF	0	0.745472	1	0	1	0	0	0	0
AF	0	0.752967	1	0	1	0	0	0	0
AF	0	0.754216	1	1	0	0	0	0	0
AF	0	0.761087	1	1	0	0	0	0	0
AF	0	0.762961	1	1	0	0	0	0	0
AF	0	0.764210	1	1	0	0	0	0	0
AF	0	0.772017	1	1	0	0	0	0	0
AF	0	0.774828	1	0	1	0	0	0	0
AF	0	0.775453	1	0	1	0	0	0	0
AF	0	0.782011	1	0	1	0	0	0	0
AF	0	0.785134	1	1	0	0	0	0	0
AF	0	0.788570	1	1	0	0	0	0	0
AF	0	0.791693	1	1	0	0	0	0	0
AF	0	0.792005	2	2	0	0	0	0	0
AF	0	0.793567	1	1	0	0	0	0	0
AF	0	0.800750	1	0	1	0	0	0	0
AF	0	0.810743	1	1	0	0	0	0	0
AF	0	0.815740	1	1	0	0	0	0	0
AF	0	0.832292	1	0	1	0	0	0	0
AF	0	0.832917	3	3	0	0	0	0	0
AF	0	0.833229	6	5	1	0	0	0	0
AF	0	0.833854	1	1	0	0	0	0	0
AF	0	0.834791	1	1	0	0	0	0	0
AF	0	0.835103	1	1	0	0	0	0	0
AF	0	0.836665	1	0	1	0	0	0	0
AF	0	0.838851	2	1	1	0	0	0	0
AF	0	0.841349	1	0	1	0	0	0	0
AF	0	0.841974	1	0	1	0	0	0	0
AF	0	0.843223	2	1	1	0	0	0	0
AF	0	0.848220	1	0	1	0	0	0	0
AF	0	0.849469	1	0	1	0	0	0	0
AF	0	0.850094	2	1	1	0	0	0	0
AF	0	0.850406	1	1	0	0	0	0	0
AF	0	0.851968	1	1	0	0	0	0	0
AF	0	0.854778	2	1	1	0	0	0	0
AF	0	0.855403	1	1	0	0	0	0	0
AF	0	0.859151	1	1	0	0	0	0	0
AF	0	0.863523	2	2	0	0	0	0	0
AF	0	0.874453	1	0	1	0	0	0	0
AF	0	0.876952	2	1	1	0	0	0	0
AF	0	0.881636	1	0	1	0	0	0	0
AF	0	0.882261	2	2	0	0	0	0	0
AF	0	0.884135	1	1	0	0	0	0	0
AF	0	0.884447	1	0	1	0	0	0	0
AF	0	0.885696	1	0	1	0	0	0	0
AF	0	0.894441	1	0	1	0	0	0	0
AF	0	0.894753	1	0	1	0	0	0	0
AF	0	0.896002	1	1	0	0	0	0	0
AF	0	0.900999	1	1	0	0	0	0	0
AF	0	0.905372	1	1	0	0	0	0	0
AF	0	0.907870	1	0	1	0	0	0	0
AF	0	0.909744	2	2	0	0	0	0	0
AF	0	0.910993	1	0	1	0	0	0	0
AF	0	0.911305	1	0	1	0	0	0	0
AF	0	0.911930	1	1	0	0	0	0	0
AF	0	0.915365	1	1	0	0	0	0	0
AF	0	0.917239	2	1	1	0	0	0	0
AF	0	0.919113	1	0	1	0	0	0	0
AF	0	0.920362	1	1	0	0	0	0	0
AF	0	0.921611	1	1	0	0	0	0	0
AF	0	0.921924	1	0	1	0	0	0	0
AF	0	0.927858	1	0	1	0	0	0	0
AF	0	0.929107	2	1	1	0	0	0	0
AF	0	0.930356	1	0	1	0	0	0	0
AF	0	0.930981	3	1	2	0	0	0	0
AF	0	0.931605	1	0	1	0	0	0	0
AF	0	0.931918	1	1	0	0	0	0	0
AF	0	0.933167	1	1	0	0	0	0	0
AF	0	0.934728	2	2	0	0	0	0	0
AF	0	0.935665	1	0	1	0	0	0	0
AF	0	0.940350	2	1	1	0	0	0	0
AF	0	0.940974	2	1	1	0	0	0	0
AF	0	0.941599	1	1	0	0	0	0	0
AF	0	0.942224	1	1	0	0	0	0	0
AF	0	0.942536	7	6	1	0	0	0	0
AF	0	0.942848	8	7	1	0	0	0	0
AF	0	0.943161	3	2	1	0	0	0	0
AF	0	0.944097	1	1	0	0	0	0	0
AF	0	0.944722	1	1	0	0	0	0	0
AF	0	0.945034	1	1	0	0	0	0	0
AF	0	0.945347	2	2	0	0	0	0	0
AF	0	0.945971	2	2	0	0	0	0	0
AF	0	0.946908	1	1	0	0	0	0	0
AF	0	0.948157	1	0	1	0	0	0	0
AF	0	0.948470	1	1	0	0	0	0	0
AF	0	0.950031	1	1	0	0	0	0	0
AF	0	0.951280	1	1	0	0	0	0	0
AF	0	0.951593	1	0	1	0	0	0	0
AF	0	0.951905	1	1	0	0	0	0	0
AF	0	0.954091	1	0	1	0	0	0	0
AF	0	0.955340	2	2	0	0	0	0	0
AF	0	0.955653	1	0	1	0	0	0	0
AF	0	0.955965	2	2	0	0	0	0	0
AF	0	0.956277	1	1	0	0	0	0	0
AF	0	0.956590	1	1	0	0	0	0	0
AF	0	0.957214	1	1	0	0	0	0	0
AF	0	0.957527	1	1	0	0	0	0	0
AF	0	0.958463	1	1	0	0	0	0	0
AF	0	0.959088	1	1	0	0	0	0	0
AF	0	0.960025	1	1	0	0	0	0	0
AF	0	0.960650	1	1	0	0	0	0	0
AF	0	0.960962	3	2	1	0	0	0	0
AF	0	0.961274	3	1	2	0	0	0	0
AF	0	0.961587	1	1	0	0	0	0	0
AF	0	0.963773	1	0	1	0	0	0	0
AF	0	0.965334	1	0	1	0	0	0	0
AF	0	0.967208	1	1	0	0	0	0	0
AF	0	0.967833	1	1	0	0	0	0	0
AF	0	0.969082	1	1	0	0	0	0	0
AF	0	0.970956	1	0	1	0	0	0	0
AF	0	0.975640	1	0	1	0	0	0	0
AF	0	0.976577	1	1	0	0	0	0	0
AF	0	0.979076	1	1	0	0	0	0	0
AF	0	0.979388	2	1	1	0	0	0	0
AF	0	0.979700	10	5	5	0	0	0	0
AF	0	0.980949	2	2	0	0	0	0	0
AF	0	0.981262	2	1	1	0	0	0	0
AF	0	0.981574	8	5	3	0	0	0	0
AF	0	0.981886	2	0	2	0	0	0	0
AF	0	0.982511	9	8	1	0	0	0	0
AF	0	0.983760	1	0	1	0	0	0	0
AF	0	0.984697	1	1	0	0	0	0	0
AF	0	0.985322	1	1	0	0	0	0	0
AF	0	0.989382	1	0	1	0	0	0	0
AF	0	0.990006	1	1	0	0	0	0	0
AF	0	0.990319	2	2	0	0	0	0	0
AF	0	0.990943	4	3	1	0	0	0	0
AF	0	0.992817	1	1	0	0	0	0	0
AF	0	0.993442	3	2	1	0	0	0	0
AF	0	0.993754	1	1	0	0	0	0	0
AF	0	0.994066	1	1	0	0	0	0	0
AF	0	0.994691	2	2	0	0	0	0	0
AF	0	0.995940	1	1	0	0	0	0	0
AF	0	0.997189	2	1	1	0	0	0	0
AF	0	0.997502	2	2	0	0	0	0	0
AF	0	0.998438	2	2	0	0	0	0	0
AF	0	0.998751	1	1	0	0	0	0	0
AF	0	0.999063	1	1	0	0	0	0	0
# QUAL, Stats by quality
# QUAL	[2]id	[3]Quality	[4]number of SNPs	[5]number of transitions (1st ALT)	[6]number of transversions (1st ALT)	[7]number of indels
QUAL	0	.	15152	10347	4805	0
# IDD, InDel distribution:
# IDD	[2]id	[3]length (deletions negative)	[4]number of sites	[5]number of genotypes	[6]mean VAF
# ST, Substitution types:
# ST	[2]id	[3]type	[4]count
ST	0	A>C	551
ST	0	A>G	2405
ST	0	A>T	556
ST	0	C>A	633
ST	0	C>G	590
ST	0	C>T	2911
ST	0	G>A	2904
ST	0	G>C	594
ST	0	G>T	650
ST	0	T>A	607
ST	0	T>C	2127
ST	0	T>G	624
# DP, Depth distribution
# DP	[2]id	[3]bin	[4]number of genotypes	[5]fraction of genotypes (%)	[6]number of sites	[7]fraction of sites (%)
  - Fix haploid genotypes in males...

Submit MakeDiploidMalesX finished successfully. Let's have a beer, buddy!

