Submit MakeDiploidMalesX
version 1.1.6 (2024-09-30)

These are the settings:
  Input file................: /hpc/local/Rocky8/dhl_ec/software/MonopogenLite/resources/1kGP_high_coverage_Illumina.SNVonly_poly.filtered_AF_5e-04.norm.fixvariantid.chrX.vcf.gz
  Output file...............: /hpc/local/Rocky8/dhl_ec/software/MonopogenLite/resources/1kGP_high_coverage_Illumina.SNVonly_poly.filtered_AF_5e-04.norm.fixvariantid.makediploid.chrX.vcf.gz
  Chunk size................: 100

  SLURM CPUs................: 4
  SLURM Array ID............: 88 (of 100)
  SLURM memory..............: 16G
  SLURM time................: 01:00:00
  SLURM mail type...........: FAIL
  SLURM mail user...........: s.w.vanderlaan-2@umcutrecht.nl

  Dry run mode..............: 0
  Debug mode................: 1
  Verbosity.................: 0
  Version...................: 1.1.6 (2024-09-30)

Making converting haploid genotypes to diploid genotypes.
> Extract the region for this SLURM task (# 88) from the BED file.
  - Get the chunk number from the SLURM array task ID and the bed file...
DEBUG: Extracting chunk number: 88p from 88
DEBUG: Extracting region from BED file: /hpc/local/Rocky8/dhl_ec/software/MonopogenLite/resources/chrX_100pieces.bed
  - Extract the region from the BED file...
DEBUG: Extracted raw region: 'chrX	135755497	137315904' (chunk #: 88p of 100 for job 88)
  - Check if a valid region was extracted -- should be 'chrX	135755497	137315904'...
  - Prepare the region for bcftools...
  - Check if the region (chrX:135755497-137315904) was successfully extracted...
> Processing region 'chrX:135755497-137315904'...
  - Process the specific region (chunk# 88) using bcftools view...
  - Index the VCF file...
DEBUG: Check if the VCF file was successfully processed...
##fileformat=VCFv4.2
##FILTER=<ID=PASS,Description="All filters passed">
##fileDate=29/01/2022 - 14:31:41
##source=shapeit4.2.2
##contig=<ID=chr1,length=248956422>
##contig=<ID=chr2,length=242193529>
##contig=<ID=chr3,length=198295559>
##contig=<ID=chr4,length=190214555>
##contig=<ID=chr5,length=181538259>
##contig=<ID=chr6,length=170805979>
# This file was produced by bcftools stats (1.20+htslib-1.20) and can be plotted using plot-vcfstats.
# The command line was:	bcftools stats  /hpc/local/Rocky8/dhl_ec/software/MonopogenLite/resources/chrX.part88.vcf.gz
#
# Definition of sets:
# ID	[2]id	[3]tab-separated file names
ID	0	/hpc/local/Rocky8/dhl_ec/software/MonopogenLite/resources/chrX.part88.vcf.gz
# SN, Summary numbers:
#   number of records   .. number of data rows in the VCF
#   number of no-ALTs   .. reference-only sites, ALT is either "." or identical to REF
#   number of SNPs      .. number of rows with a SNP
#   number of MNPs      .. number of rows with a MNP, such as CC>TT
#   number of indels    .. number of rows with an indel
#   number of others    .. number of rows with other type, for example a symbolic allele or
#                          a complex substitution, such as ACT>TCGA
#   number of multiallelic sites     .. number of rows with multiple alternate alleles
#   number of multiallelic SNP sites .. number of rows with multiple alternate alleles, all SNPs
# 
#   Note that rows containing multiple types will be counted multiple times, in each
#   counter. For example, a row with a SNP and an indel increments both the SNP and
#   the indel counter.
# 
# SN	[2]id	[3]key	[4]value
SN	0	number of samples:	3202
SN	0	number of records:	12370
SN	0	number of no-ALTs:	0
SN	0	number of SNPs:	12370
SN	0	number of MNPs:	0
SN	0	number of indels:	0
SN	0	number of others:	0
SN	0	number of multiallelic sites:	0
SN	0	number of multiallelic SNP sites:	0
# TSTV, transitions/transversions:
# TSTV	[2]id	[3]ts	[4]tv	[5]ts/tv	[6]ts (1st ALT)	[7]tv (1st ALT)	[8]ts/tv (1st ALT)
TSTV	0	8505	3865	2.20	8505	3865	2.20
# SiS, Singleton stats:
# SiS	[2]id	[3]allele count	[4]number of SNPs	[5]number of transitions	[6]number of transversions	[7]number of indels	[8]repeat-consistent	[9]repeat-inconsistent	[10]not applicable
SiS	0	1	0	0	0	0	0	0	0
# AF, Stats by non-reference allele frequency:
# AF	[2]id	[3]allele frequency	[4]number of SNPs	[5]number of transitions	[6]number of transversions	[7]number of indels	[8]repeat-consistent	[9]repeat-inconsistent	[10]not applicable
AF	0	0.000312	2162	1476	686	0	0	0	0
AF	0	0.000625	1310	925	385	0	0	0	0
AF	0	0.000937	1518	1057	461	0	0	0	0
AF	0	0.001249	491	356	135	0	0	0	0
AF	0	0.001562	719	485	234	0	0	0	0
AF	0	0.001874	256	185	71	0	0	0	0
AF	0	0.002186	537	376	161	0	0	0	0
AF	0	0.002498	182	113	69	0	0	0	0
AF	0	0.002811	292	189	103	0	0	0	0
AF	0	0.003123	155	105	50	0	0	0	0
AF	0	0.003435	261	180	81	0	0	0	0
AF	0	0.003748	121	85	36	0	0	0	0
AF	0	0.004060	188	133	55	0	0	0	0
AF	0	0.004372	100	61	39	0	0	0	0
AF	0	0.004685	150	99	51	0	0	0	0
AF	0	0.004997	68	49	19	0	0	0	0
AF	0	0.005309	117	82	35	0	0	0	0
AF	0	0.005621	65	46	19	0	0	0	0
AF	0	0.005934	126	84	42	0	0	0	0
AF	0	0.006246	64	43	21	0	0	0	0
AF	0	0.006558	99	65	34	0	0	0	0
AF	0	0.006871	31	25	6	0	0	0	0
AF	0	0.007183	70	52	18	0	0	0	0
AF	0	0.007495	43	28	15	0	0	0	0
AF	0	0.007808	71	53	18	0	0	0	0
AF	0	0.008120	20	16	4	0	0	0	0
AF	0	0.008432	67	47	20	0	0	0	0
AF	0	0.008745	33	22	11	0	0	0	0
AF	0	0.009057	60	41	19	0	0	0	0
AF	0	0.009369	39	29	10	0	0	0	0
AF	0	0.009681	43	26	17	0	0	0	0
AF	0	0.009994	22	12	10	0	0	0	0
AF	0	0.010306	60	46	14	0	0	0	0
AF	0	0.010618	27	18	9	0	0	0	0
AF	0	0.010931	58	40	18	0	0	0	0
AF	0	0.011243	31	21	10	0	0	0	0
AF	0	0.011555	53	36	17	0	0	0	0
AF	0	0.011868	37	29	8	0	0	0	0
AF	0	0.012180	30	18	12	0	0	0	0
AF	0	0.012492	13	7	6	0	0	0	0
AF	0	0.012804	37	24	13	0	0	0	0
AF	0	0.013117	14	8	6	0	0	0	0
AF	0	0.013429	24	16	8	0	0	0	0
AF	0	0.013741	9	5	4	0	0	0	0
AF	0	0.014054	30	14	16	0	0	0	0
AF	0	0.014366	15	9	6	0	0	0	0
AF	0	0.014678	15	11	4	0	0	0	0
AF	0	0.014991	31	18	13	0	0	0	0
AF	0	0.015303	23	14	9	0	0	0	0
AF	0	0.015615	6	5	1	0	0	0	0
AF	0	0.015928	20	14	6	0	0	0	0
AF	0	0.016240	13	8	5	0	0	0	0
AF	0	0.016552	27	21	6	0	0	0	0
AF	0	0.016864	13	7	6	0	0	0	0
AF	0	0.017177	24	15	9	0	0	0	0
AF	0	0.017489	13	12	1	0	0	0	0
AF	0	0.017801	28	21	7	0	0	0	0
AF	0	0.018114	7	2	5	0	0	0	0
AF	0	0.018426	23	18	5	0	0	0	0
AF	0	0.018738	7	3	4	0	0	0	0
AF	0	0.019051	25	19	6	0	0	0	0
AF	0	0.019363	7	4	3	0	0	0	0
AF	0	0.019675	22	15	7	0	0	0	0
AF	0	0.019988	9	6	3	0	0	0	0
AF	0	0.020300	16	10	6	0	0	0	0
AF	0	0.020612	6	4	2	0	0	0	0
AF	0	0.020924	18	8	10	0	0	0	0
AF	0	0.021237	7	6	1	0	0	0	0
AF	0	0.021549	8	7	1	0	0	0	0
AF	0	0.021861	13	7	6	0	0	0	0
AF	0	0.022174	14	9	5	0	0	0	0
AF	0	0.022486	12	7	5	0	0	0	0
AF	0	0.022798	9	5	4	0	0	0	0
AF	0	0.023111	9	6	3	0	0	0	0
AF	0	0.023423	13	8	5	0	0	0	0
AF	0	0.023735	2	1	1	0	0	0	0
AF	0	0.024047	12	7	5	0	0	0	0
AF	0	0.024360	8	3	5	0	0	0	0
AF	0	0.024672	4	4	0	0	0	0	0
AF	0	0.024984	4	4	0	0	0	0	0
AF	0	0.025297	13	10	3	0	0	0	0
AF	0	0.025609	5	4	1	0	0	0	0
AF	0	0.025921	4	3	1	0	0	0	0
AF	0	0.026234	2	2	0	0	0	0	0
AF	0	0.026546	9	9	0	0	0	0	0
AF	0	0.026858	2	0	2	0	0	0	0
AF	0	0.027171	4	2	2	0	0	0	0
AF	0	0.027483	3	2	1	0	0	0	0
AF	0	0.027795	7	7	0	0	0	0	0
AF	0	0.028420	2	1	1	0	0	0	0
AF	0	0.028732	6	2	4	0	0	0	0
AF	0	0.029044	4	2	2	0	0	0	0
AF	0	0.029357	4	3	1	0	0	0	0
AF	0	0.029669	14	8	6	0	0	0	0
AF	0	0.029981	5	4	1	0	0	0	0
AF	0	0.030294	7	5	2	0	0	0	0
AF	0	0.030606	5	5	0	0	0	0	0
AF	0	0.030918	3	3	0	0	0	0	0
AF	0	0.031230	6	5	1	0	0	0	0
AF	0	0.031543	7	5	2	0	0	0	0
AF	0	0.031855	1	0	1	0	0	0	0
AF	0	0.032167	6	4	2	0	0	0	0
AF	0	0.032480	2	2	0	0	0	0	0
AF	0	0.032792	12	9	3	0	0	0	0
AF	0	0.033104	2	1	1	0	0	0	0
AF	0	0.033417	8	5	3	0	0	0	0
AF	0	0.033729	3	3	0	0	0	0	0
AF	0	0.034041	6	3	3	0	0	0	0
AF	0	0.034354	1	1	0	0	0	0	0
AF	0	0.034666	5	2	3	0	0	0	0
AF	0	0.034978	4	3	1	0	0	0	0
AF	0	0.035290	6	3	3	0	0	0	0
AF	0	0.035603	1	1	0	0	0	0	0
AF	0	0.035915	3	1	2	0	0	0	0
AF	0	0.036227	2	1	1	0	0	0	0
AF	0	0.036540	1	1	0	0	0	0	0
AF	0	0.036852	1	1	0	0	0	0	0
AF	0	0.037164	1	1	0	0	0	0	0
AF	0	0.037477	3	1	2	0	0	0	0
AF	0	0.037789	5	4	1	0	0	0	0
AF	0	0.038101	2	2	0	0	0	0	0
AF	0	0.038413	6	4	2	0	0	0	0
AF	0	0.038726	1	0	1	0	0	0	0
AF	0	0.039038	3	1	2	0	0	0	0
AF	0	0.039350	1	0	1	0	0	0	0
AF	0	0.039663	7	1	6	0	0	0	0
AF	0	0.039975	2	1	1	0	0	0	0
AF	0	0.040287	7	6	1	0	0	0	0
AF	0	0.040600	1	0	1	0	0	0	0
AF	0	0.040912	10	7	3	0	0	0	0
AF	0	0.041224	5	4	1	0	0	0	0
AF	0	0.041537	12	8	4	0	0	0	0
AF	0	0.041849	2	2	0	0	0	0	0
AF	0	0.042161	3	2	1	0	0	0	0
AF	0	0.042473	3	2	1	0	0	0	0
AF	0	0.042786	4	3	1	0	0	0	0
AF	0	0.043098	2	1	1	0	0	0	0
AF	0	0.043410	4	2	2	0	0	0	0
AF	0	0.043723	1	1	0	0	0	0	0
AF	0	0.044035	5	3	2	0	0	0	0
AF	0	0.044347	3	3	0	0	0	0	0
AF	0	0.044660	2	2	0	0	0	0	0
AF	0	0.044972	3	3	0	0	0	0	0
AF	0	0.045284	1	1	0	0	0	0	0
AF	0	0.045597	1	1	0	0	0	0	0
AF	0	0.045909	4	4	0	0	0	0	0
AF	0	0.046533	8	7	1	0	0	0	0
AF	0	0.046846	4	3	1	0	0	0	0
AF	0	0.047158	2	1	1	0	0	0	0
AF	0	0.047470	4	2	2	0	0	0	0
AF	0	0.047783	5	2	3	0	0	0	0
AF	0	0.048095	2	1	1	0	0	0	0
AF	0	0.048407	5	4	1	0	0	0	0
AF	0	0.048720	2	2	0	0	0	0	0
AF	0	0.049032	2	2	0	0	0	0	0
AF	0	0.049344	3	1	2	0	0	0	0
AF	0	0.049656	3	3	0	0	0	0	0
AF	0	0.049969	1	1	0	0	0	0	0
AF	0	0.050281	2	1	1	0	0	0	0
AF	0	0.050593	4	4	0	0	0	0	0
AF	0	0.050906	3	1	2	0	0	0	0
AF	0	0.051218	2	1	1	0	0	0	0
AF	0	0.051530	3	2	1	0	0	0	0
AF	0	0.051843	2	1	1	0	0	0	0
AF	0	0.052155	1	0	1	0	0	0	0
AF	0	0.052467	4	2	2	0	0	0	0
AF	0	0.052780	6	4	2	0	0	0	0
AF	0	0.053092	3	3	0	0	0	0	0
AF	0	0.053404	4	1	3	0	0	0	0
AF	0	0.053716	4	1	3	0	0	0	0
AF	0	0.054029	2	1	1	0	0	0	0
AF	0	0.054341	1	1	0	0	0	0	0
AF	0	0.054966	3	2	1	0	0	0	0
AF	0	0.055278	1	1	0	0	0	0	0
AF	0	0.055590	1	1	0	0	0	0	0
AF	0	0.055903	4	3	1	0	0	0	0
AF	0	0.056527	5	5	0	0	0	0	0
AF	0	0.056839	2	1	1	0	0	0	0
AF	0	0.057152	3	3	0	0	0	0	0
AF	0	0.057464	1	0	1	0	0	0	0
AF	0	0.057776	3	1	2	0	0	0	0
AF	0	0.058089	1	1	0	0	0	0	0
AF	0	0.058713	1	1	0	0	0	0	0
AF	0	0.059338	1	1	0	0	0	0	0
AF	0	0.059650	2	2	0	0	0	0	0
AF	0	0.059963	1	1	0	0	0	0	0
AF	0	0.060275	1	1	0	0	0	0	0
AF	0	0.060899	3	2	1	0	0	0	0
AF	0	0.061212	1	1	0	0	0	0	0
AF	0	0.061836	3	2	1	0	0	0	0
AF	0	0.062149	6	4	2	0	0	0	0
AF	0	0.062773	4	3	1	0	0	0	0
AF	0	0.063086	2	1	1	0	0	0	0
AF	0	0.063398	3	2	1	0	0	0	0
AF	0	0.064022	3	3	0	0	0	0	0
AF	0	0.064959	1	1	0	0	0	0	0
AF	0	0.065272	2	0	2	0	0	0	0
AF	0	0.065584	3	3	0	0	0	0	0
AF	0	0.065896	4	2	2	0	0	0	0
AF	0	0.066209	3	2	1	0	0	0	0
AF	0	0.066521	6	6	0	0	0	0	0
AF	0	0.066833	2	2	0	0	0	0	0
AF	0	0.067146	2	2	0	0	0	0	0
AF	0	0.067770	1	0	1	0	0	0	0
AF	0	0.068082	1	1	0	0	0	0	0
AF	0	0.068395	1	0	1	0	0	0	0
AF	0	0.069332	2	1	1	0	0	0	0
AF	0	0.069644	5	5	0	0	0	0	0
AF	0	0.069956	2	0	2	0	0	0	0
AF	0	0.070269	10	9	1	0	0	0	0
AF	0	0.070581	4	3	1	0	0	0	0
AF	0	0.070893	5	4	1	0	0	0	0
AF	0	0.071205	2	1	1	0	0	0	0
AF	0	0.071830	5	4	1	0	0	0	0
AF	0	0.072142	1	0	1	0	0	0	0
AF	0	0.072455	2	1	1	0	0	0	0
AF	0	0.073392	3	3	0	0	0	0	0
AF	0	0.073704	1	1	0	0	0	0	0
AF	0	0.074016	4	3	1	0	0	0	0
AF	0	0.074641	3	3	0	0	0	0	0
AF	0	0.074953	1	1	0	0	0	0	0
AF	0	0.075265	1	0	1	0	0	0	0
AF	0	0.075578	2	2	0	0	0	0	0
AF	0	0.075890	6	5	1	0	0	0	0
AF	0	0.076202	3	1	2	0	0	0	0
AF	0	0.076515	4	4	0	0	0	0	0
AF	0	0.076827	1	0	1	0	0	0	0
AF	0	0.077139	1	1	0	0	0	0	0
AF	0	0.077764	1	1	0	0	0	0	0
AF	0	0.078076	2	0	2	0	0	0	0
AF	0	0.078389	3	3	0	0	0	0	0
AF	0	0.078701	2	0	2	0	0	0	0
AF	0	0.079013	3	2	1	0	0	0	0
AF	0	0.079638	3	3	0	0	0	0	0
AF	0	0.080262	3	1	2	0	0	0	0
AF	0	0.080575	3	2	1	0	0	0	0
AF	0	0.080887	1	1	0	0	0	0	0
AF	0	0.081199	1	1	0	0	0	0	0
AF	0	0.081512	2	1	1	0	0	0	0
AF	0	0.082136	2	1	1	0	0	0	0
AF	0	0.082448	2	0	2	0	0	0	0
AF	0	0.083073	1	1	0	0	0	0	0
AF	0	0.083385	1	1	0	0	0	0	0
AF	0	0.083698	3	2	1	0	0	0	0
AF	0	0.084010	1	1	0	0	0	0	0
AF	0	0.084322	1	1	0	0	0	0	0
AF	0	0.084635	1	1	0	0	0	0	0
AF	0	0.085259	2	2	0	0	0	0	0
AF	0	0.085572	1	1	0	0	0	0	0
AF	0	0.086508	1	1	0	0	0	0	0
AF	0	0.086821	3	2	1	0	0	0	0
AF	0	0.087133	8	5	3	0	0	0	0
AF	0	0.087445	1	0	1	0	0	0	0
AF	0	0.087758	1	0	1	0	0	0	0
AF	0	0.088382	2	1	1	0	0	0	0
AF	0	0.088695	1	1	0	0	0	0	0
AF	0	0.089319	2	2	0	0	0	0	0
AF	0	0.089631	3	3	0	0	0	0	0
AF	0	0.089944	2	2	0	0	0	0	0
AF	0	0.090256	1	1	0	0	0	0	0
AF	0	0.091193	1	0	1	0	0	0	0
AF	0	0.091505	2	1	1	0	0	0	0
AF	0	0.091818	1	0	1	0	0	0	0
AF	0	0.092130	2	1	1	0	0	0	0
AF	0	0.092755	2	2	0	0	0	0	0
AF	0	0.093379	2	1	1	0	0	0	0
AF	0	0.094004	1	0	1	0	0	0	0
AF	0	0.094316	6	3	3	0	0	0	0
AF	0	0.094628	14	9	5	0	0	0	0
AF	0	0.094941	4	3	1	0	0	0	0
AF	0	0.095253	9	7	2	0	0	0	0
AF	0	0.095565	1	1	0	0	0	0	0
AF	0	0.095878	1	0	1	0	0	0	0
AF	0	0.096190	1	1	0	0	0	0	0
AF	0	0.096502	2	1	1	0	0	0	0
AF	0	0.097127	9	6	3	0	0	0	0
AF	0	0.097439	2	1	1	0	0	0	0
AF	0	0.097751	7	5	2	0	0	0	0
AF	0	0.098064	1	1	0	0	0	0	0
AF	0	0.098376	8	3	5	0	0	0	0
AF	0	0.098688	9	6	3	0	0	0	0
AF	0	0.099001	7	6	1	0	0	0	0
AF	0	0.099313	1	1	0	0	0	0	0
AF	0	0.099625	6	4	2	0	0	0	0
AF	0	0.099938	9	7	2	0	0	0	0
AF	0	0.100250	20	15	5	0	0	0	0
AF	0	0.100562	1	1	0	0	0	0	0
AF	0	0.100874	4	1	3	0	0	0	0
AF	0	0.101187	1	1	0	0	0	0	0
AF	0	0.101499	2	2	0	0	0	0	0
AF	0	0.102124	4	3	1	0	0	0	0
AF	0	0.102436	2	2	0	0	0	0	0
AF	0	0.102748	1	1	0	0	0	0	0
AF	0	0.103061	2	2	0	0	0	0	0
AF	0	0.103373	2	2	0	0	0	0	0
AF	0	0.103998	1	1	0	0	0	0	0
AF	0	0.104310	1	1	0	0	0	0	0
AF	0	0.104934	2	2	0	0	0	0	0
AF	0	0.105247	4	3	1	0	0	0	0
AF	0	0.106496	2	1	1	0	0	0	0
AF	0	0.107121	2	1	1	0	0	0	0
AF	0	0.107433	2	1	1	0	0	0	0
AF	0	0.107745	3	1	2	0	0	0	0
AF	0	0.108057	1	0	1	0	0	0	0
AF	0	0.108370	3	2	1	0	0	0	0
AF	0	0.108682	2	1	1	0	0	0	0
AF	0	0.108994	2	2	0	0	0	0	0
AF	0	0.109307	3	3	0	0	0	0	0
AF	0	0.109619	4	4	0	0	0	0	0
AF	0	0.110244	3	3	0	0	0	0	0
AF	0	0.110556	3	3	0	0	0	0	0
AF	0	0.110868	4	3	1	0	0	0	0
AF	0	0.111181	2	2	0	0	0	0	0
AF	0	0.111493	2	1	1	0	0	0	0
AF	0	0.111805	1	0	1	0	0	0	0
AF	0	0.112117	1	1	0	0	0	0	0
AF	0	0.112430	5	4	1	0	0	0	0
AF	0	0.112742	1	1	0	0	0	0	0
AF	0	0.113679	2	2	0	0	0	0	0
AF	0	0.114304	2	2	0	0	0	0	0
AF	0	0.114616	2	2	0	0	0	0	0
AF	0	0.114928	5	3	2	0	0	0	0
AF	0	0.115240	2	0	2	0	0	0	0
AF	0	0.116177	3	2	1	0	0	0	0
AF	0	0.116490	1	1	0	0	0	0	0
AF	0	0.117114	1	0	1	0	0	0	0
AF	0	0.117427	1	0	1	0	0	0	0
AF	0	0.118988	1	1	0	0	0	0	0
AF	0	0.119300	1	1	0	0	0	0	0
AF	0	0.120237	1	1	0	0	0	0	0
AF	0	0.120550	1	1	0	0	0	0	0
AF	0	0.122423	2	2	0	0	0	0	0
AF	0	0.122736	1	1	0	0	0	0	0
AF	0	0.123048	2	1	1	0	0	0	0
AF	0	0.123673	1	1	0	0	0	0	0
AF	0	0.124922	1	1	0	0	0	0	0
AF	0	0.125859	1	1	0	0	0	0	0
AF	0	0.126796	2	1	1	0	0	0	0
AF	0	0.127108	1	0	1	0	0	0	0
AF	0	0.127420	4	4	0	0	0	0	0
AF	0	0.127733	1	1	0	0	0	0	0
AF	0	0.128357	1	0	1	0	0	0	0
AF	0	0.129294	2	1	1	0	0	0	0
AF	0	0.131793	1	0	1	0	0	0	0
AF	0	0.132417	2	2	0	0	0	0	0
AF	0	0.132730	1	0	1	0	0	0	0
AF	0	0.133042	1	1	0	0	0	0	0
AF	0	0.133666	1	1	0	0	0	0	0
AF	0	0.136165	2	2	0	0	0	0	0
AF	0	0.136477	3	3	0	0	0	0	0
AF	0	0.136790	3	3	0	0	0	0	0
AF	0	0.137102	1	1	0	0	0	0	0
AF	0	0.137414	3	2	1	0	0	0	0
AF	0	0.137726	1	0	1	0	0	0	0
AF	0	0.139913	1	1	0	0	0	0	0
AF	0	0.140537	2	0	2	0	0	0	0
AF	0	0.140849	1	1	0	0	0	0	0
AF	0	0.141162	1	0	1	0	0	0	0
AF	0	0.143660	1	1	0	0	0	0	0
AF	0	0.145534	1	1	0	0	0	0	0
AF	0	0.145846	1	1	0	0	0	0	0
AF	0	0.148032	1	1	0	0	0	0	0
AF	0	0.149282	1	0	1	0	0	0	0
AF	0	0.149594	1	0	1	0	0	0	0
AF	0	0.149906	1	1	0	0	0	0	0
AF	0	0.150219	1	0	1	0	0	0	0
AF	0	0.150531	1	1	0	0	0	0	0
AF	0	0.151780	1	1	0	0	0	0	0
AF	0	0.152405	1	1	0	0	0	0	0
AF	0	0.153342	1	1	0	0	0	0	0
AF	0	0.154591	1	0	1	0	0	0	0
AF	0	0.155840	1	0	1	0	0	0	0
AF	0	0.156152	1	1	0	0	0	0	0
AF	0	0.157089	1	0	1	0	0	0	0
AF	0	0.157402	3	3	0	0	0	0	0
AF	0	0.157714	1	1	0	0	0	0	0
AF	0	0.158026	2	2	0	0	0	0	0
AF	0	0.158651	1	1	0	0	0	0	0
AF	0	0.159275	2	0	2	0	0	0	0
AF	0	0.159900	1	1	0	0	0	0	0
AF	0	0.160212	2	2	0	0	0	0	0
AF	0	0.161149	4	1	3	0	0	0	0
AF	0	0.161774	4	3	1	0	0	0	0
AF	0	0.162086	1	0	1	0	0	0	0
AF	0	0.162399	2	2	0	0	0	0	0
AF	0	0.162711	9	6	3	0	0	0	0
AF	0	0.163023	15	9	6	0	0	0	0
AF	0	0.163335	8	4	4	0	0	0	0
AF	0	0.163960	1	1	0	0	0	0	0
AF	0	0.166458	1	1	0	0	0	0	0
AF	0	0.167083	1	1	0	0	0	0	0
AF	0	0.168020	1	1	0	0	0	0	0
AF	0	0.168957	1	1	0	0	0	0	0
AF	0	0.171768	1	1	0	0	0	0	0
AF	0	0.173017	3	3	0	0	0	0	0
AF	0	0.173641	2	2	0	0	0	0	0
AF	0	0.174266	1	0	1	0	0	0	0
AF	0	0.175515	1	1	0	0	0	0	0
AF	0	0.177389	1	0	1	0	0	0	0
AF	0	0.178951	1	1	0	0	0	0	0
AF	0	0.179888	1	1	0	0	0	0	0
AF	0	0.180512	1	1	0	0	0	0	0
AF	0	0.183948	1	0	1	0	0	0	0
AF	0	0.184260	3	3	0	0	0	0	0
AF	0	0.185509	3	3	0	0	0	0	0
AF	0	0.186134	1	0	1	0	0	0	0
AF	0	0.186446	1	1	0	0	0	0	0
AF	0	0.188007	1	1	0	0	0	0	0
AF	0	0.188320	1	0	1	0	0	0	0
AF	0	0.188632	1	1	0	0	0	0	0
AF	0	0.189257	4	2	2	0	0	0	0
AF	0	0.189881	2	0	2	0	0	0	0
AF	0	0.190506	1	0	1	0	0	0	0
AF	0	0.191443	1	0	1	0	0	0	0
AF	0	0.191755	2	1	1	0	0	0	0
AF	0	0.192067	1	1	0	0	0	0	0
AF	0	0.193629	1	0	1	0	0	0	0
AF	0	0.193941	1	0	1	0	0	0	0
AF	0	0.194254	1	1	0	0	0	0	0
AF	0	0.194566	1	0	1	0	0	0	0
AF	0	0.197377	1	0	1	0	0	0	0
AF	0	0.198001	2	1	1	0	0	0	0
AF	0	0.198626	1	1	0	0	0	0	0
AF	0	0.199250	1	1	0	0	0	0	0
AF	0	0.200500	1	0	1	0	0	0	0
AF	0	0.201124	1	1	0	0	0	0	0
AF	0	0.201749	1	1	0	0	0	0	0
AF	0	0.202374	1	1	0	0	0	0	0
AF	0	0.202998	1	1	0	0	0	0	0
AF	0	0.203310	1	1	0	0	0	0	0
AF	0	0.203623	1	1	0	0	0	0	0
AF	0	0.203935	1	1	0	0	0	0	0
AF	0	0.204247	2	2	0	0	0	0	0
AF	0	0.204560	1	1	0	0	0	0	0
AF	0	0.204872	3	3	0	0	0	0	0
AF	0	0.205497	7	5	2	0	0	0	0
AF	0	0.206121	1	1	0	0	0	0	0
AF	0	0.207058	1	1	0	0	0	0	0
AF	0	0.207370	1	1	0	0	0	0	0
AF	0	0.208932	1	1	0	0	0	0	0
AF	0	0.211118	1	1	0	0	0	0	0
AF	0	0.212367	1	1	0	0	0	0	0
AF	0	0.213616	1	1	0	0	0	0	0
AF	0	0.213929	1	1	0	0	0	0	0
AF	0	0.214241	1	1	0	0	0	0	0
AF	0	0.215490	2	2	0	0	0	0	0
AF	0	0.215803	1	0	1	0	0	0	0
AF	0	0.216115	1	0	1	0	0	0	0
AF	0	0.216427	1	1	0	0	0	0	0
AF	0	0.217052	3	2	1	0	0	0	0
AF	0	0.219238	3	2	1	0	0	0	0
AF	0	0.219863	1	0	1	0	0	0	0
AF	0	0.220175	1	1	0	0	0	0	0
AF	0	0.220487	1	1	0	0	0	0	0
AF	0	0.221112	1	1	0	0	0	0	0
AF	0	0.221424	1	1	0	0	0	0	0
AF	0	0.221736	1	1	0	0	0	0	0
AF	0	0.223923	1	1	0	0	0	0	0
AF	0	0.224235	1	1	0	0	0	0	0
AF	0	0.225796	1	1	0	0	0	0	0
AF	0	0.226421	5	4	1	0	0	0	0
AF	0	0.227358	1	1	0	0	0	0	0
AF	0	0.229232	1	0	1	0	0	0	0
AF	0	0.230481	1	1	0	0	0	0	0
AF	0	0.231418	2	1	1	0	0	0	0
AF	0	0.231730	1	1	0	0	0	0	0
AF	0	0.232042	4	1	3	0	0	0	0
AF	0	0.232355	1	1	0	0	0	0	0
AF	0	0.232667	1	1	0	0	0	0	0
AF	0	0.233292	3	3	0	0	0	0	0
AF	0	0.233604	1	1	0	0	0	0	0
AF	0	0.233916	3	2	1	0	0	0	0
AF	0	0.234541	3	2	1	0	0	0	0
AF	0	0.235166	2	1	1	0	0	0	0
AF	0	0.235790	2	1	1	0	0	0	0
AF	0	0.236102	1	1	0	0	0	0	0
AF	0	0.236415	5	2	3	0	0	0	0
AF	0	0.237039	2	2	0	0	0	0	0
AF	0	0.237352	1	1	0	0	0	0	0
AF	0	0.238289	1	0	1	0	0	0	0
AF	0	0.238913	1	1	0	0	0	0	0
AF	0	0.239850	1	1	0	0	0	0	0
AF	0	0.240162	1	1	0	0	0	0	0
AF	0	0.241099	1	0	1	0	0	0	0
AF	0	0.241412	3	3	0	0	0	0	0
AF	0	0.243285	1	1	0	0	0	0	0
AF	0	0.243910	1	1	0	0	0	0	0
AF	0	0.244222	1	1	0	0	0	0	0
AF	0	0.244535	2	2	0	0	0	0	0
AF	0	0.245159	1	1	0	0	0	0	0
AF	0	0.245472	1	1	0	0	0	0	0
AF	0	0.246408	1	1	0	0	0	0	0
AF	0	0.246721	1	1	0	0	0	0	0
AF	0	0.247658	1	0	1	0	0	0	0
AF	0	0.248595	2	1	1	0	0	0	0
AF	0	0.248907	2	1	1	0	0	0	0
AF	0	0.249532	2	1	1	0	0	0	0
AF	0	0.249844	1	1	0	0	0	0	0
AF	0	0.250468	1	0	1	0	0	0	0
AF	0	0.252030	1	0	1	0	0	0	0
AF	0	0.252967	1	1	0	0	0	0	0
AF	0	0.253592	1	0	1	0	0	0	0
AF	0	0.253904	1	0	1	0	0	0	0
AF	0	0.254216	2	2	0	0	0	0	0
AF	0	0.255778	1	1	0	0	0	0	0
AF	0	0.257651	1	1	0	0	0	0	0
AF	0	0.259213	1	1	0	0	0	0	0
AF	0	0.259525	1	0	1	0	0	0	0
AF	0	0.259838	1	1	0	0	0	0	0
AF	0	0.260462	1	1	0	0	0	0	0
AF	0	0.260775	3	2	1	0	0	0	0
AF	0	0.261399	4	1	3	0	0	0	0
AF	0	0.261711	3	2	1	0	0	0	0
AF	0	0.262648	4	3	1	0	0	0	0
AF	0	0.262961	1	1	0	0	0	0	0
AF	0	0.263273	1	1	0	0	0	0	0
AF	0	0.263898	2	0	2	0	0	0	0
AF	0	0.264522	2	1	1	0	0	0	0
AF	0	0.264834	2	1	1	0	0	0	0
AF	0	0.265147	5	3	2	0	0	0	0
AF	0	0.265459	3	3	0	0	0	0	0
AF	0	0.265771	3	1	2	0	0	0	0
AF	0	0.266084	5	3	2	0	0	0	0
AF	0	0.266396	2	1	1	0	0	0	0
AF	0	0.266708	1	0	1	0	0	0	0
AF	0	0.267021	5	2	3	0	0	0	0
AF	0	0.267333	1	1	0	0	0	0	0
AF	0	0.268894	1	1	0	0	0	0	0
AF	0	0.269519	5	2	3	0	0	0	0
AF	0	0.269831	1	1	0	0	0	0	0
AF	0	0.270144	2	2	0	0	0	0	0
AF	0	0.271081	1	0	1	0	0	0	0
AF	0	0.271393	1	1	0	0	0	0	0
AF	0	0.271705	1	1	0	0	0	0	0
AF	0	0.272330	1	1	0	0	0	0	0
AF	0	0.273891	1	1	0	0	0	0	0
AF	0	0.276390	3	2	1	0	0	0	0
AF	0	0.276702	2	1	1	0	0	0	0
AF	0	0.277014	1	1	0	0	0	0	0
AF	0	0.277327	1	0	1	0	0	0	0
AF	0	0.278264	1	1	0	0	0	0	0
AF	0	0.278576	2	2	0	0	0	0	0
AF	0	0.278888	2	2	0	0	0	0	0
AF	0	0.279513	3	2	1	0	0	0	0
AF	0	0.279825	4	3	1	0	0	0	0
AF	0	0.280137	5	2	3	0	0	0	0
AF	0	0.280450	2	1	1	0	0	0	0
AF	0	0.280762	1	1	0	0	0	0	0
AF	0	0.287008	1	0	1	0	0	0	0
AF	0	0.288257	1	1	0	0	0	0	0
AF	0	0.290131	2	2	0	0	0	0	0
AF	0	0.291380	1	1	0	0	0	0	0
AF	0	0.292317	1	0	1	0	0	0	0
AF	0	0.294191	2	0	2	0	0	0	0
AF	0	0.295128	1	1	0	0	0	0	0
AF	0	0.295753	1	1	0	0	0	0	0
AF	0	0.296690	1	1	0	0	0	0	0
AF	0	0.297002	2	0	2	0	0	0	0
AF	0	0.297314	9	5	4	0	0	0	0
AF	0	0.297626	4	1	3	0	0	0	0
AF	0	0.297939	3	3	0	0	0	0	0
AF	0	0.298251	1	1	0	0	0	0	0
AF	0	0.299188	1	1	0	0	0	0	0
AF	0	0.299500	2	1	1	0	0	0	0
AF	0	0.301374	3	3	0	0	0	0	0
AF	0	0.301686	1	1	0	0	0	0	0
AF	0	0.301999	1	1	0	0	0	0	0
AF	0	0.306996	1	0	1	0	0	0	0
AF	0	0.307620	2	0	2	0	0	0	0
AF	0	0.312929	1	1	0	0	0	0	0
AF	0	0.316677	1	1	0	0	0	0	0
AF	0	0.316989	1	0	1	0	0	0	0
AF	0	0.317302	1	1	0	0	0	0	0
AF	0	0.317614	1	0	1	0	0	0	0
AF	0	0.318863	1	1	0	0	0	0	0
AF	0	0.319176	1	1	0	0	0	0	0
AF	0	0.320112	1	0	1	0	0	0	0
AF	0	0.320737	2	2	0	0	0	0	0
AF	0	0.321362	1	1	0	0	0	0	0
AF	0	0.322299	1	1	0	0	0	0	0
AF	0	0.322611	1	1	0	0	0	0	0
AF	0	0.323235	1	1	0	0	0	0	0
AF	0	0.325422	1	1	0	0	0	0	0
AF	0	0.325734	1	1	0	0	0	0	0
AF	0	0.326671	2	1	1	0	0	0	0
AF	0	0.327295	1	1	0	0	0	0	0
AF	0	0.327920	2	1	1	0	0	0	0
AF	0	0.329169	1	1	0	0	0	0	0
AF	0	0.329482	1	1	0	0	0	0	0
AF	0	0.330106	1	1	0	0	0	0	0
AF	0	0.330418	1	0	1	0	0	0	0
AF	0	0.330731	2	1	1	0	0	0	0
AF	0	0.331355	1	1	0	0	0	0	0
AF	0	0.332605	1	1	0	0	0	0	0
AF	0	0.333229	2	2	0	0	0	0	0
AF	0	0.333542	1	1	0	0	0	0	0
AF	0	0.334478	1	1	0	0	0	0	0
AF	0	0.336040	1	1	0	0	0	0	0
AF	0	0.336665	1	0	1	0	0	0	0
AF	0	0.336977	1	0	1	0	0	0	0
AF	0	0.337914	1	1	0	0	0	0	0
AF	0	0.338538	1	0	1	0	0	0	0
AF	0	0.338851	1	1	0	0	0	0	0
AF	0	0.339163	1	1	0	0	0	0	0
AF	0	0.339788	1	1	0	0	0	0	0
AF	0	0.340100	1	1	0	0	0	0	0
AF	0	0.340412	1	1	0	0	0	0	0
AF	0	0.341661	1	0	1	0	0	0	0
AF	0	0.350406	1	0	1	0	0	0	0
AF	0	0.352280	1	1	0	0	0	0	0
AF	0	0.353217	1	0	1	0	0	0	0
AF	0	0.354154	1	1	0	0	0	0	0
AF	0	0.354466	1	1	0	0	0	0	0
AF	0	0.355715	2	2	0	0	0	0	0
AF	0	0.357901	1	1	0	0	0	0	0
AF	0	0.358526	4	3	1	0	0	0	0
AF	0	0.358838	1	1	0	0	0	0	0
AF	0	0.359151	1	1	0	0	0	0	0
AF	0	0.359775	1	0	1	0	0	0	0
AF	0	0.360400	1	1	0	0	0	0	0
AF	0	0.362898	1	1	0	0	0	0	0
AF	0	0.369457	1	1	0	0	0	0	0
AF	0	0.370081	1	0	1	0	0	0	0
AF	0	0.370394	1	1	0	0	0	0	0
AF	0	0.372580	1	1	0	0	0	0	0
AF	0	0.374141	1	1	0	0	0	0	0
AF	0	0.374453	1	0	1	0	0	0	0
AF	0	0.379763	1	0	1	0	0	0	0
AF	0	0.380075	1	1	0	0	0	0	0
AF	0	0.383823	1	1	0	0	0	0	0
AF	0	0.386633	1	1	0	0	0	0	0
AF	0	0.390693	1	1	0	0	0	0	0
AF	0	0.394441	1	1	0	0	0	0	0
AF	0	0.398813	1	0	1	0	0	0	0
AF	0	0.401312	1	1	0	0	0	0	0
AF	0	0.401624	2	1	1	0	0	0	0
AF	0	0.402249	2	2	0	0	0	0	0
AF	0	0.402873	1	0	1	0	0	0	0
AF	0	0.403810	1	0	1	0	0	0	0
AF	0	0.404435	1	1	0	0	0	0	0
AF	0	0.405059	1	0	1	0	0	0	0
AF	0	0.405996	4	1	3	0	0	0	0
AF	0	0.406309	2	2	0	0	0	0	0
AF	0	0.406621	1	0	1	0	0	0	0
AF	0	0.406933	1	1	0	0	0	0	0
AF	0	0.407245	1	0	1	0	0	0	0
AF	0	0.407870	1	0	1	0	0	0	0
AF	0	0.408495	2	1	1	0	0	0	0
AF	0	0.408807	1	1	0	0	0	0	0
AF	0	0.410056	1	0	1	0	0	0	0
AF	0	0.410369	1	1	0	0	0	0	0
AF	0	0.412867	1	0	1	0	0	0	0
AF	0	0.414116	2	1	1	0	0	0	0
AF	0	0.415365	1	1	0	0	0	0	0
AF	0	0.415678	1	0	1	0	0	0	0
AF	0	0.415990	2	0	2	0	0	0	0
AF	0	0.416615	1	1	0	0	0	0	0
AF	0	0.419425	1	0	1	0	0	0	0
AF	0	0.420050	1	0	1	0	0	0	0
AF	0	0.421611	2	1	1	0	0	0	0
AF	0	0.421924	1	1	0	0	0	0	0
AF	0	0.426608	1	1	0	0	0	0	0
AF	0	0.427858	1	0	1	0	0	0	0
AF	0	0.428482	2	2	0	0	0	0	0
AF	0	0.430668	1	1	0	0	0	0	0
AF	0	0.432230	1	1	0	0	0	0	0
AF	0	0.434728	1	1	0	0	0	0	0
AF	0	0.436602	1	1	0	0	0	0	0
AF	0	0.439101	1	1	0	0	0	0	0
AF	0	0.441287	1	0	1	0	0	0	0
AF	0	0.441599	3	2	1	0	0	0	0
AF	0	0.441911	1	1	0	0	0	0	0
AF	0	0.443161	1	0	1	0	0	0	0
AF	0	0.444410	1	0	1	0	0	0	0
AF	0	0.448470	1	0	1	0	0	0	0
AF	0	0.453467	1	0	1	0	0	0	0
AF	0	0.454403	1	0	1	0	0	0	0
AF	0	0.455028	1	0	1	0	0	0	0
AF	0	0.455340	1	1	0	0	0	0	0
AF	0	0.455653	2	2	0	0	0	0	0
AF	0	0.455965	1	1	0	0	0	0	0
AF	0	0.456277	1	1	0	0	0	0	0
AF	0	0.457527	1	1	0	0	0	0	0
AF	0	0.457839	2	1	1	0	0	0	0
AF	0	0.458151	1	1	0	0	0	0	0
AF	0	0.458776	2	1	1	0	0	0	0
AF	0	0.459088	1	1	0	0	0	0	0
AF	0	0.459400	4	3	1	0	0	0	0
AF	0	0.459713	1	0	1	0	0	0	0
AF	0	0.460025	1	1	0	0	0	0	0
AF	0	0.460650	1	0	1	0	0	0	0
AF	0	0.460962	2	2	0	0	0	0	0
AF	0	0.462523	2	2	0	0	0	0	0
AF	0	0.463148	3	3	0	0	0	0	0
AF	0	0.463773	3	3	0	0	0	0	0
AF	0	0.465334	3	3	0	0	0	0	0
AF	0	0.467208	1	1	0	0	0	0	0
AF	0	0.468457	2	1	1	0	0	0	0
AF	0	0.468770	2	2	0	0	0	0	0
AF	0	0.469394	1	1	0	0	0	0	0
AF	0	0.470019	1	0	1	0	0	0	0
AF	0	0.470643	1	1	0	0	0	0	0
AF	0	0.471893	4	3	1	0	0	0	0
AF	0	0.472205	1	1	0	0	0	0	0
AF	0	0.473766	1	0	1	0	0	0	0
AF	0	0.474079	1	0	1	0	0	0	0
AF	0	0.474391	2	1	1	0	0	0	0
AF	0	0.474703	1	0	1	0	0	0	0
AF	0	0.475016	1	1	0	0	0	0	0
AF	0	0.475328	2	1	1	0	0	0	0
AF	0	0.475640	7	6	1	0	0	0	0
AF	0	0.475953	3	3	0	0	0	0	0
AF	0	0.476265	2	2	0	0	0	0	0
AF	0	0.477202	1	1	0	0	0	0	0
AF	0	0.477514	3	2	1	0	0	0	0
AF	0	0.478139	3	0	3	0	0	0	0
AF	0	0.479388	1	1	0	0	0	0	0
AF	0	0.480325	1	0	1	0	0	0	0
AF	0	0.483136	1	0	1	0	0	0	0
AF	0	0.484385	1	1	0	0	0	0	0
AF	0	0.485634	1	1	0	0	0	0	0
AF	0	0.486883	1	1	0	0	0	0	0
AF	0	0.487196	2	2	0	0	0	0	0
AF	0	0.487508	4	3	1	0	0	0	0
AF	0	0.488132	1	1	0	0	0	0	0
AF	0	0.490006	1	1	0	0	0	0	0
AF	0	0.490319	1	1	0	0	0	0	0
AF	0	0.490943	1	1	0	0	0	0	0
AF	0	0.493754	1	1	0	0	0	0	0
AF	0	0.494066	3	3	0	0	0	0	0
AF	0	0.495628	1	0	1	0	0	0	0
AF	0	0.496252	2	1	1	0	0	0	0
AF	0	0.496565	8	5	3	0	0	0	0
AF	0	0.496877	1	1	0	0	0	0	0
AF	0	0.497502	3	1	2	0	0	0	0
AF	0	0.497814	1	1	0	0	0	0	0
AF	0	0.498126	3	1	2	0	0	0	0
AF	0	0.500000	1	1	0	0	0	0	0
AF	0	0.500625	1	1	0	0	0	0	0
AF	0	0.501249	1	1	0	0	0	0	0
AF	0	0.501874	1	1	0	0	0	0	0
AF	0	0.502498	2	2	0	0	0	0	0
AF	0	0.504060	1	0	1	0	0	0	0
AF	0	0.504372	1	1	0	0	0	0	0
AF	0	0.504997	1	0	1	0	0	0	0
AF	0	0.505934	1	0	1	0	0	0	0
AF	0	0.506871	3	3	0	0	0	0	0
AF	0	0.507495	1	1	0	0	0	0	0
AF	0	0.507808	3	1	2	0	0	0	0
AF	0	0.508120	2	2	0	0	0	0	0
AF	0	0.508432	2	2	0	0	0	0	0
AF	0	0.512804	1	1	0	0	0	0	0
AF	0	0.513117	1	0	1	0	0	0	0
AF	0	0.513741	1	1	0	0	0	0	0
AF	0	0.514678	2	2	0	0	0	0	0
AF	0	0.514991	2	1	1	0	0	0	0
AF	0	0.521549	2	1	1	0	0	0	0
AF	0	0.521861	4	4	0	0	0	0	0
AF	0	0.524047	1	1	0	0	0	0	0
AF	0	0.525297	1	1	0	0	0	0	0
AF	0	0.526858	3	3	0	0	0	0	0
AF	0	0.527795	1	1	0	0	0	0	0
AF	0	0.528107	2	2	0	0	0	0	0
AF	0	0.528420	1	1	0	0	0	0	0
AF	0	0.528732	1	1	0	0	0	0	0
AF	0	0.530294	1	0	1	0	0	0	0
AF	0	0.530918	1	1	0	0	0	0	0
AF	0	0.533417	1	0	1	0	0	0	0
AF	0	0.536852	1	1	0	0	0	0	0
AF	0	0.537164	1	1	0	0	0	0	0
AF	0	0.537477	1	0	1	0	0	0	0
AF	0	0.537789	1	0	1	0	0	0	0
AF	0	0.538101	3	3	0	0	0	0	0
AF	0	0.539038	1	1	0	0	0	0	0
AF	0	0.539350	2	2	0	0	0	0	0
AF	0	0.540287	1	0	1	0	0	0	0
AF	0	0.540600	1	1	0	0	0	0	0
AF	0	0.541224	1	1	0	0	0	0	0
AF	0	0.541849	2	1	1	0	0	0	0
AF	0	0.542161	1	1	0	0	0	0	0
AF	0	0.543098	1	1	0	0	0	0	0
AF	0	0.547158	1	0	1	0	0	0	0
AF	0	0.550593	1	1	0	0	0	0	0
AF	0	0.556215	1	1	0	0	0	0	0
AF	0	0.562149	1	1	0	0	0	0	0
AF	0	0.562461	1	1	0	0	0	0	0
AF	0	0.562773	3	3	0	0	0	0	0
AF	0	0.563398	3	2	1	0	0	0	0
AF	0	0.569019	1	1	0	0	0	0	0
AF	0	0.575265	1	1	0	0	0	0	0
AF	0	0.577452	1	1	0	0	0	0	0
AF	0	0.578389	1	0	1	0	0	0	0
AF	0	0.579638	1	0	1	0	0	0	0
AF	0	0.580262	1	1	0	0	0	0	0
AF	0	0.585259	1	1	0	0	0	0	0
AF	0	0.586821	1	1	0	0	0	0	0
AF	0	0.587133	2	2	0	0	0	0	0
AF	0	0.592130	1	0	1	0	0	0	0
AF	0	0.594004	2	2	0	0	0	0	0
AF	0	0.594316	1	1	0	0	0	0	0
AF	0	0.594628	1	1	0	0	0	0	0
AF	0	0.595253	1	1	0	0	0	0	0
AF	0	0.597751	1	1	0	0	0	0	0
AF	0	0.600250	1	1	0	0	0	0	0
AF	0	0.600874	1	1	0	0	0	0	0
AF	0	0.601811	1	1	0	0	0	0	0
AF	0	0.604310	1	0	1	0	0	0	0
AF	0	0.606496	1	1	0	0	0	0	0
AF	0	0.613991	1	1	0	0	0	0	0
AF	0	0.615240	1	1	0	0	0	0	0
AF	0	0.616490	1	1	0	0	0	0	0
AF	0	0.616802	3	0	3	0	0	0	0
AF	0	0.617114	2	2	0	0	0	0	0
AF	0	0.618364	1	1	0	0	0	0	0
AF	0	0.618988	1	0	1	0	0	0	0
AF	0	0.619300	3	2	1	0	0	0	0
AF	0	0.619613	5	4	1	0	0	0	0
AF	0	0.620862	1	1	0	0	0	0	0
AF	0	0.621487	1	0	1	0	0	0	0
AF	0	0.622111	1	0	1	0	0	0	0
AF	0	0.622423	1	1	0	0	0	0	0
AF	0	0.623673	1	1	0	0	0	0	0
AF	0	0.623985	1	1	0	0	0	0	0
AF	0	0.625234	1	1	0	0	0	0	0
AF	0	0.625547	1	1	0	0	0	0	0
AF	0	0.626171	1	0	1	0	0	0	0
AF	0	0.626483	1	0	1	0	0	0	0
AF	0	0.630856	1	0	1	0	0	0	0
AF	0	0.632105	1	1	0	0	0	0	0
AF	0	0.634291	2	1	1	0	0	0	0
AF	0	0.634603	1	1	0	0	0	0	0
AF	0	0.639288	1	1	0	0	0	0	0
AF	0	0.639600	1	0	1	0	0	0	0
AF	0	0.641162	1	0	1	0	0	0	0
AF	0	0.653342	1	1	0	0	0	0	0
AF	0	0.656465	1	1	0	0	0	0	0
AF	0	0.663023	1	1	0	0	0	0	0
AF	0	0.668645	1	1	0	0	0	0	0
AF	0	0.672080	1	1	0	0	0	0	0
AF	0	0.675828	3	0	3	0	0	0	0
AF	0	0.676765	1	1	0	0	0	0	0
AF	0	0.678951	2	1	1	0	0	0	0
AF	0	0.679263	1	1	0	0	0	0	0
AF	0	0.679575	2	1	1	0	0	0	0
AF	0	0.679888	1	1	0	0	0	0	0
AF	0	0.680200	4	3	1	0	0	0	0
AF	0	0.680512	6	4	2	0	0	0	0
AF	0	0.682386	2	1	1	0	0	0	0
AF	0	0.683011	1	1	0	0	0	0	0
AF	0	0.685197	1	1	0	0	0	0	0
AF	0	0.685509	1	1	0	0	0	0	0
AF	0	0.686134	1	0	1	0	0	0	0
AF	0	0.689257	1	0	1	0	0	0	0
AF	0	0.689569	1	0	1	0	0	0	0
AF	0	0.690506	1	1	0	0	0	0	0
AF	0	0.691755	1	1	0	0	0	0	0
AF	0	0.692380	1	0	1	0	0	0	0
AF	0	0.693941	1	1	0	0	0	0	0
AF	0	0.695503	1	0	1	0	0	0	0
AF	0	0.697064	1	1	0	0	0	0	0
AF	0	0.697377	4	4	0	0	0	0	0
AF	0	0.705497	1	1	0	0	0	0	0
AF	0	0.706121	3	3	0	0	0	0	0
AF	0	0.712992	1	1	0	0	0	0	0
AF	0	0.713304	1	1	0	0	0	0	0
AF	0	0.713616	3	2	1	0	0	0	0
AF	0	0.713929	3	2	1	0	0	0	0
AF	0	0.714241	3	1	2	0	0	0	0
AF	0	0.716427	1	1	0	0	0	0	0
AF	0	0.716740	2	0	2	0	0	0	0
AF	0	0.719863	4	3	1	0	0	0	0
AF	0	0.720175	7	4	3	0	0	0	0
AF	0	0.720487	5	3	2	0	0	0	0
AF	0	0.723610	1	0	1	0	0	0	0
AF	0	0.725796	1	1	0	0	0	0	0
AF	0	0.726109	3	1	2	0	0	0	0
AF	0	0.726421	1	0	1	0	0	0	0
AF	0	0.726733	1	0	1	0	0	0	0
AF	0	0.727046	1	1	0	0	0	0	0
AF	0	0.729544	1	0	1	0	0	0	0
AF	0	0.733916	1	0	1	0	0	0	0
AF	0	0.734229	2	2	0	0	0	0	0
AF	0	0.734541	2	2	0	0	0	0	0
AF	0	0.734853	5	3	2	0	0	0	0
AF	0	0.738289	1	1	0	0	0	0	0
AF	0	0.738913	1	1	0	0	0	0	0
AF	0	0.739538	1	1	0	0	0	0	0
AF	0	0.739850	7	4	3	0	0	0	0
AF	0	0.740162	2	0	2	0	0	0	0
AF	0	0.740475	2	2	0	0	0	0	0
AF	0	0.740787	1	0	1	0	0	0	0
AF	0	0.741099	1	1	0	0	0	0	0
AF	0	0.741724	1	0	1	0	0	0	0
AF	0	0.742036	1	1	0	0	0	0	0
AF	0	0.744222	1	1	0	0	0	0	0
AF	0	0.747345	2	2	0	0	0	0	0
AF	0	0.749532	1	1	0	0	0	0	0
AF	0	0.750468	1	0	1	0	0	0	0
AF	0	0.753904	1	0	1	0	0	0	0
AF	0	0.754216	2	1	1	0	0	0	0
AF	0	0.754528	1	0	1	0	0	0	0
AF	0	0.755778	1	1	0	0	0	0	0
AF	0	0.759213	1	1	0	0	0	0	0
AF	0	0.760775	1	0	1	0	0	0	0
AF	0	0.761087	1	1	0	0	0	0	0
AF	0	0.762961	1	1	0	0	0	0	0
AF	0	0.763585	1	1	0	0	0	0	0
AF	0	0.764210	3	2	1	0	0	0	0
AF	0	0.764522	1	1	0	0	0	0	0
AF	0	0.765459	1	0	1	0	0	0	0
AF	0	0.766084	1	1	0	0	0	0	0
AF	0	0.767021	1	1	0	0	0	0	0
AF	0	0.767333	1	1	0	0	0	0	0
AF	0	0.768582	2	1	1	0	0	0	0
AF	0	0.774204	1	1	0	0	0	0	0
AF	0	0.774828	1	1	0	0	0	0	0
AF	0	0.776077	1	1	0	0	0	0	0
AF	0	0.777639	1	1	0	0	0	0	0
AF	0	0.781387	1	0	1	0	0	0	0
AF	0	0.781699	2	1	1	0	0	0	0
AF	0	0.785447	1	0	1	0	0	0	0
AF	0	0.788257	1	1	0	0	0	0	0
AF	0	0.791693	1	1	0	0	0	0	0
AF	0	0.796065	1	1	0	0	0	0	0
AF	0	0.796377	1	0	1	0	0	0	0
AF	0	0.797626	1	0	1	0	0	0	0
AF	0	0.797939	1	1	0	0	0	0	0
AF	0	0.803873	1	1	0	0	0	0	0
AF	0	0.804185	1	1	0	0	0	0	0
AF	0	0.806059	1	0	1	0	0	0	0
AF	0	0.809494	1	1	0	0	0	0	0
AF	0	0.810431	2	0	2	0	0	0	0
AF	0	0.812929	1	0	1	0	0	0	0
AF	0	0.813554	1	1	0	0	0	0	0
AF	0	0.813866	2	1	1	0	0	0	0
AF	0	0.814803	1	0	1	0	0	0	0
AF	0	0.815116	1	0	1	0	0	0	0
AF	0	0.816365	1	0	1	0	0	0	0
AF	0	0.816989	2	2	0	0	0	0	0
AF	0	0.817926	1	1	0	0	0	0	0
AF	0	0.819800	1	1	0	0	0	0	0
AF	0	0.820112	2	2	0	0	0	0	0
AF	0	0.821049	1	0	1	0	0	0	0
AF	0	0.830106	3	2	1	0	0	0	0
AF	0	0.831980	2	1	1	0	0	0	0
AF	0	0.832292	2	2	0	0	0	0	0
AF	0	0.832917	1	0	1	0	0	0	0
AF	0	0.836352	1	1	0	0	0	0	0
AF	0	0.839475	1	1	0	0	0	0	0
AF	0	0.841974	1	0	1	0	0	0	0
AF	0	0.843223	1	1	0	0	0	0	0
AF	0	0.845097	4	1	3	0	0	0	0
AF	0	0.846034	2	2	0	0	0	0	0
AF	0	0.847283	1	0	1	0	0	0	0
AF	0	0.848220	1	1	0	0	0	0	0
AF	0	0.849469	3	3	0	0	0	0	0
AF	0	0.850406	2	1	1	0	0	0	0
AF	0	0.853841	1	0	1	0	0	0	0
AF	0	0.864772	1	1	0	0	0	0	0
AF	0	0.865084	1	1	0	0	0	0	0
AF	0	0.865397	1	1	0	0	0	0	0
AF	0	0.876640	1	1	0	0	0	0	0
AF	0	0.877889	1	1	0	0	0	0	0
AF	0	0.878826	1	1	0	0	0	0	0
AF	0	0.881012	2	2	0	0	0	0	0
AF	0	0.881324	2	2	0	0	0	0	0
AF	0	0.881949	2	2	0	0	0	0	0
AF	0	0.883823	1	1	0	0	0	0	0
AF	0	0.889132	2	1	1	0	0	0	0
AF	0	0.895378	1	0	1	0	0	0	0
AF	0	0.896939	1	0	1	0	0	0	0
AF	0	0.899126	1	1	0	0	0	0	0
AF	0	0.902249	1	1	0	0	0	0	0
AF	0	0.902873	5	3	2	0	0	0	0
AF	0	0.903186	5	2	3	0	0	0	0
AF	0	0.903810	1	1	0	0	0	0	0
AF	0	0.904122	2	0	2	0	0	0	0
AF	0	0.904435	1	0	1	0	0	0	0
AF	0	0.904747	1	1	0	0	0	0	0
AF	0	0.905996	1	0	1	0	0	0	0
AF	0	0.914741	1	0	1	0	0	0	0
AF	0	0.917864	1	1	0	0	0	0	0
AF	0	0.918488	2	1	1	0	0	0	0
AF	0	0.925671	2	2	0	0	0	0	0
AF	0	0.926921	1	1	0	0	0	0	0
AF	0	0.927233	1	1	0	0	0	0	0
AF	0	0.931605	1	1	0	0	0	0	0
AF	0	0.933479	1	1	0	0	0	0	0
AF	0	0.940974	1	1	0	0	0	0	0
AF	0	0.941599	1	1	0	0	0	0	0
AF	0	0.942224	1	0	1	0	0	0	0
AF	0	0.943161	1	1	0	0	0	0	0
AF	0	0.943473	1	1	0	0	0	0	0
AF	0	0.944410	1	1	0	0	0	0	0
AF	0	0.945034	1	1	0	0	0	0	0
AF	0	0.945347	1	1	0	0	0	0	0
AF	0	0.945971	1	0	1	0	0	0	0
AF	0	0.946596	2	2	0	0	0	0	0
AF	0	0.947845	2	1	1	0	0	0	0
AF	0	0.950656	1	0	1	0	0	0	0
AF	0	0.955340	1	0	1	0	0	0	0
AF	0	0.956590	1	1	0	0	0	0	0
AF	0	0.960962	2	1	1	0	0	0	0
AF	0	0.961274	2	2	0	0	0	0	0
AF	0	0.961899	3	2	1	0	0	0	0
AF	0	0.962211	5	3	2	0	0	0	0
AF	0	0.962836	1	1	0	0	0	0	0
AF	0	0.963773	1	1	0	0	0	0	0
AF	0	0.965959	1	0	1	0	0	0	0
AF	0	0.967208	1	1	0	0	0	0	0
AF	0	0.968145	1	0	1	0	0	0	0
AF	0	0.968457	1	1	0	0	0	0	0
AF	0	0.968770	1	0	1	0	0	0	0
AF	0	0.969082	3	3	0	0	0	0	0
AF	0	0.969706	1	1	0	0	0	0	0
AF	0	0.970331	1	1	0	0	0	0	0
AF	0	0.971580	1	0	1	0	0	0	0
AF	0	0.972205	2	1	1	0	0	0	0
AF	0	0.974703	4	3	1	0	0	0	0
AF	0	0.975328	3	2	1	0	0	0	0
AF	0	0.975953	1	1	0	0	0	0	0
AF	0	0.976889	1	1	0	0	0	0	0
AF	0	0.978139	2	1	1	0	0	0	0
AF	0	0.978451	5	3	2	0	0	0	0
AF	0	0.978763	3	3	0	0	0	0	0
AF	0	0.979076	4	3	1	0	0	0	0
AF	0	0.979388	14	9	5	0	0	0	0
AF	0	0.979700	9	4	5	0	0	0	0
AF	0	0.980012	15	10	5	0	0	0	0
AF	0	0.980325	7	6	1	0	0	0	0
AF	0	0.980949	7	6	1	0	0	0	0
AF	0	0.981262	5	3	2	0	0	0	0
AF	0	0.981574	7	5	2	0	0	0	0
AF	0	0.982199	3	3	0	0	0	0	0
AF	0	0.984385	2	1	1	0	0	0	0
AF	0	0.984697	1	1	0	0	0	0	0
AF	0	0.985946	1	1	0	0	0	0	0
AF	0	0.986571	1	1	0	0	0	0	0
AF	0	0.995628	1	0	1	0	0	0	0
AF	0	0.996565	1	1	0	0	0	0	0
AF	0	0.997189	2	1	1	0	0	0	0
AF	0	0.998438	1	1	0	0	0	0	0
AF	0	0.998751	1	0	1	0	0	0	0
AF	0	0.999063	2	1	1	0	0	0	0
# QUAL, Stats by quality
# QUAL	[2]id	[3]Quality	[4]number of SNPs	[5]number of transitions (1st ALT)	[6]number of transversions (1st ALT)	[7]number of indels
QUAL	0	.	12370	8505	3865	0
# IDD, InDel distribution:
# IDD	[2]id	[3]length (deletions negative)	[4]number of sites	[5]number of genotypes	[6]mean VAF
# ST, Substitution types:
# ST	[2]id	[3]type	[4]count
ST	0	A>C	448
ST	0	A>G	1644
ST	0	A>T	432
ST	0	C>A	599
ST	0	C>G	472
ST	0	C>T	2599
ST	0	G>A	2574
ST	0	G>C	505
ST	0	G>T	529
ST	0	T>A	431
ST	0	T>C	1688
ST	0	T>G	449
# DP, Depth distribution
# DP	[2]id	[3]bin	[4]number of genotypes	[5]fraction of genotypes (%)	[6]number of sites	[7]fraction of sites (%)
  - Fix haploid genotypes in males...

Submit MakeDiploidMalesX finished successfully. Let's have a beer, buddy!

