Submit MakeDiploidMalesX
version 1.1.6 (2024-09-30)

These are the settings:
  Input file................: /hpc/local/Rocky8/dhl_ec/software/MonopogenLite/resources/1kGP_high_coverage_Illumina.SNVonly_poly.filtered_AF_5e-04.norm.fixvariantid.chrX.vcf.gz
  Output file...............: /hpc/local/Rocky8/dhl_ec/software/MonopogenLite/resources/1kGP_high_coverage_Illumina.SNVonly_poly.filtered_AF_5e-04.norm.fixvariantid.makediploid.chrX.vcf.gz
  Chunk size................: 100

  SLURM CPUs................: 4
  SLURM Array ID............: 19 (of 100)
  SLURM memory..............: 16G
  SLURM time................: 01:00:00
  SLURM mail type...........: FAIL
  SLURM mail user...........: s.w.vanderlaan-2@umcutrecht.nl

  Dry run mode..............: 0
  Debug mode................: 1
  Verbosity.................: 0
  Version...................: 1.1.6 (2024-09-30)

Making converting haploid genotypes to diploid genotypes.
> Extract the region for this SLURM task (# 19) from the BED file.
  - Get the chunk number from the SLURM array task ID and the bed file...
DEBUG: Extracting chunk number: 19p from 19
DEBUG: Extracting region from BED file: /hpc/local/Rocky8/dhl_ec/software/MonopogenLite/resources/chrX_100pieces.bed
  - Extract the region from the BED file...
DEBUG: Extracted raw region: 'chrX	28087345	29647752' (chunk #: 19p of 100 for job 19)
  - Check if a valid region was extracted -- should be 'chrX	28087345	29647752'...
  - Prepare the region for bcftools...
  - Check if the region (chrX:28087345-29647752) was successfully extracted...
> Processing region 'chrX:28087345-29647752'...
  - Process the specific region (chunk# 19) using bcftools view...
  - Index the VCF file...
DEBUG: Check if the VCF file was successfully processed...
##fileformat=VCFv4.2
##FILTER=<ID=PASS,Description="All filters passed">
##fileDate=29/01/2022 - 14:31:41
##source=shapeit4.2.2
##contig=<ID=chr1,length=248956422>
##contig=<ID=chr2,length=242193529>
##contig=<ID=chr3,length=198295559>
##contig=<ID=chr4,length=190214555>
##contig=<ID=chr5,length=181538259>
##contig=<ID=chr6,length=170805979>
# This file was produced by bcftools stats (1.20+htslib-1.20) and can be plotted using plot-vcfstats.
# The command line was:	bcftools stats  /hpc/local/Rocky8/dhl_ec/software/MonopogenLite/resources/chrX.part19.vcf.gz
#
# Definition of sets:
# ID	[2]id	[3]tab-separated file names
ID	0	/hpc/local/Rocky8/dhl_ec/software/MonopogenLite/resources/chrX.part19.vcf.gz
# SN, Summary numbers:
#   number of records   .. number of data rows in the VCF
#   number of no-ALTs   .. reference-only sites, ALT is either "." or identical to REF
#   number of SNPs      .. number of rows with a SNP
#   number of MNPs      .. number of rows with a MNP, such as CC>TT
#   number of indels    .. number of rows with an indel
#   number of others    .. number of rows with other type, for example a symbolic allele or
#                          a complex substitution, such as ACT>TCGA
#   number of multiallelic sites     .. number of rows with multiple alternate alleles
#   number of multiallelic SNP sites .. number of rows with multiple alternate alleles, all SNPs
# 
#   Note that rows containing multiple types will be counted multiple times, in each
#   counter. For example, a row with a SNP and an indel increments both the SNP and
#   the indel counter.
# 
# SN	[2]id	[3]key	[4]value
SN	0	number of samples:	3202
SN	0	number of records:	15026
SN	0	number of no-ALTs:	0
SN	0	number of SNPs:	15026
SN	0	number of MNPs:	0
SN	0	number of indels:	0
SN	0	number of others:	0
SN	0	number of multiallelic sites:	0
SN	0	number of multiallelic SNP sites:	0
# TSTV, transitions/transversions:
# TSTV	[2]id	[3]ts	[4]tv	[5]ts/tv	[6]ts (1st ALT)	[7]tv (1st ALT)	[8]ts/tv (1st ALT)
TSTV	0	10212	4814	2.12	10212	4814	2.12
# SiS, Singleton stats:
# SiS	[2]id	[3]allele count	[4]number of SNPs	[5]number of transitions	[6]number of transversions	[7]number of indels	[8]repeat-consistent	[9]repeat-inconsistent	[10]not applicable
SiS	0	1	0	0	0	0	0	0	0
# AF, Stats by non-reference allele frequency:
# AF	[2]id	[3]allele frequency	[4]number of SNPs	[5]number of transitions	[6]number of transversions	[7]number of indels	[8]repeat-consistent	[9]repeat-inconsistent	[10]not applicable
AF	0	0.000312	2370	1634	736	0	0	0	0
AF	0	0.000625	1396	997	399	0	0	0	0
AF	0	0.000937	1708	1191	517	0	0	0	0
AF	0	0.001249	550	374	176	0	0	0	0
AF	0	0.001562	706	465	241	0	0	0	0
AF	0	0.001874	260	184	76	0	0	0	0
AF	0	0.002186	457	299	158	0	0	0	0
AF	0	0.002498	205	138	67	0	0	0	0
AF	0	0.002811	378	240	138	0	0	0	0
AF	0	0.003123	164	111	53	0	0	0	0
AF	0	0.003435	273	180	93	0	0	0	0
AF	0	0.003748	144	97	47	0	0	0	0
AF	0	0.004060	200	128	72	0	0	0	0
AF	0	0.004372	122	79	43	0	0	0	0
AF	0	0.004685	186	126	60	0	0	0	0
AF	0	0.004997	81	53	28	0	0	0	0
AF	0	0.005309	204	127	77	0	0	0	0
AF	0	0.005621	93	57	36	0	0	0	0
AF	0	0.005934	136	89	47	0	0	0	0
AF	0	0.006246	72	48	24	0	0	0	0
AF	0	0.006558	125	88	37	0	0	0	0
AF	0	0.006871	65	51	14	0	0	0	0
AF	0	0.007183	134	95	39	0	0	0	0
AF	0	0.007495	80	59	21	0	0	0	0
AF	0	0.007808	127	90	37	0	0	0	0
AF	0	0.008120	42	31	11	0	0	0	0
AF	0	0.008432	103	64	39	0	0	0	0
AF	0	0.008745	30	24	6	0	0	0	0
AF	0	0.009057	53	32	21	0	0	0	0
AF	0	0.009369	29	21	8	0	0	0	0
AF	0	0.009681	53	36	17	0	0	0	0
AF	0	0.009994	25	17	8	0	0	0	0
AF	0	0.010306	55	40	15	0	0	0	0
AF	0	0.010618	29	22	7	0	0	0	0
AF	0	0.010931	69	53	16	0	0	0	0
AF	0	0.011243	30	21	9	0	0	0	0
AF	0	0.011555	55	36	19	0	0	0	0
AF	0	0.011868	37	25	12	0	0	0	0
AF	0	0.012180	57	37	20	0	0	0	0
AF	0	0.012492	39	31	8	0	0	0	0
AF	0	0.012804	79	55	24	0	0	0	0
AF	0	0.013117	26	21	5	0	0	0	0
AF	0	0.013429	68	48	20	0	0	0	0
AF	0	0.013741	27	18	9	0	0	0	0
AF	0	0.014054	49	34	15	0	0	0	0
AF	0	0.014366	15	13	2	0	0	0	0
AF	0	0.014678	25	14	11	0	0	0	0
AF	0	0.014991	15	12	3	0	0	0	0
AF	0	0.015303	52	36	16	0	0	0	0
AF	0	0.015615	21	10	11	0	0	0	0
AF	0	0.015928	50	33	17	0	0	0	0
AF	0	0.016240	11	8	3	0	0	0	0
AF	0	0.016552	33	19	14	0	0	0	0
AF	0	0.016864	23	14	9	0	0	0	0
AF	0	0.017177	29	17	12	0	0	0	0
AF	0	0.017489	7	5	2	0	0	0	0
AF	0	0.017801	26	15	11	0	0	0	0
AF	0	0.018114	10	7	3	0	0	0	0
AF	0	0.018426	33	22	11	0	0	0	0
AF	0	0.018738	13	10	3	0	0	0	0
AF	0	0.019051	26	13	13	0	0	0	0
AF	0	0.019363	12	7	5	0	0	0	0
AF	0	0.019675	22	15	7	0	0	0	0
AF	0	0.019988	10	7	3	0	0	0	0
AF	0	0.020300	20	12	8	0	0	0	0
AF	0	0.020612	14	11	3	0	0	0	0
AF	0	0.020924	25	15	10	0	0	0	0
AF	0	0.021237	5	3	2	0	0	0	0
AF	0	0.021549	22	13	9	0	0	0	0
AF	0	0.021861	6	5	1	0	0	0	0
AF	0	0.022174	20	16	4	0	0	0	0
AF	0	0.022486	18	13	5	0	0	0	0
AF	0	0.022798	24	15	9	0	0	0	0
AF	0	0.023111	10	8	2	0	0	0	0
AF	0	0.023423	31	23	8	0	0	0	0
AF	0	0.023735	11	9	2	0	0	0	0
AF	0	0.024047	21	14	7	0	0	0	0
AF	0	0.024360	12	6	6	0	0	0	0
AF	0	0.024672	21	12	9	0	0	0	0
AF	0	0.024984	7	6	1	0	0	0	0
AF	0	0.025297	15	10	5	0	0	0	0
AF	0	0.025609	7	4	3	0	0	0	0
AF	0	0.025921	15	9	6	0	0	0	0
AF	0	0.026234	5	2	3	0	0	0	0
AF	0	0.026546	19	14	5	0	0	0	0
AF	0	0.026858	7	7	0	0	0	0	0
AF	0	0.027171	13	11	2	0	0	0	0
AF	0	0.027483	5	4	1	0	0	0	0
AF	0	0.027795	11	9	2	0	0	0	0
AF	0	0.028107	8	7	1	0	0	0	0
AF	0	0.028420	9	7	2	0	0	0	0
AF	0	0.028732	8	7	1	0	0	0	0
AF	0	0.029044	17	8	9	0	0	0	0
AF	0	0.029357	8	4	4	0	0	0	0
AF	0	0.029669	18	10	8	0	0	0	0
AF	0	0.029981	5	3	2	0	0	0	0
AF	0	0.030294	15	11	4	0	0	0	0
AF	0	0.030606	6	5	1	0	0	0	0
AF	0	0.030918	21	10	11	0	0	0	0
AF	0	0.031230	5	4	1	0	0	0	0
AF	0	0.031543	11	8	3	0	0	0	0
AF	0	0.031855	8	5	3	0	0	0	0
AF	0	0.032167	10	7	3	0	0	0	0
AF	0	0.032480	4	3	1	0	0	0	0
AF	0	0.032792	15	9	6	0	0	0	0
AF	0	0.033104	3	3	0	0	0	0	0
AF	0	0.033417	7	5	2	0	0	0	0
AF	0	0.033729	2	1	1	0	0	0	0
AF	0	0.034041	9	4	5	0	0	0	0
AF	0	0.034354	6	4	2	0	0	0	0
AF	0	0.034666	24	16	8	0	0	0	0
AF	0	0.034978	5	3	2	0	0	0	0
AF	0	0.035290	4	3	1	0	0	0	0
AF	0	0.035603	4	3	1	0	0	0	0
AF	0	0.035915	14	8	6	0	0	0	0
AF	0	0.036540	15	13	2	0	0	0	0
AF	0	0.036852	3	0	3	0	0	0	0
AF	0	0.037164	14	9	5	0	0	0	0
AF	0	0.037477	9	5	4	0	0	0	0
AF	0	0.037789	13	7	6	0	0	0	0
AF	0	0.038101	10	7	3	0	0	0	0
AF	0	0.038413	7	6	1	0	0	0	0
AF	0	0.038726	6	3	3	0	0	0	0
AF	0	0.039038	9	6	3	0	0	0	0
AF	0	0.039350	5	4	1	0	0	0	0
AF	0	0.039663	7	6	1	0	0	0	0
AF	0	0.039975	3	3	0	0	0	0	0
AF	0	0.040287	5	4	1	0	0	0	0
AF	0	0.040600	2	1	1	0	0	0	0
AF	0	0.040912	3	2	1	0	0	0	0
AF	0	0.041224	3	1	2	0	0	0	0
AF	0	0.041537	6	4	2	0	0	0	0
AF	0	0.041849	6	3	3	0	0	0	0
AF	0	0.042161	14	6	8	0	0	0	0
AF	0	0.042473	6	3	3	0	0	0	0
AF	0	0.042786	12	12	0	0	0	0	0
AF	0	0.043098	8	7	1	0	0	0	0
AF	0	0.043410	15	12	3	0	0	0	0
AF	0	0.043723	6	1	5	0	0	0	0
AF	0	0.044035	13	9	4	0	0	0	0
AF	0	0.044660	8	6	2	0	0	0	0
AF	0	0.044972	3	3	0	0	0	0	0
AF	0	0.045284	7	4	3	0	0	0	0
AF	0	0.045597	1	0	1	0	0	0	0
AF	0	0.045909	2	2	0	0	0	0	0
AF	0	0.046221	4	3	1	0	0	0	0
AF	0	0.046533	7	4	3	0	0	0	0
AF	0	0.046846	3	2	1	0	0	0	0
AF	0	0.047158	5	3	2	0	0	0	0
AF	0	0.047470	3	2	1	0	0	0	0
AF	0	0.047783	6	4	2	0	0	0	0
AF	0	0.048095	3	3	0	0	0	0	0
AF	0	0.048407	12	8	4	0	0	0	0
AF	0	0.048720	29	21	8	0	0	0	0
AF	0	0.049032	31	21	10	0	0	0	0
AF	0	0.049344	5	3	2	0	0	0	0
AF	0	0.049656	11	7	4	0	0	0	0
AF	0	0.049969	6	4	2	0	0	0	0
AF	0	0.050281	6	4	2	0	0	0	0
AF	0	0.050593	2	2	0	0	0	0	0
AF	0	0.050906	13	9	4	0	0	0	0
AF	0	0.051218	6	4	2	0	0	0	0
AF	0	0.051530	5	3	2	0	0	0	0
AF	0	0.051843	2	1	1	0	0	0	0
AF	0	0.052155	6	4	2	0	0	0	0
AF	0	0.052467	1	1	0	0	0	0	0
AF	0	0.052780	8	5	3	0	0	0	0
AF	0	0.053092	3	3	0	0	0	0	0
AF	0	0.053404	3	3	0	0	0	0	0
AF	0	0.053716	4	3	1	0	0	0	0
AF	0	0.054029	4	3	1	0	0	0	0
AF	0	0.054341	1	1	0	0	0	0	0
AF	0	0.054653	6	3	3	0	0	0	0
AF	0	0.054966	3	2	1	0	0	0	0
AF	0	0.055278	14	6	8	0	0	0	0
AF	0	0.055590	6	2	4	0	0	0	0
AF	0	0.055903	6	1	5	0	0	0	0
AF	0	0.056215	1	0	1	0	0	0	0
AF	0	0.056527	4	3	1	0	0	0	0
AF	0	0.056839	2	1	1	0	0	0	0
AF	0	0.057152	9	7	2	0	0	0	0
AF	0	0.057464	6	4	2	0	0	0	0
AF	0	0.057776	7	7	0	0	0	0	0
AF	0	0.058089	1	0	1	0	0	0	0
AF	0	0.058401	3	2	1	0	0	0	0
AF	0	0.058713	2	2	0	0	0	0	0
AF	0	0.059026	4	3	1	0	0	0	0
AF	0	0.059338	1	1	0	0	0	0	0
AF	0	0.059650	2	1	1	0	0	0	0
AF	0	0.059963	3	1	2	0	0	0	0
AF	0	0.060275	2	0	2	0	0	0	0
AF	0	0.060587	3	2	1	0	0	0	0
AF	0	0.060899	4	3	1	0	0	0	0
AF	0	0.061212	5	3	2	0	0	0	0
AF	0	0.061524	9	7	2	0	0	0	0
AF	0	0.061836	4	1	3	0	0	0	0
AF	0	0.062149	1	1	0	0	0	0	0
AF	0	0.062461	2	1	1	0	0	0	0
AF	0	0.062773	3	2	1	0	0	0	0
AF	0	0.063086	5	4	1	0	0	0	0
AF	0	0.063398	5	3	2	0	0	0	0
AF	0	0.063710	5	4	1	0	0	0	0
AF	0	0.064022	3	0	3	0	0	0	0
AF	0	0.064335	3	1	2	0	0	0	0
AF	0	0.064647	3	1	2	0	0	0	0
AF	0	0.064959	1	0	1	0	0	0	0
AF	0	0.065272	2	1	1	0	0	0	0
AF	0	0.065584	3	2	1	0	0	0	0
AF	0	0.065896	1	0	1	0	0	0	0
AF	0	0.066521	3	2	1	0	0	0	0
AF	0	0.066833	4	4	0	0	0	0	0
AF	0	0.067146	4	3	1	0	0	0	0
AF	0	0.067458	2	2	0	0	0	0	0
AF	0	0.067770	6	6	0	0	0	0	0
AF	0	0.068082	2	1	1	0	0	0	0
AF	0	0.068395	1	1	0	0	0	0	0
AF	0	0.069019	5	4	1	0	0	0	0
AF	0	0.069644	6	5	1	0	0	0	0
AF	0	0.069956	3	1	2	0	0	0	0
AF	0	0.070269	5	3	2	0	0	0	0
AF	0	0.070581	1	1	0	0	0	0	0
AF	0	0.070893	4	2	2	0	0	0	0
AF	0	0.071205	1	0	1	0	0	0	0
AF	0	0.071518	5	3	2	0	0	0	0
AF	0	0.071830	3	0	3	0	0	0	0
AF	0	0.072142	5	3	2	0	0	0	0
AF	0	0.072455	2	2	0	0	0	0	0
AF	0	0.072767	6	3	3	0	0	0	0
AF	0	0.073079	7	6	1	0	0	0	0
AF	0	0.073392	9	6	3	0	0	0	0
AF	0	0.073704	3	2	1	0	0	0	0
AF	0	0.074016	6	4	2	0	0	0	0
AF	0	0.074329	2	2	0	0	0	0	0
AF	0	0.074641	6	5	1	0	0	0	0
AF	0	0.074953	3	2	1	0	0	0	0
AF	0	0.075265	12	6	6	0	0	0	0
AF	0	0.075578	6	3	3	0	0	0	0
AF	0	0.075890	3	1	2	0	0	0	0
AF	0	0.076202	2	1	1	0	0	0	0
AF	0	0.076515	6	3	3	0	0	0	0
AF	0	0.076827	1	1	0	0	0	0	0
AF	0	0.077139	2	1	1	0	0	0	0
AF	0	0.077452	2	2	0	0	0	0	0
AF	0	0.077764	4	3	1	0	0	0	0
AF	0	0.078076	3	2	1	0	0	0	0
AF	0	0.078389	8	3	5	0	0	0	0
AF	0	0.078701	2	1	1	0	0	0	0
AF	0	0.079013	2	0	2	0	0	0	0
AF	0	0.079325	1	1	0	0	0	0	0
AF	0	0.079638	6	3	3	0	0	0	0
AF	0	0.079950	1	0	1	0	0	0	0
AF	0	0.080262	4	4	0	0	0	0	0
AF	0	0.080575	2	1	1	0	0	0	0
AF	0	0.080887	1	1	0	0	0	0	0
AF	0	0.081199	1	1	0	0	0	0	0
AF	0	0.081512	8	6	2	0	0	0	0
AF	0	0.081824	4	4	0	0	0	0	0
AF	0	0.082136	12	9	3	0	0	0	0
AF	0	0.082448	1	1	0	0	0	0	0
AF	0	0.082761	3	3	0	0	0	0	0
AF	0	0.083073	4	3	1	0	0	0	0
AF	0	0.083385	3	3	0	0	0	0	0
AF	0	0.083698	2	1	1	0	0	0	0
AF	0	0.084010	3	2	1	0	0	0	0
AF	0	0.084635	5	4	1	0	0	0	0
AF	0	0.084947	1	1	0	0	0	0	0
AF	0	0.085259	3	2	1	0	0	0	0
AF	0	0.085572	5	2	3	0	0	0	0
AF	0	0.085884	5	4	1	0	0	0	0
AF	0	0.086196	2	2	0	0	0	0	0
AF	0	0.086508	6	5	1	0	0	0	0
AF	0	0.086821	1	0	1	0	0	0	0
AF	0	0.087133	3	3	0	0	0	0	0
AF	0	0.087445	2	2	0	0	0	0	0
AF	0	0.087758	4	2	2	0	0	0	0
AF	0	0.088070	1	1	0	0	0	0	0
AF	0	0.088382	4	4	0	0	0	0	0
AF	0	0.088695	3	2	1	0	0	0	0
AF	0	0.089007	4	1	3	0	0	0	0
AF	0	0.089319	2	2	0	0	0	0	0
AF	0	0.089631	2	2	0	0	0	0	0
AF	0	0.089944	4	1	3	0	0	0	0
AF	0	0.090256	5	4	1	0	0	0	0
AF	0	0.090568	4	4	0	0	0	0	0
AF	0	0.091193	1	1	0	0	0	0	0
AF	0	0.091505	2	0	2	0	0	0	0
AF	0	0.091818	2	0	2	0	0	0	0
AF	0	0.092130	3	1	2	0	0	0	0
AF	0	0.092755	1	1	0	0	0	0	0
AF	0	0.093379	1	1	0	0	0	0	0
AF	0	0.094004	1	0	1	0	0	0	0
AF	0	0.094316	2	2	0	0	0	0	0
AF	0	0.094941	1	0	1	0	0	0	0
AF	0	0.095565	1	0	1	0	0	0	0
AF	0	0.095878	4	4	0	0	0	0	0
AF	0	0.096502	3	3	0	0	0	0	0
AF	0	0.096814	2	0	2	0	0	0	0
AF	0	0.097127	3	1	2	0	0	0	0
AF	0	0.097439	1	1	0	0	0	0	0
AF	0	0.097751	4	1	3	0	0	0	0
AF	0	0.098064	1	1	0	0	0	0	0
AF	0	0.098376	1	1	0	0	0	0	0
AF	0	0.098688	1	1	0	0	0	0	0
AF	0	0.099001	3	3	0	0	0	0	0
AF	0	0.099625	3	3	0	0	0	0	0
AF	0	0.099938	1	1	0	0	0	0	0
AF	0	0.100250	1	1	0	0	0	0	0
AF	0	0.100874	6	5	1	0	0	0	0
AF	0	0.101187	2	2	0	0	0	0	0
AF	0	0.101499	4	4	0	0	0	0	0
AF	0	0.101811	4	3	1	0	0	0	0
AF	0	0.102124	6	5	1	0	0	0	0
AF	0	0.102436	5	2	3	0	0	0	0
AF	0	0.102748	7	5	2	0	0	0	0
AF	0	0.103061	3	2	1	0	0	0	0
AF	0	0.103685	1	1	0	0	0	0	0
AF	0	0.103998	6	3	3	0	0	0	0
AF	0	0.104310	2	0	2	0	0	0	0
AF	0	0.104622	2	2	0	0	0	0	0
AF	0	0.104934	1	0	1	0	0	0	0
AF	0	0.105247	3	2	1	0	0	0	0
AF	0	0.105871	2	1	1	0	0	0	0
AF	0	0.106496	6	4	2	0	0	0	0
AF	0	0.106808	2	2	0	0	0	0	0
AF	0	0.107121	6	4	2	0	0	0	0
AF	0	0.107433	1	1	0	0	0	0	0
AF	0	0.107745	10	6	4	0	0	0	0
AF	0	0.108057	1	1	0	0	0	0	0
AF	0	0.108370	3	3	0	0	0	0	0
AF	0	0.108682	4	4	0	0	0	0	0
AF	0	0.108994	7	1	6	0	0	0	0
AF	0	0.109307	2	1	1	0	0	0	0
AF	0	0.109619	2	2	0	0	0	0	0
AF	0	0.109931	3	1	2	0	0	0	0
AF	0	0.110244	2	2	0	0	0	0	0
AF	0	0.110556	1	1	0	0	0	0	0
AF	0	0.110868	7	5	2	0	0	0	0
AF	0	0.111181	8	8	0	0	0	0	0
AF	0	0.111493	3	2	1	0	0	0	0
AF	0	0.111805	6	5	1	0	0	0	0
AF	0	0.112117	3	1	2	0	0	0	0
AF	0	0.112430	1	1	0	0	0	0	0
AF	0	0.112742	3	1	2	0	0	0	0
AF	0	0.113054	4	4	0	0	0	0	0
AF	0	0.113367	2	2	0	0	0	0	0
AF	0	0.113679	5	4	1	0	0	0	0
AF	0	0.114304	2	2	0	0	0	0	0
AF	0	0.114928	3	2	1	0	0	0	0
AF	0	0.115240	3	3	0	0	0	0	0
AF	0	0.115553	1	1	0	0	0	0	0
AF	0	0.116177	2	2	0	0	0	0	0
AF	0	0.116802	2	1	1	0	0	0	0
AF	0	0.117114	3	1	2	0	0	0	0
AF	0	0.117427	5	5	0	0	0	0	0
AF	0	0.117739	2	1	1	0	0	0	0
AF	0	0.118051	2	2	0	0	0	0	0
AF	0	0.118676	1	0	1	0	0	0	0
AF	0	0.119300	3	2	1	0	0	0	0
AF	0	0.120550	2	1	1	0	0	0	0
AF	0	0.120862	1	1	0	0	0	0	0
AF	0	0.121799	2	0	2	0	0	0	0
AF	0	0.122111	3	2	1	0	0	0	0
AF	0	0.122736	1	0	1	0	0	0	0
AF	0	0.123048	2	1	1	0	0	0	0
AF	0	0.123360	2	2	0	0	0	0	0
AF	0	0.123673	3	1	2	0	0	0	0
AF	0	0.123985	2	0	2	0	0	0	0
AF	0	0.124297	1	1	0	0	0	0	0
AF	0	0.124610	1	1	0	0	0	0	0
AF	0	0.124922	1	0	1	0	0	0	0
AF	0	0.125234	4	3	1	0	0	0	0
AF	0	0.125547	3	2	1	0	0	0	0
AF	0	0.125859	1	1	0	0	0	0	0
AF	0	0.126171	2	2	0	0	0	0	0
AF	0	0.126796	3	3	0	0	0	0	0
AF	0	0.127108	2	1	1	0	0	0	0
AF	0	0.127420	1	1	0	0	0	0	0
AF	0	0.127733	3	1	2	0	0	0	0
AF	0	0.128045	2	2	0	0	0	0	0
AF	0	0.128670	3	1	2	0	0	0	0
AF	0	0.128982	1	1	0	0	0	0	0
AF	0	0.129606	2	1	1	0	0	0	0
AF	0	0.129919	5	3	2	0	0	0	0
AF	0	0.130231	2	1	1	0	0	0	0
AF	0	0.130543	3	1	2	0	0	0	0
AF	0	0.130856	1	1	0	0	0	0	0
AF	0	0.131168	4	1	3	0	0	0	0
AF	0	0.131480	4	1	3	0	0	0	0
AF	0	0.131793	2	2	0	0	0	0	0
AF	0	0.132105	1	1	0	0	0	0	0
AF	0	0.132417	1	0	1	0	0	0	0
AF	0	0.133042	3	3	0	0	0	0	0
AF	0	0.133354	3	3	0	0	0	0	0
AF	0	0.133666	2	1	1	0	0	0	0
AF	0	0.134291	4	3	1	0	0	0	0
AF	0	0.134603	1	0	1	0	0	0	0
AF	0	0.134916	3	1	2	0	0	0	0
AF	0	0.135540	6	5	1	0	0	0	0
AF	0	0.135853	2	1	1	0	0	0	0
AF	0	0.136165	2	1	1	0	0	0	0
AF	0	0.136477	2	1	1	0	0	0	0
AF	0	0.136790	1	1	0	0	0	0	0
AF	0	0.137102	1	1	0	0	0	0	0
AF	0	0.137414	5	1	4	0	0	0	0
AF	0	0.137726	2	1	1	0	0	0	0
AF	0	0.138039	1	1	0	0	0	0	0
AF	0	0.138351	1	0	1	0	0	0	0
AF	0	0.138663	6	3	3	0	0	0	0
AF	0	0.138976	2	2	0	0	0	0	0
AF	0	0.139288	1	1	0	0	0	0	0
AF	0	0.139913	3	2	1	0	0	0	0
AF	0	0.140225	1	1	0	0	0	0	0
AF	0	0.140537	3	2	1	0	0	0	0
AF	0	0.141162	1	1	0	0	0	0	0
AF	0	0.141786	4	1	3	0	0	0	0
AF	0	0.142099	1	0	1	0	0	0	0
AF	0	0.142411	2	1	1	0	0	0	0
AF	0	0.143036	3	3	0	0	0	0	0
AF	0	0.143348	1	0	1	0	0	0	0
AF	0	0.143973	1	0	1	0	0	0	0
AF	0	0.144285	2	1	1	0	0	0	0
AF	0	0.145534	4	3	1	0	0	0	0
AF	0	0.145846	1	1	0	0	0	0	0
AF	0	0.146159	5	3	2	0	0	0	0
AF	0	0.147096	1	1	0	0	0	0	0
AF	0	0.147408	1	1	0	0	0	0	0
AF	0	0.148032	4	2	2	0	0	0	0
AF	0	0.148345	1	1	0	0	0	0	0
AF	0	0.148657	1	1	0	0	0	0	0
AF	0	0.149282	1	1	0	0	0	0	0
AF	0	0.149594	1	1	0	0	0	0	0
AF	0	0.149906	1	0	1	0	0	0	0
AF	0	0.150219	1	1	0	0	0	0	0
AF	0	0.150531	3	2	1	0	0	0	0
AF	0	0.151156	1	1	0	0	0	0	0
AF	0	0.151468	1	1	0	0	0	0	0
AF	0	0.151780	3	3	0	0	0	0	0
AF	0	0.152717	1	1	0	0	0	0	0
AF	0	0.153342	2	2	0	0	0	0	0
AF	0	0.153654	2	1	1	0	0	0	0
AF	0	0.153966	1	1	0	0	0	0	0
AF	0	0.154279	2	2	0	0	0	0	0
AF	0	0.155840	1	1	0	0	0	0	0
AF	0	0.156465	1	1	0	0	0	0	0
AF	0	0.156777	1	1	0	0	0	0	0
AF	0	0.157402	1	1	0	0	0	0	0
AF	0	0.158026	6	2	4	0	0	0	0
AF	0	0.158339	2	2	0	0	0	0	0
AF	0	0.158651	2	1	1	0	0	0	0
AF	0	0.159275	2	1	1	0	0	0	0
AF	0	0.159900	1	1	0	0	0	0	0
AF	0	0.161462	1	1	0	0	0	0	0
AF	0	0.161774	2	1	1	0	0	0	0
AF	0	0.162086	2	1	1	0	0	0	0
AF	0	0.162399	1	0	1	0	0	0	0
AF	0	0.162711	2	2	0	0	0	0	0
AF	0	0.163023	1	1	0	0	0	0	0
AF	0	0.163335	1	1	0	0	0	0	0
AF	0	0.163648	1	0	1	0	0	0	0
AF	0	0.164272	2	1	1	0	0	0	0
AF	0	0.165209	1	1	0	0	0	0	0
AF	0	0.165834	1	0	1	0	0	0	0
AF	0	0.166771	2	0	2	0	0	0	0
AF	0	0.168020	1	1	0	0	0	0	0
AF	0	0.169269	2	2	0	0	0	0	0
AF	0	0.169582	2	1	1	0	0	0	0
AF	0	0.170831	2	1	1	0	0	0	0
AF	0	0.171455	2	1	1	0	0	0	0
AF	0	0.171768	1	0	1	0	0	0	0
AF	0	0.173641	1	1	0	0	0	0	0
AF	0	0.174266	2	2	0	0	0	0	0
AF	0	0.174578	1	1	0	0	0	0	0
AF	0	0.175515	2	1	1	0	0	0	0
AF	0	0.176452	1	1	0	0	0	0	0
AF	0	0.177389	2	2	0	0	0	0	0
AF	0	0.177701	1	1	0	0	0	0	0
AF	0	0.178014	1	1	0	0	0	0	0
AF	0	0.178326	1	0	1	0	0	0	0
AF	0	0.178951	1	0	1	0	0	0	0
AF	0	0.179263	1	0	1	0	0	0	0
AF	0	0.179575	1	1	0	0	0	0	0
AF	0	0.181761	1	0	1	0	0	0	0
AF	0	0.182386	1	0	1	0	0	0	0
AF	0	0.183011	2	2	0	0	0	0	0
AF	0	0.183635	1	1	0	0	0	0	0
AF	0	0.183948	1	1	0	0	0	0	0
AF	0	0.184260	2	1	1	0	0	0	0
AF	0	0.186134	2	1	1	0	0	0	0
AF	0	0.186758	1	0	1	0	0	0	0
AF	0	0.187695	1	0	1	0	0	0	0
AF	0	0.188007	1	1	0	0	0	0	0
AF	0	0.188632	1	1	0	0	0	0	0
AF	0	0.189257	1	1	0	0	0	0	0
AF	0	0.190194	2	1	1	0	0	0	0
AF	0	0.190818	2	0	2	0	0	0	0
AF	0	0.191131	1	0	1	0	0	0	0
AF	0	0.191443	3	3	0	0	0	0	0
AF	0	0.192380	1	1	0	0	0	0	0
AF	0	0.192692	1	0	1	0	0	0	0
AF	0	0.193004	1	1	0	0	0	0	0
AF	0	0.193629	3	1	2	0	0	0	0
AF	0	0.193941	1	1	0	0	0	0	0
AF	0	0.194254	1	1	0	0	0	0	0
AF	0	0.194878	2	1	1	0	0	0	0
AF	0	0.195191	1	1	0	0	0	0	0
AF	0	0.197064	1	0	1	0	0	0	0
AF	0	0.197377	1	1	0	0	0	0	0
AF	0	0.197689	1	0	1	0	0	0	0
AF	0	0.198001	1	1	0	0	0	0	0
AF	0	0.199875	1	1	0	0	0	0	0
AF	0	0.200187	3	3	0	0	0	0	0
AF	0	0.200812	2	2	0	0	0	0	0
AF	0	0.201124	2	0	2	0	0	0	0
AF	0	0.201749	1	1	0	0	0	0	0
AF	0	0.202374	1	1	0	0	0	0	0
AF	0	0.202686	1	1	0	0	0	0	0
AF	0	0.202998	2	1	1	0	0	0	0
AF	0	0.203623	1	1	0	0	0	0	0
AF	0	0.204247	2	1	1	0	0	0	0
AF	0	0.204872	1	0	1	0	0	0	0
AF	0	0.205497	1	1	0	0	0	0	0
AF	0	0.207683	1	1	0	0	0	0	0
AF	0	0.209244	1	1	0	0	0	0	0
AF	0	0.209869	1	0	1	0	0	0	0
AF	0	0.210493	1	1	0	0	0	0	0
AF	0	0.211118	1	1	0	0	0	0	0
AF	0	0.211430	1	1	0	0	0	0	0
AF	0	0.212367	1	1	0	0	0	0	0
AF	0	0.212992	2	0	2	0	0	0	0
AF	0	0.213616	1	0	1	0	0	0	0
AF	0	0.213929	2	1	1	0	0	0	0
AF	0	0.214241	2	1	1	0	0	0	0
AF	0	0.214866	1	1	0	0	0	0	0
AF	0	0.215178	2	1	1	0	0	0	0
AF	0	0.215490	1	1	0	0	0	0	0
AF	0	0.215803	1	1	0	0	0	0	0
AF	0	0.216115	2	1	1	0	0	0	0
AF	0	0.216427	1	1	0	0	0	0	0
AF	0	0.216740	1	1	0	0	0	0	0
AF	0	0.217364	3	1	2	0	0	0	0
AF	0	0.217989	2	0	2	0	0	0	0
AF	0	0.218613	2	2	0	0	0	0	0
AF	0	0.218926	1	1	0	0	0	0	0
AF	0	0.219238	1	1	0	0	0	0	0
AF	0	0.219550	1	1	0	0	0	0	0
AF	0	0.220487	2	2	0	0	0	0	0
AF	0	0.220800	2	2	0	0	0	0	0
AF	0	0.221112	3	0	3	0	0	0	0
AF	0	0.221424	1	0	1	0	0	0	0
AF	0	0.222049	1	0	1	0	0	0	0
AF	0	0.223923	2	1	1	0	0	0	0
AF	0	0.224235	1	1	0	0	0	0	0
AF	0	0.224547	1	1	0	0	0	0	0
AF	0	0.224859	1	1	0	0	0	0	0
AF	0	0.227670	2	1	1	0	0	0	0
AF	0	0.228295	1	0	1	0	0	0	0
AF	0	0.228607	1	0	1	0	0	0	0
AF	0	0.228919	2	1	1	0	0	0	0
AF	0	0.229232	1	1	0	0	0	0	0
AF	0	0.229544	1	0	1	0	0	0	0
AF	0	0.230481	2	2	0	0	0	0	0
AF	0	0.230793	2	2	0	0	0	0	0
AF	0	0.232042	1	1	0	0	0	0	0
AF	0	0.232667	1	1	0	0	0	0	0
AF	0	0.233604	1	0	1	0	0	0	0
AF	0	0.234229	1	1	0	0	0	0	0
AF	0	0.234853	1	1	0	0	0	0	0
AF	0	0.235478	2	1	1	0	0	0	0
AF	0	0.236102	2	2	0	0	0	0	0
AF	0	0.236415	2	0	2	0	0	0	0
AF	0	0.237039	1	0	1	0	0	0	0
AF	0	0.237352	1	0	1	0	0	0	0
AF	0	0.237664	1	1	0	0	0	0	0
AF	0	0.237976	1	0	1	0	0	0	0
AF	0	0.238289	1	0	1	0	0	0	0
AF	0	0.238601	1	1	0	0	0	0	0
AF	0	0.238913	1	1	0	0	0	0	0
AF	0	0.240787	2	2	0	0	0	0	0
AF	0	0.242036	1	1	0	0	0	0	0
AF	0	0.242661	2	0	2	0	0	0	0
AF	0	0.243598	1	0	1	0	0	0	0
AF	0	0.243910	2	2	0	0	0	0	0
AF	0	0.244535	2	0	2	0	0	0	0
AF	0	0.244847	1	0	1	0	0	0	0
AF	0	0.245159	5	3	2	0	0	0	0
AF	0	0.245784	1	0	1	0	0	0	0
AF	0	0.247033	2	0	2	0	0	0	0
AF	0	0.247345	2	2	0	0	0	0	0
AF	0	0.247658	2	2	0	0	0	0	0
AF	0	0.248282	3	2	1	0	0	0	0
AF	0	0.248595	1	1	0	0	0	0	0
AF	0	0.248907	1	1	0	0	0	0	0
AF	0	0.249219	1	1	0	0	0	0	0
AF	0	0.249532	4	3	1	0	0	0	0
AF	0	0.249844	1	1	0	0	0	0	0
AF	0	0.250156	1	0	1	0	0	0	0
AF	0	0.250468	1	1	0	0	0	0	0
AF	0	0.251718	1	0	1	0	0	0	0
AF	0	0.252030	1	1	0	0	0	0	0
AF	0	0.252342	2	2	0	0	0	0	0
AF	0	0.252655	2	1	1	0	0	0	0
AF	0	0.253279	1	0	1	0	0	0	0
AF	0	0.253904	4	1	3	0	0	0	0
AF	0	0.254216	2	2	0	0	0	0	0
AF	0	0.254528	1	1	0	0	0	0	0
AF	0	0.255153	2	2	0	0	0	0	0
AF	0	0.255465	1	0	1	0	0	0	0
AF	0	0.255778	1	1	0	0	0	0	0
AF	0	0.256090	1	0	1	0	0	0	0
AF	0	0.256402	1	1	0	0	0	0	0
AF	0	0.256715	1	0	1	0	0	0	0
AF	0	0.257651	1	0	1	0	0	0	0
AF	0	0.260150	2	1	1	0	0	0	0
AF	0	0.261399	1	1	0	0	0	0	0
AF	0	0.261711	1	0	1	0	0	0	0
AF	0	0.262024	1	0	1	0	0	0	0
AF	0	0.262336	1	1	0	0	0	0	0
AF	0	0.262648	1	0	1	0	0	0	0
AF	0	0.263273	1	1	0	0	0	0	0
AF	0	0.263585	2	2	0	0	0	0	0
AF	0	0.263898	1	1	0	0	0	0	0
AF	0	0.264210	1	1	0	0	0	0	0
AF	0	0.264522	1	1	0	0	0	0	0
AF	0	0.265147	1	1	0	0	0	0	0
AF	0	0.265459	1	0	1	0	0	0	0
AF	0	0.266396	2	2	0	0	0	0	0
AF	0	0.266708	1	1	0	0	0	0	0
AF	0	0.267021	2	1	1	0	0	0	0
AF	0	0.267333	2	2	0	0	0	0	0
AF	0	0.267645	1	1	0	0	0	0	0
AF	0	0.268894	1	0	1	0	0	0	0
AF	0	0.269207	1	1	0	0	0	0	0
AF	0	0.269519	1	0	1	0	0	0	0
AF	0	0.270456	1	0	1	0	0	0	0
AF	0	0.270768	1	0	1	0	0	0	0
AF	0	0.271081	1	0	1	0	0	0	0
AF	0	0.271393	2	0	2	0	0	0	0
AF	0	0.272017	1	1	0	0	0	0	0
AF	0	0.273267	3	1	2	0	0	0	0
AF	0	0.273579	1	1	0	0	0	0	0
AF	0	0.273891	1	1	0	0	0	0	0
AF	0	0.274204	1	1	0	0	0	0	0
AF	0	0.274516	1	1	0	0	0	0	0
AF	0	0.275141	2	2	0	0	0	0	0
AF	0	0.275765	1	1	0	0	0	0	0
AF	0	0.276077	3	2	1	0	0	0	0
AF	0	0.276390	2	0	2	0	0	0	0
AF	0	0.276702	1	1	0	0	0	0	0
AF	0	0.277014	4	3	1	0	0	0	0
AF	0	0.277327	3	2	1	0	0	0	0
AF	0	0.277639	5	2	3	0	0	0	0
AF	0	0.277951	1	1	0	0	0	0	0
AF	0	0.279513	2	0	2	0	0	0	0
AF	0	0.279825	1	1	0	0	0	0	0
AF	0	0.280137	2	1	1	0	0	0	0
AF	0	0.280450	1	0	1	0	0	0	0
AF	0	0.280762	3	1	2	0	0	0	0
AF	0	0.281699	2	2	0	0	0	0	0
AF	0	0.282011	1	1	0	0	0	0	0
AF	0	0.282324	1	1	0	0	0	0	0
AF	0	0.282636	2	2	0	0	0	0	0
AF	0	0.282948	1	1	0	0	0	0	0
AF	0	0.283260	3	3	0	0	0	0	0
AF	0	0.285759	3	2	1	0	0	0	0
AF	0	0.286071	1	1	0	0	0	0	0
AF	0	0.286384	1	0	1	0	0	0	0
AF	0	0.286696	1	1	0	0	0	0	0
AF	0	0.287320	1	1	0	0	0	0	0
AF	0	0.287945	1	1	0	0	0	0	0
AF	0	0.288257	1	1	0	0	0	0	0
AF	0	0.288882	1	1	0	0	0	0	0
AF	0	0.289194	2	2	0	0	0	0	0
AF	0	0.289507	2	2	0	0	0	0	0
AF	0	0.290443	2	1	1	0	0	0	0
AF	0	0.290756	2	2	0	0	0	0	0
AF	0	0.291380	1	1	0	0	0	0	0
AF	0	0.291693	1	0	1	0	0	0	0
AF	0	0.292005	2	1	1	0	0	0	0
AF	0	0.292317	1	0	1	0	0	0	0
AF	0	0.292630	1	1	0	0	0	0	0
AF	0	0.293879	3	2	1	0	0	0	0
AF	0	0.294191	2	2	0	0	0	0	0
AF	0	0.294503	1	1	0	0	0	0	0
AF	0	0.295128	1	1	0	0	0	0	0
AF	0	0.295440	2	1	1	0	0	0	0
AF	0	0.295753	3	2	1	0	0	0	0
AF	0	0.296065	2	2	0	0	0	0	0
AF	0	0.297002	1	1	0	0	0	0	0
AF	0	0.297626	1	1	0	0	0	0	0
AF	0	0.298251	5	4	1	0	0	0	0
AF	0	0.298563	1	1	0	0	0	0	0
AF	0	0.299188	3	3	0	0	0	0	0
AF	0	0.299500	6	4	2	0	0	0	0
AF	0	0.299813	1	1	0	0	0	0	0
AF	0	0.300125	1	0	1	0	0	0	0
AF	0	0.300437	1	0	1	0	0	0	0
AF	0	0.300750	2	1	1	0	0	0	0
AF	0	0.301062	2	2	0	0	0	0	0
AF	0	0.301686	1	0	1	0	0	0	0
AF	0	0.301999	1	1	0	0	0	0	0
AF	0	0.302311	2	1	1	0	0	0	0
AF	0	0.302936	1	1	0	0	0	0	0
AF	0	0.304185	1	1	0	0	0	0	0
AF	0	0.304497	1	0	1	0	0	0	0
AF	0	0.304809	1	1	0	0	0	0	0
AF	0	0.305122	1	1	0	0	0	0	0
AF	0	0.306059	1	1	0	0	0	0	0
AF	0	0.306371	1	1	0	0	0	0	0
AF	0	0.306683	2	1	1	0	0	0	0
AF	0	0.306996	2	2	0	0	0	0	0
AF	0	0.307308	1	0	1	0	0	0	0
AF	0	0.307620	2	1	1	0	0	0	0
AF	0	0.309494	2	2	0	0	0	0	0
AF	0	0.309806	1	0	1	0	0	0	0
AF	0	0.310119	1	0	1	0	0	0	0
AF	0	0.310431	2	1	1	0	0	0	0
AF	0	0.311680	1	0	1	0	0	0	0
AF	0	0.312305	1	1	0	0	0	0	0
AF	0	0.312617	1	0	1	0	0	0	0
AF	0	0.312929	1	1	0	0	0	0	0
AF	0	0.313242	1	1	0	0	0	0	0
AF	0	0.314491	2	2	0	0	0	0	0
AF	0	0.314803	1	1	0	0	0	0	0
AF	0	0.315116	1	1	0	0	0	0	0
AF	0	0.316052	2	1	1	0	0	0	0
AF	0	0.316365	1	1	0	0	0	0	0
AF	0	0.318239	1	0	1	0	0	0	0
AF	0	0.320112	1	0	1	0	0	0	0
AF	0	0.320737	2	0	2	0	0	0	0
AF	0	0.321986	1	0	1	0	0	0	0
AF	0	0.323235	2	2	0	0	0	0	0
AF	0	0.323548	1	1	0	0	0	0	0
AF	0	0.325109	1	1	0	0	0	0	0
AF	0	0.325734	1	1	0	0	0	0	0
AF	0	0.326046	2	1	1	0	0	0	0
AF	0	0.326983	2	1	1	0	0	0	0
AF	0	0.327608	1	0	1	0	0	0	0
AF	0	0.328545	1	1	0	0	0	0	0
AF	0	0.329482	5	4	1	0	0	0	0
AF	0	0.329794	1	0	1	0	0	0	0
AF	0	0.330106	1	1	0	0	0	0	0
AF	0	0.330418	1	1	0	0	0	0	0
AF	0	0.330731	1	1	0	0	0	0	0
AF	0	0.331668	1	0	1	0	0	0	0
AF	0	0.332917	1	1	0	0	0	0	0
AF	0	0.333229	1	1	0	0	0	0	0
AF	0	0.333542	4	4	0	0	0	0	0
AF	0	0.334791	1	1	0	0	0	0	0
AF	0	0.336977	2	1	1	0	0	0	0
AF	0	0.337914	2	0	2	0	0	0	0
AF	0	0.339163	2	1	1	0	0	0	0
AF	0	0.339475	1	1	0	0	0	0	0
AF	0	0.339788	1	1	0	0	0	0	0
AF	0	0.341349	1	1	0	0	0	0	0
AF	0	0.341661	1	0	1	0	0	0	0
AF	0	0.342286	2	2	0	0	0	0	0
AF	0	0.342598	2	0	2	0	0	0	0
AF	0	0.342911	2	1	1	0	0	0	0
AF	0	0.343535	1	1	0	0	0	0	0
AF	0	0.343848	1	1	0	0	0	0	0
AF	0	0.344160	2	1	1	0	0	0	0
AF	0	0.344472	1	1	0	0	0	0	0
AF	0	0.344785	1	1	0	0	0	0	0
AF	0	0.346658	1	1	0	0	0	0	0
AF	0	0.347283	1	1	0	0	0	0	0
AF	0	0.347908	1	1	0	0	0	0	0
AF	0	0.348220	1	0	1	0	0	0	0
AF	0	0.348532	2	2	0	0	0	0	0
AF	0	0.349469	1	1	0	0	0	0	0
AF	0	0.349781	3	3	0	0	0	0	0
AF	0	0.350094	1	0	1	0	0	0	0
AF	0	0.351031	1	0	1	0	0	0	0
AF	0	0.352904	2	1	1	0	0	0	0
AF	0	0.353529	1	1	0	0	0	0	0
AF	0	0.355715	1	1	0	0	0	0	0
AF	0	0.357901	1	0	1	0	0	0	0
AF	0	0.358214	1	1	0	0	0	0	0
AF	0	0.358526	2	1	1	0	0	0	0
AF	0	0.358838	1	0	1	0	0	0	0
AF	0	0.359151	1	1	0	0	0	0	0
AF	0	0.359463	1	0	1	0	0	0	0
AF	0	0.361337	1	1	0	0	0	0	0
AF	0	0.362274	1	1	0	0	0	0	0
AF	0	0.364147	1	0	1	0	0	0	0
AF	0	0.365397	1	1	0	0	0	0	0
AF	0	0.366021	1	0	1	0	0	0	0
AF	0	0.366646	1	0	1	0	0	0	0
AF	0	0.366958	1	1	0	0	0	0	0
AF	0	0.367895	1	1	0	0	0	0	0
AF	0	0.368520	1	0	1	0	0	0	0
AF	0	0.369144	2	2	0	0	0	0	0
AF	0	0.370706	1	1	0	0	0	0	0
AF	0	0.371018	3	2	1	0	0	0	0
AF	0	0.371643	1	1	0	0	0	0	0
AF	0	0.372267	2	1	1	0	0	0	0
AF	0	0.381636	1	1	0	0	0	0	0
AF	0	0.382261	1	1	0	0	0	0	0
AF	0	0.382886	1	1	0	0	0	0	0
AF	0	0.383198	1	0	1	0	0	0	0
AF	0	0.384135	1	1	0	0	0	0	0
AF	0	0.384447	1	1	0	0	0	0	0
AF	0	0.385072	1	0	1	0	0	0	0
AF	0	0.386009	2	2	0	0	0	0	0
AF	0	0.386633	1	1	0	0	0	0	0
AF	0	0.388507	1	0	1	0	0	0	0
AF	0	0.389132	4	4	0	0	0	0	0
AF	0	0.390693	1	1	0	0	0	0	0
AF	0	0.391630	1	0	1	0	0	0	0
AF	0	0.392879	1	0	1	0	0	0	0
AF	0	0.394129	2	2	0	0	0	0	0
AF	0	0.394441	1	1	0	0	0	0	0
AF	0	0.394753	1	1	0	0	0	0	0
AF	0	0.395066	1	1	0	0	0	0	0
AF	0	0.395378	1	1	0	0	0	0	0
AF	0	0.395690	1	0	1	0	0	0	0
AF	0	0.396002	1	0	1	0	0	0	0
AF	0	0.396315	2	1	1	0	0	0	0
AF	0	0.396627	1	1	0	0	0	0	0
AF	0	0.397876	1	1	0	0	0	0	0
AF	0	0.398501	1	0	1	0	0	0	0
AF	0	0.399750	2	1	1	0	0	0	0
AF	0	0.400062	1	1	0	0	0	0	0
AF	0	0.400375	1	1	0	0	0	0	0
AF	0	0.401312	1	1	0	0	0	0	0
AF	0	0.401624	1	1	0	0	0	0	0
AF	0	0.402249	1	1	0	0	0	0	0
AF	0	0.402561	1	0	1	0	0	0	0
AF	0	0.404747	1	1	0	0	0	0	0
AF	0	0.405996	2	1	1	0	0	0	0
AF	0	0.406309	1	1	0	0	0	0	0
AF	0	0.406621	3	2	1	0	0	0	0
AF	0	0.407870	2	2	0	0	0	0	0
AF	0	0.408495	2	2	0	0	0	0	0
AF	0	0.409432	1	0	1	0	0	0	0
AF	0	0.409744	6	2	4	0	0	0	0
AF	0	0.410056	3	2	1	0	0	0	0
AF	0	0.410369	2	1	1	0	0	0	0
AF	0	0.410681	2	0	2	0	0	0	0
AF	0	0.410993	4	4	0	0	0	0	0
AF	0	0.411305	1	1	0	0	0	0	0
AF	0	0.411618	1	1	0	0	0	0	0
AF	0	0.411930	1	0	1	0	0	0	0
AF	0	0.412242	3	1	2	0	0	0	0
AF	0	0.412555	1	1	0	0	0	0	0
AF	0	0.413492	1	1	0	0	0	0	0
AF	0	0.414428	1	0	1	0	0	0	0
AF	0	0.414741	2	1	1	0	0	0	0
AF	0	0.415365	3	1	2	0	0	0	0
AF	0	0.415990	1	1	0	0	0	0	0
AF	0	0.416615	1	0	1	0	0	0	0
AF	0	0.417864	1	1	0	0	0	0	0
AF	0	0.419738	1	0	1	0	0	0	0
AF	0	0.420050	1	1	0	0	0	0	0
AF	0	0.420362	1	1	0	0	0	0	0
AF	0	0.422861	1	0	1	0	0	0	0
AF	0	0.423485	1	1	0	0	0	0	0
AF	0	0.425047	1	0	1	0	0	0	0
AF	0	0.425984	2	1	1	0	0	0	0
AF	0	0.427233	1	1	0	0	0	0	0
AF	0	0.429419	1	0	1	0	0	0	0
AF	0	0.429731	3	2	1	0	0	0	0
AF	0	0.430981	4	4	0	0	0	0	0
AF	0	0.431605	1	1	0	0	0	0	0
AF	0	0.432542	3	2	1	0	0	0	0
AF	0	0.433167	1	0	1	0	0	0	0
AF	0	0.433791	1	0	1	0	0	0	0
AF	0	0.434104	2	2	0	0	0	0	0
AF	0	0.434416	1	1	0	0	0	0	0
AF	0	0.434728	1	1	0	0	0	0	0
AF	0	0.435041	1	1	0	0	0	0	0
AF	0	0.435353	1	0	1	0	0	0	0
AF	0	0.435665	1	1	0	0	0	0	0
AF	0	0.435978	1	1	0	0	0	0	0
AF	0	0.436290	1	0	1	0	0	0	0
AF	0	0.436914	2	2	0	0	0	0	0
AF	0	0.437539	2	0	2	0	0	0	0
AF	0	0.437851	1	1	0	0	0	0	0
AF	0	0.438476	2	1	1	0	0	0	0
AF	0	0.438788	1	1	0	0	0	0	0
AF	0	0.439413	2	2	0	0	0	0	0
AF	0	0.439725	2	0	2	0	0	0	0
AF	0	0.440037	3	1	2	0	0	0	0
AF	0	0.440350	2	2	0	0	0	0	0
AF	0	0.442224	2	2	0	0	0	0	0
AF	0	0.442536	1	1	0	0	0	0	0
AF	0	0.442848	2	1	1	0	0	0	0
AF	0	0.443161	1	1	0	0	0	0	0
AF	0	0.444097	3	3	0	0	0	0	0
AF	0	0.444410	2	2	0	0	0	0	0
AF	0	0.445034	1	1	0	0	0	0	0
AF	0	0.445659	4	3	1	0	0	0	0
AF	0	0.446284	1	1	0	0	0	0	0
AF	0	0.446596	2	2	0	0	0	0	0
AF	0	0.446908	1	0	1	0	0	0	0
AF	0	0.447533	1	1	0	0	0	0	0
AF	0	0.448782	1	0	1	0	0	0	0
AF	0	0.449094	2	1	1	0	0	0	0
AF	0	0.450031	1	1	0	0	0	0	0
AF	0	0.450344	1	1	0	0	0	0	0
AF	0	0.450656	2	2	0	0	0	0	0
AF	0	0.451280	2	2	0	0	0	0	0
AF	0	0.451593	1	1	0	0	0	0	0
AF	0	0.452530	3	1	2	0	0	0	0
AF	0	0.452842	2	1	1	0	0	0	0
AF	0	0.453154	1	0	1	0	0	0	0
AF	0	0.454403	4	3	1	0	0	0	0
AF	0	0.454716	1	1	0	0	0	0	0
AF	0	0.455028	2	1	1	0	0	0	0
AF	0	0.455653	2	1	1	0	0	0	0
AF	0	0.456590	1	1	0	0	0	0	0
AF	0	0.456902	1	1	0	0	0	0	0
AF	0	0.457527	3	1	2	0	0	0	0
AF	0	0.458151	2	0	2	0	0	0	0
AF	0	0.459400	3	2	1	0	0	0	0
AF	0	0.459713	2	0	2	0	0	0	0
AF	0	0.460025	3	2	1	0	0	0	0
AF	0	0.460337	1	1	0	0	0	0	0
AF	0	0.460650	3	3	0	0	0	0	0
AF	0	0.461587	1	0	1	0	0	0	0
AF	0	0.461899	1	0	1	0	0	0	0
AF	0	0.462211	1	1	0	0	0	0	0
AF	0	0.462836	1	0	1	0	0	0	0
AF	0	0.464085	1	0	1	0	0	0	0
AF	0	0.464397	2	1	1	0	0	0	0
AF	0	0.465646	2	2	0	0	0	0	0
AF	0	0.465959	1	1	0	0	0	0	0
AF	0	0.466271	1	1	0	0	0	0	0
AF	0	0.466896	2	0	2	0	0	0	0
AF	0	0.467208	1	1	0	0	0	0	0
AF	0	0.467520	1	1	0	0	0	0	0
AF	0	0.468145	2	1	1	0	0	0	0
AF	0	0.468770	1	1	0	0	0	0	0
AF	0	0.469394	1	1	0	0	0	0	0
AF	0	0.470643	2	0	2	0	0	0	0
AF	0	0.470956	1	1	0	0	0	0	0
AF	0	0.471268	3	1	2	0	0	0	0
AF	0	0.471580	1	0	1	0	0	0	0
AF	0	0.471893	2	2	0	0	0	0	0
AF	0	0.472517	1	1	0	0	0	0	0
AF	0	0.472829	2	2	0	0	0	0	0
AF	0	0.473142	1	1	0	0	0	0	0
AF	0	0.473766	3	2	1	0	0	0	0
AF	0	0.474391	4	4	0	0	0	0	0
AF	0	0.475016	2	1	1	0	0	0	0
AF	0	0.475328	1	0	1	0	0	0	0
AF	0	0.475640	1	1	0	0	0	0	0
AF	0	0.475953	1	1	0	0	0	0	0
AF	0	0.476889	1	1	0	0	0	0	0
AF	0	0.477202	1	1	0	0	0	0	0
AF	0	0.477514	2	1	1	0	0	0	0
AF	0	0.478139	2	1	1	0	0	0	0
AF	0	0.478451	1	1	0	0	0	0	0
AF	0	0.478763	1	0	1	0	0	0	0
AF	0	0.479076	1	0	1	0	0	0	0
AF	0	0.480325	1	1	0	0	0	0	0
AF	0	0.480637	1	1	0	0	0	0	0
AF	0	0.480949	1	1	0	0	0	0	0
AF	0	0.481262	3	3	0	0	0	0	0
AF	0	0.481886	1	1	0	0	0	0	0
AF	0	0.482199	2	1	1	0	0	0	0
AF	0	0.482511	2	2	0	0	0	0	0
AF	0	0.483760	2	0	2	0	0	0	0
AF	0	0.484385	3	1	2	0	0	0	0
AF	0	0.484697	2	1	1	0	0	0	0
AF	0	0.485009	1	1	0	0	0	0	0
AF	0	0.486571	1	0	1	0	0	0	0
AF	0	0.486883	2	2	0	0	0	0	0
AF	0	0.487196	1	1	0	0	0	0	0
AF	0	0.488757	2	2	0	0	0	0	0
AF	0	0.489069	1	1	0	0	0	0	0
AF	0	0.489382	4	3	1	0	0	0	0
AF	0	0.490006	1	0	1	0	0	0	0
AF	0	0.490319	1	1	0	0	0	0	0
AF	0	0.490631	1	1	0	0	0	0	0
AF	0	0.490943	1	1	0	0	0	0	0
AF	0	0.491568	1	0	1	0	0	0	0
AF	0	0.491880	3	1	2	0	0	0	0
AF	0	0.492505	3	2	1	0	0	0	0
AF	0	0.493129	2	2	0	0	0	0	0
AF	0	0.493442	1	1	0	0	0	0	0
AF	0	0.493754	4	2	2	0	0	0	0
AF	0	0.494066	1	0	1	0	0	0	0
AF	0	0.494691	3	2	1	0	0	0	0
AF	0	0.495003	1	1	0	0	0	0	0
AF	0	0.495628	2	1	1	0	0	0	0
AF	0	0.495940	1	1	0	0	0	0	0
AF	0	0.496252	2	1	1	0	0	0	0
AF	0	0.496877	1	0	1	0	0	0	0
AF	0	0.497814	1	0	1	0	0	0	0
AF	0	0.498126	1	1	0	0	0	0	0
AF	0	0.499063	1	1	0	0	0	0	0
AF	0	0.499688	2	1	1	0	0	0	0
AF	0	0.500000	1	1	0	0	0	0	0
AF	0	0.500312	2	1	1	0	0	0	0
AF	0	0.500625	1	1	0	0	0	0	0
AF	0	0.502811	1	1	0	0	0	0	0
AF	0	0.503748	1	1	0	0	0	0	0
AF	0	0.504372	1	0	1	0	0	0	0
AF	0	0.504685	1	0	1	0	0	0	0
AF	0	0.506246	3	3	0	0	0	0	0
AF	0	0.507183	1	0	1	0	0	0	0
AF	0	0.507808	3	0	3	0	0	0	0
AF	0	0.508120	1	1	0	0	0	0	0
AF	0	0.508432	1	0	1	0	0	0	0
AF	0	0.508745	1	1	0	0	0	0	0
AF	0	0.510306	1	1	0	0	0	0	0
AF	0	0.510618	2	1	1	0	0	0	0
AF	0	0.511555	1	1	0	0	0	0	0
AF	0	0.511868	1	1	0	0	0	0	0
AF	0	0.512804	1	0	1	0	0	0	0
AF	0	0.513741	1	1	0	0	0	0	0
AF	0	0.515615	2	1	1	0	0	0	0
AF	0	0.516240	1	1	0	0	0	0	0
AF	0	0.516552	1	1	0	0	0	0	0
AF	0	0.516864	1	1	0	0	0	0	0
AF	0	0.517489	3	3	0	0	0	0	0
AF	0	0.517801	1	1	0	0	0	0	0
AF	0	0.518114	2	1	1	0	0	0	0
AF	0	0.519363	1	0	1	0	0	0	0
AF	0	0.519988	1	1	0	0	0	0	0
AF	0	0.520300	2	1	1	0	0	0	0
AF	0	0.520612	4	4	0	0	0	0	0
AF	0	0.521237	4	4	0	0	0	0	0
AF	0	0.521549	2	2	0	0	0	0	0
AF	0	0.521861	2	0	2	0	0	0	0
AF	0	0.522486	1	1	0	0	0	0	0
AF	0	0.523111	1	0	1	0	0	0	0
AF	0	0.523423	1	1	0	0	0	0	0
AF	0	0.524047	1	1	0	0	0	0	0
AF	0	0.524360	1	1	0	0	0	0	0
AF	0	0.524672	1	0	1	0	0	0	0
AF	0	0.525609	3	1	2	0	0	0	0
AF	0	0.526234	2	2	0	0	0	0	0
AF	0	0.526546	1	1	0	0	0	0	0
AF	0	0.526858	2	2	0	0	0	0	0
AF	0	0.527171	1	0	1	0	0	0	0
AF	0	0.527795	1	0	1	0	0	0	0
AF	0	0.528107	1	1	0	0	0	0	0
AF	0	0.529044	1	1	0	0	0	0	0
AF	0	0.529357	3	2	1	0	0	0	0
AF	0	0.529669	1	1	0	0	0	0	0
AF	0	0.529981	1	1	0	0	0	0	0
AF	0	0.530606	1	1	0	0	0	0	0
AF	0	0.530918	1	1	0	0	0	0	0
AF	0	0.531230	4	2	2	0	0	0	0
AF	0	0.531855	2	2	0	0	0	0	0
AF	0	0.532167	1	1	0	0	0	0	0
AF	0	0.532480	1	1	0	0	0	0	0
AF	0	0.533104	2	2	0	0	0	0	0
AF	0	0.534354	1	1	0	0	0	0	0
AF	0	0.535915	1	1	0	0	0	0	0
AF	0	0.537164	1	1	0	0	0	0	0
AF	0	0.537477	1	0	1	0	0	0	0
AF	0	0.538101	1	0	1	0	0	0	0
AF	0	0.538413	1	1	0	0	0	0	0
AF	0	0.538726	2	2	0	0	0	0	0
AF	0	0.539038	1	0	1	0	0	0	0
AF	0	0.539350	1	0	1	0	0	0	0
AF	0	0.539663	1	1	0	0	0	0	0
AF	0	0.539975	3	3	0	0	0	0	0
AF	0	0.540287	1	1	0	0	0	0	0
AF	0	0.540600	3	2	1	0	0	0	0
AF	0	0.541537	1	0	1	0	0	0	0
AF	0	0.541849	1	1	0	0	0	0	0
AF	0	0.542473	1	1	0	0	0	0	0
AF	0	0.543410	1	1	0	0	0	0	0
AF	0	0.544347	2	2	0	0	0	0	0
AF	0	0.544660	2	1	1	0	0	0	0
AF	0	0.544972	1	1	0	0	0	0	0
AF	0	0.545597	1	1	0	0	0	0	0
AF	0	0.545909	1	0	1	0	0	0	0
AF	0	0.546221	1	1	0	0	0	0	0
AF	0	0.546846	2	2	0	0	0	0	0
AF	0	0.547470	1	1	0	0	0	0	0
AF	0	0.547783	1	0	1	0	0	0	0
AF	0	0.548407	1	1	0	0	0	0	0
AF	0	0.549032	1	1	0	0	0	0	0
AF	0	0.549344	2	0	2	0	0	0	0
AF	0	0.549969	1	1	0	0	0	0	0
AF	0	0.550281	2	1	1	0	0	0	0
AF	0	0.550593	1	1	0	0	0	0	0
AF	0	0.551218	1	0	1	0	0	0	0
AF	0	0.552467	1	1	0	0	0	0	0
AF	0	0.553092	1	0	1	0	0	0	0
AF	0	0.553404	1	0	1	0	0	0	0
AF	0	0.553716	1	1	0	0	0	0	0
AF	0	0.554653	1	0	1	0	0	0	0
AF	0	0.554966	2	1	1	0	0	0	0
AF	0	0.555278	3	2	1	0	0	0	0
AF	0	0.555590	1	1	0	0	0	0	0
AF	0	0.555903	2	1	1	0	0	0	0
AF	0	0.557152	1	1	0	0	0	0	0
AF	0	0.557776	1	1	0	0	0	0	0
AF	0	0.558089	2	2	0	0	0	0	0
AF	0	0.558401	3	1	2	0	0	0	0
AF	0	0.558713	1	1	0	0	0	0	0
AF	0	0.559026	2	2	0	0	0	0	0
AF	0	0.559338	1	1	0	0	0	0	0
AF	0	0.559650	1	1	0	0	0	0	0
AF	0	0.559963	1	1	0	0	0	0	0
AF	0	0.560275	2	2	0	0	0	0	0
AF	0	0.560587	2	0	2	0	0	0	0
AF	0	0.560899	1	0	1	0	0	0	0
AF	0	0.561212	1	1	0	0	0	0	0
AF	0	0.561524	1	0	1	0	0	0	0
AF	0	0.562773	2	0	2	0	0	0	0
AF	0	0.564022	5	3	2	0	0	0	0
AF	0	0.564335	3	1	2	0	0	0	0
AF	0	0.564647	2	1	1	0	0	0	0
AF	0	0.564959	3	2	1	0	0	0	0
AF	0	0.565584	1	1	0	0	0	0	0
AF	0	0.566209	1	1	0	0	0	0	0
AF	0	0.566521	1	0	1	0	0	0	0
AF	0	0.568082	2	0	2	0	0	0	0
AF	0	0.568395	1	0	1	0	0	0	0
AF	0	0.569019	1	1	0	0	0	0	0
AF	0	0.572142	1	1	0	0	0	0	0
AF	0	0.573392	1	1	0	0	0	0	0
AF	0	0.573704	1	1	0	0	0	0	0
AF	0	0.574953	1	1	0	0	0	0	0
AF	0	0.575890	1	1	0	0	0	0	0
AF	0	0.576202	1	1	0	0	0	0	0
AF	0	0.578076	3	2	1	0	0	0	0
AF	0	0.578389	1	1	0	0	0	0	0
AF	0	0.579013	5	5	0	0	0	0	0
AF	0	0.579638	2	2	0	0	0	0	0
AF	0	0.580262	1	1	0	0	0	0	0
AF	0	0.581199	1	1	0	0	0	0	0
AF	0	0.581512	1	0	1	0	0	0	0
AF	0	0.581824	1	1	0	0	0	0	0
AF	0	0.582136	1	0	1	0	0	0	0
AF	0	0.582448	3	3	0	0	0	0	0
AF	0	0.582761	2	2	0	0	0	0	0
AF	0	0.583385	2	1	1	0	0	0	0
AF	0	0.584010	1	1	0	0	0	0	0
AF	0	0.584635	2	1	1	0	0	0	0
AF	0	0.585572	1	1	0	0	0	0	0
AF	0	0.587133	2	0	2	0	0	0	0
AF	0	0.587445	2	1	1	0	0	0	0
AF	0	0.588382	2	0	2	0	0	0	0
AF	0	0.588695	1	1	0	0	0	0	0
AF	0	0.589631	2	1	1	0	0	0	0
AF	0	0.589944	1	0	1	0	0	0	0
AF	0	0.590256	2	2	0	0	0	0	0
AF	0	0.590881	1	0	1	0	0	0	0
AF	0	0.591193	3	2	1	0	0	0	0
AF	0	0.591505	3	2	1	0	0	0	0
AF	0	0.592130	2	1	1	0	0	0	0
AF	0	0.592755	2	0	2	0	0	0	0
AF	0	0.594316	1	0	1	0	0	0	0
AF	0	0.594628	2	2	0	0	0	0	0
AF	0	0.595565	1	1	0	0	0	0	0
AF	0	0.595878	2	1	1	0	0	0	0
AF	0	0.596190	3	1	2	0	0	0	0
AF	0	0.596502	3	2	1	0	0	0	0
AF	0	0.597127	4	3	1	0	0	0	0
AF	0	0.597751	2	1	1	0	0	0	0
AF	0	0.598064	1	1	0	0	0	0	0
AF	0	0.598376	2	1	1	0	0	0	0
AF	0	0.599001	1	1	0	0	0	0	0
AF	0	0.599625	1	1	0	0	0	0	0
AF	0	0.599938	1	0	1	0	0	0	0
AF	0	0.600250	2	2	0	0	0	0	0
AF	0	0.600562	1	1	0	0	0	0	0
AF	0	0.600874	7	3	4	0	0	0	0
AF	0	0.601811	1	0	1	0	0	0	0
AF	0	0.602124	1	0	1	0	0	0	0
AF	0	0.602436	3	3	0	0	0	0	0
AF	0	0.602748	5	5	0	0	0	0	0
AF	0	0.603061	1	1	0	0	0	0	0
AF	0	0.603373	2	1	1	0	0	0	0
AF	0	0.603685	1	1	0	0	0	0	0
AF	0	0.604622	1	0	1	0	0	0	0
AF	0	0.605247	1	1	0	0	0	0	0
AF	0	0.606808	1	1	0	0	0	0	0
AF	0	0.607121	1	0	1	0	0	0	0
AF	0	0.607745	2	1	1	0	0	0	0
AF	0	0.608057	3	3	0	0	0	0	0
AF	0	0.608370	1	1	0	0	0	0	0
AF	0	0.608682	1	1	0	0	0	0	0
AF	0	0.608994	1	1	0	0	0	0	0
AF	0	0.609307	1	0	1	0	0	0	0
AF	0	0.609931	4	4	0	0	0	0	0
AF	0	0.610244	7	3	4	0	0	0	0
AF	0	0.610556	2	1	1	0	0	0	0
AF	0	0.610868	5	5	0	0	0	0	0
AF	0	0.611181	1	1	0	0	0	0	0
AF	0	0.611493	4	3	1	0	0	0	0
AF	0	0.612117	2	1	1	0	0	0	0
AF	0	0.613679	1	1	0	0	0	0	0
AF	0	0.613991	1	1	0	0	0	0	0
AF	0	0.615240	2	2	0	0	0	0	0
AF	0	0.615553	1	0	1	0	0	0	0
AF	0	0.616177	1	1	0	0	0	0	0
AF	0	0.620862	1	0	1	0	0	0	0
AF	0	0.621174	1	1	0	0	0	0	0
AF	0	0.621487	1	1	0	0	0	0	0
AF	0	0.622736	1	1	0	0	0	0	0
AF	0	0.623048	1	0	1	0	0	0	0
AF	0	0.623360	1	1	0	0	0	0	0
AF	0	0.623985	1	0	1	0	0	0	0
AF	0	0.624610	1	0	1	0	0	0	0
AF	0	0.624922	1	1	0	0	0	0	0
AF	0	0.625234	1	0	1	0	0	0	0
AF	0	0.625547	1	1	0	0	0	0	0
AF	0	0.626171	1	1	0	0	0	0	0
AF	0	0.626483	1	1	0	0	0	0	0
AF	0	0.626796	1	1	0	0	0	0	0
AF	0	0.628357	2	1	1	0	0	0	0
AF	0	0.628670	1	0	1	0	0	0	0
AF	0	0.629919	1	1	0	0	0	0	0
AF	0	0.630543	1	1	0	0	0	0	0
AF	0	0.631480	1	1	0	0	0	0	0
AF	0	0.632730	1	1	0	0	0	0	0
AF	0	0.633666	1	1	0	0	0	0	0
AF	0	0.633979	1	1	0	0	0	0	0
AF	0	0.635228	1	1	0	0	0	0	0
AF	0	0.635540	1	1	0	0	0	0	0
AF	0	0.635853	1	1	0	0	0	0	0
AF	0	0.636165	2	2	0	0	0	0	0
AF	0	0.636477	1	1	0	0	0	0	0
AF	0	0.636790	1	1	0	0	0	0	0
AF	0	0.637414	2	1	1	0	0	0	0
AF	0	0.638351	1	1	0	0	0	0	0
AF	0	0.638976	2	2	0	0	0	0	0
AF	0	0.639913	1	0	1	0	0	0	0
AF	0	0.640849	2	2	0	0	0	0	0
AF	0	0.641162	2	2	0	0	0	0	0
AF	0	0.641474	4	3	1	0	0	0	0
AF	0	0.642099	1	1	0	0	0	0	0
AF	0	0.642723	1	1	0	0	0	0	0
AF	0	0.643348	1	0	1	0	0	0	0
AF	0	0.644285	1	1	0	0	0	0	0
AF	0	0.647408	1	1	0	0	0	0	0
AF	0	0.648032	1	1	0	0	0	0	0
AF	0	0.648969	1	0	1	0	0	0	0
AF	0	0.649282	1	1	0	0	0	0	0
AF	0	0.650531	1	1	0	0	0	0	0
AF	0	0.652405	1	0	1	0	0	0	0
AF	0	0.652717	1	1	0	0	0	0	0
AF	0	0.653966	1	1	0	0	0	0	0
AF	0	0.654591	1	1	0	0	0	0	0
AF	0	0.655215	1	0	1	0	0	0	0
AF	0	0.655528	1	0	1	0	0	0	0
AF	0	0.656152	1	0	1	0	0	0	0
AF	0	0.656777	1	0	1	0	0	0	0
AF	0	0.657089	1	1	0	0	0	0	0
AF	0	0.657714	1	1	0	0	0	0	0
AF	0	0.658963	1	0	1	0	0	0	0
AF	0	0.659275	1	1	0	0	0	0	0
AF	0	0.659900	1	1	0	0	0	0	0
AF	0	0.660212	2	2	0	0	0	0	0
AF	0	0.660525	1	1	0	0	0	0	0
AF	0	0.661462	1	1	0	0	0	0	0
AF	0	0.662086	2	2	0	0	0	0	0
AF	0	0.662399	2	2	0	0	0	0	0
AF	0	0.662711	1	1	0	0	0	0	0
AF	0	0.663335	2	2	0	0	0	0	0
AF	0	0.664272	1	1	0	0	0	0	0
AF	0	0.665834	1	1	0	0	0	0	0
AF	0	0.666146	1	1	0	0	0	0	0
AF	0	0.667708	1	1	0	0	0	0	0
AF	0	0.668020	1	1	0	0	0	0	0
AF	0	0.668332	1	1	0	0	0	0	0
AF	0	0.668645	1	0	1	0	0	0	0
AF	0	0.669582	1	0	1	0	0	0	0
AF	0	0.669894	1	1	0	0	0	0	0
AF	0	0.670206	2	2	0	0	0	0	0
AF	0	0.670518	1	0	1	0	0	0	0
AF	0	0.672392	1	0	1	0	0	0	0
AF	0	0.674266	2	0	2	0	0	0	0
AF	0	0.675515	2	2	0	0	0	0	0
AF	0	0.676140	1	0	1	0	0	0	0
AF	0	0.676765	2	1	1	0	0	0	0
AF	0	0.678638	2	1	1	0	0	0	0
AF	0	0.678951	1	1	0	0	0	0	0
AF	0	0.679263	1	0	1	0	0	0	0
AF	0	0.679575	1	0	1	0	0	0	0
AF	0	0.680200	1	1	0	0	0	0	0
AF	0	0.680512	1	1	0	0	0	0	0
AF	0	0.681449	2	1	1	0	0	0	0
AF	0	0.683011	2	2	0	0	0	0	0
AF	0	0.683635	2	1	1	0	0	0	0
AF	0	0.683948	1	1	0	0	0	0	0
AF	0	0.684884	2	2	0	0	0	0	0
AF	0	0.685509	1	1	0	0	0	0	0
AF	0	0.685821	1	1	0	0	0	0	0
AF	0	0.686446	1	1	0	0	0	0	0
AF	0	0.687383	1	0	1	0	0	0	0
AF	0	0.689569	1	1	0	0	0	0	0
AF	0	0.689881	2	0	2	0	0	0	0
AF	0	0.691443	1	1	0	0	0	0	0
AF	0	0.691755	1	1	0	0	0	0	0
AF	0	0.692380	1	1	0	0	0	0	0
AF	0	0.694254	1	0	1	0	0	0	0
AF	0	0.695503	3	2	1	0	0	0	0
AF	0	0.695815	1	1	0	0	0	0	0
AF	0	0.696127	1	0	1	0	0	0	0
AF	0	0.696752	1	1	0	0	0	0	0
AF	0	0.697064	1	0	1	0	0	0	0
AF	0	0.697377	1	1	0	0	0	0	0
AF	0	0.698626	1	0	1	0	0	0	0
AF	0	0.701437	2	2	0	0	0	0	0
AF	0	0.701749	4	3	1	0	0	0	0
AF	0	0.706121	1	0	1	0	0	0	0
AF	0	0.707058	1	1	0	0	0	0	0
AF	0	0.707683	1	1	0	0	0	0	0
AF	0	0.708307	1	1	0	0	0	0	0
AF	0	0.708932	1	1	0	0	0	0	0
AF	0	0.709869	1	1	0	0	0	0	0
AF	0	0.710493	1	1	0	0	0	0	0
AF	0	0.711118	1	1	0	0	0	0	0
AF	0	0.714866	1	1	0	0	0	0	0
AF	0	0.715803	1	1	0	0	0	0	0
AF	0	0.716740	2	1	1	0	0	0	0
AF	0	0.717364	1	0	1	0	0	0	0
AF	0	0.717989	1	1	0	0	0	0	0
AF	0	0.718301	1	1	0	0	0	0	0
AF	0	0.718613	1	0	1	0	0	0	0
AF	0	0.719550	1	1	0	0	0	0	0
AF	0	0.720487	1	1	0	0	0	0	0
AF	0	0.720800	1	1	0	0	0	0	0
AF	0	0.721112	1	0	1	0	0	0	0
AF	0	0.721424	2	2	0	0	0	0	0
AF	0	0.721736	1	1	0	0	0	0	0
AF	0	0.722049	1	1	0	0	0	0	0
AF	0	0.722361	1	1	0	0	0	0	0
AF	0	0.722673	1	1	0	0	0	0	0
AF	0	0.722986	2	1	1	0	0	0	0
AF	0	0.723298	1	1	0	0	0	0	0
AF	0	0.723610	5	3	2	0	0	0	0
AF	0	0.724235	3	0	3	0	0	0	0
AF	0	0.725484	3	3	0	0	0	0	0
AF	0	0.725796	1	0	1	0	0	0	0
AF	0	0.726421	2	2	0	0	0	0	0
AF	0	0.726733	1	1	0	0	0	0	0
AF	0	0.727358	2	1	1	0	0	0	0
AF	0	0.727670	2	0	2	0	0	0	0
AF	0	0.728295	1	1	0	0	0	0	0
AF	0	0.728919	1	1	0	0	0	0	0
AF	0	0.729232	1	1	0	0	0	0	0
AF	0	0.729544	2	1	1	0	0	0	0
AF	0	0.729856	3	3	0	0	0	0	0
AF	0	0.730169	2	2	0	0	0	0	0
AF	0	0.730481	2	1	1	0	0	0	0
AF	0	0.730793	1	1	0	0	0	0	0
AF	0	0.731106	3	1	2	0	0	0	0
AF	0	0.731418	1	1	0	0	0	0	0
AF	0	0.731730	2	2	0	0	0	0	0
AF	0	0.733292	1	0	1	0	0	0	0
AF	0	0.733604	1	1	0	0	0	0	0
AF	0	0.733916	3	3	0	0	0	0	0
AF	0	0.734229	1	0	1	0	0	0	0
AF	0	0.734853	4	2	2	0	0	0	0
AF	0	0.735166	2	2	0	0	0	0	0
AF	0	0.735478	3	3	0	0	0	0	0
AF	0	0.735790	1	0	1	0	0	0	0
AF	0	0.736727	1	1	0	0	0	0	0
AF	0	0.737664	1	0	1	0	0	0	0
AF	0	0.738289	1	1	0	0	0	0	0
AF	0	0.738913	1	1	0	0	0	0	0
AF	0	0.739225	1	1	0	0	0	0	0
AF	0	0.739850	3	2	1	0	0	0	0
AF	0	0.742973	1	0	1	0	0	0	0
AF	0	0.743598	1	1	0	0	0	0	0
AF	0	0.744535	2	2	0	0	0	0	0
AF	0	0.744847	3	3	0	0	0	0	0
AF	0	0.745472	1	0	1	0	0	0	0
AF	0	0.746408	1	1	0	0	0	0	0
AF	0	0.746721	1	1	0	0	0	0	0
AF	0	0.747033	2	1	1	0	0	0	0
AF	0	0.747658	1	1	0	0	0	0	0
AF	0	0.747970	1	1	0	0	0	0	0
AF	0	0.748907	1	1	0	0	0	0	0
AF	0	0.749219	2	2	0	0	0	0	0
AF	0	0.750156	1	0	1	0	0	0	0
AF	0	0.750468	5	2	3	0	0	0	0
AF	0	0.751093	3	3	0	0	0	0	0
AF	0	0.751405	2	1	1	0	0	0	0
AF	0	0.752030	1	1	0	0	0	0	0
AF	0	0.752342	1	1	0	0	0	0	0
AF	0	0.752967	2	2	0	0	0	0	0
AF	0	0.753592	1	1	0	0	0	0	0
AF	0	0.754216	2	0	2	0	0	0	0
AF	0	0.754528	1	0	1	0	0	0	0
AF	0	0.754841	1	0	1	0	0	0	0
AF	0	0.757027	1	1	0	0	0	0	0
AF	0	0.757651	1	0	1	0	0	0	0
AF	0	0.757964	1	1	0	0	0	0	0
AF	0	0.759525	1	0	1	0	0	0	0
AF	0	0.760462	1	1	0	0	0	0	0
AF	0	0.761087	2	0	2	0	0	0	0
AF	0	0.761399	1	0	1	0	0	0	0
AF	0	0.761711	1	1	0	0	0	0	0
AF	0	0.762336	2	1	1	0	0	0	0
AF	0	0.763585	1	1	0	0	0	0	0
AF	0	0.763898	1	0	1	0	0	0	0
AF	0	0.764834	2	1	1	0	0	0	0
AF	0	0.765147	1	0	1	0	0	0	0
AF	0	0.765459	3	3	0	0	0	0	0
AF	0	0.765771	1	1	0	0	0	0	0
AF	0	0.766084	1	1	0	0	0	0	0
AF	0	0.766708	1	1	0	0	0	0	0
AF	0	0.769207	1	1	0	0	0	0	0
AF	0	0.770456	1	0	1	0	0	0	0
AF	0	0.772642	1	1	0	0	0	0	0
AF	0	0.773267	1	1	0	0	0	0	0
AF	0	0.774204	1	1	0	0	0	0	0
AF	0	0.774828	1	1	0	0	0	0	0
AF	0	0.775141	1	1	0	0	0	0	0
AF	0	0.775453	1	1	0	0	0	0	0
AF	0	0.775765	1	0	1	0	0	0	0
AF	0	0.777014	1	0	1	0	0	0	0
AF	0	0.780137	2	2	0	0	0	0	0
AF	0	0.780450	3	3	0	0	0	0	0
AF	0	0.780762	2	2	0	0	0	0	0
AF	0	0.781387	2	1	1	0	0	0	0
AF	0	0.783260	1	1	0	0	0	0	0
AF	0	0.787008	1	1	0	0	0	0	0
AF	0	0.787945	1	1	0	0	0	0	0
AF	0	0.788882	1	0	1	0	0	0	0
AF	0	0.790131	1	0	1	0	0	0	0
AF	0	0.790443	1	1	0	0	0	0	0
AF	0	0.791693	1	0	1	0	0	0	0
AF	0	0.799813	1	0	1	0	0	0	0
AF	0	0.800437	2	2	0	0	0	0	0
AF	0	0.801062	1	1	0	0	0	0	0
AF	0	0.801374	2	2	0	0	0	0	0
AF	0	0.801686	1	1	0	0	0	0	0
AF	0	0.802311	1	0	1	0	0	0	0
AF	0	0.804497	1	1	0	0	0	0	0
AF	0	0.805746	1	1	0	0	0	0	0
AF	0	0.806996	2	2	0	0	0	0	0
AF	0	0.807308	1	0	1	0	0	0	0
AF	0	0.807620	1	0	1	0	0	0	0
AF	0	0.808245	1	1	0	0	0	0	0
AF	0	0.810743	1	1	0	0	0	0	0
AF	0	0.813242	1	1	0	0	0	0	0
AF	0	0.813866	1	1	0	0	0	0	0
AF	0	0.816365	1	0	1	0	0	0	0
AF	0	0.816989	1	1	0	0	0	0	0
AF	0	0.818551	1	0	1	0	0	0	0
AF	0	0.818863	1	1	0	0	0	0	0
AF	0	0.824485	1	1	0	0	0	0	0
AF	0	0.826046	1	0	1	0	0	0	0
AF	0	0.826359	1	1	0	0	0	0	0
AF	0	0.828545	1	1	0	0	0	0	0
AF	0	0.830731	2	1	1	0	0	0	0
AF	0	0.841349	1	1	0	0	0	0	0
AF	0	0.842286	1	0	1	0	0	0	0
AF	0	0.846346	1	1	0	0	0	0	0
AF	0	0.851343	1	1	0	0	0	0	0
AF	0	0.881324	1	1	0	0	0	0	0
AF	0	0.889756	1	0	1	0	0	0	0
AF	0	0.893504	1	1	0	0	0	0	0
AF	0	0.895378	1	0	1	0	0	0	0
AF	0	0.896627	1	1	0	0	0	0	0
AF	0	0.897252	2	1	1	0	0	0	0
AF	0	0.899750	2	2	0	0	0	0	0
AF	0	0.900375	1	1	0	0	0	0	0
AF	0	0.900687	1	1	0	0	0	0	0
AF	0	0.900999	1	1	0	0	0	0	0
AF	0	0.902249	1	0	1	0	0	0	0
AF	0	0.913492	1	1	0	0	0	0	0
AF	0	0.924110	1	1	0	0	0	0	0
AF	0	0.949719	1	1	0	0	0	0	0
AF	0	0.950344	1	1	0	0	0	0	0
AF	0	0.951280	1	1	0	0	0	0	0
AF	0	0.974079	1	1	0	0	0	0	0
AF	0	0.976577	1	0	1	0	0	0	0
AF	0	0.976889	1	0	1	0	0	0	0
AF	0	0.979388	1	1	0	0	0	0	0
AF	0	0.982199	1	1	0	0	0	0	0
AF	0	0.982823	1	1	0	0	0	0	0
AF	0	0.984697	1	1	0	0	0	0	0
AF	0	0.985322	1	1	0	0	0	0	0
AF	0	0.985946	1	1	0	0	0	0	0
AF	0	0.986571	1	1	0	0	0	0	0
AF	0	0.987508	1	1	0	0	0	0	0
AF	0	0.987820	2	1	1	0	0	0	0
AF	0	0.990319	2	2	0	0	0	0	0
AF	0	0.990943	3	2	1	0	0	0	0
AF	0	0.991568	1	1	0	0	0	0	0
AF	0	0.992817	1	0	1	0	0	0	0
AF	0	0.995315	1	1	0	0	0	0	0
AF	0	0.997502	2	2	0	0	0	0	0
AF	0	0.997814	1	0	1	0	0	0	0
# QUAL, Stats by quality
# QUAL	[2]id	[3]Quality	[4]number of SNPs	[5]number of transitions (1st ALT)	[6]number of transversions (1st ALT)	[7]number of indels
QUAL	0	.	15026	10212	4814	0
# IDD, InDel distribution:
# IDD	[2]id	[3]length (deletions negative)	[4]number of sites	[5]number of genotypes	[6]mean VAF
# ST, Substitution types:
# ST	[2]id	[3]type	[4]count
ST	0	A>C	579
ST	0	A>G	2898
ST	0	A>T	589
ST	0	C>A	643
ST	0	C>G	657
ST	0	C>T	2597
ST	0	G>A	2836
ST	0	G>C	510
ST	0	G>T	709
ST	0	T>A	570
ST	0	T>C	1881
ST	0	T>G	557
# DP, Depth distribution
# DP	[2]id	[3]bin	[4]number of genotypes	[5]fraction of genotypes (%)	[6]number of sites	[7]fraction of sites (%)
  - Fix haploid genotypes in males...

Submit MakeDiploidMalesX finished successfully. Let's have a beer, buddy!

