Submit MakeDiploidMalesX
version 1.1.6 (2024-09-30)

These are the settings:
  Input file................: /hpc/local/Rocky8/dhl_ec/software/MonopogenLite/resources/1kGP_high_coverage_Illumina.SNVonly_poly.filtered_AF_5e-04.norm.fixvariantid.chrX.vcf.gz
  Output file...............: /hpc/local/Rocky8/dhl_ec/software/MonopogenLite/resources/1kGP_high_coverage_Illumina.SNVonly_poly.filtered_AF_5e-04.norm.fixvariantid.makediploid.chrX.vcf.gz
  Chunk size................: 100

  SLURM CPUs................: 4
  SLURM Array ID............: 77 (of 100)
  SLURM memory..............: 16G
  SLURM time................: 01:00:00
  SLURM mail type...........: FAIL
  SLURM mail user...........: s.w.vanderlaan-2@umcutrecht.nl

  Dry run mode..............: 0
  Debug mode................: 1
  Verbosity.................: 0
  Version...................: 1.1.6 (2024-09-30)

Making converting haploid genotypes to diploid genotypes.
> Extract the region for this SLURM task (# 77) from the BED file.
  - Get the chunk number from the SLURM array task ID and the bed file...
DEBUG: Extracting chunk number: 77p from 77
DEBUG: Extracting region from BED file: /hpc/local/Rocky8/dhl_ec/software/MonopogenLite/resources/chrX_100pieces.bed
  - Extract the region from the BED file...
DEBUG: Extracted raw region: 'chrX	118591009	120151416' (chunk #: 77p of 100 for job 77)
  - Check if a valid region was extracted -- should be 'chrX	118591009	120151416'...
  - Prepare the region for bcftools...
  - Check if the region (chrX:118591009-120151416) was successfully extracted...
> Processing region 'chrX:118591009-120151416'...
  - Process the specific region (chunk# 77) using bcftools view...
  - Index the VCF file...
DEBUG: Check if the VCF file was successfully processed...
##fileformat=VCFv4.2
##FILTER=<ID=PASS,Description="All filters passed">
##fileDate=29/01/2022 - 14:31:41
##source=shapeit4.2.2
##contig=<ID=chr1,length=248956422>
##contig=<ID=chr2,length=242193529>
##contig=<ID=chr3,length=198295559>
##contig=<ID=chr4,length=190214555>
##contig=<ID=chr5,length=181538259>
##contig=<ID=chr6,length=170805979>
# This file was produced by bcftools stats (1.20+htslib-1.20) and can be plotted using plot-vcfstats.
# The command line was:	bcftools stats  /hpc/local/Rocky8/dhl_ec/software/MonopogenLite/resources/chrX.part77.vcf.gz
#
# Definition of sets:
# ID	[2]id	[3]tab-separated file names
ID	0	/hpc/local/Rocky8/dhl_ec/software/MonopogenLite/resources/chrX.part77.vcf.gz
# SN, Summary numbers:
#   number of records   .. number of data rows in the VCF
#   number of no-ALTs   .. reference-only sites, ALT is either "." or identical to REF
#   number of SNPs      .. number of rows with a SNP
#   number of MNPs      .. number of rows with a MNP, such as CC>TT
#   number of indels    .. number of rows with an indel
#   number of others    .. number of rows with other type, for example a symbolic allele or
#                          a complex substitution, such as ACT>TCGA
#   number of multiallelic sites     .. number of rows with multiple alternate alleles
#   number of multiallelic SNP sites .. number of rows with multiple alternate alleles, all SNPs
# 
#   Note that rows containing multiple types will be counted multiple times, in each
#   counter. For example, a row with a SNP and an indel increments both the SNP and
#   the indel counter.
# 
# SN	[2]id	[3]key	[4]value
SN	0	number of samples:	3202
SN	0	number of records:	16716
SN	0	number of no-ALTs:	0
SN	0	number of SNPs:	16716
SN	0	number of MNPs:	0
SN	0	number of indels:	0
SN	0	number of others:	0
SN	0	number of multiallelic sites:	0
SN	0	number of multiallelic SNP sites:	0
# TSTV, transitions/transversions:
# TSTV	[2]id	[3]ts	[4]tv	[5]ts/tv	[6]ts (1st ALT)	[7]tv (1st ALT)	[8]ts/tv (1st ALT)
TSTV	0	11801	4915	2.40	11801	4915	2.40
# SiS, Singleton stats:
# SiS	[2]id	[3]allele count	[4]number of SNPs	[5]number of transitions	[6]number of transversions	[7]number of indels	[8]repeat-consistent	[9]repeat-inconsistent	[10]not applicable
SiS	0	1	0	0	0	0	0	0	0
# AF, Stats by non-reference allele frequency:
# AF	[2]id	[3]allele frequency	[4]number of SNPs	[5]number of transitions	[6]number of transversions	[7]number of indels	[8]repeat-consistent	[9]repeat-inconsistent	[10]not applicable
AF	0	0.000312	2408	1706	702	0	0	0	0
AF	0	0.000625	1580	1132	448	0	0	0	0
AF	0	0.000937	1811	1320	491	0	0	0	0
AF	0	0.001249	615	447	168	0	0	0	0
AF	0	0.001562	894	645	249	0	0	0	0
AF	0	0.001874	331	227	104	0	0	0	0
AF	0	0.002186	585	413	172	0	0	0	0
AF	0	0.002498	245	177	68	0	0	0	0
AF	0	0.002811	394	280	114	0	0	0	0
AF	0	0.003123	226	161	65	0	0	0	0
AF	0	0.003435	293	201	92	0	0	0	0
AF	0	0.003748	130	91	39	0	0	0	0
AF	0	0.004060	253	186	67	0	0	0	0
AF	0	0.004372	139	89	50	0	0	0	0
AF	0	0.004685	204	136	68	0	0	0	0
AF	0	0.004997	109	71	38	0	0	0	0
AF	0	0.005309	220	152	68	0	0	0	0
AF	0	0.005621	89	68	21	0	0	0	0
AF	0	0.005934	146	94	52	0	0	0	0
AF	0	0.006246	82	56	26	0	0	0	0
AF	0	0.006558	113	78	35	0	0	0	0
AF	0	0.006871	77	48	29	0	0	0	0
AF	0	0.007183	127	93	34	0	0	0	0
AF	0	0.007495	51	37	14	0	0	0	0
AF	0	0.007808	108	79	29	0	0	0	0
AF	0	0.008120	45	33	12	0	0	0	0
AF	0	0.008432	70	52	18	0	0	0	0
AF	0	0.008745	51	36	15	0	0	0	0
AF	0	0.009057	89	65	24	0	0	0	0
AF	0	0.009369	52	33	19	0	0	0	0
AF	0	0.009681	94	72	22	0	0	0	0
AF	0	0.009994	23	17	6	0	0	0	0
AF	0	0.010306	59	38	21	0	0	0	0
AF	0	0.010618	36	27	9	0	0	0	0
AF	0	0.010931	86	66	20	0	0	0	0
AF	0	0.011243	41	30	11	0	0	0	0
AF	0	0.011555	74	47	27	0	0	0	0
AF	0	0.011868	34	23	11	0	0	0	0
AF	0	0.012180	68	50	18	0	0	0	0
AF	0	0.012492	27	18	9	0	0	0	0
AF	0	0.012804	55	44	11	0	0	0	0
AF	0	0.013117	19	15	4	0	0	0	0
AF	0	0.013429	48	26	22	0	0	0	0
AF	0	0.013741	26	23	3	0	0	0	0
AF	0	0.014054	47	30	17	0	0	0	0
AF	0	0.014366	27	14	13	0	0	0	0
AF	0	0.014678	62	42	20	0	0	0	0
AF	0	0.014991	23	18	5	0	0	0	0
AF	0	0.015303	33	21	12	0	0	0	0
AF	0	0.015615	23	16	7	0	0	0	0
AF	0	0.015928	44	26	18	0	0	0	0
AF	0	0.016240	15	13	2	0	0	0	0
AF	0	0.016552	35	22	13	0	0	0	0
AF	0	0.016864	11	10	1	0	0	0	0
AF	0	0.017177	36	24	12	0	0	0	0
AF	0	0.017489	17	10	7	0	0	0	0
AF	0	0.017801	42	32	10	0	0	0	0
AF	0	0.018114	13	11	2	0	0	0	0
AF	0	0.018426	31	25	6	0	0	0	0
AF	0	0.018738	13	8	5	0	0	0	0
AF	0	0.019051	24	16	8	0	0	0	0
AF	0	0.019363	20	16	4	0	0	0	0
AF	0	0.019675	32	18	14	0	0	0	0
AF	0	0.019988	8	5	3	0	0	0	0
AF	0	0.020300	35	27	8	0	0	0	0
AF	0	0.020612	7	4	3	0	0	0	0
AF	0	0.020924	22	17	5	0	0	0	0
AF	0	0.021237	12	9	3	0	0	0	0
AF	0	0.021549	28	20	8	0	0	0	0
AF	0	0.021861	19	9	10	0	0	0	0
AF	0	0.022174	29	23	6	0	0	0	0
AF	0	0.022486	18	12	6	0	0	0	0
AF	0	0.022798	24	19	5	0	0	0	0
AF	0	0.023111	15	11	4	0	0	0	0
AF	0	0.023423	17	12	5	0	0	0	0
AF	0	0.023735	13	9	4	0	0	0	0
AF	0	0.024047	18	11	7	0	0	0	0
AF	0	0.024360	11	8	3	0	0	0	0
AF	0	0.024672	37	27	10	0	0	0	0
AF	0	0.024984	14	12	2	0	0	0	0
AF	0	0.025297	20	17	3	0	0	0	0
AF	0	0.025609	6	2	4	0	0	0	0
AF	0	0.025921	18	16	2	0	0	0	0
AF	0	0.026234	12	4	8	0	0	0	0
AF	0	0.026546	24	16	8	0	0	0	0
AF	0	0.026858	10	6	4	0	0	0	0
AF	0	0.027171	13	8	5	0	0	0	0
AF	0	0.027483	9	7	2	0	0	0	0
AF	0	0.027795	18	14	4	0	0	0	0
AF	0	0.028107	5	5	0	0	0	0	0
AF	0	0.028420	9	6	3	0	0	0	0
AF	0	0.028732	7	3	4	0	0	0	0
AF	0	0.029044	21	13	8	0	0	0	0
AF	0	0.029357	13	9	4	0	0	0	0
AF	0	0.029669	16	12	4	0	0	0	0
AF	0	0.029981	10	4	6	0	0	0	0
AF	0	0.030294	11	7	4	0	0	0	0
AF	0	0.030606	9	3	6	0	0	0	0
AF	0	0.030918	14	10	4	0	0	0	0
AF	0	0.031230	14	8	6	0	0	0	0
AF	0	0.031543	25	14	11	0	0	0	0
AF	0	0.031855	9	8	1	0	0	0	0
AF	0	0.032167	20	15	5	0	0	0	0
AF	0	0.032480	7	6	1	0	0	0	0
AF	0	0.032792	20	12	8	0	0	0	0
AF	0	0.033104	10	5	5	0	0	0	0
AF	0	0.033417	19	14	5	0	0	0	0
AF	0	0.033729	4	4	0	0	0	0	0
AF	0	0.034041	8	7	1	0	0	0	0
AF	0	0.034354	10	8	2	0	0	0	0
AF	0	0.034666	8	3	5	0	0	0	0
AF	0	0.034978	4	2	2	0	0	0	0
AF	0	0.035290	20	10	10	0	0	0	0
AF	0	0.035603	7	3	4	0	0	0	0
AF	0	0.035915	9	6	3	0	0	0	0
AF	0	0.036227	4	4	0	0	0	0	0
AF	0	0.036540	10	7	3	0	0	0	0
AF	0	0.036852	10	7	3	0	0	0	0
AF	0	0.037164	15	7	8	0	0	0	0
AF	0	0.037477	3	1	2	0	0	0	0
AF	0	0.037789	14	11	3	0	0	0	0
AF	0	0.038101	2	1	1	0	0	0	0
AF	0	0.038413	23	17	6	0	0	0	0
AF	0	0.038726	3	3	0	0	0	0	0
AF	0	0.039038	16	10	6	0	0	0	0
AF	0	0.039350	3	3	0	0	0	0	0
AF	0	0.039663	6	2	4	0	0	0	0
AF	0	0.039975	3	2	1	0	0	0	0
AF	0	0.040287	13	10	3	0	0	0	0
AF	0	0.040600	9	8	1	0	0	0	0
AF	0	0.040912	11	8	3	0	0	0	0
AF	0	0.041224	9	7	2	0	0	0	0
AF	0	0.041537	16	10	6	0	0	0	0
AF	0	0.041849	4	2	2	0	0	0	0
AF	0	0.042161	18	13	5	0	0	0	0
AF	0	0.042473	7	5	2	0	0	0	0
AF	0	0.042786	11	4	7	0	0	0	0
AF	0	0.043098	5	2	3	0	0	0	0
AF	0	0.043410	14	7	7	0	0	0	0
AF	0	0.043723	9	7	2	0	0	0	0
AF	0	0.044035	6	3	3	0	0	0	0
AF	0	0.044347	4	4	0	0	0	0	0
AF	0	0.044660	5	4	1	0	0	0	0
AF	0	0.044972	4	4	0	0	0	0	0
AF	0	0.045284	10	5	5	0	0	0	0
AF	0	0.045597	5	5	0	0	0	0	0
AF	0	0.045909	7	2	5	0	0	0	0
AF	0	0.046221	3	2	1	0	0	0	0
AF	0	0.046533	4	2	2	0	0	0	0
AF	0	0.046846	2	2	0	0	0	0	0
AF	0	0.047158	3	3	0	0	0	0	0
AF	0	0.047470	3	3	0	0	0	0	0
AF	0	0.047783	3	3	0	0	0	0	0
AF	0	0.048095	20	13	7	0	0	0	0
AF	0	0.048407	3	2	1	0	0	0	0
AF	0	0.048720	8	4	4	0	0	0	0
AF	0	0.049032	7	5	2	0	0	0	0
AF	0	0.049344	6	3	3	0	0	0	0
AF	0	0.049656	6	3	3	0	0	0	0
AF	0	0.049969	3	0	3	0	0	0	0
AF	0	0.050281	5	5	0	0	0	0	0
AF	0	0.050593	3	2	1	0	0	0	0
AF	0	0.050906	6	5	1	0	0	0	0
AF	0	0.051218	7	6	1	0	0	0	0
AF	0	0.051530	7	5	2	0	0	0	0
AF	0	0.051843	5	4	1	0	0	0	0
AF	0	0.052155	9	5	4	0	0	0	0
AF	0	0.052467	3	2	1	0	0	0	0
AF	0	0.052780	11	8	3	0	0	0	0
AF	0	0.053092	1	0	1	0	0	0	0
AF	0	0.053404	7	7	0	0	0	0	0
AF	0	0.053716	5	3	2	0	0	0	0
AF	0	0.054029	10	9	1	0	0	0	0
AF	0	0.054341	3	1	2	0	0	0	0
AF	0	0.054653	2	2	0	0	0	0	0
AF	0	0.054966	7	5	2	0	0	0	0
AF	0	0.055278	3	3	0	0	0	0	0
AF	0	0.055590	2	1	1	0	0	0	0
AF	0	0.055903	6	3	3	0	0	0	0
AF	0	0.056215	3	1	2	0	0	0	0
AF	0	0.056527	15	12	3	0	0	0	0
AF	0	0.056839	5	5	0	0	0	0	0
AF	0	0.057152	4	2	2	0	0	0	0
AF	0	0.057464	4	4	0	0	0	0	0
AF	0	0.057776	4	2	2	0	0	0	0
AF	0	0.058089	2	1	1	0	0	0	0
AF	0	0.058401	4	2	2	0	0	0	0
AF	0	0.058713	12	8	4	0	0	0	0
AF	0	0.059026	7	5	2	0	0	0	0
AF	0	0.059338	6	3	3	0	0	0	0
AF	0	0.059650	8	5	3	0	0	0	0
AF	0	0.059963	14	13	1	0	0	0	0
AF	0	0.060275	11	7	4	0	0	0	0
AF	0	0.060899	12	5	7	0	0	0	0
AF	0	0.061212	4	3	1	0	0	0	0
AF	0	0.061524	4	3	1	0	0	0	0
AF	0	0.061836	2	1	1	0	0	0	0
AF	0	0.062149	6	5	1	0	0	0	0
AF	0	0.062461	2	2	0	0	0	0	0
AF	0	0.062773	4	2	2	0	0	0	0
AF	0	0.063086	1	1	0	0	0	0	0
AF	0	0.063398	9	6	3	0	0	0	0
AF	0	0.063710	3	3	0	0	0	0	0
AF	0	0.064022	7	6	1	0	0	0	0
AF	0	0.064335	4	4	0	0	0	0	0
AF	0	0.064647	3	2	1	0	0	0	0
AF	0	0.064959	7	5	2	0	0	0	0
AF	0	0.065272	3	2	1	0	0	0	0
AF	0	0.065584	2	2	0	0	0	0	0
AF	0	0.065896	3	2	1	0	0	0	0
AF	0	0.066209	2	1	1	0	0	0	0
AF	0	0.066521	4	3	1	0	0	0	0
AF	0	0.066833	4	4	0	0	0	0	0
AF	0	0.067146	21	17	4	0	0	0	0
AF	0	0.067458	3	3	0	0	0	0	0
AF	0	0.067770	15	12	3	0	0	0	0
AF	0	0.068082	6	5	1	0	0	0	0
AF	0	0.068395	4	4	0	0	0	0	0
AF	0	0.068707	7	6	1	0	0	0	0
AF	0	0.069019	10	6	4	0	0	0	0
AF	0	0.069332	7	7	0	0	0	0	0
AF	0	0.069644	8	6	2	0	0	0	0
AF	0	0.069956	6	3	3	0	0	0	0
AF	0	0.070269	5	4	1	0	0	0	0
AF	0	0.070581	7	6	1	0	0	0	0
AF	0	0.070893	10	9	1	0	0	0	0
AF	0	0.071205	10	9	1	0	0	0	0
AF	0	0.071518	7	5	2	0	0	0	0
AF	0	0.071830	3	2	1	0	0	0	0
AF	0	0.072142	5	3	2	0	0	0	0
AF	0	0.072455	9	8	1	0	0	0	0
AF	0	0.072767	10	8	2	0	0	0	0
AF	0	0.073079	3	3	0	0	0	0	0
AF	0	0.073392	5	3	2	0	0	0	0
AF	0	0.073704	1	0	1	0	0	0	0
AF	0	0.074016	4	3	1	0	0	0	0
AF	0	0.074329	1	0	1	0	0	0	0
AF	0	0.074641	7	6	1	0	0	0	0
AF	0	0.074953	2	2	0	0	0	0	0
AF	0	0.075265	6	5	1	0	0	0	0
AF	0	0.075578	4	2	2	0	0	0	0
AF	0	0.075890	2	2	0	0	0	0	0
AF	0	0.076202	1	1	0	0	0	0	0
AF	0	0.076515	6	3	3	0	0	0	0
AF	0	0.076827	3	3	0	0	0	0	0
AF	0	0.077139	7	3	4	0	0	0	0
AF	0	0.077452	4	3	1	0	0	0	0
AF	0	0.077764	5	5	0	0	0	0	0
AF	0	0.078076	3	3	0	0	0	0	0
AF	0	0.078389	4	3	1	0	0	0	0
AF	0	0.078701	1	0	1	0	0	0	0
AF	0	0.079013	4	4	0	0	0	0	0
AF	0	0.079325	1	1	0	0	0	0	0
AF	0	0.079638	4	2	2	0	0	0	0
AF	0	0.079950	1	1	0	0	0	0	0
AF	0	0.080262	4	3	1	0	0	0	0
AF	0	0.080887	10	5	5	0	0	0	0
AF	0	0.081199	3	2	1	0	0	0	0
AF	0	0.081512	7	6	1	0	0	0	0
AF	0	0.082136	7	4	3	0	0	0	0
AF	0	0.082448	3	1	2	0	0	0	0
AF	0	0.082761	8	5	3	0	0	0	0
AF	0	0.083073	1	0	1	0	0	0	0
AF	0	0.083385	3	2	1	0	0	0	0
AF	0	0.083698	4	2	2	0	0	0	0
AF	0	0.084010	3	0	3	0	0	0	0
AF	0	0.084322	1	1	0	0	0	0	0
AF	0	0.084635	6	2	4	0	0	0	0
AF	0	0.084947	1	1	0	0	0	0	0
AF	0	0.085259	6	5	1	0	0	0	0
AF	0	0.085572	4	3	1	0	0	0	0
AF	0	0.085884	3	2	1	0	0	0	0
AF	0	0.086196	5	4	1	0	0	0	0
AF	0	0.086508	10	9	1	0	0	0	0
AF	0	0.086821	4	2	2	0	0	0	0
AF	0	0.087133	7	6	1	0	0	0	0
AF	0	0.087445	8	7	1	0	0	0	0
AF	0	0.087758	2	1	1	0	0	0	0
AF	0	0.088070	3	3	0	0	0	0	0
AF	0	0.088382	8	6	2	0	0	0	0
AF	0	0.088695	3	1	2	0	0	0	0
AF	0	0.089007	3	1	2	0	0	0	0
AF	0	0.089631	7	5	2	0	0	0	0
AF	0	0.089944	6	6	0	0	0	0	0
AF	0	0.090256	8	5	3	0	0	0	0
AF	0	0.090881	7	5	2	0	0	0	0
AF	0	0.091193	2	1	1	0	0	0	0
AF	0	0.091505	4	3	1	0	0	0	0
AF	0	0.091818	8	6	2	0	0	0	0
AF	0	0.092130	4	3	1	0	0	0	0
AF	0	0.092442	1	1	0	0	0	0	0
AF	0	0.092755	10	7	3	0	0	0	0
AF	0	0.093067	2	1	1	0	0	0	0
AF	0	0.093379	6	5	1	0	0	0	0
AF	0	0.093691	2	0	2	0	0	0	0
AF	0	0.094004	3	2	1	0	0	0	0
AF	0	0.094316	2	1	1	0	0	0	0
AF	0	0.094628	8	6	2	0	0	0	0
AF	0	0.094941	1	1	0	0	0	0	0
AF	0	0.095253	4	2	2	0	0	0	0
AF	0	0.095565	3	3	0	0	0	0	0
AF	0	0.095878	12	9	3	0	0	0	0
AF	0	0.096190	5	4	1	0	0	0	0
AF	0	0.096502	8	6	2	0	0	0	0
AF	0	0.096814	7	6	1	0	0	0	0
AF	0	0.097127	2	1	1	0	0	0	0
AF	0	0.097439	1	1	0	0	0	0	0
AF	0	0.097751	1	1	0	0	0	0	0
AF	0	0.098064	1	0	1	0	0	0	0
AF	0	0.098376	4	2	2	0	0	0	0
AF	0	0.098688	2	2	0	0	0	0	0
AF	0	0.099001	6	3	3	0	0	0	0
AF	0	0.099313	1	1	0	0	0	0	0
AF	0	0.099625	4	3	1	0	0	0	0
AF	0	0.099938	1	1	0	0	0	0	0
AF	0	0.100250	11	9	2	0	0	0	0
AF	0	0.101499	5	3	2	0	0	0	0
AF	0	0.101811	4	3	1	0	0	0	0
AF	0	0.102124	4	4	0	0	0	0	0
AF	0	0.102436	1	0	1	0	0	0	0
AF	0	0.102748	4	3	1	0	0	0	0
AF	0	0.103373	2	1	1	0	0	0	0
AF	0	0.103685	1	0	1	0	0	0	0
AF	0	0.103998	1	1	0	0	0	0	0
AF	0	0.104310	2	2	0	0	0	0	0
AF	0	0.104934	1	1	0	0	0	0	0
AF	0	0.105247	2	0	2	0	0	0	0
AF	0	0.105559	1	1	0	0	0	0	0
AF	0	0.106496	4	3	1	0	0	0	0
AF	0	0.106808	1	0	1	0	0	0	0
AF	0	0.107121	2	0	2	0	0	0	0
AF	0	0.107433	5	5	0	0	0	0	0
AF	0	0.107745	1	1	0	0	0	0	0
AF	0	0.108057	2	1	1	0	0	0	0
AF	0	0.108370	2	0	2	0	0	0	0
AF	0	0.108682	1	1	0	0	0	0	0
AF	0	0.108994	6	4	2	0	0	0	0
AF	0	0.110244	3	2	1	0	0	0	0
AF	0	0.110556	3	1	2	0	0	0	0
AF	0	0.110868	1	0	1	0	0	0	0
AF	0	0.111181	2	1	1	0	0	0	0
AF	0	0.111805	1	1	0	0	0	0	0
AF	0	0.112430	1	0	1	0	0	0	0
AF	0	0.112742	5	2	3	0	0	0	0
AF	0	0.113054	10	8	2	0	0	0	0
AF	0	0.113367	3	1	2	0	0	0	0
AF	0	0.113679	3	1	2	0	0	0	0
AF	0	0.113991	3	3	0	0	0	0	0
AF	0	0.114304	4	3	1	0	0	0	0
AF	0	0.114616	1	1	0	0	0	0	0
AF	0	0.114928	1	1	0	0	0	0	0
AF	0	0.115553	3	2	1	0	0	0	0
AF	0	0.116177	1	1	0	0	0	0	0
AF	0	0.117427	1	0	1	0	0	0	0
AF	0	0.118676	1	1	0	0	0	0	0
AF	0	0.118988	1	0	1	0	0	0	0
AF	0	0.119300	2	1	1	0	0	0	0
AF	0	0.119925	1	1	0	0	0	0	0
AF	0	0.120862	2	1	1	0	0	0	0
AF	0	0.122736	2	2	0	0	0	0	0
AF	0	0.123048	1	1	0	0	0	0	0
AF	0	0.123673	1	1	0	0	0	0	0
AF	0	0.123985	2	1	1	0	0	0	0
AF	0	0.124610	1	1	0	0	0	0	0
AF	0	0.125547	1	1	0	0	0	0	0
AF	0	0.125859	1	0	1	0	0	0	0
AF	0	0.126171	1	1	0	0	0	0	0
AF	0	0.127420	3	2	1	0	0	0	0
AF	0	0.127733	1	1	0	0	0	0	0
AF	0	0.128357	1	1	0	0	0	0	0
AF	0	0.128670	1	0	1	0	0	0	0
AF	0	0.128982	3	2	1	0	0	0	0
AF	0	0.129294	1	0	1	0	0	0	0
AF	0	0.129919	1	1	0	0	0	0	0
AF	0	0.131480	1	1	0	0	0	0	0
AF	0	0.131793	1	0	1	0	0	0	0
AF	0	0.132417	2	2	0	0	0	0	0
AF	0	0.133666	5	4	1	0	0	0	0
AF	0	0.134291	1	0	1	0	0	0	0
AF	0	0.134916	3	2	1	0	0	0	0
AF	0	0.135228	1	1	0	0	0	0	0
AF	0	0.135540	1	0	1	0	0	0	0
AF	0	0.135853	1	1	0	0	0	0	0
AF	0	0.136165	4	3	1	0	0	0	0
AF	0	0.136477	1	1	0	0	0	0	0
AF	0	0.136790	1	1	0	0	0	0	0
AF	0	0.138039	3	3	0	0	0	0	0
AF	0	0.138351	2	0	2	0	0	0	0
AF	0	0.138663	2	1	1	0	0	0	0
AF	0	0.138976	2	2	0	0	0	0	0
AF	0	0.139288	5	2	3	0	0	0	0
AF	0	0.139600	2	2	0	0	0	0	0
AF	0	0.139913	2	1	1	0	0	0	0
AF	0	0.140537	1	1	0	0	0	0	0
AF	0	0.140849	1	1	0	0	0	0	0
AF	0	0.141162	3	2	1	0	0	0	0
AF	0	0.142099	2	1	1	0	0	0	0
AF	0	0.142411	6	2	4	0	0	0	0
AF	0	0.142723	4	1	3	0	0	0	0
AF	0	0.143036	1	0	1	0	0	0	0
AF	0	0.143348	2	1	1	0	0	0	0
AF	0	0.143973	2	1	1	0	0	0	0
AF	0	0.144285	1	0	1	0	0	0	0
AF	0	0.145534	5	4	1	0	0	0	0
AF	0	0.145846	1	0	1	0	0	0	0
AF	0	0.146159	2	0	2	0	0	0	0
AF	0	0.146783	1	1	0	0	0	0	0
AF	0	0.147408	1	1	0	0	0	0	0
AF	0	0.147720	1	1	0	0	0	0	0
AF	0	0.148032	1	1	0	0	0	0	0
AF	0	0.148345	1	1	0	0	0	0	0
AF	0	0.148657	2	1	1	0	0	0	0
AF	0	0.149282	2	0	2	0	0	0	0
AF	0	0.149594	1	0	1	0	0	0	0
AF	0	0.149906	1	1	0	0	0	0	0
AF	0	0.150531	5	4	1	0	0	0	0
AF	0	0.151156	4	4	0	0	0	0	0
AF	0	0.151468	1	1	0	0	0	0	0
AF	0	0.151780	5	0	5	0	0	0	0
AF	0	0.152405	2	2	0	0	0	0	0
AF	0	0.153029	2	2	0	0	0	0	0
AF	0	0.153342	3	3	0	0	0	0	0
AF	0	0.154279	2	2	0	0	0	0	0
AF	0	0.154591	2	1	1	0	0	0	0
AF	0	0.154903	1	1	0	0	0	0	0
AF	0	0.155840	1	0	1	0	0	0	0
AF	0	0.156465	1	1	0	0	0	0	0
AF	0	0.157402	1	1	0	0	0	0	0
AF	0	0.157714	1	0	1	0	0	0	0
AF	0	0.158026	1	1	0	0	0	0	0
AF	0	0.158339	1	0	1	0	0	0	0
AF	0	0.158651	4	2	2	0	0	0	0
AF	0	0.158963	5	3	2	0	0	0	0
AF	0	0.159275	16	11	5	0	0	0	0
AF	0	0.159588	19	14	5	0	0	0	0
AF	0	0.159900	17	11	6	0	0	0	0
AF	0	0.160212	2	1	1	0	0	0	0
AF	0	0.160525	3	2	1	0	0	0	0
AF	0	0.161149	6	4	2	0	0	0	0
AF	0	0.161462	2	2	0	0	0	0	0
AF	0	0.161774	1	1	0	0	0	0	0
AF	0	0.162711	1	1	0	0	0	0	0
AF	0	0.163960	1	1	0	0	0	0	0
AF	0	0.164272	1	1	0	0	0	0	0
AF	0	0.164585	2	2	0	0	0	0	0
AF	0	0.164897	8	6	2	0	0	0	0
AF	0	0.165209	4	4	0	0	0	0	0
AF	0	0.165522	1	0	1	0	0	0	0
AF	0	0.165834	4	3	1	0	0	0	0
AF	0	0.166458	3	3	0	0	0	0	0
AF	0	0.166771	5	5	0	0	0	0	0
AF	0	0.167395	5	2	3	0	0	0	0
AF	0	0.167708	1	0	1	0	0	0	0
AF	0	0.168020	2	2	0	0	0	0	0
AF	0	0.168957	1	0	1	0	0	0	0
AF	0	0.169894	1	1	0	0	0	0	0
AF	0	0.170206	1	1	0	0	0	0	0
AF	0	0.170518	1	1	0	0	0	0	0
AF	0	0.171455	1	1	0	0	0	0	0
AF	0	0.171768	1	1	0	0	0	0	0
AF	0	0.172705	1	1	0	0	0	0	0
AF	0	0.173329	1	0	1	0	0	0	0
AF	0	0.173641	3	2	1	0	0	0	0
AF	0	0.174266	1	1	0	0	0	0	0
AF	0	0.174891	1	0	1	0	0	0	0
AF	0	0.175515	1	1	0	0	0	0	0
AF	0	0.175828	1	1	0	0	0	0	0
AF	0	0.176765	1	1	0	0	0	0	0
AF	0	0.178014	1	0	1	0	0	0	0
AF	0	0.178638	5	4	1	0	0	0	0
AF	0	0.179263	1	1	0	0	0	0	0
AF	0	0.179575	1	1	0	0	0	0	0
AF	0	0.179888	2	1	1	0	0	0	0
AF	0	0.180512	2	1	1	0	0	0	0
AF	0	0.181137	2	1	1	0	0	0	0
AF	0	0.182074	1	1	0	0	0	0	0
AF	0	0.182386	1	1	0	0	0	0	0
AF	0	0.183011	1	1	0	0	0	0	0
AF	0	0.183635	2	1	1	0	0	0	0
AF	0	0.184572	2	1	1	0	0	0	0
AF	0	0.184884	1	1	0	0	0	0	0
AF	0	0.185509	2	0	2	0	0	0	0
AF	0	0.186446	1	1	0	0	0	0	0
AF	0	0.187071	1	1	0	0	0	0	0
AF	0	0.187383	1	0	1	0	0	0	0
AF	0	0.187695	1	1	0	0	0	0	0
AF	0	0.188007	3	2	1	0	0	0	0
AF	0	0.188320	1	1	0	0	0	0	0
AF	0	0.188632	1	0	1	0	0	0	0
AF	0	0.189257	2	1	1	0	0	0	0
AF	0	0.189569	1	0	1	0	0	0	0
AF	0	0.189881	3	3	0	0	0	0	0
AF	0	0.190194	1	1	0	0	0	0	0
AF	0	0.190506	3	2	1	0	0	0	0
AF	0	0.190818	2	1	1	0	0	0	0
AF	0	0.191131	2	1	1	0	0	0	0
AF	0	0.191443	1	1	0	0	0	0	0
AF	0	0.192380	1	1	0	0	0	0	0
AF	0	0.192692	5	2	3	0	0	0	0
AF	0	0.193004	2	2	0	0	0	0	0
AF	0	0.193317	5	3	2	0	0	0	0
AF	0	0.193629	1	1	0	0	0	0	0
AF	0	0.193941	1	1	0	0	0	0	0
AF	0	0.194566	2	1	1	0	0	0	0
AF	0	0.194878	2	2	0	0	0	0	0
AF	0	0.195191	3	1	2	0	0	0	0
AF	0	0.195503	3	2	1	0	0	0	0
AF	0	0.195815	1	1	0	0	0	0	0
AF	0	0.197377	1	0	1	0	0	0	0
AF	0	0.198001	1	0	1	0	0	0	0
AF	0	0.198626	2	2	0	0	0	0	0
AF	0	0.198938	1	0	1	0	0	0	0
AF	0	0.199875	2	1	1	0	0	0	0
AF	0	0.200500	3	1	2	0	0	0	0
AF	0	0.201437	1	0	1	0	0	0	0
AF	0	0.201749	1	1	0	0	0	0	0
AF	0	0.202374	1	0	1	0	0	0	0
AF	0	0.202686	3	2	1	0	0	0	0
AF	0	0.202998	2	2	0	0	0	0	0
AF	0	0.203310	1	0	1	0	0	0	0
AF	0	0.203623	3	1	2	0	0	0	0
AF	0	0.204247	1	1	0	0	0	0	0
AF	0	0.204872	3	3	0	0	0	0	0
AF	0	0.205184	1	1	0	0	0	0	0
AF	0	0.205497	2	1	1	0	0	0	0
AF	0	0.205809	3	2	1	0	0	0	0
AF	0	0.206121	1	1	0	0	0	0	0
AF	0	0.206433	3	3	0	0	0	0	0
AF	0	0.206746	1	1	0	0	0	0	0
AF	0	0.207058	2	1	1	0	0	0	0
AF	0	0.207370	2	1	1	0	0	0	0
AF	0	0.207683	2	2	0	0	0	0	0
AF	0	0.207995	4	2	2	0	0	0	0
AF	0	0.208307	2	1	1	0	0	0	0
AF	0	0.208620	2	2	0	0	0	0	0
AF	0	0.209244	4	3	1	0	0	0	0
AF	0	0.209557	1	1	0	0	0	0	0
AF	0	0.209869	1	1	0	0	0	0	0
AF	0	0.210493	6	5	1	0	0	0	0
AF	0	0.210806	1	1	0	0	0	0	0
AF	0	0.211118	1	1	0	0	0	0	0
AF	0	0.214241	1	1	0	0	0	0	0
AF	0	0.214553	1	1	0	0	0	0	0
AF	0	0.215490	2	1	1	0	0	0	0
AF	0	0.215803	1	0	1	0	0	0	0
AF	0	0.216115	1	0	1	0	0	0	0
AF	0	0.216427	1	0	1	0	0	0	0
AF	0	0.216740	1	1	0	0	0	0	0
AF	0	0.217364	1	1	0	0	0	0	0
AF	0	0.218301	1	0	1	0	0	0	0
AF	0	0.218613	1	1	0	0	0	0	0
AF	0	0.219550	2	1	1	0	0	0	0
AF	0	0.219863	1	0	1	0	0	0	0
AF	0	0.220800	1	0	1	0	0	0	0
AF	0	0.221112	2	2	0	0	0	0	0
AF	0	0.221424	1	0	1	0	0	0	0
AF	0	0.222049	1	1	0	0	0	0	0
AF	0	0.222361	1	0	1	0	0	0	0
AF	0	0.223298	1	1	0	0	0	0	0
AF	0	0.223923	4	4	0	0	0	0	0
AF	0	0.226109	1	0	1	0	0	0	0
AF	0	0.226421	3	2	1	0	0	0	0
AF	0	0.228295	1	0	1	0	0	0	0
AF	0	0.228607	1	0	1	0	0	0	0
AF	0	0.229232	2	1	1	0	0	0	0
AF	0	0.229544	2	2	0	0	0	0	0
AF	0	0.230169	7	6	1	0	0	0	0
AF	0	0.230481	1	1	0	0	0	0	0
AF	0	0.230793	1	0	1	0	0	0	0
AF	0	0.231106	1	1	0	0	0	0	0
AF	0	0.233916	1	0	1	0	0	0	0
AF	0	0.234541	1	0	1	0	0	0	0
AF	0	0.235166	1	1	0	0	0	0	0
AF	0	0.235790	1	1	0	0	0	0	0
AF	0	0.236102	1	0	1	0	0	0	0
AF	0	0.236415	1	0	1	0	0	0	0
AF	0	0.237039	1	0	1	0	0	0	0
AF	0	0.237352	1	0	1	0	0	0	0
AF	0	0.238289	4	3	1	0	0	0	0
AF	0	0.238913	1	1	0	0	0	0	0
AF	0	0.239225	2	1	1	0	0	0	0
AF	0	0.239538	3	2	1	0	0	0	0
AF	0	0.239850	2	2	0	0	0	0	0
AF	0	0.240162	1	1	0	0	0	0	0
AF	0	0.240475	1	0	1	0	0	0	0
AF	0	0.241099	1	0	1	0	0	0	0
AF	0	0.241412	5	3	2	0	0	0	0
AF	0	0.241724	2	2	0	0	0	0	0
AF	0	0.242661	3	2	1	0	0	0	0
AF	0	0.242973	1	1	0	0	0	0	0
AF	0	0.243285	2	1	1	0	0	0	0
AF	0	0.243910	1	1	0	0	0	0	0
AF	0	0.244222	7	4	3	0	0	0	0
AF	0	0.244535	4	4	0	0	0	0	0
AF	0	0.244847	4	2	2	0	0	0	0
AF	0	0.245159	5	3	2	0	0	0	0
AF	0	0.245472	1	1	0	0	0	0	0
AF	0	0.245784	2	1	1	0	0	0	0
AF	0	0.246096	2	1	1	0	0	0	0
AF	0	0.246408	4	3	1	0	0	0	0
AF	0	0.246721	1	1	0	0	0	0	0
AF	0	0.247033	1	0	1	0	0	0	0
AF	0	0.247658	3	3	0	0	0	0	0
AF	0	0.247970	2	1	1	0	0	0	0
AF	0	0.248282	3	1	2	0	0	0	0
AF	0	0.248595	2	2	0	0	0	0	0
AF	0	0.249219	1	0	1	0	0	0	0
AF	0	0.249532	1	0	1	0	0	0	0
AF	0	0.250156	2	2	0	0	0	0	0
AF	0	0.250781	4	2	2	0	0	0	0
AF	0	0.251405	6	2	4	0	0	0	0
AF	0	0.251718	4	1	3	0	0	0	0
AF	0	0.252030	3	3	0	0	0	0	0
AF	0	0.252342	1	1	0	0	0	0	0
AF	0	0.252655	2	1	1	0	0	0	0
AF	0	0.252967	1	1	0	0	0	0	0
AF	0	0.253279	1	1	0	0	0	0	0
AF	0	0.253592	3	3	0	0	0	0	0
AF	0	0.253904	2	2	0	0	0	0	0
AF	0	0.254216	1	1	0	0	0	0	0
AF	0	0.254528	4	3	1	0	0	0	0
AF	0	0.254841	2	1	1	0	0	0	0
AF	0	0.255465	3	3	0	0	0	0	0
AF	0	0.256090	1	0	1	0	0	0	0
AF	0	0.256402	4	4	0	0	0	0	0
AF	0	0.257027	1	1	0	0	0	0	0
AF	0	0.257651	1	0	1	0	0	0	0
AF	0	0.258901	1	1	0	0	0	0	0
AF	0	0.259213	2	1	1	0	0	0	0
AF	0	0.260150	1	0	1	0	0	0	0
AF	0	0.260462	1	1	0	0	0	0	0
AF	0	0.260775	2	2	0	0	0	0	0
AF	0	0.261399	1	1	0	0	0	0	0
AF	0	0.263585	1	0	1	0	0	0	0
AF	0	0.264522	1	1	0	0	0	0	0
AF	0	0.265147	1	1	0	0	0	0	0
AF	0	0.265771	1	1	0	0	0	0	0
AF	0	0.266084	1	1	0	0	0	0	0
AF	0	0.267021	2	2	0	0	0	0	0
AF	0	0.267333	1	1	0	0	0	0	0
AF	0	0.267645	3	3	0	0	0	0	0
AF	0	0.267958	3	2	1	0	0	0	0
AF	0	0.268270	8	7	1	0	0	0	0
AF	0	0.268582	1	1	0	0	0	0	0
AF	0	0.269207	1	1	0	0	0	0	0
AF	0	0.270768	2	2	0	0	0	0	0
AF	0	0.271081	2	2	0	0	0	0	0
AF	0	0.271393	6	2	4	0	0	0	0
AF	0	0.271705	2	1	1	0	0	0	0
AF	0	0.272017	2	1	1	0	0	0	0
AF	0	0.273891	2	1	1	0	0	0	0
AF	0	0.274516	1	1	0	0	0	0	0
AF	0	0.275453	1	0	1	0	0	0	0
AF	0	0.275765	2	2	0	0	0	0	0
AF	0	0.276390	6	5	1	0	0	0	0
AF	0	0.276702	2	0	2	0	0	0	0
AF	0	0.277014	2	1	1	0	0	0	0
AF	0	0.277639	1	0	1	0	0	0	0
AF	0	0.278264	1	1	0	0	0	0	0
AF	0	0.278576	1	1	0	0	0	0	0
AF	0	0.279513	1	1	0	0	0	0	0
AF	0	0.279825	1	1	0	0	0	0	0
AF	0	0.280762	1	1	0	0	0	0	0
AF	0	0.281387	3	1	2	0	0	0	0
AF	0	0.282011	4	4	0	0	0	0	0
AF	0	0.282636	3	1	2	0	0	0	0
AF	0	0.282948	3	1	2	0	0	0	0
AF	0	0.283260	1	1	0	0	0	0	0
AF	0	0.284510	1	1	0	0	0	0	0
AF	0	0.285134	3	3	0	0	0	0	0
AF	0	0.285759	4	2	2	0	0	0	0
AF	0	0.286071	5	4	1	0	0	0	0
AF	0	0.286384	8	5	3	0	0	0	0
AF	0	0.286696	1	1	0	0	0	0	0
AF	0	0.287008	1	1	0	0	0	0	0
AF	0	0.287320	2	2	0	0	0	0	0
AF	0	0.287633	2	1	1	0	0	0	0
AF	0	0.288257	2	1	1	0	0	0	0
AF	0	0.288882	3	1	2	0	0	0	0
AF	0	0.289194	1	0	1	0	0	0	0
AF	0	0.289507	1	1	0	0	0	0	0
AF	0	0.290443	1	1	0	0	0	0	0
AF	0	0.291380	1	1	0	0	0	0	0
AF	0	0.291693	1	1	0	0	0	0	0
AF	0	0.292317	1	1	0	0	0	0	0
AF	0	0.292630	1	0	1	0	0	0	0
AF	0	0.293254	1	1	0	0	0	0	0
AF	0	0.293879	2	0	2	0	0	0	0
AF	0	0.294503	2	2	0	0	0	0	0
AF	0	0.294816	4	3	1	0	0	0	0
AF	0	0.295128	2	2	0	0	0	0	0
AF	0	0.295440	1	1	0	0	0	0	0
AF	0	0.295753	5	5	0	0	0	0	0
AF	0	0.296065	2	1	1	0	0	0	0
AF	0	0.296377	3	3	0	0	0	0	0
AF	0	0.297002	1	1	0	0	0	0	0
AF	0	0.297314	2	1	1	0	0	0	0
AF	0	0.297626	5	4	1	0	0	0	0
AF	0	0.297939	1	0	1	0	0	0	0
AF	0	0.298251	9	7	2	0	0	0	0
AF	0	0.298563	1	1	0	0	0	0	0
AF	0	0.299813	2	2	0	0	0	0	0
AF	0	0.300125	2	1	1	0	0	0	0
AF	0	0.300437	1	1	0	0	0	0	0
AF	0	0.300750	3	2	1	0	0	0	0
AF	0	0.301062	5	4	1	0	0	0	0
AF	0	0.301374	2	1	1	0	0	0	0
AF	0	0.303248	1	0	1	0	0	0	0
AF	0	0.304497	1	0	1	0	0	0	0
AF	0	0.305122	2	2	0	0	0	0	0
AF	0	0.305746	1	1	0	0	0	0	0
AF	0	0.306059	2	1	1	0	0	0	0
AF	0	0.306371	1	0	1	0	0	0	0
AF	0	0.306996	2	1	1	0	0	0	0
AF	0	0.307620	1	1	0	0	0	0	0
AF	0	0.308245	1	1	0	0	0	0	0
AF	0	0.308869	1	1	0	0	0	0	0
AF	0	0.309494	4	3	1	0	0	0	0
AF	0	0.310119	2	2	0	0	0	0	0
AF	0	0.311056	3	1	2	0	0	0	0
AF	0	0.311993	1	0	1	0	0	0	0
AF	0	0.312617	1	1	0	0	0	0	0
AF	0	0.313242	3	2	1	0	0	0	0
AF	0	0.313866	1	1	0	0	0	0	0
AF	0	0.314803	1	0	1	0	0	0	0
AF	0	0.315116	1	0	1	0	0	0	0
AF	0	0.315740	2	2	0	0	0	0	0
AF	0	0.316052	1	1	0	0	0	0	0
AF	0	0.318551	1	1	0	0	0	0	0
AF	0	0.318863	2	2	0	0	0	0	0
AF	0	0.319176	1	1	0	0	0	0	0
AF	0	0.319488	2	2	0	0	0	0	0
AF	0	0.319800	1	1	0	0	0	0	0
AF	0	0.320112	1	1	0	0	0	0	0
AF	0	0.320425	1	0	1	0	0	0	0
AF	0	0.320737	3	3	0	0	0	0	0
AF	0	0.322611	2	1	1	0	0	0	0
AF	0	0.323235	1	1	0	0	0	0	0
AF	0	0.323860	3	2	1	0	0	0	0
AF	0	0.324172	1	1	0	0	0	0	0
AF	0	0.324485	3	2	1	0	0	0	0
AF	0	0.325109	1	1	0	0	0	0	0
AF	0	0.325422	1	0	1	0	0	0	0
AF	0	0.325734	1	0	1	0	0	0	0
AF	0	0.326359	1	0	1	0	0	0	0
AF	0	0.326983	4	3	1	0	0	0	0
AF	0	0.328232	1	0	1	0	0	0	0
AF	0	0.329482	1	1	0	0	0	0	0
AF	0	0.330106	1	1	0	0	0	0	0
AF	0	0.330418	1	1	0	0	0	0	0
AF	0	0.331043	1	1	0	0	0	0	0
AF	0	0.331668	1	1	0	0	0	0	0
AF	0	0.331980	1	1	0	0	0	0	0
AF	0	0.333229	1	1	0	0	0	0	0
AF	0	0.335415	1	1	0	0	0	0	0
AF	0	0.335728	1	1	0	0	0	0	0
AF	0	0.336040	1	1	0	0	0	0	0
AF	0	0.336352	1	1	0	0	0	0	0
AF	0	0.336665	3	2	1	0	0	0	0
AF	0	0.337289	1	1	0	0	0	0	0
AF	0	0.337914	1	0	1	0	0	0	0
AF	0	0.339788	2	2	0	0	0	0	0
AF	0	0.340100	2	1	1	0	0	0	0
AF	0	0.340412	1	0	1	0	0	0	0
AF	0	0.341037	1	0	1	0	0	0	0
AF	0	0.341349	1	1	0	0	0	0	0
AF	0	0.341661	1	0	1	0	0	0	0
AF	0	0.341974	1	1	0	0	0	0	0
AF	0	0.342598	1	0	1	0	0	0	0
AF	0	0.343223	2	2	0	0	0	0	0
AF	0	0.344160	1	1	0	0	0	0	0
AF	0	0.344785	1	0	1	0	0	0	0
AF	0	0.345097	2	2	0	0	0	0	0
AF	0	0.345409	2	1	1	0	0	0	0
AF	0	0.345721	1	1	0	0	0	0	0
AF	0	0.347283	1	1	0	0	0	0	0
AF	0	0.347908	1	0	1	0	0	0	0
AF	0	0.348532	1	1	0	0	0	0	0
AF	0	0.349157	1	0	1	0	0	0	0
AF	0	0.349469	2	2	0	0	0	0	0
AF	0	0.349781	3	2	1	0	0	0	0
AF	0	0.350094	2	1	1	0	0	0	0
AF	0	0.352280	1	0	1	0	0	0	0
AF	0	0.352904	1	1	0	0	0	0	0
AF	0	0.357277	2	1	1	0	0	0	0
AF	0	0.357589	1	0	1	0	0	0	0
AF	0	0.358838	1	1	0	0	0	0	0
AF	0	0.360087	1	1	0	0	0	0	0
AF	0	0.361024	1	1	0	0	0	0	0
AF	0	0.361649	3	3	0	0	0	0	0
AF	0	0.362274	1	1	0	0	0	0	0
AF	0	0.362898	1	1	0	0	0	0	0
AF	0	0.364460	2	2	0	0	0	0	0
AF	0	0.366646	3	2	1	0	0	0	0
AF	0	0.366958	1	0	1	0	0	0	0
AF	0	0.367270	1	0	1	0	0	0	0
AF	0	0.367583	1	1	0	0	0	0	0
AF	0	0.367895	1	1	0	0	0	0	0
AF	0	0.368520	1	1	0	0	0	0	0
AF	0	0.369144	1	0	1	0	0	0	0
AF	0	0.369457	1	1	0	0	0	0	0
AF	0	0.370706	1	1	0	0	0	0	0
AF	0	0.371018	4	3	1	0	0	0	0
AF	0	0.372267	1	0	1	0	0	0	0
AF	0	0.373204	1	1	0	0	0	0	0
AF	0	0.373517	1	1	0	0	0	0	0
AF	0	0.373829	2	1	1	0	0	0	0
AF	0	0.374766	2	1	1	0	0	0	0
AF	0	0.375078	1	0	1	0	0	0	0
AF	0	0.375703	2	2	0	0	0	0	0
AF	0	0.377577	1	0	1	0	0	0	0
AF	0	0.378513	1	0	1	0	0	0	0
AF	0	0.379138	1	1	0	0	0	0	0
AF	0	0.379450	1	1	0	0	0	0	0
AF	0	0.380075	4	4	0	0	0	0	0
AF	0	0.380387	9	6	3	0	0	0	0
AF	0	0.380700	3	1	2	0	0	0	0
AF	0	0.381012	1	0	1	0	0	0	0
AF	0	0.381636	1	1	0	0	0	0	0
AF	0	0.382886	2	1	1	0	0	0	0
AF	0	0.383510	1	1	0	0	0	0	0
AF	0	0.383823	3	3	0	0	0	0	0
AF	0	0.385384	2	1	1	0	0	0	0
AF	0	0.389756	1	0	1	0	0	0	0
AF	0	0.390069	6	2	4	0	0	0	0
AF	0	0.390381	6	3	3	0	0	0	0
AF	0	0.390693	1	0	1	0	0	0	0
AF	0	0.391006	2	1	1	0	0	0	0
AF	0	0.391318	2	1	1	0	0	0	0
AF	0	0.391630	2	2	0	0	0	0	0
AF	0	0.391943	1	1	0	0	0	0	0
AF	0	0.392255	3	3	0	0	0	0	0
AF	0	0.392879	3	2	1	0	0	0	0
AF	0	0.393192	1	0	1	0	0	0	0
AF	0	0.393504	1	0	1	0	0	0	0
AF	0	0.395690	2	1	1	0	0	0	0
AF	0	0.396002	5	4	1	0	0	0	0
AF	0	0.396315	4	3	1	0	0	0	0
AF	0	0.397252	11	9	2	0	0	0	0
AF	0	0.397564	4	2	2	0	0	0	0
AF	0	0.398189	2	2	0	0	0	0	0
AF	0	0.398501	7	6	1	0	0	0	0
AF	0	0.398813	1	1	0	0	0	0	0
AF	0	0.399126	2	1	1	0	0	0	0
AF	0	0.399438	4	3	1	0	0	0	0
AF	0	0.399750	7	4	3	0	0	0	0
AF	0	0.400375	2	2	0	0	0	0	0
AF	0	0.403498	1	1	0	0	0	0	0
AF	0	0.404122	1	1	0	0	0	0	0
AF	0	0.404435	3	2	1	0	0	0	0
AF	0	0.404747	2	1	1	0	0	0	0
AF	0	0.405372	1	1	0	0	0	0	0
AF	0	0.405996	1	1	0	0	0	0	0
AF	0	0.406309	1	1	0	0	0	0	0
AF	0	0.406933	1	1	0	0	0	0	0
AF	0	0.407245	1	0	1	0	0	0	0
AF	0	0.408182	1	1	0	0	0	0	0
AF	0	0.410056	1	1	0	0	0	0	0
AF	0	0.410993	6	1	5	0	0	0	0
AF	0	0.411305	2	1	1	0	0	0	0
AF	0	0.411618	1	1	0	0	0	0	0
AF	0	0.412242	1	1	0	0	0	0	0
AF	0	0.412555	1	1	0	0	0	0	0
AF	0	0.412867	1	1	0	0	0	0	0
AF	0	0.414116	3	3	0	0	0	0	0
AF	0	0.414428	1	1	0	0	0	0	0
AF	0	0.414741	3	3	0	0	0	0	0
AF	0	0.415365	2	2	0	0	0	0	0
AF	0	0.415678	2	1	1	0	0	0	0
AF	0	0.415990	2	2	0	0	0	0	0
AF	0	0.416302	1	0	1	0	0	0	0
AF	0	0.416927	1	0	1	0	0	0	0
AF	0	0.417552	1	0	1	0	0	0	0
AF	0	0.417864	1	1	0	0	0	0	0
AF	0	0.418488	1	0	1	0	0	0	0
AF	0	0.418801	1	1	0	0	0	0	0
AF	0	0.419113	1	1	0	0	0	0	0
AF	0	0.421299	2	1	1	0	0	0	0
AF	0	0.422861	1	1	0	0	0	0	0
AF	0	0.423173	1	1	0	0	0	0	0
AF	0	0.425671	1	0	1	0	0	0	0
AF	0	0.426296	1	1	0	0	0	0	0
AF	0	0.426608	1	0	1	0	0	0	0
AF	0	0.426921	1	1	0	0	0	0	0
AF	0	0.427545	1	1	0	0	0	0	0
AF	0	0.430356	1	1	0	0	0	0	0
AF	0	0.432230	1	1	0	0	0	0	0
AF	0	0.432854	1	1	0	0	0	0	0
AF	0	0.433479	2	2	0	0	0	0	0
AF	0	0.434728	2	2	0	0	0	0	0
AF	0	0.435353	1	0	1	0	0	0	0
AF	0	0.437227	2	2	0	0	0	0	0
AF	0	0.437851	2	2	0	0	0	0	0
AF	0	0.438164	1	1	0	0	0	0	0
AF	0	0.440350	1	1	0	0	0	0	0
AF	0	0.441599	1	1	0	0	0	0	0
AF	0	0.441911	1	1	0	0	0	0	0
AF	0	0.443473	1	1	0	0	0	0	0
AF	0	0.443785	1	0	1	0	0	0	0
AF	0	0.444097	1	1	0	0	0	0	0
AF	0	0.446284	1	1	0	0	0	0	0
AF	0	0.447220	1	1	0	0	0	0	0
AF	0	0.447533	1	1	0	0	0	0	0
AF	0	0.448782	1	1	0	0	0	0	0
AF	0	0.450656	1	0	1	0	0	0	0
AF	0	0.451280	3	1	2	0	0	0	0
AF	0	0.451905	1	1	0	0	0	0	0
AF	0	0.452842	1	1	0	0	0	0	0
AF	0	0.453779	2	2	0	0	0	0	0
AF	0	0.454091	2	1	1	0	0	0	0
AF	0	0.454403	1	0	1	0	0	0	0
AF	0	0.455028	1	1	0	0	0	0	0
AF	0	0.455340	2	1	1	0	0	0	0
AF	0	0.455653	2	0	2	0	0	0	0
AF	0	0.455965	3	1	2	0	0	0	0
AF	0	0.458151	1	1	0	0	0	0	0
AF	0	0.458776	2	1	1	0	0	0	0
AF	0	0.459400	2	2	0	0	0	0	0
AF	0	0.459713	1	1	0	0	0	0	0
AF	0	0.460025	5	1	4	0	0	0	0
AF	0	0.460337	1	1	0	0	0	0	0
AF	0	0.460650	3	3	0	0	0	0	0
AF	0	0.461274	3	3	0	0	0	0	0
AF	0	0.461587	3	3	0	0	0	0	0
AF	0	0.461899	3	3	0	0	0	0	0
AF	0	0.463148	2	2	0	0	0	0	0
AF	0	0.463460	1	1	0	0	0	0	0
AF	0	0.465022	1	1	0	0	0	0	0
AF	0	0.465334	3	2	1	0	0	0	0
AF	0	0.465646	2	2	0	0	0	0	0
AF	0	0.466271	1	1	0	0	0	0	0
AF	0	0.467833	3	3	0	0	0	0	0
AF	0	0.468145	1	1	0	0	0	0	0
AF	0	0.468457	2	1	1	0	0	0	0
AF	0	0.468770	2	2	0	0	0	0	0
AF	0	0.469394	1	1	0	0	0	0	0
AF	0	0.470643	1	0	1	0	0	0	0
AF	0	0.471268	4	1	3	0	0	0	0
AF	0	0.471580	2	1	1	0	0	0	0
AF	0	0.471893	1	0	1	0	0	0	0
AF	0	0.472517	1	0	1	0	0	0	0
AF	0	0.473454	1	1	0	0	0	0	0
AF	0	0.473766	3	3	0	0	0	0	0
AF	0	0.474079	2	0	2	0	0	0	0
AF	0	0.474391	3	2	1	0	0	0	0
AF	0	0.474703	1	1	0	0	0	0	0
AF	0	0.475016	4	1	3	0	0	0	0
AF	0	0.475328	1	1	0	0	0	0	0
AF	0	0.476889	1	1	0	0	0	0	0
AF	0	0.478763	1	0	1	0	0	0	0
AF	0	0.479388	2	1	1	0	0	0	0
AF	0	0.480637	3	1	2	0	0	0	0
AF	0	0.481262	2	2	0	0	0	0	0
AF	0	0.481574	1	1	0	0	0	0	0
AF	0	0.481886	3	2	1	0	0	0	0
AF	0	0.482199	1	1	0	0	0	0	0
AF	0	0.482511	2	2	0	0	0	0	0
AF	0	0.483136	1	1	0	0	0	0	0
AF	0	0.483760	1	0	1	0	0	0	0
AF	0	0.484072	1	0	1	0	0	0	0
AF	0	0.485322	1	1	0	0	0	0	0
AF	0	0.486259	2	2	0	0	0	0	0
AF	0	0.487196	1	1	0	0	0	0	0
AF	0	0.487820	1	1	0	0	0	0	0
AF	0	0.488132	1	1	0	0	0	0	0
AF	0	0.489069	1	1	0	0	0	0	0
AF	0	0.490006	1	1	0	0	0	0	0
AF	0	0.490631	1	1	0	0	0	0	0
AF	0	0.491255	1	1	0	0	0	0	0
AF	0	0.491880	1	0	1	0	0	0	0
AF	0	0.492192	3	3	0	0	0	0	0
AF	0	0.492505	5	3	2	0	0	0	0
AF	0	0.492817	4	4	0	0	0	0	0
AF	0	0.493129	1	1	0	0	0	0	0
AF	0	0.494691	1	1	0	0	0	0	0
AF	0	0.495003	1	0	1	0	0	0	0
AF	0	0.495940	1	1	0	0	0	0	0
AF	0	0.498126	1	1	0	0	0	0	0
AF	0	0.499375	3	2	1	0	0	0	0
AF	0	0.500625	4	4	0	0	0	0	0
AF	0	0.502498	1	1	0	0	0	0	0
AF	0	0.502811	1	0	1	0	0	0	0
AF	0	0.503435	1	1	0	0	0	0	0
AF	0	0.504997	1	0	1	0	0	0	0
AF	0	0.506246	1	0	1	0	0	0	0
AF	0	0.506558	1	0	1	0	0	0	0
AF	0	0.506871	1	1	0	0	0	0	0
AF	0	0.507495	1	1	0	0	0	0	0
AF	0	0.508120	1	1	0	0	0	0	0
AF	0	0.508432	1	1	0	0	0	0	0
AF	0	0.512804	1	1	0	0	0	0	0
AF	0	0.513741	2	1	1	0	0	0	0
AF	0	0.514366	1	0	1	0	0	0	0
AF	0	0.516240	1	1	0	0	0	0	0
AF	0	0.516552	1	1	0	0	0	0	0
AF	0	0.517489	3	2	1	0	0	0	0
AF	0	0.518426	1	0	1	0	0	0	0
AF	0	0.519363	1	0	1	0	0	0	0
AF	0	0.519988	1	1	0	0	0	0	0
AF	0	0.520300	1	1	0	0	0	0	0
AF	0	0.520924	1	1	0	0	0	0	0
AF	0	0.521237	2	2	0	0	0	0	0
AF	0	0.521549	1	1	0	0	0	0	0
AF	0	0.522486	1	1	0	0	0	0	0
AF	0	0.523111	1	1	0	0	0	0	0
AF	0	0.523423	1	0	1	0	0	0	0
AF	0	0.526858	1	1	0	0	0	0	0
AF	0	0.529357	2	1	1	0	0	0	0
AF	0	0.531855	1	1	0	0	0	0	0
AF	0	0.532480	1	1	0	0	0	0	0
AF	0	0.534978	3	2	1	0	0	0	0
AF	0	0.535290	2	1	1	0	0	0	0
AF	0	0.535603	1	0	1	0	0	0	0
AF	0	0.538101	2	2	0	0	0	0	0
AF	0	0.539350	1	0	1	0	0	0	0
AF	0	0.539663	1	1	0	0	0	0	0
AF	0	0.539975	1	0	1	0	0	0	0
AF	0	0.542473	2	2	0	0	0	0	0
AF	0	0.542786	1	1	0	0	0	0	0
AF	0	0.543098	3	1	2	0	0	0	0
AF	0	0.546846	3	1	2	0	0	0	0
AF	0	0.548720	1	0	1	0	0	0	0
AF	0	0.549344	3	0	3	0	0	0	0
AF	0	0.550281	2	2	0	0	0	0	0
AF	0	0.550593	3	2	1	0	0	0	0
AF	0	0.551218	1	1	0	0	0	0	0
AF	0	0.553092	1	1	0	0	0	0	0
AF	0	0.554341	2	1	1	0	0	0	0
AF	0	0.555278	2	2	0	0	0	0	0
AF	0	0.555903	2	2	0	0	0	0	0
AF	0	0.556215	1	1	0	0	0	0	0
AF	0	0.557464	2	1	1	0	0	0	0
AF	0	0.557776	2	1	1	0	0	0	0
AF	0	0.558089	1	1	0	0	0	0	0
AF	0	0.558401	1	1	0	0	0	0	0
AF	0	0.559338	1	1	0	0	0	0	0
AF	0	0.563398	1	0	1	0	0	0	0
AF	0	0.566209	1	0	1	0	0	0	0
AF	0	0.568395	1	1	0	0	0	0	0
AF	0	0.570269	1	1	0	0	0	0	0
AF	0	0.571830	2	1	1	0	0	0	0
AF	0	0.572142	1	1	0	0	0	0	0
AF	0	0.572455	4	3	1	0	0	0	0
AF	0	0.572767	1	1	0	0	0	0	0
AF	0	0.573079	1	1	0	0	0	0	0
AF	0	0.574329	1	1	0	0	0	0	0
AF	0	0.574641	2	0	2	0	0	0	0
AF	0	0.575265	1	1	0	0	0	0	0
AF	0	0.575890	1	1	0	0	0	0	0
AF	0	0.578701	2	1	1	0	0	0	0
AF	0	0.579013	1	1	0	0	0	0	0
AF	0	0.580887	1	0	1	0	0	0	0
AF	0	0.581824	3	3	0	0	0	0	0
AF	0	0.583385	1	1	0	0	0	0	0
AF	0	0.587133	1	1	0	0	0	0	0
AF	0	0.587758	1	1	0	0	0	0	0
AF	0	0.588070	1	1	0	0	0	0	0
AF	0	0.588695	1	1	0	0	0	0	0
AF	0	0.589007	1	0	1	0	0	0	0
AF	0	0.589319	1	1	0	0	0	0	0
AF	0	0.589631	4	3	1	0	0	0	0
AF	0	0.589944	1	0	1	0	0	0	0
AF	0	0.590256	5	1	4	0	0	0	0
AF	0	0.590568	1	1	0	0	0	0	0
AF	0	0.590881	1	1	0	0	0	0	0
AF	0	0.591505	1	1	0	0	0	0	0
AF	0	0.593379	1	1	0	0	0	0	0
AF	0	0.594628	1	0	1	0	0	0	0
AF	0	0.594941	1	0	1	0	0	0	0
AF	0	0.595253	3	2	1	0	0	0	0
AF	0	0.595565	4	3	1	0	0	0	0
AF	0	0.595878	1	0	1	0	0	0	0
AF	0	0.596502	3	3	0	0	0	0	0
AF	0	0.597127	5	5	0	0	0	0	0
AF	0	0.597439	3	1	2	0	0	0	0
AF	0	0.598376	1	1	0	0	0	0	0
AF	0	0.598688	1	1	0	0	0	0	0
AF	0	0.599001	1	1	0	0	0	0	0
AF	0	0.600562	1	1	0	0	0	0	0
AF	0	0.602436	1	0	1	0	0	0	0
AF	0	0.603998	2	2	0	0	0	0	0
AF	0	0.604310	3	3	0	0	0	0	0
AF	0	0.604622	5	3	2	0	0	0	0
AF	0	0.605247	1	1	0	0	0	0	0
AF	0	0.607121	1	1	0	0	0	0	0
AF	0	0.608370	3	2	1	0	0	0	0
AF	0	0.608682	3	3	0	0	0	0	0
AF	0	0.608994	1	1	0	0	0	0	0
AF	0	0.609307	2	2	0	0	0	0	0
AF	0	0.609619	2	1	1	0	0	0	0
AF	0	0.610556	1	0	1	0	0	0	0
AF	0	0.610868	1	0	1	0	0	0	0
AF	0	0.611493	1	0	1	0	0	0	0
AF	0	0.612742	3	2	1	0	0	0	0
AF	0	0.613054	1	0	1	0	0	0	0
AF	0	0.613367	1	1	0	0	0	0	0
AF	0	0.613679	1	1	0	0	0	0	0
AF	0	0.613991	1	0	1	0	0	0	0
AF	0	0.614616	1	1	0	0	0	0	0
AF	0	0.615865	1	1	0	0	0	0	0
AF	0	0.619613	2	2	0	0	0	0	0
AF	0	0.620862	2	1	1	0	0	0	0
AF	0	0.621174	1	1	0	0	0	0	0
AF	0	0.621487	5	3	2	0	0	0	0
AF	0	0.622111	1	0	1	0	0	0	0
AF	0	0.622736	2	1	1	0	0	0	0
AF	0	0.623048	2	1	1	0	0	0	0
AF	0	0.623360	3	2	1	0	0	0	0
AF	0	0.623985	1	0	1	0	0	0	0
AF	0	0.624610	1	1	0	0	0	0	0
AF	0	0.625859	1	1	0	0	0	0	0
AF	0	0.627108	1	1	0	0	0	0	0
AF	0	0.627733	1	1	0	0	0	0	0
AF	0	0.628670	1	1	0	0	0	0	0
AF	0	0.628982	1	1	0	0	0	0	0
AF	0	0.629606	1	1	0	0	0	0	0
AF	0	0.630231	1	0	1	0	0	0	0
AF	0	0.632105	1	0	1	0	0	0	0
AF	0	0.633979	1	1	0	0	0	0	0
AF	0	0.634603	1	1	0	0	0	0	0
AF	0	0.637102	1	0	1	0	0	0	0
AF	0	0.637414	1	0	1	0	0	0	0
AF	0	0.638351	10	7	3	0	0	0	0
AF	0	0.638663	1	1	0	0	0	0	0
AF	0	0.638976	8	7	1	0	0	0	0
AF	0	0.639913	1	1	0	0	0	0	0
AF	0	0.640849	1	0	1	0	0	0	0
AF	0	0.641474	3	3	0	0	0	0	0
AF	0	0.642099	1	0	1	0	0	0	0
AF	0	0.643348	1	1	0	0	0	0	0
AF	0	0.643660	1	1	0	0	0	0	0
AF	0	0.643973	1	0	1	0	0	0	0
AF	0	0.646471	3	3	0	0	0	0	0
AF	0	0.647408	1	0	1	0	0	0	0
AF	0	0.648345	1	1	0	0	0	0	0
AF	0	0.649594	1	1	0	0	0	0	0
AF	0	0.652405	2	2	0	0	0	0	0
AF	0	0.655215	1	1	0	0	0	0	0
AF	0	0.656152	2	2	0	0	0	0	0
AF	0	0.656777	1	0	1	0	0	0	0
AF	0	0.657402	1	1	0	0	0	0	0
AF	0	0.658026	2	2	0	0	0	0	0
AF	0	0.658963	2	1	1	0	0	0	0
AF	0	0.660837	1	1	0	0	0	0	0
AF	0	0.661149	2	2	0	0	0	0	0
AF	0	0.661462	2	1	1	0	0	0	0
AF	0	0.662399	1	0	1	0	0	0	0
AF	0	0.662711	3	3	0	0	0	0	0
AF	0	0.663335	1	0	1	0	0	0	0
AF	0	0.663960	1	1	0	0	0	0	0
AF	0	0.664272	1	0	1	0	0	0	0
AF	0	0.665209	3	1	2	0	0	0	0
AF	0	0.665834	2	2	0	0	0	0	0
AF	0	0.666146	1	1	0	0	0	0	0
AF	0	0.666458	2	1	1	0	0	0	0
AF	0	0.667395	1	1	0	0	0	0	0
AF	0	0.667708	1	1	0	0	0	0	0
AF	0	0.668020	2	2	0	0	0	0	0
AF	0	0.668645	1	0	1	0	0	0	0
AF	0	0.670518	1	0	1	0	0	0	0
AF	0	0.671455	1	1	0	0	0	0	0
AF	0	0.672392	1	1	0	0	0	0	0
AF	0	0.673017	1	1	0	0	0	0	0
AF	0	0.673954	1	0	1	0	0	0	0
AF	0	0.674578	1	1	0	0	0	0	0
AF	0	0.676452	1	0	1	0	0	0	0
AF	0	0.676765	1	1	0	0	0	0	0
AF	0	0.678638	1	1	0	0	0	0	0
AF	0	0.679263	1	0	1	0	0	0	0
AF	0	0.679575	1	1	0	0	0	0	0
AF	0	0.680200	1	1	0	0	0	0	0
AF	0	0.680824	1	0	1	0	0	0	0
AF	0	0.681137	1	0	1	0	0	0	0
AF	0	0.682698	1	0	1	0	0	0	0
AF	0	0.683011	1	1	0	0	0	0	0
AF	0	0.683323	1	1	0	0	0	0	0
AF	0	0.683635	2	2	0	0	0	0	0
AF	0	0.683948	2	2	0	0	0	0	0
AF	0	0.684260	1	0	1	0	0	0	0
AF	0	0.684572	1	0	1	0	0	0	0
AF	0	0.685197	2	1	1	0	0	0	0
AF	0	0.686446	2	2	0	0	0	0	0
AF	0	0.686758	1	1	0	0	0	0	0
AF	0	0.687071	1	0	1	0	0	0	0
AF	0	0.693004	9	6	3	0	0	0	0
AF	0	0.693941	1	1	0	0	0	0	0
AF	0	0.694254	1	1	0	0	0	0	0
AF	0	0.694566	1	0	1	0	0	0	0
AF	0	0.695503	1	1	0	0	0	0	0
AF	0	0.696127	2	2	0	0	0	0	0
AF	0	0.698001	1	1	0	0	0	0	0
AF	0	0.700187	2	2	0	0	0	0	0
AF	0	0.702998	5	5	0	0	0	0	0
AF	0	0.703623	4	2	2	0	0	0	0
AF	0	0.704560	1	0	1	0	0	0	0
AF	0	0.704872	5	5	0	0	0	0	0
AF	0	0.705184	1	0	1	0	0	0	0
AF	0	0.707370	1	1	0	0	0	0	0
AF	0	0.707683	1	1	0	0	0	0	0
AF	0	0.709869	1	1	0	0	0	0	0
AF	0	0.712367	1	1	0	0	0	0	0
AF	0	0.712992	3	3	0	0	0	0	0
AF	0	0.714553	1	0	1	0	0	0	0
AF	0	0.714866	2	1	1	0	0	0	0
AF	0	0.715178	2	0	2	0	0	0	0
AF	0	0.715490	1	1	0	0	0	0	0
AF	0	0.715803	1	1	0	0	0	0	0
AF	0	0.716740	1	0	1	0	0	0	0
AF	0	0.717364	1	0	1	0	0	0	0
AF	0	0.718301	1	1	0	0	0	0	0
AF	0	0.718613	2	2	0	0	0	0	0
AF	0	0.718926	1	1	0	0	0	0	0
AF	0	0.719550	1	0	1	0	0	0	0
AF	0	0.720487	2	1	1	0	0	0	0
AF	0	0.721112	1	0	1	0	0	0	0
AF	0	0.721424	1	1	0	0	0	0	0
AF	0	0.722673	1	1	0	0	0	0	0
AF	0	0.722986	1	1	0	0	0	0	0
AF	0	0.726109	1	1	0	0	0	0	0
AF	0	0.726733	1	1	0	0	0	0	0
AF	0	0.729856	3	2	1	0	0	0	0
AF	0	0.731106	1	1	0	0	0	0	0
AF	0	0.731418	1	1	0	0	0	0	0
AF	0	0.732042	1	1	0	0	0	0	0
AF	0	0.732355	1	1	0	0	0	0	0
AF	0	0.732979	1	1	0	0	0	0	0
AF	0	0.733604	5	3	2	0	0	0	0
AF	0	0.733916	2	1	1	0	0	0	0
AF	0	0.734229	1	1	0	0	0	0	0
AF	0	0.735478	1	0	1	0	0	0	0
AF	0	0.735790	1	1	0	0	0	0	0
AF	0	0.736102	1	0	1	0	0	0	0
AF	0	0.736727	1	1	0	0	0	0	0
AF	0	0.737352	2	0	2	0	0	0	0
AF	0	0.737976	1	0	1	0	0	0	0
AF	0	0.738289	3	3	0	0	0	0	0
AF	0	0.738601	3	3	0	0	0	0	0
AF	0	0.743285	1	0	1	0	0	0	0
AF	0	0.743910	1	0	1	0	0	0	0
AF	0	0.744535	1	0	1	0	0	0	0
AF	0	0.745784	1	0	1	0	0	0	0
AF	0	0.746408	1	1	0	0	0	0	0
AF	0	0.747345	1	1	0	0	0	0	0
AF	0	0.748595	1	1	0	0	0	0	0
AF	0	0.749844	1	1	0	0	0	0	0
AF	0	0.752967	1	0	1	0	0	0	0
AF	0	0.756715	3	2	1	0	0	0	0
AF	0	0.757027	6	4	2	0	0	0	0
AF	0	0.757339	1	1	0	0	0	0	0
AF	0	0.757964	1	0	1	0	0	0	0
AF	0	0.758276	2	0	2	0	0	0	0
AF	0	0.759213	4	3	1	0	0	0	0
AF	0	0.759838	1	1	0	0	0	0	0
AF	0	0.763898	2	2	0	0	0	0	0
AF	0	0.764210	2	2	0	0	0	0	0
AF	0	0.764834	2	2	0	0	0	0	0
AF	0	0.765771	1	1	0	0	0	0	0
AF	0	0.766084	5	4	1	0	0	0	0
AF	0	0.766708	4	3	1	0	0	0	0
AF	0	0.767021	2	2	0	0	0	0	0
AF	0	0.767333	3	1	2	0	0	0	0
AF	0	0.767645	1	1	0	0	0	0	0
AF	0	0.767958	1	1	0	0	0	0	0
AF	0	0.769519	1	1	0	0	0	0	0
AF	0	0.769831	2	1	1	0	0	0	0
AF	0	0.770456	1	1	0	0	0	0	0
AF	0	0.772017	1	1	0	0	0	0	0
AF	0	0.772330	2	2	0	0	0	0	0
AF	0	0.772954	1	1	0	0	0	0	0
AF	0	0.777639	2	2	0	0	0	0	0
AF	0	0.777951	1	0	1	0	0	0	0
AF	0	0.779200	1	1	0	0	0	0	0
AF	0	0.780137	1	1	0	0	0	0	0
AF	0	0.780762	1	1	0	0	0	0	0
AF	0	0.781699	2	2	0	0	0	0	0
AF	0	0.782011	3	3	0	0	0	0	0
AF	0	0.785134	1	0	1	0	0	0	0
AF	0	0.785759	1	1	0	0	0	0	0
AF	0	0.787945	1	0	1	0	0	0	0
AF	0	0.790756	1	1	0	0	0	0	0
AF	0	0.791068	1	0	1	0	0	0	0
AF	0	0.791380	1	1	0	0	0	0	0
AF	0	0.791693	1	1	0	0	0	0	0
AF	0	0.792317	1	1	0	0	0	0	0
AF	0	0.793567	1	1	0	0	0	0	0
AF	0	0.794503	3	3	0	0	0	0	0
AF	0	0.795440	1	1	0	0	0	0	0
AF	0	0.795753	1	1	0	0	0	0	0
AF	0	0.797314	1	0	1	0	0	0	0
AF	0	0.797626	3	1	2	0	0	0	0
AF	0	0.798876	1	1	0	0	0	0	0
AF	0	0.799500	1	1	0	0	0	0	0
AF	0	0.801062	2	2	0	0	0	0	0
AF	0	0.801999	2	2	0	0	0	0	0
AF	0	0.802311	1	0	1	0	0	0	0
AF	0	0.802623	2	2	0	0	0	0	0
AF	0	0.803873	2	1	1	0	0	0	0
AF	0	0.804185	1	1	0	0	0	0	0
AF	0	0.804497	2	2	0	0	0	0	0
AF	0	0.805122	1	0	1	0	0	0	0
AF	0	0.805434	1	1	0	0	0	0	0
AF	0	0.806371	4	2	2	0	0	0	0
AF	0	0.807620	3	0	3	0	0	0	0
AF	0	0.808245	2	2	0	0	0	0	0
AF	0	0.808869	1	1	0	0	0	0	0
AF	0	0.809182	1	1	0	0	0	0	0
AF	0	0.809494	1	0	1	0	0	0	0
AF	0	0.810119	1	1	0	0	0	0	0
AF	0	0.811368	1	1	0	0	0	0	0
AF	0	0.811680	1	1	0	0	0	0	0
AF	0	0.811993	4	2	2	0	0	0	0
AF	0	0.812617	1	0	1	0	0	0	0
AF	0	0.813242	1	1	0	0	0	0	0
AF	0	0.813866	1	1	0	0	0	0	0
AF	0	0.814491	1	1	0	0	0	0	0
AF	0	0.816365	1	1	0	0	0	0	0
AF	0	0.816677	1	0	1	0	0	0	0
AF	0	0.817926	1	0	1	0	0	0	0
AF	0	0.819488	1	1	0	0	0	0	0
AF	0	0.822611	1	1	0	0	0	0	0
AF	0	0.826359	1	1	0	0	0	0	0
AF	0	0.826671	1	1	0	0	0	0	0
AF	0	0.826983	2	2	0	0	0	0	0
AF	0	0.827608	1	0	1	0	0	0	0
AF	0	0.829482	1	1	0	0	0	0	0
AF	0	0.830731	2	2	0	0	0	0	0
AF	0	0.832605	2	2	0	0	0	0	0
AF	0	0.833229	1	0	1	0	0	0	0
AF	0	0.834478	2	2	0	0	0	0	0
AF	0	0.834791	3	3	0	0	0	0	0
AF	0	0.836665	1	1	0	0	0	0	0
AF	0	0.839475	2	2	0	0	0	0	0
AF	0	0.841037	1	1	0	0	0	0	0
AF	0	0.841349	2	2	0	0	0	0	0
AF	0	0.841974	1	0	1	0	0	0	0
AF	0	0.845097	1	1	0	0	0	0	0
AF	0	0.845409	1	1	0	0	0	0	0
AF	0	0.845721	2	1	1	0	0	0	0
AF	0	0.846346	1	1	0	0	0	0	0
AF	0	0.856652	1	1	0	0	0	0	0
AF	0	0.859463	1	1	0	0	0	0	0
AF	0	0.861337	2	2	0	0	0	0	0
AF	0	0.861649	1	1	0	0	0	0	0
AF	0	0.861961	4	3	1	0	0	0	0
AF	0	0.862586	1	1	0	0	0	0	0
AF	0	0.862898	2	1	1	0	0	0	0
AF	0	0.863210	2	0	2	0	0	0	0
AF	0	0.868832	1	1	0	0	0	0	0
AF	0	0.873829	4	2	2	0	0	0	0
AF	0	0.874141	3	2	1	0	0	0	0
AF	0	0.879450	1	1	0	0	0	0	0
AF	0	0.885072	1	0	1	0	0	0	0
AF	0	0.889132	1	0	1	0	0	0	0
AF	0	0.893192	1	1	0	0	0	0	0
AF	0	0.901624	2	1	1	0	0	0	0
AF	0	0.902249	2	2	0	0	0	0	0
AF	0	0.905372	1	1	0	0	0	0	0
AF	0	0.905684	1	1	0	0	0	0	0
AF	0	0.908495	1	1	0	0	0	0	0
AF	0	0.909119	1	1	0	0	0	0	0
AF	0	0.910056	1	1	0	0	0	0	0
AF	0	0.912867	1	1	0	0	0	0	0
AF	0	0.913804	1	1	0	0	0	0	0
AF	0	0.920362	1	1	0	0	0	0	0
AF	0	0.922236	1	1	0	0	0	0	0
AF	0	0.923485	1	1	0	0	0	0	0
AF	0	0.925671	1	1	0	0	0	0	0
AF	0	0.929419	1	0	1	0	0	0	0
AF	0	0.929731	1	0	1	0	0	0	0
AF	0	0.935978	1	1	0	0	0	0	0
AF	0	0.938476	1	0	1	0	0	0	0
AF	0	0.938788	1	1	0	0	0	0	0
AF	0	0.939725	1	1	0	0	0	0	0
AF	0	0.942224	3	2	1	0	0	0	0
AF	0	0.943473	1	1	0	0	0	0	0
AF	0	0.947845	1	1	0	0	0	0	0
AF	0	0.951593	1	1	0	0	0	0	0
AF	0	0.952217	1	1	0	0	0	0	0
AF	0	0.952842	1	1	0	0	0	0	0
AF	0	0.955340	1	1	0	0	0	0	0
AF	0	0.958463	1	1	0	0	0	0	0
AF	0	0.958776	1	1	0	0	0	0	0
AF	0	0.959088	1	0	1	0	0	0	0
AF	0	0.962523	1	1	0	0	0	0	0
AF	0	0.964397	1	1	0	0	0	0	0
AF	0	0.964710	1	0	1	0	0	0	0
AF	0	0.965022	1	0	1	0	0	0	0
AF	0	0.965334	1	1	0	0	0	0	0
AF	0	0.967208	1	1	0	0	0	0	0
AF	0	0.967520	1	0	1	0	0	0	0
AF	0	0.968145	2	1	1	0	0	0	0
AF	0	0.968457	2	1	1	0	0	0	0
AF	0	0.968770	1	1	0	0	0	0	0
AF	0	0.969082	1	1	0	0	0	0	0
AF	0	0.970019	1	0	1	0	0	0	0
AF	0	0.972205	1	1	0	0	0	0	0
AF	0	0.972829	1	0	1	0	0	0	0
AF	0	0.973454	1	1	0	0	0	0	0
AF	0	0.974391	2	2	0	0	0	0	0
AF	0	0.975328	1	1	0	0	0	0	0
AF	0	0.975953	2	2	0	0	0	0	0
AF	0	0.977826	1	1	0	0	0	0	0
AF	0	0.978139	1	1	0	0	0	0	0
AF	0	0.979388	1	1	0	0	0	0	0
AF	0	0.980012	1	1	0	0	0	0	0
AF	0	0.981262	1	1	0	0	0	0	0
AF	0	0.982199	3	1	2	0	0	0	0
AF	0	0.982823	1	1	0	0	0	0	0
AF	0	0.985322	1	0	1	0	0	0	0
AF	0	0.986883	1	0	1	0	0	0	0
AF	0	0.989694	4	2	2	0	0	0	0
AF	0	0.990631	1	0	1	0	0	0	0
AF	0	0.990943	2	2	0	0	0	0	0
AF	0	0.992192	2	2	0	0	0	0	0
AF	0	0.993129	2	2	0	0	0	0	0
AF	0	0.995003	1	0	1	0	0	0	0
AF	0	0.995940	1	0	1	0	0	0	0
AF	0	0.996565	4	3	1	0	0	0	0
AF	0	0.996877	2	2	0	0	0	0	0
AF	0	0.997189	2	0	2	0	0	0	0
AF	0	0.998126	1	0	1	0	0	0	0
AF	0	0.999063	7	4	3	0	0	0	0
# QUAL, Stats by quality
# QUAL	[2]id	[3]Quality	[4]number of SNPs	[5]number of transitions (1st ALT)	[6]number of transversions (1st ALT)	[7]number of indels
QUAL	0	.	16716	11801	4915	0
# IDD, InDel distribution:
# IDD	[2]id	[3]length (deletions negative)	[4]number of sites	[5]number of genotypes	[6]mean VAF
# ST, Substitution types:
# ST	[2]id	[3]type	[4]count
ST	0	A>C	546
ST	0	A>G	2212
ST	0	A>T	513
ST	0	C>A	743
ST	0	C>G	688
ST	0	C>T	3729
ST	0	G>A	3798
ST	0	G>C	726
ST	0	G>T	631
ST	0	T>A	519
ST	0	T>C	2062
ST	0	T>G	549
# DP, Depth distribution
# DP	[2]id	[3]bin	[4]number of genotypes	[5]fraction of genotypes (%)	[6]number of sites	[7]fraction of sites (%)
  - Fix haploid genotypes in males...

Submit MakeDiploidMalesX finished successfully. Let's have a beer, buddy!

