Submit MakeDiploidMalesX
version 1.1.6 (2024-09-30)

These are the settings:
  Input file................: /hpc/local/Rocky8/dhl_ec/software/MonopogenLite/resources/1kGP_high_coverage_Illumina.SNVonly_poly.filtered_AF_5e-04.norm.fixvariantid.chrX.vcf.gz
  Output file...............: /hpc/local/Rocky8/dhl_ec/software/MonopogenLite/resources/1kGP_high_coverage_Illumina.SNVonly_poly.filtered_AF_5e-04.norm.fixvariantid.makediploid.chrX.vcf.gz
  Chunk size................: 100

  SLURM CPUs................: 4
  SLURM Array ID............: 28 (of 100)
  SLURM memory..............: 16G
  SLURM time................: 01:00:00
  SLURM mail type...........: FAIL
  SLURM mail user...........: s.w.vanderlaan-2@umcutrecht.nl

  Dry run mode..............: 0
  Debug mode................: 1
  Verbosity.................: 0
  Version...................: 1.1.6 (2024-09-30)

Making converting haploid genotypes to diploid genotypes.
> Extract the region for this SLURM task (# 28) from the BED file.
  - Get the chunk number from the SLURM array task ID and the bed file...
DEBUG: Extracting chunk number: 28p from 28
DEBUG: Extracting region from BED file: /hpc/local/Rocky8/dhl_ec/software/MonopogenLite/resources/chrX_100pieces.bed
  - Extract the region from the BED file...
DEBUG: Extracted raw region: 'chrX	42131017	43691424' (chunk #: 28p of 100 for job 28)
  - Check if a valid region was extracted -- should be 'chrX	42131017	43691424'...
  - Prepare the region for bcftools...
  - Check if the region (chrX:42131017-43691424) was successfully extracted...
> Processing region 'chrX:42131017-43691424'...
  - Process the specific region (chunk# 28) using bcftools view...
  - Index the VCF file...
DEBUG: Check if the VCF file was successfully processed...
##fileformat=VCFv4.2
##FILTER=<ID=PASS,Description="All filters passed">
##fileDate=29/01/2022 - 14:31:41
##source=shapeit4.2.2
##contig=<ID=chr1,length=248956422>
##contig=<ID=chr2,length=242193529>
##contig=<ID=chr3,length=198295559>
##contig=<ID=chr4,length=190214555>
##contig=<ID=chr5,length=181538259>
##contig=<ID=chr6,length=170805979>
# This file was produced by bcftools stats (1.20+htslib-1.20) and can be plotted using plot-vcfstats.
# The command line was:	bcftools stats  /hpc/local/Rocky8/dhl_ec/software/MonopogenLite/resources/chrX.part28.vcf.gz
#
# Definition of sets:
# ID	[2]id	[3]tab-separated file names
ID	0	/hpc/local/Rocky8/dhl_ec/software/MonopogenLite/resources/chrX.part28.vcf.gz
# SN, Summary numbers:
#   number of records   .. number of data rows in the VCF
#   number of no-ALTs   .. reference-only sites, ALT is either "." or identical to REF
#   number of SNPs      .. number of rows with a SNP
#   number of MNPs      .. number of rows with a MNP, such as CC>TT
#   number of indels    .. number of rows with an indel
#   number of others    .. number of rows with other type, for example a symbolic allele or
#                          a complex substitution, such as ACT>TCGA
#   number of multiallelic sites     .. number of rows with multiple alternate alleles
#   number of multiallelic SNP sites .. number of rows with multiple alternate alleles, all SNPs
# 
#   Note that rows containing multiple types will be counted multiple times, in each
#   counter. For example, a row with a SNP and an indel increments both the SNP and
#   the indel counter.
# 
# SN	[2]id	[3]key	[4]value
SN	0	number of samples:	3202
SN	0	number of records:	14643
SN	0	number of no-ALTs:	0
SN	0	number of SNPs:	14643
SN	0	number of MNPs:	0
SN	0	number of indels:	0
SN	0	number of others:	0
SN	0	number of multiallelic sites:	0
SN	0	number of multiallelic SNP sites:	0
# TSTV, transitions/transversions:
# TSTV	[2]id	[3]ts	[4]tv	[5]ts/tv	[6]ts (1st ALT)	[7]tv (1st ALT)	[8]ts/tv (1st ALT)
TSTV	0	9946	4697	2.12	9946	4697	2.12
# SiS, Singleton stats:
# SiS	[2]id	[3]allele count	[4]number of SNPs	[5]number of transitions	[6]number of transversions	[7]number of indels	[8]repeat-consistent	[9]repeat-inconsistent	[10]not applicable
SiS	0	1	0	0	0	0	0	0	0
# AF, Stats by non-reference allele frequency:
# AF	[2]id	[3]allele frequency	[4]number of SNPs	[5]number of transitions	[6]number of transversions	[7]number of indels	[8]repeat-consistent	[9]repeat-inconsistent	[10]not applicable
AF	0	0.000312	2220	1496	724	0	0	0	0
AF	0	0.000625	1369	957	412	0	0	0	0
AF	0	0.000937	1660	1166	494	0	0	0	0
AF	0	0.001249	639	433	206	0	0	0	0
AF	0	0.001562	843	556	287	0	0	0	0
AF	0	0.001874	318	220	98	0	0	0	0
AF	0	0.002186	501	342	159	0	0	0	0
AF	0	0.002498	240	169	71	0	0	0	0
AF	0	0.002811	453	297	156	0	0	0	0
AF	0	0.003123	216	139	77	0	0	0	0
AF	0	0.003435	316	216	100	0	0	0	0
AF	0	0.003748	158	107	51	0	0	0	0
AF	0	0.004060	312	210	102	0	0	0	0
AF	0	0.004372	131	90	41	0	0	0	0
AF	0	0.004685	249	167	82	0	0	0	0
AF	0	0.004997	83	60	23	0	0	0	0
AF	0	0.005309	157	106	51	0	0	0	0
AF	0	0.005621	81	54	27	0	0	0	0
AF	0	0.005934	168	112	56	0	0	0	0
AF	0	0.006246	98	67	31	0	0	0	0
AF	0	0.006558	118	73	45	0	0	0	0
AF	0	0.006871	38	26	12	0	0	0	0
AF	0	0.007183	95	68	27	0	0	0	0
AF	0	0.007495	72	51	21	0	0	0	0
AF	0	0.007808	112	77	35	0	0	0	0
AF	0	0.008120	31	21	10	0	0	0	0
AF	0	0.008432	54	29	25	0	0	0	0
AF	0	0.008745	28	18	10	0	0	0	0
AF	0	0.009057	56	36	20	0	0	0	0
AF	0	0.009369	41	26	15	0	0	0	0
AF	0	0.009681	56	33	23	0	0	0	0
AF	0	0.009994	26	15	11	0	0	0	0
AF	0	0.010306	64	48	16	0	0	0	0
AF	0	0.010618	28	19	9	0	0	0	0
AF	0	0.010931	66	50	16	0	0	0	0
AF	0	0.011243	20	15	5	0	0	0	0
AF	0	0.011555	72	48	24	0	0	0	0
AF	0	0.011868	18	13	5	0	0	0	0
AF	0	0.012180	48	32	16	0	0	0	0
AF	0	0.012492	24	19	5	0	0	0	0
AF	0	0.012804	51	41	10	0	0	0	0
AF	0	0.013117	21	16	5	0	0	0	0
AF	0	0.013429	37	27	10	0	0	0	0
AF	0	0.013741	18	13	5	0	0	0	0
AF	0	0.014054	48	34	14	0	0	0	0
AF	0	0.014366	53	38	15	0	0	0	0
AF	0	0.014678	30	21	9	0	0	0	0
AF	0	0.014991	17	13	4	0	0	0	0
AF	0	0.015303	15	10	5	0	0	0	0
AF	0	0.015615	16	10	6	0	0	0	0
AF	0	0.015928	33	19	14	0	0	0	0
AF	0	0.016240	18	11	7	0	0	0	0
AF	0	0.016552	40	30	10	0	0	0	0
AF	0	0.016864	13	10	3	0	0	0	0
AF	0	0.017177	41	27	14	0	0	0	0
AF	0	0.017489	11	7	4	0	0	0	0
AF	0	0.017801	25	15	10	0	0	0	0
AF	0	0.018114	10	8	2	0	0	0	0
AF	0	0.018426	14	7	7	0	0	0	0
AF	0	0.018738	31	18	13	0	0	0	0
AF	0	0.019051	16	11	5	0	0	0	0
AF	0	0.019363	15	10	5	0	0	0	0
AF	0	0.019675	26	24	2	0	0	0	0
AF	0	0.019988	4	3	1	0	0	0	0
AF	0	0.020300	32	22	10	0	0	0	0
AF	0	0.020612	13	8	5	0	0	0	0
AF	0	0.020924	29	22	7	0	0	0	0
AF	0	0.021237	4	2	2	0	0	0	0
AF	0	0.021549	22	15	7	0	0	0	0
AF	0	0.021861	9	7	2	0	0	0	0
AF	0	0.022174	23	19	4	0	0	0	0
AF	0	0.022486	7	5	2	0	0	0	0
AF	0	0.022798	11	8	3	0	0	0	0
AF	0	0.023111	9	6	3	0	0	0	0
AF	0	0.023423	41	32	9	0	0	0	0
AF	0	0.023735	14	11	3	0	0	0	0
AF	0	0.024047	24	16	8	0	0	0	0
AF	0	0.024360	12	7	5	0	0	0	0
AF	0	0.024672	14	7	7	0	0	0	0
AF	0	0.024984	2	1	1	0	0	0	0
AF	0	0.025297	12	7	5	0	0	0	0
AF	0	0.025609	9	6	3	0	0	0	0
AF	0	0.025921	7	6	1	0	0	0	0
AF	0	0.026234	10	8	2	0	0	0	0
AF	0	0.026546	9	3	6	0	0	0	0
AF	0	0.026858	6	4	2	0	0	0	0
AF	0	0.027171	10	7	3	0	0	0	0
AF	0	0.027483	3	3	0	0	0	0	0
AF	0	0.027795	5	2	3	0	0	0	0
AF	0	0.028107	2	1	1	0	0	0	0
AF	0	0.028420	3	0	3	0	0	0	0
AF	0	0.028732	5	5	0	0	0	0	0
AF	0	0.029044	8	6	2	0	0	0	0
AF	0	0.029357	8	6	2	0	0	0	0
AF	0	0.029669	24	16	8	0	0	0	0
AF	0	0.029981	5	2	3	0	0	0	0
AF	0	0.030294	40	29	11	0	0	0	0
AF	0	0.030606	11	8	3	0	0	0	0
AF	0	0.030918	18	12	6	0	0	0	0
AF	0	0.031230	13	10	3	0	0	0	0
AF	0	0.031543	31	25	6	0	0	0	0
AF	0	0.031855	6	5	1	0	0	0	0
AF	0	0.032167	11	7	4	0	0	0	0
AF	0	0.032480	4	2	2	0	0	0	0
AF	0	0.032792	12	9	3	0	0	0	0
AF	0	0.033104	2	2	0	0	0	0	0
AF	0	0.033417	8	5	3	0	0	0	0
AF	0	0.033729	4	4	0	0	0	0	0
AF	0	0.034041	6	4	2	0	0	0	0
AF	0	0.034354	5	2	3	0	0	0	0
AF	0	0.034666	15	8	7	0	0	0	0
AF	0	0.034978	4	1	3	0	0	0	0
AF	0	0.035290	5	3	2	0	0	0	0
AF	0	0.035603	1	0	1	0	0	0	0
AF	0	0.035915	7	5	2	0	0	0	0
AF	0	0.036227	1	0	1	0	0	0	0
AF	0	0.036540	4	2	2	0	0	0	0
AF	0	0.037164	2	1	1	0	0	0	0
AF	0	0.037789	14	10	4	0	0	0	0
AF	0	0.038101	4	3	1	0	0	0	0
AF	0	0.038413	1	0	1	0	0	0	0
AF	0	0.039038	2	1	1	0	0	0	0
AF	0	0.039350	1	1	0	0	0	0	0
AF	0	0.039663	2	1	1	0	0	0	0
AF	0	0.039975	1	0	1	0	0	0	0
AF	0	0.040287	3	3	0	0	0	0	0
AF	0	0.040600	5	4	1	0	0	0	0
AF	0	0.040912	6	3	3	0	0	0	0
AF	0	0.041537	1	1	0	0	0	0	0
AF	0	0.041849	6	6	0	0	0	0	0
AF	0	0.042161	10	4	6	0	0	0	0
AF	0	0.042786	5	2	3	0	0	0	0
AF	0	0.043098	3	3	0	0	0	0	0
AF	0	0.043410	7	4	3	0	0	0	0
AF	0	0.043723	13	6	7	0	0	0	0
AF	0	0.044035	18	13	5	0	0	0	0
AF	0	0.044347	3	3	0	0	0	0	0
AF	0	0.044660	2	2	0	0	0	0	0
AF	0	0.044972	4	2	2	0	0	0	0
AF	0	0.045284	11	7	4	0	0	0	0
AF	0	0.045597	7	4	3	0	0	0	0
AF	0	0.045909	1	1	0	0	0	0	0
AF	0	0.046221	5	3	2	0	0	0	0
AF	0	0.046533	2	2	0	0	0	0	0
AF	0	0.046846	1	1	0	0	0	0	0
AF	0	0.047158	6	3	3	0	0	0	0
AF	0	0.047783	5	4	1	0	0	0	0
AF	0	0.048095	3	3	0	0	0	0	0
AF	0	0.048407	14	8	6	0	0	0	0
AF	0	0.048720	6	4	2	0	0	0	0
AF	0	0.049032	5	4	1	0	0	0	0
AF	0	0.049344	2	1	1	0	0	0	0
AF	0	0.049656	2	2	0	0	0	0	0
AF	0	0.049969	2	0	2	0	0	0	0
AF	0	0.050281	7	3	4	0	0	0	0
AF	0	0.050593	4	4	0	0	0	0	0
AF	0	0.050906	5	4	1	0	0	0	0
AF	0	0.051218	2	1	1	0	0	0	0
AF	0	0.051530	9	5	4	0	0	0	0
AF	0	0.051843	1	0	1	0	0	0	0
AF	0	0.052155	10	7	3	0	0	0	0
AF	0	0.052467	1	1	0	0	0	0	0
AF	0	0.052780	1	1	0	0	0	0	0
AF	0	0.053404	4	3	1	0	0	0	0
AF	0	0.053716	1	1	0	0	0	0	0
AF	0	0.054029	7	4	3	0	0	0	0
AF	0	0.054341	2	0	2	0	0	0	0
AF	0	0.054653	3	2	1	0	0	0	0
AF	0	0.054966	4	4	0	0	0	0	0
AF	0	0.055278	8	6	2	0	0	0	0
AF	0	0.055590	2	0	2	0	0	0	0
AF	0	0.055903	1	0	1	0	0	0	0
AF	0	0.056839	1	0	1	0	0	0	0
AF	0	0.057152	13	10	3	0	0	0	0
AF	0	0.057464	1	1	0	0	0	0	0
AF	0	0.057776	6	5	1	0	0	0	0
AF	0	0.058089	1	1	0	0	0	0	0
AF	0	0.058401	4	4	0	0	0	0	0
AF	0	0.058713	2	2	0	0	0	0	0
AF	0	0.059026	2	2	0	0	0	0	0
AF	0	0.059338	1	0	1	0	0	0	0
AF	0	0.059650	7	4	3	0	0	0	0
AF	0	0.060275	7	4	3	0	0	0	0
AF	0	0.060587	8	6	2	0	0	0	0
AF	0	0.060899	6	4	2	0	0	0	0
AF	0	0.061212	1	1	0	0	0	0	0
AF	0	0.061524	1	1	0	0	0	0	0
AF	0	0.062149	2	1	1	0	0	0	0
AF	0	0.062461	2	1	1	0	0	0	0
AF	0	0.062773	5	4	1	0	0	0	0
AF	0	0.063086	2	2	0	0	0	0	0
AF	0	0.063398	3	1	2	0	0	0	0
AF	0	0.064022	1	1	0	0	0	0	0
AF	0	0.065896	2	1	1	0	0	0	0
AF	0	0.066209	1	1	0	0	0	0	0
AF	0	0.066833	1	0	1	0	0	0	0
AF	0	0.067146	1	0	1	0	0	0	0
AF	0	0.067458	1	1	0	0	0	0	0
AF	0	0.067770	1	1	0	0	0	0	0
AF	0	0.068082	1	0	1	0	0	0	0
AF	0	0.068395	2	2	0	0	0	0	0
AF	0	0.068707	4	3	1	0	0	0	0
AF	0	0.069019	3	2	1	0	0	0	0
AF	0	0.069644	2	1	1	0	0	0	0
AF	0	0.070269	1	1	0	0	0	0	0
AF	0	0.070893	1	1	0	0	0	0	0
AF	0	0.071205	2	2	0	0	0	0	0
AF	0	0.071518	2	1	1	0	0	0	0
AF	0	0.071830	1	1	0	0	0	0	0
AF	0	0.072142	1	1	0	0	0	0	0
AF	0	0.073079	1	0	1	0	0	0	0
AF	0	0.073392	3	3	0	0	0	0	0
AF	0	0.073704	2	0	2	0	0	0	0
AF	0	0.074016	6	4	2	0	0	0	0
AF	0	0.074953	2	1	1	0	0	0	0
AF	0	0.075265	1	1	0	0	0	0	0
AF	0	0.075578	2	1	1	0	0	0	0
AF	0	0.075890	4	3	1	0	0	0	0
AF	0	0.076515	3	2	1	0	0	0	0
AF	0	0.076827	1	0	1	0	0	0	0
AF	0	0.077139	2	0	2	0	0	0	0
AF	0	0.077452	1	0	1	0	0	0	0
AF	0	0.077764	1	1	0	0	0	0	0
AF	0	0.078076	1	1	0	0	0	0	0
AF	0	0.079013	2	2	0	0	0	0	0
AF	0	0.079325	1	1	0	0	0	0	0
AF	0	0.079638	3	1	2	0	0	0	0
AF	0	0.080262	1	1	0	0	0	0	0
AF	0	0.080887	36	22	14	0	0	0	0
AF	0	0.081199	12	9	3	0	0	0	0
AF	0	0.081512	2	0	2	0	0	0	0
AF	0	0.081824	2	2	0	0	0	0	0
AF	0	0.082136	4	3	1	0	0	0	0
AF	0	0.082448	5	3	2	0	0	0	0
AF	0	0.082761	2	2	0	0	0	0	0
AF	0	0.083073	2	2	0	0	0	0	0
AF	0	0.083385	5	5	0	0	0	0	0
AF	0	0.083698	1	1	0	0	0	0	0
AF	0	0.084010	1	1	0	0	0	0	0
AF	0	0.084322	3	1	2	0	0	0	0
AF	0	0.084635	2	2	0	0	0	0	0
AF	0	0.084947	1	0	1	0	0	0	0
AF	0	0.085259	2	1	1	0	0	0	0
AF	0	0.085572	1	1	0	0	0	0	0
AF	0	0.085884	8	7	1	0	0	0	0
AF	0	0.086196	1	0	1	0	0	0	0
AF	0	0.086508	5	5	0	0	0	0	0
AF	0	0.087758	1	1	0	0	0	0	0
AF	0	0.088382	2	1	1	0	0	0	0
AF	0	0.088695	2	1	1	0	0	0	0
AF	0	0.089007	2	1	1	0	0	0	0
AF	0	0.089319	1	0	1	0	0	0	0
AF	0	0.089631	7	7	0	0	0	0	0
AF	0	0.089944	2	2	0	0	0	0	0
AF	0	0.091818	3	2	1	0	0	0	0
AF	0	0.092130	2	1	1	0	0	0	0
AF	0	0.092755	1	1	0	0	0	0	0
AF	0	0.093067	1	1	0	0	0	0	0
AF	0	0.093691	1	0	1	0	0	0	0
AF	0	0.094004	1	0	1	0	0	0	0
AF	0	0.094316	2	1	1	0	0	0	0
AF	0	0.094941	2	1	1	0	0	0	0
AF	0	0.096190	1	0	1	0	0	0	0
AF	0	0.096502	1	1	0	0	0	0	0
AF	0	0.097127	4	4	0	0	0	0	0
AF	0	0.097439	2	0	2	0	0	0	0
AF	0	0.099001	2	2	0	0	0	0	0
AF	0	0.099313	2	2	0	0	0	0	0
AF	0	0.099625	1	1	0	0	0	0	0
AF	0	0.099938	2	1	1	0	0	0	0
AF	0	0.100250	3	2	1	0	0	0	0
AF	0	0.100562	1	1	0	0	0	0	0
AF	0	0.100874	3	2	1	0	0	0	0
AF	0	0.101811	1	1	0	0	0	0	0
AF	0	0.102124	2	2	0	0	0	0	0
AF	0	0.102436	1	0	1	0	0	0	0
AF	0	0.102748	3	3	0	0	0	0	0
AF	0	0.103061	1	1	0	0	0	0	0
AF	0	0.103373	4	2	2	0	0	0	0
AF	0	0.103998	3	3	0	0	0	0	0
AF	0	0.104310	2	1	1	0	0	0	0
AF	0	0.104622	3	1	2	0	0	0	0
AF	0	0.104934	5	5	0	0	0	0	0
AF	0	0.105247	7	3	4	0	0	0	0
AF	0	0.105559	2	1	1	0	0	0	0
AF	0	0.105871	5	3	2	0	0	0	0
AF	0	0.106184	1	1	0	0	0	0	0
AF	0	0.106496	11	5	6	0	0	0	0
AF	0	0.106808	2	0	2	0	0	0	0
AF	0	0.107121	6	4	2	0	0	0	0
AF	0	0.107433	2	1	1	0	0	0	0
AF	0	0.107745	4	2	2	0	0	0	0
AF	0	0.108057	3	1	2	0	0	0	0
AF	0	0.108370	4	3	1	0	0	0	0
AF	0	0.108682	3	1	2	0	0	0	0
AF	0	0.108994	10	6	4	0	0	0	0
AF	0	0.109307	3	3	0	0	0	0	0
AF	0	0.109619	4	1	3	0	0	0	0
AF	0	0.109931	2	2	0	0	0	0	0
AF	0	0.110244	1	1	0	0	0	0	0
AF	0	0.110868	5	4	1	0	0	0	0
AF	0	0.111181	4	1	3	0	0	0	0
AF	0	0.111493	1	1	0	0	0	0	0
AF	0	0.111805	6	4	2	0	0	0	0
AF	0	0.112117	3	1	2	0	0	0	0
AF	0	0.112430	7	6	1	0	0	0	0
AF	0	0.112742	5	3	2	0	0	0	0
AF	0	0.113054	5	5	0	0	0	0	0
AF	0	0.113367	2	1	1	0	0	0	0
AF	0	0.113679	11	7	4	0	0	0	0
AF	0	0.113991	5	0	5	0	0	0	0
AF	0	0.114304	3	3	0	0	0	0	0
AF	0	0.114616	1	0	1	0	0	0	0
AF	0	0.114928	1	1	0	0	0	0	0
AF	0	0.115240	1	1	0	0	0	0	0
AF	0	0.116177	3	1	2	0	0	0	0
AF	0	0.116490	2	2	0	0	0	0	0
AF	0	0.116802	2	1	1	0	0	0	0
AF	0	0.117114	2	0	2	0	0	0	0
AF	0	0.117427	1	1	0	0	0	0	0
AF	0	0.118051	2	0	2	0	0	0	0
AF	0	0.118364	2	2	0	0	0	0	0
AF	0	0.118676	1	1	0	0	0	0	0
AF	0	0.119300	2	2	0	0	0	0	0
AF	0	0.119613	3	2	1	0	0	0	0
AF	0	0.119925	7	4	3	0	0	0	0
AF	0	0.120237	3	1	2	0	0	0	0
AF	0	0.120550	7	5	2	0	0	0	0
AF	0	0.120862	2	0	2	0	0	0	0
AF	0	0.121174	2	1	1	0	0	0	0
AF	0	0.121487	2	2	0	0	0	0	0
AF	0	0.121799	3	3	0	0	0	0	0
AF	0	0.122423	3	1	2	0	0	0	0
AF	0	0.123048	2	1	1	0	0	0	0
AF	0	0.123360	1	1	0	0	0	0	0
AF	0	0.123673	2	2	0	0	0	0	0
AF	0	0.124297	3	3	0	0	0	0	0
AF	0	0.124610	3	2	1	0	0	0	0
AF	0	0.124922	4	3	1	0	0	0	0
AF	0	0.125234	3	2	1	0	0	0	0
AF	0	0.125547	2	1	1	0	0	0	0
AF	0	0.125859	2	1	1	0	0	0	0
AF	0	0.126171	2	0	2	0	0	0	0
AF	0	0.126483	2	2	0	0	0	0	0
AF	0	0.126796	1	0	1	0	0	0	0
AF	0	0.127420	2	1	1	0	0	0	0
AF	0	0.127733	1	1	0	0	0	0	0
AF	0	0.128045	3	1	2	0	0	0	0
AF	0	0.128357	2	2	0	0	0	0	0
AF	0	0.128670	2	1	1	0	0	0	0
AF	0	0.128982	1	1	0	0	0	0	0
AF	0	0.129294	4	3	1	0	0	0	0
AF	0	0.129606	2	1	1	0	0	0	0
AF	0	0.130231	4	3	1	0	0	0	0
AF	0	0.130543	2	1	1	0	0	0	0
AF	0	0.131168	1	1	0	0	0	0	0
AF	0	0.131793	1	1	0	0	0	0	0
AF	0	0.132730	1	1	0	0	0	0	0
AF	0	0.133042	4	4	0	0	0	0	0
AF	0	0.133354	1	1	0	0	0	0	0
AF	0	0.133979	1	0	1	0	0	0	0
AF	0	0.134291	2	1	1	0	0	0	0
AF	0	0.134603	2	2	0	0	0	0	0
AF	0	0.135228	1	0	1	0	0	0	0
AF	0	0.135540	1	1	0	0	0	0	0
AF	0	0.135853	1	1	0	0	0	0	0
AF	0	0.136165	4	3	1	0	0	0	0
AF	0	0.137414	1	1	0	0	0	0	0
AF	0	0.138039	1	1	0	0	0	0	0
AF	0	0.139288	3	2	1	0	0	0	0
AF	0	0.139600	2	1	1	0	0	0	0
AF	0	0.139913	1	0	1	0	0	0	0
AF	0	0.140225	1	1	0	0	0	0	0
AF	0	0.140537	5	4	1	0	0	0	0
AF	0	0.140849	1	1	0	0	0	0	0
AF	0	0.141162	3	2	1	0	0	0	0
AF	0	0.141474	2	2	0	0	0	0	0
AF	0	0.141786	2	2	0	0	0	0	0
AF	0	0.142099	3	2	1	0	0	0	0
AF	0	0.143036	3	1	2	0	0	0	0
AF	0	0.143660	1	1	0	0	0	0	0
AF	0	0.143973	1	0	1	0	0	0	0
AF	0	0.144909	5	1	4	0	0	0	0
AF	0	0.145222	3	3	0	0	0	0	0
AF	0	0.145534	4	2	2	0	0	0	0
AF	0	0.146159	3	1	2	0	0	0	0
AF	0	0.146471	1	0	1	0	0	0	0
AF	0	0.146783	6	2	4	0	0	0	0
AF	0	0.147096	5	4	1	0	0	0	0
AF	0	0.147408	4	3	1	0	0	0	0
AF	0	0.147720	3	2	1	0	0	0	0
AF	0	0.148032	3	2	1	0	0	0	0
AF	0	0.148345	1	1	0	0	0	0	0
AF	0	0.148657	5	2	3	0	0	0	0
AF	0	0.148969	7	4	3	0	0	0	0
AF	0	0.149282	16	9	7	0	0	0	0
AF	0	0.149594	17	12	5	0	0	0	0
AF	0	0.149906	13	9	4	0	0	0	0
AF	0	0.150219	3	1	2	0	0	0	0
AF	0	0.150531	4	3	1	0	0	0	0
AF	0	0.150843	1	1	0	0	0	0	0
AF	0	0.151156	2	2	0	0	0	0	0
AF	0	0.151468	3	1	2	0	0	0	0
AF	0	0.151780	4	4	0	0	0	0	0
AF	0	0.152092	1	1	0	0	0	0	0
AF	0	0.152405	4	2	2	0	0	0	0
AF	0	0.152717	4	3	1	0	0	0	0
AF	0	0.153029	5	1	4	0	0	0	0
AF	0	0.153654	1	1	0	0	0	0	0
AF	0	0.154279	2	1	1	0	0	0	0
AF	0	0.154903	2	0	2	0	0	0	0
AF	0	0.155215	2	1	1	0	0	0	0
AF	0	0.155528	2	2	0	0	0	0	0
AF	0	0.156152	1	0	1	0	0	0	0
AF	0	0.156465	1	0	1	0	0	0	0
AF	0	0.156777	2	2	0	0	0	0	0
AF	0	0.157714	3	1	2	0	0	0	0
AF	0	0.158026	3	3	0	0	0	0	0
AF	0	0.158651	1	1	0	0	0	0	0
AF	0	0.158963	1	0	1	0	0	0	0
AF	0	0.159275	1	0	1	0	0	0	0
AF	0	0.159900	2	1	1	0	0	0	0
AF	0	0.160525	1	0	1	0	0	0	0
AF	0	0.160837	3	1	2	0	0	0	0
AF	0	0.161149	2	1	1	0	0	0	0
AF	0	0.161462	2	2	0	0	0	0	0
AF	0	0.161774	1	0	1	0	0	0	0
AF	0	0.162086	1	1	0	0	0	0	0
AF	0	0.162711	1	1	0	0	0	0	0
AF	0	0.163023	1	1	0	0	0	0	0
AF	0	0.163335	1	1	0	0	0	0	0
AF	0	0.163648	1	1	0	0	0	0	0
AF	0	0.164272	1	1	0	0	0	0	0
AF	0	0.164585	1	0	1	0	0	0	0
AF	0	0.164897	1	0	1	0	0	0	0
AF	0	0.166146	4	3	1	0	0	0	0
AF	0	0.166771	2	2	0	0	0	0	0
AF	0	0.167083	3	2	1	0	0	0	0
AF	0	0.167395	3	1	2	0	0	0	0
AF	0	0.168645	2	2	0	0	0	0	0
AF	0	0.168957	1	1	0	0	0	0	0
AF	0	0.169269	7	6	1	0	0	0	0
AF	0	0.169582	3	3	0	0	0	0	0
AF	0	0.169894	5	3	2	0	0	0	0
AF	0	0.170206	2	1	1	0	0	0	0
AF	0	0.170518	4	3	1	0	0	0	0
AF	0	0.170831	2	1	1	0	0	0	0
AF	0	0.171143	1	1	0	0	0	0	0
AF	0	0.171768	1	0	1	0	0	0	0
AF	0	0.172080	1	1	0	0	0	0	0
AF	0	0.172392	5	3	2	0	0	0	0
AF	0	0.172705	4	4	0	0	0	0	0
AF	0	0.173017	5	4	1	0	0	0	0
AF	0	0.173329	1	1	0	0	0	0	0
AF	0	0.173641	2	2	0	0	0	0	0
AF	0	0.174266	3	3	0	0	0	0	0
AF	0	0.175203	1	1	0	0	0	0	0
AF	0	0.176140	3	1	2	0	0	0	0
AF	0	0.176765	1	1	0	0	0	0	0
AF	0	0.177389	1	0	1	0	0	0	0
AF	0	0.177701	1	0	1	0	0	0	0
AF	0	0.178014	1	0	1	0	0	0	0
AF	0	0.178326	1	1	0	0	0	0	0
AF	0	0.178951	1	1	0	0	0	0	0
AF	0	0.180200	1	1	0	0	0	0	0
AF	0	0.180512	3	2	1	0	0	0	0
AF	0	0.181761	2	2	0	0	0	0	0
AF	0	0.183011	1	0	1	0	0	0	0
AF	0	0.186758	1	0	1	0	0	0	0
AF	0	0.187695	1	1	0	0	0	0	0
AF	0	0.189257	1	1	0	0	0	0	0
AF	0	0.189881	1	1	0	0	0	0	0
AF	0	0.190506	2	1	1	0	0	0	0
AF	0	0.190818	1	1	0	0	0	0	0
AF	0	0.191131	1	1	0	0	0	0	0
AF	0	0.192380	1	0	1	0	0	0	0
AF	0	0.192692	1	1	0	0	0	0	0
AF	0	0.193004	1	1	0	0	0	0	0
AF	0	0.193629	1	0	1	0	0	0	0
AF	0	0.194254	1	0	1	0	0	0	0
AF	0	0.194878	6	4	2	0	0	0	0
AF	0	0.195191	1	1	0	0	0	0	0
AF	0	0.195503	3	2	1	0	0	0	0
AF	0	0.195815	1	0	1	0	0	0	0
AF	0	0.196127	3	3	0	0	0	0	0
AF	0	0.196752	2	1	1	0	0	0	0
AF	0	0.197064	6	4	2	0	0	0	0
AF	0	0.197377	7	6	1	0	0	0	0
AF	0	0.197689	2	2	0	0	0	0	0
AF	0	0.198001	1	1	0	0	0	0	0
AF	0	0.198314	1	1	0	0	0	0	0
AF	0	0.198626	1	1	0	0	0	0	0
AF	0	0.198938	1	1	0	0	0	0	0
AF	0	0.199563	1	0	1	0	0	0	0
AF	0	0.199875	1	1	0	0	0	0	0
AF	0	0.200187	1	0	1	0	0	0	0
AF	0	0.200500	1	1	0	0	0	0	0
AF	0	0.201124	1	1	0	0	0	0	0
AF	0	0.201749	7	4	3	0	0	0	0
AF	0	0.202061	2	1	1	0	0	0	0
AF	0	0.202374	1	0	1	0	0	0	0
AF	0	0.202686	2	2	0	0	0	0	0
AF	0	0.203310	2	2	0	0	0	0	0
AF	0	0.203623	4	2	2	0	0	0	0
AF	0	0.203935	1	0	1	0	0	0	0
AF	0	0.204247	2	2	0	0	0	0	0
AF	0	0.204560	1	1	0	0	0	0	0
AF	0	0.205809	1	1	0	0	0	0	0
AF	0	0.206433	1	1	0	0	0	0	0
AF	0	0.207370	1	1	0	0	0	0	0
AF	0	0.207995	1	0	1	0	0	0	0
AF	0	0.208620	1	0	1	0	0	0	0
AF	0	0.209244	2	1	1	0	0	0	0
AF	0	0.211743	1	0	1	0	0	0	0
AF	0	0.212055	2	0	2	0	0	0	0
AF	0	0.212992	4	4	0	0	0	0	0
AF	0	0.213616	1	0	1	0	0	0	0
AF	0	0.214866	2	2	0	0	0	0	0
AF	0	0.216427	2	2	0	0	0	0	0
AF	0	0.217989	1	1	0	0	0	0	0
AF	0	0.218613	3	2	1	0	0	0	0
AF	0	0.219238	1	0	1	0	0	0	0
AF	0	0.226421	1	1	0	0	0	0	0
AF	0	0.227046	2	1	1	0	0	0	0
AF	0	0.228295	3	0	3	0	0	0	0
AF	0	0.229232	1	0	1	0	0	0	0
AF	0	0.229544	1	0	1	0	0	0	0
AF	0	0.231106	2	1	1	0	0	0	0
AF	0	0.231730	2	1	1	0	0	0	0
AF	0	0.232042	6	2	4	0	0	0	0
AF	0	0.232355	4	4	0	0	0	0	0
AF	0	0.232667	4	2	2	0	0	0	0
AF	0	0.233292	2	1	1	0	0	0	0
AF	0	0.233604	2	1	1	0	0	0	0
AF	0	0.235166	1	1	0	0	0	0	0
AF	0	0.236415	2	2	0	0	0	0	0
AF	0	0.237039	1	1	0	0	0	0	0
AF	0	0.237352	3	3	0	0	0	0	0
AF	0	0.237664	3	3	0	0	0	0	0
AF	0	0.237976	5	4	1	0	0	0	0
AF	0	0.238289	8	4	4	0	0	0	0
AF	0	0.238601	4	3	1	0	0	0	0
AF	0	0.238913	3	3	0	0	0	0	0
AF	0	0.239225	1	1	0	0	0	0	0
AF	0	0.239538	2	2	0	0	0	0	0
AF	0	0.239850	3	0	3	0	0	0	0
AF	0	0.240162	2	1	1	0	0	0	0
AF	0	0.240475	3	3	0	0	0	0	0
AF	0	0.240787	1	1	0	0	0	0	0
AF	0	0.241099	2	1	1	0	0	0	0
AF	0	0.241412	2	2	0	0	0	0	0
AF	0	0.241724	1	1	0	0	0	0	0
AF	0	0.242036	4	3	1	0	0	0	0
AF	0	0.242349	3	1	2	0	0	0	0
AF	0	0.242661	2	2	0	0	0	0	0
AF	0	0.242973	1	1	0	0	0	0	0
AF	0	0.243285	1	1	0	0	0	0	0
AF	0	0.243910	1	0	1	0	0	0	0
AF	0	0.244535	2	2	0	0	0	0	0
AF	0	0.245159	3	3	0	0	0	0	0
AF	0	0.245472	1	1	0	0	0	0	0
AF	0	0.245784	5	3	2	0	0	0	0
AF	0	0.246408	3	3	0	0	0	0	0
AF	0	0.246721	1	1	0	0	0	0	0
AF	0	0.248595	1	1	0	0	0	0	0
AF	0	0.248907	3	1	2	0	0	0	0
AF	0	0.250781	1	1	0	0	0	0	0
AF	0	0.254528	2	1	1	0	0	0	0
AF	0	0.255153	1	0	1	0	0	0	0
AF	0	0.255778	2	0	2	0	0	0	0
AF	0	0.256402	1	1	0	0	0	0	0
AF	0	0.257027	2	1	1	0	0	0	0
AF	0	0.257651	1	0	1	0	0	0	0
AF	0	0.258276	1	1	0	0	0	0	0
AF	0	0.258901	5	4	1	0	0	0	0
AF	0	0.259213	4	3	1	0	0	0	0
AF	0	0.259525	7	4	3	0	0	0	0
AF	0	0.260462	1	1	0	0	0	0	0
AF	0	0.260775	3	2	1	0	0	0	0
AF	0	0.263273	1	1	0	0	0	0	0
AF	0	0.263898	2	2	0	0	0	0	0
AF	0	0.264210	1	0	1	0	0	0	0
AF	0	0.265459	1	1	0	0	0	0	0
AF	0	0.266084	1	1	0	0	0	0	0
AF	0	0.267645	1	1	0	0	0	0	0
AF	0	0.272954	1	0	1	0	0	0	0
AF	0	0.277014	1	0	1	0	0	0	0
AF	0	0.279200	1	1	0	0	0	0	0
AF	0	0.279513	3	3	0	0	0	0	0
AF	0	0.279825	6	5	1	0	0	0	0
AF	0	0.280137	2	1	1	0	0	0	0
AF	0	0.280762	1	0	1	0	0	0	0
AF	0	0.281699	1	1	0	0	0	0	0
AF	0	0.282011	1	1	0	0	0	0	0
AF	0	0.282636	3	2	1	0	0	0	0
AF	0	0.283260	1	1	0	0	0	0	0
AF	0	0.283885	1	1	0	0	0	0	0
AF	0	0.285134	2	0	2	0	0	0	0
AF	0	0.285447	4	4	0	0	0	0	0
AF	0	0.285759	2	2	0	0	0	0	0
AF	0	0.286071	1	1	0	0	0	0	0
AF	0	0.287008	1	1	0	0	0	0	0
AF	0	0.287633	3	2	1	0	0	0	0
AF	0	0.289194	1	0	1	0	0	0	0
AF	0	0.290443	1	0	1	0	0	0	0
AF	0	0.290756	1	0	1	0	0	0	0
AF	0	0.291068	1	1	0	0	0	0	0
AF	0	0.291380	2	1	1	0	0	0	0
AF	0	0.291693	1	1	0	0	0	0	0
AF	0	0.292317	1	1	0	0	0	0	0
AF	0	0.293567	1	1	0	0	0	0	0
AF	0	0.293879	3	2	1	0	0	0	0
AF	0	0.296377	3	2	1	0	0	0	0
AF	0	0.299188	3	3	0	0	0	0	0
AF	0	0.299500	1	1	0	0	0	0	0
AF	0	0.303248	2	0	2	0	0	0	0
AF	0	0.304497	1	1	0	0	0	0	0
AF	0	0.305122	1	0	1	0	0	0	0
AF	0	0.305434	2	1	1	0	0	0	0
AF	0	0.305746	2	1	1	0	0	0	0
AF	0	0.306371	3	3	0	0	0	0	0
AF	0	0.307308	1	1	0	0	0	0	0
AF	0	0.307620	3	1	2	0	0	0	0
AF	0	0.307933	1	1	0	0	0	0	0
AF	0	0.308245	1	1	0	0	0	0	0
AF	0	0.308557	1	0	1	0	0	0	0
AF	0	0.309494	2	2	0	0	0	0	0
AF	0	0.310119	3	2	1	0	0	0	0
AF	0	0.314803	1	0	1	0	0	0	0
AF	0	0.316365	1	1	0	0	0	0	0
AF	0	0.317614	1	1	0	0	0	0	0
AF	0	0.320737	1	0	1	0	0	0	0
AF	0	0.321986	2	1	1	0	0	0	0
AF	0	0.322611	1	1	0	0	0	0	0
AF	0	0.323235	1	0	1	0	0	0	0
AF	0	0.328857	1	0	1	0	0	0	0
AF	0	0.330418	1	1	0	0	0	0	0
AF	0	0.331355	1	1	0	0	0	0	0
AF	0	0.332605	1	0	1	0	0	0	0
AF	0	0.337289	1	1	0	0	0	0	0
AF	0	0.337914	1	0	1	0	0	0	0
AF	0	0.339163	2	2	0	0	0	0	0
AF	0	0.340100	1	1	0	0	0	0	0
AF	0	0.342598	2	1	1	0	0	0	0
AF	0	0.342911	1	1	0	0	0	0	0
AF	0	0.343223	1	1	0	0	0	0	0
AF	0	0.343535	5	4	1	0	0	0	0
AF	0	0.343848	3	2	1	0	0	0	0
AF	0	0.344785	3	3	0	0	0	0	0
AF	0	0.345097	2	2	0	0	0	0	0
AF	0	0.350406	1	1	0	0	0	0	0
AF	0	0.350718	2	1	1	0	0	0	0
AF	0	0.354778	3	2	1	0	0	0	0
AF	0	0.360400	1	1	0	0	0	0	0
AF	0	0.363835	1	1	0	0	0	0	0
AF	0	0.365397	1	1	0	0	0	0	0
AF	0	0.368520	1	0	1	0	0	0	0
AF	0	0.368832	1	1	0	0	0	0	0
AF	0	0.369144	1	1	0	0	0	0	0
AF	0	0.371643	1	1	0	0	0	0	0
AF	0	0.371955	2	1	1	0	0	0	0
AF	0	0.372267	5	5	0	0	0	0	0
AF	0	0.372580	4	4	0	0	0	0	0
AF	0	0.372892	1	1	0	0	0	0	0
AF	0	0.373204	1	0	1	0	0	0	0
AF	0	0.374766	2	2	0	0	0	0	0
AF	0	0.375390	5	4	1	0	0	0	0
AF	0	0.376015	1	0	1	0	0	0	0
AF	0	0.377264	1	1	0	0	0	0	0
AF	0	0.378826	2	1	1	0	0	0	0
AF	0	0.384135	1	0	1	0	0	0	0
AF	0	0.385696	1	1	0	0	0	0	0
AF	0	0.386009	1	1	0	0	0	0	0
AF	0	0.388195	1	1	0	0	0	0	0
AF	0	0.389132	1	1	0	0	0	0	0
AF	0	0.389444	2	2	0	0	0	0	0
AF	0	0.389756	1	0	1	0	0	0	0
AF	0	0.390069	1	1	0	0	0	0	0
AF	0	0.390381	1	0	1	0	0	0	0
AF	0	0.390693	1	1	0	0	0	0	0
AF	0	0.391318	1	0	1	0	0	0	0
AF	0	0.392567	1	0	1	0	0	0	0
AF	0	0.393816	1	0	1	0	0	0	0
AF	0	0.394129	2	1	1	0	0	0	0
AF	0	0.394441	1	0	1	0	0	0	0
AF	0	0.395378	3	3	0	0	0	0	0
AF	0	0.397252	1	1	0	0	0	0	0
AF	0	0.398501	2	2	0	0	0	0	0
AF	0	0.399126	2	1	1	0	0	0	0
AF	0	0.400375	4	3	1	0	0	0	0
AF	0	0.400999	1	1	0	0	0	0	0
AF	0	0.402561	1	0	1	0	0	0	0
AF	0	0.404747	1	1	0	0	0	0	0
AF	0	0.405372	1	1	0	0	0	0	0
AF	0	0.405684	1	1	0	0	0	0	0
AF	0	0.405996	2	1	1	0	0	0	0
AF	0	0.407245	1	0	1	0	0	0	0
AF	0	0.411618	2	2	0	0	0	0	0
AF	0	0.413492	1	1	0	0	0	0	0
AF	0	0.415990	3	3	0	0	0	0	0
AF	0	0.416302	1	1	0	0	0	0	0
AF	0	0.416927	1	0	1	0	0	0	0
AF	0	0.417239	2	2	0	0	0	0	0
AF	0	0.417864	1	1	0	0	0	0	0
AF	0	0.418176	1	1	0	0	0	0	0
AF	0	0.419425	1	0	1	0	0	0	0
AF	0	0.421299	2	1	1	0	0	0	0
AF	0	0.421611	2	0	2	0	0	0	0
AF	0	0.422236	2	0	2	0	0	0	0
AF	0	0.422548	5	2	3	0	0	0	0
AF	0	0.424110	1	1	0	0	0	0	0
AF	0	0.425359	1	0	1	0	0	0	0
AF	0	0.426296	1	1	0	0	0	0	0
AF	0	0.426608	2	2	0	0	0	0	0
AF	0	0.427545	1	0	1	0	0	0	0
AF	0	0.427858	1	1	0	0	0	0	0
AF	0	0.430356	1	0	1	0	0	0	0
AF	0	0.430668	2	2	0	0	0	0	0
AF	0	0.430981	2	2	0	0	0	0	0
AF	0	0.431605	1	1	0	0	0	0	0
AF	0	0.432854	2	1	1	0	0	0	0
AF	0	0.433167	1	0	1	0	0	0	0
AF	0	0.433479	3	3	0	0	0	0	0
AF	0	0.433791	1	1	0	0	0	0	0
AF	0	0.434104	1	1	0	0	0	0	0
AF	0	0.435978	4	3	1	0	0	0	0
AF	0	0.436290	1	1	0	0	0	0	0
AF	0	0.436602	3	2	1	0	0	0	0
AF	0	0.436914	1	0	1	0	0	0	0
AF	0	0.437851	2	1	1	0	0	0	0
AF	0	0.438164	1	1	0	0	0	0	0
AF	0	0.438476	1	1	0	0	0	0	0
AF	0	0.438788	1	0	1	0	0	0	0
AF	0	0.439101	3	1	2	0	0	0	0
AF	0	0.439413	2	2	0	0	0	0	0
AF	0	0.439725	2	1	1	0	0	0	0
AF	0	0.440037	1	0	1	0	0	0	0
AF	0	0.440350	3	2	1	0	0	0	0
AF	0	0.440974	1	1	0	0	0	0	0
AF	0	0.441599	2	2	0	0	0	0	0
AF	0	0.442224	1	1	0	0	0	0	0
AF	0	0.442536	1	1	0	0	0	0	0
AF	0	0.442848	1	1	0	0	0	0	0
AF	0	0.443473	1	1	0	0	0	0	0
AF	0	0.444097	1	1	0	0	0	0	0
AF	0	0.444722	1	1	0	0	0	0	0
AF	0	0.445034	2	0	2	0	0	0	0
AF	0	0.445347	1	0	1	0	0	0	0
AF	0	0.445659	2	1	1	0	0	0	0
AF	0	0.445971	1	1	0	0	0	0	0
AF	0	0.446284	4	2	2	0	0	0	0
AF	0	0.446596	1	1	0	0	0	0	0
AF	0	0.447533	2	1	1	0	0	0	0
AF	0	0.447845	3	2	1	0	0	0	0
AF	0	0.448157	1	1	0	0	0	0	0
AF	0	0.448782	7	5	2	0	0	0	0
AF	0	0.449094	5	3	2	0	0	0	0
AF	0	0.449407	1	1	0	0	0	0	0
AF	0	0.450031	2	2	0	0	0	0	0
AF	0	0.450344	3	1	2	0	0	0	0
AF	0	0.450656	5	3	2	0	0	0	0
AF	0	0.451593	1	1	0	0	0	0	0
AF	0	0.451905	2	1	1	0	0	0	0
AF	0	0.452217	1	0	1	0	0	0	0
AF	0	0.452530	1	0	1	0	0	0	0
AF	0	0.452842	2	0	2	0	0	0	0
AF	0	0.453154	1	1	0	0	0	0	0
AF	0	0.453779	4	2	2	0	0	0	0
AF	0	0.454091	1	1	0	0	0	0	0
AF	0	0.454403	1	1	0	0	0	0	0
AF	0	0.455028	3	0	3	0	0	0	0
AF	0	0.455653	1	1	0	0	0	0	0
AF	0	0.456277	1	1	0	0	0	0	0
AF	0	0.456902	2	2	0	0	0	0	0
AF	0	0.457214	1	1	0	0	0	0	0
AF	0	0.457527	3	2	1	0	0	0	0
AF	0	0.458151	1	0	1	0	0	0	0
AF	0	0.458463	1	0	1	0	0	0	0
AF	0	0.458776	5	4	1	0	0	0	0
AF	0	0.459088	1	0	1	0	0	0	0
AF	0	0.459400	1	0	1	0	0	0	0
AF	0	0.460337	1	0	1	0	0	0	0
AF	0	0.460962	1	0	1	0	0	0	0
AF	0	0.461274	2	2	0	0	0	0	0
AF	0	0.461587	1	0	1	0	0	0	0
AF	0	0.462523	2	2	0	0	0	0	0
AF	0	0.463148	4	1	3	0	0	0	0
AF	0	0.463460	3	2	1	0	0	0	0
AF	0	0.464085	1	1	0	0	0	0	0
AF	0	0.465646	1	1	0	0	0	0	0
AF	0	0.467208	2	2	0	0	0	0	0
AF	0	0.467520	1	0	1	0	0	0	0
AF	0	0.467833	1	1	0	0	0	0	0
AF	0	0.469082	1	1	0	0	0	0	0
AF	0	0.471268	1	1	0	0	0	0	0
AF	0	0.471580	1	0	1	0	0	0	0
AF	0	0.472829	1	1	0	0	0	0	0
AF	0	0.473142	1	1	0	0	0	0	0
AF	0	0.473454	1	1	0	0	0	0	0
AF	0	0.473766	1	1	0	0	0	0	0
AF	0	0.474391	1	1	0	0	0	0	0
AF	0	0.474703	2	2	0	0	0	0	0
AF	0	0.475016	2	1	1	0	0	0	0
AF	0	0.475328	2	2	0	0	0	0	0
AF	0	0.475640	2	1	1	0	0	0	0
AF	0	0.475953	3	2	1	0	0	0	0
AF	0	0.476889	1	1	0	0	0	0	0
AF	0	0.477514	1	1	0	0	0	0	0
AF	0	0.478139	2	2	0	0	0	0	0
AF	0	0.479076	1	0	1	0	0	0	0
AF	0	0.479700	4	1	3	0	0	0	0
AF	0	0.480012	1	1	0	0	0	0	0
AF	0	0.480325	1	0	1	0	0	0	0
AF	0	0.481886	1	1	0	0	0	0	0
AF	0	0.482199	2	0	2	0	0	0	0
AF	0	0.482511	2	2	0	0	0	0	0
AF	0	0.482823	1	0	1	0	0	0	0
AF	0	0.483136	1	1	0	0	0	0	0
AF	0	0.483760	1	0	1	0	0	0	0
AF	0	0.484072	3	3	0	0	0	0	0
AF	0	0.484385	3	1	2	0	0	0	0
AF	0	0.485009	4	4	0	0	0	0	0
AF	0	0.485634	2	0	2	0	0	0	0
AF	0	0.486259	1	1	0	0	0	0	0
AF	0	0.488132	1	0	1	0	0	0	0
AF	0	0.488445	1	1	0	0	0	0	0
AF	0	0.488757	1	1	0	0	0	0	0
AF	0	0.489694	1	1	0	0	0	0	0
AF	0	0.490319	2	2	0	0	0	0	0
AF	0	0.490631	1	1	0	0	0	0	0
AF	0	0.493129	2	2	0	0	0	0	0
AF	0	0.494691	1	0	1	0	0	0	0
AF	0	0.497502	1	1	0	0	0	0	0
AF	0	0.497814	1	1	0	0	0	0	0
AF	0	0.499688	2	1	1	0	0	0	0
AF	0	0.500000	3	2	1	0	0	0	0
AF	0	0.500625	1	1	0	0	0	0	0
AF	0	0.501249	1	0	1	0	0	0	0
AF	0	0.504372	1	0	1	0	0	0	0
AF	0	0.504997	1	0	1	0	0	0	0
AF	0	0.505934	1	0	1	0	0	0	0
AF	0	0.506558	1	0	1	0	0	0	0
AF	0	0.506871	1	0	1	0	0	0	0
AF	0	0.507808	1	0	1	0	0	0	0
AF	0	0.508745	1	1	0	0	0	0	0
AF	0	0.510306	1	1	0	0	0	0	0
AF	0	0.510931	1	1	0	0	0	0	0
AF	0	0.511243	1	1	0	0	0	0	0
AF	0	0.511555	1	1	0	0	0	0	0
AF	0	0.511868	2	2	0	0	0	0	0
AF	0	0.512180	1	1	0	0	0	0	0
AF	0	0.513117	1	0	1	0	0	0	0
AF	0	0.514054	1	0	1	0	0	0	0
AF	0	0.514366	2	1	1	0	0	0	0
AF	0	0.514991	6	5	1	0	0	0	0
AF	0	0.515303	4	3	1	0	0	0	0
AF	0	0.516864	2	2	0	0	0	0	0
AF	0	0.517177	1	0	1	0	0	0	0
AF	0	0.518114	1	1	0	0	0	0	0
AF	0	0.518738	2	1	1	0	0	0	0
AF	0	0.519363	1	1	0	0	0	0	0
AF	0	0.519988	1	1	0	0	0	0	0
AF	0	0.520300	1	0	1	0	0	0	0
AF	0	0.520612	2	0	2	0	0	0	0
AF	0	0.520924	1	1	0	0	0	0	0
AF	0	0.521237	1	0	1	0	0	0	0
AF	0	0.522486	2	1	1	0	0	0	0
AF	0	0.523423	1	0	1	0	0	0	0
AF	0	0.524672	2	0	2	0	0	0	0
AF	0	0.525921	3	2	1	0	0	0	0
AF	0	0.526234	2	1	1	0	0	0	0
AF	0	0.527483	1	0	1	0	0	0	0
AF	0	0.527795	1	1	0	0	0	0	0
AF	0	0.528107	1	1	0	0	0	0	0
AF	0	0.528732	1	1	0	0	0	0	0
AF	0	0.531855	1	1	0	0	0	0	0
AF	0	0.533104	1	1	0	0	0	0	0
AF	0	0.534978	1	1	0	0	0	0	0
AF	0	0.535290	2	1	1	0	0	0	0
AF	0	0.535603	2	1	1	0	0	0	0
AF	0	0.535915	1	0	1	0	0	0	0
AF	0	0.537164	1	1	0	0	0	0	0
AF	0	0.537477	1	1	0	0	0	0	0
AF	0	0.538726	1	1	0	0	0	0	0
AF	0	0.539663	1	1	0	0	0	0	0
AF	0	0.543098	1	1	0	0	0	0	0
AF	0	0.543410	1	1	0	0	0	0	0
AF	0	0.544347	1	1	0	0	0	0	0
AF	0	0.544972	3	2	1	0	0	0	0
AF	0	0.545284	1	1	0	0	0	0	0
AF	0	0.545909	1	1	0	0	0	0	0
AF	0	0.548720	1	0	1	0	0	0	0
AF	0	0.552155	1	1	0	0	0	0	0
AF	0	0.554029	1	0	1	0	0	0	0
AF	0	0.556527	1	1	0	0	0	0	0
AF	0	0.556839	1	0	1	0	0	0	0
AF	0	0.557152	1	1	0	0	0	0	0
AF	0	0.557464	1	0	1	0	0	0	0
AF	0	0.557776	1	1	0	0	0	0	0
AF	0	0.558401	1	1	0	0	0	0	0
AF	0	0.559026	3	1	2	0	0	0	0
AF	0	0.559650	1	1	0	0	0	0	0
AF	0	0.560275	2	0	2	0	0	0	0
AF	0	0.560587	1	0	1	0	0	0	0
AF	0	0.561212	1	0	1	0	0	0	0
AF	0	0.561524	1	1	0	0	0	0	0
AF	0	0.562149	2	1	1	0	0	0	0
AF	0	0.562461	1	1	0	0	0	0	0
AF	0	0.562773	3	1	2	0	0	0	0
AF	0	0.563398	2	2	0	0	0	0	0
AF	0	0.563710	1	1	0	0	0	0	0
AF	0	0.564959	1	1	0	0	0	0	0
AF	0	0.565584	1	1	0	0	0	0	0
AF	0	0.565896	2	2	0	0	0	0	0
AF	0	0.566209	1	1	0	0	0	0	0
AF	0	0.566521	2	2	0	0	0	0	0
AF	0	0.568395	2	1	1	0	0	0	0
AF	0	0.568707	2	2	0	0	0	0	0
AF	0	0.569332	4	3	1	0	0	0	0
AF	0	0.569956	2	1	1	0	0	0	0
AF	0	0.570581	1	1	0	0	0	0	0
AF	0	0.571518	1	0	1	0	0	0	0
AF	0	0.572767	1	1	0	0	0	0	0
AF	0	0.573079	1	1	0	0	0	0	0
AF	0	0.574641	1	0	1	0	0	0	0
AF	0	0.575890	1	0	1	0	0	0	0
AF	0	0.576515	1	1	0	0	0	0	0
AF	0	0.577764	2	2	0	0	0	0	0
AF	0	0.578076	1	0	1	0	0	0	0
AF	0	0.579950	1	0	1	0	0	0	0
AF	0	0.580262	1	0	1	0	0	0	0
AF	0	0.580575	1	0	1	0	0	0	0
AF	0	0.580887	4	3	1	0	0	0	0
AF	0	0.588382	1	1	0	0	0	0	0
AF	0	0.592755	1	1	0	0	0	0	0
AF	0	0.593067	1	0	1	0	0	0	0
AF	0	0.593379	1	0	1	0	0	0	0
AF	0	0.594004	1	1	0	0	0	0	0
AF	0	0.594316	4	2	2	0	0	0	0
AF	0	0.594628	3	2	1	0	0	0	0
AF	0	0.595253	4	1	3	0	0	0	0
AF	0	0.595565	5	5	0	0	0	0	0
AF	0	0.595878	2	1	1	0	0	0	0
AF	0	0.596190	1	1	0	0	0	0	0
AF	0	0.596502	2	2	0	0	0	0	0
AF	0	0.596814	1	0	1	0	0	0	0
AF	0	0.598064	1	1	0	0	0	0	0
AF	0	0.598376	1	0	1	0	0	0	0
AF	0	0.599625	1	1	0	0	0	0	0
AF	0	0.599938	1	1	0	0	0	0	0
AF	0	0.601499	2	1	1	0	0	0	0
AF	0	0.601811	1	1	0	0	0	0	0
AF	0	0.602748	1	1	0	0	0	0	0
AF	0	0.603061	1	1	0	0	0	0	0
AF	0	0.603998	3	1	2	0	0	0	0
AF	0	0.604310	2	2	0	0	0	0	0
AF	0	0.604622	3	2	1	0	0	0	0
AF	0	0.604934	2	2	0	0	0	0	0
AF	0	0.605247	1	1	0	0	0	0	0
AF	0	0.605871	3	1	2	0	0	0	0
AF	0	0.606184	1	1	0	0	0	0	0
AF	0	0.607121	2	1	1	0	0	0	0
AF	0	0.607745	1	1	0	0	0	0	0
AF	0	0.608057	2	0	2	0	0	0	0
AF	0	0.608370	1	1	0	0	0	0	0
AF	0	0.608994	1	1	0	0	0	0	0
AF	0	0.609619	1	1	0	0	0	0	0
AF	0	0.610556	1	1	0	0	0	0	0
AF	0	0.611181	1	1	0	0	0	0	0
AF	0	0.611493	1	1	0	0	0	0	0
AF	0	0.612117	1	1	0	0	0	0	0
AF	0	0.616802	1	0	1	0	0	0	0
AF	0	0.617427	2	2	0	0	0	0	0
AF	0	0.617739	1	1	0	0	0	0	0
AF	0	0.618988	2	2	0	0	0	0	0
AF	0	0.619300	1	1	0	0	0	0	0
AF	0	0.620237	3	3	0	0	0	0	0
AF	0	0.625859	1	1	0	0	0	0	0
AF	0	0.627108	3	2	1	0	0	0	0
AF	0	0.628045	1	0	1	0	0	0	0
AF	0	0.631168	1	1	0	0	0	0	0
AF	0	0.631480	2	2	0	0	0	0	0
AF	0	0.634916	1	1	0	0	0	0	0
AF	0	0.636477	1	1	0	0	0	0	0
AF	0	0.638039	1	1	0	0	0	0	0
AF	0	0.638976	2	2	0	0	0	0	0
AF	0	0.639600	1	0	1	0	0	0	0
AF	0	0.640537	1	1	0	0	0	0	0
AF	0	0.644597	1	0	1	0	0	0	0
AF	0	0.645222	1	1	0	0	0	0	0
AF	0	0.645534	1	0	1	0	0	0	0
AF	0	0.646471	1	0	1	0	0	0	0
AF	0	0.647096	3	3	0	0	0	0	0
AF	0	0.647408	1	1	0	0	0	0	0
AF	0	0.647720	1	0	1	0	0	0	0
AF	0	0.648969	1	1	0	0	0	0	0
AF	0	0.649282	1	1	0	0	0	0	0
AF	0	0.650219	1	0	1	0	0	0	0
AF	0	0.650531	4	3	1	0	0	0	0
AF	0	0.650843	16	9	7	0	0	0	0
AF	0	0.651156	6	4	2	0	0	0	0
AF	0	0.651468	3	2	1	0	0	0	0
AF	0	0.652405	1	1	0	0	0	0	0
AF	0	0.653342	1	1	0	0	0	0	0
AF	0	0.653654	1	0	1	0	0	0	0
AF	0	0.653966	1	1	0	0	0	0	0
AF	0	0.654591	2	1	1	0	0	0	0
AF	0	0.655215	1	1	0	0	0	0	0
AF	0	0.655840	1	1	0	0	0	0	0
AF	0	0.658651	1	1	0	0	0	0	0
AF	0	0.660525	1	0	1	0	0	0	0
AF	0	0.660837	1	0	1	0	0	0	0
AF	0	0.662711	1	1	0	0	0	0	0
AF	0	0.664272	1	1	0	0	0	0	0
AF	0	0.664897	1	0	1	0	0	0	0
AF	0	0.668332	1	0	1	0	0	0	0
AF	0	0.669269	2	2	0	0	0	0	0
AF	0	0.669894	1	1	0	0	0	0	0
AF	0	0.670518	1	0	1	0	0	0	0
AF	0	0.671143	1	1	0	0	0	0	0
AF	0	0.678014	1	1	0	0	0	0	0
AF	0	0.678638	1	1	0	0	0	0	0
AF	0	0.680200	1	1	0	0	0	0	0
AF	0	0.680824	1	1	0	0	0	0	0
AF	0	0.683011	1	1	0	0	0	0	0
AF	0	0.683323	1	1	0	0	0	0	0
AF	0	0.688320	1	1	0	0	0	0	0
AF	0	0.690506	3	2	1	0	0	0	0
AF	0	0.691443	1	1	0	0	0	0	0
AF	0	0.692692	1	0	1	0	0	0	0
AF	0	0.695503	1	0	1	0	0	0	0
AF	0	0.696752	1	0	1	0	0	0	0
AF	0	0.697377	2	1	1	0	0	0	0
AF	0	0.698001	1	1	0	0	0	0	0
AF	0	0.700500	1	0	1	0	0	0	0
AF	0	0.701124	2	1	1	0	0	0	0
AF	0	0.701749	1	0	1	0	0	0	0
AF	0	0.702374	1	0	1	0	0	0	0
AF	0	0.705497	1	1	0	0	0	0	0
AF	0	0.706121	3	3	0	0	0	0	0
AF	0	0.707995	1	1	0	0	0	0	0
AF	0	0.708932	1	1	0	0	0	0	0
AF	0	0.713616	1	0	1	0	0	0	0
AF	0	0.714241	2	2	0	0	0	0	0
AF	0	0.714866	1	1	0	0	0	0	0
AF	0	0.717364	1	1	0	0	0	0	0
AF	0	0.722361	1	1	0	0	0	0	0
AF	0	0.735790	1	1	0	0	0	0	0
AF	0	0.751093	1	0	1	0	0	0	0
AF	0	0.775453	1	0	1	0	0	0	0
AF	0	0.794816	3	3	0	0	0	0	0
AF	0	0.795128	3	3	0	0	0	0	0
AF	0	0.795440	6	3	3	0	0	0	0
AF	0	0.795753	7	4	3	0	0	0	0
AF	0	0.796377	1	1	0	0	0	0	0
AF	0	0.797002	2	2	0	0	0	0	0
AF	0	0.800750	1	1	0	0	0	0	0
AF	0	0.802311	1	0	1	0	0	0	0
AF	0	0.812305	1	0	1	0	0	0	0
AF	0	0.814491	1	1	0	0	0	0	0
AF	0	0.831980	1	1	0	0	0	0	0
AF	0	0.838226	1	1	0	0	0	0	0
AF	0	0.840725	1	1	0	0	0	0	0
AF	0	0.846346	2	1	1	0	0	0	0
AF	0	0.851655	1	1	0	0	0	0	0
AF	0	0.851968	3	3	0	0	0	0	0
AF	0	0.855403	1	1	0	0	0	0	0
AF	0	0.856652	1	1	0	0	0	0	0
AF	0	0.857277	2	1	1	0	0	0	0
AF	0	0.860087	1	1	0	0	0	0	0
AF	0	0.866646	1	1	0	0	0	0	0
AF	0	0.869144	1	1	0	0	0	0	0
AF	0	0.887570	1	1	0	0	0	0	0
AF	0	0.892879	1	1	0	0	0	0	0
AF	0	0.905996	1	0	1	0	0	0	0
AF	0	0.906621	1	1	0	0	0	0	0
AF	0	0.922548	1	0	1	0	0	0	0
AF	0	0.930668	1	1	0	0	0	0	0
AF	0	0.930981	1	0	1	0	0	0	0
AF	0	0.939725	1	1	0	0	0	0	0
AF	0	0.941287	2	2	0	0	0	0	0
AF	0	0.942536	1	1	0	0	0	0	0
AF	0	0.949094	1	1	0	0	0	0	0
AF	0	0.961587	1	0	1	0	0	0	0
AF	0	0.963460	1	0	1	0	0	0	0
AF	0	0.964710	2	2	0	0	0	0	0
AF	0	0.965022	1	0	1	0	0	0	0
AF	0	0.972829	1	1	0	0	0	0	0
AF	0	0.974703	1	1	0	0	0	0	0
AF	0	0.977826	1	0	1	0	0	0	0
AF	0	0.984072	1	1	0	0	0	0	0
AF	0	0.989694	1	1	0	0	0	0	0
AF	0	0.990631	1	1	0	0	0	0	0
AF	0	0.991568	1	0	1	0	0	0	0
AF	0	0.997189	1	0	1	0	0	0	0
AF	0	0.997502	1	0	1	0	0	0	0
AF	0	0.998751	3	3	0	0	0	0	0
AF	0	0.999063	1	1	0	0	0	0	0
# QUAL, Stats by quality
# QUAL	[2]id	[3]Quality	[4]number of SNPs	[5]number of transitions (1st ALT)	[6]number of transversions (1st ALT)	[7]number of indels
QUAL	0	.	14643	9946	4697	0
# IDD, InDel distribution:
# IDD	[2]id	[3]length (deletions negative)	[4]number of sites	[5]number of genotypes	[6]mean VAF
# ST, Substitution types:
# ST	[2]id	[3]type	[4]count
ST	0	A>C	517
ST	0	A>G	2196
ST	0	A>T	562
ST	0	C>A	729
ST	0	C>G	593
ST	0	C>T	2868
ST	0	G>A	3021
ST	0	G>C	503
ST	0	G>T	706
ST	0	T>A	533
ST	0	T>C	1861
ST	0	T>G	554
# DP, Depth distribution
# DP	[2]id	[3]bin	[4]number of genotypes	[5]fraction of genotypes (%)	[6]number of sites	[7]fraction of sites (%)
  - Fix haploid genotypes in males...

Submit MakeDiploidMalesX finished successfully. Let's have a beer, buddy!

