Submit MakeDiploidMalesX
version 1.1.6 (2024-09-30)

These are the settings:
  Input file................: /hpc/local/Rocky8/dhl_ec/software/MonopogenLite/resources/1kGP_high_coverage_Illumina.SNVonly_poly.filtered_AF_5e-04.norm.fixvariantid.chrX.vcf.gz
  Output file...............: /hpc/local/Rocky8/dhl_ec/software/MonopogenLite/resources/1kGP_high_coverage_Illumina.SNVonly_poly.filtered_AF_5e-04.norm.fixvariantid.makediploid.chrX.vcf.gz
  Chunk size................: 100

  SLURM CPUs................: 4
  SLURM Array ID............: 98 (of 100)
  SLURM memory..............: 16G
  SLURM time................: 01:00:00
  SLURM mail type...........: FAIL
  SLURM mail user...........: s.w.vanderlaan-2@umcutrecht.nl

  Dry run mode..............: 0
  Debug mode................: 1
  Verbosity.................: 0
  Version...................: 1.1.6 (2024-09-30)

Making converting haploid genotypes to diploid genotypes.
> Extract the region for this SLURM task (# 98) from the BED file.
  - Get the chunk number from the SLURM array task ID and the bed file...
DEBUG: Extracting chunk number: 98p from 98
DEBUG: Extracting region from BED file: /hpc/local/Rocky8/dhl_ec/software/MonopogenLite/resources/chrX_100pieces.bed
  - Extract the region from the BED file...
DEBUG: Extracted raw region: 'chrX	151359577	152919984' (chunk #: 98p of 100 for job 98)
  - Check if a valid region was extracted -- should be 'chrX	151359577	152919984'...
  - Prepare the region for bcftools...
  - Check if the region (chrX:151359577-152919984) was successfully extracted...
> Processing region 'chrX:151359577-152919984'...
  - Process the specific region (chunk# 98) using bcftools view...
  - Index the VCF file...
DEBUG: Check if the VCF file was successfully processed...
##fileformat=VCFv4.2
##FILTER=<ID=PASS,Description="All filters passed">
##fileDate=29/01/2022 - 14:31:41
##source=shapeit4.2.2
##contig=<ID=chr1,length=248956422>
##contig=<ID=chr2,length=242193529>
##contig=<ID=chr3,length=198295559>
##contig=<ID=chr4,length=190214555>
##contig=<ID=chr5,length=181538259>
##contig=<ID=chr6,length=170805979>
# This file was produced by bcftools stats (1.20+htslib-1.20) and can be plotted using plot-vcfstats.
# The command line was:	bcftools stats  /hpc/local/Rocky8/dhl_ec/software/MonopogenLite/resources/chrX.part98.vcf.gz
#
# Definition of sets:
# ID	[2]id	[3]tab-separated file names
ID	0	/hpc/local/Rocky8/dhl_ec/software/MonopogenLite/resources/chrX.part98.vcf.gz
# SN, Summary numbers:
#   number of records   .. number of data rows in the VCF
#   number of no-ALTs   .. reference-only sites, ALT is either "." or identical to REF
#   number of SNPs      .. number of rows with a SNP
#   number of MNPs      .. number of rows with a MNP, such as CC>TT
#   number of indels    .. number of rows with an indel
#   number of others    .. number of rows with other type, for example a symbolic allele or
#                          a complex substitution, such as ACT>TCGA
#   number of multiallelic sites     .. number of rows with multiple alternate alleles
#   number of multiallelic SNP sites .. number of rows with multiple alternate alleles, all SNPs
# 
#   Note that rows containing multiple types will be counted multiple times, in each
#   counter. For example, a row with a SNP and an indel increments both the SNP and
#   the indel counter.
# 
# SN	[2]id	[3]key	[4]value
SN	0	number of samples:	3202
SN	0	number of records:	16339
SN	0	number of no-ALTs:	0
SN	0	number of SNPs:	16339
SN	0	number of MNPs:	0
SN	0	number of indels:	0
SN	0	number of others:	0
SN	0	number of multiallelic sites:	0
SN	0	number of multiallelic SNP sites:	0
# TSTV, transitions/transversions:
# TSTV	[2]id	[3]ts	[4]tv	[5]ts/tv	[6]ts (1st ALT)	[7]tv (1st ALT)	[8]ts/tv (1st ALT)
TSTV	0	11062	5277	2.10	11062	5277	2.10
# SiS, Singleton stats:
# SiS	[2]id	[3]allele count	[4]number of SNPs	[5]number of transitions	[6]number of transversions	[7]number of indels	[8]repeat-consistent	[9]repeat-inconsistent	[10]not applicable
SiS	0	1	0	0	0	0	0	0	0
# AF, Stats by non-reference allele frequency:
# AF	[2]id	[3]allele frequency	[4]number of SNPs	[5]number of transitions	[6]number of transversions	[7]number of indels	[8]repeat-consistent	[9]repeat-inconsistent	[10]not applicable
AF	0	0.000312	2488	1722	766	0	0	0	0
AF	0	0.000625	1507	1021	486	0	0	0	0
AF	0	0.000937	1791	1224	567	0	0	0	0
AF	0	0.001249	533	363	170	0	0	0	0
AF	0	0.001562	893	601	292	0	0	0	0
AF	0	0.001874	374	252	122	0	0	0	0
AF	0	0.002186	560	369	191	0	0	0	0
AF	0	0.002498	259	173	86	0	0	0	0
AF	0	0.002811	369	249	120	0	0	0	0
AF	0	0.003123	181	133	48	0	0	0	0
AF	0	0.003435	261	183	78	0	0	0	0
AF	0	0.003748	125	85	40	0	0	0	0
AF	0	0.004060	219	144	75	0	0	0	0
AF	0	0.004372	123	88	35	0	0	0	0
AF	0	0.004685	221	155	66	0	0	0	0
AF	0	0.004997	94	58	36	0	0	0	0
AF	0	0.005309	199	133	66	0	0	0	0
AF	0	0.005621	94	67	27	0	0	0	0
AF	0	0.005934	176	118	58	0	0	0	0
AF	0	0.006246	107	80	27	0	0	0	0
AF	0	0.006558	141	96	45	0	0	0	0
AF	0	0.006871	50	31	19	0	0	0	0
AF	0	0.007183	114	76	38	0	0	0	0
AF	0	0.007495	55	37	18	0	0	0	0
AF	0	0.007808	92	66	26	0	0	0	0
AF	0	0.008120	45	28	17	0	0	0	0
AF	0	0.008432	110	72	38	0	0	0	0
AF	0	0.008745	62	37	25	0	0	0	0
AF	0	0.009057	103	70	33	0	0	0	0
AF	0	0.009369	52	33	19	0	0	0	0
AF	0	0.009681	87	64	23	0	0	0	0
AF	0	0.009994	47	37	10	0	0	0	0
AF	0	0.010306	84	63	21	0	0	0	0
AF	0	0.010618	40	31	9	0	0	0	0
AF	0	0.010931	81	55	26	0	0	0	0
AF	0	0.011243	35	19	16	0	0	0	0
AF	0	0.011555	47	34	13	0	0	0	0
AF	0	0.011868	35	19	16	0	0	0	0
AF	0	0.012180	100	74	26	0	0	0	0
AF	0	0.012492	30	16	14	0	0	0	0
AF	0	0.012804	57	44	13	0	0	0	0
AF	0	0.013117	18	9	9	0	0	0	0
AF	0	0.013429	64	48	16	0	0	0	0
AF	0	0.013741	13	10	3	0	0	0	0
AF	0	0.014054	57	40	17	0	0	0	0
AF	0	0.014366	18	14	4	0	0	0	0
AF	0	0.014678	57	43	14	0	0	0	0
AF	0	0.014991	22	18	4	0	0	0	0
AF	0	0.015303	53	33	20	0	0	0	0
AF	0	0.015615	24	15	9	0	0	0	0
AF	0	0.015928	44	30	14	0	0	0	0
AF	0	0.016240	21	12	9	0	0	0	0
AF	0	0.016552	38	25	13	0	0	0	0
AF	0	0.016864	13	11	2	0	0	0	0
AF	0	0.017177	37	23	14	0	0	0	0
AF	0	0.017489	11	6	5	0	0	0	0
AF	0	0.017801	38	29	9	0	0	0	0
AF	0	0.018114	24	17	7	0	0	0	0
AF	0	0.018426	29	25	4	0	0	0	0
AF	0	0.018738	38	26	12	0	0	0	0
AF	0	0.019051	44	32	12	0	0	0	0
AF	0	0.019363	6	5	1	0	0	0	0
AF	0	0.019675	30	22	8	0	0	0	0
AF	0	0.019988	22	14	8	0	0	0	0
AF	0	0.020300	33	19	14	0	0	0	0
AF	0	0.020612	16	12	4	0	0	0	0
AF	0	0.020924	20	12	8	0	0	0	0
AF	0	0.021237	10	4	6	0	0	0	0
AF	0	0.021549	18	11	7	0	0	0	0
AF	0	0.021861	14	11	3	0	0	0	0
AF	0	0.022174	20	12	8	0	0	0	0
AF	0	0.022486	9	5	4	0	0	0	0
AF	0	0.022798	23	17	6	0	0	0	0
AF	0	0.023111	18	11	7	0	0	0	0
AF	0	0.023423	22	14	8	0	0	0	0
AF	0	0.023735	9	6	3	0	0	0	0
AF	0	0.024047	25	12	13	0	0	0	0
AF	0	0.024360	14	10	4	0	0	0	0
AF	0	0.024672	19	12	7	0	0	0	0
AF	0	0.024984	13	8	5	0	0	0	0
AF	0	0.025297	13	7	6	0	0	0	0
AF	0	0.025609	1	1	0	0	0	0	0
AF	0	0.025921	23	18	5	0	0	0	0
AF	0	0.026234	8	8	0	0	0	0	0
AF	0	0.026546	13	7	6	0	0	0	0
AF	0	0.026858	4	2	2	0	0	0	0
AF	0	0.027171	12	7	5	0	0	0	0
AF	0	0.027483	13	11	2	0	0	0	0
AF	0	0.027795	11	10	1	0	0	0	0
AF	0	0.028107	16	12	4	0	0	0	0
AF	0	0.028420	23	18	5	0	0	0	0
AF	0	0.028732	8	4	4	0	0	0	0
AF	0	0.029044	29	20	9	0	0	0	0
AF	0	0.029357	14	10	4	0	0	0	0
AF	0	0.029669	15	10	5	0	0	0	0
AF	0	0.029981	6	4	2	0	0	0	0
AF	0	0.030294	17	12	5	0	0	0	0
AF	0	0.030606	9	4	5	0	0	0	0
AF	0	0.030918	29	21	8	0	0	0	0
AF	0	0.031230	21	15	6	0	0	0	0
AF	0	0.031543	16	7	9	0	0	0	0
AF	0	0.031855	3	2	1	0	0	0	0
AF	0	0.032167	15	8	7	0	0	0	0
AF	0	0.032480	11	5	6	0	0	0	0
AF	0	0.032792	12	9	3	0	0	0	0
AF	0	0.033104	6	4	2	0	0	0	0
AF	0	0.033417	9	6	3	0	0	0	0
AF	0	0.034041	20	13	7	0	0	0	0
AF	0	0.034354	9	6	3	0	0	0	0
AF	0	0.034666	14	9	5	0	0	0	0
AF	0	0.034978	8	6	2	0	0	0	0
AF	0	0.035290	18	12	6	0	0	0	0
AF	0	0.035603	9	5	4	0	0	0	0
AF	0	0.035915	17	14	3	0	0	0	0
AF	0	0.036227	6	5	1	0	0	0	0
AF	0	0.036540	19	16	3	0	0	0	0
AF	0	0.036852	7	6	1	0	0	0	0
AF	0	0.037164	16	11	5	0	0	0	0
AF	0	0.037477	7	6	1	0	0	0	0
AF	0	0.037789	10	6	4	0	0	0	0
AF	0	0.038101	5	4	1	0	0	0	0
AF	0	0.038413	6	3	3	0	0	0	0
AF	0	0.038726	7	4	3	0	0	0	0
AF	0	0.039038	9	7	2	0	0	0	0
AF	0	0.039350	1	1	0	0	0	0	0
AF	0	0.039663	5	5	0	0	0	0	0
AF	0	0.039975	6	6	0	0	0	0	0
AF	0	0.040287	10	9	1	0	0	0	0
AF	0	0.040600	5	3	2	0	0	0	0
AF	0	0.040912	11	5	6	0	0	0	0
AF	0	0.041224	7	5	2	0	0	0	0
AF	0	0.041537	3	2	1	0	0	0	0
AF	0	0.041849	6	6	0	0	0	0	0
AF	0	0.042161	14	13	1	0	0	0	0
AF	0	0.042473	4	3	1	0	0	0	0
AF	0	0.042786	7	4	3	0	0	0	0
AF	0	0.043098	10	4	6	0	0	0	0
AF	0	0.043410	2	0	2	0	0	0	0
AF	0	0.043723	8	6	2	0	0	0	0
AF	0	0.044035	14	12	2	0	0	0	0
AF	0	0.044347	5	2	3	0	0	0	0
AF	0	0.044660	5	5	0	0	0	0	0
AF	0	0.044972	7	7	0	0	0	0	0
AF	0	0.045284	5	3	2	0	0	0	0
AF	0	0.045597	4	2	2	0	0	0	0
AF	0	0.045909	9	6	3	0	0	0	0
AF	0	0.046221	3	0	3	0	0	0	0
AF	0	0.046533	1	1	0	0	0	0	0
AF	0	0.046846	4	3	1	0	0	0	0
AF	0	0.047158	6	3	3	0	0	0	0
AF	0	0.047470	6	4	2	0	0	0	0
AF	0	0.047783	6	5	1	0	0	0	0
AF	0	0.048095	3	3	0	0	0	0	0
AF	0	0.048407	15	11	4	0	0	0	0
AF	0	0.048720	2	1	1	0	0	0	0
AF	0	0.049032	3	2	1	0	0	0	0
AF	0	0.049344	3	2	1	0	0	0	0
AF	0	0.049656	6	5	1	0	0	0	0
AF	0	0.049969	4	0	4	0	0	0	0
AF	0	0.050281	13	7	6	0	0	0	0
AF	0	0.050593	3	1	2	0	0	0	0
AF	0	0.050906	6	3	3	0	0	0	0
AF	0	0.051218	3	2	1	0	0	0	0
AF	0	0.051530	8	6	2	0	0	0	0
AF	0	0.051843	3	1	2	0	0	0	0
AF	0	0.052155	4	1	3	0	0	0	0
AF	0	0.052467	3	2	1	0	0	0	0
AF	0	0.052780	6	6	0	0	0	0	0
AF	0	0.053092	3	1	2	0	0	0	0
AF	0	0.053404	6	5	1	0	0	0	0
AF	0	0.053716	2	2	0	0	0	0	0
AF	0	0.054029	6	3	3	0	0	0	0
AF	0	0.054341	1	0	1	0	0	0	0
AF	0	0.054653	3	2	1	0	0	0	0
AF	0	0.055278	10	8	2	0	0	0	0
AF	0	0.055903	5	3	2	0	0	0	0
AF	0	0.056215	3	2	1	0	0	0	0
AF	0	0.056527	5	3	2	0	0	0	0
AF	0	0.056839	2	1	1	0	0	0	0
AF	0	0.057152	1	0	1	0	0	0	0
AF	0	0.057464	2	1	1	0	0	0	0
AF	0	0.057776	1	1	0	0	0	0	0
AF	0	0.058089	1	1	0	0	0	0	0
AF	0	0.058401	3	2	1	0	0	0	0
AF	0	0.059026	5	4	1	0	0	0	0
AF	0	0.059338	1	0	1	0	0	0	0
AF	0	0.059650	3	3	0	0	0	0	0
AF	0	0.059963	5	4	1	0	0	0	0
AF	0	0.060275	5	2	3	0	0	0	0
AF	0	0.060587	2	2	0	0	0	0	0
AF	0	0.060899	6	4	2	0	0	0	0
AF	0	0.061524	5	4	1	0	0	0	0
AF	0	0.062149	8	8	0	0	0	0	0
AF	0	0.062461	4	3	1	0	0	0	0
AF	0	0.062773	6	3	3	0	0	0	0
AF	0	0.063086	2	1	1	0	0	0	0
AF	0	0.063398	8	5	3	0	0	0	0
AF	0	0.063710	4	3	1	0	0	0	0
AF	0	0.064022	4	2	2	0	0	0	0
AF	0	0.064335	2	0	2	0	0	0	0
AF	0	0.064647	3	1	2	0	0	0	0
AF	0	0.064959	1	0	1	0	0	0	0
AF	0	0.065272	7	6	1	0	0	0	0
AF	0	0.065584	5	5	0	0	0	0	0
AF	0	0.065896	9	6	3	0	0	0	0
AF	0	0.066521	6	5	1	0	0	0	0
AF	0	0.066833	2	0	2	0	0	0	0
AF	0	0.067146	5	3	2	0	0	0	0
AF	0	0.067770	3	3	0	0	0	0	0
AF	0	0.068082	2	1	1	0	0	0	0
AF	0	0.068395	9	6	3	0	0	0	0
AF	0	0.068707	2	1	1	0	0	0	0
AF	0	0.069019	4	3	1	0	0	0	0
AF	0	0.069332	5	4	1	0	0	0	0
AF	0	0.069644	7	4	3	0	0	0	0
AF	0	0.069956	2	2	0	0	0	0	0
AF	0	0.070269	8	5	3	0	0	0	0
AF	0	0.070581	2	2	0	0	0	0	0
AF	0	0.070893	8	2	6	0	0	0	0
AF	0	0.071205	2	1	1	0	0	0	0
AF	0	0.071518	1	1	0	0	0	0	0
AF	0	0.071830	1	0	1	0	0	0	0
AF	0	0.072142	1	1	0	0	0	0	0
AF	0	0.072455	1	1	0	0	0	0	0
AF	0	0.072767	5	4	1	0	0	0	0
AF	0	0.073079	1	0	1	0	0	0	0
AF	0	0.073392	2	2	0	0	0	0	0
AF	0	0.073704	6	4	2	0	0	0	0
AF	0	0.074016	3	3	0	0	0	0	0
AF	0	0.074329	1	1	0	0	0	0	0
AF	0	0.074641	6	4	2	0	0	0	0
AF	0	0.074953	2	2	0	0	0	0	0
AF	0	0.075265	4	2	2	0	0	0	0
AF	0	0.075578	1	1	0	0	0	0	0
AF	0	0.075890	1	0	1	0	0	0	0
AF	0	0.076202	6	4	2	0	0	0	0
AF	0	0.076515	9	6	3	0	0	0	0
AF	0	0.076827	4	3	1	0	0	0	0
AF	0	0.077139	9	5	4	0	0	0	0
AF	0	0.077452	2	1	1	0	0	0	0
AF	0	0.077764	5	3	2	0	0	0	0
AF	0	0.078076	3	1	2	0	0	0	0
AF	0	0.078389	6	4	2	0	0	0	0
AF	0	0.078701	2	1	1	0	0	0	0
AF	0	0.079013	1	1	0	0	0	0	0
AF	0	0.079325	2	1	1	0	0	0	0
AF	0	0.079638	2	1	1	0	0	0	0
AF	0	0.080262	1	1	0	0	0	0	0
AF	0	0.080887	4	2	2	0	0	0	0
AF	0	0.081199	2	0	2	0	0	0	0
AF	0	0.081512	1	1	0	0	0	0	0
AF	0	0.081824	1	0	1	0	0	0	0
AF	0	0.082136	3	2	1	0	0	0	0
AF	0	0.082761	6	5	1	0	0	0	0
AF	0	0.083385	1	1	0	0	0	0	0
AF	0	0.083698	2	2	0	0	0	0	0
AF	0	0.084010	3	2	1	0	0	0	0
AF	0	0.084322	1	0	1	0	0	0	0
AF	0	0.085259	1	1	0	0	0	0	0
AF	0	0.085572	2	1	1	0	0	0	0
AF	0	0.085884	2	2	0	0	0	0	0
AF	0	0.086196	3	3	0	0	0	0	0
AF	0	0.086508	5	4	1	0	0	0	0
AF	0	0.087133	4	4	0	0	0	0	0
AF	0	0.087445	1	1	0	0	0	0	0
AF	0	0.087758	3	1	2	0	0	0	0
AF	0	0.088070	3	2	1	0	0	0	0
AF	0	0.088382	1	0	1	0	0	0	0
AF	0	0.089007	3	1	2	0	0	0	0
AF	0	0.089319	3	2	1	0	0	0	0
AF	0	0.089631	4	3	1	0	0	0	0
AF	0	0.089944	3	1	2	0	0	0	0
AF	0	0.090256	1	0	1	0	0	0	0
AF	0	0.090568	3	2	1	0	0	0	0
AF	0	0.090881	6	6	0	0	0	0	0
AF	0	0.091505	3	2	1	0	0	0	0
AF	0	0.091818	2	1	1	0	0	0	0
AF	0	0.092130	3	2	1	0	0	0	0
AF	0	0.092442	5	2	3	0	0	0	0
AF	0	0.092755	2	2	0	0	0	0	0
AF	0	0.093067	4	2	2	0	0	0	0
AF	0	0.093379	12	5	7	0	0	0	0
AF	0	0.094004	3	2	1	0	0	0	0
AF	0	0.094316	2	1	1	0	0	0	0
AF	0	0.094628	2	1	1	0	0	0	0
AF	0	0.094941	3	2	1	0	0	0	0
AF	0	0.095253	1	0	1	0	0	0	0
AF	0	0.095878	1	1	0	0	0	0	0
AF	0	0.096190	1	1	0	0	0	0	0
AF	0	0.096502	5	1	4	0	0	0	0
AF	0	0.097127	5	3	2	0	0	0	0
AF	0	0.097751	8	6	2	0	0	0	0
AF	0	0.098064	2	1	1	0	0	0	0
AF	0	0.098376	5	3	2	0	0	0	0
AF	0	0.099001	2	1	1	0	0	0	0
AF	0	0.099625	2	2	0	0	0	0	0
AF	0	0.099938	1	1	0	0	0	0	0
AF	0	0.100250	1	0	1	0	0	0	0
AF	0	0.100874	6	1	5	0	0	0	0
AF	0	0.101187	1	1	0	0	0	0	0
AF	0	0.102436	1	1	0	0	0	0	0
AF	0	0.102748	2	0	2	0	0	0	0
AF	0	0.103061	1	0	1	0	0	0	0
AF	0	0.103373	4	2	2	0	0	0	0
AF	0	0.103685	1	1	0	0	0	0	0
AF	0	0.103998	1	1	0	0	0	0	0
AF	0	0.104934	1	1	0	0	0	0	0
AF	0	0.105247	1	0	1	0	0	0	0
AF	0	0.105559	2	1	1	0	0	0	0
AF	0	0.105871	5	4	1	0	0	0	0
AF	0	0.106184	4	4	0	0	0	0	0
AF	0	0.106496	4	1	3	0	0	0	0
AF	0	0.106808	1	1	0	0	0	0	0
AF	0	0.107121	3	2	1	0	0	0	0
AF	0	0.107433	1	1	0	0	0	0	0
AF	0	0.107745	3	1	2	0	0	0	0
AF	0	0.108057	2	1	1	0	0	0	0
AF	0	0.108370	1	0	1	0	0	0	0
AF	0	0.108682	1	1	0	0	0	0	0
AF	0	0.108994	5	4	1	0	0	0	0
AF	0	0.109307	1	1	0	0	0	0	0
AF	0	0.109619	3	0	3	0	0	0	0
AF	0	0.109931	1	1	0	0	0	0	0
AF	0	0.110244	2	1	1	0	0	0	0
AF	0	0.110556	2	1	1	0	0	0	0
AF	0	0.110868	6	5	1	0	0	0	0
AF	0	0.111181	3	2	1	0	0	0	0
AF	0	0.111493	3	2	1	0	0	0	0
AF	0	0.111805	3	1	2	0	0	0	0
AF	0	0.112430	1	0	1	0	0	0	0
AF	0	0.112742	2	1	1	0	0	0	0
AF	0	0.113054	4	3	1	0	0	0	0
AF	0	0.113367	2	1	1	0	0	0	0
AF	0	0.113679	2	2	0	0	0	0	0
AF	0	0.114304	4	2	2	0	0	0	0
AF	0	0.114616	2	2	0	0	0	0	0
AF	0	0.114928	5	4	1	0	0	0	0
AF	0	0.115240	1	1	0	0	0	0	0
AF	0	0.115553	4	3	1	0	0	0	0
AF	0	0.115865	2	2	0	0	0	0	0
AF	0	0.116177	2	2	0	0	0	0	0
AF	0	0.116490	1	1	0	0	0	0	0
AF	0	0.116802	4	4	0	0	0	0	0
AF	0	0.117114	1	1	0	0	0	0	0
AF	0	0.117427	2	0	2	0	0	0	0
AF	0	0.117739	4	3	1	0	0	0	0
AF	0	0.118051	2	2	0	0	0	0	0
AF	0	0.118364	1	1	0	0	0	0	0
AF	0	0.118676	5	4	1	0	0	0	0
AF	0	0.118988	1	0	1	0	0	0	0
AF	0	0.119300	3	0	3	0	0	0	0
AF	0	0.119925	4	2	2	0	0	0	0
AF	0	0.120237	1	1	0	0	0	0	0
AF	0	0.120550	4	2	2	0	0	0	0
AF	0	0.120862	2	2	0	0	0	0	0
AF	0	0.121799	5	3	2	0	0	0	0
AF	0	0.122111	1	0	1	0	0	0	0
AF	0	0.122423	3	2	1	0	0	0	0
AF	0	0.123048	2	2	0	0	0	0	0
AF	0	0.123360	2	2	0	0	0	0	0
AF	0	0.123673	1	1	0	0	0	0	0
AF	0	0.124297	1	1	0	0	0	0	0
AF	0	0.124610	1	0	1	0	0	0	0
AF	0	0.125234	1	1	0	0	0	0	0
AF	0	0.125547	4	1	3	0	0	0	0
AF	0	0.125859	3	1	2	0	0	0	0
AF	0	0.126171	10	8	2	0	0	0	0
AF	0	0.126483	3	2	1	0	0	0	0
AF	0	0.126796	5	3	2	0	0	0	0
AF	0	0.127420	1	0	1	0	0	0	0
AF	0	0.128045	1	1	0	0	0	0	0
AF	0	0.128670	1	0	1	0	0	0	0
AF	0	0.128982	1	1	0	0	0	0	0
AF	0	0.129294	1	1	0	0	0	0	0
AF	0	0.129606	3	1	2	0	0	0	0
AF	0	0.129919	2	1	1	0	0	0	0
AF	0	0.130543	2	2	0	0	0	0	0
AF	0	0.131168	1	1	0	0	0	0	0
AF	0	0.131793	2	1	1	0	0	0	0
AF	0	0.132105	1	1	0	0	0	0	0
AF	0	0.132417	2	1	1	0	0	0	0
AF	0	0.132730	2	2	0	0	0	0	0
AF	0	0.133042	2	1	1	0	0	0	0
AF	0	0.133354	3	1	2	0	0	0	0
AF	0	0.133666	2	1	1	0	0	0	0
AF	0	0.134291	3	3	0	0	0	0	0
AF	0	0.134916	2	2	0	0	0	0	0
AF	0	0.135228	4	1	3	0	0	0	0
AF	0	0.135540	1	1	0	0	0	0	0
AF	0	0.136165	1	1	0	0	0	0	0
AF	0	0.136790	1	1	0	0	0	0	0
AF	0	0.137102	1	1	0	0	0	0	0
AF	0	0.137414	1	0	1	0	0	0	0
AF	0	0.138039	2	2	0	0	0	0	0
AF	0	0.138976	1	1	0	0	0	0	0
AF	0	0.139288	3	1	2	0	0	0	0
AF	0	0.139600	3	2	1	0	0	0	0
AF	0	0.139913	2	1	1	0	0	0	0
AF	0	0.140537	1	1	0	0	0	0	0
AF	0	0.140849	1	0	1	0	0	0	0
AF	0	0.141162	1	1	0	0	0	0	0
AF	0	0.141474	2	1	1	0	0	0	0
AF	0	0.142099	1	0	1	0	0	0	0
AF	0	0.142411	2	1	1	0	0	0	0
AF	0	0.142723	4	0	4	0	0	0	0
AF	0	0.143348	1	1	0	0	0	0	0
AF	0	0.143660	4	2	2	0	0	0	0
AF	0	0.143973	2	2	0	0	0	0	0
AF	0	0.144909	1	0	1	0	0	0	0
AF	0	0.145222	1	0	1	0	0	0	0
AF	0	0.145534	2	1	1	0	0	0	0
AF	0	0.146159	1	0	1	0	0	0	0
AF	0	0.146471	1	1	0	0	0	0	0
AF	0	0.146783	1	1	0	0	0	0	0
AF	0	0.148032	3	2	1	0	0	0	0
AF	0	0.148345	2	0	2	0	0	0	0
AF	0	0.148657	1	0	1	0	0	0	0
AF	0	0.148969	2	1	1	0	0	0	0
AF	0	0.149282	1	0	1	0	0	0	0
AF	0	0.149906	1	0	1	0	0	0	0
AF	0	0.150219	2	1	1	0	0	0	0
AF	0	0.150531	1	1	0	0	0	0	0
AF	0	0.151156	3	2	1	0	0	0	0
AF	0	0.151468	3	2	1	0	0	0	0
AF	0	0.151780	5	3	2	0	0	0	0
AF	0	0.152092	2	0	2	0	0	0	0
AF	0	0.152405	3	2	1	0	0	0	0
AF	0	0.152717	2	2	0	0	0	0	0
AF	0	0.153029	3	3	0	0	0	0	0
AF	0	0.153342	2	1	1	0	0	0	0
AF	0	0.153654	5	3	2	0	0	0	0
AF	0	0.153966	1	1	0	0	0	0	0
AF	0	0.154591	2	1	1	0	0	0	0
AF	0	0.154903	3	2	1	0	0	0	0
AF	0	0.155215	1	1	0	0	0	0	0
AF	0	0.155528	6	5	1	0	0	0	0
AF	0	0.155840	5	4	1	0	0	0	0
AF	0	0.156465	3	2	1	0	0	0	0
AF	0	0.156777	5	5	0	0	0	0	0
AF	0	0.157089	1	0	1	0	0	0	0
AF	0	0.157402	5	5	0	0	0	0	0
AF	0	0.157714	5	5	0	0	0	0	0
AF	0	0.158651	3	1	2	0	0	0	0
AF	0	0.158963	3	2	1	0	0	0	0
AF	0	0.159275	3	3	0	0	0	0	0
AF	0	0.159588	1	1	0	0	0	0	0
AF	0	0.160212	3	3	0	0	0	0	0
AF	0	0.160525	1	1	0	0	0	0	0
AF	0	0.160837	1	0	1	0	0	0	0
AF	0	0.161149	6	3	3	0	0	0	0
AF	0	0.161462	3	3	0	0	0	0	0
AF	0	0.161774	1	1	0	0	0	0	0
AF	0	0.162086	1	1	0	0	0	0	0
AF	0	0.163023	4	1	3	0	0	0	0
AF	0	0.163648	3	2	1	0	0	0	0
AF	0	0.163960	2	1	1	0	0	0	0
AF	0	0.164272	1	1	0	0	0	0	0
AF	0	0.165522	2	2	0	0	0	0	0
AF	0	0.166146	1	1	0	0	0	0	0
AF	0	0.166771	1	1	0	0	0	0	0
AF	0	0.167395	1	0	1	0	0	0	0
AF	0	0.167708	1	1	0	0	0	0	0
AF	0	0.168020	1	1	0	0	0	0	0
AF	0	0.168332	1	0	1	0	0	0	0
AF	0	0.168645	1	0	1	0	0	0	0
AF	0	0.168957	1	1	0	0	0	0	0
AF	0	0.169269	6	4	2	0	0	0	0
AF	0	0.169582	1	1	0	0	0	0	0
AF	0	0.169894	2	2	0	0	0	0	0
AF	0	0.170831	1	1	0	0	0	0	0
AF	0	0.171143	3	1	2	0	0	0	0
AF	0	0.171455	1	0	1	0	0	0	0
AF	0	0.171768	1	1	0	0	0	0	0
AF	0	0.172080	1	1	0	0	0	0	0
AF	0	0.172392	1	1	0	0	0	0	0
AF	0	0.173017	1	1	0	0	0	0	0
AF	0	0.173329	1	1	0	0	0	0	0
AF	0	0.173641	2	1	1	0	0	0	0
AF	0	0.174578	2	2	0	0	0	0	0
AF	0	0.174891	2	1	1	0	0	0	0
AF	0	0.175203	1	0	1	0	0	0	0
AF	0	0.175515	2	1	1	0	0	0	0
AF	0	0.176452	2	2	0	0	0	0	0
AF	0	0.176765	1	1	0	0	0	0	0
AF	0	0.177077	1	1	0	0	0	0	0
AF	0	0.177389	4	2	2	0	0	0	0
AF	0	0.178014	3	3	0	0	0	0	0
AF	0	0.178326	2	0	2	0	0	0	0
AF	0	0.178951	1	0	1	0	0	0	0
AF	0	0.179263	7	7	0	0	0	0	0
AF	0	0.179575	1	1	0	0	0	0	0
AF	0	0.180200	2	2	0	0	0	0	0
AF	0	0.180512	3	2	1	0	0	0	0
AF	0	0.180824	1	1	0	0	0	0	0
AF	0	0.181137	5	3	2	0	0	0	0
AF	0	0.182386	2	1	1	0	0	0	0
AF	0	0.182698	1	0	1	0	0	0	0
AF	0	0.183011	4	4	0	0	0	0	0
AF	0	0.183635	1	1	0	0	0	0	0
AF	0	0.183948	1	1	0	0	0	0	0
AF	0	0.184260	3	3	0	0	0	0	0
AF	0	0.184884	2	2	0	0	0	0	0
AF	0	0.185197	1	0	1	0	0	0	0
AF	0	0.185509	5	4	1	0	0	0	0
AF	0	0.185821	2	2	0	0	0	0	0
AF	0	0.186134	7	6	1	0	0	0	0
AF	0	0.186446	3	2	1	0	0	0	0
AF	0	0.186758	5	4	1	0	0	0	0
AF	0	0.187071	1	1	0	0	0	0	0
AF	0	0.187383	1	1	0	0	0	0	0
AF	0	0.187695	1	1	0	0	0	0	0
AF	0	0.188007	3	2	1	0	0	0	0
AF	0	0.188320	2	1	1	0	0	0	0
AF	0	0.188632	5	1	4	0	0	0	0
AF	0	0.189257	6	2	4	0	0	0	0
AF	0	0.189569	1	1	0	0	0	0	0
AF	0	0.190506	1	1	0	0	0	0	0
AF	0	0.190818	1	1	0	0	0	0	0
AF	0	0.191443	1	0	1	0	0	0	0
AF	0	0.191755	2	0	2	0	0	0	0
AF	0	0.192380	1	1	0	0	0	0	0
AF	0	0.193004	1	1	0	0	0	0	0
AF	0	0.193317	1	1	0	0	0	0	0
AF	0	0.193629	2	2	0	0	0	0	0
AF	0	0.194254	2	1	1	0	0	0	0
AF	0	0.194566	1	1	0	0	0	0	0
AF	0	0.194878	1	1	0	0	0	0	0
AF	0	0.195191	1	0	1	0	0	0	0
AF	0	0.195503	2	1	1	0	0	0	0
AF	0	0.195815	1	1	0	0	0	0	0
AF	0	0.196752	4	3	1	0	0	0	0
AF	0	0.197377	2	2	0	0	0	0	0
AF	0	0.197689	3	3	0	0	0	0	0
AF	0	0.198001	1	1	0	0	0	0	0
AF	0	0.198626	3	3	0	0	0	0	0
AF	0	0.198938	1	1	0	0	0	0	0
AF	0	0.199250	1	0	1	0	0	0	0
AF	0	0.199875	1	1	0	0	0	0	0
AF	0	0.200187	1	0	1	0	0	0	0
AF	0	0.200500	1	1	0	0	0	0	0
AF	0	0.200812	1	0	1	0	0	0	0
AF	0	0.201124	2	0	2	0	0	0	0
AF	0	0.201437	1	1	0	0	0	0	0
AF	0	0.201749	2	0	2	0	0	0	0
AF	0	0.202061	1	1	0	0	0	0	0
AF	0	0.202374	2	1	1	0	0	0	0
AF	0	0.202998	2	2	0	0	0	0	0
AF	0	0.203310	1	1	0	0	0	0	0
AF	0	0.203623	4	3	1	0	0	0	0
AF	0	0.203935	1	0	1	0	0	0	0
AF	0	0.204247	5	3	2	0	0	0	0
AF	0	0.204560	1	1	0	0	0	0	0
AF	0	0.204872	2	2	0	0	0	0	0
AF	0	0.205497	4	4	0	0	0	0	0
AF	0	0.205809	2	1	1	0	0	0	0
AF	0	0.206121	3	1	2	0	0	0	0
AF	0	0.206746	3	2	1	0	0	0	0
AF	0	0.207058	1	0	1	0	0	0	0
AF	0	0.207370	1	1	0	0	0	0	0
AF	0	0.207683	1	1	0	0	0	0	0
AF	0	0.208307	1	0	1	0	0	0	0
AF	0	0.208620	4	3	1	0	0	0	0
AF	0	0.208932	2	1	1	0	0	0	0
AF	0	0.209244	8	3	5	0	0	0	0
AF	0	0.209557	2	1	1	0	0	0	0
AF	0	0.210493	1	1	0	0	0	0	0
AF	0	0.211118	3	1	2	0	0	0	0
AF	0	0.211430	1	1	0	0	0	0	0
AF	0	0.211743	3	3	0	0	0	0	0
AF	0	0.212367	4	2	2	0	0	0	0
AF	0	0.212992	4	3	1	0	0	0	0
AF	0	0.213304	2	1	1	0	0	0	0
AF	0	0.213616	3	2	1	0	0	0	0
AF	0	0.213929	2	2	0	0	0	0	0
AF	0	0.214241	2	2	0	0	0	0	0
AF	0	0.215178	1	1	0	0	0	0	0
AF	0	0.215490	1	1	0	0	0	0	0
AF	0	0.216115	1	1	0	0	0	0	0
AF	0	0.216740	2	1	1	0	0	0	0
AF	0	0.217364	1	1	0	0	0	0	0
AF	0	0.217989	2	2	0	0	0	0	0
AF	0	0.218301	1	0	1	0	0	0	0
AF	0	0.218613	2	1	1	0	0	0	0
AF	0	0.218926	1	1	0	0	0	0	0
AF	0	0.219238	2	1	1	0	0	0	0
AF	0	0.219550	1	0	1	0	0	0	0
AF	0	0.219863	2	0	2	0	0	0	0
AF	0	0.220487	1	0	1	0	0	0	0
AF	0	0.221112	2	2	0	0	0	0	0
AF	0	0.221424	1	1	0	0	0	0	0
AF	0	0.221736	1	1	0	0	0	0	0
AF	0	0.222361	1	1	0	0	0	0	0
AF	0	0.222986	4	4	0	0	0	0	0
AF	0	0.223298	1	1	0	0	0	0	0
AF	0	0.223610	1	0	1	0	0	0	0
AF	0	0.223923	2	1	1	0	0	0	0
AF	0	0.224235	1	0	1	0	0	0	0
AF	0	0.224859	2	1	1	0	0	0	0
AF	0	0.225172	1	1	0	0	0	0	0
AF	0	0.225484	2	1	1	0	0	0	0
AF	0	0.225796	3	3	0	0	0	0	0
AF	0	0.226109	1	0	1	0	0	0	0
AF	0	0.226421	10	8	2	0	0	0	0
AF	0	0.226733	2	1	1	0	0	0	0
AF	0	0.227046	9	5	4	0	0	0	0
AF	0	0.227358	3	2	1	0	0	0	0
AF	0	0.227670	6	3	3	0	0	0	0
AF	0	0.227983	2	1	1	0	0	0	0
AF	0	0.228295	9	8	1	0	0	0	0
AF	0	0.228919	2	2	0	0	0	0	0
AF	0	0.229232	1	0	1	0	0	0	0
AF	0	0.229544	4	3	1	0	0	0	0
AF	0	0.229856	3	1	2	0	0	0	0
AF	0	0.230169	2	0	2	0	0	0	0
AF	0	0.230481	3	2	1	0	0	0	0
AF	0	0.230793	1	1	0	0	0	0	0
AF	0	0.231418	1	0	1	0	0	0	0
AF	0	0.231730	1	1	0	0	0	0	0
AF	0	0.232042	3	2	1	0	0	0	0
AF	0	0.232667	9	8	1	0	0	0	0
AF	0	0.232979	3	1	2	0	0	0	0
AF	0	0.234541	3	2	1	0	0	0	0
AF	0	0.235166	1	1	0	0	0	0	0
AF	0	0.235478	1	1	0	0	0	0	0
AF	0	0.235790	1	1	0	0	0	0	0
AF	0	0.236102	1	1	0	0	0	0	0
AF	0	0.236415	2	1	1	0	0	0	0
AF	0	0.236727	1	0	1	0	0	0	0
AF	0	0.237039	2	1	1	0	0	0	0
AF	0	0.237664	2	1	1	0	0	0	0
AF	0	0.238289	3	1	2	0	0	0	0
AF	0	0.238913	5	3	2	0	0	0	0
AF	0	0.239225	2	2	0	0	0	0	0
AF	0	0.239538	7	5	2	0	0	0	0
AF	0	0.240162	2	1	1	0	0	0	0
AF	0	0.240475	2	2	0	0	0	0	0
AF	0	0.240787	6	4	2	0	0	0	0
AF	0	0.241099	1	0	1	0	0	0	0
AF	0	0.241412	4	2	2	0	0	0	0
AF	0	0.242036	2	1	1	0	0	0	0
AF	0	0.242349	1	1	0	0	0	0	0
AF	0	0.242661	3	1	2	0	0	0	0
AF	0	0.242973	3	3	0	0	0	0	0
AF	0	0.243285	12	5	7	0	0	0	0
AF	0	0.243598	2	1	1	0	0	0	0
AF	0	0.243910	6	4	2	0	0	0	0
AF	0	0.244222	4	4	0	0	0	0	0
AF	0	0.244535	7	4	3	0	0	0	0
AF	0	0.245159	2	2	0	0	0	0	0
AF	0	0.245784	2	0	2	0	0	0	0
AF	0	0.246096	2	1	1	0	0	0	0
AF	0	0.246408	4	3	1	0	0	0	0
AF	0	0.246721	2	2	0	0	0	0	0
AF	0	0.247033	3	2	1	0	0	0	0
AF	0	0.247345	2	2	0	0	0	0	0
AF	0	0.247658	2	2	0	0	0	0	0
AF	0	0.247970	3	3	0	0	0	0	0
AF	0	0.248282	2	1	1	0	0	0	0
AF	0	0.248595	2	2	0	0	0	0	0
AF	0	0.248907	4	2	2	0	0	0	0
AF	0	0.249219	4	3	1	0	0	0	0
AF	0	0.249532	2	2	0	0	0	0	0
AF	0	0.250781	5	2	3	0	0	0	0
AF	0	0.251093	2	2	0	0	0	0	0
AF	0	0.251405	1	1	0	0	0	0	0
AF	0	0.252030	3	0	3	0	0	0	0
AF	0	0.252342	1	1	0	0	0	0	0
AF	0	0.252655	3	3	0	0	0	0	0
AF	0	0.252967	1	1	0	0	0	0	0
AF	0	0.253279	3	1	2	0	0	0	0
AF	0	0.254216	1	1	0	0	0	0	0
AF	0	0.254528	3	2	1	0	0	0	0
AF	0	0.254841	2	1	1	0	0	0	0
AF	0	0.255778	1	0	1	0	0	0	0
AF	0	0.256402	3	2	1	0	0	0	0
AF	0	0.257027	2	2	0	0	0	0	0
AF	0	0.257339	3	2	1	0	0	0	0
AF	0	0.257651	4	1	3	0	0	0	0
AF	0	0.257964	1	1	0	0	0	0	0
AF	0	0.258276	4	3	1	0	0	0	0
AF	0	0.258588	2	1	1	0	0	0	0
AF	0	0.258901	1	1	0	0	0	0	0
AF	0	0.259525	3	1	2	0	0	0	0
AF	0	0.260150	2	1	1	0	0	0	0
AF	0	0.260775	1	0	1	0	0	0	0
AF	0	0.261087	1	0	1	0	0	0	0
AF	0	0.261399	3	1	2	0	0	0	0
AF	0	0.261711	1	0	1	0	0	0	0
AF	0	0.262336	1	0	1	0	0	0	0
AF	0	0.262648	1	1	0	0	0	0	0
AF	0	0.262961	1	1	0	0	0	0	0
AF	0	0.263273	1	1	0	0	0	0	0
AF	0	0.263585	1	1	0	0	0	0	0
AF	0	0.264522	5	2	3	0	0	0	0
AF	0	0.265147	1	1	0	0	0	0	0
AF	0	0.266084	3	2	1	0	0	0	0
AF	0	0.266396	3	1	2	0	0	0	0
AF	0	0.267021	1	1	0	0	0	0	0
AF	0	0.269519	1	1	0	0	0	0	0
AF	0	0.270144	2	2	0	0	0	0	0
AF	0	0.271081	2	1	1	0	0	0	0
AF	0	0.271393	2	2	0	0	0	0	0
AF	0	0.271705	2	1	1	0	0	0	0
AF	0	0.272017	1	1	0	0	0	0	0
AF	0	0.272330	2	0	2	0	0	0	0
AF	0	0.272642	1	1	0	0	0	0	0
AF	0	0.272954	1	0	1	0	0	0	0
AF	0	0.273267	2	2	0	0	0	0	0
AF	0	0.273579	1	0	1	0	0	0	0
AF	0	0.273891	3	2	1	0	0	0	0
AF	0	0.274204	1	1	0	0	0	0	0
AF	0	0.274516	9	4	5	0	0	0	0
AF	0	0.275141	3	1	2	0	0	0	0
AF	0	0.275453	1	1	0	0	0	0	0
AF	0	0.275765	1	0	1	0	0	0	0
AF	0	0.276077	1	1	0	0	0	0	0
AF	0	0.276390	1	1	0	0	0	0	0
AF	0	0.277014	3	2	1	0	0	0	0
AF	0	0.277327	1	0	1	0	0	0	0
AF	0	0.277639	2	2	0	0	0	0	0
AF	0	0.277951	2	2	0	0	0	0	0
AF	0	0.278264	1	1	0	0	0	0	0
AF	0	0.278888	1	1	0	0	0	0	0
AF	0	0.279513	1	0	1	0	0	0	0
AF	0	0.279825	1	1	0	0	0	0	0
AF	0	0.280137	1	1	0	0	0	0	0
AF	0	0.280762	2	1	1	0	0	0	0
AF	0	0.281074	1	0	1	0	0	0	0
AF	0	0.281387	1	1	0	0	0	0	0
AF	0	0.281699	1	0	1	0	0	0	0
AF	0	0.282011	2	0	2	0	0	0	0
AF	0	0.282636	1	0	1	0	0	0	0
AF	0	0.282948	1	1	0	0	0	0	0
AF	0	0.283573	2	1	1	0	0	0	0
AF	0	0.283885	3	1	2	0	0	0	0
AF	0	0.284822	2	1	1	0	0	0	0
AF	0	0.286071	1	1	0	0	0	0	0
AF	0	0.287008	3	3	0	0	0	0	0
AF	0	0.288570	1	1	0	0	0	0	0
AF	0	0.289819	2	2	0	0	0	0	0
AF	0	0.290131	3	3	0	0	0	0	0
AF	0	0.290756	1	1	0	0	0	0	0
AF	0	0.291068	2	2	0	0	0	0	0
AF	0	0.291693	1	0	1	0	0	0	0
AF	0	0.292005	1	0	1	0	0	0	0
AF	0	0.292317	1	0	1	0	0	0	0
AF	0	0.292630	2	2	0	0	0	0	0
AF	0	0.293567	5	4	1	0	0	0	0
AF	0	0.293879	7	6	1	0	0	0	0
AF	0	0.294191	1	0	1	0	0	0	0
AF	0	0.294503	2	0	2	0	0	0	0
AF	0	0.295440	1	1	0	0	0	0	0
AF	0	0.295753	2	2	0	0	0	0	0
AF	0	0.296065	1	1	0	0	0	0	0
AF	0	0.296377	1	0	1	0	0	0	0
AF	0	0.297002	1	1	0	0	0	0	0
AF	0	0.297626	2	2	0	0	0	0	0
AF	0	0.297939	1	1	0	0	0	0	0
AF	0	0.298251	4	4	0	0	0	0	0
AF	0	0.298563	2	0	2	0	0	0	0
AF	0	0.298876	4	2	2	0	0	0	0
AF	0	0.299500	1	1	0	0	0	0	0
AF	0	0.300437	3	2	1	0	0	0	0
AF	0	0.301062	1	0	1	0	0	0	0
AF	0	0.301374	3	2	1	0	0	0	0
AF	0	0.302936	1	1	0	0	0	0	0
AF	0	0.303248	2	1	1	0	0	0	0
AF	0	0.303560	1	1	0	0	0	0	0
AF	0	0.303873	1	0	1	0	0	0	0
AF	0	0.304497	2	2	0	0	0	0	0
AF	0	0.306059	1	0	1	0	0	0	0
AF	0	0.306371	1	1	0	0	0	0	0
AF	0	0.306683	1	1	0	0	0	0	0
AF	0	0.308245	1	0	1	0	0	0	0
AF	0	0.308869	2	2	0	0	0	0	0
AF	0	0.309182	1	0	1	0	0	0	0
AF	0	0.309494	1	1	0	0	0	0	0
AF	0	0.309806	1	0	1	0	0	0	0
AF	0	0.310119	1	0	1	0	0	0	0
AF	0	0.310743	2	0	2	0	0	0	0
AF	0	0.311056	1	1	0	0	0	0	0
AF	0	0.311680	1	1	0	0	0	0	0
AF	0	0.311993	2	2	0	0	0	0	0
AF	0	0.312305	1	0	1	0	0	0	0
AF	0	0.312929	1	0	1	0	0	0	0
AF	0	0.313242	3	1	2	0	0	0	0
AF	0	0.314179	1	0	1	0	0	0	0
AF	0	0.314491	1	1	0	0	0	0	0
AF	0	0.315116	1	1	0	0	0	0	0
AF	0	0.316052	1	1	0	0	0	0	0
AF	0	0.316365	1	0	1	0	0	0	0
AF	0	0.316677	1	1	0	0	0	0	0
AF	0	0.316989	4	3	1	0	0	0	0
AF	0	0.317302	2	0	2	0	0	0	0
AF	0	0.317614	4	3	1	0	0	0	0
AF	0	0.317926	1	1	0	0	0	0	0
AF	0	0.318863	2	2	0	0	0	0	0
AF	0	0.319488	1	1	0	0	0	0	0
AF	0	0.320737	1	1	0	0	0	0	0
AF	0	0.321986	2	1	1	0	0	0	0
AF	0	0.322611	2	2	0	0	0	0	0
AF	0	0.322923	1	0	1	0	0	0	0
AF	0	0.323235	1	1	0	0	0	0	0
AF	0	0.323860	1	1	0	0	0	0	0
AF	0	0.324172	1	0	1	0	0	0	0
AF	0	0.324485	1	0	1	0	0	0	0
AF	0	0.324797	1	1	0	0	0	0	0
AF	0	0.326046	2	2	0	0	0	0	0
AF	0	0.326359	1	1	0	0	0	0	0
AF	0	0.326983	1	0	1	0	0	0	0
AF	0	0.327295	2	2	0	0	0	0	0
AF	0	0.327608	1	0	1	0	0	0	0
AF	0	0.328232	1	0	1	0	0	0	0
AF	0	0.328545	1	1	0	0	0	0	0
AF	0	0.328857	2	1	1	0	0	0	0
AF	0	0.329482	3	1	2	0	0	0	0
AF	0	0.330106	2	2	0	0	0	0	0
AF	0	0.330418	1	0	1	0	0	0	0
AF	0	0.330731	1	1	0	0	0	0	0
AF	0	0.331043	1	1	0	0	0	0	0
AF	0	0.331355	2	1	1	0	0	0	0
AF	0	0.331980	1	0	1	0	0	0	0
AF	0	0.332605	1	1	0	0	0	0	0
AF	0	0.333542	1	1	0	0	0	0	0
AF	0	0.333854	1	1	0	0	0	0	0
AF	0	0.335103	3	1	2	0	0	0	0
AF	0	0.335728	1	1	0	0	0	0	0
AF	0	0.336040	1	0	1	0	0	0	0
AF	0	0.336352	1	0	1	0	0	0	0
AF	0	0.336665	1	1	0	0	0	0	0
AF	0	0.336977	1	1	0	0	0	0	0
AF	0	0.337289	3	3	0	0	0	0	0
AF	0	0.337601	2	1	1	0	0	0	0
AF	0	0.337914	1	1	0	0	0	0	0
AF	0	0.338226	1	1	0	0	0	0	0
AF	0	0.338538	3	3	0	0	0	0	0
AF	0	0.339475	1	1	0	0	0	0	0
AF	0	0.339788	2	1	1	0	0	0	0
AF	0	0.340412	2	1	1	0	0	0	0
AF	0	0.341037	4	1	3	0	0	0	0
AF	0	0.341349	2	2	0	0	0	0	0
AF	0	0.341974	3	2	1	0	0	0	0
AF	0	0.342286	3	2	1	0	0	0	0
AF	0	0.342598	4	4	0	0	0	0	0
AF	0	0.342911	1	1	0	0	0	0	0
AF	0	0.343223	1	1	0	0	0	0	0
AF	0	0.343535	1	0	1	0	0	0	0
AF	0	0.344472	1	0	1	0	0	0	0
AF	0	0.344785	2	2	0	0	0	0	0
AF	0	0.345097	1	1	0	0	0	0	0
AF	0	0.345409	1	0	1	0	0	0	0
AF	0	0.346034	1	1	0	0	0	0	0
AF	0	0.346346	1	0	1	0	0	0	0
AF	0	0.346971	1	1	0	0	0	0	0
AF	0	0.347283	1	1	0	0	0	0	0
AF	0	0.347908	2	2	0	0	0	0	0
AF	0	0.348220	1	1	0	0	0	0	0
AF	0	0.348532	1	0	1	0	0	0	0
AF	0	0.349157	1	1	0	0	0	0	0
AF	0	0.349781	1	0	1	0	0	0	0
AF	0	0.350406	2	1	1	0	0	0	0
AF	0	0.350718	1	0	1	0	0	0	0
AF	0	0.351655	5	4	1	0	0	0	0
AF	0	0.352280	2	0	2	0	0	0	0
AF	0	0.352592	1	0	1	0	0	0	0
AF	0	0.352904	2	1	1	0	0	0	0
AF	0	0.354154	1	0	1	0	0	0	0
AF	0	0.355091	1	1	0	0	0	0	0
AF	0	0.356027	4	2	2	0	0	0	0
AF	0	0.356340	3	1	2	0	0	0	0
AF	0	0.356652	2	0	2	0	0	0	0
AF	0	0.357277	1	1	0	0	0	0	0
AF	0	0.357901	2	0	2	0	0	0	0
AF	0	0.358526	1	1	0	0	0	0	0
AF	0	0.359151	1	0	1	0	0	0	0
AF	0	0.360087	1	1	0	0	0	0	0
AF	0	0.361961	1	1	0	0	0	0	0
AF	0	0.362586	1	0	1	0	0	0	0
AF	0	0.363210	1	1	0	0	0	0	0
AF	0	0.363523	1	0	1	0	0	0	0
AF	0	0.364147	1	0	1	0	0	0	0
AF	0	0.364772	4	2	2	0	0	0	0
AF	0	0.365397	1	1	0	0	0	0	0
AF	0	0.366646	1	1	0	0	0	0	0
AF	0	0.366958	1	0	1	0	0	0	0
AF	0	0.367270	2	1	1	0	0	0	0
AF	0	0.367895	1	1	0	0	0	0	0
AF	0	0.368207	2	1	1	0	0	0	0
AF	0	0.368520	1	1	0	0	0	0	0
AF	0	0.369769	1	1	0	0	0	0	0
AF	0	0.370394	2	1	1	0	0	0	0
AF	0	0.370706	1	1	0	0	0	0	0
AF	0	0.372580	1	1	0	0	0	0	0
AF	0	0.372892	3	3	0	0	0	0	0
AF	0	0.374141	1	1	0	0	0	0	0
AF	0	0.376640	5	2	3	0	0	0	0
AF	0	0.376952	1	1	0	0	0	0	0
AF	0	0.377264	1	1	0	0	0	0	0
AF	0	0.378513	1	1	0	0	0	0	0
AF	0	0.379138	1	1	0	0	0	0	0
AF	0	0.379763	1	0	1	0	0	0	0
AF	0	0.381636	1	1	0	0	0	0	0
AF	0	0.383510	1	1	0	0	0	0	0
AF	0	0.384135	1	0	1	0	0	0	0
AF	0	0.384760	1	1	0	0	0	0	0
AF	0	0.385072	3	3	0	0	0	0	0
AF	0	0.385384	1	1	0	0	0	0	0
AF	0	0.385696	3	1	2	0	0	0	0
AF	0	0.386009	1	1	0	0	0	0	0
AF	0	0.386321	1	0	1	0	0	0	0
AF	0	0.386633	2	1	1	0	0	0	0
AF	0	0.387258	1	1	0	0	0	0	0
AF	0	0.388507	1	1	0	0	0	0	0
AF	0	0.389132	1	1	0	0	0	0	0
AF	0	0.389756	2	0	2	0	0	0	0
AF	0	0.390069	1	0	1	0	0	0	0
AF	0	0.390693	1	1	0	0	0	0	0
AF	0	0.391630	1	1	0	0	0	0	0
AF	0	0.392255	1	0	1	0	0	0	0
AF	0	0.392879	2	0	2	0	0	0	0
AF	0	0.393504	1	1	0	0	0	0	0
AF	0	0.393816	1	0	1	0	0	0	0
AF	0	0.394441	1	1	0	0	0	0	0
AF	0	0.395378	3	2	1	0	0	0	0
AF	0	0.396002	4	2	2	0	0	0	0
AF	0	0.398813	1	0	1	0	0	0	0
AF	0	0.399750	1	0	1	0	0	0	0
AF	0	0.401624	1	0	1	0	0	0	0
AF	0	0.401936	1	0	1	0	0	0	0
AF	0	0.402249	1	0	1	0	0	0	0
AF	0	0.403498	2	2	0	0	0	0	0
AF	0	0.404122	1	1	0	0	0	0	0
AF	0	0.404435	1	1	0	0	0	0	0
AF	0	0.404747	1	0	1	0	0	0	0
AF	0	0.405372	1	0	1	0	0	0	0
AF	0	0.407870	1	1	0	0	0	0	0
AF	0	0.408495	1	1	0	0	0	0	0
AF	0	0.409119	1	1	0	0	0	0	0
AF	0	0.409744	2	2	0	0	0	0	0
AF	0	0.410056	1	1	0	0	0	0	0
AF	0	0.410369	2	1	1	0	0	0	0
AF	0	0.410681	1	0	1	0	0	0	0
AF	0	0.412242	1	1	0	0	0	0	0
AF	0	0.412555	1	0	1	0	0	0	0
AF	0	0.412867	1	1	0	0	0	0	0
AF	0	0.414116	1	1	0	0	0	0	0
AF	0	0.414741	1	1	0	0	0	0	0
AF	0	0.416302	1	1	0	0	0	0	0
AF	0	0.416615	1	0	1	0	0	0	0
AF	0	0.419113	4	3	1	0	0	0	0
AF	0	0.420362	1	0	1	0	0	0	0
AF	0	0.424110	4	2	2	0	0	0	0
AF	0	0.424422	1	0	1	0	0	0	0
AF	0	0.425047	2	2	0	0	0	0	0
AF	0	0.425984	6	4	2	0	0	0	0
AF	0	0.428482	1	1	0	0	0	0	0
AF	0	0.429731	2	2	0	0	0	0	0
AF	0	0.430356	1	1	0	0	0	0	0
AF	0	0.430981	1	1	0	0	0	0	0
AF	0	0.431293	1	1	0	0	0	0	0
AF	0	0.431605	1	1	0	0	0	0	0
AF	0	0.432230	1	0	1	0	0	0	0
AF	0	0.432542	1	1	0	0	0	0	0
AF	0	0.432854	1	1	0	0	0	0	0
AF	0	0.433167	1	0	1	0	0	0	0
AF	0	0.433791	1	1	0	0	0	0	0
AF	0	0.435353	1	1	0	0	0	0	0
AF	0	0.435978	1	1	0	0	0	0	0
AF	0	0.436602	1	1	0	0	0	0	0
AF	0	0.436914	2	1	1	0	0	0	0
AF	0	0.437227	3	2	1	0	0	0	0
AF	0	0.437539	1	1	0	0	0	0	0
AF	0	0.438164	2	1	1	0	0	0	0
AF	0	0.438476	1	1	0	0	0	0	0
AF	0	0.438788	1	1	0	0	0	0	0
AF	0	0.439101	2	1	1	0	0	0	0
AF	0	0.439725	1	1	0	0	0	0	0
AF	0	0.440662	1	1	0	0	0	0	0
AF	0	0.440974	2	2	0	0	0	0	0
AF	0	0.443473	1	1	0	0	0	0	0
AF	0	0.444097	1	1	0	0	0	0	0
AF	0	0.444410	1	0	1	0	0	0	0
AF	0	0.445034	1	0	1	0	0	0	0
AF	0	0.445659	1	1	0	0	0	0	0
AF	0	0.447533	2	2	0	0	0	0	0
AF	0	0.448782	1	1	0	0	0	0	0
AF	0	0.449094	2	1	1	0	0	0	0
AF	0	0.450344	2	2	0	0	0	0	0
AF	0	0.450656	2	2	0	0	0	0	0
AF	0	0.450968	1	1	0	0	0	0	0
AF	0	0.451280	2	0	2	0	0	0	0
AF	0	0.451593	1	1	0	0	0	0	0
AF	0	0.452217	1	0	1	0	0	0	0
AF	0	0.452530	3	2	1	0	0	0	0
AF	0	0.452842	1	0	1	0	0	0	0
AF	0	0.454091	1	0	1	0	0	0	0
AF	0	0.454403	1	1	0	0	0	0	0
AF	0	0.454716	1	1	0	0	0	0	0
AF	0	0.455028	2	2	0	0	0	0	0
AF	0	0.456277	2	2	0	0	0	0	0
AF	0	0.456590	1	1	0	0	0	0	0
AF	0	0.459400	2	2	0	0	0	0	0
AF	0	0.460337	1	1	0	0	0	0	0
AF	0	0.460650	1	1	0	0	0	0	0
AF	0	0.461899	1	1	0	0	0	0	0
AF	0	0.462523	1	1	0	0	0	0	0
AF	0	0.465959	2	2	0	0	0	0	0
AF	0	0.466896	1	0	1	0	0	0	0
AF	0	0.470956	1	1	0	0	0	0	0
AF	0	0.471893	1	1	0	0	0	0	0
AF	0	0.472205	1	1	0	0	0	0	0
AF	0	0.473142	1	1	0	0	0	0	0
AF	0	0.473454	2	2	0	0	0	0	0
AF	0	0.474079	2	2	0	0	0	0	0
AF	0	0.474391	1	1	0	0	0	0	0
AF	0	0.475328	1	1	0	0	0	0	0
AF	0	0.475640	2	1	1	0	0	0	0
AF	0	0.475953	1	0	1	0	0	0	0
AF	0	0.477514	1	1	0	0	0	0	0
AF	0	0.478139	1	1	0	0	0	0	0
AF	0	0.478763	1	1	0	0	0	0	0
AF	0	0.479388	1	0	1	0	0	0	0
AF	0	0.479700	1	1	0	0	0	0	0
AF	0	0.480012	1	1	0	0	0	0	0
AF	0	0.480325	1	1	0	0	0	0	0
AF	0	0.481574	1	1	0	0	0	0	0
AF	0	0.482511	1	1	0	0	0	0	0
AF	0	0.483760	1	1	0	0	0	0	0
AF	0	0.484072	1	1	0	0	0	0	0
AF	0	0.486259	2	1	1	0	0	0	0
AF	0	0.488132	1	0	1	0	0	0	0
AF	0	0.489382	1	0	1	0	0	0	0
AF	0	0.490319	1	1	0	0	0	0	0
AF	0	0.490631	1	1	0	0	0	0	0
AF	0	0.491255	2	1	1	0	0	0	0
AF	0	0.491880	1	0	1	0	0	0	0
AF	0	0.492505	2	1	1	0	0	0	0
AF	0	0.492817	1	1	0	0	0	0	0
AF	0	0.493442	1	1	0	0	0	0	0
AF	0	0.496252	1	0	1	0	0	0	0
AF	0	0.496565	1	1	0	0	0	0	0
AF	0	0.496877	1	1	0	0	0	0	0
AF	0	0.498126	2	1	1	0	0	0	0
AF	0	0.500937	2	1	1	0	0	0	0
AF	0	0.501249	1	1	0	0	0	0	0
AF	0	0.501874	1	0	1	0	0	0	0
AF	0	0.502498	2	2	0	0	0	0	0
AF	0	0.506246	1	1	0	0	0	0	0
AF	0	0.506871	1	0	1	0	0	0	0
AF	0	0.507495	1	1	0	0	0	0	0
AF	0	0.507808	1	1	0	0	0	0	0
AF	0	0.509057	1	0	1	0	0	0	0
AF	0	0.509681	2	1	1	0	0	0	0
AF	0	0.510618	3	2	1	0	0	0	0
AF	0	0.510931	4	1	3	0	0	0	0
AF	0	0.511243	22	18	4	0	0	0	0
AF	0	0.511555	2	1	1	0	0	0	0
AF	0	0.511868	2	1	1	0	0	0	0
AF	0	0.512180	1	1	0	0	0	0	0
AF	0	0.512492	2	1	1	0	0	0	0
AF	0	0.513117	1	1	0	0	0	0	0
AF	0	0.513741	2	2	0	0	0	0	0
AF	0	0.514054	1	0	1	0	0	0	0
AF	0	0.514366	2	2	0	0	0	0	0
AF	0	0.514678	1	0	1	0	0	0	0
AF	0	0.515303	1	1	0	0	0	0	0
AF	0	0.515928	1	1	0	0	0	0	0
AF	0	0.517801	1	0	1	0	0	0	0
AF	0	0.518114	1	0	1	0	0	0	0
AF	0	0.518426	2	2	0	0	0	0	0
AF	0	0.518738	1	0	1	0	0	0	0
AF	0	0.519051	2	2	0	0	0	0	0
AF	0	0.519363	1	0	1	0	0	0	0
AF	0	0.521861	2	1	1	0	0	0	0
AF	0	0.522174	1	0	1	0	0	0	0
AF	0	0.522486	2	1	1	0	0	0	0
AF	0	0.524672	1	1	0	0	0	0	0
AF	0	0.524984	2	1	1	0	0	0	0
AF	0	0.527483	2	1	1	0	0	0	0
AF	0	0.528107	1	1	0	0	0	0	0
AF	0	0.530294	1	1	0	0	0	0	0
AF	0	0.530606	1	0	1	0	0	0	0
AF	0	0.530918	1	1	0	0	0	0	0
AF	0	0.531855	1	0	1	0	0	0	0
AF	0	0.532167	1	0	1	0	0	0	0
AF	0	0.532792	1	1	0	0	0	0	0
AF	0	0.533104	1	1	0	0	0	0	0
AF	0	0.533729	1	1	0	0	0	0	0
AF	0	0.534041	1	1	0	0	0	0	0
AF	0	0.535603	4	2	2	0	0	0	0
AF	0	0.536227	1	1	0	0	0	0	0
AF	0	0.536852	1	0	1	0	0	0	0
AF	0	0.538726	3	0	3	0	0	0	0
AF	0	0.539038	1	0	1	0	0	0	0
AF	0	0.540600	1	0	1	0	0	0	0
AF	0	0.541849	1	1	0	0	0	0	0
AF	0	0.543098	1	1	0	0	0	0	0
AF	0	0.544347	1	0	1	0	0	0	0
AF	0	0.544660	3	1	2	0	0	0	0
AF	0	0.544972	7	2	5	0	0	0	0
AF	0	0.545597	1	1	0	0	0	0	0
AF	0	0.545909	1	1	0	0	0	0	0
AF	0	0.546221	1	0	1	0	0	0	0
AF	0	0.546846	2	1	1	0	0	0	0
AF	0	0.547158	1	0	1	0	0	0	0
AF	0	0.547470	1	1	0	0	0	0	0
AF	0	0.547783	2	2	0	0	0	0	0
AF	0	0.548095	1	1	0	0	0	0	0
AF	0	0.548720	1	1	0	0	0	0	0
AF	0	0.550593	2	1	1	0	0	0	0
AF	0	0.551218	1	1	0	0	0	0	0
AF	0	0.552467	1	1	0	0	0	0	0
AF	0	0.553092	1	1	0	0	0	0	0
AF	0	0.554341	1	1	0	0	0	0	0
AF	0	0.557464	1	1	0	0	0	0	0
AF	0	0.557776	1	1	0	0	0	0	0
AF	0	0.558713	1	0	1	0	0	0	0
AF	0	0.559338	1	0	1	0	0	0	0
AF	0	0.561524	2	0	2	0	0	0	0
AF	0	0.564647	3	3	0	0	0	0	0
AF	0	0.565272	2	1	1	0	0	0	0
AF	0	0.566209	1	1	0	0	0	0	0
AF	0	0.568082	1	1	0	0	0	0	0
AF	0	0.568395	1	0	1	0	0	0	0
AF	0	0.569332	1	0	1	0	0	0	0
AF	0	0.569644	1	0	1	0	0	0	0
AF	0	0.571518	1	1	0	0	0	0	0
AF	0	0.571830	2	2	0	0	0	0	0
AF	0	0.574016	1	0	1	0	0	0	0
AF	0	0.574953	1	0	1	0	0	0	0
AF	0	0.575890	1	0	1	0	0	0	0
AF	0	0.576515	1	1	0	0	0	0	0
AF	0	0.577139	1	0	1	0	0	0	0
AF	0	0.577452	2	2	0	0	0	0	0
AF	0	0.579013	1	1	0	0	0	0	0
AF	0	0.579638	3	3	0	0	0	0	0
AF	0	0.584635	1	1	0	0	0	0	0
AF	0	0.585884	1	1	0	0	0	0	0
AF	0	0.586508	1	1	0	0	0	0	0
AF	0	0.589007	1	0	1	0	0	0	0
AF	0	0.589319	1	0	1	0	0	0	0
AF	0	0.590568	1	0	1	0	0	0	0
AF	0	0.592755	1	0	1	0	0	0	0
AF	0	0.593067	1	1	0	0	0	0	0
AF	0	0.594004	1	0	1	0	0	0	0
AF	0	0.595253	1	0	1	0	0	0	0
AF	0	0.595565	2	1	1	0	0	0	0
AF	0	0.595878	1	1	0	0	0	0	0
AF	0	0.597127	1	1	0	0	0	0	0
AF	0	0.597751	1	0	1	0	0	0	0
AF	0	0.598376	3	1	2	0	0	0	0
AF	0	0.599001	3	2	1	0	0	0	0
AF	0	0.599625	1	0	1	0	0	0	0
AF	0	0.599938	1	1	0	0	0	0	0
AF	0	0.600250	1	1	0	0	0	0	0
AF	0	0.601811	1	1	0	0	0	0	0
AF	0	0.604622	1	0	1	0	0	0	0
AF	0	0.606496	1	1	0	0	0	0	0
AF	0	0.608994	1	0	1	0	0	0	0
AF	0	0.614304	1	1	0	0	0	0	0
AF	0	0.614616	1	1	0	0	0	0	0
AF	0	0.616802	1	0	1	0	0	0	0
AF	0	0.617114	1	0	1	0	0	0	0
AF	0	0.618988	1	1	0	0	0	0	0
AF	0	0.619613	2	0	2	0	0	0	0
AF	0	0.619925	1	1	0	0	0	0	0
AF	0	0.620862	1	1	0	0	0	0	0
AF	0	0.623360	1	1	0	0	0	0	0
AF	0	0.623985	1	1	0	0	0	0	0
AF	0	0.624297	2	2	0	0	0	0	0
AF	0	0.624922	1	1	0	0	0	0	0
AF	0	0.626483	1	1	0	0	0	0	0
AF	0	0.627108	1	1	0	0	0	0	0
AF	0	0.627420	2	1	1	0	0	0	0
AF	0	0.627733	1	1	0	0	0	0	0
AF	0	0.628982	1	0	1	0	0	0	0
AF	0	0.629606	1	1	0	0	0	0	0
AF	0	0.630231	1	1	0	0	0	0	0
AF	0	0.630543	1	0	1	0	0	0	0
AF	0	0.631793	3	1	2	0	0	0	0
AF	0	0.634603	1	0	1	0	0	0	0
AF	0	0.634916	2	2	0	0	0	0	0
AF	0	0.636790	1	0	1	0	0	0	0
AF	0	0.638039	1	1	0	0	0	0	0
AF	0	0.639913	1	1	0	0	0	0	0
AF	0	0.641474	1	1	0	0	0	0	0
AF	0	0.641786	1	0	1	0	0	0	0
AF	0	0.642723	1	1	0	0	0	0	0
AF	0	0.645846	2	2	0	0	0	0	0
AF	0	0.646471	1	1	0	0	0	0	0
AF	0	0.646783	1	0	1	0	0	0	0
AF	0	0.648345	1	0	1	0	0	0	0
AF	0	0.649906	1	0	1	0	0	0	0
AF	0	0.651780	2	1	1	0	0	0	0
AF	0	0.653966	1	1	0	0	0	0	0
AF	0	0.655215	1	1	0	0	0	0	0
AF	0	0.656152	1	0	1	0	0	0	0
AF	0	0.656465	1	1	0	0	0	0	0
AF	0	0.656777	1	1	0	0	0	0	0
AF	0	0.657714	1	0	1	0	0	0	0
AF	0	0.658339	1	1	0	0	0	0	0
AF	0	0.658651	1	0	1	0	0	0	0
AF	0	0.658963	1	0	1	0	0	0	0
AF	0	0.660525	1	0	1	0	0	0	0
AF	0	0.662399	1	1	0	0	0	0	0
AF	0	0.663335	1	0	1	0	0	0	0
AF	0	0.663648	1	1	0	0	0	0	0
AF	0	0.663960	1	1	0	0	0	0	0
AF	0	0.664272	1	0	1	0	0	0	0
AF	0	0.664585	1	0	1	0	0	0	0
AF	0	0.665834	2	1	1	0	0	0	0
AF	0	0.668645	2	1	1	0	0	0	0
AF	0	0.669269	1	1	0	0	0	0	0
AF	0	0.669582	1	0	1	0	0	0	0
AF	0	0.670518	1	1	0	0	0	0	0
AF	0	0.671455	2	1	1	0	0	0	0
AF	0	0.672080	1	1	0	0	0	0	0
AF	0	0.673017	1	1	0	0	0	0	0
AF	0	0.673641	1	1	0	0	0	0	0
AF	0	0.673954	1	0	1	0	0	0	0
AF	0	0.674266	1	0	1	0	0	0	0
AF	0	0.674891	1	0	1	0	0	0	0
AF	0	0.675203	2	2	0	0	0	0	0
AF	0	0.675515	1	1	0	0	0	0	0
AF	0	0.678951	1	1	0	0	0	0	0
AF	0	0.679888	1	1	0	0	0	0	0
AF	0	0.681137	1	0	1	0	0	0	0
AF	0	0.683011	1	1	0	0	0	0	0
AF	0	0.683635	1	0	1	0	0	0	0
AF	0	0.687695	2	2	0	0	0	0	0
AF	0	0.690506	1	1	0	0	0	0	0
AF	0	0.691131	1	1	0	0	0	0	0
AF	0	0.691443	1	1	0	0	0	0	0
AF	0	0.692380	1	0	1	0	0	0	0
AF	0	0.695191	1	1	0	0	0	0	0
AF	0	0.696752	1	1	0	0	0	0	0
AF	0	0.697377	3	2	1	0	0	0	0
AF	0	0.697689	3	2	1	0	0	0	0
AF	0	0.698001	2	2	0	0	0	0	0
AF	0	0.704872	1	0	1	0	0	0	0
AF	0	0.705809	1	1	0	0	0	0	0
AF	0	0.707370	1	1	0	0	0	0	0
AF	0	0.708620	1	1	0	0	0	0	0
AF	0	0.709869	1	1	0	0	0	0	0
AF	0	0.711118	1	1	0	0	0	0	0
AF	0	0.712992	1	0	1	0	0	0	0
AF	0	0.713929	1	1	0	0	0	0	0
AF	0	0.715490	1	1	0	0	0	0	0
AF	0	0.715803	1	1	0	0	0	0	0
AF	0	0.717364	1	0	1	0	0	0	0
AF	0	0.719550	1	1	0	0	0	0	0
AF	0	0.719863	1	1	0	0	0	0	0
AF	0	0.720175	1	0	1	0	0	0	0
AF	0	0.720487	1	1	0	0	0	0	0
AF	0	0.721112	2	2	0	0	0	0	0
AF	0	0.722049	1	0	1	0	0	0	0
AF	0	0.722673	1	0	1	0	0	0	0
AF	0	0.724235	1	1	0	0	0	0	0
AF	0	0.725484	1	1	0	0	0	0	0
AF	0	0.726109	2	2	0	0	0	0	0
AF	0	0.729232	1	0	1	0	0	0	0
AF	0	0.730169	1	0	1	0	0	0	0
AF	0	0.730793	2	1	1	0	0	0	0
AF	0	0.731418	1	0	1	0	0	0	0
AF	0	0.731730	1	0	1	0	0	0	0
AF	0	0.735478	1	0	1	0	0	0	0
AF	0	0.737352	1	1	0	0	0	0	0
AF	0	0.738601	1	1	0	0	0	0	0
AF	0	0.742349	1	1	0	0	0	0	0
AF	0	0.742661	1	1	0	0	0	0	0
AF	0	0.743598	1	1	0	0	0	0	0
AF	0	0.744847	2	2	0	0	0	0	0
AF	0	0.745784	3	2	1	0	0	0	0
AF	0	0.748595	1	1	0	0	0	0	0
AF	0	0.748907	2	1	1	0	0	0	0
AF	0	0.749532	2	2	0	0	0	0	0
AF	0	0.749844	2	2	0	0	0	0	0
AF	0	0.750156	5	2	3	0	0	0	0
AF	0	0.750468	7	5	2	0	0	0	0
AF	0	0.751093	3	2	1	0	0	0	0
AF	0	0.751405	1	0	1	0	0	0	0
AF	0	0.751718	3	2	1	0	0	0	0
AF	0	0.752342	2	1	1	0	0	0	0
AF	0	0.752655	1	0	1	0	0	0	0
AF	0	0.752967	1	1	0	0	0	0	0
AF	0	0.753279	1	0	1	0	0	0	0
AF	0	0.754216	1	1	0	0	0	0	0
AF	0	0.754528	1	1	0	0	0	0	0
AF	0	0.755153	1	1	0	0	0	0	0
AF	0	0.756715	1	1	0	0	0	0	0
AF	0	0.757027	1	1	0	0	0	0	0
AF	0	0.758588	1	0	1	0	0	0	0
AF	0	0.759213	1	0	1	0	0	0	0
AF	0	0.760150	1	1	0	0	0	0	0
AF	0	0.760462	2	1	1	0	0	0	0
AF	0	0.761087	3	2	1	0	0	0	0
AF	0	0.761399	2	1	1	0	0	0	0
AF	0	0.763585	1	1	0	0	0	0	0
AF	0	0.764522	2	1	1	0	0	0	0
AF	0	0.765771	1	0	1	0	0	0	0
AF	0	0.766084	2	2	0	0	0	0	0
AF	0	0.766708	3	3	0	0	0	0	0
AF	0	0.767958	1	1	0	0	0	0	0
AF	0	0.768582	1	1	0	0	0	0	0
AF	0	0.770456	1	0	1	0	0	0	0
AF	0	0.771081	1	1	0	0	0	0	0
AF	0	0.771705	1	1	0	0	0	0	0
AF	0	0.772330	1	0	1	0	0	0	0
AF	0	0.772642	2	0	2	0	0	0	0
AF	0	0.772954	2	1	1	0	0	0	0
AF	0	0.773267	1	0	1	0	0	0	0
AF	0	0.775453	1	1	0	0	0	0	0
AF	0	0.779200	1	0	1	0	0	0	0
AF	0	0.779513	1	1	0	0	0	0	0
AF	0	0.780450	1	1	0	0	0	0	0
AF	0	0.782011	1	1	0	0	0	0	0
AF	0	0.782636	1	1	0	0	0	0	0
AF	0	0.782948	1	1	0	0	0	0	0
AF	0	0.789507	1	1	0	0	0	0	0
AF	0	0.790131	1	0	1	0	0	0	0
AF	0	0.790443	1	0	1	0	0	0	0
AF	0	0.792005	1	1	0	0	0	0	0
AF	0	0.792317	1	1	0	0	0	0	0
AF	0	0.794191	1	0	1	0	0	0	0
AF	0	0.794503	1	1	0	0	0	0	0
AF	0	0.795128	3	3	0	0	0	0	0
AF	0	0.795753	1	1	0	0	0	0	0
AF	0	0.797626	2	2	0	0	0	0	0
AF	0	0.798876	1	1	0	0	0	0	0
AF	0	0.800750	1	1	0	0	0	0	0
AF	0	0.801999	2	2	0	0	0	0	0
AF	0	0.803248	1	1	0	0	0	0	0
AF	0	0.803873	1	1	0	0	0	0	0
AF	0	0.804809	2	1	1	0	0	0	0
AF	0	0.805434	1	1	0	0	0	0	0
AF	0	0.809806	1	1	0	0	0	0	0
AF	0	0.810743	1	1	0	0	0	0	0
AF	0	0.811680	1	0	1	0	0	0	0
AF	0	0.815116	1	0	1	0	0	0	0
AF	0	0.815740	1	1	0	0	0	0	0
AF	0	0.817302	1	1	0	0	0	0	0
AF	0	0.831980	1	1	0	0	0	0	0
AF	0	0.833229	2	2	0	0	0	0	0
AF	0	0.833542	1	0	1	0	0	0	0
AF	0	0.834478	2	1	1	0	0	0	0
AF	0	0.835415	1	1	0	0	0	0	0
AF	0	0.837601	1	0	1	0	0	0	0
AF	0	0.846658	1	0	1	0	0	0	0
AF	0	0.851968	1	0	1	0	0	0	0
AF	0	0.859151	1	0	1	0	0	0	0
AF	0	0.860087	1	0	1	0	0	0	0
AF	0	0.861961	1	0	1	0	0	0	0
AF	0	0.862274	1	1	0	0	0	0	0
AF	0	0.866646	1	1	0	0	0	0	0
AF	0	0.868832	1	1	0	0	0	0	0
AF	0	0.874141	1	0	1	0	0	0	0
AF	0	0.874766	1	1	0	0	0	0	0
AF	0	0.875703	1	1	0	0	0	0	0
AF	0	0.882261	1	1	0	0	0	0	0
AF	0	0.882573	1	1	0	0	0	0	0
AF	0	0.884135	2	2	0	0	0	0	0
AF	0	0.884447	2	1	1	0	0	0	0
AF	0	0.887570	1	1	0	0	0	0	0
AF	0	0.888195	1	0	1	0	0	0	0
AF	0	0.888507	1	0	1	0	0	0	0
AF	0	0.888819	1	0	1	0	0	0	0
AF	0	0.889132	3	3	0	0	0	0	0
AF	0	0.890381	1	0	1	0	0	0	0
AF	0	0.891006	1	0	1	0	0	0	0
AF	0	0.891318	1	1	0	0	0	0	0
AF	0	0.892255	2	2	0	0	0	0	0
AF	0	0.892879	2	2	0	0	0	0	0
AF	0	0.893192	1	0	1	0	0	0	0
AF	0	0.894129	1	1	0	0	0	0	0
AF	0	0.894753	3	2	1	0	0	0	0
AF	0	0.895378	2	1	1	0	0	0	0
AF	0	0.895690	1	1	0	0	0	0	0
AF	0	0.896002	2	2	0	0	0	0	0
AF	0	0.904747	2	1	1	0	0	0	0
AF	0	0.905059	1	1	0	0	0	0	0
AF	0	0.906933	1	1	0	0	0	0	0
AF	0	0.907870	1	1	0	0	0	0	0
AF	0	0.909119	1	1	0	0	0	0	0
AF	0	0.912242	2	1	1	0	0	0	0
AF	0	0.912867	1	0	1	0	0	0	0
AF	0	0.915365	1	0	1	0	0	0	0
AF	0	0.926608	1	0	1	0	0	0	0
AF	0	0.926921	1	0	1	0	0	0	0
AF	0	0.929107	1	1	0	0	0	0	0
AF	0	0.930044	1	0	1	0	0	0	0
AF	0	0.932542	1	0	1	0	0	0	0
AF	0	0.932854	2	0	2	0	0	0	0
AF	0	0.934104	1	1	0	0	0	0	0
AF	0	0.934728	1	0	1	0	0	0	0
AF	0	0.935041	1	1	0	0	0	0	0
AF	0	0.935353	1	1	0	0	0	0	0
AF	0	0.942848	1	1	0	0	0	0	0
AF	0	0.943473	1	0	1	0	0	0	0
AF	0	0.946596	2	1	1	0	0	0	0
AF	0	0.946908	1	1	0	0	0	0	0
AF	0	0.947533	1	1	0	0	0	0	0
AF	0	0.948470	1	1	0	0	0	0	0
AF	0	0.949719	2	2	0	0	0	0	0
AF	0	0.957839	1	1	0	0	0	0	0
AF	0	0.958463	1	1	0	0	0	0	0
AF	0	0.959400	1	0	1	0	0	0	0
AF	0	0.959713	2	2	0	0	0	0	0
AF	0	0.960650	3	1	2	0	0	0	0
AF	0	0.961587	1	1	0	0	0	0	0
AF	0	0.962211	2	1	1	0	0	0	0
AF	0	0.962836	1	0	1	0	0	0	0
AF	0	0.963148	1	0	1	0	0	0	0
AF	0	0.963773	1	0	1	0	0	0	0
AF	0	0.964397	1	0	1	0	0	0	0
AF	0	0.965022	2	1	1	0	0	0	0
AF	0	0.965334	1	0	1	0	0	0	0
AF	0	0.965646	1	1	0	0	0	0	0
AF	0	0.965959	2	1	1	0	0	0	0
AF	0	0.966271	1	1	0	0	0	0	0
AF	0	0.966896	1	0	1	0	0	0	0
AF	0	0.968457	1	1	0	0	0	0	0
AF	0	0.970956	2	2	0	0	0	0	0
AF	0	0.971268	2	2	0	0	0	0	0
AF	0	0.972205	2	2	0	0	0	0	0
AF	0	0.972829	1	1	0	0	0	0	0
AF	0	0.974079	1	1	0	0	0	0	0
AF	0	0.974703	1	1	0	0	0	0	0
AF	0	0.975953	2	1	1	0	0	0	0
AF	0	0.976577	1	0	1	0	0	0	0
AF	0	0.977826	1	0	1	0	0	0	0
AF	0	0.979076	1	0	1	0	0	0	0
AF	0	0.979700	1	0	1	0	0	0	0
AF	0	0.980325	2	0	2	0	0	0	0
AF	0	0.980637	2	2	0	0	0	0	0
AF	0	0.980949	1	0	1	0	0	0	0
AF	0	0.982823	3	3	0	0	0	0	0
AF	0	0.983448	1	1	0	0	0	0	0
AF	0	0.984072	1	0	1	0	0	0	0
AF	0	0.985322	1	1	0	0	0	0	0
AF	0	0.985946	2	2	0	0	0	0	0
AF	0	0.986259	3	1	2	0	0	0	0
AF	0	0.986571	2	1	1	0	0	0	0
AF	0	0.986883	2	1	1	0	0	0	0
AF	0	0.987196	1	1	0	0	0	0	0
AF	0	0.987820	1	1	0	0	0	0	0
AF	0	0.988132	1	0	1	0	0	0	0
AF	0	0.990631	1	1	0	0	0	0	0
AF	0	0.991255	1	1	0	0	0	0	0
AF	0	0.991568	1	1	0	0	0	0	0
AF	0	0.993442	1	1	0	0	0	0	0
AF	0	0.993754	1	1	0	0	0	0	0
AF	0	0.994066	1	1	0	0	0	0	0
AF	0	0.996252	1	1	0	0	0	0	0
AF	0	0.997189	1	1	0	0	0	0	0
AF	0	0.997814	2	2	0	0	0	0	0
AF	0	0.998126	2	2	0	0	0	0	0
AF	0	0.998438	1	1	0	0	0	0	0
AF	0	0.999063	1	0	1	0	0	0	0
# QUAL, Stats by quality
# QUAL	[2]id	[3]Quality	[4]number of SNPs	[5]number of transitions (1st ALT)	[6]number of transversions (1st ALT)	[7]number of indels
QUAL	0	.	16339	11062	5277	0
# IDD, InDel distribution:
# IDD	[2]id	[3]length (deletions negative)	[4]number of sites	[5]number of genotypes	[6]mean VAF
# ST, Substitution types:
# ST	[2]id	[3]type	[4]count
ST	0	A>C	603
ST	0	A>G	2233
ST	0	A>T	569
ST	0	C>A	796
ST	0	C>G	660
ST	0	C>T	3367
ST	0	G>A	3269
ST	0	G>C	730
ST	0	G>T	741
ST	0	T>A	592
ST	0	T>C	2193
ST	0	T>G	586
# DP, Depth distribution
# DP	[2]id	[3]bin	[4]number of genotypes	[5]fraction of genotypes (%)	[6]number of sites	[7]fraction of sites (%)
  - Fix haploid genotypes in males...

Submit MakeDiploidMalesX finished successfully. Let's have a beer, buddy!

