Submit MakeDiploidMalesX
version 1.1.6 (2024-09-30)

These are the settings:
  Input file................: /hpc/local/Rocky8/dhl_ec/software/MonopogenLite/resources/1kGP_high_coverage_Illumina.SNVonly_poly.filtered_AF_5e-04.norm.fixvariantid.chrX.vcf.gz
  Output file...............: /hpc/local/Rocky8/dhl_ec/software/MonopogenLite/resources/1kGP_high_coverage_Illumina.SNVonly_poly.filtered_AF_5e-04.norm.fixvariantid.makediploid.chrX.vcf.gz
  Chunk size................: 100

  SLURM CPUs................: 4
  SLURM Array ID............: 50 (of 100)
  SLURM memory..............: 16G
  SLURM time................: 01:00:00
  SLURM mail type...........: FAIL
  SLURM mail user...........: s.w.vanderlaan-2@umcutrecht.nl

  Dry run mode..............: 0
  Debug mode................: 1
  Verbosity.................: 0
  Version...................: 1.1.6 (2024-09-30)

Making converting haploid genotypes to diploid genotypes.
> Extract the region for this SLURM task (# 50) from the BED file.
  - Get the chunk number from the SLURM array task ID and the bed file...
DEBUG: Extracting chunk number: 50p from 50
DEBUG: Extracting region from BED file: /hpc/local/Rocky8/dhl_ec/software/MonopogenLite/resources/chrX_100pieces.bed
  - Extract the region from the BED file...
DEBUG: Extracted raw region: 'chrX	76459993	78020400' (chunk #: 50p of 100 for job 50)
  - Check if a valid region was extracted -- should be 'chrX	76459993	78020400'...
  - Prepare the region for bcftools...
  - Check if the region (chrX:76459993-78020400) was successfully extracted...
> Processing region 'chrX:76459993-78020400'...
  - Process the specific region (chunk# 50) using bcftools view...
  - Index the VCF file...
DEBUG: Check if the VCF file was successfully processed...
##fileformat=VCFv4.2
##FILTER=<ID=PASS,Description="All filters passed">
##fileDate=29/01/2022 - 14:31:41
##source=shapeit4.2.2
##contig=<ID=chr1,length=248956422>
##contig=<ID=chr2,length=242193529>
##contig=<ID=chr3,length=198295559>
##contig=<ID=chr4,length=190214555>
##contig=<ID=chr5,length=181538259>
##contig=<ID=chr6,length=170805979>
# This file was produced by bcftools stats (1.20+htslib-1.20) and can be plotted using plot-vcfstats.
# The command line was:	bcftools stats  /hpc/local/Rocky8/dhl_ec/software/MonopogenLite/resources/chrX.part50.vcf.gz
#
# Definition of sets:
# ID	[2]id	[3]tab-separated file names
ID	0	/hpc/local/Rocky8/dhl_ec/software/MonopogenLite/resources/chrX.part50.vcf.gz
# SN, Summary numbers:
#   number of records   .. number of data rows in the VCF
#   number of no-ALTs   .. reference-only sites, ALT is either "." or identical to REF
#   number of SNPs      .. number of rows with a SNP
#   number of MNPs      .. number of rows with a MNP, such as CC>TT
#   number of indels    .. number of rows with an indel
#   number of others    .. number of rows with other type, for example a symbolic allele or
#                          a complex substitution, such as ACT>TCGA
#   number of multiallelic sites     .. number of rows with multiple alternate alleles
#   number of multiallelic SNP sites .. number of rows with multiple alternate alleles, all SNPs
# 
#   Note that rows containing multiple types will be counted multiple times, in each
#   counter. For example, a row with a SNP and an indel increments both the SNP and
#   the indel counter.
# 
# SN	[2]id	[3]key	[4]value
SN	0	number of samples:	3202
SN	0	number of records:	19219
SN	0	number of no-ALTs:	0
SN	0	number of SNPs:	19219
SN	0	number of MNPs:	0
SN	0	number of indels:	0
SN	0	number of others:	0
SN	0	number of multiallelic sites:	0
SN	0	number of multiallelic SNP sites:	0
# TSTV, transitions/transversions:
# TSTV	[2]id	[3]ts	[4]tv	[5]ts/tv	[6]ts (1st ALT)	[7]tv (1st ALT)	[8]ts/tv (1st ALT)
TSTV	0	12075	7144	1.69	12075	7144	1.69
# SiS, Singleton stats:
# SiS	[2]id	[3]allele count	[4]number of SNPs	[5]number of transitions	[6]number of transversions	[7]number of indels	[8]repeat-consistent	[9]repeat-inconsistent	[10]not applicable
SiS	0	1	0	0	0	0	0	0	0
# AF, Stats by non-reference allele frequency:
# AF	[2]id	[3]allele frequency	[4]number of SNPs	[5]number of transitions	[6]number of transversions	[7]number of indels	[8]repeat-consistent	[9]repeat-inconsistent	[10]not applicable
AF	0	0.000312	3647	2319	1328	0	0	0	0
AF	0	0.000625	2302	1456	846	0	0	0	0
AF	0	0.000937	2260	1418	842	0	0	0	0
AF	0	0.001249	652	405	247	0	0	0	0
AF	0	0.001562	785	476	309	0	0	0	0
AF	0	0.001874	382	245	137	0	0	0	0
AF	0	0.002186	648	419	229	0	0	0	0
AF	0	0.002498	353	230	123	0	0	0	0
AF	0	0.002811	415	260	155	0	0	0	0
AF	0	0.003123	128	81	47	0	0	0	0
AF	0	0.003435	440	262	178	0	0	0	0
AF	0	0.003748	195	118	77	0	0	0	0
AF	0	0.004060	402	261	141	0	0	0	0
AF	0	0.004372	160	101	59	0	0	0	0
AF	0	0.004685	367	228	139	0	0	0	0
AF	0	0.004997	161	117	44	0	0	0	0
AF	0	0.005309	239	151	88	0	0	0	0
AF	0	0.005621	119	79	40	0	0	0	0
AF	0	0.005934	149	101	48	0	0	0	0
AF	0	0.006246	51	40	11	0	0	0	0
AF	0	0.006558	100	65	35	0	0	0	0
AF	0	0.006871	67	46	21	0	0	0	0
AF	0	0.007183	103	59	44	0	0	0	0
AF	0	0.007495	44	16	28	0	0	0	0
AF	0	0.007808	107	70	37	0	0	0	0
AF	0	0.008120	44	29	15	0	0	0	0
AF	0	0.008432	52	33	19	0	0	0	0
AF	0	0.008745	24	18	6	0	0	0	0
AF	0	0.009057	56	39	17	0	0	0	0
AF	0	0.009369	34	23	11	0	0	0	0
AF	0	0.009681	45	27	18	0	0	0	0
AF	0	0.009994	72	44	28	0	0	0	0
AF	0	0.010306	60	42	18	0	0	0	0
AF	0	0.010618	20	10	10	0	0	0	0
AF	0	0.010931	60	39	21	0	0	0	0
AF	0	0.011243	15	11	4	0	0	0	0
AF	0	0.011555	40	30	10	0	0	0	0
AF	0	0.011868	16	10	6	0	0	0	0
AF	0	0.012180	46	29	17	0	0	0	0
AF	0	0.012492	14	8	6	0	0	0	0
AF	0	0.012804	43	20	23	0	0	0	0
AF	0	0.013117	22	13	9	0	0	0	0
AF	0	0.013429	71	45	26	0	0	0	0
AF	0	0.013741	26	17	9	0	0	0	0
AF	0	0.014054	40	23	17	0	0	0	0
AF	0	0.014366	33	18	15	0	0	0	0
AF	0	0.014678	38	20	18	0	0	0	0
AF	0	0.014991	9	7	2	0	0	0	0
AF	0	0.015303	23	17	6	0	0	0	0
AF	0	0.015615	24	16	8	0	0	0	0
AF	0	0.015928	27	18	9	0	0	0	0
AF	0	0.016240	12	7	5	0	0	0	0
AF	0	0.016552	17	8	9	0	0	0	0
AF	0	0.016864	18	11	7	0	0	0	0
AF	0	0.017177	13	7	6	0	0	0	0
AF	0	0.017489	18	14	4	0	0	0	0
AF	0	0.017801	14	9	5	0	0	0	0
AF	0	0.018114	10	6	4	0	0	0	0
AF	0	0.018426	33	23	10	0	0	0	0
AF	0	0.018738	4	4	0	0	0	0	0
AF	0	0.019051	31	18	13	0	0	0	0
AF	0	0.019363	24	15	9	0	0	0	0
AF	0	0.019675	42	29	13	0	0	0	0
AF	0	0.019988	8	4	4	0	0	0	0
AF	0	0.020300	17	12	5	0	0	0	0
AF	0	0.020612	1	1	0	0	0	0	0
AF	0	0.020924	7	4	3	0	0	0	0
AF	0	0.021237	10	7	3	0	0	0	0
AF	0	0.021549	35	25	10	0	0	0	0
AF	0	0.021861	3	2	1	0	0	0	0
AF	0	0.022174	4	2	2	0	0	0	0
AF	0	0.022486	7	4	3	0	0	0	0
AF	0	0.022798	16	11	5	0	0	0	0
AF	0	0.023111	6	2	4	0	0	0	0
AF	0	0.023423	5	5	0	0	0	0	0
AF	0	0.023735	5	3	2	0	0	0	0
AF	0	0.024047	14	11	3	0	0	0	0
AF	0	0.024360	8	4	4	0	0	0	0
AF	0	0.024672	12	5	7	0	0	0	0
AF	0	0.024984	5	4	1	0	0	0	0
AF	0	0.025297	24	15	9	0	0	0	0
AF	0	0.025609	7	5	2	0	0	0	0
AF	0	0.025921	18	10	8	0	0	0	0
AF	0	0.026234	3	1	2	0	0	0	0
AF	0	0.026546	7	3	4	0	0	0	0
AF	0	0.026858	4	4	0	0	0	0	0
AF	0	0.027171	5	4	1	0	0	0	0
AF	0	0.027483	8	6	2	0	0	0	0
AF	0	0.027795	4	4	0	0	0	0	0
AF	0	0.028107	3	3	0	0	0	0	0
AF	0	0.028420	13	7	6	0	0	0	0
AF	0	0.028732	6	6	0	0	0	0	0
AF	0	0.029044	13	9	4	0	0	0	0
AF	0	0.029357	7	4	3	0	0	0	0
AF	0	0.029669	39	17	22	0	0	0	0
AF	0	0.029981	9	8	1	0	0	0	0
AF	0	0.030294	9	4	5	0	0	0	0
AF	0	0.030606	4	3	1	0	0	0	0
AF	0	0.031230	2	1	1	0	0	0	0
AF	0	0.031543	4	2	2	0	0	0	0
AF	0	0.031855	4	3	1	0	0	0	0
AF	0	0.032167	20	12	8	0	0	0	0
AF	0	0.032480	4	1	3	0	0	0	0
AF	0	0.032792	4	3	1	0	0	0	0
AF	0	0.033104	2	1	1	0	0	0	0
AF	0	0.034041	5	4	1	0	0	0	0
AF	0	0.034354	6	3	3	0	0	0	0
AF	0	0.034666	8	6	2	0	0	0	0
AF	0	0.034978	5	3	2	0	0	0	0
AF	0	0.035290	7	4	3	0	0	0	0
AF	0	0.035603	1	1	0	0	0	0	0
AF	0	0.035915	10	5	5	0	0	0	0
AF	0	0.036227	3	2	1	0	0	0	0
AF	0	0.036540	11	6	5	0	0	0	0
AF	0	0.036852	5	2	3	0	0	0	0
AF	0	0.037164	5	3	2	0	0	0	0
AF	0	0.037477	2	2	0	0	0	0	0
AF	0	0.038101	1	1	0	0	0	0	0
AF	0	0.038413	1	1	0	0	0	0	0
AF	0	0.038726	3	1	2	0	0	0	0
AF	0	0.039350	5	4	1	0	0	0	0
AF	0	0.039663	9	7	2	0	0	0	0
AF	0	0.039975	3	1	2	0	0	0	0
AF	0	0.040287	8	6	2	0	0	0	0
AF	0	0.040600	18	8	10	0	0	0	0
AF	0	0.040912	11	5	6	0	0	0	0
AF	0	0.041224	3	2	1	0	0	0	0
AF	0	0.041537	8	7	1	0	0	0	0
AF	0	0.041849	1	1	0	0	0	0	0
AF	0	0.042161	3	1	2	0	0	0	0
AF	0	0.043410	4	2	2	0	0	0	0
AF	0	0.044035	1	1	0	0	0	0	0
AF	0	0.044347	6	5	1	0	0	0	0
AF	0	0.044660	1	1	0	0	0	0	0
AF	0	0.044972	3	3	0	0	0	0	0
AF	0	0.045284	5	4	1	0	0	0	0
AF	0	0.045597	1	1	0	0	0	0	0
AF	0	0.045909	3	2	1	0	0	0	0
AF	0	0.046221	4	4	0	0	0	0	0
AF	0	0.046533	3	1	2	0	0	0	0
AF	0	0.046846	4	2	2	0	0	0	0
AF	0	0.047158	1	0	1	0	0	0	0
AF	0	0.047470	2	1	1	0	0	0	0
AF	0	0.047783	19	16	3	0	0	0	0
AF	0	0.048095	3	1	2	0	0	0	0
AF	0	0.048407	4	2	2	0	0	0	0
AF	0	0.048720	3	0	3	0	0	0	0
AF	0	0.049344	1	0	1	0	0	0	0
AF	0	0.049656	7	4	3	0	0	0	0
AF	0	0.049969	3	0	3	0	0	0	0
AF	0	0.050281	4	3	1	0	0	0	0
AF	0	0.050593	2	1	1	0	0	0	0
AF	0	0.050906	8	5	3	0	0	0	0
AF	0	0.051218	14	9	5	0	0	0	0
AF	0	0.051530	5	2	3	0	0	0	0
AF	0	0.051843	1	1	0	0	0	0	0
AF	0	0.052155	2	1	1	0	0	0	0
AF	0	0.052780	1	0	1	0	0	0	0
AF	0	0.053404	7	3	4	0	0	0	0
AF	0	0.054029	5	3	2	0	0	0	0
AF	0	0.054341	4	4	0	0	0	0	0
AF	0	0.054653	10	6	4	0	0	0	0
AF	0	0.054966	2	2	0	0	0	0	0
AF	0	0.055278	10	3	7	0	0	0	0
AF	0	0.055590	11	5	6	0	0	0	0
AF	0	0.055903	23	13	10	0	0	0	0
AF	0	0.056215	10	5	5	0	0	0	0
AF	0	0.056527	9	5	4	0	0	0	0
AF	0	0.056839	11	10	1	0	0	0	0
AF	0	0.057152	15	6	9	0	0	0	0
AF	0	0.057464	2	1	1	0	0	0	0
AF	0	0.057776	6	2	4	0	0	0	0
AF	0	0.058089	2	2	0	0	0	0	0
AF	0	0.058401	3	2	1	0	0	0	0
AF	0	0.058713	1	1	0	0	0	0	0
AF	0	0.059026	1	1	0	0	0	0	0
AF	0	0.059338	2	2	0	0	0	0	0
AF	0	0.059650	4	3	1	0	0	0	0
AF	0	0.059963	10	7	3	0	0	0	0
AF	0	0.060275	15	11	4	0	0	0	0
AF	0	0.060587	1	1	0	0	0	0	0
AF	0	0.060899	2	1	1	0	0	0	0
AF	0	0.061212	1	0	1	0	0	0	0
AF	0	0.061524	13	8	5	0	0	0	0
AF	0	0.061836	16	9	7	0	0	0	0
AF	0	0.062149	8	5	3	0	0	0	0
AF	0	0.062461	1	0	1	0	0	0	0
AF	0	0.062773	7	6	1	0	0	0	0
AF	0	0.063086	1	1	0	0	0	0	0
AF	0	0.063398	1	1	0	0	0	0	0
AF	0	0.063710	3	2	1	0	0	0	0
AF	0	0.064022	1	1	0	0	0	0	0
AF	0	0.064647	1	0	1	0	0	0	0
AF	0	0.065272	2	1	1	0	0	0	0
AF	0	0.065584	1	0	1	0	0	0	0
AF	0	0.065896	4	2	2	0	0	0	0
AF	0	0.066209	3	1	2	0	0	0	0
AF	0	0.066521	1	0	1	0	0	0	0
AF	0	0.066833	2	0	2	0	0	0	0
AF	0	0.067146	1	0	1	0	0	0	0
AF	0	0.067458	1	0	1	0	0	0	0
AF	0	0.067770	4	3	1	0	0	0	0
AF	0	0.068082	10	6	4	0	0	0	0
AF	0	0.068395	13	6	7	0	0	0	0
AF	0	0.068707	1	1	0	0	0	0	0
AF	0	0.069019	1	1	0	0	0	0	0
AF	0	0.069332	16	12	4	0	0	0	0
AF	0	0.069644	12	8	4	0	0	0	0
AF	0	0.069956	3	1	2	0	0	0	0
AF	0	0.070269	8	6	2	0	0	0	0
AF	0	0.070581	5	4	1	0	0	0	0
AF	0	0.070893	13	9	4	0	0	0	0
AF	0	0.071205	2	1	1	0	0	0	0
AF	0	0.071518	2	2	0	0	0	0	0
AF	0	0.072455	2	1	1	0	0	0	0
AF	0	0.072767	1	1	0	0	0	0	0
AF	0	0.074016	1	0	1	0	0	0	0
AF	0	0.074641	1	0	1	0	0	0	0
AF	0	0.075265	1	0	1	0	0	0	0
AF	0	0.076515	1	0	1	0	0	0	0
AF	0	0.077764	1	0	1	0	0	0	0
AF	0	0.078076	1	1	0	0	0	0	0
AF	0	0.080262	2	2	0	0	0	0	0
AF	0	0.082136	3	1	2	0	0	0	0
AF	0	0.082448	1	0	1	0	0	0	0
AF	0	0.082761	19	11	8	0	0	0	0
AF	0	0.083073	8	3	5	0	0	0	0
AF	0	0.083385	13	9	4	0	0	0	0
AF	0	0.083698	4	2	2	0	0	0	0
AF	0	0.084010	10	6	4	0	0	0	0
AF	0	0.084322	4	3	1	0	0	0	0
AF	0	0.084635	7	2	5	0	0	0	0
AF	0	0.084947	1	1	0	0	0	0	0
AF	0	0.085884	1	1	0	0	0	0	0
AF	0	0.086508	1	1	0	0	0	0	0
AF	0	0.087133	2	1	1	0	0	0	0
AF	0	0.087445	2	2	0	0	0	0	0
AF	0	0.088382	2	0	2	0	0	0	0
AF	0	0.088695	1	1	0	0	0	0	0
AF	0	0.089007	1	1	0	0	0	0	0
AF	0	0.089631	1	0	1	0	0	0	0
AF	0	0.090256	1	1	0	0	0	0	0
AF	0	0.090881	4	2	2	0	0	0	0
AF	0	0.091505	2	2	0	0	0	0	0
AF	0	0.091818	2	1	1	0	0	0	0
AF	0	0.092130	1	1	0	0	0	0	0
AF	0	0.092442	1	0	1	0	0	0	0
AF	0	0.092755	3	3	0	0	0	0	0
AF	0	0.093379	2	1	1	0	0	0	0
AF	0	0.093691	3	0	3	0	0	0	0
AF	0	0.094004	2	0	2	0	0	0	0
AF	0	0.095878	2	1	1	0	0	0	0
AF	0	0.096502	10	5	5	0	0	0	0
AF	0	0.096814	9	5	4	0	0	0	0
AF	0	0.097127	10	7	3	0	0	0	0
AF	0	0.097439	1	1	0	0	0	0	0
AF	0	0.097751	1	1	0	0	0	0	0
AF	0	0.099938	2	2	0	0	0	0	0
AF	0	0.100250	4	2	2	0	0	0	0
AF	0	0.100562	22	14	8	0	0	0	0
AF	0	0.100874	25	22	3	0	0	0	0
AF	0	0.101187	4	2	2	0	0	0	0
AF	0	0.101499	3	2	1	0	0	0	0
AF	0	0.101811	9	9	0	0	0	0	0
AF	0	0.102124	16	9	7	0	0	0	0
AF	0	0.102748	1	0	1	0	0	0	0
AF	0	0.103061	1	0	1	0	0	0	0
AF	0	0.103685	1	1	0	0	0	0	0
AF	0	0.103998	1	1	0	0	0	0	0
AF	0	0.104310	2	1	1	0	0	0	0
AF	0	0.104622	7	6	1	0	0	0	0
AF	0	0.105247	1	0	1	0	0	0	0
AF	0	0.105871	3	3	0	0	0	0	0
AF	0	0.106184	3	1	2	0	0	0	0
AF	0	0.106496	22	15	7	0	0	0	0
AF	0	0.106808	2	2	0	0	0	0	0
AF	0	0.107121	4	2	2	0	0	0	0
AF	0	0.107433	1	1	0	0	0	0	0
AF	0	0.108370	1	0	1	0	0	0	0
AF	0	0.108682	2	1	1	0	0	0	0
AF	0	0.108994	4	3	1	0	0	0	0
AF	0	0.109307	4	2	2	0	0	0	0
AF	0	0.109619	105	49	56	0	0	0	0
AF	0	0.109931	84	46	38	0	0	0	0
AF	0	0.110244	78	44	34	0	0	0	0
AF	0	0.110556	26	15	11	0	0	0	0
AF	0	0.110868	39	23	16	0	0	0	0
AF	0	0.111181	8	4	4	0	0	0	0
AF	0	0.111493	2	0	2	0	0	0	0
AF	0	0.111805	2	2	0	0	0	0	0
AF	0	0.112117	3	1	2	0	0	0	0
AF	0	0.112430	1	0	1	0	0	0	0
AF	0	0.112742	2	1	1	0	0	0	0
AF	0	0.113054	7	4	3	0	0	0	0
AF	0	0.113367	1	1	0	0	0	0	0
AF	0	0.113679	1	1	0	0	0	0	0
AF	0	0.114304	1	0	1	0	0	0	0
AF	0	0.114928	5	3	2	0	0	0	0
AF	0	0.115865	1	1	0	0	0	0	0
AF	0	0.116490	1	0	1	0	0	0	0
AF	0	0.116802	1	1	0	0	0	0	0
AF	0	0.117427	1	1	0	0	0	0	0
AF	0	0.118676	2	2	0	0	0	0	0
AF	0	0.118988	3	1	2	0	0	0	0
AF	0	0.119300	3	2	1	0	0	0	0
AF	0	0.119925	2	2	0	0	0	0	0
AF	0	0.120550	1	0	1	0	0	0	0
AF	0	0.120862	3	2	1	0	0	0	0
AF	0	0.121174	66	37	29	0	0	0	0
AF	0	0.121487	5	4	1	0	0	0	0
AF	0	0.121799	9	5	4	0	0	0	0
AF	0	0.122111	7	5	2	0	0	0	0
AF	0	0.122423	63	39	24	0	0	0	0
AF	0	0.122736	23	13	10	0	0	0	0
AF	0	0.123048	5	4	1	0	0	0	0
AF	0	0.123360	1	1	0	0	0	0	0
AF	0	0.123673	1	1	0	0	0	0	0
AF	0	0.124297	1	0	1	0	0	0	0
AF	0	0.124922	2	1	1	0	0	0	0
AF	0	0.126796	1	1	0	0	0	0	0
AF	0	0.127108	1	1	0	0	0	0	0
AF	0	0.128045	2	1	1	0	0	0	0
AF	0	0.128982	1	0	1	0	0	0	0
AF	0	0.129919	2	1	1	0	0	0	0
AF	0	0.130231	1	0	1	0	0	0	0
AF	0	0.130543	2	2	0	0	0	0	0
AF	0	0.132105	1	1	0	0	0	0	0
AF	0	0.132417	1	1	0	0	0	0	0
AF	0	0.134603	1	0	1	0	0	0	0
AF	0	0.135540	3	3	0	0	0	0	0
AF	0	0.136165	5	3	2	0	0	0	0
AF	0	0.138039	1	1	0	0	0	0	0
AF	0	0.138351	1	1	0	0	0	0	0
AF	0	0.138663	3	0	3	0	0	0	0
AF	0	0.139288	1	1	0	0	0	0	0
AF	0	0.139600	1	0	1	0	0	0	0
AF	0	0.140225	3	2	1	0	0	0	0
AF	0	0.140537	1	1	0	0	0	0	0
AF	0	0.141162	2	1	1	0	0	0	0
AF	0	0.141786	5	4	1	0	0	0	0
AF	0	0.142099	9	6	3	0	0	0	0
AF	0	0.142411	18	10	8	0	0	0	0
AF	0	0.143036	4	3	1	0	0	0	0
AF	0	0.143660	17	14	3	0	0	0	0
AF	0	0.143973	1	1	0	0	0	0	0
AF	0	0.144285	2	2	0	0	0	0	0
AF	0	0.144597	3	2	1	0	0	0	0
AF	0	0.144909	3	1	2	0	0	0	0
AF	0	0.146783	1	0	1	0	0	0	0
AF	0	0.148032	1	0	1	0	0	0	0
AF	0	0.148345	1	1	0	0	0	0	0
AF	0	0.148657	5	5	0	0	0	0	0
AF	0	0.148969	3	3	0	0	0	0	0
AF	0	0.149282	1	1	0	0	0	0	0
AF	0	0.150219	1	1	0	0	0	0	0
AF	0	0.150531	1	0	1	0	0	0	0
AF	0	0.150843	2	2	0	0	0	0	0
AF	0	0.151780	1	1	0	0	0	0	0
AF	0	0.152092	2	1	1	0	0	0	0
AF	0	0.152405	3	2	1	0	0	0	0
AF	0	0.152717	9	8	1	0	0	0	0
AF	0	0.153029	10	6	4	0	0	0	0
AF	0	0.153654	1	0	1	0	0	0	0
AF	0	0.153966	1	1	0	0	0	0	0
AF	0	0.154279	3	1	2	0	0	0	0
AF	0	0.154591	6	4	2	0	0	0	0
AF	0	0.154903	19	13	6	0	0	0	0
AF	0	0.155215	4	1	3	0	0	0	0
AF	0	0.155528	1	0	1	0	0	0	0
AF	0	0.155840	1	0	1	0	0	0	0
AF	0	0.156777	3	3	0	0	0	0	0
AF	0	0.157089	4	1	3	0	0	0	0
AF	0	0.157402	4	1	3	0	0	0	0
AF	0	0.157714	5	4	1	0	0	0	0
AF	0	0.158026	14	8	6	0	0	0	0
AF	0	0.158339	2	2	0	0	0	0	0
AF	0	0.158651	8	4	4	0	0	0	0
AF	0	0.158963	3	0	3	0	0	0	0
AF	0	0.159275	1	0	1	0	0	0	0
AF	0	0.159900	11	6	5	0	0	0	0
AF	0	0.160212	18	11	7	0	0	0	0
AF	0	0.160525	13	7	6	0	0	0	0
AF	0	0.160837	2	1	1	0	0	0	0
AF	0	0.161149	15	8	7	0	0	0	0
AF	0	0.161462	12	11	1	0	0	0	0
AF	0	0.161774	5	4	1	0	0	0	0
AF	0	0.163648	1	1	0	0	0	0	0
AF	0	0.167083	1	0	1	0	0	0	0
AF	0	0.179263	1	1	0	0	0	0	0
AF	0	0.181761	1	0	1	0	0	0	0
AF	0	0.188944	1	0	1	0	0	0	0
AF	0	0.192067	1	0	1	0	0	0	0
AF	0	0.192380	1	1	0	0	0	0	0
AF	0	0.193629	1	0	1	0	0	0	0
AF	0	0.202374	1	0	1	0	0	0	0
AF	0	0.204872	1	0	1	0	0	0	0
AF	0	0.215178	1	0	1	0	0	0	0
AF	0	0.216115	1	1	0	0	0	0	0
AF	0	0.216427	1	1	0	0	0	0	0
AF	0	0.217989	2	2	0	0	0	0	0
AF	0	0.218301	1	1	0	0	0	0	0
AF	0	0.218613	2	1	1	0	0	0	0
AF	0	0.218926	2	2	0	0	0	0	0
AF	0	0.219238	2	1	1	0	0	0	0
AF	0	0.220487	1	1	0	0	0	0	0
AF	0	0.222049	1	1	0	0	0	0	0
AF	0	0.223298	5	3	2	0	0	0	0
AF	0	0.224235	1	1	0	0	0	0	0
AF	0	0.224547	2	1	1	0	0	0	0
AF	0	0.226109	1	1	0	0	0	0	0
AF	0	0.226421	1	0	1	0	0	0	0
AF	0	0.227358	1	1	0	0	0	0	0
AF	0	0.227670	22	12	10	0	0	0	0
AF	0	0.227983	5	3	2	0	0	0	0
AF	0	0.228295	6	4	2	0	0	0	0
AF	0	0.228607	3	1	2	0	0	0	0
AF	0	0.228919	2	1	1	0	0	0	0
AF	0	0.232355	1	0	1	0	0	0	0
AF	0	0.232667	2	1	1	0	0	0	0
AF	0	0.233292	2	1	1	0	0	0	0
AF	0	0.234541	4	4	0	0	0	0	0
AF	0	0.240787	1	0	1	0	0	0	0
AF	0	0.254528	1	1	0	0	0	0	0
AF	0	0.262648	1	1	0	0	0	0	0
AF	0	0.263898	1	1	0	0	0	0	0
AF	0	0.264210	1	1	0	0	0	0	0
AF	0	0.264834	1	1	0	0	0	0	0
AF	0	0.265459	1	1	0	0	0	0	0
AF	0	0.266708	1	1	0	0	0	0	0
AF	0	0.267021	1	1	0	0	0	0	0
AF	0	0.267333	1	1	0	0	0	0	0
AF	0	0.268582	1	1	0	0	0	0	0
AF	0	0.268894	1	0	1	0	0	0	0
AF	0	0.269207	1	1	0	0	0	0	0
AF	0	0.270144	1	0	1	0	0	0	0
AF	0	0.271393	1	1	0	0	0	0	0
AF	0	0.271705	4	3	1	0	0	0	0
AF	0	0.272017	1	1	0	0	0	0	0
AF	0	0.272330	2	2	0	0	0	0	0
AF	0	0.272642	1	0	1	0	0	0	0
AF	0	0.273579	1	0	1	0	0	0	0
AF	0	0.290756	1	1	0	0	0	0	0
AF	0	0.291380	1	0	1	0	0	0	0
AF	0	0.295753	1	0	1	0	0	0	0
AF	0	0.296377	2	2	0	0	0	0	0
AF	0	0.297002	1	1	0	0	0	0	0
AF	0	0.297939	1	1	0	0	0	0	0
AF	0	0.299500	1	0	1	0	0	0	0
AF	0	0.299813	1	0	1	0	0	0	0
AF	0	0.300125	15	12	3	0	0	0	0
AF	0	0.300437	21	13	8	0	0	0	0
AF	0	0.300750	27	17	10	0	0	0	0
AF	0	0.301062	17	14	3	0	0	0	0
AF	0	0.301374	18	12	6	0	0	0	0
AF	0	0.301686	1	1	0	0	0	0	0
AF	0	0.301999	3	1	2	0	0	0	0
AF	0	0.302311	1	0	1	0	0	0	0
AF	0	0.302623	1	1	0	0	0	0	0
AF	0	0.302936	1	0	1	0	0	0	0
AF	0	0.303248	3	1	2	0	0	0	0
AF	0	0.303560	1	1	0	0	0	0	0
AF	0	0.304185	1	0	1	0	0	0	0
AF	0	0.304497	3	0	3	0	0	0	0
AF	0	0.304809	1	1	0	0	0	0	0
AF	0	0.306059	1	0	1	0	0	0	0
AF	0	0.308245	1	1	0	0	0	0	0
AF	0	0.308557	1	0	1	0	0	0	0
AF	0	0.308869	1	1	0	0	0	0	0
AF	0	0.309494	1	0	1	0	0	0	0
AF	0	0.310431	1	1	0	0	0	0	0
AF	0	0.310743	1	0	1	0	0	0	0
AF	0	0.311368	1	1	0	0	0	0	0
AF	0	0.312929	2	2	0	0	0	0	0
AF	0	0.313242	2	1	1	0	0	0	0
AF	0	0.313866	8	2	6	0	0	0	0
AF	0	0.314179	3	1	2	0	0	0	0
AF	0	0.314491	5	4	1	0	0	0	0
AF	0	0.315116	1	0	1	0	0	0	0
AF	0	0.315740	11	8	3	0	0	0	0
AF	0	0.316052	2	2	0	0	0	0	0
AF	0	0.316365	2	1	1	0	0	0	0
AF	0	0.316677	1	1	0	0	0	0	0
AF	0	0.317302	1	0	1	0	0	0	0
AF	0	0.317614	1	0	1	0	0	0	0
AF	0	0.318239	4	2	2	0	0	0	0
AF	0	0.318551	3	3	0	0	0	0	0
AF	0	0.320425	1	0	1	0	0	0	0
AF	0	0.320737	16	12	4	0	0	0	0
AF	0	0.321049	5	5	0	0	0	0	0
AF	0	0.321362	3	2	1	0	0	0	0
AF	0	0.321986	1	0	1	0	0	0	0
AF	0	0.333542	1	1	0	0	0	0	0
AF	0	0.346971	1	1	0	0	0	0	0
AF	0	0.351031	1	1	0	0	0	0	0
AF	0	0.351655	2	1	1	0	0	0	0
AF	0	0.352280	5	5	0	0	0	0	0
AF	0	0.352592	2	2	0	0	0	0	0
AF	0	0.352904	2	1	1	0	0	0	0
AF	0	0.353217	1	1	0	0	0	0	0
AF	0	0.354778	1	0	1	0	0	0	0
AF	0	0.359463	1	1	0	0	0	0	0
AF	0	0.359775	1	0	1	0	0	0	0
AF	0	0.361024	1	0	1	0	0	0	0
AF	0	0.363523	1	1	0	0	0	0	0
AF	0	0.365397	2	1	1	0	0	0	0
AF	0	0.367895	1	1	0	0	0	0	0
AF	0	0.368520	1	0	1	0	0	0	0
AF	0	0.378513	2	1	1	0	0	0	0
AF	0	0.382261	1	0	1	0	0	0	0
AF	0	0.384135	1	1	0	0	0	0	0
AF	0	0.384760	1	0	1	0	0	0	0
AF	0	0.388195	1	1	0	0	0	0	0
AF	0	0.388819	2	1	1	0	0	0	0
AF	0	0.389132	2	1	1	0	0	0	0
AF	0	0.389756	2	1	1	0	0	0	0
AF	0	0.390381	1	1	0	0	0	0	0
AF	0	0.394129	1	0	1	0	0	0	0
AF	0	0.395066	1	0	1	0	0	0	0
AF	0	0.395378	1	1	0	0	0	0	0
AF	0	0.403810	1	1	0	0	0	0	0
AF	0	0.406933	1	1	0	0	0	0	0
AF	0	0.408495	1	1	0	0	0	0	0
AF	0	0.413804	1	1	0	0	0	0	0
AF	0	0.417239	1	0	1	0	0	0	0
AF	0	0.419738	2	1	1	0	0	0	0
AF	0	0.420362	2	2	0	0	0	0	0
AF	0	0.420987	1	0	1	0	0	0	0
AF	0	0.421611	1	0	1	0	0	0	0
AF	0	0.422548	1	0	1	0	0	0	0
AF	0	0.422861	4	4	0	0	0	0	0
AF	0	0.423173	4	3	1	0	0	0	0
AF	0	0.423485	6	4	2	0	0	0	0
AF	0	0.424110	1	1	0	0	0	0	0
AF	0	0.424422	2	0	2	0	0	0	0
AF	0	0.424735	1	1	0	0	0	0	0
AF	0	0.425359	1	0	1	0	0	0	0
AF	0	0.425671	3	1	2	0	0	0	0
AF	0	0.425984	10	5	5	0	0	0	0
AF	0	0.426296	25	17	8	0	0	0	0
AF	0	0.426608	28	14	14	0	0	0	0
AF	0	0.427233	2	0	2	0	0	0	0
AF	0	0.427545	1	1	0	0	0	0	0
AF	0	0.427858	1	0	1	0	0	0	0
AF	0	0.428482	4	3	1	0	0	0	0
AF	0	0.429107	1	0	1	0	0	0	0
AF	0	0.429419	4	2	2	0	0	0	0
AF	0	0.429731	1	0	1	0	0	0	0
AF	0	0.430356	2	2	0	0	0	0	0
AF	0	0.430668	1	1	0	0	0	0	0
AF	0	0.430981	7	2	5	0	0	0	0
AF	0	0.431293	17	11	6	0	0	0	0
AF	0	0.431605	30	20	10	0	0	0	0
AF	0	0.431918	12	9	3	0	0	0	0
AF	0	0.432230	35	24	11	0	0	0	0
AF	0	0.432542	17	11	6	0	0	0	0
AF	0	0.432854	6	2	4	0	0	0	0
AF	0	0.433167	1	1	0	0	0	0	0
AF	0	0.433479	2	1	1	0	0	0	0
AF	0	0.433791	3	3	0	0	0	0	0
AF	0	0.434104	2	2	0	0	0	0	0
AF	0	0.435353	1	0	1	0	0	0	0
AF	0	0.435665	1	0	1	0	0	0	0
AF	0	0.435978	1	1	0	0	0	0	0
AF	0	0.436290	5	4	1	0	0	0	0
AF	0	0.436602	5	4	1	0	0	0	0
AF	0	0.436914	1	1	0	0	0	0	0
AF	0	0.438476	1	0	1	0	0	0	0
AF	0	0.439413	1	0	1	0	0	0	0
AF	0	0.440662	3	2	1	0	0	0	0
AF	0	0.440974	2	0	2	0	0	0	0
AF	0	0.441287	2	1	1	0	0	0	0
AF	0	0.441599	4	3	1	0	0	0	0
AF	0	0.442224	9	4	5	0	0	0	0
AF	0	0.442536	10	3	7	0	0	0	0
AF	0	0.442848	14	6	8	0	0	0	0
AF	0	0.443161	2	1	1	0	0	0	0
AF	0	0.443473	5	5	0	0	0	0	0
AF	0	0.443785	2	1	1	0	0	0	0
AF	0	0.444097	1	1	0	0	0	0	0
AF	0	0.444410	3	1	2	0	0	0	0
AF	0	0.446596	2	2	0	0	0	0	0
AF	0	0.446908	8	4	4	0	0	0	0
AF	0	0.447220	3	2	1	0	0	0	0
AF	0	0.447533	2	2	0	0	0	0	0
AF	0	0.447845	1	0	1	0	0	0	0
AF	0	0.448157	1	0	1	0	0	0	0
AF	0	0.448470	3	2	1	0	0	0	0
AF	0	0.448782	3	3	0	0	0	0	0
AF	0	0.449094	3	1	2	0	0	0	0
AF	0	0.449407	1	1	0	0	0	0	0
AF	0	0.449719	1	0	1	0	0	0	0
AF	0	0.450031	2	2	0	0	0	0	0
AF	0	0.450344	1	0	1	0	0	0	0
AF	0	0.451593	1	0	1	0	0	0	0
AF	0	0.452530	1	0	1	0	0	0	0
AF	0	0.455028	1	0	1	0	0	0	0
AF	0	0.456590	1	1	0	0	0	0	0
AF	0	0.457214	1	1	0	0	0	0	0
AF	0	0.457527	1	1	0	0	0	0	0
AF	0	0.457839	4	2	2	0	0	0	0
AF	0	0.458151	6	5	1	0	0	0	0
AF	0	0.458463	1	1	0	0	0	0	0
AF	0	0.458776	2	2	0	0	0	0	0
AF	0	0.459088	1	0	1	0	0	0	0
AF	0	0.459400	2	1	1	0	0	0	0
AF	0	0.460025	1	1	0	0	0	0	0
AF	0	0.460650	1	1	0	0	0	0	0
AF	0	0.461274	3	2	1	0	0	0	0
AF	0	0.461587	1	1	0	0	0	0	0
AF	0	0.461899	1	0	1	0	0	0	0
AF	0	0.462836	4	4	0	0	0	0	0
AF	0	0.463148	11	6	5	0	0	0	0
AF	0	0.463460	5	4	1	0	0	0	0
AF	0	0.463773	3	2	1	0	0	0	0
AF	0	0.465022	2	1	1	0	0	0	0
AF	0	0.466896	1	1	0	0	0	0	0
AF	0	0.467520	1	1	0	0	0	0	0
AF	0	0.469394	3	3	0	0	0	0	0
AF	0	0.469706	2	1	1	0	0	0	0
AF	0	0.470019	1	1	0	0	0	0	0
AF	0	0.470331	2	1	1	0	0	0	0
AF	0	0.472517	1	0	1	0	0	0	0
AF	0	0.472829	1	1	0	0	0	0	0
AF	0	0.473142	1	0	1	0	0	0	0
AF	0	0.474079	1	1	0	0	0	0	0
AF	0	0.474391	1	1	0	0	0	0	0
AF	0	0.474703	2	2	0	0	0	0	0
AF	0	0.475016	1	1	0	0	0	0	0
AF	0	0.475328	1	1	0	0	0	0	0
AF	0	0.476577	3	2	1	0	0	0	0
AF	0	0.476889	3	2	1	0	0	0	0
AF	0	0.478139	1	1	0	0	0	0	0
AF	0	0.493129	1	1	0	0	0	0	0
AF	0	0.493754	1	1	0	0	0	0	0
AF	0	0.494379	1	0	1	0	0	0	0
AF	0	0.512492	1	1	0	0	0	0	0
AF	0	0.512804	1	0	1	0	0	0	0
AF	0	0.515928	1	1	0	0	0	0	0
AF	0	0.523423	1	1	0	0	0	0	0
AF	0	0.528107	1	0	1	0	0	0	0
AF	0	0.530606	1	1	0	0	0	0	0
AF	0	0.532167	1	0	1	0	0	0	0
AF	0	0.533104	2	2	0	0	0	0	0
AF	0	0.533417	1	0	1	0	0	0	0
AF	0	0.533729	1	1	0	0	0	0	0
AF	0	0.534978	1	0	1	0	0	0	0
AF	0	0.535915	2	1	1	0	0	0	0
AF	0	0.536227	58	36	22	0	0	0	0
AF	0	0.536540	59	31	28	0	0	0	0
AF	0	0.536852	27	21	6	0	0	0	0
AF	0	0.537164	1	1	0	0	0	0	0
AF	0	0.537789	1	0	1	0	0	0	0
AF	0	0.538101	2	1	1	0	0	0	0
AF	0	0.539038	1	1	0	0	0	0	0
AF	0	0.539350	2	1	1	0	0	0	0
AF	0	0.539975	1	0	1	0	0	0	0
AF	0	0.540287	1	0	1	0	0	0	0
AF	0	0.540600	2	2	0	0	0	0	0
AF	0	0.540912	1	1	0	0	0	0	0
AF	0	0.541224	30	22	8	0	0	0	0
AF	0	0.541537	39	29	10	0	0	0	0
AF	0	0.541849	79	45	34	0	0	0	0
AF	0	0.542161	3	1	2	0	0	0	0
AF	0	0.542473	3	2	1	0	0	0	0
AF	0	0.542786	1	1	0	0	0	0	0
AF	0	0.543098	1	0	1	0	0	0	0
AF	0	0.543410	1	0	1	0	0	0	0
AF	0	0.543723	2	2	0	0	0	0	0
AF	0	0.544972	1	1	0	0	0	0	0
AF	0	0.546221	1	1	0	0	0	0	0
AF	0	0.549969	2	1	1	0	0	0	0
AF	0	0.556527	1	1	0	0	0	0	0
AF	0	0.568395	1	0	1	0	0	0	0
AF	0	0.571518	1	1	0	0	0	0	0
AF	0	0.571830	1	0	1	0	0	0	0
AF	0	0.573392	1	1	0	0	0	0	0
AF	0	0.601187	1	0	1	0	0	0	0
AF	0	0.609619	1	0	1	0	0	0	0
AF	0	0.616490	1	1	0	0	0	0	0
AF	0	0.618988	1	1	0	0	0	0	0
AF	0	0.620550	1	1	0	0	0	0	0
AF	0	0.620862	4	3	1	0	0	0	0
AF	0	0.622736	1	0	1	0	0	0	0
AF	0	0.625234	1	1	0	0	0	0	0
AF	0	0.629606	5	3	2	0	0	0	0
AF	0	0.629919	2	1	1	0	0	0	0
AF	0	0.630231	6	4	2	0	0	0	0
AF	0	0.630543	1	1	0	0	0	0	0
AF	0	0.631480	2	2	0	0	0	0	0
AF	0	0.632105	3	3	0	0	0	0	0
AF	0	0.632730	2	1	1	0	0	0	0
AF	0	0.653966	1	0	1	0	0	0	0
AF	0	0.655215	1	0	1	0	0	0	0
AF	0	0.656465	2	1	1	0	0	0	0
AF	0	0.658963	3	1	2	0	0	0	0
AF	0	0.659275	6	5	1	0	0	0	0
AF	0	0.659588	8	3	5	0	0	0	0
AF	0	0.660525	1	1	0	0	0	0	0
AF	0	0.661774	1	0	1	0	0	0	0
AF	0	0.662086	1	0	1	0	0	0	0
AF	0	0.663023	1	1	0	0	0	0	0
AF	0	0.663648	1	1	0	0	0	0	0
AF	0	0.663960	1	1	0	0	0	0	0
AF	0	0.664272	14	8	6	0	0	0	0
AF	0	0.664585	37	23	14	0	0	0	0
AF	0	0.664897	8	4	4	0	0	0	0
AF	0	0.665209	10	2	8	0	0	0	0
AF	0	0.665834	4	3	1	0	0	0	0
AF	0	0.666146	1	1	0	0	0	0	0
AF	0	0.666458	5	3	2	0	0	0	0
AF	0	0.672705	1	1	0	0	0	0	0
AF	0	0.675828	2	2	0	0	0	0	0
AF	0	0.676140	2	0	2	0	0	0	0
AF	0	0.676765	7	4	3	0	0	0	0
AF	0	0.677389	1	1	0	0	0	0	0
AF	0	0.677701	1	1	0	0	0	0	0
AF	0	0.678951	1	0	1	0	0	0	0
AF	0	0.679575	1	1	0	0	0	0	0
AF	0	0.679888	1	1	0	0	0	0	0
AF	0	0.680200	1	0	1	0	0	0	0
AF	0	0.680512	5	4	1	0	0	0	0
AF	0	0.680824	2	1	1	0	0	0	0
AF	0	0.681137	4	4	0	0	0	0	0
AF	0	0.681761	1	1	0	0	0	0	0
AF	0	0.682386	2	0	2	0	0	0	0
AF	0	0.682698	3	3	0	0	0	0	0
AF	0	0.683635	1	1	0	0	0	0	0
AF	0	0.685197	1	0	1	0	0	0	0
AF	0	0.685509	1	1	0	0	0	0	0
AF	0	0.686134	2	1	1	0	0	0	0
AF	0	0.686446	1	0	1	0	0	0	0
AF	0	0.687695	1	1	0	0	0	0	0
AF	0	0.688007	1	0	1	0	0	0	0
AF	0	0.688320	1	1	0	0	0	0	0
AF	0	0.688632	1	1	0	0	0	0	0
AF	0	0.696752	1	1	0	0	0	0	0
AF	0	0.716740	1	1	0	0	0	0	0
AF	0	0.726733	1	1	0	0	0	0	0
AF	0	0.727046	2	1	1	0	0	0	0
AF	0	0.729856	1	1	0	0	0	0	0
AF	0	0.739225	1	1	0	0	0	0	0
AF	0	0.739538	1	0	1	0	0	0	0
AF	0	0.741724	1	0	1	0	0	0	0
AF	0	0.742036	2	2	0	0	0	0	0
AF	0	0.742349	34	23	11	0	0	0	0
AF	0	0.742973	1	1	0	0	0	0	0
AF	0	0.746408	5	3	2	0	0	0	0
AF	0	0.747033	2	1	1	0	0	0	0
AF	0	0.747345	26	13	13	0	0	0	0
AF	0	0.747658	15	7	8	0	0	0	0
AF	0	0.747970	7	6	1	0	0	0	0
AF	0	0.748282	3	2	1	0	0	0	0
AF	0	0.748595	12	9	3	0	0	0	0
AF	0	0.748907	5	3	2	0	0	0	0
AF	0	0.749219	12	6	6	0	0	0	0
AF	0	0.749532	4	4	0	0	0	0	0
AF	0	0.749844	1	1	0	0	0	0	0
AF	0	0.750156	2	1	1	0	0	0	0
AF	0	0.750468	1	0	1	0	0	0	0
AF	0	0.750781	3	2	1	0	0	0	0
AF	0	0.751093	5	1	4	0	0	0	0
AF	0	0.751405	4	4	0	0	0	0	0
AF	0	0.751718	6	6	0	0	0	0	0
AF	0	0.752342	2	1	1	0	0	0	0
AF	0	0.752967	1	0	1	0	0	0	0
AF	0	0.767958	3	2	1	0	0	0	0
AF	0	0.768582	1	1	0	0	0	0	0
AF	0	0.768894	1	0	1	0	0	0	0
AF	0	0.772330	1	1	0	0	0	0	0
AF	0	0.773579	1	1	0	0	0	0	0
AF	0	0.773891	3	2	1	0	0	0	0
AF	0	0.774204	8	5	3	0	0	0	0
AF	0	0.774516	1	1	0	0	0	0	0
AF	0	0.774828	4	4	0	0	0	0	0
AF	0	0.775141	5	3	2	0	0	0	0
AF	0	0.775453	1	1	0	0	0	0	0
AF	0	0.775765	1	1	0	0	0	0	0
AF	0	0.776077	9	6	3	0	0	0	0
AF	0	0.777014	3	2	1	0	0	0	0
AF	0	0.777327	24	14	10	0	0	0	0
AF	0	0.777639	30	16	14	0	0	0	0
AF	0	0.777951	3	2	1	0	0	0	0
AF	0	0.778264	2	2	0	0	0	0	0
AF	0	0.778888	12	8	4	0	0	0	0
AF	0	0.779513	1	0	1	0	0	0	0
AF	0	0.779825	1	1	0	0	0	0	0
AF	0	0.780137	1	1	0	0	0	0	0
AF	0	0.876327	1	1	0	0	0	0	0
AF	0	0.876640	2	1	1	0	0	0	0
AF	0	0.876952	1	1	0	0	0	0	0
AF	0	0.907870	1	1	0	0	0	0	0
AF	0	0.940662	1	1	0	0	0	0	0
AF	0	0.953467	1	0	1	0	0	0	0
AF	0	0.971893	1	0	1	0	0	0	0
AF	0	0.975953	1	0	1	0	0	0	0
AF	0	0.980949	1	1	0	0	0	0	0
AF	0	0.992817	1	1	0	0	0	0	0
AF	0	0.993129	1	0	1	0	0	0	0
AF	0	0.994066	1	1	0	0	0	0	0
AF	0	0.994379	1	1	0	0	0	0	0
AF	0	0.996252	1	1	0	0	0	0	0
AF	0	0.996565	1	0	1	0	0	0	0
AF	0	0.996877	1	0	1	0	0	0	0
AF	0	0.997189	12	4	8	0	0	0	0
AF	0	0.997502	7	5	2	0	0	0	0
AF	0	0.997814	9	8	1	0	0	0	0
AF	0	0.998126	2	0	2	0	0	0	0
AF	0	0.998438	4	2	2	0	0	0	0
AF	0	0.998751	1	0	1	0	0	0	0
AF	0	0.999063	3	2	1	0	0	0	0
# QUAL, Stats by quality
# QUAL	[2]id	[3]Quality	[4]number of SNPs	[5]number of transitions (1st ALT)	[6]number of transversions (1st ALT)	[7]number of indels
QUAL	0	.	19219	12075	7144	0
# IDD, InDel distribution:
# IDD	[2]id	[3]length (deletions negative)	[4]number of sites	[5]number of genotypes	[6]mean VAF
# ST, Substitution types:
# ST	[2]id	[3]type	[4]count
ST	0	A>C	751
ST	0	A>G	2172
ST	0	A>T	849
ST	0	C>A	1288
ST	0	C>G	780
ST	0	C>T	3730
ST	0	G>A	3953
ST	0	G>C	867
ST	0	G>T	1168
ST	0	T>A	811
ST	0	T>C	2220
ST	0	T>G	630
# DP, Depth distribution
# DP	[2]id	[3]bin	[4]number of genotypes	[5]fraction of genotypes (%)	[6]number of sites	[7]fraction of sites (%)
  - Fix haploid genotypes in males...

Submit MakeDiploidMalesX finished successfully. Let's have a beer, buddy!

