Submit MakeDiploidMalesX
version 1.1.6 (2024-09-30)

These are the settings:
  Input file................: /hpc/local/Rocky8/dhl_ec/software/MonopogenLite/resources/1kGP_high_coverage_Illumina.SNVonly_poly.filtered_AF_5e-04.norm.fixvariantid.chrX.vcf.gz
  Output file...............: /hpc/local/Rocky8/dhl_ec/software/MonopogenLite/resources/1kGP_high_coverage_Illumina.SNVonly_poly.filtered_AF_5e-04.norm.fixvariantid.makediploid.chrX.vcf.gz
  Chunk size................: 100

  SLURM CPUs................: 4
  SLURM Array ID............: 93 (of 100)
  SLURM memory..............: 16G
  SLURM time................: 01:00:00
  SLURM mail type...........: FAIL
  SLURM mail user...........: s.w.vanderlaan-2@umcutrecht.nl

  Dry run mode..............: 0
  Debug mode................: 1
  Verbosity.................: 0
  Version...................: 1.1.6 (2024-09-30)

Making converting haploid genotypes to diploid genotypes.
> Extract the region for this SLURM task (# 93) from the BED file.
  - Get the chunk number from the SLURM array task ID and the bed file...
DEBUG: Extracting chunk number: 93p from 93
DEBUG: Extracting region from BED file: /hpc/local/Rocky8/dhl_ec/software/MonopogenLite/resources/chrX_100pieces.bed
  - Extract the region from the BED file...
DEBUG: Extracted raw region: 'chrX	143557537	145117944' (chunk #: 93p of 100 for job 93)
  - Check if a valid region was extracted -- should be 'chrX	143557537	145117944'...
  - Prepare the region for bcftools...
  - Check if the region (chrX:143557537-145117944) was successfully extracted...
> Processing region 'chrX:143557537-145117944'...
  - Process the specific region (chunk# 93) using bcftools view...
  - Index the VCF file...
DEBUG: Check if the VCF file was successfully processed...
##fileformat=VCFv4.2
##FILTER=<ID=PASS,Description="All filters passed">
##fileDate=29/01/2022 - 14:31:41
##source=shapeit4.2.2
##contig=<ID=chr1,length=248956422>
##contig=<ID=chr2,length=242193529>
##contig=<ID=chr3,length=198295559>
##contig=<ID=chr4,length=190214555>
##contig=<ID=chr5,length=181538259>
##contig=<ID=chr6,length=170805979>
# This file was produced by bcftools stats (1.20+htslib-1.20) and can be plotted using plot-vcfstats.
# The command line was:	bcftools stats  /hpc/local/Rocky8/dhl_ec/software/MonopogenLite/resources/chrX.part93.vcf.gz
#
# Definition of sets:
# ID	[2]id	[3]tab-separated file names
ID	0	/hpc/local/Rocky8/dhl_ec/software/MonopogenLite/resources/chrX.part93.vcf.gz
# SN, Summary numbers:
#   number of records   .. number of data rows in the VCF
#   number of no-ALTs   .. reference-only sites, ALT is either "." or identical to REF
#   number of SNPs      .. number of rows with a SNP
#   number of MNPs      .. number of rows with a MNP, such as CC>TT
#   number of indels    .. number of rows with an indel
#   number of others    .. number of rows with other type, for example a symbolic allele or
#                          a complex substitution, such as ACT>TCGA
#   number of multiallelic sites     .. number of rows with multiple alternate alleles
#   number of multiallelic SNP sites .. number of rows with multiple alternate alleles, all SNPs
# 
#   Note that rows containing multiple types will be counted multiple times, in each
#   counter. For example, a row with a SNP and an indel increments both the SNP and
#   the indel counter.
# 
# SN	[2]id	[3]key	[4]value
SN	0	number of samples:	3202
SN	0	number of records:	17907
SN	0	number of no-ALTs:	0
SN	0	number of SNPs:	17907
SN	0	number of MNPs:	0
SN	0	number of indels:	0
SN	0	number of others:	0
SN	0	number of multiallelic sites:	0
SN	0	number of multiallelic SNP sites:	0
# TSTV, transitions/transversions:
# TSTV	[2]id	[3]ts	[4]tv	[5]ts/tv	[6]ts (1st ALT)	[7]tv (1st ALT)	[8]ts/tv (1st ALT)
TSTV	0	11828	6079	1.95	11828	6079	1.95
# SiS, Singleton stats:
# SiS	[2]id	[3]allele count	[4]number of SNPs	[5]number of transitions	[6]number of transversions	[7]number of indels	[8]repeat-consistent	[9]repeat-inconsistent	[10]not applicable
SiS	0	1	0	0	0	0	0	0	0
# AF, Stats by non-reference allele frequency:
# AF	[2]id	[3]allele frequency	[4]number of SNPs	[5]number of transitions	[6]number of transversions	[7]number of indels	[8]repeat-consistent	[9]repeat-inconsistent	[10]not applicable
AF	0	0.000312	2467	1632	835	0	0	0	0
AF	0	0.000625	1548	1036	512	0	0	0	0
AF	0	0.000937	1709	1157	552	0	0	0	0
AF	0	0.001249	576	389	187	0	0	0	0
AF	0	0.001562	915	622	293	0	0	0	0
AF	0	0.001874	365	241	124	0	0	0	0
AF	0	0.002186	615	410	205	0	0	0	0
AF	0	0.002498	318	212	106	0	0	0	0
AF	0	0.002811	476	308	168	0	0	0	0
AF	0	0.003123	202	122	80	0	0	0	0
AF	0	0.003435	317	228	89	0	0	0	0
AF	0	0.003748	151	95	56	0	0	0	0
AF	0	0.004060	253	159	94	0	0	0	0
AF	0	0.004372	102	57	45	0	0	0	0
AF	0	0.004685	205	134	71	0	0	0	0
AF	0	0.004997	87	64	23	0	0	0	0
AF	0	0.005309	149	97	52	0	0	0	0
AF	0	0.005621	77	63	14	0	0	0	0
AF	0	0.005934	147	96	51	0	0	0	0
AF	0	0.006246	81	50	31	0	0	0	0
AF	0	0.006558	159	113	46	0	0	0	0
AF	0	0.006871	65	40	25	0	0	0	0
AF	0	0.007183	121	77	44	0	0	0	0
AF	0	0.007495	45	26	19	0	0	0	0
AF	0	0.007808	104	72	32	0	0	0	0
AF	0	0.008120	53	37	16	0	0	0	0
AF	0	0.008432	127	78	49	0	0	0	0
AF	0	0.008745	65	46	19	0	0	0	0
AF	0	0.009057	111	70	41	0	0	0	0
AF	0	0.009369	33	16	17	0	0	0	0
AF	0	0.009681	96	66	30	0	0	0	0
AF	0	0.009994	53	34	19	0	0	0	0
AF	0	0.010306	99	65	34	0	0	0	0
AF	0	0.010618	47	32	15	0	0	0	0
AF	0	0.010931	83	53	30	0	0	0	0
AF	0	0.011243	30	21	9	0	0	0	0
AF	0	0.011555	57	35	22	0	0	0	0
AF	0	0.011868	34	21	13	0	0	0	0
AF	0	0.012180	67	45	22	0	0	0	0
AF	0	0.012492	34	25	9	0	0	0	0
AF	0	0.012804	56	29	27	0	0	0	0
AF	0	0.013117	31	21	10	0	0	0	0
AF	0	0.013429	75	49	26	0	0	0	0
AF	0	0.013741	33	23	10	0	0	0	0
AF	0	0.014054	50	39	11	0	0	0	0
AF	0	0.014366	44	23	21	0	0	0	0
AF	0	0.014678	57	37	20	0	0	0	0
AF	0	0.014991	22	16	6	0	0	0	0
AF	0	0.015303	80	57	23	0	0	0	0
AF	0	0.015615	14	7	7	0	0	0	0
AF	0	0.015928	73	49	24	0	0	0	0
AF	0	0.016240	16	11	5	0	0	0	0
AF	0	0.016552	42	26	16	0	0	0	0
AF	0	0.016864	17	9	8	0	0	0	0
AF	0	0.017177	38	26	12	0	0	0	0
AF	0	0.017489	17	10	7	0	0	0	0
AF	0	0.017801	30	23	7	0	0	0	0
AF	0	0.018114	29	20	9	0	0	0	0
AF	0	0.018426	43	31	12	0	0	0	0
AF	0	0.018738	13	9	4	0	0	0	0
AF	0	0.019051	35	19	16	0	0	0	0
AF	0	0.019363	22	15	7	0	0	0	0
AF	0	0.019675	35	23	12	0	0	0	0
AF	0	0.019988	23	17	6	0	0	0	0
AF	0	0.020300	29	18	11	0	0	0	0
AF	0	0.020612	12	10	2	0	0	0	0
AF	0	0.020924	26	18	8	0	0	0	0
AF	0	0.021237	22	17	5	0	0	0	0
AF	0	0.021549	43	25	18	0	0	0	0
AF	0	0.021861	36	23	13	0	0	0	0
AF	0	0.022174	32	23	9	0	0	0	0
AF	0	0.022486	17	7	10	0	0	0	0
AF	0	0.022798	22	16	6	0	0	0	0
AF	0	0.023111	10	7	3	0	0	0	0
AF	0	0.023423	26	17	9	0	0	0	0
AF	0	0.023735	15	10	5	0	0	0	0
AF	0	0.024047	32	21	11	0	0	0	0
AF	0	0.024360	10	6	4	0	0	0	0
AF	0	0.024672	29	20	9	0	0	0	0
AF	0	0.024984	9	5	4	0	0	0	0
AF	0	0.025297	18	13	5	0	0	0	0
AF	0	0.025609	23	16	7	0	0	0	0
AF	0	0.025921	23	17	6	0	0	0	0
AF	0	0.026234	24	10	14	0	0	0	0
AF	0	0.026546	38	23	15	0	0	0	0
AF	0	0.026858	15	7	8	0	0	0	0
AF	0	0.027171	24	18	6	0	0	0	0
AF	0	0.027483	9	6	3	0	0	0	0
AF	0	0.027795	22	20	2	0	0	0	0
AF	0	0.028107	7	5	2	0	0	0	0
AF	0	0.028420	23	14	9	0	0	0	0
AF	0	0.028732	11	6	5	0	0	0	0
AF	0	0.029044	20	15	5	0	0	0	0
AF	0	0.029357	10	5	5	0	0	0	0
AF	0	0.029669	19	10	9	0	0	0	0
AF	0	0.029981	12	3	9	0	0	0	0
AF	0	0.030294	18	11	7	0	0	0	0
AF	0	0.030606	10	7	3	0	0	0	0
AF	0	0.030918	16	8	8	0	0	0	0
AF	0	0.031230	5	3	2	0	0	0	0
AF	0	0.031543	22	13	9	0	0	0	0
AF	0	0.031855	9	7	2	0	0	0	0
AF	0	0.032167	14	7	7	0	0	0	0
AF	0	0.032480	7	3	4	0	0	0	0
AF	0	0.032792	14	10	4	0	0	0	0
AF	0	0.033104	5	2	3	0	0	0	0
AF	0	0.033417	14	11	3	0	0	0	0
AF	0	0.033729	10	5	5	0	0	0	0
AF	0	0.034041	18	13	5	0	0	0	0
AF	0	0.034354	11	7	4	0	0	0	0
AF	0	0.034666	17	12	5	0	0	0	0
AF	0	0.034978	6	4	2	0	0	0	0
AF	0	0.035290	12	9	3	0	0	0	0
AF	0	0.035603	4	4	0	0	0	0	0
AF	0	0.035915	19	11	8	0	0	0	0
AF	0	0.036227	7	5	2	0	0	0	0
AF	0	0.036540	14	10	4	0	0	0	0
AF	0	0.036852	1	1	0	0	0	0	0
AF	0	0.037164	12	10	2	0	0	0	0
AF	0	0.037477	7	6	1	0	0	0	0
AF	0	0.037789	9	3	6	0	0	0	0
AF	0	0.038101	4	3	1	0	0	0	0
AF	0	0.038413	14	9	5	0	0	0	0
AF	0	0.038726	7	4	3	0	0	0	0
AF	0	0.039038	13	6	7	0	0	0	0
AF	0	0.039350	6	3	3	0	0	0	0
AF	0	0.039663	16	12	4	0	0	0	0
AF	0	0.039975	5	4	1	0	0	0	0
AF	0	0.040287	16	10	6	0	0	0	0
AF	0	0.040600	10	8	2	0	0	0	0
AF	0	0.040912	13	9	4	0	0	0	0
AF	0	0.041224	7	4	3	0	0	0	0
AF	0	0.041537	15	13	2	0	0	0	0
AF	0	0.041849	11	6	5	0	0	0	0
AF	0	0.042161	15	5	10	0	0	0	0
AF	0	0.042473	5	5	0	0	0	0	0
AF	0	0.042786	14	11	3	0	0	0	0
AF	0	0.043098	7	5	2	0	0	0	0
AF	0	0.043410	13	8	5	0	0	0	0
AF	0	0.043723	8	5	3	0	0	0	0
AF	0	0.044035	23	18	5	0	0	0	0
AF	0	0.044347	8	7	1	0	0	0	0
AF	0	0.044660	10	6	4	0	0	0	0
AF	0	0.044972	7	3	4	0	0	0	0
AF	0	0.045284	14	10	4	0	0	0	0
AF	0	0.045597	5	1	4	0	0	0	0
AF	0	0.045909	13	7	6	0	0	0	0
AF	0	0.046221	2	0	2	0	0	0	0
AF	0	0.046533	22	14	8	0	0	0	0
AF	0	0.046846	4	3	1	0	0	0	0
AF	0	0.047158	17	11	6	0	0	0	0
AF	0	0.047470	6	2	4	0	0	0	0
AF	0	0.047783	7	5	2	0	0	0	0
AF	0	0.048095	5	1	4	0	0	0	0
AF	0	0.048407	14	8	6	0	0	0	0
AF	0	0.048720	2	1	1	0	0	0	0
AF	0	0.049032	9	7	2	0	0	0	0
AF	0	0.049344	3	2	1	0	0	0	0
AF	0	0.049656	6	5	1	0	0	0	0
AF	0	0.049969	7	4	3	0	0	0	0
AF	0	0.050281	11	6	5	0	0	0	0
AF	0	0.050593	2	2	0	0	0	0	0
AF	0	0.050906	5	3	2	0	0	0	0
AF	0	0.051218	9	8	1	0	0	0	0
AF	0	0.051530	14	10	4	0	0	0	0
AF	0	0.051843	9	5	4	0	0	0	0
AF	0	0.052155	6	4	2	0	0	0	0
AF	0	0.052467	3	3	0	0	0	0	0
AF	0	0.052780	14	9	5	0	0	0	0
AF	0	0.053092	2	2	0	0	0	0	0
AF	0	0.053404	10	6	4	0	0	0	0
AF	0	0.053716	3	2	1	0	0	0	0
AF	0	0.054029	12	8	4	0	0	0	0
AF	0	0.054341	3	3	0	0	0	0	0
AF	0	0.054653	10	7	3	0	0	0	0
AF	0	0.054966	2	1	1	0	0	0	0
AF	0	0.055278	2	0	2	0	0	0	0
AF	0	0.055590	3	1	2	0	0	0	0
AF	0	0.055903	6	5	1	0	0	0	0
AF	0	0.056215	4	2	2	0	0	0	0
AF	0	0.056527	9	4	5	0	0	0	0
AF	0	0.056839	4	3	1	0	0	0	0
AF	0	0.057152	10	7	3	0	0	0	0
AF	0	0.057464	2	2	0	0	0	0	0
AF	0	0.057776	6	5	1	0	0	0	0
AF	0	0.058089	7	7	0	0	0	0	0
AF	0	0.058401	10	7	3	0	0	0	0
AF	0	0.058713	8	5	3	0	0	0	0
AF	0	0.059026	8	4	4	0	0	0	0
AF	0	0.059338	7	2	5	0	0	0	0
AF	0	0.059650	14	11	3	0	0	0	0
AF	0	0.059963	11	9	2	0	0	0	0
AF	0	0.060275	10	8	2	0	0	0	0
AF	0	0.060587	5	3	2	0	0	0	0
AF	0	0.060899	12	10	2	0	0	0	0
AF	0	0.061212	8	5	3	0	0	0	0
AF	0	0.061524	8	4	4	0	0	0	0
AF	0	0.061836	2	2	0	0	0	0	0
AF	0	0.062149	2	2	0	0	0	0	0
AF	0	0.062461	2	1	1	0	0	0	0
AF	0	0.062773	4	4	0	0	0	0	0
AF	0	0.063086	2	1	1	0	0	0	0
AF	0	0.063398	12	9	3	0	0	0	0
AF	0	0.063710	4	3	1	0	0	0	0
AF	0	0.064022	6	5	1	0	0	0	0
AF	0	0.064335	2	2	0	0	0	0	0
AF	0	0.064647	5	2	3	0	0	0	0
AF	0	0.064959	3	1	2	0	0	0	0
AF	0	0.065272	7	4	3	0	0	0	0
AF	0	0.065584	5	4	1	0	0	0	0
AF	0	0.065896	7	6	1	0	0	0	0
AF	0	0.066209	3	1	2	0	0	0	0
AF	0	0.066521	4	3	1	0	0	0	0
AF	0	0.066833	1	1	0	0	0	0	0
AF	0	0.067146	4	4	0	0	0	0	0
AF	0	0.067458	4	2	2	0	0	0	0
AF	0	0.067770	8	6	2	0	0	0	0
AF	0	0.068082	3	2	1	0	0	0	0
AF	0	0.068395	8	3	5	0	0	0	0
AF	0	0.068707	6	4	2	0	0	0	0
AF	0	0.069019	3	3	0	0	0	0	0
AF	0	0.069332	5	3	2	0	0	0	0
AF	0	0.069644	8	4	4	0	0	0	0
AF	0	0.069956	3	0	3	0	0	0	0
AF	0	0.070269	1	1	0	0	0	0	0
AF	0	0.070581	4	2	2	0	0	0	0
AF	0	0.070893	5	1	4	0	0	0	0
AF	0	0.071205	3	2	1	0	0	0	0
AF	0	0.071518	7	2	5	0	0	0	0
AF	0	0.071830	1	0	1	0	0	0	0
AF	0	0.072142	2	1	1	0	0	0	0
AF	0	0.072455	3	2	1	0	0	0	0
AF	0	0.072767	3	2	1	0	0	0	0
AF	0	0.073079	1	0	1	0	0	0	0
AF	0	0.073392	8	2	6	0	0	0	0
AF	0	0.073704	2	2	0	0	0	0	0
AF	0	0.074016	5	4	1	0	0	0	0
AF	0	0.074329	2	1	1	0	0	0	0
AF	0	0.074641	9	5	4	0	0	0	0
AF	0	0.074953	1	1	0	0	0	0	0
AF	0	0.075265	5	5	0	0	0	0	0
AF	0	0.075578	1	1	0	0	0	0	0
AF	0	0.075890	3	3	0	0	0	0	0
AF	0	0.076202	4	3	1	0	0	0	0
AF	0	0.076515	2	1	1	0	0	0	0
AF	0	0.077139	2	1	1	0	0	0	0
AF	0	0.077764	2	0	2	0	0	0	0
AF	0	0.078076	3	2	1	0	0	0	0
AF	0	0.078389	5	5	0	0	0	0	0
AF	0	0.078701	1	1	0	0	0	0	0
AF	0	0.079013	5	4	1	0	0	0	0
AF	0	0.079325	3	2	1	0	0	0	0
AF	0	0.079638	6	5	1	0	0	0	0
AF	0	0.079950	2	2	0	0	0	0	0
AF	0	0.080262	6	3	3	0	0	0	0
AF	0	0.080575	1	0	1	0	0	0	0
AF	0	0.080887	8	5	3	0	0	0	0
AF	0	0.081199	3	1	2	0	0	0	0
AF	0	0.081512	7	6	1	0	0	0	0
AF	0	0.081824	2	2	0	0	0	0	0
AF	0	0.082136	6	4	2	0	0	0	0
AF	0	0.082448	9	7	2	0	0	0	0
AF	0	0.082761	7	4	3	0	0	0	0
AF	0	0.083073	3	1	2	0	0	0	0
AF	0	0.083385	1	1	0	0	0	0	0
AF	0	0.084010	2	1	1	0	0	0	0
AF	0	0.084322	3	2	1	0	0	0	0
AF	0	0.084635	6	5	1	0	0	0	0
AF	0	0.085259	2	1	1	0	0	0	0
AF	0	0.085572	1	1	0	0	0	0	0
AF	0	0.085884	4	3	1	0	0	0	0
AF	0	0.086196	2	1	1	0	0	0	0
AF	0	0.086508	2	2	0	0	0	0	0
AF	0	0.087133	5	3	2	0	0	0	0
AF	0	0.087445	1	0	1	0	0	0	0
AF	0	0.087758	2	0	2	0	0	0	0
AF	0	0.088070	2	2	0	0	0	0	0
AF	0	0.088382	1	1	0	0	0	0	0
AF	0	0.088695	2	1	1	0	0	0	0
AF	0	0.089007	2	0	2	0	0	0	0
AF	0	0.089631	1	0	1	0	0	0	0
AF	0	0.089944	1	0	1	0	0	0	0
AF	0	0.090256	1	1	0	0	0	0	0
AF	0	0.090568	2	2	0	0	0	0	0
AF	0	0.090881	4	4	0	0	0	0	0
AF	0	0.091193	6	1	5	0	0	0	0
AF	0	0.091505	2	0	2	0	0	0	0
AF	0	0.091818	2	1	1	0	0	0	0
AF	0	0.092130	1	1	0	0	0	0	0
AF	0	0.092442	2	1	1	0	0	0	0
AF	0	0.092755	2	1	1	0	0	0	0
AF	0	0.093067	1	1	0	0	0	0	0
AF	0	0.093379	3	3	0	0	0	0	0
AF	0	0.093691	4	2	2	0	0	0	0
AF	0	0.094004	3	2	1	0	0	0	0
AF	0	0.094316	2	1	1	0	0	0	0
AF	0	0.094628	2	1	1	0	0	0	0
AF	0	0.094941	1	1	0	0	0	0	0
AF	0	0.095253	1	1	0	0	0	0	0
AF	0	0.095565	3	3	0	0	0	0	0
AF	0	0.095878	3	1	2	0	0	0	0
AF	0	0.096190	1	0	1	0	0	0	0
AF	0	0.096502	4	4	0	0	0	0	0
AF	0	0.096814	1	0	1	0	0	0	0
AF	0	0.097127	6	4	2	0	0	0	0
AF	0	0.097439	1	1	0	0	0	0	0
AF	0	0.097751	5	3	2	0	0	0	0
AF	0	0.098064	6	4	2	0	0	0	0
AF	0	0.098376	2	1	1	0	0	0	0
AF	0	0.098688	1	1	0	0	0	0	0
AF	0	0.099001	2	1	1	0	0	0	0
AF	0	0.099313	2	2	0	0	0	0	0
AF	0	0.099625	3	2	1	0	0	0	0
AF	0	0.100250	5	4	1	0	0	0	0
AF	0	0.100562	3	3	0	0	0	0	0
AF	0	0.100874	1	0	1	0	0	0	0
AF	0	0.101499	4	3	1	0	0	0	0
AF	0	0.101811	3	2	1	0	0	0	0
AF	0	0.102124	4	3	1	0	0	0	0
AF	0	0.102748	3	2	1	0	0	0	0
AF	0	0.103061	1	1	0	0	0	0	0
AF	0	0.103373	6	2	4	0	0	0	0
AF	0	0.103685	1	1	0	0	0	0	0
AF	0	0.103998	4	1	3	0	0	0	0
AF	0	0.104622	3	1	2	0	0	0	0
AF	0	0.104934	1	0	1	0	0	0	0
AF	0	0.105247	3	2	1	0	0	0	0
AF	0	0.105559	2	1	1	0	0	0	0
AF	0	0.105871	2	1	1	0	0	0	0
AF	0	0.106184	2	1	1	0	0	0	0
AF	0	0.106496	3	3	0	0	0	0	0
AF	0	0.106808	2	2	0	0	0	0	0
AF	0	0.107121	3	2	1	0	0	0	0
AF	0	0.107433	2	1	1	0	0	0	0
AF	0	0.107745	1	0	1	0	0	0	0
AF	0	0.108057	1	0	1	0	0	0	0
AF	0	0.108370	2	1	1	0	0	0	0
AF	0	0.108682	1	0	1	0	0	0	0
AF	0	0.108994	6	4	2	0	0	0	0
AF	0	0.109307	2	0	2	0	0	0	0
AF	0	0.109619	8	5	3	0	0	0	0
AF	0	0.109931	4	2	2	0	0	0	0
AF	0	0.110244	2	1	1	0	0	0	0
AF	0	0.110556	2	2	0	0	0	0	0
AF	0	0.110868	3	1	2	0	0	0	0
AF	0	0.111181	6	4	2	0	0	0	0
AF	0	0.111493	2	2	0	0	0	0	0
AF	0	0.111805	4	3	1	0	0	0	0
AF	0	0.112117	3	1	2	0	0	0	0
AF	0	0.112430	9	6	3	0	0	0	0
AF	0	0.112742	1	1	0	0	0	0	0
AF	0	0.113054	2	1	1	0	0	0	0
AF	0	0.113367	1	1	0	0	0	0	0
AF	0	0.113679	9	7	2	0	0	0	0
AF	0	0.113991	1	0	1	0	0	0	0
AF	0	0.114304	7	7	0	0	0	0	0
AF	0	0.114616	4	3	1	0	0	0	0
AF	0	0.114928	3	0	3	0	0	0	0
AF	0	0.115240	1	1	0	0	0	0	0
AF	0	0.115553	6	4	2	0	0	0	0
AF	0	0.115865	4	2	2	0	0	0	0
AF	0	0.116177	4	2	2	0	0	0	0
AF	0	0.116490	1	0	1	0	0	0	0
AF	0	0.116802	4	3	1	0	0	0	0
AF	0	0.117114	1	0	1	0	0	0	0
AF	0	0.117427	4	4	0	0	0	0	0
AF	0	0.117739	3	2	1	0	0	0	0
AF	0	0.118051	1	1	0	0	0	0	0
AF	0	0.118676	1	1	0	0	0	0	0
AF	0	0.118988	2	1	1	0	0	0	0
AF	0	0.119300	3	2	1	0	0	0	0
AF	0	0.119613	7	5	2	0	0	0	0
AF	0	0.119925	3	1	2	0	0	0	0
AF	0	0.120237	1	1	0	0	0	0	0
AF	0	0.120550	6	4	2	0	0	0	0
AF	0	0.120862	4	3	1	0	0	0	0
AF	0	0.121174	3	2	1	0	0	0	0
AF	0	0.121487	2	1	1	0	0	0	0
AF	0	0.121799	4	1	3	0	0	0	0
AF	0	0.122111	1	1	0	0	0	0	0
AF	0	0.122423	4	1	3	0	0	0	0
AF	0	0.122736	5	4	1	0	0	0	0
AF	0	0.123048	1	1	0	0	0	0	0
AF	0	0.123360	2	2	0	0	0	0	0
AF	0	0.123673	1	0	1	0	0	0	0
AF	0	0.123985	1	0	1	0	0	0	0
AF	0	0.124297	1	1	0	0	0	0	0
AF	0	0.124610	1	0	1	0	0	0	0
AF	0	0.124922	1	1	0	0	0	0	0
AF	0	0.125234	2	1	1	0	0	0	0
AF	0	0.125547	2	1	1	0	0	0	0
AF	0	0.125859	2	2	0	0	0	0	0
AF	0	0.126171	5	4	1	0	0	0	0
AF	0	0.126483	1	1	0	0	0	0	0
AF	0	0.126796	3	2	1	0	0	0	0
AF	0	0.127108	1	1	0	0	0	0	0
AF	0	0.127420	4	3	1	0	0	0	0
AF	0	0.128045	5	2	3	0	0	0	0
AF	0	0.128357	1	1	0	0	0	0	0
AF	0	0.128670	2	0	2	0	0	0	0
AF	0	0.128982	2	1	1	0	0	0	0
AF	0	0.129294	2	1	1	0	0	0	0
AF	0	0.129606	1	0	1	0	0	0	0
AF	0	0.129919	5	3	2	0	0	0	0
AF	0	0.130543	3	0	3	0	0	0	0
AF	0	0.130856	1	1	0	0	0	0	0
AF	0	0.131168	4	2	2	0	0	0	0
AF	0	0.131480	4	2	2	0	0	0	0
AF	0	0.131793	8	4	4	0	0	0	0
AF	0	0.132105	3	2	1	0	0	0	0
AF	0	0.132417	4	1	3	0	0	0	0
AF	0	0.132730	1	0	1	0	0	0	0
AF	0	0.133042	6	6	0	0	0	0	0
AF	0	0.133354	2	1	1	0	0	0	0
AF	0	0.133666	3	2	1	0	0	0	0
AF	0	0.133979	1	1	0	0	0	0	0
AF	0	0.134291	4	3	1	0	0	0	0
AF	0	0.134603	3	1	2	0	0	0	0
AF	0	0.134916	6	3	3	0	0	0	0
AF	0	0.135228	2	1	1	0	0	0	0
AF	0	0.135540	2	1	1	0	0	0	0
AF	0	0.135853	1	0	1	0	0	0	0
AF	0	0.136165	1	1	0	0	0	0	0
AF	0	0.136477	2	2	0	0	0	0	0
AF	0	0.136790	2	2	0	0	0	0	0
AF	0	0.137102	1	0	1	0	0	0	0
AF	0	0.137414	4	2	2	0	0	0	0
AF	0	0.137726	2	2	0	0	0	0	0
AF	0	0.138039	1	1	0	0	0	0	0
AF	0	0.138663	3	1	2	0	0	0	0
AF	0	0.138976	1	0	1	0	0	0	0
AF	0	0.139288	3	1	2	0	0	0	0
AF	0	0.139913	1	1	0	0	0	0	0
AF	0	0.140225	1	1	0	0	0	0	0
AF	0	0.140537	2	1	1	0	0	0	0
AF	0	0.140849	1	0	1	0	0	0	0
AF	0	0.141162	3	1	2	0	0	0	0
AF	0	0.141474	2	2	0	0	0	0	0
AF	0	0.141786	4	1	3	0	0	0	0
AF	0	0.142411	1	1	0	0	0	0	0
AF	0	0.142723	1	0	1	0	0	0	0
AF	0	0.143036	1	1	0	0	0	0	0
AF	0	0.143348	1	0	1	0	0	0	0
AF	0	0.143660	3	2	1	0	0	0	0
AF	0	0.143973	1	1	0	0	0	0	0
AF	0	0.144285	1	1	0	0	0	0	0
AF	0	0.144597	1	0	1	0	0	0	0
AF	0	0.144909	1	0	1	0	0	0	0
AF	0	0.145534	3	2	1	0	0	0	0
AF	0	0.145846	2	1	1	0	0	0	0
AF	0	0.146159	2	2	0	0	0	0	0
AF	0	0.146471	6	4	2	0	0	0	0
AF	0	0.146783	2	1	1	0	0	0	0
AF	0	0.147096	3	1	2	0	0	0	0
AF	0	0.147408	3	1	2	0	0	0	0
AF	0	0.147720	4	2	2	0	0	0	0
AF	0	0.148032	5	3	2	0	0	0	0
AF	0	0.148345	3	3	0	0	0	0	0
AF	0	0.148657	4	3	1	0	0	0	0
AF	0	0.148969	2	2	0	0	0	0	0
AF	0	0.149282	2	1	1	0	0	0	0
AF	0	0.149594	3	2	1	0	0	0	0
AF	0	0.149906	2	1	1	0	0	0	0
AF	0	0.150219	1	1	0	0	0	0	0
AF	0	0.150531	6	4	2	0	0	0	0
AF	0	0.150843	1	1	0	0	0	0	0
AF	0	0.151156	5	4	1	0	0	0	0
AF	0	0.151780	5	1	4	0	0	0	0
AF	0	0.152092	1	1	0	0	0	0	0
AF	0	0.152405	4	3	1	0	0	0	0
AF	0	0.153029	2	2	0	0	0	0	0
AF	0	0.153342	3	3	0	0	0	0	0
AF	0	0.153654	10	7	3	0	0	0	0
AF	0	0.154279	5	2	3	0	0	0	0
AF	0	0.154591	1	1	0	0	0	0	0
AF	0	0.154903	2	1	1	0	0	0	0
AF	0	0.155215	1	1	0	0	0	0	0
AF	0	0.155528	5	5	0	0	0	0	0
AF	0	0.155840	1	1	0	0	0	0	0
AF	0	0.156152	1	0	1	0	0	0	0
AF	0	0.156465	1	0	1	0	0	0	0
AF	0	0.156777	1	1	0	0	0	0	0
AF	0	0.157089	3	2	1	0	0	0	0
AF	0	0.157402	7	5	2	0	0	0	0
AF	0	0.157714	1	0	1	0	0	0	0
AF	0	0.158026	2	2	0	0	0	0	0
AF	0	0.158651	4	4	0	0	0	0	0
AF	0	0.158963	4	1	3	0	0	0	0
AF	0	0.159275	3	3	0	0	0	0	0
AF	0	0.159588	1	1	0	0	0	0	0
AF	0	0.159900	2	2	0	0	0	0	0
AF	0	0.160212	1	0	1	0	0	0	0
AF	0	0.160525	1	1	0	0	0	0	0
AF	0	0.160837	2	2	0	0	0	0	0
AF	0	0.161774	1	1	0	0	0	0	0
AF	0	0.162086	2	1	1	0	0	0	0
AF	0	0.162399	1	1	0	0	0	0	0
AF	0	0.163023	4	2	2	0	0	0	0
AF	0	0.163335	3	1	2	0	0	0	0
AF	0	0.163648	2	1	1	0	0	0	0
AF	0	0.163960	4	2	2	0	0	0	0
AF	0	0.164272	6	5	1	0	0	0	0
AF	0	0.164585	2	1	1	0	0	0	0
AF	0	0.164897	2	1	1	0	0	0	0
AF	0	0.165209	3	2	1	0	0	0	0
AF	0	0.165522	2	1	1	0	0	0	0
AF	0	0.165834	1	1	0	0	0	0	0
AF	0	0.166146	5	3	2	0	0	0	0
AF	0	0.166458	2	2	0	0	0	0	0
AF	0	0.166771	2	1	1	0	0	0	0
AF	0	0.167083	1	0	1	0	0	0	0
AF	0	0.167395	2	2	0	0	0	0	0
AF	0	0.167708	1	1	0	0	0	0	0
AF	0	0.168020	3	2	1	0	0	0	0
AF	0	0.168332	1	1	0	0	0	0	0
AF	0	0.168645	3	1	2	0	0	0	0
AF	0	0.168957	1	0	1	0	0	0	0
AF	0	0.169269	2	2	0	0	0	0	0
AF	0	0.169582	1	1	0	0	0	0	0
AF	0	0.169894	1	1	0	0	0	0	0
AF	0	0.170518	1	0	1	0	0	0	0
AF	0	0.170831	1	0	1	0	0	0	0
AF	0	0.171143	3	0	3	0	0	0	0
AF	0	0.171455	2	2	0	0	0	0	0
AF	0	0.171768	3	2	1	0	0	0	0
AF	0	0.172080	1	0	1	0	0	0	0
AF	0	0.172392	1	0	1	0	0	0	0
AF	0	0.173017	1	1	0	0	0	0	0
AF	0	0.173329	1	1	0	0	0	0	0
AF	0	0.173641	1	0	1	0	0	0	0
AF	0	0.173954	2	2	0	0	0	0	0
AF	0	0.174266	2	2	0	0	0	0	0
AF	0	0.174891	2	2	0	0	0	0	0
AF	0	0.175203	1	1	0	0	0	0	0
AF	0	0.175515	4	3	1	0	0	0	0
AF	0	0.175828	1	1	0	0	0	0	0
AF	0	0.176140	3	3	0	0	0	0	0
AF	0	0.176452	2	1	1	0	0	0	0
AF	0	0.176765	3	1	2	0	0	0	0
AF	0	0.177389	2	2	0	0	0	0	0
AF	0	0.177701	1	0	1	0	0	0	0
AF	0	0.178014	3	1	2	0	0	0	0
AF	0	0.179263	2	2	0	0	0	0	0
AF	0	0.179888	1	1	0	0	0	0	0
AF	0	0.180200	2	1	1	0	0	0	0
AF	0	0.180512	1	0	1	0	0	0	0
AF	0	0.181449	1	1	0	0	0	0	0
AF	0	0.181761	2	1	1	0	0	0	0
AF	0	0.182074	1	1	0	0	0	0	0
AF	0	0.182386	3	1	2	0	0	0	0
AF	0	0.183011	4	2	2	0	0	0	0
AF	0	0.183323	2	1	1	0	0	0	0
AF	0	0.183635	1	1	0	0	0	0	0
AF	0	0.183948	2	1	1	0	0	0	0
AF	0	0.184260	4	2	2	0	0	0	0
AF	0	0.184884	3	1	2	0	0	0	0
AF	0	0.185197	3	1	2	0	0	0	0
AF	0	0.185509	4	2	2	0	0	0	0
AF	0	0.185821	1	0	1	0	0	0	0
AF	0	0.186134	5	3	2	0	0	0	0
AF	0	0.186758	1	1	0	0	0	0	0
AF	0	0.187383	5	3	2	0	0	0	0
AF	0	0.187695	1	0	1	0	0	0	0
AF	0	0.188007	4	4	0	0	0	0	0
AF	0	0.188632	3	3	0	0	0	0	0
AF	0	0.188944	2	1	1	0	0	0	0
AF	0	0.189257	4	2	2	0	0	0	0
AF	0	0.189569	3	2	1	0	0	0	0
AF	0	0.189881	1	0	1	0	0	0	0
AF	0	0.190506	2	1	1	0	0	0	0
AF	0	0.190818	3	1	2	0	0	0	0
AF	0	0.191131	2	2	0	0	0	0	0
AF	0	0.191443	3	3	0	0	0	0	0
AF	0	0.191755	6	6	0	0	0	0	0
AF	0	0.192067	2	1	1	0	0	0	0
AF	0	0.192380	1	1	0	0	0	0	0
AF	0	0.192692	2	0	2	0	0	0	0
AF	0	0.193004	3	3	0	0	0	0	0
AF	0	0.193317	1	1	0	0	0	0	0
AF	0	0.193629	2	1	1	0	0	0	0
AF	0	0.193941	5	2	3	0	0	0	0
AF	0	0.194566	2	1	1	0	0	0	0
AF	0	0.195191	1	1	0	0	0	0	0
AF	0	0.195503	1	1	0	0	0	0	0
AF	0	0.195815	2	1	1	0	0	0	0
AF	0	0.196127	2	2	0	0	0	0	0
AF	0	0.197064	1	1	0	0	0	0	0
AF	0	0.197377	1	0	1	0	0	0	0
AF	0	0.198001	1	1	0	0	0	0	0
AF	0	0.198314	3	3	0	0	0	0	0
AF	0	0.198626	2	1	1	0	0	0	0
AF	0	0.198938	1	1	0	0	0	0	0
AF	0	0.199250	1	0	1	0	0	0	0
AF	0	0.199563	1	1	0	0	0	0	0
AF	0	0.199875	3	3	0	0	0	0	0
AF	0	0.201124	2	0	2	0	0	0	0
AF	0	0.201437	2	1	1	0	0	0	0
AF	0	0.201749	1	1	0	0	0	0	0
AF	0	0.202374	2	1	1	0	0	0	0
AF	0	0.202686	1	0	1	0	0	0	0
AF	0	0.202998	2	1	1	0	0	0	0
AF	0	0.203310	1	1	0	0	0	0	0
AF	0	0.203623	3	2	1	0	0	0	0
AF	0	0.203935	1	0	1	0	0	0	0
AF	0	0.204247	2	2	0	0	0	0	0
AF	0	0.204872	1	1	0	0	0	0	0
AF	0	0.205809	1	1	0	0	0	0	0
AF	0	0.207058	3	2	1	0	0	0	0
AF	0	0.207370	1	1	0	0	0	0	0
AF	0	0.207683	1	1	0	0	0	0	0
AF	0	0.207995	2	1	1	0	0	0	0
AF	0	0.208307	1	0	1	0	0	0	0
AF	0	0.208620	1	1	0	0	0	0	0
AF	0	0.209244	2	2	0	0	0	0	0
AF	0	0.209557	1	1	0	0	0	0	0
AF	0	0.209869	1	0	1	0	0	0	0
AF	0	0.211118	1	0	1	0	0	0	0
AF	0	0.211430	2	2	0	0	0	0	0
AF	0	0.211743	1	1	0	0	0	0	0
AF	0	0.212055	2	0	2	0	0	0	0
AF	0	0.212367	2	2	0	0	0	0	0
AF	0	0.212992	2	1	1	0	0	0	0
AF	0	0.213616	2	1	1	0	0	0	0
AF	0	0.213929	1	0	1	0	0	0	0
AF	0	0.214241	1	1	0	0	0	0	0
AF	0	0.214866	2	1	1	0	0	0	0
AF	0	0.215178	1	1	0	0	0	0	0
AF	0	0.215490	1	0	1	0	0	0	0
AF	0	0.216115	2	1	1	0	0	0	0
AF	0	0.217364	1	0	1	0	0	0	0
AF	0	0.217676	1	1	0	0	0	0	0
AF	0	0.217989	1	1	0	0	0	0	0
AF	0	0.218926	1	1	0	0	0	0	0
AF	0	0.219863	1	1	0	0	0	0	0
AF	0	0.220800	2	2	0	0	0	0	0
AF	0	0.221112	2	1	1	0	0	0	0
AF	0	0.221736	3	3	0	0	0	0	0
AF	0	0.222673	3	1	2	0	0	0	0
AF	0	0.222986	1	0	1	0	0	0	0
AF	0	0.223298	2	0	2	0	0	0	0
AF	0	0.223923	2	2	0	0	0	0	0
AF	0	0.224235	1	1	0	0	0	0	0
AF	0	0.225172	1	1	0	0	0	0	0
AF	0	0.225796	2	1	1	0	0	0	0
AF	0	0.226109	1	0	1	0	0	0	0
AF	0	0.227046	1	0	1	0	0	0	0
AF	0	0.227358	3	2	1	0	0	0	0
AF	0	0.227670	1	1	0	0	0	0	0
AF	0	0.228295	4	2	2	0	0	0	0
AF	0	0.228607	1	1	0	0	0	0	0
AF	0	0.229232	1	1	0	0	0	0	0
AF	0	0.229544	1	1	0	0	0	0	0
AF	0	0.230169	2	1	1	0	0	0	0
AF	0	0.230481	1	0	1	0	0	0	0
AF	0	0.231106	1	1	0	0	0	0	0
AF	0	0.231418	2	1	1	0	0	0	0
AF	0	0.232042	2	2	0	0	0	0	0
AF	0	0.232667	3	3	0	0	0	0	0
AF	0	0.232979	3	1	2	0	0	0	0
AF	0	0.233292	2	2	0	0	0	0	0
AF	0	0.233604	1	1	0	0	0	0	0
AF	0	0.234229	1	1	0	0	0	0	0
AF	0	0.234541	6	2	4	0	0	0	0
AF	0	0.234853	1	0	1	0	0	0	0
AF	0	0.235166	3	3	0	0	0	0	0
AF	0	0.235478	1	1	0	0	0	0	0
AF	0	0.235790	1	1	0	0	0	0	0
AF	0	0.236102	1	1	0	0	0	0	0
AF	0	0.236727	2	1	1	0	0	0	0
AF	0	0.237039	2	1	1	0	0	0	0
AF	0	0.237664	3	0	3	0	0	0	0
AF	0	0.237976	1	0	1	0	0	0	0
AF	0	0.238289	2	2	0	0	0	0	0
AF	0	0.238601	1	0	1	0	0	0	0
AF	0	0.238913	3	2	1	0	0	0	0
AF	0	0.239225	2	2	0	0	0	0	0
AF	0	0.239538	1	0	1	0	0	0	0
AF	0	0.240787	3	2	1	0	0	0	0
AF	0	0.241099	1	0	1	0	0	0	0
AF	0	0.241412	3	1	2	0	0	0	0
AF	0	0.242349	1	1	0	0	0	0	0
AF	0	0.242661	1	1	0	0	0	0	0
AF	0	0.242973	1	0	1	0	0	0	0
AF	0	0.243285	1	1	0	0	0	0	0
AF	0	0.243910	6	4	2	0	0	0	0
AF	0	0.244222	2	0	2	0	0	0	0
AF	0	0.245159	1	0	1	0	0	0	0
AF	0	0.245784	2	1	1	0	0	0	0
AF	0	0.246096	2	1	1	0	0	0	0
AF	0	0.246408	2	1	1	0	0	0	0
AF	0	0.247033	6	3	3	0	0	0	0
AF	0	0.247345	2	1	1	0	0	0	0
AF	0	0.247658	4	2	2	0	0	0	0
AF	0	0.248282	1	0	1	0	0	0	0
AF	0	0.248595	1	0	1	0	0	0	0
AF	0	0.248907	1	1	0	0	0	0	0
AF	0	0.249219	1	1	0	0	0	0	0
AF	0	0.249532	1	0	1	0	0	0	0
AF	0	0.250156	1	0	1	0	0	0	0
AF	0	0.250468	2	2	0	0	0	0	0
AF	0	0.250781	1	0	1	0	0	0	0
AF	0	0.251093	1	0	1	0	0	0	0
AF	0	0.251405	2	0	2	0	0	0	0
AF	0	0.251718	2	2	0	0	0	0	0
AF	0	0.252030	6	4	2	0	0	0	0
AF	0	0.252342	2	1	1	0	0	0	0
AF	0	0.252655	5	4	1	0	0	0	0
AF	0	0.252967	2	2	0	0	0	0	0
AF	0	0.253279	6	5	1	0	0	0	0
AF	0	0.253592	2	2	0	0	0	0	0
AF	0	0.253904	5	5	0	0	0	0	0
AF	0	0.254216	4	3	1	0	0	0	0
AF	0	0.254528	2	2	0	0	0	0	0
AF	0	0.255153	2	1	1	0	0	0	0
AF	0	0.255465	1	1	0	0	0	0	0
AF	0	0.255778	1	0	1	0	0	0	0
AF	0	0.256090	3	2	1	0	0	0	0
AF	0	0.256402	1	1	0	0	0	0	0
AF	0	0.256715	1	1	0	0	0	0	0
AF	0	0.257027	2	2	0	0	0	0	0
AF	0	0.257339	3	2	1	0	0	0	0
AF	0	0.257651	1	0	1	0	0	0	0
AF	0	0.258276	1	1	0	0	0	0	0
AF	0	0.258588	1	1	0	0	0	0	0
AF	0	0.259525	3	2	1	0	0	0	0
AF	0	0.260150	2	2	0	0	0	0	0
AF	0	0.260775	3	3	0	0	0	0	0
AF	0	0.261399	2	1	1	0	0	0	0
AF	0	0.261711	1	0	1	0	0	0	0
AF	0	0.262024	1	1	0	0	0	0	0
AF	0	0.262336	1	1	0	0	0	0	0
AF	0	0.262648	1	1	0	0	0	0	0
AF	0	0.262961	1	1	0	0	0	0	0
AF	0	0.263898	1	1	0	0	0	0	0
AF	0	0.264210	1	0	1	0	0	0	0
AF	0	0.264834	1	0	1	0	0	0	0
AF	0	0.265459	4	3	1	0	0	0	0
AF	0	0.266084	1	0	1	0	0	0	0
AF	0	0.266396	2	1	1	0	0	0	0
AF	0	0.266708	1	1	0	0	0	0	0
AF	0	0.267021	1	1	0	0	0	0	0
AF	0	0.267333	1	1	0	0	0	0	0
AF	0	0.267645	1	1	0	0	0	0	0
AF	0	0.267958	3	1	2	0	0	0	0
AF	0	0.268270	1	0	1	0	0	0	0
AF	0	0.268582	3	3	0	0	0	0	0
AF	0	0.268894	3	2	1	0	0	0	0
AF	0	0.269207	1	1	0	0	0	0	0
AF	0	0.269519	2	1	1	0	0	0	0
AF	0	0.270144	1	0	1	0	0	0	0
AF	0	0.270456	1	1	0	0	0	0	0
AF	0	0.270768	1	1	0	0	0	0	0
AF	0	0.271705	1	1	0	0	0	0	0
AF	0	0.272017	2	0	2	0	0	0	0
AF	0	0.272642	2	1	1	0	0	0	0
AF	0	0.272954	1	1	0	0	0	0	0
AF	0	0.273267	1	1	0	0	0	0	0
AF	0	0.273891	1	1	0	0	0	0	0
AF	0	0.274204	2	2	0	0	0	0	0
AF	0	0.275141	1	0	1	0	0	0	0
AF	0	0.275765	1	1	0	0	0	0	0
AF	0	0.276390	1	1	0	0	0	0	0
AF	0	0.277014	2	2	0	0	0	0	0
AF	0	0.277639	2	1	1	0	0	0	0
AF	0	0.278264	1	1	0	0	0	0	0
AF	0	0.278888	1	1	0	0	0	0	0
AF	0	0.279200	1	1	0	0	0	0	0
AF	0	0.280137	1	0	1	0	0	0	0
AF	0	0.280762	2	2	0	0	0	0	0
AF	0	0.281074	1	1	0	0	0	0	0
AF	0	0.281387	2	1	1	0	0	0	0
AF	0	0.281699	1	1	0	0	0	0	0
AF	0	0.282011	3	3	0	0	0	0	0
AF	0	0.282636	3	0	3	0	0	0	0
AF	0	0.282948	1	0	1	0	0	0	0
AF	0	0.283260	1	0	1	0	0	0	0
AF	0	0.283573	1	0	1	0	0	0	0
AF	0	0.283885	3	2	1	0	0	0	0
AF	0	0.284197	1	0	1	0	0	0	0
AF	0	0.284510	3	3	0	0	0	0	0
AF	0	0.284822	2	0	2	0	0	0	0
AF	0	0.285134	2	1	1	0	0	0	0
AF	0	0.285447	4	3	1	0	0	0	0
AF	0	0.286384	2	1	1	0	0	0	0
AF	0	0.286696	1	1	0	0	0	0	0
AF	0	0.287008	3	1	2	0	0	0	0
AF	0	0.287320	1	1	0	0	0	0	0
AF	0	0.287633	1	1	0	0	0	0	0
AF	0	0.287945	1	1	0	0	0	0	0
AF	0	0.288257	1	0	1	0	0	0	0
AF	0	0.288570	3	1	2	0	0	0	0
AF	0	0.288882	3	3	0	0	0	0	0
AF	0	0.289194	1	1	0	0	0	0	0
AF	0	0.289507	1	1	0	0	0	0	0
AF	0	0.289819	1	1	0	0	0	0	0
AF	0	0.290131	2	1	1	0	0	0	0
AF	0	0.290443	1	1	0	0	0	0	0
AF	0	0.290756	2	2	0	0	0	0	0
AF	0	0.291068	2	2	0	0	0	0	0
AF	0	0.291380	1	1	0	0	0	0	0
AF	0	0.291693	1	0	1	0	0	0	0
AF	0	0.292005	3	0	3	0	0	0	0
AF	0	0.292630	2	2	0	0	0	0	0
AF	0	0.293254	2	1	1	0	0	0	0
AF	0	0.293567	1	1	0	0	0	0	0
AF	0	0.293879	2	1	1	0	0	0	0
AF	0	0.294191	4	0	4	0	0	0	0
AF	0	0.294503	2	1	1	0	0	0	0
AF	0	0.294816	1	1	0	0	0	0	0
AF	0	0.295128	2	1	1	0	0	0	0
AF	0	0.295440	1	0	1	0	0	0	0
AF	0	0.295753	1	1	0	0	0	0	0
AF	0	0.296377	1	0	1	0	0	0	0
AF	0	0.297002	1	1	0	0	0	0	0
AF	0	0.297626	1	0	1	0	0	0	0
AF	0	0.297939	1	0	1	0	0	0	0
AF	0	0.298251	1	1	0	0	0	0	0
AF	0	0.298563	1	1	0	0	0	0	0
AF	0	0.298876	3	2	1	0	0	0	0
AF	0	0.299188	2	1	1	0	0	0	0
AF	0	0.299500	3	1	2	0	0	0	0
AF	0	0.300125	2	2	0	0	0	0	0
AF	0	0.300750	3	3	0	0	0	0	0
AF	0	0.301062	1	1	0	0	0	0	0
AF	0	0.301374	2	1	1	0	0	0	0
AF	0	0.301686	1	1	0	0	0	0	0
AF	0	0.301999	4	3	1	0	0	0	0
AF	0	0.302311	1	1	0	0	0	0	0
AF	0	0.302623	3	2	1	0	0	0	0
AF	0	0.302936	1	0	1	0	0	0	0
AF	0	0.303248	2	2	0	0	0	0	0
AF	0	0.303873	2	2	0	0	0	0	0
AF	0	0.304185	1	0	1	0	0	0	0
AF	0	0.304809	1	1	0	0	0	0	0
AF	0	0.305122	4	1	3	0	0	0	0
AF	0	0.305434	2	1	1	0	0	0	0
AF	0	0.305746	5	4	1	0	0	0	0
AF	0	0.306059	2	1	1	0	0	0	0
AF	0	0.306371	1	1	0	0	0	0	0
AF	0	0.307620	2	1	1	0	0	0	0
AF	0	0.308245	2	2	0	0	0	0	0
AF	0	0.308557	1	1	0	0	0	0	0
AF	0	0.308869	5	2	3	0	0	0	0
AF	0	0.309182	1	0	1	0	0	0	0
AF	0	0.309806	1	1	0	0	0	0	0
AF	0	0.310119	2	0	2	0	0	0	0
AF	0	0.310743	2	1	1	0	0	0	0
AF	0	0.311056	1	0	1	0	0	0	0
AF	0	0.311368	2	2	0	0	0	0	0
AF	0	0.311680	3	1	2	0	0	0	0
AF	0	0.313866	1	0	1	0	0	0	0
AF	0	0.315428	1	1	0	0	0	0	0
AF	0	0.315740	3	2	1	0	0	0	0
AF	0	0.316052	1	0	1	0	0	0	0
AF	0	0.316677	1	1	0	0	0	0	0
AF	0	0.316989	1	1	0	0	0	0	0
AF	0	0.317302	2	2	0	0	0	0	0
AF	0	0.317614	2	2	0	0	0	0	0
AF	0	0.318863	1	1	0	0	0	0	0
AF	0	0.319488	1	0	1	0	0	0	0
AF	0	0.319800	2	2	0	0	0	0	0
AF	0	0.320112	1	1	0	0	0	0	0
AF	0	0.320425	1	1	0	0	0	0	0
AF	0	0.320737	4	2	2	0	0	0	0
AF	0	0.321049	1	0	1	0	0	0	0
AF	0	0.321362	1	0	1	0	0	0	0
AF	0	0.321674	2	1	1	0	0	0	0
AF	0	0.321986	1	0	1	0	0	0	0
AF	0	0.322299	2	1	1	0	0	0	0
AF	0	0.322611	1	1	0	0	0	0	0
AF	0	0.322923	1	0	1	0	0	0	0
AF	0	0.323235	1	1	0	0	0	0	0
AF	0	0.324485	1	1	0	0	0	0	0
AF	0	0.325109	1	1	0	0	0	0	0
AF	0	0.325422	1	0	1	0	0	0	0
AF	0	0.325734	3	3	0	0	0	0	0
AF	0	0.326359	2	2	0	0	0	0	0
AF	0	0.326671	2	2	0	0	0	0	0
AF	0	0.326983	3	3	0	0	0	0	0
AF	0	0.327295	1	0	1	0	0	0	0
AF	0	0.327608	1	1	0	0	0	0	0
AF	0	0.328232	1	0	1	0	0	0	0
AF	0	0.328857	4	4	0	0	0	0	0
AF	0	0.330106	1	0	1	0	0	0	0
AF	0	0.330418	1	1	0	0	0	0	0
AF	0	0.330731	3	2	1	0	0	0	0
AF	0	0.331355	4	2	2	0	0	0	0
AF	0	0.331668	1	1	0	0	0	0	0
AF	0	0.331980	6	4	2	0	0	0	0
AF	0	0.332292	1	1	0	0	0	0	0
AF	0	0.332605	5	4	1	0	0	0	0
AF	0	0.332917	1	1	0	0	0	0	0
AF	0	0.333229	6	3	3	0	0	0	0
AF	0	0.333542	3	1	2	0	0	0	0
AF	0	0.333854	3	0	3	0	0	0	0
AF	0	0.334166	3	1	2	0	0	0	0
AF	0	0.334478	2	2	0	0	0	0	0
AF	0	0.334791	1	1	0	0	0	0	0
AF	0	0.335103	1	0	1	0	0	0	0
AF	0	0.335415	2	2	0	0	0	0	0
AF	0	0.336040	2	1	1	0	0	0	0
AF	0	0.336352	3	2	1	0	0	0	0
AF	0	0.336665	6	6	0	0	0	0	0
AF	0	0.336977	1	1	0	0	0	0	0
AF	0	0.337289	1	1	0	0	0	0	0
AF	0	0.337914	2	2	0	0	0	0	0
AF	0	0.338226	1	1	0	0	0	0	0
AF	0	0.338538	3	1	2	0	0	0	0
AF	0	0.339163	1	1	0	0	0	0	0
AF	0	0.339788	3	1	2	0	0	0	0
AF	0	0.340100	1	1	0	0	0	0	0
AF	0	0.340412	3	2	1	0	0	0	0
AF	0	0.340725	2	0	2	0	0	0	0
AF	0	0.341037	2	2	0	0	0	0	0
AF	0	0.341661	4	2	2	0	0	0	0
AF	0	0.342286	3	3	0	0	0	0	0
AF	0	0.342598	1	1	0	0	0	0	0
AF	0	0.342911	4	1	3	0	0	0	0
AF	0	0.343535	1	1	0	0	0	0	0
AF	0	0.344160	3	3	0	0	0	0	0
AF	0	0.344472	3	2	1	0	0	0	0
AF	0	0.344785	2	1	1	0	0	0	0
AF	0	0.345097	1	1	0	0	0	0	0
AF	0	0.345409	1	1	0	0	0	0	0
AF	0	0.345721	2	0	2	0	0	0	0
AF	0	0.346034	2	2	0	0	0	0	0
AF	0	0.346346	1	1	0	0	0	0	0
AF	0	0.346658	1	0	1	0	0	0	0
AF	0	0.346971	1	1	0	0	0	0	0
AF	0	0.347283	3	1	2	0	0	0	0
AF	0	0.347595	1	1	0	0	0	0	0
AF	0	0.347908	2	1	1	0	0	0	0
AF	0	0.348532	4	2	2	0	0	0	0
AF	0	0.348844	1	0	1	0	0	0	0
AF	0	0.349157	3	1	2	0	0	0	0
AF	0	0.349469	1	0	1	0	0	0	0
AF	0	0.349781	2	1	1	0	0	0	0
AF	0	0.350094	1	1	0	0	0	0	0
AF	0	0.350406	4	4	0	0	0	0	0
AF	0	0.350718	1	1	0	0	0	0	0
AF	0	0.351031	4	4	0	0	0	0	0
AF	0	0.351343	3	3	0	0	0	0	0
AF	0	0.351655	3	3	0	0	0	0	0
AF	0	0.351968	1	1	0	0	0	0	0
AF	0	0.352280	5	4	1	0	0	0	0
AF	0	0.352592	1	0	1	0	0	0	0
AF	0	0.352904	1	1	0	0	0	0	0
AF	0	0.353217	1	1	0	0	0	0	0
AF	0	0.353529	3	2	1	0	0	0	0
AF	0	0.353841	1	1	0	0	0	0	0
AF	0	0.354154	5	3	2	0	0	0	0
AF	0	0.354466	2	1	1	0	0	0	0
AF	0	0.354778	2	0	2	0	0	0	0
AF	0	0.355091	1	1	0	0	0	0	0
AF	0	0.355403	4	2	2	0	0	0	0
AF	0	0.356027	4	2	2	0	0	0	0
AF	0	0.356652	3	0	3	0	0	0	0
AF	0	0.356964	5	4	1	0	0	0	0
AF	0	0.357277	4	4	0	0	0	0	0
AF	0	0.357589	1	0	1	0	0	0	0
AF	0	0.357901	2	2	0	0	0	0	0
AF	0	0.358526	3	3	0	0	0	0	0
AF	0	0.358838	1	1	0	0	0	0	0
AF	0	0.359151	1	1	0	0	0	0	0
AF	0	0.359463	2	1	1	0	0	0	0
AF	0	0.359775	5	3	2	0	0	0	0
AF	0	0.360087	2	2	0	0	0	0	0
AF	0	0.360400	2	2	0	0	0	0	0
AF	0	0.361024	2	1	1	0	0	0	0
AF	0	0.361337	1	1	0	0	0	0	0
AF	0	0.361649	1	1	0	0	0	0	0
AF	0	0.362274	4	4	0	0	0	0	0
AF	0	0.362586	2	2	0	0	0	0	0
AF	0	0.362898	2	1	1	0	0	0	0
AF	0	0.363210	3	2	1	0	0	0	0
AF	0	0.364147	1	0	1	0	0	0	0
AF	0	0.364460	2	2	0	0	0	0	0
AF	0	0.364772	5	3	2	0	0	0	0
AF	0	0.365084	1	1	0	0	0	0	0
AF	0	0.365397	2	2	0	0	0	0	0
AF	0	0.365709	2	1	1	0	0	0	0
AF	0	0.366021	3	1	2	0	0	0	0
AF	0	0.366334	1	1	0	0	0	0	0
AF	0	0.366646	2	1	1	0	0	0	0
AF	0	0.367270	1	1	0	0	0	0	0
AF	0	0.367583	2	1	1	0	0	0	0
AF	0	0.368207	1	1	0	0	0	0	0
AF	0	0.368520	4	1	3	0	0	0	0
AF	0	0.369144	4	2	2	0	0	0	0
AF	0	0.369457	1	0	1	0	0	0	0
AF	0	0.369769	4	4	0	0	0	0	0
AF	0	0.370394	4	2	2	0	0	0	0
AF	0	0.370706	4	2	2	0	0	0	0
AF	0	0.371018	6	4	2	0	0	0	0
AF	0	0.371330	2	0	2	0	0	0	0
AF	0	0.371643	4	1	3	0	0	0	0
AF	0	0.372267	2	2	0	0	0	0	0
AF	0	0.372580	1	1	0	0	0	0	0
AF	0	0.372892	3	2	1	0	0	0	0
AF	0	0.373204	2	1	1	0	0	0	0
AF	0	0.373517	1	0	1	0	0	0	0
AF	0	0.374141	3	3	0	0	0	0	0
AF	0	0.374453	4	4	0	0	0	0	0
AF	0	0.375078	3	3	0	0	0	0	0
AF	0	0.375390	2	2	0	0	0	0	0
AF	0	0.375703	3	3	0	0	0	0	0
AF	0	0.376015	6	6	0	0	0	0	0
AF	0	0.376640	1	0	1	0	0	0	0
AF	0	0.376952	1	1	0	0	0	0	0
AF	0	0.377264	1	0	1	0	0	0	0
AF	0	0.377889	3	3	0	0	0	0	0
AF	0	0.378513	6	4	2	0	0	0	0
AF	0	0.379138	4	2	2	0	0	0	0
AF	0	0.379763	1	1	0	0	0	0	0
AF	0	0.380075	1	1	0	0	0	0	0
AF	0	0.380387	1	1	0	0	0	0	0
AF	0	0.381012	1	0	1	0	0	0	0
AF	0	0.381324	1	1	0	0	0	0	0
AF	0	0.382261	1	0	1	0	0	0	0
AF	0	0.383510	1	1	0	0	0	0	0
AF	0	0.384135	3	3	0	0	0	0	0
AF	0	0.384760	3	2	1	0	0	0	0
AF	0	0.385384	2	2	0	0	0	0	0
AF	0	0.386009	2	1	1	0	0	0	0
AF	0	0.386633	1	0	1	0	0	0	0
AF	0	0.387883	2	1	1	0	0	0	0
AF	0	0.388195	1	1	0	0	0	0	0
AF	0	0.388507	2	1	1	0	0	0	0
AF	0	0.388819	1	0	1	0	0	0	0
AF	0	0.389132	2	2	0	0	0	0	0
AF	0	0.389756	4	4	0	0	0	0	0
AF	0	0.390381	2	2	0	0	0	0	0
AF	0	0.390693	2	2	0	0	0	0	0
AF	0	0.391006	1	1	0	0	0	0	0
AF	0	0.391630	1	1	0	0	0	0	0
AF	0	0.392255	2	1	1	0	0	0	0
AF	0	0.392567	1	0	1	0	0	0	0
AF	0	0.392879	1	0	1	0	0	0	0
AF	0	0.393504	4	2	2	0	0	0	0
AF	0	0.394129	2	2	0	0	0	0	0
AF	0	0.394441	1	1	0	0	0	0	0
AF	0	0.394753	1	0	1	0	0	0	0
AF	0	0.395066	1	1	0	0	0	0	0
AF	0	0.395378	1	1	0	0	0	0	0
AF	0	0.396002	2	1	1	0	0	0	0
AF	0	0.396315	3	3	0	0	0	0	0
AF	0	0.396627	1	1	0	0	0	0	0
AF	0	0.396939	2	1	1	0	0	0	0
AF	0	0.397252	1	1	0	0	0	0	0
AF	0	0.397876	1	0	1	0	0	0	0
AF	0	0.398501	1	0	1	0	0	0	0
AF	0	0.398813	1	1	0	0	0	0	0
AF	0	0.399126	2	2	0	0	0	0	0
AF	0	0.399750	1	1	0	0	0	0	0
AF	0	0.400062	1	0	1	0	0	0	0
AF	0	0.400375	2	1	1	0	0	0	0
AF	0	0.401936	1	1	0	0	0	0	0
AF	0	0.402249	3	3	0	0	0	0	0
AF	0	0.402873	2	2	0	0	0	0	0
AF	0	0.403498	1	0	1	0	0	0	0
AF	0	0.404435	1	0	1	0	0	0	0
AF	0	0.405684	1	1	0	0	0	0	0
AF	0	0.406621	1	1	0	0	0	0	0
AF	0	0.407245	2	0	2	0	0	0	0
AF	0	0.407870	2	0	2	0	0	0	0
AF	0	0.408182	1	1	0	0	0	0	0
AF	0	0.408495	1	1	0	0	0	0	0
AF	0	0.408807	1	1	0	0	0	0	0
AF	0	0.409119	1	0	1	0	0	0	0
AF	0	0.409432	1	1	0	0	0	0	0
AF	0	0.409744	1	1	0	0	0	0	0
AF	0	0.410056	1	1	0	0	0	0	0
AF	0	0.410369	2	1	1	0	0	0	0
AF	0	0.410993	1	0	1	0	0	0	0
AF	0	0.411618	1	0	1	0	0	0	0
AF	0	0.411930	2	1	1	0	0	0	0
AF	0	0.412867	1	1	0	0	0	0	0
AF	0	0.413492	3	2	1	0	0	0	0
AF	0	0.414428	1	1	0	0	0	0	0
AF	0	0.414741	3	0	3	0	0	0	0
AF	0	0.415053	2	0	2	0	0	0	0
AF	0	0.415365	1	1	0	0	0	0	0
AF	0	0.415678	1	0	1	0	0	0	0
AF	0	0.416927	1	1	0	0	0	0	0
AF	0	0.417864	1	1	0	0	0	0	0
AF	0	0.419113	1	0	1	0	0	0	0
AF	0	0.419425	2	1	1	0	0	0	0
AF	0	0.419738	2	2	0	0	0	0	0
AF	0	0.420050	1	1	0	0	0	0	0
AF	0	0.420675	1	0	1	0	0	0	0
AF	0	0.422236	3	3	0	0	0	0	0
AF	0	0.422861	1	1	0	0	0	0	0
AF	0	0.423798	1	0	1	0	0	0	0
AF	0	0.424110	3	2	1	0	0	0	0
AF	0	0.425359	2	0	2	0	0	0	0
AF	0	0.425671	2	1	1	0	0	0	0
AF	0	0.425984	2	1	1	0	0	0	0
AF	0	0.426296	1	1	0	0	0	0	0
AF	0	0.426608	1	1	0	0	0	0	0
AF	0	0.427233	1	1	0	0	0	0	0
AF	0	0.428170	1	0	1	0	0	0	0
AF	0	0.429107	2	2	0	0	0	0	0
AF	0	0.429731	1	0	1	0	0	0	0
AF	0	0.430981	1	1	0	0	0	0	0
AF	0	0.431605	1	1	0	0	0	0	0
AF	0	0.432854	2	2	0	0	0	0	0
AF	0	0.433167	2	1	1	0	0	0	0
AF	0	0.433479	2	1	1	0	0	0	0
AF	0	0.434104	2	0	2	0	0	0	0
AF	0	0.435353	1	0	1	0	0	0	0
AF	0	0.435665	1	1	0	0	0	0	0
AF	0	0.436602	1	0	1	0	0	0	0
AF	0	0.436914	1	1	0	0	0	0	0
AF	0	0.437851	1	1	0	0	0	0	0
AF	0	0.438164	1	1	0	0	0	0	0
AF	0	0.438476	2	1	1	0	0	0	0
AF	0	0.439101	3	3	0	0	0	0	0
AF	0	0.441287	1	1	0	0	0	0	0
AF	0	0.441599	3	3	0	0	0	0	0
AF	0	0.441911	1	0	1	0	0	0	0
AF	0	0.442224	1	1	0	0	0	0	0
AF	0	0.442848	1	1	0	0	0	0	0
AF	0	0.443161	1	0	1	0	0	0	0
AF	0	0.443473	1	1	0	0	0	0	0
AF	0	0.443785	2	1	1	0	0	0	0
AF	0	0.444097	3	2	1	0	0	0	0
AF	0	0.444410	2	1	1	0	0	0	0
AF	0	0.444722	1	1	0	0	0	0	0
AF	0	0.445034	1	0	1	0	0	0	0
AF	0	0.445971	1	1	0	0	0	0	0
AF	0	0.446284	1	1	0	0	0	0	0
AF	0	0.446908	2	2	0	0	0	0	0
AF	0	0.447533	2	2	0	0	0	0	0
AF	0	0.447845	1	1	0	0	0	0	0
AF	0	0.448157	1	1	0	0	0	0	0
AF	0	0.448782	1	1	0	0	0	0	0
AF	0	0.449094	1	1	0	0	0	0	0
AF	0	0.450031	2	1	1	0	0	0	0
AF	0	0.450344	1	1	0	0	0	0	0
AF	0	0.450656	1	1	0	0	0	0	0
AF	0	0.450968	2	2	0	0	0	0	0
AF	0	0.451280	1	1	0	0	0	0	0
AF	0	0.453154	1	1	0	0	0	0	0
AF	0	0.453779	1	1	0	0	0	0	0
AF	0	0.454403	1	1	0	0	0	0	0
AF	0	0.454716	1	1	0	0	0	0	0
AF	0	0.455340	2	1	1	0	0	0	0
AF	0	0.455653	1	1	0	0	0	0	0
AF	0	0.456277	3	2	1	0	0	0	0
AF	0	0.456590	1	1	0	0	0	0	0
AF	0	0.456902	1	0	1	0	0	0	0
AF	0	0.457214	1	1	0	0	0	0	0
AF	0	0.457839	3	3	0	0	0	0	0
AF	0	0.458151	2	2	0	0	0	0	0
AF	0	0.458776	2	1	1	0	0	0	0
AF	0	0.459088	1	1	0	0	0	0	0
AF	0	0.459400	1	1	0	0	0	0	0
AF	0	0.459713	1	0	1	0	0	0	0
AF	0	0.460025	2	2	0	0	0	0	0
AF	0	0.461274	4	4	0	0	0	0	0
AF	0	0.461899	2	2	0	0	0	0	0
AF	0	0.462211	1	1	0	0	0	0	0
AF	0	0.462523	1	1	0	0	0	0	0
AF	0	0.463773	2	2	0	0	0	0	0
AF	0	0.464710	2	1	1	0	0	0	0
AF	0	0.465022	2	2	0	0	0	0	0
AF	0	0.465334	1	1	0	0	0	0	0
AF	0	0.465646	2	2	0	0	0	0	0
AF	0	0.465959	1	0	1	0	0	0	0
AF	0	0.466271	1	1	0	0	0	0	0
AF	0	0.466583	1	1	0	0	0	0	0
AF	0	0.467208	1	1	0	0	0	0	0
AF	0	0.467520	3	2	1	0	0	0	0
AF	0	0.468145	5	1	4	0	0	0	0
AF	0	0.468457	1	1	0	0	0	0	0
AF	0	0.468770	1	1	0	0	0	0	0
AF	0	0.470019	1	1	0	0	0	0	0
AF	0	0.471268	1	1	0	0	0	0	0
AF	0	0.471580	2	1	1	0	0	0	0
AF	0	0.471893	1	0	1	0	0	0	0
AF	0	0.472517	2	2	0	0	0	0	0
AF	0	0.472829	1	1	0	0	0	0	0
AF	0	0.473766	1	1	0	0	0	0	0
AF	0	0.474391	1	1	0	0	0	0	0
AF	0	0.475640	3	2	1	0	0	0	0
AF	0	0.476889	1	1	0	0	0	0	0
AF	0	0.477202	1	1	0	0	0	0	0
AF	0	0.477514	1	1	0	0	0	0	0
AF	0	0.477826	1	0	1	0	0	0	0
AF	0	0.478451	1	1	0	0	0	0	0
AF	0	0.480325	1	1	0	0	0	0	0
AF	0	0.481262	2	2	0	0	0	0	0
AF	0	0.481574	1	0	1	0	0	0	0
AF	0	0.481886	1	1	0	0	0	0	0
AF	0	0.482199	1	0	1	0	0	0	0
AF	0	0.482511	1	1	0	0	0	0	0
AF	0	0.482823	1	1	0	0	0	0	0
AF	0	0.483136	1	1	0	0	0	0	0
AF	0	0.484072	1	0	1	0	0	0	0
AF	0	0.484697	1	1	0	0	0	0	0
AF	0	0.485009	1	1	0	0	0	0	0
AF	0	0.485322	1	0	1	0	0	0	0
AF	0	0.485634	2	2	0	0	0	0	0
AF	0	0.486883	2	1	1	0	0	0	0
AF	0	0.487196	1	0	1	0	0	0	0
AF	0	0.487508	1	1	0	0	0	0	0
AF	0	0.488757	1	1	0	0	0	0	0
AF	0	0.489069	2	1	1	0	0	0	0
AF	0	0.489382	2	2	0	0	0	0	0
AF	0	0.490006	2	2	0	0	0	0	0
AF	0	0.491255	2	1	1	0	0	0	0
AF	0	0.492192	1	1	0	0	0	0	0
AF	0	0.492505	1	1	0	0	0	0	0
AF	0	0.493129	4	3	1	0	0	0	0
AF	0	0.493442	1	1	0	0	0	0	0
AF	0	0.495003	2	2	0	0	0	0	0
AF	0	0.495628	1	1	0	0	0	0	0
AF	0	0.495940	1	1	0	0	0	0	0
AF	0	0.496252	1	1	0	0	0	0	0
AF	0	0.496565	1	0	1	0	0	0	0
AF	0	0.496877	1	1	0	0	0	0	0
AF	0	0.497189	1	0	1	0	0	0	0
AF	0	0.497502	2	2	0	0	0	0	0
AF	0	0.497814	2	1	1	0	0	0	0
AF	0	0.498126	1	1	0	0	0	0	0
AF	0	0.499063	1	1	0	0	0	0	0
AF	0	0.499375	3	1	2	0	0	0	0
AF	0	0.499688	1	0	1	0	0	0	0
AF	0	0.500000	2	2	0	0	0	0	0
AF	0	0.500625	2	2	0	0	0	0	0
AF	0	0.500937	1	0	1	0	0	0	0
AF	0	0.501874	3	3	0	0	0	0	0
AF	0	0.502186	2	2	0	0	0	0	0
AF	0	0.502498	3	3	0	0	0	0	0
AF	0	0.502811	2	1	1	0	0	0	0
AF	0	0.503123	4	3	1	0	0	0	0
AF	0	0.503748	2	1	1	0	0	0	0
AF	0	0.504372	2	1	1	0	0	0	0
AF	0	0.504997	1	1	0	0	0	0	0
AF	0	0.505621	1	1	0	0	0	0	0
AF	0	0.505934	1	1	0	0	0	0	0
AF	0	0.506558	1	1	0	0	0	0	0
AF	0	0.506871	2	1	1	0	0	0	0
AF	0	0.507808	1	1	0	0	0	0	0
AF	0	0.508432	1	0	1	0	0	0	0
AF	0	0.508745	1	0	1	0	0	0	0
AF	0	0.509057	3	1	2	0	0	0	0
AF	0	0.509369	1	0	1	0	0	0	0
AF	0	0.509994	1	0	1	0	0	0	0
AF	0	0.510618	1	1	0	0	0	0	0
AF	0	0.510931	2	2	0	0	0	0	0
AF	0	0.511243	1	0	1	0	0	0	0
AF	0	0.511868	4	4	0	0	0	0	0
AF	0	0.513741	3	2	1	0	0	0	0
AF	0	0.514366	1	0	1	0	0	0	0
AF	0	0.514678	1	1	0	0	0	0	0
AF	0	0.515615	2	1	1	0	0	0	0
AF	0	0.515928	1	1	0	0	0	0	0
AF	0	0.516864	1	1	0	0	0	0	0
AF	0	0.517489	1	1	0	0	0	0	0
AF	0	0.519051	1	1	0	0	0	0	0
AF	0	0.519363	1	1	0	0	0	0	0
AF	0	0.519675	1	0	1	0	0	0	0
AF	0	0.520300	1	0	1	0	0	0	0
AF	0	0.521861	4	2	2	0	0	0	0
AF	0	0.522174	2	2	0	0	0	0	0
AF	0	0.522798	1	1	0	0	0	0	0
AF	0	0.523735	3	2	1	0	0	0	0
AF	0	0.524360	1	1	0	0	0	0	0
AF	0	0.524672	2	2	0	0	0	0	0
AF	0	0.525297	1	0	1	0	0	0	0
AF	0	0.525609	1	1	0	0	0	0	0
AF	0	0.526546	1	1	0	0	0	0	0
AF	0	0.526858	1	0	1	0	0	0	0
AF	0	0.527483	2	2	0	0	0	0	0
AF	0	0.528107	2	2	0	0	0	0	0
AF	0	0.528420	1	0	1	0	0	0	0
AF	0	0.528732	4	2	2	0	0	0	0
AF	0	0.529357	2	0	2	0	0	0	0
AF	0	0.529981	1	1	0	0	0	0	0
AF	0	0.530918	2	1	1	0	0	0	0
AF	0	0.531230	1	0	1	0	0	0	0
AF	0	0.531855	3	2	1	0	0	0	0
AF	0	0.532167	1	1	0	0	0	0	0
AF	0	0.532480	4	2	2	0	0	0	0
AF	0	0.532792	2	1	1	0	0	0	0
AF	0	0.533104	7	5	2	0	0	0	0
AF	0	0.533417	1	1	0	0	0	0	0
AF	0	0.534041	1	1	0	0	0	0	0
AF	0	0.534354	1	1	0	0	0	0	0
AF	0	0.535290	1	0	1	0	0	0	0
AF	0	0.535603	1	1	0	0	0	0	0
AF	0	0.536227	2	1	1	0	0	0	0
AF	0	0.537477	1	1	0	0	0	0	0
AF	0	0.537789	1	1	0	0	0	0	0
AF	0	0.538726	1	0	1	0	0	0	0
AF	0	0.539663	2	2	0	0	0	0	0
AF	0	0.539975	2	2	0	0	0	0	0
AF	0	0.540287	2	1	1	0	0	0	0
AF	0	0.540600	3	3	0	0	0	0	0
AF	0	0.541224	3	3	0	0	0	0	0
AF	0	0.542161	1	0	1	0	0	0	0
AF	0	0.542473	2	1	1	0	0	0	0
AF	0	0.543098	1	1	0	0	0	0	0
AF	0	0.543410	2	0	2	0	0	0	0
AF	0	0.543723	5	2	3	0	0	0	0
AF	0	0.544035	1	1	0	0	0	0	0
AF	0	0.544347	1	0	1	0	0	0	0
AF	0	0.544972	1	1	0	0	0	0	0
AF	0	0.545284	2	2	0	0	0	0	0
AF	0	0.545909	2	2	0	0	0	0	0
AF	0	0.546221	2	1	1	0	0	0	0
AF	0	0.546846	2	0	2	0	0	0	0
AF	0	0.548720	1	0	1	0	0	0	0
AF	0	0.549656	1	1	0	0	0	0	0
AF	0	0.550281	1	1	0	0	0	0	0
AF	0	0.550906	1	0	1	0	0	0	0
AF	0	0.551218	1	1	0	0	0	0	0
AF	0	0.551843	2	2	0	0	0	0	0
AF	0	0.553092	2	1	1	0	0	0	0
AF	0	0.553404	1	1	0	0	0	0	0
AF	0	0.554029	1	0	1	0	0	0	0
AF	0	0.554966	1	0	1	0	0	0	0
AF	0	0.555278	1	1	0	0	0	0	0
AF	0	0.555903	1	0	1	0	0	0	0
AF	0	0.557464	1	0	1	0	0	0	0
AF	0	0.558089	1	0	1	0	0	0	0
AF	0	0.558401	1	1	0	0	0	0	0
AF	0	0.560275	1	1	0	0	0	0	0
AF	0	0.560899	2	2	0	0	0	0	0
AF	0	0.561212	1	0	1	0	0	0	0
AF	0	0.562773	2	2	0	0	0	0	0
AF	0	0.564022	1	1	0	0	0	0	0
AF	0	0.564335	1	1	0	0	0	0	0
AF	0	0.565896	1	1	0	0	0	0	0
AF	0	0.566209	1	1	0	0	0	0	0
AF	0	0.567458	1	1	0	0	0	0	0
AF	0	0.568082	1	1	0	0	0	0	0
AF	0	0.568395	1	0	1	0	0	0	0
AF	0	0.569644	1	0	1	0	0	0	0
AF	0	0.569956	2	1	1	0	0	0	0
AF	0	0.572767	2	1	1	0	0	0	0
AF	0	0.573392	5	4	1	0	0	0	0
AF	0	0.573704	1	0	1	0	0	0	0
AF	0	0.574016	2	1	1	0	0	0	0
AF	0	0.574953	1	0	1	0	0	0	0
AF	0	0.575265	1	1	0	0	0	0	0
AF	0	0.578076	1	1	0	0	0	0	0
AF	0	0.578701	1	1	0	0	0	0	0
AF	0	0.579013	1	0	1	0	0	0	0
AF	0	0.579638	2	0	2	0	0	0	0
AF	0	0.579950	1	0	1	0	0	0	0
AF	0	0.582761	1	1	0	0	0	0	0
AF	0	0.583073	1	1	0	0	0	0	0
AF	0	0.584010	2	2	0	0	0	0	0
AF	0	0.584635	1	1	0	0	0	0	0
AF	0	0.585884	2	0	2	0	0	0	0
AF	0	0.586508	1	1	0	0	0	0	0
AF	0	0.588070	1	1	0	0	0	0	0
AF	0	0.589007	2	2	0	0	0	0	0
AF	0	0.589631	1	0	1	0	0	0	0
AF	0	0.590256	1	1	0	0	0	0	0
AF	0	0.590568	1	1	0	0	0	0	0
AF	0	0.591193	1	0	1	0	0	0	0
AF	0	0.591505	1	1	0	0	0	0	0
AF	0	0.591818	1	1	0	0	0	0	0
AF	0	0.593067	1	1	0	0	0	0	0
AF	0	0.594004	1	0	1	0	0	0	0
AF	0	0.594316	1	0	1	0	0	0	0
AF	0	0.594628	3	3	0	0	0	0	0
AF	0	0.595878	2	1	1	0	0	0	0
AF	0	0.596502	1	0	1	0	0	0	0
AF	0	0.597127	1	1	0	0	0	0	0
AF	0	0.597439	2	2	0	0	0	0	0
AF	0	0.598064	2	0	2	0	0	0	0
AF	0	0.598376	3	2	1	0	0	0	0
AF	0	0.599001	1	0	1	0	0	0	0
AF	0	0.600874	1	1	0	0	0	0	0
AF	0	0.601187	2	2	0	0	0	0	0
AF	0	0.601499	1	1	0	0	0	0	0
AF	0	0.602124	1	1	0	0	0	0	0
AF	0	0.602748	1	1	0	0	0	0	0
AF	0	0.603061	1	0	1	0	0	0	0
AF	0	0.603373	2	2	0	0	0	0	0
AF	0	0.603685	2	1	1	0	0	0	0
AF	0	0.604622	1	0	1	0	0	0	0
AF	0	0.605559	1	1	0	0	0	0	0
AF	0	0.605871	1	1	0	0	0	0	0
AF	0	0.606184	1	1	0	0	0	0	0
AF	0	0.606496	1	0	1	0	0	0	0
AF	0	0.607121	1	0	1	0	0	0	0
AF	0	0.608370	2	1	1	0	0	0	0
AF	0	0.608682	1	1	0	0	0	0	0
AF	0	0.610868	1	0	1	0	0	0	0
AF	0	0.611493	1	1	0	0	0	0	0
AF	0	0.611805	1	0	1	0	0	0	0
AF	0	0.614616	2	1	1	0	0	0	0
AF	0	0.615240	2	1	1	0	0	0	0
AF	0	0.615865	1	1	0	0	0	0	0
AF	0	0.616490	1	1	0	0	0	0	0
AF	0	0.617739	1	1	0	0	0	0	0
AF	0	0.618676	1	1	0	0	0	0	0
AF	0	0.621174	1	1	0	0	0	0	0
AF	0	0.621487	2	0	2	0	0	0	0
AF	0	0.622736	2	2	0	0	0	0	0
AF	0	0.623673	1	1	0	0	0	0	0
AF	0	0.623985	1	1	0	0	0	0	0
AF	0	0.624610	2	1	1	0	0	0	0
AF	0	0.625234	1	0	1	0	0	0	0
AF	0	0.626483	1	1	0	0	0	0	0
AF	0	0.627108	1	1	0	0	0	0	0
AF	0	0.627733	1	1	0	0	0	0	0
AF	0	0.628045	2	2	0	0	0	0	0
AF	0	0.628357	1	1	0	0	0	0	0
AF	0	0.628982	3	3	0	0	0	0	0
AF	0	0.629294	2	2	0	0	0	0	0
AF	0	0.629606	2	1	1	0	0	0	0
AF	0	0.629919	2	0	2	0	0	0	0
AF	0	0.630856	3	2	1	0	0	0	0
AF	0	0.633666	1	1	0	0	0	0	0
AF	0	0.633979	1	1	0	0	0	0	0
AF	0	0.635228	2	1	1	0	0	0	0
AF	0	0.635853	1	1	0	0	0	0	0
AF	0	0.637414	2	1	1	0	0	0	0
AF	0	0.637726	1	0	1	0	0	0	0
AF	0	0.638976	1	0	1	0	0	0	0
AF	0	0.639288	1	1	0	0	0	0	0
AF	0	0.639600	1	1	0	0	0	0	0
AF	0	0.639913	4	3	1	0	0	0	0
AF	0	0.640225	1	1	0	0	0	0	0
AF	0	0.641162	1	1	0	0	0	0	0
AF	0	0.641474	1	1	0	0	0	0	0
AF	0	0.642099	1	1	0	0	0	0	0
AF	0	0.643660	1	1	0	0	0	0	0
AF	0	0.643973	1	1	0	0	0	0	0
AF	0	0.644597	1	1	0	0	0	0	0
AF	0	0.644909	1	1	0	0	0	0	0
AF	0	0.645222	1	0	1	0	0	0	0
AF	0	0.645846	1	1	0	0	0	0	0
AF	0	0.646471	3	2	1	0	0	0	0
AF	0	0.647408	1	0	1	0	0	0	0
AF	0	0.648345	1	1	0	0	0	0	0
AF	0	0.649282	3	2	1	0	0	0	0
AF	0	0.649594	2	1	1	0	0	0	0
AF	0	0.649906	1	0	1	0	0	0	0
AF	0	0.650531	1	1	0	0	0	0	0
AF	0	0.650843	2	0	2	0	0	0	0
AF	0	0.651468	1	1	0	0	0	0	0
AF	0	0.652092	2	0	2	0	0	0	0
AF	0	0.653342	2	1	1	0	0	0	0
AF	0	0.654591	3	1	2	0	0	0	0
AF	0	0.654903	1	0	1	0	0	0	0
AF	0	0.655528	1	0	1	0	0	0	0
AF	0	0.656465	5	3	2	0	0	0	0
AF	0	0.656777	2	2	0	0	0	0	0
AF	0	0.657089	1	1	0	0	0	0	0
AF	0	0.657402	1	1	0	0	0	0	0
AF	0	0.657714	1	0	1	0	0	0	0
AF	0	0.658026	1	0	1	0	0	0	0
AF	0	0.658339	1	0	1	0	0	0	0
AF	0	0.658651	1	1	0	0	0	0	0
AF	0	0.659588	2	2	0	0	0	0	0
AF	0	0.660837	2	2	0	0	0	0	0
AF	0	0.661149	1	1	0	0	0	0	0
AF	0	0.661462	3	2	1	0	0	0	0
AF	0	0.661774	2	0	2	0	0	0	0
AF	0	0.662086	1	1	0	0	0	0	0
AF	0	0.663335	1	1	0	0	0	0	0
AF	0	0.663960	2	2	0	0	0	0	0
AF	0	0.664272	1	1	0	0	0	0	0
AF	0	0.664585	1	1	0	0	0	0	0
AF	0	0.664897	1	1	0	0	0	0	0
AF	0	0.665209	2	0	2	0	0	0	0
AF	0	0.665522	2	2	0	0	0	0	0
AF	0	0.666146	4	4	0	0	0	0	0
AF	0	0.666458	1	1	0	0	0	0	0
AF	0	0.666771	4	3	1	0	0	0	0
AF	0	0.667083	2	0	2	0	0	0	0
AF	0	0.667708	1	0	1	0	0	0	0
AF	0	0.668645	4	4	0	0	0	0	0
AF	0	0.668957	3	3	0	0	0	0	0
AF	0	0.669269	2	1	1	0	0	0	0
AF	0	0.669894	1	1	0	0	0	0	0
AF	0	0.670206	2	2	0	0	0	0	0
AF	0	0.671143	2	2	0	0	0	0	0
AF	0	0.671455	1	1	0	0	0	0	0
AF	0	0.671768	1	1	0	0	0	0	0
AF	0	0.672080	1	1	0	0	0	0	0
AF	0	0.672392	2	0	2	0	0	0	0
AF	0	0.673017	2	2	0	0	0	0	0
AF	0	0.673329	1	1	0	0	0	0	0
AF	0	0.674266	1	1	0	0	0	0	0
AF	0	0.676140	1	0	1	0	0	0	0
AF	0	0.676452	2	0	2	0	0	0	0
AF	0	0.676765	1	1	0	0	0	0	0
AF	0	0.677077	1	1	0	0	0	0	0
AF	0	0.678014	2	2	0	0	0	0	0
AF	0	0.678951	1	0	1	0	0	0	0
AF	0	0.679263	1	0	1	0	0	0	0
AF	0	0.679888	1	1	0	0	0	0	0
AF	0	0.680200	1	0	1	0	0	0	0
AF	0	0.680512	1	1	0	0	0	0	0
AF	0	0.681137	1	1	0	0	0	0	0
AF	0	0.681761	1	0	1	0	0	0	0
AF	0	0.682074	1	0	1	0	0	0	0
AF	0	0.683323	1	1	0	0	0	0	0
AF	0	0.683948	1	1	0	0	0	0	0
AF	0	0.686134	1	1	0	0	0	0	0
AF	0	0.687383	2	0	2	0	0	0	0
AF	0	0.688007	1	1	0	0	0	0	0
AF	0	0.688944	1	0	1	0	0	0	0
AF	0	0.689881	1	1	0	0	0	0	0
AF	0	0.690818	2	2	0	0	0	0	0
AF	0	0.691131	3	2	1	0	0	0	0
AF	0	0.692380	1	1	0	0	0	0	0
AF	0	0.692692	2	1	1	0	0	0	0
AF	0	0.693004	1	0	1	0	0	0	0
AF	0	0.694254	1	1	0	0	0	0	0
AF	0	0.695815	1	0	1	0	0	0	0
AF	0	0.696752	1	1	0	0	0	0	0
AF	0	0.698626	1	0	1	0	0	0	0
AF	0	0.699875	1	1	0	0	0	0	0
AF	0	0.700187	1	0	1	0	0	0	0
AF	0	0.700500	2	1	1	0	0	0	0
AF	0	0.701124	1	0	1	0	0	0	0
AF	0	0.701437	2	2	0	0	0	0	0
AF	0	0.702998	1	0	1	0	0	0	0
AF	0	0.703310	1	1	0	0	0	0	0
AF	0	0.703623	2	2	0	0	0	0	0
AF	0	0.704247	1	1	0	0	0	0	0
AF	0	0.704872	1	0	1	0	0	0	0
AF	0	0.705184	1	1	0	0	0	0	0
AF	0	0.706121	1	0	1	0	0	0	0
AF	0	0.708307	1	0	1	0	0	0	0
AF	0	0.711743	1	0	1	0	0	0	0
AF	0	0.712055	1	0	1	0	0	0	0
AF	0	0.713304	1	0	1	0	0	0	0
AF	0	0.714866	2	1	1	0	0	0	0
AF	0	0.715803	1	0	1	0	0	0	0
AF	0	0.716115	1	1	0	0	0	0	0
AF	0	0.716740	1	0	1	0	0	0	0
AF	0	0.718301	1	1	0	0	0	0	0
AF	0	0.723923	1	0	1	0	0	0	0
AF	0	0.724859	1	0	1	0	0	0	0
AF	0	0.725484	1	0	1	0	0	0	0
AF	0	0.725796	1	0	1	0	0	0	0
AF	0	0.727046	2	2	0	0	0	0	0
AF	0	0.727983	1	0	1	0	0	0	0
AF	0	0.728607	1	1	0	0	0	0	0
AF	0	0.729544	1	1	0	0	0	0	0
AF	0	0.729856	3	1	2	0	0	0	0
AF	0	0.730169	1	1	0	0	0	0	0
AF	0	0.731418	1	1	0	0	0	0	0
AF	0	0.732042	1	0	1	0	0	0	0
AF	0	0.737039	1	1	0	0	0	0	0
AF	0	0.737976	2	2	0	0	0	0	0
AF	0	0.739538	1	1	0	0	0	0	0
AF	0	0.739850	1	0	1	0	0	0	0
AF	0	0.744847	1	1	0	0	0	0	0
AF	0	0.745784	1	0	1	0	0	0	0
AF	0	0.746408	1	0	1	0	0	0	0
AF	0	0.746721	1	1	0	0	0	0	0
AF	0	0.750781	1	0	1	0	0	0	0
AF	0	0.751405	1	1	0	0	0	0	0
AF	0	0.756715	1	1	0	0	0	0	0
AF	0	0.758588	2	1	1	0	0	0	0
AF	0	0.758901	2	1	1	0	0	0	0
AF	0	0.759838	1	1	0	0	0	0	0
AF	0	0.760150	1	1	0	0	0	0	0
AF	0	0.760775	1	1	0	0	0	0	0
AF	0	0.772017	1	0	1	0	0	0	0
AF	0	0.774204	1	0	1	0	0	0	0
AF	0	0.775453	1	0	1	0	0	0	0
AF	0	0.775765	1	0	1	0	0	0	0
AF	0	0.779513	1	1	0	0	0	0	0
AF	0	0.785447	1	1	0	0	0	0	0
AF	0	0.787008	1	1	0	0	0	0	0
AF	0	0.789507	1	1	0	0	0	0	0
AF	0	0.789819	1	1	0	0	0	0	0
AF	0	0.790443	1	1	0	0	0	0	0
AF	0	0.793254	1	0	1	0	0	0	0
AF	0	0.793879	1	1	0	0	0	0	0
AF	0	0.795753	1	0	1	0	0	0	0
AF	0	0.796377	1	0	1	0	0	0	0
AF	0	0.801999	2	2	0	0	0	0	0
AF	0	0.802936	1	1	0	0	0	0	0
AF	0	0.803248	1	0	1	0	0	0	0
AF	0	0.803873	1	1	0	0	0	0	0
AF	0	0.805434	1	1	0	0	0	0	0
AF	0	0.805746	1	1	0	0	0	0	0
AF	0	0.806059	1	1	0	0	0	0	0
AF	0	0.809494	1	1	0	0	0	0	0
AF	0	0.810743	1	1	0	0	0	0	0
AF	0	0.813242	1	1	0	0	0	0	0
AF	0	0.813866	1	0	1	0	0	0	0
AF	0	0.814491	1	1	0	0	0	0	0
AF	0	0.817614	1	1	0	0	0	0	0
AF	0	0.821362	2	2	0	0	0	0	0
AF	0	0.821986	1	1	0	0	0	0	0
AF	0	0.822611	1	1	0	0	0	0	0
AF	0	0.823235	2	1	1	0	0	0	0
AF	0	0.823860	1	1	0	0	0	0	0
AF	0	0.828232	1	1	0	0	0	0	0
AF	0	0.828857	1	1	0	0	0	0	0
AF	0	0.829482	1	0	1	0	0	0	0
AF	0	0.829794	1	0	1	0	0	0	0
AF	0	0.831355	1	1	0	0	0	0	0
AF	0	0.831980	2	1	1	0	0	0	0
AF	0	0.832605	1	0	1	0	0	0	0
AF	0	0.835103	1	1	0	0	0	0	0
AF	0	0.837601	1	1	0	0	0	0	0
AF	0	0.838538	1	1	0	0	0	0	0
AF	0	0.840412	1	1	0	0	0	0	0
AF	0	0.840725	1	1	0	0	0	0	0
AF	0	0.842598	1	1	0	0	0	0	0
AF	0	0.843223	1	1	0	0	0	0	0
AF	0	0.843535	1	1	0	0	0	0	0
AF	0	0.845097	1	1	0	0	0	0	0
AF	0	0.846346	1	1	0	0	0	0	0
AF	0	0.848844	1	0	1	0	0	0	0
AF	0	0.850718	2	2	0	0	0	0	0
AF	0	0.851031	1	1	0	0	0	0	0
AF	0	0.851343	4	2	2	0	0	0	0
AF	0	0.851968	1	1	0	0	0	0	0
AF	0	0.852280	1	1	0	0	0	0	0
AF	0	0.852592	1	1	0	0	0	0	0
AF	0	0.854154	1	0	1	0	0	0	0
AF	0	0.855091	1	0	1	0	0	0	0
AF	0	0.856652	1	1	0	0	0	0	0
AF	0	0.858838	1	0	1	0	0	0	0
AF	0	0.859463	2	2	0	0	0	0	0
AF	0	0.859775	1	1	0	0	0	0	0
AF	0	0.860712	1	1	0	0	0	0	0
AF	0	0.861337	1	1	0	0	0	0	0
AF	0	0.861961	2	2	0	0	0	0	0
AF	0	0.862274	1	0	1	0	0	0	0
AF	0	0.863210	3	3	0	0	0	0	0
AF	0	0.865084	1	1	0	0	0	0	0
AF	0	0.866021	1	0	1	0	0	0	0
AF	0	0.866334	1	1	0	0	0	0	0
AF	0	0.866958	1	1	0	0	0	0	0
AF	0	0.868207	1	1	0	0	0	0	0
AF	0	0.869144	2	1	1	0	0	0	0
AF	0	0.869457	1	0	1	0	0	0	0
AF	0	0.870394	1	1	0	0	0	0	0
AF	0	0.870706	1	0	1	0	0	0	0
AF	0	0.871955	1	0	1	0	0	0	0
AF	0	0.872267	1	0	1	0	0	0	0
AF	0	0.872892	1	1	0	0	0	0	0
AF	0	0.873204	2	2	0	0	0	0	0
AF	0	0.873829	1	1	0	0	0	0	0
AF	0	0.874141	1	0	1	0	0	0	0
AF	0	0.875078	2	2	0	0	0	0	0
AF	0	0.876015	1	1	0	0	0	0	0
AF	0	0.876952	1	1	0	0	0	0	0
AF	0	0.877264	1	0	1	0	0	0	0
AF	0	0.878826	1	1	0	0	0	0	0
AF	0	0.880075	1	0	1	0	0	0	0
AF	0	0.881012	1	1	0	0	0	0	0
AF	0	0.881324	1	1	0	0	0	0	0
AF	0	0.881636	1	1	0	0	0	0	0
AF	0	0.882886	1	1	0	0	0	0	0
AF	0	0.883510	1	1	0	0	0	0	0
AF	0	0.884447	1	0	1	0	0	0	0
AF	0	0.885072	1	1	0	0	0	0	0
AF	0	0.887570	1	0	1	0	0	0	0
AF	0	0.890069	1	0	1	0	0	0	0
AF	0	0.891318	1	1	0	0	0	0	0
AF	0	0.892879	1	1	0	0	0	0	0
AF	0	0.893192	1	1	0	0	0	0	0
AF	0	0.894441	1	1	0	0	0	0	0
AF	0	0.895378	1	0	1	0	0	0	0
AF	0	0.896002	1	1	0	0	0	0	0
AF	0	0.896627	1	1	0	0	0	0	0
AF	0	0.898501	2	2	0	0	0	0	0
AF	0	0.901312	1	1	0	0	0	0	0
AF	0	0.904122	1	1	0	0	0	0	0
AF	0	0.904435	2	2	0	0	0	0	0
AF	0	0.907870	2	1	1	0	0	0	0
AF	0	0.908182	1	1	0	0	0	0	0
AF	0	0.908495	1	1	0	0	0	0	0
AF	0	0.908807	1	1	0	0	0	0	0
AF	0	0.909119	2	2	0	0	0	0	0
AF	0	0.910369	1	1	0	0	0	0	0
AF	0	0.910993	1	1	0	0	0	0	0
AF	0	0.911618	1	1	0	0	0	0	0
AF	0	0.911930	1	1	0	0	0	0	0
AF	0	0.912242	1	0	1	0	0	0	0
AF	0	0.912867	1	1	0	0	0	0	0
AF	0	0.913492	1	1	0	0	0	0	0
AF	0	0.914116	2	1	1	0	0	0	0
AF	0	0.916302	1	0	1	0	0	0	0
AF	0	0.916615	3	1	2	0	0	0	0
AF	0	0.916927	1	0	1	0	0	0	0
AF	0	0.918488	1	1	0	0	0	0	0
AF	0	0.920050	1	0	1	0	0	0	0
AF	0	0.921299	1	0	1	0	0	0	0
AF	0	0.921611	1	0	1	0	0	0	0
AF	0	0.923485	1	1	0	0	0	0	0
AF	0	0.925359	1	1	0	0	0	0	0
AF	0	0.926296	2	0	2	0	0	0	0
AF	0	0.926921	1	1	0	0	0	0	0
AF	0	0.927233	1	0	1	0	0	0	0
AF	0	0.927545	1	0	1	0	0	0	0
AF	0	0.927858	2	0	2	0	0	0	0
AF	0	0.928482	1	0	1	0	0	0	0
AF	0	0.932230	2	0	2	0	0	0	0
AF	0	0.933479	3	1	2	0	0	0	0
AF	0	0.935041	1	1	0	0	0	0	0
AF	0	0.935978	1	0	1	0	0	0	0
AF	0	0.936602	2	1	1	0	0	0	0
AF	0	0.936914	1	1	0	0	0	0	0
AF	0	0.937851	1	1	0	0	0	0	0
AF	0	0.938788	1	1	0	0	0	0	0
AF	0	0.939101	1	1	0	0	0	0	0
AF	0	0.939725	1	0	1	0	0	0	0
AF	0	0.940662	1	1	0	0	0	0	0
AF	0	0.940974	1	0	1	0	0	0	0
AF	0	0.941287	1	0	1	0	0	0	0
AF	0	0.941599	1	1	0	0	0	0	0
AF	0	0.942224	1	1	0	0	0	0	0
AF	0	0.943161	1	1	0	0	0	0	0
AF	0	0.943473	1	0	1	0	0	0	0
AF	0	0.944097	3	3	0	0	0	0	0
AF	0	0.944410	1	1	0	0	0	0	0
AF	0	0.945034	1	0	1	0	0	0	0
AF	0	0.945347	2	1	1	0	0	0	0
AF	0	0.945659	2	1	1	0	0	0	0
AF	0	0.945971	2	2	0	0	0	0	0
AF	0	0.946284	1	1	0	0	0	0	0
AF	0	0.946596	1	1	0	0	0	0	0
AF	0	0.946908	1	0	1	0	0	0	0
AF	0	0.948470	2	2	0	0	0	0	0
AF	0	0.949094	2	1	1	0	0	0	0
AF	0	0.949407	1	1	0	0	0	0	0
AF	0	0.949719	4	1	3	0	0	0	0
AF	0	0.950031	3	2	1	0	0	0	0
AF	0	0.950344	1	1	0	0	0	0	0
AF	0	0.951593	2	1	1	0	0	0	0
AF	0	0.952217	3	1	2	0	0	0	0
AF	0	0.952530	1	1	0	0	0	0	0
AF	0	0.952842	2	0	2	0	0	0	0
AF	0	0.953467	2	1	1	0	0	0	0
AF	0	0.953779	6	2	4	0	0	0	0
AF	0	0.954091	2	2	0	0	0	0	0
AF	0	0.954716	1	1	0	0	0	0	0
AF	0	0.955340	2	2	0	0	0	0	0
AF	0	0.955965	2	0	2	0	0	0	0
AF	0	0.956590	2	1	1	0	0	0	0
AF	0	0.957214	2	0	2	0	0	0	0
AF	0	0.957527	1	0	1	0	0	0	0
AF	0	0.957839	3	2	1	0	0	0	0
AF	0	0.958463	1	1	0	0	0	0	0
AF	0	0.959088	1	0	1	0	0	0	0
AF	0	0.959713	4	3	1	0	0	0	0
AF	0	0.960337	1	0	1	0	0	0	0
AF	0	0.960650	1	1	0	0	0	0	0
AF	0	0.961274	1	0	1	0	0	0	0
AF	0	0.961899	2	0	2	0	0	0	0
AF	0	0.962211	1	1	0	0	0	0	0
AF	0	0.962523	1	0	1	0	0	0	0
AF	0	0.964085	2	1	1	0	0	0	0
AF	0	0.964710	1	1	0	0	0	0	0
AF	0	0.965022	1	0	1	0	0	0	0
AF	0	0.965959	2	2	0	0	0	0	0
AF	0	0.966271	2	2	0	0	0	0	0
AF	0	0.966583	1	0	1	0	0	0	0
AF	0	0.967208	1	1	0	0	0	0	0
AF	0	0.967833	3	2	1	0	0	0	0
AF	0	0.968457	1	1	0	0	0	0	0
AF	0	0.971268	1	0	1	0	0	0	0
AF	0	0.971580	3	1	2	0	0	0	0
AF	0	0.971893	1	1	0	0	0	0	0
AF	0	0.972205	1	1	0	0	0	0	0
AF	0	0.972517	1	0	1	0	0	0	0
AF	0	0.972829	14	13	1	0	0	0	0
AF	0	0.973454	2	1	1	0	0	0	0
AF	0	0.973766	1	0	1	0	0	0	0
AF	0	0.974079	2	2	0	0	0	0	0
AF	0	0.974703	1	1	0	0	0	0	0
AF	0	0.975328	1	1	0	0	0	0	0
AF	0	0.975640	1	1	0	0	0	0	0
AF	0	0.976889	1	1	0	0	0	0	0
AF	0	0.977202	1	1	0	0	0	0	0
AF	0	0.977826	1	1	0	0	0	0	0
AF	0	0.979076	1	0	1	0	0	0	0
AF	0	0.979388	1	0	1	0	0	0	0
AF	0	0.981574	1	0	1	0	0	0	0
AF	0	0.981886	1	1	0	0	0	0	0
AF	0	0.982199	2	2	0	0	0	0	0
AF	0	0.982823	1	0	1	0	0	0	0
AF	0	0.983136	1	1	0	0	0	0	0
AF	0	0.983448	3	3	0	0	0	0	0
AF	0	0.983760	2	2	0	0	0	0	0
AF	0	0.984697	2	2	0	0	0	0	0
AF	0	0.985946	2	1	1	0	0	0	0
AF	0	0.986259	1	1	0	0	0	0	0
AF	0	0.987196	1	0	1	0	0	0	0
AF	0	0.987508	1	1	0	0	0	0	0
AF	0	0.987820	1	1	0	0	0	0	0
AF	0	0.988132	2	1	1	0	0	0	0
AF	0	0.989069	1	1	0	0	0	0	0
AF	0	0.989382	2	2	0	0	0	0	0
AF	0	0.990319	1	0	1	0	0	0	0
AF	0	0.991568	4	4	0	0	0	0	0
AF	0	0.992817	1	0	1	0	0	0	0
AF	0	0.993442	4	3	1	0	0	0	0
AF	0	0.993754	3	2	1	0	0	0	0
AF	0	0.994066	42	29	13	0	0	0	0
AF	0	0.994691	2	1	1	0	0	0	0
AF	0	0.995003	2	0	2	0	0	0	0
AF	0	0.995315	4	4	0	0	0	0	0
AF	0	0.995628	1	1	0	0	0	0	0
AF	0	0.995940	3	2	1	0	0	0	0
AF	0	0.996252	2	2	0	0	0	0	0
AF	0	0.997189	1	1	0	0	0	0	0
AF	0	0.998438	1	1	0	0	0	0	0
AF	0	0.999063	2	0	2	0	0	0	0
# QUAL, Stats by quality
# QUAL	[2]id	[3]Quality	[4]number of SNPs	[5]number of transitions (1st ALT)	[6]number of transversions (1st ALT)	[7]number of indels
QUAL	0	.	17907	11828	6079	0
# IDD, InDel distribution:
# IDD	[2]id	[3]length (deletions negative)	[4]number of sites	[5]number of genotypes	[6]mean VAF
# ST, Substitution types:
# ST	[2]id	[3]type	[4]count
ST	0	A>C	756
ST	0	A>G	2643
ST	0	A>T	658
ST	0	C>A	905
ST	0	C>G	739
ST	0	C>T	3252
ST	0	G>A	3352
ST	0	G>C	765
ST	0	G>T	876
ST	0	T>A	699
ST	0	T>C	2581
ST	0	T>G	681
# DP, Depth distribution
# DP	[2]id	[3]bin	[4]number of genotypes	[5]fraction of genotypes (%)	[6]number of sites	[7]fraction of sites (%)
  - Fix haploid genotypes in males...

Submit MakeDiploidMalesX finished successfully. Let's have a beer, buddy!

