Submit MakeDiploidMalesX
version 1.1.6 (2024-09-30)

These are the settings:
  Input file................: /hpc/local/Rocky8/dhl_ec/software/MonopogenLite/resources/1kGP_high_coverage_Illumina.SNVonly_poly.filtered_AF_5e-04.norm.fixvariantid.chrX.vcf.gz
  Output file...............: /hpc/local/Rocky8/dhl_ec/software/MonopogenLite/resources/1kGP_high_coverage_Illumina.SNVonly_poly.filtered_AF_5e-04.norm.fixvariantid.makediploid.chrX.vcf.gz
  Chunk size................: 100

  SLURM CPUs................: 4
  SLURM Array ID............: 18 (of 100)
  SLURM memory..............: 16G
  SLURM time................: 01:00:00
  SLURM mail type...........: FAIL
  SLURM mail user...........: s.w.vanderlaan-2@umcutrecht.nl

  Dry run mode..............: 0
  Debug mode................: 1
  Verbosity.................: 0
  Version...................: 1.1.6 (2024-09-30)

Making converting haploid genotypes to diploid genotypes.
> Extract the region for this SLURM task (# 18) from the BED file.
  - Get the chunk number from the SLURM array task ID and the bed file...
DEBUG: Extracting chunk number: 18p from 18
DEBUG: Extracting region from BED file: /hpc/local/Rocky8/dhl_ec/software/MonopogenLite/resources/chrX_100pieces.bed
  - Extract the region from the BED file...
DEBUG: Extracted raw region: 'chrX	26526937	28087344' (chunk #: 18p of 100 for job 18)
  - Check if a valid region was extracted -- should be 'chrX	26526937	28087344'...
  - Prepare the region for bcftools...
  - Check if the region (chrX:26526937-28087344) was successfully extracted...
> Processing region 'chrX:26526937-28087344'...
  - Process the specific region (chunk# 18) using bcftools view...
  - Index the VCF file...
DEBUG: Check if the VCF file was successfully processed...
##fileformat=VCFv4.2
##FILTER=<ID=PASS,Description="All filters passed">
##fileDate=29/01/2022 - 14:31:41
##source=shapeit4.2.2
##contig=<ID=chr1,length=248956422>
##contig=<ID=chr2,length=242193529>
##contig=<ID=chr3,length=198295559>
##contig=<ID=chr4,length=190214555>
##contig=<ID=chr5,length=181538259>
##contig=<ID=chr6,length=170805979>
# This file was produced by bcftools stats (1.20+htslib-1.20) and can be plotted using plot-vcfstats.
# The command line was:	bcftools stats  /hpc/local/Rocky8/dhl_ec/software/MonopogenLite/resources/chrX.part18.vcf.gz
#
# Definition of sets:
# ID	[2]id	[3]tab-separated file names
ID	0	/hpc/local/Rocky8/dhl_ec/software/MonopogenLite/resources/chrX.part18.vcf.gz
# SN, Summary numbers:
#   number of records   .. number of data rows in the VCF
#   number of no-ALTs   .. reference-only sites, ALT is either "." or identical to REF
#   number of SNPs      .. number of rows with a SNP
#   number of MNPs      .. number of rows with a MNP, such as CC>TT
#   number of indels    .. number of rows with an indel
#   number of others    .. number of rows with other type, for example a symbolic allele or
#                          a complex substitution, such as ACT>TCGA
#   number of multiallelic sites     .. number of rows with multiple alternate alleles
#   number of multiallelic SNP sites .. number of rows with multiple alternate alleles, all SNPs
# 
#   Note that rows containing multiple types will be counted multiple times, in each
#   counter. For example, a row with a SNP and an indel increments both the SNP and
#   the indel counter.
# 
# SN	[2]id	[3]key	[4]value
SN	0	number of samples:	3202
SN	0	number of records:	14852
SN	0	number of no-ALTs:	0
SN	0	number of SNPs:	14852
SN	0	number of MNPs:	0
SN	0	number of indels:	0
SN	0	number of others:	0
SN	0	number of multiallelic sites:	0
SN	0	number of multiallelic SNP sites:	0
# TSTV, transitions/transversions:
# TSTV	[2]id	[3]ts	[4]tv	[5]ts/tv	[6]ts (1st ALT)	[7]tv (1st ALT)	[8]ts/tv (1st ALT)
TSTV	0	9832	5020	1.96	9832	5020	1.96
# SiS, Singleton stats:
# SiS	[2]id	[3]allele count	[4]number of SNPs	[5]number of transitions	[6]number of transversions	[7]number of indels	[8]repeat-consistent	[9]repeat-inconsistent	[10]not applicable
SiS	0	1	0	0	0	0	0	0	0
# AF, Stats by non-reference allele frequency:
# AF	[2]id	[3]allele frequency	[4]number of SNPs	[5]number of transitions	[6]number of transversions	[7]number of indels	[8]repeat-consistent	[9]repeat-inconsistent	[10]not applicable
AF	0	0.000312	2231	1537	694	0	0	0	0
AF	0	0.000625	1304	849	455	0	0	0	0
AF	0	0.000937	1533	1022	511	0	0	0	0
AF	0	0.001249	453	307	146	0	0	0	0
AF	0	0.001562	736	474	262	0	0	0	0
AF	0	0.001874	254	181	73	0	0	0	0
AF	0	0.002186	552	377	175	0	0	0	0
AF	0	0.002498	164	98	66	0	0	0	0
AF	0	0.002811	316	213	103	0	0	0	0
AF	0	0.003123	124	79	45	0	0	0	0
AF	0	0.003435	271	192	79	0	0	0	0
AF	0	0.003748	80	48	32	0	0	0	0
AF	0	0.004060	199	134	65	0	0	0	0
AF	0	0.004372	105	66	39	0	0	0	0
AF	0	0.004685	199	144	55	0	0	0	0
AF	0	0.004997	96	61	35	0	0	0	0
AF	0	0.005309	154	110	44	0	0	0	0
AF	0	0.005621	93	65	28	0	0	0	0
AF	0	0.005934	144	91	53	0	0	0	0
AF	0	0.006246	138	90	48	0	0	0	0
AF	0	0.006558	119	79	40	0	0	0	0
AF	0	0.006871	42	26	16	0	0	0	0
AF	0	0.007183	93	65	28	0	0	0	0
AF	0	0.007495	62	36	26	0	0	0	0
AF	0	0.007808	74	51	23	0	0	0	0
AF	0	0.008120	36	25	11	0	0	0	0
AF	0	0.008432	79	47	32	0	0	0	0
AF	0	0.008745	36	19	17	0	0	0	0
AF	0	0.009057	93	71	22	0	0	0	0
AF	0	0.009369	43	30	13	0	0	0	0
AF	0	0.009681	77	53	24	0	0	0	0
AF	0	0.009994	38	26	12	0	0	0	0
AF	0	0.010306	59	44	15	0	0	0	0
AF	0	0.010618	22	13	9	0	0	0	0
AF	0	0.010931	51	35	16	0	0	0	0
AF	0	0.011243	34	17	17	0	0	0	0
AF	0	0.011555	88	52	36	0	0	0	0
AF	0	0.011868	48	31	17	0	0	0	0
AF	0	0.012180	79	56	23	0	0	0	0
AF	0	0.012492	20	14	6	0	0	0	0
AF	0	0.012804	34	26	8	0	0	0	0
AF	0	0.013117	31	17	14	0	0	0	0
AF	0	0.013429	54	38	16	0	0	0	0
AF	0	0.013741	17	11	6	0	0	0	0
AF	0	0.014054	74	49	25	0	0	0	0
AF	0	0.014366	45	32	13	0	0	0	0
AF	0	0.014678	37	22	15	0	0	0	0
AF	0	0.014991	25	14	11	0	0	0	0
AF	0	0.015303	43	28	15	0	0	0	0
AF	0	0.015615	13	11	2	0	0	0	0
AF	0	0.015928	25	11	14	0	0	0	0
AF	0	0.016240	19	15	4	0	0	0	0
AF	0	0.016552	34	26	8	0	0	0	0
AF	0	0.016864	21	17	4	0	0	0	0
AF	0	0.017177	30	20	10	0	0	0	0
AF	0	0.017489	14	8	6	0	0	0	0
AF	0	0.017801	24	15	9	0	0	0	0
AF	0	0.018114	12	4	8	0	0	0	0
AF	0	0.018426	40	25	15	0	0	0	0
AF	0	0.018738	12	9	3	0	0	0	0
AF	0	0.019051	31	15	16	0	0	0	0
AF	0	0.019363	12	7	5	0	0	0	0
AF	0	0.019675	13	9	4	0	0	0	0
AF	0	0.019988	12	6	6	0	0	0	0
AF	0	0.020300	22	14	8	0	0	0	0
AF	0	0.020612	12	8	4	0	0	0	0
AF	0	0.020924	30	20	10	0	0	0	0
AF	0	0.021237	9	8	1	0	0	0	0
AF	0	0.021549	33	21	12	0	0	0	0
AF	0	0.021861	12	7	5	0	0	0	0
AF	0	0.022174	22	14	8	0	0	0	0
AF	0	0.022486	23	17	6	0	0	0	0
AF	0	0.022798	41	24	17	0	0	0	0
AF	0	0.023111	7	6	1	0	0	0	0
AF	0	0.023423	26	20	6	0	0	0	0
AF	0	0.023735	4	2	2	0	0	0	0
AF	0	0.024047	47	37	10	0	0	0	0
AF	0	0.024360	10	5	5	0	0	0	0
AF	0	0.024672	33	22	11	0	0	0	0
AF	0	0.024984	23	14	9	0	0	0	0
AF	0	0.025297	10	6	4	0	0	0	0
AF	0	0.025609	7	4	3	0	0	0	0
AF	0	0.025921	7	7	0	0	0	0	0
AF	0	0.026234	5	3	2	0	0	0	0
AF	0	0.026546	3	1	2	0	0	0	0
AF	0	0.026858	10	4	6	0	0	0	0
AF	0	0.027171	12	8	4	0	0	0	0
AF	0	0.027483	4	2	2	0	0	0	0
AF	0	0.027795	15	9	6	0	0	0	0
AF	0	0.028107	8	6	2	0	0	0	0
AF	0	0.028420	60	31	29	0	0	0	0
AF	0	0.028732	16	11	5	0	0	0	0
AF	0	0.029044	7	6	1	0	0	0	0
AF	0	0.029357	10	8	2	0	0	0	0
AF	0	0.029669	23	15	8	0	0	0	0
AF	0	0.029981	8	6	2	0	0	0	0
AF	0	0.030294	11	11	0	0	0	0	0
AF	0	0.030606	10	7	3	0	0	0	0
AF	0	0.030918	17	9	8	0	0	0	0
AF	0	0.031230	14	8	6	0	0	0	0
AF	0	0.031543	18	11	7	0	0	0	0
AF	0	0.031855	8	6	2	0	0	0	0
AF	0	0.032167	12	9	3	0	0	0	0
AF	0	0.032480	4	3	1	0	0	0	0
AF	0	0.032792	16	8	8	0	0	0	0
AF	0	0.033104	11	5	6	0	0	0	0
AF	0	0.033417	18	12	6	0	0	0	0
AF	0	0.033729	6	2	4	0	0	0	0
AF	0	0.034041	15	8	7	0	0	0	0
AF	0	0.034354	5	3	2	0	0	0	0
AF	0	0.034666	11	7	4	0	0	0	0
AF	0	0.034978	11	6	5	0	0	0	0
AF	0	0.035290	16	14	2	0	0	0	0
AF	0	0.035603	3	2	1	0	0	0	0
AF	0	0.035915	6	3	3	0	0	0	0
AF	0	0.036227	4	2	2	0	0	0	0
AF	0	0.036540	62	38	24	0	0	0	0
AF	0	0.036852	15	9	6	0	0	0	0
AF	0	0.037164	12	9	3	0	0	0	0
AF	0	0.037477	6	5	1	0	0	0	0
AF	0	0.037789	9	5	4	0	0	0	0
AF	0	0.038101	3	0	3	0	0	0	0
AF	0	0.038413	29	18	11	0	0	0	0
AF	0	0.038726	16	14	2	0	0	0	0
AF	0	0.039038	14	11	3	0	0	0	0
AF	0	0.039350	1	0	1	0	0	0	0
AF	0	0.039663	10	8	2	0	0	0	0
AF	0	0.039975	4	3	1	0	0	0	0
AF	0	0.040287	10	5	5	0	0	0	0
AF	0	0.040600	2	2	0	0	0	0	0
AF	0	0.040912	10	7	3	0	0	0	0
AF	0	0.041224	5	4	1	0	0	0	0
AF	0	0.041537	20	11	9	0	0	0	0
AF	0	0.041849	2	1	1	0	0	0	0
AF	0	0.042161	4	4	0	0	0	0	0
AF	0	0.042473	5	2	3	0	0	0	0
AF	0	0.042786	2	1	1	0	0	0	0
AF	0	0.043098	1	1	0	0	0	0	0
AF	0	0.043410	4	1	3	0	0	0	0
AF	0	0.043723	4	4	0	0	0	0	0
AF	0	0.044035	4	2	2	0	0	0	0
AF	0	0.044347	4	2	2	0	0	0	0
AF	0	0.044660	26	16	10	0	0	0	0
AF	0	0.044972	10	5	5	0	0	0	0
AF	0	0.045284	15	10	5	0	0	0	0
AF	0	0.045597	4	3	1	0	0	0	0
AF	0	0.045909	15	8	7	0	0	0	0
AF	0	0.046221	7	5	2	0	0	0	0
AF	0	0.046533	5	3	2	0	0	0	0
AF	0	0.046846	2	1	1	0	0	0	0
AF	0	0.047158	3	3	0	0	0	0	0
AF	0	0.047470	4	2	2	0	0	0	0
AF	0	0.047783	5	5	0	0	0	0	0
AF	0	0.048095	2	1	1	0	0	0	0
AF	0	0.048407	1	0	1	0	0	0	0
AF	0	0.048720	1	1	0	0	0	0	0
AF	0	0.049032	1	0	1	0	0	0	0
AF	0	0.049344	1	0	1	0	0	0	0
AF	0	0.049656	8	7	1	0	0	0	0
AF	0	0.049969	2	1	1	0	0	0	0
AF	0	0.050281	4	3	1	0	0	0	0
AF	0	0.050593	6	4	2	0	0	0	0
AF	0	0.050906	6	3	3	0	0	0	0
AF	0	0.051218	4	0	4	0	0	0	0
AF	0	0.051530	9	6	3	0	0	0	0
AF	0	0.051843	3	2	1	0	0	0	0
AF	0	0.052155	4	1	3	0	0	0	0
AF	0	0.052467	1	0	1	0	0	0	0
AF	0	0.052780	6	3	3	0	0	0	0
AF	0	0.053092	5	3	2	0	0	0	0
AF	0	0.053404	10	5	5	0	0	0	0
AF	0	0.053716	4	1	3	0	0	0	0
AF	0	0.054029	3	1	2	0	0	0	0
AF	0	0.054341	2	1	1	0	0	0	0
AF	0	0.054653	2	1	1	0	0	0	0
AF	0	0.055278	3	3	0	0	0	0	0
AF	0	0.055903	6	5	1	0	0	0	0
AF	0	0.056215	1	1	0	0	0	0	0
AF	0	0.056527	4	2	2	0	0	0	0
AF	0	0.057152	9	6	3	0	0	0	0
AF	0	0.057464	3	3	0	0	0	0	0
AF	0	0.057776	2	2	0	0	0	0	0
AF	0	0.058089	10	5	5	0	0	0	0
AF	0	0.058401	5	3	2	0	0	0	0
AF	0	0.058713	2	2	0	0	0	0	0
AF	0	0.059338	2	2	0	0	0	0	0
AF	0	0.059650	1	0	1	0	0	0	0
AF	0	0.059963	1	1	0	0	0	0	0
AF	0	0.060275	1	1	0	0	0	0	0
AF	0	0.060899	2	1	1	0	0	0	0
AF	0	0.061212	1	1	0	0	0	0	0
AF	0	0.061524	9	7	2	0	0	0	0
AF	0	0.061836	2	1	1	0	0	0	0
AF	0	0.062149	7	5	2	0	0	0	0
AF	0	0.062461	7	3	4	0	0	0	0
AF	0	0.062773	4	3	1	0	0	0	0
AF	0	0.063086	4	3	1	0	0	0	0
AF	0	0.063398	2	1	1	0	0	0	0
AF	0	0.063710	3	2	1	0	0	0	0
AF	0	0.064022	6	4	2	0	0	0	0
AF	0	0.064335	4	2	2	0	0	0	0
AF	0	0.064647	2	1	1	0	0	0	0
AF	0	0.064959	3	3	0	0	0	0	0
AF	0	0.065272	8	6	2	0	0	0	0
AF	0	0.065584	14	10	4	0	0	0	0
AF	0	0.065896	29	19	10	0	0	0	0
AF	0	0.066209	4	3	1	0	0	0	0
AF	0	0.066833	1	0	1	0	0	0	0
AF	0	0.067146	4	1	3	0	0	0	0
AF	0	0.067458	1	0	1	0	0	0	0
AF	0	0.067770	1	1	0	0	0	0	0
AF	0	0.068082	1	1	0	0	0	0	0
AF	0	0.068395	4	4	0	0	0	0	0
AF	0	0.068707	2	0	2	0	0	0	0
AF	0	0.069019	1	1	0	0	0	0	0
AF	0	0.069644	2	0	2	0	0	0	0
AF	0	0.069956	4	1	3	0	0	0	0
AF	0	0.070269	14	7	7	0	0	0	0
AF	0	0.070581	9	5	4	0	0	0	0
AF	0	0.070893	4	1	3	0	0	0	0
AF	0	0.071205	1	0	1	0	0	0	0
AF	0	0.071518	4	2	2	0	0	0	0
AF	0	0.072142	4	1	3	0	0	0	0
AF	0	0.073079	1	1	0	0	0	0	0
AF	0	0.073392	1	1	0	0	0	0	0
AF	0	0.074016	1	1	0	0	0	0	0
AF	0	0.074329	1	1	0	0	0	0	0
AF	0	0.075265	6	3	3	0	0	0	0
AF	0	0.076202	1	0	1	0	0	0	0
AF	0	0.076827	1	0	1	0	0	0	0
AF	0	0.077139	2	0	2	0	0	0	0
AF	0	0.077764	1	1	0	0	0	0	0
AF	0	0.078076	1	0	1	0	0	0	0
AF	0	0.078389	2	1	1	0	0	0	0
AF	0	0.078701	2	2	0	0	0	0	0
AF	0	0.079013	8	7	1	0	0	0	0
AF	0	0.079325	4	2	2	0	0	0	0
AF	0	0.079638	6	4	2	0	0	0	0
AF	0	0.079950	10	4	6	0	0	0	0
AF	0	0.080262	2	2	0	0	0	0	0
AF	0	0.080575	2	1	1	0	0	0	0
AF	0	0.080887	1	0	1	0	0	0	0
AF	0	0.081199	1	1	0	0	0	0	0
AF	0	0.081512	3	0	3	0	0	0	0
AF	0	0.081824	1	1	0	0	0	0	0
AF	0	0.082448	2	1	1	0	0	0	0
AF	0	0.082761	2	1	1	0	0	0	0
AF	0	0.083073	3	3	0	0	0	0	0
AF	0	0.083385	5	5	0	0	0	0	0
AF	0	0.083698	1	1	0	0	0	0	0
AF	0	0.084010	7	4	3	0	0	0	0
AF	0	0.084322	14	7	7	0	0	0	0
AF	0	0.084635	3	3	0	0	0	0	0
AF	0	0.084947	1	1	0	0	0	0	0
AF	0	0.085259	2	1	1	0	0	0	0
AF	0	0.085884	1	0	1	0	0	0	0
AF	0	0.086196	2	2	0	0	0	0	0
AF	0	0.086508	1	1	0	0	0	0	0
AF	0	0.087445	1	1	0	0	0	0	0
AF	0	0.087758	1	1	0	0	0	0	0
AF	0	0.088070	2	1	1	0	0	0	0
AF	0	0.088382	2	1	1	0	0	0	0
AF	0	0.089007	1	0	1	0	0	0	0
AF	0	0.089319	1	1	0	0	0	0	0
AF	0	0.089631	1	1	0	0	0	0	0
AF	0	0.090256	5	3	2	0	0	0	0
AF	0	0.090881	1	0	1	0	0	0	0
AF	0	0.091193	3	3	0	0	0	0	0
AF	0	0.091505	3	3	0	0	0	0	0
AF	0	0.091818	2	1	1	0	0	0	0
AF	0	0.092130	1	1	0	0	0	0	0
AF	0	0.092442	3	1	2	0	0	0	0
AF	0	0.092755	6	6	0	0	0	0	0
AF	0	0.093067	3	2	1	0	0	0	0
AF	0	0.093379	2	1	1	0	0	0	0
AF	0	0.093691	3	2	1	0	0	0	0
AF	0	0.094628	4	4	0	0	0	0	0
AF	0	0.094941	5	4	1	0	0	0	0
AF	0	0.095253	8	7	1	0	0	0	0
AF	0	0.095565	2	2	0	0	0	0	0
AF	0	0.095878	2	1	1	0	0	0	0
AF	0	0.096502	2	1	1	0	0	0	0
AF	0	0.096814	1	1	0	0	0	0	0
AF	0	0.097751	3	1	2	0	0	0	0
AF	0	0.098064	3	2	1	0	0	0	0
AF	0	0.098376	4	2	2	0	0	0	0
AF	0	0.098688	1	1	0	0	0	0	0
AF	0	0.099001	9	5	4	0	0	0	0
AF	0	0.099625	6	4	2	0	0	0	0
AF	0	0.100250	2	2	0	0	0	0	0
AF	0	0.100562	2	2	0	0	0	0	0
AF	0	0.100874	1	1	0	0	0	0	0
AF	0	0.101187	3	3	0	0	0	0	0
AF	0	0.101499	1	1	0	0	0	0	0
AF	0	0.101811	4	3	1	0	0	0	0
AF	0	0.102124	2	1	1	0	0	0	0
AF	0	0.102748	1	1	0	0	0	0	0
AF	0	0.103373	2	2	0	0	0	0	0
AF	0	0.103685	3	2	1	0	0	0	0
AF	0	0.103998	8	5	3	0	0	0	0
AF	0	0.104310	4	1	3	0	0	0	0
AF	0	0.104622	5	4	1	0	0	0	0
AF	0	0.104934	6	2	4	0	0	0	0
AF	0	0.105247	10	7	3	0	0	0	0
AF	0	0.105559	1	1	0	0	0	0	0
AF	0	0.105871	2	0	2	0	0	0	0
AF	0	0.106496	8	5	3	0	0	0	0
AF	0	0.106808	5	4	1	0	0	0	0
AF	0	0.107121	1	1	0	0	0	0	0
AF	0	0.107433	1	1	0	0	0	0	0
AF	0	0.107745	3	2	1	0	0	0	0
AF	0	0.108057	1	1	0	0	0	0	0
AF	0	0.108370	2	1	1	0	0	0	0
AF	0	0.108682	1	0	1	0	0	0	0
AF	0	0.108994	2	0	2	0	0	0	0
AF	0	0.109307	1	1	0	0	0	0	0
AF	0	0.109931	5	3	2	0	0	0	0
AF	0	0.110244	2	2	0	0	0	0	0
AF	0	0.110556	3	2	1	0	0	0	0
AF	0	0.110868	2	1	1	0	0	0	0
AF	0	0.111181	2	2	0	0	0	0	0
AF	0	0.111805	2	1	1	0	0	0	0
AF	0	0.112117	1	1	0	0	0	0	0
AF	0	0.112430	3	1	2	0	0	0	0
AF	0	0.113054	5	4	1	0	0	0	0
AF	0	0.113367	1	0	1	0	0	0	0
AF	0	0.113679	1	1	0	0	0	0	0
AF	0	0.113991	1	1	0	0	0	0	0
AF	0	0.114304	2	2	0	0	0	0	0
AF	0	0.114616	3	1	2	0	0	0	0
AF	0	0.114928	1	0	1	0	0	0	0
AF	0	0.115240	2	2	0	0	0	0	0
AF	0	0.115865	1	1	0	0	0	0	0
AF	0	0.116177	4	1	3	0	0	0	0
AF	0	0.116490	1	0	1	0	0	0	0
AF	0	0.116802	2	0	2	0	0	0	0
AF	0	0.117114	1	1	0	0	0	0	0
AF	0	0.117427	1	1	0	0	0	0	0
AF	0	0.117739	6	4	2	0	0	0	0
AF	0	0.118051	3	2	1	0	0	0	0
AF	0	0.118988	1	1	0	0	0	0	0
AF	0	0.119300	2	1	1	0	0	0	0
AF	0	0.119613	2	2	0	0	0	0	0
AF	0	0.119925	3	1	2	0	0	0	0
AF	0	0.120550	2	2	0	0	0	0	0
AF	0	0.120862	1	1	0	0	0	0	0
AF	0	0.121174	1	1	0	0	0	0	0
AF	0	0.121487	9	8	1	0	0	0	0
AF	0	0.121799	2	1	1	0	0	0	0
AF	0	0.122111	1	0	1	0	0	0	0
AF	0	0.122423	1	1	0	0	0	0	0
AF	0	0.123048	1	0	1	0	0	0	0
AF	0	0.123360	1	1	0	0	0	0	0
AF	0	0.123985	1	1	0	0	0	0	0
AF	0	0.124297	2	2	0	0	0	0	0
AF	0	0.124610	3	0	3	0	0	0	0
AF	0	0.124922	3	3	0	0	0	0	0
AF	0	0.126171	3	3	0	0	0	0	0
AF	0	0.126483	1	1	0	0	0	0	0
AF	0	0.126796	4	2	2	0	0	0	0
AF	0	0.127108	1	0	1	0	0	0	0
AF	0	0.127420	2	1	1	0	0	0	0
AF	0	0.127733	1	1	0	0	0	0	0
AF	0	0.128045	2	1	1	0	0	0	0
AF	0	0.128670	1	1	0	0	0	0	0
AF	0	0.128982	2	0	2	0	0	0	0
AF	0	0.129294	7	5	2	0	0	0	0
AF	0	0.129919	2	0	2	0	0	0	0
AF	0	0.130543	2	1	1	0	0	0	0
AF	0	0.130856	1	1	0	0	0	0	0
AF	0	0.131168	2	2	0	0	0	0	0
AF	0	0.131793	4	2	2	0	0	0	0
AF	0	0.132105	5	4	1	0	0	0	0
AF	0	0.132417	3	3	0	0	0	0	0
AF	0	0.132730	1	1	0	0	0	0	0
AF	0	0.133042	3	1	2	0	0	0	0
AF	0	0.133354	1	1	0	0	0	0	0
AF	0	0.133666	2	2	0	0	0	0	0
AF	0	0.134603	2	2	0	0	0	0	0
AF	0	0.135228	1	1	0	0	0	0	0
AF	0	0.135540	1	1	0	0	0	0	0
AF	0	0.135853	1	0	1	0	0	0	0
AF	0	0.136477	1	1	0	0	0	0	0
AF	0	0.136790	2	1	1	0	0	0	0
AF	0	0.137726	1	1	0	0	0	0	0
AF	0	0.138039	4	3	1	0	0	0	0
AF	0	0.139288	1	1	0	0	0	0	0
AF	0	0.139600	1	0	1	0	0	0	0
AF	0	0.140225	1	1	0	0	0	0	0
AF	0	0.140537	1	1	0	0	0	0	0
AF	0	0.140849	1	0	1	0	0	0	0
AF	0	0.141162	2	0	2	0	0	0	0
AF	0	0.141786	1	1	0	0	0	0	0
AF	0	0.142411	3	3	0	0	0	0	0
AF	0	0.142723	1	0	1	0	0	0	0
AF	0	0.143036	2	2	0	0	0	0	0
AF	0	0.143348	1	0	1	0	0	0	0
AF	0	0.143660	5	2	3	0	0	0	0
AF	0	0.143973	1	1	0	0	0	0	0
AF	0	0.144285	5	4	1	0	0	0	0
AF	0	0.144597	1	0	1	0	0	0	0
AF	0	0.144909	6	5	1	0	0	0	0
AF	0	0.145222	1	0	1	0	0	0	0
AF	0	0.145534	4	2	2	0	0	0	0
AF	0	0.146159	2	1	1	0	0	0	0
AF	0	0.146471	2	1	1	0	0	0	0
AF	0	0.146783	1	0	1	0	0	0	0
AF	0	0.147096	2	1	1	0	0	0	0
AF	0	0.148032	1	0	1	0	0	0	0
AF	0	0.148657	2	2	0	0	0	0	0
AF	0	0.148969	1	1	0	0	0	0	0
AF	0	0.149282	2	1	1	0	0	0	0
AF	0	0.149906	2	1	1	0	0	0	0
AF	0	0.150219	1	1	0	0	0	0	0
AF	0	0.150531	5	2	3	0	0	0	0
AF	0	0.150843	2	2	0	0	0	0	0
AF	0	0.151468	3	1	2	0	0	0	0
AF	0	0.151780	2	2	0	0	0	0	0
AF	0	0.155528	1	0	1	0	0	0	0
AF	0	0.156152	1	1	0	0	0	0	0
AF	0	0.156777	4	3	1	0	0	0	0
AF	0	0.157402	4	3	1	0	0	0	0
AF	0	0.157714	1	1	0	0	0	0	0
AF	0	0.158026	3	2	1	0	0	0	0
AF	0	0.158651	1	1	0	0	0	0	0
AF	0	0.158963	1	1	0	0	0	0	0
AF	0	0.159275	3	2	1	0	0	0	0
AF	0	0.159588	1	0	1	0	0	0	0
AF	0	0.159900	2	0	2	0	0	0	0
AF	0	0.160212	2	1	1	0	0	0	0
AF	0	0.160525	3	2	1	0	0	0	0
AF	0	0.160837	1	0	1	0	0	0	0
AF	0	0.161149	1	1	0	0	0	0	0
AF	0	0.161462	2	1	1	0	0	0	0
AF	0	0.161774	1	1	0	0	0	0	0
AF	0	0.162086	1	0	1	0	0	0	0
AF	0	0.163648	1	0	1	0	0	0	0
AF	0	0.164897	1	1	0	0	0	0	0
AF	0	0.165522	1	0	1	0	0	0	0
AF	0	0.166146	1	1	0	0	0	0	0
AF	0	0.166458	1	1	0	0	0	0	0
AF	0	0.166771	4	3	1	0	0	0	0
AF	0	0.167083	2	2	0	0	0	0	0
AF	0	0.167395	1	1	0	0	0	0	0
AF	0	0.168020	3	2	1	0	0	0	0
AF	0	0.168332	2	1	1	0	0	0	0
AF	0	0.168645	1	1	0	0	0	0	0
AF	0	0.168957	3	2	1	0	0	0	0
AF	0	0.169582	2	0	2	0	0	0	0
AF	0	0.169894	4	2	2	0	0	0	0
AF	0	0.170206	1	0	1	0	0	0	0
AF	0	0.170831	1	0	1	0	0	0	0
AF	0	0.171143	2	1	1	0	0	0	0
AF	0	0.171455	1	0	1	0	0	0	0
AF	0	0.171768	7	5	2	0	0	0	0
AF	0	0.172080	1	0	1	0	0	0	0
AF	0	0.172705	2	2	0	0	0	0	0
AF	0	0.173017	3	2	1	0	0	0	0
AF	0	0.173641	1	1	0	0	0	0	0
AF	0	0.174266	1	0	1	0	0	0	0
AF	0	0.176140	1	1	0	0	0	0	0
AF	0	0.177389	1	1	0	0	0	0	0
AF	0	0.178014	1	1	0	0	0	0	0
AF	0	0.178326	1	1	0	0	0	0	0
AF	0	0.178951	1	0	1	0	0	0	0
AF	0	0.179263	1	1	0	0	0	0	0
AF	0	0.179888	3	2	1	0	0	0	0
AF	0	0.180200	1	0	1	0	0	0	0
AF	0	0.180512	1	1	0	0	0	0	0
AF	0	0.180824	1	1	0	0	0	0	0
AF	0	0.181137	1	1	0	0	0	0	0
AF	0	0.181761	1	1	0	0	0	0	0
AF	0	0.182074	1	0	1	0	0	0	0
AF	0	0.182386	1	0	1	0	0	0	0
AF	0	0.182698	2	2	0	0	0	0	0
AF	0	0.183323	1	1	0	0	0	0	0
AF	0	0.183635	2	0	2	0	0	0	0
AF	0	0.184260	3	3	0	0	0	0	0
AF	0	0.184884	5	2	3	0	0	0	0
AF	0	0.185197	1	1	0	0	0	0	0
AF	0	0.186134	2	2	0	0	0	0	0
AF	0	0.186758	2	2	0	0	0	0	0
AF	0	0.187383	5	3	2	0	0	0	0
AF	0	0.188632	1	1	0	0	0	0	0
AF	0	0.189257	2	0	2	0	0	0	0
AF	0	0.189881	1	1	0	0	0	0	0
AF	0	0.190194	1	1	0	0	0	0	0
AF	0	0.190506	2	1	1	0	0	0	0
AF	0	0.191443	1	1	0	0	0	0	0
AF	0	0.191755	1	1	0	0	0	0	0
AF	0	0.193004	1	0	1	0	0	0	0
AF	0	0.196127	3	2	1	0	0	0	0
AF	0	0.196752	2	2	0	0	0	0	0
AF	0	0.197377	3	3	0	0	0	0	0
AF	0	0.197689	2	2	0	0	0	0	0
AF	0	0.198001	2	1	1	0	0	0	0
AF	0	0.198314	2	1	1	0	0	0	0
AF	0	0.199563	2	2	0	0	0	0	0
AF	0	0.200500	1	1	0	0	0	0	0
AF	0	0.200812	3	3	0	0	0	0	0
AF	0	0.201124	1	1	0	0	0	0	0
AF	0	0.202374	4	2	2	0	0	0	0
AF	0	0.202686	1	1	0	0	0	0	0
AF	0	0.202998	1	1	0	0	0	0	0
AF	0	0.203310	1	1	0	0	0	0	0
AF	0	0.203623	1	1	0	0	0	0	0
AF	0	0.204560	1	1	0	0	0	0	0
AF	0	0.204872	1	0	1	0	0	0	0
AF	0	0.205497	1	1	0	0	0	0	0
AF	0	0.206121	1	0	1	0	0	0	0
AF	0	0.208307	2	1	1	0	0	0	0
AF	0	0.208620	3	3	0	0	0	0	0
AF	0	0.208932	2	1	1	0	0	0	0
AF	0	0.209244	4	2	2	0	0	0	0
AF	0	0.209557	1	1	0	0	0	0	0
AF	0	0.209869	2	1	1	0	0	0	0
AF	0	0.210181	4	2	2	0	0	0	0
AF	0	0.210493	4	1	3	0	0	0	0
AF	0	0.211118	6	4	2	0	0	0	0
AF	0	0.211430	4	2	2	0	0	0	0
AF	0	0.211743	3	3	0	0	0	0	0
AF	0	0.212055	4	4	0	0	0	0	0
AF	0	0.212367	3	2	1	0	0	0	0
AF	0	0.212680	2	2	0	0	0	0	0
AF	0	0.212992	2	1	1	0	0	0	0
AF	0	0.213304	1	0	1	0	0	0	0
AF	0	0.213616	1	1	0	0	0	0	0
AF	0	0.213929	3	0	3	0	0	0	0
AF	0	0.215178	1	1	0	0	0	0	0
AF	0	0.215490	3	3	0	0	0	0	0
AF	0	0.216115	2	2	0	0	0	0	0
AF	0	0.216740	1	1	0	0	0	0	0
AF	0	0.217052	1	1	0	0	0	0	0
AF	0	0.217989	1	1	0	0	0	0	0
AF	0	0.218613	1	1	0	0	0	0	0
AF	0	0.219238	1	0	1	0	0	0	0
AF	0	0.219550	1	1	0	0	0	0	0
AF	0	0.219863	1	0	1	0	0	0	0
AF	0	0.220175	3	1	2	0	0	0	0
AF	0	0.220487	5	2	3	0	0	0	0
AF	0	0.220800	2	2	0	0	0	0	0
AF	0	0.221112	2	1	1	0	0	0	0
AF	0	0.221424	3	3	0	0	0	0	0
AF	0	0.221736	2	2	0	0	0	0	0
AF	0	0.222049	1	1	0	0	0	0	0
AF	0	0.222673	1	0	1	0	0	0	0
AF	0	0.223298	4	4	0	0	0	0	0
AF	0	0.223610	1	1	0	0	0	0	0
AF	0	0.223923	2	1	1	0	0	0	0
AF	0	0.224547	1	0	1	0	0	0	0
AF	0	0.225172	2	1	1	0	0	0	0
AF	0	0.225484	1	1	0	0	0	0	0
AF	0	0.225796	1	1	0	0	0	0	0
AF	0	0.226421	4	3	1	0	0	0	0
AF	0	0.226733	1	1	0	0	0	0	0
AF	0	0.227046	1	0	1	0	0	0	0
AF	0	0.227358	1	0	1	0	0	0	0
AF	0	0.227670	4	3	1	0	0	0	0
AF	0	0.228295	2	2	0	0	0	0	0
AF	0	0.229856	1	0	1	0	0	0	0
AF	0	0.230169	1	0	1	0	0	0	0
AF	0	0.230481	1	0	1	0	0	0	0
AF	0	0.230793	2	1	1	0	0	0	0
AF	0	0.231418	1	0	1	0	0	0	0
AF	0	0.231730	4	2	2	0	0	0	0
AF	0	0.232042	4	4	0	0	0	0	0
AF	0	0.232355	2	2	0	0	0	0	0
AF	0	0.232979	2	1	1	0	0	0	0
AF	0	0.233916	1	0	1	0	0	0	0
AF	0	0.234229	3	1	2	0	0	0	0
AF	0	0.234541	4	2	2	0	0	0	0
AF	0	0.235166	1	0	1	0	0	0	0
AF	0	0.235790	1	1	0	0	0	0	0
AF	0	0.236102	3	2	1	0	0	0	0
AF	0	0.236415	7	5	2	0	0	0	0
AF	0	0.236727	1	1	0	0	0	0	0
AF	0	0.237039	2	1	1	0	0	0	0
AF	0	0.237352	1	1	0	0	0	0	0
AF	0	0.237664	3	1	2	0	0	0	0
AF	0	0.237976	1	0	1	0	0	0	0
AF	0	0.238289	2	0	2	0	0	0	0
AF	0	0.238601	5	4	1	0	0	0	0
AF	0	0.238913	4	4	0	0	0	0	0
AF	0	0.239225	3	1	2	0	0	0	0
AF	0	0.239538	3	2	1	0	0	0	0
AF	0	0.240162	1	1	0	0	0	0	0
AF	0	0.240787	1	0	1	0	0	0	0
AF	0	0.241099	2	1	1	0	0	0	0
AF	0	0.241412	6	3	3	0	0	0	0
AF	0	0.241724	2	2	0	0	0	0	0
AF	0	0.242036	7	3	4	0	0	0	0
AF	0	0.242661	1	0	1	0	0	0	0
AF	0	0.243285	4	4	0	0	0	0	0
AF	0	0.243598	1	1	0	0	0	0	0
AF	0	0.243910	1	1	0	0	0	0	0
AF	0	0.244535	1	1	0	0	0	0	0
AF	0	0.245159	2	2	0	0	0	0	0
AF	0	0.245472	2	1	1	0	0	0	0
AF	0	0.246096	2	2	0	0	0	0	0
AF	0	0.246408	3	3	0	0	0	0	0
AF	0	0.247033	1	1	0	0	0	0	0
AF	0	0.247345	2	1	1	0	0	0	0
AF	0	0.247658	1	0	1	0	0	0	0
AF	0	0.247970	2	1	1	0	0	0	0
AF	0	0.248282	1	1	0	0	0	0	0
AF	0	0.248907	5	3	2	0	0	0	0
AF	0	0.249219	3	2	1	0	0	0	0
AF	0	0.249532	2	2	0	0	0	0	0
AF	0	0.249844	1	0	1	0	0	0	0
AF	0	0.250156	10	5	5	0	0	0	0
AF	0	0.250468	1	1	0	0	0	0	0
AF	0	0.250781	10	7	3	0	0	0	0
AF	0	0.251093	6	3	3	0	0	0	0
AF	0	0.251405	8	5	3	0	0	0	0
AF	0	0.251718	3	1	2	0	0	0	0
AF	0	0.252030	3	2	1	0	0	0	0
AF	0	0.252342	3	2	1	0	0	0	0
AF	0	0.252655	5	1	4	0	0	0	0
AF	0	0.252967	5	5	0	0	0	0	0
AF	0	0.253279	2	1	1	0	0	0	0
AF	0	0.253592	2	1	1	0	0	0	0
AF	0	0.253904	4	3	1	0	0	0	0
AF	0	0.254216	2	2	0	0	0	0	0
AF	0	0.254528	3	2	1	0	0	0	0
AF	0	0.254841	1	0	1	0	0	0	0
AF	0	0.255153	7	3	4	0	0	0	0
AF	0	0.255465	2	0	2	0	0	0	0
AF	0	0.255778	1	1	0	0	0	0	0
AF	0	0.256090	1	0	1	0	0	0	0
AF	0	0.257027	1	0	1	0	0	0	0
AF	0	0.257339	2	2	0	0	0	0	0
AF	0	0.257651	2	2	0	0	0	0	0
AF	0	0.257964	1	0	1	0	0	0	0
AF	0	0.258276	4	3	1	0	0	0	0
AF	0	0.258901	4	2	2	0	0	0	0
AF	0	0.259213	2	2	0	0	0	0	0
AF	0	0.259525	1	1	0	0	0	0	0
AF	0	0.260150	2	1	1	0	0	0	0
AF	0	0.260462	2	2	0	0	0	0	0
AF	0	0.260775	2	0	2	0	0	0	0
AF	0	0.261087	1	1	0	0	0	0	0
AF	0	0.262024	2	1	1	0	0	0	0
AF	0	0.262336	4	2	2	0	0	0	0
AF	0	0.262961	1	0	1	0	0	0	0
AF	0	0.263273	1	0	1	0	0	0	0
AF	0	0.263585	1	1	0	0	0	0	0
AF	0	0.263898	8	5	3	0	0	0	0
AF	0	0.264210	4	4	0	0	0	0	0
AF	0	0.264522	4	2	2	0	0	0	0
AF	0	0.265147	2	2	0	0	0	0	0
AF	0	0.265459	4	3	1	0	0	0	0
AF	0	0.265771	6	2	4	0	0	0	0
AF	0	0.266396	2	0	2	0	0	0	0
AF	0	0.267645	2	2	0	0	0	0	0
AF	0	0.270144	3	3	0	0	0	0	0
AF	0	0.274516	3	3	0	0	0	0	0
AF	0	0.275141	2	1	1	0	0	0	0
AF	0	0.275765	2	1	1	0	0	0	0
AF	0	0.276077	2	1	1	0	0	0	0
AF	0	0.276390	4	4	0	0	0	0	0
AF	0	0.276702	1	1	0	0	0	0	0
AF	0	0.277014	1	0	1	0	0	0	0
AF	0	0.277639	3	2	1	0	0	0	0
AF	0	0.278264	6	4	2	0	0	0	0
AF	0	0.278576	2	2	0	0	0	0	0
AF	0	0.278888	1	1	0	0	0	0	0
AF	0	0.279200	3	2	1	0	0	0	0
AF	0	0.279513	2	0	2	0	0	0	0
AF	0	0.279825	3	2	1	0	0	0	0
AF	0	0.280137	12	9	3	0	0	0	0
AF	0	0.280450	1	1	0	0	0	0	0
AF	0	0.280762	2	1	1	0	0	0	0
AF	0	0.281074	2	1	1	0	0	0	0
AF	0	0.281387	5	2	3	0	0	0	0
AF	0	0.281699	1	1	0	0	0	0	0
AF	0	0.282011	1	0	1	0	0	0	0
AF	0	0.283260	1	1	0	0	0	0	0
AF	0	0.284197	1	1	0	0	0	0	0
AF	0	0.284510	1	0	1	0	0	0	0
AF	0	0.284822	3	3	0	0	0	0	0
AF	0	0.285134	4	2	2	0	0	0	0
AF	0	0.285759	1	1	0	0	0	0	0
AF	0	0.286071	1	1	0	0	0	0	0
AF	0	0.286384	1	0	1	0	0	0	0
AF	0	0.287008	2	2	0	0	0	0	0
AF	0	0.287320	2	0	2	0	0	0	0
AF	0	0.287633	2	1	1	0	0	0	0
AF	0	0.287945	2	1	1	0	0	0	0
AF	0	0.288257	3	2	1	0	0	0	0
AF	0	0.288570	1	1	0	0	0	0	0
AF	0	0.288882	2	1	1	0	0	0	0
AF	0	0.289194	1	1	0	0	0	0	0
AF	0	0.289819	2	2	0	0	0	0	0
AF	0	0.290131	1	0	1	0	0	0	0
AF	0	0.290756	4	2	2	0	0	0	0
AF	0	0.291380	2	2	0	0	0	0	0
AF	0	0.291693	5	4	1	0	0	0	0
AF	0	0.292005	6	5	1	0	0	0	0
AF	0	0.292317	1	1	0	0	0	0	0
AF	0	0.292942	1	0	1	0	0	0	0
AF	0	0.293254	1	0	1	0	0	0	0
AF	0	0.293567	1	1	0	0	0	0	0
AF	0	0.293879	4	3	1	0	0	0	0
AF	0	0.294191	3	2	1	0	0	0	0
AF	0	0.294503	1	0	1	0	0	0	0
AF	0	0.295128	2	2	0	0	0	0	0
AF	0	0.295753	2	0	2	0	0	0	0
AF	0	0.296065	1	1	0	0	0	0	0
AF	0	0.296377	1	1	0	0	0	0	0
AF	0	0.296690	1	0	1	0	0	0	0
AF	0	0.297002	2	1	1	0	0	0	0
AF	0	0.297314	1	1	0	0	0	0	0
AF	0	0.297626	2	2	0	0	0	0	0
AF	0	0.298251	3	3	0	0	0	0	0
AF	0	0.298563	1	1	0	0	0	0	0
AF	0	0.298876	1	1	0	0	0	0	0
AF	0	0.299813	1	0	1	0	0	0	0
AF	0	0.301062	1	1	0	0	0	0	0
AF	0	0.301374	1	0	1	0	0	0	0
AF	0	0.301686	1	1	0	0	0	0	0
AF	0	0.303248	3	2	1	0	0	0	0
AF	0	0.305122	1	1	0	0	0	0	0
AF	0	0.305746	1	1	0	0	0	0	0
AF	0	0.306683	2	2	0	0	0	0	0
AF	0	0.308557	2	1	1	0	0	0	0
AF	0	0.309494	2	1	1	0	0	0	0
AF	0	0.310119	2	1	1	0	0	0	0
AF	0	0.310743	1	1	0	0	0	0	0
AF	0	0.313866	1	1	0	0	0	0	0
AF	0	0.314179	1	1	0	0	0	0	0
AF	0	0.314491	1	0	1	0	0	0	0
AF	0	0.314803	1	1	0	0	0	0	0
AF	0	0.315116	1	0	1	0	0	0	0
AF	0	0.315740	1	0	1	0	0	0	0
AF	0	0.316365	2	0	2	0	0	0	0
AF	0	0.316677	2	2	0	0	0	0	0
AF	0	0.316989	1	1	0	0	0	0	0
AF	0	0.317614	1	1	0	0	0	0	0
AF	0	0.317926	1	1	0	0	0	0	0
AF	0	0.318239	1	1	0	0	0	0	0
AF	0	0.318551	2	1	1	0	0	0	0
AF	0	0.318863	1	1	0	0	0	0	0
AF	0	0.320112	1	1	0	0	0	0	0
AF	0	0.320425	1	0	1	0	0	0	0
AF	0	0.320737	1	0	1	0	0	0	0
AF	0	0.321986	1	0	1	0	0	0	0
AF	0	0.322299	1	1	0	0	0	0	0
AF	0	0.322923	1	0	1	0	0	0	0
AF	0	0.323860	1	1	0	0	0	0	0
AF	0	0.325109	1	0	1	0	0	0	0
AF	0	0.325422	1	1	0	0	0	0	0
AF	0	0.325734	3	3	0	0	0	0	0
AF	0	0.326046	1	1	0	0	0	0	0
AF	0	0.326671	1	1	0	0	0	0	0
AF	0	0.326983	2	1	1	0	0	0	0
AF	0	0.327295	2	1	1	0	0	0	0
AF	0	0.327608	4	3	1	0	0	0	0
AF	0	0.328232	3	3	0	0	0	0	0
AF	0	0.328545	1	0	1	0	0	0	0
AF	0	0.328857	2	1	1	0	0	0	0
AF	0	0.329169	1	0	1	0	0	0	0
AF	0	0.329482	11	5	6	0	0	0	0
AF	0	0.329794	9	8	1	0	0	0	0
AF	0	0.330106	14	7	7	0	0	0	0
AF	0	0.330418	3	2	1	0	0	0	0
AF	0	0.330731	2	1	1	0	0	0	0
AF	0	0.331043	2	2	0	0	0	0	0
AF	0	0.331355	3	3	0	0	0	0	0
AF	0	0.331668	2	1	1	0	0	0	0
AF	0	0.331980	5	2	3	0	0	0	0
AF	0	0.332292	1	1	0	0	0	0	0
AF	0	0.332605	6	4	2	0	0	0	0
AF	0	0.332917	1	1	0	0	0	0	0
AF	0	0.333229	3	2	1	0	0	0	0
AF	0	0.334166	1	0	1	0	0	0	0
AF	0	0.334791	1	1	0	0	0	0	0
AF	0	0.335415	4	1	3	0	0	0	0
AF	0	0.336040	4	4	0	0	0	0	0
AF	0	0.336977	2	1	1	0	0	0	0
AF	0	0.337601	1	1	0	0	0	0	0
AF	0	0.337914	2	2	0	0	0	0	0
AF	0	0.338538	3	3	0	0	0	0	0
AF	0	0.339475	4	2	2	0	0	0	0
AF	0	0.339788	3	2	1	0	0	0	0
AF	0	0.340412	1	1	0	0	0	0	0
AF	0	0.340725	1	1	0	0	0	0	0
AF	0	0.341661	1	1	0	0	0	0	0
AF	0	0.341974	1	1	0	0	0	0	0
AF	0	0.342286	1	1	0	0	0	0	0
AF	0	0.344160	3	2	1	0	0	0	0
AF	0	0.345721	1	0	1	0	0	0	0
AF	0	0.346034	2	1	1	0	0	0	0
AF	0	0.346346	1	0	1	0	0	0	0
AF	0	0.347595	1	1	0	0	0	0	0
AF	0	0.347908	1	1	0	0	0	0	0
AF	0	0.348220	4	2	2	0	0	0	0
AF	0	0.348532	1	1	0	0	0	0	0
AF	0	0.350406	1	0	1	0	0	0	0
AF	0	0.351655	1	0	1	0	0	0	0
AF	0	0.352280	2	2	0	0	0	0	0
AF	0	0.358838	1	1	0	0	0	0	0
AF	0	0.359775	1	1	0	0	0	0	0
AF	0	0.360400	2	1	1	0	0	0	0
AF	0	0.361649	1	0	1	0	0	0	0
AF	0	0.362586	1	1	0	0	0	0	0
AF	0	0.363210	1	0	1	0	0	0	0
AF	0	0.364147	1	0	1	0	0	0	0
AF	0	0.364772	1	1	0	0	0	0	0
AF	0	0.366646	1	1	0	0	0	0	0
AF	0	0.367270	3	3	0	0	0	0	0
AF	0	0.367583	2	2	0	0	0	0	0
AF	0	0.367895	1	1	0	0	0	0	0
AF	0	0.368207	1	1	0	0	0	0	0
AF	0	0.368520	1	0	1	0	0	0	0
AF	0	0.368832	1	0	1	0	0	0	0
AF	0	0.369144	2	1	1	0	0	0	0
AF	0	0.370081	2	1	1	0	0	0	0
AF	0	0.371330	1	1	0	0	0	0	0
AF	0	0.378826	1	1	0	0	0	0	0
AF	0	0.379763	2	2	0	0	0	0	0
AF	0	0.382261	1	1	0	0	0	0	0
AF	0	0.382886	1	0	1	0	0	0	0
AF	0	0.386321	1	1	0	0	0	0	0
AF	0	0.389132	1	0	1	0	0	0	0
AF	0	0.393816	2	0	2	0	0	0	0
AF	0	0.400062	1	1	0	0	0	0	0
AF	0	0.400687	1	1	0	0	0	0	0
AF	0	0.400999	1	1	0	0	0	0	0
AF	0	0.401312	1	1	0	0	0	0	0
AF	0	0.409119	1	1	0	0	0	0	0
AF	0	0.410993	1	0	1	0	0	0	0
AF	0	0.412867	3	1	2	0	0	0	0
AF	0	0.413179	1	0	1	0	0	0	0
AF	0	0.413492	2	1	1	0	0	0	0
AF	0	0.415365	1	1	0	0	0	0	0
AF	0	0.417239	2	1	1	0	0	0	0
AF	0	0.418176	1	1	0	0	0	0	0
AF	0	0.419113	1	0	1	0	0	0	0
AF	0	0.419425	3	2	1	0	0	0	0
AF	0	0.420050	1	0	1	0	0	0	0
AF	0	0.420362	4	3	1	0	0	0	0
AF	0	0.420675	1	0	1	0	0	0	0
AF	0	0.420987	1	1	0	0	0	0	0
AF	0	0.421299	2	2	0	0	0	0	0
AF	0	0.421611	2	2	0	0	0	0	0
AF	0	0.421924	3	1	2	0	0	0	0
AF	0	0.422236	5	4	1	0	0	0	0
AF	0	0.422548	2	2	0	0	0	0	0
AF	0	0.422861	6	3	3	0	0	0	0
AF	0	0.423173	3	1	2	0	0	0	0
AF	0	0.423485	6	5	1	0	0	0	0
AF	0	0.423798	5	4	1	0	0	0	0
AF	0	0.424110	10	7	3	0	0	0	0
AF	0	0.424422	3	2	1	0	0	0	0
AF	0	0.424735	8	6	2	0	0	0	0
AF	0	0.425047	1	1	0	0	0	0	0
AF	0	0.425671	1	0	1	0	0	0	0
AF	0	0.425984	3	3	0	0	0	0	0
AF	0	0.426296	1	0	1	0	0	0	0
AF	0	0.426608	3	2	1	0	0	0	0
AF	0	0.426921	3	2	1	0	0	0	0
AF	0	0.427233	2	2	0	0	0	0	0
AF	0	0.427545	1	1	0	0	0	0	0
AF	0	0.427858	3	3	0	0	0	0	0
AF	0	0.428170	2	1	1	0	0	0	0
AF	0	0.428482	5	4	1	0	0	0	0
AF	0	0.428795	1	0	1	0	0	0	0
AF	0	0.429107	4	3	1	0	0	0	0
AF	0	0.429419	1	1	0	0	0	0	0
AF	0	0.430044	1	1	0	0	0	0	0
AF	0	0.430356	1	1	0	0	0	0	0
AF	0	0.430981	1	1	0	0	0	0	0
AF	0	0.431293	1	1	0	0	0	0	0
AF	0	0.431605	2	1	1	0	0	0	0
AF	0	0.431918	1	0	1	0	0	0	0
AF	0	0.432230	1	1	0	0	0	0	0
AF	0	0.432542	2	1	1	0	0	0	0
AF	0	0.432854	1	1	0	0	0	0	0
AF	0	0.433479	1	1	0	0	0	0	0
AF	0	0.434104	2	2	0	0	0	0	0
AF	0	0.435041	1	1	0	0	0	0	0
AF	0	0.435665	1	1	0	0	0	0	0
AF	0	0.435978	1	1	0	0	0	0	0
AF	0	0.436290	2	1	1	0	0	0	0
AF	0	0.436914	3	3	0	0	0	0	0
AF	0	0.437227	1	0	1	0	0	0	0
AF	0	0.437539	1	0	1	0	0	0	0
AF	0	0.438164	4	4	0	0	0	0	0
AF	0	0.438476	4	2	2	0	0	0	0
AF	0	0.438788	3	3	0	0	0	0	0
AF	0	0.439101	6	3	3	0	0	0	0
AF	0	0.440037	1	1	0	0	0	0	0
AF	0	0.440350	1	1	0	0	0	0	0
AF	0	0.440662	1	1	0	0	0	0	0
AF	0	0.441287	1	1	0	0	0	0	0
AF	0	0.442224	3	2	1	0	0	0	0
AF	0	0.442848	1	1	0	0	0	0	0
AF	0	0.443473	1	1	0	0	0	0	0
AF	0	0.444410	1	0	1	0	0	0	0
AF	0	0.447845	1	1	0	0	0	0	0
AF	0	0.448157	1	0	1	0	0	0	0
AF	0	0.451905	1	1	0	0	0	0	0
AF	0	0.456277	1	1	0	0	0	0	0
AF	0	0.456902	1	1	0	0	0	0	0
AF	0	0.457214	2	2	0	0	0	0	0
AF	0	0.458776	1	1	0	0	0	0	0
AF	0	0.459400	3	0	3	0	0	0	0
AF	0	0.459713	8	7	1	0	0	0	0
AF	0	0.460025	15	10	5	0	0	0	0
AF	0	0.460650	1	0	1	0	0	0	0
AF	0	0.461587	3	1	2	0	0	0	0
AF	0	0.461899	9	7	2	0	0	0	0
AF	0	0.462211	1	0	1	0	0	0	0
AF	0	0.462523	1	1	0	0	0	0	0
AF	0	0.463148	3	0	3	0	0	0	0
AF	0	0.463460	1	1	0	0	0	0	0
AF	0	0.463773	1	1	0	0	0	0	0
AF	0	0.464397	2	2	0	0	0	0	0
AF	0	0.466583	2	0	2	0	0	0	0
AF	0	0.466896	1	1	0	0	0	0	0
AF	0	0.467208	1	1	0	0	0	0	0
AF	0	0.467520	1	0	1	0	0	0	0
AF	0	0.471268	3	3	0	0	0	0	0
AF	0	0.471580	1	1	0	0	0	0	0
AF	0	0.471893	1	0	1	0	0	0	0
AF	0	0.472517	4	4	0	0	0	0	0
AF	0	0.473142	1	1	0	0	0	0	0
AF	0	0.473454	2	1	1	0	0	0	0
AF	0	0.473766	1	0	1	0	0	0	0
AF	0	0.475016	3	3	0	0	0	0	0
AF	0	0.475328	1	0	1	0	0	0	0
AF	0	0.476577	1	0	1	0	0	0	0
AF	0	0.476889	3	2	1	0	0	0	0
AF	0	0.477202	1	0	1	0	0	0	0
AF	0	0.480012	2	2	0	0	0	0	0
AF	0	0.481262	1	1	0	0	0	0	0
AF	0	0.481886	1	0	1	0	0	0	0
AF	0	0.482511	1	1	0	0	0	0	0
AF	0	0.483760	3	1	2	0	0	0	0
AF	0	0.484385	4	2	2	0	0	0	0
AF	0	0.485009	1	0	1	0	0	0	0
AF	0	0.486259	2	1	1	0	0	0	0
AF	0	0.488757	1	1	0	0	0	0	0
AF	0	0.490006	2	1	1	0	0	0	0
AF	0	0.493129	2	2	0	0	0	0	0
AF	0	0.493442	1	1	0	0	0	0	0
AF	0	0.493754	1	0	1	0	0	0	0
AF	0	0.494379	1	0	1	0	0	0	0
AF	0	0.494691	1	1	0	0	0	0	0
AF	0	0.495003	3	3	0	0	0	0	0
AF	0	0.495315	1	1	0	0	0	0	0
AF	0	0.495628	2	1	1	0	0	0	0
AF	0	0.496877	4	2	2	0	0	0	0
AF	0	0.497189	1	0	1	0	0	0	0
AF	0	0.497502	3	2	1	0	0	0	0
AF	0	0.497814	1	0	1	0	0	0	0
AF	0	0.498126	4	0	4	0	0	0	0
AF	0	0.498751	3	3	0	0	0	0	0
AF	0	0.499063	3	2	1	0	0	0	0
AF	0	0.499375	2	0	2	0	0	0	0
AF	0	0.499688	1	0	1	0	0	0	0
AF	0	0.500000	1	0	1	0	0	0	0
AF	0	0.500312	2	1	1	0	0	0	0
AF	0	0.500625	2	1	1	0	0	0	0
AF	0	0.500937	2	1	1	0	0	0	0
AF	0	0.501249	7	4	3	0	0	0	0
AF	0	0.501874	1	0	1	0	0	0	0
AF	0	0.503123	1	0	1	0	0	0	0
AF	0	0.504997	1	0	1	0	0	0	0
AF	0	0.506871	1	1	0	0	0	0	0
AF	0	0.507183	2	1	1	0	0	0	0
AF	0	0.513117	1	1	0	0	0	0	0
AF	0	0.513741	1	1	0	0	0	0	0
AF	0	0.514991	1	0	1	0	0	0	0
AF	0	0.515615	1	1	0	0	0	0	0
AF	0	0.516240	1	1	0	0	0	0	0
AF	0	0.516864	1	1	0	0	0	0	0
AF	0	0.517801	1	1	0	0	0	0	0
AF	0	0.518738	2	2	0	0	0	0	0
AF	0	0.519051	1	0	1	0	0	0	0
AF	0	0.519363	1	1	0	0	0	0	0
AF	0	0.519988	1	1	0	0	0	0	0
AF	0	0.520612	1	1	0	0	0	0	0
AF	0	0.521237	1	1	0	0	0	0	0
AF	0	0.522798	1	0	1	0	0	0	0
AF	0	0.524360	1	1	0	0	0	0	0
AF	0	0.525609	1	1	0	0	0	0	0
AF	0	0.526234	2	1	1	0	0	0	0
AF	0	0.526858	2	2	0	0	0	0	0
AF	0	0.527483	1	1	0	0	0	0	0
AF	0	0.527795	1	1	0	0	0	0	0
AF	0	0.528107	1	1	0	0	0	0	0
AF	0	0.528420	3	1	2	0	0	0	0
AF	0	0.528732	3	2	1	0	0	0	0
AF	0	0.529669	1	1	0	0	0	0	0
AF	0	0.529981	2	1	1	0	0	0	0
AF	0	0.530606	4	2	2	0	0	0	0
AF	0	0.530918	3	0	3	0	0	0	0
AF	0	0.531230	4	4	0	0	0	0	0
AF	0	0.531543	3	3	0	0	0	0	0
AF	0	0.532480	5	5	0	0	0	0	0
AF	0	0.532792	5	5	0	0	0	0	0
AF	0	0.533104	5	4	1	0	0	0	0
AF	0	0.534354	2	2	0	0	0	0	0
AF	0	0.534978	1	1	0	0	0	0	0
AF	0	0.535603	1	1	0	0	0	0	0
AF	0	0.535915	1	1	0	0	0	0	0
AF	0	0.536227	1	0	1	0	0	0	0
AF	0	0.539975	1	0	1	0	0	0	0
AF	0	0.542161	2	2	0	0	0	0	0
AF	0	0.542473	1	1	0	0	0	0	0
AF	0	0.543723	1	1	0	0	0	0	0
AF	0	0.544035	1	1	0	0	0	0	0
AF	0	0.545909	1	0	1	0	0	0	0
AF	0	0.546221	1	0	1	0	0	0	0
AF	0	0.546533	1	1	0	0	0	0	0
AF	0	0.549344	1	1	0	0	0	0	0
AF	0	0.550593	1	0	1	0	0	0	0
AF	0	0.552467	2	2	0	0	0	0	0
AF	0	0.553092	1	1	0	0	0	0	0
AF	0	0.553716	3	2	1	0	0	0	0
AF	0	0.554653	1	0	1	0	0	0	0
AF	0	0.554966	1	1	0	0	0	0	0
AF	0	0.557776	1	0	1	0	0	0	0
AF	0	0.559026	1	1	0	0	0	0	0
AF	0	0.559963	1	1	0	0	0	0	0
AF	0	0.560275	1	1	0	0	0	0	0
AF	0	0.562149	1	1	0	0	0	0	0
AF	0	0.562773	1	1	0	0	0	0	0
AF	0	0.563398	1	0	1	0	0	0	0
AF	0	0.566521	1	1	0	0	0	0	0
AF	0	0.568082	4	3	1	0	0	0	0
AF	0	0.569332	1	0	1	0	0	0	0
AF	0	0.574016	1	0	1	0	0	0	0
AF	0	0.574329	1	1	0	0	0	0	0
AF	0	0.574641	1	0	1	0	0	0	0
AF	0	0.577764	1	1	0	0	0	0	0
AF	0	0.578389	1	1	0	0	0	0	0
AF	0	0.579638	1	1	0	0	0	0	0
AF	0	0.583385	1	1	0	0	0	0	0
AF	0	0.584010	2	0	2	0	0	0	0
AF	0	0.584322	1	0	1	0	0	0	0
AF	0	0.584635	4	3	1	0	0	0	0
AF	0	0.589007	2	1	1	0	0	0	0
AF	0	0.590568	1	1	0	0	0	0	0
AF	0	0.590881	2	1	1	0	0	0	0
AF	0	0.592755	2	2	0	0	0	0	0
AF	0	0.596190	1	0	1	0	0	0	0
AF	0	0.612117	1	1	0	0	0	0	0
AF	0	0.622111	2	2	0	0	0	0	0
AF	0	0.636165	1	1	0	0	0	0	0
AF	0	0.638351	1	1	0	0	0	0	0
AF	0	0.638663	1	0	1	0	0	0	0
AF	0	0.639600	1	1	0	0	0	0	0
AF	0	0.640537	1	1	0	0	0	0	0
AF	0	0.643036	1	1	0	0	0	0	0
AF	0	0.643348	1	0	1	0	0	0	0
AF	0	0.650219	1	0	1	0	0	0	0
AF	0	0.652717	1	0	1	0	0	0	0
AF	0	0.653342	3	1	2	0	0	0	0
AF	0	0.654279	1	1	0	0	0	0	0
AF	0	0.654591	6	1	5	0	0	0	0
AF	0	0.655215	3	0	3	0	0	0	0
AF	0	0.656465	1	0	1	0	0	0	0
AF	0	0.661462	1	0	1	0	0	0	0
AF	0	0.663335	1	1	0	0	0	0	0
AF	0	0.667395	2	2	0	0	0	0	0
AF	0	0.669269	1	1	0	0	0	0	0
AF	0	0.669894	1	1	0	0	0	0	0
AF	0	0.673641	2	1	1	0	0	0	0
AF	0	0.673954	3	2	1	0	0	0	0
AF	0	0.678638	1	1	0	0	0	0	0
AF	0	0.682386	1	0	1	0	0	0	0
AF	0	0.683011	1	1	0	0	0	0	0
AF	0	0.684572	1	1	0	0	0	0	0
AF	0	0.686758	2	1	1	0	0	0	0
AF	0	0.688632	1	1	0	0	0	0	0
AF	0	0.690194	1	1	0	0	0	0	0
AF	0	0.693317	1	0	1	0	0	0	0
AF	0	0.693629	1	1	0	0	0	0	0
AF	0	0.694254	1	1	0	0	0	0	0
AF	0	0.694878	1	0	1	0	0	0	0
AF	0	0.695191	1	0	1	0	0	0	0
AF	0	0.695815	1	0	1	0	0	0	0
AF	0	0.696440	1	1	0	0	0	0	0
AF	0	0.696752	1	1	0	0	0	0	0
AF	0	0.698314	1	0	1	0	0	0	0
AF	0	0.698626	1	1	0	0	0	0	0
AF	0	0.699875	1	0	1	0	0	0	0
AF	0	0.700500	2	0	2	0	0	0	0
AF	0	0.701437	1	0	1	0	0	0	0
AF	0	0.701749	2	2	0	0	0	0	0
AF	0	0.702061	2	0	2	0	0	0	0
AF	0	0.702998	2	1	1	0	0	0	0
AF	0	0.703623	3	2	1	0	0	0	0
AF	0	0.703935	1	0	1	0	0	0	0
AF	0	0.704872	1	1	0	0	0	0	0
AF	0	0.705497	1	1	0	0	0	0	0
AF	0	0.706121	1	1	0	0	0	0	0
AF	0	0.707370	2	2	0	0	0	0	0
AF	0	0.707683	1	1	0	0	0	0	0
AF	0	0.707995	1	0	1	0	0	0	0
AF	0	0.708307	1	0	1	0	0	0	0
AF	0	0.709869	1	1	0	0	0	0	0
AF	0	0.710181	1	0	1	0	0	0	0
AF	0	0.711118	1	1	0	0	0	0	0
AF	0	0.712992	1	1	0	0	0	0	0
AF	0	0.714241	1	1	0	0	0	0	0
AF	0	0.714553	1	1	0	0	0	0	0
AF	0	0.716740	2	1	1	0	0	0	0
AF	0	0.717364	2	1	1	0	0	0	0
AF	0	0.717676	2	2	0	0	0	0	0
AF	0	0.717989	3	2	1	0	0	0	0
AF	0	0.718613	2	0	2	0	0	0	0
AF	0	0.719238	5	2	3	0	0	0	0
AF	0	0.719550	2	1	1	0	0	0	0
AF	0	0.719863	3	2	1	0	0	0	0
AF	0	0.720175	2	1	1	0	0	0	0
AF	0	0.720487	1	1	0	0	0	0	0
AF	0	0.721112	1	1	0	0	0	0	0
AF	0	0.721424	1	0	1	0	0	0	0
AF	0	0.721736	1	0	1	0	0	0	0
AF	0	0.725484	2	1	1	0	0	0	0
AF	0	0.726733	2	2	0	0	0	0	0
AF	0	0.727358	1	1	0	0	0	0	0
AF	0	0.727983	1	1	0	0	0	0	0
AF	0	0.728919	1	0	1	0	0	0	0
AF	0	0.729232	1	0	1	0	0	0	0
AF	0	0.731418	1	1	0	0	0	0	0
AF	0	0.731730	1	0	1	0	0	0	0
AF	0	0.732042	1	0	1	0	0	0	0
AF	0	0.732667	2	2	0	0	0	0	0
AF	0	0.732979	1	1	0	0	0	0	0
AF	0	0.733604	1	1	0	0	0	0	0
AF	0	0.734853	1	1	0	0	0	0	0
AF	0	0.735478	4	1	3	0	0	0	0
AF	0	0.736727	1	1	0	0	0	0	0
AF	0	0.741099	1	1	0	0	0	0	0
AF	0	0.742349	1	1	0	0	0	0	0
AF	0	0.745784	1	1	0	0	0	0	0
AF	0	0.746408	2	2	0	0	0	0	0
AF	0	0.748282	1	0	1	0	0	0	0
AF	0	0.749219	1	1	0	0	0	0	0
AF	0	0.750156	1	1	0	0	0	0	0
AF	0	0.750468	3	3	0	0	0	0	0
AF	0	0.750781	2	1	1	0	0	0	0
AF	0	0.751718	2	1	1	0	0	0	0
AF	0	0.752030	1	1	0	0	0	0	0
AF	0	0.752342	2	2	0	0	0	0	0
AF	0	0.752655	1	1	0	0	0	0	0
AF	0	0.752967	5	3	2	0	0	0	0
AF	0	0.753279	2	1	1	0	0	0	0
AF	0	0.753592	3	2	1	0	0	0	0
AF	0	0.753904	4	1	3	0	0	0	0
AF	0	0.754216	8	4	4	0	0	0	0
AF	0	0.754528	9	5	4	0	0	0	0
AF	0	0.754841	9	6	3	0	0	0	0
AF	0	0.755153	3	2	1	0	0	0	0
AF	0	0.755465	5	4	1	0	0	0	0
AF	0	0.755778	1	1	0	0	0	0	0
AF	0	0.756090	7	5	2	0	0	0	0
AF	0	0.756402	4	4	0	0	0	0	0
AF	0	0.756715	26	16	10	0	0	0	0
AF	0	0.757027	11	8	3	0	0	0	0
AF	0	0.757339	4	2	2	0	0	0	0
AF	0	0.757651	1	0	1	0	0	0	0
AF	0	0.757964	3	1	2	0	0	0	0
AF	0	0.758276	1	1	0	0	0	0	0
AF	0	0.758588	2	1	1	0	0	0	0
AF	0	0.758901	2	2	0	0	0	0	0
AF	0	0.759213	1	1	0	0	0	0	0
AF	0	0.759525	1	1	0	0	0	0	0
AF	0	0.759838	2	2	0	0	0	0	0
AF	0	0.760150	1	1	0	0	0	0	0
AF	0	0.761087	3	1	2	0	0	0	0
AF	0	0.761399	2	1	1	0	0	0	0
AF	0	0.761711	6	2	4	0	0	0	0
AF	0	0.762024	2	2	0	0	0	0	0
AF	0	0.762336	2	1	1	0	0	0	0
AF	0	0.762648	4	3	1	0	0	0	0
AF	0	0.762961	6	1	5	0	0	0	0
AF	0	0.763273	7	6	1	0	0	0	0
AF	0	0.763585	9	6	3	0	0	0	0
AF	0	0.763898	7	5	2	0	0	0	0
AF	0	0.764210	2	1	1	0	0	0	0
AF	0	0.764522	1	1	0	0	0	0	0
AF	0	0.764834	3	2	1	0	0	0	0
AF	0	0.765147	2	2	0	0	0	0	0
AF	0	0.765771	1	0	1	0	0	0	0
AF	0	0.767333	2	1	1	0	0	0	0
AF	0	0.767645	1	0	1	0	0	0	0
AF	0	0.768582	1	1	0	0	0	0	0
AF	0	0.769519	1	1	0	0	0	0	0
AF	0	0.769831	1	0	1	0	0	0	0
AF	0	0.771393	1	1	0	0	0	0	0
AF	0	0.772330	1	1	0	0	0	0	0
AF	0	0.772954	1	1	0	0	0	0	0
AF	0	0.774828	1	1	0	0	0	0	0
AF	0	0.775453	1	0	1	0	0	0	0
AF	0	0.775765	1	1	0	0	0	0	0
AF	0	0.776390	1	0	1	0	0	0	0
AF	0	0.777327	2	0	2	0	0	0	0
AF	0	0.777639	1	0	1	0	0	0	0
AF	0	0.778264	4	1	3	0	0	0	0
AF	0	0.780137	3	3	0	0	0	0	0
AF	0	0.781387	1	0	1	0	0	0	0
AF	0	0.782011	2	1	1	0	0	0	0
AF	0	0.784510	2	2	0	0	0	0	0
AF	0	0.786384	1	1	0	0	0	0	0
AF	0	0.786696	1	1	0	0	0	0	0
AF	0	0.787633	1	0	1	0	0	0	0
AF	0	0.788570	1	0	1	0	0	0	0
AF	0	0.789507	1	1	0	0	0	0	0
AF	0	0.790756	1	1	0	0	0	0	0
AF	0	0.791380	1	1	0	0	0	0	0
AF	0	0.792005	2	1	1	0	0	0	0
AF	0	0.792630	3	3	0	0	0	0	0
AF	0	0.793254	1	0	1	0	0	0	0
AF	0	0.794503	3	3	0	0	0	0	0
AF	0	0.795128	2	2	0	0	0	0	0
AF	0	0.795753	1	0	1	0	0	0	0
AF	0	0.797939	2	1	1	0	0	0	0
AF	0	0.798251	2	2	0	0	0	0	0
AF	0	0.799188	1	1	0	0	0	0	0
AF	0	0.799500	3	2	1	0	0	0	0
AF	0	0.799813	2	2	0	0	0	0	0
AF	0	0.800125	13	8	5	0	0	0	0
AF	0	0.800437	7	5	2	0	0	0	0
AF	0	0.800750	3	2	1	0	0	0	0
AF	0	0.801686	1	1	0	0	0	0	0
AF	0	0.801999	1	0	1	0	0	0	0
AF	0	0.802623	1	0	1	0	0	0	0
AF	0	0.804809	1	1	0	0	0	0	0
AF	0	0.808245	1	0	1	0	0	0	0
AF	0	0.810119	1	1	0	0	0	0	0
AF	0	0.812305	1	1	0	0	0	0	0
AF	0	0.812617	1	1	0	0	0	0	0
AF	0	0.812929	3	2	1	0	0	0	0
AF	0	0.813242	1	0	1	0	0	0	0
AF	0	0.813866	1	1	0	0	0	0	0
AF	0	0.814491	1	1	0	0	0	0	0
AF	0	0.815116	3	3	0	0	0	0	0
AF	0	0.821362	1	1	0	0	0	0	0
AF	0	0.821986	3	1	2	0	0	0	0
AF	0	0.822299	1	1	0	0	0	0	0
AF	0	0.822923	2	1	1	0	0	0	0
AF	0	0.823235	2	2	0	0	0	0	0
AF	0	0.824797	4	2	2	0	0	0	0
AF	0	0.825109	23	15	8	0	0	0	0
AF	0	0.825422	9	6	3	0	0	0	0
AF	0	0.825734	12	8	4	0	0	0	0
AF	0	0.826046	11	8	3	0	0	0	0
AF	0	0.826359	7	5	2	0	0	0	0
AF	0	0.826983	2	0	2	0	0	0	0
AF	0	0.827295	1	1	0	0	0	0	0
AF	0	0.827608	4	4	0	0	0	0	0
AF	0	0.829482	1	0	1	0	0	0	0
AF	0	0.830418	1	0	1	0	0	0	0
AF	0	0.830731	4	3	1	0	0	0	0
AF	0	0.831668	1	1	0	0	0	0	0
AF	0	0.832917	1	1	0	0	0	0	0
AF	0	0.833229	1	1	0	0	0	0	0
AF	0	0.833854	2	0	2	0	0	0	0
AF	0	0.834478	1	1	0	0	0	0	0
AF	0	0.836352	1	1	0	0	0	0	0
AF	0	0.840725	1	0	1	0	0	0	0
AF	0	0.841037	1	1	0	0	0	0	0
AF	0	0.849781	1	0	1	0	0	0	0
AF	0	0.851343	1	0	1	0	0	0	0
AF	0	0.854466	1	1	0	0	0	0	0
AF	0	0.855403	2	1	1	0	0	0	0
AF	0	0.860712	1	0	1	0	0	0	0
AF	0	0.871018	1	1	0	0	0	0	0
AF	0	0.877577	2	1	1	0	0	0	0
AF	0	0.878201	2	2	0	0	0	0	0
AF	0	0.878513	1	1	0	0	0	0	0
AF	0	0.878826	1	1	0	0	0	0	0
AF	0	0.879138	1	0	1	0	0	0	0
AF	0	0.879450	1	1	0	0	0	0	0
AF	0	0.880075	1	1	0	0	0	0	0
AF	0	0.880700	1	0	1	0	0	0	0
AF	0	0.884135	1	0	1	0	0	0	0
AF	0	0.884447	1	1	0	0	0	0	0
AF	0	0.884760	1	1	0	0	0	0	0
AF	0	0.887570	1	1	0	0	0	0	0
AF	0	0.888195	1	1	0	0	0	0	0
AF	0	0.888507	1	1	0	0	0	0	0
AF	0	0.888819	1	1	0	0	0	0	0
AF	0	0.889132	1	0	1	0	0	0	0
AF	0	0.891630	1	1	0	0	0	0	0
AF	0	0.892255	6	4	2	0	0	0	0
AF	0	0.892567	4	4	0	0	0	0	0
AF	0	0.892879	1	1	0	0	0	0	0
AF	0	0.893192	1	0	1	0	0	0	0
AF	0	0.894129	2	2	0	0	0	0	0
AF	0	0.894441	2	1	1	0	0	0	0
AF	0	0.894753	1	1	0	0	0	0	0
AF	0	0.895378	1	1	0	0	0	0	0
AF	0	0.895690	3	2	1	0	0	0	0
AF	0	0.908807	1	1	0	0	0	0	0
AF	0	0.920987	1	0	1	0	0	0	0
AF	0	0.927858	1	0	1	0	0	0	0
AF	0	0.929731	1	1	0	0	0	0	0
AF	0	0.930668	1	0	1	0	0	0	0
AF	0	0.937851	1	0	1	0	0	0	0
AF	0	0.943473	1	0	1	0	0	0	0
AF	0	0.946284	1	1	0	0	0	0	0
AF	0	0.947220	1	1	0	0	0	0	0
AF	0	0.954403	1	0	1	0	0	0	0
AF	0	0.956590	1	1	0	0	0	0	0
AF	0	0.957839	1	1	0	0	0	0	0
AF	0	0.961899	1	0	1	0	0	0	0
AF	0	0.963460	1	1	0	0	0	0	0
AF	0	0.964085	2	2	0	0	0	0	0
AF	0	0.965334	2	1	1	0	0	0	0
AF	0	0.965646	1	1	0	0	0	0	0
AF	0	0.966271	1	1	0	0	0	0	0
AF	0	0.969706	1	0	1	0	0	0	0
AF	0	0.976265	1	0	1	0	0	0	0
AF	0	0.982199	1	0	1	0	0	0	0
AF	0	0.983448	2	1	1	0	0	0	0
AF	0	0.984697	1	1	0	0	0	0	0
AF	0	0.985009	2	2	0	0	0	0	0
AF	0	0.988445	1	0	1	0	0	0	0
AF	0	0.989382	1	0	1	0	0	0	0
AF	0	0.989694	2	2	0	0	0	0	0
AF	0	0.997502	1	1	0	0	0	0	0
# QUAL, Stats by quality
# QUAL	[2]id	[3]Quality	[4]number of SNPs	[5]number of transitions (1st ALT)	[6]number of transversions (1st ALT)	[7]number of indels
QUAL	0	.	14852	9832	5020	0
# IDD, InDel distribution:
# IDD	[2]id	[3]length (deletions negative)	[4]number of sites	[5]number of genotypes	[6]mean VAF
# ST, Substitution types:
# ST	[2]id	[3]type	[4]count
ST	0	A>C	607
ST	0	A>G	2244
ST	0	A>T	629
ST	0	C>A	715
ST	0	C>G	572
ST	0	C>T	2672
ST	0	G>A	2618
ST	0	G>C	561
ST	0	G>T	687
ST	0	T>A	675
ST	0	T>C	2298
ST	0	T>G	574
# DP, Depth distribution
# DP	[2]id	[3]bin	[4]number of genotypes	[5]fraction of genotypes (%)	[6]number of sites	[7]fraction of sites (%)
  - Fix haploid genotypes in males...

Submit MakeDiploidMalesX finished successfully. Let's have a beer, buddy!

