Submit MakeDiploidMalesX
version 1.1.6 (2024-09-30)

These are the settings:
  Input file................: /hpc/local/Rocky8/dhl_ec/software/MonopogenLite/resources/1kGP_high_coverage_Illumina.SNVonly_poly.filtered_AF_5e-04.norm.fixvariantid.chrX.vcf.gz
  Output file...............: /hpc/local/Rocky8/dhl_ec/software/MonopogenLite/resources/1kGP_high_coverage_Illumina.SNVonly_poly.filtered_AF_5e-04.norm.fixvariantid.makediploid.chrX.vcf.gz
  Chunk size................: 100

  SLURM CPUs................: 4
  SLURM Array ID............: 46 (of 100)
  SLURM memory..............: 16G
  SLURM time................: 01:00:00
  SLURM mail type...........: FAIL
  SLURM mail user...........: s.w.vanderlaan-2@umcutrecht.nl

  Dry run mode..............: 0
  Debug mode................: 1
  Verbosity.................: 0
  Version...................: 1.1.6 (2024-09-30)

Making converting haploid genotypes to diploid genotypes.
> Extract the region for this SLURM task (# 46) from the BED file.
  - Get the chunk number from the SLURM array task ID and the bed file...
DEBUG: Extracting chunk number: 46p from 46
DEBUG: Extracting region from BED file: /hpc/local/Rocky8/dhl_ec/software/MonopogenLite/resources/chrX_100pieces.bed
  - Extract the region from the BED file...
DEBUG: Extracted raw region: 'chrX	70218361	71778768' (chunk #: 46p of 100 for job 46)
  - Check if a valid region was extracted -- should be 'chrX	70218361	71778768'...
  - Prepare the region for bcftools...
  - Check if the region (chrX:70218361-71778768) was successfully extracted...
> Processing region 'chrX:70218361-71778768'...
  - Process the specific region (chunk# 46) using bcftools view...
  - Index the VCF file...
DEBUG: Check if the VCF file was successfully processed...
##fileformat=VCFv4.2
##FILTER=<ID=PASS,Description="All filters passed">
##fileDate=29/01/2022 - 14:31:41
##source=shapeit4.2.2
##contig=<ID=chr1,length=248956422>
##contig=<ID=chr2,length=242193529>
##contig=<ID=chr3,length=198295559>
##contig=<ID=chr4,length=190214555>
##contig=<ID=chr5,length=181538259>
##contig=<ID=chr6,length=170805979>
# This file was produced by bcftools stats (1.20+htslib-1.20) and can be plotted using plot-vcfstats.
# The command line was:	bcftools stats  /hpc/local/Rocky8/dhl_ec/software/MonopogenLite/resources/chrX.part46.vcf.gz
#
# Definition of sets:
# ID	[2]id	[3]tab-separated file names
ID	0	/hpc/local/Rocky8/dhl_ec/software/MonopogenLite/resources/chrX.part46.vcf.gz
# SN, Summary numbers:
#   number of records   .. number of data rows in the VCF
#   number of no-ALTs   .. reference-only sites, ALT is either "." or identical to REF
#   number of SNPs      .. number of rows with a SNP
#   number of MNPs      .. number of rows with a MNP, such as CC>TT
#   number of indels    .. number of rows with an indel
#   number of others    .. number of rows with other type, for example a symbolic allele or
#                          a complex substitution, such as ACT>TCGA
#   number of multiallelic sites     .. number of rows with multiple alternate alleles
#   number of multiallelic SNP sites .. number of rows with multiple alternate alleles, all SNPs
# 
#   Note that rows containing multiple types will be counted multiple times, in each
#   counter. For example, a row with a SNP and an indel increments both the SNP and
#   the indel counter.
# 
# SN	[2]id	[3]key	[4]value
SN	0	number of samples:	3202
SN	0	number of records:	13761
SN	0	number of no-ALTs:	0
SN	0	number of SNPs:	13761
SN	0	number of MNPs:	0
SN	0	number of indels:	0
SN	0	number of others:	0
SN	0	number of multiallelic sites:	0
SN	0	number of multiallelic SNP sites:	0
# TSTV, transitions/transversions:
# TSTV	[2]id	[3]ts	[4]tv	[5]ts/tv	[6]ts (1st ALT)	[7]tv (1st ALT)	[8]ts/tv (1st ALT)
TSTV	0	9520	4241	2.24	9520	4241	2.24
# SiS, Singleton stats:
# SiS	[2]id	[3]allele count	[4]number of SNPs	[5]number of transitions	[6]number of transversions	[7]number of indels	[8]repeat-consistent	[9]repeat-inconsistent	[10]not applicable
SiS	0	1	0	0	0	0	0	0	0
# AF, Stats by non-reference allele frequency:
# AF	[2]id	[3]allele frequency	[4]number of SNPs	[5]number of transitions	[6]number of transversions	[7]number of indels	[8]repeat-consistent	[9]repeat-inconsistent	[10]not applicable
AF	0	0.000312	2042	1470	572	0	0	0	0
AF	0	0.000625	1469	993	476	0	0	0	0
AF	0	0.000937	1569	1112	457	0	0	0	0
AF	0	0.001249	513	359	154	0	0	0	0
AF	0	0.001562	742	514	228	0	0	0	0
AF	0	0.001874	335	210	125	0	0	0	0
AF	0	0.002186	501	343	158	0	0	0	0
AF	0	0.002498	193	138	55	0	0	0	0
AF	0	0.002811	418	296	122	0	0	0	0
AF	0	0.003123	104	71	33	0	0	0	0
AF	0	0.003435	281	204	77	0	0	0	0
AF	0	0.003748	111	71	40	0	0	0	0
AF	0	0.004060	274	192	82	0	0	0	0
AF	0	0.004372	105	83	22	0	0	0	0
AF	0	0.004685	153	100	53	0	0	0	0
AF	0	0.004997	139	91	48	0	0	0	0
AF	0	0.005309	149	110	39	0	0	0	0
AF	0	0.005621	45	30	15	0	0	0	0
AF	0	0.005934	146	102	44	0	0	0	0
AF	0	0.006246	69	38	31	0	0	0	0
AF	0	0.006558	118	79	39	0	0	0	0
AF	0	0.006871	54	35	19	0	0	0	0
AF	0	0.007183	78	59	19	0	0	0	0
AF	0	0.007495	86	63	23	0	0	0	0
AF	0	0.007808	72	52	20	0	0	0	0
AF	0	0.008120	33	23	10	0	0	0	0
AF	0	0.008432	59	43	16	0	0	0	0
AF	0	0.008745	53	39	14	0	0	0	0
AF	0	0.009057	92	65	27	0	0	0	0
AF	0	0.009369	38	23	15	0	0	0	0
AF	0	0.009681	58	40	18	0	0	0	0
AF	0	0.009994	23	14	9	0	0	0	0
AF	0	0.010306	35	26	9	0	0	0	0
AF	0	0.010618	15	7	8	0	0	0	0
AF	0	0.010931	67	47	20	0	0	0	0
AF	0	0.011243	12	7	5	0	0	0	0
AF	0	0.011555	41	26	15	0	0	0	0
AF	0	0.011868	21	15	6	0	0	0	0
AF	0	0.012180	46	29	17	0	0	0	0
AF	0	0.012492	20	13	7	0	0	0	0
AF	0	0.012804	62	37	25	0	0	0	0
AF	0	0.013117	33	22	11	0	0	0	0
AF	0	0.013429	39	27	12	0	0	0	0
AF	0	0.013741	15	9	6	0	0	0	0
AF	0	0.014054	44	28	16	0	0	0	0
AF	0	0.014366	11	8	3	0	0	0	0
AF	0	0.014678	25	14	11	0	0	0	0
AF	0	0.014991	14	12	2	0	0	0	0
AF	0	0.015303	29	15	14	0	0	0	0
AF	0	0.015615	12	8	4	0	0	0	0
AF	0	0.015928	46	36	10	0	0	0	0
AF	0	0.016240	15	12	3	0	0	0	0
AF	0	0.016552	17	12	5	0	0	0	0
AF	0	0.016864	8	3	5	0	0	0	0
AF	0	0.017177	16	15	1	0	0	0	0
AF	0	0.017489	16	8	8	0	0	0	0
AF	0	0.017801	31	20	11	0	0	0	0
AF	0	0.018114	13	9	4	0	0	0	0
AF	0	0.018426	28	19	9	0	0	0	0
AF	0	0.018738	26	18	8	0	0	0	0
AF	0	0.019051	34	23	11	0	0	0	0
AF	0	0.019363	13	9	4	0	0	0	0
AF	0	0.019675	17	13	4	0	0	0	0
AF	0	0.019988	11	8	3	0	0	0	0
AF	0	0.020300	77	53	24	0	0	0	0
AF	0	0.020612	16	12	4	0	0	0	0
AF	0	0.020924	37	26	11	0	0	0	0
AF	0	0.021237	5	3	2	0	0	0	0
AF	0	0.021549	15	9	6	0	0	0	0
AF	0	0.021861	7	5	2	0	0	0	0
AF	0	0.022174	9	6	3	0	0	0	0
AF	0	0.022486	8	6	2	0	0	0	0
AF	0	0.022798	24	19	5	0	0	0	0
AF	0	0.023111	13	7	6	0	0	0	0
AF	0	0.023423	10	7	3	0	0	0	0
AF	0	0.023735	1	1	0	0	0	0	0
AF	0	0.024047	16	15	1	0	0	0	0
AF	0	0.024360	7	5	2	0	0	0	0
AF	0	0.024672	15	9	6	0	0	0	0
AF	0	0.024984	18	15	3	0	0	0	0
AF	0	0.025297	26	18	8	0	0	0	0
AF	0	0.025609	5	3	2	0	0	0	0
AF	0	0.025921	7	5	2	0	0	0	0
AF	0	0.026234	9	6	3	0	0	0	0
AF	0	0.026546	19	14	5	0	0	0	0
AF	0	0.026858	10	6	4	0	0	0	0
AF	0	0.027171	8	6	2	0	0	0	0
AF	0	0.027483	7	7	0	0	0	0	0
AF	0	0.027795	5	2	3	0	0	0	0
AF	0	0.028107	7	6	1	0	0	0	0
AF	0	0.028420	16	8	8	0	0	0	0
AF	0	0.028732	2	2	0	0	0	0	0
AF	0	0.029044	6	4	2	0	0	0	0
AF	0	0.029357	6	5	1	0	0	0	0
AF	0	0.029669	11	5	6	0	0	0	0
AF	0	0.029981	4	4	0	0	0	0	0
AF	0	0.030294	7	5	2	0	0	0	0
AF	0	0.030606	1	1	0	0	0	0	0
AF	0	0.030918	3	2	1	0	0	0	0
AF	0	0.031230	2	2	0	0	0	0	0
AF	0	0.031543	14	10	4	0	0	0	0
AF	0	0.031855	15	12	3	0	0	0	0
AF	0	0.032167	15	10	5	0	0	0	0
AF	0	0.032480	4	3	1	0	0	0	0
AF	0	0.032792	5	1	4	0	0	0	0
AF	0	0.033104	1	1	0	0	0	0	0
AF	0	0.033417	6	4	2	0	0	0	0
AF	0	0.033729	1	0	1	0	0	0	0
AF	0	0.034041	7	2	5	0	0	0	0
AF	0	0.034354	7	5	2	0	0	0	0
AF	0	0.034666	20	17	3	0	0	0	0
AF	0	0.034978	5	2	3	0	0	0	0
AF	0	0.035290	2	0	2	0	0	0	0
AF	0	0.035603	3	3	0	0	0	0	0
AF	0	0.035915	9	7	2	0	0	0	0
AF	0	0.036227	2	2	0	0	0	0	0
AF	0	0.036540	6	5	1	0	0	0	0
AF	0	0.036852	2	1	1	0	0	0	0
AF	0	0.037164	4	1	3	0	0	0	0
AF	0	0.037477	3	2	1	0	0	0	0
AF	0	0.037789	7	6	1	0	0	0	0
AF	0	0.038101	4	3	1	0	0	0	0
AF	0	0.038413	10	7	3	0	0	0	0
AF	0	0.038726	1	1	0	0	0	0	0
AF	0	0.039038	3	3	0	0	0	0	0
AF	0	0.039663	3	1	2	0	0	0	0
AF	0	0.039975	4	3	1	0	0	0	0
AF	0	0.040287	4	2	2	0	0	0	0
AF	0	0.040600	1	0	1	0	0	0	0
AF	0	0.040912	2	1	1	0	0	0	0
AF	0	0.041224	3	2	1	0	0	0	0
AF	0	0.041537	7	5	2	0	0	0	0
AF	0	0.041849	6	4	2	0	0	0	0
AF	0	0.042786	5	2	3	0	0	0	0
AF	0	0.043098	2	2	0	0	0	0	0
AF	0	0.043410	2	2	0	0	0	0	0
AF	0	0.043723	3	1	2	0	0	0	0
AF	0	0.044035	5	3	2	0	0	0	0
AF	0	0.044347	1	0	1	0	0	0	0
AF	0	0.044660	1	1	0	0	0	0	0
AF	0	0.044972	2	1	1	0	0	0	0
AF	0	0.045284	5	4	1	0	0	0	0
AF	0	0.045597	5	3	2	0	0	0	0
AF	0	0.045909	8	3	5	0	0	0	0
AF	0	0.046221	1	1	0	0	0	0	0
AF	0	0.046533	4	3	1	0	0	0	0
AF	0	0.046846	3	3	0	0	0	0	0
AF	0	0.047158	2	1	1	0	0	0	0
AF	0	0.047470	5	4	1	0	0	0	0
AF	0	0.047783	2	1	1	0	0	0	0
AF	0	0.048407	3	2	1	0	0	0	0
AF	0	0.048720	2	2	0	0	0	0	0
AF	0	0.049032	4	2	2	0	0	0	0
AF	0	0.049344	1	1	0	0	0	0	0
AF	0	0.049656	1	1	0	0	0	0	0
AF	0	0.050281	6	3	3	0	0	0	0
AF	0	0.050593	4	2	2	0	0	0	0
AF	0	0.050906	3	2	1	0	0	0	0
AF	0	0.051530	2	2	0	0	0	0	0
AF	0	0.051843	2	2	0	0	0	0	0
AF	0	0.052155	2	0	2	0	0	0	0
AF	0	0.052467	1	1	0	0	0	0	0
AF	0	0.052780	1	0	1	0	0	0	0
AF	0	0.053404	2	2	0	0	0	0	0
AF	0	0.053716	3	3	0	0	0	0	0
AF	0	0.054029	4	3	1	0	0	0	0
AF	0	0.054653	2	2	0	0	0	0	0
AF	0	0.054966	2	1	1	0	0	0	0
AF	0	0.055278	1	1	0	0	0	0	0
AF	0	0.055903	1	1	0	0	0	0	0
AF	0	0.056215	1	0	1	0	0	0	0
AF	0	0.056527	5	5	0	0	0	0	0
AF	0	0.056839	2	1	1	0	0	0	0
AF	0	0.057152	5	4	1	0	0	0	0
AF	0	0.057464	2	2	0	0	0	0	0
AF	0	0.057776	6	4	2	0	0	0	0
AF	0	0.058089	3	2	1	0	0	0	0
AF	0	0.058401	6	4	2	0	0	0	0
AF	0	0.058713	4	4	0	0	0	0	0
AF	0	0.059026	1	1	0	0	0	0	0
AF	0	0.059338	2	2	0	0	0	0	0
AF	0	0.059650	6	4	2	0	0	0	0
AF	0	0.059963	2	2	0	0	0	0	0
AF	0	0.060275	1	0	1	0	0	0	0
AF	0	0.060899	2	1	1	0	0	0	0
AF	0	0.061212	3	3	0	0	0	0	0
AF	0	0.061524	1	1	0	0	0	0	0
AF	0	0.061836	2	0	2	0	0	0	0
AF	0	0.062149	5	3	2	0	0	0	0
AF	0	0.062461	3	3	0	0	0	0	0
AF	0	0.062773	6	4	2	0	0	0	0
AF	0	0.063398	2	1	1	0	0	0	0
AF	0	0.063710	1	1	0	0	0	0	0
AF	0	0.064022	2	1	1	0	0	0	0
AF	0	0.064335	2	2	0	0	0	0	0
AF	0	0.064647	3	1	2	0	0	0	0
AF	0	0.065272	2	1	1	0	0	0	0
AF	0	0.065584	2	1	1	0	0	0	0
AF	0	0.065896	5	4	1	0	0	0	0
AF	0	0.066209	1	0	1	0	0	0	0
AF	0	0.066521	3	2	1	0	0	0	0
AF	0	0.066833	3	1	2	0	0	0	0
AF	0	0.067146	3	3	0	0	0	0	0
AF	0	0.067458	2	0	2	0	0	0	0
AF	0	0.067770	5	4	1	0	0	0	0
AF	0	0.068082	1	1	0	0	0	0	0
AF	0	0.069019	1	0	1	0	0	0	0
AF	0	0.069332	2	1	1	0	0	0	0
AF	0	0.069644	3	2	1	0	0	0	0
AF	0	0.070269	1	0	1	0	0	0	0
AF	0	0.070581	1	1	0	0	0	0	0
AF	0	0.070893	4	2	2	0	0	0	0
AF	0	0.071518	1	1	0	0	0	0	0
AF	0	0.071830	5	2	3	0	0	0	0
AF	0	0.072142	3	2	1	0	0	0	0
AF	0	0.072455	1	1	0	0	0	0	0
AF	0	0.072767	3	3	0	0	0	0	0
AF	0	0.073079	3	2	1	0	0	0	0
AF	0	0.073392	4	1	3	0	0	0	0
AF	0	0.073704	3	1	2	0	0	0	0
AF	0	0.074016	6	6	0	0	0	0	0
AF	0	0.074329	2	0	2	0	0	0	0
AF	0	0.074641	5	4	1	0	0	0	0
AF	0	0.075265	1	1	0	0	0	0	0
AF	0	0.075578	3	1	2	0	0	0	0
AF	0	0.075890	8	8	0	0	0	0	0
AF	0	0.076202	4	1	3	0	0	0	0
AF	0	0.076515	7	6	1	0	0	0	0
AF	0	0.076827	7	6	1	0	0	0	0
AF	0	0.077139	11	8	3	0	0	0	0
AF	0	0.077452	4	3	1	0	0	0	0
AF	0	0.077764	5	3	2	0	0	0	0
AF	0	0.078076	2	2	0	0	0	0	0
AF	0	0.078389	3	1	2	0	0	0	0
AF	0	0.078701	5	3	2	0	0	0	0
AF	0	0.079013	1	1	0	0	0	0	0
AF	0	0.079325	3	2	1	0	0	0	0
AF	0	0.079638	8	6	2	0	0	0	0
AF	0	0.079950	4	4	0	0	0	0	0
AF	0	0.080262	3	0	3	0	0	0	0
AF	0	0.080575	4	3	1	0	0	0	0
AF	0	0.080887	8	5	3	0	0	0	0
AF	0	0.081199	18	10	8	0	0	0	0
AF	0	0.081512	11	7	4	0	0	0	0
AF	0	0.081824	5	4	1	0	0	0	0
AF	0	0.082136	9	6	3	0	0	0	0
AF	0	0.082448	3	3	0	0	0	0	0
AF	0	0.082761	7	5	2	0	0	0	0
AF	0	0.083073	1	1	0	0	0	0	0
AF	0	0.083385	4	1	3	0	0	0	0
AF	0	0.083698	4	3	1	0	0	0	0
AF	0	0.084010	3	1	2	0	0	0	0
AF	0	0.084322	2	0	2	0	0	0	0
AF	0	0.084635	4	2	2	0	0	0	0
AF	0	0.084947	2	2	0	0	0	0	0
AF	0	0.085259	2	1	1	0	0	0	0
AF	0	0.085572	2	0	2	0	0	0	0
AF	0	0.085884	3	2	1	0	0	0	0
AF	0	0.086196	1	1	0	0	0	0	0
AF	0	0.086508	6	4	2	0	0	0	0
AF	0	0.086821	3	1	2	0	0	0	0
AF	0	0.087133	7	4	3	0	0	0	0
AF	0	0.087445	2	2	0	0	0	0	0
AF	0	0.087758	11	6	5	0	0	0	0
AF	0	0.088070	10	7	3	0	0	0	0
AF	0	0.088382	12	9	3	0	0	0	0
AF	0	0.088695	4	2	2	0	0	0	0
AF	0	0.089007	8	4	4	0	0	0	0
AF	0	0.089319	2	1	1	0	0	0	0
AF	0	0.089631	3	3	0	0	0	0	0
AF	0	0.089944	2	1	1	0	0	0	0
AF	0	0.090256	6	5	1	0	0	0	0
AF	0	0.090568	1	1	0	0	0	0	0
AF	0	0.090881	4	4	0	0	0	0	0
AF	0	0.091193	5	2	3	0	0	0	0
AF	0	0.091505	3	3	0	0	0	0	0
AF	0	0.092130	8	6	2	0	0	0	0
AF	0	0.092442	6	3	3	0	0	0	0
AF	0	0.092755	9	4	5	0	0	0	0
AF	0	0.093067	1	0	1	0	0	0	0
AF	0	0.093379	2	1	1	0	0	0	0
AF	0	0.094004	2	1	1	0	0	0	0
AF	0	0.094316	1	1	0	0	0	0	0
AF	0	0.094628	2	2	0	0	0	0	0
AF	0	0.094941	4	4	0	0	0	0	0
AF	0	0.095253	1	0	1	0	0	0	0
AF	0	0.095565	2	2	0	0	0	0	0
AF	0	0.095878	3	3	0	0	0	0	0
AF	0	0.096190	3	0	3	0	0	0	0
AF	0	0.096502	2	1	1	0	0	0	0
AF	0	0.097127	3	3	0	0	0	0	0
AF	0	0.097439	4	2	2	0	0	0	0
AF	0	0.097751	1	1	0	0	0	0	0
AF	0	0.098064	1	1	0	0	0	0	0
AF	0	0.098376	7	6	1	0	0	0	0
AF	0	0.098688	2	1	1	0	0	0	0
AF	0	0.099001	5	4	1	0	0	0	0
AF	0	0.099625	1	0	1	0	0	0	0
AF	0	0.099938	1	1	0	0	0	0	0
AF	0	0.100250	3	3	0	0	0	0	0
AF	0	0.100562	1	1	0	0	0	0	0
AF	0	0.100874	2	2	0	0	0	0	0
AF	0	0.101187	3	2	1	0	0	0	0
AF	0	0.101499	1	1	0	0	0	0	0
AF	0	0.101811	1	1	0	0	0	0	0
AF	0	0.102124	3	1	2	0	0	0	0
AF	0	0.102436	1	1	0	0	0	0	0
AF	0	0.102748	1	1	0	0	0	0	0
AF	0	0.103373	2	1	1	0	0	0	0
AF	0	0.103998	3	2	1	0	0	0	0
AF	0	0.104622	2	1	1	0	0	0	0
AF	0	0.105247	1	1	0	0	0	0	0
AF	0	0.105871	1	1	0	0	0	0	0
AF	0	0.106184	2	2	0	0	0	0	0
AF	0	0.106808	2	2	0	0	0	0	0
AF	0	0.107433	1	0	1	0	0	0	0
AF	0	0.108057	2	1	1	0	0	0	0
AF	0	0.108370	4	2	2	0	0	0	0
AF	0	0.108682	3	0	3	0	0	0	0
AF	0	0.108994	5	3	2	0	0	0	0
AF	0	0.109931	1	0	1	0	0	0	0
AF	0	0.110244	2	1	1	0	0	0	0
AF	0	0.110556	5	4	1	0	0	0	0
AF	0	0.110868	4	3	1	0	0	0	0
AF	0	0.111181	1	0	1	0	0	0	0
AF	0	0.111493	2	1	1	0	0	0	0
AF	0	0.111805	3	2	1	0	0	0	0
AF	0	0.112430	1	1	0	0	0	0	0
AF	0	0.112742	1	0	1	0	0	0	0
AF	0	0.113054	1	1	0	0	0	0	0
AF	0	0.113991	1	1	0	0	0	0	0
AF	0	0.114616	3	2	1	0	0	0	0
AF	0	0.115240	2	2	0	0	0	0	0
AF	0	0.115553	1	0	1	0	0	0	0
AF	0	0.116490	2	0	2	0	0	0	0
AF	0	0.116802	1	1	0	0	0	0	0
AF	0	0.117427	2	1	1	0	0	0	0
AF	0	0.118051	3	1	2	0	0	0	0
AF	0	0.118364	1	1	0	0	0	0	0
AF	0	0.118676	1	0	1	0	0	0	0
AF	0	0.118988	3	3	0	0	0	0	0
AF	0	0.119300	3	3	0	0	0	0	0
AF	0	0.119613	1	0	1	0	0	0	0
AF	0	0.119925	1	1	0	0	0	0	0
AF	0	0.120237	1	1	0	0	0	0	0
AF	0	0.120550	3	2	1	0	0	0	0
AF	0	0.120862	1	1	0	0	0	0	0
AF	0	0.121487	1	1	0	0	0	0	0
AF	0	0.121799	19	11	8	0	0	0	0
AF	0	0.122111	1	0	1	0	0	0	0
AF	0	0.122423	2	1	1	0	0	0	0
AF	0	0.122736	1	1	0	0	0	0	0
AF	0	0.123048	4	1	3	0	0	0	0
AF	0	0.123360	1	0	1	0	0	0	0
AF	0	0.123673	2	2	0	0	0	0	0
AF	0	0.124297	5	3	2	0	0	0	0
AF	0	0.124922	9	6	3	0	0	0	0
AF	0	0.125234	32	24	8	0	0	0	0
AF	0	0.125547	8	4	4	0	0	0	0
AF	0	0.125859	1	1	0	0	0	0	0
AF	0	0.126171	23	10	13	0	0	0	0
AF	0	0.126483	3	2	1	0	0	0	0
AF	0	0.126796	6	5	1	0	0	0	0
AF	0	0.127108	1	0	1	0	0	0	0
AF	0	0.127420	5	4	1	0	0	0	0
AF	0	0.127733	1	1	0	0	0	0	0
AF	0	0.128045	1	0	1	0	0	0	0
AF	0	0.128670	1	1	0	0	0	0	0
AF	0	0.129606	2	1	1	0	0	0	0
AF	0	0.129919	3	2	1	0	0	0	0
AF	0	0.130543	4	3	1	0	0	0	0
AF	0	0.130856	1	1	0	0	0	0	0
AF	0	0.131168	2	2	0	0	0	0	0
AF	0	0.131793	7	3	4	0	0	0	0
AF	0	0.132105	3	3	0	0	0	0	0
AF	0	0.132417	19	10	9	0	0	0	0
AF	0	0.132730	12	9	3	0	0	0	0
AF	0	0.133042	9	5	4	0	0	0	0
AF	0	0.133354	2	1	1	0	0	0	0
AF	0	0.133666	8	6	2	0	0	0	0
AF	0	0.133979	1	1	0	0	0	0	0
AF	0	0.134291	1	1	0	0	0	0	0
AF	0	0.134603	2	2	0	0	0	0	0
AF	0	0.134916	1	1	0	0	0	0	0
AF	0	0.135540	2	1	1	0	0	0	0
AF	0	0.136165	2	1	1	0	0	0	0
AF	0	0.136477	1	1	0	0	0	0	0
AF	0	0.136790	1	0	1	0	0	0	0
AF	0	0.137414	2	0	2	0	0	0	0
AF	0	0.138039	4	2	2	0	0	0	0
AF	0	0.138351	3	3	0	0	0	0	0
AF	0	0.138663	2	1	1	0	0	0	0
AF	0	0.138976	1	1	0	0	0	0	0
AF	0	0.139288	1	0	1	0	0	0	0
AF	0	0.139913	1	0	1	0	0	0	0
AF	0	0.140537	3	2	1	0	0	0	0
AF	0	0.140849	3	2	1	0	0	0	0
AF	0	0.141162	2	0	2	0	0	0	0
AF	0	0.141474	4	3	1	0	0	0	0
AF	0	0.141786	12	7	5	0	0	0	0
AF	0	0.142099	8	5	3	0	0	0	0
AF	0	0.142411	1	1	0	0	0	0	0
AF	0	0.142723	3	1	2	0	0	0	0
AF	0	0.143036	13	8	5	0	0	0	0
AF	0	0.143348	1	0	1	0	0	0	0
AF	0	0.143660	4	3	1	0	0	0	0
AF	0	0.143973	3	2	1	0	0	0	0
AF	0	0.144285	12	8	4	0	0	0	0
AF	0	0.144597	6	4	2	0	0	0	0
AF	0	0.144909	5	3	2	0	0	0	0
AF	0	0.145222	3	2	1	0	0	0	0
AF	0	0.145534	1	1	0	0	0	0	0
AF	0	0.146471	3	2	1	0	0	0	0
AF	0	0.147096	1	0	1	0	0	0	0
AF	0	0.147408	2	0	2	0	0	0	0
AF	0	0.148032	2	1	1	0	0	0	0
AF	0	0.148345	1	1	0	0	0	0	0
AF	0	0.148657	1	1	0	0	0	0	0
AF	0	0.148969	4	4	0	0	0	0	0
AF	0	0.149282	2	1	1	0	0	0	0
AF	0	0.149594	1	0	1	0	0	0	0
AF	0	0.149906	4	4	0	0	0	0	0
AF	0	0.150843	1	1	0	0	0	0	0
AF	0	0.151468	1	1	0	0	0	0	0
AF	0	0.151780	1	1	0	0	0	0	0
AF	0	0.152405	1	1	0	0	0	0	0
AF	0	0.153342	1	1	0	0	0	0	0
AF	0	0.153654	2	1	1	0	0	0	0
AF	0	0.154279	3	2	1	0	0	0	0
AF	0	0.154591	2	0	2	0	0	0	0
AF	0	0.154903	4	4	0	0	0	0	0
AF	0	0.155215	2	0	2	0	0	0	0
AF	0	0.155528	3	1	2	0	0	0	0
AF	0	0.155840	1	1	0	0	0	0	0
AF	0	0.156152	2	1	1	0	0	0	0
AF	0	0.156465	1	0	1	0	0	0	0
AF	0	0.157402	2	2	0	0	0	0	0
AF	0	0.157714	2	1	1	0	0	0	0
AF	0	0.158026	5	4	1	0	0	0	0
AF	0	0.158339	2	1	1	0	0	0	0
AF	0	0.158651	3	0	3	0	0	0	0
AF	0	0.159275	1	0	1	0	0	0	0
AF	0	0.159900	3	1	2	0	0	0	0
AF	0	0.160525	3	2	1	0	0	0	0
AF	0	0.160837	2	2	0	0	0	0	0
AF	0	0.161149	4	3	1	0	0	0	0
AF	0	0.161462	3	2	1	0	0	0	0
AF	0	0.161774	5	3	2	0	0	0	0
AF	0	0.162086	2	2	0	0	0	0	0
AF	0	0.162399	7	6	1	0	0	0	0
AF	0	0.163023	3	2	1	0	0	0	0
AF	0	0.163648	1	1	0	0	0	0	0
AF	0	0.164272	3	2	1	0	0	0	0
AF	0	0.164585	3	1	2	0	0	0	0
AF	0	0.164897	6	5	1	0	0	0	0
AF	0	0.165209	2	1	1	0	0	0	0
AF	0	0.165522	1	1	0	0	0	0	0
AF	0	0.166146	2	1	1	0	0	0	0
AF	0	0.167083	1	0	1	0	0	0	0
AF	0	0.168645	5	5	0	0	0	0	0
AF	0	0.169269	3	2	1	0	0	0	0
AF	0	0.169582	3	3	0	0	0	0	0
AF	0	0.169894	2	2	0	0	0	0	0
AF	0	0.170206	1	1	0	0	0	0	0
AF	0	0.170518	2	1	1	0	0	0	0
AF	0	0.170831	1	1	0	0	0	0	0
AF	0	0.171455	2	2	0	0	0	0	0
AF	0	0.171768	2	1	1	0	0	0	0
AF	0	0.172080	2	2	0	0	0	0	0
AF	0	0.172392	4	2	2	0	0	0	0
AF	0	0.173017	4	1	3	0	0	0	0
AF	0	0.173329	4	3	1	0	0	0	0
AF	0	0.173641	4	3	1	0	0	0	0
AF	0	0.173954	1	0	1	0	0	0	0
AF	0	0.174266	2	1	1	0	0	0	0
AF	0	0.174891	2	1	1	0	0	0	0
AF	0	0.175203	2	1	1	0	0	0	0
AF	0	0.175515	3	3	0	0	0	0	0
AF	0	0.175828	2	2	0	0	0	0	0
AF	0	0.176140	3	3	0	0	0	0	0
AF	0	0.176452	4	2	2	0	0	0	0
AF	0	0.176765	2	2	0	0	0	0	0
AF	0	0.177701	1	0	1	0	0	0	0
AF	0	0.178326	2	2	0	0	0	0	0
AF	0	0.178638	1	1	0	0	0	0	0
AF	0	0.178951	1	1	0	0	0	0	0
AF	0	0.179263	2	2	0	0	0	0	0
AF	0	0.179888	2	1	1	0	0	0	0
AF	0	0.181449	1	0	1	0	0	0	0
AF	0	0.181761	2	1	1	0	0	0	0
AF	0	0.182386	4	4	0	0	0	0	0
AF	0	0.182698	2	2	0	0	0	0	0
AF	0	0.183011	2	2	0	0	0	0	0
AF	0	0.183323	2	2	0	0	0	0	0
AF	0	0.183635	2	1	1	0	0	0	0
AF	0	0.183948	1	0	1	0	0	0	0
AF	0	0.184260	2	1	1	0	0	0	0
AF	0	0.184572	2	1	1	0	0	0	0
AF	0	0.184884	1	0	1	0	0	0	0
AF	0	0.185197	1	0	1	0	0	0	0
AF	0	0.186758	3	2	1	0	0	0	0
AF	0	0.187383	2	2	0	0	0	0	0
AF	0	0.187695	1	1	0	0	0	0	0
AF	0	0.188007	1	1	0	0	0	0	0
AF	0	0.188320	1	1	0	0	0	0	0
AF	0	0.189881	1	0	1	0	0	0	0
AF	0	0.191131	2	1	1	0	0	0	0
AF	0	0.192380	2	0	2	0	0	0	0
AF	0	0.192692	1	1	0	0	0	0	0
AF	0	0.194254	1	1	0	0	0	0	0
AF	0	0.194566	1	0	1	0	0	0	0
AF	0	0.194878	2	2	0	0	0	0	0
AF	0	0.195191	1	1	0	0	0	0	0
AF	0	0.195503	1	0	1	0	0	0	0
AF	0	0.196127	1	1	0	0	0	0	0
AF	0	0.197377	1	1	0	0	0	0	0
AF	0	0.198314	1	1	0	0	0	0	0
AF	0	0.199250	1	0	1	0	0	0	0
AF	0	0.199563	1	1	0	0	0	0	0
AF	0	0.199875	1	0	1	0	0	0	0
AF	0	0.201749	1	1	0	0	0	0	0
AF	0	0.202374	1	1	0	0	0	0	0
AF	0	0.203623	3	2	1	0	0	0	0
AF	0	0.203935	1	0	1	0	0	0	0
AF	0	0.204247	7	6	1	0	0	0	0
AF	0	0.204560	1	1	0	0	0	0	0
AF	0	0.204872	1	0	1	0	0	0	0
AF	0	0.205497	1	0	1	0	0	0	0
AF	0	0.205809	1	1	0	0	0	0	0
AF	0	0.208307	1	1	0	0	0	0	0
AF	0	0.211743	1	1	0	0	0	0	0
AF	0	0.213616	5	4	1	0	0	0	0
AF	0	0.213929	2	2	0	0	0	0	0
AF	0	0.214241	2	2	0	0	0	0	0
AF	0	0.214866	1	1	0	0	0	0	0
AF	0	0.215490	1	1	0	0	0	0	0
AF	0	0.217364	2	0	2	0	0	0	0
AF	0	0.217989	1	1	0	0	0	0	0
AF	0	0.218301	1	1	0	0	0	0	0
AF	0	0.220487	2	0	2	0	0	0	0
AF	0	0.222049	1	0	1	0	0	0	0
AF	0	0.223298	3	2	1	0	0	0	0
AF	0	0.225172	1	0	1	0	0	0	0
AF	0	0.226421	1	1	0	0	0	0	0
AF	0	0.227046	1	1	0	0	0	0	0
AF	0	0.227670	1	1	0	0	0	0	0
AF	0	0.231106	1	0	1	0	0	0	0
AF	0	0.233292	1	1	0	0	0	0	0
AF	0	0.233916	2	2	0	0	0	0	0
AF	0	0.234541	1	0	1	0	0	0	0
AF	0	0.235478	1	0	1	0	0	0	0
AF	0	0.235790	1	0	1	0	0	0	0
AF	0	0.238913	2	2	0	0	0	0	0
AF	0	0.239225	2	1	1	0	0	0	0
AF	0	0.240787	1	1	0	0	0	0	0
AF	0	0.241412	1	1	0	0	0	0	0
AF	0	0.242036	1	1	0	0	0	0	0
AF	0	0.242661	1	0	1	0	0	0	0
AF	0	0.242973	1	1	0	0	0	0	0
AF	0	0.244847	3	3	0	0	0	0	0
AF	0	0.245784	1	1	0	0	0	0	0
AF	0	0.247033	1	0	1	0	0	0	0
AF	0	0.247345	1	1	0	0	0	0	0
AF	0	0.247970	1	1	0	0	0	0	0
AF	0	0.248282	1	1	0	0	0	0	0
AF	0	0.248907	2	2	0	0	0	0	0
AF	0	0.249844	2	2	0	0	0	0	0
AF	0	0.250156	1	0	1	0	0	0	0
AF	0	0.250781	2	1	1	0	0	0	0
AF	0	0.251093	1	1	0	0	0	0	0
AF	0	0.251718	1	1	0	0	0	0	0
AF	0	0.253904	1	1	0	0	0	0	0
AF	0	0.255465	1	1	0	0	0	0	0
AF	0	0.256402	2	1	1	0	0	0	0
AF	0	0.256715	1	1	0	0	0	0	0
AF	0	0.257651	1	1	0	0	0	0	0
AF	0	0.258276	1	1	0	0	0	0	0
AF	0	0.259213	1	1	0	0	0	0	0
AF	0	0.259525	3	3	0	0	0	0	0
AF	0	0.260150	1	1	0	0	0	0	0
AF	0	0.260462	1	0	1	0	0	0	0
AF	0	0.260775	1	1	0	0	0	0	0
AF	0	0.261087	2	2	0	0	0	0	0
AF	0	0.262648	1	1	0	0	0	0	0
AF	0	0.263273	4	4	0	0	0	0	0
AF	0	0.263585	1	1	0	0	0	0	0
AF	0	0.263898	1	1	0	0	0	0	0
AF	0	0.264522	1	1	0	0	0	0	0
AF	0	0.266396	1	1	0	0	0	0	0
AF	0	0.267645	1	1	0	0	0	0	0
AF	0	0.268270	1	1	0	0	0	0	0
AF	0	0.270144	1	1	0	0	0	0	0
AF	0	0.277014	1	1	0	0	0	0	0
AF	0	0.277639	1	1	0	0	0	0	0
AF	0	0.278264	1	1	0	0	0	0	0
AF	0	0.278576	2	2	0	0	0	0	0
AF	0	0.279200	1	1	0	0	0	0	0
AF	0	0.280137	1	1	0	0	0	0	0
AF	0	0.280762	1	0	1	0	0	0	0
AF	0	0.282636	1	1	0	0	0	0	0
AF	0	0.283260	1	1	0	0	0	0	0
AF	0	0.285134	1	1	0	0	0	0	0
AF	0	0.285759	1	1	0	0	0	0	0
AF	0	0.286071	2	2	0	0	0	0	0
AF	0	0.288257	3	2	1	0	0	0	0
AF	0	0.288570	1	1	0	0	0	0	0
AF	0	0.288882	2	2	0	0	0	0	0
AF	0	0.289507	1	1	0	0	0	0	0
AF	0	0.289819	1	1	0	0	0	0	0
AF	0	0.290443	1	0	1	0	0	0	0
AF	0	0.290756	2	1	1	0	0	0	0
AF	0	0.292317	1	1	0	0	0	0	0
AF	0	0.294503	1	0	1	0	0	0	0
AF	0	0.294816	1	1	0	0	0	0	0
AF	0	0.297939	1	1	0	0	0	0	0
AF	0	0.298251	2	1	1	0	0	0	0
AF	0	0.298876	1	1	0	0	0	0	0
AF	0	0.299188	1	1	0	0	0	0	0
AF	0	0.300437	1	0	1	0	0	0	0
AF	0	0.300750	2	1	1	0	0	0	0
AF	0	0.301374	1	1	0	0	0	0	0
AF	0	0.301686	1	1	0	0	0	0	0
AF	0	0.302936	1	1	0	0	0	0	0
AF	0	0.303248	1	0	1	0	0	0	0
AF	0	0.306371	1	1	0	0	0	0	0
AF	0	0.307308	2	2	0	0	0	0	0
AF	0	0.308869	1	0	1	0	0	0	0
AF	0	0.309494	1	1	0	0	0	0	0
AF	0	0.309806	1	0	1	0	0	0	0
AF	0	0.310119	2	0	2	0	0	0	0
AF	0	0.313242	1	1	0	0	0	0	0
AF	0	0.313554	1	1	0	0	0	0	0
AF	0	0.314179	1	1	0	0	0	0	0
AF	0	0.316052	1	1	0	0	0	0	0
AF	0	0.316365	2	2	0	0	0	0	0
AF	0	0.316677	1	0	1	0	0	0	0
AF	0	0.317614	3	3	0	0	0	0	0
AF	0	0.318239	1	1	0	0	0	0	0
AF	0	0.319800	1	1	0	0	0	0	0
AF	0	0.320425	1	0	1	0	0	0	0
AF	0	0.321362	3	3	0	0	0	0	0
AF	0	0.324797	1	1	0	0	0	0	0
AF	0	0.326671	1	1	0	0	0	0	0
AF	0	0.326983	2	0	2	0	0	0	0
AF	0	0.327608	1	1	0	0	0	0	0
AF	0	0.327920	1	0	1	0	0	0	0
AF	0	0.328545	1	1	0	0	0	0	0
AF	0	0.328857	3	1	2	0	0	0	0
AF	0	0.329169	1	1	0	0	0	0	0
AF	0	0.329482	1	0	1	0	0	0	0
AF	0	0.330418	1	0	1	0	0	0	0
AF	0	0.332605	1	1	0	0	0	0	0
AF	0	0.337914	2	1	1	0	0	0	0
AF	0	0.338538	1	1	0	0	0	0	0
AF	0	0.339163	4	3	1	0	0	0	0
AF	0	0.339788	2	0	2	0	0	0	0
AF	0	0.340100	1	0	1	0	0	0	0
AF	0	0.343223	1	1	0	0	0	0	0
AF	0	0.343535	1	0	1	0	0	0	0
AF	0	0.344160	1	1	0	0	0	0	0
AF	0	0.344785	1	0	1	0	0	0	0
AF	0	0.345409	1	0	1	0	0	0	0
AF	0	0.347283	1	1	0	0	0	0	0
AF	0	0.347595	1	1	0	0	0	0	0
AF	0	0.347908	1	0	1	0	0	0	0
AF	0	0.348532	1	1	0	0	0	0	0
AF	0	0.348844	1	1	0	0	0	0	0
AF	0	0.349781	7	5	2	0	0	0	0
AF	0	0.350094	1	0	1	0	0	0	0
AF	0	0.350406	1	1	0	0	0	0	0
AF	0	0.351343	1	0	1	0	0	0	0
AF	0	0.351655	3	2	1	0	0	0	0
AF	0	0.352904	1	1	0	0	0	0	0
AF	0	0.353529	1	0	1	0	0	0	0
AF	0	0.354778	1	1	0	0	0	0	0
AF	0	0.356652	1	0	1	0	0	0	0
AF	0	0.359775	1	1	0	0	0	0	0
AF	0	0.360400	3	2	1	0	0	0	0
AF	0	0.360712	1	1	0	0	0	0	0
AF	0	0.361024	4	4	0	0	0	0	0
AF	0	0.361337	2	2	0	0	0	0	0
AF	0	0.361649	5	3	2	0	0	0	0
AF	0	0.362274	1	1	0	0	0	0	0
AF	0	0.362586	1	1	0	0	0	0	0
AF	0	0.362898	1	1	0	0	0	0	0
AF	0	0.363523	2	2	0	0	0	0	0
AF	0	0.365084	1	1	0	0	0	0	0
AF	0	0.365397	1	1	0	0	0	0	0
AF	0	0.365709	1	1	0	0	0	0	0
AF	0	0.366021	1	0	1	0	0	0	0
AF	0	0.366646	1	1	0	0	0	0	0
AF	0	0.367270	1	1	0	0	0	0	0
AF	0	0.368207	1	1	0	0	0	0	0
AF	0	0.369144	1	1	0	0	0	0	0
AF	0	0.372267	2	2	0	0	0	0	0
AF	0	0.372892	1	1	0	0	0	0	0
AF	0	0.373204	1	0	1	0	0	0	0
AF	0	0.374141	2	2	0	0	0	0	0
AF	0	0.374766	2	2	0	0	0	0	0
AF	0	0.375078	1	1	0	0	0	0	0
AF	0	0.375390	1	0	1	0	0	0	0
AF	0	0.375703	2	2	0	0	0	0	0
AF	0	0.376640	3	2	1	0	0	0	0
AF	0	0.377264	2	1	1	0	0	0	0
AF	0	0.377889	2	0	2	0	0	0	0
AF	0	0.378201	1	1	0	0	0	0	0
AF	0	0.378513	1	1	0	0	0	0	0
AF	0	0.379138	1	0	1	0	0	0	0
AF	0	0.379450	2	1	1	0	0	0	0
AF	0	0.379763	4	3	1	0	0	0	0
AF	0	0.380075	1	1	0	0	0	0	0
AF	0	0.380387	3	1	2	0	0	0	0
AF	0	0.380700	1	1	0	0	0	0	0
AF	0	0.381012	1	1	0	0	0	0	0
AF	0	0.381636	2	0	2	0	0	0	0
AF	0	0.381949	1	1	0	0	0	0	0
AF	0	0.382261	2	0	2	0	0	0	0
AF	0	0.383510	1	1	0	0	0	0	0
AF	0	0.385384	2	1	1	0	0	0	0
AF	0	0.385696	2	1	1	0	0	0	0
AF	0	0.386321	2	2	0	0	0	0	0
AF	0	0.386633	1	1	0	0	0	0	0
AF	0	0.386946	1	1	0	0	0	0	0
AF	0	0.387258	2	1	1	0	0	0	0
AF	0	0.387570	1	1	0	0	0	0	0
AF	0	0.389132	2	1	1	0	0	0	0
AF	0	0.389756	1	1	0	0	0	0	0
AF	0	0.390069	1	1	0	0	0	0	0
AF	0	0.391006	1	0	1	0	0	0	0
AF	0	0.391318	2	1	1	0	0	0	0
AF	0	0.392255	1	1	0	0	0	0	0
AF	0	0.392879	3	2	1	0	0	0	0
AF	0	0.393192	1	1	0	0	0	0	0
AF	0	0.393504	5	3	2	0	0	0	0
AF	0	0.393816	1	1	0	0	0	0	0
AF	0	0.394753	1	0	1	0	0	0	0
AF	0	0.395378	4	2	2	0	0	0	0
AF	0	0.395690	4	2	2	0	0	0	0
AF	0	0.396002	3	3	0	0	0	0	0
AF	0	0.396315	1	0	1	0	0	0	0
AF	0	0.396939	1	1	0	0	0	0	0
AF	0	0.397252	4	4	0	0	0	0	0
AF	0	0.397564	3	1	2	0	0	0	0
AF	0	0.397876	3	2	1	0	0	0	0
AF	0	0.398189	2	2	0	0	0	0	0
AF	0	0.398501	8	3	5	0	0	0	0
AF	0	0.398813	1	1	0	0	0	0	0
AF	0	0.399126	5	5	0	0	0	0	0
AF	0	0.399438	3	2	1	0	0	0	0
AF	0	0.399750	10	6	4	0	0	0	0
AF	0	0.400062	2	2	0	0	0	0	0
AF	0	0.400375	3	2	1	0	0	0	0
AF	0	0.400687	1	1	0	0	0	0	0
AF	0	0.400999	3	0	3	0	0	0	0
AF	0	0.401624	2	1	1	0	0	0	0
AF	0	0.401936	1	1	0	0	0	0	0
AF	0	0.402249	1	0	1	0	0	0	0
AF	0	0.402561	1	1	0	0	0	0	0
AF	0	0.402873	5	4	1	0	0	0	0
AF	0	0.403498	2	2	0	0	0	0	0
AF	0	0.404747	2	2	0	0	0	0	0
AF	0	0.405059	1	1	0	0	0	0	0
AF	0	0.405996	1	1	0	0	0	0	0
AF	0	0.407870	1	1	0	0	0	0	0
AF	0	0.409744	1	0	1	0	0	0	0
AF	0	0.410056	1	1	0	0	0	0	0
AF	0	0.410369	1	1	0	0	0	0	0
AF	0	0.411305	1	0	1	0	0	0	0
AF	0	0.412867	1	1	0	0	0	0	0
AF	0	0.414428	1	1	0	0	0	0	0
AF	0	0.415365	1	1	0	0	0	0	0
AF	0	0.415990	1	1	0	0	0	0	0
AF	0	0.416927	1	1	0	0	0	0	0
AF	0	0.417239	2	1	1	0	0	0	0
AF	0	0.417552	2	2	0	0	0	0	0
AF	0	0.418176	1	1	0	0	0	0	0
AF	0	0.418488	1	1	0	0	0	0	0
AF	0	0.419113	2	2	0	0	0	0	0
AF	0	0.419738	2	2	0	0	0	0	0
AF	0	0.422861	1	1	0	0	0	0	0
AF	0	0.424110	1	1	0	0	0	0	0
AF	0	0.425984	1	1	0	0	0	0	0
AF	0	0.428482	2	2	0	0	0	0	0
AF	0	0.430356	1	1	0	0	0	0	0
AF	0	0.433791	1	1	0	0	0	0	0
AF	0	0.435353	1	1	0	0	0	0	0
AF	0	0.435978	2	1	1	0	0	0	0
AF	0	0.440974	2	1	1	0	0	0	0
AF	0	0.444410	1	0	1	0	0	0	0
AF	0	0.446596	1	1	0	0	0	0	0
AF	0	0.448157	2	2	0	0	0	0	0
AF	0	0.448782	1	1	0	0	0	0	0
AF	0	0.453154	1	1	0	0	0	0	0
AF	0	0.460650	1	0	1	0	0	0	0
AF	0	0.462836	1	0	1	0	0	0	0
AF	0	0.463773	1	1	0	0	0	0	0
AF	0	0.465334	1	0	1	0	0	0	0
AF	0	0.466583	1	1	0	0	0	0	0
AF	0	0.466896	1	1	0	0	0	0	0
AF	0	0.467208	1	0	1	0	0	0	0
AF	0	0.467520	1	0	1	0	0	0	0
AF	0	0.470019	2	2	0	0	0	0	0
AF	0	0.470331	2	1	1	0	0	0	0
AF	0	0.470643	2	1	1	0	0	0	0
AF	0	0.471268	3	2	1	0	0	0	0
AF	0	0.474079	1	1	0	0	0	0	0
AF	0	0.474391	1	1	0	0	0	0	0
AF	0	0.474703	1	1	0	0	0	0	0
AF	0	0.475016	1	1	0	0	0	0	0
AF	0	0.475328	1	0	1	0	0	0	0
AF	0	0.475640	1	1	0	0	0	0	0
AF	0	0.476265	1	1	0	0	0	0	0
AF	0	0.477202	1	1	0	0	0	0	0
AF	0	0.477826	1	0	1	0	0	0	0
AF	0	0.478139	2	2	0	0	0	0	0
AF	0	0.478763	1	1	0	0	0	0	0
AF	0	0.479388	1	0	1	0	0	0	0
AF	0	0.480325	1	1	0	0	0	0	0
AF	0	0.483136	1	1	0	0	0	0	0
AF	0	0.488445	1	1	0	0	0	0	0
AF	0	0.494691	1	1	0	0	0	0	0
AF	0	0.495628	1	0	1	0	0	0	0
AF	0	0.500625	2	2	0	0	0	0	0
AF	0	0.503123	3	2	1	0	0	0	0
AF	0	0.506871	1	0	1	0	0	0	0
AF	0	0.514366	1	1	0	0	0	0	0
AF	0	0.514991	1	1	0	0	0	0	0
AF	0	0.521237	1	1	0	0	0	0	0
AF	0	0.522798	1	1	0	0	0	0	0
AF	0	0.528107	1	0	1	0	0	0	0
AF	0	0.529357	1	0	1	0	0	0	0
AF	0	0.531230	2	1	1	0	0	0	0
AF	0	0.532480	1	1	0	0	0	0	0
AF	0	0.532792	1	1	0	0	0	0	0
AF	0	0.533417	1	0	1	0	0	0	0
AF	0	0.535603	1	0	1	0	0	0	0
AF	0	0.542473	3	1	2	0	0	0	0
AF	0	0.542786	1	1	0	0	0	0	0
AF	0	0.543723	1	1	0	0	0	0	0
AF	0	0.546533	1	0	1	0	0	0	0
AF	0	0.546846	1	1	0	0	0	0	0
AF	0	0.550593	1	0	1	0	0	0	0
AF	0	0.551218	1	1	0	0	0	0	0
AF	0	0.552780	1	1	0	0	0	0	0
AF	0	0.554029	1	1	0	0	0	0	0
AF	0	0.554341	7	5	2	0	0	0	0
AF	0	0.554653	1	1	0	0	0	0	0
AF	0	0.554966	3	3	0	0	0	0	0
AF	0	0.555590	2	2	0	0	0	0	0
AF	0	0.555903	4	2	2	0	0	0	0
AF	0	0.556527	1	1	0	0	0	0	0
AF	0	0.557152	2	2	0	0	0	0	0
AF	0	0.558401	2	2	0	0	0	0	0
AF	0	0.559026	1	1	0	0	0	0	0
AF	0	0.559650	1	1	0	0	0	0	0
AF	0	0.560275	1	1	0	0	0	0	0
AF	0	0.560587	1	1	0	0	0	0	0
AF	0	0.561524	2	1	1	0	0	0	0
AF	0	0.561836	1	1	0	0	0	0	0
AF	0	0.562149	2	2	0	0	0	0	0
AF	0	0.562773	6	1	5	0	0	0	0
AF	0	0.563398	3	3	0	0	0	0	0
AF	0	0.564022	1	1	0	0	0	0	0
AF	0	0.564335	3	2	1	0	0	0	0
AF	0	0.564647	2	1	1	0	0	0	0
AF	0	0.564959	1	0	1	0	0	0	0
AF	0	0.565272	1	1	0	0	0	0	0
AF	0	0.565584	1	0	1	0	0	0	0
AF	0	0.565896	1	1	0	0	0	0	0
AF	0	0.567146	1	1	0	0	0	0	0
AF	0	0.567458	1	1	0	0	0	0	0
AF	0	0.569019	1	1	0	0	0	0	0
AF	0	0.570269	1	0	1	0	0	0	0
AF	0	0.570581	2	1	1	0	0	0	0
AF	0	0.575265	1	1	0	0	0	0	0
AF	0	0.575578	1	0	1	0	0	0	0
AF	0	0.577764	1	1	0	0	0	0	0
AF	0	0.578076	1	0	1	0	0	0	0
AF	0	0.578389	1	0	1	0	0	0	0
AF	0	0.578701	1	1	0	0	0	0	0
AF	0	0.579013	2	2	0	0	0	0	0
AF	0	0.580262	2	1	1	0	0	0	0
AF	0	0.580575	1	1	0	0	0	0	0
AF	0	0.581512	1	1	0	0	0	0	0
AF	0	0.582136	2	2	0	0	0	0	0
AF	0	0.582761	1	1	0	0	0	0	0
AF	0	0.583073	1	1	0	0	0	0	0
AF	0	0.583385	1	1	0	0	0	0	0
AF	0	0.583698	1	0	1	0	0	0	0
AF	0	0.584010	1	1	0	0	0	0	0
AF	0	0.584322	1	1	0	0	0	0	0
AF	0	0.586196	1	1	0	0	0	0	0
AF	0	0.586508	1	1	0	0	0	0	0
AF	0	0.586821	1	0	1	0	0	0	0
AF	0	0.592442	2	1	1	0	0	0	0
AF	0	0.593379	1	1	0	0	0	0	0
AF	0	0.597439	1	1	0	0	0	0	0
AF	0	0.597751	1	0	1	0	0	0	0
AF	0	0.598064	1	1	0	0	0	0	0
AF	0	0.598688	1	1	0	0	0	0	0
AF	0	0.599001	1	1	0	0	0	0	0
AF	0	0.599625	2	1	1	0	0	0	0
AF	0	0.600250	1	1	0	0	0	0	0
AF	0	0.600874	1	1	0	0	0	0	0
AF	0	0.602124	1	1	0	0	0	0	0
AF	0	0.603998	1	0	1	0	0	0	0
AF	0	0.604310	2	2	0	0	0	0	0
AF	0	0.605247	2	2	0	0	0	0	0
AF	0	0.608994	2	2	0	0	0	0	0
AF	0	0.610868	1	1	0	0	0	0	0
AF	0	0.620237	1	0	1	0	0	0	0
AF	0	0.622423	1	1	0	0	0	0	0
AF	0	0.623673	2	1	1	0	0	0	0
AF	0	0.623985	2	2	0	0	0	0	0
AF	0	0.624297	1	1	0	0	0	0	0
AF	0	0.624922	1	1	0	0	0	0	0
AF	0	0.626171	2	2	0	0	0	0	0
AF	0	0.626483	2	1	1	0	0	0	0
AF	0	0.627108	2	2	0	0	0	0	0
AF	0	0.627420	2	2	0	0	0	0	0
AF	0	0.627733	1	1	0	0	0	0	0
AF	0	0.628045	1	0	1	0	0	0	0
AF	0	0.628357	1	1	0	0	0	0	0
AF	0	0.633666	1	0	1	0	0	0	0
AF	0	0.636165	2	1	1	0	0	0	0
AF	0	0.645222	1	1	0	0	0	0	0
AF	0	0.645846	1	1	0	0	0	0	0
AF	0	0.647096	2	2	0	0	0	0	0
AF	0	0.652405	1	1	0	0	0	0	0
AF	0	0.654591	1	0	1	0	0	0	0
AF	0	0.657089	1	1	0	0	0	0	0
AF	0	0.657714	1	1	0	0	0	0	0
AF	0	0.661462	1	1	0	0	0	0	0
AF	0	0.662399	1	1	0	0	0	0	0
AF	0	0.667083	1	1	0	0	0	0	0
AF	0	0.673641	2	1	1	0	0	0	0
AF	0	0.674266	1	0	1	0	0	0	0
AF	0	0.681137	3	1	2	0	0	0	0
AF	0	0.681761	1	1	0	0	0	0	0
AF	0	0.682074	1	0	1	0	0	0	0
AF	0	0.682386	1	1	0	0	0	0	0
AF	0	0.684260	1	0	1	0	0	0	0
AF	0	0.684884	1	0	1	0	0	0	0
AF	0	0.685509	1	1	0	0	0	0	0
AF	0	0.686758	1	0	1	0	0	0	0
AF	0	0.687071	2	2	0	0	0	0	0
AF	0	0.687383	1	1	0	0	0	0	0
AF	0	0.692067	1	0	1	0	0	0	0
AF	0	0.692692	1	0	1	0	0	0	0
AF	0	0.697064	1	1	0	0	0	0	0
AF	0	0.698001	1	0	1	0	0	0	0
AF	0	0.699250	1	0	1	0	0	0	0
AF	0	0.699563	1	0	1	0	0	0	0
AF	0	0.699875	5	4	1	0	0	0	0
AF	0	0.700187	3	2	1	0	0	0	0
AF	0	0.700500	2	1	1	0	0	0	0
AF	0	0.702374	1	1	0	0	0	0	0
AF	0	0.704872	1	1	0	0	0	0	0
AF	0	0.705497	1	0	1	0	0	0	0
AF	0	0.705809	1	0	1	0	0	0	0
AF	0	0.707370	2	1	1	0	0	0	0
AF	0	0.708307	1	1	0	0	0	0	0
AF	0	0.712367	2	2	0	0	0	0	0
AF	0	0.713304	1	0	1	0	0	0	0
AF	0	0.714866	2	2	0	0	0	0	0
AF	0	0.718301	1	1	0	0	0	0	0
AF	0	0.724547	1	1	0	0	0	0	0
AF	0	0.729232	1	1	0	0	0	0	0
AF	0	0.731106	1	0	1	0	0	0	0
AF	0	0.733604	1	1	0	0	0	0	0
AF	0	0.739850	1	0	1	0	0	0	0
AF	0	0.742036	1	1	0	0	0	0	0
AF	0	0.742973	1	1	0	0	0	0	0
AF	0	0.744222	1	1	0	0	0	0	0
AF	0	0.746721	1	1	0	0	0	0	0
AF	0	0.748282	1	1	0	0	0	0	0
AF	0	0.748907	1	0	1	0	0	0	0
AF	0	0.752967	1	0	1	0	0	0	0
AF	0	0.754216	2	2	0	0	0	0	0
AF	0	0.755465	1	1	0	0	0	0	0
AF	0	0.756715	2	2	0	0	0	0	0
AF	0	0.759213	1	1	0	0	0	0	0
AF	0	0.759838	1	1	0	0	0	0	0
AF	0	0.763585	1	0	1	0	0	0	0
AF	0	0.766396	1	0	1	0	0	0	0
AF	0	0.766708	1	1	0	0	0	0	0
AF	0	0.767333	2	1	1	0	0	0	0
AF	0	0.767958	1	1	0	0	0	0	0
AF	0	0.769831	1	1	0	0	0	0	0
AF	0	0.770768	1	1	0	0	0	0	0
AF	0	0.772330	1	0	1	0	0	0	0
AF	0	0.774516	1	1	0	0	0	0	0
AF	0	0.776077	1	1	0	0	0	0	0
AF	0	0.776390	1	1	0	0	0	0	0
AF	0	0.777327	1	1	0	0	0	0	0
AF	0	0.783260	1	1	0	0	0	0	0
AF	0	0.784197	1	0	1	0	0	0	0
AF	0	0.784510	1	0	1	0	0	0	0
AF	0	0.787945	1	1	0	0	0	0	0
AF	0	0.789819	1	0	1	0	0	0	0
AF	0	0.790131	1	1	0	0	0	0	0
AF	0	0.797314	1	1	0	0	0	0	0
AF	0	0.798251	1	0	1	0	0	0	0
AF	0	0.805746	1	1	0	0	0	0	0
AF	0	0.807308	1	1	0	0	0	0	0
AF	0	0.807620	1	1	0	0	0	0	0
AF	0	0.807933	2	1	1	0	0	0	0
AF	0	0.812929	3	1	2	0	0	0	0
AF	0	0.813242	1	0	1	0	0	0	0
AF	0	0.813866	1	1	0	0	0	0	0
AF	0	0.814491	1	0	1	0	0	0	0
AF	0	0.818239	1	1	0	0	0	0	0
AF	0	0.820737	1	0	1	0	0	0	0
AF	0	0.824485	1	1	0	0	0	0	0
AF	0	0.824797	1	1	0	0	0	0	0
AF	0	0.825109	1	1	0	0	0	0	0
AF	0	0.825734	1	1	0	0	0	0	0
AF	0	0.829794	1	1	0	0	0	0	0
AF	0	0.833854	1	1	0	0	0	0	0
AF	0	0.834166	1	1	0	0	0	0	0
AF	0	0.843223	1	1	0	0	0	0	0
AF	0	0.844472	1	0	1	0	0	0	0
AF	0	0.845721	1	0	1	0	0	0	0
AF	0	0.846346	1	1	0	0	0	0	0
AF	0	0.846658	1	1	0	0	0	0	0
AF	0	0.846971	3	2	1	0	0	0	0
AF	0	0.847595	4	2	2	0	0	0	0
AF	0	0.848532	1	0	1	0	0	0	0
AF	0	0.848844	2	0	2	0	0	0	0
AF	0	0.850718	2	1	1	0	0	0	0
AF	0	0.851031	3	2	1	0	0	0	0
AF	0	0.851343	2	1	1	0	0	0	0
AF	0	0.852280	2	1	1	0	0	0	0
AF	0	0.855091	1	1	0	0	0	0	0
AF	0	0.856652	1	0	1	0	0	0	0
AF	0	0.856964	3	3	0	0	0	0	0
AF	0	0.857277	1	1	0	0	0	0	0
AF	0	0.857589	1	0	1	0	0	0	0
AF	0	0.862586	2	2	0	0	0	0	0
AF	0	0.863210	4	3	1	0	0	0	0
AF	0	0.863523	1	1	0	0	0	0	0
AF	0	0.868832	1	1	0	0	0	0	0
AF	0	0.869144	1	1	0	0	0	0	0
AF	0	0.870706	1	1	0	0	0	0	0
AF	0	0.871330	2	1	1	0	0	0	0
AF	0	0.872267	1	0	1	0	0	0	0
AF	0	0.872580	1	1	0	0	0	0	0
AF	0	0.872892	1	1	0	0	0	0	0
AF	0	0.873204	3	3	0	0	0	0	0
AF	0	0.873517	1	1	0	0	0	0	0
AF	0	0.875703	2	2	0	0	0	0	0
AF	0	0.876327	1	1	0	0	0	0	0
AF	0	0.880700	1	0	1	0	0	0	0
AF	0	0.889756	1	0	1	0	0	0	0
AF	0	0.897876	2	1	1	0	0	0	0
AF	0	0.898501	2	2	0	0	0	0	0
AF	0	0.898813	1	0	1	0	0	0	0
AF	0	0.899126	1	0	1	0	0	0	0
AF	0	0.899750	1	1	0	0	0	0	0
AF	0	0.905372	2	0	2	0	0	0	0
AF	0	0.907558	1	1	0	0	0	0	0
AF	0	0.907870	1	0	1	0	0	0	0
AF	0	0.908807	1	1	0	0	0	0	0
AF	0	0.909119	2	1	1	0	0	0	0
AF	0	0.910056	1	1	0	0	0	0	0
AF	0	0.910993	12	6	6	0	0	0	0
AF	0	0.911618	2	2	0	0	0	0	0
AF	0	0.912242	1	1	0	0	0	0	0
AF	0	0.912555	1	1	0	0	0	0	0
AF	0	0.915678	2	1	1	0	0	0	0
AF	0	0.916615	3	0	3	0	0	0	0
AF	0	0.917239	2	1	1	0	0	0	0
AF	0	0.917864	4	2	2	0	0	0	0
AF	0	0.918176	2	2	0	0	0	0	0
AF	0	0.918488	1	1	0	0	0	0	0
AF	0	0.919113	1	1	0	0	0	0	0
AF	0	0.919738	5	5	0	0	0	0	0
AF	0	0.920362	4	2	2	0	0	0	0
AF	0	0.920675	1	1	0	0	0	0	0
AF	0	0.920987	2	2	0	0	0	0	0
AF	0	0.921924	1	0	1	0	0	0	0
AF	0	0.922236	1	1	0	0	0	0	0
AF	0	0.922548	1	1	0	0	0	0	0
AF	0	0.926608	1	1	0	0	0	0	0
AF	0	0.928482	1	0	1	0	0	0	0
AF	0	0.928795	1	1	0	0	0	0	0
AF	0	0.931293	1	1	0	0	0	0	0
AF	0	0.931605	1	0	1	0	0	0	0
AF	0	0.936914	1	1	0	0	0	0	0
AF	0	0.937227	1	1	0	0	0	0	0
AF	0	0.937851	2	2	0	0	0	0	0
AF	0	0.940974	3	0	3	0	0	0	0
AF	0	0.941287	2	2	0	0	0	0	0
AF	0	0.941599	4	2	2	0	0	0	0
AF	0	0.942224	1	1	0	0	0	0	0
AF	0	0.943785	2	0	2	0	0	0	0
AF	0	0.944097	3	1	2	0	0	0	0
AF	0	0.944722	2	1	1	0	0	0	0
AF	0	0.949094	2	2	0	0	0	0	0
AF	0	0.953467	1	1	0	0	0	0	0
AF	0	0.954091	2	2	0	0	0	0	0
AF	0	0.957214	1	1	0	0	0	0	0
AF	0	0.958776	1	0	1	0	0	0	0
AF	0	0.961587	1	1	0	0	0	0	0
AF	0	0.962211	2	1	1	0	0	0	0
AF	0	0.962836	2	1	1	0	0	0	0
AF	0	0.964085	1	1	0	0	0	0	0
AF	0	0.964397	1	1	0	0	0	0	0
AF	0	0.964710	1	1	0	0	0	0	0
AF	0	0.965022	1	1	0	0	0	0	0
AF	0	0.965334	1	1	0	0	0	0	0
AF	0	0.965959	1	1	0	0	0	0	0
AF	0	0.966583	2	2	0	0	0	0	0
AF	0	0.966896	2	1	1	0	0	0	0
AF	0	0.967208	23	14	9	0	0	0	0
AF	0	0.967520	8	7	1	0	0	0	0
AF	0	0.967833	1	0	1	0	0	0	0
AF	0	0.970643	1	1	0	0	0	0	0
AF	0	0.970956	1	0	1	0	0	0	0
AF	0	0.972205	1	1	0	0	0	0	0
AF	0	0.973454	2	2	0	0	0	0	0
AF	0	0.973766	2	1	1	0	0	0	0
AF	0	0.974079	4	4	0	0	0	0	0
AF	0	0.974391	2	1	1	0	0	0	0
AF	0	0.974703	2	2	0	0	0	0	0
AF	0	0.976265	1	1	0	0	0	0	0
AF	0	0.978763	1	1	0	0	0	0	0
AF	0	0.979388	1	1	0	0	0	0	0
AF	0	0.980325	1	1	0	0	0	0	0
AF	0	0.980949	1	1	0	0	0	0	0
AF	0	0.982199	1	0	1	0	0	0	0
AF	0	0.982823	1	1	0	0	0	0	0
AF	0	0.984072	1	1	0	0	0	0	0
AF	0	0.984385	1	1	0	0	0	0	0
AF	0	0.992192	1	0	1	0	0	0	0
AF	0	0.992505	1	1	0	0	0	0	0
AF	0	0.993442	1	1	0	0	0	0	0
AF	0	0.994379	1	1	0	0	0	0	0
AF	0	0.996877	1	1	0	0	0	0	0
AF	0	0.998751	1	1	0	0	0	0	0
# QUAL, Stats by quality
# QUAL	[2]id	[3]Quality	[4]number of SNPs	[5]number of transitions (1st ALT)	[6]number of transversions (1st ALT)	[7]number of indels
QUAL	0	.	13761	9520	4241	0
# IDD, InDel distribution:
# IDD	[2]id	[3]length (deletions negative)	[4]number of sites	[5]number of genotypes	[6]mean VAF
# ST, Substitution types:
# ST	[2]id	[3]type	[4]count
ST	0	A>C	482
ST	0	A>G	1735
ST	0	A>T	488
ST	0	C>A	631
ST	0	C>G	594
ST	0	C>T	3036
ST	0	G>A	3087
ST	0	G>C	579
ST	0	G>T	569
ST	0	T>A	455
ST	0	T>C	1662
ST	0	T>G	443
# DP, Depth distribution
# DP	[2]id	[3]bin	[4]number of genotypes	[5]fraction of genotypes (%)	[6]number of sites	[7]fraction of sites (%)
  - Fix haploid genotypes in males...

Submit MakeDiploidMalesX finished successfully. Let's have a beer, buddy!

