Submit MakeDiploidMalesX
version 1.1.6 (2024-09-30)

These are the settings:
  Input file................: /hpc/local/Rocky8/dhl_ec/software/MonopogenLite/resources/1kGP_high_coverage_Illumina.SNVonly_poly.filtered_AF_5e-04.norm.fixvariantid.chrX.vcf.gz
  Output file...............: /hpc/local/Rocky8/dhl_ec/software/MonopogenLite/resources/1kGP_high_coverage_Illumina.SNVonly_poly.filtered_AF_5e-04.norm.fixvariantid.makediploid.chrX.vcf.gz
  Chunk size................: 100

  SLURM CPUs................: 4
  SLURM Array ID............: 79 (of 100)
  SLURM memory..............: 16G
  SLURM time................: 01:00:00
  SLURM mail type...........: FAIL
  SLURM mail user...........: s.w.vanderlaan-2@umcutrecht.nl

  Dry run mode..............: 0
  Debug mode................: 1
  Verbosity.................: 0
  Version...................: 1.1.6 (2024-09-30)

Making converting haploid genotypes to diploid genotypes.
> Extract the region for this SLURM task (# 79) from the BED file.
  - Get the chunk number from the SLURM array task ID and the bed file...
DEBUG: Extracting chunk number: 79p from 79
DEBUG: Extracting region from BED file: /hpc/local/Rocky8/dhl_ec/software/MonopogenLite/resources/chrX_100pieces.bed
  - Extract the region from the BED file...
DEBUG: Extracted raw region: 'chrX	121711825	123272232' (chunk #: 79p of 100 for job 79)
  - Check if a valid region was extracted -- should be 'chrX	121711825	123272232'...
  - Prepare the region for bcftools...
  - Check if the region (chrX:121711825-123272232) was successfully extracted...
> Processing region 'chrX:121711825-123272232'...
  - Process the specific region (chunk# 79) using bcftools view...
  - Index the VCF file...
DEBUG: Check if the VCF file was successfully processed...
##fileformat=VCFv4.2
##FILTER=<ID=PASS,Description="All filters passed">
##fileDate=29/01/2022 - 14:31:41
##source=shapeit4.2.2
##contig=<ID=chr1,length=248956422>
##contig=<ID=chr2,length=242193529>
##contig=<ID=chr3,length=198295559>
##contig=<ID=chr4,length=190214555>
##contig=<ID=chr5,length=181538259>
##contig=<ID=chr6,length=170805979>
# This file was produced by bcftools stats (1.20+htslib-1.20) and can be plotted using plot-vcfstats.
# The command line was:	bcftools stats  /hpc/local/Rocky8/dhl_ec/software/MonopogenLite/resources/chrX.part79.vcf.gz
#
# Definition of sets:
# ID	[2]id	[3]tab-separated file names
ID	0	/hpc/local/Rocky8/dhl_ec/software/MonopogenLite/resources/chrX.part79.vcf.gz
# SN, Summary numbers:
#   number of records   .. number of data rows in the VCF
#   number of no-ALTs   .. reference-only sites, ALT is either "." or identical to REF
#   number of SNPs      .. number of rows with a SNP
#   number of MNPs      .. number of rows with a MNP, such as CC>TT
#   number of indels    .. number of rows with an indel
#   number of others    .. number of rows with other type, for example a symbolic allele or
#                          a complex substitution, such as ACT>TCGA
#   number of multiallelic sites     .. number of rows with multiple alternate alleles
#   number of multiallelic SNP sites .. number of rows with multiple alternate alleles, all SNPs
# 
#   Note that rows containing multiple types will be counted multiple times, in each
#   counter. For example, a row with a SNP and an indel increments both the SNP and
#   the indel counter.
# 
# SN	[2]id	[3]key	[4]value
SN	0	number of samples:	3202
SN	0	number of records:	17936
SN	0	number of no-ALTs:	0
SN	0	number of SNPs:	17936
SN	0	number of MNPs:	0
SN	0	number of indels:	0
SN	0	number of others:	0
SN	0	number of multiallelic sites:	0
SN	0	number of multiallelic SNP sites:	0
# TSTV, transitions/transversions:
# TSTV	[2]id	[3]ts	[4]tv	[5]ts/tv	[6]ts (1st ALT)	[7]tv (1st ALT)	[8]ts/tv (1st ALT)
TSTV	0	11992	5944	2.02	11992	5944	2.02
# SiS, Singleton stats:
# SiS	[2]id	[3]allele count	[4]number of SNPs	[5]number of transitions	[6]number of transversions	[7]number of indels	[8]repeat-consistent	[9]repeat-inconsistent	[10]not applicable
SiS	0	1	0	0	0	0	0	0	0
# AF, Stats by non-reference allele frequency:
# AF	[2]id	[3]allele frequency	[4]number of SNPs	[5]number of transitions	[6]number of transversions	[7]number of indels	[8]repeat-consistent	[9]repeat-inconsistent	[10]not applicable
AF	0	0.000312	2665	1803	862	0	0	0	0
AF	0	0.000625	1685	1151	534	0	0	0	0
AF	0	0.000937	1925	1308	617	0	0	0	0
AF	0	0.001249	634	442	192	0	0	0	0
AF	0	0.001562	1009	668	341	0	0	0	0
AF	0	0.001874	347	219	128	0	0	0	0
AF	0	0.002186	611	396	215	0	0	0	0
AF	0	0.002498	241	161	80	0	0	0	0
AF	0	0.002811	443	295	148	0	0	0	0
AF	0	0.003123	201	126	75	0	0	0	0
AF	0	0.003435	324	223	101	0	0	0	0
AF	0	0.003748	134	95	39	0	0	0	0
AF	0	0.004060	219	146	73	0	0	0	0
AF	0	0.004372	112	76	36	0	0	0	0
AF	0	0.004685	201	138	63	0	0	0	0
AF	0	0.004997	100	69	31	0	0	0	0
AF	0	0.005309	168	118	50	0	0	0	0
AF	0	0.005621	79	47	32	0	0	0	0
AF	0	0.005934	192	120	72	0	0	0	0
AF	0	0.006246	89	63	26	0	0	0	0
AF	0	0.006558	196	130	66	0	0	0	0
AF	0	0.006871	80	54	26	0	0	0	0
AF	0	0.007183	142	101	41	0	0	0	0
AF	0	0.007495	88	62	26	0	0	0	0
AF	0	0.007808	129	91	38	0	0	0	0
AF	0	0.008120	48	37	11	0	0	0	0
AF	0	0.008432	105	62	43	0	0	0	0
AF	0	0.008745	49	33	16	0	0	0	0
AF	0	0.009057	105	84	21	0	0	0	0
AF	0	0.009369	45	28	17	0	0	0	0
AF	0	0.009681	88	59	29	0	0	0	0
AF	0	0.009994	30	18	12	0	0	0	0
AF	0	0.010306	88	57	31	0	0	0	0
AF	0	0.010618	32	23	9	0	0	0	0
AF	0	0.010931	63	43	20	0	0	0	0
AF	0	0.011243	45	28	17	0	0	0	0
AF	0	0.011555	70	41	29	0	0	0	0
AF	0	0.011868	32	20	12	0	0	0	0
AF	0	0.012180	48	31	17	0	0	0	0
AF	0	0.012492	39	28	11	0	0	0	0
AF	0	0.012804	66	44	22	0	0	0	0
AF	0	0.013117	40	27	13	0	0	0	0
AF	0	0.013429	61	39	22	0	0	0	0
AF	0	0.013741	22	8	14	0	0	0	0
AF	0	0.014054	99	63	36	0	0	0	0
AF	0	0.014366	29	20	9	0	0	0	0
AF	0	0.014678	60	41	19	0	0	0	0
AF	0	0.014991	15	6	9	0	0	0	0
AF	0	0.015303	50	36	14	0	0	0	0
AF	0	0.015615	24	16	8	0	0	0	0
AF	0	0.015928	32	20	12	0	0	0	0
AF	0	0.016240	10	7	3	0	0	0	0
AF	0	0.016552	42	24	18	0	0	0	0
AF	0	0.016864	13	9	4	0	0	0	0
AF	0	0.017177	22	12	10	0	0	0	0
AF	0	0.017489	14	13	1	0	0	0	0
AF	0	0.017801	45	32	13	0	0	0	0
AF	0	0.018114	19	10	9	0	0	0	0
AF	0	0.018426	24	19	5	0	0	0	0
AF	0	0.018738	18	14	4	0	0	0	0
AF	0	0.019051	47	35	12	0	0	0	0
AF	0	0.019363	22	13	9	0	0	0	0
AF	0	0.019675	33	23	10	0	0	0	0
AF	0	0.019988	7	4	3	0	0	0	0
AF	0	0.020300	28	22	6	0	0	0	0
AF	0	0.020612	13	7	6	0	0	0	0
AF	0	0.020924	36	20	16	0	0	0	0
AF	0	0.021237	19	9	10	0	0	0	0
AF	0	0.021549	54	30	24	0	0	0	0
AF	0	0.021861	14	9	5	0	0	0	0
AF	0	0.022174	28	18	10	0	0	0	0
AF	0	0.022486	23	17	6	0	0	0	0
AF	0	0.022798	42	26	16	0	0	0	0
AF	0	0.023111	35	27	8	0	0	0	0
AF	0	0.023423	40	22	18	0	0	0	0
AF	0	0.023735	14	11	3	0	0	0	0
AF	0	0.024047	29	16	13	0	0	0	0
AF	0	0.024360	15	11	4	0	0	0	0
AF	0	0.024672	11	10	1	0	0	0	0
AF	0	0.024984	11	9	2	0	0	0	0
AF	0	0.025297	21	12	9	0	0	0	0
AF	0	0.025609	10	4	6	0	0	0	0
AF	0	0.025921	14	10	4	0	0	0	0
AF	0	0.026234	9	5	4	0	0	0	0
AF	0	0.026546	27	19	8	0	0	0	0
AF	0	0.026858	16	12	4	0	0	0	0
AF	0	0.027171	21	17	4	0	0	0	0
AF	0	0.027483	35	26	9	0	0	0	0
AF	0	0.027795	15	10	5	0	0	0	0
AF	0	0.028107	6	3	3	0	0	0	0
AF	0	0.028420	13	4	9	0	0	0	0
AF	0	0.028732	14	12	2	0	0	0	0
AF	0	0.029044	35	21	14	0	0	0	0
AF	0	0.029357	7	4	3	0	0	0	0
AF	0	0.029669	23	15	8	0	0	0	0
AF	0	0.029981	13	9	4	0	0	0	0
AF	0	0.030294	31	16	15	0	0	0	0
AF	0	0.030606	6	3	3	0	0	0	0
AF	0	0.030918	17	12	5	0	0	0	0
AF	0	0.031230	10	8	2	0	0	0	0
AF	0	0.031543	17	6	11	0	0	0	0
AF	0	0.031855	12	8	4	0	0	0	0
AF	0	0.032167	10	5	5	0	0	0	0
AF	0	0.032480	5	4	1	0	0	0	0
AF	0	0.032792	13	5	8	0	0	0	0
AF	0	0.033104	7	4	3	0	0	0	0
AF	0	0.033417	7	3	4	0	0	0	0
AF	0	0.033729	6	6	0	0	0	0	0
AF	0	0.034041	18	11	7	0	0	0	0
AF	0	0.034354	6	5	1	0	0	0	0
AF	0	0.034666	19	16	3	0	0	0	0
AF	0	0.034978	12	9	3	0	0	0	0
AF	0	0.035290	13	5	8	0	0	0	0
AF	0	0.035603	6	3	3	0	0	0	0
AF	0	0.035915	16	11	5	0	0	0	0
AF	0	0.036227	6	5	1	0	0	0	0
AF	0	0.036540	12	10	2	0	0	0	0
AF	0	0.036852	7	5	2	0	0	0	0
AF	0	0.037164	18	13	5	0	0	0	0
AF	0	0.037477	5	5	0	0	0	0	0
AF	0	0.037789	9	6	3	0	0	0	0
AF	0	0.038101	6	6	0	0	0	0	0
AF	0	0.038413	7	3	4	0	0	0	0
AF	0	0.038726	6	5	1	0	0	0	0
AF	0	0.039038	3	1	2	0	0	0	0
AF	0	0.039350	6	5	1	0	0	0	0
AF	0	0.039663	5	3	2	0	0	0	0
AF	0	0.039975	2	2	0	0	0	0	0
AF	0	0.040287	6	3	3	0	0	0	0
AF	0	0.040600	3	2	1	0	0	0	0
AF	0	0.040912	4	4	0	0	0	0	0
AF	0	0.041537	5	2	3	0	0	0	0
AF	0	0.041849	2	2	0	0	0	0	0
AF	0	0.042161	10	8	2	0	0	0	0
AF	0	0.042473	11	10	1	0	0	0	0
AF	0	0.042786	11	7	4	0	0	0	0
AF	0	0.043098	3	3	0	0	0	0	0
AF	0	0.043410	6	3	3	0	0	0	0
AF	0	0.043723	18	13	5	0	0	0	0
AF	0	0.044035	16	8	8	0	0	0	0
AF	0	0.044347	5	2	3	0	0	0	0
AF	0	0.044660	8	6	2	0	0	0	0
AF	0	0.044972	8	6	2	0	0	0	0
AF	0	0.045284	7	4	3	0	0	0	0
AF	0	0.045597	9	8	1	0	0	0	0
AF	0	0.045909	7	3	4	0	0	0	0
AF	0	0.046221	3	3	0	0	0	0	0
AF	0	0.046533	7	2	5	0	0	0	0
AF	0	0.047158	2	1	1	0	0	0	0
AF	0	0.047470	3	2	1	0	0	0	0
AF	0	0.047783	7	4	3	0	0	0	0
AF	0	0.048095	2	2	0	0	0	0	0
AF	0	0.048407	12	5	7	0	0	0	0
AF	0	0.048720	10	6	4	0	0	0	0
AF	0	0.049032	8	3	5	0	0	0	0
AF	0	0.049344	3	3	0	0	0	0	0
AF	0	0.049656	6	5	1	0	0	0	0
AF	0	0.049969	5	4	1	0	0	0	0
AF	0	0.050281	8	6	2	0	0	0	0
AF	0	0.050906	3	1	2	0	0	0	0
AF	0	0.051218	2	1	1	0	0	0	0
AF	0	0.051530	4	4	0	0	0	0	0
AF	0	0.051843	3	1	2	0	0	0	0
AF	0	0.052155	4	4	0	0	0	0	0
AF	0	0.052467	2	1	1	0	0	0	0
AF	0	0.052780	10	6	4	0	0	0	0
AF	0	0.053092	2	0	2	0	0	0	0
AF	0	0.053404	1	1	0	0	0	0	0
AF	0	0.054029	2	2	0	0	0	0	0
AF	0	0.054341	1	1	0	0	0	0	0
AF	0	0.054653	7	6	1	0	0	0	0
AF	0	0.054966	1	0	1	0	0	0	0
AF	0	0.055278	4	3	1	0	0	0	0
AF	0	0.055590	4	1	3	0	0	0	0
AF	0	0.055903	3	2	1	0	0	0	0
AF	0	0.056215	2	1	1	0	0	0	0
AF	0	0.056527	5	3	2	0	0	0	0
AF	0	0.056839	5	4	1	0	0	0	0
AF	0	0.057152	6	6	0	0	0	0	0
AF	0	0.057464	4	2	2	0	0	0	0
AF	0	0.057776	8	5	3	0	0	0	0
AF	0	0.058089	1	1	0	0	0	0	0
AF	0	0.058401	2	1	1	0	0	0	0
AF	0	0.058713	2	1	1	0	0	0	0
AF	0	0.059026	3	3	0	0	0	0	0
AF	0	0.059338	1	1	0	0	0	0	0
AF	0	0.059650	2	1	1	0	0	0	0
AF	0	0.059963	2	2	0	0	0	0	0
AF	0	0.060275	12	6	6	0	0	0	0
AF	0	0.060899	5	4	1	0	0	0	0
AF	0	0.061524	5	4	1	0	0	0	0
AF	0	0.061836	2	2	0	0	0	0	0
AF	0	0.062149	4	3	1	0	0	0	0
AF	0	0.062461	2	1	1	0	0	0	0
AF	0	0.062773	5	4	1	0	0	0	0
AF	0	0.063398	5	5	0	0	0	0	0
AF	0	0.063710	3	2	1	0	0	0	0
AF	0	0.064022	5	3	2	0	0	0	0
AF	0	0.064335	1	1	0	0	0	0	0
AF	0	0.064647	6	3	3	0	0	0	0
AF	0	0.064959	1	1	0	0	0	0	0
AF	0	0.065272	3	2	1	0	0	0	0
AF	0	0.065896	3	2	1	0	0	0	0
AF	0	0.066521	1	0	1	0	0	0	0
AF	0	0.066833	2	1	1	0	0	0	0
AF	0	0.067146	2	1	1	0	0	0	0
AF	0	0.068082	1	0	1	0	0	0	0
AF	0	0.068707	2	2	0	0	0	0	0
AF	0	0.069332	2	2	0	0	0	0	0
AF	0	0.069644	1	0	1	0	0	0	0
AF	0	0.070269	3	0	3	0	0	0	0
AF	0	0.070581	1	1	0	0	0	0	0
AF	0	0.070893	11	7	4	0	0	0	0
AF	0	0.071205	6	5	1	0	0	0	0
AF	0	0.071518	7	4	3	0	0	0	0
AF	0	0.071830	3	2	1	0	0	0	0
AF	0	0.072142	6	4	2	0	0	0	0
AF	0	0.072455	1	1	0	0	0	0	0
AF	0	0.072767	3	2	1	0	0	0	0
AF	0	0.073079	3	1	2	0	0	0	0
AF	0	0.073392	5	4	1	0	0	0	0
AF	0	0.073704	4	3	1	0	0	0	0
AF	0	0.074016	5	3	2	0	0	0	0
AF	0	0.074329	3	1	2	0	0	0	0
AF	0	0.074641	2	2	0	0	0	0	0
AF	0	0.074953	1	1	0	0	0	0	0
AF	0	0.075265	3	2	1	0	0	0	0
AF	0	0.075578	2	0	2	0	0	0	0
AF	0	0.075890	2	2	0	0	0	0	0
AF	0	0.076202	6	4	2	0	0	0	0
AF	0	0.076515	4	3	1	0	0	0	0
AF	0	0.076827	2	2	0	0	0	0	0
AF	0	0.077139	5	4	1	0	0	0	0
AF	0	0.077452	2	1	1	0	0	0	0
AF	0	0.077764	6	5	1	0	0	0	0
AF	0	0.078076	2	1	1	0	0	0	0
AF	0	0.078389	4	2	2	0	0	0	0
AF	0	0.078701	1	1	0	0	0	0	0
AF	0	0.079013	5	3	2	0	0	0	0
AF	0	0.079325	2	2	0	0	0	0	0
AF	0	0.079638	4	4	0	0	0	0	0
AF	0	0.079950	2	1	1	0	0	0	0
AF	0	0.080262	2	1	1	0	0	0	0
AF	0	0.080575	4	1	3	0	0	0	0
AF	0	0.080887	3	2	1	0	0	0	0
AF	0	0.081512	4	1	3	0	0	0	0
AF	0	0.082136	5	4	1	0	0	0	0
AF	0	0.082761	3	3	0	0	0	0	0
AF	0	0.083073	2	2	0	0	0	0	0
AF	0	0.083385	8	7	1	0	0	0	0
AF	0	0.083698	3	2	1	0	0	0	0
AF	0	0.084010	2	2	0	0	0	0	0
AF	0	0.084635	2	1	1	0	0	0	0
AF	0	0.084947	2	1	1	0	0	0	0
AF	0	0.085259	6	1	5	0	0	0	0
AF	0	0.085572	1	1	0	0	0	0	0
AF	0	0.085884	5	2	3	0	0	0	0
AF	0	0.086196	5	3	2	0	0	0	0
AF	0	0.086508	8	5	3	0	0	0	0
AF	0	0.086821	2	2	0	0	0	0	0
AF	0	0.087133	7	5	2	0	0	0	0
AF	0	0.087445	2	1	1	0	0	0	0
AF	0	0.087758	9	3	6	0	0	0	0
AF	0	0.088070	2	1	1	0	0	0	0
AF	0	0.088382	4	2	2	0	0	0	0
AF	0	0.088695	3	1	2	0	0	0	0
AF	0	0.089007	2	1	1	0	0	0	0
AF	0	0.089319	1	0	1	0	0	0	0
AF	0	0.089631	1	0	1	0	0	0	0
AF	0	0.089944	3	1	2	0	0	0	0
AF	0	0.090256	1	1	0	0	0	0	0
AF	0	0.090568	1	0	1	0	0	0	0
AF	0	0.090881	2	2	0	0	0	0	0
AF	0	0.091193	2	1	1	0	0	0	0
AF	0	0.091505	8	5	3	0	0	0	0
AF	0	0.091818	1	1	0	0	0	0	0
AF	0	0.092130	3	2	1	0	0	0	0
AF	0	0.092442	2	2	0	0	0	0	0
AF	0	0.092755	3	2	1	0	0	0	0
AF	0	0.093067	1	1	0	0	0	0	0
AF	0	0.093379	3	3	0	0	0	0	0
AF	0	0.093691	1	0	1	0	0	0	0
AF	0	0.094004	7	6	1	0	0	0	0
AF	0	0.094316	1	1	0	0	0	0	0
AF	0	0.094628	7	3	4	0	0	0	0
AF	0	0.094941	3	1	2	0	0	0	0
AF	0	0.095253	3	1	2	0	0	0	0
AF	0	0.095565	2	1	1	0	0	0	0
AF	0	0.095878	1	0	1	0	0	0	0
AF	0	0.096502	2	2	0	0	0	0	0
AF	0	0.097751	1	1	0	0	0	0	0
AF	0	0.098064	2	2	0	0	0	0	0
AF	0	0.098376	4	3	1	0	0	0	0
AF	0	0.098688	1	1	0	0	0	0	0
AF	0	0.099001	3	2	1	0	0	0	0
AF	0	0.099313	3	2	1	0	0	0	0
AF	0	0.099625	2	2	0	0	0	0	0
AF	0	0.100250	4	2	2	0	0	0	0
AF	0	0.100562	3	1	2	0	0	0	0
AF	0	0.100874	5	4	1	0	0	0	0
AF	0	0.101187	4	4	0	0	0	0	0
AF	0	0.101499	6	5	1	0	0	0	0
AF	0	0.102124	1	1	0	0	0	0	0
AF	0	0.102748	2	1	1	0	0	0	0
AF	0	0.103061	2	1	1	0	0	0	0
AF	0	0.103373	1	1	0	0	0	0	0
AF	0	0.103685	4	1	3	0	0	0	0
AF	0	0.103998	1	1	0	0	0	0	0
AF	0	0.104310	1	1	0	0	0	0	0
AF	0	0.104622	2	1	1	0	0	0	0
AF	0	0.104934	2	1	1	0	0	0	0
AF	0	0.105247	4	2	2	0	0	0	0
AF	0	0.105871	5	3	2	0	0	0	0
AF	0	0.106184	3	3	0	0	0	0	0
AF	0	0.106496	5	5	0	0	0	0	0
AF	0	0.107121	1	0	1	0	0	0	0
AF	0	0.107433	3	3	0	0	0	0	0
AF	0	0.107745	2	2	0	0	0	0	0
AF	0	0.108370	2	2	0	0	0	0	0
AF	0	0.108682	2	1	1	0	0	0	0
AF	0	0.108994	3	2	1	0	0	0	0
AF	0	0.109619	2	2	0	0	0	0	0
AF	0	0.109931	2	1	1	0	0	0	0
AF	0	0.110244	2	1	1	0	0	0	0
AF	0	0.110556	1	1	0	0	0	0	0
AF	0	0.110868	1	1	0	0	0	0	0
AF	0	0.111493	1	1	0	0	0	0	0
AF	0	0.111805	1	1	0	0	0	0	0
AF	0	0.112117	1	0	1	0	0	0	0
AF	0	0.112430	1	1	0	0	0	0	0
AF	0	0.112742	2	2	0	0	0	0	0
AF	0	0.113054	2	2	0	0	0	0	0
AF	0	0.113367	1	0	1	0	0	0	0
AF	0	0.113991	1	1	0	0	0	0	0
AF	0	0.114304	2	1	1	0	0	0	0
AF	0	0.114928	1	1	0	0	0	0	0
AF	0	0.115240	2	1	1	0	0	0	0
AF	0	0.115553	2	1	1	0	0	0	0
AF	0	0.115865	1	1	0	0	0	0	0
AF	0	0.116177	2	1	1	0	0	0	0
AF	0	0.116802	3	2	1	0	0	0	0
AF	0	0.117114	1	1	0	0	0	0	0
AF	0	0.117427	8	5	3	0	0	0	0
AF	0	0.117739	4	4	0	0	0	0	0
AF	0	0.118051	1	0	1	0	0	0	0
AF	0	0.118676	3	3	0	0	0	0	0
AF	0	0.118988	2	1	1	0	0	0	0
AF	0	0.119300	3	3	0	0	0	0	0
AF	0	0.119613	1	1	0	0	0	0	0
AF	0	0.119925	3	1	2	0	0	0	0
AF	0	0.120237	2	2	0	0	0	0	0
AF	0	0.120550	2	2	0	0	0	0	0
AF	0	0.120862	3	3	0	0	0	0	0
AF	0	0.121174	5	4	1	0	0	0	0
AF	0	0.121799	8	6	2	0	0	0	0
AF	0	0.122111	2	0	2	0	0	0	0
AF	0	0.122423	1	1	0	0	0	0	0
AF	0	0.122736	2	2	0	0	0	0	0
AF	0	0.123048	1	0	1	0	0	0	0
AF	0	0.123360	1	0	1	0	0	0	0
AF	0	0.123673	5	4	1	0	0	0	0
AF	0	0.123985	2	2	0	0	0	0	0
AF	0	0.124297	2	2	0	0	0	0	0
AF	0	0.124610	1	1	0	0	0	0	0
AF	0	0.124922	2	2	0	0	0	0	0
AF	0	0.125234	1	1	0	0	0	0	0
AF	0	0.125547	2	2	0	0	0	0	0
AF	0	0.125859	3	2	1	0	0	0	0
AF	0	0.126171	9	6	3	0	0	0	0
AF	0	0.126483	2	2	0	0	0	0	0
AF	0	0.126796	2	2	0	0	0	0	0
AF	0	0.127420	3	0	3	0	0	0	0
AF	0	0.127733	4	3	1	0	0	0	0
AF	0	0.128045	1	1	0	0	0	0	0
AF	0	0.128357	2	1	1	0	0	0	0
AF	0	0.128982	1	0	1	0	0	0	0
AF	0	0.129294	5	2	3	0	0	0	0
AF	0	0.129606	1	0	1	0	0	0	0
AF	0	0.129919	1	0	1	0	0	0	0
AF	0	0.130543	1	1	0	0	0	0	0
AF	0	0.130856	2	2	0	0	0	0	0
AF	0	0.131168	2	0	2	0	0	0	0
AF	0	0.131793	3	1	2	0	0	0	0
AF	0	0.132417	3	1	2	0	0	0	0
AF	0	0.133042	1	1	0	0	0	0	0
AF	0	0.133666	3	1	2	0	0	0	0
AF	0	0.133979	2	2	0	0	0	0	0
AF	0	0.134291	2	2	0	0	0	0	0
AF	0	0.134603	1	1	0	0	0	0	0
AF	0	0.134916	4	4	0	0	0	0	0
AF	0	0.135228	1	0	1	0	0	0	0
AF	0	0.135540	3	2	1	0	0	0	0
AF	0	0.136165	3	3	0	0	0	0	0
AF	0	0.136477	2	2	0	0	0	0	0
AF	0	0.136790	1	1	0	0	0	0	0
AF	0	0.137102	2	1	1	0	0	0	0
AF	0	0.137414	2	2	0	0	0	0	0
AF	0	0.137726	3	2	1	0	0	0	0
AF	0	0.138039	2	2	0	0	0	0	0
AF	0	0.138663	2	1	1	0	0	0	0
AF	0	0.139288	3	3	0	0	0	0	0
AF	0	0.139600	2	1	1	0	0	0	0
AF	0	0.139913	5	4	1	0	0	0	0
AF	0	0.140537	2	0	2	0	0	0	0
AF	0	0.141162	2	2	0	0	0	0	0
AF	0	0.141474	1	1	0	0	0	0	0
AF	0	0.141786	3	2	1	0	0	0	0
AF	0	0.142099	1	1	0	0	0	0	0
AF	0	0.142411	1	1	0	0	0	0	0
AF	0	0.143348	2	1	1	0	0	0	0
AF	0	0.143660	4	1	3	0	0	0	0
AF	0	0.143973	1	1	0	0	0	0	0
AF	0	0.144285	2	2	0	0	0	0	0
AF	0	0.144909	2	1	1	0	0	0	0
AF	0	0.145222	2	2	0	0	0	0	0
AF	0	0.145534	4	2	2	0	0	0	0
AF	0	0.145846	1	1	0	0	0	0	0
AF	0	0.146159	3	1	2	0	0	0	0
AF	0	0.146471	2	1	1	0	0	0	0
AF	0	0.146783	6	3	3	0	0	0	0
AF	0	0.147096	1	1	0	0	0	0	0
AF	0	0.147408	1	1	0	0	0	0	0
AF	0	0.148032	2	2	0	0	0	0	0
AF	0	0.148345	1	1	0	0	0	0	0
AF	0	0.148657	5	5	0	0	0	0	0
AF	0	0.149594	1	0	1	0	0	0	0
AF	0	0.149906	1	1	0	0	0	0	0
AF	0	0.150219	1	1	0	0	0	0	0
AF	0	0.150531	4	2	2	0	0	0	0
AF	0	0.150843	1	1	0	0	0	0	0
AF	0	0.151468	1	1	0	0	0	0	0
AF	0	0.152405	2	2	0	0	0	0	0
AF	0	0.153342	1	1	0	0	0	0	0
AF	0	0.153654	2	1	1	0	0	0	0
AF	0	0.153966	1	0	1	0	0	0	0
AF	0	0.154279	3	2	1	0	0	0	0
AF	0	0.154591	2	1	1	0	0	0	0
AF	0	0.154903	1	1	0	0	0	0	0
AF	0	0.155215	1	0	1	0	0	0	0
AF	0	0.155528	2	2	0	0	0	0	0
AF	0	0.156152	2	0	2	0	0	0	0
AF	0	0.156465	1	0	1	0	0	0	0
AF	0	0.156777	3	1	2	0	0	0	0
AF	0	0.157089	2	2	0	0	0	0	0
AF	0	0.157714	1	1	0	0	0	0	0
AF	0	0.158026	1	1	0	0	0	0	0
AF	0	0.158339	3	1	2	0	0	0	0
AF	0	0.158651	1	0	1	0	0	0	0
AF	0	0.158963	1	0	1	0	0	0	0
AF	0	0.159275	2	2	0	0	0	0	0
AF	0	0.159900	1	1	0	0	0	0	0
AF	0	0.160212	4	4	0	0	0	0	0
AF	0	0.160837	1	1	0	0	0	0	0
AF	0	0.161149	1	1	0	0	0	0	0
AF	0	0.161462	1	0	1	0	0	0	0
AF	0	0.161774	2	2	0	0	0	0	0
AF	0	0.162399	3	3	0	0	0	0	0
AF	0	0.162711	2	2	0	0	0	0	0
AF	0	0.163023	2	1	1	0	0	0	0
AF	0	0.163335	1	0	1	0	0	0	0
AF	0	0.163648	3	2	1	0	0	0	0
AF	0	0.163960	1	1	0	0	0	0	0
AF	0	0.164272	1	1	0	0	0	0	0
AF	0	0.164585	1	0	1	0	0	0	0
AF	0	0.165209	3	2	1	0	0	0	0
AF	0	0.165522	2	1	1	0	0	0	0
AF	0	0.166146	2	2	0	0	0	0	0
AF	0	0.166458	2	1	1	0	0	0	0
AF	0	0.166771	11	7	4	0	0	0	0
AF	0	0.167083	2	1	1	0	0	0	0
AF	0	0.167708	3	1	2	0	0	0	0
AF	0	0.168020	2	2	0	0	0	0	0
AF	0	0.168332	1	1	0	0	0	0	0
AF	0	0.168645	2	1	1	0	0	0	0
AF	0	0.168957	1	1	0	0	0	0	0
AF	0	0.169269	1	1	0	0	0	0	0
AF	0	0.169582	1	1	0	0	0	0	0
AF	0	0.169894	5	3	2	0	0	0	0
AF	0	0.170206	2	2	0	0	0	0	0
AF	0	0.170518	2	2	0	0	0	0	0
AF	0	0.170831	3	3	0	0	0	0	0
AF	0	0.171143	2	1	1	0	0	0	0
AF	0	0.171768	1	0	1	0	0	0	0
AF	0	0.172392	2	2	0	0	0	0	0
AF	0	0.173017	2	2	0	0	0	0	0
AF	0	0.173329	2	2	0	0	0	0	0
AF	0	0.173641	1	1	0	0	0	0	0
AF	0	0.173954	3	2	1	0	0	0	0
AF	0	0.174266	3	1	2	0	0	0	0
AF	0	0.174578	1	1	0	0	0	0	0
AF	0	0.175203	1	1	0	0	0	0	0
AF	0	0.175515	1	0	1	0	0	0	0
AF	0	0.176140	2	2	0	0	0	0	0
AF	0	0.176452	2	2	0	0	0	0	0
AF	0	0.176765	2	0	2	0	0	0	0
AF	0	0.177389	2	2	0	0	0	0	0
AF	0	0.178638	3	2	1	0	0	0	0
AF	0	0.179263	3	0	3	0	0	0	0
AF	0	0.179575	2	1	1	0	0	0	0
AF	0	0.179888	2	1	1	0	0	0	0
AF	0	0.180512	1	1	0	0	0	0	0
AF	0	0.180824	2	1	1	0	0	0	0
AF	0	0.181137	1	1	0	0	0	0	0
AF	0	0.181449	1	0	1	0	0	0	0
AF	0	0.181761	2	2	0	0	0	0	0
AF	0	0.182698	1	1	0	0	0	0	0
AF	0	0.183011	3	3	0	0	0	0	0
AF	0	0.183323	1	0	1	0	0	0	0
AF	0	0.183635	3	1	2	0	0	0	0
AF	0	0.183948	2	2	0	0	0	0	0
AF	0	0.184260	1	1	0	0	0	0	0
AF	0	0.185509	3	3	0	0	0	0	0
AF	0	0.186134	1	0	1	0	0	0	0
AF	0	0.187383	4	4	0	0	0	0	0
AF	0	0.187695	3	2	1	0	0	0	0
AF	0	0.188320	1	0	1	0	0	0	0
AF	0	0.188632	1	0	1	0	0	0	0
AF	0	0.188944	1	0	1	0	0	0	0
AF	0	0.189257	2	1	1	0	0	0	0
AF	0	0.189569	1	0	1	0	0	0	0
AF	0	0.189881	5	4	1	0	0	0	0
AF	0	0.190506	5	2	3	0	0	0	0
AF	0	0.190818	1	0	1	0	0	0	0
AF	0	0.191131	4	3	1	0	0	0	0
AF	0	0.191443	1	0	1	0	0	0	0
AF	0	0.191755	3	0	3	0	0	0	0
AF	0	0.192067	1	1	0	0	0	0	0
AF	0	0.192380	5	4	1	0	0	0	0
AF	0	0.192692	3	2	1	0	0	0	0
AF	0	0.193004	2	2	0	0	0	0	0
AF	0	0.193317	2	2	0	0	0	0	0
AF	0	0.193629	3	3	0	0	0	0	0
AF	0	0.193941	3	3	0	0	0	0	0
AF	0	0.194254	1	1	0	0	0	0	0
AF	0	0.194566	1	0	1	0	0	0	0
AF	0	0.194878	6	4	2	0	0	0	0
AF	0	0.195503	2	2	0	0	0	0	0
AF	0	0.195815	2	1	1	0	0	0	0
AF	0	0.196127	3	2	1	0	0	0	0
AF	0	0.196440	1	1	0	0	0	0	0
AF	0	0.197064	2	1	1	0	0	0	0
AF	0	0.197377	3	1	2	0	0	0	0
AF	0	0.198314	2	1	1	0	0	0	0
AF	0	0.198626	2	1	1	0	0	0	0
AF	0	0.198938	1	1	0	0	0	0	0
AF	0	0.199250	3	3	0	0	0	0	0
AF	0	0.199875	5	4	1	0	0	0	0
AF	0	0.200187	2	2	0	0	0	0	0
AF	0	0.200500	2	2	0	0	0	0	0
AF	0	0.200812	3	3	0	0	0	0	0
AF	0	0.201124	4	3	1	0	0	0	0
AF	0	0.201437	2	1	1	0	0	0	0
AF	0	0.201749	4	2	2	0	0	0	0
AF	0	0.202061	4	4	0	0	0	0	0
AF	0	0.202374	13	8	5	0	0	0	0
AF	0	0.202686	7	6	1	0	0	0	0
AF	0	0.202998	3	1	2	0	0	0	0
AF	0	0.203310	2	2	0	0	0	0	0
AF	0	0.203623	8	2	6	0	0	0	0
AF	0	0.203935	6	5	1	0	0	0	0
AF	0	0.204247	8	5	3	0	0	0	0
AF	0	0.204560	4	2	2	0	0	0	0
AF	0	0.204872	21	11	10	0	0	0	0
AF	0	0.205184	15	11	4	0	0	0	0
AF	0	0.205497	7	6	1	0	0	0	0
AF	0	0.206121	1	0	1	0	0	0	0
AF	0	0.206433	1	0	1	0	0	0	0
AF	0	0.206746	7	5	2	0	0	0	0
AF	0	0.207370	2	0	2	0	0	0	0
AF	0	0.207995	5	2	3	0	0	0	0
AF	0	0.208307	4	2	2	0	0	0	0
AF	0	0.208620	2	2	0	0	0	0	0
AF	0	0.208932	3	3	0	0	0	0	0
AF	0	0.209244	12	8	4	0	0	0	0
AF	0	0.209557	1	1	0	0	0	0	0
AF	0	0.209869	1	0	1	0	0	0	0
AF	0	0.210181	2	2	0	0	0	0	0
AF	0	0.210493	6	6	0	0	0	0	0
AF	0	0.210806	2	2	0	0	0	0	0
AF	0	0.211118	2	2	0	0	0	0	0
AF	0	0.211743	1	1	0	0	0	0	0
AF	0	0.212367	2	1	1	0	0	0	0
AF	0	0.212680	1	0	1	0	0	0	0
AF	0	0.212992	4	3	1	0	0	0	0
AF	0	0.213304	1	1	0	0	0	0	0
AF	0	0.213616	2	2	0	0	0	0	0
AF	0	0.214241	1	1	0	0	0	0	0
AF	0	0.214553	2	2	0	0	0	0	0
AF	0	0.214866	4	2	2	0	0	0	0
AF	0	0.215178	1	0	1	0	0	0	0
AF	0	0.215490	3	2	1	0	0	0	0
AF	0	0.215803	1	1	0	0	0	0	0
AF	0	0.216115	4	4	0	0	0	0	0
AF	0	0.216740	2	2	0	0	0	0	0
AF	0	0.217364	2	2	0	0	0	0	0
AF	0	0.217676	1	0	1	0	0	0	0
AF	0	0.217989	3	2	1	0	0	0	0
AF	0	0.218613	6	5	1	0	0	0	0
AF	0	0.218926	1	0	1	0	0	0	0
AF	0	0.219238	1	0	1	0	0	0	0
AF	0	0.219550	3	1	2	0	0	0	0
AF	0	0.219863	1	1	0	0	0	0	0
AF	0	0.220175	3	1	2	0	0	0	0
AF	0	0.220487	3	2	1	0	0	0	0
AF	0	0.221112	2	2	0	0	0	0	0
AF	0	0.221424	2	2	0	0	0	0	0
AF	0	0.222361	1	0	1	0	0	0	0
AF	0	0.222673	6	4	2	0	0	0	0
AF	0	0.223298	2	1	1	0	0	0	0
AF	0	0.223610	2	1	1	0	0	0	0
AF	0	0.223923	1	1	0	0	0	0	0
AF	0	0.224235	2	2	0	0	0	0	0
AF	0	0.224547	3	2	1	0	0	0	0
AF	0	0.225172	5	3	2	0	0	0	0
AF	0	0.225796	2	1	1	0	0	0	0
AF	0	0.226109	1	1	0	0	0	0	0
AF	0	0.226421	1	0	1	0	0	0	0
AF	0	0.226733	1	0	1	0	0	0	0
AF	0	0.227046	2	2	0	0	0	0	0
AF	0	0.227358	2	2	0	0	0	0	0
AF	0	0.227670	2	2	0	0	0	0	0
AF	0	0.227983	1	1	0	0	0	0	0
AF	0	0.228295	4	1	3	0	0	0	0
AF	0	0.228607	1	0	1	0	0	0	0
AF	0	0.228919	4	3	1	0	0	0	0
AF	0	0.229232	1	1	0	0	0	0	0
AF	0	0.229544	5	5	0	0	0	0	0
AF	0	0.229856	4	3	1	0	0	0	0
AF	0	0.230169	1	1	0	0	0	0	0
AF	0	0.230481	1	1	0	0	0	0	0
AF	0	0.230793	2	2	0	0	0	0	0
AF	0	0.231106	2	1	1	0	0	0	0
AF	0	0.231418	3	2	1	0	0	0	0
AF	0	0.231730	4	4	0	0	0	0	0
AF	0	0.232042	7	3	4	0	0	0	0
AF	0	0.232355	1	1	0	0	0	0	0
AF	0	0.232667	9	5	4	0	0	0	0
AF	0	0.232979	1	0	1	0	0	0	0
AF	0	0.233292	4	3	1	0	0	0	0
AF	0	0.233604	2	0	2	0	0	0	0
AF	0	0.233916	8	4	4	0	0	0	0
AF	0	0.234229	4	2	2	0	0	0	0
AF	0	0.234541	13	4	9	0	0	0	0
AF	0	0.234853	5	1	4	0	0	0	0
AF	0	0.235166	6	4	2	0	0	0	0
AF	0	0.235478	5	4	1	0	0	0	0
AF	0	0.235790	8	5	3	0	0	0	0
AF	0	0.236102	5	4	1	0	0	0	0
AF	0	0.236415	2	2	0	0	0	0	0
AF	0	0.236727	1	0	1	0	0	0	0
AF	0	0.237039	7	6	1	0	0	0	0
AF	0	0.237352	3	3	0	0	0	0	0
AF	0	0.237664	7	4	3	0	0	0	0
AF	0	0.237976	1	0	1	0	0	0	0
AF	0	0.238289	1	0	1	0	0	0	0
AF	0	0.238601	1	1	0	0	0	0	0
AF	0	0.238913	1	1	0	0	0	0	0
AF	0	0.239538	3	2	1	0	0	0	0
AF	0	0.239850	1	1	0	0	0	0	0
AF	0	0.240162	4	2	2	0	0	0	0
AF	0	0.240787	5	3	2	0	0	0	0
AF	0	0.241412	2	1	1	0	0	0	0
AF	0	0.241724	2	1	1	0	0	0	0
AF	0	0.242036	2	2	0	0	0	0	0
AF	0	0.242661	4	2	2	0	0	0	0
AF	0	0.242973	1	1	0	0	0	0	0
AF	0	0.243285	3	3	0	0	0	0	0
AF	0	0.243910	1	1	0	0	0	0	0
AF	0	0.244535	1	1	0	0	0	0	0
AF	0	0.244847	1	1	0	0	0	0	0
AF	0	0.245784	1	1	0	0	0	0	0
AF	0	0.246408	1	1	0	0	0	0	0
AF	0	0.247033	1	0	1	0	0	0	0
AF	0	0.247345	1	0	1	0	0	0	0
AF	0	0.248282	1	1	0	0	0	0	0
AF	0	0.248595	3	1	2	0	0	0	0
AF	0	0.248907	5	4	1	0	0	0	0
AF	0	0.249219	2	1	1	0	0	0	0
AF	0	0.249532	4	1	3	0	0	0	0
AF	0	0.249844	1	1	0	0	0	0	0
AF	0	0.250468	2	2	0	0	0	0	0
AF	0	0.250781	1	1	0	0	0	0	0
AF	0	0.251405	1	0	1	0	0	0	0
AF	0	0.251718	3	2	1	0	0	0	0
AF	0	0.252030	2	2	0	0	0	0	0
AF	0	0.252342	1	1	0	0	0	0	0
AF	0	0.252655	2	1	1	0	0	0	0
AF	0	0.252967	2	2	0	0	0	0	0
AF	0	0.253279	2	1	1	0	0	0	0
AF	0	0.253592	1	1	0	0	0	0	0
AF	0	0.253904	5	4	1	0	0	0	0
AF	0	0.254216	1	1	0	0	0	0	0
AF	0	0.254528	6	4	2	0	0	0	0
AF	0	0.255153	2	1	1	0	0	0	0
AF	0	0.255465	3	1	2	0	0	0	0
AF	0	0.255778	4	2	2	0	0	0	0
AF	0	0.256090	2	1	1	0	0	0	0
AF	0	0.256402	2	1	1	0	0	0	0
AF	0	0.257027	3	1	2	0	0	0	0
AF	0	0.257339	1	0	1	0	0	0	0
AF	0	0.257651	1	0	1	0	0	0	0
AF	0	0.257964	1	1	0	0	0	0	0
AF	0	0.258276	1	1	0	0	0	0	0
AF	0	0.258588	3	1	2	0	0	0	0
AF	0	0.258901	3	2	1	0	0	0	0
AF	0	0.259213	2	2	0	0	0	0	0
AF	0	0.259525	1	1	0	0	0	0	0
AF	0	0.260150	1	0	1	0	0	0	0
AF	0	0.260462	1	0	1	0	0	0	0
AF	0	0.260775	6	4	2	0	0	0	0
AF	0	0.261087	1	0	1	0	0	0	0
AF	0	0.261399	3	0	3	0	0	0	0
AF	0	0.261711	2	2	0	0	0	0	0
AF	0	0.262336	1	1	0	0	0	0	0
AF	0	0.262648	1	0	1	0	0	0	0
AF	0	0.263273	4	4	0	0	0	0	0
AF	0	0.263585	1	0	1	0	0	0	0
AF	0	0.264522	2	2	0	0	0	0	0
AF	0	0.265147	1	1	0	0	0	0	0
AF	0	0.265459	2	0	2	0	0	0	0
AF	0	0.265771	2	1	1	0	0	0	0
AF	0	0.266396	5	1	4	0	0	0	0
AF	0	0.267021	1	1	0	0	0	0	0
AF	0	0.267333	1	0	1	0	0	0	0
AF	0	0.267645	4	3	1	0	0	0	0
AF	0	0.267958	2	1	1	0	0	0	0
AF	0	0.268270	2	2	0	0	0	0	0
AF	0	0.268582	1	1	0	0	0	0	0
AF	0	0.268894	7	5	2	0	0	0	0
AF	0	0.269207	3	2	1	0	0	0	0
AF	0	0.269519	7	3	4	0	0	0	0
AF	0	0.269831	3	1	2	0	0	0	0
AF	0	0.270144	2	2	0	0	0	0	0
AF	0	0.270456	1	0	1	0	0	0	0
AF	0	0.270768	1	0	1	0	0	0	0
AF	0	0.271081	3	2	1	0	0	0	0
AF	0	0.271393	2	2	0	0	0	0	0
AF	0	0.272017	4	3	1	0	0	0	0
AF	0	0.272642	3	2	1	0	0	0	0
AF	0	0.273891	2	2	0	0	0	0	0
AF	0	0.274516	1	1	0	0	0	0	0
AF	0	0.275141	4	1	3	0	0	0	0
AF	0	0.276390	1	1	0	0	0	0	0
AF	0	0.276702	2	2	0	0	0	0	0
AF	0	0.277014	3	3	0	0	0	0	0
AF	0	0.277639	4	2	2	0	0	0	0
AF	0	0.278576	2	1	1	0	0	0	0
AF	0	0.278888	1	1	0	0	0	0	0
AF	0	0.279513	3	2	1	0	0	0	0
AF	0	0.279825	1	0	1	0	0	0	0
AF	0	0.280137	2	2	0	0	0	0	0
AF	0	0.280450	1	1	0	0	0	0	0
AF	0	0.280762	3	1	2	0	0	0	0
AF	0	0.281387	1	1	0	0	0	0	0
AF	0	0.281699	1	1	0	0	0	0	0
AF	0	0.282011	3	2	1	0	0	0	0
AF	0	0.282324	1	0	1	0	0	0	0
AF	0	0.282636	4	3	1	0	0	0	0
AF	0	0.282948	1	1	0	0	0	0	0
AF	0	0.283260	1	1	0	0	0	0	0
AF	0	0.283885	2	0	2	0	0	0	0
AF	0	0.284510	1	1	0	0	0	0	0
AF	0	0.285134	1	0	1	0	0	0	0
AF	0	0.285447	1	0	1	0	0	0	0
AF	0	0.285759	1	1	0	0	0	0	0
AF	0	0.286071	1	1	0	0	0	0	0
AF	0	0.286384	1	1	0	0	0	0	0
AF	0	0.286696	1	1	0	0	0	0	0
AF	0	0.287008	2	2	0	0	0	0	0
AF	0	0.287320	2	1	1	0	0	0	0
AF	0	0.287945	2	1	1	0	0	0	0
AF	0	0.288257	3	2	1	0	0	0	0
AF	0	0.288570	1	0	1	0	0	0	0
AF	0	0.288882	3	1	2	0	0	0	0
AF	0	0.289507	2	2	0	0	0	0	0
AF	0	0.290131	1	1	0	0	0	0	0
AF	0	0.290443	1	1	0	0	0	0	0
AF	0	0.291068	1	0	1	0	0	0	0
AF	0	0.292630	1	1	0	0	0	0	0
AF	0	0.292942	1	1	0	0	0	0	0
AF	0	0.293254	2	2	0	0	0	0	0
AF	0	0.293879	4	1	3	0	0	0	0
AF	0	0.294191	1	1	0	0	0	0	0
AF	0	0.294503	1	0	1	0	0	0	0
AF	0	0.295128	3	2	1	0	0	0	0
AF	0	0.295753	8	6	2	0	0	0	0
AF	0	0.296065	1	1	0	0	0	0	0
AF	0	0.296377	5	4	1	0	0	0	0
AF	0	0.296690	3	2	1	0	0	0	0
AF	0	0.297002	5	2	3	0	0	0	0
AF	0	0.297314	2	2	0	0	0	0	0
AF	0	0.297626	7	4	3	0	0	0	0
AF	0	0.297939	2	1	1	0	0	0	0
AF	0	0.298563	4	2	2	0	0	0	0
AF	0	0.298876	8	3	5	0	0	0	0
AF	0	0.299188	3	2	1	0	0	0	0
AF	0	0.299500	5	4	1	0	0	0	0
AF	0	0.299813	2	1	1	0	0	0	0
AF	0	0.300125	2	2	0	0	0	0	0
AF	0	0.300437	1	0	1	0	0	0	0
AF	0	0.300750	5	4	1	0	0	0	0
AF	0	0.301062	1	1	0	0	0	0	0
AF	0	0.301374	3	2	1	0	0	0	0
AF	0	0.301686	1	1	0	0	0	0	0
AF	0	0.301999	3	3	0	0	0	0	0
AF	0	0.302311	2	2	0	0	0	0	0
AF	0	0.302623	3	3	0	0	0	0	0
AF	0	0.302936	2	2	0	0	0	0	0
AF	0	0.303248	1	1	0	0	0	0	0
AF	0	0.303873	4	3	1	0	0	0	0
AF	0	0.304497	3	2	1	0	0	0	0
AF	0	0.304809	1	1	0	0	0	0	0
AF	0	0.305434	1	1	0	0	0	0	0
AF	0	0.305746	1	1	0	0	0	0	0
AF	0	0.306059	2	1	1	0	0	0	0
AF	0	0.306371	2	1	1	0	0	0	0
AF	0	0.306996	4	3	1	0	0	0	0
AF	0	0.307308	1	1	0	0	0	0	0
AF	0	0.308245	2	2	0	0	0	0	0
AF	0	0.308557	3	3	0	0	0	0	0
AF	0	0.308869	1	0	1	0	0	0	0
AF	0	0.309494	1	0	1	0	0	0	0
AF	0	0.309806	3	3	0	0	0	0	0
AF	0	0.310119	3	3	0	0	0	0	0
AF	0	0.311368	1	1	0	0	0	0	0
AF	0	0.311993	2	0	2	0	0	0	0
AF	0	0.312617	1	1	0	0	0	0	0
AF	0	0.313242	1	1	0	0	0	0	0
AF	0	0.313554	3	3	0	0	0	0	0
AF	0	0.313866	1	1	0	0	0	0	0
AF	0	0.314491	1	1	0	0	0	0	0
AF	0	0.314803	1	1	0	0	0	0	0
AF	0	0.315116	1	1	0	0	0	0	0
AF	0	0.315428	1	0	1	0	0	0	0
AF	0	0.315740	3	2	1	0	0	0	0
AF	0	0.316677	1	1	0	0	0	0	0
AF	0	0.316989	1	1	0	0	0	0	0
AF	0	0.317926	1	1	0	0	0	0	0
AF	0	0.318239	1	0	1	0	0	0	0
AF	0	0.318551	2	2	0	0	0	0	0
AF	0	0.318863	2	1	1	0	0	0	0
AF	0	0.319176	1	0	1	0	0	0	0
AF	0	0.319488	4	2	2	0	0	0	0
AF	0	0.320112	3	2	1	0	0	0	0
AF	0	0.320425	1	1	0	0	0	0	0
AF	0	0.320737	3	2	1	0	0	0	0
AF	0	0.321049	2	1	1	0	0	0	0
AF	0	0.321986	2	2	0	0	0	0	0
AF	0	0.322299	1	0	1	0	0	0	0
AF	0	0.322611	1	0	1	0	0	0	0
AF	0	0.322923	1	0	1	0	0	0	0
AF	0	0.323235	1	0	1	0	0	0	0
AF	0	0.323548	3	3	0	0	0	0	0
AF	0	0.323860	2	2	0	0	0	0	0
AF	0	0.324485	2	2	0	0	0	0	0
AF	0	0.325109	1	1	0	0	0	0	0
AF	0	0.325422	1	1	0	0	0	0	0
AF	0	0.325734	3	1	2	0	0	0	0
AF	0	0.326046	1	1	0	0	0	0	0
AF	0	0.326671	1	0	1	0	0	0	0
AF	0	0.328232	1	1	0	0	0	0	0
AF	0	0.328857	2	1	1	0	0	0	0
AF	0	0.329169	1	1	0	0	0	0	0
AF	0	0.329482	1	0	1	0	0	0	0
AF	0	0.330731	1	0	1	0	0	0	0
AF	0	0.331043	2	1	1	0	0	0	0
AF	0	0.331668	2	1	1	0	0	0	0
AF	0	0.331980	3	3	0	0	0	0	0
AF	0	0.332292	1	0	1	0	0	0	0
AF	0	0.332605	1	1	0	0	0	0	0
AF	0	0.333229	1	1	0	0	0	0	0
AF	0	0.333542	1	0	1	0	0	0	0
AF	0	0.333854	1	1	0	0	0	0	0
AF	0	0.334166	3	2	1	0	0	0	0
AF	0	0.334791	3	2	1	0	0	0	0
AF	0	0.335103	1	0	1	0	0	0	0
AF	0	0.335415	1	1	0	0	0	0	0
AF	0	0.336040	4	3	1	0	0	0	0
AF	0	0.336352	3	2	1	0	0	0	0
AF	0	0.336665	2	1	1	0	0	0	0
AF	0	0.337289	2	2	0	0	0	0	0
AF	0	0.337601	2	2	0	0	0	0	0
AF	0	0.337914	2	1	1	0	0	0	0
AF	0	0.338538	4	2	2	0	0	0	0
AF	0	0.339163	1	1	0	0	0	0	0
AF	0	0.339788	2	2	0	0	0	0	0
AF	0	0.340100	1	0	1	0	0	0	0
AF	0	0.340412	1	1	0	0	0	0	0
AF	0	0.341037	1	1	0	0	0	0	0
AF	0	0.342286	1	1	0	0	0	0	0
AF	0	0.343535	2	2	0	0	0	0	0
AF	0	0.344785	3	1	2	0	0	0	0
AF	0	0.345721	2	0	2	0	0	0	0
AF	0	0.346971	2	2	0	0	0	0	0
AF	0	0.347908	1	1	0	0	0	0	0
AF	0	0.348532	2	1	1	0	0	0	0
AF	0	0.348844	2	0	2	0	0	0	0
AF	0	0.349157	3	2	1	0	0	0	0
AF	0	0.349781	2	1	1	0	0	0	0
AF	0	0.350094	1	1	0	0	0	0	0
AF	0	0.350406	1	0	1	0	0	0	0
AF	0	0.350718	3	2	1	0	0	0	0
AF	0	0.351031	4	3	1	0	0	0	0
AF	0	0.351343	3	2	1	0	0	0	0
AF	0	0.351655	4	4	0	0	0	0	0
AF	0	0.351968	1	1	0	0	0	0	0
AF	0	0.352280	5	3	2	0	0	0	0
AF	0	0.352592	1	1	0	0	0	0	0
AF	0	0.353529	3	3	0	0	0	0	0
AF	0	0.353841	1	0	1	0	0	0	0
AF	0	0.354154	2	1	1	0	0	0	0
AF	0	0.355403	3	1	2	0	0	0	0
AF	0	0.355715	1	0	1	0	0	0	0
AF	0	0.356027	4	2	2	0	0	0	0
AF	0	0.356340	1	1	0	0	0	0	0
AF	0	0.356652	3	2	1	0	0	0	0
AF	0	0.357277	1	0	1	0	0	0	0
AF	0	0.357589	1	0	1	0	0	0	0
AF	0	0.357901	2	2	0	0	0	0	0
AF	0	0.358526	1	1	0	0	0	0	0
AF	0	0.358838	3	2	1	0	0	0	0
AF	0	0.359151	1	1	0	0	0	0	0
AF	0	0.359463	2	1	1	0	0	0	0
AF	0	0.359775	1	1	0	0	0	0	0
AF	0	0.360087	2	1	1	0	0	0	0
AF	0	0.360400	1	0	1	0	0	0	0
AF	0	0.361024	3	2	1	0	0	0	0
AF	0	0.361337	1	1	0	0	0	0	0
AF	0	0.361649	1	1	0	0	0	0	0
AF	0	0.362274	1	0	1	0	0	0	0
AF	0	0.362898	2	2	0	0	0	0	0
AF	0	0.363210	1	0	1	0	0	0	0
AF	0	0.363523	1	0	1	0	0	0	0
AF	0	0.363835	1	1	0	0	0	0	0
AF	0	0.364147	3	1	2	0	0	0	0
AF	0	0.364460	2	1	1	0	0	0	0
AF	0	0.364772	1	1	0	0	0	0	0
AF	0	0.365397	1	1	0	0	0	0	0
AF	0	0.366021	1	1	0	0	0	0	0
AF	0	0.366646	1	0	1	0	0	0	0
AF	0	0.367270	1	1	0	0	0	0	0
AF	0	0.367895	1	0	1	0	0	0	0
AF	0	0.369457	1	1	0	0	0	0	0
AF	0	0.369769	1	0	1	0	0	0	0
AF	0	0.370394	1	0	1	0	0	0	0
AF	0	0.371018	1	0	1	0	0	0	0
AF	0	0.371643	1	1	0	0	0	0	0
AF	0	0.372580	1	0	1	0	0	0	0
AF	0	0.373204	1	1	0	0	0	0	0
AF	0	0.373517	1	1	0	0	0	0	0
AF	0	0.373829	1	0	1	0	0	0	0
AF	0	0.374141	1	1	0	0	0	0	0
AF	0	0.374766	1	0	1	0	0	0	0
AF	0	0.375078	1	1	0	0	0	0	0
AF	0	0.375703	1	1	0	0	0	0	0
AF	0	0.376952	1	1	0	0	0	0	0
AF	0	0.377577	1	1	0	0	0	0	0
AF	0	0.377889	1	0	1	0	0	0	0
AF	0	0.378201	1	1	0	0	0	0	0
AF	0	0.378513	1	1	0	0	0	0	0
AF	0	0.379763	2	1	1	0	0	0	0
AF	0	0.380075	2	1	1	0	0	0	0
AF	0	0.380387	1	0	1	0	0	0	0
AF	0	0.381636	3	1	2	0	0	0	0
AF	0	0.382261	1	1	0	0	0	0	0
AF	0	0.382573	1	1	0	0	0	0	0
AF	0	0.382886	1	0	1	0	0	0	0
AF	0	0.384447	1	0	1	0	0	0	0
AF	0	0.384760	1	1	0	0	0	0	0
AF	0	0.385696	1	1	0	0	0	0	0
AF	0	0.386009	1	1	0	0	0	0	0
AF	0	0.386946	1	1	0	0	0	0	0
AF	0	0.387883	2	1	1	0	0	0	0
AF	0	0.388195	1	0	1	0	0	0	0
AF	0	0.388507	1	1	0	0	0	0	0
AF	0	0.388819	1	1	0	0	0	0	0
AF	0	0.389132	3	2	1	0	0	0	0
AF	0	0.389756	2	1	1	0	0	0	0
AF	0	0.390381	2	2	0	0	0	0	0
AF	0	0.390693	3	3	0	0	0	0	0
AF	0	0.391006	1	1	0	0	0	0	0
AF	0	0.391630	5	1	4	0	0	0	0
AF	0	0.392255	2	0	2	0	0	0	0
AF	0	0.393504	1	1	0	0	0	0	0
AF	0	0.394129	1	0	1	0	0	0	0
AF	0	0.395378	2	2	0	0	0	0	0
AF	0	0.395690	1	0	1	0	0	0	0
AF	0	0.396315	1	1	0	0	0	0	0
AF	0	0.396627	2	2	0	0	0	0	0
AF	0	0.397252	2	2	0	0	0	0	0
AF	0	0.397564	2	2	0	0	0	0	0
AF	0	0.397876	5	2	3	0	0	0	0
AF	0	0.398189	3	3	0	0	0	0	0
AF	0	0.398501	7	5	2	0	0	0	0
AF	0	0.398813	2	2	0	0	0	0	0
AF	0	0.399126	5	3	2	0	0	0	0
AF	0	0.399750	4	2	2	0	0	0	0
AF	0	0.400375	2	1	1	0	0	0	0
AF	0	0.400999	3	3	0	0	0	0	0
AF	0	0.401624	4	3	1	0	0	0	0
AF	0	0.401936	1	1	0	0	0	0	0
AF	0	0.402561	2	2	0	0	0	0	0
AF	0	0.402873	4	3	1	0	0	0	0
AF	0	0.403498	1	1	0	0	0	0	0
AF	0	0.403810	2	0	2	0	0	0	0
AF	0	0.404122	1	1	0	0	0	0	0
AF	0	0.404747	2	1	1	0	0	0	0
AF	0	0.405059	1	0	1	0	0	0	0
AF	0	0.406621	2	1	1	0	0	0	0
AF	0	0.407245	1	0	1	0	0	0	0
AF	0	0.407558	2	2	0	0	0	0	0
AF	0	0.408807	1	0	1	0	0	0	0
AF	0	0.409119	2	1	1	0	0	0	0
AF	0	0.409432	4	4	0	0	0	0	0
AF	0	0.409744	3	3	0	0	0	0	0
AF	0	0.410369	2	2	0	0	0	0	0
AF	0	0.410993	3	3	0	0	0	0	0
AF	0	0.411618	1	1	0	0	0	0	0
AF	0	0.412242	3	3	0	0	0	0	0
AF	0	0.412867	3	1	2	0	0	0	0
AF	0	0.413179	1	1	0	0	0	0	0
AF	0	0.413492	1	1	0	0	0	0	0
AF	0	0.414116	1	0	1	0	0	0	0
AF	0	0.414741	1	1	0	0	0	0	0
AF	0	0.415053	1	1	0	0	0	0	0
AF	0	0.415365	1	1	0	0	0	0	0
AF	0	0.415990	1	1	0	0	0	0	0
AF	0	0.416302	1	1	0	0	0	0	0
AF	0	0.416615	2	1	1	0	0	0	0
AF	0	0.417239	1	1	0	0	0	0	0
AF	0	0.417864	1	0	1	0	0	0	0
AF	0	0.418488	1	0	1	0	0	0	0
AF	0	0.419738	1	0	1	0	0	0	0
AF	0	0.420362	2	1	1	0	0	0	0
AF	0	0.420675	2	2	0	0	0	0	0
AF	0	0.420987	2	2	0	0	0	0	0
AF	0	0.421299	1	1	0	0	0	0	0
AF	0	0.422236	2	1	1	0	0	0	0
AF	0	0.422548	1	0	1	0	0	0	0
AF	0	0.422861	1	1	0	0	0	0	0
AF	0	0.423485	2	1	1	0	0	0	0
AF	0	0.424110	2	0	2	0	0	0	0
AF	0	0.424422	1	1	0	0	0	0	0
AF	0	0.424735	1	1	0	0	0	0	0
AF	0	0.425359	3	2	1	0	0	0	0
AF	0	0.425984	2	2	0	0	0	0	0
AF	0	0.426296	3	1	2	0	0	0	0
AF	0	0.426608	2	1	1	0	0	0	0
AF	0	0.427233	1	1	0	0	0	0	0
AF	0	0.427545	1	1	0	0	0	0	0
AF	0	0.427858	2	1	1	0	0	0	0
AF	0	0.428170	1	1	0	0	0	0	0
AF	0	0.428795	1	1	0	0	0	0	0
AF	0	0.429107	1	1	0	0	0	0	0
AF	0	0.429419	1	1	0	0	0	0	0
AF	0	0.429731	2	1	1	0	0	0	0
AF	0	0.430356	1	1	0	0	0	0	0
AF	0	0.430981	1	1	0	0	0	0	0
AF	0	0.431918	2	1	1	0	0	0	0
AF	0	0.432230	1	0	1	0	0	0	0
AF	0	0.433167	1	0	1	0	0	0	0
AF	0	0.433479	1	0	1	0	0	0	0
AF	0	0.433791	1	1	0	0	0	0	0
AF	0	0.434104	3	2	1	0	0	0	0
AF	0	0.434728	1	1	0	0	0	0	0
AF	0	0.435041	1	1	0	0	0	0	0
AF	0	0.435353	4	3	1	0	0	0	0
AF	0	0.435978	1	0	1	0	0	0	0
AF	0	0.436914	1	0	1	0	0	0	0
AF	0	0.437227	3	2	1	0	0	0	0
AF	0	0.437851	3	2	1	0	0	0	0
AF	0	0.438476	1	1	0	0	0	0	0
AF	0	0.438788	2	2	0	0	0	0	0
AF	0	0.439101	3	2	1	0	0	0	0
AF	0	0.439725	1	0	1	0	0	0	0
AF	0	0.440037	1	1	0	0	0	0	0
AF	0	0.440662	2	0	2	0	0	0	0
AF	0	0.440974	2	2	0	0	0	0	0
AF	0	0.441287	4	2	2	0	0	0	0
AF	0	0.441599	5	2	3	0	0	0	0
AF	0	0.441911	3	2	1	0	0	0	0
AF	0	0.442224	10	7	3	0	0	0	0
AF	0	0.442536	2	0	2	0	0	0	0
AF	0	0.442848	6	2	4	0	0	0	0
AF	0	0.443473	2	1	1	0	0	0	0
AF	0	0.443785	1	1	0	0	0	0	0
AF	0	0.444097	2	2	0	0	0	0	0
AF	0	0.444410	3	2	1	0	0	0	0
AF	0	0.445034	1	0	1	0	0	0	0
AF	0	0.445347	1	0	1	0	0	0	0
AF	0	0.445659	3	3	0	0	0	0	0
AF	0	0.445971	1	1	0	0	0	0	0
AF	0	0.446284	3	3	0	0	0	0	0
AF	0	0.446596	1	1	0	0	0	0	0
AF	0	0.446908	5	5	0	0	0	0	0
AF	0	0.447220	2	1	1	0	0	0	0
AF	0	0.447533	7	4	3	0	0	0	0
AF	0	0.447845	6	4	2	0	0	0	0
AF	0	0.448157	12	6	6	0	0	0	0
AF	0	0.448470	1	1	0	0	0	0	0
AF	0	0.448782	4	4	0	0	0	0	0
AF	0	0.449407	2	2	0	0	0	0	0
AF	0	0.450344	1	1	0	0	0	0	0
AF	0	0.450656	1	1	0	0	0	0	0
AF	0	0.450968	1	0	1	0	0	0	0
AF	0	0.451280	3	2	1	0	0	0	0
AF	0	0.451905	2	1	1	0	0	0	0
AF	0	0.452217	1	1	0	0	0	0	0
AF	0	0.453154	1	0	1	0	0	0	0
AF	0	0.453467	1	0	1	0	0	0	0
AF	0	0.453779	3	1	2	0	0	0	0
AF	0	0.454091	1	1	0	0	0	0	0
AF	0	0.454403	1	1	0	0	0	0	0
AF	0	0.454716	1	1	0	0	0	0	0
AF	0	0.456590	1	1	0	0	0	0	0
AF	0	0.456902	1	1	0	0	0	0	0
AF	0	0.459400	1	0	1	0	0	0	0
AF	0	0.459713	1	1	0	0	0	0	0
AF	0	0.460337	1	1	0	0	0	0	0
AF	0	0.461587	1	0	1	0	0	0	0
AF	0	0.462836	1	1	0	0	0	0	0
AF	0	0.463148	3	2	1	0	0	0	0
AF	0	0.463773	1	1	0	0	0	0	0
AF	0	0.464397	1	1	0	0	0	0	0
AF	0	0.465022	1	0	1	0	0	0	0
AF	0	0.466271	2	2	0	0	0	0	0
AF	0	0.466583	1	1	0	0	0	0	0
AF	0	0.467520	1	1	0	0	0	0	0
AF	0	0.468770	1	1	0	0	0	0	0
AF	0	0.469394	2	1	1	0	0	0	0
AF	0	0.470019	1	1	0	0	0	0	0
AF	0	0.470331	1	0	1	0	0	0	0
AF	0	0.471580	1	1	0	0	0	0	0
AF	0	0.472205	1	1	0	0	0	0	0
AF	0	0.473766	1	1	0	0	0	0	0
AF	0	0.474079	1	1	0	0	0	0	0
AF	0	0.474703	1	1	0	0	0	0	0
AF	0	0.475328	1	0	1	0	0	0	0
AF	0	0.475640	2	2	0	0	0	0	0
AF	0	0.478763	1	0	1	0	0	0	0
AF	0	0.479076	1	0	1	0	0	0	0
AF	0	0.480012	1	1	0	0	0	0	0
AF	0	0.481886	1	1	0	0	0	0	0
AF	0	0.482511	1	0	1	0	0	0	0
AF	0	0.483760	1	0	1	0	0	0	0
AF	0	0.486259	1	1	0	0	0	0	0
AF	0	0.488132	2	2	0	0	0	0	0
AF	0	0.488757	3	3	0	0	0	0	0
AF	0	0.489382	1	0	1	0	0	0	0
AF	0	0.490006	1	1	0	0	0	0	0
AF	0	0.490319	1	1	0	0	0	0	0
AF	0	0.490631	1	1	0	0	0	0	0
AF	0	0.490943	2	2	0	0	0	0	0
AF	0	0.491255	2	1	1	0	0	0	0
AF	0	0.491568	1	1	0	0	0	0	0
AF	0	0.491880	1	1	0	0	0	0	0
AF	0	0.495003	2	2	0	0	0	0	0
AF	0	0.497502	2	1	1	0	0	0	0
AF	0	0.499688	2	0	2	0	0	0	0
AF	0	0.500000	1	0	1	0	0	0	0
AF	0	0.501874	1	0	1	0	0	0	0
AF	0	0.502811	1	0	1	0	0	0	0
AF	0	0.503123	1	0	1	0	0	0	0
AF	0	0.504997	1	0	1	0	0	0	0
AF	0	0.505621	1	1	0	0	0	0	0
AF	0	0.505934	1	1	0	0	0	0	0
AF	0	0.506871	2	1	1	0	0	0	0
AF	0	0.507183	1	1	0	0	0	0	0
AF	0	0.507495	4	3	1	0	0	0	0
AF	0	0.507808	2	2	0	0	0	0	0
AF	0	0.508120	5	4	1	0	0	0	0
AF	0	0.508745	1	1	0	0	0	0	0
AF	0	0.509057	1	1	0	0	0	0	0
AF	0	0.510618	1	1	0	0	0	0	0
AF	0	0.511868	1	0	1	0	0	0	0
AF	0	0.512492	1	1	0	0	0	0	0
AF	0	0.513117	2	1	1	0	0	0	0
AF	0	0.515615	2	2	0	0	0	0	0
AF	0	0.515928	1	1	0	0	0	0	0
AF	0	0.516864	1	1	0	0	0	0	0
AF	0	0.517177	2	2	0	0	0	0	0
AF	0	0.517489	1	1	0	0	0	0	0
AF	0	0.517801	1	0	1	0	0	0	0
AF	0	0.518114	1	0	1	0	0	0	0
AF	0	0.518426	2	2	0	0	0	0	0
AF	0	0.518738	1	1	0	0	0	0	0
AF	0	0.519675	1	1	0	0	0	0	0
AF	0	0.520612	1	0	1	0	0	0	0
AF	0	0.521237	2	2	0	0	0	0	0
AF	0	0.521549	1	1	0	0	0	0	0
AF	0	0.522798	2	1	1	0	0	0	0
AF	0	0.523735	1	0	1	0	0	0	0
AF	0	0.524047	2	2	0	0	0	0	0
AF	0	0.524360	1	1	0	0	0	0	0
AF	0	0.524984	1	0	1	0	0	0	0
AF	0	0.525609	1	1	0	0	0	0	0
AF	0	0.526234	1	0	1	0	0	0	0
AF	0	0.526546	1	1	0	0	0	0	0
AF	0	0.527483	2	2	0	0	0	0	0
AF	0	0.527795	1	1	0	0	0	0	0
AF	0	0.528420	1	0	1	0	0	0	0
AF	0	0.528732	2	2	0	0	0	0	0
AF	0	0.529044	2	1	1	0	0	0	0
AF	0	0.529357	2	2	0	0	0	0	0
AF	0	0.529669	1	1	0	0	0	0	0
AF	0	0.529981	1	1	0	0	0	0	0
AF	0	0.530606	1	1	0	0	0	0	0
AF	0	0.532167	1	1	0	0	0	0	0
AF	0	0.533417	1	1	0	0	0	0	0
AF	0	0.534354	1	0	1	0	0	0	0
AF	0	0.535603	1	1	0	0	0	0	0
AF	0	0.537164	1	1	0	0	0	0	0
AF	0	0.537477	1	0	1	0	0	0	0
AF	0	0.538101	1	0	1	0	0	0	0
AF	0	0.540287	1	0	1	0	0	0	0
AF	0	0.540912	1	0	1	0	0	0	0
AF	0	0.541224	1	1	0	0	0	0	0
AF	0	0.542473	2	1	1	0	0	0	0
AF	0	0.542786	2	1	1	0	0	0	0
AF	0	0.543098	3	1	2	0	0	0	0
AF	0	0.543410	4	4	0	0	0	0	0
AF	0	0.543723	6	5	1	0	0	0	0
AF	0	0.544035	1	0	1	0	0	0	0
AF	0	0.544347	2	1	1	0	0	0	0
AF	0	0.544972	2	2	0	0	0	0	0
AF	0	0.546221	1	1	0	0	0	0	0
AF	0	0.546846	1	0	1	0	0	0	0
AF	0	0.547470	1	0	1	0	0	0	0
AF	0	0.547783	1	1	0	0	0	0	0
AF	0	0.548095	1	1	0	0	0	0	0
AF	0	0.548720	1	1	0	0	0	0	0
AF	0	0.549032	2	2	0	0	0	0	0
AF	0	0.550593	1	1	0	0	0	0	0
AF	0	0.551218	2	0	2	0	0	0	0
AF	0	0.551843	2	1	1	0	0	0	0
AF	0	0.552155	1	0	1	0	0	0	0
AF	0	0.552467	2	1	1	0	0	0	0
AF	0	0.552780	1	1	0	0	0	0	0
AF	0	0.553092	3	1	2	0	0	0	0
AF	0	0.557152	1	1	0	0	0	0	0
AF	0	0.558401	1	0	1	0	0	0	0
AF	0	0.559338	1	0	1	0	0	0	0
AF	0	0.566209	1	1	0	0	0	0	0
AF	0	0.567770	1	1	0	0	0	0	0
AF	0	0.568395	1	1	0	0	0	0	0
AF	0	0.571205	1	0	1	0	0	0	0
AF	0	0.571518	1	1	0	0	0	0	0
AF	0	0.574016	1	1	0	0	0	0	0
AF	0	0.574329	1	1	0	0	0	0	0
AF	0	0.577452	1	1	0	0	0	0	0
AF	0	0.578076	1	1	0	0	0	0	0
AF	0	0.579638	1	0	1	0	0	0	0
AF	0	0.580262	1	0	1	0	0	0	0
AF	0	0.581512	3	1	2	0	0	0	0
AF	0	0.583698	1	1	0	0	0	0	0
AF	0	0.584947	1	1	0	0	0	0	0
AF	0	0.586821	1	1	0	0	0	0	0
AF	0	0.588382	1	0	1	0	0	0	0
AF	0	0.591193	1	1	0	0	0	0	0
AF	0	0.593379	1	1	0	0	0	0	0
AF	0	0.594004	1	1	0	0	0	0	0
AF	0	0.594628	1	1	0	0	0	0	0
AF	0	0.596502	2	2	0	0	0	0	0
AF	0	0.597439	1	1	0	0	0	0	0
AF	0	0.599001	4	3	1	0	0	0	0
AF	0	0.599625	1	1	0	0	0	0	0
AF	0	0.600562	1	1	0	0	0	0	0
AF	0	0.605871	1	1	0	0	0	0	0
AF	0	0.606808	1	0	1	0	0	0	0
AF	0	0.608682	1	1	0	0	0	0	0
AF	0	0.611493	1	0	1	0	0	0	0
AF	0	0.613054	1	1	0	0	0	0	0
AF	0	0.613367	1	1	0	0	0	0	0
AF	0	0.617427	1	1	0	0	0	0	0
AF	0	0.618364	1	1	0	0	0	0	0
AF	0	0.619925	1	1	0	0	0	0	0
AF	0	0.620237	2	2	0	0	0	0	0
AF	0	0.620550	2	0	2	0	0	0	0
AF	0	0.620862	1	0	1	0	0	0	0
AF	0	0.621487	2	2	0	0	0	0	0
AF	0	0.621799	1	0	1	0	0	0	0
AF	0	0.622111	1	1	0	0	0	0	0
AF	0	0.623048	1	1	0	0	0	0	0
AF	0	0.624297	1	0	1	0	0	0	0
AF	0	0.625859	1	1	0	0	0	0	0
AF	0	0.627420	1	1	0	0	0	0	0
AF	0	0.627733	1	1	0	0	0	0	0
AF	0	0.630231	1	0	1	0	0	0	0
AF	0	0.630543	1	1	0	0	0	0	0
AF	0	0.632105	1	1	0	0	0	0	0
AF	0	0.632417	1	1	0	0	0	0	0
AF	0	0.632730	1	1	0	0	0	0	0
AF	0	0.633042	1	1	0	0	0	0	0
AF	0	0.633354	1	1	0	0	0	0	0
AF	0	0.633979	1	1	0	0	0	0	0
AF	0	0.634916	2	2	0	0	0	0	0
AF	0	0.635540	1	1	0	0	0	0	0
AF	0	0.636477	2	1	1	0	0	0	0
AF	0	0.637102	1	0	1	0	0	0	0
AF	0	0.638351	1	0	1	0	0	0	0
AF	0	0.638976	3	2	1	0	0	0	0
AF	0	0.640849	2	2	0	0	0	0	0
AF	0	0.641474	2	1	1	0	0	0	0
AF	0	0.642411	1	1	0	0	0	0	0
AF	0	0.643348	2	1	1	0	0	0	0
AF	0	0.643973	4	3	1	0	0	0	0
AF	0	0.645846	1	1	0	0	0	0	0
AF	0	0.647720	1	0	1	0	0	0	0
AF	0	0.649594	1	1	0	0	0	0	0
AF	0	0.650219	1	1	0	0	0	0	0
AF	0	0.650843	3	3	0	0	0	0	0
AF	0	0.651780	1	1	0	0	0	0	0
AF	0	0.652405	1	0	1	0	0	0	0
AF	0	0.652717	1	0	1	0	0	0	0
AF	0	0.655840	2	1	1	0	0	0	0
AF	0	0.657089	1	1	0	0	0	0	0
AF	0	0.657714	1	1	0	0	0	0	0
AF	0	0.658026	1	1	0	0	0	0	0
AF	0	0.658339	2	2	0	0	0	0	0
AF	0	0.658651	1	1	0	0	0	0	0
AF	0	0.658963	1	0	1	0	0	0	0
AF	0	0.659588	1	1	0	0	0	0	0
AF	0	0.663335	1	1	0	0	0	0	0
AF	0	0.666458	1	0	1	0	0	0	0
AF	0	0.668645	1	0	1	0	0	0	0
AF	0	0.670206	1	1	0	0	0	0	0
AF	0	0.671768	1	0	1	0	0	0	0
AF	0	0.673641	1	1	0	0	0	0	0
AF	0	0.677077	1	1	0	0	0	0	0
AF	0	0.677701	1	1	0	0	0	0	0
AF	0	0.678326	1	1	0	0	0	0	0
AF	0	0.679575	1	1	0	0	0	0	0
AF	0	0.682074	2	2	0	0	0	0	0
AF	0	0.683011	1	1	0	0	0	0	0
AF	0	0.684260	1	1	0	0	0	0	0
AF	0	0.684572	1	0	1	0	0	0	0
AF	0	0.686134	1	1	0	0	0	0	0
AF	0	0.686758	1	0	1	0	0	0	0
AF	0	0.688632	1	1	0	0	0	0	0
AF	0	0.694878	1	0	1	0	0	0	0
AF	0	0.695815	1	1	0	0	0	0	0
AF	0	0.696440	1	0	1	0	0	0	0
AF	0	0.697377	1	1	0	0	0	0	0
AF	0	0.697689	1	1	0	0	0	0	0
AF	0	0.698001	1	1	0	0	0	0	0
AF	0	0.698626	1	0	1	0	0	0	0
AF	0	0.699250	3	2	1	0	0	0	0
AF	0	0.699875	1	1	0	0	0	0	0
AF	0	0.700187	1	1	0	0	0	0	0
AF	0	0.703623	2	0	2	0	0	0	0
AF	0	0.704560	1	0	1	0	0	0	0
AF	0	0.705497	1	1	0	0	0	0	0
AF	0	0.706121	1	1	0	0	0	0	0
AF	0	0.708620	1	1	0	0	0	0	0
AF	0	0.712367	1	1	0	0	0	0	0
AF	0	0.712992	2	2	0	0	0	0	0
AF	0	0.713616	1	0	1	0	0	0	0
AF	0	0.715490	1	1	0	0	0	0	0
AF	0	0.715803	1	1	0	0	0	0	0
AF	0	0.717364	2	1	1	0	0	0	0
AF	0	0.718301	1	1	0	0	0	0	0
AF	0	0.718926	1	0	1	0	0	0	0
AF	0	0.719238	1	0	1	0	0	0	0
AF	0	0.719863	3	1	2	0	0	0	0
AF	0	0.720175	2	0	2	0	0	0	0
AF	0	0.720487	2	1	1	0	0	0	0
AF	0	0.721736	1	0	1	0	0	0	0
AF	0	0.724235	2	2	0	0	0	0	0
AF	0	0.724859	1	0	1	0	0	0	0
AF	0	0.725484	1	0	1	0	0	0	0
AF	0	0.729232	1	0	1	0	0	0	0
AF	0	0.731106	1	1	0	0	0	0	0
AF	0	0.733604	2	2	0	0	0	0	0
AF	0	0.734541	1	1	0	0	0	0	0
AF	0	0.734853	1	1	0	0	0	0	0
AF	0	0.735166	1	0	1	0	0	0	0
AF	0	0.737352	1	1	0	0	0	0	0
AF	0	0.740475	1	1	0	0	0	0	0
AF	0	0.740787	1	0	1	0	0	0	0
AF	0	0.741099	2	0	2	0	0	0	0
AF	0	0.741724	2	1	1	0	0	0	0
AF	0	0.742661	2	1	1	0	0	0	0
AF	0	0.744847	1	0	1	0	0	0	0
AF	0	0.745159	1	1	0	0	0	0	0
AF	0	0.745472	1	1	0	0	0	0	0
AF	0	0.750156	1	1	0	0	0	0	0
AF	0	0.753592	1	0	1	0	0	0	0
AF	0	0.754841	1	0	1	0	0	0	0
AF	0	0.757027	1	0	1	0	0	0	0
AF	0	0.760462	1	1	0	0	0	0	0
AF	0	0.764210	1	0	1	0	0	0	0
AF	0	0.766084	1	0	1	0	0	0	0
AF	0	0.767958	1	1	0	0	0	0	0
AF	0	0.768582	1	0	1	0	0	0	0
AF	0	0.769207	1	0	1	0	0	0	0
AF	0	0.770456	2	0	2	0	0	0	0
AF	0	0.772017	1	1	0	0	0	0	0
AF	0	0.772642	1	0	1	0	0	0	0
AF	0	0.773579	4	1	3	0	0	0	0
AF	0	0.773891	2	0	2	0	0	0	0
AF	0	0.774204	1	0	1	0	0	0	0
AF	0	0.774828	1	0	1	0	0	0	0
AF	0	0.776390	1	1	0	0	0	0	0
AF	0	0.776702	1	0	1	0	0	0	0
AF	0	0.778576	1	0	1	0	0	0	0
AF	0	0.779200	2	1	1	0	0	0	0
AF	0	0.779825	1	0	1	0	0	0	0
AF	0	0.780137	2	2	0	0	0	0	0
AF	0	0.781387	1	1	0	0	0	0	0
AF	0	0.782636	1	1	0	0	0	0	0
AF	0	0.785134	1	1	0	0	0	0	0
AF	0	0.786071	1	0	1	0	0	0	0
AF	0	0.786384	1	1	0	0	0	0	0
AF	0	0.787008	2	2	0	0	0	0	0
AF	0	0.790131	1	0	1	0	0	0	0
AF	0	0.790756	1	0	1	0	0	0	0
AF	0	0.791380	1	1	0	0	0	0	0
AF	0	0.792630	1	1	0	0	0	0	0
AF	0	0.793879	1	0	1	0	0	0	0
AF	0	0.795753	1	0	1	0	0	0	0
AF	0	0.796065	1	1	0	0	0	0	0
AF	0	0.797002	1	1	0	0	0	0	0
AF	0	0.798251	1	1	0	0	0	0	0
AF	0	0.800125	1	0	1	0	0	0	0
AF	0	0.800750	1	1	0	0	0	0	0
AF	0	0.801686	1	1	0	0	0	0	0
AF	0	0.801999	4	4	0	0	0	0	0
AF	0	0.802936	2	1	1	0	0	0	0
AF	0	0.803248	3	3	0	0	0	0	0
AF	0	0.803560	1	0	1	0	0	0	0
AF	0	0.803873	3	1	2	0	0	0	0
AF	0	0.804185	1	1	0	0	0	0	0
AF	0	0.805122	2	0	2	0	0	0	0
AF	0	0.805746	1	1	0	0	0	0	0
AF	0	0.806059	2	1	1	0	0	0	0
AF	0	0.806683	1	1	0	0	0	0	0
AF	0	0.806996	1	1	0	0	0	0	0
AF	0	0.807620	2	2	0	0	0	0	0
AF	0	0.808557	1	1	0	0	0	0	0
AF	0	0.809806	1	1	0	0	0	0	0
AF	0	0.810431	2	0	2	0	0	0	0
AF	0	0.810743	1	0	1	0	0	0	0
AF	0	0.811056	1	0	1	0	0	0	0
AF	0	0.811993	2	2	0	0	0	0	0
AF	0	0.812305	1	1	0	0	0	0	0
AF	0	0.812617	3	3	0	0	0	0	0
AF	0	0.812929	2	1	1	0	0	0	0
AF	0	0.813242	1	1	0	0	0	0	0
AF	0	0.816052	2	2	0	0	0	0	0
AF	0	0.816365	1	0	1	0	0	0	0
AF	0	0.816989	1	0	1	0	0	0	0
AF	0	0.817614	1	1	0	0	0	0	0
AF	0	0.817926	1	0	1	0	0	0	0
AF	0	0.818551	1	1	0	0	0	0	0
AF	0	0.819488	2	2	0	0	0	0	0
AF	0	0.820112	1	0	1	0	0	0	0
AF	0	0.821362	1	1	0	0	0	0	0
AF	0	0.821986	1	0	1	0	0	0	0
AF	0	0.822611	2	1	1	0	0	0	0
AF	0	0.823235	1	1	0	0	0	0	0
AF	0	0.823860	2	2	0	0	0	0	0
AF	0	0.824485	2	1	1	0	0	0	0
AF	0	0.824797	1	1	0	0	0	0	0
AF	0	0.826671	1	0	1	0	0	0	0
AF	0	0.826983	1	1	0	0	0	0	0
AF	0	0.827295	6	4	2	0	0	0	0
AF	0	0.827608	2	2	0	0	0	0	0
AF	0	0.830106	1	1	0	0	0	0	0
AF	0	0.830418	1	0	1	0	0	0	0
AF	0	0.830731	1	0	1	0	0	0	0
AF	0	0.832605	2	2	0	0	0	0	0
AF	0	0.832917	1	1	0	0	0	0	0
AF	0	0.833854	1	1	0	0	0	0	0
AF	0	0.834166	3	2	1	0	0	0	0
AF	0	0.834478	1	1	0	0	0	0	0
AF	0	0.834791	2	1	1	0	0	0	0
AF	0	0.835103	2	1	1	0	0	0	0
AF	0	0.835415	2	1	1	0	0	0	0
AF	0	0.835728	2	2	0	0	0	0	0
AF	0	0.836040	2	1	1	0	0	0	0
AF	0	0.836977	1	0	1	0	0	0	0
AF	0	0.837289	1	0	1	0	0	0	0
AF	0	0.837601	2	1	1	0	0	0	0
AF	0	0.838226	1	0	1	0	0	0	0
AF	0	0.839475	3	0	3	0	0	0	0
AF	0	0.840100	1	0	1	0	0	0	0
AF	0	0.840725	1	1	0	0	0	0	0
AF	0	0.841661	2	0	2	0	0	0	0
AF	0	0.843535	3	1	2	0	0	0	0
AF	0	0.844160	1	1	0	0	0	0	0
AF	0	0.844472	2	1	1	0	0	0	0
AF	0	0.844785	1	0	1	0	0	0	0
AF	0	0.845721	1	1	0	0	0	0	0
AF	0	0.846346	3	2	1	0	0	0	0
AF	0	0.846658	1	1	0	0	0	0	0
AF	0	0.846971	2	1	1	0	0	0	0
AF	0	0.848844	1	1	0	0	0	0	0
AF	0	0.850718	1	1	0	0	0	0	0
AF	0	0.851031	1	0	1	0	0	0	0
AF	0	0.851343	1	0	1	0	0	0	0
AF	0	0.852280	1	1	0	0	0	0	0
AF	0	0.853217	1	0	1	0	0	0	0
AF	0	0.853841	1	1	0	0	0	0	0
AF	0	0.855715	1	1	0	0	0	0	0
AF	0	0.856340	1	1	0	0	0	0	0
AF	0	0.856964	1	1	0	0	0	0	0
AF	0	0.857589	1	0	1	0	0	0	0
AF	0	0.859463	1	1	0	0	0	0	0
AF	0	0.859775	1	0	1	0	0	0	0
AF	0	0.860712	1	1	0	0	0	0	0
AF	0	0.862898	1	1	0	0	0	0	0
AF	0	0.864460	1	1	0	0	0	0	0
AF	0	0.865709	1	0	1	0	0	0	0
AF	0	0.866021	1	1	0	0	0	0	0
AF	0	0.867583	2	2	0	0	0	0	0
AF	0	0.869457	2	2	0	0	0	0	0
AF	0	0.870394	1	1	0	0	0	0	0
AF	0	0.870706	3	1	2	0	0	0	0
AF	0	0.871330	1	1	0	0	0	0	0
AF	0	0.873517	1	1	0	0	0	0	0
AF	0	0.874766	1	0	1	0	0	0	0
AF	0	0.875703	1	0	1	0	0	0	0
AF	0	0.876640	1	1	0	0	0	0	0
AF	0	0.878826	1	0	1	0	0	0	0
AF	0	0.880075	1	1	0	0	0	0	0
AF	0	0.884447	1	1	0	0	0	0	0
AF	0	0.884760	1	0	1	0	0	0	0
AF	0	0.891006	1	1	0	0	0	0	0
AF	0	0.896627	1	1	0	0	0	0	0
AF	0	0.896939	1	1	0	0	0	0	0
AF	0	0.901624	1	1	0	0	0	0	0
AF	0	0.903186	2	0	2	0	0	0	0
AF	0	0.903498	1	1	0	0	0	0	0
AF	0	0.910369	1	1	0	0	0	0	0
AF	0	0.915053	1	1	0	0	0	0	0
AF	0	0.917239	1	1	0	0	0	0	0
AF	0	0.917552	1	0	1	0	0	0	0
AF	0	0.919113	1	1	0	0	0	0	0
AF	0	0.922236	2	2	0	0	0	0	0
AF	0	0.922861	1	1	0	0	0	0	0
AF	0	0.924422	2	0	2	0	0	0	0
AF	0	0.925671	1	1	0	0	0	0	0
AF	0	0.926608	1	0	1	0	0	0	0
AF	0	0.931918	1	1	0	0	0	0	0
AF	0	0.932854	1	1	0	0	0	0	0
AF	0	0.933167	1	1	0	0	0	0	0
AF	0	0.933791	1	1	0	0	0	0	0
AF	0	0.934728	1	1	0	0	0	0	0
AF	0	0.935041	1	1	0	0	0	0	0
AF	0	0.937227	1	1	0	0	0	0	0
AF	0	0.937539	1	0	1	0	0	0	0
AF	0	0.942848	1	1	0	0	0	0	0
AF	0	0.945971	1	1	0	0	0	0	0
AF	0	0.949094	1	1	0	0	0	0	0
AF	0	0.949719	1	0	1	0	0	0	0
AF	0	0.950031	1	1	0	0	0	0	0
AF	0	0.951905	1	1	0	0	0	0	0
AF	0	0.953154	3	1	2	0	0	0	0
AF	0	0.954091	1	1	0	0	0	0	0
AF	0	0.955653	1	1	0	0	0	0	0
AF	0	0.956590	1	1	0	0	0	0	0
AF	0	0.957839	1	1	0	0	0	0	0
AF	0	0.959088	1	1	0	0	0	0	0
AF	0	0.961587	1	0	1	0	0	0	0
AF	0	0.963460	1	0	1	0	0	0	0
AF	0	0.963773	1	0	1	0	0	0	0
AF	0	0.964710	1	0	1	0	0	0	0
AF	0	0.965334	1	1	0	0	0	0	0
AF	0	0.965646	1	1	0	0	0	0	0
AF	0	0.965959	1	1	0	0	0	0	0
AF	0	0.967520	3	1	2	0	0	0	0
AF	0	0.967833	1	1	0	0	0	0	0
AF	0	0.969706	2	1	1	0	0	0	0
AF	0	0.970331	1	0	1	0	0	0	0
AF	0	0.970956	1	1	0	0	0	0	0
AF	0	0.971268	2	1	1	0	0	0	0
AF	0	0.972205	1	1	0	0	0	0	0
AF	0	0.972829	2	1	1	0	0	0	0
AF	0	0.973454	2	2	0	0	0	0	0
AF	0	0.973766	1	1	0	0	0	0	0
AF	0	0.975640	1	1	0	0	0	0	0
AF	0	0.975953	1	1	0	0	0	0	0
AF	0	0.976265	1	1	0	0	0	0	0
AF	0	0.977514	1	1	0	0	0	0	0
AF	0	0.978451	2	2	0	0	0	0	0
AF	0	0.979388	1	1	0	0	0	0	0
AF	0	0.980949	2	2	0	0	0	0	0
AF	0	0.981262	1	1	0	0	0	0	0
AF	0	0.982823	2	0	2	0	0	0	0
AF	0	0.984072	1	1	0	0	0	0	0
AF	0	0.986259	1	0	1	0	0	0	0
AF	0	0.986571	2	1	1	0	0	0	0
AF	0	0.990631	1	1	0	0	0	0	0
AF	0	0.992817	1	1	0	0	0	0	0
AF	0	0.994379	1	1	0	0	0	0	0
AF	0	0.995315	1	1	0	0	0	0	0
AF	0	0.996565	1	0	1	0	0	0	0
AF	0	0.997189	2	2	0	0	0	0	0
AF	0	0.997502	3	2	1	0	0	0	0
AF	0	0.998126	2	1	1	0	0	0	0
AF	0	0.998438	4	2	2	0	0	0	0
AF	0	0.998751	2	2	0	0	0	0	0
AF	0	0.999063	2	1	1	0	0	0	0
# QUAL, Stats by quality
# QUAL	[2]id	[3]Quality	[4]number of SNPs	[5]number of transitions (1st ALT)	[6]number of transversions (1st ALT)	[7]number of indels
QUAL	0	.	17936	11992	5944	0
# IDD, InDel distribution:
# IDD	[2]id	[3]length (deletions negative)	[4]number of sites	[5]number of genotypes	[6]mean VAF
# ST, Substitution types:
# ST	[2]id	[3]type	[4]count
ST	0	A>C	674
ST	0	A>G	2396
ST	0	A>T	729
ST	0	C>A	880
ST	0	C>G	744
ST	0	C>T	3373
ST	0	G>A	3363
ST	0	G>C	666
ST	0	G>T	856
ST	0	T>A	726
ST	0	T>C	2860
ST	0	T>G	669
# DP, Depth distribution
# DP	[2]id	[3]bin	[4]number of genotypes	[5]fraction of genotypes (%)	[6]number of sites	[7]fraction of sites (%)
  - Fix haploid genotypes in males...

Submit MakeDiploidMalesX finished successfully. Let's have a beer, buddy!

