Submit MakeDiploidMalesX
version 1.1.6 (2024-09-30)

These are the settings:
  Input file................: /hpc/local/Rocky8/dhl_ec/software/MonopogenLite/resources/1kGP_high_coverage_Illumina.SNVonly_poly.filtered_AF_5e-04.norm.fixvariantid.chrX.vcf.gz
  Output file...............: /hpc/local/Rocky8/dhl_ec/software/MonopogenLite/resources/1kGP_high_coverage_Illumina.SNVonly_poly.filtered_AF_5e-04.norm.fixvariantid.makediploid.chrX.vcf.gz
  Chunk size................: 100

  SLURM CPUs................: 4
  SLURM Array ID............: 92 (of 100)
  SLURM memory..............: 16G
  SLURM time................: 01:00:00
  SLURM mail type...........: FAIL
  SLURM mail user...........: s.w.vanderlaan-2@umcutrecht.nl

  Dry run mode..............: 0
  Debug mode................: 1
  Verbosity.................: 0
  Version...................: 1.1.6 (2024-09-30)

Making converting haploid genotypes to diploid genotypes.
> Extract the region for this SLURM task (# 92) from the BED file.
  - Get the chunk number from the SLURM array task ID and the bed file...
DEBUG: Extracting chunk number: 92p from 92
DEBUG: Extracting region from BED file: /hpc/local/Rocky8/dhl_ec/software/MonopogenLite/resources/chrX_100pieces.bed
  - Extract the region from the BED file...
DEBUG: Extracted raw region: 'chrX	141997129	143557536' (chunk #: 92p of 100 for job 92)
  - Check if a valid region was extracted -- should be 'chrX	141997129	143557536'...
  - Prepare the region for bcftools...
  - Check if the region (chrX:141997129-143557536) was successfully extracted...
> Processing region 'chrX:141997129-143557536'...
  - Process the specific region (chunk# 92) using bcftools view...
  - Index the VCF file...
DEBUG: Check if the VCF file was successfully processed...
##fileformat=VCFv4.2
##FILTER=<ID=PASS,Description="All filters passed">
##fileDate=29/01/2022 - 14:31:41
##source=shapeit4.2.2
##contig=<ID=chr1,length=248956422>
##contig=<ID=chr2,length=242193529>
##contig=<ID=chr3,length=198295559>
##contig=<ID=chr4,length=190214555>
##contig=<ID=chr5,length=181538259>
##contig=<ID=chr6,length=170805979>
# This file was produced by bcftools stats (1.20+htslib-1.20) and can be plotted using plot-vcfstats.
# The command line was:	bcftools stats  /hpc/local/Rocky8/dhl_ec/software/MonopogenLite/resources/chrX.part92.vcf.gz
#
# Definition of sets:
# ID	[2]id	[3]tab-separated file names
ID	0	/hpc/local/Rocky8/dhl_ec/software/MonopogenLite/resources/chrX.part92.vcf.gz
# SN, Summary numbers:
#   number of records   .. number of data rows in the VCF
#   number of no-ALTs   .. reference-only sites, ALT is either "." or identical to REF
#   number of SNPs      .. number of rows with a SNP
#   number of MNPs      .. number of rows with a MNP, such as CC>TT
#   number of indels    .. number of rows with an indel
#   number of others    .. number of rows with other type, for example a symbolic allele or
#                          a complex substitution, such as ACT>TCGA
#   number of multiallelic sites     .. number of rows with multiple alternate alleles
#   number of multiallelic SNP sites .. number of rows with multiple alternate alleles, all SNPs
# 
#   Note that rows containing multiple types will be counted multiple times, in each
#   counter. For example, a row with a SNP and an indel increments both the SNP and
#   the indel counter.
# 
# SN	[2]id	[3]key	[4]value
SN	0	number of samples:	3202
SN	0	number of records:	19120
SN	0	number of no-ALTs:	0
SN	0	number of SNPs:	19120
SN	0	number of MNPs:	0
SN	0	number of indels:	0
SN	0	number of others:	0
SN	0	number of multiallelic sites:	0
SN	0	number of multiallelic SNP sites:	0
# TSTV, transitions/transversions:
# TSTV	[2]id	[3]ts	[4]tv	[5]ts/tv	[6]ts (1st ALT)	[7]tv (1st ALT)	[8]ts/tv (1st ALT)
TSTV	0	12839	6281	2.04	12839	6281	2.04
# SiS, Singleton stats:
# SiS	[2]id	[3]allele count	[4]number of SNPs	[5]number of transitions	[6]number of transversions	[7]number of indels	[8]repeat-consistent	[9]repeat-inconsistent	[10]not applicable
SiS	0	1	0	0	0	0	0	0	0
# AF, Stats by non-reference allele frequency:
# AF	[2]id	[3]allele frequency	[4]number of SNPs	[5]number of transitions	[6]number of transversions	[7]number of indels	[8]repeat-consistent	[9]repeat-inconsistent	[10]not applicable
AF	0	0.000312	2609	1798	811	0	0	0	0
AF	0	0.000625	1594	1049	545	0	0	0	0
AF	0	0.000937	1853	1237	616	0	0	0	0
AF	0	0.001249	621	424	197	0	0	0	0
AF	0	0.001562	822	559	263	0	0	0	0
AF	0	0.001874	378	246	132	0	0	0	0
AF	0	0.002186	490	324	166	0	0	0	0
AF	0	0.002498	224	147	77	0	0	0	0
AF	0	0.002811	405	269	136	0	0	0	0
AF	0	0.003123	171	126	45	0	0	0	0
AF	0	0.003435	336	215	121	0	0	0	0
AF	0	0.003748	169	111	58	0	0	0	0
AF	0	0.004060	256	181	75	0	0	0	0
AF	0	0.004372	129	84	45	0	0	0	0
AF	0	0.004685	254	180	74	0	0	0	0
AF	0	0.004997	113	85	28	0	0	0	0
AF	0	0.005309	161	108	53	0	0	0	0
AF	0	0.005621	108	64	44	0	0	0	0
AF	0	0.005934	193	131	62	0	0	0	0
AF	0	0.006246	96	63	33	0	0	0	0
AF	0	0.006558	171	120	51	0	0	0	0
AF	0	0.006871	59	38	21	0	0	0	0
AF	0	0.007183	137	88	49	0	0	0	0
AF	0	0.007495	58	44	14	0	0	0	0
AF	0	0.007808	146	106	40	0	0	0	0
AF	0	0.008120	59	37	22	0	0	0	0
AF	0	0.008432	114	82	32	0	0	0	0
AF	0	0.008745	43	28	15	0	0	0	0
AF	0	0.009057	121	83	38	0	0	0	0
AF	0	0.009369	52	29	23	0	0	0	0
AF	0	0.009681	110	78	32	0	0	0	0
AF	0	0.009994	43	29	14	0	0	0	0
AF	0	0.010306	100	70	30	0	0	0	0
AF	0	0.010618	55	37	18	0	0	0	0
AF	0	0.010931	80	54	26	0	0	0	0
AF	0	0.011243	33	18	15	0	0	0	0
AF	0	0.011555	96	69	27	0	0	0	0
AF	0	0.011868	49	40	9	0	0	0	0
AF	0	0.012180	81	56	25	0	0	0	0
AF	0	0.012492	40	23	17	0	0	0	0
AF	0	0.012804	71	50	21	0	0	0	0
AF	0	0.013117	24	11	13	0	0	0	0
AF	0	0.013429	84	56	28	0	0	0	0
AF	0	0.013741	34	23	11	0	0	0	0
AF	0	0.014054	47	25	22	0	0	0	0
AF	0	0.014366	30	24	6	0	0	0	0
AF	0	0.014678	59	39	20	0	0	0	0
AF	0	0.014991	30	23	7	0	0	0	0
AF	0	0.015303	66	44	22	0	0	0	0
AF	0	0.015615	31	22	9	0	0	0	0
AF	0	0.015928	82	53	29	0	0	0	0
AF	0	0.016240	45	25	20	0	0	0	0
AF	0	0.016552	92	66	26	0	0	0	0
AF	0	0.016864	32	20	12	0	0	0	0
AF	0	0.017177	65	45	20	0	0	0	0
AF	0	0.017489	31	20	11	0	0	0	0
AF	0	0.017801	60	43	17	0	0	0	0
AF	0	0.018114	23	16	7	0	0	0	0
AF	0	0.018426	55	32	23	0	0	0	0
AF	0	0.018738	15	10	5	0	0	0	0
AF	0	0.019051	42	26	16	0	0	0	0
AF	0	0.019363	19	11	8	0	0	0	0
AF	0	0.019675	22	16	6	0	0	0	0
AF	0	0.019988	18	13	5	0	0	0	0
AF	0	0.020300	39	19	20	0	0	0	0
AF	0	0.020612	8	6	2	0	0	0	0
AF	0	0.020924	28	20	8	0	0	0	0
AF	0	0.021237	6	1	5	0	0	0	0
AF	0	0.021549	31	20	11	0	0	0	0
AF	0	0.021861	14	9	5	0	0	0	0
AF	0	0.022174	23	14	9	0	0	0	0
AF	0	0.022486	15	8	7	0	0	0	0
AF	0	0.022798	33	26	7	0	0	0	0
AF	0	0.023111	15	10	5	0	0	0	0
AF	0	0.023423	37	22	15	0	0	0	0
AF	0	0.023735	21	10	11	0	0	0	0
AF	0	0.024047	37	26	11	0	0	0	0
AF	0	0.024360	16	11	5	0	0	0	0
AF	0	0.024672	29	19	10	0	0	0	0
AF	0	0.024984	8	5	3	0	0	0	0
AF	0	0.025297	40	26	14	0	0	0	0
AF	0	0.025609	22	13	9	0	0	0	0
AF	0	0.025921	30	19	11	0	0	0	0
AF	0	0.026234	10	9	1	0	0	0	0
AF	0	0.026546	26	20	6	0	0	0	0
AF	0	0.026858	15	9	6	0	0	0	0
AF	0	0.027171	23	19	4	0	0	0	0
AF	0	0.027483	9	5	4	0	0	0	0
AF	0	0.027795	18	14	4	0	0	0	0
AF	0	0.028107	4	4	0	0	0	0	0
AF	0	0.028420	18	15	3	0	0	0	0
AF	0	0.028732	13	10	3	0	0	0	0
AF	0	0.029044	16	9	7	0	0	0	0
AF	0	0.029357	7	4	3	0	0	0	0
AF	0	0.029669	22	13	9	0	0	0	0
AF	0	0.029981	8	5	3	0	0	0	0
AF	0	0.030294	18	14	4	0	0	0	0
AF	0	0.030606	9	5	4	0	0	0	0
AF	0	0.030918	21	14	7	0	0	0	0
AF	0	0.031230	10	5	5	0	0	0	0
AF	0	0.031543	23	20	3	0	0	0	0
AF	0	0.031855	5	5	0	0	0	0	0
AF	0	0.032167	19	16	3	0	0	0	0
AF	0	0.032480	11	8	3	0	0	0	0
AF	0	0.032792	17	15	2	0	0	0	0
AF	0	0.033104	7	5	2	0	0	0	0
AF	0	0.033417	27	20	7	0	0	0	0
AF	0	0.033729	14	11	3	0	0	0	0
AF	0	0.034041	14	9	5	0	0	0	0
AF	0	0.034354	11	7	4	0	0	0	0
AF	0	0.034666	29	22	7	0	0	0	0
AF	0	0.034978	5	3	2	0	0	0	0
AF	0	0.035290	16	10	6	0	0	0	0
AF	0	0.035603	10	6	4	0	0	0	0
AF	0	0.035915	10	9	1	0	0	0	0
AF	0	0.036227	6	4	2	0	0	0	0
AF	0	0.036540	10	7	3	0	0	0	0
AF	0	0.036852	2	1	1	0	0	0	0
AF	0	0.037164	23	12	11	0	0	0	0
AF	0	0.037477	18	15	3	0	0	0	0
AF	0	0.037789	15	11	4	0	0	0	0
AF	0	0.038101	8	3	5	0	0	0	0
AF	0	0.038413	22	17	5	0	0	0	0
AF	0	0.038726	9	8	1	0	0	0	0
AF	0	0.039038	15	11	4	0	0	0	0
AF	0	0.039350	3	2	1	0	0	0	0
AF	0	0.039663	10	8	2	0	0	0	0
AF	0	0.039975	8	5	3	0	0	0	0
AF	0	0.040287	18	15	3	0	0	0	0
AF	0	0.040600	9	3	6	0	0	0	0
AF	0	0.040912	9	7	2	0	0	0	0
AF	0	0.041224	9	7	2	0	0	0	0
AF	0	0.041537	18	15	3	0	0	0	0
AF	0	0.041849	2	2	0	0	0	0	0
AF	0	0.042161	9	7	2	0	0	0	0
AF	0	0.042473	14	10	4	0	0	0	0
AF	0	0.042786	20	13	7	0	0	0	0
AF	0	0.043098	8	6	2	0	0	0	0
AF	0	0.043410	10	10	0	0	0	0	0
AF	0	0.043723	7	6	1	0	0	0	0
AF	0	0.044035	11	10	1	0	0	0	0
AF	0	0.044347	5	2	3	0	0	0	0
AF	0	0.044660	15	7	8	0	0	0	0
AF	0	0.044972	2	1	1	0	0	0	0
AF	0	0.045284	25	16	9	0	0	0	0
AF	0	0.045597	7	5	2	0	0	0	0
AF	0	0.045909	13	10	3	0	0	0	0
AF	0	0.046221	7	5	2	0	0	0	0
AF	0	0.046533	9	7	2	0	0	0	0
AF	0	0.046846	4	3	1	0	0	0	0
AF	0	0.047158	8	5	3	0	0	0	0
AF	0	0.047470	2	0	2	0	0	0	0
AF	0	0.047783	7	7	0	0	0	0	0
AF	0	0.048095	2	1	1	0	0	0	0
AF	0	0.048407	12	9	3	0	0	0	0
AF	0	0.048720	4	2	2	0	0	0	0
AF	0	0.049032	7	1	6	0	0	0	0
AF	0	0.049344	4	1	3	0	0	0	0
AF	0	0.049656	7	7	0	0	0	0	0
AF	0	0.049969	2	1	1	0	0	0	0
AF	0	0.050281	17	14	3	0	0	0	0
AF	0	0.050593	4	1	3	0	0	0	0
AF	0	0.050906	14	9	5	0	0	0	0
AF	0	0.051218	7	5	2	0	0	0	0
AF	0	0.051530	15	10	5	0	0	0	0
AF	0	0.051843	6	5	1	0	0	0	0
AF	0	0.052155	9	5	4	0	0	0	0
AF	0	0.052467	3	3	0	0	0	0	0
AF	0	0.052780	7	4	3	0	0	0	0
AF	0	0.053092	1	1	0	0	0	0	0
AF	0	0.053404	6	5	1	0	0	0	0
AF	0	0.053716	5	3	2	0	0	0	0
AF	0	0.054029	6	4	2	0	0	0	0
AF	0	0.054341	6	3	3	0	0	0	0
AF	0	0.054653	6	3	3	0	0	0	0
AF	0	0.054966	3	2	1	0	0	0	0
AF	0	0.055278	7	6	1	0	0	0	0
AF	0	0.055590	1	1	0	0	0	0	0
AF	0	0.055903	6	4	2	0	0	0	0
AF	0	0.056215	1	1	0	0	0	0	0
AF	0	0.056527	9	4	5	0	0	0	0
AF	0	0.056839	5	4	1	0	0	0	0
AF	0	0.057152	9	8	1	0	0	0	0
AF	0	0.057464	4	4	0	0	0	0	0
AF	0	0.057776	8	6	2	0	0	0	0
AF	0	0.058089	3	2	1	0	0	0	0
AF	0	0.058401	13	9	4	0	0	0	0
AF	0	0.058713	6	5	1	0	0	0	0
AF	0	0.059026	18	8	10	0	0	0	0
AF	0	0.059338	4	4	0	0	0	0	0
AF	0	0.059650	12	7	5	0	0	0	0
AF	0	0.059963	5	0	5	0	0	0	0
AF	0	0.060275	8	5	3	0	0	0	0
AF	0	0.060587	4	3	1	0	0	0	0
AF	0	0.060899	6	4	2	0	0	0	0
AF	0	0.061212	2	1	1	0	0	0	0
AF	0	0.061524	7	5	2	0	0	0	0
AF	0	0.061836	2	2	0	0	0	0	0
AF	0	0.062149	6	4	2	0	0	0	0
AF	0	0.062461	3	2	1	0	0	0	0
AF	0	0.062773	8	5	3	0	0	0	0
AF	0	0.063086	3	2	1	0	0	0	0
AF	0	0.063398	7	3	4	0	0	0	0
AF	0	0.063710	6	5	1	0	0	0	0
AF	0	0.064022	9	7	2	0	0	0	0
AF	0	0.064335	3	2	1	0	0	0	0
AF	0	0.064647	8	7	1	0	0	0	0
AF	0	0.064959	6	3	3	0	0	0	0
AF	0	0.065272	11	10	1	0	0	0	0
AF	0	0.065584	3	2	1	0	0	0	0
AF	0	0.065896	9	4	5	0	0	0	0
AF	0	0.066521	5	3	2	0	0	0	0
AF	0	0.066833	3	3	0	0	0	0	0
AF	0	0.067146	6	3	3	0	0	0	0
AF	0	0.067458	11	8	3	0	0	0	0
AF	0	0.067770	17	12	5	0	0	0	0
AF	0	0.068082	3	1	2	0	0	0	0
AF	0	0.068395	7	4	3	0	0	0	0
AF	0	0.068707	4	3	1	0	0	0	0
AF	0	0.069019	5	4	1	0	0	0	0
AF	0	0.069332	3	2	1	0	0	0	0
AF	0	0.069644	10	9	1	0	0	0	0
AF	0	0.069956	6	3	3	0	0	0	0
AF	0	0.070269	4	4	0	0	0	0	0
AF	0	0.070581	5	2	3	0	0	0	0
AF	0	0.070893	11	9	2	0	0	0	0
AF	0	0.071205	4	2	2	0	0	0	0
AF	0	0.071518	7	6	1	0	0	0	0
AF	0	0.071830	1	1	0	0	0	0	0
AF	0	0.072142	13	10	3	0	0	0	0
AF	0	0.072455	2	2	0	0	0	0	0
AF	0	0.072767	8	6	2	0	0	0	0
AF	0	0.073079	2	2	0	0	0	0	0
AF	0	0.073392	2	1	1	0	0	0	0
AF	0	0.073704	3	2	1	0	0	0	0
AF	0	0.074016	4	3	1	0	0	0	0
AF	0	0.074329	2	2	0	0	0	0	0
AF	0	0.074641	8	6	2	0	0	0	0
AF	0	0.074953	2	2	0	0	0	0	0
AF	0	0.075265	11	5	6	0	0	0	0
AF	0	0.075578	4	2	2	0	0	0	0
AF	0	0.075890	4	3	1	0	0	0	0
AF	0	0.076202	1	1	0	0	0	0	0
AF	0	0.076515	9	4	5	0	0	0	0
AF	0	0.076827	1	1	0	0	0	0	0
AF	0	0.077139	1	0	1	0	0	0	0
AF	0	0.077452	4	3	1	0	0	0	0
AF	0	0.077764	2	1	1	0	0	0	0
AF	0	0.078076	3	0	3	0	0	0	0
AF	0	0.078389	2	2	0	0	0	0	0
AF	0	0.079013	5	4	1	0	0	0	0
AF	0	0.079325	2	1	1	0	0	0	0
AF	0	0.079638	7	5	2	0	0	0	0
AF	0	0.079950	3	2	1	0	0	0	0
AF	0	0.080262	1	1	0	0	0	0	0
AF	0	0.080575	1	1	0	0	0	0	0
AF	0	0.080887	3	3	0	0	0	0	0
AF	0	0.081199	3	2	1	0	0	0	0
AF	0	0.081512	4	2	2	0	0	0	0
AF	0	0.081824	3	2	1	0	0	0	0
AF	0	0.082136	4	4	0	0	0	0	0
AF	0	0.082448	2	0	2	0	0	0	0
AF	0	0.082761	9	7	2	0	0	0	0
AF	0	0.083073	2	2	0	0	0	0	0
AF	0	0.083385	11	7	4	0	0	0	0
AF	0	0.083698	2	2	0	0	0	0	0
AF	0	0.084010	5	4	1	0	0	0	0
AF	0	0.084322	1	1	0	0	0	0	0
AF	0	0.084635	4	2	2	0	0	0	0
AF	0	0.085259	3	2	1	0	0	0	0
AF	0	0.085572	1	1	0	0	0	0	0
AF	0	0.086196	3	2	1	0	0	0	0
AF	0	0.086508	4	1	3	0	0	0	0
AF	0	0.086821	3	2	1	0	0	0	0
AF	0	0.087133	1	0	1	0	0	0	0
AF	0	0.087758	5	2	3	0	0	0	0
AF	0	0.088382	2	2	0	0	0	0	0
AF	0	0.088695	1	1	0	0	0	0	0
AF	0	0.089007	8	6	2	0	0	0	0
AF	0	0.089319	2	2	0	0	0	0	0
AF	0	0.089631	1	1	0	0	0	0	0
AF	0	0.089944	2	1	1	0	0	0	0
AF	0	0.090256	2	1	1	0	0	0	0
AF	0	0.090568	1	1	0	0	0	0	0
AF	0	0.090881	8	7	1	0	0	0	0
AF	0	0.091193	1	0	1	0	0	0	0
AF	0	0.091505	2	2	0	0	0	0	0
AF	0	0.091818	1	0	1	0	0	0	0
AF	0	0.092130	3	2	1	0	0	0	0
AF	0	0.092442	2	2	0	0	0	0	0
AF	0	0.092755	1	1	0	0	0	0	0
AF	0	0.093067	3	1	2	0	0	0	0
AF	0	0.093379	6	4	2	0	0	0	0
AF	0	0.093691	2	1	1	0	0	0	0
AF	0	0.094004	1	0	1	0	0	0	0
AF	0	0.094316	1	1	0	0	0	0	0
AF	0	0.094628	2	2	0	0	0	0	0
AF	0	0.094941	4	3	1	0	0	0	0
AF	0	0.095253	6	6	0	0	0	0	0
AF	0	0.095878	5	3	2	0	0	0	0
AF	0	0.096190	5	2	3	0	0	0	0
AF	0	0.096502	6	2	4	0	0	0	0
AF	0	0.096814	1	1	0	0	0	0	0
AF	0	0.097127	6	1	5	0	0	0	0
AF	0	0.097439	4	2	2	0	0	0	0
AF	0	0.097751	8	6	2	0	0	0	0
AF	0	0.098064	5	2	3	0	0	0	0
AF	0	0.098376	8	4	4	0	0	0	0
AF	0	0.098688	3	3	0	0	0	0	0
AF	0	0.099001	10	8	2	0	0	0	0
AF	0	0.099313	6	5	1	0	0	0	0
AF	0	0.099625	8	8	0	0	0	0	0
AF	0	0.099938	4	4	0	0	0	0	0
AF	0	0.100250	6	4	2	0	0	0	0
AF	0	0.100562	1	1	0	0	0	0	0
AF	0	0.100874	13	11	2	0	0	0	0
AF	0	0.101187	3	2	1	0	0	0	0
AF	0	0.101499	10	7	3	0	0	0	0
AF	0	0.101811	3	0	3	0	0	0	0
AF	0	0.102124	5	3	2	0	0	0	0
AF	0	0.102436	3	2	1	0	0	0	0
AF	0	0.102748	5	3	2	0	0	0	0
AF	0	0.103061	4	3	1	0	0	0	0
AF	0	0.103373	5	2	3	0	0	0	0
AF	0	0.103685	2	1	1	0	0	0	0
AF	0	0.103998	6	3	3	0	0	0	0
AF	0	0.104310	8	5	3	0	0	0	0
AF	0	0.104622	8	3	5	0	0	0	0
AF	0	0.104934	1	0	1	0	0	0	0
AF	0	0.105247	3	2	1	0	0	0	0
AF	0	0.105559	3	2	1	0	0	0	0
AF	0	0.105871	5	3	2	0	0	0	0
AF	0	0.106184	7	7	0	0	0	0	0
AF	0	0.106496	5	1	4	0	0	0	0
AF	0	0.106808	2	2	0	0	0	0	0
AF	0	0.107121	6	5	1	0	0	0	0
AF	0	0.107433	2	1	1	0	0	0	0
AF	0	0.107745	5	1	4	0	0	0	0
AF	0	0.108057	11	9	2	0	0	0	0
AF	0	0.108370	12	9	3	0	0	0	0
AF	0	0.108682	6	4	2	0	0	0	0
AF	0	0.108994	7	5	2	0	0	0	0
AF	0	0.109307	2	1	1	0	0	0	0
AF	0	0.109619	1	1	0	0	0	0	0
AF	0	0.109931	6	3	3	0	0	0	0
AF	0	0.110244	2	2	0	0	0	0	0
AF	0	0.110556	2	1	1	0	0	0	0
AF	0	0.110868	2	1	1	0	0	0	0
AF	0	0.111181	4	2	2	0	0	0	0
AF	0	0.111493	1	0	1	0	0	0	0
AF	0	0.111805	4	1	3	0	0	0	0
AF	0	0.112117	1	1	0	0	0	0	0
AF	0	0.112430	7	5	2	0	0	0	0
AF	0	0.112742	3	3	0	0	0	0	0
AF	0	0.113054	10	5	5	0	0	0	0
AF	0	0.113367	3	2	1	0	0	0	0
AF	0	0.113679	4	3	1	0	0	0	0
AF	0	0.113991	3	2	1	0	0	0	0
AF	0	0.114304	6	5	1	0	0	0	0
AF	0	0.114616	2	2	0	0	0	0	0
AF	0	0.114928	6	4	2	0	0	0	0
AF	0	0.115240	1	1	0	0	0	0	0
AF	0	0.115553	6	4	2	0	0	0	0
AF	0	0.115865	4	2	2	0	0	0	0
AF	0	0.116177	6	2	4	0	0	0	0
AF	0	0.116490	1	1	0	0	0	0	0
AF	0	0.116802	5	0	5	0	0	0	0
AF	0	0.117739	3	2	1	0	0	0	0
AF	0	0.118051	7	6	1	0	0	0	0
AF	0	0.118364	3	2	1	0	0	0	0
AF	0	0.118676	2	2	0	0	0	0	0
AF	0	0.118988	2	1	1	0	0	0	0
AF	0	0.119300	5	4	1	0	0	0	0
AF	0	0.119613	5	2	3	0	0	0	0
AF	0	0.119925	5	3	2	0	0	0	0
AF	0	0.120237	3	0	3	0	0	0	0
AF	0	0.120550	4	2	2	0	0	0	0
AF	0	0.120862	2	1	1	0	0	0	0
AF	0	0.121174	5	4	1	0	0	0	0
AF	0	0.121487	5	4	1	0	0	0	0
AF	0	0.121799	5	3	2	0	0	0	0
AF	0	0.122111	2	1	1	0	0	0	0
AF	0	0.122423	1	1	0	0	0	0	0
AF	0	0.123048	6	3	3	0	0	0	0
AF	0	0.123360	2	1	1	0	0	0	0
AF	0	0.123673	7	4	3	0	0	0	0
AF	0	0.123985	2	2	0	0	0	0	0
AF	0	0.124297	3	2	1	0	0	0	0
AF	0	0.124610	2	1	1	0	0	0	0
AF	0	0.124922	3	3	0	0	0	0	0
AF	0	0.125234	1	1	0	0	0	0	0
AF	0	0.125547	1	1	0	0	0	0	0
AF	0	0.125859	2	2	0	0	0	0	0
AF	0	0.126171	2	2	0	0	0	0	0
AF	0	0.126483	3	1	2	0	0	0	0
AF	0	0.126796	4	2	2	0	0	0	0
AF	0	0.127108	2	1	1	0	0	0	0
AF	0	0.127420	5	5	0	0	0	0	0
AF	0	0.127733	1	1	0	0	0	0	0
AF	0	0.128045	5	2	3	0	0	0	0
AF	0	0.128357	3	3	0	0	0	0	0
AF	0	0.128670	9	4	5	0	0	0	0
AF	0	0.128982	1	1	0	0	0	0	0
AF	0	0.129294	2	0	2	0	0	0	0
AF	0	0.129606	3	0	3	0	0	0	0
AF	0	0.129919	3	3	0	0	0	0	0
AF	0	0.130231	4	2	2	0	0	0	0
AF	0	0.130543	5	3	2	0	0	0	0
AF	0	0.131168	5	2	3	0	0	0	0
AF	0	0.131480	3	1	2	0	0	0	0
AF	0	0.131793	5	5	0	0	0	0	0
AF	0	0.132417	7	5	2	0	0	0	0
AF	0	0.132730	1	0	1	0	0	0	0
AF	0	0.133042	7	5	2	0	0	0	0
AF	0	0.133354	8	6	2	0	0	0	0
AF	0	0.133666	7	7	0	0	0	0	0
AF	0	0.133979	4	3	1	0	0	0	0
AF	0	0.134291	11	8	3	0	0	0	0
AF	0	0.134603	5	2	3	0	0	0	0
AF	0	0.134916	3	1	2	0	0	0	0
AF	0	0.135228	1	0	1	0	0	0	0
AF	0	0.135540	7	5	2	0	0	0	0
AF	0	0.135853	4	0	4	0	0	0	0
AF	0	0.136165	4	2	2	0	0	0	0
AF	0	0.136477	1	0	1	0	0	0	0
AF	0	0.136790	1	1	0	0	0	0	0
AF	0	0.137414	4	4	0	0	0	0	0
AF	0	0.137726	3	1	2	0	0	0	0
AF	0	0.138039	1	0	1	0	0	0	0
AF	0	0.138351	2	2	0	0	0	0	0
AF	0	0.138663	1	0	1	0	0	0	0
AF	0	0.138976	1	1	0	0	0	0	0
AF	0	0.139288	4	4	0	0	0	0	0
AF	0	0.139600	1	0	1	0	0	0	0
AF	0	0.139913	6	3	3	0	0	0	0
AF	0	0.140225	2	1	1	0	0	0	0
AF	0	0.140537	4	3	1	0	0	0	0
AF	0	0.140849	2	2	0	0	0	0	0
AF	0	0.141162	1	0	1	0	0	0	0
AF	0	0.141474	5	2	3	0	0	0	0
AF	0	0.141786	1	1	0	0	0	0	0
AF	0	0.142099	1	0	1	0	0	0	0
AF	0	0.142411	2	1	1	0	0	0	0
AF	0	0.142723	3	1	2	0	0	0	0
AF	0	0.143036	8	6	2	0	0	0	0
AF	0	0.143348	2	2	0	0	0	0	0
AF	0	0.143660	2	2	0	0	0	0	0
AF	0	0.143973	3	2	1	0	0	0	0
AF	0	0.144285	4	3	1	0	0	0	0
AF	0	0.144597	2	2	0	0	0	0	0
AF	0	0.144909	3	3	0	0	0	0	0
AF	0	0.145222	3	3	0	0	0	0	0
AF	0	0.145534	5	4	1	0	0	0	0
AF	0	0.145846	2	2	0	0	0	0	0
AF	0	0.146159	2	1	1	0	0	0	0
AF	0	0.146471	2	1	1	0	0	0	0
AF	0	0.146783	7	4	3	0	0	0	0
AF	0	0.147096	2	1	1	0	0	0	0
AF	0	0.147408	4	1	3	0	0	0	0
AF	0	0.148032	3	1	2	0	0	0	0
AF	0	0.148657	4	2	2	0	0	0	0
AF	0	0.148969	2	1	1	0	0	0	0
AF	0	0.149282	4	3	1	0	0	0	0
AF	0	0.149594	2	2	0	0	0	0	0
AF	0	0.149906	6	5	1	0	0	0	0
AF	0	0.150219	5	4	1	0	0	0	0
AF	0	0.150531	5	3	2	0	0	0	0
AF	0	0.150843	2	2	0	0	0	0	0
AF	0	0.151156	2	2	0	0	0	0	0
AF	0	0.151468	1	1	0	0	0	0	0
AF	0	0.151780	4	3	1	0	0	0	0
AF	0	0.152092	1	1	0	0	0	0	0
AF	0	0.152405	4	4	0	0	0	0	0
AF	0	0.153029	1	1	0	0	0	0	0
AF	0	0.153342	1	1	0	0	0	0	0
AF	0	0.153654	5	3	2	0	0	0	0
AF	0	0.153966	2	1	1	0	0	0	0
AF	0	0.154279	6	5	1	0	0	0	0
AF	0	0.154591	4	3	1	0	0	0	0
AF	0	0.155215	1	0	1	0	0	0	0
AF	0	0.155528	2	2	0	0	0	0	0
AF	0	0.155840	2	1	1	0	0	0	0
AF	0	0.156152	19	11	8	0	0	0	0
AF	0	0.156465	6	4	2	0	0	0	0
AF	0	0.156777	10	7	3	0	0	0	0
AF	0	0.157089	1	1	0	0	0	0	0
AF	0	0.157402	3	3	0	0	0	0	0
AF	0	0.157714	1	1	0	0	0	0	0
AF	0	0.158026	10	8	2	0	0	0	0
AF	0	0.158339	1	1	0	0	0	0	0
AF	0	0.158651	5	2	3	0	0	0	0
AF	0	0.158963	4	2	2	0	0	0	0
AF	0	0.159275	4	3	1	0	0	0	0
AF	0	0.159588	1	0	1	0	0	0	0
AF	0	0.159900	4	4	0	0	0	0	0
AF	0	0.160212	1	1	0	0	0	0	0
AF	0	0.160525	4	2	2	0	0	0	0
AF	0	0.160837	1	0	1	0	0	0	0
AF	0	0.161149	5	3	2	0	0	0	0
AF	0	0.161462	3	2	1	0	0	0	0
AF	0	0.161774	2	1	1	0	0	0	0
AF	0	0.162086	2	1	1	0	0	0	0
AF	0	0.162399	9	6	3	0	0	0	0
AF	0	0.162711	3	3	0	0	0	0	0
AF	0	0.163023	3	1	2	0	0	0	0
AF	0	0.163648	3	1	2	0	0	0	0
AF	0	0.163960	1	0	1	0	0	0	0
AF	0	0.164272	5	2	3	0	0	0	0
AF	0	0.164585	4	3	1	0	0	0	0
AF	0	0.164897	6	2	4	0	0	0	0
AF	0	0.165522	5	2	3	0	0	0	0
AF	0	0.165834	1	0	1	0	0	0	0
AF	0	0.166146	3	1	2	0	0	0	0
AF	0	0.166771	1	1	0	0	0	0	0
AF	0	0.167083	2	2	0	0	0	0	0
AF	0	0.167708	3	2	1	0	0	0	0
AF	0	0.168020	4	2	2	0	0	0	0
AF	0	0.168332	1	1	0	0	0	0	0
AF	0	0.168645	2	1	1	0	0	0	0
AF	0	0.168957	1	0	1	0	0	0	0
AF	0	0.169269	2	1	1	0	0	0	0
AF	0	0.170206	1	0	1	0	0	0	0
AF	0	0.170518	1	1	0	0	0	0	0
AF	0	0.170831	4	3	1	0	0	0	0
AF	0	0.171143	2	2	0	0	0	0	0
AF	0	0.171768	4	1	3	0	0	0	0
AF	0	0.172080	1	0	1	0	0	0	0
AF	0	0.172392	1	1	0	0	0	0	0
AF	0	0.172705	3	2	1	0	0	0	0
AF	0	0.173017	7	4	3	0	0	0	0
AF	0	0.173329	1	1	0	0	0	0	0
AF	0	0.173641	6	3	3	0	0	0	0
AF	0	0.174266	4	3	1	0	0	0	0
AF	0	0.174891	2	1	1	0	0	0	0
AF	0	0.175515	5	2	3	0	0	0	0
AF	0	0.175828	5	4	1	0	0	0	0
AF	0	0.176140	7	6	1	0	0	0	0
AF	0	0.176765	4	4	0	0	0	0	0
AF	0	0.177077	3	2	1	0	0	0	0
AF	0	0.177389	8	5	3	0	0	0	0
AF	0	0.177701	3	2	1	0	0	0	0
AF	0	0.178014	3	3	0	0	0	0	0
AF	0	0.178638	2	2	0	0	0	0	0
AF	0	0.178951	3	1	2	0	0	0	0
AF	0	0.179263	3	3	0	0	0	0	0
AF	0	0.179575	1	1	0	0	0	0	0
AF	0	0.179888	4	2	2	0	0	0	0
AF	0	0.180200	3	3	0	0	0	0	0
AF	0	0.180512	3	3	0	0	0	0	0
AF	0	0.180824	3	3	0	0	0	0	0
AF	0	0.181137	8	6	2	0	0	0	0
AF	0	0.181449	3	2	1	0	0	0	0
AF	0	0.181761	6	6	0	0	0	0	0
AF	0	0.182386	7	4	3	0	0	0	0
AF	0	0.182698	6	4	2	0	0	0	0
AF	0	0.183011	1	1	0	0	0	0	0
AF	0	0.183323	2	0	2	0	0	0	0
AF	0	0.183635	3	3	0	0	0	0	0
AF	0	0.183948	3	3	0	0	0	0	0
AF	0	0.184260	1	1	0	0	0	0	0
AF	0	0.184572	1	1	0	0	0	0	0
AF	0	0.184884	2	2	0	0	0	0	0
AF	0	0.185197	1	0	1	0	0	0	0
AF	0	0.185509	4	3	1	0	0	0	0
AF	0	0.185821	3	1	2	0	0	0	0
AF	0	0.186134	4	4	0	0	0	0	0
AF	0	0.186446	1	0	1	0	0	0	0
AF	0	0.186758	1	1	0	0	0	0	0
AF	0	0.187383	2	0	2	0	0	0	0
AF	0	0.187695	2	1	1	0	0	0	0
AF	0	0.188007	1	1	0	0	0	0	0
AF	0	0.188320	1	1	0	0	0	0	0
AF	0	0.188632	3	2	1	0	0	0	0
AF	0	0.189257	1	1	0	0	0	0	0
AF	0	0.189881	2	2	0	0	0	0	0
AF	0	0.190194	1	1	0	0	0	0	0
AF	0	0.190506	1	0	1	0	0	0	0
AF	0	0.191131	1	0	1	0	0	0	0
AF	0	0.191443	1	1	0	0	0	0	0
AF	0	0.192067	1	0	1	0	0	0	0
AF	0	0.192380	2	0	2	0	0	0	0
AF	0	0.193317	1	1	0	0	0	0	0
AF	0	0.193629	2	1	1	0	0	0	0
AF	0	0.193941	1	1	0	0	0	0	0
AF	0	0.194254	5	3	2	0	0	0	0
AF	0	0.194566	2	2	0	0	0	0	0
AF	0	0.194878	2	2	0	0	0	0	0
AF	0	0.195191	3	3	0	0	0	0	0
AF	0	0.195503	1	1	0	0	0	0	0
AF	0	0.195815	1	1	0	0	0	0	0
AF	0	0.196127	4	3	1	0	0	0	0
AF	0	0.196440	5	2	3	0	0	0	0
AF	0	0.196752	2	2	0	0	0	0	0
AF	0	0.197689	2	2	0	0	0	0	0
AF	0	0.198001	3	1	2	0	0	0	0
AF	0	0.198626	1	0	1	0	0	0	0
AF	0	0.198938	1	1	0	0	0	0	0
AF	0	0.199250	1	1	0	0	0	0	0
AF	0	0.199563	1	1	0	0	0	0	0
AF	0	0.199875	1	1	0	0	0	0	0
AF	0	0.200500	1	1	0	0	0	0	0
AF	0	0.201124	1	1	0	0	0	0	0
AF	0	0.201437	2	2	0	0	0	0	0
AF	0	0.201749	2	1	1	0	0	0	0
AF	0	0.202374	4	1	3	0	0	0	0
AF	0	0.202686	2	1	1	0	0	0	0
AF	0	0.202998	5	4	1	0	0	0	0
AF	0	0.203310	7	6	1	0	0	0	0
AF	0	0.203623	2	2	0	0	0	0	0
AF	0	0.204247	1	1	0	0	0	0	0
AF	0	0.204560	2	2	0	0	0	0	0
AF	0	0.204872	4	2	2	0	0	0	0
AF	0	0.205497	4	4	0	0	0	0	0
AF	0	0.206121	2	2	0	0	0	0	0
AF	0	0.206746	3	1	2	0	0	0	0
AF	0	0.207370	2	1	1	0	0	0	0
AF	0	0.207995	3	2	1	0	0	0	0
AF	0	0.208307	1	1	0	0	0	0	0
AF	0	0.208620	1	1	0	0	0	0	0
AF	0	0.208932	1	1	0	0	0	0	0
AF	0	0.209244	2	1	1	0	0	0	0
AF	0	0.209557	1	1	0	0	0	0	0
AF	0	0.209869	3	2	1	0	0	0	0
AF	0	0.210181	2	1	1	0	0	0	0
AF	0	0.210806	1	1	0	0	0	0	0
AF	0	0.211430	1	1	0	0	0	0	0
AF	0	0.211743	1	1	0	0	0	0	0
AF	0	0.212367	3	2	1	0	0	0	0
AF	0	0.213616	3	2	1	0	0	0	0
AF	0	0.214241	1	1	0	0	0	0	0
AF	0	0.214866	2	2	0	0	0	0	0
AF	0	0.215490	1	1	0	0	0	0	0
AF	0	0.215803	3	3	0	0	0	0	0
AF	0	0.216115	1	1	0	0	0	0	0
AF	0	0.216427	1	0	1	0	0	0	0
AF	0	0.216740	2	2	0	0	0	0	0
AF	0	0.217052	1	0	1	0	0	0	0
AF	0	0.217364	7	5	2	0	0	0	0
AF	0	0.218613	1	1	0	0	0	0	0
AF	0	0.218926	1	1	0	0	0	0	0
AF	0	0.219238	1	1	0	0	0	0	0
AF	0	0.219863	1	1	0	0	0	0	0
AF	0	0.220487	2	1	1	0	0	0	0
AF	0	0.220800	1	1	0	0	0	0	0
AF	0	0.221112	1	1	0	0	0	0	0
AF	0	0.221736	2	2	0	0	0	0	0
AF	0	0.222049	6	5	1	0	0	0	0
AF	0	0.222361	11	2	9	0	0	0	0
AF	0	0.222673	1	1	0	0	0	0	0
AF	0	0.222986	1	1	0	0	0	0	0
AF	0	0.223298	2	1	1	0	0	0	0
AF	0	0.223610	3	2	1	0	0	0	0
AF	0	0.223923	1	1	0	0	0	0	0
AF	0	0.224235	4	3	1	0	0	0	0
AF	0	0.224547	1	1	0	0	0	0	0
AF	0	0.224859	1	1	0	0	0	0	0
AF	0	0.225796	1	1	0	0	0	0	0
AF	0	0.226109	1	1	0	0	0	0	0
AF	0	0.226421	2	2	0	0	0	0	0
AF	0	0.226733	2	2	0	0	0	0	0
AF	0	0.227670	2	1	1	0	0	0	0
AF	0	0.227983	1	1	0	0	0	0	0
AF	0	0.228295	1	1	0	0	0	0	0
AF	0	0.228919	1	0	1	0	0	0	0
AF	0	0.229232	2	0	2	0	0	0	0
AF	0	0.229544	2	2	0	0	0	0	0
AF	0	0.229856	1	0	1	0	0	0	0
AF	0	0.230169	2	1	1	0	0	0	0
AF	0	0.230481	1	1	0	0	0	0	0
AF	0	0.231418	3	3	0	0	0	0	0
AF	0	0.231730	2	2	0	0	0	0	0
AF	0	0.232667	5	5	0	0	0	0	0
AF	0	0.233292	3	3	0	0	0	0	0
AF	0	0.233916	4	2	2	0	0	0	0
AF	0	0.234229	1	1	0	0	0	0	0
AF	0	0.234541	2	1	1	0	0	0	0
AF	0	0.235790	1	1	0	0	0	0	0
AF	0	0.236102	1	1	0	0	0	0	0
AF	0	0.236727	2	1	1	0	0	0	0
AF	0	0.237352	2	2	0	0	0	0	0
AF	0	0.237664	1	1	0	0	0	0	0
AF	0	0.238289	3	1	2	0	0	0	0
AF	0	0.238601	3	3	0	0	0	0	0
AF	0	0.238913	4	3	1	0	0	0	0
AF	0	0.239538	2	2	0	0	0	0	0
AF	0	0.239850	1	1	0	0	0	0	0
AF	0	0.240162	1	0	1	0	0	0	0
AF	0	0.240787	1	1	0	0	0	0	0
AF	0	0.241099	1	1	0	0	0	0	0
AF	0	0.241412	1	0	1	0	0	0	0
AF	0	0.242036	1	0	1	0	0	0	0
AF	0	0.242661	1	0	1	0	0	0	0
AF	0	0.243285	2	2	0	0	0	0	0
AF	0	0.243598	1	1	0	0	0	0	0
AF	0	0.243910	1	1	0	0	0	0	0
AF	0	0.244535	2	2	0	0	0	0	0
AF	0	0.245159	1	1	0	0	0	0	0
AF	0	0.245472	1	1	0	0	0	0	0
AF	0	0.246096	1	1	0	0	0	0	0
AF	0	0.246408	2	1	1	0	0	0	0
AF	0	0.246721	3	3	0	0	0	0	0
AF	0	0.247033	1	1	0	0	0	0	0
AF	0	0.247345	1	0	1	0	0	0	0
AF	0	0.247658	2	1	1	0	0	0	0
AF	0	0.248282	3	3	0	0	0	0	0
AF	0	0.248907	2	2	0	0	0	0	0
AF	0	0.249219	2	1	1	0	0	0	0
AF	0	0.249532	2	1	1	0	0	0	0
AF	0	0.251405	3	1	2	0	0	0	0
AF	0	0.251718	2	1	1	0	0	0	0
AF	0	0.252030	1	1	0	0	0	0	0
AF	0	0.253279	1	1	0	0	0	0	0
AF	0	0.253592	1	0	1	0	0	0	0
AF	0	0.253904	1	1	0	0	0	0	0
AF	0	0.254216	1	1	0	0	0	0	0
AF	0	0.254528	2	0	2	0	0	0	0
AF	0	0.254841	3	1	2	0	0	0	0
AF	0	0.255153	1	1	0	0	0	0	0
AF	0	0.255465	1	0	1	0	0	0	0
AF	0	0.255778	2	1	1	0	0	0	0
AF	0	0.256090	1	0	1	0	0	0	0
AF	0	0.256402	4	3	1	0	0	0	0
AF	0	0.256715	1	1	0	0	0	0	0
AF	0	0.257027	5	5	0	0	0	0	0
AF	0	0.257339	1	1	0	0	0	0	0
AF	0	0.257651	1	1	0	0	0	0	0
AF	0	0.257964	2	2	0	0	0	0	0
AF	0	0.258276	1	1	0	0	0	0	0
AF	0	0.259525	1	0	1	0	0	0	0
AF	0	0.260150	2	1	1	0	0	0	0
AF	0	0.260462	1	1	0	0	0	0	0
AF	0	0.261087	2	1	1	0	0	0	0
AF	0	0.261399	3	2	1	0	0	0	0
AF	0	0.261711	1	1	0	0	0	0	0
AF	0	0.262024	1	1	0	0	0	0	0
AF	0	0.262336	2	1	1	0	0	0	0
AF	0	0.262648	2	0	2	0	0	0	0
AF	0	0.262961	1	1	0	0	0	0	0
AF	0	0.263273	5	4	1	0	0	0	0
AF	0	0.263898	3	1	2	0	0	0	0
AF	0	0.264210	1	1	0	0	0	0	0
AF	0	0.264522	4	4	0	0	0	0	0
AF	0	0.265147	1	1	0	0	0	0	0
AF	0	0.265771	2	2	0	0	0	0	0
AF	0	0.266084	1	1	0	0	0	0	0
AF	0	0.266396	1	1	0	0	0	0	0
AF	0	0.267021	3	0	3	0	0	0	0
AF	0	0.267645	2	2	0	0	0	0	0
AF	0	0.268270	2	2	0	0	0	0	0
AF	0	0.268894	2	0	2	0	0	0	0
AF	0	0.269207	2	1	1	0	0	0	0
AF	0	0.269519	1	1	0	0	0	0	0
AF	0	0.269831	2	0	2	0	0	0	0
AF	0	0.270144	2	2	0	0	0	0	0
AF	0	0.270456	5	3	2	0	0	0	0
AF	0	0.270768	5	4	1	0	0	0	0
AF	0	0.271081	1	1	0	0	0	0	0
AF	0	0.271393	2	1	1	0	0	0	0
AF	0	0.271705	2	1	1	0	0	0	0
AF	0	0.272330	1	0	1	0	0	0	0
AF	0	0.272642	4	2	2	0	0	0	0
AF	0	0.272954	2	1	1	0	0	0	0
AF	0	0.273267	2	1	1	0	0	0	0
AF	0	0.273579	1	1	0	0	0	0	0
AF	0	0.273891	2	2	0	0	0	0	0
AF	0	0.274516	2	1	1	0	0	0	0
AF	0	0.275141	1	0	1	0	0	0	0
AF	0	0.275453	1	0	1	0	0	0	0
AF	0	0.277014	2	2	0	0	0	0	0
AF	0	0.277327	2	2	0	0	0	0	0
AF	0	0.277951	1	0	1	0	0	0	0
AF	0	0.278576	1	0	1	0	0	0	0
AF	0	0.278888	1	1	0	0	0	0	0
AF	0	0.279200	1	1	0	0	0	0	0
AF	0	0.279513	1	0	1	0	0	0	0
AF	0	0.280762	6	3	3	0	0	0	0
AF	0	0.281074	3	1	2	0	0	0	0
AF	0	0.281387	2	0	2	0	0	0	0
AF	0	0.281699	1	1	0	0	0	0	0
AF	0	0.282011	1	1	0	0	0	0	0
AF	0	0.282636	3	2	1	0	0	0	0
AF	0	0.282948	1	1	0	0	0	0	0
AF	0	0.283260	1	0	1	0	0	0	0
AF	0	0.283885	7	4	3	0	0	0	0
AF	0	0.284197	1	0	1	0	0	0	0
AF	0	0.284510	3	2	1	0	0	0	0
AF	0	0.284822	3	0	3	0	0	0	0
AF	0	0.285134	2	2	0	0	0	0	0
AF	0	0.285447	5	2	3	0	0	0	0
AF	0	0.285759	2	2	0	0	0	0	0
AF	0	0.286071	1	1	0	0	0	0	0
AF	0	0.286384	2	2	0	0	0	0	0
AF	0	0.287008	4	3	1	0	0	0	0
AF	0	0.287320	1	1	0	0	0	0	0
AF	0	0.287633	1	0	1	0	0	0	0
AF	0	0.288257	3	2	1	0	0	0	0
AF	0	0.288570	2	1	1	0	0	0	0
AF	0	0.288882	2	2	0	0	0	0	0
AF	0	0.289194	1	1	0	0	0	0	0
AF	0	0.289507	4	2	2	0	0	0	0
AF	0	0.289819	3	3	0	0	0	0	0
AF	0	0.290131	2	1	1	0	0	0	0
AF	0	0.290756	2	1	1	0	0	0	0
AF	0	0.291068	2	1	1	0	0	0	0
AF	0	0.291380	1	0	1	0	0	0	0
AF	0	0.292005	2	2	0	0	0	0	0
AF	0	0.292317	1	0	1	0	0	0	0
AF	0	0.292630	8	7	1	0	0	0	0
AF	0	0.292942	2	2	0	0	0	0	0
AF	0	0.293254	1	1	0	0	0	0	0
AF	0	0.293567	1	1	0	0	0	0	0
AF	0	0.293879	2	0	2	0	0	0	0
AF	0	0.294191	1	1	0	0	0	0	0
AF	0	0.294503	2	0	2	0	0	0	0
AF	0	0.294816	2	1	1	0	0	0	0
AF	0	0.295128	2	1	1	0	0	0	0
AF	0	0.295440	1	1	0	0	0	0	0
AF	0	0.296377	1	0	1	0	0	0	0
AF	0	0.296690	1	1	0	0	0	0	0
AF	0	0.297002	2	1	1	0	0	0	0
AF	0	0.297314	1	1	0	0	0	0	0
AF	0	0.297626	3	3	0	0	0	0	0
AF	0	0.298251	2	2	0	0	0	0	0
AF	0	0.298876	4	3	1	0	0	0	0
AF	0	0.299188	1	0	1	0	0	0	0
AF	0	0.299813	1	1	0	0	0	0	0
AF	0	0.300437	2	2	0	0	0	0	0
AF	0	0.300750	1	1	0	0	0	0	0
AF	0	0.301062	1	1	0	0	0	0	0
AF	0	0.301999	2	0	2	0	0	0	0
AF	0	0.302311	2	1	1	0	0	0	0
AF	0	0.303248	4	3	1	0	0	0	0
AF	0	0.303560	3	1	2	0	0	0	0
AF	0	0.303873	1	1	0	0	0	0	0
AF	0	0.304185	1	1	0	0	0	0	0
AF	0	0.304497	1	0	1	0	0	0	0
AF	0	0.305122	3	1	2	0	0	0	0
AF	0	0.305746	1	1	0	0	0	0	0
AF	0	0.306371	1	1	0	0	0	0	0
AF	0	0.307620	2	1	1	0	0	0	0
AF	0	0.307933	2	2	0	0	0	0	0
AF	0	0.308245	2	2	0	0	0	0	0
AF	0	0.309494	4	1	3	0	0	0	0
AF	0	0.309806	1	1	0	0	0	0	0
AF	0	0.310119	1	1	0	0	0	0	0
AF	0	0.310743	1	1	0	0	0	0	0
AF	0	0.311368	5	2	3	0	0	0	0
AF	0	0.311993	1	0	1	0	0	0	0
AF	0	0.312617	1	1	0	0	0	0	0
AF	0	0.312929	1	1	0	0	0	0	0
AF	0	0.313242	2	2	0	0	0	0	0
AF	0	0.313866	2	1	1	0	0	0	0
AF	0	0.314491	3	2	1	0	0	0	0
AF	0	0.315428	1	1	0	0	0	0	0
AF	0	0.315740	1	1	0	0	0	0	0
AF	0	0.316365	2	2	0	0	0	0	0
AF	0	0.316989	1	1	0	0	0	0	0
AF	0	0.317614	1	1	0	0	0	0	0
AF	0	0.317926	2	1	1	0	0	0	0
AF	0	0.318239	1	1	0	0	0	0	0
AF	0	0.318863	1	1	0	0	0	0	0
AF	0	0.319176	1	1	0	0	0	0	0
AF	0	0.319488	3	2	1	0	0	0	0
AF	0	0.319800	1	0	1	0	0	0	0
AF	0	0.320112	7	3	4	0	0	0	0
AF	0	0.320737	3	1	2	0	0	0	0
AF	0	0.321049	2	2	0	0	0	0	0
AF	0	0.321362	1	1	0	0	0	0	0
AF	0	0.322299	1	0	1	0	0	0	0
AF	0	0.322611	1	1	0	0	0	0	0
AF	0	0.323235	1	1	0	0	0	0	0
AF	0	0.323548	1	0	1	0	0	0	0
AF	0	0.323860	1	1	0	0	0	0	0
AF	0	0.324172	2	1	1	0	0	0	0
AF	0	0.324485	5	2	3	0	0	0	0
AF	0	0.324797	1	0	1	0	0	0	0
AF	0	0.325109	2	1	1	0	0	0	0
AF	0	0.325734	1	1	0	0	0	0	0
AF	0	0.326671	1	1	0	0	0	0	0
AF	0	0.326983	3	3	0	0	0	0	0
AF	0	0.327295	2	1	1	0	0	0	0
AF	0	0.327920	2	1	1	0	0	0	0
AF	0	0.328545	4	1	3	0	0	0	0
AF	0	0.328857	3	2	1	0	0	0	0
AF	0	0.329482	1	1	0	0	0	0	0
AF	0	0.329794	2	2	0	0	0	0	0
AF	0	0.330106	2	2	0	0	0	0	0
AF	0	0.330418	1	1	0	0	0	0	0
AF	0	0.330731	4	4	0	0	0	0	0
AF	0	0.331043	1	1	0	0	0	0	0
AF	0	0.331355	5	5	0	0	0	0	0
AF	0	0.331668	3	3	0	0	0	0	0
AF	0	0.332605	2	1	1	0	0	0	0
AF	0	0.333229	1	1	0	0	0	0	0
AF	0	0.333542	3	3	0	0	0	0	0
AF	0	0.333854	2	1	1	0	0	0	0
AF	0	0.334166	2	2	0	0	0	0	0
AF	0	0.335728	1	0	1	0	0	0	0
AF	0	0.336040	2	2	0	0	0	0	0
AF	0	0.336352	1	0	1	0	0	0	0
AF	0	0.336665	1	0	1	0	0	0	0
AF	0	0.336977	1	1	0	0	0	0	0
AF	0	0.337914	2	0	2	0	0	0	0
AF	0	0.338226	1	0	1	0	0	0	0
AF	0	0.338851	1	1	0	0	0	0	0
AF	0	0.339163	1	1	0	0	0	0	0
AF	0	0.339788	3	1	2	0	0	0	0
AF	0	0.340412	2	2	0	0	0	0	0
AF	0	0.341349	1	0	1	0	0	0	0
AF	0	0.341661	1	0	1	0	0	0	0
AF	0	0.342286	1	0	1	0	0	0	0
AF	0	0.342598	1	0	1	0	0	0	0
AF	0	0.342911	3	1	2	0	0	0	0
AF	0	0.343223	1	1	0	0	0	0	0
AF	0	0.343535	2	2	0	0	0	0	0
AF	0	0.344160	3	2	1	0	0	0	0
AF	0	0.344785	1	0	1	0	0	0	0
AF	0	0.345097	2	2	0	0	0	0	0
AF	0	0.345409	2	1	1	0	0	0	0
AF	0	0.346034	1	1	0	0	0	0	0
AF	0	0.346346	1	0	1	0	0	0	0
AF	0	0.346658	2	0	2	0	0	0	0
AF	0	0.346971	1	1	0	0	0	0	0
AF	0	0.347283	2	1	1	0	0	0	0
AF	0	0.347908	2	2	0	0	0	0	0
AF	0	0.348532	2	1	1	0	0	0	0
AF	0	0.348844	1	0	1	0	0	0	0
AF	0	0.349469	4	2	2	0	0	0	0
AF	0	0.349781	1	1	0	0	0	0	0
AF	0	0.350094	2	2	0	0	0	0	0
AF	0	0.350406	1	1	0	0	0	0	0
AF	0	0.351031	2	0	2	0	0	0	0
AF	0	0.351655	1	1	0	0	0	0	0
AF	0	0.352592	1	0	1	0	0	0	0
AF	0	0.352904	1	1	0	0	0	0	0
AF	0	0.353217	1	0	1	0	0	0	0
AF	0	0.353529	5	3	2	0	0	0	0
AF	0	0.354154	3	1	2	0	0	0	0
AF	0	0.354466	1	1	0	0	0	0	0
AF	0	0.354778	1	0	1	0	0	0	0
AF	0	0.355091	1	0	1	0	0	0	0
AF	0	0.355715	1	1	0	0	0	0	0
AF	0	0.356027	2	1	1	0	0	0	0
AF	0	0.356652	1	0	1	0	0	0	0
AF	0	0.356964	1	1	0	0	0	0	0
AF	0	0.357277	3	3	0	0	0	0	0
AF	0	0.357589	1	0	1	0	0	0	0
AF	0	0.357901	3	2	1	0	0	0	0
AF	0	0.358214	1	1	0	0	0	0	0
AF	0	0.358526	1	1	0	0	0	0	0
AF	0	0.358838	1	0	1	0	0	0	0
AF	0	0.359463	1	1	0	0	0	0	0
AF	0	0.359775	8	4	4	0	0	0	0
AF	0	0.360400	1	1	0	0	0	0	0
AF	0	0.361024	4	2	2	0	0	0	0
AF	0	0.361337	2	1	1	0	0	0	0
AF	0	0.362274	4	2	2	0	0	0	0
AF	0	0.362586	1	0	1	0	0	0	0
AF	0	0.362898	2	2	0	0	0	0	0
AF	0	0.363523	3	2	1	0	0	0	0
AF	0	0.364147	1	0	1	0	0	0	0
AF	0	0.364772	3	2	1	0	0	0	0
AF	0	0.365084	1	0	1	0	0	0	0
AF	0	0.365397	5	4	1	0	0	0	0
AF	0	0.365709	1	1	0	0	0	0	0
AF	0	0.366021	4	4	0	0	0	0	0
AF	0	0.366334	1	0	1	0	0	0	0
AF	0	0.366646	1	1	0	0	0	0	0
AF	0	0.367270	3	2	1	0	0	0	0
AF	0	0.367895	1	1	0	0	0	0	0
AF	0	0.368520	3	2	1	0	0	0	0
AF	0	0.368832	1	0	1	0	0	0	0
AF	0	0.369144	2	1	1	0	0	0	0
AF	0	0.369769	4	3	1	0	0	0	0
AF	0	0.371018	3	2	1	0	0	0	0
AF	0	0.371330	2	2	0	0	0	0	0
AF	0	0.371643	2	1	1	0	0	0	0
AF	0	0.371955	3	3	0	0	0	0	0
AF	0	0.372267	1	1	0	0	0	0	0
AF	0	0.372580	2	1	1	0	0	0	0
AF	0	0.372892	4	3	1	0	0	0	0
AF	0	0.373204	1	1	0	0	0	0	0
AF	0	0.373517	2	2	0	0	0	0	0
AF	0	0.374141	3	3	0	0	0	0	0
AF	0	0.374453	1	0	1	0	0	0	0
AF	0	0.374766	3	3	0	0	0	0	0
AF	0	0.375390	1	1	0	0	0	0	0
AF	0	0.375703	1	1	0	0	0	0	0
AF	0	0.376015	1	1	0	0	0	0	0
AF	0	0.376327	1	0	1	0	0	0	0
AF	0	0.376640	1	1	0	0	0	0	0
AF	0	0.376952	3	3	0	0	0	0	0
AF	0	0.377264	6	3	3	0	0	0	0
AF	0	0.377577	3	1	2	0	0	0	0
AF	0	0.377889	2	1	1	0	0	0	0
AF	0	0.378513	2	2	0	0	0	0	0
AF	0	0.379138	1	0	1	0	0	0	0
AF	0	0.379450	1	1	0	0	0	0	0
AF	0	0.380387	3	2	1	0	0	0	0
AF	0	0.380700	3	2	1	0	0	0	0
AF	0	0.381012	1	1	0	0	0	0	0
AF	0	0.381324	1	1	0	0	0	0	0
AF	0	0.381636	3	3	0	0	0	0	0
AF	0	0.382261	3	1	2	0	0	0	0
AF	0	0.382573	2	2	0	0	0	0	0
AF	0	0.382886	3	2	1	0	0	0	0
AF	0	0.383198	1	1	0	0	0	0	0
AF	0	0.384447	1	1	0	0	0	0	0
AF	0	0.386009	1	0	1	0	0	0	0
AF	0	0.386946	2	0	2	0	0	0	0
AF	0	0.387258	2	2	0	0	0	0	0
AF	0	0.388195	1	1	0	0	0	0	0
AF	0	0.388507	1	1	0	0	0	0	0
AF	0	0.389132	3	2	1	0	0	0	0
AF	0	0.389444	1	1	0	0	0	0	0
AF	0	0.389756	2	2	0	0	0	0	0
AF	0	0.390381	1	0	1	0	0	0	0
AF	0	0.390693	1	1	0	0	0	0	0
AF	0	0.391006	1	1	0	0	0	0	0
AF	0	0.391318	1	1	0	0	0	0	0
AF	0	0.391630	1	0	1	0	0	0	0
AF	0	0.392255	2	0	2	0	0	0	0
AF	0	0.392567	2	1	1	0	0	0	0
AF	0	0.392879	1	0	1	0	0	0	0
AF	0	0.393192	3	1	2	0	0	0	0
AF	0	0.393504	3	1	2	0	0	0	0
AF	0	0.393816	1	1	0	0	0	0	0
AF	0	0.394129	3	2	1	0	0	0	0
AF	0	0.396002	2	1	1	0	0	0	0
AF	0	0.396315	1	1	0	0	0	0	0
AF	0	0.396627	1	1	0	0	0	0	0
AF	0	0.397252	1	1	0	0	0	0	0
AF	0	0.397876	1	1	0	0	0	0	0
AF	0	0.398189	1	1	0	0	0	0	0
AF	0	0.398501	3	1	2	0	0	0	0
AF	0	0.398813	1	0	1	0	0	0	0
AF	0	0.399750	1	1	0	0	0	0	0
AF	0	0.400687	1	1	0	0	0	0	0
AF	0	0.400999	1	0	1	0	0	0	0
AF	0	0.401312	1	1	0	0	0	0	0
AF	0	0.401624	1	0	1	0	0	0	0
AF	0	0.401936	1	0	1	0	0	0	0
AF	0	0.403498	4	3	1	0	0	0	0
AF	0	0.404122	1	0	1	0	0	0	0
AF	0	0.405372	1	1	0	0	0	0	0
AF	0	0.406621	4	3	1	0	0	0	0
AF	0	0.406933	1	1	0	0	0	0	0
AF	0	0.407245	3	3	0	0	0	0	0
AF	0	0.407558	1	1	0	0	0	0	0
AF	0	0.407870	3	2	1	0	0	0	0
AF	0	0.408182	1	0	1	0	0	0	0
AF	0	0.408495	3	3	0	0	0	0	0
AF	0	0.408807	3	2	1	0	0	0	0
AF	0	0.409119	3	2	1	0	0	0	0
AF	0	0.409432	1	1	0	0	0	0	0
AF	0	0.409744	3	1	2	0	0	0	0
AF	0	0.410056	2	0	2	0	0	0	0
AF	0	0.410369	2	1	1	0	0	0	0
AF	0	0.410681	1	0	1	0	0	0	0
AF	0	0.410993	2	1	1	0	0	0	0
AF	0	0.411618	6	5	1	0	0	0	0
AF	0	0.411930	2	2	0	0	0	0	0
AF	0	0.412242	2	1	1	0	0	0	0
AF	0	0.412867	1	0	1	0	0	0	0
AF	0	0.413492	3	2	1	0	0	0	0
AF	0	0.414116	1	1	0	0	0	0	0
AF	0	0.414428	1	1	0	0	0	0	0
AF	0	0.414741	1	1	0	0	0	0	0
AF	0	0.415053	4	2	2	0	0	0	0
AF	0	0.415365	2	2	0	0	0	0	0
AF	0	0.415990	2	1	1	0	0	0	0
AF	0	0.416927	3	3	0	0	0	0	0
AF	0	0.417552	1	1	0	0	0	0	0
AF	0	0.417864	1	1	0	0	0	0	0
AF	0	0.418488	3	2	1	0	0	0	0
AF	0	0.419425	1	1	0	0	0	0	0
AF	0	0.419738	2	1	1	0	0	0	0
AF	0	0.420050	1	1	0	0	0	0	0
AF	0	0.420362	1	0	1	0	0	0	0
AF	0	0.420675	2	0	2	0	0	0	0
AF	0	0.420987	2	2	0	0	0	0	0
AF	0	0.421299	1	1	0	0	0	0	0
AF	0	0.421924	2	1	1	0	0	0	0
AF	0	0.422236	2	2	0	0	0	0	0
AF	0	0.422861	1	1	0	0	0	0	0
AF	0	0.423485	2	0	2	0	0	0	0
AF	0	0.423798	3	1	2	0	0	0	0
AF	0	0.424422	2	1	1	0	0	0	0
AF	0	0.424735	2	2	0	0	0	0	0
AF	0	0.425359	3	2	1	0	0	0	0
AF	0	0.425671	1	1	0	0	0	0	0
AF	0	0.425984	1	0	1	0	0	0	0
AF	0	0.426296	1	0	1	0	0	0	0
AF	0	0.426608	1	1	0	0	0	0	0
AF	0	0.427545	1	1	0	0	0	0	0
AF	0	0.428795	3	1	2	0	0	0	0
AF	0	0.429731	2	1	1	0	0	0	0
AF	0	0.430356	4	3	1	0	0	0	0
AF	0	0.430668	1	1	0	0	0	0	0
AF	0	0.430981	1	1	0	0	0	0	0
AF	0	0.431293	2	2	0	0	0	0	0
AF	0	0.431605	4	3	1	0	0	0	0
AF	0	0.432230	3	3	0	0	0	0	0
AF	0	0.432854	2	1	1	0	0	0	0
AF	0	0.433167	1	1	0	0	0	0	0
AF	0	0.433479	5	2	3	0	0	0	0
AF	0	0.433791	3	2	1	0	0	0	0
AF	0	0.434728	4	3	1	0	0	0	0
AF	0	0.435041	1	1	0	0	0	0	0
AF	0	0.435353	1	0	1	0	0	0	0
AF	0	0.435665	1	1	0	0	0	0	0
AF	0	0.436290	1	1	0	0	0	0	0
AF	0	0.436602	3	2	1	0	0	0	0
AF	0	0.437539	1	0	1	0	0	0	0
AF	0	0.437851	1	0	1	0	0	0	0
AF	0	0.438476	1	1	0	0	0	0	0
AF	0	0.439725	1	1	0	0	0	0	0
AF	0	0.440037	2	1	1	0	0	0	0
AF	0	0.440350	2	2	0	0	0	0	0
AF	0	0.440974	4	2	2	0	0	0	0
AF	0	0.441287	1	1	0	0	0	0	0
AF	0	0.441599	6	4	2	0	0	0	0
AF	0	0.441911	1	1	0	0	0	0	0
AF	0	0.442224	1	1	0	0	0	0	0
AF	0	0.444410	1	0	1	0	0	0	0
AF	0	0.444722	1	1	0	0	0	0	0
AF	0	0.445034	4	3	1	0	0	0	0
AF	0	0.445347	1	0	1	0	0	0	0
AF	0	0.445659	2	1	1	0	0	0	0
AF	0	0.446284	1	1	0	0	0	0	0
AF	0	0.446596	1	1	0	0	0	0	0
AF	0	0.446908	3	2	1	0	0	0	0
AF	0	0.447533	1	1	0	0	0	0	0
AF	0	0.447845	1	0	1	0	0	0	0
AF	0	0.448157	2	1	1	0	0	0	0
AF	0	0.448470	1	0	1	0	0	0	0
AF	0	0.448782	2	2	0	0	0	0	0
AF	0	0.449094	1	1	0	0	0	0	0
AF	0	0.449407	1	0	1	0	0	0	0
AF	0	0.449719	1	0	1	0	0	0	0
AF	0	0.450968	2	2	0	0	0	0	0
AF	0	0.451280	2	2	0	0	0	0	0
AF	0	0.451593	1	0	1	0	0	0	0
AF	0	0.451905	3	1	2	0	0	0	0
AF	0	0.452530	2	2	0	0	0	0	0
AF	0	0.453467	1	1	0	0	0	0	0
AF	0	0.453779	1	1	0	0	0	0	0
AF	0	0.454403	1	1	0	0	0	0	0
AF	0	0.454716	2	0	2	0	0	0	0
AF	0	0.455653	4	3	1	0	0	0	0
AF	0	0.455965	1	1	0	0	0	0	0
AF	0	0.456590	3	2	1	0	0	0	0
AF	0	0.456902	2	2	0	0	0	0	0
AF	0	0.457527	1	1	0	0	0	0	0
AF	0	0.458463	1	1	0	0	0	0	0
AF	0	0.458776	2	1	1	0	0	0	0
AF	0	0.459400	2	2	0	0	0	0	0
AF	0	0.459713	1	1	0	0	0	0	0
AF	0	0.460962	1	1	0	0	0	0	0
AF	0	0.461587	1	1	0	0	0	0	0
AF	0	0.461899	2	2	0	0	0	0	0
AF	0	0.462211	2	1	1	0	0	0	0
AF	0	0.462523	2	1	1	0	0	0	0
AF	0	0.463148	1	1	0	0	0	0	0
AF	0	0.463773	4	4	0	0	0	0	0
AF	0	0.464085	1	0	1	0	0	0	0
AF	0	0.464710	1	1	0	0	0	0	0
AF	0	0.465022	1	1	0	0	0	0	0
AF	0	0.465959	1	0	1	0	0	0	0
AF	0	0.466583	1	1	0	0	0	0	0
AF	0	0.467520	1	0	1	0	0	0	0
AF	0	0.467833	2	0	2	0	0	0	0
AF	0	0.468145	3	3	0	0	0	0	0
AF	0	0.469394	1	1	0	0	0	0	0
AF	0	0.470331	1	1	0	0	0	0	0
AF	0	0.470643	1	1	0	0	0	0	0
AF	0	0.470956	1	0	1	0	0	0	0
AF	0	0.471268	1	1	0	0	0	0	0
AF	0	0.471580	1	0	1	0	0	0	0
AF	0	0.471893	1	0	1	0	0	0	0
AF	0	0.472517	3	2	1	0	0	0	0
AF	0	0.472829	1	0	1	0	0	0	0
AF	0	0.473454	1	0	1	0	0	0	0
AF	0	0.473766	2	2	0	0	0	0	0
AF	0	0.474079	1	0	1	0	0	0	0
AF	0	0.474391	3	1	2	0	0	0	0
AF	0	0.474703	1	1	0	0	0	0	0
AF	0	0.475016	3	1	2	0	0	0	0
AF	0	0.475328	1	0	1	0	0	0	0
AF	0	0.475640	2	2	0	0	0	0	0
AF	0	0.476265	4	4	0	0	0	0	0
AF	0	0.477202	1	0	1	0	0	0	0
AF	0	0.477514	1	1	0	0	0	0	0
AF	0	0.478763	2	2	0	0	0	0	0
AF	0	0.479388	1	0	1	0	0	0	0
AF	0	0.480012	2	1	1	0	0	0	0
AF	0	0.480637	1	0	1	0	0	0	0
AF	0	0.480949	1	0	1	0	0	0	0
AF	0	0.481262	1	0	1	0	0	0	0
AF	0	0.483136	1	1	0	0	0	0	0
AF	0	0.484072	1	0	1	0	0	0	0
AF	0	0.484385	1	1	0	0	0	0	0
AF	0	0.484697	2	1	1	0	0	0	0
AF	0	0.485946	1	1	0	0	0	0	0
AF	0	0.486259	2	1	1	0	0	0	0
AF	0	0.486883	1	1	0	0	0	0	0
AF	0	0.487820	1	1	0	0	0	0	0
AF	0	0.488132	2	1	1	0	0	0	0
AF	0	0.488757	2	1	1	0	0	0	0
AF	0	0.489069	1	1	0	0	0	0	0
AF	0	0.489694	1	1	0	0	0	0	0
AF	0	0.490631	1	0	1	0	0	0	0
AF	0	0.491255	1	0	1	0	0	0	0
AF	0	0.491880	3	2	1	0	0	0	0
AF	0	0.492505	2	0	2	0	0	0	0
AF	0	0.493442	1	1	0	0	0	0	0
AF	0	0.493754	3	2	1	0	0	0	0
AF	0	0.494379	1	0	1	0	0	0	0
AF	0	0.495628	1	0	1	0	0	0	0
AF	0	0.495940	1	0	1	0	0	0	0
AF	0	0.498126	1	1	0	0	0	0	0
AF	0	0.498438	1	0	1	0	0	0	0
AF	0	0.499375	3	2	1	0	0	0	0
AF	0	0.499688	1	0	1	0	0	0	0
AF	0	0.500000	2	1	1	0	0	0	0
AF	0	0.500625	1	1	0	0	0	0	0
AF	0	0.501249	2	2	0	0	0	0	0
AF	0	0.502186	1	0	1	0	0	0	0
AF	0	0.502498	1	0	1	0	0	0	0
AF	0	0.502811	1	0	1	0	0	0	0
AF	0	0.503748	1	0	1	0	0	0	0
AF	0	0.504372	2	1	1	0	0	0	0
AF	0	0.504685	1	0	1	0	0	0	0
AF	0	0.505309	3	3	0	0	0	0	0
AF	0	0.505621	1	1	0	0	0	0	0
AF	0	0.505934	1	0	1	0	0	0	0
AF	0	0.506246	2	1	1	0	0	0	0
AF	0	0.506558	1	1	0	0	0	0	0
AF	0	0.506871	2	1	1	0	0	0	0
AF	0	0.507808	1	1	0	0	0	0	0
AF	0	0.508432	1	1	0	0	0	0	0
AF	0	0.508745	1	1	0	0	0	0	0
AF	0	0.509369	1	1	0	0	0	0	0
AF	0	0.509994	2	1	1	0	0	0	0
AF	0	0.510618	3	3	0	0	0	0	0
AF	0	0.510931	1	1	0	0	0	0	0
AF	0	0.511243	4	2	2	0	0	0	0
AF	0	0.511868	2	1	1	0	0	0	0
AF	0	0.512180	2	2	0	0	0	0	0
AF	0	0.512492	1	1	0	0	0	0	0
AF	0	0.512804	1	1	0	0	0	0	0
AF	0	0.513117	2	1	1	0	0	0	0
AF	0	0.513741	4	2	2	0	0	0	0
AF	0	0.514054	1	0	1	0	0	0	0
AF	0	0.514678	2	2	0	0	0	0	0
AF	0	0.514991	3	3	0	0	0	0	0
AF	0	0.515303	2	2	0	0	0	0	0
AF	0	0.515615	1	1	0	0	0	0	0
AF	0	0.515928	1	1	0	0	0	0	0
AF	0	0.516240	3	2	1	0	0	0	0
AF	0	0.516552	1	0	1	0	0	0	0
AF	0	0.516864	3	2	1	0	0	0	0
AF	0	0.517177	1	0	1	0	0	0	0
AF	0	0.517489	2	2	0	0	0	0	0
AF	0	0.518426	1	0	1	0	0	0	0
AF	0	0.519363	1	1	0	0	0	0	0
AF	0	0.520300	1	0	1	0	0	0	0
AF	0	0.520612	1	1	0	0	0	0	0
AF	0	0.520924	1	0	1	0	0	0	0
AF	0	0.521237	2	1	1	0	0	0	0
AF	0	0.521549	3	1	2	0	0	0	0
AF	0	0.521861	2	2	0	0	0	0	0
AF	0	0.522174	2	1	1	0	0	0	0
AF	0	0.522486	2	2	0	0	0	0	0
AF	0	0.523111	1	1	0	0	0	0	0
AF	0	0.523735	2	1	1	0	0	0	0
AF	0	0.524047	1	1	0	0	0	0	0
AF	0	0.524360	3	3	0	0	0	0	0
AF	0	0.525297	1	1	0	0	0	0	0
AF	0	0.525921	1	1	0	0	0	0	0
AF	0	0.526546	2	1	1	0	0	0	0
AF	0	0.527483	4	1	3	0	0	0	0
AF	0	0.528107	1	1	0	0	0	0	0
AF	0	0.528420	4	3	1	0	0	0	0
AF	0	0.528732	1	1	0	0	0	0	0
AF	0	0.529044	2	1	1	0	0	0	0
AF	0	0.529357	2	1	1	0	0	0	0
AF	0	0.529669	1	1	0	0	0	0	0
AF	0	0.529981	1	1	0	0	0	0	0
AF	0	0.530294	1	0	1	0	0	0	0
AF	0	0.530606	1	1	0	0	0	0	0
AF	0	0.531230	2	1	1	0	0	0	0
AF	0	0.531855	4	3	1	0	0	0	0
AF	0	0.532167	1	1	0	0	0	0	0
AF	0	0.532480	1	1	0	0	0	0	0
AF	0	0.533104	2	0	2	0	0	0	0
AF	0	0.533729	1	1	0	0	0	0	0
AF	0	0.534041	1	0	1	0	0	0	0
AF	0	0.534354	1	1	0	0	0	0	0
AF	0	0.534978	2	1	1	0	0	0	0
AF	0	0.535290	1	1	0	0	0	0	0
AF	0	0.535603	1	1	0	0	0	0	0
AF	0	0.535915	1	1	0	0	0	0	0
AF	0	0.536227	2	2	0	0	0	0	0
AF	0	0.536852	1	1	0	0	0	0	0
AF	0	0.537477	2	0	2	0	0	0	0
AF	0	0.537789	1	0	1	0	0	0	0
AF	0	0.538101	2	2	0	0	0	0	0
AF	0	0.539038	2	2	0	0	0	0	0
AF	0	0.539663	1	1	0	0	0	0	0
AF	0	0.539975	2	1	1	0	0	0	0
AF	0	0.540287	1	0	1	0	0	0	0
AF	0	0.540600	2	2	0	0	0	0	0
AF	0	0.541537	2	1	1	0	0	0	0
AF	0	0.541849	3	1	2	0	0	0	0
AF	0	0.542473	1	0	1	0	0	0	0
AF	0	0.542786	1	0	1	0	0	0	0
AF	0	0.543098	2	0	2	0	0	0	0
AF	0	0.543723	3	1	2	0	0	0	0
AF	0	0.544347	3	2	1	0	0	0	0
AF	0	0.545284	1	0	1	0	0	0	0
AF	0	0.546221	2	1	1	0	0	0	0
AF	0	0.546846	1	1	0	0	0	0	0
AF	0	0.547470	1	1	0	0	0	0	0
AF	0	0.548095	1	1	0	0	0	0	0
AF	0	0.548720	2	1	1	0	0	0	0
AF	0	0.549032	1	1	0	0	0	0	0
AF	0	0.549344	1	1	0	0	0	0	0
AF	0	0.549656	2	0	2	0	0	0	0
AF	0	0.550593	1	1	0	0	0	0	0
AF	0	0.550906	1	1	0	0	0	0	0
AF	0	0.551843	2	1	1	0	0	0	0
AF	0	0.552780	1	1	0	0	0	0	0
AF	0	0.553092	1	1	0	0	0	0	0
AF	0	0.553716	2	2	0	0	0	0	0
AF	0	0.554029	2	0	2	0	0	0	0
AF	0	0.554341	1	0	1	0	0	0	0
AF	0	0.554653	1	0	1	0	0	0	0
AF	0	0.554966	1	1	0	0	0	0	0
AF	0	0.555278	3	3	0	0	0	0	0
AF	0	0.555590	1	1	0	0	0	0	0
AF	0	0.555903	1	1	0	0	0	0	0
AF	0	0.557152	1	0	1	0	0	0	0
AF	0	0.557776	1	0	1	0	0	0	0
AF	0	0.558089	1	1	0	0	0	0	0
AF	0	0.558401	1	0	1	0	0	0	0
AF	0	0.559026	4	2	2	0	0	0	0
AF	0	0.559650	4	2	2	0	0	0	0
AF	0	0.560275	1	1	0	0	0	0	0
AF	0	0.560899	2	1	1	0	0	0	0
AF	0	0.561524	2	2	0	0	0	0	0
AF	0	0.561836	1	1	0	0	0	0	0
AF	0	0.562149	3	3	0	0	0	0	0
AF	0	0.562461	2	0	2	0	0	0	0
AF	0	0.562773	5	4	1	0	0	0	0
AF	0	0.563086	1	0	1	0	0	0	0
AF	0	0.563398	2	2	0	0	0	0	0
AF	0	0.564022	2	2	0	0	0	0	0
AF	0	0.565584	1	1	0	0	0	0	0
AF	0	0.566209	1	1	0	0	0	0	0
AF	0	0.566521	1	1	0	0	0	0	0
AF	0	0.567146	3	1	2	0	0	0	0
AF	0	0.567770	2	1	1	0	0	0	0
AF	0	0.568082	1	0	1	0	0	0	0
AF	0	0.568707	1	1	0	0	0	0	0
AF	0	0.569019	2	0	2	0	0	0	0
AF	0	0.569332	1	1	0	0	0	0	0
AF	0	0.569644	2	1	1	0	0	0	0
AF	0	0.570269	3	3	0	0	0	0	0
AF	0	0.570581	2	0	2	0	0	0	0
AF	0	0.570893	2	2	0	0	0	0	0
AF	0	0.571205	1	1	0	0	0	0	0
AF	0	0.572142	2	0	2	0	0	0	0
AF	0	0.572455	1	0	1	0	0	0	0
AF	0	0.572767	2	2	0	0	0	0	0
AF	0	0.573079	2	1	1	0	0	0	0
AF	0	0.573392	2	1	1	0	0	0	0
AF	0	0.573704	1	1	0	0	0	0	0
AF	0	0.574016	2	2	0	0	0	0	0
AF	0	0.574329	3	2	1	0	0	0	0
AF	0	0.574641	2	0	2	0	0	0	0
AF	0	0.575578	2	2	0	0	0	0	0
AF	0	0.575890	1	1	0	0	0	0	0
AF	0	0.576515	2	2	0	0	0	0	0
AF	0	0.577452	1	1	0	0	0	0	0
AF	0	0.578076	2	2	0	0	0	0	0
AF	0	0.578389	2	1	1	0	0	0	0
AF	0	0.578701	1	1	0	0	0	0	0
AF	0	0.579013	1	0	1	0	0	0	0
AF	0	0.579325	2	2	0	0	0	0	0
AF	0	0.579950	1	0	1	0	0	0	0
AF	0	0.580262	1	1	0	0	0	0	0
AF	0	0.580887	1	0	1	0	0	0	0
AF	0	0.581199	1	1	0	0	0	0	0
AF	0	0.581512	7	2	5	0	0	0	0
AF	0	0.582136	1	0	1	0	0	0	0
AF	0	0.582448	2	1	1	0	0	0	0
AF	0	0.582761	4	4	0	0	0	0	0
AF	0	0.583385	2	2	0	0	0	0	0
AF	0	0.584322	1	1	0	0	0	0	0
AF	0	0.584635	2	1	1	0	0	0	0
AF	0	0.585572	2	2	0	0	0	0	0
AF	0	0.585884	2	2	0	0	0	0	0
AF	0	0.586196	1	1	0	0	0	0	0
AF	0	0.586508	1	1	0	0	0	0	0
AF	0	0.586821	2	1	1	0	0	0	0
AF	0	0.587133	1	1	0	0	0	0	0
AF	0	0.587758	1	1	0	0	0	0	0
AF	0	0.588382	2	2	0	0	0	0	0
AF	0	0.588695	1	0	1	0	0	0	0
AF	0	0.589007	2	2	0	0	0	0	0
AF	0	0.589944	1	0	1	0	0	0	0
AF	0	0.590881	1	1	0	0	0	0	0
AF	0	0.591505	4	4	0	0	0	0	0
AF	0	0.593691	1	1	0	0	0	0	0
AF	0	0.594004	3	1	2	0	0	0	0
AF	0	0.594628	1	1	0	0	0	0	0
AF	0	0.595253	2	1	1	0	0	0	0
AF	0	0.595878	4	3	1	0	0	0	0
AF	0	0.596502	2	2	0	0	0	0	0
AF	0	0.597127	3	3	0	0	0	0	0
AF	0	0.598376	1	1	0	0	0	0	0
AF	0	0.599938	2	2	0	0	0	0	0
AF	0	0.600562	1	0	1	0	0	0	0
AF	0	0.600874	3	3	0	0	0	0	0
AF	0	0.602124	1	1	0	0	0	0	0
AF	0	0.603685	1	1	0	0	0	0	0
AF	0	0.604310	2	2	0	0	0	0	0
AF	0	0.604622	1	1	0	0	0	0	0
AF	0	0.604934	1	1	0	0	0	0	0
AF	0	0.605247	1	1	0	0	0	0	0
AF	0	0.606496	1	0	1	0	0	0	0
AF	0	0.606808	2	1	1	0	0	0	0
AF	0	0.607121	2	2	0	0	0	0	0
AF	0	0.607745	1	0	1	0	0	0	0
AF	0	0.608370	3	2	1	0	0	0	0
AF	0	0.608994	1	0	1	0	0	0	0
AF	0	0.609307	1	1	0	0	0	0	0
AF	0	0.610244	1	0	1	0	0	0	0
AF	0	0.610556	2	2	0	0	0	0	0
AF	0	0.610868	1	1	0	0	0	0	0
AF	0	0.611493	1	0	1	0	0	0	0
AF	0	0.612742	1	1	0	0	0	0	0
AF	0	0.613367	1	0	1	0	0	0	0
AF	0	0.614304	1	1	0	0	0	0	0
AF	0	0.615865	1	0	1	0	0	0	0
AF	0	0.616490	1	0	1	0	0	0	0
AF	0	0.617114	1	0	1	0	0	0	0
AF	0	0.617739	1	1	0	0	0	0	0
AF	0	0.618364	2	1	1	0	0	0	0
AF	0	0.618676	2	1	1	0	0	0	0
AF	0	0.618988	1	0	1	0	0	0	0
AF	0	0.619613	1	1	0	0	0	0	0
AF	0	0.620237	1	0	1	0	0	0	0
AF	0	0.621487	1	1	0	0	0	0	0
AF	0	0.622111	1	0	1	0	0	0	0
AF	0	0.622423	1	1	0	0	0	0	0
AF	0	0.623048	1	1	0	0	0	0	0
AF	0	0.623360	1	1	0	0	0	0	0
AF	0	0.623673	1	0	1	0	0	0	0
AF	0	0.623985	1	1	0	0	0	0	0
AF	0	0.624297	1	1	0	0	0	0	0
AF	0	0.624610	2	2	0	0	0	0	0
AF	0	0.625234	3	0	3	0	0	0	0
AF	0	0.625859	1	1	0	0	0	0	0
AF	0	0.626171	3	2	1	0	0	0	0
AF	0	0.626483	3	2	1	0	0	0	0
AF	0	0.626796	1	1	0	0	0	0	0
AF	0	0.627108	3	2	1	0	0	0	0
AF	0	0.627733	3	2	1	0	0	0	0
AF	0	0.628045	1	1	0	0	0	0	0
AF	0	0.628357	2	0	2	0	0	0	0
AF	0	0.628670	2	1	1	0	0	0	0
AF	0	0.628982	7	5	2	0	0	0	0
AF	0	0.629294	2	2	0	0	0	0	0
AF	0	0.629606	1	1	0	0	0	0	0
AF	0	0.630231	2	1	1	0	0	0	0
AF	0	0.630856	1	1	0	0	0	0	0
AF	0	0.631168	1	1	0	0	0	0	0
AF	0	0.631480	3	3	0	0	0	0	0
AF	0	0.632105	2	1	1	0	0	0	0
AF	0	0.632730	1	1	0	0	0	0	0
AF	0	0.633354	3	2	1	0	0	0	0
AF	0	0.633979	1	1	0	0	0	0	0
AF	0	0.635228	1	1	0	0	0	0	0
AF	0	0.635853	4	3	1	0	0	0	0
AF	0	0.636477	2	1	1	0	0	0	0
AF	0	0.636790	1	1	0	0	0	0	0
AF	0	0.637102	3	3	0	0	0	0	0
AF	0	0.637414	3	2	1	0	0	0	0
AF	0	0.637726	3	3	0	0	0	0	0
AF	0	0.638039	1	1	0	0	0	0	0
AF	0	0.638351	1	0	1	0	0	0	0
AF	0	0.638976	2	2	0	0	0	0	0
AF	0	0.639600	1	1	0	0	0	0	0
AF	0	0.639913	1	0	1	0	0	0	0
AF	0	0.640849	1	1	0	0	0	0	0
AF	0	0.641786	1	1	0	0	0	0	0
AF	0	0.642723	1	1	0	0	0	0	0
AF	0	0.643036	1	1	0	0	0	0	0
AF	0	0.643348	1	0	1	0	0	0	0
AF	0	0.643660	2	2	0	0	0	0	0
AF	0	0.644285	1	0	1	0	0	0	0
AF	0	0.645846	1	1	0	0	0	0	0
AF	0	0.647096	1	1	0	0	0	0	0
AF	0	0.648657	1	1	0	0	0	0	0
AF	0	0.650219	1	1	0	0	0	0	0
AF	0	0.650531	1	1	0	0	0	0	0
AF	0	0.650843	1	0	1	0	0	0	0
AF	0	0.652405	1	1	0	0	0	0	0
AF	0	0.654591	1	0	1	0	0	0	0
AF	0	0.654903	1	1	0	0	0	0	0
AF	0	0.655215	1	1	0	0	0	0	0
AF	0	0.655528	2	0	2	0	0	0	0
AF	0	0.656465	1	1	0	0	0	0	0
AF	0	0.657089	1	0	1	0	0	0	0
AF	0	0.658963	1	1	0	0	0	0	0
AF	0	0.659588	1	1	0	0	0	0	0
AF	0	0.659900	1	1	0	0	0	0	0
AF	0	0.660212	1	0	1	0	0	0	0
AF	0	0.661774	1	1	0	0	0	0	0
AF	0	0.662086	1	0	1	0	0	0	0
AF	0	0.663023	1	1	0	0	0	0	0
AF	0	0.664897	1	1	0	0	0	0	0
AF	0	0.671455	1	1	0	0	0	0	0
AF	0	0.671768	1	0	1	0	0	0	0
AF	0	0.674266	1	1	0	0	0	0	0
AF	0	0.674891	1	1	0	0	0	0	0
AF	0	0.675203	1	0	1	0	0	0	0
AF	0	0.675515	2	1	1	0	0	0	0
AF	0	0.676765	1	1	0	0	0	0	0
AF	0	0.677701	1	1	0	0	0	0	0
AF	0	0.678638	2	2	0	0	0	0	0
AF	0	0.679263	1	0	1	0	0	0	0
AF	0	0.679888	2	2	0	0	0	0	0
AF	0	0.680200	3	3	0	0	0	0	0
AF	0	0.684884	2	0	2	0	0	0	0
AF	0	0.688944	1	1	0	0	0	0	0
AF	0	0.689569	1	0	1	0	0	0	0
AF	0	0.690818	1	0	1	0	0	0	0
AF	0	0.691131	1	1	0	0	0	0	0
AF	0	0.691443	1	0	1	0	0	0	0
AF	0	0.691755	1	1	0	0	0	0	0
AF	0	0.693004	1	0	1	0	0	0	0
AF	0	0.694878	1	0	1	0	0	0	0
AF	0	0.695191	1	1	0	0	0	0	0
AF	0	0.695503	5	1	4	0	0	0	0
AF	0	0.695815	2	2	0	0	0	0	0
AF	0	0.696752	1	1	0	0	0	0	0
AF	0	0.697377	1	0	1	0	0	0	0
AF	0	0.698626	1	1	0	0	0	0	0
AF	0	0.699875	2	1	1	0	0	0	0
AF	0	0.700187	1	1	0	0	0	0	0
AF	0	0.700500	1	0	1	0	0	0	0
AF	0	0.701437	1	1	0	0	0	0	0
AF	0	0.701749	1	1	0	0	0	0	0
AF	0	0.702374	2	1	1	0	0	0	0
AF	0	0.703310	2	0	2	0	0	0	0
AF	0	0.704247	1	1	0	0	0	0	0
AF	0	0.704872	1	0	1	0	0	0	0
AF	0	0.705184	1	1	0	0	0	0	0
AF	0	0.705497	1	0	1	0	0	0	0
AF	0	0.706121	1	1	0	0	0	0	0
AF	0	0.706746	2	2	0	0	0	0	0
AF	0	0.709557	1	1	0	0	0	0	0
AF	0	0.711118	2	2	0	0	0	0	0
AF	0	0.712055	1	1	0	0	0	0	0
AF	0	0.712367	1	1	0	0	0	0	0
AF	0	0.714866	2	2	0	0	0	0	0
AF	0	0.716115	1	1	0	0	0	0	0
AF	0	0.717989	2	2	0	0	0	0	0
AF	0	0.718926	1	1	0	0	0	0	0
AF	0	0.719238	1	1	0	0	0	0	0
AF	0	0.719863	1	1	0	0	0	0	0
AF	0	0.720487	1	1	0	0	0	0	0
AF	0	0.721112	3	3	0	0	0	0	0
AF	0	0.721736	1	0	1	0	0	0	0
AF	0	0.722361	2	2	0	0	0	0	0
AF	0	0.722986	1	0	1	0	0	0	0
AF	0	0.723298	1	1	0	0	0	0	0
AF	0	0.723610	1	1	0	0	0	0	0
AF	0	0.724859	1	1	0	0	0	0	0
AF	0	0.726421	1	1	0	0	0	0	0
AF	0	0.727046	1	1	0	0	0	0	0
AF	0	0.727358	1	1	0	0	0	0	0
AF	0	0.727983	3	2	1	0	0	0	0
AF	0	0.728607	1	1	0	0	0	0	0
AF	0	0.728919	1	1	0	0	0	0	0
AF	0	0.729232	4	1	3	0	0	0	0
AF	0	0.729856	2	2	0	0	0	0	0
AF	0	0.730169	3	2	1	0	0	0	0
AF	0	0.730481	2	2	0	0	0	0	0
AF	0	0.731106	4	4	0	0	0	0	0
AF	0	0.731418	1	1	0	0	0	0	0
AF	0	0.731730	2	2	0	0	0	0	0
AF	0	0.733292	2	1	1	0	0	0	0
AF	0	0.734229	1	0	1	0	0	0	0
AF	0	0.735478	1	0	1	0	0	0	0
AF	0	0.735790	1	1	0	0	0	0	0
AF	0	0.736102	1	1	0	0	0	0	0
AF	0	0.736415	1	1	0	0	0	0	0
AF	0	0.736727	1	0	1	0	0	0	0
AF	0	0.737352	1	0	1	0	0	0	0
AF	0	0.737664	1	1	0	0	0	0	0
AF	0	0.737976	2	1	1	0	0	0	0
AF	0	0.739225	1	0	1	0	0	0	0
AF	0	0.741724	1	1	0	0	0	0	0
AF	0	0.743285	1	1	0	0	0	0	0
AF	0	0.743598	2	2	0	0	0	0	0
AF	0	0.744222	1	0	1	0	0	0	0
AF	0	0.745159	1	1	0	0	0	0	0
AF	0	0.745472	1	1	0	0	0	0	0
AF	0	0.746721	2	1	1	0	0	0	0
AF	0	0.747970	1	0	1	0	0	0	0
AF	0	0.752967	1	0	1	0	0	0	0
AF	0	0.754216	1	1	0	0	0	0	0
AF	0	0.754528	1	1	0	0	0	0	0
AF	0	0.754841	1	0	1	0	0	0	0
AF	0	0.755153	1	0	1	0	0	0	0
AF	0	0.757339	1	0	1	0	0	0	0
AF	0	0.758588	1	0	1	0	0	0	0
AF	0	0.758901	1	0	1	0	0	0	0
AF	0	0.759213	1	1	0	0	0	0	0
AF	0	0.759838	3	2	1	0	0	0	0
AF	0	0.760150	2	2	0	0	0	0	0
AF	0	0.760462	5	4	1	0	0	0	0
AF	0	0.761087	3	2	1	0	0	0	0
AF	0	0.761399	1	0	1	0	0	0	0
AF	0	0.762024	1	1	0	0	0	0	0
AF	0	0.762648	1	0	1	0	0	0	0
AF	0	0.762961	8	8	0	0	0	0	0
AF	0	0.763585	1	0	1	0	0	0	0
AF	0	0.764210	2	2	0	0	0	0	0
AF	0	0.764522	2	2	0	0	0	0	0
AF	0	0.764834	1	1	0	0	0	0	0
AF	0	0.765147	1	1	0	0	0	0	0
AF	0	0.766084	2	0	2	0	0	0	0
AF	0	0.766708	1	0	1	0	0	0	0
AF	0	0.767645	1	1	0	0	0	0	0
AF	0	0.767958	2	1	1	0	0	0	0
AF	0	0.768270	2	1	1	0	0	0	0
AF	0	0.768894	3	0	3	0	0	0	0
AF	0	0.769519	1	1	0	0	0	0	0
AF	0	0.769831	1	1	0	0	0	0	0
AF	0	0.770456	2	1	1	0	0	0	0
AF	0	0.772642	4	2	2	0	0	0	0
AF	0	0.772954	2	0	2	0	0	0	0
AF	0	0.773579	1	1	0	0	0	0	0
AF	0	0.774204	1	0	1	0	0	0	0
AF	0	0.776077	1	1	0	0	0	0	0
AF	0	0.776702	1	1	0	0	0	0	0
AF	0	0.777014	1	0	1	0	0	0	0
AF	0	0.777327	1	1	0	0	0	0	0
AF	0	0.778888	1	1	0	0	0	0	0
AF	0	0.782324	1	1	0	0	0	0	0
AF	0	0.783260	3	2	1	0	0	0	0
AF	0	0.785447	2	2	0	0	0	0	0
AF	0	0.785759	1	1	0	0	0	0	0
AF	0	0.787008	4	2	2	0	0	0	0
AF	0	0.787320	1	1	0	0	0	0	0
AF	0	0.787633	4	3	1	0	0	0	0
AF	0	0.788257	4	3	1	0	0	0	0
AF	0	0.788570	2	1	1	0	0	0	0
AF	0	0.789507	2	2	0	0	0	0	0
AF	0	0.789819	1	1	0	0	0	0	0
AF	0	0.790131	1	1	0	0	0	0	0
AF	0	0.790443	2	1	1	0	0	0	0
AF	0	0.790756	3	1	2	0	0	0	0
AF	0	0.791068	1	1	0	0	0	0	0
AF	0	0.791380	2	1	1	0	0	0	0
AF	0	0.792317	1	1	0	0	0	0	0
AF	0	0.792630	9	4	5	0	0	0	0
AF	0	0.792942	6	4	2	0	0	0	0
AF	0	0.793254	12	9	3	0	0	0	0
AF	0	0.793567	11	6	5	0	0	0	0
AF	0	0.793879	5	4	1	0	0	0	0
AF	0	0.794191	2	1	1	0	0	0	0
AF	0	0.794503	3	2	1	0	0	0	0
AF	0	0.795128	3	2	1	0	0	0	0
AF	0	0.795440	1	1	0	0	0	0	0
AF	0	0.796065	2	2	0	0	0	0	0
AF	0	0.796377	4	2	2	0	0	0	0
AF	0	0.797002	4	2	2	0	0	0	0
AF	0	0.797314	1	0	1	0	0	0	0
AF	0	0.798876	2	2	0	0	0	0	0
AF	0	0.799500	2	2	0	0	0	0	0
AF	0	0.800750	3	3	0	0	0	0	0
AF	0	0.801374	4	2	2	0	0	0	0
AF	0	0.801686	1	0	1	0	0	0	0
AF	0	0.801999	1	0	1	0	0	0	0
AF	0	0.802623	1	1	0	0	0	0	0
AF	0	0.802936	1	0	1	0	0	0	0
AF	0	0.803560	1	1	0	0	0	0	0
AF	0	0.803873	3	2	1	0	0	0	0
AF	0	0.806059	1	0	1	0	0	0	0
AF	0	0.806371	1	1	0	0	0	0	0
AF	0	0.806683	1	1	0	0	0	0	0
AF	0	0.807933	1	1	0	0	0	0	0
AF	0	0.808557	1	1	0	0	0	0	0
AF	0	0.809182	1	1	0	0	0	0	0
AF	0	0.809494	3	2	1	0	0	0	0
AF	0	0.810119	1	1	0	0	0	0	0
AF	0	0.810743	1	0	1	0	0	0	0
AF	0	0.811993	1	0	1	0	0	0	0
AF	0	0.812617	1	1	0	0	0	0	0
AF	0	0.814179	1	1	0	0	0	0	0
AF	0	0.814491	1	1	0	0	0	0	0
AF	0	0.816365	1	1	0	0	0	0	0
AF	0	0.818239	1	0	1	0	0	0	0
AF	0	0.818551	1	0	1	0	0	0	0
AF	0	0.818863	1	0	1	0	0	0	0
AF	0	0.819488	4	3	1	0	0	0	0
AF	0	0.819800	1	1	0	0	0	0	0
AF	0	0.820112	1	1	0	0	0	0	0
AF	0	0.821049	1	1	0	0	0	0	0
AF	0	0.821362	1	0	1	0	0	0	0
AF	0	0.821674	1	1	0	0	0	0	0
AF	0	0.821986	2	2	0	0	0	0	0
AF	0	0.822299	1	1	0	0	0	0	0
AF	0	0.822611	2	2	0	0	0	0	0
AF	0	0.822923	2	0	2	0	0	0	0
AF	0	0.823235	2	0	2	0	0	0	0
AF	0	0.824172	2	1	1	0	0	0	0
AF	0	0.824485	2	1	1	0	0	0	0
AF	0	0.825109	1	1	0	0	0	0	0
AF	0	0.825734	1	1	0	0	0	0	0
AF	0	0.826359	1	1	0	0	0	0	0
AF	0	0.826671	1	0	1	0	0	0	0
AF	0	0.827295	1	1	0	0	0	0	0
AF	0	0.827608	2	1	1	0	0	0	0
AF	0	0.827920	4	3	1	0	0	0	0
AF	0	0.828232	2	2	0	0	0	0	0
AF	0	0.828545	1	1	0	0	0	0	0
AF	0	0.829482	1	0	1	0	0	0	0
AF	0	0.830731	1	0	1	0	0	0	0
AF	0	0.831980	1	0	1	0	0	0	0
AF	0	0.832605	2	0	2	0	0	0	0
AF	0	0.832917	1	0	1	0	0	0	0
AF	0	0.833229	1	0	1	0	0	0	0
AF	0	0.833854	1	1	0	0	0	0	0
AF	0	0.834478	2	1	1	0	0	0	0
AF	0	0.836665	1	0	1	0	0	0	0
AF	0	0.837289	1	1	0	0	0	0	0
AF	0	0.837601	1	0	1	0	0	0	0
AF	0	0.838226	1	1	0	0	0	0	0
AF	0	0.838538	1	1	0	0	0	0	0
AF	0	0.838851	1	1	0	0	0	0	0
AF	0	0.839788	1	1	0	0	0	0	0
AF	0	0.840100	1	1	0	0	0	0	0
AF	0	0.840412	1	1	0	0	0	0	0
AF	0	0.841661	1	1	0	0	0	0	0
AF	0	0.841974	1	0	1	0	0	0	0
AF	0	0.842286	1	0	1	0	0	0	0
AF	0	0.843223	1	1	0	0	0	0	0
AF	0	0.843535	1	1	0	0	0	0	0
AF	0	0.844785	1	1	0	0	0	0	0
AF	0	0.845097	1	1	0	0	0	0	0
AF	0	0.845721	1	1	0	0	0	0	0
AF	0	0.846346	1	1	0	0	0	0	0
AF	0	0.846971	3	2	1	0	0	0	0
AF	0	0.847283	2	1	1	0	0	0	0
AF	0	0.847595	1	0	1	0	0	0	0
AF	0	0.847908	1	1	0	0	0	0	0
AF	0	0.848220	3	2	1	0	0	0	0
AF	0	0.848844	1	0	1	0	0	0	0
AF	0	0.849469	3	1	2	0	0	0	0
AF	0	0.849781	2	0	2	0	0	0	0
AF	0	0.851031	1	1	0	0	0	0	0
AF	0	0.851343	1	1	0	0	0	0	0
AF	0	0.851968	2	1	1	0	0	0	0
AF	0	0.852592	1	0	1	0	0	0	0
AF	0	0.853217	1	1	0	0	0	0	0
AF	0	0.853841	2	2	0	0	0	0	0
AF	0	0.854154	3	2	1	0	0	0	0
AF	0	0.854466	1	1	0	0	0	0	0
AF	0	0.854778	1	1	0	0	0	0	0
AF	0	0.855715	2	0	2	0	0	0	0
AF	0	0.858214	1	1	0	0	0	0	0
AF	0	0.858838	1	1	0	0	0	0	0
AF	0	0.860087	2	1	1	0	0	0	0
AF	0	0.860400	1	0	1	0	0	0	0
AF	0	0.862586	1	0	1	0	0	0	0
AF	0	0.863210	1	0	1	0	0	0	0
AF	0	0.863523	1	0	1	0	0	0	0
AF	0	0.863835	1	1	0	0	0	0	0
AF	0	0.864460	3	1	2	0	0	0	0
AF	0	0.864772	2	1	1	0	0	0	0
AF	0	0.865084	1	1	0	0	0	0	0
AF	0	0.868520	1	0	1	0	0	0	0
AF	0	0.869457	3	2	1	0	0	0	0
AF	0	0.870394	1	0	1	0	0	0	0
AF	0	0.870706	1	0	1	0	0	0	0
AF	0	0.871018	1	0	1	0	0	0	0
AF	0	0.871643	2	1	1	0	0	0	0
AF	0	0.871955	1	1	0	0	0	0	0
AF	0	0.872580	1	0	1	0	0	0	0
AF	0	0.873204	1	1	0	0	0	0	0
AF	0	0.873829	1	0	1	0	0	0	0
AF	0	0.874766	1	0	1	0	0	0	0
AF	0	0.875078	1	0	1	0	0	0	0
AF	0	0.877264	2	1	1	0	0	0	0
AF	0	0.877577	1	0	1	0	0	0	0
AF	0	0.878826	2	1	1	0	0	0	0
AF	0	0.880075	1	1	0	0	0	0	0
AF	0	0.880700	1	1	0	0	0	0	0
AF	0	0.881949	2	1	1	0	0	0	0
AF	0	0.882261	1	0	1	0	0	0	0
AF	0	0.882573	1	0	1	0	0	0	0
AF	0	0.883198	2	2	0	0	0	0	0
AF	0	0.883823	2	1	1	0	0	0	0
AF	0	0.884135	1	0	1	0	0	0	0
AF	0	0.884447	3	0	3	0	0	0	0
AF	0	0.884760	1	1	0	0	0	0	0
AF	0	0.885696	1	1	0	0	0	0	0
AF	0	0.886321	1	0	1	0	0	0	0
AF	0	0.886946	2	2	0	0	0	0	0
AF	0	0.887570	2	2	0	0	0	0	0
AF	0	0.887883	2	2	0	0	0	0	0
AF	0	0.888195	3	2	1	0	0	0	0
AF	0	0.888507	3	3	0	0	0	0	0
AF	0	0.889132	1	1	0	0	0	0	0
AF	0	0.889444	1	1	0	0	0	0	0
AF	0	0.891006	1	1	0	0	0	0	0
AF	0	0.891318	1	0	1	0	0	0	0
AF	0	0.892255	1	0	1	0	0	0	0
AF	0	0.892879	1	1	0	0	0	0	0
AF	0	0.893504	1	1	0	0	0	0	0
AF	0	0.895690	2	2	0	0	0	0	0
AF	0	0.896002	1	1	0	0	0	0	0
AF	0	0.896315	1	1	0	0	0	0	0
AF	0	0.897876	1	0	1	0	0	0	0
AF	0	0.899126	1	0	1	0	0	0	0
AF	0	0.900375	2	1	1	0	0	0	0
AF	0	0.902249	1	0	1	0	0	0	0
AF	0	0.902873	1	1	0	0	0	0	0
AF	0	0.903498	1	0	1	0	0	0	0
AF	0	0.906933	1	1	0	0	0	0	0
AF	0	0.907245	1	1	0	0	0	0	0
AF	0	0.907870	1	1	0	0	0	0	0
AF	0	0.909432	1	0	1	0	0	0	0
AF	0	0.910056	1	1	0	0	0	0	0
AF	0	0.910369	1	0	1	0	0	0	0
AF	0	0.911305	1	0	1	0	0	0	0
AF	0	0.911618	1	1	0	0	0	0	0
AF	0	0.914116	1	0	1	0	0	0	0
AF	0	0.914428	1	0	1	0	0	0	0
AF	0	0.917239	1	1	0	0	0	0	0
AF	0	0.918801	2	2	0	0	0	0	0
AF	0	0.919113	4	2	2	0	0	0	0
AF	0	0.922861	1	0	1	0	0	0	0
AF	0	0.923798	1	0	1	0	0	0	0
AF	0	0.924422	1	1	0	0	0	0	0
AF	0	0.925671	1	1	0	0	0	0	0
AF	0	0.927233	1	0	1	0	0	0	0
AF	0	0.930356	1	1	0	0	0	0	0
AF	0	0.932230	3	2	1	0	0	0	0
AF	0	0.933167	1	0	1	0	0	0	0
AF	0	0.935978	1	1	0	0	0	0	0
AF	0	0.937227	1	1	0	0	0	0	0
AF	0	0.940350	1	1	0	0	0	0	0
AF	0	0.941911	1	1	0	0	0	0	0
AF	0	0.942224	3	2	1	0	0	0	0
AF	0	0.944722	2	1	1	0	0	0	0
AF	0	0.945034	1	0	1	0	0	0	0
AF	0	0.947845	1	1	0	0	0	0	0
AF	0	0.949094	1	1	0	0	0	0	0
AF	0	0.950031	1	1	0	0	0	0	0
AF	0	0.950656	1	0	1	0	0	0	0
AF	0	0.952217	1	1	0	0	0	0	0
AF	0	0.953154	1	1	0	0	0	0	0
AF	0	0.953467	1	1	0	0	0	0	0
AF	0	0.955653	1	1	0	0	0	0	0
AF	0	0.956277	1	1	0	0	0	0	0
AF	0	0.961899	1	1	0	0	0	0	0
AF	0	0.965959	1	0	1	0	0	0	0
AF	0	0.966271	2	2	0	0	0	0	0
AF	0	0.967833	1	1	0	0	0	0	0
AF	0	0.968457	1	0	1	0	0	0	0
AF	0	0.969706	1	1	0	0	0	0	0
AF	0	0.970331	1	1	0	0	0	0	0
AF	0	0.971268	1	1	0	0	0	0	0
AF	0	0.971580	1	0	1	0	0	0	0
AF	0	0.971893	1	1	0	0	0	0	0
AF	0	0.972829	2	1	1	0	0	0	0
AF	0	0.973454	1	1	0	0	0	0	0
AF	0	0.973766	1	1	0	0	0	0	0
AF	0	0.974079	1	0	1	0	0	0	0
AF	0	0.975016	1	1	0	0	0	0	0
AF	0	0.976577	1	0	1	0	0	0	0
AF	0	0.977826	1	1	0	0	0	0	0
AF	0	0.978451	1	1	0	0	0	0	0
AF	0	0.979076	1	1	0	0	0	0	0
AF	0	0.980325	2	1	1	0	0	0	0
AF	0	0.980637	1	0	1	0	0	0	0
AF	0	0.982511	1	1	0	0	0	0	0
AF	0	0.982823	1	1	0	0	0	0	0
AF	0	0.983448	1	1	0	0	0	0	0
AF	0	0.983760	1	1	0	0	0	0	0
AF	0	0.984072	2	1	1	0	0	0	0
AF	0	0.985009	1	0	1	0	0	0	0
AF	0	0.986259	1	0	1	0	0	0	0
AF	0	0.986571	1	1	0	0	0	0	0
AF	0	0.986883	1	0	1	0	0	0	0
AF	0	0.989069	1	1	0	0	0	0	0
AF	0	0.989382	1	1	0	0	0	0	0
AF	0	0.989694	1	0	1	0	0	0	0
AF	0	0.990943	1	1	0	0	0	0	0
AF	0	0.991568	5	3	2	0	0	0	0
AF	0	0.991880	1	0	1	0	0	0	0
AF	0	0.992192	2	1	1	0	0	0	0
AF	0	0.993129	1	0	1	0	0	0	0
AF	0	0.993442	3	0	3	0	0	0	0
AF	0	0.994066	1	1	0	0	0	0	0
AF	0	0.994691	1	1	0	0	0	0	0
AF	0	0.995003	2	1	1	0	0	0	0
AF	0	0.995628	1	0	1	0	0	0	0
AF	0	0.995940	1	1	0	0	0	0	0
AF	0	0.996565	1	1	0	0	0	0	0
AF	0	0.997189	1	1	0	0	0	0	0
AF	0	0.998126	1	1	0	0	0	0	0
AF	0	0.998438	2	1	1	0	0	0	0
AF	0	0.998751	3	3	0	0	0	0	0
AF	0	0.999063	4	3	1	0	0	0	0
# QUAL, Stats by quality
# QUAL	[2]id	[3]Quality	[4]number of SNPs	[5]number of transitions (1st ALT)	[6]number of transversions (1st ALT)	[7]number of indels
QUAL	0	.	19120	12839	6281	0
# IDD, InDel distribution:
# IDD	[2]id	[3]length (deletions negative)	[4]number of sites	[5]number of genotypes	[6]mean VAF
# ST, Substitution types:
# ST	[2]id	[3]type	[4]count
ST	0	A>C	759
ST	0	A>G	3081
ST	0	A>T	701
ST	0	C>A	902
ST	0	C>G	818
ST	0	C>T	3566
ST	0	G>A	3626
ST	0	G>C	707
ST	0	G>T	922
ST	0	T>A	728
ST	0	T>C	2566
ST	0	T>G	744
# DP, Depth distribution
# DP	[2]id	[3]bin	[4]number of genotypes	[5]fraction of genotypes (%)	[6]number of sites	[7]fraction of sites (%)
  - Fix haploid genotypes in males...

Submit MakeDiploidMalesX finished successfully. Let's have a beer, buddy!

