Submit MakeDiploidMalesX
version 1.1.6 (2024-09-30)

These are the settings:
  Input file................: /hpc/local/Rocky8/dhl_ec/software/MonopogenLite/resources/1kGP_high_coverage_Illumina.SNVonly_poly.filtered_AF_5e-04.norm.fixvariantid.chrX.vcf.gz
  Output file...............: /hpc/local/Rocky8/dhl_ec/software/MonopogenLite/resources/1kGP_high_coverage_Illumina.SNVonly_poly.filtered_AF_5e-04.norm.fixvariantid.makediploid.chrX.vcf.gz
  Chunk size................: 100

  SLURM CPUs................: 4
  SLURM Array ID............: 81 (of 100)
  SLURM memory..............: 16G
  SLURM time................: 01:00:00
  SLURM mail type...........: FAIL
  SLURM mail user...........: s.w.vanderlaan-2@umcutrecht.nl

  Dry run mode..............: 0
  Debug mode................: 1
  Verbosity.................: 0
  Version...................: 1.1.6 (2024-09-30)

Making converting haploid genotypes to diploid genotypes.
> Extract the region for this SLURM task (# 81) from the BED file.
  - Get the chunk number from the SLURM array task ID and the bed file...
DEBUG: Extracting chunk number: 81p from 81
DEBUG: Extracting region from BED file: /hpc/local/Rocky8/dhl_ec/software/MonopogenLite/resources/chrX_100pieces.bed
  - Extract the region from the BED file...
DEBUG: Extracted raw region: 'chrX	124832641	126393048' (chunk #: 81p of 100 for job 81)
  - Check if a valid region was extracted -- should be 'chrX	124832641	126393048'...
  - Prepare the region for bcftools...
  - Check if the region (chrX:124832641-126393048) was successfully extracted...
> Processing region 'chrX:124832641-126393048'...
  - Process the specific region (chunk# 81) using bcftools view...
  - Index the VCF file...
DEBUG: Check if the VCF file was successfully processed...
##fileformat=VCFv4.2
##FILTER=<ID=PASS,Description="All filters passed">
##fileDate=29/01/2022 - 14:31:41
##source=shapeit4.2.2
##contig=<ID=chr1,length=248956422>
##contig=<ID=chr2,length=242193529>
##contig=<ID=chr3,length=198295559>
##contig=<ID=chr4,length=190214555>
##contig=<ID=chr5,length=181538259>
##contig=<ID=chr6,length=170805979>
# This file was produced by bcftools stats (1.20+htslib-1.20) and can be plotted using plot-vcfstats.
# The command line was:	bcftools stats  /hpc/local/Rocky8/dhl_ec/software/MonopogenLite/resources/chrX.part81.vcf.gz
#
# Definition of sets:
# ID	[2]id	[3]tab-separated file names
ID	0	/hpc/local/Rocky8/dhl_ec/software/MonopogenLite/resources/chrX.part81.vcf.gz
# SN, Summary numbers:
#   number of records   .. number of data rows in the VCF
#   number of no-ALTs   .. reference-only sites, ALT is either "." or identical to REF
#   number of SNPs      .. number of rows with a SNP
#   number of MNPs      .. number of rows with a MNP, such as CC>TT
#   number of indels    .. number of rows with an indel
#   number of others    .. number of rows with other type, for example a symbolic allele or
#                          a complex substitution, such as ACT>TCGA
#   number of multiallelic sites     .. number of rows with multiple alternate alleles
#   number of multiallelic SNP sites .. number of rows with multiple alternate alleles, all SNPs
# 
#   Note that rows containing multiple types will be counted multiple times, in each
#   counter. For example, a row with a SNP and an indel increments both the SNP and
#   the indel counter.
# 
# SN	[2]id	[3]key	[4]value
SN	0	number of samples:	3202
SN	0	number of records:	17356
SN	0	number of no-ALTs:	0
SN	0	number of SNPs:	17356
SN	0	number of MNPs:	0
SN	0	number of indels:	0
SN	0	number of others:	0
SN	0	number of multiallelic sites:	0
SN	0	number of multiallelic SNP sites:	0
# TSTV, transitions/transversions:
# TSTV	[2]id	[3]ts	[4]tv	[5]ts/tv	[6]ts (1st ALT)	[7]tv (1st ALT)	[8]ts/tv (1st ALT)
TSTV	0	11392	5964	1.91	11392	5964	1.91
# SiS, Singleton stats:
# SiS	[2]id	[3]allele count	[4]number of SNPs	[5]number of transitions	[6]number of transversions	[7]number of indels	[8]repeat-consistent	[9]repeat-inconsistent	[10]not applicable
SiS	0	1	0	0	0	0	0	0	0
# AF, Stats by non-reference allele frequency:
# AF	[2]id	[3]allele frequency	[4]number of SNPs	[5]number of transitions	[6]number of transversions	[7]number of indels	[8]repeat-consistent	[9]repeat-inconsistent	[10]not applicable
AF	0	0.000312	2425	1575	850	0	0	0	0
AF	0	0.000625	1579	1054	525	0	0	0	0
AF	0	0.000937	1667	1108	559	0	0	0	0
AF	0	0.001249	556	347	209	0	0	0	0
AF	0	0.001562	971	628	343	0	0	0	0
AF	0	0.001874	363	239	124	0	0	0	0
AF	0	0.002186	607	373	234	0	0	0	0
AF	0	0.002498	245	163	82	0	0	0	0
AF	0	0.002811	415	285	130	0	0	0	0
AF	0	0.003123	166	101	65	0	0	0	0
AF	0	0.003435	286	192	94	0	0	0	0
AF	0	0.003748	149	94	55	0	0	0	0
AF	0	0.004060	316	197	119	0	0	0	0
AF	0	0.004372	139	98	41	0	0	0	0
AF	0	0.004685	262	178	84	0	0	0	0
AF	0	0.004997	164	125	39	0	0	0	0
AF	0	0.005309	218	142	76	0	0	0	0
AF	0	0.005621	63	46	17	0	0	0	0
AF	0	0.005934	178	107	71	0	0	0	0
AF	0	0.006246	104	66	38	0	0	0	0
AF	0	0.006558	195	131	64	0	0	0	0
AF	0	0.006871	56	33	23	0	0	0	0
AF	0	0.007183	132	90	42	0	0	0	0
AF	0	0.007495	42	24	18	0	0	0	0
AF	0	0.007808	133	85	48	0	0	0	0
AF	0	0.008120	47	32	15	0	0	0	0
AF	0	0.008432	85	60	25	0	0	0	0
AF	0	0.008745	41	30	11	0	0	0	0
AF	0	0.009057	91	57	34	0	0	0	0
AF	0	0.009369	108	77	31	0	0	0	0
AF	0	0.009681	113	84	29	0	0	0	0
AF	0	0.009994	38	22	16	0	0	0	0
AF	0	0.010306	81	51	30	0	0	0	0
AF	0	0.010618	23	17	6	0	0	0	0
AF	0	0.010931	66	44	22	0	0	0	0
AF	0	0.011243	29	22	7	0	0	0	0
AF	0	0.011555	62	43	19	0	0	0	0
AF	0	0.011868	25	17	8	0	0	0	0
AF	0	0.012180	53	33	20	0	0	0	0
AF	0	0.012492	21	12	9	0	0	0	0
AF	0	0.012804	58	39	19	0	0	0	0
AF	0	0.013117	20	13	7	0	0	0	0
AF	0	0.013429	57	36	21	0	0	0	0
AF	0	0.013741	33	16	17	0	0	0	0
AF	0	0.014054	65	37	28	0	0	0	0
AF	0	0.014366	27	19	8	0	0	0	0
AF	0	0.014678	63	39	24	0	0	0	0
AF	0	0.014991	28	18	10	0	0	0	0
AF	0	0.015303	52	26	26	0	0	0	0
AF	0	0.015615	26	18	8	0	0	0	0
AF	0	0.015928	40	25	15	0	0	0	0
AF	0	0.016240	13	9	4	0	0	0	0
AF	0	0.016552	46	32	14	0	0	0	0
AF	0	0.016864	34	22	12	0	0	0	0
AF	0	0.017177	49	34	15	0	0	0	0
AF	0	0.017489	19	12	7	0	0	0	0
AF	0	0.017801	45	30	15	0	0	0	0
AF	0	0.018114	26	17	9	0	0	0	0
AF	0	0.018426	40	27	13	0	0	0	0
AF	0	0.018738	16	8	8	0	0	0	0
AF	0	0.019051	16	9	7	0	0	0	0
AF	0	0.019363	9	5	4	0	0	0	0
AF	0	0.019675	26	20	6	0	0	0	0
AF	0	0.019988	8	2	6	0	0	0	0
AF	0	0.020300	15	12	3	0	0	0	0
AF	0	0.020612	11	8	3	0	0	0	0
AF	0	0.020924	20	14	6	0	0	0	0
AF	0	0.021237	9	5	4	0	0	0	0
AF	0	0.021549	15	11	4	0	0	0	0
AF	0	0.021861	6	6	0	0	0	0	0
AF	0	0.022174	14	10	4	0	0	0	0
AF	0	0.022486	11	8	3	0	0	0	0
AF	0	0.022798	23	18	5	0	0	0	0
AF	0	0.023111	8	7	1	0	0	0	0
AF	0	0.023423	18	11	7	0	0	0	0
AF	0	0.023735	9	5	4	0	0	0	0
AF	0	0.024047	46	30	16	0	0	0	0
AF	0	0.024360	11	6	5	0	0	0	0
AF	0	0.024672	10	7	3	0	0	0	0
AF	0	0.024984	25	15	10	0	0	0	0
AF	0	0.025297	31	20	11	0	0	0	0
AF	0	0.025609	11	8	3	0	0	0	0
AF	0	0.025921	15	11	4	0	0	0	0
AF	0	0.026234	16	11	5	0	0	0	0
AF	0	0.026546	26	16	10	0	0	0	0
AF	0	0.026858	7	3	4	0	0	0	0
AF	0	0.027171	8	3	5	0	0	0	0
AF	0	0.027483	11	8	3	0	0	0	0
AF	0	0.027795	16	15	1	0	0	0	0
AF	0	0.028107	17	12	5	0	0	0	0
AF	0	0.028420	23	15	8	0	0	0	0
AF	0	0.028732	12	10	2	0	0	0	0
AF	0	0.029044	17	9	8	0	0	0	0
AF	0	0.029357	5	2	3	0	0	0	0
AF	0	0.029669	36	22	14	0	0	0	0
AF	0	0.029981	7	3	4	0	0	0	0
AF	0	0.030294	7	6	1	0	0	0	0
AF	0	0.030918	14	6	8	0	0	0	0
AF	0	0.031230	7	4	3	0	0	0	0
AF	0	0.031543	9	8	1	0	0	0	0
AF	0	0.031855	4	2	2	0	0	0	0
AF	0	0.032167	11	6	5	0	0	0	0
AF	0	0.032480	8	5	3	0	0	0	0
AF	0	0.032792	9	6	3	0	0	0	0
AF	0	0.033104	7	5	2	0	0	0	0
AF	0	0.033417	7	4	3	0	0	0	0
AF	0	0.033729	5	2	3	0	0	0	0
AF	0	0.034041	10	9	1	0	0	0	0
AF	0	0.034354	3	1	2	0	0	0	0
AF	0	0.034666	24	18	6	0	0	0	0
AF	0	0.034978	4	1	3	0	0	0	0
AF	0	0.035290	13	7	6	0	0	0	0
AF	0	0.035603	6	4	2	0	0	0	0
AF	0	0.035915	13	11	2	0	0	0	0
AF	0	0.036227	7	5	2	0	0	0	0
AF	0	0.036540	17	10	7	0	0	0	0
AF	0	0.036852	5	4	1	0	0	0	0
AF	0	0.037164	7	4	3	0	0	0	0
AF	0	0.037477	5	5	0	0	0	0	0
AF	0	0.037789	15	11	4	0	0	0	0
AF	0	0.038101	6	2	4	0	0	0	0
AF	0	0.038413	5	2	3	0	0	0	0
AF	0	0.038726	4	2	2	0	0	0	0
AF	0	0.039038	4	0	4	0	0	0	0
AF	0	0.039350	1	0	1	0	0	0	0
AF	0	0.039663	11	4	7	0	0	0	0
AF	0	0.039975	13	7	6	0	0	0	0
AF	0	0.040287	14	9	5	0	0	0	0
AF	0	0.040600	4	2	2	0	0	0	0
AF	0	0.040912	8	7	1	0	0	0	0
AF	0	0.041224	5	5	0	0	0	0	0
AF	0	0.041537	8	7	1	0	0	0	0
AF	0	0.041849	5	4	1	0	0	0	0
AF	0	0.042161	3	3	0	0	0	0	0
AF	0	0.042473	1	1	0	0	0	0	0
AF	0	0.042786	8	6	2	0	0	0	0
AF	0	0.043098	9	9	0	0	0	0	0
AF	0	0.043410	18	12	6	0	0	0	0
AF	0	0.043723	5	3	2	0	0	0	0
AF	0	0.044035	7	5	2	0	0	0	0
AF	0	0.044347	7	7	0	0	0	0	0
AF	0	0.044660	9	3	6	0	0	0	0
AF	0	0.044972	6	5	1	0	0	0	0
AF	0	0.045284	5	3	2	0	0	0	0
AF	0	0.045597	2	1	1	0	0	0	0
AF	0	0.045909	11	9	2	0	0	0	0
AF	0	0.046221	2	2	0	0	0	0	0
AF	0	0.046533	8	6	2	0	0	0	0
AF	0	0.046846	2	1	1	0	0	0	0
AF	0	0.047158	4	2	2	0	0	0	0
AF	0	0.047470	6	3	3	0	0	0	0
AF	0	0.047783	11	9	2	0	0	0	0
AF	0	0.048095	3	3	0	0	0	0	0
AF	0	0.048407	7	5	2	0	0	0	0
AF	0	0.048720	5	5	0	0	0	0	0
AF	0	0.049032	12	7	5	0	0	0	0
AF	0	0.049344	3	3	0	0	0	0	0
AF	0	0.049656	21	14	7	0	0	0	0
AF	0	0.049969	4	2	2	0	0	0	0
AF	0	0.050281	23	17	6	0	0	0	0
AF	0	0.050593	6	3	3	0	0	0	0
AF	0	0.050906	27	20	7	0	0	0	0
AF	0	0.051218	7	5	2	0	0	0	0
AF	0	0.051530	3	2	1	0	0	0	0
AF	0	0.051843	10	5	5	0	0	0	0
AF	0	0.052155	3	3	0	0	0	0	0
AF	0	0.052467	2	1	1	0	0	0	0
AF	0	0.052780	9	4	5	0	0	0	0
AF	0	0.053092	5	4	1	0	0	0	0
AF	0	0.053404	14	7	7	0	0	0	0
AF	0	0.053716	3	2	1	0	0	0	0
AF	0	0.054029	9	5	4	0	0	0	0
AF	0	0.054341	2	1	1	0	0	0	0
AF	0	0.054653	13	7	6	0	0	0	0
AF	0	0.054966	21	12	9	0	0	0	0
AF	0	0.055278	16	6	10	0	0	0	0
AF	0	0.055590	2	1	1	0	0	0	0
AF	0	0.055903	6	6	0	0	0	0	0
AF	0	0.056215	4	1	3	0	0	0	0
AF	0	0.056527	9	7	2	0	0	0	0
AF	0	0.057152	4	3	1	0	0	0	0
AF	0	0.057464	2	1	1	0	0	0	0
AF	0	0.057776	5	4	1	0	0	0	0
AF	0	0.058089	5	3	2	0	0	0	0
AF	0	0.058401	9	4	5	0	0	0	0
AF	0	0.058713	4	3	1	0	0	0	0
AF	0	0.059026	4	4	0	0	0	0	0
AF	0	0.059338	3	1	2	0	0	0	0
AF	0	0.059650	13	6	7	0	0	0	0
AF	0	0.059963	1	0	1	0	0	0	0
AF	0	0.060275	4	2	2	0	0	0	0
AF	0	0.060587	3	3	0	0	0	0	0
AF	0	0.060899	11	6	5	0	0	0	0
AF	0	0.061212	8	4	4	0	0	0	0
AF	0	0.061524	8	3	5	0	0	0	0
AF	0	0.061836	1	0	1	0	0	0	0
AF	0	0.062149	8	2	6	0	0	0	0
AF	0	0.062461	4	2	2	0	0	0	0
AF	0	0.062773	8	4	4	0	0	0	0
AF	0	0.063086	6	3	3	0	0	0	0
AF	0	0.063398	3	2	1	0	0	0	0
AF	0	0.063710	1	1	0	0	0	0	0
AF	0	0.064022	10	6	4	0	0	0	0
AF	0	0.064335	3	2	1	0	0	0	0
AF	0	0.064647	7	5	2	0	0	0	0
AF	0	0.064959	6	2	4	0	0	0	0
AF	0	0.065272	1	0	1	0	0	0	0
AF	0	0.065896	4	3	1	0	0	0	0
AF	0	0.066209	2	2	0	0	0	0	0
AF	0	0.066521	1	0	1	0	0	0	0
AF	0	0.066833	4	2	2	0	0	0	0
AF	0	0.067146	10	8	2	0	0	0	0
AF	0	0.067458	2	1	1	0	0	0	0
AF	0	0.067770	10	6	4	0	0	0	0
AF	0	0.068082	1	0	1	0	0	0	0
AF	0	0.068395	3	2	1	0	0	0	0
AF	0	0.069019	3	1	2	0	0	0	0
AF	0	0.069332	1	1	0	0	0	0	0
AF	0	0.069644	2	1	1	0	0	0	0
AF	0	0.069956	1	0	1	0	0	0	0
AF	0	0.070269	1	1	0	0	0	0	0
AF	0	0.070893	9	6	3	0	0	0	0
AF	0	0.071205	1	1	0	0	0	0	0
AF	0	0.071518	5	4	1	0	0	0	0
AF	0	0.071830	2	0	2	0	0	0	0
AF	0	0.072142	2	1	1	0	0	0	0
AF	0	0.072455	6	5	1	0	0	0	0
AF	0	0.072767	5	4	1	0	0	0	0
AF	0	0.073392	2	1	1	0	0	0	0
AF	0	0.074016	2	1	1	0	0	0	0
AF	0	0.074329	1	1	0	0	0	0	0
AF	0	0.074953	3	3	0	0	0	0	0
AF	0	0.075265	4	4	0	0	0	0	0
AF	0	0.076202	3	3	0	0	0	0	0
AF	0	0.076515	1	1	0	0	0	0	0
AF	0	0.076827	5	3	2	0	0	0	0
AF	0	0.077139	7	6	1	0	0	0	0
AF	0	0.077452	8	3	5	0	0	0	0
AF	0	0.077764	30	20	10	0	0	0	0
AF	0	0.078076	30	19	11	0	0	0	0
AF	0	0.078389	26	15	11	0	0	0	0
AF	0	0.078701	1	1	0	0	0	0	0
AF	0	0.079013	3	2	1	0	0	0	0
AF	0	0.079325	1	1	0	0	0	0	0
AF	0	0.079638	1	1	0	0	0	0	0
AF	0	0.079950	3	3	0	0	0	0	0
AF	0	0.080262	6	2	4	0	0	0	0
AF	0	0.080575	7	4	3	0	0	0	0
AF	0	0.080887	15	8	7	0	0	0	0
AF	0	0.081199	7	6	1	0	0	0	0
AF	0	0.081512	5	3	2	0	0	0	0
AF	0	0.081824	3	3	0	0	0	0	0
AF	0	0.082136	1	1	0	0	0	0	0
AF	0	0.082448	2	1	1	0	0	0	0
AF	0	0.082761	9	7	2	0	0	0	0
AF	0	0.083073	3	2	1	0	0	0	0
AF	0	0.083385	3	2	1	0	0	0	0
AF	0	0.083698	2	1	1	0	0	0	0
AF	0	0.084010	3	1	2	0	0	0	0
AF	0	0.084322	1	1	0	0	0	0	0
AF	0	0.084635	1	1	0	0	0	0	0
AF	0	0.084947	1	0	1	0	0	0	0
AF	0	0.085259	12	9	3	0	0	0	0
AF	0	0.085572	6	4	2	0	0	0	0
AF	0	0.085884	1	1	0	0	0	0	0
AF	0	0.086196	3	2	1	0	0	0	0
AF	0	0.086508	6	6	0	0	0	0	0
AF	0	0.086821	1	1	0	0	0	0	0
AF	0	0.087133	2	1	1	0	0	0	0
AF	0	0.087445	1	0	1	0	0	0	0
AF	0	0.087758	2	2	0	0	0	0	0
AF	0	0.088070	1	0	1	0	0	0	0
AF	0	0.088382	2	0	2	0	0	0	0
AF	0	0.088695	1	1	0	0	0	0	0
AF	0	0.089007	2	2	0	0	0	0	0
AF	0	0.089631	5	3	2	0	0	0	0
AF	0	0.090256	1	1	0	0	0	0	0
AF	0	0.090881	6	5	1	0	0	0	0
AF	0	0.091193	4	3	1	0	0	0	0
AF	0	0.091505	4	3	1	0	0	0	0
AF	0	0.092130	6	6	0	0	0	0	0
AF	0	0.092442	2	1	1	0	0	0	0
AF	0	0.092755	4	3	1	0	0	0	0
AF	0	0.093067	1	1	0	0	0	0	0
AF	0	0.093379	8	7	1	0	0	0	0
AF	0	0.093691	6	4	2	0	0	0	0
AF	0	0.094004	3	2	1	0	0	0	0
AF	0	0.094316	2	2	0	0	0	0	0
AF	0	0.094628	1	1	0	0	0	0	0
AF	0	0.094941	2	2	0	0	0	0	0
AF	0	0.095253	8	7	1	0	0	0	0
AF	0	0.095565	2	2	0	0	0	0	0
AF	0	0.095878	6	5	1	0	0	0	0
AF	0	0.096190	3	3	0	0	0	0	0
AF	0	0.096502	8	6	2	0	0	0	0
AF	0	0.096814	5	3	2	0	0	0	0
AF	0	0.097127	2	1	1	0	0	0	0
AF	0	0.097439	1	0	1	0	0	0	0
AF	0	0.097751	3	1	2	0	0	0	0
AF	0	0.098064	5	4	1	0	0	0	0
AF	0	0.098376	4	2	2	0	0	0	0
AF	0	0.098688	1	1	0	0	0	0	0
AF	0	0.099001	9	5	4	0	0	0	0
AF	0	0.099313	3	2	1	0	0	0	0
AF	0	0.099625	6	2	4	0	0	0	0
AF	0	0.099938	2	2	0	0	0	0	0
AF	0	0.100250	3	2	1	0	0	0	0
AF	0	0.100562	3	3	0	0	0	0	0
AF	0	0.100874	3	0	3	0	0	0	0
AF	0	0.101187	4	3	1	0	0	0	0
AF	0	0.101499	3	1	2	0	0	0	0
AF	0	0.101811	2	1	1	0	0	0	0
AF	0	0.102124	14	6	8	0	0	0	0
AF	0	0.102436	13	11	2	0	0	0	0
AF	0	0.102748	24	20	4	0	0	0	0
AF	0	0.103061	3	3	0	0	0	0	0
AF	0	0.103373	2	2	0	0	0	0	0
AF	0	0.103685	2	1	1	0	0	0	0
AF	0	0.103998	3	1	2	0	0	0	0
AF	0	0.104310	5	5	0	0	0	0	0
AF	0	0.104622	6	3	3	0	0	0	0
AF	0	0.104934	5	1	4	0	0	0	0
AF	0	0.105247	5	1	4	0	0	0	0
AF	0	0.105559	5	3	2	0	0	0	0
AF	0	0.105871	11	9	2	0	0	0	0
AF	0	0.106184	6	4	2	0	0	0	0
AF	0	0.106496	7	4	3	0	0	0	0
AF	0	0.106808	6	4	2	0	0	0	0
AF	0	0.107121	5	2	3	0	0	0	0
AF	0	0.107433	2	2	0	0	0	0	0
AF	0	0.107745	7	5	2	0	0	0	0
AF	0	0.108057	1	1	0	0	0	0	0
AF	0	0.108370	2	0	2	0	0	0	0
AF	0	0.108994	3	3	0	0	0	0	0
AF	0	0.109307	4	0	4	0	0	0	0
AF	0	0.109619	8	7	1	0	0	0	0
AF	0	0.109931	2	1	1	0	0	0	0
AF	0	0.110244	5	2	3	0	0	0	0
AF	0	0.110556	1	0	1	0	0	0	0
AF	0	0.110868	7	6	1	0	0	0	0
AF	0	0.111181	3	1	2	0	0	0	0
AF	0	0.111493	2	1	1	0	0	0	0
AF	0	0.111805	5	4	1	0	0	0	0
AF	0	0.112117	2	2	0	0	0	0	0
AF	0	0.112430	4	1	3	0	0	0	0
AF	0	0.113679	6	4	2	0	0	0	0
AF	0	0.113991	1	0	1	0	0	0	0
AF	0	0.114304	1	1	0	0	0	0	0
AF	0	0.114616	1	0	1	0	0	0	0
AF	0	0.114928	6	5	1	0	0	0	0
AF	0	0.115240	1	1	0	0	0	0	0
AF	0	0.115553	3	1	2	0	0	0	0
AF	0	0.115865	1	1	0	0	0	0	0
AF	0	0.116177	1	0	1	0	0	0	0
AF	0	0.116490	1	1	0	0	0	0	0
AF	0	0.116802	3	2	1	0	0	0	0
AF	0	0.117114	2	2	0	0	0	0	0
AF	0	0.117427	15	10	5	0	0	0	0
AF	0	0.117739	3	2	1	0	0	0	0
AF	0	0.118051	12	9	3	0	0	0	0
AF	0	0.118364	4	1	3	0	0	0	0
AF	0	0.118676	5	1	4	0	0	0	0
AF	0	0.118988	2	1	1	0	0	0	0
AF	0	0.119300	3	3	0	0	0	0	0
AF	0	0.119613	3	0	3	0	0	0	0
AF	0	0.119925	11	9	2	0	0	0	0
AF	0	0.120237	21	12	9	0	0	0	0
AF	0	0.120550	26	17	9	0	0	0	0
AF	0	0.120862	5	4	1	0	0	0	0
AF	0	0.121174	6	3	3	0	0	0	0
AF	0	0.121487	1	1	0	0	0	0	0
AF	0	0.122111	2	2	0	0	0	0	0
AF	0	0.122423	10	6	4	0	0	0	0
AF	0	0.122736	5	2	3	0	0	0	0
AF	0	0.123048	5	4	1	0	0	0	0
AF	0	0.123360	2	1	1	0	0	0	0
AF	0	0.123673	6	2	4	0	0	0	0
AF	0	0.124610	1	1	0	0	0	0	0
AF	0	0.124922	8	4	4	0	0	0	0
AF	0	0.125234	1	0	1	0	0	0	0
AF	0	0.125547	3	2	1	0	0	0	0
AF	0	0.125859	7	4	3	0	0	0	0
AF	0	0.126171	3	2	1	0	0	0	0
AF	0	0.126483	1	1	0	0	0	0	0
AF	0	0.126796	2	2	0	0	0	0	0
AF	0	0.127108	2	2	0	0	0	0	0
AF	0	0.127420	7	5	2	0	0	0	0
AF	0	0.127733	4	3	1	0	0	0	0
AF	0	0.128045	3	2	1	0	0	0	0
AF	0	0.128357	2	1	1	0	0	0	0
AF	0	0.128670	10	6	4	0	0	0	0
AF	0	0.128982	7	5	2	0	0	0	0
AF	0	0.129294	6	5	1	0	0	0	0
AF	0	0.129606	4	3	1	0	0	0	0
AF	0	0.129919	23	16	7	0	0	0	0
AF	0	0.130231	7	6	1	0	0	0	0
AF	0	0.130543	13	9	4	0	0	0	0
AF	0	0.130856	3	1	2	0	0	0	0
AF	0	0.131168	3	2	1	0	0	0	0
AF	0	0.131480	1	0	1	0	0	0	0
AF	0	0.132417	1	1	0	0	0	0	0
AF	0	0.133042	2	1	1	0	0	0	0
AF	0	0.133354	3	3	0	0	0	0	0
AF	0	0.133666	11	9	2	0	0	0	0
AF	0	0.133979	1	1	0	0	0	0	0
AF	0	0.134916	2	1	1	0	0	0	0
AF	0	0.135540	1	0	1	0	0	0	0
AF	0	0.135853	1	1	0	0	0	0	0
AF	0	0.136165	1	1	0	0	0	0	0
AF	0	0.136477	1	1	0	0	0	0	0
AF	0	0.136790	1	1	0	0	0	0	0
AF	0	0.137414	2	0	2	0	0	0	0
AF	0	0.137726	2	2	0	0	0	0	0
AF	0	0.138039	2	2	0	0	0	0	0
AF	0	0.138663	1	1	0	0	0	0	0
AF	0	0.138976	2	2	0	0	0	0	0
AF	0	0.139288	1	0	1	0	0	0	0
AF	0	0.139600	1	1	0	0	0	0	0
AF	0	0.139913	1	1	0	0	0	0	0
AF	0	0.140849	1	1	0	0	0	0	0
AF	0	0.141162	3	3	0	0	0	0	0
AF	0	0.141786	1	0	1	0	0	0	0
AF	0	0.142099	2	2	0	0	0	0	0
AF	0	0.142411	6	6	0	0	0	0	0
AF	0	0.142723	1	1	0	0	0	0	0
AF	0	0.143036	2	1	1	0	0	0	0
AF	0	0.143660	1	1	0	0	0	0	0
AF	0	0.144285	4	1	3	0	0	0	0
AF	0	0.144597	1	0	1	0	0	0	0
AF	0	0.144909	2	2	0	0	0	0	0
AF	0	0.145534	4	3	1	0	0	0	0
AF	0	0.145846	1	1	0	0	0	0	0
AF	0	0.146159	5	4	1	0	0	0	0
AF	0	0.146783	3	2	1	0	0	0	0
AF	0	0.147408	5	3	2	0	0	0	0
AF	0	0.147720	1	0	1	0	0	0	0
AF	0	0.148032	1	1	0	0	0	0	0
AF	0	0.148345	1	0	1	0	0	0	0
AF	0	0.148657	2	0	2	0	0	0	0
AF	0	0.149594	1	1	0	0	0	0	0
AF	0	0.149906	4	2	2	0	0	0	0
AF	0	0.150531	3	2	1	0	0	0	0
AF	0	0.150843	5	3	2	0	0	0	0
AF	0	0.151156	5	2	3	0	0	0	0
AF	0	0.151468	5	4	1	0	0	0	0
AF	0	0.151780	1	1	0	0	0	0	0
AF	0	0.152405	1	0	1	0	0	0	0
AF	0	0.152717	1	0	1	0	0	0	0
AF	0	0.153029	4	2	2	0	0	0	0
AF	0	0.153342	2	2	0	0	0	0	0
AF	0	0.153654	1	0	1	0	0	0	0
AF	0	0.154591	3	2	1	0	0	0	0
AF	0	0.154903	5	4	1	0	0	0	0
AF	0	0.155215	2	1	1	0	0	0	0
AF	0	0.155528	2	1	1	0	0	0	0
AF	0	0.155840	1	0	1	0	0	0	0
AF	0	0.156465	1	0	1	0	0	0	0
AF	0	0.156777	5	3	2	0	0	0	0
AF	0	0.157089	3	3	0	0	0	0	0
AF	0	0.157402	2	2	0	0	0	0	0
AF	0	0.158026	3	0	3	0	0	0	0
AF	0	0.158339	3	3	0	0	0	0	0
AF	0	0.158651	9	2	7	0	0	0	0
AF	0	0.158963	25	15	10	0	0	0	0
AF	0	0.159275	26	17	9	0	0	0	0
AF	0	0.159588	1	1	0	0	0	0	0
AF	0	0.159900	1	1	0	0	0	0	0
AF	0	0.161149	1	1	0	0	0	0	0
AF	0	0.161774	2	0	2	0	0	0	0
AF	0	0.162086	1	1	0	0	0	0	0
AF	0	0.162399	1	1	0	0	0	0	0
AF	0	0.162711	1	1	0	0	0	0	0
AF	0	0.163023	2	2	0	0	0	0	0
AF	0	0.163335	1	1	0	0	0	0	0
AF	0	0.163648	1	1	0	0	0	0	0
AF	0	0.163960	1	0	1	0	0	0	0
AF	0	0.164585	1	1	0	0	0	0	0
AF	0	0.165209	3	0	3	0	0	0	0
AF	0	0.165522	1	1	0	0	0	0	0
AF	0	0.166146	1	1	0	0	0	0	0
AF	0	0.166771	1	1	0	0	0	0	0
AF	0	0.167395	1	1	0	0	0	0	0
AF	0	0.168020	1	0	1	0	0	0	0
AF	0	0.168332	1	1	0	0	0	0	0
AF	0	0.168645	2	1	1	0	0	0	0
AF	0	0.169269	1	1	0	0	0	0	0
AF	0	0.169582	1	0	1	0	0	0	0
AF	0	0.170206	2	1	1	0	0	0	0
AF	0	0.171768	1	1	0	0	0	0	0
AF	0	0.172392	1	1	0	0	0	0	0
AF	0	0.172705	1	1	0	0	0	0	0
AF	0	0.173017	3	2	1	0	0	0	0
AF	0	0.173329	2	1	1	0	0	0	0
AF	0	0.173641	1	0	1	0	0	0	0
AF	0	0.174266	3	3	0	0	0	0	0
AF	0	0.174578	1	0	1	0	0	0	0
AF	0	0.174891	5	4	1	0	0	0	0
AF	0	0.175203	2	1	1	0	0	0	0
AF	0	0.175515	1	1	0	0	0	0	0
AF	0	0.175828	1	1	0	0	0	0	0
AF	0	0.176140	2	1	1	0	0	0	0
AF	0	0.176765	2	2	0	0	0	0	0
AF	0	0.177389	4	3	1	0	0	0	0
AF	0	0.177701	2	2	0	0	0	0	0
AF	0	0.179263	1	0	1	0	0	0	0
AF	0	0.179888	3	2	1	0	0	0	0
AF	0	0.180200	1	0	1	0	0	0	0
AF	0	0.180512	2	2	0	0	0	0	0
AF	0	0.180824	4	3	1	0	0	0	0
AF	0	0.181137	5	2	3	0	0	0	0
AF	0	0.181761	3	1	2	0	0	0	0
AF	0	0.182386	1	1	0	0	0	0	0
AF	0	0.183635	2	2	0	0	0	0	0
AF	0	0.184572	1	0	1	0	0	0	0
AF	0	0.184884	1	1	0	0	0	0	0
AF	0	0.185197	2	2	0	0	0	0	0
AF	0	0.185509	1	0	1	0	0	0	0
AF	0	0.185821	1	1	0	0	0	0	0
AF	0	0.186134	2	2	0	0	0	0	0
AF	0	0.186446	1	1	0	0	0	0	0
AF	0	0.186758	4	3	1	0	0	0	0
AF	0	0.187071	1	0	1	0	0	0	0
AF	0	0.187383	1	1	0	0	0	0	0
AF	0	0.188007	1	1	0	0	0	0	0
AF	0	0.188320	1	0	1	0	0	0	0
AF	0	0.188632	1	0	1	0	0	0	0
AF	0	0.188944	2	2	0	0	0	0	0
AF	0	0.190506	1	1	0	0	0	0	0
AF	0	0.191131	1	0	1	0	0	0	0
AF	0	0.191443	3	3	0	0	0	0	0
AF	0	0.191755	4	2	2	0	0	0	0
AF	0	0.192067	2	1	1	0	0	0	0
AF	0	0.192380	2	0	2	0	0	0	0
AF	0	0.192692	4	3	1	0	0	0	0
AF	0	0.193004	1	1	0	0	0	0	0
AF	0	0.193317	3	2	1	0	0	0	0
AF	0	0.193629	3	3	0	0	0	0	0
AF	0	0.194254	1	1	0	0	0	0	0
AF	0	0.194878	1	1	0	0	0	0	0
AF	0	0.196127	1	0	1	0	0	0	0
AF	0	0.196752	1	1	0	0	0	0	0
AF	0	0.197377	2	2	0	0	0	0	0
AF	0	0.198001	2	0	2	0	0	0	0
AF	0	0.198314	1	0	1	0	0	0	0
AF	0	0.198626	5	5	0	0	0	0	0
AF	0	0.199250	3	1	2	0	0	0	0
AF	0	0.199563	2	2	0	0	0	0	0
AF	0	0.199875	1	1	0	0	0	0	0
AF	0	0.200812	1	1	0	0	0	0	0
AF	0	0.201124	2	1	1	0	0	0	0
AF	0	0.201437	1	1	0	0	0	0	0
AF	0	0.201749	1	0	1	0	0	0	0
AF	0	0.202061	2	2	0	0	0	0	0
AF	0	0.202374	2	2	0	0	0	0	0
AF	0	0.202686	1	1	0	0	0	0	0
AF	0	0.203935	1	1	0	0	0	0	0
AF	0	0.204247	1	1	0	0	0	0	0
AF	0	0.204560	1	0	1	0	0	0	0
AF	0	0.205497	3	0	3	0	0	0	0
AF	0	0.205809	1	1	0	0	0	0	0
AF	0	0.206121	6	4	2	0	0	0	0
AF	0	0.206746	2	2	0	0	0	0	0
AF	0	0.208307	2	2	0	0	0	0	0
AF	0	0.209869	1	1	0	0	0	0	0
AF	0	0.210493	1	0	1	0	0	0	0
AF	0	0.210806	2	1	1	0	0	0	0
AF	0	0.211743	2	2	0	0	0	0	0
AF	0	0.213304	1	1	0	0	0	0	0
AF	0	0.213929	1	1	0	0	0	0	0
AF	0	0.214241	1	1	0	0	0	0	0
AF	0	0.214866	1	1	0	0	0	0	0
AF	0	0.215490	1	1	0	0	0	0	0
AF	0	0.216115	2	2	0	0	0	0	0
AF	0	0.217364	2	2	0	0	0	0	0
AF	0	0.217989	1	1	0	0	0	0	0
AF	0	0.218301	1	1	0	0	0	0	0
AF	0	0.218926	1	1	0	0	0	0	0
AF	0	0.219238	5	3	2	0	0	0	0
AF	0	0.219863	2	1	1	0	0	0	0
AF	0	0.220175	2	1	1	0	0	0	0
AF	0	0.220487	6	6	0	0	0	0	0
AF	0	0.221112	4	1	3	0	0	0	0
AF	0	0.221424	1	0	1	0	0	0	0
AF	0	0.221736	1	1	0	0	0	0	0
AF	0	0.222049	2	2	0	0	0	0	0
AF	0	0.222673	2	2	0	0	0	0	0
AF	0	0.222986	3	2	1	0	0	0	0
AF	0	0.223298	2	2	0	0	0	0	0
AF	0	0.223610	1	1	0	0	0	0	0
AF	0	0.223923	5	4	1	0	0	0	0
AF	0	0.224235	2	1	1	0	0	0	0
AF	0	0.224547	1	0	1	0	0	0	0
AF	0	0.225172	1	1	0	0	0	0	0
AF	0	0.225484	1	1	0	0	0	0	0
AF	0	0.225796	4	2	2	0	0	0	0
AF	0	0.227046	1	0	1	0	0	0	0
AF	0	0.227983	3	3	0	0	0	0	0
AF	0	0.228295	5	4	1	0	0	0	0
AF	0	0.229544	1	1	0	0	0	0	0
AF	0	0.229856	2	1	1	0	0	0	0
AF	0	0.230481	1	1	0	0	0	0	0
AF	0	0.231106	2	2	0	0	0	0	0
AF	0	0.231418	1	1	0	0	0	0	0
AF	0	0.232042	1	0	1	0	0	0	0
AF	0	0.232667	1	0	1	0	0	0	0
AF	0	0.232979	2	1	1	0	0	0	0
AF	0	0.234229	1	1	0	0	0	0	0
AF	0	0.234853	2	1	1	0	0	0	0
AF	0	0.235478	1	1	0	0	0	0	0
AF	0	0.235790	2	1	1	0	0	0	0
AF	0	0.236102	1	0	1	0	0	0	0
AF	0	0.237039	2	2	0	0	0	0	0
AF	0	0.237664	3	2	1	0	0	0	0
AF	0	0.237976	1	1	0	0	0	0	0
AF	0	0.238289	1	0	1	0	0	0	0
AF	0	0.238601	2	1	1	0	0	0	0
AF	0	0.239850	2	2	0	0	0	0	0
AF	0	0.240162	1	0	1	0	0	0	0
AF	0	0.240475	1	0	1	0	0	0	0
AF	0	0.240787	2	0	2	0	0	0	0
AF	0	0.241724	3	2	1	0	0	0	0
AF	0	0.242036	1	1	0	0	0	0	0
AF	0	0.242349	2	2	0	0	0	0	0
AF	0	0.242661	1	1	0	0	0	0	0
AF	0	0.242973	1	1	0	0	0	0	0
AF	0	0.243285	3	2	1	0	0	0	0
AF	0	0.243910	4	2	2	0	0	0	0
AF	0	0.244535	3	3	0	0	0	0	0
AF	0	0.244847	2	1	1	0	0	0	0
AF	0	0.245159	2	2	0	0	0	0	0
AF	0	0.245472	2	1	1	0	0	0	0
AF	0	0.245784	1	0	1	0	0	0	0
AF	0	0.246096	4	1	3	0	0	0	0
AF	0	0.246408	2	2	0	0	0	0	0
AF	0	0.247033	2	1	1	0	0	0	0
AF	0	0.247345	3	2	1	0	0	0	0
AF	0	0.247658	5	4	1	0	0	0	0
AF	0	0.247970	1	0	1	0	0	0	0
AF	0	0.248282	3	2	1	0	0	0	0
AF	0	0.248595	3	2	1	0	0	0	0
AF	0	0.248907	1	1	0	0	0	0	0
AF	0	0.249219	1	1	0	0	0	0	0
AF	0	0.249532	4	4	0	0	0	0	0
AF	0	0.249844	1	1	0	0	0	0	0
AF	0	0.250156	1	1	0	0	0	0	0
AF	0	0.250468	2	1	1	0	0	0	0
AF	0	0.250781	3	2	1	0	0	0	0
AF	0	0.251093	2	2	0	0	0	0	0
AF	0	0.251405	4	2	2	0	0	0	0
AF	0	0.251718	2	2	0	0	0	0	0
AF	0	0.252030	3	2	1	0	0	0	0
AF	0	0.252342	3	0	3	0	0	0	0
AF	0	0.252655	1	0	1	0	0	0	0
AF	0	0.252967	1	0	1	0	0	0	0
AF	0	0.253279	3	1	2	0	0	0	0
AF	0	0.253592	1	1	0	0	0	0	0
AF	0	0.253904	3	3	0	0	0	0	0
AF	0	0.254216	1	1	0	0	0	0	0
AF	0	0.254528	1	1	0	0	0	0	0
AF	0	0.255153	6	5	1	0	0	0	0
AF	0	0.255465	2	2	0	0	0	0	0
AF	0	0.255778	2	2	0	0	0	0	0
AF	0	0.256090	6	4	2	0	0	0	0
AF	0	0.256402	9	7	2	0	0	0	0
AF	0	0.256715	1	0	1	0	0	0	0
AF	0	0.257027	4	3	1	0	0	0	0
AF	0	0.257339	2	1	1	0	0	0	0
AF	0	0.257651	4	4	0	0	0	0	0
AF	0	0.257964	1	0	1	0	0	0	0
AF	0	0.258276	2	1	1	0	0	0	0
AF	0	0.258588	3	2	1	0	0	0	0
AF	0	0.258901	1	0	1	0	0	0	0
AF	0	0.259838	1	1	0	0	0	0	0
AF	0	0.260150	3	1	2	0	0	0	0
AF	0	0.260462	1	1	0	0	0	0	0
AF	0	0.260775	1	0	1	0	0	0	0
AF	0	0.261399	5	2	3	0	0	0	0
AF	0	0.262024	1	1	0	0	0	0	0
AF	0	0.262648	1	1	0	0	0	0	0
AF	0	0.263273	1	1	0	0	0	0	0
AF	0	0.265147	1	0	1	0	0	0	0
AF	0	0.266396	1	0	1	0	0	0	0
AF	0	0.267021	2	0	2	0	0	0	0
AF	0	0.267958	1	1	0	0	0	0	0
AF	0	0.268270	2	0	2	0	0	0	0
AF	0	0.268582	1	1	0	0	0	0	0
AF	0	0.269519	3	3	0	0	0	0	0
AF	0	0.270144	1	1	0	0	0	0	0
AF	0	0.270768	1	0	1	0	0	0	0
AF	0	0.272017	2	1	1	0	0	0	0
AF	0	0.272330	1	1	0	0	0	0	0
AF	0	0.272642	1	1	0	0	0	0	0
AF	0	0.272954	1	0	1	0	0	0	0
AF	0	0.273579	1	0	1	0	0	0	0
AF	0	0.273891	1	1	0	0	0	0	0
AF	0	0.274516	1	1	0	0	0	0	0
AF	0	0.275141	1	0	1	0	0	0	0
AF	0	0.275453	1	1	0	0	0	0	0
AF	0	0.276077	1	1	0	0	0	0	0
AF	0	0.276390	3	1	2	0	0	0	0
AF	0	0.277014	1	0	1	0	0	0	0
AF	0	0.277327	1	0	1	0	0	0	0
AF	0	0.277639	1	0	1	0	0	0	0
AF	0	0.279513	2	0	2	0	0	0	0
AF	0	0.279825	1	1	0	0	0	0	0
AF	0	0.281387	1	1	0	0	0	0	0
AF	0	0.282324	1	0	1	0	0	0	0
AF	0	0.283573	2	2	0	0	0	0	0
AF	0	0.284510	2	2	0	0	0	0	0
AF	0	0.285134	1	1	0	0	0	0	0
AF	0	0.285759	1	1	0	0	0	0	0
AF	0	0.287320	1	1	0	0	0	0	0
AF	0	0.287633	1	1	0	0	0	0	0
AF	0	0.288257	2	1	1	0	0	0	0
AF	0	0.289507	2	0	2	0	0	0	0
AF	0	0.290131	1	1	0	0	0	0	0
AF	0	0.290443	1	1	0	0	0	0	0
AF	0	0.291068	1	0	1	0	0	0	0
AF	0	0.292005	2	2	0	0	0	0	0
AF	0	0.293254	1	1	0	0	0	0	0
AF	0	0.294503	1	1	0	0	0	0	0
AF	0	0.296377	1	0	1	0	0	0	0
AF	0	0.297314	1	1	0	0	0	0	0
AF	0	0.297626	3	2	1	0	0	0	0
AF	0	0.298251	2	1	1	0	0	0	0
AF	0	0.298563	1	0	1	0	0	0	0
AF	0	0.298876	4	1	3	0	0	0	0
AF	0	0.299188	1	1	0	0	0	0	0
AF	0	0.299500	3	2	1	0	0	0	0
AF	0	0.299813	1	1	0	0	0	0	0
AF	0	0.300125	4	0	4	0	0	0	0
AF	0	0.300437	1	1	0	0	0	0	0
AF	0	0.301374	1	1	0	0	0	0	0
AF	0	0.302936	2	2	0	0	0	0	0
AF	0	0.303248	2	2	0	0	0	0	0
AF	0	0.303560	1	0	1	0	0	0	0
AF	0	0.303873	2	1	1	0	0	0	0
AF	0	0.304497	1	0	1	0	0	0	0
AF	0	0.304809	2	1	1	0	0	0	0
AF	0	0.305122	1	0	1	0	0	0	0
AF	0	0.305434	1	1	0	0	0	0	0
AF	0	0.305746	1	1	0	0	0	0	0
AF	0	0.306059	1	1	0	0	0	0	0
AF	0	0.306371	1	1	0	0	0	0	0
AF	0	0.306683	2	1	1	0	0	0	0
AF	0	0.306996	1	1	0	0	0	0	0
AF	0	0.307308	1	1	0	0	0	0	0
AF	0	0.307620	2	1	1	0	0	0	0
AF	0	0.308869	2	2	0	0	0	0	0
AF	0	0.309494	1	1	0	0	0	0	0
AF	0	0.309806	1	1	0	0	0	0	0
AF	0	0.310119	2	1	1	0	0	0	0
AF	0	0.311368	3	2	1	0	0	0	0
AF	0	0.312305	1	1	0	0	0	0	0
AF	0	0.312617	1	0	1	0	0	0	0
AF	0	0.313242	2	2	0	0	0	0	0
AF	0	0.313554	1	0	1	0	0	0	0
AF	0	0.313866	5	4	1	0	0	0	0
AF	0	0.314179	1	0	1	0	0	0	0
AF	0	0.315116	3	2	1	0	0	0	0
AF	0	0.315740	2	2	0	0	0	0	0
AF	0	0.316365	2	1	1	0	0	0	0
AF	0	0.316989	2	1	1	0	0	0	0
AF	0	0.318239	2	1	1	0	0	0	0
AF	0	0.318551	2	0	2	0	0	0	0
AF	0	0.319488	1	1	0	0	0	0	0
AF	0	0.319800	3	3	0	0	0	0	0
AF	0	0.320112	2	1	1	0	0	0	0
AF	0	0.320737	1	1	0	0	0	0	0
AF	0	0.321049	1	1	0	0	0	0	0
AF	0	0.321362	3	2	1	0	0	0	0
AF	0	0.321986	1	1	0	0	0	0	0
AF	0	0.322299	1	1	0	0	0	0	0
AF	0	0.323860	1	0	1	0	0	0	0
AF	0	0.324172	2	2	0	0	0	0	0
AF	0	0.324485	3	2	1	0	0	0	0
AF	0	0.325109	1	1	0	0	0	0	0
AF	0	0.325422	1	1	0	0	0	0	0
AF	0	0.326671	1	1	0	0	0	0	0
AF	0	0.327608	1	1	0	0	0	0	0
AF	0	0.328232	3	2	1	0	0	0	0
AF	0	0.328545	3	1	2	0	0	0	0
AF	0	0.328857	4	2	2	0	0	0	0
AF	0	0.329482	2	2	0	0	0	0	0
AF	0	0.329794	1	1	0	0	0	0	0
AF	0	0.330418	1	1	0	0	0	0	0
AF	0	0.330731	2	2	0	0	0	0	0
AF	0	0.331043	1	0	1	0	0	0	0
AF	0	0.331980	1	1	0	0	0	0	0
AF	0	0.332605	3	0	3	0	0	0	0
AF	0	0.333229	1	1	0	0	0	0	0
AF	0	0.333854	2	1	1	0	0	0	0
AF	0	0.334166	1	1	0	0	0	0	0
AF	0	0.337289	3	1	2	0	0	0	0
AF	0	0.338226	2	2	0	0	0	0	0
AF	0	0.338538	1	1	0	0	0	0	0
AF	0	0.338851	1	0	1	0	0	0	0
AF	0	0.339163	1	1	0	0	0	0	0
AF	0	0.340725	1	1	0	0	0	0	0
AF	0	0.341037	2	2	0	0	0	0	0
AF	0	0.341661	1	1	0	0	0	0	0
AF	0	0.342911	1	1	0	0	0	0	0
AF	0	0.343535	1	0	1	0	0	0	0
AF	0	0.343848	1	1	0	0	0	0	0
AF	0	0.344160	3	1	2	0	0	0	0
AF	0	0.344785	1	1	0	0	0	0	0
AF	0	0.345409	1	0	1	0	0	0	0
AF	0	0.346658	1	0	1	0	0	0	0
AF	0	0.347283	3	3	0	0	0	0	0
AF	0	0.347595	2	0	2	0	0	0	0
AF	0	0.349157	1	0	1	0	0	0	0
AF	0	0.349781	2	1	1	0	0	0	0
AF	0	0.352280	1	0	1	0	0	0	0
AF	0	0.352592	1	1	0	0	0	0	0
AF	0	0.352904	1	0	1	0	0	0	0
AF	0	0.355403	3	3	0	0	0	0	0
AF	0	0.355715	7	6	1	0	0	0	0
AF	0	0.356027	4	2	2	0	0	0	0
AF	0	0.356340	1	1	0	0	0	0	0
AF	0	0.356964	1	1	0	0	0	0	0
AF	0	0.357277	2	1	1	0	0	0	0
AF	0	0.357589	1	1	0	0	0	0	0
AF	0	0.357901	1	0	1	0	0	0	0
AF	0	0.358214	2	2	0	0	0	0	0
AF	0	0.358526	2	2	0	0	0	0	0
AF	0	0.359151	1	1	0	0	0	0	0
AF	0	0.360400	2	1	1	0	0	0	0
AF	0	0.360712	3	3	0	0	0	0	0
AF	0	0.361024	2	1	1	0	0	0	0
AF	0	0.361337	2	1	1	0	0	0	0
AF	0	0.361649	1	1	0	0	0	0	0
AF	0	0.362274	3	1	2	0	0	0	0
AF	0	0.362586	1	1	0	0	0	0	0
AF	0	0.362898	1	0	1	0	0	0	0
AF	0	0.366021	1	0	1	0	0	0	0
AF	0	0.366646	1	0	1	0	0	0	0
AF	0	0.366958	2	1	1	0	0	0	0
AF	0	0.367270	1	1	0	0	0	0	0
AF	0	0.367583	1	1	0	0	0	0	0
AF	0	0.367895	1	1	0	0	0	0	0
AF	0	0.368207	2	2	0	0	0	0	0
AF	0	0.368520	3	3	0	0	0	0	0
AF	0	0.369144	2	2	0	0	0	0	0
AF	0	0.369457	2	2	0	0	0	0	0
AF	0	0.369769	6	5	1	0	0	0	0
AF	0	0.370081	3	2	1	0	0	0	0
AF	0	0.370394	3	1	2	0	0	0	0
AF	0	0.371018	6	3	3	0	0	0	0
AF	0	0.373204	1	1	0	0	0	0	0
AF	0	0.373517	1	0	1	0	0	0	0
AF	0	0.374141	2	1	1	0	0	0	0
AF	0	0.374766	2	2	0	0	0	0	0
AF	0	0.375078	1	0	1	0	0	0	0
AF	0	0.375390	4	3	1	0	0	0	0
AF	0	0.376015	2	0	2	0	0	0	0
AF	0	0.376327	1	0	1	0	0	0	0
AF	0	0.376640	7	6	1	0	0	0	0
AF	0	0.377264	4	3	1	0	0	0	0
AF	0	0.377889	4	2	2	0	0	0	0
AF	0	0.378201	2	1	1	0	0	0	0
AF	0	0.378513	2	2	0	0	0	0	0
AF	0	0.379450	1	0	1	0	0	0	0
AF	0	0.379763	1	1	0	0	0	0	0
AF	0	0.381012	1	1	0	0	0	0	0
AF	0	0.381636	1	1	0	0	0	0	0
AF	0	0.382261	1	0	1	0	0	0	0
AF	0	0.382573	3	2	1	0	0	0	0
AF	0	0.382886	2	2	0	0	0	0	0
AF	0	0.383823	1	0	1	0	0	0	0
AF	0	0.384135	2	2	0	0	0	0	0
AF	0	0.384760	1	1	0	0	0	0	0
AF	0	0.385696	1	1	0	0	0	0	0
AF	0	0.386009	1	0	1	0	0	0	0
AF	0	0.386321	1	0	1	0	0	0	0
AF	0	0.386633	1	1	0	0	0	0	0
AF	0	0.386946	1	1	0	0	0	0	0
AF	0	0.387883	1	0	1	0	0	0	0
AF	0	0.389132	1	1	0	0	0	0	0
AF	0	0.389444	2	2	0	0	0	0	0
AF	0	0.389756	2	2	0	0	0	0	0
AF	0	0.391006	1	1	0	0	0	0	0
AF	0	0.391630	1	0	1	0	0	0	0
AF	0	0.392255	2	1	1	0	0	0	0
AF	0	0.392879	2	1	1	0	0	0	0
AF	0	0.393192	1	1	0	0	0	0	0
AF	0	0.393504	1	0	1	0	0	0	0
AF	0	0.394129	1	0	1	0	0	0	0
AF	0	0.395066	1	1	0	0	0	0	0
AF	0	0.396939	1	1	0	0	0	0	0
AF	0	0.398189	1	1	0	0	0	0	0
AF	0	0.399126	1	1	0	0	0	0	0
AF	0	0.400375	1	0	1	0	0	0	0
AF	0	0.401624	2	2	0	0	0	0	0
AF	0	0.401936	3	1	2	0	0	0	0
AF	0	0.403498	2	2	0	0	0	0	0
AF	0	0.403810	1	1	0	0	0	0	0
AF	0	0.404122	2	2	0	0	0	0	0
AF	0	0.404435	1	0	1	0	0	0	0
AF	0	0.404747	1	1	0	0	0	0	0
AF	0	0.408495	1	1	0	0	0	0	0
AF	0	0.408807	1	1	0	0	0	0	0
AF	0	0.409744	1	1	0	0	0	0	0
AF	0	0.411618	1	1	0	0	0	0	0
AF	0	0.412242	1	1	0	0	0	0	0
AF	0	0.413492	1	0	1	0	0	0	0
AF	0	0.414116	2	1	1	0	0	0	0
AF	0	0.414428	1	1	0	0	0	0	0
AF	0	0.414741	1	0	1	0	0	0	0
AF	0	0.415678	1	1	0	0	0	0	0
AF	0	0.415990	2	2	0	0	0	0	0
AF	0	0.418176	1	1	0	0	0	0	0
AF	0	0.418488	2	1	1	0	0	0	0
AF	0	0.419113	2	1	1	0	0	0	0
AF	0	0.420362	1	1	0	0	0	0	0
AF	0	0.421611	1	1	0	0	0	0	0
AF	0	0.421924	1	1	0	0	0	0	0
AF	0	0.422236	2	1	1	0	0	0	0
AF	0	0.422548	2	2	0	0	0	0	0
AF	0	0.423485	3	2	1	0	0	0	0
AF	0	0.424735	3	1	2	0	0	0	0
AF	0	0.425047	1	0	1	0	0	0	0
AF	0	0.425359	3	1	2	0	0	0	0
AF	0	0.425671	1	0	1	0	0	0	0
AF	0	0.425984	1	0	1	0	0	0	0
AF	0	0.426608	2	1	1	0	0	0	0
AF	0	0.426921	1	0	1	0	0	0	0
AF	0	0.427233	1	0	1	0	0	0	0
AF	0	0.427858	8	6	2	0	0	0	0
AF	0	0.428170	1	1	0	0	0	0	0
AF	0	0.428482	13	10	3	0	0	0	0
AF	0	0.428795	10	6	4	0	0	0	0
AF	0	0.429107	9	3	6	0	0	0	0
AF	0	0.429419	2	1	1	0	0	0	0
AF	0	0.429731	4	4	0	0	0	0	0
AF	0	0.430044	2	2	0	0	0	0	0
AF	0	0.430356	1	0	1	0	0	0	0
AF	0	0.431293	1	1	0	0	0	0	0
AF	0	0.431605	1	1	0	0	0	0	0
AF	0	0.431918	1	1	0	0	0	0	0
AF	0	0.432230	1	1	0	0	0	0	0
AF	0	0.432854	1	1	0	0	0	0	0
AF	0	0.433167	1	0	1	0	0	0	0
AF	0	0.433479	1	1	0	0	0	0	0
AF	0	0.434104	1	0	1	0	0	0	0
AF	0	0.434728	1	1	0	0	0	0	0
AF	0	0.435353	1	1	0	0	0	0	0
AF	0	0.435665	2	2	0	0	0	0	0
AF	0	0.435978	6	5	1	0	0	0	0
AF	0	0.436290	5	5	0	0	0	0	0
AF	0	0.436602	11	9	2	0	0	0	0
AF	0	0.436914	1	1	0	0	0	0	0
AF	0	0.439101	3	2	1	0	0	0	0
AF	0	0.439413	1	1	0	0	0	0	0
AF	0	0.439725	2	1	1	0	0	0	0
AF	0	0.440037	1	0	1	0	0	0	0
AF	0	0.440350	3	2	1	0	0	0	0
AF	0	0.440974	1	1	0	0	0	0	0
AF	0	0.441287	3	2	1	0	0	0	0
AF	0	0.441599	2	1	1	0	0	0	0
AF	0	0.442224	12	7	5	0	0	0	0
AF	0	0.442536	2	2	0	0	0	0	0
AF	0	0.442848	2	1	1	0	0	0	0
AF	0	0.443473	3	3	0	0	0	0	0
AF	0	0.444097	1	0	1	0	0	0	0
AF	0	0.445034	1	1	0	0	0	0	0
AF	0	0.445347	1	1	0	0	0	0	0
AF	0	0.446284	1	1	0	0	0	0	0
AF	0	0.446596	1	0	1	0	0	0	0
AF	0	0.446908	1	1	0	0	0	0	0
AF	0	0.447220	1	0	1	0	0	0	0
AF	0	0.447533	1	1	0	0	0	0	0
AF	0	0.448157	1	1	0	0	0	0	0
AF	0	0.448470	2	2	0	0	0	0	0
AF	0	0.448782	2	2	0	0	0	0	0
AF	0	0.450031	1	1	0	0	0	0	0
AF	0	0.450656	1	0	1	0	0	0	0
AF	0	0.453467	1	0	1	0	0	0	0
AF	0	0.453779	1	0	1	0	0	0	0
AF	0	0.454716	1	0	1	0	0	0	0
AF	0	0.455028	2	1	1	0	0	0	0
AF	0	0.455653	1	1	0	0	0	0	0
AF	0	0.455965	1	1	0	0	0	0	0
AF	0	0.456277	2	1	1	0	0	0	0
AF	0	0.456590	3	1	2	0	0	0	0
AF	0	0.456902	3	2	1	0	0	0	0
AF	0	0.458463	2	2	0	0	0	0	0
AF	0	0.458776	1	0	1	0	0	0	0
AF	0	0.459088	5	2	3	0	0	0	0
AF	0	0.459400	3	3	0	0	0	0	0
AF	0	0.459713	5	3	2	0	0	0	0
AF	0	0.460025	3	2	1	0	0	0	0
AF	0	0.460337	5	4	1	0	0	0	0
AF	0	0.460650	1	1	0	0	0	0	0
AF	0	0.460962	1	0	1	0	0	0	0
AF	0	0.461587	1	0	1	0	0	0	0
AF	0	0.461899	2	2	0	0	0	0	0
AF	0	0.462211	1	1	0	0	0	0	0
AF	0	0.463148	2	0	2	0	0	0	0
AF	0	0.463460	1	1	0	0	0	0	0
AF	0	0.463773	1	1	0	0	0	0	0
AF	0	0.465646	1	0	1	0	0	0	0
AF	0	0.466271	1	1	0	0	0	0	0
AF	0	0.468145	1	0	1	0	0	0	0
AF	0	0.472517	1	1	0	0	0	0	0
AF	0	0.472829	1	1	0	0	0	0	0
AF	0	0.473142	4	2	2	0	0	0	0
AF	0	0.473766	3	2	1	0	0	0	0
AF	0	0.474391	2	1	1	0	0	0	0
AF	0	0.475016	1	1	0	0	0	0	0
AF	0	0.475953	1	1	0	0	0	0	0
AF	0	0.478139	1	1	0	0	0	0	0
AF	0	0.478763	3	3	0	0	0	0	0
AF	0	0.479076	1	1	0	0	0	0	0
AF	0	0.479700	1	1	0	0	0	0	0
AF	0	0.480637	2	0	2	0	0	0	0
AF	0	0.480949	1	1	0	0	0	0	0
AF	0	0.481262	2	1	1	0	0	0	0
AF	0	0.481886	2	2	0	0	0	0	0
AF	0	0.483136	1	1	0	0	0	0	0
AF	0	0.483448	1	1	0	0	0	0	0
AF	0	0.483760	1	1	0	0	0	0	0
AF	0	0.485009	2	1	1	0	0	0	0
AF	0	0.485322	1	1	0	0	0	0	0
AF	0	0.485946	1	0	1	0	0	0	0
AF	0	0.487508	2	1	1	0	0	0	0
AF	0	0.487820	4	4	0	0	0	0	0
AF	0	0.488132	1	1	0	0	0	0	0
AF	0	0.489382	2	1	1	0	0	0	0
AF	0	0.490006	2	2	0	0	0	0	0
AF	0	0.490319	1	1	0	0	0	0	0
AF	0	0.492505	1	0	1	0	0	0	0
AF	0	0.492817	1	1	0	0	0	0	0
AF	0	0.493129	1	1	0	0	0	0	0
AF	0	0.497189	1	0	1	0	0	0	0
AF	0	0.497502	1	1	0	0	0	0	0
AF	0	0.499375	1	1	0	0	0	0	0
AF	0	0.500000	1	1	0	0	0	0	0
AF	0	0.500312	1	1	0	0	0	0	0
AF	0	0.500625	2	1	1	0	0	0	0
AF	0	0.500937	1	1	0	0	0	0	0
AF	0	0.501249	3	3	0	0	0	0	0
AF	0	0.502186	1	1	0	0	0	0	0
AF	0	0.505934	1	1	0	0	0	0	0
AF	0	0.508745	1	1	0	0	0	0	0
AF	0	0.509681	1	1	0	0	0	0	0
AF	0	0.509994	4	3	1	0	0	0	0
AF	0	0.510618	1	1	0	0	0	0	0
AF	0	0.510931	2	2	0	0	0	0	0
AF	0	0.511243	1	0	1	0	0	0	0
AF	0	0.511868	4	2	2	0	0	0	0
AF	0	0.512492	2	2	0	0	0	0	0
AF	0	0.513117	2	1	1	0	0	0	0
AF	0	0.513429	1	0	1	0	0	0	0
AF	0	0.514054	1	0	1	0	0	0	0
AF	0	0.514366	1	0	1	0	0	0	0
AF	0	0.514678	1	0	1	0	0	0	0
AF	0	0.514991	1	1	0	0	0	0	0
AF	0	0.515615	1	1	0	0	0	0	0
AF	0	0.516552	2	2	0	0	0	0	0
AF	0	0.517177	2	1	1	0	0	0	0
AF	0	0.517489	2	2	0	0	0	0	0
AF	0	0.518426	1	1	0	0	0	0	0
AF	0	0.519363	1	0	1	0	0	0	0
AF	0	0.521861	1	1	0	0	0	0	0
AF	0	0.522486	2	2	0	0	0	0	0
AF	0	0.523423	1	1	0	0	0	0	0
AF	0	0.525297	1	0	1	0	0	0	0
AF	0	0.525609	2	1	1	0	0	0	0
AF	0	0.525921	1	1	0	0	0	0	0
AF	0	0.526546	1	0	1	0	0	0	0
AF	0	0.526858	1	0	1	0	0	0	0
AF	0	0.527483	1	1	0	0	0	0	0
AF	0	0.527795	1	1	0	0	0	0	0
AF	0	0.528420	1	1	0	0	0	0	0
AF	0	0.529044	2	0	2	0	0	0	0
AF	0	0.529357	2	0	2	0	0	0	0
AF	0	0.530294	1	0	1	0	0	0	0
AF	0	0.531855	1	1	0	0	0	0	0
AF	0	0.532480	1	1	0	0	0	0	0
AF	0	0.533729	2	1	1	0	0	0	0
AF	0	0.534041	1	1	0	0	0	0	0
AF	0	0.534354	1	0	1	0	0	0	0
AF	0	0.534978	1	0	1	0	0	0	0
AF	0	0.535603	1	0	1	0	0	0	0
AF	0	0.536540	1	0	1	0	0	0	0
AF	0	0.536852	1	1	0	0	0	0	0
AF	0	0.537789	2	2	0	0	0	0	0
AF	0	0.538101	1	0	1	0	0	0	0
AF	0	0.538726	2	0	2	0	0	0	0
AF	0	0.539038	1	1	0	0	0	0	0
AF	0	0.539350	1	1	0	0	0	0	0
AF	0	0.540600	1	0	1	0	0	0	0
AF	0	0.540912	1	1	0	0	0	0	0
AF	0	0.541224	1	1	0	0	0	0	0
AF	0	0.542786	1	0	1	0	0	0	0
AF	0	0.543098	3	2	1	0	0	0	0
AF	0	0.544972	1	0	1	0	0	0	0
AF	0	0.545284	1	0	1	0	0	0	0
AF	0	0.546533	1	0	1	0	0	0	0
AF	0	0.547470	1	1	0	0	0	0	0
AF	0	0.547783	3	3	0	0	0	0	0
AF	0	0.548095	1	1	0	0	0	0	0
AF	0	0.548407	1	1	0	0	0	0	0
AF	0	0.549344	1	1	0	0	0	0	0
AF	0	0.549969	3	3	0	0	0	0	0
AF	0	0.550593	1	1	0	0	0	0	0
AF	0	0.550906	1	1	0	0	0	0	0
AF	0	0.551218	2	2	0	0	0	0	0
AF	0	0.551530	3	2	1	0	0	0	0
AF	0	0.551843	4	2	2	0	0	0	0
AF	0	0.552155	1	1	0	0	0	0	0
AF	0	0.554029	1	1	0	0	0	0	0
AF	0	0.554341	4	4	0	0	0	0	0
AF	0	0.555278	2	0	2	0	0	0	0
AF	0	0.555903	4	3	1	0	0	0	0
AF	0	0.556215	3	3	0	0	0	0	0
AF	0	0.556527	1	0	1	0	0	0	0
AF	0	0.556839	1	1	0	0	0	0	0
AF	0	0.559026	1	0	1	0	0	0	0
AF	0	0.560275	2	1	1	0	0	0	0
AF	0	0.560899	1	0	1	0	0	0	0
AF	0	0.561212	1	0	1	0	0	0	0
AF	0	0.561524	1	1	0	0	0	0	0
AF	0	0.562149	4	4	0	0	0	0	0
AF	0	0.562461	1	0	1	0	0	0	0
AF	0	0.563398	1	1	0	0	0	0	0
AF	0	0.564022	1	0	1	0	0	0	0
AF	0	0.564647	4	2	2	0	0	0	0
AF	0	0.565584	1	1	0	0	0	0	0
AF	0	0.565896	3	1	2	0	0	0	0
AF	0	0.566521	1	1	0	0	0	0	0
AF	0	0.566833	2	2	0	0	0	0	0
AF	0	0.567146	2	1	1	0	0	0	0
AF	0	0.568395	3	1	2	0	0	0	0
AF	0	0.568707	1	0	1	0	0	0	0
AF	0	0.569332	1	0	1	0	0	0	0
AF	0	0.569644	1	1	0	0	0	0	0
AF	0	0.569956	1	0	1	0	0	0	0
AF	0	0.570269	1	1	0	0	0	0	0
AF	0	0.570581	1	1	0	0	0	0	0
AF	0	0.570893	2	0	2	0	0	0	0
AF	0	0.571518	1	0	1	0	0	0	0
AF	0	0.572142	1	0	1	0	0	0	0
AF	0	0.572767	1	1	0	0	0	0	0
AF	0	0.573079	1	0	1	0	0	0	0
AF	0	0.573392	3	2	1	0	0	0	0
AF	0	0.574016	2	1	1	0	0	0	0
AF	0	0.574641	1	1	0	0	0	0	0
AF	0	0.574953	1	1	0	0	0	0	0
AF	0	0.575890	3	2	1	0	0	0	0
AF	0	0.576202	1	1	0	0	0	0	0
AF	0	0.576515	4	0	4	0	0	0	0
AF	0	0.577764	2	2	0	0	0	0	0
AF	0	0.578701	2	2	0	0	0	0	0
AF	0	0.579013	1	0	1	0	0	0	0
AF	0	0.580262	1	1	0	0	0	0	0
AF	0	0.582136	2	1	1	0	0	0	0
AF	0	0.582448	1	1	0	0	0	0	0
AF	0	0.582761	3	3	0	0	0	0	0
AF	0	0.583073	1	0	1	0	0	0	0
AF	0	0.584322	2	2	0	0	0	0	0
AF	0	0.584635	1	0	1	0	0	0	0
AF	0	0.584947	1	1	0	0	0	0	0
AF	0	0.585259	1	1	0	0	0	0	0
AF	0	0.586821	2	2	0	0	0	0	0
AF	0	0.587133	2	2	0	0	0	0	0
AF	0	0.587758	1	1	0	0	0	0	0
AF	0	0.588070	1	1	0	0	0	0	0
AF	0	0.588382	1	0	1	0	0	0	0
AF	0	0.588695	1	1	0	0	0	0	0
AF	0	0.589631	1	0	1	0	0	0	0
AF	0	0.591193	1	1	0	0	0	0	0
AF	0	0.592130	1	1	0	0	0	0	0
AF	0	0.592442	1	1	0	0	0	0	0
AF	0	0.594004	1	1	0	0	0	0	0
AF	0	0.595565	1	0	1	0	0	0	0
AF	0	0.596502	1	1	0	0	0	0	0
AF	0	0.596814	1	1	0	0	0	0	0
AF	0	0.597439	1	1	0	0	0	0	0
AF	0	0.599001	1	0	1	0	0	0	0
AF	0	0.600250	2	1	1	0	0	0	0
AF	0	0.600874	1	1	0	0	0	0	0
AF	0	0.601811	1	0	1	0	0	0	0
AF	0	0.602124	3	2	1	0	0	0	0
AF	0	0.602436	2	1	1	0	0	0	0
AF	0	0.602748	1	1	0	0	0	0	0
AF	0	0.603061	1	0	1	0	0	0	0
AF	0	0.603373	4	4	0	0	0	0	0
AF	0	0.603685	1	1	0	0	0	0	0
AF	0	0.603998	2	2	0	0	0	0	0
AF	0	0.604310	2	2	0	0	0	0	0
AF	0	0.607121	2	2	0	0	0	0	0
AF	0	0.608682	2	2	0	0	0	0	0
AF	0	0.608994	1	1	0	0	0	0	0
AF	0	0.609307	1	1	0	0	0	0	0
AF	0	0.609619	3	1	2	0	0	0	0
AF	0	0.610556	2	1	1	0	0	0	0
AF	0	0.610868	1	1	0	0	0	0	0
AF	0	0.611493	1	1	0	0	0	0	0
AF	0	0.611805	1	0	1	0	0	0	0
AF	0	0.612742	1	0	1	0	0	0	0
AF	0	0.613054	1	1	0	0	0	0	0
AF	0	0.614616	1	1	0	0	0	0	0
AF	0	0.615240	1	1	0	0	0	0	0
AF	0	0.615553	1	1	0	0	0	0	0
AF	0	0.615865	1	0	1	0	0	0	0
AF	0	0.616802	1	1	0	0	0	0	0
AF	0	0.617114	1	0	1	0	0	0	0
AF	0	0.617739	2	1	1	0	0	0	0
AF	0	0.618364	4	3	1	0	0	0	0
AF	0	0.618676	2	2	0	0	0	0	0
AF	0	0.618988	2	1	1	0	0	0	0
AF	0	0.619613	1	0	1	0	0	0	0
AF	0	0.620237	1	1	0	0	0	0	0
AF	0	0.621487	1	1	0	0	0	0	0
AF	0	0.622736	2	1	1	0	0	0	0
AF	0	0.623048	1	0	1	0	0	0	0
AF	0	0.623360	2	1	1	0	0	0	0
AF	0	0.623985	3	2	1	0	0	0	0
AF	0	0.624297	1	0	1	0	0	0	0
AF	0	0.624610	2	0	2	0	0	0	0
AF	0	0.624922	2	0	2	0	0	0	0
AF	0	0.625234	3	2	1	0	0	0	0
AF	0	0.625547	2	1	1	0	0	0	0
AF	0	0.625859	1	1	0	0	0	0	0
AF	0	0.626483	1	0	1	0	0	0	0
AF	0	0.627108	1	1	0	0	0	0	0
AF	0	0.627733	1	0	1	0	0	0	0
AF	0	0.628357	3	1	2	0	0	0	0
AF	0	0.628670	1	1	0	0	0	0	0
AF	0	0.630543	1	1	0	0	0	0	0
AF	0	0.632730	1	1	0	0	0	0	0
AF	0	0.633979	1	1	0	0	0	0	0
AF	0	0.635228	1	1	0	0	0	0	0
AF	0	0.636477	1	1	0	0	0	0	0
AF	0	0.636790	1	1	0	0	0	0	0
AF	0	0.637726	2	2	0	0	0	0	0
AF	0	0.638976	2	1	1	0	0	0	0
AF	0	0.639600	3	2	1	0	0	0	0
AF	0	0.639913	1	0	1	0	0	0	0
AF	0	0.643973	1	0	1	0	0	0	0
AF	0	0.645534	1	1	0	0	0	0	0
AF	0	0.645846	1	1	0	0	0	0	0
AF	0	0.647096	1	0	1	0	0	0	0
AF	0	0.648345	1	1	0	0	0	0	0
AF	0	0.648969	1	1	0	0	0	0	0
AF	0	0.649282	3	3	0	0	0	0	0
AF	0	0.649594	2	2	0	0	0	0	0
AF	0	0.649906	2	2	0	0	0	0	0
AF	0	0.650219	2	0	2	0	0	0	0
AF	0	0.653029	1	0	1	0	0	0	0
AF	0	0.653654	1	1	0	0	0	0	0
AF	0	0.654591	1	0	1	0	0	0	0
AF	0	0.655840	1	1	0	0	0	0	0
AF	0	0.656777	1	1	0	0	0	0	0
AF	0	0.657089	1	0	1	0	0	0	0
AF	0	0.657714	1	0	1	0	0	0	0
AF	0	0.658026	1	0	1	0	0	0	0
AF	0	0.658963	1	1	0	0	0	0	0
AF	0	0.659275	1	1	0	0	0	0	0
AF	0	0.659588	1	1	0	0	0	0	0
AF	0	0.661462	1	1	0	0	0	0	0
AF	0	0.661774	1	1	0	0	0	0	0
AF	0	0.663023	1	1	0	0	0	0	0
AF	0	0.665209	1	1	0	0	0	0	0
AF	0	0.666458	1	1	0	0	0	0	0
AF	0	0.669894	1	0	1	0	0	0	0
AF	0	0.671143	1	1	0	0	0	0	0
AF	0	0.673954	1	1	0	0	0	0	0
AF	0	0.674266	1	1	0	0	0	0	0
AF	0	0.676452	1	1	0	0	0	0	0
AF	0	0.679888	1	1	0	0	0	0	0
AF	0	0.683011	1	1	0	0	0	0	0
AF	0	0.683323	1	1	0	0	0	0	0
AF	0	0.683948	1	0	1	0	0	0	0
AF	0	0.684260	2	1	1	0	0	0	0
AF	0	0.684572	1	1	0	0	0	0	0
AF	0	0.685197	1	1	0	0	0	0	0
AF	0	0.685509	1	0	1	0	0	0	0
AF	0	0.688632	1	1	0	0	0	0	0
AF	0	0.689257	1	1	0	0	0	0	0
AF	0	0.691131	1	0	1	0	0	0	0
AF	0	0.691443	1	1	0	0	0	0	0
AF	0	0.691755	1	1	0	0	0	0	0
AF	0	0.692380	1	1	0	0	0	0	0
AF	0	0.693317	1	1	0	0	0	0	0
AF	0	0.693941	1	1	0	0	0	0	0
AF	0	0.698626	1	0	1	0	0	0	0
AF	0	0.699250	1	0	1	0	0	0	0
AF	0	0.700187	1	0	1	0	0	0	0
AF	0	0.701437	1	1	0	0	0	0	0
AF	0	0.702374	1	1	0	0	0	0	0
AF	0	0.702686	1	1	0	0	0	0	0
AF	0	0.709869	2	1	1	0	0	0	0
AF	0	0.710806	1	1	0	0	0	0	0
AF	0	0.711430	1	1	0	0	0	0	0
AF	0	0.712367	1	0	1	0	0	0	0
AF	0	0.712680	1	1	0	0	0	0	0
AF	0	0.713304	2	1	1	0	0	0	0
AF	0	0.713616	3	1	2	0	0	0	0
AF	0	0.714241	2	2	0	0	0	0	0
AF	0	0.714866	2	1	1	0	0	0	0
AF	0	0.715178	1	1	0	0	0	0	0
AF	0	0.717364	1	1	0	0	0	0	0
AF	0	0.717676	1	1	0	0	0	0	0
AF	0	0.717989	1	1	0	0	0	0	0
AF	0	0.719238	1	0	1	0	0	0	0
AF	0	0.719550	1	0	1	0	0	0	0
AF	0	0.719863	10	5	5	0	0	0	0
AF	0	0.720175	2	2	0	0	0	0	0
AF	0	0.720487	3	1	2	0	0	0	0
AF	0	0.721112	3	1	2	0	0	0	0
AF	0	0.721424	1	0	1	0	0	0	0
AF	0	0.721736	2	2	0	0	0	0	0
AF	0	0.722049	3	0	3	0	0	0	0
AF	0	0.722361	8	6	2	0	0	0	0
AF	0	0.723610	2	2	0	0	0	0	0
AF	0	0.723923	1	0	1	0	0	0	0
AF	0	0.724235	1	0	1	0	0	0	0
AF	0	0.724547	1	1	0	0	0	0	0
AF	0	0.725484	2	2	0	0	0	0	0
AF	0	0.725796	1	1	0	0	0	0	0
AF	0	0.726733	1	1	0	0	0	0	0
AF	0	0.727670	1	1	0	0	0	0	0
AF	0	0.728607	1	1	0	0	0	0	0
AF	0	0.729232	3	3	0	0	0	0	0
AF	0	0.729544	1	1	0	0	0	0	0
AF	0	0.731106	2	2	0	0	0	0	0
AF	0	0.731418	1	1	0	0	0	0	0
AF	0	0.734541	1	1	0	0	0	0	0
AF	0	0.735478	1	1	0	0	0	0	0
AF	0	0.736102	1	1	0	0	0	0	0
AF	0	0.736727	2	2	0	0	0	0	0
AF	0	0.737352	3	2	1	0	0	0	0
AF	0	0.737664	5	2	3	0	0	0	0
AF	0	0.737976	4	3	1	0	0	0	0
AF	0	0.738601	4	2	2	0	0	0	0
AF	0	0.738913	2	2	0	0	0	0	0
AF	0	0.739225	1	1	0	0	0	0	0
AF	0	0.739538	1	1	0	0	0	0	0
AF	0	0.739850	1	1	0	0	0	0	0
AF	0	0.741099	1	1	0	0	0	0	0
AF	0	0.742973	1	1	0	0	0	0	0
AF	0	0.743285	1	0	1	0	0	0	0
AF	0	0.743910	3	3	0	0	0	0	0
AF	0	0.744222	7	6	1	0	0	0	0
AF	0	0.744535	4	3	1	0	0	0	0
AF	0	0.744847	1	0	1	0	0	0	0
AF	0	0.745472	1	1	0	0	0	0	0
AF	0	0.750156	1	1	0	0	0	0	0
AF	0	0.750468	2	2	0	0	0	0	0
AF	0	0.751405	1	1	0	0	0	0	0
AF	0	0.752030	2	2	0	0	0	0	0
AF	0	0.752342	7	3	4	0	0	0	0
AF	0	0.752655	3	2	1	0	0	0	0
AF	0	0.754841	1	1	0	0	0	0	0
AF	0	0.756090	1	1	0	0	0	0	0
AF	0	0.758588	1	1	0	0	0	0	0
AF	0	0.762024	3	2	1	0	0	0	0
AF	0	0.762336	1	1	0	0	0	0	0
AF	0	0.763585	1	1	0	0	0	0	0
AF	0	0.765459	1	1	0	0	0	0	0
AF	0	0.767333	1	0	1	0	0	0	0
AF	0	0.767645	1	1	0	0	0	0	0
AF	0	0.768894	1	1	0	0	0	0	0
AF	0	0.770456	1	1	0	0	0	0	0
AF	0	0.771705	1	1	0	0	0	0	0
AF	0	0.773891	1	1	0	0	0	0	0
AF	0	0.775453	1	1	0	0	0	0	0
AF	0	0.777327	1	1	0	0	0	0	0
AF	0	0.777951	1	1	0	0	0	0	0
AF	0	0.780137	1	1	0	0	0	0	0
AF	0	0.781699	1	1	0	0	0	0	0
AF	0	0.785759	1	0	1	0	0	0	0
AF	0	0.786384	2	0	2	0	0	0	0
AF	0	0.786696	1	1	0	0	0	0	0
AF	0	0.787008	1	1	0	0	0	0	0
AF	0	0.787320	1	1	0	0	0	0	0
AF	0	0.787633	2	2	0	0	0	0	0
AF	0	0.790756	1	1	0	0	0	0	0
AF	0	0.791693	1	0	1	0	0	0	0
AF	0	0.792005	3	3	0	0	0	0	0
AF	0	0.792317	1	0	1	0	0	0	0
AF	0	0.794503	1	1	0	0	0	0	0
AF	0	0.794816	1	1	0	0	0	0	0
AF	0	0.795128	3	2	1	0	0	0	0
AF	0	0.795440	1	1	0	0	0	0	0
AF	0	0.796377	1	1	0	0	0	0	0
AF	0	0.797002	1	0	1	0	0	0	0
AF	0	0.798563	1	1	0	0	0	0	0
AF	0	0.799500	1	1	0	0	0	0	0
AF	0	0.802623	1	0	1	0	0	0	0
AF	0	0.807308	1	1	0	0	0	0	0
AF	0	0.807933	1	0	1	0	0	0	0
AF	0	0.810431	1	1	0	0	0	0	0
AF	0	0.816365	2	1	1	0	0	0	0
AF	0	0.816989	1	1	0	0	0	0	0
AF	0	0.817614	2	0	2	0	0	0	0
AF	0	0.817926	2	2	0	0	0	0	0
AF	0	0.818551	1	0	1	0	0	0	0
AF	0	0.819176	2	2	0	0	0	0	0
AF	0	0.819488	1	1	0	0	0	0	0
AF	0	0.820425	1	1	0	0	0	0	0
AF	0	0.823860	1	0	1	0	0	0	0
AF	0	0.825734	1	1	0	0	0	0	0
AF	0	0.826359	2	2	0	0	0	0	0
AF	0	0.826671	1	0	1	0	0	0	0
AF	0	0.827608	2	2	0	0	0	0	0
AF	0	0.828232	1	1	0	0	0	0	0
AF	0	0.829794	1	1	0	0	0	0	0
AF	0	0.830106	1	1	0	0	0	0	0
AF	0	0.830418	2	1	1	0	0	0	0
AF	0	0.830731	1	0	1	0	0	0	0
AF	0	0.831043	1	1	0	0	0	0	0
AF	0	0.841974	1	1	0	0	0	0	0
AF	0	0.843848	1	1	0	0	0	0	0
AF	0	0.848220	1	1	0	0	0	0	0
AF	0	0.850406	1	1	0	0	0	0	0
AF	0	0.851968	1	0	1	0	0	0	0
AF	0	0.853217	1	1	0	0	0	0	0
AF	0	0.854154	1	1	0	0	0	0	0
AF	0	0.854466	1	0	1	0	0	0	0
AF	0	0.855715	1	1	0	0	0	0	0
AF	0	0.857277	1	1	0	0	0	0	0
AF	0	0.858838	1	1	0	0	0	0	0
AF	0	0.859775	1	1	0	0	0	0	0
AF	0	0.860087	2	2	0	0	0	0	0
AF	0	0.861024	1	1	0	0	0	0	0
AF	0	0.861961	2	2	0	0	0	0	0
AF	0	0.862586	1	1	0	0	0	0	0
AF	0	0.863835	1	1	0	0	0	0	0
AF	0	0.864460	1	1	0	0	0	0	0
AF	0	0.866958	2	2	0	0	0	0	0
AF	0	0.867270	1	1	0	0	0	0	0
AF	0	0.867583	3	2	1	0	0	0	0
AF	0	0.868207	2	2	0	0	0	0	0
AF	0	0.868520	1	0	1	0	0	0	0
AF	0	0.870081	3	2	1	0	0	0	0
AF	0	0.871643	2	2	0	0	0	0	0
AF	0	0.872892	1	1	0	0	0	0	0
AF	0	0.873204	1	0	1	0	0	0	0
AF	0	0.873829	1	1	0	0	0	0	0
AF	0	0.874141	1	1	0	0	0	0	0
AF	0	0.874453	6	6	0	0	0	0	0
AF	0	0.876952	3	3	0	0	0	0	0
AF	0	0.877264	1	1	0	0	0	0	0
AF	0	0.878201	1	0	1	0	0	0	0
AF	0	0.879138	3	2	1	0	0	0	0
AF	0	0.879450	1	1	0	0	0	0	0
AF	0	0.880075	2	0	2	0	0	0	0
AF	0	0.881012	1	1	0	0	0	0	0
AF	0	0.881324	5	3	2	0	0	0	0
AF	0	0.882573	2	2	0	0	0	0	0
AF	0	0.882886	1	1	0	0	0	0	0
AF	0	0.883823	1	1	0	0	0	0	0
AF	0	0.884135	1	0	1	0	0	0	0
AF	0	0.884447	1	0	1	0	0	0	0
AF	0	0.885072	2	2	0	0	0	0	0
AF	0	0.886633	1	0	1	0	0	0	0
AF	0	0.886946	1	0	1	0	0	0	0
AF	0	0.887570	1	1	0	0	0	0	0
AF	0	0.888195	1	0	1	0	0	0	0
AF	0	0.888507	1	0	1	0	0	0	0
AF	0	0.891943	1	1	0	0	0	0	0
AF	0	0.892255	1	1	0	0	0	0	0
AF	0	0.894129	1	1	0	0	0	0	0
AF	0	0.898501	2	1	1	0	0	0	0
AF	0	0.907870	1	1	0	0	0	0	0
AF	0	0.909744	1	0	1	0	0	0	0
AF	0	0.912867	1	0	1	0	0	0	0
AF	0	0.919425	1	1	0	0	0	0	0
AF	0	0.960337	1	0	1	0	0	0	0
AF	0	0.961899	1	1	0	0	0	0	0
AF	0	0.965959	1	1	0	0	0	0	0
AF	0	0.968770	1	1	0	0	0	0	0
AF	0	0.971580	1	1	0	0	0	0	0
AF	0	0.975640	1	0	1	0	0	0	0
AF	0	0.977202	1	1	0	0	0	0	0
AF	0	0.977514	1	1	0	0	0	0	0
AF	0	0.977826	1	1	0	0	0	0	0
AF	0	0.979076	1	0	1	0	0	0	0
AF	0	0.983448	1	1	0	0	0	0	0
AF	0	0.984072	1	1	0	0	0	0	0
AF	0	0.987820	1	1	0	0	0	0	0
AF	0	0.988757	1	0	1	0	0	0	0
AF	0	0.989694	2	2	0	0	0	0	0
AF	0	0.990943	1	0	1	0	0	0	0
AF	0	0.991255	1	1	0	0	0	0	0
AF	0	0.993754	1	1	0	0	0	0	0
AF	0	0.994066	1	1	0	0	0	0	0
AF	0	0.994379	1	1	0	0	0	0	0
AF	0	0.996877	1	1	0	0	0	0	0
AF	0	0.997814	1	1	0	0	0	0	0
AF	0	0.998126	1	0	1	0	0	0	0
AF	0	0.998751	4	4	0	0	0	0	0
AF	0	0.999063	1	1	0	0	0	0	0
# QUAL, Stats by quality
# QUAL	[2]id	[3]Quality	[4]number of SNPs	[5]number of transitions (1st ALT)	[6]number of transversions (1st ALT)	[7]number of indels
QUAL	0	.	17356	11392	5964	0
# IDD, InDel distribution:
# IDD	[2]id	[3]length (deletions negative)	[4]number of sites	[5]number of genotypes	[6]mean VAF
# ST, Substitution types:
# ST	[2]id	[3]type	[4]count
ST	0	A>C	712
ST	0	A>G	2625
ST	0	A>T	734
ST	0	C>A	851
ST	0	C>G	675
ST	0	C>T	3048
ST	0	G>A	3141
ST	0	G>C	689
ST	0	G>T	865
ST	0	T>A	709
ST	0	T>C	2578
ST	0	T>G	729
# DP, Depth distribution
# DP	[2]id	[3]bin	[4]number of genotypes	[5]fraction of genotypes (%)	[6]number of sites	[7]fraction of sites (%)
  - Fix haploid genotypes in males...

Submit MakeDiploidMalesX finished successfully. Let's have a beer, buddy!

