Submit MakeDiploidMalesX
version 1.1.6 (2024-09-30)

These are the settings:
  Input file................: /hpc/local/Rocky8/dhl_ec/software/MonopogenLite/resources/1kGP_high_coverage_Illumina.SNVonly_poly.filtered_AF_5e-04.norm.fixvariantid.chrX.vcf.gz
  Output file...............: /hpc/local/Rocky8/dhl_ec/software/MonopogenLite/resources/1kGP_high_coverage_Illumina.SNVonly_poly.filtered_AF_5e-04.norm.fixvariantid.makediploid.chrX.vcf.gz
  Chunk size................: 100

  SLURM CPUs................: 4
  SLURM Array ID............: 37 (of 100)
  SLURM memory..............: 16G
  SLURM time................: 01:00:00
  SLURM mail type...........: FAIL
  SLURM mail user...........: s.w.vanderlaan-2@umcutrecht.nl

  Dry run mode..............: 0
  Debug mode................: 1
  Verbosity.................: 0
  Version...................: 1.1.6 (2024-09-30)

Making converting haploid genotypes to diploid genotypes.
> Extract the region for this SLURM task (# 37) from the BED file.
  - Get the chunk number from the SLURM array task ID and the bed file...
DEBUG: Extracting chunk number: 37p from 37
DEBUG: Extracting region from BED file: /hpc/local/Rocky8/dhl_ec/software/MonopogenLite/resources/chrX_100pieces.bed
  - Extract the region from the BED file...
DEBUG: Extracted raw region: 'chrX	56174689	57735096' (chunk #: 37p of 100 for job 37)
  - Check if a valid region was extracted -- should be 'chrX	56174689	57735096'...
  - Prepare the region for bcftools...
  - Check if the region (chrX:56174689-57735096) was successfully extracted...
> Processing region 'chrX:56174689-57735096'...
  - Process the specific region (chunk# 37) using bcftools view...
  - Index the VCF file...
DEBUG: Check if the VCF file was successfully processed...
##fileformat=VCFv4.2
##FILTER=<ID=PASS,Description="All filters passed">
##fileDate=29/01/2022 - 14:31:41
##source=shapeit4.2.2
##contig=<ID=chr1,length=248956422>
##contig=<ID=chr2,length=242193529>
##contig=<ID=chr3,length=198295559>
##contig=<ID=chr4,length=190214555>
##contig=<ID=chr5,length=181538259>
##contig=<ID=chr6,length=170805979>
# This file was produced by bcftools stats (1.20+htslib-1.20) and can be plotted using plot-vcfstats.
# The command line was:	bcftools stats  /hpc/local/Rocky8/dhl_ec/software/MonopogenLite/resources/chrX.part37.vcf.gz
#
# Definition of sets:
# ID	[2]id	[3]tab-separated file names
ID	0	/hpc/local/Rocky8/dhl_ec/software/MonopogenLite/resources/chrX.part37.vcf.gz
# SN, Summary numbers:
#   number of records   .. number of data rows in the VCF
#   number of no-ALTs   .. reference-only sites, ALT is either "." or identical to REF
#   number of SNPs      .. number of rows with a SNP
#   number of MNPs      .. number of rows with a MNP, such as CC>TT
#   number of indels    .. number of rows with an indel
#   number of others    .. number of rows with other type, for example a symbolic allele or
#                          a complex substitution, such as ACT>TCGA
#   number of multiallelic sites     .. number of rows with multiple alternate alleles
#   number of multiallelic SNP sites .. number of rows with multiple alternate alleles, all SNPs
# 
#   Note that rows containing multiple types will be counted multiple times, in each
#   counter. For example, a row with a SNP and an indel increments both the SNP and
#   the indel counter.
# 
# SN	[2]id	[3]key	[4]value
SN	0	number of samples:	3202
SN	0	number of records:	18881
SN	0	number of no-ALTs:	0
SN	0	number of SNPs:	18881
SN	0	number of MNPs:	0
SN	0	number of indels:	0
SN	0	number of others:	0
SN	0	number of multiallelic sites:	0
SN	0	number of multiallelic SNP sites:	0
# TSTV, transitions/transversions:
# TSTV	[2]id	[3]ts	[4]tv	[5]ts/tv	[6]ts (1st ALT)	[7]tv (1st ALT)	[8]ts/tv (1st ALT)
TSTV	0	11993	6888	1.74	11993	6888	1.74
# SiS, Singleton stats:
# SiS	[2]id	[3]allele count	[4]number of SNPs	[5]number of transitions	[6]number of transversions	[7]number of indels	[8]repeat-consistent	[9]repeat-inconsistent	[10]not applicable
SiS	0	1	0	0	0	0	0	0	0
# AF, Stats by non-reference allele frequency:
# AF	[2]id	[3]allele frequency	[4]number of SNPs	[5]number of transitions	[6]number of transversions	[7]number of indels	[8]repeat-consistent	[9]repeat-inconsistent	[10]not applicable
AF	0	0.000312	3361	2127	1234	0	0	0	0
AF	0	0.000625	2358	1479	879	0	0	0	0
AF	0	0.000937	2528	1598	930	0	0	0	0
AF	0	0.001249	804	536	268	0	0	0	0
AF	0	0.001562	1078	686	392	0	0	0	0
AF	0	0.001874	428	273	155	0	0	0	0
AF	0	0.002186	632	411	221	0	0	0	0
AF	0	0.002498	325	192	133	0	0	0	0
AF	0	0.002811	456	315	141	0	0	0	0
AF	0	0.003123	181	121	60	0	0	0	0
AF	0	0.003435	699	456	243	0	0	0	0
AF	0	0.003748	144	91	53	0	0	0	0
AF	0	0.004060	286	173	113	0	0	0	0
AF	0	0.004372	123	67	56	0	0	0	0
AF	0	0.004685	339	200	139	0	0	0	0
AF	0	0.004997	189	118	71	0	0	0	0
AF	0	0.005309	158	104	54	0	0	0	0
AF	0	0.005621	58	39	19	0	0	0	0
AF	0	0.005934	128	84	44	0	0	0	0
AF	0	0.006246	42	25	17	0	0	0	0
AF	0	0.006558	131	82	49	0	0	0	0
AF	0	0.006871	48	29	19	0	0	0	0
AF	0	0.007183	137	101	36	0	0	0	0
AF	0	0.007495	42	24	18	0	0	0	0
AF	0	0.007808	89	54	35	0	0	0	0
AF	0	0.008120	32	21	11	0	0	0	0
AF	0	0.008432	71	44	27	0	0	0	0
AF	0	0.008745	44	31	13	0	0	0	0
AF	0	0.009057	68	40	28	0	0	0	0
AF	0	0.009369	15	9	6	0	0	0	0
AF	0	0.009681	87	44	43	0	0	0	0
AF	0	0.009994	15	8	7	0	0	0	0
AF	0	0.010306	30	15	15	0	0	0	0
AF	0	0.010618	29	19	10	0	0	0	0
AF	0	0.010931	73	47	26	0	0	0	0
AF	0	0.011243	12	8	4	0	0	0	0
AF	0	0.011555	46	31	15	0	0	0	0
AF	0	0.011868	14	9	5	0	0	0	0
AF	0	0.012180	54	37	17	0	0	0	0
AF	0	0.012492	30	21	9	0	0	0	0
AF	0	0.012804	69	43	26	0	0	0	0
AF	0	0.013117	44	26	18	0	0	0	0
AF	0	0.013429	72	45	27	0	0	0	0
AF	0	0.013741	23	16	7	0	0	0	0
AF	0	0.014054	12	8	4	0	0	0	0
AF	0	0.014366	13	9	4	0	0	0	0
AF	0	0.014678	48	32	16	0	0	0	0
AF	0	0.014991	27	14	13	0	0	0	0
AF	0	0.015303	27	16	11	0	0	0	0
AF	0	0.015615	5	2	3	0	0	0	0
AF	0	0.015928	22	17	5	0	0	0	0
AF	0	0.016240	5	3	2	0	0	0	0
AF	0	0.016552	6	3	3	0	0	0	0
AF	0	0.016864	8	4	4	0	0	0	0
AF	0	0.017177	5	2	3	0	0	0	0
AF	0	0.017489	3	2	1	0	0	0	0
AF	0	0.017801	8	7	1	0	0	0	0
AF	0	0.018114	10	3	7	0	0	0	0
AF	0	0.018426	24	13	11	0	0	0	0
AF	0	0.018738	4	4	0	0	0	0	0
AF	0	0.019051	26	13	13	0	0	0	0
AF	0	0.019363	4	3	1	0	0	0	0
AF	0	0.019675	12	7	5	0	0	0	0
AF	0	0.019988	2	2	0	0	0	0	0
AF	0	0.020300	8	4	4	0	0	0	0
AF	0	0.020612	3	2	1	0	0	0	0
AF	0	0.020924	8	6	2	0	0	0	0
AF	0	0.021237	7	4	3	0	0	0	0
AF	0	0.021549	15	10	5	0	0	0	0
AF	0	0.021861	6	3	3	0	0	0	0
AF	0	0.022174	4	2	2	0	0	0	0
AF	0	0.022486	4	0	4	0	0	0	0
AF	0	0.022798	2	1	1	0	0	0	0
AF	0	0.023111	8	5	3	0	0	0	0
AF	0	0.023423	15	9	6	0	0	0	0
AF	0	0.023735	12	7	5	0	0	0	0
AF	0	0.024047	4	4	0	0	0	0	0
AF	0	0.024360	2	1	1	0	0	0	0
AF	0	0.024672	4	3	1	0	0	0	0
AF	0	0.024984	1	0	1	0	0	0	0
AF	0	0.025297	23	16	7	0	0	0	0
AF	0	0.025609	8	2	6	0	0	0	0
AF	0	0.025921	12	8	4	0	0	0	0
AF	0	0.026234	2	1	1	0	0	0	0
AF	0	0.026546	8	3	5	0	0	0	0
AF	0	0.026858	1	1	0	0	0	0	0
AF	0	0.027171	14	11	3	0	0	0	0
AF	0	0.027483	5	3	2	0	0	0	0
AF	0	0.027795	14	10	4	0	0	0	0
AF	0	0.028107	6	4	2	0	0	0	0
AF	0	0.028420	12	8	4	0	0	0	0
AF	0	0.028732	5	4	1	0	0	0	0
AF	0	0.029044	5	4	1	0	0	0	0
AF	0	0.029357	4	3	1	0	0	0	0
AF	0	0.029669	40	25	15	0	0	0	0
AF	0	0.029981	13	9	4	0	0	0	0
AF	0	0.030294	24	18	6	0	0	0	0
AF	0	0.030606	5	1	4	0	0	0	0
AF	0	0.030918	10	8	2	0	0	0	0
AF	0	0.031230	2	1	1	0	0	0	0
AF	0	0.031543	6	4	2	0	0	0	0
AF	0	0.031855	5	3	2	0	0	0	0
AF	0	0.032167	5	4	1	0	0	0	0
AF	0	0.032480	13	6	7	0	0	0	0
AF	0	0.032792	6	4	2	0	0	0	0
AF	0	0.033104	12	8	4	0	0	0	0
AF	0	0.033417	8	4	4	0	0	0	0
AF	0	0.033729	2	1	1	0	0	0	0
AF	0	0.034041	10	9	1	0	0	0	0
AF	0	0.034354	3	2	1	0	0	0	0
AF	0	0.034666	25	17	8	0	0	0	0
AF	0	0.034978	6	4	2	0	0	0	0
AF	0	0.035290	9	6	3	0	0	0	0
AF	0	0.035915	3	2	1	0	0	0	0
AF	0	0.036540	1	0	1	0	0	0	0
AF	0	0.036852	1	1	0	0	0	0	0
AF	0	0.037164	2	0	2	0	0	0	0
AF	0	0.037477	7	5	2	0	0	0	0
AF	0	0.037789	3	3	0	0	0	0	0
AF	0	0.038101	1	1	0	0	0	0	0
AF	0	0.038726	5	3	2	0	0	0	0
AF	0	0.039038	6	3	3	0	0	0	0
AF	0	0.039350	1	1	0	0	0	0	0
AF	0	0.039663	5	3	2	0	0	0	0
AF	0	0.039975	4	4	0	0	0	0	0
AF	0	0.040600	1	1	0	0	0	0	0
AF	0	0.040912	2	2	0	0	0	0	0
AF	0	0.041224	1	1	0	0	0	0	0
AF	0	0.041537	1	1	0	0	0	0	0
AF	0	0.042161	4	4	0	0	0	0	0
AF	0	0.042473	2	1	1	0	0	0	0
AF	0	0.042786	2	1	1	0	0	0	0
AF	0	0.043098	1	0	1	0	0	0	0
AF	0	0.043410	6	4	2	0	0	0	0
AF	0	0.044035	1	1	0	0	0	0	0
AF	0	0.044347	2	2	0	0	0	0	0
AF	0	0.044660	3	3	0	0	0	0	0
AF	0	0.047158	1	1	0	0	0	0	0
AF	0	0.047470	1	1	0	0	0	0	0
AF	0	0.048095	1	1	0	0	0	0	0
AF	0	0.048407	4	4	0	0	0	0	0
AF	0	0.049656	1	0	1	0	0	0	0
AF	0	0.049969	1	1	0	0	0	0	0
AF	0	0.050281	2	2	0	0	0	0	0
AF	0	0.050906	5	3	2	0	0	0	0
AF	0	0.051218	2	2	0	0	0	0	0
AF	0	0.052780	2	2	0	0	0	0	0
AF	0	0.053092	5	4	1	0	0	0	0
AF	0	0.053404	1	1	0	0	0	0	0
AF	0	0.054341	1	1	0	0	0	0	0
AF	0	0.054653	1	1	0	0	0	0	0
AF	0	0.055278	2	1	1	0	0	0	0
AF	0	0.055590	1	1	0	0	0	0	0
AF	0	0.055903	4	1	3	0	0	0	0
AF	0	0.056215	3	1	2	0	0	0	0
AF	0	0.056527	5	3	2	0	0	0	0
AF	0	0.056839	3	3	0	0	0	0	0
AF	0	0.057152	7	3	4	0	0	0	0
AF	0	0.057464	5	1	4	0	0	0	0
AF	0	0.058401	2	0	2	0	0	0	0
AF	0	0.059026	2	2	0	0	0	0	0
AF	0	0.059963	2	1	1	0	0	0	0
AF	0	0.060275	3	1	2	0	0	0	0
AF	0	0.060587	1	1	0	0	0	0	0
AF	0	0.060899	1	1	0	0	0	0	0
AF	0	0.061524	1	1	0	0	0	0	0
AF	0	0.061836	2	2	0	0	0	0	0
AF	0	0.062149	5	1	4	0	0	0	0
AF	0	0.063086	1	1	0	0	0	0	0
AF	0	0.063398	3	2	1	0	0	0	0
AF	0	0.063710	1	0	1	0	0	0	0
AF	0	0.064022	3	2	1	0	0	0	0
AF	0	0.065896	3	1	2	0	0	0	0
AF	0	0.066521	4	3	1	0	0	0	0
AF	0	0.066833	5	4	1	0	0	0	0
AF	0	0.067146	18	12	6	0	0	0	0
AF	0	0.067458	1	1	0	0	0	0	0
AF	0	0.067770	4	3	1	0	0	0	0
AF	0	0.068082	1	0	1	0	0	0	0
AF	0	0.068395	1	1	0	0	0	0	0
AF	0	0.068707	2	2	0	0	0	0	0
AF	0	0.069332	4	3	1	0	0	0	0
AF	0	0.069644	5	4	1	0	0	0	0
AF	0	0.069956	2	2	0	0	0	0	0
AF	0	0.070269	2	1	1	0	0	0	0
AF	0	0.070581	3	0	3	0	0	0	0
AF	0	0.071518	2	2	0	0	0	0	0
AF	0	0.071830	1	1	0	0	0	0	0
AF	0	0.073392	1	1	0	0	0	0	0
AF	0	0.073704	1	1	0	0	0	0	0
AF	0	0.074016	1	1	0	0	0	0	0
AF	0	0.078389	1	0	1	0	0	0	0
AF	0	0.078701	1	1	0	0	0	0	0
AF	0	0.079013	1	1	0	0	0	0	0
AF	0	0.079325	2	1	1	0	0	0	0
AF	0	0.079638	4	2	2	0	0	0	0
AF	0	0.079950	2	2	0	0	0	0	0
AF	0	0.080262	1	1	0	0	0	0	0
AF	0	0.080575	2	1	1	0	0	0	0
AF	0	0.080887	1	0	1	0	0	0	0
AF	0	0.081199	1	0	1	0	0	0	0
AF	0	0.081512	1	0	1	0	0	0	0
AF	0	0.083385	4	3	1	0	0	0	0
AF	0	0.083698	4	0	4	0	0	0	0
AF	0	0.084010	9	7	2	0	0	0	0
AF	0	0.084635	6	4	2	0	0	0	0
AF	0	0.084947	5	3	2	0	0	0	0
AF	0	0.085259	14	7	7	0	0	0	0
AF	0	0.085572	4	3	1	0	0	0	0
AF	0	0.085884	2	2	0	0	0	0	0
AF	0	0.086508	1	0	1	0	0	0	0
AF	0	0.087133	2	2	0	0	0	0	0
AF	0	0.087758	1	0	1	0	0	0	0
AF	0	0.088070	1	1	0	0	0	0	0
AF	0	0.088382	2	2	0	0	0	0	0
AF	0	0.089007	5	5	0	0	0	0	0
AF	0	0.089319	2	1	1	0	0	0	0
AF	0	0.089631	3	2	1	0	0	0	0
AF	0	0.090256	3	3	0	0	0	0	0
AF	0	0.090568	1	0	1	0	0	0	0
AF	0	0.090881	1	1	0	0	0	0	0
AF	0	0.092130	2	1	1	0	0	0	0
AF	0	0.092755	1	0	1	0	0	0	0
AF	0	0.093691	1	1	0	0	0	0	0
AF	0	0.094004	4	3	1	0	0	0	0
AF	0	0.094316	2	1	1	0	0	0	0
AF	0	0.094628	2	1	1	0	0	0	0
AF	0	0.095878	1	1	0	0	0	0	0
AF	0	0.096190	1	0	1	0	0	0	0
AF	0	0.096502	4	3	1	0	0	0	0
AF	0	0.096814	2	1	1	0	0	0	0
AF	0	0.097127	2	1	1	0	0	0	0
AF	0	0.097439	4	1	3	0	0	0	0
AF	0	0.097751	13	5	8	0	0	0	0
AF	0	0.098064	1	1	0	0	0	0	0
AF	0	0.098688	1	1	0	0	0	0	0
AF	0	0.099625	2	1	1	0	0	0	0
AF	0	0.100250	1	0	1	0	0	0	0
AF	0	0.100874	4	0	4	0	0	0	0
AF	0	0.101187	1	1	0	0	0	0	0
AF	0	0.101811	2	1	1	0	0	0	0
AF	0	0.102124	5	2	3	0	0	0	0
AF	0	0.103061	1	0	1	0	0	0	0
AF	0	0.103373	4	2	2	0	0	0	0
AF	0	0.103685	9	5	4	0	0	0	0
AF	0	0.103998	17	10	7	0	0	0	0
AF	0	0.104310	3	3	0	0	0	0	0
AF	0	0.104622	7	6	1	0	0	0	0
AF	0	0.104934	26	14	12	0	0	0	0
AF	0	0.105247	23	11	12	0	0	0	0
AF	0	0.105559	6	3	3	0	0	0	0
AF	0	0.105871	23	17	6	0	0	0	0
AF	0	0.106184	23	14	9	0	0	0	0
AF	0	0.106496	7	4	3	0	0	0	0
AF	0	0.107121	1	0	1	0	0	0	0
AF	0	0.107745	1	1	0	0	0	0	0
AF	0	0.108370	2	1	1	0	0	0	0
AF	0	0.108994	1	1	0	0	0	0	0
AF	0	0.109619	2	1	1	0	0	0	0
AF	0	0.109931	1	1	0	0	0	0	0
AF	0	0.110244	1	0	1	0	0	0	0
AF	0	0.110556	2	2	0	0	0	0	0
AF	0	0.110868	5	4	1	0	0	0	0
AF	0	0.111181	5	4	1	0	0	0	0
AF	0	0.111493	2	1	1	0	0	0	0
AF	0	0.111805	2	1	1	0	0	0	0
AF	0	0.112117	1	1	0	0	0	0	0
AF	0	0.112430	2	2	0	0	0	0	0
AF	0	0.112742	2	2	0	0	0	0	0
AF	0	0.113367	2	1	1	0	0	0	0
AF	0	0.113991	2	1	1	0	0	0	0
AF	0	0.114928	1	1	0	0	0	0	0
AF	0	0.115553	1	0	1	0	0	0	0
AF	0	0.116177	1	1	0	0	0	0	0
AF	0	0.116802	5	3	2	0	0	0	0
AF	0	0.117427	1	0	1	0	0	0	0
AF	0	0.118051	2	2	0	0	0	0	0
AF	0	0.118676	2	2	0	0	0	0	0
AF	0	0.119300	3	0	3	0	0	0	0
AF	0	0.119925	2	2	0	0	0	0	0
AF	0	0.121174	3	2	1	0	0	0	0
AF	0	0.121487	1	1	0	0	0	0	0
AF	0	0.121799	1	0	1	0	0	0	0
AF	0	0.122111	1	1	0	0	0	0	0
AF	0	0.122423	1	1	0	0	0	0	0
AF	0	0.122736	1	1	0	0	0	0	0
AF	0	0.123048	2	2	0	0	0	0	0
AF	0	0.123673	2	1	1	0	0	0	0
AF	0	0.123985	2	1	1	0	0	0	0
AF	0	0.124297	3	3	0	0	0	0	0
AF	0	0.124610	1	1	0	0	0	0	0
AF	0	0.125547	1	1	0	0	0	0	0
AF	0	0.126483	3	3	0	0	0	0	0
AF	0	0.126796	2	2	0	0	0	0	0
AF	0	0.127420	2	2	0	0	0	0	0
AF	0	0.128045	1	1	0	0	0	0	0
AF	0	0.128670	2	1	1	0	0	0	0
AF	0	0.129294	1	1	0	0	0	0	0
AF	0	0.129919	1	0	1	0	0	0	0
AF	0	0.130543	1	0	1	0	0	0	0
AF	0	0.131168	1	1	0	0	0	0	0
AF	0	0.131480	2	2	0	0	0	0	0
AF	0	0.132417	1	0	1	0	0	0	0
AF	0	0.132730	1	0	1	0	0	0	0
AF	0	0.133042	2	2	0	0	0	0	0
AF	0	0.133666	1	1	0	0	0	0	0
AF	0	0.134916	3	2	1	0	0	0	0
AF	0	0.135228	1	0	1	0	0	0	0
AF	0	0.136165	1	0	1	0	0	0	0
AF	0	0.136477	1	0	1	0	0	0	0
AF	0	0.136790	1	1	0	0	0	0	0
AF	0	0.137414	1	0	1	0	0	0	0
AF	0	0.138039	1	0	1	0	0	0	0
AF	0	0.138351	4	4	0	0	0	0	0
AF	0	0.138976	1	1	0	0	0	0	0
AF	0	0.139288	3	1	2	0	0	0	0
AF	0	0.139600	2	1	1	0	0	0	0
AF	0	0.139913	2	2	0	0	0	0	0
AF	0	0.140225	1	0	1	0	0	0	0
AF	0	0.140537	1	1	0	0	0	0	0
AF	0	0.141162	1	1	0	0	0	0	0
AF	0	0.141474	1	0	1	0	0	0	0
AF	0	0.141786	2	1	1	0	0	0	0
AF	0	0.142411	1	1	0	0	0	0	0
AF	0	0.143036	1	1	0	0	0	0	0
AF	0	0.143660	2	1	1	0	0	0	0
AF	0	0.144285	2	1	1	0	0	0	0
AF	0	0.144909	9	5	4	0	0	0	0
AF	0	0.145222	10	8	2	0	0	0	0
AF	0	0.145534	7	3	4	0	0	0	0
AF	0	0.145846	1	1	0	0	0	0	0
AF	0	0.146159	1	1	0	0	0	0	0
AF	0	0.146783	6	3	3	0	0	0	0
AF	0	0.147096	2	0	2	0	0	0	0
AF	0	0.147408	5	1	4	0	0	0	0
AF	0	0.147720	3	1	2	0	0	0	0
AF	0	0.148032	6	3	3	0	0	0	0
AF	0	0.148345	4	3	1	0	0	0	0
AF	0	0.148657	6	4	2	0	0	0	0
AF	0	0.149282	2	1	1	0	0	0	0
AF	0	0.149594	2	2	0	0	0	0	0
AF	0	0.149906	1	1	0	0	0	0	0
AF	0	0.150531	1	0	1	0	0	0	0
AF	0	0.151780	1	1	0	0	0	0	0
AF	0	0.153029	1	0	1	0	0	0	0
AF	0	0.153966	1	0	1	0	0	0	0
AF	0	0.154903	1	1	0	0	0	0	0
AF	0	0.155215	4	4	0	0	0	0	0
AF	0	0.155528	12	10	2	0	0	0	0
AF	0	0.155840	16	11	5	0	0	0	0
AF	0	0.156152	10	4	6	0	0	0	0
AF	0	0.156465	1	1	0	0	0	0	0
AF	0	0.156777	1	0	1	0	0	0	0
AF	0	0.157089	3	2	1	0	0	0	0
AF	0	0.157714	1	1	0	0	0	0	0
AF	0	0.158339	2	1	1	0	0	0	0
AF	0	0.158651	6	5	1	0	0	0	0
AF	0	0.158963	4	2	2	0	0	0	0
AF	0	0.159275	4	2	2	0	0	0	0
AF	0	0.159900	10	6	4	0	0	0	0
AF	0	0.160212	2	1	1	0	0	0	0
AF	0	0.160525	20	13	7	0	0	0	0
AF	0	0.160837	2	1	1	0	0	0	0
AF	0	0.161149	11	5	6	0	0	0	0
AF	0	0.161462	5	3	2	0	0	0	0
AF	0	0.161774	2	2	0	0	0	0	0
AF	0	0.162086	1	0	1	0	0	0	0
AF	0	0.162399	1	1	0	0	0	0	0
AF	0	0.162711	2	2	0	0	0	0	0
AF	0	0.163023	1	0	1	0	0	0	0
AF	0	0.163648	1	1	0	0	0	0	0
AF	0	0.166771	1	1	0	0	0	0	0
AF	0	0.168645	1	1	0	0	0	0	0
AF	0	0.169269	1	1	0	0	0	0	0
AF	0	0.169894	1	0	1	0	0	0	0
AF	0	0.187695	1	0	1	0	0	0	0
AF	0	0.188632	1	0	1	0	0	0	0
AF	0	0.192067	2	2	0	0	0	0	0
AF	0	0.192380	4	3	1	0	0	0	0
AF	0	0.192692	3	2	1	0	0	0	0
AF	0	0.193004	1	1	0	0	0	0	0
AF	0	0.193317	1	0	1	0	0	0	0
AF	0	0.193629	1	0	1	0	0	0	0
AF	0	0.194878	3	2	1	0	0	0	0
AF	0	0.195191	4	3	1	0	0	0	0
AF	0	0.195503	21	17	4	0	0	0	0
AF	0	0.195815	2	1	1	0	0	0	0
AF	0	0.196127	1	1	0	0	0	0	0
AF	0	0.196440	1	1	0	0	0	0	0
AF	0	0.197689	1	0	1	0	0	0	0
AF	0	0.198001	1	1	0	0	0	0	0
AF	0	0.198626	3	3	0	0	0	0	0
AF	0	0.198938	3	1	2	0	0	0	0
AF	0	0.199875	2	2	0	0	0	0	0
AF	0	0.201124	2	1	1	0	0	0	0
AF	0	0.201437	1	0	1	0	0	0	0
AF	0	0.201749	1	0	1	0	0	0	0
AF	0	0.202374	8	6	2	0	0	0	0
AF	0	0.202686	5	3	2	0	0	0	0
AF	0	0.202998	8	5	3	0	0	0	0
AF	0	0.203310	3	3	0	0	0	0	0
AF	0	0.203623	9	8	1	0	0	0	0
AF	0	0.203935	1	1	0	0	0	0	0
AF	0	0.204247	1	1	0	0	0	0	0
AF	0	0.204560	1	1	0	0	0	0	0
AF	0	0.205184	1	0	1	0	0	0	0
AF	0	0.205497	1	0	1	0	0	0	0
AF	0	0.206121	16	9	7	0	0	0	0
AF	0	0.206433	2	2	0	0	0	0	0
AF	0	0.206746	2	1	1	0	0	0	0
AF	0	0.207058	10	6	4	0	0	0	0
AF	0	0.207370	10	8	2	0	0	0	0
AF	0	0.208620	1	1	0	0	0	0	0
AF	0	0.209244	2	2	0	0	0	0	0
AF	0	0.209869	2	1	1	0	0	0	0
AF	0	0.211430	1	1	0	0	0	0	0
AF	0	0.212992	1	1	0	0	0	0	0
AF	0	0.224547	1	0	1	0	0	0	0
AF	0	0.235790	1	0	1	0	0	0	0
AF	0	0.237039	3	1	2	0	0	0	0
AF	0	0.237664	1	1	0	0	0	0	0
AF	0	0.238289	1	0	1	0	0	0	0
AF	0	0.241099	1	1	0	0	0	0	0
AF	0	0.244535	1	0	1	0	0	0	0
AF	0	0.245159	2	1	1	0	0	0	0
AF	0	0.245784	1	1	0	0	0	0	0
AF	0	0.247033	1	1	0	0	0	0	0
AF	0	0.247345	2	0	2	0	0	0	0
AF	0	0.247658	2	2	0	0	0	0	0
AF	0	0.247970	1	1	0	0	0	0	0
AF	0	0.248282	3	1	2	0	0	0	0
AF	0	0.249532	1	1	0	0	0	0	0
AF	0	0.251093	1	0	1	0	0	0	0
AF	0	0.251405	1	1	0	0	0	0	0
AF	0	0.252030	1	1	0	0	0	0	0
AF	0	0.252655	1	1	0	0	0	0	0
AF	0	0.255153	1	0	1	0	0	0	0
AF	0	0.255778	1	0	1	0	0	0	0
AF	0	0.256402	2	1	1	0	0	0	0
AF	0	0.257027	4	1	3	0	0	0	0
AF	0	0.257339	1	0	1	0	0	0	0
AF	0	0.257651	2	0	2	0	0	0	0
AF	0	0.258276	4	2	2	0	0	0	0
AF	0	0.258588	3	3	0	0	0	0	0
AF	0	0.258901	6	6	0	0	0	0	0
AF	0	0.259213	1	0	1	0	0	0	0
AF	0	0.259525	1	1	0	0	0	0	0
AF	0	0.259838	2	1	1	0	0	0	0
AF	0	0.261399	4	3	1	0	0	0	0
AF	0	0.262336	1	1	0	0	0	0	0
AF	0	0.263273	2	0	2	0	0	0	0
AF	0	0.263898	1	0	1	0	0	0	0
AF	0	0.265147	1	1	0	0	0	0	0
AF	0	0.265771	1	1	0	0	0	0	0
AF	0	0.267645	1	0	1	0	0	0	0
AF	0	0.267958	2	2	0	0	0	0	0
AF	0	0.269207	1	0	1	0	0	0	0
AF	0	0.272330	1	0	1	0	0	0	0
AF	0	0.275453	1	1	0	0	0	0	0
AF	0	0.278888	1	1	0	0	0	0	0
AF	0	0.281387	1	1	0	0	0	0	0
AF	0	0.281699	1	0	1	0	0	0	0
AF	0	0.284197	3	3	0	0	0	0	0
AF	0	0.289819	1	0	1	0	0	0	0
AF	0	0.291380	1	0	1	0	0	0	0
AF	0	0.293254	1	1	0	0	0	0	0
AF	0	0.297002	1	0	1	0	0	0	0
AF	0	0.302623	1	0	1	0	0	0	0
AF	0	0.314491	1	0	1	0	0	0	0
AF	0	0.315116	1	0	1	0	0	0	0
AF	0	0.315740	2	2	0	0	0	0	0
AF	0	0.316365	1	0	1	0	0	0	0
AF	0	0.316677	1	0	1	0	0	0	0
AF	0	0.317614	1	1	0	0	0	0	0
AF	0	0.318239	2	1	1	0	0	0	0
AF	0	0.319176	1	1	0	0	0	0	0
AF	0	0.320737	1	1	0	0	0	0	0
AF	0	0.321362	1	0	1	0	0	0	0
AF	0	0.321986	1	1	0	0	0	0	0
AF	0	0.323548	1	0	1	0	0	0	0
AF	0	0.326983	3	2	1	0	0	0	0
AF	0	0.327608	1	1	0	0	0	0	0
AF	0	0.327920	1	0	1	0	0	0	0
AF	0	0.328232	3	3	0	0	0	0	0
AF	0	0.328545	3	2	1	0	0	0	0
AF	0	0.328857	4	3	1	0	0	0	0
AF	0	0.329169	3	2	1	0	0	0	0
AF	0	0.329482	4	4	0	0	0	0	0
AF	0	0.329794	1	1	0	0	0	0	0
AF	0	0.330106	1	1	0	0	0	0	0
AF	0	0.330418	2	1	1	0	0	0	0
AF	0	0.330731	1	1	0	0	0	0	0
AF	0	0.331043	1	1	0	0	0	0	0
AF	0	0.331355	1	1	0	0	0	0	0
AF	0	0.331980	4	2	2	0	0	0	0
AF	0	0.332292	1	1	0	0	0	0	0
AF	0	0.332605	6	5	1	0	0	0	0
AF	0	0.332917	7	2	5	0	0	0	0
AF	0	0.333229	5	3	2	0	0	0	0
AF	0	0.333542	2	2	0	0	0	0	0
AF	0	0.333854	3	2	1	0	0	0	0
AF	0	0.334166	1	0	1	0	0	0	0
AF	0	0.334791	1	0	1	0	0	0	0
AF	0	0.335103	1	1	0	0	0	0	0
AF	0	0.336352	1	1	0	0	0	0	0
AF	0	0.336665	1	1	0	0	0	0	0
AF	0	0.337914	1	0	1	0	0	0	0
AF	0	0.340412	2	1	1	0	0	0	0
AF	0	0.340725	1	1	0	0	0	0	0
AF	0	0.341974	1	0	1	0	0	0	0
AF	0	0.342911	1	0	1	0	0	0	0
AF	0	0.343223	1	0	1	0	0	0	0
AF	0	0.343535	1	1	0	0	0	0	0
AF	0	0.343848	1	1	0	0	0	0	0
AF	0	0.344472	1	0	1	0	0	0	0
AF	0	0.344785	1	1	0	0	0	0	0
AF	0	0.345097	2	2	0	0	0	0	0
AF	0	0.347908	2	1	1	0	0	0	0
AF	0	0.348220	2	1	1	0	0	0	0
AF	0	0.348532	2	2	0	0	0	0	0
AF	0	0.349781	1	1	0	0	0	0	0
AF	0	0.350718	1	0	1	0	0	0	0
AF	0	0.351031	1	1	0	0	0	0	0
AF	0	0.366021	1	0	1	0	0	0	0
AF	0	0.381949	1	0	1	0	0	0	0
AF	0	0.382886	1	1	0	0	0	0	0
AF	0	0.384135	1	0	1	0	0	0	0
AF	0	0.388819	1	1	0	0	0	0	0
AF	0	0.393504	1	1	0	0	0	0	0
AF	0	0.395378	1	1	0	0	0	0	0
AF	0	0.396002	1	1	0	0	0	0	0
AF	0	0.396315	1	0	1	0	0	0	0
AF	0	0.396627	1	1	0	0	0	0	0
AF	0	0.400999	1	0	1	0	0	0	0
AF	0	0.403498	1	0	1	0	0	0	0
AF	0	0.404122	1	0	1	0	0	0	0
AF	0	0.404747	1	1	0	0	0	0	0
AF	0	0.405372	1	0	1	0	0	0	0
AF	0	0.405684	1	1	0	0	0	0	0
AF	0	0.405996	1	1	0	0	0	0	0
AF	0	0.406621	1	1	0	0	0	0	0
AF	0	0.406933	2	2	0	0	0	0	0
AF	0	0.407245	3	2	1	0	0	0	0
AF	0	0.407558	1	1	0	0	0	0	0
AF	0	0.407870	2	0	2	0	0	0	0
AF	0	0.408807	1	1	0	0	0	0	0
AF	0	0.409119	4	4	0	0	0	0	0
AF	0	0.409744	2	2	0	0	0	0	0
AF	0	0.410369	1	1	0	0	0	0	0
AF	0	0.415053	1	1	0	0	0	0	0
AF	0	0.415678	1	1	0	0	0	0	0
AF	0	0.416302	1	1	0	0	0	0	0
AF	0	0.418488	1	1	0	0	0	0	0
AF	0	0.419738	1	1	0	0	0	0	0
AF	0	0.422236	1	1	0	0	0	0	0
AF	0	0.431293	1	0	1	0	0	0	0
AF	0	0.431605	2	0	2	0	0	0	0
AF	0	0.432230	3	3	0	0	0	0	0
AF	0	0.432854	1	0	1	0	0	0	0
AF	0	0.433167	4	4	0	0	0	0	0
AF	0	0.433479	3	2	1	0	0	0	0
AF	0	0.433791	2	2	0	0	0	0	0
AF	0	0.434104	16	12	4	0	0	0	0
AF	0	0.434416	4	3	1	0	0	0	0
AF	0	0.434728	12	5	7	0	0	0	0
AF	0	0.435041	4	3	1	0	0	0	0
AF	0	0.435353	9	8	1	0	0	0	0
AF	0	0.435665	11	5	6	0	0	0	0
AF	0	0.435978	9	7	2	0	0	0	0
AF	0	0.436602	1	1	0	0	0	0	0
AF	0	0.436914	1	0	1	0	0	0	0
AF	0	0.437227	3	2	1	0	0	0	0
AF	0	0.437851	4	3	1	0	0	0	0
AF	0	0.438164	7	5	2	0	0	0	0
AF	0	0.438476	6	3	3	0	0	0	0
AF	0	0.439101	6	5	1	0	0	0	0
AF	0	0.439413	5	3	2	0	0	0	0
AF	0	0.439725	5	4	1	0	0	0	0
AF	0	0.440350	2	1	1	0	0	0	0
AF	0	0.440662	1	1	0	0	0	0	0
AF	0	0.440974	2	1	1	0	0	0	0
AF	0	0.441287	2	2	0	0	0	0	0
AF	0	0.441599	3	2	1	0	0	0	0
AF	0	0.441911	2	2	0	0	0	0	0
AF	0	0.442224	1	0	1	0	0	0	0
AF	0	0.442848	1	1	0	0	0	0	0
AF	0	0.443473	1	1	0	0	0	0	0
AF	0	0.444097	1	1	0	0	0	0	0
AF	0	0.444410	2	1	1	0	0	0	0
AF	0	0.445034	3	2	1	0	0	0	0
AF	0	0.445347	1	0	1	0	0	0	0
AF	0	0.446284	2	1	1	0	0	0	0
AF	0	0.446908	1	1	0	0	0	0	0
AF	0	0.448157	2	2	0	0	0	0	0
AF	0	0.448470	1	1	0	0	0	0	0
AF	0	0.448782	1	1	0	0	0	0	0
AF	0	0.449719	1	0	1	0	0	0	0
AF	0	0.450031	2	1	1	0	0	0	0
AF	0	0.450344	3	2	1	0	0	0	0
AF	0	0.450656	1	1	0	0	0	0	0
AF	0	0.451280	1	0	1	0	0	0	0
AF	0	0.451593	4	3	1	0	0	0	0
AF	0	0.452217	1	0	1	0	0	0	0
AF	0	0.452530	1	1	0	0	0	0	0
AF	0	0.454403	1	0	1	0	0	0	0
AF	0	0.454716	3	2	1	0	0	0	0
AF	0	0.455028	1	1	0	0	0	0	0
AF	0	0.455340	1	0	1	0	0	0	0
AF	0	0.455653	5	4	1	0	0	0	0
AF	0	0.455965	1	1	0	0	0	0	0
AF	0	0.456277	7	6	1	0	0	0	0
AF	0	0.456590	2	1	1	0	0	0	0
AF	0	0.456902	5	3	2	0	0	0	0
AF	0	0.457214	2	2	0	0	0	0	0
AF	0	0.457527	7	4	3	0	0	0	0
AF	0	0.457839	3	3	0	0	0	0	0
AF	0	0.458151	4	2	2	0	0	0	0
AF	0	0.458463	1	1	0	0	0	0	0
AF	0	0.458776	2	1	1	0	0	0	0
AF	0	0.459088	2	2	0	0	0	0	0
AF	0	0.459400	3	1	2	0	0	0	0
AF	0	0.459713	7	4	3	0	0	0	0
AF	0	0.460025	1	1	0	0	0	0	0
AF	0	0.460337	2	1	1	0	0	0	0
AF	0	0.460650	4	2	2	0	0	0	0
AF	0	0.460962	3	3	0	0	0	0	0
AF	0	0.461274	3	2	1	0	0	0	0
AF	0	0.461587	5	4	1	0	0	0	0
AF	0	0.461899	13	7	6	0	0	0	0
AF	0	0.462211	3	2	1	0	0	0	0
AF	0	0.462523	4	3	1	0	0	0	0
AF	0	0.463148	12	9	3	0	0	0	0
AF	0	0.463460	6	4	2	0	0	0	0
AF	0	0.463773	10	5	5	0	0	0	0
AF	0	0.464085	3	3	0	0	0	0	0
AF	0	0.464397	7	6	1	0	0	0	0
AF	0	0.464710	5	3	2	0	0	0	0
AF	0	0.465022	3	2	1	0	0	0	0
AF	0	0.465334	3	2	1	0	0	0	0
AF	0	0.465646	12	8	4	0	0	0	0
AF	0	0.465959	10	9	1	0	0	0	0
AF	0	0.466271	15	7	8	0	0	0	0
AF	0	0.466583	5	2	3	0	0	0	0
AF	0	0.466896	11	6	5	0	0	0	0
AF	0	0.467208	1	1	0	0	0	0	0
AF	0	0.467520	4	3	1	0	0	0	0
AF	0	0.467833	2	1	1	0	0	0	0
AF	0	0.468145	5	5	0	0	0	0	0
AF	0	0.468457	1	0	1	0	0	0	0
AF	0	0.468770	4	3	1	0	0	0	0
AF	0	0.469082	4	1	3	0	0	0	0
AF	0	0.469394	1	1	0	0	0	0	0
AF	0	0.470331	2	2	0	0	0	0	0
AF	0	0.470643	3	2	1	0	0	0	0
AF	0	0.471893	10	3	7	0	0	0	0
AF	0	0.472205	5	1	4	0	0	0	0
AF	0	0.472517	8	4	4	0	0	0	0
AF	0	0.472829	3	3	0	0	0	0	0
AF	0	0.473142	8	7	1	0	0	0	0
AF	0	0.473454	3	3	0	0	0	0	0
AF	0	0.473766	5	2	3	0	0	0	0
AF	0	0.474079	3	2	1	0	0	0	0
AF	0	0.474391	3	2	1	0	0	0	0
AF	0	0.474703	3	3	0	0	0	0	0
AF	0	0.475016	4	4	0	0	0	0	0
AF	0	0.475328	4	4	0	0	0	0	0
AF	0	0.475640	1	1	0	0	0	0	0
AF	0	0.476889	7	4	3	0	0	0	0
AF	0	0.477202	2	2	0	0	0	0	0
AF	0	0.477514	4	2	2	0	0	0	0
AF	0	0.477826	3	2	1	0	0	0	0
AF	0	0.478139	1	1	0	0	0	0	0
AF	0	0.478451	1	1	0	0	0	0	0
AF	0	0.478763	1	1	0	0	0	0	0
AF	0	0.479388	2	2	0	0	0	0	0
AF	0	0.480637	2	1	1	0	0	0	0
AF	0	0.481262	3	2	1	0	0	0	0
AF	0	0.481574	2	2	0	0	0	0	0
AF	0	0.481886	9	5	4	0	0	0	0
AF	0	0.482199	7	7	0	0	0	0	0
AF	0	0.482511	10	5	5	0	0	0	0
AF	0	0.484697	1	0	1	0	0	0	0
AF	0	0.485009	1	1	0	0	0	0	0
AF	0	0.485322	1	1	0	0	0	0	0
AF	0	0.485634	1	0	1	0	0	0	0
AF	0	0.485946	3	2	1	0	0	0	0
AF	0	0.486883	1	0	1	0	0	0	0
AF	0	0.487508	1	1	0	0	0	0	0
AF	0	0.487820	1	1	0	0	0	0	0
AF	0	0.488132	2	1	1	0	0	0	0
AF	0	0.488445	2	2	0	0	0	0	0
AF	0	0.488757	1	1	0	0	0	0	0
AF	0	0.490631	1	1	0	0	0	0	0
AF	0	0.492192	1	1	0	0	0	0	0
AF	0	0.494066	1	1	0	0	0	0	0
AF	0	0.494691	1	0	1	0	0	0	0
AF	0	0.495315	1	0	1	0	0	0	0
AF	0	0.495940	1	1	0	0	0	0	0
AF	0	0.496252	2	0	2	0	0	0	0
AF	0	0.496877	3	2	1	0	0	0	0
AF	0	0.497189	1	1	0	0	0	0	0
AF	0	0.497502	1	1	0	0	0	0	0
AF	0	0.498126	1	1	0	0	0	0	0
AF	0	0.498438	1	1	0	0	0	0	0
AF	0	0.498751	1	1	0	0	0	0	0
AF	0	0.500625	1	1	0	0	0	0	0
AF	0	0.501249	1	1	0	0	0	0	0
AF	0	0.501874	1	0	1	0	0	0	0
AF	0	0.503123	1	1	0	0	0	0	0
AF	0	0.503748	2	1	1	0	0	0	0
AF	0	0.504372	2	2	0	0	0	0	0
AF	0	0.504997	1	1	0	0	0	0	0
AF	0	0.505621	2	2	0	0	0	0	0
AF	0	0.509994	1	0	1	0	0	0	0
AF	0	0.510306	1	0	1	0	0	0	0
AF	0	0.510618	1	1	0	0	0	0	0
AF	0	0.515928	1	1	0	0	0	0	0
AF	0	0.516552	1	0	1	0	0	0	0
AF	0	0.516864	4	2	2	0	0	0	0
AF	0	0.517177	5	2	3	0	0	0	0
AF	0	0.517489	6	2	4	0	0	0	0
AF	0	0.517801	1	1	0	0	0	0	0
AF	0	0.518114	1	1	0	0	0	0	0
AF	0	0.521861	5	3	2	0	0	0	0
AF	0	0.522174	1	0	1	0	0	0	0
AF	0	0.522486	1	1	0	0	0	0	0
AF	0	0.523111	2	2	0	0	0	0	0
AF	0	0.525297	1	0	1	0	0	0	0
AF	0	0.525609	1	0	1	0	0	0	0
AF	0	0.526234	2	2	0	0	0	0	0
AF	0	0.526858	2	1	1	0	0	0	0
AF	0	0.527795	2	0	2	0	0	0	0
AF	0	0.528107	2	1	1	0	0	0	0
AF	0	0.528420	2	1	1	0	0	0	0
AF	0	0.528732	3	1	2	0	0	0	0
AF	0	0.529044	2	2	0	0	0	0	0
AF	0	0.529357	2	0	2	0	0	0	0
AF	0	0.529981	3	1	2	0	0	0	0
AF	0	0.530294	2	2	0	0	0	0	0
AF	0	0.531230	3	3	0	0	0	0	0
AF	0	0.531543	2	1	1	0	0	0	0
AF	0	0.531855	4	3	1	0	0	0	0
AF	0	0.532480	9	7	2	0	0	0	0
AF	0	0.532792	5	5	0	0	0	0	0
AF	0	0.533104	6	3	3	0	0	0	0
AF	0	0.533417	6	2	4	0	0	0	0
AF	0	0.533729	9	7	2	0	0	0	0
AF	0	0.534041	6	4	2	0	0	0	0
AF	0	0.534354	10	9	1	0	0	0	0
AF	0	0.534666	5	4	1	0	0	0	0
AF	0	0.534978	6	6	0	0	0	0	0
AF	0	0.535603	2	0	2	0	0	0	0
AF	0	0.535915	2	0	2	0	0	0	0
AF	0	0.536227	1	1	0	0	0	0	0
AF	0	0.536540	1	1	0	0	0	0	0
AF	0	0.536852	1	0	1	0	0	0	0
AF	0	0.537164	1	1	0	0	0	0	0
AF	0	0.537477	3	0	3	0	0	0	0
AF	0	0.538101	1	1	0	0	0	0	0
AF	0	0.538726	1	1	0	0	0	0	0
AF	0	0.539350	1	1	0	0	0	0	0
AF	0	0.540287	1	1	0	0	0	0	0
AF	0	0.557152	1	0	1	0	0	0	0
AF	0	0.575265	1	0	1	0	0	0	0
AF	0	0.601187	1	0	1	0	0	0	0
AF	0	0.603061	1	0	1	0	0	0	0
AF	0	0.604622	1	1	0	0	0	0	0
AF	0	0.605247	1	1	0	0	0	0	0
AF	0	0.605559	1	1	0	0	0	0	0
AF	0	0.606496	3	2	1	0	0	0	0
AF	0	0.607745	1	1	0	0	0	0	0
AF	0	0.608370	1	1	0	0	0	0	0
AF	0	0.608682	2	2	0	0	0	0	0
AF	0	0.608994	4	4	0	0	0	0	0
AF	0	0.609619	2	2	0	0	0	0	0
AF	0	0.609931	1	0	1	0	0	0	0
AF	0	0.610556	2	0	2	0	0	0	0
AF	0	0.610868	1	0	1	0	0	0	0
AF	0	0.611493	1	0	1	0	0	0	0
AF	0	0.611805	2	2	0	0	0	0	0
AF	0	0.612117	1	0	1	0	0	0	0
AF	0	0.612430	1	1	0	0	0	0	0
AF	0	0.615865	2	1	1	0	0	0	0
AF	0	0.616802	1	1	0	0	0	0	0
AF	0	0.628357	1	1	0	0	0	0	0
AF	0	0.631480	1	0	1	0	0	0	0
AF	0	0.646159	1	0	1	0	0	0	0
AF	0	0.646471	1	1	0	0	0	0	0
AF	0	0.648032	1	1	0	0	0	0	0
AF	0	0.649906	1	0	1	0	0	0	0
AF	0	0.650219	1	0	1	0	0	0	0
AF	0	0.653342	1	1	0	0	0	0	0
AF	0	0.653966	1	0	1	0	0	0	0
AF	0	0.654279	1	0	1	0	0	0	0
AF	0	0.654591	1	0	1	0	0	0	0
AF	0	0.654903	1	1	0	0	0	0	0
AF	0	0.656465	4	2	2	0	0	0	0
AF	0	0.656777	1	1	0	0	0	0	0
AF	0	0.658026	2	2	0	0	0	0	0
AF	0	0.658963	1	1	0	0	0	0	0
AF	0	0.659275	1	1	0	0	0	0	0
AF	0	0.659588	2	2	0	0	0	0	0
AF	0	0.660212	1	1	0	0	0	0	0
AF	0	0.660525	2	1	1	0	0	0	0
AF	0	0.660837	1	1	0	0	0	0	0
AF	0	0.661462	1	0	1	0	0	0	0
AF	0	0.662086	1	1	0	0	0	0	0
AF	0	0.662711	1	1	0	0	0	0	0
AF	0	0.663023	1	1	0	0	0	0	0
AF	0	0.663335	1	1	0	0	0	0	0
AF	0	0.663960	2	2	0	0	0	0	0
AF	0	0.664272	2	2	0	0	0	0	0
AF	0	0.664585	9	3	6	0	0	0	0
AF	0	0.664897	5	4	1	0	0	0	0
AF	0	0.665209	1	0	1	0	0	0	0
AF	0	0.665522	2	1	1	0	0	0	0
AF	0	0.665834	4	1	3	0	0	0	0
AF	0	0.666146	3	0	3	0	0	0	0
AF	0	0.666458	2	2	0	0	0	0	0
AF	0	0.666771	4	3	1	0	0	0	0
AF	0	0.667083	1	1	0	0	0	0	0
AF	0	0.667395	2	1	1	0	0	0	0
AF	0	0.667708	1	0	1	0	0	0	0
AF	0	0.668020	7	4	3	0	0	0	0
AF	0	0.668332	1	1	0	0	0	0	0
AF	0	0.668645	2	2	0	0	0	0	0
AF	0	0.668957	4	3	1	0	0	0	0
AF	0	0.669269	8	5	3	0	0	0	0
AF	0	0.669582	5	3	2	0	0	0	0
AF	0	0.669894	5	3	2	0	0	0	0
AF	0	0.670206	2	1	1	0	0	0	0
AF	0	0.670518	2	2	0	0	0	0	0
AF	0	0.671143	1	0	1	0	0	0	0
AF	0	0.671455	1	1	0	0	0	0	0
AF	0	0.671768	3	1	2	0	0	0	0
AF	0	0.672080	1	0	1	0	0	0	0
AF	0	0.672392	11	8	3	0	0	0	0
AF	0	0.672705	10	8	2	0	0	0	0
AF	0	0.673017	55	31	24	0	0	0	0
AF	0	0.673329	35	17	18	0	0	0	0
AF	0	0.673641	15	8	7	0	0	0	0
AF	0	0.673954	4	4	0	0	0	0	0
AF	0	0.674266	1	0	1	0	0	0	0
AF	0	0.674578	1	1	0	0	0	0	0
AF	0	0.674891	3	3	0	0	0	0	0
AF	0	0.676140	1	1	0	0	0	0	0
AF	0	0.676452	2	2	0	0	0	0	0
AF	0	0.676765	13	9	4	0	0	0	0
AF	0	0.677077	5	4	1	0	0	0	0
AF	0	0.677389	3	2	1	0	0	0	0
AF	0	0.677701	1	1	0	0	0	0	0
AF	0	0.678014	4	1	3	0	0	0	0
AF	0	0.678638	6	5	1	0	0	0	0
AF	0	0.678951	3	2	1	0	0	0	0
AF	0	0.679263	9	7	2	0	0	0	0
AF	0	0.679575	3	2	1	0	0	0	0
AF	0	0.679888	6	4	2	0	0	0	0
AF	0	0.680512	2	0	2	0	0	0	0
AF	0	0.680824	4	3	1	0	0	0	0
AF	0	0.681137	3	2	1	0	0	0	0
AF	0	0.681449	2	1	1	0	0	0	0
AF	0	0.681761	2	1	1	0	0	0	0
AF	0	0.682074	1	0	1	0	0	0	0
AF	0	0.682386	8	6	2	0	0	0	0
AF	0	0.682698	4	3	1	0	0	0	0
AF	0	0.683011	6	4	2	0	0	0	0
AF	0	0.683323	1	1	0	0	0	0	0
AF	0	0.683635	2	2	0	0	0	0	0
AF	0	0.683948	6	5	1	0	0	0	0
AF	0	0.684260	9	5	4	0	0	0	0
AF	0	0.684572	5	4	1	0	0	0	0
AF	0	0.684884	5	2	3	0	0	0	0
AF	0	0.685197	2	1	1	0	0	0	0
AF	0	0.685509	2	2	0	0	0	0	0
AF	0	0.685821	2	0	2	0	0	0	0
AF	0	0.686134	1	0	1	0	0	0	0
AF	0	0.686758	1	1	0	0	0	0	0
AF	0	0.689881	1	0	1	0	0	0	0
AF	0	0.690194	1	0	1	0	0	0	0
AF	0	0.692380	2	1	1	0	0	0	0
AF	0	0.692692	1	1	0	0	0	0	0
AF	0	0.694878	2	0	2	0	0	0	0
AF	0	0.695191	1	1	0	0	0	0	0
AF	0	0.695503	1	1	0	0	0	0	0
AF	0	0.695815	1	0	1	0	0	0	0
AF	0	0.696127	2	2	0	0	0	0	0
AF	0	0.696440	2	2	0	0	0	0	0
AF	0	0.697064	2	1	1	0	0	0	0
AF	0	0.697377	1	0	1	0	0	0	0
AF	0	0.698001	1	1	0	0	0	0	0
AF	0	0.700500	1	0	1	0	0	0	0
AF	0	0.702061	1	1	0	0	0	0	0
AF	0	0.702374	1	1	0	0	0	0	0
AF	0	0.719863	1	1	0	0	0	0	0
AF	0	0.720175	1	1	0	0	0	0	0
AF	0	0.735478	1	1	0	0	0	0	0
AF	0	0.738913	1	1	0	0	0	0	0
AF	0	0.739225	1	0	1	0	0	0	0
AF	0	0.742349	1	1	0	0	0	0	0
AF	0	0.772954	1	1	0	0	0	0	0
AF	0	0.797002	1	1	0	0	0	0	0
AF	0	0.797939	1	0	1	0	0	0	0
AF	0	0.798563	2	0	2	0	0	0	0
AF	0	0.799188	1	1	0	0	0	0	0
AF	0	0.801374	1	1	0	0	0	0	0
AF	0	0.801686	1	0	1	0	0	0	0
AF	0	0.801999	1	0	1	0	0	0	0
AF	0	0.802936	1	1	0	0	0	0	0
AF	0	0.803248	2	2	0	0	0	0	0
AF	0	0.803560	5	2	3	0	0	0	0
AF	0	0.803873	21	12	9	0	0	0	0
AF	0	0.804497	8	5	3	0	0	0	0
AF	0	0.804809	2	2	0	0	0	0	0
AF	0	0.805122	1	0	1	0	0	0	0
AF	0	0.805746	6	3	3	0	0	0	0
AF	0	0.806059	4	2	2	0	0	0	0
AF	0	0.806371	8	6	2	0	0	0	0
AF	0	0.806683	6	4	2	0	0	0	0
AF	0	0.806996	9	8	1	0	0	0	0
AF	0	0.807308	1	1	0	0	0	0	0
AF	0	0.807933	1	1	0	0	0	0	0
AF	0	0.808245	1	1	0	0	0	0	0
AF	0	0.827295	1	1	0	0	0	0	0
AF	0	0.839788	1	0	1	0	0	0	0
AF	0	0.849157	1	0	1	0	0	0	0
AF	0	0.854466	1	1	0	0	0	0	0
AF	0	0.855715	1	0	1	0	0	0	0
AF	0	0.857589	2	2	0	0	0	0	0
AF	0	0.859151	1	1	0	0	0	0	0
AF	0	0.860712	1	1	0	0	0	0	0
AF	0	0.864460	1	0	1	0	0	0	0
AF	0	0.865084	1	1	0	0	0	0	0
AF	0	0.868832	1	0	1	0	0	0	0
AF	0	0.869457	1	1	0	0	0	0	0
AF	0	0.873204	1	0	1	0	0	0	0
AF	0	0.875078	1	1	0	0	0	0	0
AF	0	0.879450	2	2	0	0	0	0	0
AF	0	0.880700	1	1	0	0	0	0	0
AF	0	0.884760	1	0	1	0	0	0	0
AF	0	0.889132	1	0	1	0	0	0	0
AF	0	0.889756	1	1	0	0	0	0	0
AF	0	0.892567	1	1	0	0	0	0	0
AF	0	0.894129	1	0	1	0	0	0	0
AF	0	0.894753	1	1	0	0	0	0	0
AF	0	0.895378	1	1	0	0	0	0	0
AF	0	0.897564	1	0	1	0	0	0	0
AF	0	0.899750	1	0	1	0	0	0	0
AF	0	0.900062	1	1	0	0	0	0	0
AF	0	0.900375	1	0	1	0	0	0	0
AF	0	0.900687	1	0	1	0	0	0	0
AF	0	0.900999	2	2	0	0	0	0	0
AF	0	0.901312	3	1	2	0	0	0	0
AF	0	0.901624	7	5	2	0	0	0	0
AF	0	0.902249	1	0	1	0	0	0	0
AF	0	0.902561	7	4	3	0	0	0	0
AF	0	0.902873	10	7	3	0	0	0	0
AF	0	0.903186	1	0	1	0	0	0	0
AF	0	0.903498	1	0	1	0	0	0	0
AF	0	0.904435	2	1	1	0	0	0	0
AF	0	0.904747	1	0	1	0	0	0	0
AF	0	0.905059	1	1	0	0	0	0	0
AF	0	0.905372	4	4	0	0	0	0	0
AF	0	0.905684	1	0	1	0	0	0	0
AF	0	0.905996	1	1	0	0	0	0	0
AF	0	0.906621	1	1	0	0	0	0	0
AF	0	0.907870	3	3	0	0	0	0	0
AF	0	0.908182	2	2	0	0	0	0	0
AF	0	0.908495	3	1	2	0	0	0	0
AF	0	0.908807	1	0	1	0	0	0	0
AF	0	0.909119	2	1	1	0	0	0	0
AF	0	0.909432	1	0	1	0	0	0	0
AF	0	0.909744	7	4	3	0	0	0	0
AF	0	0.910056	5	2	3	0	0	0	0
AF	0	0.910369	2	2	0	0	0	0	0
AF	0	0.911305	1	1	0	0	0	0	0
AF	0	0.912867	2	1	1	0	0	0	0
AF	0	0.913179	2	2	0	0	0	0	0
AF	0	0.913492	10	6	4	0	0	0	0
AF	0	0.913804	1	1	0	0	0	0	0
AF	0	0.914116	2	2	0	0	0	0	0
AF	0	0.914428	2	0	2	0	0	0	0
AF	0	0.914741	1	1	0	0	0	0	0
AF	0	0.915053	2	0	2	0	0	0	0
AF	0	0.915365	12	7	5	0	0	0	0
AF	0	0.915678	1	1	0	0	0	0	0
AF	0	0.917552	1	1	0	0	0	0	0
AF	0	0.917864	1	1	0	0	0	0	0
AF	0	0.918488	1	0	1	0	0	0	0
AF	0	0.919113	2	1	1	0	0	0	0
AF	0	0.919738	1	1	0	0	0	0	0
AF	0	0.920362	1	0	1	0	0	0	0
AF	0	0.930668	1	1	0	0	0	0	0
AF	0	0.934728	1	1	0	0	0	0	0
AF	0	0.935041	3	2	1	0	0	0	0
AF	0	0.935665	1	1	0	0	0	0	0
AF	0	0.935978	2	2	0	0	0	0	0
AF	0	0.936602	2	2	0	0	0	0	0
AF	0	0.937227	2	1	1	0	0	0	0
AF	0	0.939725	1	1	0	0	0	0	0
AF	0	0.950344	1	0	1	0	0	0	0
AF	0	0.951593	2	2	0	0	0	0	0
AF	0	0.952217	1	0	1	0	0	0	0
AF	0	0.953467	1	1	0	0	0	0	0
AF	0	0.959713	1	1	0	0	0	0	0
AF	0	0.969706	1	1	0	0	0	0	0
AF	0	0.970019	1	1	0	0	0	0	0
AF	0	0.970331	2	1	1	0	0	0	0
AF	0	0.970956	1	1	0	0	0	0	0
AF	0	0.971268	1	1	0	0	0	0	0
AF	0	0.971580	1	1	0	0	0	0	0
AF	0	0.972205	1	1	0	0	0	0	0
AF	0	0.972829	1	1	0	0	0	0	0
AF	0	0.975016	1	1	0	0	0	0	0
AF	0	0.975328	1	0	1	0	0	0	0
AF	0	0.975640	2	1	1	0	0	0	0
AF	0	0.975953	1	1	0	0	0	0	0
AF	0	0.982823	1	1	0	0	0	0	0
AF	0	0.986883	1	0	1	0	0	0	0
AF	0	0.987196	1	0	1	0	0	0	0
AF	0	0.987508	1	0	1	0	0	0	0
AF	0	0.987820	1	1	0	0	0	0	0
AF	0	0.988132	5	4	1	0	0	0	0
AF	0	0.988445	8	5	3	0	0	0	0
AF	0	0.991880	1	1	0	0	0	0	0
AF	0	0.994066	1	0	1	0	0	0	0
AF	0	0.994379	1	1	0	0	0	0	0
AF	0	0.994691	1	1	0	0	0	0	0
AF	0	0.995315	1	0	1	0	0	0	0
AF	0	0.997189	1	1	0	0	0	0	0
AF	0	0.998126	1	1	0	0	0	0	0
AF	0	0.998438	2	0	2	0	0	0	0
AF	0	0.999063	4	3	1	0	0	0	0
# QUAL, Stats by quality
# QUAL	[2]id	[3]Quality	[4]number of SNPs	[5]number of transitions (1st ALT)	[6]number of transversions (1st ALT)	[7]number of indels
QUAL	0	.	18881	11993	6888	0
# IDD, InDel distribution:
# IDD	[2]id	[3]length (deletions negative)	[4]number of sites	[5]number of genotypes	[6]mean VAF
# ST, Substitution types:
# ST	[2]id	[3]type	[4]count
ST	0	A>C	621
ST	0	A>G	2155
ST	0	A>T	832
ST	0	C>A	1240
ST	0	C>G	727
ST	0	C>T	3842
ST	0	G>A	3888
ST	0	G>C	744
ST	0	G>T	1216
ST	0	T>A	877
ST	0	T>C	2108
ST	0	T>G	631
# DP, Depth distribution
# DP	[2]id	[3]bin	[4]number of genotypes	[5]fraction of genotypes (%)	[6]number of sites	[7]fraction of sites (%)
  - Fix haploid genotypes in males...

Submit MakeDiploidMalesX finished successfully. Let's have a beer, buddy!

