Submit MakeDiploidMalesX
version 1.1.6 (2024-09-30)

These are the settings:
  Input file................: /hpc/local/Rocky8/dhl_ec/software/MonopogenLite/resources/1kGP_high_coverage_Illumina.SNVonly_poly.filtered_AF_5e-04.norm.fixvariantid.chrX.vcf.gz
  Output file...............: /hpc/local/Rocky8/dhl_ec/software/MonopogenLite/resources/1kGP_high_coverage_Illumina.SNVonly_poly.filtered_AF_5e-04.norm.fixvariantid.makediploid.chrX.vcf.gz
  Chunk size................: 100

  SLURM CPUs................: 4
  SLURM Array ID............: 13 (of 100)
  SLURM memory..............: 16G
  SLURM time................: 01:00:00
  SLURM mail type...........: FAIL
  SLURM mail user...........: s.w.vanderlaan-2@umcutrecht.nl

  Dry run mode..............: 0
  Debug mode................: 1
  Verbosity.................: 0
  Version...................: 1.1.6 (2024-09-30)

Making converting haploid genotypes to diploid genotypes.
> Extract the region for this SLURM task (# 13) from the BED file.
  - Get the chunk number from the SLURM array task ID and the bed file...
DEBUG: Extracting chunk number: 13p from 13
DEBUG: Extracting region from BED file: /hpc/local/Rocky8/dhl_ec/software/MonopogenLite/resources/chrX_100pieces.bed
  - Extract the region from the BED file...
DEBUG: Extracted raw region: 'chrX	18724897	20285304' (chunk #: 13p of 100 for job 13)
  - Check if a valid region was extracted -- should be 'chrX	18724897	20285304'...
  - Prepare the region for bcftools...
  - Check if the region (chrX:18724897-20285304) was successfully extracted...
> Processing region 'chrX:18724897-20285304'...
  - Process the specific region (chunk# 13) using bcftools view...
  - Index the VCF file...
DEBUG: Check if the VCF file was successfully processed...
##fileformat=VCFv4.2
##FILTER=<ID=PASS,Description="All filters passed">
##fileDate=29/01/2022 - 14:31:41
##source=shapeit4.2.2
##contig=<ID=chr1,length=248956422>
##contig=<ID=chr2,length=242193529>
##contig=<ID=chr3,length=198295559>
##contig=<ID=chr4,length=190214555>
##contig=<ID=chr5,length=181538259>
##contig=<ID=chr6,length=170805979>
# This file was produced by bcftools stats (1.20+htslib-1.20) and can be plotted using plot-vcfstats.
# The command line was:	bcftools stats  /hpc/local/Rocky8/dhl_ec/software/MonopogenLite/resources/chrX.part13.vcf.gz
#
# Definition of sets:
# ID	[2]id	[3]tab-separated file names
ID	0	/hpc/local/Rocky8/dhl_ec/software/MonopogenLite/resources/chrX.part13.vcf.gz
# SN, Summary numbers:
#   number of records   .. number of data rows in the VCF
#   number of no-ALTs   .. reference-only sites, ALT is either "." or identical to REF
#   number of SNPs      .. number of rows with a SNP
#   number of MNPs      .. number of rows with a MNP, such as CC>TT
#   number of indels    .. number of rows with an indel
#   number of others    .. number of rows with other type, for example a symbolic allele or
#                          a complex substitution, such as ACT>TCGA
#   number of multiallelic sites     .. number of rows with multiple alternate alleles
#   number of multiallelic SNP sites .. number of rows with multiple alternate alleles, all SNPs
# 
#   Note that rows containing multiple types will be counted multiple times, in each
#   counter. For example, a row with a SNP and an indel increments both the SNP and
#   the indel counter.
# 
# SN	[2]id	[3]key	[4]value
SN	0	number of samples:	3202
SN	0	number of records:	15355
SN	0	number of no-ALTs:	0
SN	0	number of SNPs:	15355
SN	0	number of MNPs:	0
SN	0	number of indels:	0
SN	0	number of others:	0
SN	0	number of multiallelic sites:	0
SN	0	number of multiallelic SNP sites:	0
# TSTV, transitions/transversions:
# TSTV	[2]id	[3]ts	[4]tv	[5]ts/tv	[6]ts (1st ALT)	[7]tv (1st ALT)	[8]ts/tv (1st ALT)
TSTV	0	10733	4622	2.32	10733	4622	2.32
# SiS, Singleton stats:
# SiS	[2]id	[3]allele count	[4]number of SNPs	[5]number of transitions	[6]number of transversions	[7]number of indels	[8]repeat-consistent	[9]repeat-inconsistent	[10]not applicable
SiS	0	1	0	0	0	0	0	0	0
# AF, Stats by non-reference allele frequency:
# AF	[2]id	[3]allele frequency	[4]number of SNPs	[5]number of transitions	[6]number of transversions	[7]number of indels	[8]repeat-consistent	[9]repeat-inconsistent	[10]not applicable
AF	0	0.000312	2476	1791	685	0	0	0	0
AF	0	0.000625	1623	1173	450	0	0	0	0
AF	0	0.000937	1649	1155	494	0	0	0	0
AF	0	0.001249	563	404	159	0	0	0	0
AF	0	0.001562	797	568	229	0	0	0	0
AF	0	0.001874	327	258	69	0	0	0	0
AF	0	0.002186	640	427	213	0	0	0	0
AF	0	0.002498	258	183	75	0	0	0	0
AF	0	0.002811	398	268	130	0	0	0	0
AF	0	0.003123	131	85	46	0	0	0	0
AF	0	0.003435	382	273	109	0	0	0	0
AF	0	0.003748	163	113	50	0	0	0	0
AF	0	0.004060	316	210	106	0	0	0	0
AF	0	0.004372	116	76	40	0	0	0	0
AF	0	0.004685	221	155	66	0	0	0	0
AF	0	0.004997	135	100	35	0	0	0	0
AF	0	0.005309	168	125	43	0	0	0	0
AF	0	0.005621	88	63	25	0	0	0	0
AF	0	0.005934	128	91	37	0	0	0	0
AF	0	0.006246	54	32	22	0	0	0	0
AF	0	0.006558	117	86	31	0	0	0	0
AF	0	0.006871	58	38	20	0	0	0	0
AF	0	0.007183	115	78	37	0	0	0	0
AF	0	0.007495	63	46	17	0	0	0	0
AF	0	0.007808	79	57	22	0	0	0	0
AF	0	0.008120	67	48	19	0	0	0	0
AF	0	0.008432	94	60	34	0	0	0	0
AF	0	0.008745	58	38	20	0	0	0	0
AF	0	0.009057	99	73	26	0	0	0	0
AF	0	0.009369	55	37	18	0	0	0	0
AF	0	0.009681	101	65	36	0	0	0	0
AF	0	0.009994	46	32	14	0	0	0	0
AF	0	0.010306	73	50	23	0	0	0	0
AF	0	0.010618	41	29	12	0	0	0	0
AF	0	0.010931	77	54	23	0	0	0	0
AF	0	0.011243	26	17	9	0	0	0	0
AF	0	0.011555	39	31	8	0	0	0	0
AF	0	0.011868	23	12	11	0	0	0	0
AF	0	0.012180	39	24	15	0	0	0	0
AF	0	0.012492	25	19	6	0	0	0	0
AF	0	0.012804	48	37	11	0	0	0	0
AF	0	0.013117	20	13	7	0	0	0	0
AF	0	0.013429	56	38	18	0	0	0	0
AF	0	0.013741	18	14	4	0	0	0	0
AF	0	0.014054	36	25	11	0	0	0	0
AF	0	0.014366	12	9	3	0	0	0	0
AF	0	0.014678	40	24	16	0	0	0	0
AF	0	0.014991	19	13	6	0	0	0	0
AF	0	0.015303	45	30	15	0	0	0	0
AF	0	0.015615	15	11	4	0	0	0	0
AF	0	0.015928	48	31	17	0	0	0	0
AF	0	0.016240	17	13	4	0	0	0	0
AF	0	0.016552	33	19	14	0	0	0	0
AF	0	0.016864	11	6	5	0	0	0	0
AF	0	0.017177	39	24	15	0	0	0	0
AF	0	0.017489	16	9	7	0	0	0	0
AF	0	0.017801	30	19	11	0	0	0	0
AF	0	0.018114	15	11	4	0	0	0	0
AF	0	0.018426	18	13	5	0	0	0	0
AF	0	0.018738	21	14	7	0	0	0	0
AF	0	0.019051	24	15	9	0	0	0	0
AF	0	0.019363	14	9	5	0	0	0	0
AF	0	0.019675	37	24	13	0	0	0	0
AF	0	0.019988	25	14	11	0	0	0	0
AF	0	0.020300	36	24	12	0	0	0	0
AF	0	0.020612	12	4	8	0	0	0	0
AF	0	0.020924	23	16	7	0	0	0	0
AF	0	0.021237	15	13	2	0	0	0	0
AF	0	0.021549	28	22	6	0	0	0	0
AF	0	0.021861	17	8	9	0	0	0	0
AF	0	0.022174	31	22	9	0	0	0	0
AF	0	0.022486	13	9	4	0	0	0	0
AF	0	0.022798	30	22	8	0	0	0	0
AF	0	0.023111	18	13	5	0	0	0	0
AF	0	0.023423	47	30	17	0	0	0	0
AF	0	0.023735	23	12	11	0	0	0	0
AF	0	0.024047	34	24	10	0	0	0	0
AF	0	0.024360	6	3	3	0	0	0	0
AF	0	0.024672	22	15	7	0	0	0	0
AF	0	0.024984	12	7	5	0	0	0	0
AF	0	0.025297	27	20	7	0	0	0	0
AF	0	0.025609	17	14	3	0	0	0	0
AF	0	0.025921	24	16	8	0	0	0	0
AF	0	0.026234	5	2	3	0	0	0	0
AF	0	0.026546	19	10	9	0	0	0	0
AF	0	0.026858	16	10	6	0	0	0	0
AF	0	0.027171	24	20	4	0	0	0	0
AF	0	0.027483	9	7	2	0	0	0	0
AF	0	0.027795	29	21	8	0	0	0	0
AF	0	0.028107	10	7	3	0	0	0	0
AF	0	0.028420	24	14	10	0	0	0	0
AF	0	0.028732	12	10	2	0	0	0	0
AF	0	0.029044	22	16	6	0	0	0	0
AF	0	0.029357	6	5	1	0	0	0	0
AF	0	0.029669	18	12	6	0	0	0	0
AF	0	0.029981	7	5	2	0	0	0	0
AF	0	0.030294	14	12	2	0	0	0	0
AF	0	0.030606	12	10	2	0	0	0	0
AF	0	0.030918	20	15	5	0	0	0	0
AF	0	0.031230	12	11	1	0	0	0	0
AF	0	0.031543	19	12	7	0	0	0	0
AF	0	0.031855	7	5	2	0	0	0	0
AF	0	0.032167	18	14	4	0	0	0	0
AF	0	0.032480	7	5	2	0	0	0	0
AF	0	0.032792	22	14	8	0	0	0	0
AF	0	0.033104	8	5	3	0	0	0	0
AF	0	0.033417	12	8	4	0	0	0	0
AF	0	0.033729	11	4	7	0	0	0	0
AF	0	0.034041	12	8	4	0	0	0	0
AF	0	0.034354	2	2	0	0	0	0	0
AF	0	0.034666	11	8	3	0	0	0	0
AF	0	0.034978	6	6	0	0	0	0	0
AF	0	0.035290	24	17	7	0	0	0	0
AF	0	0.035603	10	6	4	0	0	0	0
AF	0	0.035915	7	6	1	0	0	0	0
AF	0	0.036227	9	4	5	0	0	0	0
AF	0	0.036540	18	13	5	0	0	0	0
AF	0	0.036852	3	2	1	0	0	0	0
AF	0	0.037164	10	5	5	0	0	0	0
AF	0	0.037477	4	2	2	0	0	0	0
AF	0	0.037789	12	7	5	0	0	0	0
AF	0	0.038101	4	4	0	0	0	0	0
AF	0	0.038413	15	11	4	0	0	0	0
AF	0	0.038726	9	6	3	0	0	0	0
AF	0	0.039038	16	10	6	0	0	0	0
AF	0	0.039350	3	3	0	0	0	0	0
AF	0	0.039663	11	4	7	0	0	0	0
AF	0	0.039975	3	1	2	0	0	0	0
AF	0	0.040287	13	7	6	0	0	0	0
AF	0	0.040600	10	5	5	0	0	0	0
AF	0	0.040912	8	5	3	0	0	0	0
AF	0	0.041224	5	3	2	0	0	0	0
AF	0	0.041537	7	4	3	0	0	0	0
AF	0	0.041849	7	5	2	0	0	0	0
AF	0	0.042161	10	6	4	0	0	0	0
AF	0	0.042473	9	5	4	0	0	0	0
AF	0	0.042786	9	6	3	0	0	0	0
AF	0	0.043098	6	4	2	0	0	0	0
AF	0	0.043410	4	3	1	0	0	0	0
AF	0	0.043723	3	2	1	0	0	0	0
AF	0	0.044035	6	5	1	0	0	0	0
AF	0	0.044347	2	2	0	0	0	0	0
AF	0	0.044660	5	4	1	0	0	0	0
AF	0	0.044972	3	3	0	0	0	0	0
AF	0	0.045284	8	6	2	0	0	0	0
AF	0	0.045597	10	7	3	0	0	0	0
AF	0	0.045909	13	9	4	0	0	0	0
AF	0	0.046221	10	5	5	0	0	0	0
AF	0	0.046533	3	2	1	0	0	0	0
AF	0	0.046846	3	2	1	0	0	0	0
AF	0	0.047158	3	3	0	0	0	0	0
AF	0	0.047470	3	2	1	0	0	0	0
AF	0	0.047783	2	2	0	0	0	0	0
AF	0	0.048095	2	2	0	0	0	0	0
AF	0	0.048407	3	3	0	0	0	0	0
AF	0	0.048720	1	1	0	0	0	0	0
AF	0	0.049032	9	4	5	0	0	0	0
AF	0	0.049344	6	3	3	0	0	0	0
AF	0	0.049656	7	3	4	0	0	0	0
AF	0	0.049969	2	1	1	0	0	0	0
AF	0	0.050281	6	3	3	0	0	0	0
AF	0	0.050593	1	0	1	0	0	0	0
AF	0	0.050906	11	6	5	0	0	0	0
AF	0	0.051218	6	4	2	0	0	0	0
AF	0	0.051530	7	5	2	0	0	0	0
AF	0	0.052155	7	5	2	0	0	0	0
AF	0	0.052467	1	0	1	0	0	0	0
AF	0	0.052780	3	1	2	0	0	0	0
AF	0	0.053092	2	1	1	0	0	0	0
AF	0	0.053404	6	5	1	0	0	0	0
AF	0	0.053716	5	2	3	0	0	0	0
AF	0	0.054029	11	9	2	0	0	0	0
AF	0	0.054341	6	5	1	0	0	0	0
AF	0	0.054653	5	5	0	0	0	0	0
AF	0	0.054966	2	1	1	0	0	0	0
AF	0	0.055278	13	7	6	0	0	0	0
AF	0	0.055590	2	1	1	0	0	0	0
AF	0	0.055903	8	7	1	0	0	0	0
AF	0	0.056215	2	2	0	0	0	0	0
AF	0	0.056527	11	10	1	0	0	0	0
AF	0	0.056839	1	0	1	0	0	0	0
AF	0	0.057152	6	5	1	0	0	0	0
AF	0	0.057464	1	1	0	0	0	0	0
AF	0	0.057776	7	3	4	0	0	0	0
AF	0	0.058089	5	3	2	0	0	0	0
AF	0	0.058401	5	3	2	0	0	0	0
AF	0	0.058713	4	3	1	0	0	0	0
AF	0	0.059026	6	6	0	0	0	0	0
AF	0	0.059338	5	4	1	0	0	0	0
AF	0	0.059650	7	5	2	0	0	0	0
AF	0	0.059963	1	1	0	0	0	0	0
AF	0	0.060275	9	8	1	0	0	0	0
AF	0	0.060587	3	2	1	0	0	0	0
AF	0	0.060899	3	2	1	0	0	0	0
AF	0	0.061212	4	3	1	0	0	0	0
AF	0	0.061524	8	6	2	0	0	0	0
AF	0	0.062149	3	1	2	0	0	0	0
AF	0	0.062461	1	1	0	0	0	0	0
AF	0	0.062773	8	5	3	0	0	0	0
AF	0	0.063086	1	1	0	0	0	0	0
AF	0	0.063398	7	4	3	0	0	0	0
AF	0	0.063710	3	3	0	0	0	0	0
AF	0	0.064022	2	1	1	0	0	0	0
AF	0	0.064647	14	10	4	0	0	0	0
AF	0	0.064959	5	3	2	0	0	0	0
AF	0	0.065272	5	4	1	0	0	0	0
AF	0	0.065584	3	1	2	0	0	0	0
AF	0	0.065896	5	4	1	0	0	0	0
AF	0	0.066209	1	1	0	0	0	0	0
AF	0	0.066521	5	3	2	0	0	0	0
AF	0	0.066833	1	0	1	0	0	0	0
AF	0	0.067146	7	4	3	0	0	0	0
AF	0	0.067458	1	0	1	0	0	0	0
AF	0	0.067770	6	5	1	0	0	0	0
AF	0	0.068082	2	1	1	0	0	0	0
AF	0	0.068395	3	3	0	0	0	0	0
AF	0	0.068707	2	1	1	0	0	0	0
AF	0	0.069019	3	3	0	0	0	0	0
AF	0	0.069644	2	1	1	0	0	0	0
AF	0	0.069956	1	1	0	0	0	0	0
AF	0	0.070269	1	1	0	0	0	0	0
AF	0	0.070581	1	1	0	0	0	0	0
AF	0	0.070893	24	16	8	0	0	0	0
AF	0	0.071205	3	2	1	0	0	0	0
AF	0	0.071518	2	2	0	0	0	0	0
AF	0	0.071830	1	1	0	0	0	0	0
AF	0	0.072142	6	3	3	0	0	0	0
AF	0	0.072455	1	0	1	0	0	0	0
AF	0	0.072767	3	0	3	0	0	0	0
AF	0	0.073079	1	1	0	0	0	0	0
AF	0	0.073392	7	6	1	0	0	0	0
AF	0	0.073704	1	1	0	0	0	0	0
AF	0	0.074016	4	1	3	0	0	0	0
AF	0	0.074641	5	3	2	0	0	0	0
AF	0	0.074953	1	0	1	0	0	0	0
AF	0	0.075265	4	2	2	0	0	0	0
AF	0	0.075578	2	1	1	0	0	0	0
AF	0	0.075890	5	4	1	0	0	0	0
AF	0	0.076202	1	1	0	0	0	0	0
AF	0	0.076515	6	5	1	0	0	0	0
AF	0	0.076827	3	3	0	0	0	0	0
AF	0	0.077139	5	4	1	0	0	0	0
AF	0	0.077764	4	2	2	0	0	0	0
AF	0	0.078076	1	1	0	0	0	0	0
AF	0	0.078389	1	1	0	0	0	0	0
AF	0	0.078701	1	0	1	0	0	0	0
AF	0	0.079013	2	0	2	0	0	0	0
AF	0	0.079325	3	3	0	0	0	0	0
AF	0	0.079638	1	0	1	0	0	0	0
AF	0	0.079950	2	1	1	0	0	0	0
AF	0	0.080262	1	0	1	0	0	0	0
AF	0	0.080887	2	1	1	0	0	0	0
AF	0	0.081199	1	0	1	0	0	0	0
AF	0	0.081512	2	1	1	0	0	0	0
AF	0	0.082136	2	1	1	0	0	0	0
AF	0	0.082761	1	1	0	0	0	0	0
AF	0	0.083073	2	1	1	0	0	0	0
AF	0	0.083385	5	3	2	0	0	0	0
AF	0	0.083698	1	1	0	0	0	0	0
AF	0	0.084010	4	2	2	0	0	0	0
AF	0	0.084322	2	0	2	0	0	0	0
AF	0	0.084635	1	1	0	0	0	0	0
AF	0	0.084947	1	0	1	0	0	0	0
AF	0	0.085259	3	1	2	0	0	0	0
AF	0	0.085572	1	1	0	0	0	0	0
AF	0	0.085884	1	0	1	0	0	0	0
AF	0	0.086196	1	0	1	0	0	0	0
AF	0	0.086508	1	0	1	0	0	0	0
AF	0	0.086821	2	2	0	0	0	0	0
AF	0	0.087133	1	1	0	0	0	0	0
AF	0	0.087758	2	1	1	0	0	0	0
AF	0	0.088382	1	1	0	0	0	0	0
AF	0	0.089007	4	4	0	0	0	0	0
AF	0	0.089631	4	4	0	0	0	0	0
AF	0	0.090256	1	1	0	0	0	0	0
AF	0	0.090881	1	0	1	0	0	0	0
AF	0	0.091193	2	0	2	0	0	0	0
AF	0	0.091505	1	1	0	0	0	0	0
AF	0	0.091818	1	1	0	0	0	0	0
AF	0	0.092130	3	1	2	0	0	0	0
AF	0	0.092442	2	2	0	0	0	0	0
AF	0	0.092755	3	2	1	0	0	0	0
AF	0	0.093067	3	2	1	0	0	0	0
AF	0	0.093379	5	4	1	0	0	0	0
AF	0	0.094316	1	0	1	0	0	0	0
AF	0	0.094628	5	2	3	0	0	0	0
AF	0	0.095253	1	1	0	0	0	0	0
AF	0	0.095878	2	1	1	0	0	0	0
AF	0	0.096190	1	0	1	0	0	0	0
AF	0	0.096502	3	1	2	0	0	0	0
AF	0	0.096814	2	2	0	0	0	0	0
AF	0	0.097127	1	0	1	0	0	0	0
AF	0	0.097439	1	1	0	0	0	0	0
AF	0	0.097751	4	4	0	0	0	0	0
AF	0	0.098376	2	2	0	0	0	0	0
AF	0	0.098688	1	1	0	0	0	0	0
AF	0	0.099938	2	2	0	0	0	0	0
AF	0	0.100250	3	1	2	0	0	0	0
AF	0	0.100874	2	1	1	0	0	0	0
AF	0	0.102124	1	0	1	0	0	0	0
AF	0	0.102436	2	0	2	0	0	0	0
AF	0	0.102748	2	0	2	0	0	0	0
AF	0	0.103061	1	0	1	0	0	0	0
AF	0	0.103373	2	2	0	0	0	0	0
AF	0	0.103998	2	1	1	0	0	0	0
AF	0	0.104310	1	0	1	0	0	0	0
AF	0	0.104622	2	1	1	0	0	0	0
AF	0	0.104934	1	1	0	0	0	0	0
AF	0	0.105559	3	0	3	0	0	0	0
AF	0	0.105871	3	3	0	0	0	0	0
AF	0	0.106496	2	1	1	0	0	0	0
AF	0	0.106808	2	1	1	0	0	0	0
AF	0	0.107121	2	0	2	0	0	0	0
AF	0	0.107745	3	2	1	0	0	0	0
AF	0	0.108057	2	2	0	0	0	0	0
AF	0	0.108370	1	0	1	0	0	0	0
AF	0	0.109307	1	1	0	0	0	0	0
AF	0	0.109619	2	2	0	0	0	0	0
AF	0	0.109931	1	1	0	0	0	0	0
AF	0	0.110244	1	0	1	0	0	0	0
AF	0	0.111181	6	5	1	0	0	0	0
AF	0	0.111493	1	1	0	0	0	0	0
AF	0	0.111805	3	2	1	0	0	0	0
AF	0	0.112117	1	0	1	0	0	0	0
AF	0	0.112430	5	3	2	0	0	0	0
AF	0	0.112742	3	2	1	0	0	0	0
AF	0	0.113054	4	3	1	0	0	0	0
AF	0	0.113367	3	3	0	0	0	0	0
AF	0	0.113679	1	1	0	0	0	0	0
AF	0	0.114304	2	2	0	0	0	0	0
AF	0	0.114616	3	1	2	0	0	0	0
AF	0	0.114928	3	2	1	0	0	0	0
AF	0	0.115865	1	1	0	0	0	0	0
AF	0	0.116177	3	2	1	0	0	0	0
AF	0	0.116490	1	0	1	0	0	0	0
AF	0	0.117114	1	1	0	0	0	0	0
AF	0	0.117427	2	2	0	0	0	0	0
AF	0	0.118051	2	1	1	0	0	0	0
AF	0	0.118364	2	1	1	0	0	0	0
AF	0	0.119300	4	2	2	0	0	0	0
AF	0	0.119925	2	2	0	0	0	0	0
AF	0	0.120550	1	0	1	0	0	0	0
AF	0	0.121174	1	1	0	0	0	0	0
AF	0	0.121799	1	0	1	0	0	0	0
AF	0	0.122423	3	1	2	0	0	0	0
AF	0	0.123048	1	0	1	0	0	0	0
AF	0	0.123360	1	0	1	0	0	0	0
AF	0	0.124297	3	2	1	0	0	0	0
AF	0	0.124610	1	1	0	0	0	0	0
AF	0	0.125547	1	1	0	0	0	0	0
AF	0	0.126171	2	1	1	0	0	0	0
AF	0	0.126796	1	1	0	0	0	0	0
AF	0	0.127108	2	1	1	0	0	0	0
AF	0	0.127420	3	2	1	0	0	0	0
AF	0	0.127733	1	1	0	0	0	0	0
AF	0	0.128357	1	0	1	0	0	0	0
AF	0	0.128670	2	2	0	0	0	0	0
AF	0	0.128982	1	1	0	0	0	0	0
AF	0	0.129294	1	1	0	0	0	0	0
AF	0	0.129919	2	0	2	0	0	0	0
AF	0	0.130543	1	0	1	0	0	0	0
AF	0	0.131793	1	1	0	0	0	0	0
AF	0	0.132105	1	1	0	0	0	0	0
AF	0	0.132417	1	1	0	0	0	0	0
AF	0	0.133979	1	0	1	0	0	0	0
AF	0	0.134603	1	0	1	0	0	0	0
AF	0	0.134916	3	3	0	0	0	0	0
AF	0	0.135228	2	2	0	0	0	0	0
AF	0	0.135540	3	2	1	0	0	0	0
AF	0	0.135853	1	1	0	0	0	0	0
AF	0	0.136165	1	1	0	0	0	0	0
AF	0	0.136790	1	1	0	0	0	0	0
AF	0	0.137102	1	1	0	0	0	0	0
AF	0	0.137726	1	1	0	0	0	0	0
AF	0	0.138663	5	2	3	0	0	0	0
AF	0	0.139288	3	2	1	0	0	0	0
AF	0	0.139600	1	1	0	0	0	0	0
AF	0	0.139913	1	1	0	0	0	0	0
AF	0	0.140225	1	1	0	0	0	0	0
AF	0	0.140537	2	0	2	0	0	0	0
AF	0	0.141162	3	1	2	0	0	0	0
AF	0	0.141786	2	2	0	0	0	0	0
AF	0	0.142411	1	1	0	0	0	0	0
AF	0	0.143036	1	0	1	0	0	0	0
AF	0	0.143348	1	0	1	0	0	0	0
AF	0	0.143660	1	1	0	0	0	0	0
AF	0	0.144285	1	1	0	0	0	0	0
AF	0	0.145222	1	1	0	0	0	0	0
AF	0	0.145846	1	1	0	0	0	0	0
AF	0	0.146159	2	2	0	0	0	0	0
AF	0	0.146783	1	1	0	0	0	0	0
AF	0	0.147096	2	2	0	0	0	0	0
AF	0	0.147408	2	2	0	0	0	0	0
AF	0	0.148032	6	5	1	0	0	0	0
AF	0	0.148657	1	0	1	0	0	0	0
AF	0	0.150843	2	2	0	0	0	0	0
AF	0	0.151156	3	1	2	0	0	0	0
AF	0	0.151468	2	1	1	0	0	0	0
AF	0	0.151780	1	0	1	0	0	0	0
AF	0	0.152092	1	0	1	0	0	0	0
AF	0	0.152405	4	3	1	0	0	0	0
AF	0	0.153654	1	0	1	0	0	0	0
AF	0	0.153966	1	1	0	0	0	0	0
AF	0	0.154279	2	2	0	0	0	0	0
AF	0	0.154591	2	2	0	0	0	0	0
AF	0	0.154903	1	0	1	0	0	0	0
AF	0	0.155215	2	1	1	0	0	0	0
AF	0	0.155840	1	0	1	0	0	0	0
AF	0	0.156152	1	1	0	0	0	0	0
AF	0	0.156777	2	0	2	0	0	0	0
AF	0	0.157089	2	1	1	0	0	0	0
AF	0	0.157402	1	0	1	0	0	0	0
AF	0	0.157714	2	2	0	0	0	0	0
AF	0	0.158026	3	3	0	0	0	0	0
AF	0	0.158651	1	1	0	0	0	0	0
AF	0	0.158963	1	0	1	0	0	0	0
AF	0	0.159588	2	1	1	0	0	0	0
AF	0	0.159900	2	1	1	0	0	0	0
AF	0	0.160525	2	1	1	0	0	0	0
AF	0	0.160837	2	2	0	0	0	0	0
AF	0	0.161149	2	1	1	0	0	0	0
AF	0	0.161774	1	0	1	0	0	0	0
AF	0	0.162399	4	4	0	0	0	0	0
AF	0	0.162711	1	1	0	0	0	0	0
AF	0	0.163023	2	1	1	0	0	0	0
AF	0	0.163648	3	3	0	0	0	0	0
AF	0	0.164272	1	1	0	0	0	0	0
AF	0	0.164585	2	2	0	0	0	0	0
AF	0	0.166146	1	1	0	0	0	0	0
AF	0	0.166458	1	1	0	0	0	0	0
AF	0	0.166771	1	0	1	0	0	0	0
AF	0	0.167395	1	1	0	0	0	0	0
AF	0	0.167708	1	0	1	0	0	0	0
AF	0	0.168020	1	1	0	0	0	0	0
AF	0	0.168645	1	1	0	0	0	0	0
AF	0	0.169894	2	0	2	0	0	0	0
AF	0	0.170518	1	0	1	0	0	0	0
AF	0	0.171143	1	0	1	0	0	0	0
AF	0	0.171455	1	1	0	0	0	0	0
AF	0	0.171768	1	0	1	0	0	0	0
AF	0	0.172392	1	1	0	0	0	0	0
AF	0	0.173017	1	1	0	0	0	0	0
AF	0	0.173641	2	1	1	0	0	0	0
AF	0	0.173954	1	0	1	0	0	0	0
AF	0	0.174266	8	4	4	0	0	0	0
AF	0	0.174891	4	4	0	0	0	0	0
AF	0	0.175515	1	1	0	0	0	0	0
AF	0	0.175828	1	1	0	0	0	0	0
AF	0	0.176140	2	1	1	0	0	0	0
AF	0	0.176765	3	1	2	0	0	0	0
AF	0	0.177701	1	1	0	0	0	0	0
AF	0	0.178014	2	1	1	0	0	0	0
AF	0	0.178326	3	3	0	0	0	0	0
AF	0	0.178638	1	0	1	0	0	0	0
AF	0	0.179888	1	0	1	0	0	0	0
AF	0	0.180200	2	2	0	0	0	0	0
AF	0	0.180512	1	1	0	0	0	0	0
AF	0	0.180824	1	1	0	0	0	0	0
AF	0	0.181137	1	1	0	0	0	0	0
AF	0	0.181761	2	0	2	0	0	0	0
AF	0	0.182386	5	3	2	0	0	0	0
AF	0	0.182698	2	2	0	0	0	0	0
AF	0	0.183323	1	1	0	0	0	0	0
AF	0	0.184572	1	1	0	0	0	0	0
AF	0	0.185509	2	1	1	0	0	0	0
AF	0	0.185821	1	1	0	0	0	0	0
AF	0	0.186134	1	1	0	0	0	0	0
AF	0	0.186758	1	1	0	0	0	0	0
AF	0	0.187383	1	1	0	0	0	0	0
AF	0	0.188944	2	0	2	0	0	0	0
AF	0	0.189257	2	1	1	0	0	0	0
AF	0	0.189569	1	0	1	0	0	0	0
AF	0	0.189881	2	2	0	0	0	0	0
AF	0	0.190506	1	1	0	0	0	0	0
AF	0	0.191131	3	2	1	0	0	0	0
AF	0	0.191755	2	1	1	0	0	0	0
AF	0	0.192692	1	0	1	0	0	0	0
AF	0	0.193004	1	0	1	0	0	0	0
AF	0	0.194254	1	0	1	0	0	0	0
AF	0	0.194566	1	0	1	0	0	0	0
AF	0	0.195191	1	0	1	0	0	0	0
AF	0	0.196127	2	2	0	0	0	0	0
AF	0	0.196440	3	2	1	0	0	0	0
AF	0	0.198626	1	1	0	0	0	0	0
AF	0	0.199250	1	0	1	0	0	0	0
AF	0	0.200500	1	1	0	0	0	0	0
AF	0	0.200812	1	1	0	0	0	0	0
AF	0	0.201437	1	0	1	0	0	0	0
AF	0	0.201749	2	2	0	0	0	0	0
AF	0	0.202061	1	1	0	0	0	0	0
AF	0	0.202374	3	3	0	0	0	0	0
AF	0	0.202686	1	1	0	0	0	0	0
AF	0	0.202998	1	0	1	0	0	0	0
AF	0	0.203623	1	1	0	0	0	0	0
AF	0	0.205809	2	2	0	0	0	0	0
AF	0	0.206121	2	1	1	0	0	0	0
AF	0	0.206746	1	0	1	0	0	0	0
AF	0	0.207058	1	1	0	0	0	0	0
AF	0	0.207995	1	0	1	0	0	0	0
AF	0	0.208307	1	1	0	0	0	0	0
AF	0	0.208620	1	1	0	0	0	0	0
AF	0	0.208932	1	1	0	0	0	0	0
AF	0	0.209869	3	2	1	0	0	0	0
AF	0	0.210181	1	0	1	0	0	0	0
AF	0	0.210493	1	1	0	0	0	0	0
AF	0	0.211118	4	3	1	0	0	0	0
AF	0	0.211430	1	1	0	0	0	0	0
AF	0	0.211743	1	0	1	0	0	0	0
AF	0	0.212367	2	2	0	0	0	0	0
AF	0	0.212680	1	1	0	0	0	0	0
AF	0	0.212992	2	2	0	0	0	0	0
AF	0	0.213929	1	1	0	0	0	0	0
AF	0	0.214241	1	1	0	0	0	0	0
AF	0	0.214553	4	3	1	0	0	0	0
AF	0	0.214866	2	1	1	0	0	0	0
AF	0	0.215178	1	1	0	0	0	0	0
AF	0	0.215490	4	2	2	0	0	0	0
AF	0	0.217364	4	3	1	0	0	0	0
AF	0	0.218301	1	1	0	0	0	0	0
AF	0	0.219238	1	0	1	0	0	0	0
AF	0	0.219863	1	0	1	0	0	0	0
AF	0	0.221112	1	0	1	0	0	0	0
AF	0	0.221424	1	1	0	0	0	0	0
AF	0	0.222049	1	1	0	0	0	0	0
AF	0	0.223298	1	1	0	0	0	0	0
AF	0	0.223923	1	1	0	0	0	0	0
AF	0	0.224547	1	1	0	0	0	0	0
AF	0	0.224859	1	0	1	0	0	0	0
AF	0	0.225172	2	1	1	0	0	0	0
AF	0	0.225796	1	1	0	0	0	0	0
AF	0	0.226109	1	1	0	0	0	0	0
AF	0	0.226733	2	2	0	0	0	0	0
AF	0	0.227046	1	1	0	0	0	0	0
AF	0	0.227670	1	0	1	0	0	0	0
AF	0	0.227983	1	0	1	0	0	0	0
AF	0	0.228295	1	1	0	0	0	0	0
AF	0	0.229232	2	1	1	0	0	0	0
AF	0	0.229856	1	0	1	0	0	0	0
AF	0	0.230169	3	2	1	0	0	0	0
AF	0	0.231106	1	1	0	0	0	0	0
AF	0	0.231418	1	1	0	0	0	0	0
AF	0	0.231730	2	2	0	0	0	0	0
AF	0	0.232042	1	1	0	0	0	0	0
AF	0	0.232355	1	0	1	0	0	0	0
AF	0	0.232667	1	0	1	0	0	0	0
AF	0	0.232979	1	1	0	0	0	0	0
AF	0	0.233292	1	0	1	0	0	0	0
AF	0	0.235166	2	2	0	0	0	0	0
AF	0	0.236415	4	2	2	0	0	0	0
AF	0	0.236727	2	2	0	0	0	0	0
AF	0	0.237039	3	2	1	0	0	0	0
AF	0	0.238289	1	1	0	0	0	0	0
AF	0	0.238601	1	1	0	0	0	0	0
AF	0	0.239538	4	4	0	0	0	0	0
AF	0	0.239850	2	2	0	0	0	0	0
AF	0	0.240787	2	1	1	0	0	0	0
AF	0	0.242036	1	0	1	0	0	0	0
AF	0	0.242349	1	1	0	0	0	0	0
AF	0	0.243285	2	1	1	0	0	0	0
AF	0	0.243910	1	1	0	0	0	0	0
AF	0	0.244535	2	1	1	0	0	0	0
AF	0	0.244847	1	1	0	0	0	0	0
AF	0	0.245784	2	0	2	0	0	0	0
AF	0	0.246408	1	1	0	0	0	0	0
AF	0	0.246721	1	0	1	0	0	0	0
AF	0	0.247033	2	2	0	0	0	0	0
AF	0	0.248595	1	0	1	0	0	0	0
AF	0	0.249219	1	0	1	0	0	0	0
AF	0	0.249532	1	1	0	0	0	0	0
AF	0	0.250156	1	1	0	0	0	0	0
AF	0	0.250468	1	1	0	0	0	0	0
AF	0	0.250781	2	2	0	0	0	0	0
AF	0	0.251718	2	1	1	0	0	0	0
AF	0	0.252030	1	1	0	0	0	0	0
AF	0	0.252342	1	1	0	0	0	0	0
AF	0	0.252655	1	0	1	0	0	0	0
AF	0	0.252967	1	1	0	0	0	0	0
AF	0	0.253279	3	2	1	0	0	0	0
AF	0	0.253592	3	2	1	0	0	0	0
AF	0	0.253904	2	2	0	0	0	0	0
AF	0	0.254528	6	3	3	0	0	0	0
AF	0	0.254841	6	5	1	0	0	0	0
AF	0	0.255153	12	10	2	0	0	0	0
AF	0	0.255465	2	0	2	0	0	0	0
AF	0	0.255778	14	8	6	0	0	0	0
AF	0	0.256090	3	2	1	0	0	0	0
AF	0	0.256402	6	4	2	0	0	0	0
AF	0	0.257027	2	2	0	0	0	0	0
AF	0	0.257651	7	3	4	0	0	0	0
AF	0	0.258276	2	0	2	0	0	0	0
AF	0	0.258901	1	0	1	0	0	0	0
AF	0	0.259213	1	0	1	0	0	0	0
AF	0	0.259525	4	2	2	0	0	0	0
AF	0	0.259838	1	0	1	0	0	0	0
AF	0	0.260150	1	0	1	0	0	0	0
AF	0	0.260775	2	1	1	0	0	0	0
AF	0	0.261087	1	1	0	0	0	0	0
AF	0	0.262024	1	1	0	0	0	0	0
AF	0	0.262336	2	2	0	0	0	0	0
AF	0	0.262648	2	1	1	0	0	0	0
AF	0	0.262961	1	1	0	0	0	0	0
AF	0	0.263273	1	1	0	0	0	0	0
AF	0	0.263585	1	0	1	0	0	0	0
AF	0	0.263898	2	2	0	0	0	0	0
AF	0	0.264210	1	1	0	0	0	0	0
AF	0	0.264522	1	1	0	0	0	0	0
AF	0	0.265147	1	1	0	0	0	0	0
AF	0	0.265771	1	1	0	0	0	0	0
AF	0	0.266084	1	1	0	0	0	0	0
AF	0	0.266396	1	1	0	0	0	0	0
AF	0	0.266708	1	1	0	0	0	0	0
AF	0	0.267333	1	1	0	0	0	0	0
AF	0	0.267645	2	2	0	0	0	0	0
AF	0	0.267958	2	1	1	0	0	0	0
AF	0	0.268270	2	1	1	0	0	0	0
AF	0	0.268582	1	0	1	0	0	0	0
AF	0	0.268894	1	0	1	0	0	0	0
AF	0	0.269207	1	1	0	0	0	0	0
AF	0	0.269519	2	0	2	0	0	0	0
AF	0	0.270144	4	3	1	0	0	0	0
AF	0	0.270456	1	1	0	0	0	0	0
AF	0	0.271081	1	1	0	0	0	0	0
AF	0	0.271393	1	1	0	0	0	0	0
AF	0	0.272017	1	1	0	0	0	0	0
AF	0	0.273891	2	2	0	0	0	0	0
AF	0	0.274204	4	2	2	0	0	0	0
AF	0	0.274516	1	0	1	0	0	0	0
AF	0	0.274828	2	1	1	0	0	0	0
AF	0	0.275141	3	1	2	0	0	0	0
AF	0	0.275453	3	2	1	0	0	0	0
AF	0	0.275765	1	1	0	0	0	0	0
AF	0	0.276390	1	1	0	0	0	0	0
AF	0	0.277014	1	1	0	0	0	0	0
AF	0	0.277327	1	1	0	0	0	0	0
AF	0	0.277639	1	1	0	0	0	0	0
AF	0	0.278264	2	2	0	0	0	0	0
AF	0	0.278576	1	1	0	0	0	0	0
AF	0	0.279513	1	0	1	0	0	0	0
AF	0	0.280762	1	1	0	0	0	0	0
AF	0	0.281387	2	1	1	0	0	0	0
AF	0	0.281699	1	1	0	0	0	0	0
AF	0	0.282324	1	1	0	0	0	0	0
AF	0	0.283260	3	2	1	0	0	0	0
AF	0	0.283885	1	1	0	0	0	0	0
AF	0	0.284510	2	2	0	0	0	0	0
AF	0	0.284822	1	0	1	0	0	0	0
AF	0	0.285134	1	1	0	0	0	0	0
AF	0	0.285447	1	1	0	0	0	0	0
AF	0	0.285759	1	0	1	0	0	0	0
AF	0	0.286384	1	0	1	0	0	0	0
AF	0	0.286696	1	1	0	0	0	0	0
AF	0	0.287008	2	1	1	0	0	0	0
AF	0	0.288570	1	0	1	0	0	0	0
AF	0	0.288882	1	1	0	0	0	0	0
AF	0	0.290131	2	1	1	0	0	0	0
AF	0	0.290443	1	1	0	0	0	0	0
AF	0	0.290756	1	1	0	0	0	0	0
AF	0	0.291380	1	0	1	0	0	0	0
AF	0	0.292005	2	1	1	0	0	0	0
AF	0	0.292630	3	2	1	0	0	0	0
AF	0	0.293254	1	0	1	0	0	0	0
AF	0	0.293567	1	0	1	0	0	0	0
AF	0	0.293879	1	1	0	0	0	0	0
AF	0	0.294503	1	1	0	0	0	0	0
AF	0	0.295128	3	2	1	0	0	0	0
AF	0	0.295753	1	0	1	0	0	0	0
AF	0	0.296377	1	0	1	0	0	0	0
AF	0	0.296690	2	1	1	0	0	0	0
AF	0	0.297002	1	1	0	0	0	0	0
AF	0	0.297626	2	2	0	0	0	0	0
AF	0	0.300125	2	2	0	0	0	0	0
AF	0	0.300437	1	1	0	0	0	0	0
AF	0	0.300750	2	1	1	0	0	0	0
AF	0	0.301686	1	0	1	0	0	0	0
AF	0	0.303248	2	2	0	0	0	0	0
AF	0	0.304185	1	1	0	0	0	0	0
AF	0	0.304497	1	1	0	0	0	0	0
AF	0	0.305434	1	1	0	0	0	0	0
AF	0	0.305746	1	1	0	0	0	0	0
AF	0	0.306371	1	1	0	0	0	0	0
AF	0	0.307620	3	2	1	0	0	0	0
AF	0	0.308245	1	1	0	0	0	0	0
AF	0	0.308869	5	4	1	0	0	0	0
AF	0	0.309494	2	1	1	0	0	0	0
AF	0	0.309806	3	2	1	0	0	0	0
AF	0	0.310431	1	1	0	0	0	0	0
AF	0	0.310743	3	1	2	0	0	0	0
AF	0	0.311056	1	0	1	0	0	0	0
AF	0	0.311368	2	2	0	0	0	0	0
AF	0	0.311680	1	1	0	0	0	0	0
AF	0	0.311993	1	1	0	0	0	0	0
AF	0	0.312617	1	0	1	0	0	0	0
AF	0	0.312929	1	1	0	0	0	0	0
AF	0	0.313242	1	0	1	0	0	0	0
AF	0	0.313554	1	1	0	0	0	0	0
AF	0	0.313866	2	0	2	0	0	0	0
AF	0	0.314179	2	2	0	0	0	0	0
AF	0	0.315116	2	2	0	0	0	0	0
AF	0	0.316052	1	1	0	0	0	0	0
AF	0	0.316989	1	0	1	0	0	0	0
AF	0	0.317614	3	2	1	0	0	0	0
AF	0	0.317926	1	1	0	0	0	0	0
AF	0	0.318239	1	1	0	0	0	0	0
AF	0	0.318551	1	1	0	0	0	0	0
AF	0	0.318863	5	4	1	0	0	0	0
AF	0	0.319488	2	2	0	0	0	0	0
AF	0	0.320112	1	1	0	0	0	0	0
AF	0	0.320737	3	1	2	0	0	0	0
AF	0	0.321049	1	1	0	0	0	0	0
AF	0	0.321362	1	1	0	0	0	0	0
AF	0	0.321986	1	0	1	0	0	0	0
AF	0	0.322299	1	1	0	0	0	0	0
AF	0	0.322923	1	1	0	0	0	0	0
AF	0	0.323235	3	3	0	0	0	0	0
AF	0	0.323548	1	1	0	0	0	0	0
AF	0	0.323860	2	1	1	0	0	0	0
AF	0	0.324485	1	1	0	0	0	0	0
AF	0	0.325109	1	0	1	0	0	0	0
AF	0	0.326046	1	1	0	0	0	0	0
AF	0	0.327295	2	2	0	0	0	0	0
AF	0	0.327608	3	2	1	0	0	0	0
AF	0	0.328232	1	1	0	0	0	0	0
AF	0	0.328545	1	0	1	0	0	0	0
AF	0	0.329169	2	2	0	0	0	0	0
AF	0	0.329482	2	2	0	0	0	0	0
AF	0	0.329794	1	1	0	0	0	0	0
AF	0	0.330106	3	2	1	0	0	0	0
AF	0	0.330418	1	1	0	0	0	0	0
AF	0	0.330731	2	1	1	0	0	0	0
AF	0	0.331355	1	1	0	0	0	0	0
AF	0	0.331668	2	1	1	0	0	0	0
AF	0	0.331980	4	4	0	0	0	0	0
AF	0	0.332292	3	3	0	0	0	0	0
AF	0	0.332605	3	3	0	0	0	0	0
AF	0	0.332917	2	2	0	0	0	0	0
AF	0	0.333229	3	2	1	0	0	0	0
AF	0	0.334166	1	0	1	0	0	0	0
AF	0	0.336352	3	0	3	0	0	0	0
AF	0	0.336665	3	3	0	0	0	0	0
AF	0	0.337289	3	2	1	0	0	0	0
AF	0	0.337601	2	0	2	0	0	0	0
AF	0	0.338538	1	1	0	0	0	0	0
AF	0	0.338851	2	2	0	0	0	0	0
AF	0	0.339163	2	1	1	0	0	0	0
AF	0	0.339475	1	1	0	0	0	0	0
AF	0	0.339788	3	2	1	0	0	0	0
AF	0	0.340725	2	1	1	0	0	0	0
AF	0	0.341037	3	2	1	0	0	0	0
AF	0	0.341661	3	1	2	0	0	0	0
AF	0	0.341974	1	1	0	0	0	0	0
AF	0	0.342286	2	2	0	0	0	0	0
AF	0	0.342911	2	2	0	0	0	0	0
AF	0	0.343223	1	1	0	0	0	0	0
AF	0	0.343535	1	0	1	0	0	0	0
AF	0	0.344472	1	0	1	0	0	0	0
AF	0	0.345097	1	1	0	0	0	0	0
AF	0	0.345409	2	1	1	0	0	0	0
AF	0	0.346034	1	1	0	0	0	0	0
AF	0	0.346346	1	0	1	0	0	0	0
AF	0	0.347283	2	2	0	0	0	0	0
AF	0	0.347908	1	1	0	0	0	0	0
AF	0	0.348220	1	1	0	0	0	0	0
AF	0	0.348532	2	2	0	0	0	0	0
AF	0	0.348844	1	1	0	0	0	0	0
AF	0	0.349781	1	1	0	0	0	0	0
AF	0	0.350094	1	1	0	0	0	0	0
AF	0	0.350718	1	1	0	0	0	0	0
AF	0	0.351031	1	1	0	0	0	0	0
AF	0	0.351655	1	0	1	0	0	0	0
AF	0	0.352904	2	2	0	0	0	0	0
AF	0	0.355091	1	0	1	0	0	0	0
AF	0	0.355715	1	1	0	0	0	0	0
AF	0	0.356027	1	0	1	0	0	0	0
AF	0	0.356340	2	0	2	0	0	0	0
AF	0	0.356652	1	0	1	0	0	0	0
AF	0	0.358214	1	0	1	0	0	0	0
AF	0	0.358526	1	1	0	0	0	0	0
AF	0	0.358838	1	0	1	0	0	0	0
AF	0	0.359151	2	2	0	0	0	0	0
AF	0	0.360712	1	0	1	0	0	0	0
AF	0	0.361649	2	1	1	0	0	0	0
AF	0	0.361961	1	1	0	0	0	0	0
AF	0	0.364147	1	0	1	0	0	0	0
AF	0	0.364460	1	0	1	0	0	0	0
AF	0	0.364772	1	1	0	0	0	0	0
AF	0	0.365084	1	0	1	0	0	0	0
AF	0	0.365397	1	1	0	0	0	0	0
AF	0	0.366334	1	1	0	0	0	0	0
AF	0	0.366646	1	1	0	0	0	0	0
AF	0	0.367270	1	0	1	0	0	0	0
AF	0	0.367895	1	1	0	0	0	0	0
AF	0	0.368520	3	3	0	0	0	0	0
AF	0	0.369769	2	1	1	0	0	0	0
AF	0	0.370081	1	1	0	0	0	0	0
AF	0	0.370706	1	1	0	0	0	0	0
AF	0	0.373517	1	1	0	0	0	0	0
AF	0	0.375078	2	1	1	0	0	0	0
AF	0	0.375390	1	0	1	0	0	0	0
AF	0	0.377264	1	0	1	0	0	0	0
AF	0	0.381012	1	1	0	0	0	0	0
AF	0	0.381949	1	0	1	0	0	0	0
AF	0	0.382573	1	0	1	0	0	0	0
AF	0	0.383823	1	1	0	0	0	0	0
AF	0	0.384135	1	1	0	0	0	0	0
AF	0	0.385384	1	1	0	0	0	0	0
AF	0	0.386633	1	1	0	0	0	0	0
AF	0	0.386946	1	0	1	0	0	0	0
AF	0	0.391630	1	0	1	0	0	0	0
AF	0	0.391943	1	1	0	0	0	0	0
AF	0	0.392255	1	1	0	0	0	0	0
AF	0	0.394753	1	0	1	0	0	0	0
AF	0	0.396002	1	1	0	0	0	0	0
AF	0	0.400999	1	1	0	0	0	0	0
AF	0	0.404122	2	1	1	0	0	0	0
AF	0	0.405059	1	1	0	0	0	0	0
AF	0	0.405372	1	1	0	0	0	0	0
AF	0	0.409119	1	0	1	0	0	0	0
AF	0	0.410056	1	1	0	0	0	0	0
AF	0	0.416615	1	0	1	0	0	0	0
AF	0	0.422548	1	1	0	0	0	0	0
AF	0	0.431605	1	0	1	0	0	0	0
AF	0	0.434416	1	1	0	0	0	0	0
AF	0	0.436914	1	1	0	0	0	0	0
AF	0	0.439101	1	0	1	0	0	0	0
AF	0	0.443473	1	1	0	0	0	0	0
AF	0	0.444097	2	1	1	0	0	0	0
AF	0	0.445034	1	0	1	0	0	0	0
AF	0	0.445659	1	0	1	0	0	0	0
AF	0	0.445971	2	1	1	0	0	0	0
AF	0	0.446596	1	1	0	0	0	0	0
AF	0	0.447533	2	1	1	0	0	0	0
AF	0	0.448157	1	0	1	0	0	0	0
AF	0	0.448470	1	0	1	0	0	0	0
AF	0	0.448782	1	0	1	0	0	0	0
AF	0	0.450031	1	1	0	0	0	0	0
AF	0	0.452530	1	1	0	0	0	0	0
AF	0	0.454403	1	1	0	0	0	0	0
AF	0	0.455028	2	2	0	0	0	0	0
AF	0	0.455965	1	1	0	0	0	0	0
AF	0	0.456902	1	0	1	0	0	0	0
AF	0	0.457839	3	0	3	0	0	0	0
AF	0	0.459400	1	1	0	0	0	0	0
AF	0	0.459713	1	1	0	0	0	0	0
AF	0	0.464085	1	1	0	0	0	0	0
AF	0	0.466583	1	0	1	0	0	0	0
AF	0	0.467208	1	1	0	0	0	0	0
AF	0	0.467520	1	1	0	0	0	0	0
AF	0	0.471268	1	1	0	0	0	0	0
AF	0	0.471893	1	1	0	0	0	0	0
AF	0	0.472517	1	1	0	0	0	0	0
AF	0	0.473142	1	1	0	0	0	0	0
AF	0	0.473766	1	1	0	0	0	0	0
AF	0	0.475640	1	1	0	0	0	0	0
AF	0	0.482511	1	1	0	0	0	0	0
AF	0	0.483136	1	0	1	0	0	0	0
AF	0	0.483448	1	1	0	0	0	0	0
AF	0	0.483760	4	4	0	0	0	0	0
AF	0	0.484385	2	1	1	0	0	0	0
AF	0	0.486883	1	1	0	0	0	0	0
AF	0	0.487196	1	1	0	0	0	0	0
AF	0	0.487508	1	1	0	0	0	0	0
AF	0	0.488132	1	1	0	0	0	0	0
AF	0	0.488757	1	1	0	0	0	0	0
AF	0	0.489069	1	0	1	0	0	0	0
AF	0	0.496877	1	1	0	0	0	0	0
AF	0	0.497814	1	1	0	0	0	0	0
AF	0	0.504685	1	1	0	0	0	0	0
AF	0	0.504997	1	1	0	0	0	0	0
AF	0	0.506871	2	1	1	0	0	0	0
AF	0	0.507808	1	0	1	0	0	0	0
AF	0	0.509369	2	2	0	0	0	0	0
AF	0	0.514366	1	1	0	0	0	0	0
AF	0	0.514678	1	0	1	0	0	0	0
AF	0	0.524672	1	1	0	0	0	0	0
AF	0	0.527171	1	1	0	0	0	0	0
AF	0	0.535290	1	1	0	0	0	0	0
AF	0	0.536227	1	1	0	0	0	0	0
AF	0	0.537164	2	2	0	0	0	0	0
AF	0	0.537477	1	1	0	0	0	0	0
AF	0	0.540287	1	0	1	0	0	0	0
AF	0	0.540600	1	1	0	0	0	0	0
AF	0	0.541224	1	1	0	0	0	0	0
AF	0	0.541537	1	1	0	0	0	0	0
AF	0	0.541849	1	1	0	0	0	0	0
AF	0	0.543723	1	1	0	0	0	0	0
AF	0	0.544347	3	1	2	0	0	0	0
AF	0	0.545597	1	1	0	0	0	0	0
AF	0	0.547783	1	0	1	0	0	0	0
AF	0	0.548407	1	0	1	0	0	0	0
AF	0	0.549344	1	1	0	0	0	0	0
AF	0	0.550281	1	1	0	0	0	0	0
AF	0	0.551530	2	1	1	0	0	0	0
AF	0	0.551843	5	2	3	0	0	0	0
AF	0	0.554029	1	1	0	0	0	0	0
AF	0	0.554341	1	1	0	0	0	0	0
AF	0	0.556527	1	1	0	0	0	0	0
AF	0	0.561836	1	1	0	0	0	0	0
AF	0	0.564022	2	0	2	0	0	0	0
AF	0	0.565272	1	1	0	0	0	0	0
AF	0	0.565896	1	1	0	0	0	0	0
AF	0	0.566209	2	0	2	0	0	0	0
AF	0	0.569019	2	1	1	0	0	0	0
AF	0	0.569956	1	1	0	0	0	0	0
AF	0	0.574641	1	1	0	0	0	0	0
AF	0	0.580262	2	1	1	0	0	0	0
AF	0	0.581512	1	1	0	0	0	0	0
AF	0	0.584010	2	0	2	0	0	0	0
AF	0	0.584322	1	1	0	0	0	0	0
AF	0	0.588382	1	0	1	0	0	0	0
AF	0	0.588695	1	1	0	0	0	0	0
AF	0	0.589944	1	1	0	0	0	0	0
AF	0	0.593691	1	1	0	0	0	0	0
AF	0	0.594316	1	0	1	0	0	0	0
AF	0	0.594628	1	1	0	0	0	0	0
AF	0	0.595253	1	0	1	0	0	0	0
AF	0	0.595878	1	1	0	0	0	0	0
AF	0	0.597439	1	1	0	0	0	0	0
AF	0	0.597751	1	1	0	0	0	0	0
AF	0	0.602124	1	1	0	0	0	0	0
AF	0	0.604934	1	1	0	0	0	0	0
AF	0	0.607121	1	1	0	0	0	0	0
AF	0	0.608370	2	1	1	0	0	0	0
AF	0	0.611181	1	1	0	0	0	0	0
AF	0	0.612117	1	0	1	0	0	0	0
AF	0	0.613991	1	1	0	0	0	0	0
AF	0	0.621487	1	1	0	0	0	0	0
AF	0	0.622111	1	0	1	0	0	0	0
AF	0	0.623360	1	1	0	0	0	0	0
AF	0	0.624610	1	0	1	0	0	0	0
AF	0	0.633354	1	1	0	0	0	0	0
AF	0	0.643036	1	0	1	0	0	0	0
AF	0	0.643348	1	1	0	0	0	0	0
AF	0	0.645846	1	1	0	0	0	0	0
AF	0	0.646471	1	0	1	0	0	0	0
AF	0	0.649594	1	1	0	0	0	0	0
AF	0	0.651468	1	0	1	0	0	0	0
AF	0	0.651780	1	1	0	0	0	0	0
AF	0	0.653966	2	2	0	0	0	0	0
AF	0	0.657714	1	1	0	0	0	0	0
AF	0	0.663960	1	1	0	0	0	0	0
AF	0	0.667708	2	2	0	0	0	0	0
AF	0	0.668020	1	0	1	0	0	0	0
AF	0	0.668645	1	1	0	0	0	0	0
AF	0	0.672392	1	1	0	0	0	0	0
AF	0	0.673017	1	0	1	0	0	0	0
AF	0	0.673329	1	1	0	0	0	0	0
AF	0	0.683011	1	1	0	0	0	0	0
AF	0	0.687695	1	0	1	0	0	0	0
AF	0	0.692067	1	0	1	0	0	0	0
AF	0	0.695815	1	1	0	0	0	0	0
AF	0	0.700187	1	1	0	0	0	0	0
AF	0	0.701749	1	1	0	0	0	0	0
AF	0	0.737352	1	0	1	0	0	0	0
AF	0	0.747345	1	0	1	0	0	0	0
AF	0	0.753592	1	1	0	0	0	0	0
AF	0	0.753904	1	1	0	0	0	0	0
AF	0	0.777951	1	1	0	0	0	0	0
AF	0	0.780137	1	1	0	0	0	0	0
AF	0	0.780762	1	1	0	0	0	0	0
AF	0	0.813866	1	1	0	0	0	0	0
AF	0	0.821986	1	1	0	0	0	0	0
AF	0	0.822299	1	0	1	0	0	0	0
AF	0	0.824172	1	1	0	0	0	0	0
AF	0	0.829169	1	1	0	0	0	0	0
AF	0	0.829482	1	1	0	0	0	0	0
AF	0	0.831043	1	1	0	0	0	0	0
AF	0	0.831668	1	1	0	0	0	0	0
AF	0	0.833854	1	1	0	0	0	0	0
AF	0	0.836352	1	1	0	0	0	0	0
AF	0	0.836977	1	0	1	0	0	0	0
AF	0	0.842286	1	0	1	0	0	0	0
AF	0	0.856027	1	1	0	0	0	0	0
AF	0	0.857589	1	0	1	0	0	0	0
AF	0	0.859463	1	1	0	0	0	0	0
AF	0	0.866646	1	1	0	0	0	0	0
AF	0	0.881949	1	1	0	0	0	0	0
AF	0	0.885072	1	0	1	0	0	0	0
AF	0	0.887258	2	2	0	0	0	0	0
AF	0	0.887570	1	1	0	0	0	0	0
AF	0	0.887883	1	0	1	0	0	0	0
AF	0	0.888195	1	1	0	0	0	0	0
AF	0	0.937539	1	1	0	0	0	0	0
AF	0	0.941911	1	0	1	0	0	0	0
AF	0	0.942536	1	0	1	0	0	0	0
AF	0	0.948470	1	1	0	0	0	0	0
AF	0	0.950968	2	2	0	0	0	0	0
AF	0	0.952842	1	1	0	0	0	0	0
AF	0	0.960025	1	1	0	0	0	0	0
AF	0	0.960650	1	0	1	0	0	0	0
AF	0	0.962523	1	1	0	0	0	0	0
AF	0	0.965334	1	1	0	0	0	0	0
AF	0	0.966583	1	0	1	0	0	0	0
AF	0	0.969082	2	1	1	0	0	0	0
AF	0	0.969394	1	0	1	0	0	0	0
AF	0	0.974391	1	0	1	0	0	0	0
AF	0	0.974703	1	1	0	0	0	0	0
AF	0	0.975640	1	1	0	0	0	0	0
AF	0	0.977202	2	1	1	0	0	0	0
AF	0	0.977514	2	1	1	0	0	0	0
AF	0	0.980637	1	1	0	0	0	0	0
AF	0	0.981574	1	1	0	0	0	0	0
AF	0	0.982823	1	0	1	0	0	0	0
AF	0	0.990631	1	0	1	0	0	0	0
AF	0	0.995940	3	1	2	0	0	0	0
AF	0	0.996252	1	1	0	0	0	0	0
AF	0	0.996565	1	1	0	0	0	0	0
AF	0	0.997189	1	1	0	0	0	0	0
AF	0	0.997814	1	0	1	0	0	0	0
AF	0	0.998438	1	1	0	0	0	0	0
AF	0	0.998751	1	1	0	0	0	0	0
AF	0	0.999063	3	3	0	0	0	0	0
# QUAL, Stats by quality
# QUAL	[2]id	[3]Quality	[4]number of SNPs	[5]number of transitions (1st ALT)	[6]number of transversions (1st ALT)	[7]number of indels
QUAL	0	.	15355	10733	4622	0
# IDD, InDel distribution:
# IDD	[2]id	[3]length (deletions negative)	[4]number of sites	[5]number of genotypes	[6]mean VAF
# ST, Substitution types:
# ST	[2]id	[3]type	[4]count
ST	0	A>C	544
ST	0	A>G	1780
ST	0	A>T	500
ST	0	C>A	730
ST	0	C>G	591
ST	0	C>T	3299
ST	0	G>A	3373
ST	0	G>C	689
ST	0	G>T	556
ST	0	T>A	512
ST	0	T>C	2281
ST	0	T>G	500
# DP, Depth distribution
# DP	[2]id	[3]bin	[4]number of genotypes	[5]fraction of genotypes (%)	[6]number of sites	[7]fraction of sites (%)
  - Fix haploid genotypes in males...

Submit MakeDiploidMalesX finished successfully. Let's have a beer, buddy!

