Submit MakeDiploidMalesX
version 1.1.6 (2024-09-30)

These are the settings:
  Input file................: /hpc/local/Rocky8/dhl_ec/software/MonopogenLite/resources/1kGP_high_coverage_Illumina.SNVonly_poly.filtered_AF_5e-04.norm.fixvariantid.chrX.vcf.gz
  Output file...............: /hpc/local/Rocky8/dhl_ec/software/MonopogenLite/resources/1kGP_high_coverage_Illumina.SNVonly_poly.filtered_AF_5e-04.norm.fixvariantid.makediploid.chrX.vcf.gz
  Chunk size................: 100

  SLURM CPUs................: 4
  SLURM Array ID............: 9 (of 100)
  SLURM memory..............: 16G
  SLURM time................: 01:00:00
  SLURM mail type...........: FAIL
  SLURM mail user...........: s.w.vanderlaan-2@umcutrecht.nl

  Dry run mode..............: 0
  Debug mode................: 1
  Verbosity.................: 0
  Version...................: 1.1.6 (2024-09-30)

Making converting haploid genotypes to diploid genotypes.
> Extract the region for this SLURM task (# 9) from the BED file.
  - Get the chunk number from the SLURM array task ID and the bed file...
DEBUG: Extracting chunk number: 9p from 9
DEBUG: Extracting region from BED file: /hpc/local/Rocky8/dhl_ec/software/MonopogenLite/resources/chrX_100pieces.bed
  - Extract the region from the BED file...
DEBUG: Extracted raw region: 'chrX	12483265	14043672' (chunk #: 9p of 100 for job 9)
  - Check if a valid region was extracted -- should be 'chrX	12483265	14043672'...
  - Prepare the region for bcftools...
  - Check if the region (chrX:12483265-14043672) was successfully extracted...
> Processing region 'chrX:12483265-14043672'...
  - Process the specific region (chunk# 9) using bcftools view...
  - Index the VCF file...
DEBUG: Check if the VCF file was successfully processed...
##fileformat=VCFv4.2
##FILTER=<ID=PASS,Description="All filters passed">
##fileDate=29/01/2022 - 14:31:41
##source=shapeit4.2.2
##contig=<ID=chr1,length=248956422>
##contig=<ID=chr2,length=242193529>
##contig=<ID=chr3,length=198295559>
##contig=<ID=chr4,length=190214555>
##contig=<ID=chr5,length=181538259>
##contig=<ID=chr6,length=170805979>
# This file was produced by bcftools stats (1.20+htslib-1.20) and can be plotted using plot-vcfstats.
# The command line was:	bcftools stats  /hpc/local/Rocky8/dhl_ec/software/MonopogenLite/resources/chrX.part9.vcf.gz
#
# Definition of sets:
# ID	[2]id	[3]tab-separated file names
ID	0	/hpc/local/Rocky8/dhl_ec/software/MonopogenLite/resources/chrX.part9.vcf.gz
# SN, Summary numbers:
#   number of records   .. number of data rows in the VCF
#   number of no-ALTs   .. reference-only sites, ALT is either "." or identical to REF
#   number of SNPs      .. number of rows with a SNP
#   number of MNPs      .. number of rows with a MNP, such as CC>TT
#   number of indels    .. number of rows with an indel
#   number of others    .. number of rows with other type, for example a symbolic allele or
#                          a complex substitution, such as ACT>TCGA
#   number of multiallelic sites     .. number of rows with multiple alternate alleles
#   number of multiallelic SNP sites .. number of rows with multiple alternate alleles, all SNPs
# 
#   Note that rows containing multiple types will be counted multiple times, in each
#   counter. For example, a row with a SNP and an indel increments both the SNP and
#   the indel counter.
# 
# SN	[2]id	[3]key	[4]value
SN	0	number of samples:	3202
SN	0	number of records:	16005
SN	0	number of no-ALTs:	0
SN	0	number of SNPs:	16005
SN	0	number of MNPs:	0
SN	0	number of indels:	0
SN	0	number of others:	0
SN	0	number of multiallelic sites:	0
SN	0	number of multiallelic SNP sites:	0
# TSTV, transitions/transversions:
# TSTV	[2]id	[3]ts	[4]tv	[5]ts/tv	[6]ts (1st ALT)	[7]tv (1st ALT)	[8]ts/tv (1st ALT)
TSTV	0	11125	4880	2.28	11125	4880	2.28
# SiS, Singleton stats:
# SiS	[2]id	[3]allele count	[4]number of SNPs	[5]number of transitions	[6]number of transversions	[7]number of indels	[8]repeat-consistent	[9]repeat-inconsistent	[10]not applicable
SiS	0	1	0	0	0	0	0	0	0
# AF, Stats by non-reference allele frequency:
# AF	[2]id	[3]allele frequency	[4]number of SNPs	[5]number of transitions	[6]number of transversions	[7]number of indels	[8]repeat-consistent	[9]repeat-inconsistent	[10]not applicable
AF	0	0.000312	2446	1689	757	0	0	0	0
AF	0	0.000625	1407	994	413	0	0	0	0
AF	0	0.000937	1514	1079	435	0	0	0	0
AF	0	0.001249	553	387	166	0	0	0	0
AF	0	0.001562	778	523	255	0	0	0	0
AF	0	0.001874	306	210	96	0	0	0	0
AF	0	0.002186	510	358	152	0	0	0	0
AF	0	0.002498	238	171	67	0	0	0	0
AF	0	0.002811	370	261	109	0	0	0	0
AF	0	0.003123	189	132	57	0	0	0	0
AF	0	0.003435	326	234	92	0	0	0	0
AF	0	0.003748	145	99	46	0	0	0	0
AF	0	0.004060	226	162	64	0	0	0	0
AF	0	0.004372	107	78	29	0	0	0	0
AF	0	0.004685	202	138	64	0	0	0	0
AF	0	0.004997	117	85	32	0	0	0	0
AF	0	0.005309	201	139	62	0	0	0	0
AF	0	0.005621	66	45	21	0	0	0	0
AF	0	0.005934	201	146	55	0	0	0	0
AF	0	0.006246	77	50	27	0	0	0	0
AF	0	0.006558	158	106	52	0	0	0	0
AF	0	0.006871	60	37	23	0	0	0	0
AF	0	0.007183	125	94	31	0	0	0	0
AF	0	0.007495	41	31	10	0	0	0	0
AF	0	0.007808	118	80	38	0	0	0	0
AF	0	0.008120	37	26	11	0	0	0	0
AF	0	0.008432	102	73	29	0	0	0	0
AF	0	0.008745	33	22	11	0	0	0	0
AF	0	0.009057	93	63	30	0	0	0	0
AF	0	0.009369	51	37	14	0	0	0	0
AF	0	0.009681	90	65	25	0	0	0	0
AF	0	0.009994	42	30	12	0	0	0	0
AF	0	0.010306	82	57	25	0	0	0	0
AF	0	0.010618	47	34	13	0	0	0	0
AF	0	0.010931	59	40	19	0	0	0	0
AF	0	0.011243	31	24	7	0	0	0	0
AF	0	0.011555	81	64	17	0	0	0	0
AF	0	0.011868	31	23	8	0	0	0	0
AF	0	0.012180	59	40	19	0	0	0	0
AF	0	0.012492	26	22	4	0	0	0	0
AF	0	0.012804	57	36	21	0	0	0	0
AF	0	0.013117	18	11	7	0	0	0	0
AF	0	0.013429	73	49	24	0	0	0	0
AF	0	0.013741	27	17	10	0	0	0	0
AF	0	0.014054	64	43	21	0	0	0	0
AF	0	0.014366	28	18	10	0	0	0	0
AF	0	0.014678	45	29	16	0	0	0	0
AF	0	0.014991	29	23	6	0	0	0	0
AF	0	0.015303	61	39	22	0	0	0	0
AF	0	0.015615	19	12	7	0	0	0	0
AF	0	0.015928	47	28	19	0	0	0	0
AF	0	0.016240	17	12	5	0	0	0	0
AF	0	0.016552	41	25	16	0	0	0	0
AF	0	0.016864	24	16	8	0	0	0	0
AF	0	0.017177	33	23	10	0	0	0	0
AF	0	0.017489	26	20	6	0	0	0	0
AF	0	0.017801	38	24	14	0	0	0	0
AF	0	0.018114	10	6	4	0	0	0	0
AF	0	0.018426	27	17	10	0	0	0	0
AF	0	0.018738	6	4	2	0	0	0	0
AF	0	0.019051	26	15	11	0	0	0	0
AF	0	0.019363	10	9	1	0	0	0	0
AF	0	0.019675	28	19	9	0	0	0	0
AF	0	0.019988	7	5	2	0	0	0	0
AF	0	0.020300	28	21	7	0	0	0	0
AF	0	0.020612	15	12	3	0	0	0	0
AF	0	0.020924	25	19	6	0	0	0	0
AF	0	0.021237	19	12	7	0	0	0	0
AF	0	0.021549	31	21	10	0	0	0	0
AF	0	0.021861	26	16	10	0	0	0	0
AF	0	0.022174	61	41	20	0	0	0	0
AF	0	0.022486	10	8	2	0	0	0	0
AF	0	0.022798	25	15	10	0	0	0	0
AF	0	0.023111	14	11	3	0	0	0	0
AF	0	0.023423	23	13	10	0	0	0	0
AF	0	0.023735	19	15	4	0	0	0	0
AF	0	0.024047	23	14	9	0	0	0	0
AF	0	0.024360	12	11	1	0	0	0	0
AF	0	0.024672	18	16	2	0	0	0	0
AF	0	0.024984	9	6	3	0	0	0	0
AF	0	0.025297	30	21	9	0	0	0	0
AF	0	0.025609	12	7	5	0	0	0	0
AF	0	0.025921	21	13	8	0	0	0	0
AF	0	0.026234	10	5	5	0	0	0	0
AF	0	0.026546	13	12	1	0	0	0	0
AF	0	0.026858	5	3	2	0	0	0	0
AF	0	0.027171	13	9	4	0	0	0	0
AF	0	0.027483	5	4	1	0	0	0	0
AF	0	0.027795	19	11	8	0	0	0	0
AF	0	0.028107	14	10	4	0	0	0	0
AF	0	0.028420	19	13	6	0	0	0	0
AF	0	0.028732	6	4	2	0	0	0	0
AF	0	0.029044	18	15	3	0	0	0	0
AF	0	0.029357	12	10	2	0	0	0	0
AF	0	0.029669	23	17	6	0	0	0	0
AF	0	0.029981	6	5	1	0	0	0	0
AF	0	0.030294	17	11	6	0	0	0	0
AF	0	0.030606	7	6	1	0	0	0	0
AF	0	0.030918	28	22	6	0	0	0	0
AF	0	0.031230	14	8	6	0	0	0	0
AF	0	0.031543	26	17	9	0	0	0	0
AF	0	0.031855	9	6	3	0	0	0	0
AF	0	0.032167	7	7	0	0	0	0	0
AF	0	0.032480	8	6	2	0	0	0	0
AF	0	0.032792	14	10	4	0	0	0	0
AF	0	0.033104	6	4	2	0	0	0	0
AF	0	0.033417	16	14	2	0	0	0	0
AF	0	0.033729	10	8	2	0	0	0	0
AF	0	0.034041	12	7	5	0	0	0	0
AF	0	0.034354	13	10	3	0	0	0	0
AF	0	0.034666	8	6	2	0	0	0	0
AF	0	0.034978	11	7	4	0	0	0	0
AF	0	0.035290	13	10	3	0	0	0	0
AF	0	0.035603	4	4	0	0	0	0	0
AF	0	0.035915	20	14	6	0	0	0	0
AF	0	0.036227	9	3	6	0	0	0	0
AF	0	0.036540	20	18	2	0	0	0	0
AF	0	0.036852	8	7	1	0	0	0	0
AF	0	0.037164	25	22	3	0	0	0	0
AF	0	0.037477	8	6	2	0	0	0	0
AF	0	0.037789	16	12	4	0	0	0	0
AF	0	0.038101	7	6	1	0	0	0	0
AF	0	0.038413	11	7	4	0	0	0	0
AF	0	0.038726	4	3	1	0	0	0	0
AF	0	0.039038	8	5	3	0	0	0	0
AF	0	0.039350	3	2	1	0	0	0	0
AF	0	0.039663	7	1	6	0	0	0	0
AF	0	0.039975	9	7	2	0	0	0	0
AF	0	0.040287	8	5	3	0	0	0	0
AF	0	0.040600	9	8	1	0	0	0	0
AF	0	0.040912	10	6	4	0	0	0	0
AF	0	0.041224	5	3	2	0	0	0	0
AF	0	0.041537	13	12	1	0	0	0	0
AF	0	0.041849	4	4	0	0	0	0	0
AF	0	0.042161	4	2	2	0	0	0	0
AF	0	0.042473	3	1	2	0	0	0	0
AF	0	0.042786	11	10	1	0	0	0	0
AF	0	0.043098	3	2	1	0	0	0	0
AF	0	0.043410	8	5	3	0	0	0	0
AF	0	0.043723	3	2	1	0	0	0	0
AF	0	0.044035	11	6	5	0	0	0	0
AF	0	0.044347	6	6	0	0	0	0	0
AF	0	0.044660	9	7	2	0	0	0	0
AF	0	0.044972	3	2	1	0	0	0	0
AF	0	0.045284	14	10	4	0	0	0	0
AF	0	0.045597	4	3	1	0	0	0	0
AF	0	0.045909	5	5	0	0	0	0	0
AF	0	0.046221	3	2	1	0	0	0	0
AF	0	0.046533	4	2	2	0	0	0	0
AF	0	0.046846	2	1	1	0	0	0	0
AF	0	0.047158	19	15	4	0	0	0	0
AF	0	0.047470	6	4	2	0	0	0	0
AF	0	0.047783	8	4	4	0	0	0	0
AF	0	0.048095	7	6	1	0	0	0	0
AF	0	0.048407	14	12	2	0	0	0	0
AF	0	0.048720	3	3	0	0	0	0	0
AF	0	0.049032	10	6	4	0	0	0	0
AF	0	0.049344	9	6	3	0	0	0	0
AF	0	0.049656	3	2	1	0	0	0	0
AF	0	0.049969	3	1	2	0	0	0	0
AF	0	0.050281	1	1	0	0	0	0	0
AF	0	0.050593	1	1	0	0	0	0	0
AF	0	0.050906	5	3	2	0	0	0	0
AF	0	0.051218	4	1	3	0	0	0	0
AF	0	0.051530	10	8	2	0	0	0	0
AF	0	0.051843	6	4	2	0	0	0	0
AF	0	0.052155	7	4	3	0	0	0	0
AF	0	0.052467	3	2	1	0	0	0	0
AF	0	0.052780	5	2	3	0	0	0	0
AF	0	0.053092	4	3	1	0	0	0	0
AF	0	0.053404	3	2	1	0	0	0	0
AF	0	0.053716	3	1	2	0	0	0	0
AF	0	0.054029	7	2	5	0	0	0	0
AF	0	0.054341	4	2	2	0	0	0	0
AF	0	0.054653	8	7	1	0	0	0	0
AF	0	0.054966	5	5	0	0	0	0	0
AF	0	0.055278	3	3	0	0	0	0	0
AF	0	0.055590	9	7	2	0	0	0	0
AF	0	0.055903	17	14	3	0	0	0	0
AF	0	0.056215	9	8	1	0	0	0	0
AF	0	0.056527	6	5	1	0	0	0	0
AF	0	0.056839	5	3	2	0	0	0	0
AF	0	0.057152	8	4	4	0	0	0	0
AF	0	0.057464	5	1	4	0	0	0	0
AF	0	0.057776	7	5	2	0	0	0	0
AF	0	0.058089	4	2	2	0	0	0	0
AF	0	0.058401	9	4	5	0	0	0	0
AF	0	0.058713	2	2	0	0	0	0	0
AF	0	0.059026	10	5	5	0	0	0	0
AF	0	0.059338	5	5	0	0	0	0	0
AF	0	0.059650	1	0	1	0	0	0	0
AF	0	0.059963	6	4	2	0	0	0	0
AF	0	0.060275	19	12	7	0	0	0	0
AF	0	0.060587	8	4	4	0	0	0	0
AF	0	0.060899	3	2	1	0	0	0	0
AF	0	0.061212	1	1	0	0	0	0	0
AF	0	0.061524	7	6	1	0	0	0	0
AF	0	0.061836	6	2	4	0	0	0	0
AF	0	0.062149	6	2	4	0	0	0	0
AF	0	0.062461	3	1	2	0	0	0	0
AF	0	0.062773	2	1	1	0	0	0	0
AF	0	0.063086	2	0	2	0	0	0	0
AF	0	0.063398	6	6	0	0	0	0	0
AF	0	0.063710	6	3	3	0	0	0	0
AF	0	0.064022	3	2	1	0	0	0	0
AF	0	0.064647	8	5	3	0	0	0	0
AF	0	0.064959	3	3	0	0	0	0	0
AF	0	0.065272	7	6	1	0	0	0	0
AF	0	0.065584	1	1	0	0	0	0	0
AF	0	0.065896	4	3	1	0	0	0	0
AF	0	0.066209	6	4	2	0	0	0	0
AF	0	0.066521	11	8	3	0	0	0	0
AF	0	0.067146	4	3	1	0	0	0	0
AF	0	0.067458	1	1	0	0	0	0	0
AF	0	0.067770	5	3	2	0	0	0	0
AF	0	0.068082	1	1	0	0	0	0	0
AF	0	0.068395	2	1	1	0	0	0	0
AF	0	0.068707	1	0	1	0	0	0	0
AF	0	0.069019	3	3	0	0	0	0	0
AF	0	0.069332	2	1	1	0	0	0	0
AF	0	0.069644	1	1	0	0	0	0	0
AF	0	0.069956	1	0	1	0	0	0	0
AF	0	0.070269	1	1	0	0	0	0	0
AF	0	0.070581	2	2	0	0	0	0	0
AF	0	0.070893	4	3	1	0	0	0	0
AF	0	0.071205	2	2	0	0	0	0	0
AF	0	0.071518	3	3	0	0	0	0	0
AF	0	0.071830	1	1	0	0	0	0	0
AF	0	0.072142	4	1	3	0	0	0	0
AF	0	0.072767	1	1	0	0	0	0	0
AF	0	0.073079	1	1	0	0	0	0	0
AF	0	0.073392	5	5	0	0	0	0	0
AF	0	0.073704	1	0	1	0	0	0	0
AF	0	0.074016	1	0	1	0	0	0	0
AF	0	0.074329	1	0	1	0	0	0	0
AF	0	0.074641	1	1	0	0	0	0	0
AF	0	0.074953	3	3	0	0	0	0	0
AF	0	0.075265	2	2	0	0	0	0	0
AF	0	0.075578	1	0	1	0	0	0	0
AF	0	0.075890	7	4	3	0	0	0	0
AF	0	0.076202	1	1	0	0	0	0	0
AF	0	0.076515	5	4	1	0	0	0	0
AF	0	0.076827	2	1	1	0	0	0	0
AF	0	0.077139	3	3	0	0	0	0	0
AF	0	0.077452	2	1	1	0	0	0	0
AF	0	0.077764	11	8	3	0	0	0	0
AF	0	0.078076	3	2	1	0	0	0	0
AF	0	0.078389	6	5	1	0	0	0	0
AF	0	0.078701	2	2	0	0	0	0	0
AF	0	0.079013	4	4	0	0	0	0	0
AF	0	0.079325	3	3	0	0	0	0	0
AF	0	0.079638	2	2	0	0	0	0	0
AF	0	0.079950	2	1	1	0	0	0	0
AF	0	0.080262	1	1	0	0	0	0	0
AF	0	0.080887	2	1	1	0	0	0	0
AF	0	0.081199	4	3	1	0	0	0	0
AF	0	0.081512	7	4	3	0	0	0	0
AF	0	0.081824	1	1	0	0	0	0	0
AF	0	0.082136	1	1	0	0	0	0	0
AF	0	0.082761	1	1	0	0	0	0	0
AF	0	0.083073	4	4	0	0	0	0	0
AF	0	0.083385	4	3	1	0	0	0	0
AF	0	0.083698	1	1	0	0	0	0	0
AF	0	0.084010	8	6	2	0	0	0	0
AF	0	0.084322	3	0	3	0	0	0	0
AF	0	0.084635	3	1	2	0	0	0	0
AF	0	0.084947	1	1	0	0	0	0	0
AF	0	0.085259	4	4	0	0	0	0	0
AF	0	0.085884	2	2	0	0	0	0	0
AF	0	0.086508	1	1	0	0	0	0	0
AF	0	0.086821	2	1	1	0	0	0	0
AF	0	0.087133	3	3	0	0	0	0	0
AF	0	0.087445	1	1	0	0	0	0	0
AF	0	0.087758	3	2	1	0	0	0	0
AF	0	0.088070	1	0	1	0	0	0	0
AF	0	0.088382	1	0	1	0	0	0	0
AF	0	0.089007	1	1	0	0	0	0	0
AF	0	0.089631	1	1	0	0	0	0	0
AF	0	0.090256	1	1	0	0	0	0	0
AF	0	0.090568	4	3	1	0	0	0	0
AF	0	0.090881	4	4	0	0	0	0	0
AF	0	0.091193	1	0	1	0	0	0	0
AF	0	0.091505	3	3	0	0	0	0	0
AF	0	0.091818	1	1	0	0	0	0	0
AF	0	0.092755	1	0	1	0	0	0	0
AF	0	0.093379	2	2	0	0	0	0	0
AF	0	0.094004	1	1	0	0	0	0	0
AF	0	0.094316	2	1	1	0	0	0	0
AF	0	0.094628	1	0	1	0	0	0	0
AF	0	0.095253	2	2	0	0	0	0	0
AF	0	0.095565	1	1	0	0	0	0	0
AF	0	0.095878	5	5	0	0	0	0	0
AF	0	0.096190	1	1	0	0	0	0	0
AF	0	0.096502	4	3	1	0	0	0	0
AF	0	0.096814	1	1	0	0	0	0	0
AF	0	0.097751	5	1	4	0	0	0	0
AF	0	0.098064	3	2	1	0	0	0	0
AF	0	0.098376	6	6	0	0	0	0	0
AF	0	0.098688	2	2	0	0	0	0	0
AF	0	0.099001	6	2	4	0	0	0	0
AF	0	0.099313	2	1	1	0	0	0	0
AF	0	0.099625	1	0	1	0	0	0	0
AF	0	0.100250	1	1	0	0	0	0	0
AF	0	0.100562	1	1	0	0	0	0	0
AF	0	0.100874	4	3	1	0	0	0	0
AF	0	0.101187	5	3	2	0	0	0	0
AF	0	0.101499	1	0	1	0	0	0	0
AF	0	0.102124	3	2	1	0	0	0	0
AF	0	0.102436	2	1	1	0	0	0	0
AF	0	0.103061	2	2	0	0	0	0	0
AF	0	0.103373	1	1	0	0	0	0	0
AF	0	0.103998	1	1	0	0	0	0	0
AF	0	0.104310	1	0	1	0	0	0	0
AF	0	0.104622	2	1	1	0	0	0	0
AF	0	0.104934	1	1	0	0	0	0	0
AF	0	0.105871	1	1	0	0	0	0	0
AF	0	0.106496	1	0	1	0	0	0	0
AF	0	0.107433	2	1	1	0	0	0	0
AF	0	0.108057	1	0	1	0	0	0	0
AF	0	0.108370	1	0	1	0	0	0	0
AF	0	0.108994	2	1	1	0	0	0	0
AF	0	0.109619	2	2	0	0	0	0	0
AF	0	0.109931	1	0	1	0	0	0	0
AF	0	0.110556	1	1	0	0	0	0	0
AF	0	0.110868	3	2	1	0	0	0	0
AF	0	0.111181	1	1	0	0	0	0	0
AF	0	0.111493	2	2	0	0	0	0	0
AF	0	0.111805	2	2	0	0	0	0	0
AF	0	0.112117	1	0	1	0	0	0	0
AF	0	0.112742	1	1	0	0	0	0	0
AF	0	0.113054	2	2	0	0	0	0	0
AF	0	0.113367	2	0	2	0	0	0	0
AF	0	0.113679	2	1	1	0	0	0	0
AF	0	0.114304	7	6	1	0	0	0	0
AF	0	0.114928	3	1	2	0	0	0	0
AF	0	0.115240	1	0	1	0	0	0	0
AF	0	0.115553	3	2	1	0	0	0	0
AF	0	0.115865	4	4	0	0	0	0	0
AF	0	0.116177	4	3	1	0	0	0	0
AF	0	0.116802	1	1	0	0	0	0	0
AF	0	0.117114	1	1	0	0	0	0	0
AF	0	0.117427	6	3	3	0	0	0	0
AF	0	0.118051	1	1	0	0	0	0	0
AF	0	0.118364	2	2	0	0	0	0	0
AF	0	0.118676	2	2	0	0	0	0	0
AF	0	0.118988	2	1	1	0	0	0	0
AF	0	0.119613	1	0	1	0	0	0	0
AF	0	0.119925	2	2	0	0	0	0	0
AF	0	0.120550	2	1	1	0	0	0	0
AF	0	0.121174	1	1	0	0	0	0	0
AF	0	0.121799	1	1	0	0	0	0	0
AF	0	0.122423	2	1	1	0	0	0	0
AF	0	0.123048	1	1	0	0	0	0	0
AF	0	0.123360	1	1	0	0	0	0	0
AF	0	0.123673	5	2	3	0	0	0	0
AF	0	0.123985	1	1	0	0	0	0	0
AF	0	0.124297	1	0	1	0	0	0	0
AF	0	0.124610	1	1	0	0	0	0	0
AF	0	0.124922	2	1	1	0	0	0	0
AF	0	0.125859	4	3	1	0	0	0	0
AF	0	0.126171	2	1	1	0	0	0	0
AF	0	0.126483	2	2	0	0	0	0	0
AF	0	0.126796	1	0	1	0	0	0	0
AF	0	0.127420	2	2	0	0	0	0	0
AF	0	0.128045	1	1	0	0	0	0	0
AF	0	0.129294	1	0	1	0	0	0	0
AF	0	0.129606	1	1	0	0	0	0	0
AF	0	0.129919	3	0	3	0	0	0	0
AF	0	0.130231	1	1	0	0	0	0	0
AF	0	0.130856	1	1	0	0	0	0	0
AF	0	0.131168	1	1	0	0	0	0	0
AF	0	0.131480	3	2	1	0	0	0	0
AF	0	0.131793	2	1	1	0	0	0	0
AF	0	0.132417	2	1	1	0	0	0	0
AF	0	0.132730	1	1	0	0	0	0	0
AF	0	0.133042	4	3	1	0	0	0	0
AF	0	0.133354	2	2	0	0	0	0	0
AF	0	0.133666	3	2	1	0	0	0	0
AF	0	0.134291	2	2	0	0	0	0	0
AF	0	0.134916	5	3	2	0	0	0	0
AF	0	0.135228	1	1	0	0	0	0	0
AF	0	0.135540	1	1	0	0	0	0	0
AF	0	0.135853	4	2	2	0	0	0	0
AF	0	0.136165	2	2	0	0	0	0	0
AF	0	0.136477	1	1	0	0	0	0	0
AF	0	0.136790	1	0	1	0	0	0	0
AF	0	0.137102	2	0	2	0	0	0	0
AF	0	0.137414	3	0	3	0	0	0	0
AF	0	0.137726	1	1	0	0	0	0	0
AF	0	0.138039	2	2	0	0	0	0	0
AF	0	0.138663	1	0	1	0	0	0	0
AF	0	0.138976	3	2	1	0	0	0	0
AF	0	0.139288	2	2	0	0	0	0	0
AF	0	0.139913	1	0	1	0	0	0	0
AF	0	0.140537	3	1	2	0	0	0	0
AF	0	0.141162	5	2	3	0	0	0	0
AF	0	0.141474	1	1	0	0	0	0	0
AF	0	0.141786	1	1	0	0	0	0	0
AF	0	0.142099	2	1	1	0	0	0	0
AF	0	0.142411	2	0	2	0	0	0	0
AF	0	0.143036	1	1	0	0	0	0	0
AF	0	0.144285	2	1	1	0	0	0	0
AF	0	0.144909	1	1	0	0	0	0	0
AF	0	0.145534	1	1	0	0	0	0	0
AF	0	0.145846	1	1	0	0	0	0	0
AF	0	0.146159	1	0	1	0	0	0	0
AF	0	0.146783	3	2	1	0	0	0	0
AF	0	0.147096	3	2	1	0	0	0	0
AF	0	0.147408	4	1	3	0	0	0	0
AF	0	0.147720	1	1	0	0	0	0	0
AF	0	0.148032	1	1	0	0	0	0	0
AF	0	0.148345	1	1	0	0	0	0	0
AF	0	0.148969	2	2	0	0	0	0	0
AF	0	0.149282	1	0	1	0	0	0	0
AF	0	0.149594	2	1	1	0	0	0	0
AF	0	0.150219	2	2	0	0	0	0	0
AF	0	0.150531	2	0	2	0	0	0	0
AF	0	0.150843	1	0	1	0	0	0	0
AF	0	0.151156	1	0	1	0	0	0	0
AF	0	0.151468	1	1	0	0	0	0	0
AF	0	0.151780	3	2	1	0	0	0	0
AF	0	0.152092	2	2	0	0	0	0	0
AF	0	0.152405	3	2	1	0	0	0	0
AF	0	0.152717	5	1	4	0	0	0	0
AF	0	0.153029	1	1	0	0	0	0	0
AF	0	0.153342	1	1	0	0	0	0	0
AF	0	0.153654	3	3	0	0	0	0	0
AF	0	0.154903	2	0	2	0	0	0	0
AF	0	0.155215	2	2	0	0	0	0	0
AF	0	0.155528	2	2	0	0	0	0	0
AF	0	0.155840	2	2	0	0	0	0	0
AF	0	0.156152	1	0	1	0	0	0	0
AF	0	0.157089	3	3	0	0	0	0	0
AF	0	0.157402	1	1	0	0	0	0	0
AF	0	0.158026	2	0	2	0	0	0	0
AF	0	0.158339	1	1	0	0	0	0	0
AF	0	0.158651	3	2	1	0	0	0	0
AF	0	0.159588	1	1	0	0	0	0	0
AF	0	0.159900	2	2	0	0	0	0	0
AF	0	0.160525	1	1	0	0	0	0	0
AF	0	0.160837	1	0	1	0	0	0	0
AF	0	0.161149	1	1	0	0	0	0	0
AF	0	0.161462	1	1	0	0	0	0	0
AF	0	0.161774	1	1	0	0	0	0	0
AF	0	0.162399	2	1	1	0	0	0	0
AF	0	0.163023	3	2	1	0	0	0	0
AF	0	0.163648	2	2	0	0	0	0	0
AF	0	0.164272	3	3	0	0	0	0	0
AF	0	0.164897	2	2	0	0	0	0	0
AF	0	0.165209	1	0	1	0	0	0	0
AF	0	0.165522	2	2	0	0	0	0	0
AF	0	0.165834	3	3	0	0	0	0	0
AF	0	0.166146	3	2	1	0	0	0	0
AF	0	0.167395	1	1	0	0	0	0	0
AF	0	0.168020	1	1	0	0	0	0	0
AF	0	0.168645	1	1	0	0	0	0	0
AF	0	0.169582	1	0	1	0	0	0	0
AF	0	0.169894	2	1	1	0	0	0	0
AF	0	0.170206	1	1	0	0	0	0	0
AF	0	0.170518	2	2	0	0	0	0	0
AF	0	0.171143	4	3	1	0	0	0	0
AF	0	0.173017	2	2	0	0	0	0	0
AF	0	0.173329	1	1	0	0	0	0	0
AF	0	0.173641	2	2	0	0	0	0	0
AF	0	0.173954	1	1	0	0	0	0	0
AF	0	0.174266	1	1	0	0	0	0	0
AF	0	0.174578	1	1	0	0	0	0	0
AF	0	0.174891	2	2	0	0	0	0	0
AF	0	0.175515	1	1	0	0	0	0	0
AF	0	0.176452	1	1	0	0	0	0	0
AF	0	0.176765	2	1	1	0	0	0	0
AF	0	0.177389	6	2	4	0	0	0	0
AF	0	0.178014	1	1	0	0	0	0	0
AF	0	0.178638	4	3	1	0	0	0	0
AF	0	0.178951	1	0	1	0	0	0	0
AF	0	0.179263	1	0	1	0	0	0	0
AF	0	0.179575	2	1	1	0	0	0	0
AF	0	0.179888	1	1	0	0	0	0	0
AF	0	0.180200	2	2	0	0	0	0	0
AF	0	0.180512	1	0	1	0	0	0	0
AF	0	0.180824	1	0	1	0	0	0	0
AF	0	0.181761	1	1	0	0	0	0	0
AF	0	0.182386	1	0	1	0	0	0	0
AF	0	0.183011	1	1	0	0	0	0	0
AF	0	0.183635	4	1	3	0	0	0	0
AF	0	0.184260	1	0	1	0	0	0	0
AF	0	0.184884	1	1	0	0	0	0	0
AF	0	0.185197	1	1	0	0	0	0	0
AF	0	0.185509	3	2	1	0	0	0	0
AF	0	0.185821	1	0	1	0	0	0	0
AF	0	0.186134	1	0	1	0	0	0	0
AF	0	0.186446	1	1	0	0	0	0	0
AF	0	0.187383	1	0	1	0	0	0	0
AF	0	0.188320	2	2	0	0	0	0	0
AF	0	0.188632	2	1	1	0	0	0	0
AF	0	0.188944	1	1	0	0	0	0	0
AF	0	0.190194	1	1	0	0	0	0	0
AF	0	0.190506	4	3	1	0	0	0	0
AF	0	0.190818	1	1	0	0	0	0	0
AF	0	0.191131	5	3	2	0	0	0	0
AF	0	0.191443	2	0	2	0	0	0	0
AF	0	0.191755	2	0	2	0	0	0	0
AF	0	0.192067	1	0	1	0	0	0	0
AF	0	0.192380	5	4	1	0	0	0	0
AF	0	0.192692	2	2	0	0	0	0	0
AF	0	0.193004	3	2	1	0	0	0	0
AF	0	0.193317	1	1	0	0	0	0	0
AF	0	0.193629	2	1	1	0	0	0	0
AF	0	0.194254	5	5	0	0	0	0	0
AF	0	0.194566	3	2	1	0	0	0	0
AF	0	0.194878	1	0	1	0	0	0	0
AF	0	0.195503	2	2	0	0	0	0	0
AF	0	0.195815	1	0	1	0	0	0	0
AF	0	0.196127	6	4	2	0	0	0	0
AF	0	0.196440	1	1	0	0	0	0	0
AF	0	0.196752	1	1	0	0	0	0	0
AF	0	0.197064	1	1	0	0	0	0	0
AF	0	0.197377	1	1	0	0	0	0	0
AF	0	0.198001	2	1	1	0	0	0	0
AF	0	0.198626	1	0	1	0	0	0	0
AF	0	0.198938	1	1	0	0	0	0	0
AF	0	0.199250	1	1	0	0	0	0	0
AF	0	0.199875	3	0	3	0	0	0	0
AF	0	0.200812	2	2	0	0	0	0	0
AF	0	0.201124	1	0	1	0	0	0	0
AF	0	0.201437	2	2	0	0	0	0	0
AF	0	0.201749	2	2	0	0	0	0	0
AF	0	0.202061	1	1	0	0	0	0	0
AF	0	0.202686	1	0	1	0	0	0	0
AF	0	0.202998	1	0	1	0	0	0	0
AF	0	0.203623	2	2	0	0	0	0	0
AF	0	0.204247	1	0	1	0	0	0	0
AF	0	0.204560	1	1	0	0	0	0	0
AF	0	0.204872	2	1	1	0	0	0	0
AF	0	0.205184	1	0	1	0	0	0	0
AF	0	0.205809	1	1	0	0	0	0	0
AF	0	0.206121	3	2	1	0	0	0	0
AF	0	0.206746	3	3	0	0	0	0	0
AF	0	0.207683	1	1	0	0	0	0	0
AF	0	0.207995	1	1	0	0	0	0	0
AF	0	0.208620	1	0	1	0	0	0	0
AF	0	0.208932	2	2	0	0	0	0	0
AF	0	0.209244	1	1	0	0	0	0	0
AF	0	0.209869	3	2	1	0	0	0	0
AF	0	0.210181	1	1	0	0	0	0	0
AF	0	0.210493	1	0	1	0	0	0	0
AF	0	0.211118	2	0	2	0	0	0	0
AF	0	0.211430	1	0	1	0	0	0	0
AF	0	0.211743	1	1	0	0	0	0	0
AF	0	0.212367	1	0	1	0	0	0	0
AF	0	0.212680	2	1	1	0	0	0	0
AF	0	0.212992	1	0	1	0	0	0	0
AF	0	0.213304	5	2	3	0	0	0	0
AF	0	0.213616	3	3	0	0	0	0	0
AF	0	0.213929	2	0	2	0	0	0	0
AF	0	0.214241	1	0	1	0	0	0	0
AF	0	0.214553	1	1	0	0	0	0	0
AF	0	0.214866	2	1	1	0	0	0	0
AF	0	0.215490	3	3	0	0	0	0	0
AF	0	0.215803	1	1	0	0	0	0	0
AF	0	0.216115	2	1	1	0	0	0	0
AF	0	0.216427	3	2	1	0	0	0	0
AF	0	0.216740	6	5	1	0	0	0	0
AF	0	0.217052	6	5	1	0	0	0	0
AF	0	0.217364	4	1	3	0	0	0	0
AF	0	0.217676	2	1	1	0	0	0	0
AF	0	0.217989	2	1	1	0	0	0	0
AF	0	0.218613	3	3	0	0	0	0	0
AF	0	0.218926	1	1	0	0	0	0	0
AF	0	0.219863	1	1	0	0	0	0	0
AF	0	0.220175	2	0	2	0	0	0	0
AF	0	0.220487	4	4	0	0	0	0	0
AF	0	0.220800	1	0	1	0	0	0	0
AF	0	0.221112	3	2	1	0	0	0	0
AF	0	0.221424	1	0	1	0	0	0	0
AF	0	0.221736	2	0	2	0	0	0	0
AF	0	0.222049	5	3	2	0	0	0	0
AF	0	0.222361	2	2	0	0	0	0	0
AF	0	0.222673	2	1	1	0	0	0	0
AF	0	0.222986	1	1	0	0	0	0	0
AF	0	0.223298	3	0	3	0	0	0	0
AF	0	0.223923	2	2	0	0	0	0	0
AF	0	0.224547	1	0	1	0	0	0	0
AF	0	0.224859	2	1	1	0	0	0	0
AF	0	0.225172	3	1	2	0	0	0	0
AF	0	0.225484	1	1	0	0	0	0	0
AF	0	0.226421	1	1	0	0	0	0	0
AF	0	0.226733	4	3	1	0	0	0	0
AF	0	0.227046	2	1	1	0	0	0	0
AF	0	0.227358	2	1	1	0	0	0	0
AF	0	0.227670	1	1	0	0	0	0	0
AF	0	0.227983	1	1	0	0	0	0	0
AF	0	0.228295	1	0	1	0	0	0	0
AF	0	0.228607	2	1	1	0	0	0	0
AF	0	0.228919	1	0	1	0	0	0	0
AF	0	0.229232	2	2	0	0	0	0	0
AF	0	0.230169	2	2	0	0	0	0	0
AF	0	0.230481	1	1	0	0	0	0	0
AF	0	0.230793	1	1	0	0	0	0	0
AF	0	0.231106	1	0	1	0	0	0	0
AF	0	0.231730	3	3	0	0	0	0	0
AF	0	0.232042	3	2	1	0	0	0	0
AF	0	0.232667	3	1	2	0	0	0	0
AF	0	0.233604	3	2	1	0	0	0	0
AF	0	0.233916	2	1	1	0	0	0	0
AF	0	0.234229	1	1	0	0	0	0	0
AF	0	0.234541	2	0	2	0	0	0	0
AF	0	0.234853	2	1	1	0	0	0	0
AF	0	0.235166	2	2	0	0	0	0	0
AF	0	0.235478	1	1	0	0	0	0	0
AF	0	0.236102	2	1	1	0	0	0	0
AF	0	0.236415	1	0	1	0	0	0	0
AF	0	0.236727	3	3	0	0	0	0	0
AF	0	0.237039	2	2	0	0	0	0	0
AF	0	0.237664	3	3	0	0	0	0	0
AF	0	0.237976	1	0	1	0	0	0	0
AF	0	0.238601	3	2	1	0	0	0	0
AF	0	0.238913	2	1	1	0	0	0	0
AF	0	0.239225	2	2	0	0	0	0	0
AF	0	0.239538	5	3	2	0	0	0	0
AF	0	0.239850	2	1	1	0	0	0	0
AF	0	0.240162	2	2	0	0	0	0	0
AF	0	0.240475	2	2	0	0	0	0	0
AF	0	0.240787	2	1	1	0	0	0	0
AF	0	0.241412	2	2	0	0	0	0	0
AF	0	0.241724	2	1	1	0	0	0	0
AF	0	0.242036	4	3	1	0	0	0	0
AF	0	0.242349	1	1	0	0	0	0	0
AF	0	0.242661	4	3	1	0	0	0	0
AF	0	0.243285	3	2	1	0	0	0	0
AF	0	0.243910	2	2	0	0	0	0	0
AF	0	0.244535	5	3	2	0	0	0	0
AF	0	0.245784	2	0	2	0	0	0	0
AF	0	0.246096	1	1	0	0	0	0	0
AF	0	0.246408	1	1	0	0	0	0	0
AF	0	0.247033	5	4	1	0	0	0	0
AF	0	0.247345	1	1	0	0	0	0	0
AF	0	0.247658	5	3	2	0	0	0	0
AF	0	0.247970	1	1	0	0	0	0	0
AF	0	0.248595	1	1	0	0	0	0	0
AF	0	0.248907	1	0	1	0	0	0	0
AF	0	0.249219	1	1	0	0	0	0	0
AF	0	0.249532	4	2	2	0	0	0	0
AF	0	0.249844	2	1	1	0	0	0	0
AF	0	0.250156	1	1	0	0	0	0	0
AF	0	0.250781	2	2	0	0	0	0	0
AF	0	0.251093	1	1	0	0	0	0	0
AF	0	0.251405	4	4	0	0	0	0	0
AF	0	0.251718	1	1	0	0	0	0	0
AF	0	0.252030	1	1	0	0	0	0	0
AF	0	0.252655	1	1	0	0	0	0	0
AF	0	0.252967	1	1	0	0	0	0	0
AF	0	0.253279	4	1	3	0	0	0	0
AF	0	0.253592	1	1	0	0	0	0	0
AF	0	0.253904	2	2	0	0	0	0	0
AF	0	0.254528	1	0	1	0	0	0	0
AF	0	0.254841	1	0	1	0	0	0	0
AF	0	0.255778	3	2	1	0	0	0	0
AF	0	0.256090	3	2	1	0	0	0	0
AF	0	0.256402	1	1	0	0	0	0	0
AF	0	0.256715	1	1	0	0	0	0	0
AF	0	0.257027	3	1	2	0	0	0	0
AF	0	0.257651	3	3	0	0	0	0	0
AF	0	0.258276	1	0	1	0	0	0	0
AF	0	0.258901	2	2	0	0	0	0	0
AF	0	0.259525	2	1	1	0	0	0	0
AF	0	0.259838	2	0	2	0	0	0	0
AF	0	0.260150	1	1	0	0	0	0	0
AF	0	0.260775	2	0	2	0	0	0	0
AF	0	0.261087	1	0	1	0	0	0	0
AF	0	0.261399	1	1	0	0	0	0	0
AF	0	0.262648	1	1	0	0	0	0	0
AF	0	0.263585	1	0	1	0	0	0	0
AF	0	0.263898	2	2	0	0	0	0	0
AF	0	0.264210	1	1	0	0	0	0	0
AF	0	0.264834	1	0	1	0	0	0	0
AF	0	0.265147	1	1	0	0	0	0	0
AF	0	0.265459	1	0	1	0	0	0	0
AF	0	0.265771	1	1	0	0	0	0	0
AF	0	0.266084	1	0	1	0	0	0	0
AF	0	0.266708	1	0	1	0	0	0	0
AF	0	0.268270	1	1	0	0	0	0	0
AF	0	0.268582	2	1	1	0	0	0	0
AF	0	0.268894	1	1	0	0	0	0	0
AF	0	0.269207	1	1	0	0	0	0	0
AF	0	0.269519	1	1	0	0	0	0	0
AF	0	0.270456	2	1	1	0	0	0	0
AF	0	0.270768	3	1	2	0	0	0	0
AF	0	0.271705	1	1	0	0	0	0	0
AF	0	0.272642	3	2	1	0	0	0	0
AF	0	0.273267	1	1	0	0	0	0	0
AF	0	0.273579	1	1	0	0	0	0	0
AF	0	0.273891	2	2	0	0	0	0	0
AF	0	0.274204	3	1	2	0	0	0	0
AF	0	0.274516	2	1	1	0	0	0	0
AF	0	0.275141	3	3	0	0	0	0	0
AF	0	0.275453	1	1	0	0	0	0	0
AF	0	0.275765	9	6	3	0	0	0	0
AF	0	0.276077	3	2	1	0	0	0	0
AF	0	0.276390	5	5	0	0	0	0	0
AF	0	0.276702	1	1	0	0	0	0	0
AF	0	0.277014	1	1	0	0	0	0	0
AF	0	0.277639	2	2	0	0	0	0	0
AF	0	0.277951	3	2	1	0	0	0	0
AF	0	0.278264	3	1	2	0	0	0	0
AF	0	0.278888	3	2	1	0	0	0	0
AF	0	0.279513	1	1	0	0	0	0	0
AF	0	0.280137	1	1	0	0	0	0	0
AF	0	0.280450	1	1	0	0	0	0	0
AF	0	0.281699	1	0	1	0	0	0	0
AF	0	0.282011	1	1	0	0	0	0	0
AF	0	0.282636	1	1	0	0	0	0	0
AF	0	0.283260	2	2	0	0	0	0	0
AF	0	0.283885	2	1	1	0	0	0	0
AF	0	0.284510	3	3	0	0	0	0	0
AF	0	0.285134	2	2	0	0	0	0	0
AF	0	0.285759	3	2	1	0	0	0	0
AF	0	0.286071	1	0	1	0	0	0	0
AF	0	0.286384	1	1	0	0	0	0	0
AF	0	0.287008	3	1	2	0	0	0	0
AF	0	0.288257	1	1	0	0	0	0	0
AF	0	0.288882	2	2	0	0	0	0	0
AF	0	0.289507	3	0	3	0	0	0	0
AF	0	0.290131	2	2	0	0	0	0	0
AF	0	0.290756	1	0	1	0	0	0	0
AF	0	0.291380	1	1	0	0	0	0	0
AF	0	0.292005	1	1	0	0	0	0	0
AF	0	0.292317	1	1	0	0	0	0	0
AF	0	0.292942	1	1	0	0	0	0	0
AF	0	0.293254	5	4	1	0	0	0	0
AF	0	0.293567	1	1	0	0	0	0	0
AF	0	0.293879	1	1	0	0	0	0	0
AF	0	0.294191	1	1	0	0	0	0	0
AF	0	0.294503	1	0	1	0	0	0	0
AF	0	0.295128	3	2	1	0	0	0	0
AF	0	0.295753	3	1	2	0	0	0	0
AF	0	0.296377	2	0	2	0	0	0	0
AF	0	0.297002	1	0	1	0	0	0	0
AF	0	0.297314	1	1	0	0	0	0	0
AF	0	0.297626	1	1	0	0	0	0	0
AF	0	0.297939	1	1	0	0	0	0	0
AF	0	0.298563	1	0	1	0	0	0	0
AF	0	0.298876	1	1	0	0	0	0	0
AF	0	0.299500	1	0	1	0	0	0	0
AF	0	0.299813	2	1	1	0	0	0	0
AF	0	0.300125	2	1	1	0	0	0	0
AF	0	0.300437	3	2	1	0	0	0	0
AF	0	0.300750	1	0	1	0	0	0	0
AF	0	0.301062	1	0	1	0	0	0	0
AF	0	0.301374	2	2	0	0	0	0	0
AF	0	0.301999	1	0	1	0	0	0	0
AF	0	0.302311	1	1	0	0	0	0	0
AF	0	0.302623	1	1	0	0	0	0	0
AF	0	0.302936	1	1	0	0	0	0	0
AF	0	0.303248	1	1	0	0	0	0	0
AF	0	0.303560	2	1	1	0	0	0	0
AF	0	0.303873	1	0	1	0	0	0	0
AF	0	0.304497	2	0	2	0	0	0	0
AF	0	0.305122	1	1	0	0	0	0	0
AF	0	0.305434	1	1	0	0	0	0	0
AF	0	0.305746	1	1	0	0	0	0	0
AF	0	0.306059	1	1	0	0	0	0	0
AF	0	0.306371	3	2	1	0	0	0	0
AF	0	0.307308	1	1	0	0	0	0	0
AF	0	0.307620	1	1	0	0	0	0	0
AF	0	0.307933	1	1	0	0	0	0	0
AF	0	0.308245	2	2	0	0	0	0	0
AF	0	0.308557	1	1	0	0	0	0	0
AF	0	0.308869	1	1	0	0	0	0	0
AF	0	0.309182	1	1	0	0	0	0	0
AF	0	0.309494	2	2	0	0	0	0	0
AF	0	0.310119	2	0	2	0	0	0	0
AF	0	0.310431	1	1	0	0	0	0	0
AF	0	0.310743	2	1	1	0	0	0	0
AF	0	0.311056	1	1	0	0	0	0	0
AF	0	0.311368	2	1	1	0	0	0	0
AF	0	0.311993	3	3	0	0	0	0	0
AF	0	0.312617	4	2	2	0	0	0	0
AF	0	0.312929	2	1	1	0	0	0	0
AF	0	0.313554	1	1	0	0	0	0	0
AF	0	0.313866	5	3	2	0	0	0	0
AF	0	0.314491	1	1	0	0	0	0	0
AF	0	0.314803	1	1	0	0	0	0	0
AF	0	0.315116	2	1	1	0	0	0	0
AF	0	0.315740	2	2	0	0	0	0	0
AF	0	0.316365	1	1	0	0	0	0	0
AF	0	0.316677	1	1	0	0	0	0	0
AF	0	0.317614	2	2	0	0	0	0	0
AF	0	0.317926	2	1	1	0	0	0	0
AF	0	0.318239	3	2	1	0	0	0	0
AF	0	0.319176	1	0	1	0	0	0	0
AF	0	0.319800	1	1	0	0	0	0	0
AF	0	0.320737	1	1	0	0	0	0	0
AF	0	0.321362	2	2	0	0	0	0	0
AF	0	0.321986	2	2	0	0	0	0	0
AF	0	0.322611	4	3	1	0	0	0	0
AF	0	0.323235	2	1	1	0	0	0	0
AF	0	0.323860	4	3	1	0	0	0	0
AF	0	0.324172	1	1	0	0	0	0	0
AF	0	0.324485	1	1	0	0	0	0	0
AF	0	0.325109	3	2	1	0	0	0	0
AF	0	0.326359	1	0	1	0	0	0	0
AF	0	0.326983	1	1	0	0	0	0	0
AF	0	0.328232	1	1	0	0	0	0	0
AF	0	0.328857	1	0	1	0	0	0	0
AF	0	0.329169	1	1	0	0	0	0	0
AF	0	0.329482	1	1	0	0	0	0	0
AF	0	0.330731	1	1	0	0	0	0	0
AF	0	0.332605	2	2	0	0	0	0	0
AF	0	0.333229	4	1	3	0	0	0	0
AF	0	0.333542	2	0	2	0	0	0	0
AF	0	0.334166	3	2	1	0	0	0	0
AF	0	0.334478	1	1	0	0	0	0	0
AF	0	0.334791	3	2	1	0	0	0	0
AF	0	0.335415	1	1	0	0	0	0	0
AF	0	0.336665	1	1	0	0	0	0	0
AF	0	0.337601	1	1	0	0	0	0	0
AF	0	0.338226	1	1	0	0	0	0	0
AF	0	0.338538	2	2	0	0	0	0	0
AF	0	0.339788	1	1	0	0	0	0	0
AF	0	0.340725	1	1	0	0	0	0	0
AF	0	0.342286	2	2	0	0	0	0	0
AF	0	0.342911	2	2	0	0	0	0	0
AF	0	0.343223	1	0	1	0	0	0	0
AF	0	0.343535	1	0	1	0	0	0	0
AF	0	0.344160	1	1	0	0	0	0	0
AF	0	0.344785	2	1	1	0	0	0	0
AF	0	0.345721	1	1	0	0	0	0	0
AF	0	0.347595	3	2	1	0	0	0	0
AF	0	0.347908	2	1	1	0	0	0	0
AF	0	0.348220	1	1	0	0	0	0	0
AF	0	0.348532	1	1	0	0	0	0	0
AF	0	0.348844	2	2	0	0	0	0	0
AF	0	0.349157	2	1	1	0	0	0	0
AF	0	0.349469	1	1	0	0	0	0	0
AF	0	0.350094	2	1	1	0	0	0	0
AF	0	0.351031	1	1	0	0	0	0	0
AF	0	0.352280	2	1	1	0	0	0	0
AF	0	0.354154	2	2	0	0	0	0	0
AF	0	0.355091	1	0	1	0	0	0	0
AF	0	0.356027	5	5	0	0	0	0	0
AF	0	0.356964	2	2	0	0	0	0	0
AF	0	0.357277	2	2	0	0	0	0	0
AF	0	0.357901	1	1	0	0	0	0	0
AF	0	0.358214	1	1	0	0	0	0	0
AF	0	0.358526	1	0	1	0	0	0	0
AF	0	0.358838	2	1	1	0	0	0	0
AF	0	0.359151	1	1	0	0	0	0	0
AF	0	0.359775	2	1	1	0	0	0	0
AF	0	0.360087	1	1	0	0	0	0	0
AF	0	0.360400	2	1	1	0	0	0	0
AF	0	0.361649	2	0	2	0	0	0	0
AF	0	0.361961	1	0	1	0	0	0	0
AF	0	0.362274	2	1	1	0	0	0	0
AF	0	0.362898	3	2	1	0	0	0	0
AF	0	0.364147	2	1	1	0	0	0	0
AF	0	0.364772	1	1	0	0	0	0	0
AF	0	0.365397	1	0	1	0	0	0	0
AF	0	0.365709	2	1	1	0	0	0	0
AF	0	0.366021	3	3	0	0	0	0	0
AF	0	0.366646	3	2	1	0	0	0	0
AF	0	0.367270	1	0	1	0	0	0	0
AF	0	0.368207	2	1	1	0	0	0	0
AF	0	0.369144	1	1	0	0	0	0	0
AF	0	0.369457	2	0	2	0	0	0	0
AF	0	0.369769	2	2	0	0	0	0	0
AF	0	0.370081	1	0	1	0	0	0	0
AF	0	0.370394	1	1	0	0	0	0	0
AF	0	0.370706	1	1	0	0	0	0	0
AF	0	0.371018	1	0	1	0	0	0	0
AF	0	0.371955	2	2	0	0	0	0	0
AF	0	0.372267	2	2	0	0	0	0	0
AF	0	0.372892	2	1	1	0	0	0	0
AF	0	0.373517	1	1	0	0	0	0	0
AF	0	0.374141	2	2	0	0	0	0	0
AF	0	0.374766	1	0	1	0	0	0	0
AF	0	0.375390	1	0	1	0	0	0	0
AF	0	0.376015	1	1	0	0	0	0	0
AF	0	0.376640	1	1	0	0	0	0	0
AF	0	0.376952	1	0	1	0	0	0	0
AF	0	0.377264	3	1	2	0	0	0	0
AF	0	0.378201	1	0	1	0	0	0	0
AF	0	0.378826	2	2	0	0	0	0	0
AF	0	0.379138	4	3	1	0	0	0	0
AF	0	0.380075	1	0	1	0	0	0	0
AF	0	0.380387	2	1	1	0	0	0	0
AF	0	0.381012	3	1	2	0	0	0	0
AF	0	0.381636	2	2	0	0	0	0	0
AF	0	0.381949	1	0	1	0	0	0	0
AF	0	0.382261	1	0	1	0	0	0	0
AF	0	0.382886	1	1	0	0	0	0	0
AF	0	0.383198	2	0	2	0	0	0	0
AF	0	0.383510	4	4	0	0	0	0	0
AF	0	0.384135	4	2	2	0	0	0	0
AF	0	0.384447	1	1	0	0	0	0	0
AF	0	0.384760	1	1	0	0	0	0	0
AF	0	0.385384	1	1	0	0	0	0	0
AF	0	0.385696	1	1	0	0	0	0	0
AF	0	0.386009	3	3	0	0	0	0	0
AF	0	0.386321	1	1	0	0	0	0	0
AF	0	0.386633	1	0	1	0	0	0	0
AF	0	0.387258	1	0	1	0	0	0	0
AF	0	0.387570	1	1	0	0	0	0	0
AF	0	0.387883	3	1	2	0	0	0	0
AF	0	0.388195	1	1	0	0	0	0	0
AF	0	0.388507	1	0	1	0	0	0	0
AF	0	0.389756	1	1	0	0	0	0	0
AF	0	0.390069	1	1	0	0	0	0	0
AF	0	0.390381	1	1	0	0	0	0	0
AF	0	0.391006	1	1	0	0	0	0	0
AF	0	0.391630	3	3	0	0	0	0	0
AF	0	0.392879	1	0	1	0	0	0	0
AF	0	0.393192	1	1	0	0	0	0	0
AF	0	0.394129	3	2	1	0	0	0	0
AF	0	0.394441	1	0	1	0	0	0	0
AF	0	0.394753	1	1	0	0	0	0	0
AF	0	0.395066	1	1	0	0	0	0	0
AF	0	0.395690	1	0	1	0	0	0	0
AF	0	0.396315	1	1	0	0	0	0	0
AF	0	0.396627	2	2	0	0	0	0	0
AF	0	0.397252	1	1	0	0	0	0	0
AF	0	0.398189	2	1	1	0	0	0	0
AF	0	0.398501	2	0	2	0	0	0	0
AF	0	0.399438	1	1	0	0	0	0	0
AF	0	0.399750	2	1	1	0	0	0	0
AF	0	0.400375	1	1	0	0	0	0	0
AF	0	0.400687	1	0	1	0	0	0	0
AF	0	0.400999	2	2	0	0	0	0	0
AF	0	0.401312	1	1	0	0	0	0	0
AF	0	0.401624	3	2	1	0	0	0	0
AF	0	0.402873	1	1	0	0	0	0	0
AF	0	0.403186	3	3	0	0	0	0	0
AF	0	0.403498	2	1	1	0	0	0	0
AF	0	0.404747	1	1	0	0	0	0	0
AF	0	0.405996	1	0	1	0	0	0	0
AF	0	0.407245	1	1	0	0	0	0	0
AF	0	0.407558	1	0	1	0	0	0	0
AF	0	0.407870	1	0	1	0	0	0	0
AF	0	0.408182	1	1	0	0	0	0	0
AF	0	0.408807	1	1	0	0	0	0	0
AF	0	0.409432	1	0	1	0	0	0	0
AF	0	0.409744	3	2	1	0	0	0	0
AF	0	0.410369	1	0	1	0	0	0	0
AF	0	0.410681	2	1	1	0	0	0	0
AF	0	0.411618	1	1	0	0	0	0	0
AF	0	0.412242	1	0	1	0	0	0	0
AF	0	0.412555	1	0	1	0	0	0	0
AF	0	0.413492	1	1	0	0	0	0	0
AF	0	0.414428	1	0	1	0	0	0	0
AF	0	0.415365	1	1	0	0	0	0	0
AF	0	0.415990	1	1	0	0	0	0	0
AF	0	0.416615	2	2	0	0	0	0	0
AF	0	0.417239	2	1	1	0	0	0	0
AF	0	0.417552	2	1	1	0	0	0	0
AF	0	0.418176	1	0	1	0	0	0	0
AF	0	0.418488	2	2	0	0	0	0	0
AF	0	0.419425	1	1	0	0	0	0	0
AF	0	0.420362	1	0	1	0	0	0	0
AF	0	0.420675	1	1	0	0	0	0	0
AF	0	0.420987	1	1	0	0	0	0	0
AF	0	0.421611	1	1	0	0	0	0	0
AF	0	0.421924	1	0	1	0	0	0	0
AF	0	0.422236	1	1	0	0	0	0	0
AF	0	0.423485	3	3	0	0	0	0	0
AF	0	0.424110	1	1	0	0	0	0	0
AF	0	0.424735	1	1	0	0	0	0	0
AF	0	0.425359	1	1	0	0	0	0	0
AF	0	0.426296	1	1	0	0	0	0	0
AF	0	0.426608	1	0	1	0	0	0	0
AF	0	0.427545	1	1	0	0	0	0	0
AF	0	0.427858	1	1	0	0	0	0	0
AF	0	0.428482	3	2	1	0	0	0	0
AF	0	0.429107	1	1	0	0	0	0	0
AF	0	0.429731	1	1	0	0	0	0	0
AF	0	0.430044	1	1	0	0	0	0	0
AF	0	0.430981	2	1	1	0	0	0	0
AF	0	0.431293	2	1	1	0	0	0	0
AF	0	0.431918	1	1	0	0	0	0	0
AF	0	0.432230	2	1	1	0	0	0	0
AF	0	0.432542	2	1	1	0	0	0	0
AF	0	0.432854	1	1	0	0	0	0	0
AF	0	0.433479	1	0	1	0	0	0	0
AF	0	0.434104	1	0	1	0	0	0	0
AF	0	0.434416	1	1	0	0	0	0	0
AF	0	0.435353	1	1	0	0	0	0	0
AF	0	0.435978	2	1	1	0	0	0	0
AF	0	0.436602	2	2	0	0	0	0	0
AF	0	0.437227	1	1	0	0	0	0	0
AF	0	0.437851	2	1	1	0	0	0	0
AF	0	0.438164	2	2	0	0	0	0	0
AF	0	0.438788	1	0	1	0	0	0	0
AF	0	0.439101	1	1	0	0	0	0	0
AF	0	0.439413	1	1	0	0	0	0	0
AF	0	0.439725	2	2	0	0	0	0	0
AF	0	0.440037	2	1	1	0	0	0	0
AF	0	0.440350	1	1	0	0	0	0	0
AF	0	0.440662	2	2	0	0	0	0	0
AF	0	0.440974	1	1	0	0	0	0	0
AF	0	0.441287	1	1	0	0	0	0	0
AF	0	0.441911	1	1	0	0	0	0	0
AF	0	0.442224	2	2	0	0	0	0	0
AF	0	0.442536	1	0	1	0	0	0	0
AF	0	0.443473	1	1	0	0	0	0	0
AF	0	0.444097	1	0	1	0	0	0	0
AF	0	0.444410	2	2	0	0	0	0	0
AF	0	0.445034	1	1	0	0	0	0	0
AF	0	0.446284	1	1	0	0	0	0	0
AF	0	0.446908	1	1	0	0	0	0	0
AF	0	0.447220	1	1	0	0	0	0	0
AF	0	0.447845	1	0	1	0	0	0	0
AF	0	0.448157	2	2	0	0	0	0	0
AF	0	0.449094	3	1	2	0	0	0	0
AF	0	0.449407	1	1	0	0	0	0	0
AF	0	0.450031	2	1	1	0	0	0	0
AF	0	0.450344	1	0	1	0	0	0	0
AF	0	0.450656	3	2	1	0	0	0	0
AF	0	0.450968	1	0	1	0	0	0	0
AF	0	0.451280	1	1	0	0	0	0	0
AF	0	0.453154	2	2	0	0	0	0	0
AF	0	0.454716	4	4	0	0	0	0	0
AF	0	0.455340	2	1	1	0	0	0	0
AF	0	0.456277	3	3	0	0	0	0	0
AF	0	0.456902	2	2	0	0	0	0	0
AF	0	0.458151	1	1	0	0	0	0	0
AF	0	0.458776	1	0	1	0	0	0	0
AF	0	0.459400	1	0	1	0	0	0	0
AF	0	0.459713	1	0	1	0	0	0	0
AF	0	0.460650	1	1	0	0	0	0	0
AF	0	0.460962	1	0	1	0	0	0	0
AF	0	0.461274	4	0	4	0	0	0	0
AF	0	0.463148	1	1	0	0	0	0	0
AF	0	0.464397	1	1	0	0	0	0	0
AF	0	0.465022	3	0	3	0	0	0	0
AF	0	0.465959	1	1	0	0	0	0	0
AF	0	0.466271	1	1	0	0	0	0	0
AF	0	0.466896	1	1	0	0	0	0	0
AF	0	0.467520	1	1	0	0	0	0	0
AF	0	0.469394	2	1	1	0	0	0	0
AF	0	0.470019	1	1	0	0	0	0	0
AF	0	0.470643	2	1	1	0	0	0	0
AF	0	0.471268	1	0	1	0	0	0	0
AF	0	0.471893	3	2	1	0	0	0	0
AF	0	0.472517	2	2	0	0	0	0	0
AF	0	0.473142	2	1	1	0	0	0	0
AF	0	0.473454	1	1	0	0	0	0	0
AF	0	0.473766	1	0	1	0	0	0	0
AF	0	0.474391	2	0	2	0	0	0	0
AF	0	0.475016	1	1	0	0	0	0	0
AF	0	0.475328	1	1	0	0	0	0	0
AF	0	0.476265	1	1	0	0	0	0	0
AF	0	0.476577	1	1	0	0	0	0	0
AF	0	0.477202	3	2	1	0	0	0	0
AF	0	0.477514	3	2	1	0	0	0	0
AF	0	0.478139	1	1	0	0	0	0	0
AF	0	0.478763	1	0	1	0	0	0	0
AF	0	0.479076	2	1	1	0	0	0	0
AF	0	0.479388	3	2	1	0	0	0	0
AF	0	0.479700	1	1	0	0	0	0	0
AF	0	0.480325	2	1	1	0	0	0	0
AF	0	0.480949	1	1	0	0	0	0	0
AF	0	0.482199	1	0	1	0	0	0	0
AF	0	0.482511	1	0	1	0	0	0	0
AF	0	0.482823	1	1	0	0	0	0	0
AF	0	0.483136	2	1	1	0	0	0	0
AF	0	0.483760	6	5	1	0	0	0	0
AF	0	0.484072	2	2	0	0	0	0	0
AF	0	0.485009	1	1	0	0	0	0	0
AF	0	0.485322	2	1	1	0	0	0	0
AF	0	0.485634	1	1	0	0	0	0	0
AF	0	0.487508	1	0	1	0	0	0	0
AF	0	0.489069	1	1	0	0	0	0	0
AF	0	0.489382	1	1	0	0	0	0	0
AF	0	0.490006	1	0	1	0	0	0	0
AF	0	0.490319	1	1	0	0	0	0	0
AF	0	0.490631	1	1	0	0	0	0	0
AF	0	0.491255	1	0	1	0	0	0	0
AF	0	0.491880	4	3	1	0	0	0	0
AF	0	0.492505	1	0	1	0	0	0	0
AF	0	0.492817	1	0	1	0	0	0	0
AF	0	0.493129	1	0	1	0	0	0	0
AF	0	0.494066	1	1	0	0	0	0	0
AF	0	0.494379	2	1	1	0	0	0	0
AF	0	0.494691	1	0	1	0	0	0	0
AF	0	0.495003	1	1	0	0	0	0	0
AF	0	0.495628	2	1	1	0	0	0	0
AF	0	0.496565	1	1	0	0	0	0	0
AF	0	0.496877	1	1	0	0	0	0	0
AF	0	0.497189	1	1	0	0	0	0	0
AF	0	0.497814	1	0	1	0	0	0	0
AF	0	0.498438	1	0	1	0	0	0	0
AF	0	0.498751	1	0	1	0	0	0	0
AF	0	0.499375	1	0	1	0	0	0	0
AF	0	0.500000	2	2	0	0	0	0	0
AF	0	0.500312	1	1	0	0	0	0	0
AF	0	0.500625	1	0	1	0	0	0	0
AF	0	0.501874	1	1	0	0	0	0	0
AF	0	0.502186	1	1	0	0	0	0	0
AF	0	0.502498	1	0	1	0	0	0	0
AF	0	0.502811	3	2	1	0	0	0	0
AF	0	0.503123	1	1	0	0	0	0	0
AF	0	0.503748	2	2	0	0	0	0	0
AF	0	0.504060	1	1	0	0	0	0	0
AF	0	0.504372	1	0	1	0	0	0	0
AF	0	0.505621	2	2	0	0	0	0	0
AF	0	0.505934	1	0	1	0	0	0	0
AF	0	0.506558	1	0	1	0	0	0	0
AF	0	0.507808	2	2	0	0	0	0	0
AF	0	0.508120	2	0	2	0	0	0	0
AF	0	0.508745	1	1	0	0	0	0	0
AF	0	0.510618	1	1	0	0	0	0	0
AF	0	0.511243	2	2	0	0	0	0	0
AF	0	0.512180	1	1	0	0	0	0	0
AF	0	0.512492	1	1	0	0	0	0	0
AF	0	0.513117	2	1	1	0	0	0	0
AF	0	0.514054	1	0	1	0	0	0	0
AF	0	0.515615	2	2	0	0	0	0	0
AF	0	0.515928	1	0	1	0	0	0	0
AF	0	0.516240	1	1	0	0	0	0	0
AF	0	0.516552	1	1	0	0	0	0	0
AF	0	0.516864	2	2	0	0	0	0	0
AF	0	0.518114	2	1	1	0	0	0	0
AF	0	0.518738	2	1	1	0	0	0	0
AF	0	0.519363	1	1	0	0	0	0	0
AF	0	0.520300	1	0	1	0	0	0	0
AF	0	0.521237	1	0	1	0	0	0	0
AF	0	0.523111	1	0	1	0	0	0	0
AF	0	0.523423	1	0	1	0	0	0	0
AF	0	0.524360	1	1	0	0	0	0	0
AF	0	0.524984	3	2	1	0	0	0	0
AF	0	0.526234	2	2	0	0	0	0	0
AF	0	0.526858	1	1	0	0	0	0	0
AF	0	0.527483	1	0	1	0	0	0	0
AF	0	0.528107	1	1	0	0	0	0	0
AF	0	0.528732	1	1	0	0	0	0	0
AF	0	0.529044	1	1	0	0	0	0	0
AF	0	0.529357	2	2	0	0	0	0	0
AF	0	0.529981	1	1	0	0	0	0	0
AF	0	0.531230	1	1	0	0	0	0	0
AF	0	0.532480	2	1	1	0	0	0	0
AF	0	0.533417	1	0	1	0	0	0	0
AF	0	0.533729	2	1	1	0	0	0	0
AF	0	0.535290	1	0	1	0	0	0	0
AF	0	0.537477	1	0	1	0	0	0	0
AF	0	0.538101	1	1	0	0	0	0	0
AF	0	0.538413	1	1	0	0	0	0	0
AF	0	0.538726	3	3	0	0	0	0	0
AF	0	0.539038	1	1	0	0	0	0	0
AF	0	0.539350	1	1	0	0	0	0	0
AF	0	0.539663	2	2	0	0	0	0	0
AF	0	0.539975	2	1	1	0	0	0	0
AF	0	0.540600	1	1	0	0	0	0	0
AF	0	0.541224	1	0	1	0	0	0	0
AF	0	0.543098	1	0	1	0	0	0	0
AF	0	0.543410	1	1	0	0	0	0	0
AF	0	0.543723	1	1	0	0	0	0	0
AF	0	0.545597	1	1	0	0	0	0	0
AF	0	0.545909	1	0	1	0	0	0	0
AF	0	0.547783	1	1	0	0	0	0	0
AF	0	0.548720	4	3	1	0	0	0	0
AF	0	0.549344	1	1	0	0	0	0	0
AF	0	0.549656	1	1	0	0	0	0	0
AF	0	0.549969	5	5	0	0	0	0	0
AF	0	0.550593	2	2	0	0	0	0	0
AF	0	0.551843	1	1	0	0	0	0	0
AF	0	0.553092	1	1	0	0	0	0	0
AF	0	0.553404	1	0	1	0	0	0	0
AF	0	0.553716	1	1	0	0	0	0	0
AF	0	0.554341	2	2	0	0	0	0	0
AF	0	0.554653	3	3	0	0	0	0	0
AF	0	0.554966	8	7	1	0	0	0	0
AF	0	0.555278	3	1	2	0	0	0	0
AF	0	0.555903	1	1	0	0	0	0	0
AF	0	0.556527	4	3	1	0	0	0	0
AF	0	0.556839	2	0	2	0	0	0	0
AF	0	0.557152	6	4	2	0	0	0	0
AF	0	0.557464	3	3	0	0	0	0	0
AF	0	0.557776	2	1	1	0	0	0	0
AF	0	0.558401	2	2	0	0	0	0	0
AF	0	0.558713	1	0	1	0	0	0	0
AF	0	0.559026	1	1	0	0	0	0	0
AF	0	0.559338	1	1	0	0	0	0	0
AF	0	0.559650	1	1	0	0	0	0	0
AF	0	0.559963	1	0	1	0	0	0	0
AF	0	0.560275	1	0	1	0	0	0	0
AF	0	0.560587	2	2	0	0	0	0	0
AF	0	0.561524	1	1	0	0	0	0	0
AF	0	0.561836	2	2	0	0	0	0	0
AF	0	0.564022	1	1	0	0	0	0	0
AF	0	0.564335	1	1	0	0	0	0	0
AF	0	0.565896	1	1	0	0	0	0	0
AF	0	0.566209	1	0	1	0	0	0	0
AF	0	0.566521	1	1	0	0	0	0	0
AF	0	0.567458	1	1	0	0	0	0	0
AF	0	0.567770	2	1	1	0	0	0	0
AF	0	0.568082	1	0	1	0	0	0	0
AF	0	0.568395	1	0	1	0	0	0	0
AF	0	0.569019	1	1	0	0	0	0	0
AF	0	0.569956	1	1	0	0	0	0	0
AF	0	0.570893	2	2	0	0	0	0	0
AF	0	0.571830	3	3	0	0	0	0	0
AF	0	0.572142	1	1	0	0	0	0	0
AF	0	0.573392	1	1	0	0	0	0	0
AF	0	0.573704	2	2	0	0	0	0	0
AF	0	0.574016	2	2	0	0	0	0	0
AF	0	0.574329	1	1	0	0	0	0	0
AF	0	0.574641	3	2	1	0	0	0	0
AF	0	0.575265	3	2	1	0	0	0	0
AF	0	0.575578	1	1	0	0	0	0	0
AF	0	0.575890	2	2	0	0	0	0	0
AF	0	0.576202	1	1	0	0	0	0	0
AF	0	0.577139	1	1	0	0	0	0	0
AF	0	0.578076	1	1	0	0	0	0	0
AF	0	0.578389	1	1	0	0	0	0	0
AF	0	0.579013	1	1	0	0	0	0	0
AF	0	0.580262	2	1	1	0	0	0	0
AF	0	0.580887	1	0	1	0	0	0	0
AF	0	0.581512	2	1	1	0	0	0	0
AF	0	0.582136	2	1	1	0	0	0	0
AF	0	0.582761	3	1	2	0	0	0	0
AF	0	0.583073	2	2	0	0	0	0	0
AF	0	0.583698	2	2	0	0	0	0	0
AF	0	0.584010	1	0	1	0	0	0	0
AF	0	0.584947	3	2	1	0	0	0	0
AF	0	0.585259	1	1	0	0	0	0	0
AF	0	0.586196	1	1	0	0	0	0	0
AF	0	0.586508	1	0	1	0	0	0	0
AF	0	0.586821	1	1	0	0	0	0	0
AF	0	0.587133	2	2	0	0	0	0	0
AF	0	0.587758	1	0	1	0	0	0	0
AF	0	0.588070	1	1	0	0	0	0	0
AF	0	0.588695	1	1	0	0	0	0	0
AF	0	0.589319	1	1	0	0	0	0	0
AF	0	0.590881	3	3	0	0	0	0	0
AF	0	0.592130	1	0	1	0	0	0	0
AF	0	0.592442	1	1	0	0	0	0	0
AF	0	0.592755	2	1	1	0	0	0	0
AF	0	0.594004	3	3	0	0	0	0	0
AF	0	0.594316	1	1	0	0	0	0	0
AF	0	0.594941	1	1	0	0	0	0	0
AF	0	0.595253	2	1	1	0	0	0	0
AF	0	0.595565	2	1	1	0	0	0	0
AF	0	0.596502	1	1	0	0	0	0	0
AF	0	0.596814	1	0	1	0	0	0	0
AF	0	0.597127	1	1	0	0	0	0	0
AF	0	0.599938	2	1	1	0	0	0	0
AF	0	0.600250	1	1	0	0	0	0	0
AF	0	0.600562	1	1	0	0	0	0	0
AF	0	0.600874	1	0	1	0	0	0	0
AF	0	0.602124	1	0	1	0	0	0	0
AF	0	0.602748	1	0	1	0	0	0	0
AF	0	0.603373	1	1	0	0	0	0	0
AF	0	0.603685	1	1	0	0	0	0	0
AF	0	0.605247	1	0	1	0	0	0	0
AF	0	0.605559	2	1	1	0	0	0	0
AF	0	0.605871	2	2	0	0	0	0	0
AF	0	0.606808	1	1	0	0	0	0	0
AF	0	0.607121	1	0	1	0	0	0	0
AF	0	0.607433	1	0	1	0	0	0	0
AF	0	0.610244	2	2	0	0	0	0	0
AF	0	0.610556	2	1	1	0	0	0	0
AF	0	0.610868	2	0	2	0	0	0	0
AF	0	0.611181	1	0	1	0	0	0	0
AF	0	0.611493	5	4	1	0	0	0	0
AF	0	0.611805	2	1	1	0	0	0	0
AF	0	0.612117	1	1	0	0	0	0	0
AF	0	0.612430	1	1	0	0	0	0	0
AF	0	0.613367	2	2	0	0	0	0	0
AF	0	0.613679	2	1	1	0	0	0	0
AF	0	0.614304	1	1	0	0	0	0	0
AF	0	0.614616	3	1	2	0	0	0	0
AF	0	0.614928	1	1	0	0	0	0	0
AF	0	0.615240	1	1	0	0	0	0	0
AF	0	0.615553	2	2	0	0	0	0	0
AF	0	0.615865	1	1	0	0	0	0	0
AF	0	0.616177	2	1	1	0	0	0	0
AF	0	0.616490	3	2	1	0	0	0	0
AF	0	0.616802	2	2	0	0	0	0	0
AF	0	0.617739	1	1	0	0	0	0	0
AF	0	0.618364	2	2	0	0	0	0	0
AF	0	0.619613	1	1	0	0	0	0	0
AF	0	0.620237	2	1	1	0	0	0	0
AF	0	0.620862	2	0	2	0	0	0	0
AF	0	0.623985	1	1	0	0	0	0	0
AF	0	0.624922	1	0	1	0	0	0	0
AF	0	0.625234	1	1	0	0	0	0	0
AF	0	0.625547	1	1	0	0	0	0	0
AF	0	0.625859	1	1	0	0	0	0	0
AF	0	0.626483	1	1	0	0	0	0	0
AF	0	0.627420	1	1	0	0	0	0	0
AF	0	0.628357	1	0	1	0	0	0	0
AF	0	0.628982	1	1	0	0	0	0	0
AF	0	0.629606	1	1	0	0	0	0	0
AF	0	0.629919	1	0	1	0	0	0	0
AF	0	0.630231	3	2	1	0	0	0	0
AF	0	0.630856	1	0	1	0	0	0	0
AF	0	0.631480	2	2	0	0	0	0	0
AF	0	0.632417	1	1	0	0	0	0	0
AF	0	0.632730	1	1	0	0	0	0	0
AF	0	0.633354	2	1	1	0	0	0	0
AF	0	0.633666	1	1	0	0	0	0	0
AF	0	0.633979	2	0	2	0	0	0	0
AF	0	0.634916	1	0	1	0	0	0	0
AF	0	0.637102	1	1	0	0	0	0	0
AF	0	0.637414	1	1	0	0	0	0	0
AF	0	0.638351	1	1	0	0	0	0	0
AF	0	0.640849	1	1	0	0	0	0	0
AF	0	0.641786	2	1	1	0	0	0	0
AF	0	0.643348	2	1	1	0	0	0	0
AF	0	0.643660	1	1	0	0	0	0	0
AF	0	0.643973	1	1	0	0	0	0	0
AF	0	0.646471	2	1	1	0	0	0	0
AF	0	0.647096	1	0	1	0	0	0	0
AF	0	0.647408	2	1	1	0	0	0	0
AF	0	0.647720	1	1	0	0	0	0	0
AF	0	0.648345	3	3	0	0	0	0	0
AF	0	0.648657	2	0	2	0	0	0	0
AF	0	0.648969	2	2	0	0	0	0	0
AF	0	0.649282	1	1	0	0	0	0	0
AF	0	0.650219	2	1	1	0	0	0	0
AF	0	0.650531	2	2	0	0	0	0	0
AF	0	0.650843	1	1	0	0	0	0	0
AF	0	0.651156	2	2	0	0	0	0	0
AF	0	0.651468	1	0	1	0	0	0	0
AF	0	0.651780	1	1	0	0	0	0	0
AF	0	0.652717	1	1	0	0	0	0	0
AF	0	0.653029	1	0	1	0	0	0	0
AF	0	0.653966	3	3	0	0	0	0	0
AF	0	0.654279	2	2	0	0	0	0	0
AF	0	0.654591	3	3	0	0	0	0	0
AF	0	0.654903	2	1	1	0	0	0	0
AF	0	0.655215	1	1	0	0	0	0	0
AF	0	0.655840	1	1	0	0	0	0	0
AF	0	0.656152	1	1	0	0	0	0	0
AF	0	0.656465	1	0	1	0	0	0	0
AF	0	0.657402	1	0	1	0	0	0	0
AF	0	0.657714	2	2	0	0	0	0	0
AF	0	0.658339	1	0	1	0	0	0	0
AF	0	0.658963	1	1	0	0	0	0	0
AF	0	0.659588	3	3	0	0	0	0	0
AF	0	0.660212	1	1	0	0	0	0	0
AF	0	0.660525	2	1	1	0	0	0	0
AF	0	0.660837	1	1	0	0	0	0	0
AF	0	0.661149	2	1	1	0	0	0	0
AF	0	0.661462	1	1	0	0	0	0	0
AF	0	0.661774	1	0	1	0	0	0	0
AF	0	0.662086	2	1	1	0	0	0	0
AF	0	0.662399	1	0	1	0	0	0	0
AF	0	0.662711	2	2	0	0	0	0	0
AF	0	0.663023	2	2	0	0	0	0	0
AF	0	0.663335	4	2	2	0	0	0	0
AF	0	0.663648	1	0	1	0	0	0	0
AF	0	0.663960	3	2	1	0	0	0	0
AF	0	0.664272	1	1	0	0	0	0	0
AF	0	0.664585	2	2	0	0	0	0	0
AF	0	0.664897	2	2	0	0	0	0	0
AF	0	0.665209	2	1	1	0	0	0	0
AF	0	0.665834	1	1	0	0	0	0	0
AF	0	0.666458	2	2	0	0	0	0	0
AF	0	0.666771	3	2	1	0	0	0	0
AF	0	0.667395	1	1	0	0	0	0	0
AF	0	0.667708	1	1	0	0	0	0	0
AF	0	0.668020	1	1	0	0	0	0	0
AF	0	0.668332	1	1	0	0	0	0	0
AF	0	0.668645	1	1	0	0	0	0	0
AF	0	0.669269	3	3	0	0	0	0	0
AF	0	0.669582	1	1	0	0	0	0	0
AF	0	0.669894	1	0	1	0	0	0	0
AF	0	0.670206	1	0	1	0	0	0	0
AF	0	0.670518	1	0	1	0	0	0	0
AF	0	0.670831	3	2	1	0	0	0	0
AF	0	0.671143	2	0	2	0	0	0	0
AF	0	0.671455	1	1	0	0	0	0	0
AF	0	0.671768	1	1	0	0	0	0	0
AF	0	0.672392	1	1	0	0	0	0	0
AF	0	0.673017	1	0	1	0	0	0	0
AF	0	0.673329	2	2	0	0	0	0	0
AF	0	0.673641	2	2	0	0	0	0	0
AF	0	0.674266	2	1	1	0	0	0	0
AF	0	0.674891	3	2	1	0	0	0	0
AF	0	0.675203	2	2	0	0	0	0	0
AF	0	0.675515	1	1	0	0	0	0	0
AF	0	0.676140	2	1	1	0	0	0	0
AF	0	0.676765	2	2	0	0	0	0	0
AF	0	0.677077	1	1	0	0	0	0	0
AF	0	0.678638	1	0	1	0	0	0	0
AF	0	0.678951	1	0	1	0	0	0	0
AF	0	0.679575	1	0	1	0	0	0	0
AF	0	0.680200	2	2	0	0	0	0	0
AF	0	0.680512	1	1	0	0	0	0	0
AF	0	0.683011	1	1	0	0	0	0	0
AF	0	0.684572	1	1	0	0	0	0	0
AF	0	0.685509	1	1	0	0	0	0	0
AF	0	0.686134	1	0	1	0	0	0	0
AF	0	0.686758	1	1	0	0	0	0	0
AF	0	0.687695	1	1	0	0	0	0	0
AF	0	0.688007	4	3	1	0	0	0	0
AF	0	0.688632	2	0	2	0	0	0	0
AF	0	0.689569	1	1	0	0	0	0	0
AF	0	0.691131	1	1	0	0	0	0	0
AF	0	0.691755	2	0	2	0	0	0	0
AF	0	0.692067	1	1	0	0	0	0	0
AF	0	0.692380	1	1	0	0	0	0	0
AF	0	0.693004	2	1	1	0	0	0	0
AF	0	0.693317	1	1	0	0	0	0	0
AF	0	0.693629	2	2	0	0	0	0	0
AF	0	0.694254	2	1	1	0	0	0	0
AF	0	0.694566	3	2	1	0	0	0	0
AF	0	0.694878	1	1	0	0	0	0	0
AF	0	0.695815	1	1	0	0	0	0	0
AF	0	0.696127	1	0	1	0	0	0	0
AF	0	0.697377	2	2	0	0	0	0	0
AF	0	0.698001	2	1	1	0	0	0	0
AF	0	0.698314	1	1	0	0	0	0	0
AF	0	0.699250	1	1	0	0	0	0	0
AF	0	0.699563	1	1	0	0	0	0	0
AF	0	0.700500	1	1	0	0	0	0	0
AF	0	0.701124	1	0	1	0	0	0	0
AF	0	0.701749	4	3	1	0	0	0	0
AF	0	0.702061	2	2	0	0	0	0	0
AF	0	0.702374	1	1	0	0	0	0	0
AF	0	0.702998	1	0	1	0	0	0	0
AF	0	0.703310	2	1	1	0	0	0	0
AF	0	0.703935	1	1	0	0	0	0	0
AF	0	0.704560	1	0	1	0	0	0	0
AF	0	0.705497	2	1	1	0	0	0	0
AF	0	0.705809	1	1	0	0	0	0	0
AF	0	0.706121	4	3	1	0	0	0	0
AF	0	0.706433	1	1	0	0	0	0	0
AF	0	0.706746	3	1	2	0	0	0	0
AF	0	0.707058	5	2	3	0	0	0	0
AF	0	0.707370	2	1	1	0	0	0	0
AF	0	0.707683	2	1	1	0	0	0	0
AF	0	0.708307	1	0	1	0	0	0	0
AF	0	0.708620	2	1	1	0	0	0	0
AF	0	0.708932	3	1	2	0	0	0	0
AF	0	0.709557	1	1	0	0	0	0	0
AF	0	0.709869	1	1	0	0	0	0	0
AF	0	0.710181	1	1	0	0	0	0	0
AF	0	0.710493	1	0	1	0	0	0	0
AF	0	0.711118	1	1	0	0	0	0	0
AF	0	0.711430	1	0	1	0	0	0	0
AF	0	0.712055	3	1	2	0	0	0	0
AF	0	0.712367	2	2	0	0	0	0	0
AF	0	0.712680	1	1	0	0	0	0	0
AF	0	0.712992	1	1	0	0	0	0	0
AF	0	0.713616	3	1	2	0	0	0	0
AF	0	0.714866	1	1	0	0	0	0	0
AF	0	0.715490	3	1	2	0	0	0	0
AF	0	0.716740	1	0	1	0	0	0	0
AF	0	0.717052	2	2	0	0	0	0	0
AF	0	0.717364	2	2	0	0	0	0	0
AF	0	0.717989	2	0	2	0	0	0	0
AF	0	0.718301	1	1	0	0	0	0	0
AF	0	0.718613	3	3	0	0	0	0	0
AF	0	0.719238	1	1	0	0	0	0	0
AF	0	0.720175	1	1	0	0	0	0	0
AF	0	0.720487	1	1	0	0	0	0	0
AF	0	0.721424	1	1	0	0	0	0	0
AF	0	0.721736	1	0	1	0	0	0	0
AF	0	0.722049	1	1	0	0	0	0	0
AF	0	0.722361	3	2	1	0	0	0	0
AF	0	0.723298	2	2	0	0	0	0	0
AF	0	0.723610	1	0	1	0	0	0	0
AF	0	0.723923	1	1	0	0	0	0	0
AF	0	0.724235	1	1	0	0	0	0	0
AF	0	0.724859	2	1	1	0	0	0	0
AF	0	0.725172	2	2	0	0	0	0	0
AF	0	0.725796	1	0	1	0	0	0	0
AF	0	0.726109	1	0	1	0	0	0	0
AF	0	0.726733	1	1	0	0	0	0	0
AF	0	0.727358	2	2	0	0	0	0	0
AF	0	0.727983	1	1	0	0	0	0	0
AF	0	0.728295	1	0	1	0	0	0	0
AF	0	0.728607	1	1	0	0	0	0	0
AF	0	0.729232	3	3	0	0	0	0	0
AF	0	0.730169	2	1	1	0	0	0	0
AF	0	0.730481	1	1	0	0	0	0	0
AF	0	0.731106	1	0	1	0	0	0	0
AF	0	0.731730	1	0	1	0	0	0	0
AF	0	0.732355	1	1	0	0	0	0	0
AF	0	0.732979	1	0	1	0	0	0	0
AF	0	0.733604	3	2	1	0	0	0	0
AF	0	0.733916	1	1	0	0	0	0	0
AF	0	0.734853	4	4	0	0	0	0	0
AF	0	0.735166	2	1	1	0	0	0	0
AF	0	0.736727	2	1	1	0	0	0	0
AF	0	0.737976	1	0	1	0	0	0	0
AF	0	0.739850	1	0	1	0	0	0	0
AF	0	0.740475	1	0	1	0	0	0	0
AF	0	0.741099	1	1	0	0	0	0	0
AF	0	0.741412	1	0	1	0	0	0	0
AF	0	0.741724	1	0	1	0	0	0	0
AF	0	0.742036	2	2	0	0	0	0	0
AF	0	0.742349	3	3	0	0	0	0	0
AF	0	0.742661	1	1	0	0	0	0	0
AF	0	0.742973	1	1	0	0	0	0	0
AF	0	0.743598	1	0	1	0	0	0	0
AF	0	0.744222	1	1	0	0	0	0	0
AF	0	0.744847	2	2	0	0	0	0	0
AF	0	0.745784	1	0	1	0	0	0	0
AF	0	0.747033	1	1	0	0	0	0	0
AF	0	0.747345	1	0	1	0	0	0	0
AF	0	0.749219	2	2	0	0	0	0	0
AF	0	0.751093	1	0	1	0	0	0	0
AF	0	0.753279	1	1	0	0	0	0	0
AF	0	0.753592	1	1	0	0	0	0	0
AF	0	0.754216	1	1	0	0	0	0	0
AF	0	0.754841	1	1	0	0	0	0	0
AF	0	0.755153	1	1	0	0	0	0	0
AF	0	0.755465	1	0	1	0	0	0	0
AF	0	0.756715	2	2	0	0	0	0	0
AF	0	0.757027	1	1	0	0	0	0	0
AF	0	0.757339	1	0	1	0	0	0	0
AF	0	0.758588	1	1	0	0	0	0	0
AF	0	0.759213	1	1	0	0	0	0	0
AF	0	0.759838	1	1	0	0	0	0	0
AF	0	0.761087	1	0	1	0	0	0	0
AF	0	0.762024	2	2	0	0	0	0	0
AF	0	0.762336	1	1	0	0	0	0	0
AF	0	0.763585	1	1	0	0	0	0	0
AF	0	0.767333	1	1	0	0	0	0	0
AF	0	0.768582	1	1	0	0	0	0	0
AF	0	0.768894	1	0	1	0	0	0	0
AF	0	0.772330	1	0	1	0	0	0	0
AF	0	0.772642	2	2	0	0	0	0	0
AF	0	0.772954	1	1	0	0	0	0	0
AF	0	0.773267	1	0	1	0	0	0	0
AF	0	0.773891	1	1	0	0	0	0	0
AF	0	0.776077	1	0	1	0	0	0	0
AF	0	0.778264	2	2	0	0	0	0	0
AF	0	0.778576	1	0	1	0	0	0	0
AF	0	0.782011	3	2	1	0	0	0	0
AF	0	0.783573	1	1	0	0	0	0	0
AF	0	0.783885	1	0	1	0	0	0	0
AF	0	0.786071	1	1	0	0	0	0	0
AF	0	0.786696	1	0	1	0	0	0	0
AF	0	0.788882	1	0	1	0	0	0	0
AF	0	0.791068	1	1	0	0	0	0	0
AF	0	0.791380	1	1	0	0	0	0	0
AF	0	0.792630	1	1	0	0	0	0	0
AF	0	0.793879	2	1	1	0	0	0	0
AF	0	0.795128	1	0	1	0	0	0	0
AF	0	0.796690	1	1	0	0	0	0	0
AF	0	0.798876	1	1	0	0	0	0	0
AF	0	0.799500	1	1	0	0	0	0	0
AF	0	0.802936	1	1	0	0	0	0	0
AF	0	0.805122	1	1	0	0	0	0	0
AF	0	0.806371	2	1	1	0	0	0	0
AF	0	0.806996	2	1	1	0	0	0	0
AF	0	0.807620	1	0	1	0	0	0	0
AF	0	0.808245	1	1	0	0	0	0	0
AF	0	0.808869	1	1	0	0	0	0	0
AF	0	0.809182	1	1	0	0	0	0	0
AF	0	0.810743	1	0	1	0	0	0	0
AF	0	0.811368	1	1	0	0	0	0	0
AF	0	0.814491	1	1	0	0	0	0	0
AF	0	0.817926	1	1	0	0	0	0	0
AF	0	0.821986	1	0	1	0	0	0	0
AF	0	0.822299	1	1	0	0	0	0	0
AF	0	0.823235	1	1	0	0	0	0	0
AF	0	0.827920	1	1	0	0	0	0	0
AF	0	0.830106	1	1	0	0	0	0	0
AF	0	0.831043	1	0	1	0	0	0	0
AF	0	0.834166	1	1	0	0	0	0	0
AF	0	0.834478	1	1	0	0	0	0	0
AF	0	0.837289	1	1	0	0	0	0	0
AF	0	0.839163	1	1	0	0	0	0	0
AF	0	0.841349	2	2	0	0	0	0	0
AF	0	0.842286	1	0	1	0	0	0	0
AF	0	0.845097	1	0	1	0	0	0	0
AF	0	0.845721	1	0	1	0	0	0	0
AF	0	0.846658	1	1	0	0	0	0	0
AF	0	0.846971	1	1	0	0	0	0	0
AF	0	0.847595	2	2	0	0	0	0	0
AF	0	0.849469	1	1	0	0	0	0	0
AF	0	0.850094	2	0	2	0	0	0	0
AF	0	0.851968	1	1	0	0	0	0	0
AF	0	0.852280	1	1	0	0	0	0	0
AF	0	0.854154	1	0	1	0	0	0	0
AF	0	0.855091	1	1	0	0	0	0	0
AF	0	0.861337	1	0	1	0	0	0	0
AF	0	0.861649	1	1	0	0	0	0	0
AF	0	0.861961	1	1	0	0	0	0	0
AF	0	0.863835	1	0	1	0	0	0	0
AF	0	0.865709	1	1	0	0	0	0	0
AF	0	0.866334	1	1	0	0	0	0	0
AF	0	0.870706	1	0	1	0	0	0	0
AF	0	0.871330	1	0	1	0	0	0	0
AF	0	0.873829	1	1	0	0	0	0	0
AF	0	0.876327	1	1	0	0	0	0	0
AF	0	0.876952	1	1	0	0	0	0	0
AF	0	0.877264	1	0	1	0	0	0	0
AF	0	0.881012	1	0	1	0	0	0	0
AF	0	0.881324	1	1	0	0	0	0	0
AF	0	0.881949	1	1	0	0	0	0	0
AF	0	0.883823	1	0	1	0	0	0	0
AF	0	0.885072	1	1	0	0	0	0	0
AF	0	0.889132	1	1	0	0	0	0	0
AF	0	0.896002	1	0	1	0	0	0	0
AF	0	0.897876	1	1	0	0	0	0	0
AF	0	0.898501	1	0	1	0	0	0	0
AF	0	0.902561	1	0	1	0	0	0	0
AF	0	0.906309	1	1	0	0	0	0	0
AF	0	0.907245	1	1	0	0	0	0	0
AF	0	0.908495	1	1	0	0	0	0	0
AF	0	0.908807	1	0	1	0	0	0	0
AF	0	0.910993	1	1	0	0	0	0	0
AF	0	0.912242	2	1	1	0	0	0	0
AF	0	0.912867	1	1	0	0	0	0	0
AF	0	0.913492	1	0	1	0	0	0	0
AF	0	0.914116	1	1	0	0	0	0	0
AF	0	0.915365	1	1	0	0	0	0	0
AF	0	0.919425	1	1	0	0	0	0	0
AF	0	0.920987	2	1	1	0	0	0	0
AF	0	0.923485	1	1	0	0	0	0	0
AF	0	0.925671	1	1	0	0	0	0	0
AF	0	0.927233	1	0	1	0	0	0	0
AF	0	0.933791	1	0	1	0	0	0	0
AF	0	0.936602	1	0	1	0	0	0	0
AF	0	0.946596	2	2	0	0	0	0	0
AF	0	0.951905	1	0	1	0	0	0	0
AF	0	0.952217	1	0	1	0	0	0	0
AF	0	0.953154	1	1	0	0	0	0	0
AF	0	0.954091	1	1	0	0	0	0	0
AF	0	0.955965	2	0	2	0	0	0	0
AF	0	0.956590	1	0	1	0	0	0	0
AF	0	0.964710	1	1	0	0	0	0	0
AF	0	0.966271	1	1	0	0	0	0	0
AF	0	0.966583	1	1	0	0	0	0	0
AF	0	0.969082	2	2	0	0	0	0	0
AF	0	0.969706	1	1	0	0	0	0	0
AF	0	0.970331	3	1	2	0	0	0	0
AF	0	0.972829	1	1	0	0	0	0	0
AF	0	0.974703	2	1	1	0	0	0	0
AF	0	0.977202	1	1	0	0	0	0	0
AF	0	0.981886	1	1	0	0	0	0	0
AF	0	0.984697	1	0	1	0	0	0	0
AF	0	0.985634	1	1	0	0	0	0	0
AF	0	0.985946	1	1	0	0	0	0	0
AF	0	0.993442	1	0	1	0	0	0	0
AF	0	0.995315	1	0	1	0	0	0	0
AF	0	0.998126	1	0	1	0	0	0	0
AF	0	0.998438	2	1	1	0	0	0	0
AF	0	0.999063	1	0	1	0	0	0	0
# QUAL, Stats by quality
# QUAL	[2]id	[3]Quality	[4]number of SNPs	[5]number of transitions (1st ALT)	[6]number of transversions (1st ALT)	[7]number of indels
QUAL	0	.	16005	11125	4880	0
# IDD, InDel distribution:
# IDD	[2]id	[3]length (deletions negative)	[4]number of sites	[5]number of genotypes	[6]mean VAF
# ST, Substitution types:
# ST	[2]id	[3]type	[4]count
ST	0	A>C	568
ST	0	A>G	2306
ST	0	A>T	486
ST	0	C>A	716
ST	0	C>G	699
ST	0	C>T	3307
ST	0	G>A	3266
ST	0	G>C	666
ST	0	G>T	673
ST	0	T>A	519
ST	0	T>C	2246
ST	0	T>G	553
# DP, Depth distribution
# DP	[2]id	[3]bin	[4]number of genotypes	[5]fraction of genotypes (%)	[6]number of sites	[7]fraction of sites (%)
  - Fix haploid genotypes in males...

Submit MakeDiploidMalesX finished successfully. Let's have a beer, buddy!

