Submit MakeDiploidMalesX
version 1.1.6 (2024-09-30)

These are the settings:
  Input file................: /hpc/local/Rocky8/dhl_ec/software/MonopogenLite/resources/1kGP_high_coverage_Illumina.SNVonly_poly.filtered_AF_5e-04.norm.fixvariantid.chrX.vcf.gz
  Output file...............: /hpc/local/Rocky8/dhl_ec/software/MonopogenLite/resources/1kGP_high_coverage_Illumina.SNVonly_poly.filtered_AF_5e-04.norm.fixvariantid.makediploid.chrX.vcf.gz
  Chunk size................: 100

  SLURM CPUs................: 4
  SLURM Array ID............: 85 (of 100)
  SLURM memory..............: 16G
  SLURM time................: 01:00:00
  SLURM mail type...........: FAIL
  SLURM mail user...........: s.w.vanderlaan-2@umcutrecht.nl

  Dry run mode..............: 0
  Debug mode................: 1
  Verbosity.................: 0
  Version...................: 1.1.6 (2024-09-30)

Making converting haploid genotypes to diploid genotypes.
> Extract the region for this SLURM task (# 85) from the BED file.
  - Get the chunk number from the SLURM array task ID and the bed file...
DEBUG: Extracting chunk number: 85p from 85
DEBUG: Extracting region from BED file: /hpc/local/Rocky8/dhl_ec/software/MonopogenLite/resources/chrX_100pieces.bed
  - Extract the region from the BED file...
DEBUG: Extracted raw region: 'chrX	131074273	132634680' (chunk #: 85p of 100 for job 85)
  - Check if a valid region was extracted -- should be 'chrX	131074273	132634680'...
  - Prepare the region for bcftools...
  - Check if the region (chrX:131074273-132634680) was successfully extracted...
> Processing region 'chrX:131074273-132634680'...
  - Process the specific region (chunk# 85) using bcftools view...
  - Index the VCF file...
DEBUG: Check if the VCF file was successfully processed...
##fileformat=VCFv4.2
##FILTER=<ID=PASS,Description="All filters passed">
##fileDate=29/01/2022 - 14:31:41
##source=shapeit4.2.2
##contig=<ID=chr1,length=248956422>
##contig=<ID=chr2,length=242193529>
##contig=<ID=chr3,length=198295559>
##contig=<ID=chr4,length=190214555>
##contig=<ID=chr5,length=181538259>
##contig=<ID=chr6,length=170805979>
# This file was produced by bcftools stats (1.20+htslib-1.20) and can be plotted using plot-vcfstats.
# The command line was:	bcftools stats  /hpc/local/Rocky8/dhl_ec/software/MonopogenLite/resources/chrX.part85.vcf.gz
#
# Definition of sets:
# ID	[2]id	[3]tab-separated file names
ID	0	/hpc/local/Rocky8/dhl_ec/software/MonopogenLite/resources/chrX.part85.vcf.gz
# SN, Summary numbers:
#   number of records   .. number of data rows in the VCF
#   number of no-ALTs   .. reference-only sites, ALT is either "." or identical to REF
#   number of SNPs      .. number of rows with a SNP
#   number of MNPs      .. number of rows with a MNP, such as CC>TT
#   number of indels    .. number of rows with an indel
#   number of others    .. number of rows with other type, for example a symbolic allele or
#                          a complex substitution, such as ACT>TCGA
#   number of multiallelic sites     .. number of rows with multiple alternate alleles
#   number of multiallelic SNP sites .. number of rows with multiple alternate alleles, all SNPs
# 
#   Note that rows containing multiple types will be counted multiple times, in each
#   counter. For example, a row with a SNP and an indel increments both the SNP and
#   the indel counter.
# 
# SN	[2]id	[3]key	[4]value
SN	0	number of samples:	3202
SN	0	number of records:	14577
SN	0	number of no-ALTs:	0
SN	0	number of SNPs:	14577
SN	0	number of MNPs:	0
SN	0	number of indels:	0
SN	0	number of others:	0
SN	0	number of multiallelic sites:	0
SN	0	number of multiallelic SNP sites:	0
# TSTV, transitions/transversions:
# TSTV	[2]id	[3]ts	[4]tv	[5]ts/tv	[6]ts (1st ALT)	[7]tv (1st ALT)	[8]ts/tv (1st ALT)
TSTV	0	9696	4881	1.99	9696	4881	1.99
# SiS, Singleton stats:
# SiS	[2]id	[3]allele count	[4]number of SNPs	[5]number of transitions	[6]number of transversions	[7]number of indels	[8]repeat-consistent	[9]repeat-inconsistent	[10]not applicable
SiS	0	1	0	0	0	0	0	0	0
# AF, Stats by non-reference allele frequency:
# AF	[2]id	[3]allele frequency	[4]number of SNPs	[5]number of transitions	[6]number of transversions	[7]number of indels	[8]repeat-consistent	[9]repeat-inconsistent	[10]not applicable
AF	0	0.000312	2492	1669	823	0	0	0	0
AF	0	0.000625	1448	955	493	0	0	0	0
AF	0	0.000937	1710	1150	560	0	0	0	0
AF	0	0.001249	610	402	208	0	0	0	0
AF	0	0.001562	776	511	265	0	0	0	0
AF	0	0.001874	286	201	85	0	0	0	0
AF	0	0.002186	471	312	159	0	0	0	0
AF	0	0.002498	241	164	77	0	0	0	0
AF	0	0.002811	443	289	154	0	0	0	0
AF	0	0.003123	207	143	64	0	0	0	0
AF	0	0.003435	282	191	91	0	0	0	0
AF	0	0.003748	88	67	21	0	0	0	0
AF	0	0.004060	229	138	91	0	0	0	0
AF	0	0.004372	102	60	42	0	0	0	0
AF	0	0.004685	221	148	73	0	0	0	0
AF	0	0.004997	120	86	34	0	0	0	0
AF	0	0.005309	257	173	84	0	0	0	0
AF	0	0.005621	59	38	21	0	0	0	0
AF	0	0.005934	127	84	43	0	0	0	0
AF	0	0.006246	135	92	43	0	0	0	0
AF	0	0.006558	206	133	73	0	0	0	0
AF	0	0.006871	80	53	27	0	0	0	0
AF	0	0.007183	118	80	38	0	0	0	0
AF	0	0.007495	45	27	18	0	0	0	0
AF	0	0.007808	87	62	25	0	0	0	0
AF	0	0.008120	67	48	19	0	0	0	0
AF	0	0.008432	76	55	21	0	0	0	0
AF	0	0.008745	42	26	16	0	0	0	0
AF	0	0.009057	52	39	13	0	0	0	0
AF	0	0.009369	24	18	6	0	0	0	0
AF	0	0.009681	62	44	18	0	0	0	0
AF	0	0.009994	22	16	6	0	0	0	0
AF	0	0.010306	96	64	32	0	0	0	0
AF	0	0.010618	16	15	1	0	0	0	0
AF	0	0.010931	35	30	5	0	0	0	0
AF	0	0.011243	11	9	2	0	0	0	0
AF	0	0.011555	37	22	15	0	0	0	0
AF	0	0.011868	20	12	8	0	0	0	0
AF	0	0.012180	48	33	15	0	0	0	0
AF	0	0.012492	23	11	12	0	0	0	0
AF	0	0.012804	55	37	18	0	0	0	0
AF	0	0.013117	9	9	0	0	0	0	0
AF	0	0.013429	25	10	15	0	0	0	0
AF	0	0.013741	5	3	2	0	0	0	0
AF	0	0.014054	13	9	4	0	0	0	0
AF	0	0.014366	9	6	3	0	0	0	0
AF	0	0.014678	25	16	9	0	0	0	0
AF	0	0.014991	4	4	0	0	0	0	0
AF	0	0.015303	13	12	1	0	0	0	0
AF	0	0.015615	8	4	4	0	0	0	0
AF	0	0.015928	34	19	15	0	0	0	0
AF	0	0.016240	17	6	11	0	0	0	0
AF	0	0.016552	21	18	3	0	0	0	0
AF	0	0.016864	11	7	4	0	0	0	0
AF	0	0.017177	44	29	15	0	0	0	0
AF	0	0.017489	15	10	5	0	0	0	0
AF	0	0.017801	14	8	6	0	0	0	0
AF	0	0.018114	12	8	4	0	0	0	0
AF	0	0.018426	17	11	6	0	0	0	0
AF	0	0.018738	13	12	1	0	0	0	0
AF	0	0.019051	18	13	5	0	0	0	0
AF	0	0.019363	6	1	5	0	0	0	0
AF	0	0.019675	14	12	2	0	0	0	0
AF	0	0.019988	4	2	2	0	0	0	0
AF	0	0.020300	14	8	6	0	0	0	0
AF	0	0.020612	6	3	3	0	0	0	0
AF	0	0.020924	18	11	7	0	0	0	0
AF	0	0.021237	4	4	0	0	0	0	0
AF	0	0.021549	17	11	6	0	0	0	0
AF	0	0.021861	13	10	3	0	0	0	0
AF	0	0.022174	19	11	8	0	0	0	0
AF	0	0.022486	15	11	4	0	0	0	0
AF	0	0.022798	25	19	6	0	0	0	0
AF	0	0.023111	11	8	3	0	0	0	0
AF	0	0.023423	17	13	4	0	0	0	0
AF	0	0.023735	16	11	5	0	0	0	0
AF	0	0.024047	10	9	1	0	0	0	0
AF	0	0.024360	13	8	5	0	0	0	0
AF	0	0.024672	9	8	1	0	0	0	0
AF	0	0.024984	9	7	2	0	0	0	0
AF	0	0.025297	16	12	4	0	0	0	0
AF	0	0.025609	3	3	0	0	0	0	0
AF	0	0.025921	22	14	8	0	0	0	0
AF	0	0.026234	12	8	4	0	0	0	0
AF	0	0.026546	34	20	14	0	0	0	0
AF	0	0.026858	23	12	11	0	0	0	0
AF	0	0.027171	43	32	11	0	0	0	0
AF	0	0.027483	8	5	3	0	0	0	0
AF	0	0.027795	15	10	5	0	0	0	0
AF	0	0.028107	13	8	5	0	0	0	0
AF	0	0.028420	31	25	6	0	0	0	0
AF	0	0.028732	3	2	1	0	0	0	0
AF	0	0.029044	16	10	6	0	0	0	0
AF	0	0.029357	13	8	5	0	0	0	0
AF	0	0.029669	14	6	8	0	0	0	0
AF	0	0.029981	9	3	6	0	0	0	0
AF	0	0.030294	4	3	1	0	0	0	0
AF	0	0.030918	12	5	7	0	0	0	0
AF	0	0.031230	6	5	1	0	0	0	0
AF	0	0.031543	7	6	1	0	0	0	0
AF	0	0.031855	7	3	4	0	0	0	0
AF	0	0.032167	22	15	7	0	0	0	0
AF	0	0.032480	6	4	2	0	0	0	0
AF	0	0.032792	9	6	3	0	0	0	0
AF	0	0.033104	3	2	1	0	0	0	0
AF	0	0.033417	16	7	9	0	0	0	0
AF	0	0.033729	8	5	3	0	0	0	0
AF	0	0.034041	20	13	7	0	0	0	0
AF	0	0.034354	1	0	1	0	0	0	0
AF	0	0.034666	19	11	8	0	0	0	0
AF	0	0.034978	1	1	0	0	0	0	0
AF	0	0.035290	4	2	2	0	0	0	0
AF	0	0.035603	8	3	5	0	0	0	0
AF	0	0.035915	8	5	3	0	0	0	0
AF	0	0.036227	2	2	0	0	0	0	0
AF	0	0.036540	9	4	5	0	0	0	0
AF	0	0.036852	4	3	1	0	0	0	0
AF	0	0.037164	9	4	5	0	0	0	0
AF	0	0.037477	5	3	2	0	0	0	0
AF	0	0.037789	17	9	8	0	0	0	0
AF	0	0.038101	2	2	0	0	0	0	0
AF	0	0.038413	6	4	2	0	0	0	0
AF	0	0.038726	2	1	1	0	0	0	0
AF	0	0.039038	4	2	2	0	0	0	0
AF	0	0.039350	4	4	0	0	0	0	0
AF	0	0.039663	2	1	1	0	0	0	0
AF	0	0.039975	4	3	1	0	0	0	0
AF	0	0.040287	7	4	3	0	0	0	0
AF	0	0.040600	2	1	1	0	0	0	0
AF	0	0.040912	5	2	3	0	0	0	0
AF	0	0.041224	6	5	1	0	0	0	0
AF	0	0.041537	5	2	3	0	0	0	0
AF	0	0.041849	2	1	1	0	0	0	0
AF	0	0.042161	3	2	1	0	0	0	0
AF	0	0.042473	2	2	0	0	0	0	0
AF	0	0.042786	4	1	3	0	0	0	0
AF	0	0.043098	4	3	1	0	0	0	0
AF	0	0.043410	8	5	3	0	0	0	0
AF	0	0.043723	4	3	1	0	0	0	0
AF	0	0.044035	5	3	2	0	0	0	0
AF	0	0.044347	3	3	0	0	0	0	0
AF	0	0.044660	4	3	1	0	0	0	0
AF	0	0.044972	2	1	1	0	0	0	0
AF	0	0.045284	11	5	6	0	0	0	0
AF	0	0.045597	1	0	1	0	0	0	0
AF	0	0.045909	6	4	2	0	0	0	0
AF	0	0.046221	5	4	1	0	0	0	0
AF	0	0.046533	4	4	0	0	0	0	0
AF	0	0.046846	1	1	0	0	0	0	0
AF	0	0.047158	6	2	4	0	0	0	0
AF	0	0.047470	2	2	0	0	0	0	0
AF	0	0.047783	6	4	2	0	0	0	0
AF	0	0.048095	1	1	0	0	0	0	0
AF	0	0.048407	3	2	1	0	0	0	0
AF	0	0.048720	3	1	2	0	0	0	0
AF	0	0.049032	14	11	3	0	0	0	0
AF	0	0.049344	2	2	0	0	0	0	0
AF	0	0.049656	3	3	0	0	0	0	0
AF	0	0.049969	3	2	1	0	0	0	0
AF	0	0.050281	6	5	1	0	0	0	0
AF	0	0.050593	6	3	3	0	0	0	0
AF	0	0.050906	3	3	0	0	0	0	0
AF	0	0.051218	3	1	2	0	0	0	0
AF	0	0.051530	6	3	3	0	0	0	0
AF	0	0.051843	1	0	1	0	0	0	0
AF	0	0.052155	7	4	3	0	0	0	0
AF	0	0.052467	2	2	0	0	0	0	0
AF	0	0.052780	2	2	0	0	0	0	0
AF	0	0.053092	1	1	0	0	0	0	0
AF	0	0.053404	5	2	3	0	0	0	0
AF	0	0.053716	1	1	0	0	0	0	0
AF	0	0.054029	3	3	0	0	0	0	0
AF	0	0.054341	2	1	1	0	0	0	0
AF	0	0.054653	5	3	2	0	0	0	0
AF	0	0.054966	1	1	0	0	0	0	0
AF	0	0.055278	8	5	3	0	0	0	0
AF	0	0.055590	5	2	3	0	0	0	0
AF	0	0.055903	5	5	0	0	0	0	0
AF	0	0.056527	8	7	1	0	0	0	0
AF	0	0.056839	8	7	1	0	0	0	0
AF	0	0.057152	3	1	2	0	0	0	0
AF	0	0.057464	3	2	1	0	0	0	0
AF	0	0.057776	5	2	3	0	0	0	0
AF	0	0.058089	2	1	1	0	0	0	0
AF	0	0.058401	17	11	6	0	0	0	0
AF	0	0.058713	6	5	1	0	0	0	0
AF	0	0.059026	3	1	2	0	0	0	0
AF	0	0.059338	2	1	1	0	0	0	0
AF	0	0.059650	2	1	1	0	0	0	0
AF	0	0.060275	4	2	2	0	0	0	0
AF	0	0.060587	3	1	2	0	0	0	0
AF	0	0.060899	2	0	2	0	0	0	0
AF	0	0.061212	2	1	1	0	0	0	0
AF	0	0.061524	3	1	2	0	0	0	0
AF	0	0.062461	2	2	0	0	0	0	0
AF	0	0.062773	3	3	0	0	0	0	0
AF	0	0.063086	1	1	0	0	0	0	0
AF	0	0.063398	6	3	3	0	0	0	0
AF	0	0.064022	1	1	0	0	0	0	0
AF	0	0.064335	1	1	0	0	0	0	0
AF	0	0.064647	2	2	0	0	0	0	0
AF	0	0.065272	1	0	1	0	0	0	0
AF	0	0.065584	1	0	1	0	0	0	0
AF	0	0.065896	1	1	0	0	0	0	0
AF	0	0.066209	3	2	1	0	0	0	0
AF	0	0.066521	2	2	0	0	0	0	0
AF	0	0.066833	1	1	0	0	0	0	0
AF	0	0.067146	1	0	1	0	0	0	0
AF	0	0.067770	1	1	0	0	0	0	0
AF	0	0.068082	3	2	1	0	0	0	0
AF	0	0.068395	4	1	3	0	0	0	0
AF	0	0.068707	2	1	1	0	0	0	0
AF	0	0.069019	2	2	0	0	0	0	0
AF	0	0.069644	3	3	0	0	0	0	0
AF	0	0.069956	3	0	3	0	0	0	0
AF	0	0.070269	2	2	0	0	0	0	0
AF	0	0.070581	1	0	1	0	0	0	0
AF	0	0.070893	1	1	0	0	0	0	0
AF	0	0.071205	2	2	0	0	0	0	0
AF	0	0.071518	2	0	2	0	0	0	0
AF	0	0.072142	2	2	0	0	0	0	0
AF	0	0.072455	1	0	1	0	0	0	0
AF	0	0.072767	6	4	2	0	0	0	0
AF	0	0.073079	3	1	2	0	0	0	0
AF	0	0.073392	2	2	0	0	0	0	0
AF	0	0.073704	1	1	0	0	0	0	0
AF	0	0.074016	1	1	0	0	0	0	0
AF	0	0.074329	1	0	1	0	0	0	0
AF	0	0.074641	1	1	0	0	0	0	0
AF	0	0.075265	5	3	2	0	0	0	0
AF	0	0.075890	1	1	0	0	0	0	0
AF	0	0.076202	1	1	0	0	0	0	0
AF	0	0.076515	4	2	2	0	0	0	0
AF	0	0.076827	2	2	0	0	0	0	0
AF	0	0.077139	2	1	1	0	0	0	0
AF	0	0.077764	1	0	1	0	0	0	0
AF	0	0.078076	2	1	1	0	0	0	0
AF	0	0.078389	1	1	0	0	0	0	0
AF	0	0.078701	3	1	2	0	0	0	0
AF	0	0.079013	1	1	0	0	0	0	0
AF	0	0.080887	3	3	0	0	0	0	0
AF	0	0.081199	2	1	1	0	0	0	0
AF	0	0.082136	2	0	2	0	0	0	0
AF	0	0.082448	1	1	0	0	0	0	0
AF	0	0.082761	3	2	1	0	0	0	0
AF	0	0.083073	1	0	1	0	0	0	0
AF	0	0.083385	1	1	0	0	0	0	0
AF	0	0.083698	2	2	0	0	0	0	0
AF	0	0.084010	4	3	1	0	0	0	0
AF	0	0.084635	3	2	1	0	0	0	0
AF	0	0.085884	3	2	1	0	0	0	0
AF	0	0.086196	3	2	1	0	0	0	0
AF	0	0.086508	2	2	0	0	0	0	0
AF	0	0.086821	2	2	0	0	0	0	0
AF	0	0.087133	18	10	8	0	0	0	0
AF	0	0.087445	1	1	0	0	0	0	0
AF	0	0.087758	1	1	0	0	0	0	0
AF	0	0.088382	8	3	5	0	0	0	0
AF	0	0.088695	2	2	0	0	0	0	0
AF	0	0.089007	4	3	1	0	0	0	0
AF	0	0.089319	1	1	0	0	0	0	0
AF	0	0.089944	5	4	1	0	0	0	0
AF	0	0.090256	4	2	2	0	0	0	0
AF	0	0.091193	3	2	1	0	0	0	0
AF	0	0.091505	1	0	1	0	0	0	0
AF	0	0.092442	1	0	1	0	0	0	0
AF	0	0.093379	1	0	1	0	0	0	0
AF	0	0.094004	4	4	0	0	0	0	0
AF	0	0.094316	2	1	1	0	0	0	0
AF	0	0.094628	6	4	2	0	0	0	0
AF	0	0.094941	2	1	1	0	0	0	0
AF	0	0.095253	1	1	0	0	0	0	0
AF	0	0.095878	2	1	1	0	0	0	0
AF	0	0.096190	1	1	0	0	0	0	0
AF	0	0.096814	9	5	4	0	0	0	0
AF	0	0.097127	30	23	7	0	0	0	0
AF	0	0.097439	1	0	1	0	0	0	0
AF	0	0.098064	3	1	2	0	0	0	0
AF	0	0.098376	10	6	4	0	0	0	0
AF	0	0.098688	4	4	0	0	0	0	0
AF	0	0.099001	8	7	1	0	0	0	0
AF	0	0.099313	3	2	1	0	0	0	0
AF	0	0.099625	12	8	4	0	0	0	0
AF	0	0.100250	7	5	2	0	0	0	0
AF	0	0.100562	3	1	2	0	0	0	0
AF	0	0.100874	3	1	2	0	0	0	0
AF	0	0.101187	1	1	0	0	0	0	0
AF	0	0.101499	2	1	1	0	0	0	0
AF	0	0.101811	1	1	0	0	0	0	0
AF	0	0.102124	1	1	0	0	0	0	0
AF	0	0.102748	2	0	2	0	0	0	0
AF	0	0.103373	1	1	0	0	0	0	0
AF	0	0.103685	2	0	2	0	0	0	0
AF	0	0.104622	1	1	0	0	0	0	0
AF	0	0.105247	2	2	0	0	0	0	0
AF	0	0.106496	1	1	0	0	0	0	0
AF	0	0.108057	1	1	0	0	0	0	0
AF	0	0.108370	2	1	1	0	0	0	0
AF	0	0.108994	1	0	1	0	0	0	0
AF	0	0.109619	1	1	0	0	0	0	0
AF	0	0.109931	1	1	0	0	0	0	0
AF	0	0.110556	1	0	1	0	0	0	0
AF	0	0.111181	1	1	0	0	0	0	0
AF	0	0.111493	1	0	1	0	0	0	0
AF	0	0.111805	1	1	0	0	0	0	0
AF	0	0.112430	1	1	0	0	0	0	0
AF	0	0.113054	2	1	1	0	0	0	0
AF	0	0.113679	2	1	1	0	0	0	0
AF	0	0.114304	1	1	0	0	0	0	0
AF	0	0.116177	1	1	0	0	0	0	0
AF	0	0.116490	1	1	0	0	0	0	0
AF	0	0.116802	2	1	1	0	0	0	0
AF	0	0.117427	1	1	0	0	0	0	0
AF	0	0.118051	1	1	0	0	0	0	0
AF	0	0.118676	2	2	0	0	0	0	0
AF	0	0.118988	1	1	0	0	0	0	0
AF	0	0.119300	2	2	0	0	0	0	0
AF	0	0.120237	2	0	2	0	0	0	0
AF	0	0.120550	1	0	1	0	0	0	0
AF	0	0.120862	2	1	1	0	0	0	0
AF	0	0.121174	2	2	0	0	0	0	0
AF	0	0.121487	1	1	0	0	0	0	0
AF	0	0.121799	1	1	0	0	0	0	0
AF	0	0.122111	1	1	0	0	0	0	0
AF	0	0.122423	3	1	2	0	0	0	0
AF	0	0.122736	4	4	0	0	0	0	0
AF	0	0.123048	9	6	3	0	0	0	0
AF	0	0.123360	1	1	0	0	0	0	0
AF	0	0.123673	1	1	0	0	0	0	0
AF	0	0.124297	2	2	0	0	0	0	0
AF	0	0.124610	2	1	1	0	0	0	0
AF	0	0.124922	4	3	1	0	0	0	0
AF	0	0.125547	1	1	0	0	0	0	0
AF	0	0.125859	1	1	0	0	0	0	0
AF	0	0.126171	6	4	2	0	0	0	0
AF	0	0.126483	5	3	2	0	0	0	0
AF	0	0.126796	7	3	4	0	0	0	0
AF	0	0.127108	2	1	1	0	0	0	0
AF	0	0.127420	6	2	4	0	0	0	0
AF	0	0.127733	6	5	1	0	0	0	0
AF	0	0.128045	6	6	0	0	0	0	0
AF	0	0.128357	5	3	2	0	0	0	0
AF	0	0.128670	1	1	0	0	0	0	0
AF	0	0.128982	2	2	0	0	0	0	0
AF	0	0.129294	2	2	0	0	0	0	0
AF	0	0.129606	1	0	1	0	0	0	0
AF	0	0.130231	1	1	0	0	0	0	0
AF	0	0.130543	1	0	1	0	0	0	0
AF	0	0.130856	1	0	1	0	0	0	0
AF	0	0.131168	1	0	1	0	0	0	0
AF	0	0.131793	3	2	1	0	0	0	0
AF	0	0.132105	8	5	3	0	0	0	0
AF	0	0.132417	8	3	5	0	0	0	0
AF	0	0.132730	3	1	2	0	0	0	0
AF	0	0.133042	4	2	2	0	0	0	0
AF	0	0.133354	1	1	0	0	0	0	0
AF	0	0.133666	5	2	3	0	0	0	0
AF	0	0.133979	2	1	1	0	0	0	0
AF	0	0.134291	2	1	1	0	0	0	0
AF	0	0.134603	1	0	1	0	0	0	0
AF	0	0.135228	1	1	0	0	0	0	0
AF	0	0.135540	2	1	1	0	0	0	0
AF	0	0.135853	3	1	2	0	0	0	0
AF	0	0.137102	1	1	0	0	0	0	0
AF	0	0.137414	2	2	0	0	0	0	0
AF	0	0.138039	3	2	1	0	0	0	0
AF	0	0.138663	3	0	3	0	0	0	0
AF	0	0.139288	1	1	0	0	0	0	0
AF	0	0.139913	2	2	0	0	0	0	0
AF	0	0.140537	3	2	1	0	0	0	0
AF	0	0.140849	1	0	1	0	0	0	0
AF	0	0.141162	3	2	1	0	0	0	0
AF	0	0.141786	8	2	6	0	0	0	0
AF	0	0.142099	3	2	1	0	0	0	0
AF	0	0.142411	2	1	1	0	0	0	0
AF	0	0.143036	1	1	0	0	0	0	0
AF	0	0.143660	4	4	0	0	0	0	0
AF	0	0.143973	1	1	0	0	0	0	0
AF	0	0.144285	3	1	2	0	0	0	0
AF	0	0.144597	1	0	1	0	0	0	0
AF	0	0.144909	1	1	0	0	0	0	0
AF	0	0.145534	3	3	0	0	0	0	0
AF	0	0.146159	1	1	0	0	0	0	0
AF	0	0.146471	1	1	0	0	0	0	0
AF	0	0.146783	1	0	1	0	0	0	0
AF	0	0.147096	1	1	0	0	0	0	0
AF	0	0.148032	2	1	1	0	0	0	0
AF	0	0.148657	1	0	1	0	0	0	0
AF	0	0.150531	2	2	0	0	0	0	0
AF	0	0.151468	3	3	0	0	0	0	0
AF	0	0.151780	2	0	2	0	0	0	0
AF	0	0.152092	1	1	0	0	0	0	0
AF	0	0.152405	2	1	1	0	0	0	0
AF	0	0.152717	1	1	0	0	0	0	0
AF	0	0.153029	2	2	0	0	0	0	0
AF	0	0.153342	4	4	0	0	0	0	0
AF	0	0.153654	2	1	1	0	0	0	0
AF	0	0.154903	3	1	2	0	0	0	0
AF	0	0.155528	1	0	1	0	0	0	0
AF	0	0.156152	1	1	0	0	0	0	0
AF	0	0.156465	1	0	1	0	0	0	0
AF	0	0.156777	1	0	1	0	0	0	0
AF	0	0.158026	2	2	0	0	0	0	0
AF	0	0.158339	2	1	1	0	0	0	0
AF	0	0.158651	2	1	1	0	0	0	0
AF	0	0.158963	1	0	1	0	0	0	0
AF	0	0.159588	2	2	0	0	0	0	0
AF	0	0.159900	4	4	0	0	0	0	0
AF	0	0.160212	1	1	0	0	0	0	0
AF	0	0.160525	1	0	1	0	0	0	0
AF	0	0.161149	5	4	1	0	0	0	0
AF	0	0.161774	3	3	0	0	0	0	0
AF	0	0.162399	1	1	0	0	0	0	0
AF	0	0.163960	1	1	0	0	0	0	0
AF	0	0.164585	2	2	0	0	0	0	0
AF	0	0.165209	3	1	2	0	0	0	0
AF	0	0.165522	1	1	0	0	0	0	0
AF	0	0.165834	1	1	0	0	0	0	0
AF	0	0.166146	1	1	0	0	0	0	0
AF	0	0.166458	1	0	1	0	0	0	0
AF	0	0.166771	1	0	1	0	0	0	0
AF	0	0.167395	1	0	1	0	0	0	0
AF	0	0.168332	1	0	1	0	0	0	0
AF	0	0.169894	2	2	0	0	0	0	0
AF	0	0.170206	1	1	0	0	0	0	0
AF	0	0.170518	2	2	0	0	0	0	0
AF	0	0.173017	1	1	0	0	0	0	0
AF	0	0.173329	1	1	0	0	0	0	0
AF	0	0.174266	1	1	0	0	0	0	0
AF	0	0.174578	1	1	0	0	0	0	0
AF	0	0.178326	1	0	1	0	0	0	0
AF	0	0.179263	2	0	2	0	0	0	0
AF	0	0.179888	3	1	2	0	0	0	0
AF	0	0.180512	1	1	0	0	0	0	0
AF	0	0.180824	2	1	1	0	0	0	0
AF	0	0.183948	1	0	1	0	0	0	0
AF	0	0.184260	1	1	0	0	0	0	0
AF	0	0.185197	1	1	0	0	0	0	0
AF	0	0.185509	1	1	0	0	0	0	0
AF	0	0.187071	1	1	0	0	0	0	0
AF	0	0.187383	2	2	0	0	0	0	0
AF	0	0.188632	2	2	0	0	0	0	0
AF	0	0.189569	2	1	1	0	0	0	0
AF	0	0.189881	2	1	1	0	0	0	0
AF	0	0.190194	2	0	2	0	0	0	0
AF	0	0.192380	2	1	1	0	0	0	0
AF	0	0.192692	1	1	0	0	0	0	0
AF	0	0.193941	1	0	1	0	0	0	0
AF	0	0.194254	6	3	3	0	0	0	0
AF	0	0.195503	1	1	0	0	0	0	0
AF	0	0.196440	2	0	2	0	0	0	0
AF	0	0.198626	1	1	0	0	0	0	0
AF	0	0.199250	1	0	1	0	0	0	0
AF	0	0.199875	1	0	1	0	0	0	0
AF	0	0.200500	1	1	0	0	0	0	0
AF	0	0.202686	1	1	0	0	0	0	0
AF	0	0.203623	1	1	0	0	0	0	0
AF	0	0.204872	1	0	1	0	0	0	0
AF	0	0.205184	1	1	0	0	0	0	0
AF	0	0.207370	1	0	1	0	0	0	0
AF	0	0.208307	2	1	1	0	0	0	0
AF	0	0.208620	2	0	2	0	0	0	0
AF	0	0.209557	1	1	0	0	0	0	0
AF	0	0.209869	3	1	2	0	0	0	0
AF	0	0.210493	1	1	0	0	0	0	0
AF	0	0.212055	2	2	0	0	0	0	0
AF	0	0.214866	1	1	0	0	0	0	0
AF	0	0.215178	1	1	0	0	0	0	0
AF	0	0.215490	2	1	1	0	0	0	0
AF	0	0.215803	2	2	0	0	0	0	0
AF	0	0.216115	1	1	0	0	0	0	0
AF	0	0.216427	1	1	0	0	0	0	0
AF	0	0.217052	2	2	0	0	0	0	0
AF	0	0.217676	1	1	0	0	0	0	0
AF	0	0.218301	1	1	0	0	0	0	0
AF	0	0.218613	1	1	0	0	0	0	0
AF	0	0.218926	4	3	1	0	0	0	0
AF	0	0.219863	1	1	0	0	0	0	0
AF	0	0.220487	1	0	1	0	0	0	0
AF	0	0.221736	1	0	1	0	0	0	0
AF	0	0.222049	2	2	0	0	0	0	0
AF	0	0.222361	2	2	0	0	0	0	0
AF	0	0.222673	2	1	1	0	0	0	0
AF	0	0.222986	1	0	1	0	0	0	0
AF	0	0.223298	1	1	0	0	0	0	0
AF	0	0.223610	1	1	0	0	0	0	0
AF	0	0.226421	1	1	0	0	0	0	0
AF	0	0.227670	2	2	0	0	0	0	0
AF	0	0.228919	2	2	0	0	0	0	0
AF	0	0.229232	1	0	1	0	0	0	0
AF	0	0.229544	1	0	1	0	0	0	0
AF	0	0.230169	2	1	1	0	0	0	0
AF	0	0.230481	1	0	1	0	0	0	0
AF	0	0.230793	1	1	0	0	0	0	0
AF	0	0.231418	1	1	0	0	0	0	0
AF	0	0.231730	1	1	0	0	0	0	0
AF	0	0.232042	2	1	1	0	0	0	0
AF	0	0.232355	4	3	1	0	0	0	0
AF	0	0.233292	1	1	0	0	0	0	0
AF	0	0.234229	1	1	0	0	0	0	0
AF	0	0.234541	3	3	0	0	0	0	0
AF	0	0.236102	1	0	1	0	0	0	0
AF	0	0.237352	1	1	0	0	0	0	0
AF	0	0.237976	1	1	0	0	0	0	0
AF	0	0.239850	2	1	1	0	0	0	0
AF	0	0.240162	3	3	0	0	0	0	0
AF	0	0.242349	1	1	0	0	0	0	0
AF	0	0.243598	1	0	1	0	0	0	0
AF	0	0.243910	1	1	0	0	0	0	0
AF	0	0.245784	1	1	0	0	0	0	0
AF	0	0.248595	1	0	1	0	0	0	0
AF	0	0.249219	1	0	1	0	0	0	0
AF	0	0.251405	2	2	0	0	0	0	0
AF	0	0.251718	2	1	1	0	0	0	0
AF	0	0.252030	2	1	1	0	0	0	0
AF	0	0.252655	2	2	0	0	0	0	0
AF	0	0.253592	2	0	2	0	0	0	0
AF	0	0.253904	3	2	1	0	0	0	0
AF	0	0.254216	2	1	1	0	0	0	0
AF	0	0.254528	3	2	1	0	0	0	0
AF	0	0.255153	4	4	0	0	0	0	0
AF	0	0.255778	2	0	2	0	0	0	0
AF	0	0.256090	2	0	2	0	0	0	0
AF	0	0.256402	6	2	4	0	0	0	0
AF	0	0.256715	1	1	0	0	0	0	0
AF	0	0.257651	2	1	1	0	0	0	0
AF	0	0.258276	1	0	1	0	0	0	0
AF	0	0.258901	1	1	0	0	0	0	0
AF	0	0.259213	2	1	1	0	0	0	0
AF	0	0.259525	2	1	1	0	0	0	0
AF	0	0.259838	6	4	2	0	0	0	0
AF	0	0.260150	6	3	3	0	0	0	0
AF	0	0.260462	4	2	2	0	0	0	0
AF	0	0.260775	5	4	1	0	0	0	0
AF	0	0.262024	2	0	2	0	0	0	0
AF	0	0.262648	1	1	0	0	0	0	0
AF	0	0.262961	1	1	0	0	0	0	0
AF	0	0.264210	1	0	1	0	0	0	0
AF	0	0.264522	1	1	0	0	0	0	0
AF	0	0.265147	1	0	1	0	0	0	0
AF	0	0.265459	1	1	0	0	0	0	0
AF	0	0.265771	4	4	0	0	0	0	0
AF	0	0.266084	6	6	0	0	0	0	0
AF	0	0.266396	7	6	1	0	0	0	0
AF	0	0.266708	8	5	3	0	0	0	0
AF	0	0.267021	7	6	1	0	0	0	0
AF	0	0.267333	1	0	1	0	0	0	0
AF	0	0.267645	2	2	0	0	0	0	0
AF	0	0.267958	1	1	0	0	0	0	0
AF	0	0.268270	2	1	1	0	0	0	0
AF	0	0.268894	1	0	1	0	0	0	0
AF	0	0.269519	3	1	2	0	0	0	0
AF	0	0.269831	2	2	0	0	0	0	0
AF	0	0.270144	2	1	1	0	0	0	0
AF	0	0.270456	3	1	2	0	0	0	0
AF	0	0.270768	4	3	1	0	0	0	0
AF	0	0.271081	1	1	0	0	0	0	0
AF	0	0.271393	3	3	0	0	0	0	0
AF	0	0.271705	1	1	0	0	0	0	0
AF	0	0.272017	5	1	4	0	0	0	0
AF	0	0.272642	1	0	1	0	0	0	0
AF	0	0.273267	2	1	1	0	0	0	0
AF	0	0.274516	2	2	0	0	0	0	0
AF	0	0.275141	3	2	1	0	0	0	0
AF	0	0.275765	2	1	1	0	0	0	0
AF	0	0.276077	1	1	0	0	0	0	0
AF	0	0.276390	1	1	0	0	0	0	0
AF	0	0.276702	2	1	1	0	0	0	0
AF	0	0.277327	1	1	0	0	0	0	0
AF	0	0.277639	2	2	0	0	0	0	0
AF	0	0.277951	2	2	0	0	0	0	0
AF	0	0.278264	2	2	0	0	0	0	0
AF	0	0.278888	1	0	1	0	0	0	0
AF	0	0.280137	1	0	1	0	0	0	0
AF	0	0.280762	1	1	0	0	0	0	0
AF	0	0.281387	5	3	2	0	0	0	0
AF	0	0.281699	6	3	3	0	0	0	0
AF	0	0.282011	1	1	0	0	0	0	0
AF	0	0.282324	1	1	0	0	0	0	0
AF	0	0.282636	4	3	1	0	0	0	0
AF	0	0.283260	1	1	0	0	0	0	0
AF	0	0.285134	6	5	1	0	0	0	0
AF	0	0.285447	1	0	1	0	0	0	0
AF	0	0.285759	2	1	1	0	0	0	0
AF	0	0.286384	1	1	0	0	0	0	0
AF	0	0.286696	2	0	2	0	0	0	0
AF	0	0.287633	1	1	0	0	0	0	0
AF	0	0.288570	1	1	0	0	0	0	0
AF	0	0.289507	3	2	1	0	0	0	0
AF	0	0.289819	1	0	1	0	0	0	0
AF	0	0.290443	1	0	1	0	0	0	0
AF	0	0.290756	1	0	1	0	0	0	0
AF	0	0.291380	3	3	0	0	0	0	0
AF	0	0.291693	2	0	2	0	0	0	0
AF	0	0.292005	1	1	0	0	0	0	0
AF	0	0.292317	1	0	1	0	0	0	0
AF	0	0.293254	2	1	1	0	0	0	0
AF	0	0.293879	1	1	0	0	0	0	0
AF	0	0.294191	2	1	1	0	0	0	0
AF	0	0.294503	3	3	0	0	0	0	0
AF	0	0.294816	1	0	1	0	0	0	0
AF	0	0.295128	3	2	1	0	0	0	0
AF	0	0.295440	1	0	1	0	0	0	0
AF	0	0.296690	1	0	1	0	0	0	0
AF	0	0.297314	1	0	1	0	0	0	0
AF	0	0.297939	3	2	1	0	0	0	0
AF	0	0.298563	1	1	0	0	0	0	0
AF	0	0.299188	2	1	1	0	0	0	0
AF	0	0.299500	1	0	1	0	0	0	0
AF	0	0.299813	2	1	1	0	0	0	0
AF	0	0.301999	2	1	1	0	0	0	0
AF	0	0.302311	1	1	0	0	0	0	0
AF	0	0.302623	2	0	2	0	0	0	0
AF	0	0.302936	1	0	1	0	0	0	0
AF	0	0.303248	1	1	0	0	0	0	0
AF	0	0.303560	2	2	0	0	0	0	0
AF	0	0.303873	4	3	1	0	0	0	0
AF	0	0.304185	1	0	1	0	0	0	0
AF	0	0.314179	1	1	0	0	0	0	0
AF	0	0.317614	1	1	0	0	0	0	0
AF	0	0.317926	1	1	0	0	0	0	0
AF	0	0.319488	1	1	0	0	0	0	0
AF	0	0.320425	1	0	1	0	0	0	0
AF	0	0.320737	1	1	0	0	0	0	0
AF	0	0.321362	2	1	1	0	0	0	0
AF	0	0.324485	2	2	0	0	0	0	0
AF	0	0.325109	2	2	0	0	0	0	0
AF	0	0.325734	1	1	0	0	0	0	0
AF	0	0.327295	1	0	1	0	0	0	0
AF	0	0.329794	1	1	0	0	0	0	0
AF	0	0.330731	1	1	0	0	0	0	0
AF	0	0.331355	1	1	0	0	0	0	0
AF	0	0.331980	1	0	1	0	0	0	0
AF	0	0.333854	1	0	1	0	0	0	0
AF	0	0.334791	2	2	0	0	0	0	0
AF	0	0.336040	2	0	2	0	0	0	0
AF	0	0.337289	3	2	1	0	0	0	0
AF	0	0.337601	2	1	1	0	0	0	0
AF	0	0.339788	5	3	2	0	0	0	0
AF	0	0.340100	2	1	1	0	0	0	0
AF	0	0.340412	1	0	1	0	0	0	0
AF	0	0.341661	2	2	0	0	0	0	0
AF	0	0.342598	1	1	0	0	0	0	0
AF	0	0.342911	1	1	0	0	0	0	0
AF	0	0.343223	1	1	0	0	0	0	0
AF	0	0.343535	1	1	0	0	0	0	0
AF	0	0.344785	1	1	0	0	0	0	0
AF	0	0.345409	1	1	0	0	0	0	0
AF	0	0.346034	1	1	0	0	0	0	0
AF	0	0.347283	2	2	0	0	0	0	0
AF	0	0.347595	1	0	1	0	0	0	0
AF	0	0.347908	3	2	1	0	0	0	0
AF	0	0.348220	2	2	0	0	0	0	0
AF	0	0.349781	1	1	0	0	0	0	0
AF	0	0.350094	1	1	0	0	0	0	0
AF	0	0.350718	1	0	1	0	0	0	0
AF	0	0.351655	1	1	0	0	0	0	0
AF	0	0.351968	1	1	0	0	0	0	0
AF	0	0.352280	2	0	2	0	0	0	0
AF	0	0.352904	5	5	0	0	0	0	0
AF	0	0.353529	1	1	0	0	0	0	0
AF	0	0.354778	12	7	5	0	0	0	0
AF	0	0.355091	3	2	1	0	0	0	0
AF	0	0.355403	1	1	0	0	0	0	0
AF	0	0.355715	1	1	0	0	0	0	0
AF	0	0.356027	4	2	2	0	0	0	0
AF	0	0.356340	1	1	0	0	0	0	0
AF	0	0.357277	2	1	1	0	0	0	0
AF	0	0.357901	2	1	1	0	0	0	0
AF	0	0.358214	2	0	2	0	0	0	0
AF	0	0.358526	3	1	2	0	0	0	0
AF	0	0.359151	3	2	1	0	0	0	0
AF	0	0.359463	1	0	1	0	0	0	0
AF	0	0.360712	2	1	1	0	0	0	0
AF	0	0.361024	2	1	1	0	0	0	0
AF	0	0.361649	1	0	1	0	0	0	0
AF	0	0.362898	8	6	2	0	0	0	0
AF	0	0.363210	8	5	3	0	0	0	0
AF	0	0.363523	10	7	3	0	0	0	0
AF	0	0.363835	4	3	1	0	0	0	0
AF	0	0.364147	9	5	4	0	0	0	0
AF	0	0.364460	2	2	0	0	0	0	0
AF	0	0.364772	2	1	1	0	0	0	0
AF	0	0.366021	5	5	0	0	0	0	0
AF	0	0.366334	1	1	0	0	0	0	0
AF	0	0.366958	1	1	0	0	0	0	0
AF	0	0.367270	4	1	3	0	0	0	0
AF	0	0.367895	1	0	1	0	0	0	0
AF	0	0.369769	2	2	0	0	0	0	0
AF	0	0.370394	3	3	0	0	0	0	0
AF	0	0.371018	4	3	1	0	0	0	0
AF	0	0.371330	1	1	0	0	0	0	0
AF	0	0.371643	6	3	3	0	0	0	0
AF	0	0.374141	1	1	0	0	0	0	0
AF	0	0.378201	1	1	0	0	0	0	0
AF	0	0.378513	1	1	0	0	0	0	0
AF	0	0.380700	1	1	0	0	0	0	0
AF	0	0.381012	1	0	1	0	0	0	0
AF	0	0.381324	2	1	1	0	0	0	0
AF	0	0.381636	3	3	0	0	0	0	0
AF	0	0.386633	1	1	0	0	0	0	0
AF	0	0.390381	1	1	0	0	0	0	0
AF	0	0.391630	1	1	0	0	0	0	0
AF	0	0.392255	2	2	0	0	0	0	0
AF	0	0.392567	1	0	1	0	0	0	0
AF	0	0.394441	1	1	0	0	0	0	0
AF	0	0.396315	1	1	0	0	0	0	0
AF	0	0.396627	1	1	0	0	0	0	0
AF	0	0.397252	1	1	0	0	0	0	0
AF	0	0.399750	1	0	1	0	0	0	0
AF	0	0.400375	2	2	0	0	0	0	0
AF	0	0.400687	1	1	0	0	0	0	0
AF	0	0.400999	2	1	1	0	0	0	0
AF	0	0.402249	1	1	0	0	0	0	0
AF	0	0.405684	1	1	0	0	0	0	0
AF	0	0.405996	1	1	0	0	0	0	0
AF	0	0.409119	2	0	2	0	0	0	0
AF	0	0.409744	3	2	1	0	0	0	0
AF	0	0.411305	3	3	0	0	0	0	0
AF	0	0.411618	3	2	1	0	0	0	0
AF	0	0.412867	1	1	0	0	0	0	0
AF	0	0.413492	1	0	1	0	0	0	0
AF	0	0.414428	1	1	0	0	0	0	0
AF	0	0.414741	2	1	1	0	0	0	0
AF	0	0.415053	1	0	1	0	0	0	0
AF	0	0.415365	1	1	0	0	0	0	0
AF	0	0.416302	2	2	0	0	0	0	0
AF	0	0.416615	2	2	0	0	0	0	0
AF	0	0.419738	1	1	0	0	0	0	0
AF	0	0.420050	1	1	0	0	0	0	0
AF	0	0.420675	1	0	1	0	0	0	0
AF	0	0.421299	1	0	1	0	0	0	0
AF	0	0.422236	2	2	0	0	0	0	0
AF	0	0.425359	1	1	0	0	0	0	0
AF	0	0.425671	1	1	0	0	0	0	0
AF	0	0.426608	1	1	0	0	0	0	0
AF	0	0.426921	1	0	1	0	0	0	0
AF	0	0.427858	1	1	0	0	0	0	0
AF	0	0.429731	1	1	0	0	0	0	0
AF	0	0.430356	1	0	1	0	0	0	0
AF	0	0.433479	1	0	1	0	0	0	0
AF	0	0.434416	1	1	0	0	0	0	0
AF	0	0.434728	1	0	1	0	0	0	0
AF	0	0.436602	1	1	0	0	0	0	0
AF	0	0.439101	1	1	0	0	0	0	0
AF	0	0.441599	5	3	2	0	0	0	0
AF	0	0.441911	1	1	0	0	0	0	0
AF	0	0.442224	3	3	0	0	0	0	0
AF	0	0.442848	1	0	1	0	0	0	0
AF	0	0.445034	1	1	0	0	0	0	0
AF	0	0.445347	1	1	0	0	0	0	0
AF	0	0.446596	1	1	0	0	0	0	0
AF	0	0.446908	1	0	1	0	0	0	0
AF	0	0.449407	1	1	0	0	0	0	0
AF	0	0.450031	1	0	1	0	0	0	0
AF	0	0.450656	1	1	0	0	0	0	0
AF	0	0.451280	1	0	1	0	0	0	0
AF	0	0.452842	2	2	0	0	0	0	0
AF	0	0.453154	1	1	0	0	0	0	0
AF	0	0.455653	2	1	1	0	0	0	0
AF	0	0.455965	1	1	0	0	0	0	0
AF	0	0.457527	2	2	0	0	0	0	0
AF	0	0.457839	1	1	0	0	0	0	0
AF	0	0.458151	2	2	0	0	0	0	0
AF	0	0.459400	1	0	1	0	0	0	0
AF	0	0.460025	2	0	2	0	0	0	0
AF	0	0.460337	1	1	0	0	0	0	0
AF	0	0.460650	2	0	2	0	0	0	0
AF	0	0.461274	1	0	1	0	0	0	0
AF	0	0.462211	2	1	1	0	0	0	0
AF	0	0.462523	1	0	1	0	0	0	0
AF	0	0.463773	1	0	1	0	0	0	0
AF	0	0.465334	1	1	0	0	0	0	0
AF	0	0.465646	1	1	0	0	0	0	0
AF	0	0.465959	2	2	0	0	0	0	0
AF	0	0.466583	1	1	0	0	0	0	0
AF	0	0.466896	1	1	0	0	0	0	0
AF	0	0.467208	1	1	0	0	0	0	0
AF	0	0.467833	1	1	0	0	0	0	0
AF	0	0.468145	1	1	0	0	0	0	0
AF	0	0.468770	1	1	0	0	0	0	0
AF	0	0.469082	1	1	0	0	0	0	0
AF	0	0.470019	1	1	0	0	0	0	0
AF	0	0.470643	1	1	0	0	0	0	0
AF	0	0.470956	1	1	0	0	0	0	0
AF	0	0.471268	8	6	2	0	0	0	0
AF	0	0.471580	3	2	1	0	0	0	0
AF	0	0.471893	1	1	0	0	0	0	0
AF	0	0.473142	1	0	1	0	0	0	0
AF	0	0.474703	2	1	1	0	0	0	0
AF	0	0.475016	1	1	0	0	0	0	0
AF	0	0.475640	1	0	1	0	0	0	0
AF	0	0.476265	1	0	1	0	0	0	0
AF	0	0.476577	2	2	0	0	0	0	0
AF	0	0.476889	4	4	0	0	0	0	0
AF	0	0.477202	1	1	0	0	0	0	0
AF	0	0.477514	1	0	1	0	0	0	0
AF	0	0.477826	1	1	0	0	0	0	0
AF	0	0.478139	1	1	0	0	0	0	0
AF	0	0.478763	2	1	1	0	0	0	0
AF	0	0.479700	1	1	0	0	0	0	0
AF	0	0.480637	1	1	0	0	0	0	0
AF	0	0.480949	1	1	0	0	0	0	0
AF	0	0.486259	1	1	0	0	0	0	0
AF	0	0.488757	1	1	0	0	0	0	0
AF	0	0.491880	1	1	0	0	0	0	0
AF	0	0.492505	1	1	0	0	0	0	0
AF	0	0.494379	1	1	0	0	0	0	0
AF	0	0.494691	1	1	0	0	0	0	0
AF	0	0.495003	1	1	0	0	0	0	0
AF	0	0.495940	1	1	0	0	0	0	0
AF	0	0.498438	1	1	0	0	0	0	0
AF	0	0.499063	1	1	0	0	0	0	0
AF	0	0.499375	2	1	1	0	0	0	0
AF	0	0.500312	3	1	2	0	0	0	0
AF	0	0.501874	1	1	0	0	0	0	0
AF	0	0.502186	1	1	0	0	0	0	0
AF	0	0.502498	1	1	0	0	0	0	0
AF	0	0.503748	1	1	0	0	0	0	0
AF	0	0.504060	3	1	2	0	0	0	0
AF	0	0.504997	1	0	1	0	0	0	0
AF	0	0.505621	1	1	0	0	0	0	0
AF	0	0.506246	1	0	1	0	0	0	0
AF	0	0.506558	1	1	0	0	0	0	0
AF	0	0.507183	1	1	0	0	0	0	0
AF	0	0.507808	2	1	1	0	0	0	0
AF	0	0.508120	1	1	0	0	0	0	0
AF	0	0.508432	1	1	0	0	0	0	0
AF	0	0.508745	1	1	0	0	0	0	0
AF	0	0.509369	1	1	0	0	0	0	0
AF	0	0.509681	1	1	0	0	0	0	0
AF	0	0.509994	2	1	1	0	0	0	0
AF	0	0.510618	1	1	0	0	0	0	0
AF	0	0.510931	1	1	0	0	0	0	0
AF	0	0.511555	1	0	1	0	0	0	0
AF	0	0.511868	1	1	0	0	0	0	0
AF	0	0.512180	1	1	0	0	0	0	0
AF	0	0.512492	1	1	0	0	0	0	0
AF	0	0.513117	1	1	0	0	0	0	0
AF	0	0.513741	1	1	0	0	0	0	0
AF	0	0.514366	1	0	1	0	0	0	0
AF	0	0.514678	1	1	0	0	0	0	0
AF	0	0.515303	1	0	1	0	0	0	0
AF	0	0.515615	2	1	1	0	0	0	0
AF	0	0.515928	3	2	1	0	0	0	0
AF	0	0.516240	8	5	3	0	0	0	0
AF	0	0.516552	2	1	1	0	0	0	0
AF	0	0.517177	1	1	0	0	0	0	0
AF	0	0.517489	2	2	0	0	0	0	0
AF	0	0.517801	1	1	0	0	0	0	0
AF	0	0.518114	2	0	2	0	0	0	0
AF	0	0.518426	2	1	1	0	0	0	0
AF	0	0.518738	3	2	1	0	0	0	0
AF	0	0.519051	1	0	1	0	0	0	0
AF	0	0.519363	3	2	1	0	0	0	0
AF	0	0.521549	1	0	1	0	0	0	0
AF	0	0.521861	2	1	1	0	0	0	0
AF	0	0.522174	1	1	0	0	0	0	0
AF	0	0.522486	2	1	1	0	0	0	0
AF	0	0.523111	1	1	0	0	0	0	0
AF	0	0.523735	1	1	0	0	0	0	0
AF	0	0.527483	1	1	0	0	0	0	0
AF	0	0.528107	1	1	0	0	0	0	0
AF	0	0.529981	1	1	0	0	0	0	0
AF	0	0.530294	1	1	0	0	0	0	0
AF	0	0.530918	2	2	0	0	0	0	0
AF	0	0.531230	2	2	0	0	0	0	0
AF	0	0.533104	1	0	1	0	0	0	0
AF	0	0.533417	2	2	0	0	0	0	0
AF	0	0.533729	2	1	1	0	0	0	0
AF	0	0.534666	1	1	0	0	0	0	0
AF	0	0.534978	1	0	1	0	0	0	0
AF	0	0.535290	1	1	0	0	0	0	0
AF	0	0.535603	2	1	1	0	0	0	0
AF	0	0.536227	2	2	0	0	0	0	0
AF	0	0.536852	2	2	0	0	0	0	0
AF	0	0.538413	2	1	1	0	0	0	0
AF	0	0.538726	1	1	0	0	0	0	0
AF	0	0.539350	2	1	1	0	0	0	0
AF	0	0.540912	2	2	0	0	0	0	0
AF	0	0.543098	1	1	0	0	0	0	0
AF	0	0.543723	1	0	1	0	0	0	0
AF	0	0.545284	1	0	1	0	0	0	0
AF	0	0.546533	1	0	1	0	0	0	0
AF	0	0.546846	1	1	0	0	0	0	0
AF	0	0.547470	1	1	0	0	0	0	0
AF	0	0.548407	1	0	1	0	0	0	0
AF	0	0.549344	2	2	0	0	0	0	0
AF	0	0.555590	1	1	0	0	0	0	0
AF	0	0.557776	1	1	0	0	0	0	0
AF	0	0.561836	1	1	0	0	0	0	0
AF	0	0.565272	1	1	0	0	0	0	0
AF	0	0.567770	1	0	1	0	0	0	0
AF	0	0.568707	1	1	0	0	0	0	0
AF	0	0.569644	2	2	0	0	0	0	0
AF	0	0.570893	1	1	0	0	0	0	0
AF	0	0.571518	2	1	1	0	0	0	0
AF	0	0.574329	1	0	1	0	0	0	0
AF	0	0.575265	2	1	1	0	0	0	0
AF	0	0.575578	1	1	0	0	0	0	0
AF	0	0.576515	1	1	0	0	0	0	0
AF	0	0.579638	1	0	1	0	0	0	0
AF	0	0.581512	1	1	0	0	0	0	0
AF	0	0.581824	1	1	0	0	0	0	0
AF	0	0.582136	3	1	2	0	0	0	0
AF	0	0.582448	2	2	0	0	0	0	0
AF	0	0.582761	2	1	1	0	0	0	0
AF	0	0.583698	1	1	0	0	0	0	0
AF	0	0.585259	1	1	0	0	0	0	0
AF	0	0.588070	1	1	0	0	0	0	0
AF	0	0.589631	1	0	1	0	0	0	0
AF	0	0.590256	1	1	0	0	0	0	0
AF	0	0.590568	1	1	0	0	0	0	0
AF	0	0.592130	1	1	0	0	0	0	0
AF	0	0.595253	1	0	1	0	0	0	0
AF	0	0.595565	1	1	0	0	0	0	0
AF	0	0.596502	1	0	1	0	0	0	0
AF	0	0.597127	1	1	0	0	0	0	0
AF	0	0.598688	1	1	0	0	0	0	0
AF	0	0.599625	1	0	1	0	0	0	0
AF	0	0.602748	1	0	1	0	0	0	0
AF	0	0.604622	2	1	1	0	0	0	0
AF	0	0.606808	2	1	1	0	0	0	0
AF	0	0.608057	1	0	1	0	0	0	0
AF	0	0.608994	2	1	1	0	0	0	0
AF	0	0.609307	2	2	0	0	0	0	0
AF	0	0.610244	2	0	2	0	0	0	0
AF	0	0.611493	1	1	0	0	0	0	0
AF	0	0.612742	1	1	0	0	0	0	0
AF	0	0.613367	1	1	0	0	0	0	0
AF	0	0.613991	1	1	0	0	0	0	0
AF	0	0.614304	1	1	0	0	0	0	0
AF	0	0.614616	2	2	0	0	0	0	0
AF	0	0.615865	1	1	0	0	0	0	0
AF	0	0.620237	1	1	0	0	0	0	0
AF	0	0.622111	2	2	0	0	0	0	0
AF	0	0.622736	2	1	1	0	0	0	0
AF	0	0.623360	1	1	0	0	0	0	0
AF	0	0.624610	1	1	0	0	0	0	0
AF	0	0.625234	1	1	0	0	0	0	0
AF	0	0.626483	2	1	1	0	0	0	0
AF	0	0.626796	3	1	2	0	0	0	0
AF	0	0.627108	2	2	0	0	0	0	0
AF	0	0.628045	2	2	0	0	0	0	0
AF	0	0.628670	2	2	0	0	0	0	0
AF	0	0.629294	1	1	0	0	0	0	0
AF	0	0.629606	1	0	1	0	0	0	0
AF	0	0.630231	1	0	1	0	0	0	0
AF	0	0.630856	1	1	0	0	0	0	0
AF	0	0.631480	1	1	0	0	0	0	0
AF	0	0.634916	2	2	0	0	0	0	0
AF	0	0.636165	1	0	1	0	0	0	0
AF	0	0.646783	1	0	1	0	0	0	0
AF	0	0.648345	1	1	0	0	0	0	0
AF	0	0.648969	2	1	1	0	0	0	0
AF	0	0.649906	1	0	1	0	0	0	0
AF	0	0.650219	1	1	0	0	0	0	0
AF	0	0.664585	1	1	0	0	0	0	0
AF	0	0.667395	1	0	1	0	0	0	0
AF	0	0.669894	1	0	1	0	0	0	0
AF	0	0.673641	1	0	1	0	0	0	0
AF	0	0.678638	1	1	0	0	0	0	0
AF	0	0.682074	1	0	1	0	0	0	0
AF	0	0.683011	1	0	1	0	0	0	0
AF	0	0.683323	1	1	0	0	0	0	0
AF	0	0.689257	1	0	1	0	0	0	0
AF	0	0.689881	1	1	0	0	0	0	0
AF	0	0.691131	1	1	0	0	0	0	0
AF	0	0.692380	1	1	0	0	0	0	0
AF	0	0.695503	2	1	1	0	0	0	0
AF	0	0.696127	1	0	1	0	0	0	0
AF	0	0.698001	1	1	0	0	0	0	0
AF	0	0.698626	1	1	0	0	0	0	0
AF	0	0.698938	1	1	0	0	0	0	0
AF	0	0.699563	1	0	1	0	0	0	0
AF	0	0.701749	1	0	1	0	0	0	0
AF	0	0.703310	1	1	0	0	0	0	0
AF	0	0.704872	1	0	1	0	0	0	0
AF	0	0.705497	6	5	1	0	0	0	0
AF	0	0.705809	4	1	3	0	0	0	0
AF	0	0.706433	1	1	0	0	0	0	0
AF	0	0.706746	6	2	4	0	0	0	0
AF	0	0.707058	3	2	1	0	0	0	0
AF	0	0.707370	1	1	0	0	0	0	0
AF	0	0.707683	4	4	0	0	0	0	0
AF	0	0.712992	2	2	0	0	0	0	0
AF	0	0.714553	1	1	0	0	0	0	0
AF	0	0.715178	1	1	0	0	0	0	0
AF	0	0.715490	2	2	0	0	0	0	0
AF	0	0.717989	1	0	1	0	0	0	0
AF	0	0.718301	1	1	0	0	0	0	0
AF	0	0.718613	1	1	0	0	0	0	0
AF	0	0.718926	2	2	0	0	0	0	0
AF	0	0.720487	1	0	1	0	0	0	0
AF	0	0.720800	1	1	0	0	0	0	0
AF	0	0.721112	2	1	1	0	0	0	0
AF	0	0.721424	1	1	0	0	0	0	0
AF	0	0.721736	5	4	1	0	0	0	0
AF	0	0.722049	4	1	3	0	0	0	0
AF	0	0.722361	5	4	1	0	0	0	0
AF	0	0.722673	2	0	2	0	0	0	0
AF	0	0.723298	2	0	2	0	0	0	0
AF	0	0.723610	1	0	1	0	0	0	0
AF	0	0.726733	1	1	0	0	0	0	0
AF	0	0.727358	1	1	0	0	0	0	0
AF	0	0.730169	1	1	0	0	0	0	0
AF	0	0.735478	1	1	0	0	0	0	0
AF	0	0.736727	1	0	1	0	0	0	0
AF	0	0.737352	2	1	1	0	0	0	0
AF	0	0.737976	1	0	1	0	0	0	0
AF	0	0.738601	3	2	1	0	0	0	0
AF	0	0.738913	3	1	2	0	0	0	0
AF	0	0.739850	1	1	0	0	0	0	0
AF	0	0.741412	1	1	0	0	0	0	0
AF	0	0.748595	1	1	0	0	0	0	0
AF	0	0.752967	1	0	1	0	0	0	0
AF	0	0.754216	1	0	1	0	0	0	0
AF	0	0.754841	1	1	0	0	0	0	0
AF	0	0.760462	1	1	0	0	0	0	0
AF	0	0.763898	1	1	0	0	0	0	0
AF	0	0.767958	1	0	1	0	0	0	0
AF	0	0.768270	3	2	1	0	0	0	0
AF	0	0.770456	1	1	0	0	0	0	0
AF	0	0.770768	3	2	1	0	0	0	0
AF	0	0.776390	1	1	0	0	0	0	0
AF	0	0.778888	1	1	0	0	0	0	0
AF	0	0.782324	1	1	0	0	0	0	0
AF	0	0.786696	1	1	0	0	0	0	0
AF	0	0.793254	1	0	1	0	0	0	0
AF	0	0.809182	1	0	1	0	0	0	0
AF	0	0.815740	1	1	0	0	0	0	0
AF	0	0.818863	2	2	0	0	0	0	0
AF	0	0.820737	1	1	0	0	0	0	0
AF	0	0.821362	1	0	1	0	0	0	0
AF	0	0.839475	1	0	1	0	0	0	0
AF	0	0.871018	1	0	1	0	0	0	0
AF	0	0.872267	1	0	1	0	0	0	0
AF	0	0.873829	1	1	0	0	0	0	0
AF	0	0.891006	1	1	0	0	0	0	0
AF	0	0.893504	1	1	0	0	0	0	0
AF	0	0.894753	3	1	2	0	0	0	0
AF	0	0.897876	1	0	1	0	0	0	0
AF	0	0.898501	2	1	1	0	0	0	0
AF	0	0.899126	1	0	1	0	0	0	0
AF	0	0.900375	1	1	0	0	0	0	0
AF	0	0.900999	1	1	0	0	0	0	0
AF	0	0.909119	1	0	1	0	0	0	0
AF	0	0.912867	1	0	1	0	0	0	0
AF	0	0.934416	1	1	0	0	0	0	0
AF	0	0.936914	1	1	0	0	0	0	0
AF	0	0.937227	1	0	1	0	0	0	0
AF	0	0.938476	2	2	0	0	0	0	0
AF	0	0.939101	1	0	1	0	0	0	0
AF	0	0.957527	1	1	0	0	0	0	0
AF	0	0.957839	2	2	0	0	0	0	0
AF	0	0.962836	1	1	0	0	0	0	0
AF	0	0.965959	1	1	0	0	0	0	0
AF	0	0.966583	1	0	1	0	0	0	0
AF	0	0.968145	2	1	1	0	0	0	0
AF	0	0.968770	1	1	0	0	0	0	0
AF	0	0.969394	1	1	0	0	0	0	0
AF	0	0.970019	1	0	1	0	0	0	0
AF	0	0.970956	1	1	0	0	0	0	0
AF	0	0.971580	1	1	0	0	0	0	0
AF	0	0.971893	1	1	0	0	0	0	0
AF	0	0.972205	1	1	0	0	0	0	0
AF	0	0.975328	1	1	0	0	0	0	0
AF	0	0.975953	3	2	1	0	0	0	0
AF	0	0.976577	4	3	1	0	0	0	0
AF	0	0.976889	1	1	0	0	0	0	0
AF	0	0.982823	1	1	0	0	0	0	0
AF	0	0.984072	2	2	0	0	0	0	0
AF	0	0.984385	3	1	2	0	0	0	0
AF	0	0.984697	1	0	1	0	0	0	0
AF	0	0.989382	2	1	1	0	0	0	0
AF	0	0.990319	1	0	1	0	0	0	0
AF	0	0.990631	1	1	0	0	0	0	0
AF	0	0.992817	1	0	1	0	0	0	0
AF	0	0.994066	4	3	1	0	0	0	0
AF	0	0.994691	1	1	0	0	0	0	0
AF	0	0.995003	1	1	0	0	0	0	0
AF	0	0.995940	1	1	0	0	0	0	0
AF	0	0.996565	4	2	2	0	0	0	0
AF	0	0.997189	1	0	1	0	0	0	0
AF	0	0.997502	2	0	2	0	0	0	0
AF	0	0.998126	1	0	1	0	0	0	0
AF	0	0.999063	1	1	0	0	0	0	0
# QUAL, Stats by quality
# QUAL	[2]id	[3]Quality	[4]number of SNPs	[5]number of transitions (1st ALT)	[6]number of transversions (1st ALT)	[7]number of indels
QUAL	0	.	14577	9696	4881	0
# IDD, InDel distribution:
# IDD	[2]id	[3]length (deletions negative)	[4]number of sites	[5]number of genotypes	[6]mean VAF
# ST, Substitution types:
# ST	[2]id	[3]type	[4]count
ST	0	A>C	567
ST	0	A>G	2088
ST	0	A>T	534
ST	0	C>A	705
ST	0	C>G	674
ST	0	C>T	2812
ST	0	G>A	2835
ST	0	G>C	598
ST	0	G>T	715
ST	0	T>A	535
ST	0	T>C	1961
ST	0	T>G	553
# DP, Depth distribution
# DP	[2]id	[3]bin	[4]number of genotypes	[5]fraction of genotypes (%)	[6]number of sites	[7]fraction of sites (%)
  - Fix haploid genotypes in males...

Submit MakeDiploidMalesX finished successfully. Let's have a beer, buddy!

