Submit MakeDiploidMalesX
version 1.1.6 (2024-09-30)

These are the settings:
  Input file................: /hpc/local/Rocky8/dhl_ec/software/MonopogenLite/resources/1kGP_high_coverage_Illumina.SNVonly_poly.filtered_AF_5e-04.norm.fixvariantid.chrX.vcf.gz
  Output file...............: /hpc/local/Rocky8/dhl_ec/software/MonopogenLite/resources/1kGP_high_coverage_Illumina.SNVonly_poly.filtered_AF_5e-04.norm.fixvariantid.makediploid.chrX.vcf.gz
  Chunk size................: 100

  SLURM CPUs................: 4
  SLURM Array ID............: 97 (of 100)
  SLURM memory..............: 16G
  SLURM time................: 01:00:00
  SLURM mail type...........: FAIL
  SLURM mail user...........: s.w.vanderlaan-2@umcutrecht.nl

  Dry run mode..............: 0
  Debug mode................: 1
  Verbosity.................: 0
  Version...................: 1.1.6 (2024-09-30)

Making converting haploid genotypes to diploid genotypes.
> Extract the region for this SLURM task (# 97) from the BED file.
  - Get the chunk number from the SLURM array task ID and the bed file...
DEBUG: Extracting chunk number: 97p from 97
DEBUG: Extracting region from BED file: /hpc/local/Rocky8/dhl_ec/software/MonopogenLite/resources/chrX_100pieces.bed
  - Extract the region from the BED file...
DEBUG: Extracted raw region: 'chrX	149799169	151359576' (chunk #: 97p of 100 for job 97)
  - Check if a valid region was extracted -- should be 'chrX	149799169	151359576'...
  - Prepare the region for bcftools...
  - Check if the region (chrX:149799169-151359576) was successfully extracted...
> Processing region 'chrX:149799169-151359576'...
  - Process the specific region (chunk# 97) using bcftools view...
  - Index the VCF file...
DEBUG: Check if the VCF file was successfully processed...
##fileformat=VCFv4.2
##FILTER=<ID=PASS,Description="All filters passed">
##fileDate=29/01/2022 - 14:31:41
##source=shapeit4.2.2
##contig=<ID=chr1,length=248956422>
##contig=<ID=chr2,length=242193529>
##contig=<ID=chr3,length=198295559>
##contig=<ID=chr4,length=190214555>
##contig=<ID=chr5,length=181538259>
##contig=<ID=chr6,length=170805979>
# This file was produced by bcftools stats (1.20+htslib-1.20) and can be plotted using plot-vcfstats.
# The command line was:	bcftools stats  /hpc/local/Rocky8/dhl_ec/software/MonopogenLite/resources/chrX.part97.vcf.gz
#
# Definition of sets:
# ID	[2]id	[3]tab-separated file names
ID	0	/hpc/local/Rocky8/dhl_ec/software/MonopogenLite/resources/chrX.part97.vcf.gz
# SN, Summary numbers:
#   number of records   .. number of data rows in the VCF
#   number of no-ALTs   .. reference-only sites, ALT is either "." or identical to REF
#   number of SNPs      .. number of rows with a SNP
#   number of MNPs      .. number of rows with a MNP, such as CC>TT
#   number of indels    .. number of rows with an indel
#   number of others    .. number of rows with other type, for example a symbolic allele or
#                          a complex substitution, such as ACT>TCGA
#   number of multiallelic sites     .. number of rows with multiple alternate alleles
#   number of multiallelic SNP sites .. number of rows with multiple alternate alleles, all SNPs
# 
#   Note that rows containing multiple types will be counted multiple times, in each
#   counter. For example, a row with a SNP and an indel increments both the SNP and
#   the indel counter.
# 
# SN	[2]id	[3]key	[4]value
SN	0	number of samples:	3202
SN	0	number of records:	15656
SN	0	number of no-ALTs:	0
SN	0	number of SNPs:	15656
SN	0	number of MNPs:	0
SN	0	number of indels:	0
SN	0	number of others:	0
SN	0	number of multiallelic sites:	0
SN	0	number of multiallelic SNP sites:	0
# TSTV, transitions/transversions:
# TSTV	[2]id	[3]ts	[4]tv	[5]ts/tv	[6]ts (1st ALT)	[7]tv (1st ALT)	[8]ts/tv (1st ALT)
TSTV	0	10858	4798	2.26	10858	4798	2.26
# SiS, Singleton stats:
# SiS	[2]id	[3]allele count	[4]number of SNPs	[5]number of transitions	[6]number of transversions	[7]number of indels	[8]repeat-consistent	[9]repeat-inconsistent	[10]not applicable
SiS	0	1	0	0	0	0	0	0	0
# AF, Stats by non-reference allele frequency:
# AF	[2]id	[3]allele frequency	[4]number of SNPs	[5]number of transitions	[6]number of transversions	[7]number of indels	[8]repeat-consistent	[9]repeat-inconsistent	[10]not applicable
AF	0	0.000312	2392	1673	719	0	0	0	0
AF	0	0.000625	1448	989	459	0	0	0	0
AF	0	0.000937	1609	1132	477	0	0	0	0
AF	0	0.001249	537	365	172	0	0	0	0
AF	0	0.001562	929	633	296	0	0	0	0
AF	0	0.001874	347	242	105	0	0	0	0
AF	0	0.002186	639	454	185	0	0	0	0
AF	0	0.002498	217	154	63	0	0	0	0
AF	0	0.002811	390	272	118	0	0	0	0
AF	0	0.003123	185	132	53	0	0	0	0
AF	0	0.003435	326	223	103	0	0	0	0
AF	0	0.003748	128	87	41	0	0	0	0
AF	0	0.004060	205	145	60	0	0	0	0
AF	0	0.004372	111	70	41	0	0	0	0
AF	0	0.004685	228	155	73	0	0	0	0
AF	0	0.004997	80	58	22	0	0	0	0
AF	0	0.005309	171	119	52	0	0	0	0
AF	0	0.005621	71	50	21	0	0	0	0
AF	0	0.005934	145	99	46	0	0	0	0
AF	0	0.006246	73	49	24	0	0	0	0
AF	0	0.006558	128	84	44	0	0	0	0
AF	0	0.006871	52	37	15	0	0	0	0
AF	0	0.007183	129	93	36	0	0	0	0
AF	0	0.007495	54	34	20	0	0	0	0
AF	0	0.007808	88	64	24	0	0	0	0
AF	0	0.008120	45	33	12	0	0	0	0
AF	0	0.008432	68	50	18	0	0	0	0
AF	0	0.008745	48	31	17	0	0	0	0
AF	0	0.009057	77	56	21	0	0	0	0
AF	0	0.009369	38	29	9	0	0	0	0
AF	0	0.009681	80	52	28	0	0	0	0
AF	0	0.009994	33	30	3	0	0	0	0
AF	0	0.010306	69	49	20	0	0	0	0
AF	0	0.010618	42	30	12	0	0	0	0
AF	0	0.010931	75	45	30	0	0	0	0
AF	0	0.011243	28	19	9	0	0	0	0
AF	0	0.011555	71	57	14	0	0	0	0
AF	0	0.011868	34	28	6	0	0	0	0
AF	0	0.012180	68	47	21	0	0	0	0
AF	0	0.012492	40	23	17	0	0	0	0
AF	0	0.012804	48	33	15	0	0	0	0
AF	0	0.013117	49	36	13	0	0	0	0
AF	0	0.013429	45	37	8	0	0	0	0
AF	0	0.013741	18	13	5	0	0	0	0
AF	0	0.014054	34	24	10	0	0	0	0
AF	0	0.014366	18	13	5	0	0	0	0
AF	0	0.014678	49	30	19	0	0	0	0
AF	0	0.014991	20	11	9	0	0	0	0
AF	0	0.015303	45	30	15	0	0	0	0
AF	0	0.015615	19	11	8	0	0	0	0
AF	0	0.015928	28	18	10	0	0	0	0
AF	0	0.016240	21	14	7	0	0	0	0
AF	0	0.016552	34	22	12	0	0	0	0
AF	0	0.016864	18	13	5	0	0	0	0
AF	0	0.017177	49	35	14	0	0	0	0
AF	0	0.017489	11	8	3	0	0	0	0
AF	0	0.017801	19	12	7	0	0	0	0
AF	0	0.018114	13	11	2	0	0	0	0
AF	0	0.018426	26	20	6	0	0	0	0
AF	0	0.018738	13	7	6	0	0	0	0
AF	0	0.019051	21	17	4	0	0	0	0
AF	0	0.019363	14	10	4	0	0	0	0
AF	0	0.019675	38	26	12	0	0	0	0
AF	0	0.019988	9	7	2	0	0	0	0
AF	0	0.020300	15	10	5	0	0	0	0
AF	0	0.020612	9	8	1	0	0	0	0
AF	0	0.020924	13	10	3	0	0	0	0
AF	0	0.021237	12	9	3	0	0	0	0
AF	0	0.021549	18	12	6	0	0	0	0
AF	0	0.021861	16	12	4	0	0	0	0
AF	0	0.022174	14	10	4	0	0	0	0
AF	0	0.022486	5	3	2	0	0	0	0
AF	0	0.022798	27	17	10	0	0	0	0
AF	0	0.023111	15	7	8	0	0	0	0
AF	0	0.023423	19	11	8	0	0	0	0
AF	0	0.023735	7	3	4	0	0	0	0
AF	0	0.024047	17	11	6	0	0	0	0
AF	0	0.024360	12	9	3	0	0	0	0
AF	0	0.024672	17	10	7	0	0	0	0
AF	0	0.024984	14	11	3	0	0	0	0
AF	0	0.025297	22	18	4	0	0	0	0
AF	0	0.025609	11	7	4	0	0	0	0
AF	0	0.025921	29	21	8	0	0	0	0
AF	0	0.026234	9	4	5	0	0	0	0
AF	0	0.026546	24	17	7	0	0	0	0
AF	0	0.026858	4	1	3	0	0	0	0
AF	0	0.027171	10	6	4	0	0	0	0
AF	0	0.027483	5	3	2	0	0	0	0
AF	0	0.027795	12	8	4	0	0	0	0
AF	0	0.028107	11	8	3	0	0	0	0
AF	0	0.028420	17	11	6	0	0	0	0
AF	0	0.028732	15	11	4	0	0	0	0
AF	0	0.029044	22	18	4	0	0	0	0
AF	0	0.029357	6	4	2	0	0	0	0
AF	0	0.029669	24	18	6	0	0	0	0
AF	0	0.029981	9	6	3	0	0	0	0
AF	0	0.030294	14	10	4	0	0	0	0
AF	0	0.030606	18	14	4	0	0	0	0
AF	0	0.030918	20	13	7	0	0	0	0
AF	0	0.031230	37	23	14	0	0	0	0
AF	0	0.031543	18	12	6	0	0	0	0
AF	0	0.031855	10	7	3	0	0	0	0
AF	0	0.032167	9	7	2	0	0	0	0
AF	0	0.032480	2	2	0	0	0	0	0
AF	0	0.032792	10	7	3	0	0	0	0
AF	0	0.033104	9	6	3	0	0	0	0
AF	0	0.033417	11	9	2	0	0	0	0
AF	0	0.033729	9	8	1	0	0	0	0
AF	0	0.034041	11	9	2	0	0	0	0
AF	0	0.034354	9	4	5	0	0	0	0
AF	0	0.034666	13	9	4	0	0	0	0
AF	0	0.034978	2	2	0	0	0	0	0
AF	0	0.035290	13	7	6	0	0	0	0
AF	0	0.035603	4	3	1	0	0	0	0
AF	0	0.035915	5	5	0	0	0	0	0
AF	0	0.036227	4	3	1	0	0	0	0
AF	0	0.036540	15	12	3	0	0	0	0
AF	0	0.036852	8	8	0	0	0	0	0
AF	0	0.037164	6	6	0	0	0	0	0
AF	0	0.037477	7	5	2	0	0	0	0
AF	0	0.037789	10	6	4	0	0	0	0
AF	0	0.038101	8	6	2	0	0	0	0
AF	0	0.038413	14	10	4	0	0	0	0
AF	0	0.038726	5	5	0	0	0	0	0
AF	0	0.039038	11	9	2	0	0	0	0
AF	0	0.039350	7	2	5	0	0	0	0
AF	0	0.039663	7	5	2	0	0	0	0
AF	0	0.039975	6	4	2	0	0	0	0
AF	0	0.040287	16	13	3	0	0	0	0
AF	0	0.040600	4	3	1	0	0	0	0
AF	0	0.040912	8	6	2	0	0	0	0
AF	0	0.041224	1	0	1	0	0	0	0
AF	0	0.041537	4	0	4	0	0	0	0
AF	0	0.041849	3	2	1	0	0	0	0
AF	0	0.042161	11	9	2	0	0	0	0
AF	0	0.042473	5	3	2	0	0	0	0
AF	0	0.042786	14	8	6	0	0	0	0
AF	0	0.043098	8	6	2	0	0	0	0
AF	0	0.043410	6	3	3	0	0	0	0
AF	0	0.043723	8	6	2	0	0	0	0
AF	0	0.044035	7	5	2	0	0	0	0
AF	0	0.044347	11	10	1	0	0	0	0
AF	0	0.044660	15	12	3	0	0	0	0
AF	0	0.044972	4	2	2	0	0	0	0
AF	0	0.045284	16	12	4	0	0	0	0
AF	0	0.045597	7	4	3	0	0	0	0
AF	0	0.045909	10	6	4	0	0	0	0
AF	0	0.046221	3	2	1	0	0	0	0
AF	0	0.046533	4	3	1	0	0	0	0
AF	0	0.046846	5	2	3	0	0	0	0
AF	0	0.047158	16	9	7	0	0	0	0
AF	0	0.047470	4	3	1	0	0	0	0
AF	0	0.047783	6	4	2	0	0	0	0
AF	0	0.048095	9	6	3	0	0	0	0
AF	0	0.048407	6	6	0	0	0	0	0
AF	0	0.048720	3	1	2	0	0	0	0
AF	0	0.049032	11	8	3	0	0	0	0
AF	0	0.049344	4	3	1	0	0	0	0
AF	0	0.049656	8	3	5	0	0	0	0
AF	0	0.049969	6	3	3	0	0	0	0
AF	0	0.050281	15	11	4	0	0	0	0
AF	0	0.050593	2	2	0	0	0	0	0
AF	0	0.050906	5	4	1	0	0	0	0
AF	0	0.051218	2	1	1	0	0	0	0
AF	0	0.051530	5	2	3	0	0	0	0
AF	0	0.051843	2	1	1	0	0	0	0
AF	0	0.052155	4	3	1	0	0	0	0
AF	0	0.052467	3	3	0	0	0	0	0
AF	0	0.052780	7	4	3	0	0	0	0
AF	0	0.053092	3	3	0	0	0	0	0
AF	0	0.053404	5	3	2	0	0	0	0
AF	0	0.053716	2	1	1	0	0	0	0
AF	0	0.054029	3	2	1	0	0	0	0
AF	0	0.054341	1	1	0	0	0	0	0
AF	0	0.054653	6	5	1	0	0	0	0
AF	0	0.054966	3	3	0	0	0	0	0
AF	0	0.055278	4	3	1	0	0	0	0
AF	0	0.055590	3	3	0	0	0	0	0
AF	0	0.055903	5	2	3	0	0	0	0
AF	0	0.056215	2	2	0	0	0	0	0
AF	0	0.056527	7	3	4	0	0	0	0
AF	0	0.056839	3	2	1	0	0	0	0
AF	0	0.057152	3	1	2	0	0	0	0
AF	0	0.057464	2	1	1	0	0	0	0
AF	0	0.057776	6	4	2	0	0	0	0
AF	0	0.058089	4	4	0	0	0	0	0
AF	0	0.058401	8	5	3	0	0	0	0
AF	0	0.058713	1	1	0	0	0	0	0
AF	0	0.059026	9	7	2	0	0	0	0
AF	0	0.059338	1	1	0	0	0	0	0
AF	0	0.059650	9	5	4	0	0	0	0
AF	0	0.059963	4	3	1	0	0	0	0
AF	0	0.060275	6	4	2	0	0	0	0
AF	0	0.060587	5	3	2	0	0	0	0
AF	0	0.060899	3	1	2	0	0	0	0
AF	0	0.061212	2	2	0	0	0	0	0
AF	0	0.061524	7	4	3	0	0	0	0
AF	0	0.061836	1	1	0	0	0	0	0
AF	0	0.062149	11	8	3	0	0	0	0
AF	0	0.062461	2	2	0	0	0	0	0
AF	0	0.062773	6	5	1	0	0	0	0
AF	0	0.063086	1	1	0	0	0	0	0
AF	0	0.063398	23	14	9	0	0	0	0
AF	0	0.063710	4	3	1	0	0	0	0
AF	0	0.064022	7	5	2	0	0	0	0
AF	0	0.064335	5	4	1	0	0	0	0
AF	0	0.064647	1	0	1	0	0	0	0
AF	0	0.064959	1	1	0	0	0	0	0
AF	0	0.065272	4	2	2	0	0	0	0
AF	0	0.065896	3	3	0	0	0	0	0
AF	0	0.066209	1	1	0	0	0	0	0
AF	0	0.066521	6	4	2	0	0	0	0
AF	0	0.066833	2	2	0	0	0	0	0
AF	0	0.067146	5	5	0	0	0	0	0
AF	0	0.067458	3	2	1	0	0	0	0
AF	0	0.067770	1	1	0	0	0	0	0
AF	0	0.068395	3	1	2	0	0	0	0
AF	0	0.068707	1	1	0	0	0	0	0
AF	0	0.069019	1	0	1	0	0	0	0
AF	0	0.069332	4	2	2	0	0	0	0
AF	0	0.069644	3	3	0	0	0	0	0
AF	0	0.069956	5	4	1	0	0	0	0
AF	0	0.070269	2	2	0	0	0	0	0
AF	0	0.070581	7	7	0	0	0	0	0
AF	0	0.070893	3	2	1	0	0	0	0
AF	0	0.071205	3	1	2	0	0	0	0
AF	0	0.071518	11	10	1	0	0	0	0
AF	0	0.071830	4	3	1	0	0	0	0
AF	0	0.072142	8	5	3	0	0	0	0
AF	0	0.072455	1	1	0	0	0	0	0
AF	0	0.072767	8	5	3	0	0	0	0
AF	0	0.073079	3	2	1	0	0	0	0
AF	0	0.073392	3	2	1	0	0	0	0
AF	0	0.073704	5	3	2	0	0	0	0
AF	0	0.074016	4	1	3	0	0	0	0
AF	0	0.074329	2	2	0	0	0	0	0
AF	0	0.074641	7	5	2	0	0	0	0
AF	0	0.074953	5	4	1	0	0	0	0
AF	0	0.075265	5	3	2	0	0	0	0
AF	0	0.075578	1	1	0	0	0	0	0
AF	0	0.075890	4	1	3	0	0	0	0
AF	0	0.076515	6	6	0	0	0	0	0
AF	0	0.076827	1	1	0	0	0	0	0
AF	0	0.077139	4	1	3	0	0	0	0
AF	0	0.077452	1	0	1	0	0	0	0
AF	0	0.077764	3	1	2	0	0	0	0
AF	0	0.078076	2	2	0	0	0	0	0
AF	0	0.078389	4	4	0	0	0	0	0
AF	0	0.078701	1	0	1	0	0	0	0
AF	0	0.079013	4	3	1	0	0	0	0
AF	0	0.079325	2	2	0	0	0	0	0
AF	0	0.079638	5	4	1	0	0	0	0
AF	0	0.079950	1	1	0	0	0	0	0
AF	0	0.080262	5	4	1	0	0	0	0
AF	0	0.080575	3	2	1	0	0	0	0
AF	0	0.080887	3	3	0	0	0	0	0
AF	0	0.081199	2	2	0	0	0	0	0
AF	0	0.081512	3	2	1	0	0	0	0
AF	0	0.081824	3	2	1	0	0	0	0
AF	0	0.082136	2	2	0	0	0	0	0
AF	0	0.082448	5	4	1	0	0	0	0
AF	0	0.082761	7	5	2	0	0	0	0
AF	0	0.083073	3	2	1	0	0	0	0
AF	0	0.083385	6	5	1	0	0	0	0
AF	0	0.083698	1	1	0	0	0	0	0
AF	0	0.084010	1	1	0	0	0	0	0
AF	0	0.084322	1	1	0	0	0	0	0
AF	0	0.084635	1	0	1	0	0	0	0
AF	0	0.084947	1	1	0	0	0	0	0
AF	0	0.085572	2	2	0	0	0	0	0
AF	0	0.085884	3	2	1	0	0	0	0
AF	0	0.086196	3	3	0	0	0	0	0
AF	0	0.086508	3	2	1	0	0	0	0
AF	0	0.086821	1	0	1	0	0	0	0
AF	0	0.087133	3	1	2	0	0	0	0
AF	0	0.087445	2	1	1	0	0	0	0
AF	0	0.087758	7	6	1	0	0	0	0
AF	0	0.088382	4	4	0	0	0	0	0
AF	0	0.088695	1	0	1	0	0	0	0
AF	0	0.089007	2	1	1	0	0	0	0
AF	0	0.089319	1	1	0	0	0	0	0
AF	0	0.089944	1	1	0	0	0	0	0
AF	0	0.090256	1	1	0	0	0	0	0
AF	0	0.090568	1	0	1	0	0	0	0
AF	0	0.090881	3	2	1	0	0	0	0
AF	0	0.091505	2	1	1	0	0	0	0
AF	0	0.091818	1	0	1	0	0	0	0
AF	0	0.092130	3	2	1	0	0	0	0
AF	0	0.092442	1	1	0	0	0	0	0
AF	0	0.092755	3	2	1	0	0	0	0
AF	0	0.093379	2	1	1	0	0	0	0
AF	0	0.094004	2	1	1	0	0	0	0
AF	0	0.095565	1	1	0	0	0	0	0
AF	0	0.095878	2	1	1	0	0	0	0
AF	0	0.096190	7	7	0	0	0	0	0
AF	0	0.096502	7	5	2	0	0	0	0
AF	0	0.096814	4	1	3	0	0	0	0
AF	0	0.097127	5	3	2	0	0	0	0
AF	0	0.097751	3	2	1	0	0	0	0
AF	0	0.098064	3	2	1	0	0	0	0
AF	0	0.098376	4	3	1	0	0	0	0
AF	0	0.098688	1	1	0	0	0	0	0
AF	0	0.099001	5	4	1	0	0	0	0
AF	0	0.099313	2	2	0	0	0	0	0
AF	0	0.099625	1	0	1	0	0	0	0
AF	0	0.099938	3	2	1	0	0	0	0
AF	0	0.100250	3	2	1	0	0	0	0
AF	0	0.100562	1	0	1	0	0	0	0
AF	0	0.100874	2	1	1	0	0	0	0
AF	0	0.101187	3	1	2	0	0	0	0
AF	0	0.101499	5	3	2	0	0	0	0
AF	0	0.101811	2	1	1	0	0	0	0
AF	0	0.102124	6	5	1	0	0	0	0
AF	0	0.102748	3	2	1	0	0	0	0
AF	0	0.103061	1	1	0	0	0	0	0
AF	0	0.103373	6	4	2	0	0	0	0
AF	0	0.103685	1	0	1	0	0	0	0
AF	0	0.103998	4	4	0	0	0	0	0
AF	0	0.104622	2	2	0	0	0	0	0
AF	0	0.104934	2	1	1	0	0	0	0
AF	0	0.105247	5	3	2	0	0	0	0
AF	0	0.105871	3	3	0	0	0	0	0
AF	0	0.106184	1	1	0	0	0	0	0
AF	0	0.106496	2	1	1	0	0	0	0
AF	0	0.107121	1	0	1	0	0	0	0
AF	0	0.107745	8	7	1	0	0	0	0
AF	0	0.108057	3	2	1	0	0	0	0
AF	0	0.108370	3	1	2	0	0	0	0
AF	0	0.108994	5	3	2	0	0	0	0
AF	0	0.109307	1	0	1	0	0	0	0
AF	0	0.109619	3	1	2	0	0	0	0
AF	0	0.109931	2	2	0	0	0	0	0
AF	0	0.110244	5	4	1	0	0	0	0
AF	0	0.110556	1	1	0	0	0	0	0
AF	0	0.110868	1	1	0	0	0	0	0
AF	0	0.111181	6	4	2	0	0	0	0
AF	0	0.111493	2	2	0	0	0	0	0
AF	0	0.111805	4	3	1	0	0	0	0
AF	0	0.112117	3	3	0	0	0	0	0
AF	0	0.112430	5	3	2	0	0	0	0
AF	0	0.112742	1	1	0	0	0	0	0
AF	0	0.113054	4	3	1	0	0	0	0
AF	0	0.113367	2	2	0	0	0	0	0
AF	0	0.113679	7	7	0	0	0	0	0
AF	0	0.114304	4	2	2	0	0	0	0
AF	0	0.114928	4	3	1	0	0	0	0
AF	0	0.115240	1	1	0	0	0	0	0
AF	0	0.115553	4	3	1	0	0	0	0
AF	0	0.116177	2	1	1	0	0	0	0
AF	0	0.116490	3	1	2	0	0	0	0
AF	0	0.116802	1	0	1	0	0	0	0
AF	0	0.117114	4	4	0	0	0	0	0
AF	0	0.117427	1	0	1	0	0	0	0
AF	0	0.117739	1	0	1	0	0	0	0
AF	0	0.118051	5	4	1	0	0	0	0
AF	0	0.118988	2	1	1	0	0	0	0
AF	0	0.119300	1	0	1	0	0	0	0
AF	0	0.119613	1	1	0	0	0	0	0
AF	0	0.119925	2	2	0	0	0	0	0
AF	0	0.120237	3	2	1	0	0	0	0
AF	0	0.120550	2	1	1	0	0	0	0
AF	0	0.121799	4	3	1	0	0	0	0
AF	0	0.122111	5	4	1	0	0	0	0
AF	0	0.122423	2	1	1	0	0	0	0
AF	0	0.122736	2	2	0	0	0	0	0
AF	0	0.123048	3	3	0	0	0	0	0
AF	0	0.123673	3	3	0	0	0	0	0
AF	0	0.123985	1	0	1	0	0	0	0
AF	0	0.124297	1	1	0	0	0	0	0
AF	0	0.124610	2	2	0	0	0	0	0
AF	0	0.125234	2	1	1	0	0	0	0
AF	0	0.126483	1	1	0	0	0	0	0
AF	0	0.126796	2	2	0	0	0	0	0
AF	0	0.127108	1	1	0	0	0	0	0
AF	0	0.127420	2	0	2	0	0	0	0
AF	0	0.127733	1	1	0	0	0	0	0
AF	0	0.128045	2	2	0	0	0	0	0
AF	0	0.128670	2	1	1	0	0	0	0
AF	0	0.128982	1	0	1	0	0	0	0
AF	0	0.129919	2	2	0	0	0	0	0
AF	0	0.130543	3	1	2	0	0	0	0
AF	0	0.131168	5	1	4	0	0	0	0
AF	0	0.131480	1	1	0	0	0	0	0
AF	0	0.131793	2	1	1	0	0	0	0
AF	0	0.132105	1	0	1	0	0	0	0
AF	0	0.132417	2	1	1	0	0	0	0
AF	0	0.133042	2	1	1	0	0	0	0
AF	0	0.133354	1	1	0	0	0	0	0
AF	0	0.133666	3	3	0	0	0	0	0
AF	0	0.133979	1	1	0	0	0	0	0
AF	0	0.134291	2	2	0	0	0	0	0
AF	0	0.134603	2	2	0	0	0	0	0
AF	0	0.134916	3	1	2	0	0	0	0
AF	0	0.136165	1	1	0	0	0	0	0
AF	0	0.136790	3	2	1	0	0	0	0
AF	0	0.137102	1	1	0	0	0	0	0
AF	0	0.137726	1	1	0	0	0	0	0
AF	0	0.138039	1	1	0	0	0	0	0
AF	0	0.138351	1	1	0	0	0	0	0
AF	0	0.138663	1	1	0	0	0	0	0
AF	0	0.138976	4	1	3	0	0	0	0
AF	0	0.139288	2	2	0	0	0	0	0
AF	0	0.139600	1	1	0	0	0	0	0
AF	0	0.139913	2	1	1	0	0	0	0
AF	0	0.140225	1	1	0	0	0	0	0
AF	0	0.140537	1	1	0	0	0	0	0
AF	0	0.140849	2	1	1	0	0	0	0
AF	0	0.141162	1	1	0	0	0	0	0
AF	0	0.141474	2	1	1	0	0	0	0
AF	0	0.141786	3	2	1	0	0	0	0
AF	0	0.142411	1	1	0	0	0	0	0
AF	0	0.143036	2	1	1	0	0	0	0
AF	0	0.143973	1	0	1	0	0	0	0
AF	0	0.144285	4	2	2	0	0	0	0
AF	0	0.145222	1	1	0	0	0	0	0
AF	0	0.145846	1	1	0	0	0	0	0
AF	0	0.146471	1	1	0	0	0	0	0
AF	0	0.146783	1	1	0	0	0	0	0
AF	0	0.147096	2	1	1	0	0	0	0
AF	0	0.147408	2	1	1	0	0	0	0
AF	0	0.147720	1	0	1	0	0	0	0
AF	0	0.148657	1	1	0	0	0	0	0
AF	0	0.148969	2	1	1	0	0	0	0
AF	0	0.149282	2	2	0	0	0	0	0
AF	0	0.149906	2	1	1	0	0	0	0
AF	0	0.150219	1	1	0	0	0	0	0
AF	0	0.150531	2	2	0	0	0	0	0
AF	0	0.151156	3	2	1	0	0	0	0
AF	0	0.151780	2	1	1	0	0	0	0
AF	0	0.152405	2	1	1	0	0	0	0
AF	0	0.152717	1	1	0	0	0	0	0
AF	0	0.153029	2	2	0	0	0	0	0
AF	0	0.153342	1	1	0	0	0	0	0
AF	0	0.153654	1	0	1	0	0	0	0
AF	0	0.154903	5	3	2	0	0	0	0
AF	0	0.155215	2	1	1	0	0	0	0
AF	0	0.155528	1	1	0	0	0	0	0
AF	0	0.155840	2	1	1	0	0	0	0
AF	0	0.156465	2	1	1	0	0	0	0
AF	0	0.156777	2	2	0	0	0	0	0
AF	0	0.157089	1	1	0	0	0	0	0
AF	0	0.157402	1	0	1	0	0	0	0
AF	0	0.158339	1	1	0	0	0	0	0
AF	0	0.158651	5	4	1	0	0	0	0
AF	0	0.159275	5	4	1	0	0	0	0
AF	0	0.159588	1	0	1	0	0	0	0
AF	0	0.159900	1	1	0	0	0	0	0
AF	0	0.160525	2	1	1	0	0	0	0
AF	0	0.160837	2	1	1	0	0	0	0
AF	0	0.161149	1	1	0	0	0	0	0
AF	0	0.161462	1	1	0	0	0	0	0
AF	0	0.161774	3	3	0	0	0	0	0
AF	0	0.162086	1	1	0	0	0	0	0
AF	0	0.162399	2	2	0	0	0	0	0
AF	0	0.163023	1	1	0	0	0	0	0
AF	0	0.163648	1	1	0	0	0	0	0
AF	0	0.163960	4	3	1	0	0	0	0
AF	0	0.164272	1	1	0	0	0	0	0
AF	0	0.164585	1	1	0	0	0	0	0
AF	0	0.164897	2	2	0	0	0	0	0
AF	0	0.165209	1	0	1	0	0	0	0
AF	0	0.166458	1	1	0	0	0	0	0
AF	0	0.167395	6	3	3	0	0	0	0
AF	0	0.168020	2	2	0	0	0	0	0
AF	0	0.168645	3	1	2	0	0	0	0
AF	0	0.169582	1	0	1	0	0	0	0
AF	0	0.169894	2	2	0	0	0	0	0
AF	0	0.171143	2	0	2	0	0	0	0
AF	0	0.171455	1	0	1	0	0	0	0
AF	0	0.171768	2	2	0	0	0	0	0
AF	0	0.172392	2	1	1	0	0	0	0
AF	0	0.172705	2	1	1	0	0	0	0
AF	0	0.173329	1	1	0	0	0	0	0
AF	0	0.173641	1	0	1	0	0	0	0
AF	0	0.174266	1	1	0	0	0	0	0
AF	0	0.174891	3	2	1	0	0	0	0
AF	0	0.175203	1	1	0	0	0	0	0
AF	0	0.175515	2	2	0	0	0	0	0
AF	0	0.175828	2	1	1	0	0	0	0
AF	0	0.176140	1	1	0	0	0	0	0
AF	0	0.176452	1	1	0	0	0	0	0
AF	0	0.176765	1	0	1	0	0	0	0
AF	0	0.177389	2	1	1	0	0	0	0
AF	0	0.177701	1	1	0	0	0	0	0
AF	0	0.178014	1	1	0	0	0	0	0
AF	0	0.178638	2	2	0	0	0	0	0
AF	0	0.178951	1	1	0	0	0	0	0
AF	0	0.179263	2	0	2	0	0	0	0
AF	0	0.179888	2	1	1	0	0	0	0
AF	0	0.180512	2	1	1	0	0	0	0
AF	0	0.181137	2	0	2	0	0	0	0
AF	0	0.181761	4	2	2	0	0	0	0
AF	0	0.182074	1	1	0	0	0	0	0
AF	0	0.182698	1	1	0	0	0	0	0
AF	0	0.183011	2	2	0	0	0	0	0
AF	0	0.183948	1	1	0	0	0	0	0
AF	0	0.184260	3	3	0	0	0	0	0
AF	0	0.184572	2	1	1	0	0	0	0
AF	0	0.185197	1	1	0	0	0	0	0
AF	0	0.185509	1	1	0	0	0	0	0
AF	0	0.185821	3	3	0	0	0	0	0
AF	0	0.186134	2	1	1	0	0	0	0
AF	0	0.186758	2	0	2	0	0	0	0
AF	0	0.187071	1	0	1	0	0	0	0
AF	0	0.187383	1	1	0	0	0	0	0
AF	0	0.187695	1	1	0	0	0	0	0
AF	0	0.189881	2	0	2	0	0	0	0
AF	0	0.190506	1	0	1	0	0	0	0
AF	0	0.191131	4	3	1	0	0	0	0
AF	0	0.191443	1	0	1	0	0	0	0
AF	0	0.191755	2	2	0	0	0	0	0
AF	0	0.192380	2	0	2	0	0	0	0
AF	0	0.193004	3	2	1	0	0	0	0
AF	0	0.193317	2	1	1	0	0	0	0
AF	0	0.193629	3	1	2	0	0	0	0
AF	0	0.194254	2	2	0	0	0	0	0
AF	0	0.196440	2	2	0	0	0	0	0
AF	0	0.196752	1	1	0	0	0	0	0
AF	0	0.197064	1	0	1	0	0	0	0
AF	0	0.197377	2	1	1	0	0	0	0
AF	0	0.197689	2	1	1	0	0	0	0
AF	0	0.198001	1	1	0	0	0	0	0
AF	0	0.198314	1	1	0	0	0	0	0
AF	0	0.198626	2	0	2	0	0	0	0
AF	0	0.198938	1	0	1	0	0	0	0
AF	0	0.199250	3	2	1	0	0	0	0
AF	0	0.199563	1	1	0	0	0	0	0
AF	0	0.200187	1	0	1	0	0	0	0
AF	0	0.200500	5	3	2	0	0	0	0
AF	0	0.200812	1	1	0	0	0	0	0
AF	0	0.201437	2	1	1	0	0	0	0
AF	0	0.201749	2	1	1	0	0	0	0
AF	0	0.202061	2	1	1	0	0	0	0
AF	0	0.202374	1	0	1	0	0	0	0
AF	0	0.202686	1	1	0	0	0	0	0
AF	0	0.202998	1	1	0	0	0	0	0
AF	0	0.203310	1	1	0	0	0	0	0
AF	0	0.203623	2	1	1	0	0	0	0
AF	0	0.203935	1	1	0	0	0	0	0
AF	0	0.204247	1	0	1	0	0	0	0
AF	0	0.204560	3	1	2	0	0	0	0
AF	0	0.204872	2	0	2	0	0	0	0
AF	0	0.205184	1	1	0	0	0	0	0
AF	0	0.206433	2	0	2	0	0	0	0
AF	0	0.207370	2	1	1	0	0	0	0
AF	0	0.207683	1	1	0	0	0	0	0
AF	0	0.208307	3	3	0	0	0	0	0
AF	0	0.208620	1	1	0	0	0	0	0
AF	0	0.208932	2	1	1	0	0	0	0
AF	0	0.209244	2	2	0	0	0	0	0
AF	0	0.209869	2	1	1	0	0	0	0
AF	0	0.211118	3	3	0	0	0	0	0
AF	0	0.212055	2	0	2	0	0	0	0
AF	0	0.212680	1	0	1	0	0	0	0
AF	0	0.212992	2	1	1	0	0	0	0
AF	0	0.213304	2	2	0	0	0	0	0
AF	0	0.214241	2	1	1	0	0	0	0
AF	0	0.215178	2	1	1	0	0	0	0
AF	0	0.215490	2	1	1	0	0	0	0
AF	0	0.216115	1	0	1	0	0	0	0
AF	0	0.217052	1	1	0	0	0	0	0
AF	0	0.217364	2	1	1	0	0	0	0
AF	0	0.217676	1	1	0	0	0	0	0
AF	0	0.217989	1	1	0	0	0	0	0
AF	0	0.218926	1	1	0	0	0	0	0
AF	0	0.219238	3	1	2	0	0	0	0
AF	0	0.219863	1	1	0	0	0	0	0
AF	0	0.221112	1	1	0	0	0	0	0
AF	0	0.221424	2	1	1	0	0	0	0
AF	0	0.221736	1	1	0	0	0	0	0
AF	0	0.222049	5	2	3	0	0	0	0
AF	0	0.222673	2	2	0	0	0	0	0
AF	0	0.223298	3	2	1	0	0	0	0
AF	0	0.223610	1	0	1	0	0	0	0
AF	0	0.223923	3	2	1	0	0	0	0
AF	0	0.224859	1	0	1	0	0	0	0
AF	0	0.225172	2	1	1	0	0	0	0
AF	0	0.225484	1	1	0	0	0	0	0
AF	0	0.225796	3	1	2	0	0	0	0
AF	0	0.226421	1	1	0	0	0	0	0
AF	0	0.226733	2	1	1	0	0	0	0
AF	0	0.227046	1	0	1	0	0	0	0
AF	0	0.227670	1	1	0	0	0	0	0
AF	0	0.227983	1	0	1	0	0	0	0
AF	0	0.228295	1	0	1	0	0	0	0
AF	0	0.228919	1	1	0	0	0	0	0
AF	0	0.229232	1	1	0	0	0	0	0
AF	0	0.229544	2	1	1	0	0	0	0
AF	0	0.230169	1	1	0	0	0	0	0
AF	0	0.230793	1	1	0	0	0	0	0
AF	0	0.231106	4	3	1	0	0	0	0
AF	0	0.231418	1	1	0	0	0	0	0
AF	0	0.232042	3	2	1	0	0	0	0
AF	0	0.232355	1	0	1	0	0	0	0
AF	0	0.232667	1	1	0	0	0	0	0
AF	0	0.232979	1	1	0	0	0	0	0
AF	0	0.233292	4	3	1	0	0	0	0
AF	0	0.233604	1	1	0	0	0	0	0
AF	0	0.233916	1	1	0	0	0	0	0
AF	0	0.235166	1	1	0	0	0	0	0
AF	0	0.235790	6	5	1	0	0	0	0
AF	0	0.236102	2	1	1	0	0	0	0
AF	0	0.236415	4	4	0	0	0	0	0
AF	0	0.236727	3	2	1	0	0	0	0
AF	0	0.237039	1	1	0	0	0	0	0
AF	0	0.237664	1	1	0	0	0	0	0
AF	0	0.237976	1	1	0	0	0	0	0
AF	0	0.238289	5	4	1	0	0	0	0
AF	0	0.238601	1	1	0	0	0	0	0
AF	0	0.238913	3	1	2	0	0	0	0
AF	0	0.239225	1	1	0	0	0	0	0
AF	0	0.239850	1	0	1	0	0	0	0
AF	0	0.240162	1	0	1	0	0	0	0
AF	0	0.240787	3	2	1	0	0	0	0
AF	0	0.241412	2	1	1	0	0	0	0
AF	0	0.241724	2	2	0	0	0	0	0
AF	0	0.242349	1	1	0	0	0	0	0
AF	0	0.242661	1	0	1	0	0	0	0
AF	0	0.243285	1	1	0	0	0	0	0
AF	0	0.243598	1	1	0	0	0	0	0
AF	0	0.243910	2	1	1	0	0	0	0
AF	0	0.244222	1	0	1	0	0	0	0
AF	0	0.244535	1	1	0	0	0	0	0
AF	0	0.244847	1	1	0	0	0	0	0
AF	0	0.245784	1	1	0	0	0	0	0
AF	0	0.246096	1	1	0	0	0	0	0
AF	0	0.246408	1	1	0	0	0	0	0
AF	0	0.246721	2	2	0	0	0	0	0
AF	0	0.247033	1	1	0	0	0	0	0
AF	0	0.247345	1	1	0	0	0	0	0
AF	0	0.247658	4	3	1	0	0	0	0
AF	0	0.247970	2	2	0	0	0	0	0
AF	0	0.248282	4	2	2	0	0	0	0
AF	0	0.248595	3	2	1	0	0	0	0
AF	0	0.248907	2	2	0	0	0	0	0
AF	0	0.249532	4	2	2	0	0	0	0
AF	0	0.250156	2	1	1	0	0	0	0
AF	0	0.250781	1	1	0	0	0	0	0
AF	0	0.251093	1	1	0	0	0	0	0
AF	0	0.251718	2	0	2	0	0	0	0
AF	0	0.252030	2	2	0	0	0	0	0
AF	0	0.252342	2	2	0	0	0	0	0
AF	0	0.252655	1	1	0	0	0	0	0
AF	0	0.252967	1	0	1	0	0	0	0
AF	0	0.254216	1	1	0	0	0	0	0
AF	0	0.254528	2	2	0	0	0	0	0
AF	0	0.255153	2	2	0	0	0	0	0
AF	0	0.255778	1	0	1	0	0	0	0
AF	0	0.256090	1	1	0	0	0	0	0
AF	0	0.256402	2	1	1	0	0	0	0
AF	0	0.257027	1	0	1	0	0	0	0
AF	0	0.257339	1	1	0	0	0	0	0
AF	0	0.257651	3	3	0	0	0	0	0
AF	0	0.259213	3	1	2	0	0	0	0
AF	0	0.260150	1	0	1	0	0	0	0
AF	0	0.260775	1	1	0	0	0	0	0
AF	0	0.261399	1	0	1	0	0	0	0
AF	0	0.262336	1	0	1	0	0	0	0
AF	0	0.262648	1	0	1	0	0	0	0
AF	0	0.263273	1	1	0	0	0	0	0
AF	0	0.263585	1	0	1	0	0	0	0
AF	0	0.263898	1	0	1	0	0	0	0
AF	0	0.264522	2	2	0	0	0	0	0
AF	0	0.264834	1	1	0	0	0	0	0
AF	0	0.265771	1	0	1	0	0	0	0
AF	0	0.266396	4	4	0	0	0	0	0
AF	0	0.266708	1	0	1	0	0	0	0
AF	0	0.267645	1	1	0	0	0	0	0
AF	0	0.268270	2	2	0	0	0	0	0
AF	0	0.268582	1	1	0	0	0	0	0
AF	0	0.269519	2	1	1	0	0	0	0
AF	0	0.270768	1	0	1	0	0	0	0
AF	0	0.271081	2	1	1	0	0	0	0
AF	0	0.271393	2	2	0	0	0	0	0
AF	0	0.272017	1	0	1	0	0	0	0
AF	0	0.273267	1	0	1	0	0	0	0
AF	0	0.273891	1	0	1	0	0	0	0
AF	0	0.274516	1	0	1	0	0	0	0
AF	0	0.275141	1	1	0	0	0	0	0
AF	0	0.275453	1	0	1	0	0	0	0
AF	0	0.276390	1	1	0	0	0	0	0
AF	0	0.277327	1	1	0	0	0	0	0
AF	0	0.278264	1	1	0	0	0	0	0
AF	0	0.278576	1	1	0	0	0	0	0
AF	0	0.278888	1	0	1	0	0	0	0
AF	0	0.279200	1	0	1	0	0	0	0
AF	0	0.279513	1	1	0	0	0	0	0
AF	0	0.279825	1	0	1	0	0	0	0
AF	0	0.281387	1	1	0	0	0	0	0
AF	0	0.281699	1	0	1	0	0	0	0
AF	0	0.282011	1	1	0	0	0	0	0
AF	0	0.282324	2	2	0	0	0	0	0
AF	0	0.283885	1	1	0	0	0	0	0
AF	0	0.284197	2	0	2	0	0	0	0
AF	0	0.284510	1	1	0	0	0	0	0
AF	0	0.284822	2	2	0	0	0	0	0
AF	0	0.285134	1	1	0	0	0	0	0
AF	0	0.285759	1	1	0	0	0	0	0
AF	0	0.286071	1	1	0	0	0	0	0
AF	0	0.286384	1	1	0	0	0	0	0
AF	0	0.287008	2	1	1	0	0	0	0
AF	0	0.287633	1	1	0	0	0	0	0
AF	0	0.288257	4	2	2	0	0	0	0
AF	0	0.288882	2	2	0	0	0	0	0
AF	0	0.289819	1	0	1	0	0	0	0
AF	0	0.290131	1	1	0	0	0	0	0
AF	0	0.290756	1	1	0	0	0	0	0
AF	0	0.291068	1	1	0	0	0	0	0
AF	0	0.291380	1	0	1	0	0	0	0
AF	0	0.292005	2	1	1	0	0	0	0
AF	0	0.292942	1	1	0	0	0	0	0
AF	0	0.293254	1	0	1	0	0	0	0
AF	0	0.293567	1	0	1	0	0	0	0
AF	0	0.294191	1	1	0	0	0	0	0
AF	0	0.294503	4	3	1	0	0	0	0
AF	0	0.294816	1	1	0	0	0	0	0
AF	0	0.295128	3	3	0	0	0	0	0
AF	0	0.296065	2	1	1	0	0	0	0
AF	0	0.296377	2	1	1	0	0	0	0
AF	0	0.296690	1	0	1	0	0	0	0
AF	0	0.297002	1	1	0	0	0	0	0
AF	0	0.297626	1	1	0	0	0	0	0
AF	0	0.298251	2	1	1	0	0	0	0
AF	0	0.298563	1	0	1	0	0	0	0
AF	0	0.298876	1	0	1	0	0	0	0
AF	0	0.299500	2	2	0	0	0	0	0
AF	0	0.300125	2	1	1	0	0	0	0
AF	0	0.300750	2	2	0	0	0	0	0
AF	0	0.301062	3	2	1	0	0	0	0
AF	0	0.301374	3	2	1	0	0	0	0
AF	0	0.302311	1	1	0	0	0	0	0
AF	0	0.302623	1	0	1	0	0	0	0
AF	0	0.302936	2	2	0	0	0	0	0
AF	0	0.303248	6	4	2	0	0	0	0
AF	0	0.303560	3	3	0	0	0	0	0
AF	0	0.303873	3	2	1	0	0	0	0
AF	0	0.304185	1	1	0	0	0	0	0
AF	0	0.304497	2	2	0	0	0	0	0
AF	0	0.305746	1	1	0	0	0	0	0
AF	0	0.306059	1	0	1	0	0	0	0
AF	0	0.306371	1	1	0	0	0	0	0
AF	0	0.306996	5	1	4	0	0	0	0
AF	0	0.307308	2	2	0	0	0	0	0
AF	0	0.308245	3	2	1	0	0	0	0
AF	0	0.308557	2	1	1	0	0	0	0
AF	0	0.308869	2	1	1	0	0	0	0
AF	0	0.309182	3	2	1	0	0	0	0
AF	0	0.309494	1	1	0	0	0	0	0
AF	0	0.309806	2	1	1	0	0	0	0
AF	0	0.310743	2	2	0	0	0	0	0
AF	0	0.311056	2	0	2	0	0	0	0
AF	0	0.311368	2	2	0	0	0	0	0
AF	0	0.311993	1	1	0	0	0	0	0
AF	0	0.312617	3	3	0	0	0	0	0
AF	0	0.313242	3	2	1	0	0	0	0
AF	0	0.314491	1	0	1	0	0	0	0
AF	0	0.314803	2	0	2	0	0	0	0
AF	0	0.315428	2	2	0	0	0	0	0
AF	0	0.316365	3	1	2	0	0	0	0
AF	0	0.316989	1	0	1	0	0	0	0
AF	0	0.317926	1	1	0	0	0	0	0
AF	0	0.318551	1	1	0	0	0	0	0
AF	0	0.320737	1	1	0	0	0	0	0
AF	0	0.321362	4	1	3	0	0	0	0
AF	0	0.321986	5	4	1	0	0	0	0
AF	0	0.322299	2	2	0	0	0	0	0
AF	0	0.322611	2	2	0	0	0	0	0
AF	0	0.322923	1	0	1	0	0	0	0
AF	0	0.323235	3	2	1	0	0	0	0
AF	0	0.323860	1	1	0	0	0	0	0
AF	0	0.324172	1	0	1	0	0	0	0
AF	0	0.324485	1	0	1	0	0	0	0
AF	0	0.324797	1	1	0	0	0	0	0
AF	0	0.325109	2	2	0	0	0	0	0
AF	0	0.325734	1	1	0	0	0	0	0
AF	0	0.326046	1	1	0	0	0	0	0
AF	0	0.326671	1	1	0	0	0	0	0
AF	0	0.326983	1	1	0	0	0	0	0
AF	0	0.328857	1	1	0	0	0	0	0
AF	0	0.329482	1	1	0	0	0	0	0
AF	0	0.329794	2	1	1	0	0	0	0
AF	0	0.330106	1	1	0	0	0	0	0
AF	0	0.330731	1	0	1	0	0	0	0
AF	0	0.331043	1	1	0	0	0	0	0
AF	0	0.331668	1	0	1	0	0	0	0
AF	0	0.332292	1	1	0	0	0	0	0
AF	0	0.332605	1	1	0	0	0	0	0
AF	0	0.333229	5	4	1	0	0	0	0
AF	0	0.333542	2	2	0	0	0	0	0
AF	0	0.334166	1	0	1	0	0	0	0
AF	0	0.335103	1	0	1	0	0	0	0
AF	0	0.335728	1	1	0	0	0	0	0
AF	0	0.336352	1	1	0	0	0	0	0
AF	0	0.336665	2	2	0	0	0	0	0
AF	0	0.336977	1	1	0	0	0	0	0
AF	0	0.337914	1	0	1	0	0	0	0
AF	0	0.339475	2	2	0	0	0	0	0
AF	0	0.340412	1	1	0	0	0	0	0
AF	0	0.341037	1	1	0	0	0	0	0
AF	0	0.341661	2	2	0	0	0	0	0
AF	0	0.341974	1	1	0	0	0	0	0
AF	0	0.342286	1	0	1	0	0	0	0
AF	0	0.342598	1	0	1	0	0	0	0
AF	0	0.342911	1	1	0	0	0	0	0
AF	0	0.344785	2	2	0	0	0	0	0
AF	0	0.345097	1	1	0	0	0	0	0
AF	0	0.345409	1	1	0	0	0	0	0
AF	0	0.346658	1	1	0	0	0	0	0
AF	0	0.347595	1	0	1	0	0	0	0
AF	0	0.347908	2	1	1	0	0	0	0
AF	0	0.348532	1	1	0	0	0	0	0
AF	0	0.349781	2	1	1	0	0	0	0
AF	0	0.350718	2	2	0	0	0	0	0
AF	0	0.351655	1	0	1	0	0	0	0
AF	0	0.352592	2	1	1	0	0	0	0
AF	0	0.352904	1	0	1	0	0	0	0
AF	0	0.353217	1	1	0	0	0	0	0
AF	0	0.353841	1	0	1	0	0	0	0
AF	0	0.354466	2	2	0	0	0	0	0
AF	0	0.354778	3	2	1	0	0	0	0
AF	0	0.355091	1	1	0	0	0	0	0
AF	0	0.355403	2	1	1	0	0	0	0
AF	0	0.355715	1	1	0	0	0	0	0
AF	0	0.356027	2	1	1	0	0	0	0
AF	0	0.356340	1	0	1	0	0	0	0
AF	0	0.357277	1	0	1	0	0	0	0
AF	0	0.358838	1	1	0	0	0	0	0
AF	0	0.360400	3	2	1	0	0	0	0
AF	0	0.361024	1	1	0	0	0	0	0
AF	0	0.362898	3	2	1	0	0	0	0
AF	0	0.363523	1	1	0	0	0	0	0
AF	0	0.365397	1	1	0	0	0	0	0
AF	0	0.366021	2	1	1	0	0	0	0
AF	0	0.366334	2	0	2	0	0	0	0
AF	0	0.367270	1	1	0	0	0	0	0
AF	0	0.368207	1	0	1	0	0	0	0
AF	0	0.368520	2	1	1	0	0	0	0
AF	0	0.369144	2	2	0	0	0	0	0
AF	0	0.369769	2	1	1	0	0	0	0
AF	0	0.371018	2	1	1	0	0	0	0
AF	0	0.371330	1	1	0	0	0	0	0
AF	0	0.373517	1	0	1	0	0	0	0
AF	0	0.374141	1	0	1	0	0	0	0
AF	0	0.375703	1	1	0	0	0	0	0
AF	0	0.376015	1	1	0	0	0	0	0
AF	0	0.377264	1	0	1	0	0	0	0
AF	0	0.378513	1	0	1	0	0	0	0
AF	0	0.380075	1	1	0	0	0	0	0
AF	0	0.380387	1	0	1	0	0	0	0
AF	0	0.384447	1	0	1	0	0	0	0
AF	0	0.386009	2	0	2	0	0	0	0
AF	0	0.387258	2	2	0	0	0	0	0
AF	0	0.388819	1	1	0	0	0	0	0
AF	0	0.391943	1	1	0	0	0	0	0
AF	0	0.392255	2	1	1	0	0	0	0
AF	0	0.392567	1	1	0	0	0	0	0
AF	0	0.395378	2	1	1	0	0	0	0
AF	0	0.396002	1	1	0	0	0	0	0
AF	0	0.396315	1	1	0	0	0	0	0
AF	0	0.397876	1	0	1	0	0	0	0
AF	0	0.398501	1	1	0	0	0	0	0
AF	0	0.398813	1	0	1	0	0	0	0
AF	0	0.400375	1	1	0	0	0	0	0
AF	0	0.400687	1	1	0	0	0	0	0
AF	0	0.400999	1	0	1	0	0	0	0
AF	0	0.401624	1	1	0	0	0	0	0
AF	0	0.403498	1	1	0	0	0	0	0
AF	0	0.404122	1	1	0	0	0	0	0
AF	0	0.405372	1	1	0	0	0	0	0
AF	0	0.406309	1	1	0	0	0	0	0
AF	0	0.409744	2	2	0	0	0	0	0
AF	0	0.410369	1	1	0	0	0	0	0
AF	0	0.414428	1	1	0	0	0	0	0
AF	0	0.415053	1	1	0	0	0	0	0
AF	0	0.415678	3	0	3	0	0	0	0
AF	0	0.415990	1	1	0	0	0	0	0
AF	0	0.416302	1	0	1	0	0	0	0
AF	0	0.416615	1	1	0	0	0	0	0
AF	0	0.417239	1	1	0	0	0	0	0
AF	0	0.417552	1	1	0	0	0	0	0
AF	0	0.418488	1	1	0	0	0	0	0
AF	0	0.420675	1	0	1	0	0	0	0
AF	0	0.421299	1	1	0	0	0	0	0
AF	0	0.421611	1	1	0	0	0	0	0
AF	0	0.424735	2	1	1	0	0	0	0
AF	0	0.425047	1	1	0	0	0	0	0
AF	0	0.425671	1	0	1	0	0	0	0
AF	0	0.425984	1	0	1	0	0	0	0
AF	0	0.427233	1	1	0	0	0	0	0
AF	0	0.432230	3	2	1	0	0	0	0
AF	0	0.433479	2	2	0	0	0	0	0
AF	0	0.433791	2	1	1	0	0	0	0
AF	0	0.434104	2	0	2	0	0	0	0
AF	0	0.437227	1	1	0	0	0	0	0
AF	0	0.438164	1	0	1	0	0	0	0
AF	0	0.438476	1	1	0	0	0	0	0
AF	0	0.439101	1	1	0	0	0	0	0
AF	0	0.439413	1	0	1	0	0	0	0
AF	0	0.440350	1	1	0	0	0	0	0
AF	0	0.440662	1	1	0	0	0	0	0
AF	0	0.441599	1	1	0	0	0	0	0
AF	0	0.441911	1	1	0	0	0	0	0
AF	0	0.442224	2	2	0	0	0	0	0
AF	0	0.442848	1	0	1	0	0	0	0
AF	0	0.443473	1	1	0	0	0	0	0
AF	0	0.443785	1	1	0	0	0	0	0
AF	0	0.445034	2	1	1	0	0	0	0
AF	0	0.445347	1	1	0	0	0	0	0
AF	0	0.446284	2	0	2	0	0	0	0
AF	0	0.446908	1	1	0	0	0	0	0
AF	0	0.447220	1	1	0	0	0	0	0
AF	0	0.447533	1	1	0	0	0	0	0
AF	0	0.448157	1	1	0	0	0	0	0
AF	0	0.448470	1	0	1	0	0	0	0
AF	0	0.451280	2	0	2	0	0	0	0
AF	0	0.451593	2	1	1	0	0	0	0
AF	0	0.452530	1	0	1	0	0	0	0
AF	0	0.453779	1	1	0	0	0	0	0
AF	0	0.454091	1	1	0	0	0	0	0
AF	0	0.456902	1	1	0	0	0	0	0
AF	0	0.458776	1	1	0	0	0	0	0
AF	0	0.460025	2	2	0	0	0	0	0
AF	0	0.460337	2	1	1	0	0	0	0
AF	0	0.460650	1	1	0	0	0	0	0
AF	0	0.460962	1	0	1	0	0	0	0
AF	0	0.462211	1	0	1	0	0	0	0
AF	0	0.462523	1	1	0	0	0	0	0
AF	0	0.464397	2	0	2	0	0	0	0
AF	0	0.465334	1	0	1	0	0	0	0
AF	0	0.465959	2	1	1	0	0	0	0
AF	0	0.467520	1	0	1	0	0	0	0
AF	0	0.468145	2	1	1	0	0	0	0
AF	0	0.468770	2	2	0	0	0	0	0
AF	0	0.469706	2	1	1	0	0	0	0
AF	0	0.471580	1	1	0	0	0	0	0
AF	0	0.471893	1	0	1	0	0	0	0
AF	0	0.472829	1	1	0	0	0	0	0
AF	0	0.478139	1	1	0	0	0	0	0
AF	0	0.478451	1	1	0	0	0	0	0
AF	0	0.480637	1	1	0	0	0	0	0
AF	0	0.480949	1	1	0	0	0	0	0
AF	0	0.481262	2	2	0	0	0	0	0
AF	0	0.481574	1	0	1	0	0	0	0
AF	0	0.482823	1	1	0	0	0	0	0
AF	0	0.483136	3	1	2	0	0	0	0
AF	0	0.483448	1	0	1	0	0	0	0
AF	0	0.483760	1	1	0	0	0	0	0
AF	0	0.484072	1	0	1	0	0	0	0
AF	0	0.484385	2	1	1	0	0	0	0
AF	0	0.487508	1	1	0	0	0	0	0
AF	0	0.487820	1	0	1	0	0	0	0
AF	0	0.488132	2	2	0	0	0	0	0
AF	0	0.488445	1	1	0	0	0	0	0
AF	0	0.488757	1	0	1	0	0	0	0
AF	0	0.489382	2	1	1	0	0	0	0
AF	0	0.490631	1	0	1	0	0	0	0
AF	0	0.491568	1	1	0	0	0	0	0
AF	0	0.491880	1	1	0	0	0	0	0
AF	0	0.492505	1	1	0	0	0	0	0
AF	0	0.493129	2	1	1	0	0	0	0
AF	0	0.493754	1	1	0	0	0	0	0
AF	0	0.494379	1	1	0	0	0	0	0
AF	0	0.496877	2	1	1	0	0	0	0
AF	0	0.497502	1	0	1	0	0	0	0
AF	0	0.499063	1	0	1	0	0	0	0
AF	0	0.500937	2	1	1	0	0	0	0
AF	0	0.501249	1	0	1	0	0	0	0
AF	0	0.501562	2	2	0	0	0	0	0
AF	0	0.502498	1	0	1	0	0	0	0
AF	0	0.502811	1	0	1	0	0	0	0
AF	0	0.503123	1	1	0	0	0	0	0
AF	0	0.503748	2	2	0	0	0	0	0
AF	0	0.506558	1	0	1	0	0	0	0
AF	0	0.506871	1	1	0	0	0	0	0
AF	0	0.507183	1	0	1	0	0	0	0
AF	0	0.508432	1	0	1	0	0	0	0
AF	0	0.508745	1	1	0	0	0	0	0
AF	0	0.509369	1	1	0	0	0	0	0
AF	0	0.509681	1	1	0	0	0	0	0
AF	0	0.511243	3	1	2	0	0	0	0
AF	0	0.511868	1	1	0	0	0	0	0
AF	0	0.512180	1	1	0	0	0	0	0
AF	0	0.512492	2	1	1	0	0	0	0
AF	0	0.512804	1	0	1	0	0	0	0
AF	0	0.513429	1	1	0	0	0	0	0
AF	0	0.513741	3	1	2	0	0	0	0
AF	0	0.514054	1	1	0	0	0	0	0
AF	0	0.514366	1	1	0	0	0	0	0
AF	0	0.514991	2	0	2	0	0	0	0
AF	0	0.515615	1	1	0	0	0	0	0
AF	0	0.516864	3	1	2	0	0	0	0
AF	0	0.518426	1	1	0	0	0	0	0
AF	0	0.519675	2	2	0	0	0	0	0
AF	0	0.519988	2	2	0	0	0	0	0
AF	0	0.520612	3	2	1	0	0	0	0
AF	0	0.522174	1	0	1	0	0	0	0
AF	0	0.522486	1	1	0	0	0	0	0
AF	0	0.523423	1	0	1	0	0	0	0
AF	0	0.523735	2	1	1	0	0	0	0
AF	0	0.524360	1	1	0	0	0	0	0
AF	0	0.525609	1	0	1	0	0	0	0
AF	0	0.526234	3	3	0	0	0	0	0
AF	0	0.527171	1	1	0	0	0	0	0
AF	0	0.527483	4	2	2	0	0	0	0
AF	0	0.527795	1	1	0	0	0	0	0
AF	0	0.528107	3	2	1	0	0	0	0
AF	0	0.528732	4	3	1	0	0	0	0
AF	0	0.529044	2	1	1	0	0	0	0
AF	0	0.529357	3	2	1	0	0	0	0
AF	0	0.529981	1	1	0	0	0	0	0
AF	0	0.530606	4	3	1	0	0	0	0
AF	0	0.531230	1	0	1	0	0	0	0
AF	0	0.531855	2	1	1	0	0	0	0
AF	0	0.532167	1	1	0	0	0	0	0
AF	0	0.533417	1	1	0	0	0	0	0
AF	0	0.534041	1	1	0	0	0	0	0
AF	0	0.534354	1	1	0	0	0	0	0
AF	0	0.534978	1	1	0	0	0	0	0
AF	0	0.535290	1	1	0	0	0	0	0
AF	0	0.536227	2	1	1	0	0	0	0
AF	0	0.536540	1	1	0	0	0	0	0
AF	0	0.537477	1	1	0	0	0	0	0
AF	0	0.537789	1	0	1	0	0	0	0
AF	0	0.538726	1	1	0	0	0	0	0
AF	0	0.540600	1	1	0	0	0	0	0
AF	0	0.541224	1	0	1	0	0	0	0
AF	0	0.541537	1	1	0	0	0	0	0
AF	0	0.543098	1	1	0	0	0	0	0
AF	0	0.543410	1	1	0	0	0	0	0
AF	0	0.545909	1	1	0	0	0	0	0
AF	0	0.547470	3	2	1	0	0	0	0
AF	0	0.548095	1	1	0	0	0	0	0
AF	0	0.549032	1	1	0	0	0	0	0
AF	0	0.550593	1	0	1	0	0	0	0
AF	0	0.551218	1	1	0	0	0	0	0
AF	0	0.554966	1	1	0	0	0	0	0
AF	0	0.555590	1	1	0	0	0	0	0
AF	0	0.555903	1	1	0	0	0	0	0
AF	0	0.557152	1	1	0	0	0	0	0
AF	0	0.558089	1	1	0	0	0	0	0
AF	0	0.560587	1	0	1	0	0	0	0
AF	0	0.561212	1	0	1	0	0	0	0
AF	0	0.563710	1	1	0	0	0	0	0
AF	0	0.564959	1	1	0	0	0	0	0
AF	0	0.566521	2	0	2	0	0	0	0
AF	0	0.568082	2	2	0	0	0	0	0
AF	0	0.570893	1	1	0	0	0	0	0
AF	0	0.571518	1	1	0	0	0	0	0
AF	0	0.574953	1	1	0	0	0	0	0
AF	0	0.575265	3	1	2	0	0	0	0
AF	0	0.576515	1	1	0	0	0	0	0
AF	0	0.576827	1	0	1	0	0	0	0
AF	0	0.577139	1	0	1	0	0	0	0
AF	0	0.577452	1	1	0	0	0	0	0
AF	0	0.577764	1	0	1	0	0	0	0
AF	0	0.579325	2	2	0	0	0	0	0
AF	0	0.580262	1	1	0	0	0	0	0
AF	0	0.581512	2	2	0	0	0	0	0
AF	0	0.581824	1	0	1	0	0	0	0
AF	0	0.584010	1	1	0	0	0	0	0
AF	0	0.586821	1	0	1	0	0	0	0
AF	0	0.589631	1	1	0	0	0	0	0
AF	0	0.589944	1	1	0	0	0	0	0
AF	0	0.590881	1	1	0	0	0	0	0
AF	0	0.591818	1	1	0	0	0	0	0
AF	0	0.592130	1	1	0	0	0	0	0
AF	0	0.592755	1	1	0	0	0	0	0
AF	0	0.593067	2	2	0	0	0	0	0
AF	0	0.595878	1	1	0	0	0	0	0
AF	0	0.598376	1	1	0	0	0	0	0
AF	0	0.599625	1	1	0	0	0	0	0
AF	0	0.600250	1	1	0	0	0	0	0
AF	0	0.600562	1	1	0	0	0	0	0
AF	0	0.601499	1	1	0	0	0	0	0
AF	0	0.603061	1	1	0	0	0	0	0
AF	0	0.605871	2	1	1	0	0	0	0
AF	0	0.606184	2	1	1	0	0	0	0
AF	0	0.608370	1	1	0	0	0	0	0
AF	0	0.609307	1	1	0	0	0	0	0
AF	0	0.610556	1	1	0	0	0	0	0
AF	0	0.612742	1	0	1	0	0	0	0
AF	0	0.613367	1	1	0	0	0	0	0
AF	0	0.613991	1	1	0	0	0	0	0
AF	0	0.614616	1	1	0	0	0	0	0
AF	0	0.615240	1	1	0	0	0	0	0
AF	0	0.615865	1	1	0	0	0	0	0
AF	0	0.616490	2	2	0	0	0	0	0
AF	0	0.617427	1	1	0	0	0	0	0
AF	0	0.617739	1	1	0	0	0	0	0
AF	0	0.618676	1	0	1	0	0	0	0
AF	0	0.618988	1	0	1	0	0	0	0
AF	0	0.619925	1	1	0	0	0	0	0
AF	0	0.621487	1	0	1	0	0	0	0
AF	0	0.622423	1	0	1	0	0	0	0
AF	0	0.622736	1	1	0	0	0	0	0
AF	0	0.623360	1	1	0	0	0	0	0
AF	0	0.625234	1	0	1	0	0	0	0
AF	0	0.625547	1	1	0	0	0	0	0
AF	0	0.626483	1	1	0	0	0	0	0
AF	0	0.627108	1	1	0	0	0	0	0
AF	0	0.627420	2	0	2	0	0	0	0
AF	0	0.627733	1	0	1	0	0	0	0
AF	0	0.629294	1	1	0	0	0	0	0
AF	0	0.629919	1	0	1	0	0	0	0
AF	0	0.630231	1	1	0	0	0	0	0
AF	0	0.637102	1	1	0	0	0	0	0
AF	0	0.637726	1	1	0	0	0	0	0
AF	0	0.638351	1	1	0	0	0	0	0
AF	0	0.638663	2	2	0	0	0	0	0
AF	0	0.638976	2	0	2	0	0	0	0
AF	0	0.639913	1	0	1	0	0	0	0
AF	0	0.640849	1	1	0	0	0	0	0
AF	0	0.641474	1	0	1	0	0	0	0
AF	0	0.642723	1	1	0	0	0	0	0
AF	0	0.643660	1	0	1	0	0	0	0
AF	0	0.643973	1	1	0	0	0	0	0
AF	0	0.644285	2	1	1	0	0	0	0
AF	0	0.644597	7	6	1	0	0	0	0
AF	0	0.644909	1	1	0	0	0	0	0
AF	0	0.645222	1	1	0	0	0	0	0
AF	0	0.645846	3	1	2	0	0	0	0
AF	0	0.647096	4	4	0	0	0	0	0
AF	0	0.648969	1	1	0	0	0	0	0
AF	0	0.649594	2	2	0	0	0	0	0
AF	0	0.649906	1	1	0	0	0	0	0
AF	0	0.653029	2	2	0	0	0	0	0
AF	0	0.653342	1	1	0	0	0	0	0
AF	0	0.653654	2	2	0	0	0	0	0
AF	0	0.654903	1	1	0	0	0	0	0
AF	0	0.656777	1	1	0	0	0	0	0
AF	0	0.657089	3	3	0	0	0	0	0
AF	0	0.657714	1	1	0	0	0	0	0
AF	0	0.658339	1	1	0	0	0	0	0
AF	0	0.660212	1	1	0	0	0	0	0
AF	0	0.664897	1	1	0	0	0	0	0
AF	0	0.667708	1	1	0	0	0	0	0
AF	0	0.668645	1	1	0	0	0	0	0
AF	0	0.668957	1	1	0	0	0	0	0
AF	0	0.669269	1	0	1	0	0	0	0
AF	0	0.669894	4	3	1	0	0	0	0
AF	0	0.670206	3	2	1	0	0	0	0
AF	0	0.671143	1	0	1	0	0	0	0
AF	0	0.671768	1	1	0	0	0	0	0
AF	0	0.674266	2	0	2	0	0	0	0
AF	0	0.674891	2	1	1	0	0	0	0
AF	0	0.675515	1	1	0	0	0	0	0
AF	0	0.675828	1	1	0	0	0	0	0
AF	0	0.677389	1	1	0	0	0	0	0
AF	0	0.677701	2	2	0	0	0	0	0
AF	0	0.678014	1	1	0	0	0	0	0
AF	0	0.678951	1	1	0	0	0	0	0
AF	0	0.679263	2	2	0	0	0	0	0
AF	0	0.680512	1	0	1	0	0	0	0
AF	0	0.681449	1	1	0	0	0	0	0
AF	0	0.683011	1	0	1	0	0	0	0
AF	0	0.683635	1	1	0	0	0	0	0
AF	0	0.684572	2	2	0	0	0	0	0
AF	0	0.685509	2	2	0	0	0	0	0
AF	0	0.685821	1	1	0	0	0	0	0
AF	0	0.686758	1	1	0	0	0	0	0
AF	0	0.689569	2	2	0	0	0	0	0
AF	0	0.689881	1	0	1	0	0	0	0
AF	0	0.691755	2	0	2	0	0	0	0
AF	0	0.693317	1	1	0	0	0	0	0
AF	0	0.695503	1	0	1	0	0	0	0
AF	0	0.696127	1	1	0	0	0	0	0
AF	0	0.698001	1	1	0	0	0	0	0
AF	0	0.700187	1	0	1	0	0	0	0
AF	0	0.700500	1	1	0	0	0	0	0
AF	0	0.700812	1	1	0	0	0	0	0
AF	0	0.701749	1	1	0	0	0	0	0
AF	0	0.702686	1	1	0	0	0	0	0
AF	0	0.704247	1	1	0	0	0	0	0
AF	0	0.704560	1	1	0	0	0	0	0
AF	0	0.706746	1	1	0	0	0	0	0
AF	0	0.709869	1	1	0	0	0	0	0
AF	0	0.710493	1	0	1	0	0	0	0
AF	0	0.711118	1	0	1	0	0	0	0
AF	0	0.718301	1	0	1	0	0	0	0
AF	0	0.718926	1	1	0	0	0	0	0
AF	0	0.720175	1	1	0	0	0	0	0
AF	0	0.720800	1	1	0	0	0	0	0
AF	0	0.721112	1	0	1	0	0	0	0
AF	0	0.721424	1	1	0	0	0	0	0
AF	0	0.721736	1	0	1	0	0	0	0
AF	0	0.722986	1	1	0	0	0	0	0
AF	0	0.724235	1	0	1	0	0	0	0
AF	0	0.724547	1	1	0	0	0	0	0
AF	0	0.725484	1	1	0	0	0	0	0
AF	0	0.727358	1	1	0	0	0	0	0
AF	0	0.729544	1	1	0	0	0	0	0
AF	0	0.729856	1	0	1	0	0	0	0
AF	0	0.730169	1	1	0	0	0	0	0
AF	0	0.735478	1	1	0	0	0	0	0
AF	0	0.737352	2	2	0	0	0	0	0
AF	0	0.740475	1	0	1	0	0	0	0
AF	0	0.741099	1	1	0	0	0	0	0
AF	0	0.742973	1	1	0	0	0	0	0
AF	0	0.751405	1	0	1	0	0	0	0
AF	0	0.756090	2	1	1	0	0	0	0
AF	0	0.756715	1	1	0	0	0	0	0
AF	0	0.757339	1	1	0	0	0	0	0
AF	0	0.757651	2	1	1	0	0	0	0
AF	0	0.758276	1	1	0	0	0	0	0
AF	0	0.758588	1	0	1	0	0	0	0
AF	0	0.761399	1	0	1	0	0	0	0
AF	0	0.762024	1	1	0	0	0	0	0
AF	0	0.762336	2	2	0	0	0	0	0
AF	0	0.762648	3	3	0	0	0	0	0
AF	0	0.762961	1	1	0	0	0	0	0
AF	0	0.764522	1	1	0	0	0	0	0
AF	0	0.765147	1	1	0	0	0	0	0
AF	0	0.765459	1	1	0	0	0	0	0
AF	0	0.766084	1	1	0	0	0	0	0
AF	0	0.766396	2	2	0	0	0	0	0
AF	0	0.769831	1	0	1	0	0	0	0
AF	0	0.770144	1	1	0	0	0	0	0
AF	0	0.770456	1	1	0	0	0	0	0
AF	0	0.771081	1	0	1	0	0	0	0
AF	0	0.772330	1	1	0	0	0	0	0
AF	0	0.773267	1	1	0	0	0	0	0
AF	0	0.773891	2	2	0	0	0	0	0
AF	0	0.774204	2	2	0	0	0	0	0
AF	0	0.774516	1	1	0	0	0	0	0
AF	0	0.775765	1	0	1	0	0	0	0
AF	0	0.778264	1	1	0	0	0	0	0
AF	0	0.779513	2	1	1	0	0	0	0
AF	0	0.780762	1	1	0	0	0	0	0
AF	0	0.781074	2	0	2	0	0	0	0
AF	0	0.782011	2	2	0	0	0	0	0
AF	0	0.782636	1	1	0	0	0	0	0
AF	0	0.783885	1	1	0	0	0	0	0
AF	0	0.786696	1	1	0	0	0	0	0
AF	0	0.787633	1	1	0	0	0	0	0
AF	0	0.788257	1	1	0	0	0	0	0
AF	0	0.789507	1	0	1	0	0	0	0
AF	0	0.790131	2	2	0	0	0	0	0
AF	0	0.790756	1	1	0	0	0	0	0
AF	0	0.792317	1	1	0	0	0	0	0
AF	0	0.792630	1	0	1	0	0	0	0
AF	0	0.793254	1	1	0	0	0	0	0
AF	0	0.793879	1	1	0	0	0	0	0
AF	0	0.795753	3	2	1	0	0	0	0
AF	0	0.796065	4	3	1	0	0	0	0
AF	0	0.796377	5	2	3	0	0	0	0
AF	0	0.797002	3	1	2	0	0	0	0
AF	0	0.797314	2	1	1	0	0	0	0
AF	0	0.797626	2	2	0	0	0	0	0
AF	0	0.798876	5	5	0	0	0	0	0
AF	0	0.799188	1	1	0	0	0	0	0
AF	0	0.800437	1	1	0	0	0	0	0
AF	0	0.800750	1	0	1	0	0	0	0
AF	0	0.801374	1	1	0	0	0	0	0
AF	0	0.802623	1	0	1	0	0	0	0
AF	0	0.803248	1	1	0	0	0	0	0
AF	0	0.804809	2	2	0	0	0	0	0
AF	0	0.805746	1	1	0	0	0	0	0
AF	0	0.808245	2	0	2	0	0	0	0
AF	0	0.809494	1	0	1	0	0	0	0
AF	0	0.809806	1	0	1	0	0	0	0
AF	0	0.811056	1	1	0	0	0	0	0
AF	0	0.811368	1	1	0	0	0	0	0
AF	0	0.811680	1	1	0	0	0	0	0
AF	0	0.811993	1	0	1	0	0	0	0
AF	0	0.812305	3	3	0	0	0	0	0
AF	0	0.812617	1	1	0	0	0	0	0
AF	0	0.813242	3	2	1	0	0	0	0
AF	0	0.813554	2	2	0	0	0	0	0
AF	0	0.813866	6	3	3	0	0	0	0
AF	0	0.814179	4	3	1	0	0	0	0
AF	0	0.814491	5	4	1	0	0	0	0
AF	0	0.816052	1	1	0	0	0	0	0
AF	0	0.820737	2	2	0	0	0	0	0
AF	0	0.821362	1	1	0	0	0	0	0
AF	0	0.821674	1	0	1	0	0	0	0
AF	0	0.821986	1	0	1	0	0	0	0
AF	0	0.822611	2	0	2	0	0	0	0
AF	0	0.823235	1	1	0	0	0	0	0
AF	0	0.823548	1	0	1	0	0	0	0
AF	0	0.823860	1	1	0	0	0	0	0
AF	0	0.824485	1	1	0	0	0	0	0
AF	0	0.824797	1	1	0	0	0	0	0
AF	0	0.825109	1	1	0	0	0	0	0
AF	0	0.825422	1	1	0	0	0	0	0
AF	0	0.826046	1	1	0	0	0	0	0
AF	0	0.826359	1	1	0	0	0	0	0
AF	0	0.826983	1	0	1	0	0	0	0
AF	0	0.828857	3	1	2	0	0	0	0
AF	0	0.829169	1	1	0	0	0	0	0
AF	0	0.831668	2	1	1	0	0	0	0
AF	0	0.831980	3	3	0	0	0	0	0
AF	0	0.832292	1	1	0	0	0	0	0
AF	0	0.832605	4	3	1	0	0	0	0
AF	0	0.832917	1	1	0	0	0	0	0
AF	0	0.833854	1	1	0	0	0	0	0
AF	0	0.834478	3	3	0	0	0	0	0
AF	0	0.836352	2	1	1	0	0	0	0
AF	0	0.836665	1	0	1	0	0	0	0
AF	0	0.836977	1	1	0	0	0	0	0
AF	0	0.838226	1	1	0	0	0	0	0
AF	0	0.838538	1	0	1	0	0	0	0
AF	0	0.838851	3	3	0	0	0	0	0
AF	0	0.839475	2	1	1	0	0	0	0
AF	0	0.840100	1	1	0	0	0	0	0
AF	0	0.840412	1	1	0	0	0	0	0
AF	0	0.840725	3	1	2	0	0	0	0
AF	0	0.841037	1	1	0	0	0	0	0
AF	0	0.841974	6	5	1	0	0	0	0
AF	0	0.842286	2	1	1	0	0	0	0
AF	0	0.842598	2	2	0	0	0	0	0
AF	0	0.843223	3	2	1	0	0	0	0
AF	0	0.844472	1	1	0	0	0	0	0
AF	0	0.845097	3	2	1	0	0	0	0
AF	0	0.845409	2	2	0	0	0	0	0
AF	0	0.845721	3	3	0	0	0	0	0
AF	0	0.846034	1	0	1	0	0	0	0
AF	0	0.846346	3	3	0	0	0	0	0
AF	0	0.846658	2	2	0	0	0	0	0
AF	0	0.846971	4	3	1	0	0	0	0
AF	0	0.847283	1	0	1	0	0	0	0
AF	0	0.847595	4	3	1	0	0	0	0
AF	0	0.848532	2	0	2	0	0	0	0
AF	0	0.848844	3	2	1	0	0	0	0
AF	0	0.849469	1	1	0	0	0	0	0
AF	0	0.849781	1	1	0	0	0	0	0
AF	0	0.850094	2	2	0	0	0	0	0
AF	0	0.851031	1	1	0	0	0	0	0
AF	0	0.851655	1	0	1	0	0	0	0
AF	0	0.852904	1	0	1	0	0	0	0
AF	0	0.853217	1	1	0	0	0	0	0
AF	0	0.854466	2	2	0	0	0	0	0
AF	0	0.855091	1	1	0	0	0	0	0
AF	0	0.855715	1	1	0	0	0	0	0
AF	0	0.858214	1	1	0	0	0	0	0
AF	0	0.859463	1	1	0	0	0	0	0
AF	0	0.859775	1	1	0	0	0	0	0
AF	0	0.860087	1	1	0	0	0	0	0
AF	0	0.861337	1	1	0	0	0	0	0
AF	0	0.862274	1	1	0	0	0	0	0
AF	0	0.862586	1	0	1	0	0	0	0
AF	0	0.863835	1	0	1	0	0	0	0
AF	0	0.864460	1	1	0	0	0	0	0
AF	0	0.865084	1	1	0	0	0	0	0
AF	0	0.865709	1	1	0	0	0	0	0
AF	0	0.866958	3	2	1	0	0	0	0
AF	0	0.867583	2	2	0	0	0	0	0
AF	0	0.868832	3	2	1	0	0	0	0
AF	0	0.869144	1	1	0	0	0	0	0
AF	0	0.869457	1	1	0	0	0	0	0
AF	0	0.872580	1	1	0	0	0	0	0
AF	0	0.873204	1	0	1	0	0	0	0
AF	0	0.876952	1	1	0	0	0	0	0
AF	0	0.877889	1	0	1	0	0	0	0
AF	0	0.878201	1	0	1	0	0	0	0
AF	0	0.879138	2	2	0	0	0	0	0
AF	0	0.879450	1	1	0	0	0	0	0
AF	0	0.880387	1	1	0	0	0	0	0
AF	0	0.880700	1	1	0	0	0	0	0
AF	0	0.881324	1	1	0	0	0	0	0
AF	0	0.883198	1	1	0	0	0	0	0
AF	0	0.883823	1	1	0	0	0	0	0
AF	0	0.886009	1	0	1	0	0	0	0
AF	0	0.886946	1	1	0	0	0	0	0
AF	0	0.889444	1	1	0	0	0	0	0
AF	0	0.889756	1	0	1	0	0	0	0
AF	0	0.891006	1	1	0	0	0	0	0
AF	0	0.894753	1	1	0	0	0	0	0
AF	0	0.895690	1	1	0	0	0	0	0
AF	0	0.897252	1	1	0	0	0	0	0
AF	0	0.897564	1	0	1	0	0	0	0
AF	0	0.899126	1	1	0	0	0	0	0
AF	0	0.899750	1	1	0	0	0	0	0
AF	0	0.903498	1	1	0	0	0	0	0
AF	0	0.904122	2	1	1	0	0	0	0
AF	0	0.905684	1	1	0	0	0	0	0
AF	0	0.905996	1	0	1	0	0	0	0
AF	0	0.907245	1	1	0	0	0	0	0
AF	0	0.908182	1	0	1	0	0	0	0
AF	0	0.908807	1	1	0	0	0	0	0
AF	0	0.910369	1	1	0	0	0	0	0
AF	0	0.910681	1	1	0	0	0	0	0
AF	0	0.911618	1	0	1	0	0	0	0
AF	0	0.912242	1	0	1	0	0	0	0
AF	0	0.912867	1	1	0	0	0	0	0
AF	0	0.913492	1	0	1	0	0	0	0
AF	0	0.915365	1	1	0	0	0	0	0
AF	0	0.915678	1	1	0	0	0	0	0
AF	0	0.918176	1	1	0	0	0	0	0
AF	0	0.918801	1	0	1	0	0	0	0
AF	0	0.920362	2	2	0	0	0	0	0
AF	0	0.920675	1	0	1	0	0	0	0
AF	0	0.920987	1	0	1	0	0	0	0
AF	0	0.926296	1	1	0	0	0	0	0
AF	0	0.927858	1	1	0	0	0	0	0
AF	0	0.928170	1	1	0	0	0	0	0
AF	0	0.929731	2	2	0	0	0	0	0
AF	0	0.930668	1	0	1	0	0	0	0
AF	0	0.931918	2	1	1	0	0	0	0
AF	0	0.932854	1	1	0	0	0	0	0
AF	0	0.934728	1	1	0	0	0	0	0
AF	0	0.935978	1	1	0	0	0	0	0
AF	0	0.940974	2	1	1	0	0	0	0
AF	0	0.941287	1	1	0	0	0	0	0
AF	0	0.941599	2	2	0	0	0	0	0
AF	0	0.942848	1	1	0	0	0	0	0
AF	0	0.945971	1	1	0	0	0	0	0
AF	0	0.946284	1	1	0	0	0	0	0
AF	0	0.948470	3	2	1	0	0	0	0
AF	0	0.949094	4	3	1	0	0	0	0
AF	0	0.950656	1	0	1	0	0	0	0
AF	0	0.953467	2	2	0	0	0	0	0
AF	0	0.955653	1	0	1	0	0	0	0
AF	0	0.955965	1	1	0	0	0	0	0
AF	0	0.956902	1	1	0	0	0	0	0
AF	0	0.958151	1	0	1	0	0	0	0
AF	0	0.961274	3	3	0	0	0	0	0
AF	0	0.961587	1	1	0	0	0	0	0
AF	0	0.962211	3	3	0	0	0	0	0
AF	0	0.962836	5	2	3	0	0	0	0
AF	0	0.963148	3	1	2	0	0	0	0
AF	0	0.963460	1	1	0	0	0	0	0
AF	0	0.964710	1	1	0	0	0	0	0
AF	0	0.965959	1	0	1	0	0	0	0
AF	0	0.968145	1	0	1	0	0	0	0
AF	0	0.968457	3	3	0	0	0	0	0
AF	0	0.968770	3	3	0	0	0	0	0
AF	0	0.969706	1	1	0	0	0	0	0
AF	0	0.971580	1	1	0	0	0	0	0
AF	0	0.972205	1	1	0	0	0	0	0
AF	0	0.972517	2	1	1	0	0	0	0
AF	0	0.972829	4	4	0	0	0	0	0
AF	0	0.973454	3	2	1	0	0	0	0
AF	0	0.973766	2	1	1	0	0	0	0
AF	0	0.974079	1	1	0	0	0	0	0
AF	0	0.974703	2	2	0	0	0	0	0
AF	0	0.975016	1	0	1	0	0	0	0
AF	0	0.975328	12	8	4	0	0	0	0
AF	0	0.976577	1	0	1	0	0	0	0
AF	0	0.976889	3	3	0	0	0	0	0
AF	0	0.977826	2	2	0	0	0	0	0
AF	0	0.978451	2	2	0	0	0	0	0
AF	0	0.979076	2	1	1	0	0	0	0
AF	0	0.979388	2	1	1	0	0	0	0
AF	0	0.980325	2	2	0	0	0	0	0
AF	0	0.980637	1	1	0	0	0	0	0
AF	0	0.980949	4	2	2	0	0	0	0
AF	0	0.981886	1	0	1	0	0	0	0
AF	0	0.982199	4	3	1	0	0	0	0
AF	0	0.982511	1	1	0	0	0	0	0
AF	0	0.982823	1	0	1	0	0	0	0
AF	0	0.983136	2	0	2	0	0	0	0
AF	0	0.983448	1	1	0	0	0	0	0
AF	0	0.984072	3	2	1	0	0	0	0
AF	0	0.984697	2	2	0	0	0	0	0
AF	0	0.985322	2	2	0	0	0	0	0
AF	0	0.985946	3	3	0	0	0	0	0
AF	0	0.986259	8	5	3	0	0	0	0
AF	0	0.986571	5	4	1	0	0	0	0
AF	0	0.987820	1	1	0	0	0	0	0
AF	0	0.988132	2	1	1	0	0	0	0
AF	0	0.988445	1	1	0	0	0	0	0
AF	0	0.988757	1	0	1	0	0	0	0
AF	0	0.989382	1	1	0	0	0	0	0
AF	0	0.989694	3	3	0	0	0	0	0
AF	0	0.990319	1	1	0	0	0	0	0
AF	0	0.990631	2	0	2	0	0	0	0
AF	0	0.990943	1	0	1	0	0	0	0
AF	0	0.991255	2	2	0	0	0	0	0
AF	0	0.991568	3	3	0	0	0	0	0
AF	0	0.991880	1	1	0	0	0	0	0
AF	0	0.992192	2	1	1	0	0	0	0
AF	0	0.993129	1	1	0	0	0	0	0
AF	0	0.993754	1	1	0	0	0	0	0
AF	0	0.994691	1	1	0	0	0	0	0
AF	0	0.995940	2	1	1	0	0	0	0
AF	0	0.996252	1	1	0	0	0	0	0
AF	0	0.996877	1	1	0	0	0	0	0
AF	0	0.997189	1	1	0	0	0	0	0
AF	0	0.997814	1	0	1	0	0	0	0
AF	0	0.998126	2	1	1	0	0	0	0
AF	0	0.998438	2	0	2	0	0	0	0
AF	0	0.998751	2	2	0	0	0	0	0
AF	0	0.999063	5	2	3	0	0	0	0
# QUAL, Stats by quality
# QUAL	[2]id	[3]Quality	[4]number of SNPs	[5]number of transitions (1st ALT)	[6]number of transversions (1st ALT)	[7]number of indels
QUAL	0	.	15656	10858	4798	0
# IDD, InDel distribution:
# IDD	[2]id	[3]length (deletions negative)	[4]number of sites	[5]number of genotypes	[6]mean VAF
# ST, Substitution types:
# ST	[2]id	[3]type	[4]count
ST	0	A>C	529
ST	0	A>G	2201
ST	0	A>T	520
ST	0	C>A	718
ST	0	C>G	644
ST	0	C>T	3339
ST	0	G>A	3318
ST	0	G>C	616
ST	0	G>T	729
ST	0	T>A	494
ST	0	T>C	2000
ST	0	T>G	548
# DP, Depth distribution
# DP	[2]id	[3]bin	[4]number of genotypes	[5]fraction of genotypes (%)	[6]number of sites	[7]fraction of sites (%)
  - Fix haploid genotypes in males...

Submit MakeDiploidMalesX finished successfully. Let's have a beer, buddy!

