Submit MakeDiploidMalesX
version 1.1.6 (2024-09-30)

These are the settings:
  Input file................: /hpc/local/Rocky8/dhl_ec/software/MonopogenLite/resources/1kGP_high_coverage_Illumina.SNVonly_poly.filtered_AF_5e-04.norm.fixvariantid.chrX.vcf.gz
  Output file...............: /hpc/local/Rocky8/dhl_ec/software/MonopogenLite/resources/1kGP_high_coverage_Illumina.SNVonly_poly.filtered_AF_5e-04.norm.fixvariantid.makediploid.chrX.vcf.gz
  Chunk size................: 100

  SLURM CPUs................: 4
  SLURM Array ID............: 95 (of 100)
  SLURM memory..............: 16G
  SLURM time................: 01:00:00
  SLURM mail type...........: FAIL
  SLURM mail user...........: s.w.vanderlaan-2@umcutrecht.nl

  Dry run mode..............: 0
  Debug mode................: 1
  Verbosity.................: 0
  Version...................: 1.1.6 (2024-09-30)

Making converting haploid genotypes to diploid genotypes.
> Extract the region for this SLURM task (# 95) from the BED file.
  - Get the chunk number from the SLURM array task ID and the bed file...
DEBUG: Extracting chunk number: 95p from 95
DEBUG: Extracting region from BED file: /hpc/local/Rocky8/dhl_ec/software/MonopogenLite/resources/chrX_100pieces.bed
  - Extract the region from the BED file...
DEBUG: Extracted raw region: 'chrX	146678353	148238760' (chunk #: 95p of 100 for job 95)
  - Check if a valid region was extracted -- should be 'chrX	146678353	148238760'...
  - Prepare the region for bcftools...
  - Check if the region (chrX:146678353-148238760) was successfully extracted...
> Processing region 'chrX:146678353-148238760'...
  - Process the specific region (chunk# 95) using bcftools view...
  - Index the VCF file...
DEBUG: Check if the VCF file was successfully processed...
##fileformat=VCFv4.2
##FILTER=<ID=PASS,Description="All filters passed">
##fileDate=29/01/2022 - 14:31:41
##source=shapeit4.2.2
##contig=<ID=chr1,length=248956422>
##contig=<ID=chr2,length=242193529>
##contig=<ID=chr3,length=198295559>
##contig=<ID=chr4,length=190214555>
##contig=<ID=chr5,length=181538259>
##contig=<ID=chr6,length=170805979>
# This file was produced by bcftools stats (1.20+htslib-1.20) and can be plotted using plot-vcfstats.
# The command line was:	bcftools stats  /hpc/local/Rocky8/dhl_ec/software/MonopogenLite/resources/chrX.part95.vcf.gz
#
# Definition of sets:
# ID	[2]id	[3]tab-separated file names
ID	0	/hpc/local/Rocky8/dhl_ec/software/MonopogenLite/resources/chrX.part95.vcf.gz
# SN, Summary numbers:
#   number of records   .. number of data rows in the VCF
#   number of no-ALTs   .. reference-only sites, ALT is either "." or identical to REF
#   number of SNPs      .. number of rows with a SNP
#   number of MNPs      .. number of rows with a MNP, such as CC>TT
#   number of indels    .. number of rows with an indel
#   number of others    .. number of rows with other type, for example a symbolic allele or
#                          a complex substitution, such as ACT>TCGA
#   number of multiallelic sites     .. number of rows with multiple alternate alleles
#   number of multiallelic SNP sites .. number of rows with multiple alternate alleles, all SNPs
# 
#   Note that rows containing multiple types will be counted multiple times, in each
#   counter. For example, a row with a SNP and an indel increments both the SNP and
#   the indel counter.
# 
# SN	[2]id	[3]key	[4]value
SN	0	number of samples:	3202
SN	0	number of records:	17092
SN	0	number of no-ALTs:	0
SN	0	number of SNPs:	17092
SN	0	number of MNPs:	0
SN	0	number of indels:	0
SN	0	number of others:	0
SN	0	number of multiallelic sites:	0
SN	0	number of multiallelic SNP sites:	0
# TSTV, transitions/transversions:
# TSTV	[2]id	[3]ts	[4]tv	[5]ts/tv	[6]ts (1st ALT)	[7]tv (1st ALT)	[8]ts/tv (1st ALT)
TSTV	0	11412	5680	2.01	11412	5680	2.01
# SiS, Singleton stats:
# SiS	[2]id	[3]allele count	[4]number of SNPs	[5]number of transitions	[6]number of transversions	[7]number of indels	[8]repeat-consistent	[9]repeat-inconsistent	[10]not applicable
SiS	0	1	0	0	0	0	0	0	0
# AF, Stats by non-reference allele frequency:
# AF	[2]id	[3]allele frequency	[4]number of SNPs	[5]number of transitions	[6]number of transversions	[7]number of indels	[8]repeat-consistent	[9]repeat-inconsistent	[10]not applicable
AF	0	0.000312	2513	1688	825	0	0	0	0
AF	0	0.000625	1515	1025	490	0	0	0	0
AF	0	0.000937	1926	1333	593	0	0	0	0
AF	0	0.001249	552	351	201	0	0	0	0
AF	0	0.001562	765	521	244	0	0	0	0
AF	0	0.001874	275	184	91	0	0	0	0
AF	0	0.002186	503	331	172	0	0	0	0
AF	0	0.002498	260	184	76	0	0	0	0
AF	0	0.002811	456	311	145	0	0	0	0
AF	0	0.003123	188	126	62	0	0	0	0
AF	0	0.003435	275	182	93	0	0	0	0
AF	0	0.003748	160	108	52	0	0	0	0
AF	0	0.004060	204	136	68	0	0	0	0
AF	0	0.004372	93	63	30	0	0	0	0
AF	0	0.004685	230	157	73	0	0	0	0
AF	0	0.004997	98	64	34	0	0	0	0
AF	0	0.005309	155	110	45	0	0	0	0
AF	0	0.005621	84	57	27	0	0	0	0
AF	0	0.005934	181	116	65	0	0	0	0
AF	0	0.006246	84	52	32	0	0	0	0
AF	0	0.006558	146	93	53	0	0	0	0
AF	0	0.006871	81	51	30	0	0	0	0
AF	0	0.007183	127	92	35	0	0	0	0
AF	0	0.007495	44	27	17	0	0	0	0
AF	0	0.007808	99	64	35	0	0	0	0
AF	0	0.008120	44	35	9	0	0	0	0
AF	0	0.008432	78	52	26	0	0	0	0
AF	0	0.008745	59	44	15	0	0	0	0
AF	0	0.009057	102	69	33	0	0	0	0
AF	0	0.009369	34	25	9	0	0	0	0
AF	0	0.009681	121	90	31	0	0	0	0
AF	0	0.009994	37	28	9	0	0	0	0
AF	0	0.010306	83	54	29	0	0	0	0
AF	0	0.010618	37	31	6	0	0	0	0
AF	0	0.010931	61	42	19	0	0	0	0
AF	0	0.011243	43	30	13	0	0	0	0
AF	0	0.011555	55	39	16	0	0	0	0
AF	0	0.011868	25	19	6	0	0	0	0
AF	0	0.012180	60	39	21	0	0	0	0
AF	0	0.012492	33	21	12	0	0	0	0
AF	0	0.012804	72	43	29	0	0	0	0
AF	0	0.013117	26	16	10	0	0	0	0
AF	0	0.013429	50	29	21	0	0	0	0
AF	0	0.013741	17	10	7	0	0	0	0
AF	0	0.014054	37	19	18	0	0	0	0
AF	0	0.014366	19	16	3	0	0	0	0
AF	0	0.014678	46	23	23	0	0	0	0
AF	0	0.014991	14	11	3	0	0	0	0
AF	0	0.015303	28	15	13	0	0	0	0
AF	0	0.015615	19	14	5	0	0	0	0
AF	0	0.015928	38	22	16	0	0	0	0
AF	0	0.016240	16	10	6	0	0	0	0
AF	0	0.016552	48	29	19	0	0	0	0
AF	0	0.016864	23	16	7	0	0	0	0
AF	0	0.017177	37	22	15	0	0	0	0
AF	0	0.017489	21	13	8	0	0	0	0
AF	0	0.017801	28	17	11	0	0	0	0
AF	0	0.018114	14	13	1	0	0	0	0
AF	0	0.018426	34	22	12	0	0	0	0
AF	0	0.018738	16	6	10	0	0	0	0
AF	0	0.019051	24	10	14	0	0	0	0
AF	0	0.019363	16	13	3	0	0	0	0
AF	0	0.019675	27	20	7	0	0	0	0
AF	0	0.019988	12	8	4	0	0	0	0
AF	0	0.020300	23	12	11	0	0	0	0
AF	0	0.020612	12	7	5	0	0	0	0
AF	0	0.020924	29	23	6	0	0	0	0
AF	0	0.021237	19	14	5	0	0	0	0
AF	0	0.021549	28	23	5	0	0	0	0
AF	0	0.021861	10	7	3	0	0	0	0
AF	0	0.022174	33	19	14	0	0	0	0
AF	0	0.022486	19	14	5	0	0	0	0
AF	0	0.022798	20	9	11	0	0	0	0
AF	0	0.023111	15	9	6	0	0	0	0
AF	0	0.023423	19	15	4	0	0	0	0
AF	0	0.023735	13	10	3	0	0	0	0
AF	0	0.024047	22	16	6	0	0	0	0
AF	0	0.024360	12	10	2	0	0	0	0
AF	0	0.024672	28	16	12	0	0	0	0
AF	0	0.024984	19	11	8	0	0	0	0
AF	0	0.025297	19	11	8	0	0	0	0
AF	0	0.025609	6	5	1	0	0	0	0
AF	0	0.025921	18	13	5	0	0	0	0
AF	0	0.026234	5	4	1	0	0	0	0
AF	0	0.026546	100	63	37	0	0	0	0
AF	0	0.026858	17	11	6	0	0	0	0
AF	0	0.027171	24	21	3	0	0	0	0
AF	0	0.027483	14	10	4	0	0	0	0
AF	0	0.027795	16	12	4	0	0	0	0
AF	0	0.028107	9	5	4	0	0	0	0
AF	0	0.028420	28	20	8	0	0	0	0
AF	0	0.028732	16	13	3	0	0	0	0
AF	0	0.029044	31	15	16	0	0	0	0
AF	0	0.029357	17	13	4	0	0	0	0
AF	0	0.029669	27	15	12	0	0	0	0
AF	0	0.029981	5	4	1	0	0	0	0
AF	0	0.030294	29	19	10	0	0	0	0
AF	0	0.030606	7	4	3	0	0	0	0
AF	0	0.030918	27	23	4	0	0	0	0
AF	0	0.031230	9	6	3	0	0	0	0
AF	0	0.031543	21	14	7	0	0	0	0
AF	0	0.031855	21	12	9	0	0	0	0
AF	0	0.032167	41	24	17	0	0	0	0
AF	0	0.032480	8	5	3	0	0	0	0
AF	0	0.032792	22	13	9	0	0	0	0
AF	0	0.033104	9	7	2	0	0	0	0
AF	0	0.033417	23	15	8	0	0	0	0
AF	0	0.033729	6	6	0	0	0	0	0
AF	0	0.034041	23	18	5	0	0	0	0
AF	0	0.034354	7	5	2	0	0	0	0
AF	0	0.034666	11	7	4	0	0	0	0
AF	0	0.034978	5	3	2	0	0	0	0
AF	0	0.035290	15	11	4	0	0	0	0
AF	0	0.035603	17	12	5	0	0	0	0
AF	0	0.035915	28	18	10	0	0	0	0
AF	0	0.036227	12	6	6	0	0	0	0
AF	0	0.036540	11	6	5	0	0	0	0
AF	0	0.036852	7	3	4	0	0	0	0
AF	0	0.037164	10	7	3	0	0	0	0
AF	0	0.037477	7	6	1	0	0	0	0
AF	0	0.037789	10	7	3	0	0	0	0
AF	0	0.038101	4	4	0	0	0	0	0
AF	0	0.038413	21	14	7	0	0	0	0
AF	0	0.038726	2	1	1	0	0	0	0
AF	0	0.039038	19	10	9	0	0	0	0
AF	0	0.039350	4	4	0	0	0	0	0
AF	0	0.039663	12	6	6	0	0	0	0
AF	0	0.039975	5	4	1	0	0	0	0
AF	0	0.040287	30	19	11	0	0	0	0
AF	0	0.040600	11	8	3	0	0	0	0
AF	0	0.040912	12	7	5	0	0	0	0
AF	0	0.041224	6	4	2	0	0	0	0
AF	0	0.041537	22	13	9	0	0	0	0
AF	0	0.041849	5	3	2	0	0	0	0
AF	0	0.042161	4	4	0	0	0	0	0
AF	0	0.042473	7	4	3	0	0	0	0
AF	0	0.042786	12	8	4	0	0	0	0
AF	0	0.043098	20	11	9	0	0	0	0
AF	0	0.043410	42	29	13	0	0	0	0
AF	0	0.043723	8	4	4	0	0	0	0
AF	0	0.044035	51	30	21	0	0	0	0
AF	0	0.044347	4	4	0	0	0	0	0
AF	0	0.044660	6	6	0	0	0	0	0
AF	0	0.044972	3	2	1	0	0	0	0
AF	0	0.045284	10	8	2	0	0	0	0
AF	0	0.045597	1	1	0	0	0	0	0
AF	0	0.045909	8	5	3	0	0	0	0
AF	0	0.046221	5	4	1	0	0	0	0
AF	0	0.046533	10	7	3	0	0	0	0
AF	0	0.046846	4	3	1	0	0	0	0
AF	0	0.047158	11	7	4	0	0	0	0
AF	0	0.047470	6	6	0	0	0	0	0
AF	0	0.047783	17	9	8	0	0	0	0
AF	0	0.048095	8	3	5	0	0	0	0
AF	0	0.048407	27	16	11	0	0	0	0
AF	0	0.048720	17	12	5	0	0	0	0
AF	0	0.049032	22	17	5	0	0	0	0
AF	0	0.049344	5	3	2	0	0	0	0
AF	0	0.049656	17	12	5	0	0	0	0
AF	0	0.049969	3	3	0	0	0	0	0
AF	0	0.050281	10	9	1	0	0	0	0
AF	0	0.050593	6	5	1	0	0	0	0
AF	0	0.050906	9	6	3	0	0	0	0
AF	0	0.051218	2	2	0	0	0	0	0
AF	0	0.051530	13	9	4	0	0	0	0
AF	0	0.051843	2	1	1	0	0	0	0
AF	0	0.052155	8	7	1	0	0	0	0
AF	0	0.052467	3	2	1	0	0	0	0
AF	0	0.052780	7	4	3	0	0	0	0
AF	0	0.053092	2	0	2	0	0	0	0
AF	0	0.053404	9	6	3	0	0	0	0
AF	0	0.053716	4	2	2	0	0	0	0
AF	0	0.054029	7	5	2	0	0	0	0
AF	0	0.054341	4	2	2	0	0	0	0
AF	0	0.054653	9	3	6	0	0	0	0
AF	0	0.054966	1	0	1	0	0	0	0
AF	0	0.055278	16	9	7	0	0	0	0
AF	0	0.055590	2	2	0	0	0	0	0
AF	0	0.055903	9	6	3	0	0	0	0
AF	0	0.056215	4	4	0	0	0	0	0
AF	0	0.056527	8	6	2	0	0	0	0
AF	0	0.056839	5	3	2	0	0	0	0
AF	0	0.057152	6	5	1	0	0	0	0
AF	0	0.057464	4	2	2	0	0	0	0
AF	0	0.057776	6	3	3	0	0	0	0
AF	0	0.058089	7	3	4	0	0	0	0
AF	0	0.058401	17	10	7	0	0	0	0
AF	0	0.058713	6	4	2	0	0	0	0
AF	0	0.059026	9	6	3	0	0	0	0
AF	0	0.059338	5	1	4	0	0	0	0
AF	0	0.059650	7	5	2	0	0	0	0
AF	0	0.059963	4	3	1	0	0	0	0
AF	0	0.060275	7	6	1	0	0	0	0
AF	0	0.060587	2	1	1	0	0	0	0
AF	0	0.060899	10	8	2	0	0	0	0
AF	0	0.061212	2	2	0	0	0	0	0
AF	0	0.061524	15	7	8	0	0	0	0
AF	0	0.061836	7	5	2	0	0	0	0
AF	0	0.062149	5	4	1	0	0	0	0
AF	0	0.062461	4	2	2	0	0	0	0
AF	0	0.062773	20	11	9	0	0	0	0
AF	0	0.063086	3	2	1	0	0	0	0
AF	0	0.063398	6	3	3	0	0	0	0
AF	0	0.063710	3	2	1	0	0	0	0
AF	0	0.064022	6	4	2	0	0	0	0
AF	0	0.064647	5	4	1	0	0	0	0
AF	0	0.065272	4	2	2	0	0	0	0
AF	0	0.065584	1	0	1	0	0	0	0
AF	0	0.065896	13	11	2	0	0	0	0
AF	0	0.066209	6	4	2	0	0	0	0
AF	0	0.066521	7	4	3	0	0	0	0
AF	0	0.066833	1	0	1	0	0	0	0
AF	0	0.067146	5	5	0	0	0	0	0
AF	0	0.067458	2	0	2	0	0	0	0
AF	0	0.067770	3	2	1	0	0	0	0
AF	0	0.068082	3	3	0	0	0	0	0
AF	0	0.068395	5	3	2	0	0	0	0
AF	0	0.068707	1	1	0	0	0	0	0
AF	0	0.069019	5	2	3	0	0	0	0
AF	0	0.069332	2	1	1	0	0	0	0
AF	0	0.069644	9	6	3	0	0	0	0
AF	0	0.069956	4	1	3	0	0	0	0
AF	0	0.070269	2	1	1	0	0	0	0
AF	0	0.070893	3	2	1	0	0	0	0
AF	0	0.071205	3	1	2	0	0	0	0
AF	0	0.071518	5	1	4	0	0	0	0
AF	0	0.071830	1	1	0	0	0	0	0
AF	0	0.072142	2	0	2	0	0	0	0
AF	0	0.072767	7	4	3	0	0	0	0
AF	0	0.073392	2	1	1	0	0	0	0
AF	0	0.073704	3	3	0	0	0	0	0
AF	0	0.074016	2	1	1	0	0	0	0
AF	0	0.074329	3	3	0	0	0	0	0
AF	0	0.074641	7	4	3	0	0	0	0
AF	0	0.074953	4	1	3	0	0	0	0
AF	0	0.075265	8	3	5	0	0	0	0
AF	0	0.075890	3	1	2	0	0	0	0
AF	0	0.076202	2	2	0	0	0	0	0
AF	0	0.076515	6	5	1	0	0	0	0
AF	0	0.076827	1	1	0	0	0	0	0
AF	0	0.077139	6	5	1	0	0	0	0
AF	0	0.077452	3	2	1	0	0	0	0
AF	0	0.077764	9	5	4	0	0	0	0
AF	0	0.078076	2	2	0	0	0	0	0
AF	0	0.078389	3	3	0	0	0	0	0
AF	0	0.078701	1	0	1	0	0	0	0
AF	0	0.079013	4	2	2	0	0	0	0
AF	0	0.079325	3	2	1	0	0	0	0
AF	0	0.079638	2	1	1	0	0	0	0
AF	0	0.079950	5	3	2	0	0	0	0
AF	0	0.080262	9	6	3	0	0	0	0
AF	0	0.080575	5	2	3	0	0	0	0
AF	0	0.080887	2	2	0	0	0	0	0
AF	0	0.081199	3	2	1	0	0	0	0
AF	0	0.081512	7	7	0	0	0	0	0
AF	0	0.081824	3	2	1	0	0	0	0
AF	0	0.082136	3	1	2	0	0	0	0
AF	0	0.082448	7	3	4	0	0	0	0
AF	0	0.082761	6	4	2	0	0	0	0
AF	0	0.083073	5	4	1	0	0	0	0
AF	0	0.083385	5	3	2	0	0	0	0
AF	0	0.083698	3	1	2	0	0	0	0
AF	0	0.084010	3	1	2	0	0	0	0
AF	0	0.084322	1	0	1	0	0	0	0
AF	0	0.084635	3	2	1	0	0	0	0
AF	0	0.084947	1	0	1	0	0	0	0
AF	0	0.085259	3	2	1	0	0	0	0
AF	0	0.085572	10	8	2	0	0	0	0
AF	0	0.086508	1	1	0	0	0	0	0
AF	0	0.087133	2	1	1	0	0	0	0
AF	0	0.087758	3	2	1	0	0	0	0
AF	0	0.088070	1	0	1	0	0	0	0
AF	0	0.088382	3	2	1	0	0	0	0
AF	0	0.088695	1	1	0	0	0	0	0
AF	0	0.089007	1	1	0	0	0	0	0
AF	0	0.089319	1	1	0	0	0	0	0
AF	0	0.089944	2	1	1	0	0	0	0
AF	0	0.090256	4	2	2	0	0	0	0
AF	0	0.090568	1	1	0	0	0	0	0
AF	0	0.090881	3	3	0	0	0	0	0
AF	0	0.091193	1	1	0	0	0	0	0
AF	0	0.091505	2	2	0	0	0	0	0
AF	0	0.092442	1	1	0	0	0	0	0
AF	0	0.092755	4	3	1	0	0	0	0
AF	0	0.093067	2	1	1	0	0	0	0
AF	0	0.093379	3	3	0	0	0	0	0
AF	0	0.093691	1	1	0	0	0	0	0
AF	0	0.094004	5	3	2	0	0	0	0
AF	0	0.094316	5	4	1	0	0	0	0
AF	0	0.094628	3	1	2	0	0	0	0
AF	0	0.094941	3	3	0	0	0	0	0
AF	0	0.095253	9	5	4	0	0	0	0
AF	0	0.095565	5	3	2	0	0	0	0
AF	0	0.095878	5	2	3	0	0	0	0
AF	0	0.096190	1	1	0	0	0	0	0
AF	0	0.096502	3	2	1	0	0	0	0
AF	0	0.096814	6	6	0	0	0	0	0
AF	0	0.097127	4	4	0	0	0	0	0
AF	0	0.097751	3	3	0	0	0	0	0
AF	0	0.098064	3	2	1	0	0	0	0
AF	0	0.098376	2	1	1	0	0	0	0
AF	0	0.098688	1	1	0	0	0	0	0
AF	0	0.099001	5	4	1	0	0	0	0
AF	0	0.099625	3	2	1	0	0	0	0
AF	0	0.099938	2	1	1	0	0	0	0
AF	0	0.100250	4	2	2	0	0	0	0
AF	0	0.100874	4	3	1	0	0	0	0
AF	0	0.101187	1	1	0	0	0	0	0
AF	0	0.101499	7	5	2	0	0	0	0
AF	0	0.101811	1	1	0	0	0	0	0
AF	0	0.102124	5	3	2	0	0	0	0
AF	0	0.102436	2	1	1	0	0	0	0
AF	0	0.102748	5	4	1	0	0	0	0
AF	0	0.103061	2	1	1	0	0	0	0
AF	0	0.103373	10	7	3	0	0	0	0
AF	0	0.103685	1	1	0	0	0	0	0
AF	0	0.103998	4	3	1	0	0	0	0
AF	0	0.104622	6	6	0	0	0	0	0
AF	0	0.104934	3	2	1	0	0	0	0
AF	0	0.105247	2	2	0	0	0	0	0
AF	0	0.105871	9	5	4	0	0	0	0
AF	0	0.106184	6	3	3	0	0	0	0
AF	0	0.106496	15	10	5	0	0	0	0
AF	0	0.106808	1	0	1	0	0	0	0
AF	0	0.107121	5	5	0	0	0	0	0
AF	0	0.107433	1	1	0	0	0	0	0
AF	0	0.107745	6	2	4	0	0	0	0
AF	0	0.108057	2	2	0	0	0	0	0
AF	0	0.108370	4	2	2	0	0	0	0
AF	0	0.108682	2	2	0	0	0	0	0
AF	0	0.108994	2	2	0	0	0	0	0
AF	0	0.109307	4	1	3	0	0	0	0
AF	0	0.109619	2	2	0	0	0	0	0
AF	0	0.109931	3	2	1	0	0	0	0
AF	0	0.110244	5	3	2	0	0	0	0
AF	0	0.110556	2	1	1	0	0	0	0
AF	0	0.110868	5	5	0	0	0	0	0
AF	0	0.111181	5	4	1	0	0	0	0
AF	0	0.111493	2	1	1	0	0	0	0
AF	0	0.111805	1	0	1	0	0	0	0
AF	0	0.112117	2	0	2	0	0	0	0
AF	0	0.112430	5	3	2	0	0	0	0
AF	0	0.112742	2	1	1	0	0	0	0
AF	0	0.113054	3	3	0	0	0	0	0
AF	0	0.113367	3	2	1	0	0	0	0
AF	0	0.113679	4	1	3	0	0	0	0
AF	0	0.113991	1	1	0	0	0	0	0
AF	0	0.114304	3	2	1	0	0	0	0
AF	0	0.114616	2	1	1	0	0	0	0
AF	0	0.114928	3	2	1	0	0	0	0
AF	0	0.115240	3	3	0	0	0	0	0
AF	0	0.115553	2	1	1	0	0	0	0
AF	0	0.115865	2	1	1	0	0	0	0
AF	0	0.116177	5	2	3	0	0	0	0
AF	0	0.116802	7	4	3	0	0	0	0
AF	0	0.117114	4	2	2	0	0	0	0
AF	0	0.117427	15	11	4	0	0	0	0
AF	0	0.117739	4	2	2	0	0	0	0
AF	0	0.118051	7	6	1	0	0	0	0
AF	0	0.118364	3	3	0	0	0	0	0
AF	0	0.118676	3	2	1	0	0	0	0
AF	0	0.119300	3	3	0	0	0	0	0
AF	0	0.119613	1	1	0	0	0	0	0
AF	0	0.119925	4	2	2	0	0	0	0
AF	0	0.120550	9	6	3	0	0	0	0
AF	0	0.121174	3	3	0	0	0	0	0
AF	0	0.121487	3	2	1	0	0	0	0
AF	0	0.121799	5	4	1	0	0	0	0
AF	0	0.122423	1	0	1	0	0	0	0
AF	0	0.122736	2	1	1	0	0	0	0
AF	0	0.123048	9	6	3	0	0	0	0
AF	0	0.123360	3	2	1	0	0	0	0
AF	0	0.123673	2	1	1	0	0	0	0
AF	0	0.123985	1	1	0	0	0	0	0
AF	0	0.124297	2	2	0	0	0	0	0
AF	0	0.124610	4	3	1	0	0	0	0
AF	0	0.124922	4	4	0	0	0	0	0
AF	0	0.125234	2	1	1	0	0	0	0
AF	0	0.125547	4	3	1	0	0	0	0
AF	0	0.125859	1	1	0	0	0	0	0
AF	0	0.126171	2	2	0	0	0	0	0
AF	0	0.126796	5	3	2	0	0	0	0
AF	0	0.127108	5	4	1	0	0	0	0
AF	0	0.127420	2	2	0	0	0	0	0
AF	0	0.127733	3	2	1	0	0	0	0
AF	0	0.128045	1	0	1	0	0	0	0
AF	0	0.128357	2	2	0	0	0	0	0
AF	0	0.128670	5	3	2	0	0	0	0
AF	0	0.128982	4	3	1	0	0	0	0
AF	0	0.129294	4	3	1	0	0	0	0
AF	0	0.129606	4	1	3	0	0	0	0
AF	0	0.129919	1	1	0	0	0	0	0
AF	0	0.130231	2	0	2	0	0	0	0
AF	0	0.130543	1	0	1	0	0	0	0
AF	0	0.130856	2	1	1	0	0	0	0
AF	0	0.131168	2	2	0	0	0	0	0
AF	0	0.131480	3	1	2	0	0	0	0
AF	0	0.131793	1	1	0	0	0	0	0
AF	0	0.132105	3	1	2	0	0	0	0
AF	0	0.132417	6	4	2	0	0	0	0
AF	0	0.132730	3	3	0	0	0	0	0
AF	0	0.133042	3	3	0	0	0	0	0
AF	0	0.133354	4	2	2	0	0	0	0
AF	0	0.133666	4	2	2	0	0	0	0
AF	0	0.134291	6	3	3	0	0	0	0
AF	0	0.134603	1	1	0	0	0	0	0
AF	0	0.134916	1	0	1	0	0	0	0
AF	0	0.135228	4	2	2	0	0	0	0
AF	0	0.135540	3	2	1	0	0	0	0
AF	0	0.135853	1	1	0	0	0	0	0
AF	0	0.136165	5	1	4	0	0	0	0
AF	0	0.136477	2	1	1	0	0	0	0
AF	0	0.136790	3	0	3	0	0	0	0
AF	0	0.137102	1	0	1	0	0	0	0
AF	0	0.137414	2	0	2	0	0	0	0
AF	0	0.138039	5	3	2	0	0	0	0
AF	0	0.138351	1	1	0	0	0	0	0
AF	0	0.138663	3	1	2	0	0	0	0
AF	0	0.138976	1	0	1	0	0	0	0
AF	0	0.139288	2	1	1	0	0	0	0
AF	0	0.139600	1	1	0	0	0	0	0
AF	0	0.139913	3	2	1	0	0	0	0
AF	0	0.140225	1	1	0	0	0	0	0
AF	0	0.140537	2	1	1	0	0	0	0
AF	0	0.140849	1	0	1	0	0	0	0
AF	0	0.141162	2	2	0	0	0	0	0
AF	0	0.141474	3	3	0	0	0	0	0
AF	0	0.141786	3	2	1	0	0	0	0
AF	0	0.142099	3	1	2	0	0	0	0
AF	0	0.142411	6	3	3	0	0	0	0
AF	0	0.142723	5	4	1	0	0	0	0
AF	0	0.143036	5	4	1	0	0	0	0
AF	0	0.143348	3	3	0	0	0	0	0
AF	0	0.143660	8	2	6	0	0	0	0
AF	0	0.143973	3	2	1	0	0	0	0
AF	0	0.144285	2	2	0	0	0	0	0
AF	0	0.144597	4	3	1	0	0	0	0
AF	0	0.144909	5	2	3	0	0	0	0
AF	0	0.145222	2	1	1	0	0	0	0
AF	0	0.145534	7	6	1	0	0	0	0
AF	0	0.145846	3	2	1	0	0	0	0
AF	0	0.146159	8	7	1	0	0	0	0
AF	0	0.146471	1	0	1	0	0	0	0
AF	0	0.146783	4	2	2	0	0	0	0
AF	0	0.147096	4	3	1	0	0	0	0
AF	0	0.147408	6	3	3	0	0	0	0
AF	0	0.147720	3	3	0	0	0	0	0
AF	0	0.148032	7	6	1	0	0	0	0
AF	0	0.148345	3	2	1	0	0	0	0
AF	0	0.148657	3	3	0	0	0	0	0
AF	0	0.148969	5	4	1	0	0	0	0
AF	0	0.149282	1	1	0	0	0	0	0
AF	0	0.149594	1	1	0	0	0	0	0
AF	0	0.149906	1	0	1	0	0	0	0
AF	0	0.150219	1	0	1	0	0	0	0
AF	0	0.150531	7	4	3	0	0	0	0
AF	0	0.150843	1	1	0	0	0	0	0
AF	0	0.151156	5	2	3	0	0	0	0
AF	0	0.151468	4	1	3	0	0	0	0
AF	0	0.151780	2	2	0	0	0	0	0
AF	0	0.152092	5	5	0	0	0	0	0
AF	0	0.152405	5	4	1	0	0	0	0
AF	0	0.152717	2	1	1	0	0	0	0
AF	0	0.153029	4	1	3	0	0	0	0
AF	0	0.153342	4	3	1	0	0	0	0
AF	0	0.153654	3	1	2	0	0	0	0
AF	0	0.154279	5	4	1	0	0	0	0
AF	0	0.154591	1	0	1	0	0	0	0
AF	0	0.154903	4	1	3	0	0	0	0
AF	0	0.155215	1	1	0	0	0	0	0
AF	0	0.155528	5	2	3	0	0	0	0
AF	0	0.155840	1	1	0	0	0	0	0
AF	0	0.156152	1	0	1	0	0	0	0
AF	0	0.156465	2	1	1	0	0	0	0
AF	0	0.156777	4	2	2	0	0	0	0
AF	0	0.157089	1	1	0	0	0	0	0
AF	0	0.158026	1	1	0	0	0	0	0
AF	0	0.158339	1	0	1	0	0	0	0
AF	0	0.158651	1	1	0	0	0	0	0
AF	0	0.158963	1	1	0	0	0	0	0
AF	0	0.159275	4	4	0	0	0	0	0
AF	0	0.159588	2	2	0	0	0	0	0
AF	0	0.159900	4	3	1	0	0	0	0
AF	0	0.160212	4	3	1	0	0	0	0
AF	0	0.160525	1	1	0	0	0	0	0
AF	0	0.160837	3	2	1	0	0	0	0
AF	0	0.161149	3	2	1	0	0	0	0
AF	0	0.161462	4	3	1	0	0	0	0
AF	0	0.161774	3	2	1	0	0	0	0
AF	0	0.162086	1	1	0	0	0	0	0
AF	0	0.162399	3	1	2	0	0	0	0
AF	0	0.162711	1	1	0	0	0	0	0
AF	0	0.163335	1	0	1	0	0	0	0
AF	0	0.163648	2	2	0	0	0	0	0
AF	0	0.163960	1	1	0	0	0	0	0
AF	0	0.164585	1	1	0	0	0	0	0
AF	0	0.164897	5	3	2	0	0	0	0
AF	0	0.165209	1	1	0	0	0	0	0
AF	0	0.165522	2	1	1	0	0	0	0
AF	0	0.165834	1	1	0	0	0	0	0
AF	0	0.166146	4	3	1	0	0	0	0
AF	0	0.166458	1	1	0	0	0	0	0
AF	0	0.166771	1	1	0	0	0	0	0
AF	0	0.167083	1	1	0	0	0	0	0
AF	0	0.167395	3	1	2	0	0	0	0
AF	0	0.167708	1	0	1	0	0	0	0
AF	0	0.168020	2	2	0	0	0	0	0
AF	0	0.168332	5	4	1	0	0	0	0
AF	0	0.168645	2	1	1	0	0	0	0
AF	0	0.168957	1	1	0	0	0	0	0
AF	0	0.169269	6	4	2	0	0	0	0
AF	0	0.169582	9	7	2	0	0	0	0
AF	0	0.169894	3	3	0	0	0	0	0
AF	0	0.170206	1	0	1	0	0	0	0
AF	0	0.170518	2	1	1	0	0	0	0
AF	0	0.171143	3	2	1	0	0	0	0
AF	0	0.171768	6	5	1	0	0	0	0
AF	0	0.172080	1	1	0	0	0	0	0
AF	0	0.172392	1	0	1	0	0	0	0
AF	0	0.172705	1	0	1	0	0	0	0
AF	0	0.173017	5	1	4	0	0	0	0
AF	0	0.173329	3	2	1	0	0	0	0
AF	0	0.173641	3	2	1	0	0	0	0
AF	0	0.173954	5	4	1	0	0	0	0
AF	0	0.174266	3	2	1	0	0	0	0
AF	0	0.174578	1	1	0	0	0	0	0
AF	0	0.174891	4	2	2	0	0	0	0
AF	0	0.175203	1	1	0	0	0	0	0
AF	0	0.175515	3	2	1	0	0	0	0
AF	0	0.176140	2	2	0	0	0	0	0
AF	0	0.176765	3	2	1	0	0	0	0
AF	0	0.177077	1	1	0	0	0	0	0
AF	0	0.177701	2	2	0	0	0	0	0
AF	0	0.178014	1	1	0	0	0	0	0
AF	0	0.178326	3	3	0	0	0	0	0
AF	0	0.178638	1	1	0	0	0	0	0
AF	0	0.178951	2	1	1	0	0	0	0
AF	0	0.179263	4	2	2	0	0	0	0
AF	0	0.179888	6	5	1	0	0	0	0
AF	0	0.180512	2	0	2	0	0	0	0
AF	0	0.180824	2	2	0	0	0	0	0
AF	0	0.181137	7	5	2	0	0	0	0
AF	0	0.181449	4	3	1	0	0	0	0
AF	0	0.181761	3	2	1	0	0	0	0
AF	0	0.182386	5	2	3	0	0	0	0
AF	0	0.182698	3	1	2	0	0	0	0
AF	0	0.183011	1	1	0	0	0	0	0
AF	0	0.183635	2	0	2	0	0	0	0
AF	0	0.184260	6	5	1	0	0	0	0
AF	0	0.184572	1	0	1	0	0	0	0
AF	0	0.184884	1	0	1	0	0	0	0
AF	0	0.185509	5	4	1	0	0	0	0
AF	0	0.186446	2	2	0	0	0	0	0
AF	0	0.186758	2	1	1	0	0	0	0
AF	0	0.187071	1	1	0	0	0	0	0
AF	0	0.187383	4	1	3	0	0	0	0
AF	0	0.187695	3	2	1	0	0	0	0
AF	0	0.188007	5	1	4	0	0	0	0
AF	0	0.188320	1	1	0	0	0	0	0
AF	0	0.188944	4	4	0	0	0	0	0
AF	0	0.189257	3	1	2	0	0	0	0
AF	0	0.189569	1	1	0	0	0	0	0
AF	0	0.189881	3	3	0	0	0	0	0
AF	0	0.190506	2	2	0	0	0	0	0
AF	0	0.190818	1	1	0	0	0	0	0
AF	0	0.191131	3	2	1	0	0	0	0
AF	0	0.191755	1	1	0	0	0	0	0
AF	0	0.192380	3	0	3	0	0	0	0
AF	0	0.193317	1	0	1	0	0	0	0
AF	0	0.194254	1	0	1	0	0	0	0
AF	0	0.195191	1	1	0	0	0	0	0
AF	0	0.195503	1	1	0	0	0	0	0
AF	0	0.195815	2	2	0	0	0	0	0
AF	0	0.196127	5	3	2	0	0	0	0
AF	0	0.196440	1	1	0	0	0	0	0
AF	0	0.196752	1	0	1	0	0	0	0
AF	0	0.197377	1	0	1	0	0	0	0
AF	0	0.197689	1	0	1	0	0	0	0
AF	0	0.198001	1	0	1	0	0	0	0
AF	0	0.198314	2	2	0	0	0	0	0
AF	0	0.198626	2	2	0	0	0	0	0
AF	0	0.198938	4	2	2	0	0	0	0
AF	0	0.199250	4	2	2	0	0	0	0
AF	0	0.199563	2	0	2	0	0	0	0
AF	0	0.199875	2	2	0	0	0	0	0
AF	0	0.200187	5	2	3	0	0	0	0
AF	0	0.200500	2	0	2	0	0	0	0
AF	0	0.200812	1	1	0	0	0	0	0
AF	0	0.201124	4	3	1	0	0	0	0
AF	0	0.201437	5	4	1	0	0	0	0
AF	0	0.201749	8	5	3	0	0	0	0
AF	0	0.202061	3	1	2	0	0	0	0
AF	0	0.202374	1	1	0	0	0	0	0
AF	0	0.202998	5	4	1	0	0	0	0
AF	0	0.203310	3	3	0	0	0	0	0
AF	0	0.203623	2	1	1	0	0	0	0
AF	0	0.203935	1	0	1	0	0	0	0
AF	0	0.204247	4	2	2	0	0	0	0
AF	0	0.204560	1	0	1	0	0	0	0
AF	0	0.204872	1	0	1	0	0	0	0
AF	0	0.205184	2	2	0	0	0	0	0
AF	0	0.205497	2	2	0	0	0	0	0
AF	0	0.205809	1	1	0	0	0	0	0
AF	0	0.206121	2	2	0	0	0	0	0
AF	0	0.206746	1	0	1	0	0	0	0
AF	0	0.207058	1	0	1	0	0	0	0
AF	0	0.207683	1	1	0	0	0	0	0
AF	0	0.207995	4	2	2	0	0	0	0
AF	0	0.208620	1	1	0	0	0	0	0
AF	0	0.208932	2	1	1	0	0	0	0
AF	0	0.209244	2	2	0	0	0	0	0
AF	0	0.209557	1	1	0	0	0	0	0
AF	0	0.209869	1	1	0	0	0	0	0
AF	0	0.210493	3	1	2	0	0	0	0
AF	0	0.211118	5	4	1	0	0	0	0
AF	0	0.211430	2	2	0	0	0	0	0
AF	0	0.211743	5	4	1	0	0	0	0
AF	0	0.212055	1	1	0	0	0	0	0
AF	0	0.212367	3	1	2	0	0	0	0
AF	0	0.212992	2	1	1	0	0	0	0
AF	0	0.213616	4	2	2	0	0	0	0
AF	0	0.214241	2	2	0	0	0	0	0
AF	0	0.214866	1	1	0	0	0	0	0
AF	0	0.215178	1	1	0	0	0	0	0
AF	0	0.215490	1	0	1	0	0	0	0
AF	0	0.216115	1	1	0	0	0	0	0
AF	0	0.216427	1	1	0	0	0	0	0
AF	0	0.216740	1	1	0	0	0	0	0
AF	0	0.217052	1	0	1	0	0	0	0
AF	0	0.217364	1	0	1	0	0	0	0
AF	0	0.217989	3	1	2	0	0	0	0
AF	0	0.218301	1	0	1	0	0	0	0
AF	0	0.218613	5	2	3	0	0	0	0
AF	0	0.218926	1	1	0	0	0	0	0
AF	0	0.219238	1	1	0	0	0	0	0
AF	0	0.220487	1	0	1	0	0	0	0
AF	0	0.220800	2	1	1	0	0	0	0
AF	0	0.221424	2	2	0	0	0	0	0
AF	0	0.222049	2	0	2	0	0	0	0
AF	0	0.222986	2	1	1	0	0	0	0
AF	0	0.223298	3	2	1	0	0	0	0
AF	0	0.223610	3	3	0	0	0	0	0
AF	0	0.223923	2	1	1	0	0	0	0
AF	0	0.224235	3	2	1	0	0	0	0
AF	0	0.224547	1	0	1	0	0	0	0
AF	0	0.224859	4	2	2	0	0	0	0
AF	0	0.225172	1	1	0	0	0	0	0
AF	0	0.225484	3	2	1	0	0	0	0
AF	0	0.225796	1	1	0	0	0	0	0
AF	0	0.226421	1	1	0	0	0	0	0
AF	0	0.227046	4	1	3	0	0	0	0
AF	0	0.227358	2	1	1	0	0	0	0
AF	0	0.227670	2	2	0	0	0	0	0
AF	0	0.227983	1	1	0	0	0	0	0
AF	0	0.228295	2	2	0	0	0	0	0
AF	0	0.228607	2	1	1	0	0	0	0
AF	0	0.228919	1	0	1	0	0	0	0
AF	0	0.229544	2	2	0	0	0	0	0
AF	0	0.229856	1	1	0	0	0	0	0
AF	0	0.230169	4	2	2	0	0	0	0
AF	0	0.230481	2	1	1	0	0	0	0
AF	0	0.230793	5	4	1	0	0	0	0
AF	0	0.231106	3	1	2	0	0	0	0
AF	0	0.231418	4	1	3	0	0	0	0
AF	0	0.231730	1	1	0	0	0	0	0
AF	0	0.232042	3	2	1	0	0	0	0
AF	0	0.232355	7	4	3	0	0	0	0
AF	0	0.232667	2	1	1	0	0	0	0
AF	0	0.233292	1	1	0	0	0	0	0
AF	0	0.233604	1	0	1	0	0	0	0
AF	0	0.233916	3	2	1	0	0	0	0
AF	0	0.234229	2	1	1	0	0	0	0
AF	0	0.234541	4	4	0	0	0	0	0
AF	0	0.234853	1	1	0	0	0	0	0
AF	0	0.235166	1	1	0	0	0	0	0
AF	0	0.235790	1	1	0	0	0	0	0
AF	0	0.236415	3	2	1	0	0	0	0
AF	0	0.236727	2	1	1	0	0	0	0
AF	0	0.237039	3	1	2	0	0	0	0
AF	0	0.237352	1	1	0	0	0	0	0
AF	0	0.237976	1	0	1	0	0	0	0
AF	0	0.238913	2	1	1	0	0	0	0
AF	0	0.239225	4	4	0	0	0	0	0
AF	0	0.239538	3	2	1	0	0	0	0
AF	0	0.239850	1	0	1	0	0	0	0
AF	0	0.240162	1	0	1	0	0	0	0
AF	0	0.240787	1	1	0	0	0	0	0
AF	0	0.242349	1	0	1	0	0	0	0
AF	0	0.242661	2	2	0	0	0	0	0
AF	0	0.244222	1	1	0	0	0	0	0
AF	0	0.244535	3	3	0	0	0	0	0
AF	0	0.244847	1	0	1	0	0	0	0
AF	0	0.245784	1	0	1	0	0	0	0
AF	0	0.246408	1	1	0	0	0	0	0
AF	0	0.247033	2	2	0	0	0	0	0
AF	0	0.247345	2	0	2	0	0	0	0
AF	0	0.247970	1	1	0	0	0	0	0
AF	0	0.248282	1	1	0	0	0	0	0
AF	0	0.248595	1	1	0	0	0	0	0
AF	0	0.248907	1	0	1	0	0	0	0
AF	0	0.249219	1	1	0	0	0	0	0
AF	0	0.250156	3	3	0	0	0	0	0
AF	0	0.251093	1	1	0	0	0	0	0
AF	0	0.251405	1	0	1	0	0	0	0
AF	0	0.251718	1	0	1	0	0	0	0
AF	0	0.252030	1	1	0	0	0	0	0
AF	0	0.252342	1	0	1	0	0	0	0
AF	0	0.252655	1	1	0	0	0	0	0
AF	0	0.253279	1	1	0	0	0	0	0
AF	0	0.254841	2	2	0	0	0	0	0
AF	0	0.256090	1	0	1	0	0	0	0
AF	0	0.256402	1	1	0	0	0	0	0
AF	0	0.257027	2	1	1	0	0	0	0
AF	0	0.257651	1	1	0	0	0	0	0
AF	0	0.258901	1	0	1	0	0	0	0
AF	0	0.259213	1	1	0	0	0	0	0
AF	0	0.259838	2	0	2	0	0	0	0
AF	0	0.260150	2	0	2	0	0	0	0
AF	0	0.260462	1	1	0	0	0	0	0
AF	0	0.261399	2	2	0	0	0	0	0
AF	0	0.261711	2	1	1	0	0	0	0
AF	0	0.262024	2	1	1	0	0	0	0
AF	0	0.262336	2	1	1	0	0	0	0
AF	0	0.263273	1	0	1	0	0	0	0
AF	0	0.263898	1	0	1	0	0	0	0
AF	0	0.264210	1	0	1	0	0	0	0
AF	0	0.265147	1	1	0	0	0	0	0
AF	0	0.265771	3	3	0	0	0	0	0
AF	0	0.266084	3	2	1	0	0	0	0
AF	0	0.266708	1	1	0	0	0	0	0
AF	0	0.267645	1	1	0	0	0	0	0
AF	0	0.267958	1	1	0	0	0	0	0
AF	0	0.268270	1	1	0	0	0	0	0
AF	0	0.268894	3	1	2	0	0	0	0
AF	0	0.269207	2	2	0	0	0	0	0
AF	0	0.269831	1	0	1	0	0	0	0
AF	0	0.273267	1	0	1	0	0	0	0
AF	0	0.273891	1	1	0	0	0	0	0
AF	0	0.274516	1	1	0	0	0	0	0
AF	0	0.274828	2	2	0	0	0	0	0
AF	0	0.275141	1	1	0	0	0	0	0
AF	0	0.275765	1	1	0	0	0	0	0
AF	0	0.278888	1	0	1	0	0	0	0
AF	0	0.279513	2	1	1	0	0	0	0
AF	0	0.280137	2	0	2	0	0	0	0
AF	0	0.281074	1	1	0	0	0	0	0
AF	0	0.281387	1	0	1	0	0	0	0
AF	0	0.282011	1	1	0	0	0	0	0
AF	0	0.284510	1	1	0	0	0	0	0
AF	0	0.284822	2	1	1	0	0	0	0
AF	0	0.285134	1	1	0	0	0	0	0
AF	0	0.285759	1	1	0	0	0	0	0
AF	0	0.286071	2	0	2	0	0	0	0
AF	0	0.286384	1	1	0	0	0	0	0
AF	0	0.286696	1	1	0	0	0	0	0
AF	0	0.287008	1	1	0	0	0	0	0
AF	0	0.287320	1	1	0	0	0	0	0
AF	0	0.287633	1	0	1	0	0	0	0
AF	0	0.288257	3	2	1	0	0	0	0
AF	0	0.288882	2	1	1	0	0	0	0
AF	0	0.289194	1	1	0	0	0	0	0
AF	0	0.290131	1	1	0	0	0	0	0
AF	0	0.290443	1	0	1	0	0	0	0
AF	0	0.290756	1	0	1	0	0	0	0
AF	0	0.292630	1	1	0	0	0	0	0
AF	0	0.293254	2	2	0	0	0	0	0
AF	0	0.294191	1	1	0	0	0	0	0
AF	0	0.294503	1	1	0	0	0	0	0
AF	0	0.295128	1	0	1	0	0	0	0
AF	0	0.295440	1	1	0	0	0	0	0
AF	0	0.295753	1	1	0	0	0	0	0
AF	0	0.296377	1	0	1	0	0	0	0
AF	0	0.296690	2	2	0	0	0	0	0
AF	0	0.297002	3	2	1	0	0	0	0
AF	0	0.297939	1	0	1	0	0	0	0
AF	0	0.299813	1	1	0	0	0	0	0
AF	0	0.300125	1	1	0	0	0	0	0
AF	0	0.300750	1	0	1	0	0	0	0
AF	0	0.301374	3	1	2	0	0	0	0
AF	0	0.301686	3	1	2	0	0	0	0
AF	0	0.301999	2	1	1	0	0	0	0
AF	0	0.302311	2	1	1	0	0	0	0
AF	0	0.302623	8	5	3	0	0	0	0
AF	0	0.303248	4	1	3	0	0	0	0
AF	0	0.303560	11	9	2	0	0	0	0
AF	0	0.303873	8	6	2	0	0	0	0
AF	0	0.304497	4	3	1	0	0	0	0
AF	0	0.305122	2	1	1	0	0	0	0
AF	0	0.305434	1	1	0	0	0	0	0
AF	0	0.305746	3	3	0	0	0	0	0
AF	0	0.306059	1	0	1	0	0	0	0
AF	0	0.306371	2	1	1	0	0	0	0
AF	0	0.306996	1	1	0	0	0	0	0
AF	0	0.307620	1	0	1	0	0	0	0
AF	0	0.307933	1	1	0	0	0	0	0
AF	0	0.308245	1	1	0	0	0	0	0
AF	0	0.308869	3	1	2	0	0	0	0
AF	0	0.309494	2	2	0	0	0	0	0
AF	0	0.310119	4	2	2	0	0	0	0
AF	0	0.310431	2	1	1	0	0	0	0
AF	0	0.310743	2	1	1	0	0	0	0
AF	0	0.311368	1	1	0	0	0	0	0
AF	0	0.311993	1	0	1	0	0	0	0
AF	0	0.312305	1	1	0	0	0	0	0
AF	0	0.312617	4	3	1	0	0	0	0
AF	0	0.312929	1	0	1	0	0	0	0
AF	0	0.313242	1	0	1	0	0	0	0
AF	0	0.313554	1	0	1	0	0	0	0
AF	0	0.313866	2	1	1	0	0	0	0
AF	0	0.314491	3	1	2	0	0	0	0
AF	0	0.314803	1	0	1	0	0	0	0
AF	0	0.316365	1	1	0	0	0	0	0
AF	0	0.316677	3	2	1	0	0	0	0
AF	0	0.316989	1	0	1	0	0	0	0
AF	0	0.317926	1	1	0	0	0	0	0
AF	0	0.318239	2	1	1	0	0	0	0
AF	0	0.318863	1	1	0	0	0	0	0
AF	0	0.319488	1	1	0	0	0	0	0
AF	0	0.319800	1	1	0	0	0	0	0
AF	0	0.320737	1	1	0	0	0	0	0
AF	0	0.321049	1	0	1	0	0	0	0
AF	0	0.321362	1	1	0	0	0	0	0
AF	0	0.321674	3	2	1	0	0	0	0
AF	0	0.321986	6	3	3	0	0	0	0
AF	0	0.322299	5	3	2	0	0	0	0
AF	0	0.322611	2	2	0	0	0	0	0
AF	0	0.322923	1	1	0	0	0	0	0
AF	0	0.323235	1	1	0	0	0	0	0
AF	0	0.323548	1	1	0	0	0	0	0
AF	0	0.323860	3	2	1	0	0	0	0
AF	0	0.324172	3	1	2	0	0	0	0
AF	0	0.324485	2	1	1	0	0	0	0
AF	0	0.325109	2	1	1	0	0	0	0
AF	0	0.325734	2	1	1	0	0	0	0
AF	0	0.326046	1	1	0	0	0	0	0
AF	0	0.326359	1	1	0	0	0	0	0
AF	0	0.326671	1	1	0	0	0	0	0
AF	0	0.326983	2	2	0	0	0	0	0
AF	0	0.327608	1	0	1	0	0	0	0
AF	0	0.327920	3	3	0	0	0	0	0
AF	0	0.328232	1	1	0	0	0	0	0
AF	0	0.328857	1	0	1	0	0	0	0
AF	0	0.330418	2	1	1	0	0	0	0
AF	0	0.331668	2	1	1	0	0	0	0
AF	0	0.331980	1	1	0	0	0	0	0
AF	0	0.333542	2	1	1	0	0	0	0
AF	0	0.334166	2	0	2	0	0	0	0
AF	0	0.334791	1	0	1	0	0	0	0
AF	0	0.336665	2	2	0	0	0	0	0
AF	0	0.337289	3	1	2	0	0	0	0
AF	0	0.337601	2	1	1	0	0	0	0
AF	0	0.337914	1	1	0	0	0	0	0
AF	0	0.338226	1	1	0	0	0	0	0
AF	0	0.338538	4	3	1	0	0	0	0
AF	0	0.339163	3	3	0	0	0	0	0
AF	0	0.339788	1	1	0	0	0	0	0
AF	0	0.340412	1	1	0	0	0	0	0
AF	0	0.341037	2	1	1	0	0	0	0
AF	0	0.341349	1	1	0	0	0	0	0
AF	0	0.341661	4	2	2	0	0	0	0
AF	0	0.342286	6	5	1	0	0	0	0
AF	0	0.342598	2	1	1	0	0	0	0
AF	0	0.342911	7	3	4	0	0	0	0
AF	0	0.343223	2	1	1	0	0	0	0
AF	0	0.343535	2	0	2	0	0	0	0
AF	0	0.344160	1	1	0	0	0	0	0
AF	0	0.344785	1	1	0	0	0	0	0
AF	0	0.345097	2	0	2	0	0	0	0
AF	0	0.345409	2	1	1	0	0	0	0
AF	0	0.346034	1	0	1	0	0	0	0
AF	0	0.346346	1	0	1	0	0	0	0
AF	0	0.346658	3	1	2	0	0	0	0
AF	0	0.346971	1	1	0	0	0	0	0
AF	0	0.348532	2	2	0	0	0	0	0
AF	0	0.348844	1	1	0	0	0	0	0
AF	0	0.349157	2	1	1	0	0	0	0
AF	0	0.350094	4	3	1	0	0	0	0
AF	0	0.350406	1	1	0	0	0	0	0
AF	0	0.351031	1	1	0	0	0	0	0
AF	0	0.351343	1	0	1	0	0	0	0
AF	0	0.351655	1	0	1	0	0	0	0
AF	0	0.352280	1	0	1	0	0	0	0
AF	0	0.353841	2	1	1	0	0	0	0
AF	0	0.356340	1	1	0	0	0	0	0
AF	0	0.356652	1	0	1	0	0	0	0
AF	0	0.357277	1	1	0	0	0	0	0
AF	0	0.358214	1	0	1	0	0	0	0
AF	0	0.359463	1	0	1	0	0	0	0
AF	0	0.359775	3	2	1	0	0	0	0
AF	0	0.360400	2	0	2	0	0	0	0
AF	0	0.361024	3	1	2	0	0	0	0
AF	0	0.361961	1	1	0	0	0	0	0
AF	0	0.362274	1	1	0	0	0	0	0
AF	0	0.363835	1	1	0	0	0	0	0
AF	0	0.364772	3	1	2	0	0	0	0
AF	0	0.365397	1	0	1	0	0	0	0
AF	0	0.366021	1	1	0	0	0	0	0
AF	0	0.366958	1	1	0	0	0	0	0
AF	0	0.367583	1	1	0	0	0	0	0
AF	0	0.369144	1	1	0	0	0	0	0
AF	0	0.370394	1	0	1	0	0	0	0
AF	0	0.373204	1	1	0	0	0	0	0
AF	0	0.373517	1	1	0	0	0	0	0
AF	0	0.373829	1	1	0	0	0	0	0
AF	0	0.374766	1	0	1	0	0	0	0
AF	0	0.375078	1	0	1	0	0	0	0
AF	0	0.375390	1	1	0	0	0	0	0
AF	0	0.377264	1	1	0	0	0	0	0
AF	0	0.377889	1	0	1	0	0	0	0
AF	0	0.378513	1	1	0	0	0	0	0
AF	0	0.379763	1	0	1	0	0	0	0
AF	0	0.380387	1	0	1	0	0	0	0
AF	0	0.381012	1	1	0	0	0	0	0
AF	0	0.381324	1	0	1	0	0	0	0
AF	0	0.383823	1	0	1	0	0	0	0
AF	0	0.384135	1	1	0	0	0	0	0
AF	0	0.384760	2	1	1	0	0	0	0
AF	0	0.385072	1	0	1	0	0	0	0
AF	0	0.386633	1	1	0	0	0	0	0
AF	0	0.387258	3	1	2	0	0	0	0
AF	0	0.387570	1	0	1	0	0	0	0
AF	0	0.387883	1	1	0	0	0	0	0
AF	0	0.388819	1	1	0	0	0	0	0
AF	0	0.389132	2	1	1	0	0	0	0
AF	0	0.390381	1	1	0	0	0	0	0
AF	0	0.390693	1	1	0	0	0	0	0
AF	0	0.391318	1	1	0	0	0	0	0
AF	0	0.391943	2	1	1	0	0	0	0
AF	0	0.392255	1	1	0	0	0	0	0
AF	0	0.393816	2	2	0	0	0	0	0
AF	0	0.396002	1	0	1	0	0	0	0
AF	0	0.396627	1	1	0	0	0	0	0
AF	0	0.399438	1	1	0	0	0	0	0
AF	0	0.399750	1	1	0	0	0	0	0
AF	0	0.400687	2	1	1	0	0	0	0
AF	0	0.400999	2	1	1	0	0	0	0
AF	0	0.401624	1	1	0	0	0	0	0
AF	0	0.401936	1	1	0	0	0	0	0
AF	0	0.402873	1	1	0	0	0	0	0
AF	0	0.403498	2	0	2	0	0	0	0
AF	0	0.405372	1	1	0	0	0	0	0
AF	0	0.405996	2	1	1	0	0	0	0
AF	0	0.407870	1	1	0	0	0	0	0
AF	0	0.408495	2	1	1	0	0	0	0
AF	0	0.409744	2	1	1	0	0	0	0
AF	0	0.410993	2	2	0	0	0	0	0
AF	0	0.411618	1	1	0	0	0	0	0
AF	0	0.412242	3	3	0	0	0	0	0
AF	0	0.412867	1	0	1	0	0	0	0
AF	0	0.413492	3	1	2	0	0	0	0
AF	0	0.413804	2	1	1	0	0	0	0
AF	0	0.414116	1	1	0	0	0	0	0
AF	0	0.414428	2	2	0	0	0	0	0
AF	0	0.414741	1	1	0	0	0	0	0
AF	0	0.415053	1	1	0	0	0	0	0
AF	0	0.415365	1	1	0	0	0	0	0
AF	0	0.415990	2	1	1	0	0	0	0
AF	0	0.417239	1	1	0	0	0	0	0
AF	0	0.418488	2	1	1	0	0	0	0
AF	0	0.418801	2	1	1	0	0	0	0
AF	0	0.419113	1	1	0	0	0	0	0
AF	0	0.419425	2	1	1	0	0	0	0
AF	0	0.420362	2	2	0	0	0	0	0
AF	0	0.421299	1	1	0	0	0	0	0
AF	0	0.421611	1	1	0	0	0	0	0
AF	0	0.422236	1	1	0	0	0	0	0
AF	0	0.422548	2	1	1	0	0	0	0
AF	0	0.422861	2	1	1	0	0	0	0
AF	0	0.423485	2	1	1	0	0	0	0
AF	0	0.424110	2	1	1	0	0	0	0
AF	0	0.424422	1	0	1	0	0	0	0
AF	0	0.424735	1	1	0	0	0	0	0
AF	0	0.425359	1	0	1	0	0	0	0
AF	0	0.425984	1	1	0	0	0	0	0
AF	0	0.426921	1	0	1	0	0	0	0
AF	0	0.427858	1	1	0	0	0	0	0
AF	0	0.428170	1	1	0	0	0	0	0
AF	0	0.429107	1	0	1	0	0	0	0
AF	0	0.429419	1	1	0	0	0	0	0
AF	0	0.429731	2	1	1	0	0	0	0
AF	0	0.430356	1	0	1	0	0	0	0
AF	0	0.430981	1	1	0	0	0	0	0
AF	0	0.431293	1	0	1	0	0	0	0
AF	0	0.431918	1	0	1	0	0	0	0
AF	0	0.432230	2	1	1	0	0	0	0
AF	0	0.433791	1	1	0	0	0	0	0
AF	0	0.434104	2	2	0	0	0	0	0
AF	0	0.434416	1	0	1	0	0	0	0
AF	0	0.434728	2	2	0	0	0	0	0
AF	0	0.435353	1	1	0	0	0	0	0
AF	0	0.435665	1	0	1	0	0	0	0
AF	0	0.435978	1	1	0	0	0	0	0
AF	0	0.436290	1	1	0	0	0	0	0
AF	0	0.436914	2	2	0	0	0	0	0
AF	0	0.437227	1	0	1	0	0	0	0
AF	0	0.437539	1	1	0	0	0	0	0
AF	0	0.437851	1	0	1	0	0	0	0
AF	0	0.438164	1	1	0	0	0	0	0
AF	0	0.438476	1	1	0	0	0	0	0
AF	0	0.438788	1	1	0	0	0	0	0
AF	0	0.439413	1	1	0	0	0	0	0
AF	0	0.440037	1	1	0	0	0	0	0
AF	0	0.440974	1	1	0	0	0	0	0
AF	0	0.441911	4	3	1	0	0	0	0
AF	0	0.442224	1	1	0	0	0	0	0
AF	0	0.442848	4	3	1	0	0	0	0
AF	0	0.443473	2	1	1	0	0	0	0
AF	0	0.443785	1	0	1	0	0	0	0
AF	0	0.444410	3	3	0	0	0	0	0
AF	0	0.444722	2	1	1	0	0	0	0
AF	0	0.445347	1	0	1	0	0	0	0
AF	0	0.445659	1	1	0	0	0	0	0
AF	0	0.445971	1	0	1	0	0	0	0
AF	0	0.446284	2	2	0	0	0	0	0
AF	0	0.446596	1	0	1	0	0	0	0
AF	0	0.446908	1	0	1	0	0	0	0
AF	0	0.448157	2	2	0	0	0	0	0
AF	0	0.448782	2	1	1	0	0	0	0
AF	0	0.449094	1	0	1	0	0	0	0
AF	0	0.449407	1	1	0	0	0	0	0
AF	0	0.449719	1	0	1	0	0	0	0
AF	0	0.450031	2	1	1	0	0	0	0
AF	0	0.450656	2	2	0	0	0	0	0
AF	0	0.450968	2	1	1	0	0	0	0
AF	0	0.452530	1	1	0	0	0	0	0
AF	0	0.455028	2	2	0	0	0	0	0
AF	0	0.455653	1	1	0	0	0	0	0
AF	0	0.455965	1	1	0	0	0	0	0
AF	0	0.456590	1	1	0	0	0	0	0
AF	0	0.457839	1	1	0	0	0	0	0
AF	0	0.458151	1	0	1	0	0	0	0
AF	0	0.460650	1	1	0	0	0	0	0
AF	0	0.461274	1	0	1	0	0	0	0
AF	0	0.461899	1	1	0	0	0	0	0
AF	0	0.462523	1	1	0	0	0	0	0
AF	0	0.463148	1	0	1	0	0	0	0
AF	0	0.463773	1	1	0	0	0	0	0
AF	0	0.464710	2	1	1	0	0	0	0
AF	0	0.465334	1	0	1	0	0	0	0
AF	0	0.465646	1	1	0	0	0	0	0
AF	0	0.465959	1	0	1	0	0	0	0
AF	0	0.466896	2	1	1	0	0	0	0
AF	0	0.467520	1	1	0	0	0	0	0
AF	0	0.468770	3	2	1	0	0	0	0
AF	0	0.469394	2	2	0	0	0	0	0
AF	0	0.470019	1	0	1	0	0	0	0
AF	0	0.470643	2	2	0	0	0	0	0
AF	0	0.471580	1	1	0	0	0	0	0
AF	0	0.471893	2	2	0	0	0	0	0
AF	0	0.474391	2	2	0	0	0	0	0
AF	0	0.476265	2	1	1	0	0	0	0
AF	0	0.476889	1	1	0	0	0	0	0
AF	0	0.477514	1	1	0	0	0	0	0
AF	0	0.477826	1	1	0	0	0	0	0
AF	0	0.478451	2	2	0	0	0	0	0
AF	0	0.480012	2	1	1	0	0	0	0
AF	0	0.480325	1	1	0	0	0	0	0
AF	0	0.480637	2	2	0	0	0	0	0
AF	0	0.481886	1	1	0	0	0	0	0
AF	0	0.485009	1	0	1	0	0	0	0
AF	0	0.485322	1	0	1	0	0	0	0
AF	0	0.485634	1	1	0	0	0	0	0
AF	0	0.485946	1	1	0	0	0	0	0
AF	0	0.488757	1	1	0	0	0	0	0
AF	0	0.491880	2	1	1	0	0	0	0
AF	0	0.492505	1	1	0	0	0	0	0
AF	0	0.495003	1	1	0	0	0	0	0
AF	0	0.497189	1	1	0	0	0	0	0
AF	0	0.500625	1	1	0	0	0	0	0
AF	0	0.502186	1	0	1	0	0	0	0
AF	0	0.503435	1	1	0	0	0	0	0
AF	0	0.503748	1	1	0	0	0	0	0
AF	0	0.504372	1	0	1	0	0	0	0
AF	0	0.504997	1	0	1	0	0	0	0
AF	0	0.507808	1	1	0	0	0	0	0
AF	0	0.508120	1	1	0	0	0	0	0
AF	0	0.508745	1	0	1	0	0	0	0
AF	0	0.509057	1	1	0	0	0	0	0
AF	0	0.509369	1	1	0	0	0	0	0
AF	0	0.510931	1	0	1	0	0	0	0
AF	0	0.511243	2	1	1	0	0	0	0
AF	0	0.511555	1	1	0	0	0	0	0
AF	0	0.512492	1	0	1	0	0	0	0
AF	0	0.513117	1	1	0	0	0	0	0
AF	0	0.513429	1	0	1	0	0	0	0
AF	0	0.514054	1	0	1	0	0	0	0
AF	0	0.514991	2	1	1	0	0	0	0
AF	0	0.516864	2	1	1	0	0	0	0
AF	0	0.519988	2	2	0	0	0	0	0
AF	0	0.520300	1	1	0	0	0	0	0
AF	0	0.521237	1	0	1	0	0	0	0
AF	0	0.521549	1	1	0	0	0	0	0
AF	0	0.522486	2	1	1	0	0	0	0
AF	0	0.523111	1	1	0	0	0	0	0
AF	0	0.523423	1	1	0	0	0	0	0
AF	0	0.524984	1	0	1	0	0	0	0
AF	0	0.528420	1	1	0	0	0	0	0
AF	0	0.530294	1	0	1	0	0	0	0
AF	0	0.530606	1	1	0	0	0	0	0
AF	0	0.530918	1	1	0	0	0	0	0
AF	0	0.531230	1	1	0	0	0	0	0
AF	0	0.531543	1	0	1	0	0	0	0
AF	0	0.532167	1	1	0	0	0	0	0
AF	0	0.532480	2	2	0	0	0	0	0
AF	0	0.532792	1	1	0	0	0	0	0
AF	0	0.533104	7	4	3	0	0	0	0
AF	0	0.534041	1	1	0	0	0	0	0
AF	0	0.534354	1	1	0	0	0	0	0
AF	0	0.534978	1	0	1	0	0	0	0
AF	0	0.535290	1	0	1	0	0	0	0
AF	0	0.535603	2	1	1	0	0	0	0
AF	0	0.536852	1	1	0	0	0	0	0
AF	0	0.537477	1	1	0	0	0	0	0
AF	0	0.537789	1	1	0	0	0	0	0
AF	0	0.538413	1	1	0	0	0	0	0
AF	0	0.539038	1	1	0	0	0	0	0
AF	0	0.539350	1	0	1	0	0	0	0
AF	0	0.540600	1	1	0	0	0	0	0
AF	0	0.545597	1	1	0	0	0	0	0
AF	0	0.546221	1	0	1	0	0	0	0
AF	0	0.546533	1	1	0	0	0	0	0
AF	0	0.547470	2	1	1	0	0	0	0
AF	0	0.547783	1	0	1	0	0	0	0
AF	0	0.548720	2	0	2	0	0	0	0
AF	0	0.549344	1	1	0	0	0	0	0
AF	0	0.549656	2	1	1	0	0	0	0
AF	0	0.550593	3	2	1	0	0	0	0
AF	0	0.551218	3	3	0	0	0	0	0
AF	0	0.551843	1	1	0	0	0	0	0
AF	0	0.553716	3	3	0	0	0	0	0
AF	0	0.554029	2	1	1	0	0	0	0
AF	0	0.556839	1	1	0	0	0	0	0
AF	0	0.557464	1	1	0	0	0	0	0
AF	0	0.557776	4	3	1	0	0	0	0
AF	0	0.559026	1	1	0	0	0	0	0
AF	0	0.560587	2	1	1	0	0	0	0
AF	0	0.560899	1	0	1	0	0	0	0
AF	0	0.562149	2	2	0	0	0	0	0
AF	0	0.562773	1	1	0	0	0	0	0
AF	0	0.563086	1	1	0	0	0	0	0
AF	0	0.563398	1	1	0	0	0	0	0
AF	0	0.564022	1	1	0	0	0	0	0
AF	0	0.565272	2	0	2	0	0	0	0
AF	0	0.566209	1	0	1	0	0	0	0
AF	0	0.566833	1	0	1	0	0	0	0
AF	0	0.567146	1	1	0	0	0	0	0
AF	0	0.567458	2	1	1	0	0	0	0
AF	0	0.568082	1	1	0	0	0	0	0
AF	0	0.569019	1	1	0	0	0	0	0
AF	0	0.571830	1	1	0	0	0	0	0
AF	0	0.572767	1	1	0	0	0	0	0
AF	0	0.574016	1	0	1	0	0	0	0
AF	0	0.574329	2	2	0	0	0	0	0
AF	0	0.574641	2	1	1	0	0	0	0
AF	0	0.575265	1	1	0	0	0	0	0
AF	0	0.577139	1	0	1	0	0	0	0
AF	0	0.578076	1	1	0	0	0	0	0
AF	0	0.579325	2	0	2	0	0	0	0
AF	0	0.581199	1	1	0	0	0	0	0
AF	0	0.582136	1	0	1	0	0	0	0
AF	0	0.582761	1	0	1	0	0	0	0
AF	0	0.584010	2	2	0	0	0	0	0
AF	0	0.587133	2	1	1	0	0	0	0
AF	0	0.587758	1	1	0	0	0	0	0
AF	0	0.588382	4	3	1	0	0	0	0
AF	0	0.588695	1	1	0	0	0	0	0
AF	0	0.589007	2	1	1	0	0	0	0
AF	0	0.589319	1	1	0	0	0	0	0
AF	0	0.589631	1	1	0	0	0	0	0
AF	0	0.590881	1	1	0	0	0	0	0
AF	0	0.591505	1	1	0	0	0	0	0
AF	0	0.592755	1	1	0	0	0	0	0
AF	0	0.595565	1	0	1	0	0	0	0
AF	0	0.595878	1	1	0	0	0	0	0
AF	0	0.596190	1	0	1	0	0	0	0
AF	0	0.596502	2	1	1	0	0	0	0
AF	0	0.597127	2	1	1	0	0	0	0
AF	0	0.597439	1	1	0	0	0	0	0
AF	0	0.598064	1	0	1	0	0	0	0
AF	0	0.598688	1	1	0	0	0	0	0
AF	0	0.602748	2	1	1	0	0	0	0
AF	0	0.603373	1	1	0	0	0	0	0
AF	0	0.604622	8	5	3	0	0	0	0
AF	0	0.604934	2	1	1	0	0	0	0
AF	0	0.605247	6	4	2	0	0	0	0
AF	0	0.605871	2	2	0	0	0	0	0
AF	0	0.606184	1	1	0	0	0	0	0
AF	0	0.606808	2	2	0	0	0	0	0
AF	0	0.607121	1	1	0	0	0	0	0
AF	0	0.608057	1	1	0	0	0	0	0
AF	0	0.611805	1	1	0	0	0	0	0
AF	0	0.613991	2	2	0	0	0	0	0
AF	0	0.614304	1	0	1	0	0	0	0
AF	0	0.614616	5	3	2	0	0	0	0
AF	0	0.614928	1	1	0	0	0	0	0
AF	0	0.615240	1	1	0	0	0	0	0
AF	0	0.615865	1	1	0	0	0	0	0
AF	0	0.617739	1	1	0	0	0	0	0
AF	0	0.618988	1	1	0	0	0	0	0
AF	0	0.619613	1	1	0	0	0	0	0
AF	0	0.620237	1	0	1	0	0	0	0
AF	0	0.621174	1	1	0	0	0	0	0
AF	0	0.621487	2	2	0	0	0	0	0
AF	0	0.625547	2	2	0	0	0	0	0
AF	0	0.628357	1	1	0	0	0	0	0
AF	0	0.629294	1	1	0	0	0	0	0
AF	0	0.629606	1	1	0	0	0	0	0
AF	0	0.630543	3	3	0	0	0	0	0
AF	0	0.631168	1	1	0	0	0	0	0
AF	0	0.631480	1	1	0	0	0	0	0
AF	0	0.631793	1	1	0	0	0	0	0
AF	0	0.633979	1	1	0	0	0	0	0
AF	0	0.634603	1	1	0	0	0	0	0
AF	0	0.635228	1	0	1	0	0	0	0
AF	0	0.635540	2	2	0	0	0	0	0
AF	0	0.636477	1	0	1	0	0	0	0
AF	0	0.637726	1	1	0	0	0	0	0
AF	0	0.638039	1	1	0	0	0	0	0
AF	0	0.638351	1	1	0	0	0	0	0
AF	0	0.639913	1	1	0	0	0	0	0
AF	0	0.640849	1	0	1	0	0	0	0
AF	0	0.641786	1	1	0	0	0	0	0
AF	0	0.643036	1	1	0	0	0	0	0
AF	0	0.645222	1	1	0	0	0	0	0
AF	0	0.645534	1	0	1	0	0	0	0
AF	0	0.647096	1	0	1	0	0	0	0
AF	0	0.649282	1	0	1	0	0	0	0
AF	0	0.650843	1	1	0	0	0	0	0
AF	0	0.652405	1	1	0	0	0	0	0
AF	0	0.653342	1	1	0	0	0	0	0
AF	0	0.654591	2	1	1	0	0	0	0
AF	0	0.657402	2	1	1	0	0	0	0
AF	0	0.658026	2	1	1	0	0	0	0
AF	0	0.658651	1	1	0	0	0	0	0
AF	0	0.659275	1	0	1	0	0	0	0
AF	0	0.659588	2	2	0	0	0	0	0
AF	0	0.661462	1	0	1	0	0	0	0
AF	0	0.663960	1	0	1	0	0	0	0
AF	0	0.666146	1	1	0	0	0	0	0
AF	0	0.668957	1	1	0	0	0	0	0
AF	0	0.669582	1	0	1	0	0	0	0
AF	0	0.670518	2	2	0	0	0	0	0
AF	0	0.670831	1	1	0	0	0	0	0
AF	0	0.671143	3	3	0	0	0	0	0
AF	0	0.671768	2	2	0	0	0	0	0
AF	0	0.672080	1	1	0	0	0	0	0
AF	0	0.672392	2	1	1	0	0	0	0
AF	0	0.672705	1	1	0	0	0	0	0
AF	0	0.673017	2	1	1	0	0	0	0
AF	0	0.673329	1	1	0	0	0	0	0
AF	0	0.673641	2	2	0	0	0	0	0
AF	0	0.674266	1	1	0	0	0	0	0
AF	0	0.675828	1	0	1	0	0	0	0
AF	0	0.676452	2	0	2	0	0	0	0
AF	0	0.676765	2	1	1	0	0	0	0
AF	0	0.677077	1	0	1	0	0	0	0
AF	0	0.678014	1	1	0	0	0	0	0
AF	0	0.678638	1	0	1	0	0	0	0
AF	0	0.679888	1	1	0	0	0	0	0
AF	0	0.680512	2	1	1	0	0	0	0
AF	0	0.681137	1	1	0	0	0	0	0
AF	0	0.682074	1	0	1	0	0	0	0
AF	0	0.682386	2	2	0	0	0	0	0
AF	0	0.683948	1	1	0	0	0	0	0
AF	0	0.684260	1	0	1	0	0	0	0
AF	0	0.684884	3	1	2	0	0	0	0
AF	0	0.686134	1	0	1	0	0	0	0
AF	0	0.687695	3	3	0	0	0	0	0
AF	0	0.688007	7	3	4	0	0	0	0
AF	0	0.688320	1	1	0	0	0	0	0
AF	0	0.688632	1	0	1	0	0	0	0
AF	0	0.689569	1	0	1	0	0	0	0
AF	0	0.690194	1	1	0	0	0	0	0
AF	0	0.690506	1	1	0	0	0	0	0
AF	0	0.690818	1	0	1	0	0	0	0
AF	0	0.691131	1	0	1	0	0	0	0
AF	0	0.691443	1	1	0	0	0	0	0
AF	0	0.692067	1	0	1	0	0	0	0
AF	0	0.693941	2	2	0	0	0	0	0
AF	0	0.694254	3	3	0	0	0	0	0
AF	0	0.694878	1	0	1	0	0	0	0
AF	0	0.695191	1	0	1	0	0	0	0
AF	0	0.696752	1	0	1	0	0	0	0
AF	0	0.697377	1	0	1	0	0	0	0
AF	0	0.699563	1	0	1	0	0	0	0
AF	0	0.701124	1	0	1	0	0	0	0
AF	0	0.701749	2	0	2	0	0	0	0
AF	0	0.702061	4	3	1	0	0	0	0
AF	0	0.702374	5	4	1	0	0	0	0
AF	0	0.702998	4	2	2	0	0	0	0
AF	0	0.703623	1	1	0	0	0	0	0
AF	0	0.704247	1	0	1	0	0	0	0
AF	0	0.704560	1	1	0	0	0	0	0
AF	0	0.704872	1	1	0	0	0	0	0
AF	0	0.705497	1	1	0	0	0	0	0
AF	0	0.708620	1	0	1	0	0	0	0
AF	0	0.709244	1	1	0	0	0	0	0
AF	0	0.710493	2	2	0	0	0	0	0
AF	0	0.711118	1	0	1	0	0	0	0
AF	0	0.711430	2	1	1	0	0	0	0
AF	0	0.711743	4	0	4	0	0	0	0
AF	0	0.712992	2	2	0	0	0	0	0
AF	0	0.713616	1	1	0	0	0	0	0
AF	0	0.713929	1	1	0	0	0	0	0
AF	0	0.717676	1	1	0	0	0	0	0
AF	0	0.717989	1	0	1	0	0	0	0
AF	0	0.721112	1	1	0	0	0	0	0
AF	0	0.722361	1	1	0	0	0	0	0
AF	0	0.723610	1	1	0	0	0	0	0
AF	0	0.724547	1	0	1	0	0	0	0
AF	0	0.727983	1	0	1	0	0	0	0
AF	0	0.728607	1	1	0	0	0	0	0
AF	0	0.728919	3	2	1	0	0	0	0
AF	0	0.729232	11	10	1	0	0	0	0
AF	0	0.729856	3	2	1	0	0	0	0
AF	0	0.730169	2	1	1	0	0	0	0
AF	0	0.730793	1	1	0	0	0	0	0
AF	0	0.732355	1	1	0	0	0	0	0
AF	0	0.733604	1	1	0	0	0	0	0
AF	0	0.733916	1	1	0	0	0	0	0
AF	0	0.734229	1	1	0	0	0	0	0
AF	0	0.734853	1	0	1	0	0	0	0
AF	0	0.735166	2	2	0	0	0	0	0
AF	0	0.735478	2	2	0	0	0	0	0
AF	0	0.737039	1	0	1	0	0	0	0
AF	0	0.740475	1	0	1	0	0	0	0
AF	0	0.741724	2	2	0	0	0	0	0
AF	0	0.742036	1	1	0	0	0	0	0
AF	0	0.742349	1	0	1	0	0	0	0
AF	0	0.742661	1	1	0	0	0	0	0
AF	0	0.745472	1	1	0	0	0	0	0
AF	0	0.746096	2	2	0	0	0	0	0
AF	0	0.746408	2	2	0	0	0	0	0
AF	0	0.746721	3	1	2	0	0	0	0
AF	0	0.747345	2	2	0	0	0	0	0
AF	0	0.748595	1	0	1	0	0	0	0
AF	0	0.749532	1	1	0	0	0	0	0
AF	0	0.749844	4	4	0	0	0	0	0
AF	0	0.751405	1	1	0	0	0	0	0
AF	0	0.753279	1	1	0	0	0	0	0
AF	0	0.754216	1	0	1	0	0	0	0
AF	0	0.754528	1	0	1	0	0	0	0
AF	0	0.757339	2	2	0	0	0	0	0
AF	0	0.757964	1	1	0	0	0	0	0
AF	0	0.758588	1	1	0	0	0	0	0
AF	0	0.759213	1	0	1	0	0	0	0
AF	0	0.759525	2	0	2	0	0	0	0
AF	0	0.760150	1	0	1	0	0	0	0
AF	0	0.760775	1	0	1	0	0	0	0
AF	0	0.764210	1	1	0	0	0	0	0
AF	0	0.764522	1	0	1	0	0	0	0
AF	0	0.764834	1	1	0	0	0	0	0
AF	0	0.767958	1	1	0	0	0	0	0
AF	0	0.768894	1	0	1	0	0	0	0
AF	0	0.771081	1	0	1	0	0	0	0
AF	0	0.771705	3	0	3	0	0	0	0
AF	0	0.774516	1	1	0	0	0	0	0
AF	0	0.775141	1	1	0	0	0	0	0
AF	0	0.776077	1	1	0	0	0	0	0
AF	0	0.776390	1	1	0	0	0	0	0
AF	0	0.776702	2	1	1	0	0	0	0
AF	0	0.777014	1	1	0	0	0	0	0
AF	0	0.790131	1	1	0	0	0	0	0
AF	0	0.792005	1	1	0	0	0	0	0
AF	0	0.793879	3	2	1	0	0	0	0
AF	0	0.794816	2	1	1	0	0	0	0
AF	0	0.797002	1	1	0	0	0	0	0
AF	0	0.799813	1	1	0	0	0	0	0
AF	0	0.800750	1	1	0	0	0	0	0
AF	0	0.803248	1	1	0	0	0	0	0
AF	0	0.803873	1	0	1	0	0	0	0
AF	0	0.804185	1	1	0	0	0	0	0
AF	0	0.806371	1	0	1	0	0	0	0
AF	0	0.807620	1	1	0	0	0	0	0
AF	0	0.807933	1	0	1	0	0	0	0
AF	0	0.808245	1	1	0	0	0	0	0
AF	0	0.808557	1	1	0	0	0	0	0
AF	0	0.809182	1	1	0	0	0	0	0
AF	0	0.810119	1	0	1	0	0	0	0
AF	0	0.810743	2	1	1	0	0	0	0
AF	0	0.813866	1	1	0	0	0	0	0
AF	0	0.816052	1	0	1	0	0	0	0
AF	0	0.817614	1	0	1	0	0	0	0
AF	0	0.818239	2	0	2	0	0	0	0
AF	0	0.818551	1	1	0	0	0	0	0
AF	0	0.821049	1	1	0	0	0	0	0
AF	0	0.822923	1	0	1	0	0	0	0
AF	0	0.823235	1	1	0	0	0	0	0
AF	0	0.824172	1	1	0	0	0	0	0
AF	0	0.829794	2	2	0	0	0	0	0
AF	0	0.831043	1	0	1	0	0	0	0
AF	0	0.831668	1	1	0	0	0	0	0
AF	0	0.831980	2	2	0	0	0	0	0
AF	0	0.832292	1	0	1	0	0	0	0
AF	0	0.838226	2	0	2	0	0	0	0
AF	0	0.839163	1	0	1	0	0	0	0
AF	0	0.839475	1	1	0	0	0	0	0
AF	0	0.839788	2	1	1	0	0	0	0
AF	0	0.840100	1	0	1	0	0	0	0
AF	0	0.840725	1	1	0	0	0	0	0
AF	0	0.841037	2	1	1	0	0	0	0
AF	0	0.845721	1	1	0	0	0	0	0
AF	0	0.848220	1	0	1	0	0	0	0
AF	0	0.849469	1	1	0	0	0	0	0
AF	0	0.850094	1	1	0	0	0	0	0
AF	0	0.850406	2	2	0	0	0	0	0
AF	0	0.851031	1	1	0	0	0	0	0
AF	0	0.851343	1	0	1	0	0	0	0
AF	0	0.860712	1	1	0	0	0	0	0
AF	0	0.868832	1	1	0	0	0	0	0
AF	0	0.870394	1	1	0	0	0	0	0
AF	0	0.870706	2	2	0	0	0	0	0
AF	0	0.871018	1	1	0	0	0	0	0
AF	0	0.872580	2	1	1	0	0	0	0
AF	0	0.872892	1	1	0	0	0	0	0
AF	0	0.873517	1	0	1	0	0	0	0
AF	0	0.875703	1	0	1	0	0	0	0
AF	0	0.876015	2	2	0	0	0	0	0
AF	0	0.876327	1	1	0	0	0	0	0
AF	0	0.876952	1	1	0	0	0	0	0
AF	0	0.877577	1	1	0	0	0	0	0
AF	0	0.877889	1	1	0	0	0	0	0
AF	0	0.879450	1	0	1	0	0	0	0
AF	0	0.880075	1	1	0	0	0	0	0
AF	0	0.880700	1	0	1	0	0	0	0
AF	0	0.881324	1	1	0	0	0	0	0
AF	0	0.883823	1	1	0	0	0	0	0
AF	0	0.884135	1	1	0	0	0	0	0
AF	0	0.884447	2	1	1	0	0	0	0
AF	0	0.890069	1	1	0	0	0	0	0
AF	0	0.890693	1	1	0	0	0	0	0
AF	0	0.899126	1	0	1	0	0	0	0
AF	0	0.899750	1	1	0	0	0	0	0
AF	0	0.900062	1	1	0	0	0	0	0
AF	0	0.902249	1	1	0	0	0	0	0
AF	0	0.902561	1	1	0	0	0	0	0
AF	0	0.902873	1	1	0	0	0	0	0
AF	0	0.904122	1	1	0	0	0	0	0
AF	0	0.904747	1	1	0	0	0	0	0
AF	0	0.905996	1	1	0	0	0	0	0
AF	0	0.906933	1	1	0	0	0	0	0
AF	0	0.909119	1	0	1	0	0	0	0
AF	0	0.912867	1	1	0	0	0	0	0
AF	0	0.913804	1	1	0	0	0	0	0
AF	0	0.914116	1	1	0	0	0	0	0
AF	0	0.914741	1	1	0	0	0	0	0
AF	0	0.917239	3	2	1	0	0	0	0
AF	0	0.917864	1	1	0	0	0	0	0
AF	0	0.918488	4	2	2	0	0	0	0
AF	0	0.918801	4	4	0	0	0	0	0
AF	0	0.919738	1	1	0	0	0	0	0
AF	0	0.920362	1	0	1	0	0	0	0
AF	0	0.920987	2	1	1	0	0	0	0
AF	0	0.921924	1	1	0	0	0	0	0
AF	0	0.922861	1	1	0	0	0	0	0
AF	0	0.926921	1	0	1	0	0	0	0
AF	0	0.930981	2	2	0	0	0	0	0
AF	0	0.931605	1	1	0	0	0	0	0
AF	0	0.931918	2	1	1	0	0	0	0
AF	0	0.932230	1	0	1	0	0	0	0
AF	0	0.932854	3	3	0	0	0	0	0
AF	0	0.933167	3	2	1	0	0	0	0
AF	0	0.933479	2	0	2	0	0	0	0
AF	0	0.933791	1	0	1	0	0	0	0
AF	0	0.934728	1	0	1	0	0	0	0
AF	0	0.935353	1	1	0	0	0	0	0
AF	0	0.937851	2	1	1	0	0	0	0
AF	0	0.938164	2	2	0	0	0	0	0
AF	0	0.938476	2	1	1	0	0	0	0
AF	0	0.939101	1	0	1	0	0	0	0
AF	0	0.943473	1	1	0	0	0	0	0
AF	0	0.952842	1	1	0	0	0	0	0
AF	0	0.954091	1	1	0	0	0	0	0
AF	0	0.962211	1	0	1	0	0	0	0
AF	0	0.962836	1	1	0	0	0	0	0
AF	0	0.963148	1	0	1	0	0	0	0
AF	0	0.968457	1	1	0	0	0	0	0
AF	0	0.970643	1	0	1	0	0	0	0
AF	0	0.970956	1	1	0	0	0	0	0
AF	0	0.976265	1	0	1	0	0	0	0
AF	0	0.978451	1	1	0	0	0	0	0
AF	0	0.979076	2	1	1	0	0	0	0
AF	0	0.979700	2	2	0	0	0	0	0
AF	0	0.980012	1	1	0	0	0	0	0
AF	0	0.982823	1	1	0	0	0	0	0
AF	0	0.983760	1	1	0	0	0	0	0
AF	0	0.984072	1	0	1	0	0	0	0
AF	0	0.984385	2	2	0	0	0	0	0
AF	0	0.984697	3	2	1	0	0	0	0
AF	0	0.986571	1	0	1	0	0	0	0
AF	0	0.989694	1	1	0	0	0	0	0
AF	0	0.990319	1	1	0	0	0	0	0
AF	0	0.991255	1	0	1	0	0	0	0
AF	0	0.991568	1	0	1	0	0	0	0
AF	0	0.992192	3	2	1	0	0	0	0
AF	0	0.993442	2	2	0	0	0	0	0
AF	0	0.994066	2	1	1	0	0	0	0
AF	0	0.994691	2	0	2	0	0	0	0
AF	0	0.995315	2	1	1	0	0	0	0
AF	0	0.995940	1	0	1	0	0	0	0
AF	0	0.996252	1	1	0	0	0	0	0
AF	0	0.996565	1	1	0	0	0	0	0
AF	0	0.997189	4	2	2	0	0	0	0
AF	0	0.997814	2	2	0	0	0	0	0
AF	0	0.998438	3	3	0	0	0	0	0
AF	0	0.998751	1	1	0	0	0	0	0
# QUAL, Stats by quality
# QUAL	[2]id	[3]Quality	[4]number of SNPs	[5]number of transitions (1st ALT)	[6]number of transversions (1st ALT)	[7]number of indels
QUAL	0	.	17092	11412	5680	0
# IDD, InDel distribution:
# IDD	[2]id	[3]length (deletions negative)	[4]number of sites	[5]number of genotypes	[6]mean VAF
# ST, Substitution types:
# ST	[2]id	[3]type	[4]count
ST	0	A>C	649
ST	0	A>G	2499
ST	0	A>T	650
ST	0	C>A	831
ST	0	C>G	692
ST	0	C>T	3141
ST	0	G>A	3301
ST	0	G>C	699
ST	0	G>T	812
ST	0	T>A	662
ST	0	T>C	2471
ST	0	T>G	685
# DP, Depth distribution
# DP	[2]id	[3]bin	[4]number of genotypes	[5]fraction of genotypes (%)	[6]number of sites	[7]fraction of sites (%)
  - Fix haploid genotypes in males...

Submit MakeDiploidMalesX finished successfully. Let's have a beer, buddy!

