Submit MakeDiploidMalesX
version 1.1.6 (2024-09-30)

These are the settings:
  Input file................: /hpc/local/Rocky8/dhl_ec/software/MonopogenLite/resources/1kGP_high_coverage_Illumina.SNVonly_poly.filtered_AF_5e-04.norm.fixvariantid.chrX.vcf.gz
  Output file...............: /hpc/local/Rocky8/dhl_ec/software/MonopogenLite/resources/1kGP_high_coverage_Illumina.SNVonly_poly.filtered_AF_5e-04.norm.fixvariantid.makediploid.chrX.vcf.gz
  Chunk size................: 100

  SLURM CPUs................: 4
  SLURM Array ID............: 36 (of 100)
  SLURM memory..............: 16G
  SLURM time................: 01:00:00
  SLURM mail type...........: FAIL
  SLURM mail user...........: s.w.vanderlaan-2@umcutrecht.nl

  Dry run mode..............: 0
  Debug mode................: 1
  Verbosity.................: 0
  Version...................: 1.1.6 (2024-09-30)

Making converting haploid genotypes to diploid genotypes.
> Extract the region for this SLURM task (# 36) from the BED file.
  - Get the chunk number from the SLURM array task ID and the bed file...
DEBUG: Extracting chunk number: 36p from 36
DEBUG: Extracting region from BED file: /hpc/local/Rocky8/dhl_ec/software/MonopogenLite/resources/chrX_100pieces.bed
  - Extract the region from the BED file...
DEBUG: Extracted raw region: 'chrX	54614281	56174688' (chunk #: 36p of 100 for job 36)
  - Check if a valid region was extracted -- should be 'chrX	54614281	56174688'...
  - Prepare the region for bcftools...
  - Check if the region (chrX:54614281-56174688) was successfully extracted...
> Processing region 'chrX:54614281-56174688'...
  - Process the specific region (chunk# 36) using bcftools view...
  - Index the VCF file...
DEBUG: Check if the VCF file was successfully processed...
##fileformat=VCFv4.2
##FILTER=<ID=PASS,Description="All filters passed">
##fileDate=29/01/2022 - 14:31:41
##source=shapeit4.2.2
##contig=<ID=chr1,length=248956422>
##contig=<ID=chr2,length=242193529>
##contig=<ID=chr3,length=198295559>
##contig=<ID=chr4,length=190214555>
##contig=<ID=chr5,length=181538259>
##contig=<ID=chr6,length=170805979>
# This file was produced by bcftools stats (1.20+htslib-1.20) and can be plotted using plot-vcfstats.
# The command line was:	bcftools stats  /hpc/local/Rocky8/dhl_ec/software/MonopogenLite/resources/chrX.part36.vcf.gz
#
# Definition of sets:
# ID	[2]id	[3]tab-separated file names
ID	0	/hpc/local/Rocky8/dhl_ec/software/MonopogenLite/resources/chrX.part36.vcf.gz
# SN, Summary numbers:
#   number of records   .. number of data rows in the VCF
#   number of no-ALTs   .. reference-only sites, ALT is either "." or identical to REF
#   number of SNPs      .. number of rows with a SNP
#   number of MNPs      .. number of rows with a MNP, such as CC>TT
#   number of indels    .. number of rows with an indel
#   number of others    .. number of rows with other type, for example a symbolic allele or
#                          a complex substitution, such as ACT>TCGA
#   number of multiallelic sites     .. number of rows with multiple alternate alleles
#   number of multiallelic SNP sites .. number of rows with multiple alternate alleles, all SNPs
# 
#   Note that rows containing multiple types will be counted multiple times, in each
#   counter. For example, a row with a SNP and an indel increments both the SNP and
#   the indel counter.
# 
# SN	[2]id	[3]key	[4]value
SN	0	number of samples:	3202
SN	0	number of records:	16349
SN	0	number of no-ALTs:	0
SN	0	number of SNPs:	16349
SN	0	number of MNPs:	0
SN	0	number of indels:	0
SN	0	number of others:	0
SN	0	number of multiallelic sites:	0
SN	0	number of multiallelic SNP sites:	0
# TSTV, transitions/transversions:
# TSTV	[2]id	[3]ts	[4]tv	[5]ts/tv	[6]ts (1st ALT)	[7]tv (1st ALT)	[8]ts/tv (1st ALT)
TSTV	0	10647	5702	1.87	10647	5702	1.87
# SiS, Singleton stats:
# SiS	[2]id	[3]allele count	[4]number of SNPs	[5]number of transitions	[6]number of transversions	[7]number of indels	[8]repeat-consistent	[9]repeat-inconsistent	[10]not applicable
SiS	0	1	0	0	0	0	0	0	0
# AF, Stats by non-reference allele frequency:
# AF	[2]id	[3]allele frequency	[4]number of SNPs	[5]number of transitions	[6]number of transversions	[7]number of indels	[8]repeat-consistent	[9]repeat-inconsistent	[10]not applicable
AF	0	0.000312	2771	1809	962	0	0	0	0
AF	0	0.000625	1642	1059	583	0	0	0	0
AF	0	0.000937	1994	1292	702	0	0	0	0
AF	0	0.001249	536	369	167	0	0	0	0
AF	0	0.001562	886	610	276	0	0	0	0
AF	0	0.001874	454	281	173	0	0	0	0
AF	0	0.002186	669	436	233	0	0	0	0
AF	0	0.002498	319	211	108	0	0	0	0
AF	0	0.002811	405	269	136	0	0	0	0
AF	0	0.003123	225	155	70	0	0	0	0
AF	0	0.003435	312	191	121	0	0	0	0
AF	0	0.003748	331	221	110	0	0	0	0
AF	0	0.004060	275	191	84	0	0	0	0
AF	0	0.004372	115	78	37	0	0	0	0
AF	0	0.004685	187	115	72	0	0	0	0
AF	0	0.004997	94	57	37	0	0	0	0
AF	0	0.005309	142	97	45	0	0	0	0
AF	0	0.005621	61	35	26	0	0	0	0
AF	0	0.005934	125	80	45	0	0	0	0
AF	0	0.006246	65	40	25	0	0	0	0
AF	0	0.006558	128	85	43	0	0	0	0
AF	0	0.006871	64	44	20	0	0	0	0
AF	0	0.007183	86	56	30	0	0	0	0
AF	0	0.007495	41	21	20	0	0	0	0
AF	0	0.007808	101	67	34	0	0	0	0
AF	0	0.008120	47	22	25	0	0	0	0
AF	0	0.008432	82	53	29	0	0	0	0
AF	0	0.008745	28	20	8	0	0	0	0
AF	0	0.009057	62	44	18	0	0	0	0
AF	0	0.009369	39	29	10	0	0	0	0
AF	0	0.009681	56	36	20	0	0	0	0
AF	0	0.009994	36	24	12	0	0	0	0
AF	0	0.010306	71	41	30	0	0	0	0
AF	0	0.010618	57	30	27	0	0	0	0
AF	0	0.010931	45	30	15	0	0	0	0
AF	0	0.011243	26	19	7	0	0	0	0
AF	0	0.011555	63	48	15	0	0	0	0
AF	0	0.011868	15	10	5	0	0	0	0
AF	0	0.012180	34	23	11	0	0	0	0
AF	0	0.012492	10	9	1	0	0	0	0
AF	0	0.012804	28	16	12	0	0	0	0
AF	0	0.013117	30	19	11	0	0	0	0
AF	0	0.013429	37	24	13	0	0	0	0
AF	0	0.013741	23	16	7	0	0	0	0
AF	0	0.014054	32	22	10	0	0	0	0
AF	0	0.014366	8	5	3	0	0	0	0
AF	0	0.014678	35	25	10	0	0	0	0
AF	0	0.014991	6	4	2	0	0	0	0
AF	0	0.015303	22	11	11	0	0	0	0
AF	0	0.015615	8	4	4	0	0	0	0
AF	0	0.015928	15	7	8	0	0	0	0
AF	0	0.016240	19	15	4	0	0	0	0
AF	0	0.016552	30	17	13	0	0	0	0
AF	0	0.016864	4	2	2	0	0	0	0
AF	0	0.017177	56	35	21	0	0	0	0
AF	0	0.017489	15	7	8	0	0	0	0
AF	0	0.017801	25	16	9	0	0	0	0
AF	0	0.018114	11	9	2	0	0	0	0
AF	0	0.018426	17	11	6	0	0	0	0
AF	0	0.018738	11	5	6	0	0	0	0
AF	0	0.019051	33	19	14	0	0	0	0
AF	0	0.019363	15	6	9	0	0	0	0
AF	0	0.019675	27	18	9	0	0	0	0
AF	0	0.019988	8	5	3	0	0	0	0
AF	0	0.020300	24	14	10	0	0	0	0
AF	0	0.020612	16	13	3	0	0	0	0
AF	0	0.020924	31	20	11	0	0	0	0
AF	0	0.021237	9	4	5	0	0	0	0
AF	0	0.021549	18	13	5	0	0	0	0
AF	0	0.021861	13	6	7	0	0	0	0
AF	0	0.022174	14	7	7	0	0	0	0
AF	0	0.022486	11	6	5	0	0	0	0
AF	0	0.022798	18	11	7	0	0	0	0
AF	0	0.023111	7	4	3	0	0	0	0
AF	0	0.023423	13	4	9	0	0	0	0
AF	0	0.023735	19	9	10	0	0	0	0
AF	0	0.024047	28	19	9	0	0	0	0
AF	0	0.024360	11	4	7	0	0	0	0
AF	0	0.024672	11	9	2	0	0	0	0
AF	0	0.024984	8	7	1	0	0	0	0
AF	0	0.025297	23	14	9	0	0	0	0
AF	0	0.025609	14	12	2	0	0	0	0
AF	0	0.025921	13	7	6	0	0	0	0
AF	0	0.026234	4	4	0	0	0	0	0
AF	0	0.026546	13	11	2	0	0	0	0
AF	0	0.026858	10	7	3	0	0	0	0
AF	0	0.027171	9	6	3	0	0	0	0
AF	0	0.027483	9	6	3	0	0	0	0
AF	0	0.027795	14	9	5	0	0	0	0
AF	0	0.028107	6	4	2	0	0	0	0
AF	0	0.028420	14	9	5	0	0	0	0
AF	0	0.028732	6	2	4	0	0	0	0
AF	0	0.029044	15	6	9	0	0	0	0
AF	0	0.029357	4	4	0	0	0	0	0
AF	0	0.029669	10	7	3	0	0	0	0
AF	0	0.029981	8	4	4	0	0	0	0
AF	0	0.030294	14	8	6	0	0	0	0
AF	0	0.030606	16	8	8	0	0	0	0
AF	0	0.030918	11	8	3	0	0	0	0
AF	0	0.031230	11	8	3	0	0	0	0
AF	0	0.031543	14	8	6	0	0	0	0
AF	0	0.031855	5	3	2	0	0	0	0
AF	0	0.032167	25	20	5	0	0	0	0
AF	0	0.032480	10	7	3	0	0	0	0
AF	0	0.032792	9	5	4	0	0	0	0
AF	0	0.033104	3	3	0	0	0	0	0
AF	0	0.033417	7	2	5	0	0	0	0
AF	0	0.033729	6	2	4	0	0	0	0
AF	0	0.034041	8	7	1	0	0	0	0
AF	0	0.034354	7	5	2	0	0	0	0
AF	0	0.034666	8	5	3	0	0	0	0
AF	0	0.034978	6	4	2	0	0	0	0
AF	0	0.035290	4	3	1	0	0	0	0
AF	0	0.035603	2	2	0	0	0	0	0
AF	0	0.035915	5	2	3	0	0	0	0
AF	0	0.036227	4	4	0	0	0	0	0
AF	0	0.036540	5	4	1	0	0	0	0
AF	0	0.036852	10	7	3	0	0	0	0
AF	0	0.037164	8	6	2	0	0	0	0
AF	0	0.037477	5	4	1	0	0	0	0
AF	0	0.037789	11	7	4	0	0	0	0
AF	0	0.038101	10	6	4	0	0	0	0
AF	0	0.038413	10	6	4	0	0	0	0
AF	0	0.038726	3	3	0	0	0	0	0
AF	0	0.039038	8	0	8	0	0	0	0
AF	0	0.039350	2	1	1	0	0	0	0
AF	0	0.039663	4	3	1	0	0	0	0
AF	0	0.039975	4	2	2	0	0	0	0
AF	0	0.040287	9	6	3	0	0	0	0
AF	0	0.040912	5	3	2	0	0	0	0
AF	0	0.041224	2	1	1	0	0	0	0
AF	0	0.041537	2	2	0	0	0	0	0
AF	0	0.041849	2	2	0	0	0	0	0
AF	0	0.042161	2	2	0	0	0	0	0
AF	0	0.042473	1	1	0	0	0	0	0
AF	0	0.042786	5	4	1	0	0	0	0
AF	0	0.043098	3	1	2	0	0	0	0
AF	0	0.043410	8	7	1	0	0	0	0
AF	0	0.043723	4	2	2	0	0	0	0
AF	0	0.044347	1	1	0	0	0	0	0
AF	0	0.044660	4	2	2	0	0	0	0
AF	0	0.044972	5	1	4	0	0	0	0
AF	0	0.045284	2	1	1	0	0	0	0
AF	0	0.045597	2	2	0	0	0	0	0
AF	0	0.045909	5	3	2	0	0	0	0
AF	0	0.046221	3	2	1	0	0	0	0
AF	0	0.046533	11	8	3	0	0	0	0
AF	0	0.046846	2	1	1	0	0	0	0
AF	0	0.047158	7	5	2	0	0	0	0
AF	0	0.047470	6	5	1	0	0	0	0
AF	0	0.047783	8	3	5	0	0	0	0
AF	0	0.048407	6	5	1	0	0	0	0
AF	0	0.048720	4	3	1	0	0	0	0
AF	0	0.049032	7	5	2	0	0	0	0
AF	0	0.049344	5	4	1	0	0	0	0
AF	0	0.049656	1	1	0	0	0	0	0
AF	0	0.049969	3	2	1	0	0	0	0
AF	0	0.050281	3	3	0	0	0	0	0
AF	0	0.050906	4	3	1	0	0	0	0
AF	0	0.051218	6	5	1	0	0	0	0
AF	0	0.051530	4	3	1	0	0	0	0
AF	0	0.051843	2	1	1	0	0	0	0
AF	0	0.052155	2	2	0	0	0	0	0
AF	0	0.052467	4	1	3	0	0	0	0
AF	0	0.052780	6	2	4	0	0	0	0
AF	0	0.053404	2	2	0	0	0	0	0
AF	0	0.053716	2	1	1	0	0	0	0
AF	0	0.054029	1	0	1	0	0	0	0
AF	0	0.054653	3	1	2	0	0	0	0
AF	0	0.054966	4	3	1	0	0	0	0
AF	0	0.055278	4	2	2	0	0	0	0
AF	0	0.055590	1	1	0	0	0	0	0
AF	0	0.055903	3	2	1	0	0	0	0
AF	0	0.056527	7	7	0	0	0	0	0
AF	0	0.056839	2	2	0	0	0	0	0
AF	0	0.057152	5	3	2	0	0	0	0
AF	0	0.057464	1	1	0	0	0	0	0
AF	0	0.058089	1	0	1	0	0	0	0
AF	0	0.058401	2	1	1	0	0	0	0
AF	0	0.059026	1	1	0	0	0	0	0
AF	0	0.059338	1	1	0	0	0	0	0
AF	0	0.059650	1	1	0	0	0	0	0
AF	0	0.059963	1	1	0	0	0	0	0
AF	0	0.060275	1	1	0	0	0	0	0
AF	0	0.060587	2	1	1	0	0	0	0
AF	0	0.061212	1	1	0	0	0	0	0
AF	0	0.062149	2	2	0	0	0	0	0
AF	0	0.062773	1	0	1	0	0	0	0
AF	0	0.063086	3	2	1	0	0	0	0
AF	0	0.063398	1	1	0	0	0	0	0
AF	0	0.063710	1	0	1	0	0	0	0
AF	0	0.064022	1	1	0	0	0	0	0
AF	0	0.065272	2	2	0	0	0	0	0
AF	0	0.065584	1	1	0	0	0	0	0
AF	0	0.065896	1	1	0	0	0	0	0
AF	0	0.066209	2	1	1	0	0	0	0
AF	0	0.066521	2	1	1	0	0	0	0
AF	0	0.066833	1	1	0	0	0	0	0
AF	0	0.067146	2	1	1	0	0	0	0
AF	0	0.067458	1	0	1	0	0	0	0
AF	0	0.067770	4	1	3	0	0	0	0
AF	0	0.068082	4	3	1	0	0	0	0
AF	0	0.068395	7	6	1	0	0	0	0
AF	0	0.068707	1	0	1	0	0	0	0
AF	0	0.069019	7	3	4	0	0	0	0
AF	0	0.069332	3	2	1	0	0	0	0
AF	0	0.069644	3	2	1	0	0	0	0
AF	0	0.069956	3	2	1	0	0	0	0
AF	0	0.070269	6	5	1	0	0	0	0
AF	0	0.070893	5	2	3	0	0	0	0
AF	0	0.071205	2	1	1	0	0	0	0
AF	0	0.071518	2	2	0	0	0	0	0
AF	0	0.071830	1	0	1	0	0	0	0
AF	0	0.072142	1	1	0	0	0	0	0
AF	0	0.072767	1	1	0	0	0	0	0
AF	0	0.073079	2	1	1	0	0	0	0
AF	0	0.073392	3	1	2	0	0	0	0
AF	0	0.074016	4	2	2	0	0	0	0
AF	0	0.074329	1	0	1	0	0	0	0
AF	0	0.074641	2	1	1	0	0	0	0
AF	0	0.074953	1	1	0	0	0	0	0
AF	0	0.075578	1	1	0	0	0	0	0
AF	0	0.076202	1	1	0	0	0	0	0
AF	0	0.076827	2	2	0	0	0	0	0
AF	0	0.077452	1	1	0	0	0	0	0
AF	0	0.078389	2	0	2	0	0	0	0
AF	0	0.079325	6	5	1	0	0	0	0
AF	0	0.079638	5	4	1	0	0	0	0
AF	0	0.080262	1	1	0	0	0	0	0
AF	0	0.080575	1	1	0	0	0	0	0
AF	0	0.080887	5	3	2	0	0	0	0
AF	0	0.081199	2	1	1	0	0	0	0
AF	0	0.081512	3	2	1	0	0	0	0
AF	0	0.082448	2	1	1	0	0	0	0
AF	0	0.082761	4	2	2	0	0	0	0
AF	0	0.083385	1	1	0	0	0	0	0
AF	0	0.083698	3	3	0	0	0	0	0
AF	0	0.084010	16	10	6	0	0	0	0
AF	0	0.084322	1	1	0	0	0	0	0
AF	0	0.084635	2	2	0	0	0	0	0
AF	0	0.085259	2	0	2	0	0	0	0
AF	0	0.086508	1	1	0	0	0	0	0
AF	0	0.086821	1	0	1	0	0	0	0
AF	0	0.087133	3	2	1	0	0	0	0
AF	0	0.087445	1	0	1	0	0	0	0
AF	0	0.087758	3	3	0	0	0	0	0
AF	0	0.088695	3	3	0	0	0	0	0
AF	0	0.090256	2	2	0	0	0	0	0
AF	0	0.090881	3	1	2	0	0	0	0
AF	0	0.091193	2	1	1	0	0	0	0
AF	0	0.091505	6	4	2	0	0	0	0
AF	0	0.091818	6	4	2	0	0	0	0
AF	0	0.092130	5	3	2	0	0	0	0
AF	0	0.092442	26	20	6	0	0	0	0
AF	0	0.092755	9	7	2	0	0	0	0
AF	0	0.093067	2	2	0	0	0	0	0
AF	0	0.093379	2	2	0	0	0	0	0
AF	0	0.093691	4	2	2	0	0	0	0
AF	0	0.094004	8	5	3	0	0	0	0
AF	0	0.094628	2	2	0	0	0	0	0
AF	0	0.094941	5	3	2	0	0	0	0
AF	0	0.095253	3	2	1	0	0	0	0
AF	0	0.095565	3	2	1	0	0	0	0
AF	0	0.095878	5	4	1	0	0	0	0
AF	0	0.096502	7	6	1	0	0	0	0
AF	0	0.096814	2	2	0	0	0	0	0
AF	0	0.097127	1	1	0	0	0	0	0
AF	0	0.097439	1	1	0	0	0	0	0
AF	0	0.097751	12	10	2	0	0	0	0
AF	0	0.098064	1	1	0	0	0	0	0
AF	0	0.098376	5	3	2	0	0	0	0
AF	0	0.098688	6	2	4	0	0	0	0
AF	0	0.099001	11	9	2	0	0	0	0
AF	0	0.099313	1	0	1	0	0	0	0
AF	0	0.100250	2	2	0	0	0	0	0
AF	0	0.101499	3	2	1	0	0	0	0
AF	0	0.101811	1	1	0	0	0	0	0
AF	0	0.102748	2	1	1	0	0	0	0
AF	0	0.103061	2	1	1	0	0	0	0
AF	0	0.103373	1	0	1	0	0	0	0
AF	0	0.103998	1	1	0	0	0	0	0
AF	0	0.104622	1	1	0	0	0	0	0
AF	0	0.105871	1	1	0	0	0	0	0
AF	0	0.106184	1	0	1	0	0	0	0
AF	0	0.106496	1	0	1	0	0	0	0
AF	0	0.107745	1	1	0	0	0	0	0
AF	0	0.109307	1	0	1	0	0	0	0
AF	0	0.109931	6	3	3	0	0	0	0
AF	0	0.110244	6	3	3	0	0	0	0
AF	0	0.110556	1	1	0	0	0	0	0
AF	0	0.111181	1	1	0	0	0	0	0
AF	0	0.111805	1	1	0	0	0	0	0
AF	0	0.112430	1	1	0	0	0	0	0
AF	0	0.113054	1	0	1	0	0	0	0
AF	0	0.113991	2	2	0	0	0	0	0
AF	0	0.114304	8	5	3	0	0	0	0
AF	0	0.114928	1	1	0	0	0	0	0
AF	0	0.115240	1	1	0	0	0	0	0
AF	0	0.115553	1	0	1	0	0	0	0
AF	0	0.116177	2	2	0	0	0	0	0
AF	0	0.117739	1	1	0	0	0	0	0
AF	0	0.118676	3	2	1	0	0	0	0
AF	0	0.118988	1	0	1	0	0	0	0
AF	0	0.119300	1	1	0	0	0	0	0
AF	0	0.119925	3	3	0	0	0	0	0
AF	0	0.121174	1	1	0	0	0	0	0
AF	0	0.124922	1	0	1	0	0	0	0
AF	0	0.125234	1	0	1	0	0	0	0
AF	0	0.125547	2	0	2	0	0	0	0
AF	0	0.125859	1	1	0	0	0	0	0
AF	0	0.127420	9	7	2	0	0	0	0
AF	0	0.128045	1	1	0	0	0	0	0
AF	0	0.129294	1	1	0	0	0	0	0
AF	0	0.131168	1	0	1	0	0	0	0
AF	0	0.133042	1	1	0	0	0	0	0
AF	0	0.133666	1	0	1	0	0	0	0
AF	0	0.134291	1	1	0	0	0	0	0
AF	0	0.134916	1	0	1	0	0	0	0
AF	0	0.135853	4	3	1	0	0	0	0
AF	0	0.136165	7	4	3	0	0	0	0
AF	0	0.136477	1	1	0	0	0	0	0
AF	0	0.136790	4	4	0	0	0	0	0
AF	0	0.137726	1	1	0	0	0	0	0
AF	0	0.138039	1	0	1	0	0	0	0
AF	0	0.138663	1	0	1	0	0	0	0
AF	0	0.139600	3	2	1	0	0	0	0
AF	0	0.139913	5	2	3	0	0	0	0
AF	0	0.140225	4	3	1	0	0	0	0
AF	0	0.141162	1	1	0	0	0	0	0
AF	0	0.141786	1	0	1	0	0	0	0
AF	0	0.142723	1	0	1	0	0	0	0
AF	0	0.144285	1	1	0	0	0	0	0
AF	0	0.145534	1	1	0	0	0	0	0
AF	0	0.146159	1	1	0	0	0	0	0
AF	0	0.146783	1	1	0	0	0	0	0
AF	0	0.147096	4	2	2	0	0	0	0
AF	0	0.147408	8	3	5	0	0	0	0
AF	0	0.148032	1	0	1	0	0	0	0
AF	0	0.148345	2	2	0	0	0	0	0
AF	0	0.148657	9	6	3	0	0	0	0
AF	0	0.148969	3	3	0	0	0	0	0
AF	0	0.149282	6	4	2	0	0	0	0
AF	0	0.149594	5	3	2	0	0	0	0
AF	0	0.149906	10	5	5	0	0	0	0
AF	0	0.150219	1	0	1	0	0	0	0
AF	0	0.150843	2	1	1	0	0	0	0
AF	0	0.153029	3	2	1	0	0	0	0
AF	0	0.153342	3	3	0	0	0	0	0
AF	0	0.153654	5	4	1	0	0	0	0
AF	0	0.153966	1	0	1	0	0	0	0
AF	0	0.156152	1	1	0	0	0	0	0
AF	0	0.156465	1	0	1	0	0	0	0
AF	0	0.161149	1	1	0	0	0	0	0
AF	0	0.162399	1	0	1	0	0	0	0
AF	0	0.164272	1	0	1	0	0	0	0
AF	0	0.164897	1	1	0	0	0	0	0
AF	0	0.165209	1	1	0	0	0	0	0
AF	0	0.165522	1	1	0	0	0	0	0
AF	0	0.166146	3	3	0	0	0	0	0
AF	0	0.167395	1	1	0	0	0	0	0
AF	0	0.172392	2	2	0	0	0	0	0
AF	0	0.174578	1	0	1	0	0	0	0
AF	0	0.179888	1	1	0	0	0	0	0
AF	0	0.184572	2	1	1	0	0	0	0
AF	0	0.186134	1	1	0	0	0	0	0
AF	0	0.186446	1	0	1	0	0	0	0
AF	0	0.187383	1	0	1	0	0	0	0
AF	0	0.189569	1	0	1	0	0	0	0
AF	0	0.192067	1	1	0	0	0	0	0
AF	0	0.194254	4	3	1	0	0	0	0
AF	0	0.194878	2	1	1	0	0	0	0
AF	0	0.195191	1	1	0	0	0	0	0
AF	0	0.195815	2	1	1	0	0	0	0
AF	0	0.196127	5	3	2	0	0	0	0
AF	0	0.196440	3	3	0	0	0	0	0
AF	0	0.196752	2	1	1	0	0	0	0
AF	0	0.197377	1	1	0	0	0	0	0
AF	0	0.198001	1	0	1	0	0	0	0
AF	0	0.202061	1	0	1	0	0	0	0
AF	0	0.202374	1	0	1	0	0	0	0
AF	0	0.202998	1	1	0	0	0	0	0
AF	0	0.203310	2	1	1	0	0	0	0
AF	0	0.203623	2	1	1	0	0	0	0
AF	0	0.206121	1	0	1	0	0	0	0
AF	0	0.210493	1	1	0	0	0	0	0
AF	0	0.218613	1	0	1	0	0	0	0
AF	0	0.219238	1	1	0	0	0	0	0
AF	0	0.219863	1	0	1	0	0	0	0
AF	0	0.225796	2	2	0	0	0	0	0
AF	0	0.226109	1	1	0	0	0	0	0
AF	0	0.229544	1	0	1	0	0	0	0
AF	0	0.232042	4	4	0	0	0	0	0
AF	0	0.232355	1	0	1	0	0	0	0
AF	0	0.232979	2	2	0	0	0	0	0
AF	0	0.233292	4	2	2	0	0	0	0
AF	0	0.233604	2	2	0	0	0	0	0
AF	0	0.233916	5	3	2	0	0	0	0
AF	0	0.234229	4	3	1	0	0	0	0
AF	0	0.234541	1	1	0	0	0	0	0
AF	0	0.237664	1	1	0	0	0	0	0
AF	0	0.238913	1	1	0	0	0	0	0
AF	0	0.243285	1	0	1	0	0	0	0
AF	0	0.243598	1	0	1	0	0	0	0
AF	0	0.244535	1	1	0	0	0	0	0
AF	0	0.244847	2	0	2	0	0	0	0
AF	0	0.245159	1	0	1	0	0	0	0
AF	0	0.245784	6	5	1	0	0	0	0
AF	0	0.246096	7	6	1	0	0	0	0
AF	0	0.246408	22	15	7	0	0	0	0
AF	0	0.246721	1	1	0	0	0	0	0
AF	0	0.247345	1	1	0	0	0	0	0
AF	0	0.247970	1	0	1	0	0	0	0
AF	0	0.253592	1	0	1	0	0	0	0
AF	0	0.254841	1	0	1	0	0	0	0
AF	0	0.257651	2	2	0	0	0	0	0
AF	0	0.259525	2	1	1	0	0	0	0
AF	0	0.260150	1	1	0	0	0	0	0
AF	0	0.260775	1	0	1	0	0	0	0
AF	0	0.261087	1	1	0	0	0	0	0
AF	0	0.261399	2	0	2	0	0	0	0
AF	0	0.261711	1	1	0	0	0	0	0
AF	0	0.262024	2	1	1	0	0	0	0
AF	0	0.263898	1	0	1	0	0	0	0
AF	0	0.264210	1	0	1	0	0	0	0
AF	0	0.264522	1	1	0	0	0	0	0
AF	0	0.265147	1	1	0	0	0	0	0
AF	0	0.265459	1	1	0	0	0	0	0
AF	0	0.265771	3	2	1	0	0	0	0
AF	0	0.266396	2	1	1	0	0	0	0
AF	0	0.269207	2	2	0	0	0	0	0
AF	0	0.270144	2	2	0	0	0	0	0
AF	0	0.270456	1	1	0	0	0	0	0
AF	0	0.271393	2	0	2	0	0	0	0
AF	0	0.272642	3	1	2	0	0	0	0
AF	0	0.272954	1	1	0	0	0	0	0
AF	0	0.273891	1	1	0	0	0	0	0
AF	0	0.275141	1	1	0	0	0	0	0
AF	0	0.275765	1	1	0	0	0	0	0
AF	0	0.276077	1	1	0	0	0	0	0
AF	0	0.276390	1	1	0	0	0	0	0
AF	0	0.276702	2	2	0	0	0	0	0
AF	0	0.277014	1	1	0	0	0	0	0
AF	0	0.277639	1	1	0	0	0	0	0
AF	0	0.277951	1	1	0	0	0	0	0
AF	0	0.280137	1	0	1	0	0	0	0
AF	0	0.280762	1	0	1	0	0	0	0
AF	0	0.281387	1	0	1	0	0	0	0
AF	0	0.283885	1	1	0	0	0	0	0
AF	0	0.285134	5	4	1	0	0	0	0
AF	0	0.285447	1	0	1	0	0	0	0
AF	0	0.285759	1	1	0	0	0	0	0
AF	0	0.286071	1	0	1	0	0	0	0
AF	0	0.286384	1	1	0	0	0	0	0
AF	0	0.287633	1	0	1	0	0	0	0
AF	0	0.288257	2	2	0	0	0	0	0
AF	0	0.288570	1	0	1	0	0	0	0
AF	0	0.288882	1	1	0	0	0	0	0
AF	0	0.290131	2	0	2	0	0	0	0
AF	0	0.290443	1	1	0	0	0	0	0
AF	0	0.290756	2	2	0	0	0	0	0
AF	0	0.292005	1	1	0	0	0	0	0
AF	0	0.292630	1	1	0	0	0	0	0
AF	0	0.294191	1	1	0	0	0	0	0
AF	0	0.294816	2	2	0	0	0	0	0
AF	0	0.295128	5	4	1	0	0	0	0
AF	0	0.295440	2	2	0	0	0	0	0
AF	0	0.295753	1	1	0	0	0	0	0
AF	0	0.296377	2	2	0	0	0	0	0
AF	0	0.297626	1	1	0	0	0	0	0
AF	0	0.298251	2	0	2	0	0	0	0
AF	0	0.298563	1	0	1	0	0	0	0
AF	0	0.298876	1	1	0	0	0	0	0
AF	0	0.303560	1	0	1	0	0	0	0
AF	0	0.304497	1	0	1	0	0	0	0
AF	0	0.305122	3	2	1	0	0	0	0
AF	0	0.305434	1	1	0	0	0	0	0
AF	0	0.305746	9	6	3	0	0	0	0
AF	0	0.306059	3	3	0	0	0	0	0
AF	0	0.306371	8	6	2	0	0	0	0
AF	0	0.306683	3	2	1	0	0	0	0
AF	0	0.306996	1	1	0	0	0	0	0
AF	0	0.307308	2	1	1	0	0	0	0
AF	0	0.307620	2	0	2	0	0	0	0
AF	0	0.307933	2	2	0	0	0	0	0
AF	0	0.308245	1	0	1	0	0	0	0
AF	0	0.308557	3	3	0	0	0	0	0
AF	0	0.308869	9	6	3	0	0	0	0
AF	0	0.309182	1	0	1	0	0	0	0
AF	0	0.309494	1	1	0	0	0	0	0
AF	0	0.310119	2	0	2	0	0	0	0
AF	0	0.311056	1	1	0	0	0	0	0
AF	0	0.311368	1	1	0	0	0	0	0
AF	0	0.313554	1	1	0	0	0	0	0
AF	0	0.313866	1	1	0	0	0	0	0
AF	0	0.314803	2	1	1	0	0	0	0
AF	0	0.315116	2	1	1	0	0	0	0
AF	0	0.315428	2	2	0	0	0	0	0
AF	0	0.315740	1	1	0	0	0	0	0
AF	0	0.316677	2	2	0	0	0	0	0
AF	0	0.317302	1	1	0	0	0	0	0
AF	0	0.317926	1	0	1	0	0	0	0
AF	0	0.318239	2	2	0	0	0	0	0
AF	0	0.318551	1	1	0	0	0	0	0
AF	0	0.318863	6	5	1	0	0	0	0
AF	0	0.319176	1	0	1	0	0	0	0
AF	0	0.319488	1	1	0	0	0	0	0
AF	0	0.320112	3	3	0	0	0	0	0
AF	0	0.320425	3	3	0	0	0	0	0
AF	0	0.320737	7	4	3	0	0	0	0
AF	0	0.321049	3	2	1	0	0	0	0
AF	0	0.321362	1	0	1	0	0	0	0
AF	0	0.321986	3	3	0	0	0	0	0
AF	0	0.322299	1	1	0	0	0	0	0
AF	0	0.322611	4	3	1	0	0	0	0
AF	0	0.322923	2	0	2	0	0	0	0
AF	0	0.323235	4	2	2	0	0	0	0
AF	0	0.323548	4	2	2	0	0	0	0
AF	0	0.323860	1	0	1	0	0	0	0
AF	0	0.324485	3	2	1	0	0	0	0
AF	0	0.325109	1	1	0	0	0	0	0
AF	0	0.325734	2	1	1	0	0	0	0
AF	0	0.326046	1	1	0	0	0	0	0
AF	0	0.326359	7	2	5	0	0	0	0
AF	0	0.326671	3	3	0	0	0	0	0
AF	0	0.326983	1	0	1	0	0	0	0
AF	0	0.327295	1	1	0	0	0	0	0
AF	0	0.327608	1	0	1	0	0	0	0
AF	0	0.327920	1	0	1	0	0	0	0
AF	0	0.328232	2	0	2	0	0	0	0
AF	0	0.328545	2	1	1	0	0	0	0
AF	0	0.328857	1	1	0	0	0	0	0
AF	0	0.329169	1	1	0	0	0	0	0
AF	0	0.329482	6	4	2	0	0	0	0
AF	0	0.330106	1	1	0	0	0	0	0
AF	0	0.330418	1	1	0	0	0	0	0
AF	0	0.330731	1	1	0	0	0	0	0
AF	0	0.331043	1	1	0	0	0	0	0
AF	0	0.331355	1	0	1	0	0	0	0
AF	0	0.332292	1	1	0	0	0	0	0
AF	0	0.332605	3	1	2	0	0	0	0
AF	0	0.332917	1	0	1	0	0	0	0
AF	0	0.333854	2	2	0	0	0	0	0
AF	0	0.334478	1	1	0	0	0	0	0
AF	0	0.334791	2	2	0	0	0	0	0
AF	0	0.335415	1	1	0	0	0	0	0
AF	0	0.335728	4	1	3	0	0	0	0
AF	0	0.336040	2	2	0	0	0	0	0
AF	0	0.336352	1	1	0	0	0	0	0
AF	0	0.336665	9	9	0	0	0	0	0
AF	0	0.336977	2	0	2	0	0	0	0
AF	0	0.337289	4	2	2	0	0	0	0
AF	0	0.337601	2	2	0	0	0	0	0
AF	0	0.337914	7	4	3	0	0	0	0
AF	0	0.338226	3	2	1	0	0	0	0
AF	0	0.338851	1	1	0	0	0	0	0
AF	0	0.339163	2	1	1	0	0	0	0
AF	0	0.339788	3	3	0	0	0	0	0
AF	0	0.340100	2	1	1	0	0	0	0
AF	0	0.340412	1	0	1	0	0	0	0
AF	0	0.341037	1	1	0	0	0	0	0
AF	0	0.341661	2	2	0	0	0	0	0
AF	0	0.341974	1	1	0	0	0	0	0
AF	0	0.342286	2	1	1	0	0	0	0
AF	0	0.343223	1	0	1	0	0	0	0
AF	0	0.343535	4	4	0	0	0	0	0
AF	0	0.344785	1	1	0	0	0	0	0
AF	0	0.345409	1	0	1	0	0	0	0
AF	0	0.346034	2	2	0	0	0	0	0
AF	0	0.346346	1	1	0	0	0	0	0
AF	0	0.346971	1	0	1	0	0	0	0
AF	0	0.347283	1	1	0	0	0	0	0
AF	0	0.348532	2	1	1	0	0	0	0
AF	0	0.350094	1	1	0	0	0	0	0
AF	0	0.350406	2	2	0	0	0	0	0
AF	0	0.350718	2	2	0	0	0	0	0
AF	0	0.351655	2	1	1	0	0	0	0
AF	0	0.351968	4	3	1	0	0	0	0
AF	0	0.352280	1	1	0	0	0	0	0
AF	0	0.352904	3	3	0	0	0	0	0
AF	0	0.353217	2	1	1	0	0	0	0
AF	0	0.353529	9	6	3	0	0	0	0
AF	0	0.353841	5	3	2	0	0	0	0
AF	0	0.354154	17	12	5	0	0	0	0
AF	0	0.354466	2	1	1	0	0	0	0
AF	0	0.354778	5	4	1	0	0	0	0
AF	0	0.355091	1	1	0	0	0	0	0
AF	0	0.355403	1	1	0	0	0	0	0
AF	0	0.355715	1	0	1	0	0	0	0
AF	0	0.356027	16	11	5	0	0	0	0
AF	0	0.356340	5	5	0	0	0	0	0
AF	0	0.356652	12	9	3	0	0	0	0
AF	0	0.356964	8	4	4	0	0	0	0
AF	0	0.357277	5	4	1	0	0	0	0
AF	0	0.357589	1	0	1	0	0	0	0
AF	0	0.358214	3	3	0	0	0	0	0
AF	0	0.358526	4	2	2	0	0	0	0
AF	0	0.358838	1	1	0	0	0	0	0
AF	0	0.359463	1	0	1	0	0	0	0
AF	0	0.359775	4	2	2	0	0	0	0
AF	0	0.360087	2	1	1	0	0	0	0
AF	0	0.360400	3	3	0	0	0	0	0
AF	0	0.362274	2	2	0	0	0	0	0
AF	0	0.363835	1	0	1	0	0	0	0
AF	0	0.364147	5	3	2	0	0	0	0
AF	0	0.364772	2	0	2	0	0	0	0
AF	0	0.366021	1	1	0	0	0	0	0
AF	0	0.366334	1	1	0	0	0	0	0
AF	0	0.366646	1	0	1	0	0	0	0
AF	0	0.366958	1	0	1	0	0	0	0
AF	0	0.367583	1	1	0	0	0	0	0
AF	0	0.367895	1	0	1	0	0	0	0
AF	0	0.368520	3	1	2	0	0	0	0
AF	0	0.369144	2	0	2	0	0	0	0
AF	0	0.369769	1	1	0	0	0	0	0
AF	0	0.371643	3	1	2	0	0	0	0
AF	0	0.371955	1	1	0	0	0	0	0
AF	0	0.372267	4	3	1	0	0	0	0
AF	0	0.372580	5	3	2	0	0	0	0
AF	0	0.372892	4	3	1	0	0	0	0
AF	0	0.373204	1	1	0	0	0	0	0
AF	0	0.373517	1	1	0	0	0	0	0
AF	0	0.373829	1	0	1	0	0	0	0
AF	0	0.374766	2	2	0	0	0	0	0
AF	0	0.375078	2	1	1	0	0	0	0
AF	0	0.375390	10	8	2	0	0	0	0
AF	0	0.375703	4	1	3	0	0	0	0
AF	0	0.376640	1	1	0	0	0	0	0
AF	0	0.378513	1	1	0	0	0	0	0
AF	0	0.378826	1	1	0	0	0	0	0
AF	0	0.379138	3	2	1	0	0	0	0
AF	0	0.379450	2	2	0	0	0	0	0
AF	0	0.379763	5	3	2	0	0	0	0
AF	0	0.380075	1	1	0	0	0	0	0
AF	0	0.380387	7	5	2	0	0	0	0
AF	0	0.380700	5	3	2	0	0	0	0
AF	0	0.381012	5	3	2	0	0	0	0
AF	0	0.383198	1	1	0	0	0	0	0
AF	0	0.383510	1	0	1	0	0	0	0
AF	0	0.384135	1	1	0	0	0	0	0
AF	0	0.384447	1	0	1	0	0	0	0
AF	0	0.384760	3	3	0	0	0	0	0
AF	0	0.385384	4	1	3	0	0	0	0
AF	0	0.386009	1	0	1	0	0	0	0
AF	0	0.386321	3	1	2	0	0	0	0
AF	0	0.386633	3	2	1	0	0	0	0
AF	0	0.386946	2	2	0	0	0	0	0
AF	0	0.387258	1	0	1	0	0	0	0
AF	0	0.387570	1	0	1	0	0	0	0
AF	0	0.387883	2	2	0	0	0	0	0
AF	0	0.388195	1	0	1	0	0	0	0
AF	0	0.388507	1	0	1	0	0	0	0
AF	0	0.389132	1	1	0	0	0	0	0
AF	0	0.389756	1	1	0	0	0	0	0
AF	0	0.390693	1	0	1	0	0	0	0
AF	0	0.392255	1	1	0	0	0	0	0
AF	0	0.393192	1	0	1	0	0	0	0
AF	0	0.393504	1	1	0	0	0	0	0
AF	0	0.395690	1	1	0	0	0	0	0
AF	0	0.396002	1	1	0	0	0	0	0
AF	0	0.396939	1	0	1	0	0	0	0
AF	0	0.397876	1	1	0	0	0	0	0
AF	0	0.398501	1	0	1	0	0	0	0
AF	0	0.400062	2	1	1	0	0	0	0
AF	0	0.400375	2	2	0	0	0	0	0
AF	0	0.400687	3	3	0	0	0	0	0
AF	0	0.400999	2	0	2	0	0	0	0
AF	0	0.401936	1	0	1	0	0	0	0
AF	0	0.402561	2	1	1	0	0	0	0
AF	0	0.402873	1	1	0	0	0	0	0
AF	0	0.403186	1	1	0	0	0	0	0
AF	0	0.405372	3	1	2	0	0	0	0
AF	0	0.405684	2	2	0	0	0	0	0
AF	0	0.405996	2	1	1	0	0	0	0
AF	0	0.406309	1	0	1	0	0	0	0
AF	0	0.406621	5	3	2	0	0	0	0
AF	0	0.406933	2	0	2	0	0	0	0
AF	0	0.407245	4	2	2	0	0	0	0
AF	0	0.407558	7	2	5	0	0	0	0
AF	0	0.407870	6	5	1	0	0	0	0
AF	0	0.408182	1	1	0	0	0	0	0
AF	0	0.408495	4	3	1	0	0	0	0
AF	0	0.408807	1	1	0	0	0	0	0
AF	0	0.409119	1	1	0	0	0	0	0
AF	0	0.409432	2	2	0	0	0	0	0
AF	0	0.410056	1	1	0	0	0	0	0
AF	0	0.410681	3	1	2	0	0	0	0
AF	0	0.410993	6	4	2	0	0	0	0
AF	0	0.411618	4	2	2	0	0	0	0
AF	0	0.411930	6	4	2	0	0	0	0
AF	0	0.412242	2	2	0	0	0	0	0
AF	0	0.413492	2	2	0	0	0	0	0
AF	0	0.413804	2	1	1	0	0	0	0
AF	0	0.414116	1	1	0	0	0	0	0
AF	0	0.416302	1	1	0	0	0	0	0
AF	0	0.417864	1	0	1	0	0	0	0
AF	0	0.422861	1	1	0	0	0	0	0
AF	0	0.428482	2	1	1	0	0	0	0
AF	0	0.432230	1	1	0	0	0	0	0
AF	0	0.432854	1	1	0	0	0	0	0
AF	0	0.433167	1	1	0	0	0	0	0
AF	0	0.433479	1	1	0	0	0	0	0
AF	0	0.433791	1	0	1	0	0	0	0
AF	0	0.434104	1	0	1	0	0	0	0
AF	0	0.435978	2	0	2	0	0	0	0
AF	0	0.437539	1	1	0	0	0	0	0
AF	0	0.437851	1	0	1	0	0	0	0
AF	0	0.438164	1	0	1	0	0	0	0
AF	0	0.438476	6	2	4	0	0	0	0
AF	0	0.438788	3	2	1	0	0	0	0
AF	0	0.439101	2	1	1	0	0	0	0
AF	0	0.439725	1	1	0	0	0	0	0
AF	0	0.440974	5	3	2	0	0	0	0
AF	0	0.441599	1	1	0	0	0	0	0
AF	0	0.441911	2	1	1	0	0	0	0
AF	0	0.442224	7	2	5	0	0	0	0
AF	0	0.442536	1	1	0	0	0	0	0
AF	0	0.442848	1	1	0	0	0	0	0
AF	0	0.443473	2	1	1	0	0	0	0
AF	0	0.444097	1	1	0	0	0	0	0
AF	0	0.444410	2	1	1	0	0	0	0
AF	0	0.445034	1	0	1	0	0	0	0
AF	0	0.445659	2	2	0	0	0	0	0
AF	0	0.446284	1	1	0	0	0	0	0
AF	0	0.446908	1	1	0	0	0	0	0
AF	0	0.447533	1	1	0	0	0	0	0
AF	0	0.451905	2	1	1	0	0	0	0
AF	0	0.452530	1	1	0	0	0	0	0
AF	0	0.454716	1	1	0	0	0	0	0
AF	0	0.455028	1	0	1	0	0	0	0
AF	0	0.456277	1	1	0	0	0	0	0
AF	0	0.456590	1	0	1	0	0	0	0
AF	0	0.456902	1	1	0	0	0	0	0
AF	0	0.457527	2	1	1	0	0	0	0
AF	0	0.458151	2	1	1	0	0	0	0
AF	0	0.459400	1	0	1	0	0	0	0
AF	0	0.460650	2	0	2	0	0	0	0
AF	0	0.460962	1	0	1	0	0	0	0
AF	0	0.461274	2	2	0	0	0	0	0
AF	0	0.461899	3	2	1	0	0	0	0
AF	0	0.462211	1	0	1	0	0	0	0
AF	0	0.462523	3	1	2	0	0	0	0
AF	0	0.463148	3	1	2	0	0	0	0
AF	0	0.463460	3	2	1	0	0	0	0
AF	0	0.463773	7	6	1	0	0	0	0
AF	0	0.464085	1	0	1	0	0	0	0
AF	0	0.464397	4	3	1	0	0	0	0
AF	0	0.464710	1	1	0	0	0	0	0
AF	0	0.465022	4	2	2	0	0	0	0
AF	0	0.465334	1	0	1	0	0	0	0
AF	0	0.465646	11	7	4	0	0	0	0
AF	0	0.465959	5	3	2	0	0	0	0
AF	0	0.466271	9	4	5	0	0	0	0
AF	0	0.466583	3	3	0	0	0	0	0
AF	0	0.466896	7	3	4	0	0	0	0
AF	0	0.467208	1	1	0	0	0	0	0
AF	0	0.467520	7	5	2	0	0	0	0
AF	0	0.467833	4	4	0	0	0	0	0
AF	0	0.468145	3	2	1	0	0	0	0
AF	0	0.468457	2	2	0	0	0	0	0
AF	0	0.468770	8	4	4	0	0	0	0
AF	0	0.469082	6	3	3	0	0	0	0
AF	0	0.469394	18	12	6	0	0	0	0
AF	0	0.469706	7	6	1	0	0	0	0
AF	0	0.470019	17	12	5	0	0	0	0
AF	0	0.470331	8	5	3	0	0	0	0
AF	0	0.470643	6	2	4	0	0	0	0
AF	0	0.470956	4	4	0	0	0	0	0
AF	0	0.471268	4	3	1	0	0	0	0
AF	0	0.471580	3	3	0	0	0	0	0
AF	0	0.471893	15	10	5	0	0	0	0
AF	0	0.472205	11	8	3	0	0	0	0
AF	0	0.472517	21	16	5	0	0	0	0
AF	0	0.472829	5	2	3	0	0	0	0
AF	0	0.473142	6	6	0	0	0	0	0
AF	0	0.473454	3	3	0	0	0	0	0
AF	0	0.473766	3	0	3	0	0	0	0
AF	0	0.474079	3	2	1	0	0	0	0
AF	0	0.474391	4	2	2	0	0	0	0
AF	0	0.474703	2	2	0	0	0	0	0
AF	0	0.475016	4	4	0	0	0	0	0
AF	0	0.475328	1	1	0	0	0	0	0
AF	0	0.475640	2	0	2	0	0	0	0
AF	0	0.476265	2	2	0	0	0	0	0
AF	0	0.476889	5	4	1	0	0	0	0
AF	0	0.477202	2	2	0	0	0	0	0
AF	0	0.477514	2	1	1	0	0	0	0
AF	0	0.478451	1	0	1	0	0	0	0
AF	0	0.478763	1	1	0	0	0	0	0
AF	0	0.482199	2	1	1	0	0	0	0
AF	0	0.482511	1	1	0	0	0	0	0
AF	0	0.484072	1	1	0	0	0	0	0
AF	0	0.484385	1	0	1	0	0	0	0
AF	0	0.486259	1	1	0	0	0	0	0
AF	0	0.486571	1	0	1	0	0	0	0
AF	0	0.487196	1	1	0	0	0	0	0
AF	0	0.487508	1	0	1	0	0	0	0
AF	0	0.488757	1	1	0	0	0	0	0
AF	0	0.489694	1	0	1	0	0	0	0
AF	0	0.490006	1	0	1	0	0	0	0
AF	0	0.490319	2	2	0	0	0	0	0
AF	0	0.490631	8	8	0	0	0	0	0
AF	0	0.490943	1	0	1	0	0	0	0
AF	0	0.491255	6	4	2	0	0	0	0
AF	0	0.491568	2	0	2	0	0	0	0
AF	0	0.491880	2	1	1	0	0	0	0
AF	0	0.492192	1	1	0	0	0	0	0
AF	0	0.492505	3	1	2	0	0	0	0
AF	0	0.492817	1	1	0	0	0	0	0
AF	0	0.493129	3	2	1	0	0	0	0
AF	0	0.494066	1	0	1	0	0	0	0
AF	0	0.494379	1	1	0	0	0	0	0
AF	0	0.495003	1	1	0	0	0	0	0
AF	0	0.495315	1	1	0	0	0	0	0
AF	0	0.495628	2	1	1	0	0	0	0
AF	0	0.495940	1	0	1	0	0	0	0
AF	0	0.496252	4	3	1	0	0	0	0
AF	0	0.496565	4	3	1	0	0	0	0
AF	0	0.496877	3	2	1	0	0	0	0
AF	0	0.497189	1	1	0	0	0	0	0
AF	0	0.499375	1	0	1	0	0	0	0
AF	0	0.500000	1	1	0	0	0	0	0
AF	0	0.500312	1	1	0	0	0	0	0
AF	0	0.502498	1	1	0	0	0	0	0
AF	0	0.502811	1	1	0	0	0	0	0
AF	0	0.503748	1	0	1	0	0	0	0
AF	0	0.504372	1	0	1	0	0	0	0
AF	0	0.504685	2	2	0	0	0	0	0
AF	0	0.504997	1	1	0	0	0	0	0
AF	0	0.505621	1	1	0	0	0	0	0
AF	0	0.505934	1	1	0	0	0	0	0
AF	0	0.506246	1	1	0	0	0	0	0
AF	0	0.508432	1	0	1	0	0	0	0
AF	0	0.509369	2	2	0	0	0	0	0
AF	0	0.510618	1	0	1	0	0	0	0
AF	0	0.510931	1	1	0	0	0	0	0
AF	0	0.511555	1	1	0	0	0	0	0
AF	0	0.513117	2	0	2	0	0	0	0
AF	0	0.513429	1	0	1	0	0	0	0
AF	0	0.513741	6	4	2	0	0	0	0
AF	0	0.514054	4	2	2	0	0	0	0
AF	0	0.514366	9	6	3	0	0	0	0
AF	0	0.514678	4	3	1	0	0	0	0
AF	0	0.514991	5	3	2	0	0	0	0
AF	0	0.515303	2	2	0	0	0	0	0
AF	0	0.515615	6	2	4	0	0	0	0
AF	0	0.515928	6	3	3	0	0	0	0
AF	0	0.516240	9	4	5	0	0	0	0
AF	0	0.516552	4	2	2	0	0	0	0
AF	0	0.516864	4	3	1	0	0	0	0
AF	0	0.517489	2	1	1	0	0	0	0
AF	0	0.517801	1	1	0	0	0	0	0
AF	0	0.518738	1	1	0	0	0	0	0
AF	0	0.523111	1	1	0	0	0	0	0
AF	0	0.524047	1	1	0	0	0	0	0
AF	0	0.526858	1	1	0	0	0	0	0
AF	0	0.528732	1	1	0	0	0	0	0
AF	0	0.529357	2	1	1	0	0	0	0
AF	0	0.529669	2	1	1	0	0	0	0
AF	0	0.529981	2	0	2	0	0	0	0
AF	0	0.530606	1	1	0	0	0	0	0
AF	0	0.530918	1	1	0	0	0	0	0
AF	0	0.532480	1	0	1	0	0	0	0
AF	0	0.532792	1	1	0	0	0	0	0
AF	0	0.537477	1	1	0	0	0	0	0
AF	0	0.540912	1	0	1	0	0	0	0
AF	0	0.543098	1	1	0	0	0	0	0
AF	0	0.544035	1	1	0	0	0	0	0
AF	0	0.544347	5	4	1	0	0	0	0
AF	0	0.544660	6	5	1	0	0	0	0
AF	0	0.544972	3	3	0	0	0	0	0
AF	0	0.545284	3	1	2	0	0	0	0
AF	0	0.545597	2	1	1	0	0	0	0
AF	0	0.545909	3	2	1	0	0	0	0
AF	0	0.547470	1	0	1	0	0	0	0
AF	0	0.549032	1	0	1	0	0	0	0
AF	0	0.549656	1	1	0	0	0	0	0
AF	0	0.549969	6	4	2	0	0	0	0
AF	0	0.550281	1	1	0	0	0	0	0
AF	0	0.550593	1	1	0	0	0	0	0
AF	0	0.551843	1	1	0	0	0	0	0
AF	0	0.552467	2	2	0	0	0	0	0
AF	0	0.553404	1	1	0	0	0	0	0
AF	0	0.553716	2	1	1	0	0	0	0
AF	0	0.554029	1	0	1	0	0	0	0
AF	0	0.554341	1	0	1	0	0	0	0
AF	0	0.554966	1	1	0	0	0	0	0
AF	0	0.555278	1	1	0	0	0	0	0
AF	0	0.555903	1	1	0	0	0	0	0
AF	0	0.559650	2	2	0	0	0	0	0
AF	0	0.560275	2	0	2	0	0	0	0
AF	0	0.560587	1	1	0	0	0	0	0
AF	0	0.560899	1	1	0	0	0	0	0
AF	0	0.561524	2	1	1	0	0	0	0
AF	0	0.577764	1	0	1	0	0	0	0
AF	0	0.579013	1	0	1	0	0	0	0
AF	0	0.589007	1	1	0	0	0	0	0
AF	0	0.589631	1	0	1	0	0	0	0
AF	0	0.590568	1	1	0	0	0	0	0
AF	0	0.593691	2	0	2	0	0	0	0
AF	0	0.594004	1	0	1	0	0	0	0
AF	0	0.594316	2	2	0	0	0	0	0
AF	0	0.594941	3	2	1	0	0	0	0
AF	0	0.595878	3	3	0	0	0	0	0
AF	0	0.596190	1	1	0	0	0	0	0
AF	0	0.596502	1	1	0	0	0	0	0
AF	0	0.596814	1	1	0	0	0	0	0
AF	0	0.598376	1	1	0	0	0	0	0
AF	0	0.600250	2	1	1	0	0	0	0
AF	0	0.601499	1	1	0	0	0	0	0
AF	0	0.607121	1	0	1	0	0	0	0
AF	0	0.607745	1	0	1	0	0	0	0
AF	0	0.608370	1	1	0	0	0	0	0
AF	0	0.608682	2	1	1	0	0	0	0
AF	0	0.610244	1	1	0	0	0	0	0
AF	0	0.610868	1	1	0	0	0	0	0
AF	0	0.612430	1	1	0	0	0	0	0
AF	0	0.613054	1	0	1	0	0	0	0
AF	0	0.615865	1	1	0	0	0	0	0
AF	0	0.616177	3	1	2	0	0	0	0
AF	0	0.616490	1	0	1	0	0	0	0
AF	0	0.616802	2	1	1	0	0	0	0
AF	0	0.625859	1	0	1	0	0	0	0
AF	0	0.627108	1	1	0	0	0	0	0
AF	0	0.628045	1	1	0	0	0	0	0
AF	0	0.644909	2	0	2	0	0	0	0
AF	0	0.645846	1	1	0	0	0	0	0
AF	0	0.658651	1	1	0	0	0	0	0
AF	0	0.659900	1	0	1	0	0	0	0
AF	0	0.660525	1	0	1	0	0	0	0
AF	0	0.661774	3	2	1	0	0	0	0
AF	0	0.662399	3	3	0	0	0	0	0
AF	0	0.662711	4	2	2	0	0	0	0
AF	0	0.672392	1	1	0	0	0	0	0
AF	0	0.676452	2	2	0	0	0	0	0
AF	0	0.676765	1	1	0	0	0	0	0
AF	0	0.677077	1	0	1	0	0	0	0
AF	0	0.680512	1	1	0	0	0	0	0
AF	0	0.688632	1	1	0	0	0	0	0
AF	0	0.689257	1	0	1	0	0	0	0
AF	0	0.690506	1	1	0	0	0	0	0
AF	0	0.690818	1	1	0	0	0	0	0
AF	0	0.692380	1	1	0	0	0	0	0
AF	0	0.692692	1	1	0	0	0	0	0
AF	0	0.693004	2	1	1	0	0	0	0
AF	0	0.693629	1	0	1	0	0	0	0
AF	0	0.693941	1	1	0	0	0	0	0
AF	0	0.694254	1	0	1	0	0	0	0
AF	0	0.695503	1	1	0	0	0	0	0
AF	0	0.696752	1	0	1	0	0	0	0
AF	0	0.697377	2	2	0	0	0	0	0
AF	0	0.698001	2	1	1	0	0	0	0
AF	0	0.699875	1	0	1	0	0	0	0
AF	0	0.704560	1	1	0	0	0	0	0
AF	0	0.705497	1	1	0	0	0	0	0
AF	0	0.705809	1	1	0	0	0	0	0
AF	0	0.706121	1	0	1	0	0	0	0
AF	0	0.707995	1	1	0	0	0	0	0
AF	0	0.708932	1	1	0	0	0	0	0
AF	0	0.709244	1	0	1	0	0	0	0
AF	0	0.710493	1	0	1	0	0	0	0
AF	0	0.710806	1	0	1	0	0	0	0
AF	0	0.711118	1	1	0	0	0	0	0
AF	0	0.711430	2	2	0	0	0	0	0
AF	0	0.711743	3	2	1	0	0	0	0
AF	0	0.712055	1	1	0	0	0	0	0
AF	0	0.720800	1	1	0	0	0	0	0
AF	0	0.721112	3	2	1	0	0	0	0
AF	0	0.722049	1	1	0	0	0	0	0
AF	0	0.722361	10	7	3	0	0	0	0
AF	0	0.722673	1	1	0	0	0	0	0
AF	0	0.744847	1	1	0	0	0	0	0
AF	0	0.745472	1	0	1	0	0	0	0
AF	0	0.745784	1	1	0	0	0	0	0
AF	0	0.748595	1	0	1	0	0	0	0
AF	0	0.751718	2	2	0	0	0	0	0
AF	0	0.752342	1	0	1	0	0	0	0
AF	0	0.752655	2	2	0	0	0	0	0
AF	0	0.752967	11	8	3	0	0	0	0
AF	0	0.753279	5	3	2	0	0	0	0
AF	0	0.753904	1	1	0	0	0	0	0
AF	0	0.756402	1	1	0	0	0	0	0
AF	0	0.759213	2	1	1	0	0	0	0
AF	0	0.759525	1	0	1	0	0	0	0
AF	0	0.759838	1	1	0	0	0	0	0
AF	0	0.761087	1	1	0	0	0	0	0
AF	0	0.766708	1	1	0	0	0	0	0
AF	0	0.768270	1	0	1	0	0	0	0
AF	0	0.792630	1	1	0	0	0	0	0
AF	0	0.803248	1	1	0	0	0	0	0
AF	0	0.805746	5	2	3	0	0	0	0
AF	0	0.806059	2	1	1	0	0	0	0
AF	0	0.814179	1	1	0	0	0	0	0
AF	0	0.814491	4	4	0	0	0	0	0
AF	0	0.814803	2	2	0	0	0	0	0
AF	0	0.815116	2	2	0	0	0	0	0
AF	0	0.816677	1	1	0	0	0	0	0
AF	0	0.816989	1	1	0	0	0	0	0
AF	0	0.817302	1	1	0	0	0	0	0
AF	0	0.817614	1	1	0	0	0	0	0
AF	0	0.818239	8	5	3	0	0	0	0
AF	0	0.818551	7	5	2	0	0	0	0
AF	0	0.818863	14	8	6	0	0	0	0
AF	0	0.819176	2	2	0	0	0	0	0
AF	0	0.819488	1	1	0	0	0	0	0
AF	0	0.820737	3	1	2	0	0	0	0
AF	0	0.821049	2	1	1	0	0	0	0
AF	0	0.821362	1	1	0	0	0	0	0
AF	0	0.821674	3	3	0	0	0	0	0
AF	0	0.821986	1	1	0	0	0	0	0
AF	0	0.822299	1	1	0	0	0	0	0
AF	0	0.822923	1	1	0	0	0	0	0
AF	0	0.823235	1	1	0	0	0	0	0
AF	0	0.824172	1	1	0	0	0	0	0
AF	0	0.824485	1	1	0	0	0	0	0
AF	0	0.824797	2	2	0	0	0	0	0
AF	0	0.825109	13	7	6	0	0	0	0
AF	0	0.825422	7	5	2	0	0	0	0
AF	0	0.825734	31	16	15	0	0	0	0
AF	0	0.826046	13	7	6	0	0	0	0
AF	0	0.826359	21	13	8	0	0	0	0
AF	0	0.826671	10	4	6	0	0	0	0
AF	0	0.826983	9	7	2	0	0	0	0
AF	0	0.827295	5	1	4	0	0	0	0
AF	0	0.827608	7	3	4	0	0	0	0
AF	0	0.828232	3	2	1	0	0	0	0
AF	0	0.828545	1	0	1	0	0	0	0
AF	0	0.830106	1	0	1	0	0	0	0
AF	0	0.831043	1	0	1	0	0	0	0
AF	0	0.832292	1	1	0	0	0	0	0
AF	0	0.833542	1	0	1	0	0	0	0
AF	0	0.838538	1	1	0	0	0	0	0
AF	0	0.842598	1	1	0	0	0	0	0
AF	0	0.844785	1	0	1	0	0	0	0
AF	0	0.845097	2	2	0	0	0	0	0
AF	0	0.845409	3	0	3	0	0	0	0
AF	0	0.846034	1	1	0	0	0	0	0
AF	0	0.846346	2	1	1	0	0	0	0
AF	0	0.846658	1	0	1	0	0	0	0
AF	0	0.847908	3	2	1	0	0	0	0
AF	0	0.848532	1	0	1	0	0	0	0
AF	0	0.849157	2	1	1	0	0	0	0
AF	0	0.850406	1	1	0	0	0	0	0
AF	0	0.850718	1	0	1	0	0	0	0
AF	0	0.854154	1	1	0	0	0	0	0
AF	0	0.866334	1	1	0	0	0	0	0
AF	0	0.872580	1	0	1	0	0	0	0
AF	0	0.872892	1	1	0	0	0	0	0
AF	0	0.873204	1	1	0	0	0	0	0
AF	0	0.873829	1	1	0	0	0	0	0
AF	0	0.874766	1	1	0	0	0	0	0
AF	0	0.878513	1	1	0	0	0	0	0
AF	0	0.878826	1	1	0	0	0	0	0
AF	0	0.880700	1	1	0	0	0	0	0
AF	0	0.881324	1	1	0	0	0	0	0
AF	0	0.882261	1	1	0	0	0	0	0
AF	0	0.882573	4	3	1	0	0	0	0
AF	0	0.882886	1	1	0	0	0	0	0
AF	0	0.883198	1	1	0	0	0	0	0
AF	0	0.883823	1	1	0	0	0	0	0
AF	0	0.885072	1	0	1	0	0	0	0
AF	0	0.894753	2	2	0	0	0	0	0
AF	0	0.895690	2	2	0	0	0	0	0
AF	0	0.896002	3	1	2	0	0	0	0
AF	0	0.902561	1	0	1	0	0	0	0
AF	0	0.904435	1	1	0	0	0	0	0
AF	0	0.906309	1	0	1	0	0	0	0
AF	0	0.906621	1	1	0	0	0	0	0
AF	0	0.909119	1	1	0	0	0	0	0
AF	0	0.910056	1	1	0	0	0	0	0
AF	0	0.910681	1	1	0	0	0	0	0
AF	0	0.913492	1	1	0	0	0	0	0
AF	0	0.921611	1	0	1	0	0	0	0
AF	0	0.922236	1	1	0	0	0	0	0
AF	0	0.923173	1	1	0	0	0	0	0
AF	0	0.928482	1	0	1	0	0	0	0
AF	0	0.961587	3	2	1	0	0	0	0
AF	0	0.962211	1	0	1	0	0	0	0
AF	0	0.965959	4	2	2	0	0	0	0
AF	0	0.966583	3	1	2	0	0	0	0
AF	0	0.970019	1	0	1	0	0	0	0
AF	0	0.970331	3	1	2	0	0	0	0
AF	0	0.970643	1	1	0	0	0	0	0
AF	0	0.970956	5	3	2	0	0	0	0
AF	0	0.976265	1	1	0	0	0	0	0
AF	0	0.984697	1	0	1	0	0	0	0
AF	0	0.985322	2	0	2	0	0	0	0
AF	0	0.986259	1	0	1	0	0	0	0
AF	0	0.987820	2	1	1	0	0	0	0
AF	0	0.988445	1	0	1	0	0	0	0
AF	0	0.989382	1	0	1	0	0	0	0
AF	0	0.990319	2	0	2	0	0	0	0
AF	0	0.993129	1	1	0	0	0	0	0
AF	0	0.993754	1	1	0	0	0	0	0
AF	0	0.994066	3	2	1	0	0	0	0
AF	0	0.994691	1	1	0	0	0	0	0
AF	0	0.995315	3	1	2	0	0	0	0
AF	0	0.996252	3	3	0	0	0	0	0
AF	0	0.997189	3	2	1	0	0	0	0
AF	0	0.997502	1	1	0	0	0	0	0
AF	0	0.998438	1	0	1	0	0	0	0
AF	0	0.998751	1	0	1	0	0	0	0
AF	0	0.999063	1	1	0	0	0	0	0
# QUAL, Stats by quality
# QUAL	[2]id	[3]Quality	[4]number of SNPs	[5]number of transitions (1st ALT)	[6]number of transversions (1st ALT)	[7]number of indels
QUAL	0	.	16349	10647	5702	0
# IDD, InDel distribution:
# IDD	[2]id	[3]length (deletions negative)	[4]number of sites	[5]number of genotypes	[6]mean VAF
# ST, Substitution types:
# ST	[2]id	[3]type	[4]count
ST	0	A>C	551
ST	0	A>G	2156
ST	0	A>T	692
ST	0	C>A	844
ST	0	C>G	734
ST	0	C>T	3228
ST	0	G>A	3224
ST	0	G>C	654
ST	0	G>T	918
ST	0	T>A	674
ST	0	T>C	2039
ST	0	T>G	635
# DP, Depth distribution
# DP	[2]id	[3]bin	[4]number of genotypes	[5]fraction of genotypes (%)	[6]number of sites	[7]fraction of sites (%)
  - Fix haploid genotypes in males...

Submit MakeDiploidMalesX finished successfully. Let's have a beer, buddy!

