Submit MakeDiploidMalesX
version 1.1.6 (2024-09-30)

These are the settings:
  Input file................: /hpc/local/Rocky8/dhl_ec/software/MonopogenLite/resources/1kGP_high_coverage_Illumina.SNVonly_poly.filtered_AF_5e-04.norm.fixvariantid.chrX.vcf.gz
  Output file...............: /hpc/local/Rocky8/dhl_ec/software/MonopogenLite/resources/1kGP_high_coverage_Illumina.SNVonly_poly.filtered_AF_5e-04.norm.fixvariantid.makediploid.chrX.vcf.gz
  Chunk size................: 100

  SLURM CPUs................: 4
  SLURM Array ID............: 69 (of 100)
  SLURM memory..............: 16G
  SLURM time................: 01:00:00
  SLURM mail type...........: FAIL
  SLURM mail user...........: s.w.vanderlaan-2@umcutrecht.nl

  Dry run mode..............: 0
  Debug mode................: 1
  Verbosity.................: 0
  Version...................: 1.1.6 (2024-09-30)

Making converting haploid genotypes to diploid genotypes.
> Extract the region for this SLURM task (# 69) from the BED file.
  - Get the chunk number from the SLURM array task ID and the bed file...
DEBUG: Extracting chunk number: 69p from 69
DEBUG: Extracting region from BED file: /hpc/local/Rocky8/dhl_ec/software/MonopogenLite/resources/chrX_100pieces.bed
  - Extract the region from the BED file...
DEBUG: Extracted raw region: 'chrX	106107745	107668152' (chunk #: 69p of 100 for job 69)
  - Check if a valid region was extracted -- should be 'chrX	106107745	107668152'...
  - Prepare the region for bcftools...
  - Check if the region (chrX:106107745-107668152) was successfully extracted...
> Processing region 'chrX:106107745-107668152'...
  - Process the specific region (chunk# 69) using bcftools view...
  - Index the VCF file...
DEBUG: Check if the VCF file was successfully processed...
##fileformat=VCFv4.2
##FILTER=<ID=PASS,Description="All filters passed">
##fileDate=29/01/2022 - 14:31:41
##source=shapeit4.2.2
##contig=<ID=chr1,length=248956422>
##contig=<ID=chr2,length=242193529>
##contig=<ID=chr3,length=198295559>
##contig=<ID=chr4,length=190214555>
##contig=<ID=chr5,length=181538259>
##contig=<ID=chr6,length=170805979>
# This file was produced by bcftools stats (1.20+htslib-1.20) and can be plotted using plot-vcfstats.
# The command line was:	bcftools stats  /hpc/local/Rocky8/dhl_ec/software/MonopogenLite/resources/chrX.part69.vcf.gz
#
# Definition of sets:
# ID	[2]id	[3]tab-separated file names
ID	0	/hpc/local/Rocky8/dhl_ec/software/MonopogenLite/resources/chrX.part69.vcf.gz
# SN, Summary numbers:
#   number of records   .. number of data rows in the VCF
#   number of no-ALTs   .. reference-only sites, ALT is either "." or identical to REF
#   number of SNPs      .. number of rows with a SNP
#   number of MNPs      .. number of rows with a MNP, such as CC>TT
#   number of indels    .. number of rows with an indel
#   number of others    .. number of rows with other type, for example a symbolic allele or
#                          a complex substitution, such as ACT>TCGA
#   number of multiallelic sites     .. number of rows with multiple alternate alleles
#   number of multiallelic SNP sites .. number of rows with multiple alternate alleles, all SNPs
# 
#   Note that rows containing multiple types will be counted multiple times, in each
#   counter. For example, a row with a SNP and an indel increments both the SNP and
#   the indel counter.
# 
# SN	[2]id	[3]key	[4]value
SN	0	number of samples:	3202
SN	0	number of records:	13183
SN	0	number of no-ALTs:	0
SN	0	number of SNPs:	13183
SN	0	number of MNPs:	0
SN	0	number of indels:	0
SN	0	number of others:	0
SN	0	number of multiallelic sites:	0
SN	0	number of multiallelic SNP sites:	0
# TSTV, transitions/transversions:
# TSTV	[2]id	[3]ts	[4]tv	[5]ts/tv	[6]ts (1st ALT)	[7]tv (1st ALT)	[8]ts/tv (1st ALT)
TSTV	0	8812	4371	2.02	8812	4371	2.02
# SiS, Singleton stats:
# SiS	[2]id	[3]allele count	[4]number of SNPs	[5]number of transitions	[6]number of transversions	[7]number of indels	[8]repeat-consistent	[9]repeat-inconsistent	[10]not applicable
SiS	0	1	0	0	0	0	0	0	0
# AF, Stats by non-reference allele frequency:
# AF	[2]id	[3]allele frequency	[4]number of SNPs	[5]number of transitions	[6]number of transversions	[7]number of indels	[8]repeat-consistent	[9]repeat-inconsistent	[10]not applicable
AF	0	0.000312	2110	1420	690	0	0	0	0
AF	0	0.000625	1389	932	457	0	0	0	0
AF	0	0.000937	1739	1156	583	0	0	0	0
AF	0	0.001249	560	375	185	0	0	0	0
AF	0	0.001562	830	567	263	0	0	0	0
AF	0	0.001874	279	212	67	0	0	0	0
AF	0	0.002186	545	377	168	0	0	0	0
AF	0	0.002498	200	136	64	0	0	0	0
AF	0	0.002811	329	230	99	0	0	0	0
AF	0	0.003123	167	111	56	0	0	0	0
AF	0	0.003435	294	205	89	0	0	0	0
AF	0	0.003748	131	83	48	0	0	0	0
AF	0	0.004060	180	119	61	0	0	0	0
AF	0	0.004372	73	54	19	0	0	0	0
AF	0	0.004685	132	95	37	0	0	0	0
AF	0	0.004997	70	46	24	0	0	0	0
AF	0	0.005309	103	68	35	0	0	0	0
AF	0	0.005621	78	51	27	0	0	0	0
AF	0	0.005934	146	99	47	0	0	0	0
AF	0	0.006246	41	26	15	0	0	0	0
AF	0	0.006558	109	70	39	0	0	0	0
AF	0	0.006871	60	42	18	0	0	0	0
AF	0	0.007183	98	67	31	0	0	0	0
AF	0	0.007495	105	66	39	0	0	0	0
AF	0	0.007808	87	55	32	0	0	0	0
AF	0	0.008120	58	36	22	0	0	0	0
AF	0	0.008432	68	41	27	0	0	0	0
AF	0	0.008745	67	40	27	0	0	0	0
AF	0	0.009057	76	52	24	0	0	0	0
AF	0	0.009369	29	21	8	0	0	0	0
AF	0	0.009681	58	33	25	0	0	0	0
AF	0	0.009994	21	15	6	0	0	0	0
AF	0	0.010306	45	31	14	0	0	0	0
AF	0	0.010618	21	17	4	0	0	0	0
AF	0	0.010931	35	23	12	0	0	0	0
AF	0	0.011243	55	36	19	0	0	0	0
AF	0	0.011555	34	27	7	0	0	0	0
AF	0	0.011868	17	13	4	0	0	0	0
AF	0	0.012180	51	30	21	0	0	0	0
AF	0	0.012492	13	5	8	0	0	0	0
AF	0	0.012804	23	17	6	0	0	0	0
AF	0	0.013117	11	4	7	0	0	0	0
AF	0	0.013429	24	13	11	0	0	0	0
AF	0	0.013741	16	8	8	0	0	0	0
AF	0	0.014054	25	13	12	0	0	0	0
AF	0	0.014366	17	9	8	0	0	0	0
AF	0	0.014678	18	13	5	0	0	0	0
AF	0	0.014991	31	14	17	0	0	0	0
AF	0	0.015303	24	17	7	0	0	0	0
AF	0	0.015615	20	14	6	0	0	0	0
AF	0	0.015928	16	11	5	0	0	0	0
AF	0	0.016240	7	4	3	0	0	0	0
AF	0	0.016552	29	17	12	0	0	0	0
AF	0	0.016864	10	8	2	0	0	0	0
AF	0	0.017177	25	17	8	0	0	0	0
AF	0	0.017489	7	3	4	0	0	0	0
AF	0	0.017801	28	16	12	0	0	0	0
AF	0	0.018114	12	8	4	0	0	0	0
AF	0	0.018426	23	15	8	0	0	0	0
AF	0	0.018738	6	4	2	0	0	0	0
AF	0	0.019051	19	14	5	0	0	0	0
AF	0	0.019363	14	8	6	0	0	0	0
AF	0	0.019675	10	3	7	0	0	0	0
AF	0	0.019988	4	2	2	0	0	0	0
AF	0	0.020300	7	6	1	0	0	0	0
AF	0	0.020612	7	5	2	0	0	0	0
AF	0	0.020924	16	11	5	0	0	0	0
AF	0	0.021237	7	5	2	0	0	0	0
AF	0	0.021549	17	12	5	0	0	0	0
AF	0	0.021861	13	7	6	0	0	0	0
AF	0	0.022174	8	7	1	0	0	0	0
AF	0	0.022486	7	6	1	0	0	0	0
AF	0	0.022798	12	9	3	0	0	0	0
AF	0	0.023111	2	1	1	0	0	0	0
AF	0	0.023423	20	12	8	0	0	0	0
AF	0	0.023735	10	8	2	0	0	0	0
AF	0	0.024047	9	6	3	0	0	0	0
AF	0	0.024360	8	4	4	0	0	0	0
AF	0	0.024672	21	13	8	0	0	0	0
AF	0	0.024984	17	11	6	0	0	0	0
AF	0	0.025297	13	8	5	0	0	0	0
AF	0	0.025609	8	4	4	0	0	0	0
AF	0	0.025921	13	6	7	0	0	0	0
AF	0	0.026234	10	3	7	0	0	0	0
AF	0	0.026546	14	11	3	0	0	0	0
AF	0	0.026858	9	4	5	0	0	0	0
AF	0	0.027171	53	40	13	0	0	0	0
AF	0	0.027483	7	3	4	0	0	0	0
AF	0	0.027795	17	11	6	0	0	0	0
AF	0	0.028107	13	9	4	0	0	0	0
AF	0	0.028420	29	20	9	0	0	0	0
AF	0	0.028732	10	7	3	0	0	0	0
AF	0	0.029044	45	31	14	0	0	0	0
AF	0	0.029357	8	5	3	0	0	0	0
AF	0	0.029669	24	13	11	0	0	0	0
AF	0	0.029981	8	5	3	0	0	0	0
AF	0	0.030294	36	23	13	0	0	0	0
AF	0	0.030606	35	23	12	0	0	0	0
AF	0	0.030918	21	12	9	0	0	0	0
AF	0	0.031230	9	4	5	0	0	0	0
AF	0	0.031543	7	4	3	0	0	0	0
AF	0	0.031855	2	2	0	0	0	0	0
AF	0	0.032167	7	5	2	0	0	0	0
AF	0	0.032480	2	2	0	0	0	0	0
AF	0	0.032792	7	5	2	0	0	0	0
AF	0	0.033104	3	2	1	0	0	0	0
AF	0	0.033417	6	5	1	0	0	0	0
AF	0	0.033729	8	6	2	0	0	0	0
AF	0	0.034041	16	12	4	0	0	0	0
AF	0	0.034354	3	1	2	0	0	0	0
AF	0	0.034666	4	3	1	0	0	0	0
AF	0	0.034978	4	3	1	0	0	0	0
AF	0	0.035290	5	4	1	0	0	0	0
AF	0	0.035603	3	3	0	0	0	0	0
AF	0	0.035915	6	4	2	0	0	0	0
AF	0	0.036540	5	2	3	0	0	0	0
AF	0	0.036852	8	5	3	0	0	0	0
AF	0	0.037164	12	7	5	0	0	0	0
AF	0	0.037477	4	2	2	0	0	0	0
AF	0	0.037789	24	15	9	0	0	0	0
AF	0	0.038101	5	2	3	0	0	0	0
AF	0	0.038413	11	8	3	0	0	0	0
AF	0	0.038726	17	13	4	0	0	0	0
AF	0	0.039038	36	26	10	0	0	0	0
AF	0	0.039350	8	4	4	0	0	0	0
AF	0	0.039663	6	3	3	0	0	0	0
AF	0	0.039975	2	1	1	0	0	0	0
AF	0	0.040287	4	3	1	0	0	0	0
AF	0	0.040600	2	1	1	0	0	0	0
AF	0	0.040912	11	7	4	0	0	0	0
AF	0	0.041224	2	2	0	0	0	0	0
AF	0	0.041537	1	1	0	0	0	0	0
AF	0	0.041849	2	1	1	0	0	0	0
AF	0	0.042161	5	4	1	0	0	0	0
AF	0	0.042473	3	1	2	0	0	0	0
AF	0	0.042786	3	3	0	0	0	0	0
AF	0	0.043098	2	1	1	0	0	0	0
AF	0	0.043410	2	0	2	0	0	0	0
AF	0	0.044035	4	2	2	0	0	0	0
AF	0	0.044347	1	1	0	0	0	0	0
AF	0	0.044660	7	5	2	0	0	0	0
AF	0	0.044972	11	7	4	0	0	0	0
AF	0	0.045284	8	4	4	0	0	0	0
AF	0	0.045597	7	5	2	0	0	0	0
AF	0	0.045909	1	1	0	0	0	0	0
AF	0	0.046221	1	0	1	0	0	0	0
AF	0	0.046533	7	3	4	0	0	0	0
AF	0	0.047158	4	3	1	0	0	0	0
AF	0	0.047470	7	5	2	0	0	0	0
AF	0	0.047783	10	5	5	0	0	0	0
AF	0	0.048095	1	1	0	0	0	0	0
AF	0	0.048407	5	3	2	0	0	0	0
AF	0	0.048720	1	1	0	0	0	0	0
AF	0	0.049032	1	1	0	0	0	0	0
AF	0	0.049344	2	1	1	0	0	0	0
AF	0	0.049656	4	3	1	0	0	0	0
AF	0	0.050281	4	4	0	0	0	0	0
AF	0	0.050593	1	0	1	0	0	0	0
AF	0	0.050906	4	2	2	0	0	0	0
AF	0	0.051218	2	1	1	0	0	0	0
AF	0	0.051530	6	5	1	0	0	0	0
AF	0	0.051843	2	1	1	0	0	0	0
AF	0	0.052155	1	1	0	0	0	0	0
AF	0	0.052467	1	1	0	0	0	0	0
AF	0	0.052780	3	2	1	0	0	0	0
AF	0	0.053092	2	2	0	0	0	0	0
AF	0	0.053404	1	0	1	0	0	0	0
AF	0	0.053716	1	1	0	0	0	0	0
AF	0	0.054029	3	1	2	0	0	0	0
AF	0	0.054653	2	2	0	0	0	0	0
AF	0	0.056215	2	1	1	0	0	0	0
AF	0	0.056527	2	2	0	0	0	0	0
AF	0	0.056839	2	2	0	0	0	0	0
AF	0	0.057152	1	0	1	0	0	0	0
AF	0	0.057464	5	4	1	0	0	0	0
AF	0	0.057776	17	13	4	0	0	0	0
AF	0	0.058089	4	3	1	0	0	0	0
AF	0	0.058401	6	5	1	0	0	0	0
AF	0	0.059026	4	4	0	0	0	0	0
AF	0	0.059338	1	0	1	0	0	0	0
AF	0	0.059650	4	3	1	0	0	0	0
AF	0	0.059963	3	2	1	0	0	0	0
AF	0	0.060275	3	1	2	0	0	0	0
AF	0	0.060587	2	1	1	0	0	0	0
AF	0	0.060899	3	3	0	0	0	0	0
AF	0	0.061212	2	1	1	0	0	0	0
AF	0	0.061524	11	5	6	0	0	0	0
AF	0	0.061836	3	2	1	0	0	0	0
AF	0	0.062149	2	2	0	0	0	0	0
AF	0	0.062461	1	0	1	0	0	0	0
AF	0	0.062773	2	2	0	0	0	0	0
AF	0	0.063086	7	5	2	0	0	0	0
AF	0	0.063398	3	2	1	0	0	0	0
AF	0	0.063710	3	0	3	0	0	0	0
AF	0	0.064022	4	0	4	0	0	0	0
AF	0	0.064335	5	3	2	0	0	0	0
AF	0	0.064647	3	2	1	0	0	0	0
AF	0	0.064959	4	4	0	0	0	0	0
AF	0	0.065272	14	8	6	0	0	0	0
AF	0	0.065584	15	8	7	0	0	0	0
AF	0	0.065896	9	7	2	0	0	0	0
AF	0	0.066209	4	3	1	0	0	0	0
AF	0	0.066521	11	8	3	0	0	0	0
AF	0	0.066833	6	3	3	0	0	0	0
AF	0	0.067146	2	1	1	0	0	0	0
AF	0	0.067458	1	0	1	0	0	0	0
AF	0	0.067770	4	4	0	0	0	0	0
AF	0	0.068082	6	6	0	0	0	0	0
AF	0	0.068395	11	7	4	0	0	0	0
AF	0	0.068707	10	5	5	0	0	0	0
AF	0	0.069019	7	6	1	0	0	0	0
AF	0	0.069332	1	1	0	0	0	0	0
AF	0	0.069644	5	4	1	0	0	0	0
AF	0	0.069956	3	2	1	0	0	0	0
AF	0	0.070269	5	2	3	0	0	0	0
AF	0	0.070581	8	5	3	0	0	0	0
AF	0	0.070893	5	3	2	0	0	0	0
AF	0	0.071205	1	1	0	0	0	0	0
AF	0	0.071518	5	2	3	0	0	0	0
AF	0	0.071830	2	2	0	0	0	0	0
AF	0	0.072142	7	1	6	0	0	0	0
AF	0	0.072455	1	1	0	0	0	0	0
AF	0	0.072767	15	12	3	0	0	0	0
AF	0	0.073079	7	4	3	0	0	0	0
AF	0	0.073392	14	10	4	0	0	0	0
AF	0	0.073704	1	1	0	0	0	0	0
AF	0	0.074016	5	5	0	0	0	0	0
AF	0	0.074329	8	5	3	0	0	0	0
AF	0	0.074641	4	2	2	0	0	0	0
AF	0	0.074953	6	4	2	0	0	0	0
AF	0	0.075265	8	6	2	0	0	0	0
AF	0	0.075578	6	4	2	0	0	0	0
AF	0	0.075890	8	8	0	0	0	0	0
AF	0	0.076202	3	2	1	0	0	0	0
AF	0	0.076515	3	1	2	0	0	0	0
AF	0	0.077764	1	1	0	0	0	0	0
AF	0	0.078389	1	1	0	0	0	0	0
AF	0	0.079638	1	1	0	0	0	0	0
AF	0	0.080262	2	1	1	0	0	0	0
AF	0	0.080575	1	0	1	0	0	0	0
AF	0	0.080887	1	1	0	0	0	0	0
AF	0	0.081199	1	0	1	0	0	0	0
AF	0	0.082136	2	1	1	0	0	0	0
AF	0	0.082448	2	2	0	0	0	0	0
AF	0	0.082761	4	3	1	0	0	0	0
AF	0	0.085259	1	0	1	0	0	0	0
AF	0	0.085572	2	1	1	0	0	0	0
AF	0	0.086196	1	1	0	0	0	0	0
AF	0	0.086508	2	0	2	0	0	0	0
AF	0	0.087133	1	0	1	0	0	0	0
AF	0	0.087758	2	1	1	0	0	0	0
AF	0	0.088382	2	1	1	0	0	0	0
AF	0	0.089319	1	0	1	0	0	0	0
AF	0	0.089631	1	1	0	0	0	0	0
AF	0	0.090256	1	0	1	0	0	0	0
AF	0	0.091193	2	1	1	0	0	0	0
AF	0	0.091505	2	1	1	0	0	0	0
AF	0	0.091818	1	1	0	0	0	0	0
AF	0	0.093379	1	1	0	0	0	0	0
AF	0	0.094004	1	0	1	0	0	0	0
AF	0	0.094628	1	1	0	0	0	0	0
AF	0	0.094941	1	0	1	0	0	0	0
AF	0	0.095253	1	1	0	0	0	0	0
AF	0	0.095565	1	1	0	0	0	0	0
AF	0	0.096814	2	0	2	0	0	0	0
AF	0	0.097439	2	2	0	0	0	0	0
AF	0	0.098064	3	3	0	0	0	0	0
AF	0	0.098376	2	2	0	0	0	0	0
AF	0	0.099001	2	1	1	0	0	0	0
AF	0	0.099313	2	2	0	0	0	0	0
AF	0	0.099625	2	0	2	0	0	0	0
AF	0	0.099938	2	1	1	0	0	0	0
AF	0	0.100250	2	2	0	0	0	0	0
AF	0	0.100562	1	0	1	0	0	0	0
AF	0	0.100874	4	4	0	0	0	0	0
AF	0	0.101499	12	9	3	0	0	0	0
AF	0	0.102124	2	2	0	0	0	0	0
AF	0	0.102436	1	1	0	0	0	0	0
AF	0	0.102748	4	4	0	0	0	0	0
AF	0	0.103373	2	2	0	0	0	0	0
AF	0	0.103998	5	4	1	0	0	0	0
AF	0	0.104310	2	1	1	0	0	0	0
AF	0	0.104622	2	2	0	0	0	0	0
AF	0	0.104934	1	1	0	0	0	0	0
AF	0	0.105247	2	2	0	0	0	0	0
AF	0	0.107121	1	1	0	0	0	0	0
AF	0	0.108370	1	0	1	0	0	0	0
AF	0	0.108682	1	1	0	0	0	0	0
AF	0	0.108994	3	1	2	0	0	0	0
AF	0	0.109307	1	0	1	0	0	0	0
AF	0	0.109619	2	1	1	0	0	0	0
AF	0	0.112430	1	1	0	0	0	0	0
AF	0	0.113991	1	0	1	0	0	0	0
AF	0	0.114928	1	1	0	0	0	0	0
AF	0	0.115240	1	1	0	0	0	0	0
AF	0	0.115865	3	3	0	0	0	0	0
AF	0	0.118364	1	1	0	0	0	0	0
AF	0	0.120862	1	0	1	0	0	0	0
AF	0	0.121174	4	3	1	0	0	0	0
AF	0	0.121487	1	1	0	0	0	0	0
AF	0	0.123048	1	1	0	0	0	0	0
AF	0	0.123360	1	0	1	0	0	0	0
AF	0	0.123673	1	1	0	0	0	0	0
AF	0	0.123985	1	1	0	0	0	0	0
AF	0	0.124922	8	5	3	0	0	0	0
AF	0	0.125234	7	3	4	0	0	0	0
AF	0	0.125547	3	2	1	0	0	0	0
AF	0	0.126171	13	8	5	0	0	0	0
AF	0	0.126483	1	1	0	0	0	0	0
AF	0	0.126796	1	1	0	0	0	0	0
AF	0	0.127420	1	0	1	0	0	0	0
AF	0	0.127733	23	17	6	0	0	0	0
AF	0	0.128045	12	7	5	0	0	0	0
AF	0	0.128357	1	0	1	0	0	0	0
AF	0	0.128670	4	3	1	0	0	0	0
AF	0	0.129919	1	1	0	0	0	0	0
AF	0	0.130543	3	3	0	0	0	0	0
AF	0	0.131168	2	0	2	0	0	0	0
AF	0	0.131793	6	4	2	0	0	0	0
AF	0	0.132105	1	1	0	0	0	0	0
AF	0	0.132417	2	2	0	0	0	0	0
AF	0	0.132730	2	1	1	0	0	0	0
AF	0	0.133042	3	3	0	0	0	0	0
AF	0	0.133354	2	1	1	0	0	0	0
AF	0	0.133666	4	1	3	0	0	0	0
AF	0	0.134291	2	2	0	0	0	0	0
AF	0	0.134916	11	4	7	0	0	0	0
AF	0	0.135540	5	4	1	0	0	0	0
AF	0	0.136165	3	2	1	0	0	0	0
AF	0	0.136477	8	6	2	0	0	0	0
AF	0	0.136790	5	4	1	0	0	0	0
AF	0	0.137102	1	0	1	0	0	0	0
AF	0	0.137414	4	2	2	0	0	0	0
AF	0	0.137726	1	1	0	0	0	0	0
AF	0	0.138039	1	1	0	0	0	0	0
AF	0	0.139288	1	1	0	0	0	0	0
AF	0	0.139600	3	2	1	0	0	0	0
AF	0	0.141786	1	1	0	0	0	0	0
AF	0	0.143036	3	2	1	0	0	0	0
AF	0	0.143660	1	0	1	0	0	0	0
AF	0	0.143973	1	0	1	0	0	0	0
AF	0	0.144285	1	0	1	0	0	0	0
AF	0	0.144909	1	0	1	0	0	0	0
AF	0	0.145534	4	4	0	0	0	0	0
AF	0	0.146159	1	0	1	0	0	0	0
AF	0	0.148032	1	1	0	0	0	0	0
AF	0	0.150531	1	0	1	0	0	0	0
AF	0	0.151156	1	1	0	0	0	0	0
AF	0	0.151780	1	1	0	0	0	0	0
AF	0	0.152092	2	1	1	0	0	0	0
AF	0	0.152405	2	2	0	0	0	0	0
AF	0	0.153029	1	1	0	0	0	0	0
AF	0	0.154279	1	0	1	0	0	0	0
AF	0	0.154591	1	1	0	0	0	0	0
AF	0	0.156152	1	1	0	0	0	0	0
AF	0	0.157402	1	1	0	0	0	0	0
AF	0	0.158651	1	1	0	0	0	0	0
AF	0	0.158963	5	2	3	0	0	0	0
AF	0	0.159275	1	1	0	0	0	0	0
AF	0	0.159900	3	1	2	0	0	0	0
AF	0	0.160837	3	1	2	0	0	0	0
AF	0	0.161149	2	1	1	0	0	0	0
AF	0	0.161774	1	1	0	0	0	0	0
AF	0	0.162399	1	0	1	0	0	0	0
AF	0	0.163023	2	2	0	0	0	0	0
AF	0	0.163960	1	0	1	0	0	0	0
AF	0	0.164272	2	1	1	0	0	0	0
AF	0	0.164897	8	6	2	0	0	0	0
AF	0	0.165209	1	0	1	0	0	0	0
AF	0	0.165522	2	2	0	0	0	0	0
AF	0	0.165834	2	2	0	0	0	0	0
AF	0	0.166771	1	1	0	0	0	0	0
AF	0	0.167395	2	1	1	0	0	0	0
AF	0	0.168020	2	0	2	0	0	0	0
AF	0	0.168645	1	1	0	0	0	0	0
AF	0	0.168957	1	1	0	0	0	0	0
AF	0	0.169269	6	5	1	0	0	0	0
AF	0	0.169582	1	1	0	0	0	0	0
AF	0	0.169894	3	1	2	0	0	0	0
AF	0	0.170206	3	3	0	0	0	0	0
AF	0	0.170518	1	1	0	0	0	0	0
AF	0	0.170831	1	1	0	0	0	0	0
AF	0	0.171143	2	2	0	0	0	0	0
AF	0	0.172392	3	3	0	0	0	0	0
AF	0	0.173017	1	1	0	0	0	0	0
AF	0	0.173641	1	0	1	0	0	0	0
AF	0	0.173954	1	1	0	0	0	0	0
AF	0	0.175828	2	2	0	0	0	0	0
AF	0	0.176140	3	1	2	0	0	0	0
AF	0	0.176765	1	1	0	0	0	0	0
AF	0	0.178014	1	1	0	0	0	0	0
AF	0	0.178326	1	1	0	0	0	0	0
AF	0	0.179263	1	1	0	0	0	0	0
AF	0	0.179888	2	2	0	0	0	0	0
AF	0	0.180200	3	1	2	0	0	0	0
AF	0	0.180512	1	1	0	0	0	0	0
AF	0	0.180824	1	1	0	0	0	0	0
AF	0	0.181761	4	3	1	0	0	0	0
AF	0	0.182074	8	8	0	0	0	0	0
AF	0	0.182386	4	3	1	0	0	0	0
AF	0	0.182698	3	3	0	0	0	0	0
AF	0	0.183011	2	0	2	0	0	0	0
AF	0	0.183948	1	1	0	0	0	0	0
AF	0	0.184260	1	1	0	0	0	0	0
AF	0	0.184572	1	1	0	0	0	0	0
AF	0	0.184884	3	3	0	0	0	0	0
AF	0	0.185197	3	1	2	0	0	0	0
AF	0	0.185821	1	0	1	0	0	0	0
AF	0	0.186134	1	1	0	0	0	0	0
AF	0	0.186758	1	0	1	0	0	0	0
AF	0	0.187383	1	1	0	0	0	0	0
AF	0	0.187695	2	2	0	0	0	0	0
AF	0	0.188007	1	1	0	0	0	0	0
AF	0	0.188632	3	2	1	0	0	0	0
AF	0	0.188944	4	3	1	0	0	0	0
AF	0	0.189257	1	0	1	0	0	0	0
AF	0	0.189569	1	0	1	0	0	0	0
AF	0	0.189881	1	1	0	0	0	0	0
AF	0	0.190194	4	2	2	0	0	0	0
AF	0	0.190506	1	1	0	0	0	0	0
AF	0	0.190818	1	1	0	0	0	0	0
AF	0	0.191443	3	2	1	0	0	0	0
AF	0	0.193629	3	1	2	0	0	0	0
AF	0	0.194254	1	1	0	0	0	0	0
AF	0	0.194566	3	1	2	0	0	0	0
AF	0	0.194878	6	5	1	0	0	0	0
AF	0	0.195815	2	2	0	0	0	0	0
AF	0	0.196752	3	1	2	0	0	0	0
AF	0	0.197377	20	18	2	0	0	0	0
AF	0	0.197689	1	1	0	0	0	0	0
AF	0	0.198001	6	6	0	0	0	0	0
AF	0	0.198626	2	1	1	0	0	0	0
AF	0	0.199250	1	1	0	0	0	0	0
AF	0	0.200187	1	0	1	0	0	0	0
AF	0	0.200500	10	5	5	0	0	0	0
AF	0	0.200812	1	1	0	0	0	0	0
AF	0	0.201124	1	1	0	0	0	0	0
AF	0	0.201437	2	2	0	0	0	0	0
AF	0	0.201749	2	0	2	0	0	0	0
AF	0	0.202374	1	0	1	0	0	0	0
AF	0	0.203623	1	1	0	0	0	0	0
AF	0	0.203935	1	1	0	0	0	0	0
AF	0	0.204247	3	1	2	0	0	0	0
AF	0	0.204560	1	0	1	0	0	0	0
AF	0	0.205184	1	1	0	0	0	0	0
AF	0	0.205497	4	1	3	0	0	0	0
AF	0	0.206121	1	1	0	0	0	0	0
AF	0	0.206746	5	3	2	0	0	0	0
AF	0	0.207370	4	4	0	0	0	0	0
AF	0	0.207683	3	2	1	0	0	0	0
AF	0	0.207995	3	3	0	0	0	0	0
AF	0	0.208307	2	2	0	0	0	0	0
AF	0	0.208620	3	2	1	0	0	0	0
AF	0	0.209244	4	3	1	0	0	0	0
AF	0	0.209557	2	1	1	0	0	0	0
AF	0	0.209869	2	2	0	0	0	0	0
AF	0	0.210181	1	0	1	0	0	0	0
AF	0	0.213304	1	1	0	0	0	0	0
AF	0	0.214866	1	1	0	0	0	0	0
AF	0	0.215178	2	1	1	0	0	0	0
AF	0	0.215490	1	1	0	0	0	0	0
AF	0	0.216740	3	3	0	0	0	0	0
AF	0	0.217052	1	1	0	0	0	0	0
AF	0	0.217364	6	3	3	0	0	0	0
AF	0	0.217676	2	1	1	0	0	0	0
AF	0	0.217989	1	1	0	0	0	0	0
AF	0	0.218301	1	0	1	0	0	0	0
AF	0	0.218613	2	2	0	0	0	0	0
AF	0	0.218926	2	2	0	0	0	0	0
AF	0	0.219238	2	2	0	0	0	0	0
AF	0	0.219550	6	3	3	0	0	0	0
AF	0	0.224859	1	1	0	0	0	0	0
AF	0	0.225796	2	2	0	0	0	0	0
AF	0	0.227670	1	1	0	0	0	0	0
AF	0	0.230793	1	1	0	0	0	0	0
AF	0	0.234541	1	1	0	0	0	0	0
AF	0	0.238289	1	1	0	0	0	0	0
AF	0	0.238913	1	1	0	0	0	0	0
AF	0	0.240787	1	1	0	0	0	0	0
AF	0	0.242036	1	1	0	0	0	0	0
AF	0	0.243285	2	2	0	0	0	0	0
AF	0	0.243910	1	1	0	0	0	0	0
AF	0	0.245159	2	0	2	0	0	0	0
AF	0	0.245784	2	2	0	0	0	0	0
AF	0	0.246408	1	0	1	0	0	0	0
AF	0	0.246721	1	1	0	0	0	0	0
AF	0	0.247033	2	0	2	0	0	0	0
AF	0	0.247970	1	1	0	0	0	0	0
AF	0	0.248907	2	1	1	0	0	0	0
AF	0	0.252342	1	0	1	0	0	0	0
AF	0	0.252655	1	0	1	0	0	0	0
AF	0	0.252967	1	1	0	0	0	0	0
AF	0	0.253279	1	1	0	0	0	0	0
AF	0	0.262024	1	1	0	0	0	0	0
AF	0	0.262336	1	1	0	0	0	0	0
AF	0	0.266396	1	1	0	0	0	0	0
AF	0	0.268270	1	1	0	0	0	0	0
AF	0	0.271705	1	0	1	0	0	0	0
AF	0	0.273267	1	0	1	0	0	0	0
AF	0	0.275765	2	1	1	0	0	0	0
AF	0	0.276390	1	1	0	0	0	0	0
AF	0	0.277014	1	0	1	0	0	0	0
AF	0	0.281387	1	1	0	0	0	0	0
AF	0	0.282324	1	0	1	0	0	0	0
AF	0	0.284197	1	1	0	0	0	0	0
AF	0	0.284822	1	1	0	0	0	0	0
AF	0	0.303560	1	1	0	0	0	0	0
AF	0	0.304809	1	0	1	0	0	0	0
AF	0	0.311368	1	0	1	0	0	0	0
AF	0	0.314491	1	0	1	0	0	0	0
AF	0	0.315740	1	0	1	0	0	0	0
AF	0	0.316365	2	2	0	0	0	0	0
AF	0	0.323235	1	0	1	0	0	0	0
AF	0	0.326983	1	0	1	0	0	0	0
AF	0	0.327608	2	2	0	0	0	0	0
AF	0	0.328232	5	1	4	0	0	0	0
AF	0	0.328545	4	2	2	0	0	0	0
AF	0	0.328857	5	2	3	0	0	0	0
AF	0	0.329169	4	2	2	0	0	0	0
AF	0	0.329482	5	4	1	0	0	0	0
AF	0	0.329794	2	1	1	0	0	0	0
AF	0	0.336665	1	1	0	0	0	0	0
AF	0	0.353217	1	1	0	0	0	0	0
AF	0	0.354154	2	1	1	0	0	0	0
AF	0	0.354466	1	0	1	0	0	0	0
AF	0	0.355403	2	1	1	0	0	0	0
AF	0	0.363523	1	1	0	0	0	0	0
AF	0	0.364460	1	0	1	0	0	0	0
AF	0	0.365709	1	0	1	0	0	0	0
AF	0	0.366646	1	1	0	0	0	0	0
AF	0	0.367270	1	1	0	0	0	0	0
AF	0	0.367895	3	2	1	0	0	0	0
AF	0	0.368207	1	1	0	0	0	0	0
AF	0	0.368520	3	2	1	0	0	0	0
AF	0	0.369144	5	5	0	0	0	0	0
AF	0	0.369769	1	1	0	0	0	0	0
AF	0	0.372267	1	1	0	0	0	0	0
AF	0	0.391318	1	1	0	0	0	0	0
AF	0	0.392879	1	1	0	0	0	0	0
AF	0	0.394129	2	0	2	0	0	0	0
AF	0	0.396315	2	2	0	0	0	0	0
AF	0	0.398813	1	1	0	0	0	0	0
AF	0	0.401312	2	1	1	0	0	0	0
AF	0	0.403186	1	0	1	0	0	0	0
AF	0	0.405996	1	1	0	0	0	0	0
AF	0	0.406309	6	5	1	0	0	0	0
AF	0	0.406621	2	2	0	0	0	0	0
AF	0	0.406933	4	3	1	0	0	0	0
AF	0	0.407245	1	0	1	0	0	0	0
AF	0	0.407870	1	1	0	0	0	0	0
AF	0	0.411618	1	0	1	0	0	0	0
AF	0	0.412242	1	1	0	0	0	0	0
AF	0	0.412555	1	1	0	0	0	0	0
AF	0	0.412867	1	1	0	0	0	0	0
AF	0	0.413179	3	2	1	0	0	0	0
AF	0	0.413804	1	1	0	0	0	0	0
AF	0	0.414116	2	2	0	0	0	0	0
AF	0	0.414428	1	1	0	0	0	0	0
AF	0	0.414741	1	0	1	0	0	0	0
AF	0	0.415053	1	1	0	0	0	0	0
AF	0	0.415365	5	4	1	0	0	0	0
AF	0	0.415678	3	3	0	0	0	0	0
AF	0	0.416615	2	1	1	0	0	0	0
AF	0	0.419113	1	0	1	0	0	0	0
AF	0	0.420675	1	1	0	0	0	0	0
AF	0	0.424735	1	1	0	0	0	0	0
AF	0	0.425984	1	1	0	0	0	0	0
AF	0	0.428482	1	0	1	0	0	0	0
AF	0	0.429419	3	2	1	0	0	0	0
AF	0	0.429731	2	2	0	0	0	0	0
AF	0	0.433791	1	1	0	0	0	0	0
AF	0	0.436602	1	0	1	0	0	0	0
AF	0	0.437227	1	0	1	0	0	0	0
AF	0	0.442848	1	0	1	0	0	0	0
AF	0	0.451905	1	0	1	0	0	0	0
AF	0	0.453779	2	1	1	0	0	0	0
AF	0	0.456277	1	0	1	0	0	0	0
AF	0	0.456902	1	0	1	0	0	0	0
AF	0	0.458151	1	0	1	0	0	0	0
AF	0	0.464085	1	1	0	0	0	0	0
AF	0	0.468770	1	1	0	0	0	0	0
AF	0	0.469082	1	1	0	0	0	0	0
AF	0	0.469394	1	0	1	0	0	0	0
AF	0	0.470019	1	0	1	0	0	0	0
AF	0	0.470331	1	1	0	0	0	0	0
AF	0	0.470956	1	0	1	0	0	0	0
AF	0	0.473142	1	1	0	0	0	0	0
AF	0	0.473766	1	1	0	0	0	0	0
AF	0	0.474703	1	1	0	0	0	0	0
AF	0	0.475016	2	2	0	0	0	0	0
AF	0	0.476889	1	0	1	0	0	0	0
AF	0	0.477202	1	1	0	0	0	0	0
AF	0	0.480325	1	0	1	0	0	0	0
AF	0	0.480637	1	0	1	0	0	0	0
AF	0	0.481262	1	0	1	0	0	0	0
AF	0	0.481886	8	5	3	0	0	0	0
AF	0	0.482199	2	2	0	0	0	0	0
AF	0	0.482511	1	1	0	0	0	0	0
AF	0	0.482823	1	1	0	0	0	0	0
AF	0	0.483136	1	1	0	0	0	0	0
AF	0	0.483448	7	5	2	0	0	0	0
AF	0	0.483760	4	3	1	0	0	0	0
AF	0	0.484072	10	7	3	0	0	0	0
AF	0	0.484385	13	8	5	0	0	0	0
AF	0	0.484697	1	0	1	0	0	0	0
AF	0	0.485009	11	7	4	0	0	0	0
AF	0	0.485322	2	2	0	0	0	0	0
AF	0	0.485634	2	1	1	0	0	0	0
AF	0	0.486259	3	1	2	0	0	0	0
AF	0	0.486883	1	1	0	0	0	0	0
AF	0	0.488132	2	1	1	0	0	0	0
AF	0	0.488445	1	0	1	0	0	0	0
AF	0	0.488757	1	1	0	0	0	0	0
AF	0	0.489382	1	1	0	0	0	0	0
AF	0	0.491880	1	0	1	0	0	0	0
AF	0	0.493442	1	0	1	0	0	0	0
AF	0	0.493754	2	1	1	0	0	0	0
AF	0	0.494379	1	0	1	0	0	0	0
AF	0	0.500000	1	1	0	0	0	0	0
AF	0	0.500312	1	0	1	0	0	0	0
AF	0	0.501249	1	0	1	0	0	0	0
AF	0	0.502498	1	1	0	0	0	0	0
AF	0	0.504997	1	0	1	0	0	0	0
AF	0	0.520612	1	0	1	0	0	0	0
AF	0	0.523111	6	2	4	0	0	0	0
AF	0	0.523423	2	1	1	0	0	0	0
AF	0	0.524672	1	0	1	0	0	0	0
AF	0	0.525609	5	3	2	0	0	0	0
AF	0	0.528732	1	1	0	0	0	0	0
AF	0	0.529357	3	2	1	0	0	0	0
AF	0	0.529981	2	2	0	0	0	0	0
AF	0	0.538726	1	1	0	0	0	0	0
AF	0	0.540600	2	1	1	0	0	0	0
AF	0	0.540912	1	0	1	0	0	0	0
AF	0	0.546221	1	1	0	0	0	0	0
AF	0	0.548407	1	1	0	0	0	0	0
AF	0	0.548720	1	1	0	0	0	0	0
AF	0	0.549344	1	1	0	0	0	0	0
AF	0	0.554029	3	1	2	0	0	0	0
AF	0	0.554341	4	2	2	0	0	0	0
AF	0	0.554653	1	1	0	0	0	0	0
AF	0	0.554966	2	1	1	0	0	0	0
AF	0	0.555903	6	4	2	0	0	0	0
AF	0	0.556527	1	1	0	0	0	0	0
AF	0	0.560587	1	1	0	0	0	0	0
AF	0	0.564022	1	0	1	0	0	0	0
AF	0	0.566521	1	0	1	0	0	0	0
AF	0	0.568395	1	1	0	0	0	0	0
AF	0	0.569644	1	0	1	0	0	0	0
AF	0	0.572142	1	0	1	0	0	0	0
AF	0	0.609619	1	0	1	0	0	0	0
AF	0	0.609931	2	0	2	0	0	0	0
AF	0	0.612117	1	1	0	0	0	0	0
AF	0	0.616802	1	0	1	0	0	0	0
AF	0	0.620862	1	1	0	0	0	0	0
AF	0	0.622423	1	1	0	0	0	0	0
AF	0	0.623673	1	1	0	0	0	0	0
AF	0	0.625547	1	1	0	0	0	0	0
AF	0	0.662711	1	0	1	0	0	0	0
AF	0	0.684884	1	1	0	0	0	0	0
AF	0	0.685509	1	1	0	0	0	0	0
AF	0	0.711743	1	0	1	0	0	0	0
AF	0	0.737352	1	0	1	0	0	0	0
AF	0	0.740787	1	0	1	0	0	0	0
AF	0	0.747033	1	1	0	0	0	0	0
AF	0	0.752967	1	0	1	0	0	0	0
AF	0	0.753279	2	2	0	0	0	0	0
AF	0	0.753592	1	1	0	0	0	0	0
AF	0	0.754216	3	1	2	0	0	0	0
AF	0	0.754528	1	1	0	0	0	0	0
AF	0	0.784510	1	1	0	0	0	0	0
AF	0	0.787008	1	0	1	0	0	0	0
AF	0	0.831355	1	0	1	0	0	0	0
AF	0	0.843535	1	0	1	0	0	0	0
AF	0	0.858214	1	1	0	0	0	0	0
AF	0	0.866646	1	1	0	0	0	0	0
AF	0	0.868207	1	1	0	0	0	0	0
AF	0	0.872580	1	1	0	0	0	0	0
AF	0	0.872892	1	0	1	0	0	0	0
AF	0	0.897564	1	0	1	0	0	0	0
AF	0	0.898501	2	0	2	0	0	0	0
AF	0	0.899126	1	0	1	0	0	0	0
AF	0	0.899750	1	0	1	0	0	0	0
AF	0	0.900687	1	1	0	0	0	0	0
AF	0	0.904122	1	1	0	0	0	0	0
AF	0	0.904435	1	1	0	0	0	0	0
AF	0	0.904747	1	0	1	0	0	0	0
AF	0	0.907245	1	1	0	0	0	0	0
AF	0	0.916927	1	0	1	0	0	0	0
AF	0	0.917239	1	0	1	0	0	0	0
AF	0	0.917552	1	1	0	0	0	0	0
AF	0	0.928482	1	1	0	0	0	0	0
AF	0	0.929419	1	1	0	0	0	0	0
AF	0	0.930981	1	1	0	0	0	0	0
AF	0	0.970956	1	1	0	0	0	0	0
AF	0	0.976577	2	0	2	0	0	0	0
AF	0	0.979700	1	1	0	0	0	0	0
AF	0	0.980325	1	0	1	0	0	0	0
AF	0	0.980949	1	1	0	0	0	0	0
AF	0	0.985634	1	1	0	0	0	0	0
AF	0	0.986571	3	2	1	0	0	0	0
AF	0	0.987196	3	1	2	0	0	0	0
AF	0	0.987820	1	1	0	0	0	0	0
AF	0	0.988445	3	2	1	0	0	0	0
AF	0	0.989069	1	1	0	0	0	0	0
AF	0	0.989382	1	0	1	0	0	0	0
AF	0	0.991880	1	1	0	0	0	0	0
AF	0	0.992192	2	1	1	0	0	0	0
AF	0	0.992817	1	1	0	0	0	0	0
AF	0	0.993129	1	0	1	0	0	0	0
AF	0	0.993442	1	0	1	0	0	0	0
AF	0	0.995628	1	0	1	0	0	0	0
AF	0	0.995940	4	2	2	0	0	0	0
AF	0	0.996565	3	2	1	0	0	0	0
AF	0	0.996877	2	2	0	0	0	0	0
AF	0	0.997189	1	0	1	0	0	0	0
AF	0	0.997502	1	1	0	0	0	0	0
AF	0	0.997814	2	1	1	0	0	0	0
AF	0	0.998438	1	0	1	0	0	0	0
AF	0	0.998751	2	2	0	0	0	0	0
# QUAL, Stats by quality
# QUAL	[2]id	[3]Quality	[4]number of SNPs	[5]number of transitions (1st ALT)	[6]number of transversions (1st ALT)	[7]number of indels
QUAL	0	.	13183	8812	4371	0
# IDD, InDel distribution:
# IDD	[2]id	[3]length (deletions negative)	[4]number of sites	[5]number of genotypes	[6]mean VAF
# ST, Substitution types:
# ST	[2]id	[3]type	[4]count
ST	0	A>C	498
ST	0	A>G	1805
ST	0	A>T	542
ST	0	C>A	674
ST	0	C>G	492
ST	0	C>T	2506
ST	0	G>A	2663
ST	0	G>C	508
ST	0	G>T	642
ST	0	T>A	530
ST	0	T>C	1838
ST	0	T>G	485
# DP, Depth distribution
# DP	[2]id	[3]bin	[4]number of genotypes	[5]fraction of genotypes (%)	[6]number of sites	[7]fraction of sites (%)
  - Fix haploid genotypes in males...

Submit MakeDiploidMalesX finished successfully. Let's have a beer, buddy!

