Submit MakeDiploidMalesX
version 1.1.6 (2024-09-30)

These are the settings:
  Input file................: /hpc/local/Rocky8/dhl_ec/software/MonopogenLite/resources/1kGP_high_coverage_Illumina.SNVonly_poly.filtered_AF_5e-04.norm.fixvariantid.chrX.vcf.gz
  Output file...............: /hpc/local/Rocky8/dhl_ec/software/MonopogenLite/resources/1kGP_high_coverage_Illumina.SNVonly_poly.filtered_AF_5e-04.norm.fixvariantid.makediploid.chrX.vcf.gz
  Chunk size................: 100

  SLURM CPUs................: 4
  SLURM Array ID............: 15 (of 100)
  SLURM memory..............: 16G
  SLURM time................: 01:00:00
  SLURM mail type...........: FAIL
  SLURM mail user...........: s.w.vanderlaan-2@umcutrecht.nl

  Dry run mode..............: 0
  Debug mode................: 1
  Verbosity.................: 0
  Version...................: 1.1.6 (2024-09-30)

Making converting haploid genotypes to diploid genotypes.
> Extract the region for this SLURM task (# 15) from the BED file.
  - Get the chunk number from the SLURM array task ID and the bed file...
DEBUG: Extracting chunk number: 15p from 15
DEBUG: Extracting region from BED file: /hpc/local/Rocky8/dhl_ec/software/MonopogenLite/resources/chrX_100pieces.bed
  - Extract the region from the BED file...
DEBUG: Extracted raw region: 'chrX	21845713	23406120' (chunk #: 15p of 100 for job 15)
  - Check if a valid region was extracted -- should be 'chrX	21845713	23406120'...
  - Prepare the region for bcftools...
  - Check if the region (chrX:21845713-23406120) was successfully extracted...
> Processing region 'chrX:21845713-23406120'...
  - Process the specific region (chunk# 15) using bcftools view...
  - Index the VCF file...
DEBUG: Check if the VCF file was successfully processed...
##fileformat=VCFv4.2
##FILTER=<ID=PASS,Description="All filters passed">
##fileDate=29/01/2022 - 14:31:41
##source=shapeit4.2.2
##contig=<ID=chr1,length=248956422>
##contig=<ID=chr2,length=242193529>
##contig=<ID=chr3,length=198295559>
##contig=<ID=chr4,length=190214555>
##contig=<ID=chr5,length=181538259>
##contig=<ID=chr6,length=170805979>
# This file was produced by bcftools stats (1.20+htslib-1.20) and can be plotted using plot-vcfstats.
# The command line was:	bcftools stats  /hpc/local/Rocky8/dhl_ec/software/MonopogenLite/resources/chrX.part15.vcf.gz
#
# Definition of sets:
# ID	[2]id	[3]tab-separated file names
ID	0	/hpc/local/Rocky8/dhl_ec/software/MonopogenLite/resources/chrX.part15.vcf.gz
# SN, Summary numbers:
#   number of records   .. number of data rows in the VCF
#   number of no-ALTs   .. reference-only sites, ALT is either "." or identical to REF
#   number of SNPs      .. number of rows with a SNP
#   number of MNPs      .. number of rows with a MNP, such as CC>TT
#   number of indels    .. number of rows with an indel
#   number of others    .. number of rows with other type, for example a symbolic allele or
#                          a complex substitution, such as ACT>TCGA
#   number of multiallelic sites     .. number of rows with multiple alternate alleles
#   number of multiallelic SNP sites .. number of rows with multiple alternate alleles, all SNPs
# 
#   Note that rows containing multiple types will be counted multiple times, in each
#   counter. For example, a row with a SNP and an indel increments both the SNP and
#   the indel counter.
# 
# SN	[2]id	[3]key	[4]value
SN	0	number of samples:	3202
SN	0	number of records:	18427
SN	0	number of no-ALTs:	0
SN	0	number of SNPs:	18427
SN	0	number of MNPs:	0
SN	0	number of indels:	0
SN	0	number of others:	0
SN	0	number of multiallelic sites:	0
SN	0	number of multiallelic SNP sites:	0
# TSTV, transitions/transversions:
# TSTV	[2]id	[3]ts	[4]tv	[5]ts/tv	[6]ts (1st ALT)	[7]tv (1st ALT)	[8]ts/tv (1st ALT)
TSTV	0	12297	6130	2.01	12297	6130	2.01
# SiS, Singleton stats:
# SiS	[2]id	[3]allele count	[4]number of SNPs	[5]number of transitions	[6]number of transversions	[7]number of indels	[8]repeat-consistent	[9]repeat-inconsistent	[10]not applicable
SiS	0	1	0	0	0	0	0	0	0
# AF, Stats by non-reference allele frequency:
# AF	[2]id	[3]allele frequency	[4]number of SNPs	[5]number of transitions	[6]number of transversions	[7]number of indels	[8]repeat-consistent	[9]repeat-inconsistent	[10]not applicable
AF	0	0.000312	2499	1717	782	0	0	0	0
AF	0	0.000625	1556	1040	516	0	0	0	0
AF	0	0.000937	1865	1236	629	0	0	0	0
AF	0	0.001249	573	402	171	0	0	0	0
AF	0	0.001562	882	577	305	0	0	0	0
AF	0	0.001874	366	244	122	0	0	0	0
AF	0	0.002186	526	365	161	0	0	0	0
AF	0	0.002498	238	177	61	0	0	0	0
AF	0	0.002811	438	307	131	0	0	0	0
AF	0	0.003123	146	93	53	0	0	0	0
AF	0	0.003435	334	204	130	0	0	0	0
AF	0	0.003748	149	106	43	0	0	0	0
AF	0	0.004060	259	178	81	0	0	0	0
AF	0	0.004372	124	87	37	0	0	0	0
AF	0	0.004685	165	113	52	0	0	0	0
AF	0	0.004997	88	65	23	0	0	0	0
AF	0	0.005309	221	141	80	0	0	0	0
AF	0	0.005621	79	54	25	0	0	0	0
AF	0	0.005934	130	93	37	0	0	0	0
AF	0	0.006246	76	47	29	0	0	0	0
AF	0	0.006558	122	80	42	0	0	0	0
AF	0	0.006871	61	41	20	0	0	0	0
AF	0	0.007183	119	67	52	0	0	0	0
AF	0	0.007495	75	46	29	0	0	0	0
AF	0	0.007808	116	76	40	0	0	0	0
AF	0	0.008120	62	42	20	0	0	0	0
AF	0	0.008432	113	78	35	0	0	0	0
AF	0	0.008745	44	26	18	0	0	0	0
AF	0	0.009057	97	63	34	0	0	0	0
AF	0	0.009369	38	24	14	0	0	0	0
AF	0	0.009681	84	58	26	0	0	0	0
AF	0	0.009994	48	28	20	0	0	0	0
AF	0	0.010306	85	62	23	0	0	0	0
AF	0	0.010618	37	26	11	0	0	0	0
AF	0	0.010931	64	36	28	0	0	0	0
AF	0	0.011243	35	25	10	0	0	0	0
AF	0	0.011555	80	59	21	0	0	0	0
AF	0	0.011868	33	23	10	0	0	0	0
AF	0	0.012180	54	43	11	0	0	0	0
AF	0	0.012492	30	23	7	0	0	0	0
AF	0	0.012804	72	49	23	0	0	0	0
AF	0	0.013117	29	23	6	0	0	0	0
AF	0	0.013429	80	45	35	0	0	0	0
AF	0	0.013741	25	17	8	0	0	0	0
AF	0	0.014054	80	53	27	0	0	0	0
AF	0	0.014366	22	12	10	0	0	0	0
AF	0	0.014678	55	34	21	0	0	0	0
AF	0	0.014991	19	12	7	0	0	0	0
AF	0	0.015303	48	30	18	0	0	0	0
AF	0	0.015615	23	10	13	0	0	0	0
AF	0	0.015928	59	30	29	0	0	0	0
AF	0	0.016240	29	20	9	0	0	0	0
AF	0	0.016552	48	27	21	0	0	0	0
AF	0	0.016864	18	13	5	0	0	0	0
AF	0	0.017177	44	30	14	0	0	0	0
AF	0	0.017489	23	13	10	0	0	0	0
AF	0	0.017801	48	35	13	0	0	0	0
AF	0	0.018114	19	14	5	0	0	0	0
AF	0	0.018426	28	24	4	0	0	0	0
AF	0	0.018738	26	13	13	0	0	0	0
AF	0	0.019051	40	28	12	0	0	0	0
AF	0	0.019363	19	11	8	0	0	0	0
AF	0	0.019675	36	25	11	0	0	0	0
AF	0	0.019988	16	13	3	0	0	0	0
AF	0	0.020300	40	30	10	0	0	0	0
AF	0	0.020612	13	11	2	0	0	0	0
AF	0	0.020924	37	22	15	0	0	0	0
AF	0	0.021237	14	5	9	0	0	0	0
AF	0	0.021549	29	16	13	0	0	0	0
AF	0	0.021861	15	10	5	0	0	0	0
AF	0	0.022174	42	25	17	0	0	0	0
AF	0	0.022486	19	12	7	0	0	0	0
AF	0	0.022798	38	23	15	0	0	0	0
AF	0	0.023111	8	7	1	0	0	0	0
AF	0	0.023423	23	15	8	0	0	0	0
AF	0	0.023735	20	16	4	0	0	0	0
AF	0	0.024047	32	22	10	0	0	0	0
AF	0	0.024360	17	11	6	0	0	0	0
AF	0	0.024672	38	26	12	0	0	0	0
AF	0	0.024984	15	12	3	0	0	0	0
AF	0	0.025297	30	21	9	0	0	0	0
AF	0	0.025609	6	4	2	0	0	0	0
AF	0	0.025921	28	16	12	0	0	0	0
AF	0	0.026234	11	7	4	0	0	0	0
AF	0	0.026546	17	14	3	0	0	0	0
AF	0	0.026858	14	8	6	0	0	0	0
AF	0	0.027171	33	24	9	0	0	0	0
AF	0	0.027483	6	3	3	0	0	0	0
AF	0	0.027795	18	11	7	0	0	0	0
AF	0	0.028107	9	5	4	0	0	0	0
AF	0	0.028420	20	14	6	0	0	0	0
AF	0	0.028732	6	4	2	0	0	0	0
AF	0	0.029044	12	8	4	0	0	0	0
AF	0	0.029357	14	5	9	0	0	0	0
AF	0	0.029669	22	15	7	0	0	0	0
AF	0	0.029981	11	6	5	0	0	0	0
AF	0	0.030294	16	14	2	0	0	0	0
AF	0	0.030606	13	9	4	0	0	0	0
AF	0	0.030918	23	18	5	0	0	0	0
AF	0	0.031230	12	8	4	0	0	0	0
AF	0	0.031543	18	13	5	0	0	0	0
AF	0	0.031855	12	7	5	0	0	0	0
AF	0	0.032167	20	10	10	0	0	0	0
AF	0	0.032480	4	4	0	0	0	0	0
AF	0	0.032792	17	11	6	0	0	0	0
AF	0	0.033104	11	8	3	0	0	0	0
AF	0	0.033417	17	12	5	0	0	0	0
AF	0	0.033729	9	7	2	0	0	0	0
AF	0	0.034041	10	7	3	0	0	0	0
AF	0	0.034354	10	7	3	0	0	0	0
AF	0	0.034666	11	8	3	0	0	0	0
AF	0	0.034978	6	5	1	0	0	0	0
AF	0	0.035290	19	12	7	0	0	0	0
AF	0	0.035603	6	4	2	0	0	0	0
AF	0	0.035915	20	14	6	0	0	0	0
AF	0	0.036227	6	3	3	0	0	0	0
AF	0	0.036540	13	8	5	0	0	0	0
AF	0	0.036852	4	3	1	0	0	0	0
AF	0	0.037164	20	13	7	0	0	0	0
AF	0	0.037477	7	3	4	0	0	0	0
AF	0	0.037789	10	6	4	0	0	0	0
AF	0	0.038101	12	6	6	0	0	0	0
AF	0	0.038413	12	9	3	0	0	0	0
AF	0	0.038726	10	4	6	0	0	0	0
AF	0	0.039038	20	11	9	0	0	0	0
AF	0	0.039350	8	5	3	0	0	0	0
AF	0	0.039663	17	13	4	0	0	0	0
AF	0	0.039975	19	14	5	0	0	0	0
AF	0	0.040287	17	13	4	0	0	0	0
AF	0	0.040600	5	2	3	0	0	0	0
AF	0	0.040912	21	15	6	0	0	0	0
AF	0	0.041224	5	3	2	0	0	0	0
AF	0	0.041537	6	4	2	0	0	0	0
AF	0	0.041849	5	5	0	0	0	0	0
AF	0	0.042161	9	4	5	0	0	0	0
AF	0	0.042473	17	13	4	0	0	0	0
AF	0	0.042786	14	7	7	0	0	0	0
AF	0	0.043098	3	2	1	0	0	0	0
AF	0	0.043410	17	8	9	0	0	0	0
AF	0	0.043723	9	6	3	0	0	0	0
AF	0	0.044035	14	7	7	0	0	0	0
AF	0	0.044347	4	3	1	0	0	0	0
AF	0	0.044660	19	13	6	0	0	0	0
AF	0	0.044972	2	1	1	0	0	0	0
AF	0	0.045284	12	9	3	0	0	0	0
AF	0	0.045597	7	5	2	0	0	0	0
AF	0	0.045909	17	9	8	0	0	0	0
AF	0	0.046221	10	8	2	0	0	0	0
AF	0	0.046533	4	3	1	0	0	0	0
AF	0	0.046846	9	6	3	0	0	0	0
AF	0	0.047158	7	5	2	0	0	0	0
AF	0	0.047470	5	5	0	0	0	0	0
AF	0	0.047783	8	4	4	0	0	0	0
AF	0	0.048095	7	5	2	0	0	0	0
AF	0	0.048407	9	6	3	0	0	0	0
AF	0	0.048720	8	4	4	0	0	0	0
AF	0	0.049032	10	7	3	0	0	0	0
AF	0	0.049344	8	3	5	0	0	0	0
AF	0	0.049656	16	9	7	0	0	0	0
AF	0	0.049969	8	5	3	0	0	0	0
AF	0	0.050281	11	8	3	0	0	0	0
AF	0	0.050593	10	4	6	0	0	0	0
AF	0	0.050906	8	4	4	0	0	0	0
AF	0	0.051218	6	3	3	0	0	0	0
AF	0	0.051530	17	9	8	0	0	0	0
AF	0	0.051843	1	1	0	0	0	0	0
AF	0	0.052155	13	10	3	0	0	0	0
AF	0	0.052467	6	2	4	0	0	0	0
AF	0	0.052780	8	6	2	0	0	0	0
AF	0	0.053092	6	3	3	0	0	0	0
AF	0	0.053404	7	3	4	0	0	0	0
AF	0	0.053716	2	2	0	0	0	0	0
AF	0	0.054029	8	5	3	0	0	0	0
AF	0	0.054341	3	2	1	0	0	0	0
AF	0	0.054653	9	8	1	0	0	0	0
AF	0	0.054966	4	3	1	0	0	0	0
AF	0	0.055278	10	8	2	0	0	0	0
AF	0	0.055590	3	1	2	0	0	0	0
AF	0	0.055903	6	2	4	0	0	0	0
AF	0	0.056215	4	2	2	0	0	0	0
AF	0	0.056527	4	2	2	0	0	0	0
AF	0	0.056839	4	3	1	0	0	0	0
AF	0	0.057152	14	10	4	0	0	0	0
AF	0	0.057464	3	2	1	0	0	0	0
AF	0	0.057776	16	12	4	0	0	0	0
AF	0	0.058089	5	3	2	0	0	0	0
AF	0	0.058401	10	9	1	0	0	0	0
AF	0	0.058713	5	4	1	0	0	0	0
AF	0	0.059026	12	8	4	0	0	0	0
AF	0	0.059338	5	3	2	0	0	0	0
AF	0	0.059650	10	10	0	0	0	0	0
AF	0	0.059963	1	0	1	0	0	0	0
AF	0	0.060275	12	10	2	0	0	0	0
AF	0	0.060587	6	3	3	0	0	0	0
AF	0	0.060899	4	3	1	0	0	0	0
AF	0	0.061212	1	1	0	0	0	0	0
AF	0	0.061524	6	4	2	0	0	0	0
AF	0	0.061836	2	2	0	0	0	0	0
AF	0	0.062149	7	6	1	0	0	0	0
AF	0	0.062461	4	3	1	0	0	0	0
AF	0	0.062773	8	7	1	0	0	0	0
AF	0	0.063086	1	0	1	0	0	0	0
AF	0	0.063398	7	3	4	0	0	0	0
AF	0	0.063710	3	2	1	0	0	0	0
AF	0	0.064022	8	5	3	0	0	0	0
AF	0	0.064335	7	4	3	0	0	0	0
AF	0	0.064647	10	5	5	0	0	0	0
AF	0	0.064959	1	1	0	0	0	0	0
AF	0	0.065272	13	12	1	0	0	0	0
AF	0	0.065584	6	5	1	0	0	0	0
AF	0	0.065896	10	6	4	0	0	0	0
AF	0	0.066209	3	3	0	0	0	0	0
AF	0	0.066521	6	2	4	0	0	0	0
AF	0	0.066833	4	2	2	0	0	0	0
AF	0	0.067146	4	2	2	0	0	0	0
AF	0	0.067458	5	5	0	0	0	0	0
AF	0	0.067770	8	6	2	0	0	0	0
AF	0	0.068082	7	2	5	0	0	0	0
AF	0	0.068395	6	3	3	0	0	0	0
AF	0	0.068707	7	5	2	0	0	0	0
AF	0	0.069019	6	4	2	0	0	0	0
AF	0	0.069332	5	4	1	0	0	0	0
AF	0	0.069644	10	6	4	0	0	0	0
AF	0	0.069956	3	3	0	0	0	0	0
AF	0	0.070269	6	3	3	0	0	0	0
AF	0	0.070581	3	2	1	0	0	0	0
AF	0	0.070893	8	4	4	0	0	0	0
AF	0	0.071205	3	1	2	0	0	0	0
AF	0	0.071518	6	5	1	0	0	0	0
AF	0	0.071830	6	3	3	0	0	0	0
AF	0	0.072142	3	2	1	0	0	0	0
AF	0	0.072455	10	7	3	0	0	0	0
AF	0	0.072767	9	6	3	0	0	0	0
AF	0	0.073079	7	6	1	0	0	0	0
AF	0	0.073392	13	11	2	0	0	0	0
AF	0	0.073704	3	3	0	0	0	0	0
AF	0	0.074016	6	2	4	0	0	0	0
AF	0	0.074329	4	4	0	0	0	0	0
AF	0	0.074641	9	6	3	0	0	0	0
AF	0	0.074953	4	2	2	0	0	0	0
AF	0	0.075265	7	4	3	0	0	0	0
AF	0	0.075578	2	2	0	0	0	0	0
AF	0	0.075890	5	3	2	0	0	0	0
AF	0	0.076202	2	1	1	0	0	0	0
AF	0	0.076515	3	3	0	0	0	0	0
AF	0	0.076827	2	2	0	0	0	0	0
AF	0	0.077139	5	1	4	0	0	0	0
AF	0	0.077452	5	5	0	0	0	0	0
AF	0	0.077764	8	8	0	0	0	0	0
AF	0	0.078076	3	3	0	0	0	0	0
AF	0	0.078389	10	5	5	0	0	0	0
AF	0	0.078701	3	3	0	0	0	0	0
AF	0	0.079013	9	6	3	0	0	0	0
AF	0	0.079325	2	1	1	0	0	0	0
AF	0	0.079638	6	4	2	0	0	0	0
AF	0	0.079950	6	4	2	0	0	0	0
AF	0	0.080262	15	10	5	0	0	0	0
AF	0	0.080887	7	5	2	0	0	0	0
AF	0	0.081199	4	4	0	0	0	0	0
AF	0	0.081512	9	5	4	0	0	0	0
AF	0	0.081824	2	1	1	0	0	0	0
AF	0	0.082136	6	3	3	0	0	0	0
AF	0	0.082448	1	1	0	0	0	0	0
AF	0	0.082761	6	5	1	0	0	0	0
AF	0	0.083073	4	3	1	0	0	0	0
AF	0	0.083385	2	2	0	0	0	0	0
AF	0	0.083698	5	4	1	0	0	0	0
AF	0	0.084010	6	2	4	0	0	0	0
AF	0	0.084322	2	2	0	0	0	0	0
AF	0	0.084635	7	4	3	0	0	0	0
AF	0	0.084947	2	1	1	0	0	0	0
AF	0	0.085259	4	2	2	0	0	0	0
AF	0	0.085572	4	3	1	0	0	0	0
AF	0	0.085884	3	3	0	0	0	0	0
AF	0	0.086196	2	2	0	0	0	0	0
AF	0	0.086508	4	1	3	0	0	0	0
AF	0	0.086821	3	1	2	0	0	0	0
AF	0	0.087133	8	5	3	0	0	0	0
AF	0	0.087445	2	1	1	0	0	0	0
AF	0	0.087758	7	5	2	0	0	0	0
AF	0	0.088070	2	1	1	0	0	0	0
AF	0	0.088382	7	6	1	0	0	0	0
AF	0	0.088695	1	0	1	0	0	0	0
AF	0	0.089007	7	3	4	0	0	0	0
AF	0	0.089319	2	1	1	0	0	0	0
AF	0	0.089631	7	5	2	0	0	0	0
AF	0	0.089944	1	0	1	0	0	0	0
AF	0	0.090256	7	5	2	0	0	0	0
AF	0	0.090568	6	3	3	0	0	0	0
AF	0	0.090881	4	3	1	0	0	0	0
AF	0	0.091193	3	3	0	0	0	0	0
AF	0	0.091505	3	0	3	0	0	0	0
AF	0	0.091818	3	2	1	0	0	0	0
AF	0	0.092130	12	10	2	0	0	0	0
AF	0	0.092442	5	3	2	0	0	0	0
AF	0	0.092755	4	1	3	0	0	0	0
AF	0	0.093067	4	3	1	0	0	0	0
AF	0	0.093379	4	4	0	0	0	0	0
AF	0	0.093691	3	1	2	0	0	0	0
AF	0	0.094004	7	4	3	0	0	0	0
AF	0	0.094316	2	2	0	0	0	0	0
AF	0	0.094628	7	4	3	0	0	0	0
AF	0	0.095253	7	6	1	0	0	0	0
AF	0	0.095565	4	1	3	0	0	0	0
AF	0	0.095878	10	5	5	0	0	0	0
AF	0	0.096190	2	1	1	0	0	0	0
AF	0	0.096502	7	4	3	0	0	0	0
AF	0	0.096814	2	2	0	0	0	0	0
AF	0	0.097127	1	1	0	0	0	0	0
AF	0	0.097439	3	2	1	0	0	0	0
AF	0	0.097751	6	4	2	0	0	0	0
AF	0	0.098064	1	1	0	0	0	0	0
AF	0	0.098376	3	3	0	0	0	0	0
AF	0	0.098688	4	3	1	0	0	0	0
AF	0	0.099001	5	3	2	0	0	0	0
AF	0	0.099313	4	4	0	0	0	0	0
AF	0	0.099625	4	2	2	0	0	0	0
AF	0	0.099938	5	4	1	0	0	0	0
AF	0	0.100250	7	5	2	0	0	0	0
AF	0	0.100562	4	2	2	0	0	0	0
AF	0	0.100874	11	7	4	0	0	0	0
AF	0	0.101187	5	5	0	0	0	0	0
AF	0	0.101499	12	10	2	0	0	0	0
AF	0	0.101811	4	4	0	0	0	0	0
AF	0	0.102124	7	3	4	0	0	0	0
AF	0	0.102436	3	2	1	0	0	0	0
AF	0	0.102748	7	4	3	0	0	0	0
AF	0	0.103061	3	3	0	0	0	0	0
AF	0	0.103373	2	2	0	0	0	0	0
AF	0	0.103685	3	2	1	0	0	0	0
AF	0	0.103998	5	4	1	0	0	0	0
AF	0	0.104310	2	1	1	0	0	0	0
AF	0	0.104622	3	3	0	0	0	0	0
AF	0	0.104934	3	2	1	0	0	0	0
AF	0	0.105247	8	3	5	0	0	0	0
AF	0	0.105559	3	2	1	0	0	0	0
AF	0	0.105871	4	2	2	0	0	0	0
AF	0	0.106184	4	3	1	0	0	0	0
AF	0	0.106496	5	3	2	0	0	0	0
AF	0	0.106808	1	1	0	0	0	0	0
AF	0	0.107121	5	1	4	0	0	0	0
AF	0	0.107433	2	1	1	0	0	0	0
AF	0	0.107745	6	5	1	0	0	0	0
AF	0	0.108057	4	4	0	0	0	0	0
AF	0	0.108370	11	9	2	0	0	0	0
AF	0	0.108682	5	3	2	0	0	0	0
AF	0	0.108994	5	2	3	0	0	0	0
AF	0	0.109307	4	1	3	0	0	0	0
AF	0	0.109619	6	5	1	0	0	0	0
AF	0	0.109931	4	3	1	0	0	0	0
AF	0	0.110244	2	1	1	0	0	0	0
AF	0	0.110556	5	2	3	0	0	0	0
AF	0	0.110868	7	5	2	0	0	0	0
AF	0	0.111181	8	4	4	0	0	0	0
AF	0	0.111493	5	3	2	0	0	0	0
AF	0	0.111805	6	5	1	0	0	0	0
AF	0	0.112117	3	2	1	0	0	0	0
AF	0	0.112430	7	7	0	0	0	0	0
AF	0	0.112742	2	0	2	0	0	0	0
AF	0	0.113054	11	8	3	0	0	0	0
AF	0	0.113367	4	3	1	0	0	0	0
AF	0	0.113679	8	6	2	0	0	0	0
AF	0	0.113991	2	2	0	0	0	0	0
AF	0	0.114304	5	5	0	0	0	0	0
AF	0	0.114616	4	4	0	0	0	0	0
AF	0	0.114928	4	2	2	0	0	0	0
AF	0	0.115240	1	0	1	0	0	0	0
AF	0	0.115553	4	4	0	0	0	0	0
AF	0	0.115865	1	0	1	0	0	0	0
AF	0	0.116177	3	2	1	0	0	0	0
AF	0	0.116490	2	1	1	0	0	0	0
AF	0	0.116802	4	2	2	0	0	0	0
AF	0	0.117114	6	5	1	0	0	0	0
AF	0	0.117427	6	3	3	0	0	0	0
AF	0	0.118051	4	3	1	0	0	0	0
AF	0	0.118364	3	1	2	0	0	0	0
AF	0	0.118676	3	3	0	0	0	0	0
AF	0	0.118988	3	1	2	0	0	0	0
AF	0	0.119300	3	1	2	0	0	0	0
AF	0	0.119613	5	3	2	0	0	0	0
AF	0	0.119925	4	3	1	0	0	0	0
AF	0	0.120237	7	6	1	0	0	0	0
AF	0	0.120550	4	1	3	0	0	0	0
AF	0	0.120862	2	1	1	0	0	0	0
AF	0	0.121174	7	5	2	0	0	0	0
AF	0	0.121487	2	1	1	0	0	0	0
AF	0	0.121799	5	4	1	0	0	0	0
AF	0	0.122111	4	3	1	0	0	0	0
AF	0	0.122423	3	2	1	0	0	0	0
AF	0	0.122736	1	1	0	0	0	0	0
AF	0	0.123048	6	5	1	0	0	0	0
AF	0	0.123360	3	2	1	0	0	0	0
AF	0	0.123673	2	1	1	0	0	0	0
AF	0	0.123985	2	1	1	0	0	0	0
AF	0	0.124297	7	4	3	0	0	0	0
AF	0	0.124610	3	3	0	0	0	0	0
AF	0	0.124922	6	3	3	0	0	0	0
AF	0	0.125234	2	2	0	0	0	0	0
AF	0	0.125547	2	1	1	0	0	0	0
AF	0	0.125859	2	2	0	0	0	0	0
AF	0	0.126171	3	2	1	0	0	0	0
AF	0	0.126483	3	1	2	0	0	0	0
AF	0	0.126796	3	3	0	0	0	0	0
AF	0	0.127108	1	1	0	0	0	0	0
AF	0	0.127420	1	0	1	0	0	0	0
AF	0	0.127733	2	1	1	0	0	0	0
AF	0	0.128045	1	0	1	0	0	0	0
AF	0	0.128357	2	2	0	0	0	0	0
AF	0	0.128670	3	1	2	0	0	0	0
AF	0	0.128982	3	3	0	0	0	0	0
AF	0	0.129294	5	4	1	0	0	0	0
AF	0	0.129606	2	2	0	0	0	0	0
AF	0	0.129919	6	4	2	0	0	0	0
AF	0	0.130231	5	4	1	0	0	0	0
AF	0	0.130543	9	4	5	0	0	0	0
AF	0	0.130856	4	1	3	0	0	0	0
AF	0	0.131168	4	0	4	0	0	0	0
AF	0	0.131480	1	1	0	0	0	0	0
AF	0	0.131793	8	5	3	0	0	0	0
AF	0	0.132105	3	2	1	0	0	0	0
AF	0	0.132417	7	4	3	0	0	0	0
AF	0	0.133042	7	3	4	0	0	0	0
AF	0	0.133354	4	4	0	0	0	0	0
AF	0	0.133666	2	1	1	0	0	0	0
AF	0	0.134291	4	3	1	0	0	0	0
AF	0	0.134603	3	2	1	0	0	0	0
AF	0	0.134916	5	3	2	0	0	0	0
AF	0	0.135228	2	2	0	0	0	0	0
AF	0	0.135540	3	3	0	0	0	0	0
AF	0	0.135853	1	1	0	0	0	0	0
AF	0	0.136165	4	4	0	0	0	0	0
AF	0	0.136477	1	1	0	0	0	0	0
AF	0	0.136790	5	3	2	0	0	0	0
AF	0	0.137102	1	0	1	0	0	0	0
AF	0	0.137414	8	5	3	0	0	0	0
AF	0	0.137726	4	0	4	0	0	0	0
AF	0	0.138039	8	6	2	0	0	0	0
AF	0	0.138663	1	1	0	0	0	0	0
AF	0	0.138976	4	1	3	0	0	0	0
AF	0	0.139913	4	4	0	0	0	0	0
AF	0	0.140225	1	1	0	0	0	0	0
AF	0	0.140537	3	3	0	0	0	0	0
AF	0	0.141162	10	5	5	0	0	0	0
AF	0	0.141474	1	1	0	0	0	0	0
AF	0	0.141786	7	5	2	0	0	0	0
AF	0	0.142099	2	1	1	0	0	0	0
AF	0	0.142411	4	2	2	0	0	0	0
AF	0	0.142723	2	1	1	0	0	0	0
AF	0	0.143036	5	3	2	0	0	0	0
AF	0	0.143348	3	2	1	0	0	0	0
AF	0	0.143660	5	3	2	0	0	0	0
AF	0	0.143973	3	2	1	0	0	0	0
AF	0	0.144285	6	4	2	0	0	0	0
AF	0	0.144597	1	1	0	0	0	0	0
AF	0	0.144909	4	1	3	0	0	0	0
AF	0	0.145222	4	2	2	0	0	0	0
AF	0	0.145534	2	2	0	0	0	0	0
AF	0	0.146159	4	3	1	0	0	0	0
AF	0	0.146471	1	1	0	0	0	0	0
AF	0	0.146783	3	2	1	0	0	0	0
AF	0	0.147096	1	1	0	0	0	0	0
AF	0	0.147408	7	6	1	0	0	0	0
AF	0	0.147720	4	2	2	0	0	0	0
AF	0	0.148032	4	4	0	0	0	0	0
AF	0	0.148345	4	2	2	0	0	0	0
AF	0	0.148657	4	1	3	0	0	0	0
AF	0	0.148969	1	1	0	0	0	0	0
AF	0	0.149282	3	3	0	0	0	0	0
AF	0	0.149906	3	3	0	0	0	0	0
AF	0	0.150219	2	2	0	0	0	0	0
AF	0	0.150531	1	0	1	0	0	0	0
AF	0	0.150843	1	0	1	0	0	0	0
AF	0	0.151156	4	3	1	0	0	0	0
AF	0	0.151468	2	1	1	0	0	0	0
AF	0	0.151780	3	3	0	0	0	0	0
AF	0	0.152092	3	0	3	0	0	0	0
AF	0	0.152405	4	2	2	0	0	0	0
AF	0	0.153029	2	1	1	0	0	0	0
AF	0	0.153342	1	1	0	0	0	0	0
AF	0	0.153654	4	2	2	0	0	0	0
AF	0	0.153966	1	1	0	0	0	0	0
AF	0	0.154279	5	3	2	0	0	0	0
AF	0	0.154591	1	0	1	0	0	0	0
AF	0	0.154903	7	4	3	0	0	0	0
AF	0	0.155215	2	1	1	0	0	0	0
AF	0	0.155528	5	2	3	0	0	0	0
AF	0	0.155840	3	2	1	0	0	0	0
AF	0	0.156152	3	2	1	0	0	0	0
AF	0	0.156465	2	2	0	0	0	0	0
AF	0	0.156777	5	4	1	0	0	0	0
AF	0	0.157089	2	2	0	0	0	0	0
AF	0	0.157402	2	1	1	0	0	0	0
AF	0	0.158026	3	3	0	0	0	0	0
AF	0	0.158651	4	3	1	0	0	0	0
AF	0	0.159275	3	2	1	0	0	0	0
AF	0	0.159900	4	2	2	0	0	0	0
AF	0	0.160212	2	1	1	0	0	0	0
AF	0	0.160525	6	4	2	0	0	0	0
AF	0	0.160837	3	3	0	0	0	0	0
AF	0	0.161149	3	1	2	0	0	0	0
AF	0	0.161462	1	1	0	0	0	0	0
AF	0	0.161774	4	2	2	0	0	0	0
AF	0	0.162086	1	1	0	0	0	0	0
AF	0	0.162399	3	2	1	0	0	0	0
AF	0	0.163023	6	5	1	0	0	0	0
AF	0	0.163335	1	1	0	0	0	0	0
AF	0	0.163648	4	2	2	0	0	0	0
AF	0	0.163960	3	1	2	0	0	0	0
AF	0	0.164272	1	1	0	0	0	0	0
AF	0	0.164585	2	2	0	0	0	0	0
AF	0	0.164897	2	2	0	0	0	0	0
AF	0	0.165209	2	2	0	0	0	0	0
AF	0	0.165522	6	3	3	0	0	0	0
AF	0	0.165834	1	0	1	0	0	0	0
AF	0	0.166146	1	1	0	0	0	0	0
AF	0	0.166458	3	1	2	0	0	0	0
AF	0	0.166771	4	2	2	0	0	0	0
AF	0	0.167083	3	3	0	0	0	0	0
AF	0	0.167395	1	1	0	0	0	0	0
AF	0	0.167708	1	1	0	0	0	0	0
AF	0	0.168020	7	5	2	0	0	0	0
AF	0	0.168332	1	1	0	0	0	0	0
AF	0	0.168645	5	3	2	0	0	0	0
AF	0	0.168957	1	1	0	0	0	0	0
AF	0	0.169269	4	1	3	0	0	0	0
AF	0	0.169582	4	4	0	0	0	0	0
AF	0	0.169894	1	1	0	0	0	0	0
AF	0	0.170518	3	3	0	0	0	0	0
AF	0	0.171768	3	2	1	0	0	0	0
AF	0	0.172080	3	2	1	0	0	0	0
AF	0	0.172392	5	3	2	0	0	0	0
AF	0	0.172705	3	2	1	0	0	0	0
AF	0	0.173017	2	1	1	0	0	0	0
AF	0	0.173329	2	1	1	0	0	0	0
AF	0	0.173641	3	2	1	0	0	0	0
AF	0	0.173954	1	0	1	0	0	0	0
AF	0	0.174266	3	1	2	0	0	0	0
AF	0	0.174578	2	1	1	0	0	0	0
AF	0	0.174891	2	2	0	0	0	0	0
AF	0	0.175203	3	3	0	0	0	0	0
AF	0	0.175515	6	3	3	0	0	0	0
AF	0	0.175828	2	2	0	0	0	0	0
AF	0	0.176452	3	2	1	0	0	0	0
AF	0	0.176765	4	4	0	0	0	0	0
AF	0	0.177077	3	3	0	0	0	0	0
AF	0	0.177701	4	2	2	0	0	0	0
AF	0	0.178014	3	1	2	0	0	0	0
AF	0	0.178326	1	1	0	0	0	0	0
AF	0	0.178638	1	1	0	0	0	0	0
AF	0	0.178951	1	1	0	0	0	0	0
AF	0	0.179263	3	1	2	0	0	0	0
AF	0	0.179888	2	2	0	0	0	0	0
AF	0	0.180200	1	1	0	0	0	0	0
AF	0	0.180512	5	2	3	0	0	0	0
AF	0	0.180824	5	3	2	0	0	0	0
AF	0	0.181137	3	1	2	0	0	0	0
AF	0	0.181449	1	1	0	0	0	0	0
AF	0	0.181761	4	2	2	0	0	0	0
AF	0	0.182074	3	2	1	0	0	0	0
AF	0	0.182386	3	3	0	0	0	0	0
AF	0	0.182698	1	0	1	0	0	0	0
AF	0	0.183011	4	4	0	0	0	0	0
AF	0	0.183323	1	1	0	0	0	0	0
AF	0	0.183635	5	5	0	0	0	0	0
AF	0	0.183948	2	2	0	0	0	0	0
AF	0	0.184260	1	1	0	0	0	0	0
AF	0	0.184572	2	0	2	0	0	0	0
AF	0	0.184884	3	2	1	0	0	0	0
AF	0	0.185197	2	1	1	0	0	0	0
AF	0	0.185509	3	2	1	0	0	0	0
AF	0	0.185821	4	3	1	0	0	0	0
AF	0	0.186134	1	1	0	0	0	0	0
AF	0	0.186758	7	5	2	0	0	0	0
AF	0	0.187071	2	0	2	0	0	0	0
AF	0	0.187383	5	4	1	0	0	0	0
AF	0	0.187695	1	1	0	0	0	0	0
AF	0	0.188007	2	1	1	0	0	0	0
AF	0	0.188632	6	5	1	0	0	0	0
AF	0	0.188944	1	1	0	0	0	0	0
AF	0	0.189257	8	4	4	0	0	0	0
AF	0	0.189569	1	0	1	0	0	0	0
AF	0	0.189881	2	2	0	0	0	0	0
AF	0	0.190506	6	3	3	0	0	0	0
AF	0	0.190818	3	3	0	0	0	0	0
AF	0	0.191131	3	1	2	0	0	0	0
AF	0	0.191443	2	0	2	0	0	0	0
AF	0	0.191755	3	1	2	0	0	0	0
AF	0	0.192067	1	1	0	0	0	0	0
AF	0	0.192380	4	3	1	0	0	0	0
AF	0	0.192692	2	0	2	0	0	0	0
AF	0	0.193004	4	1	3	0	0	0	0
AF	0	0.193629	7	5	2	0	0	0	0
AF	0	0.193941	3	3	0	0	0	0	0
AF	0	0.194254	3	2	1	0	0	0	0
AF	0	0.194566	2	1	1	0	0	0	0
AF	0	0.194878	5	4	1	0	0	0	0
AF	0	0.195503	3	1	2	0	0	0	0
AF	0	0.195815	5	4	1	0	0	0	0
AF	0	0.196127	2	1	1	0	0	0	0
AF	0	0.196440	1	1	0	0	0	0	0
AF	0	0.196752	1	0	1	0	0	0	0
AF	0	0.197064	1	1	0	0	0	0	0
AF	0	0.197377	3	1	2	0	0	0	0
AF	0	0.198001	2	2	0	0	0	0	0
AF	0	0.198626	1	1	0	0	0	0	0
AF	0	0.198938	4	4	0	0	0	0	0
AF	0	0.199250	2	2	0	0	0	0	0
AF	0	0.199563	1	0	1	0	0	0	0
AF	0	0.199875	3	3	0	0	0	0	0
AF	0	0.200187	1	0	1	0	0	0	0
AF	0	0.200500	3	2	1	0	0	0	0
AF	0	0.200812	2	2	0	0	0	0	0
AF	0	0.201124	2	1	1	0	0	0	0
AF	0	0.201437	1	1	0	0	0	0	0
AF	0	0.201749	6	4	2	0	0	0	0
AF	0	0.202061	1	1	0	0	0	0	0
AF	0	0.202374	4	3	1	0	0	0	0
AF	0	0.202686	2	2	0	0	0	0	0
AF	0	0.202998	1	0	1	0	0	0	0
AF	0	0.203310	2	2	0	0	0	0	0
AF	0	0.203623	3	3	0	0	0	0	0
AF	0	0.203935	2	2	0	0	0	0	0
AF	0	0.204247	4	4	0	0	0	0	0
AF	0	0.204560	1	0	1	0	0	0	0
AF	0	0.204872	4	1	3	0	0	0	0
AF	0	0.205497	5	4	1	0	0	0	0
AF	0	0.205809	3	3	0	0	0	0	0
AF	0	0.206121	1	1	0	0	0	0	0
AF	0	0.206746	8	5	3	0	0	0	0
AF	0	0.207058	2	1	1	0	0	0	0
AF	0	0.207370	2	1	1	0	0	0	0
AF	0	0.207683	2	1	1	0	0	0	0
AF	0	0.207995	2	1	1	0	0	0	0
AF	0	0.208307	4	2	2	0	0	0	0
AF	0	0.208620	2	1	1	0	0	0	0
AF	0	0.208932	2	2	0	0	0	0	0
AF	0	0.209244	1	1	0	0	0	0	0
AF	0	0.209869	4	4	0	0	0	0	0
AF	0	0.210181	3	1	2	0	0	0	0
AF	0	0.210493	1	0	1	0	0	0	0
AF	0	0.210806	1	1	0	0	0	0	0
AF	0	0.211118	1	1	0	0	0	0	0
AF	0	0.211743	3	2	1	0	0	0	0
AF	0	0.212055	1	1	0	0	0	0	0
AF	0	0.212367	2	1	1	0	0	0	0
AF	0	0.212992	2	2	0	0	0	0	0
AF	0	0.213616	1	1	0	0	0	0	0
AF	0	0.213929	1	1	0	0	0	0	0
AF	0	0.214241	2	1	1	0	0	0	0
AF	0	0.214553	2	1	1	0	0	0	0
AF	0	0.214866	3	3	0	0	0	0	0
AF	0	0.215178	4	4	0	0	0	0	0
AF	0	0.215490	4	1	3	0	0	0	0
AF	0	0.215803	1	1	0	0	0	0	0
AF	0	0.216115	3	3	0	0	0	0	0
AF	0	0.216427	1	1	0	0	0	0	0
AF	0	0.217364	3	2	1	0	0	0	0
AF	0	0.217989	1	1	0	0	0	0	0
AF	0	0.218301	1	0	1	0	0	0	0
AF	0	0.218613	1	0	1	0	0	0	0
AF	0	0.218926	1	0	1	0	0	0	0
AF	0	0.219238	4	2	2	0	0	0	0
AF	0	0.219550	2	1	1	0	0	0	0
AF	0	0.219863	1	1	0	0	0	0	0
AF	0	0.220487	4	3	1	0	0	0	0
AF	0	0.220800	2	1	1	0	0	0	0
AF	0	0.221112	1	1	0	0	0	0	0
AF	0	0.221424	1	1	0	0	0	0	0
AF	0	0.221736	1	0	1	0	0	0	0
AF	0	0.222049	2	1	1	0	0	0	0
AF	0	0.222361	1	1	0	0	0	0	0
AF	0	0.222673	3	3	0	0	0	0	0
AF	0	0.223298	2	2	0	0	0	0	0
AF	0	0.223610	1	0	1	0	0	0	0
AF	0	0.223923	3	0	3	0	0	0	0
AF	0	0.224235	1	0	1	0	0	0	0
AF	0	0.224547	1	0	1	0	0	0	0
AF	0	0.225172	2	1	1	0	0	0	0
AF	0	0.225484	2	1	1	0	0	0	0
AF	0	0.225796	2	1	1	0	0	0	0
AF	0	0.226109	2	1	1	0	0	0	0
AF	0	0.226733	2	1	1	0	0	0	0
AF	0	0.227670	6	5	1	0	0	0	0
AF	0	0.227983	1	1	0	0	0	0	0
AF	0	0.228295	4	4	0	0	0	0	0
AF	0	0.228919	1	1	0	0	0	0	0
AF	0	0.229232	2	0	2	0	0	0	0
AF	0	0.229544	2	1	1	0	0	0	0
AF	0	0.229856	1	1	0	0	0	0	0
AF	0	0.230793	6	3	3	0	0	0	0
AF	0	0.231106	1	0	1	0	0	0	0
AF	0	0.231418	5	3	2	0	0	0	0
AF	0	0.231730	1	0	1	0	0	0	0
AF	0	0.232042	4	3	1	0	0	0	0
AF	0	0.232667	1	1	0	0	0	0	0
AF	0	0.233292	4	3	1	0	0	0	0
AF	0	0.233604	2	1	1	0	0	0	0
AF	0	0.233916	2	1	1	0	0	0	0
AF	0	0.234229	1	1	0	0	0	0	0
AF	0	0.234541	6	5	1	0	0	0	0
AF	0	0.234853	1	1	0	0	0	0	0
AF	0	0.235166	4	4	0	0	0	0	0
AF	0	0.235478	1	1	0	0	0	0	0
AF	0	0.235790	3	3	0	0	0	0	0
AF	0	0.236102	1	1	0	0	0	0	0
AF	0	0.236415	4	3	1	0	0	0	0
AF	0	0.236727	2	1	1	0	0	0	0
AF	0	0.237039	2	2	0	0	0	0	0
AF	0	0.237664	1	1	0	0	0	0	0
AF	0	0.237976	2	1	1	0	0	0	0
AF	0	0.238289	2	2	0	0	0	0	0
AF	0	0.238601	1	0	1	0	0	0	0
AF	0	0.238913	1	0	1	0	0	0	0
AF	0	0.239225	1	0	1	0	0	0	0
AF	0	0.239538	3	2	1	0	0	0	0
AF	0	0.239850	3	3	0	0	0	0	0
AF	0	0.240162	4	3	1	0	0	0	0
AF	0	0.240475	1	1	0	0	0	0	0
AF	0	0.241099	4	1	3	0	0	0	0
AF	0	0.241412	4	2	2	0	0	0	0
AF	0	0.241724	2	1	1	0	0	0	0
AF	0	0.242036	2	1	1	0	0	0	0
AF	0	0.242349	3	2	1	0	0	0	0
AF	0	0.242661	3	2	1	0	0	0	0
AF	0	0.242973	1	1	0	0	0	0	0
AF	0	0.243285	5	5	0	0	0	0	0
AF	0	0.243598	1	1	0	0	0	0	0
AF	0	0.243910	2	2	0	0	0	0	0
AF	0	0.244222	2	1	1	0	0	0	0
AF	0	0.244535	2	2	0	0	0	0	0
AF	0	0.244847	2	1	1	0	0	0	0
AF	0	0.245159	4	4	0	0	0	0	0
AF	0	0.245784	3	2	1	0	0	0	0
AF	0	0.246096	3	2	1	0	0	0	0
AF	0	0.246408	2	2	0	0	0	0	0
AF	0	0.246721	1	1	0	0	0	0	0
AF	0	0.247033	4	3	1	0	0	0	0
AF	0	0.247345	3	2	1	0	0	0	0
AF	0	0.248282	5	4	1	0	0	0	0
AF	0	0.248595	1	0	1	0	0	0	0
AF	0	0.248907	3	3	0	0	0	0	0
AF	0	0.249219	2	1	1	0	0	0	0
AF	0	0.249532	3	2	1	0	0	0	0
AF	0	0.249844	1	0	1	0	0	0	0
AF	0	0.250156	2	2	0	0	0	0	0
AF	0	0.250781	4	2	2	0	0	0	0
AF	0	0.251405	3	1	2	0	0	0	0
AF	0	0.251718	2	1	1	0	0	0	0
AF	0	0.252030	2	1	1	0	0	0	0
AF	0	0.252967	1	0	1	0	0	0	0
AF	0	0.253279	1	1	0	0	0	0	0
AF	0	0.253904	1	1	0	0	0	0	0
AF	0	0.254216	3	3	0	0	0	0	0
AF	0	0.254528	1	1	0	0	0	0	0
AF	0	0.254841	2	0	2	0	0	0	0
AF	0	0.255153	1	1	0	0	0	0	0
AF	0	0.255465	3	1	2	0	0	0	0
AF	0	0.255778	2	0	2	0	0	0	0
AF	0	0.256402	2	2	0	0	0	0	0
AF	0	0.257027	4	3	1	0	0	0	0
AF	0	0.258276	4	1	3	0	0	0	0
AF	0	0.258588	2	0	2	0	0	0	0
AF	0	0.258901	1	1	0	0	0	0	0
AF	0	0.259213	3	3	0	0	0	0	0
AF	0	0.259525	1	1	0	0	0	0	0
AF	0	0.259838	1	0	1	0	0	0	0
AF	0	0.260150	1	1	0	0	0	0	0
AF	0	0.260775	3	1	2	0	0	0	0
AF	0	0.261087	1	1	0	0	0	0	0
AF	0	0.261711	3	2	1	0	0	0	0
AF	0	0.262024	2	2	0	0	0	0	0
AF	0	0.262336	2	2	0	0	0	0	0
AF	0	0.262648	3	3	0	0	0	0	0
AF	0	0.263585	1	1	0	0	0	0	0
AF	0	0.263898	2	2	0	0	0	0	0
AF	0	0.264522	1	0	1	0	0	0	0
AF	0	0.264834	3	3	0	0	0	0	0
AF	0	0.265459	3	3	0	0	0	0	0
AF	0	0.265771	2	1	1	0	0	0	0
AF	0	0.266084	2	1	1	0	0	0	0
AF	0	0.266396	7	5	2	0	0	0	0
AF	0	0.266708	7	7	0	0	0	0	0
AF	0	0.267021	5	3	2	0	0	0	0
AF	0	0.267333	1	0	1	0	0	0	0
AF	0	0.268270	3	0	3	0	0	0	0
AF	0	0.269207	2	2	0	0	0	0	0
AF	0	0.269519	1	1	0	0	0	0	0
AF	0	0.269831	3	2	1	0	0	0	0
AF	0	0.270456	1	1	0	0	0	0	0
AF	0	0.270768	1	1	0	0	0	0	0
AF	0	0.271081	1	1	0	0	0	0	0
AF	0	0.271393	1	1	0	0	0	0	0
AF	0	0.271705	1	1	0	0	0	0	0
AF	0	0.272017	3	3	0	0	0	0	0
AF	0	0.272642	2	1	1	0	0	0	0
AF	0	0.272954	1	0	1	0	0	0	0
AF	0	0.273267	2	2	0	0	0	0	0
AF	0	0.273579	2	0	2	0	0	0	0
AF	0	0.273891	1	1	0	0	0	0	0
AF	0	0.274204	2	1	1	0	0	0	0
AF	0	0.274516	4	1	3	0	0	0	0
AF	0	0.274828	1	0	1	0	0	0	0
AF	0	0.275141	4	2	2	0	0	0	0
AF	0	0.275453	2	1	1	0	0	0	0
AF	0	0.275765	3	2	1	0	0	0	0
AF	0	0.276390	1	1	0	0	0	0	0
AF	0	0.276702	1	1	0	0	0	0	0
AF	0	0.277014	1	1	0	0	0	0	0
AF	0	0.277639	4	3	1	0	0	0	0
AF	0	0.277951	3	2	1	0	0	0	0
AF	0	0.278264	2	2	0	0	0	0	0
AF	0	0.278576	1	0	1	0	0	0	0
AF	0	0.278888	2	2	0	0	0	0	0
AF	0	0.279513	4	3	1	0	0	0	0
AF	0	0.280137	1	1	0	0	0	0	0
AF	0	0.280450	3	1	2	0	0	0	0
AF	0	0.280762	1	0	1	0	0	0	0
AF	0	0.281074	1	1	0	0	0	0	0
AF	0	0.281387	9	8	1	0	0	0	0
AF	0	0.281699	2	1	1	0	0	0	0
AF	0	0.282011	3	3	0	0	0	0	0
AF	0	0.282636	4	1	3	0	0	0	0
AF	0	0.283260	3	2	1	0	0	0	0
AF	0	0.283885	3	3	0	0	0	0	0
AF	0	0.284197	1	1	0	0	0	0	0
AF	0	0.284510	4	2	2	0	0	0	0
AF	0	0.284822	1	1	0	0	0	0	0
AF	0	0.285134	4	3	1	0	0	0	0
AF	0	0.285759	1	1	0	0	0	0	0
AF	0	0.286071	1	1	0	0	0	0	0
AF	0	0.286384	6	3	3	0	0	0	0
AF	0	0.287008	3	2	1	0	0	0	0
AF	0	0.287633	3	2	1	0	0	0	0
AF	0	0.288257	4	3	1	0	0	0	0
AF	0	0.288570	2	2	0	0	0	0	0
AF	0	0.288882	3	1	2	0	0	0	0
AF	0	0.289194	1	1	0	0	0	0	0
AF	0	0.289507	1	0	1	0	0	0	0
AF	0	0.290131	2	2	0	0	0	0	0
AF	0	0.290756	1	1	0	0	0	0	0
AF	0	0.291068	1	1	0	0	0	0	0
AF	0	0.291380	1	1	0	0	0	0	0
AF	0	0.291693	1	1	0	0	0	0	0
AF	0	0.292005	1	0	1	0	0	0	0
AF	0	0.292630	2	0	2	0	0	0	0
AF	0	0.292942	2	0	2	0	0	0	0
AF	0	0.293254	4	1	3	0	0	0	0
AF	0	0.293879	1	1	0	0	0	0	0
AF	0	0.294191	2	1	1	0	0	0	0
AF	0	0.294816	3	2	1	0	0	0	0
AF	0	0.295753	5	3	2	0	0	0	0
AF	0	0.296377	4	3	1	0	0	0	0
AF	0	0.296690	4	2	2	0	0	0	0
AF	0	0.297002	3	2	1	0	0	0	0
AF	0	0.297626	2	1	1	0	0	0	0
AF	0	0.297939	1	1	0	0	0	0	0
AF	0	0.298251	5	2	3	0	0	0	0
AF	0	0.298876	2	2	0	0	0	0	0
AF	0	0.299188	1	1	0	0	0	0	0
AF	0	0.299500	1	0	1	0	0	0	0
AF	0	0.300125	1	1	0	0	0	0	0
AF	0	0.300437	1	1	0	0	0	0	0
AF	0	0.300750	6	5	1	0	0	0	0
AF	0	0.301062	1	1	0	0	0	0	0
AF	0	0.301374	3	2	1	0	0	0	0
AF	0	0.301686	5	3	2	0	0	0	0
AF	0	0.301999	5	4	1	0	0	0	0
AF	0	0.302311	1	1	0	0	0	0	0
AF	0	0.303560	1	1	0	0	0	0	0
AF	0	0.303873	1	0	1	0	0	0	0
AF	0	0.304185	2	1	1	0	0	0	0
AF	0	0.304497	1	1	0	0	0	0	0
AF	0	0.305122	5	3	2	0	0	0	0
AF	0	0.305746	4	3	1	0	0	0	0
AF	0	0.306059	2	1	1	0	0	0	0
AF	0	0.306371	6	5	1	0	0	0	0
AF	0	0.306996	4	1	3	0	0	0	0
AF	0	0.307308	2	2	0	0	0	0	0
AF	0	0.307620	5	3	2	0	0	0	0
AF	0	0.307933	1	1	0	0	0	0	0
AF	0	0.308245	4	4	0	0	0	0	0
AF	0	0.308557	2	2	0	0	0	0	0
AF	0	0.308869	3	2	1	0	0	0	0
AF	0	0.309182	4	1	3	0	0	0	0
AF	0	0.309494	3	3	0	0	0	0	0
AF	0	0.310119	2	2	0	0	0	0	0
AF	0	0.310431	1	1	0	0	0	0	0
AF	0	0.310743	2	2	0	0	0	0	0
AF	0	0.311056	3	2	1	0	0	0	0
AF	0	0.311368	3	3	0	0	0	0	0
AF	0	0.311993	1	0	1	0	0	0	0
AF	0	0.312305	1	1	0	0	0	0	0
AF	0	0.312617	2	1	1	0	0	0	0
AF	0	0.313242	2	2	0	0	0	0	0
AF	0	0.313554	1	1	0	0	0	0	0
AF	0	0.313866	5	4	1	0	0	0	0
AF	0	0.314179	1	0	1	0	0	0	0
AF	0	0.314491	2	0	2	0	0	0	0
AF	0	0.315428	3	1	2	0	0	0	0
AF	0	0.315740	3	3	0	0	0	0	0
AF	0	0.316052	1	1	0	0	0	0	0
AF	0	0.316365	2	1	1	0	0	0	0
AF	0	0.316989	1	1	0	0	0	0	0
AF	0	0.317302	2	2	0	0	0	0	0
AF	0	0.317614	1	1	0	0	0	0	0
AF	0	0.318239	3	3	0	0	0	0	0
AF	0	0.318863	1	1	0	0	0	0	0
AF	0	0.319488	2	0	2	0	0	0	0
AF	0	0.319800	1	1	0	0	0	0	0
AF	0	0.320112	1	0	1	0	0	0	0
AF	0	0.320425	1	0	1	0	0	0	0
AF	0	0.320737	1	0	1	0	0	0	0
AF	0	0.321049	1	0	1	0	0	0	0
AF	0	0.321362	2	1	1	0	0	0	0
AF	0	0.321986	2	2	0	0	0	0	0
AF	0	0.322299	1	1	0	0	0	0	0
AF	0	0.322611	2	1	1	0	0	0	0
AF	0	0.322923	1	1	0	0	0	0	0
AF	0	0.323235	2	1	1	0	0	0	0
AF	0	0.323548	1	0	1	0	0	0	0
AF	0	0.323860	1	0	1	0	0	0	0
AF	0	0.324485	2	1	1	0	0	0	0
AF	0	0.324797	2	1	1	0	0	0	0
AF	0	0.325109	1	1	0	0	0	0	0
AF	0	0.325422	2	1	1	0	0	0	0
AF	0	0.325734	3	2	1	0	0	0	0
AF	0	0.326359	3	2	1	0	0	0	0
AF	0	0.326983	3	2	1	0	0	0	0
AF	0	0.327295	1	1	0	0	0	0	0
AF	0	0.327608	1	1	0	0	0	0	0
AF	0	0.327920	2	1	1	0	0	0	0
AF	0	0.328232	2	1	1	0	0	0	0
AF	0	0.328857	2	2	0	0	0	0	0
AF	0	0.329482	2	1	1	0	0	0	0
AF	0	0.329794	2	1	1	0	0	0	0
AF	0	0.330106	5	2	3	0	0	0	0
AF	0	0.330731	3	2	1	0	0	0	0
AF	0	0.331043	1	1	0	0	0	0	0
AF	0	0.331355	1	1	0	0	0	0	0
AF	0	0.331668	1	0	1	0	0	0	0
AF	0	0.331980	1	1	0	0	0	0	0
AF	0	0.333229	2	0	2	0	0	0	0
AF	0	0.333542	2	1	1	0	0	0	0
AF	0	0.333854	2	1	1	0	0	0	0
AF	0	0.334166	1	0	1	0	0	0	0
AF	0	0.334478	1	1	0	0	0	0	0
AF	0	0.334791	2	0	2	0	0	0	0
AF	0	0.335415	3	3	0	0	0	0	0
AF	0	0.335728	3	2	1	0	0	0	0
AF	0	0.336040	3	2	1	0	0	0	0
AF	0	0.336352	1	1	0	0	0	0	0
AF	0	0.336665	3	1	2	0	0	0	0
AF	0	0.336977	2	1	1	0	0	0	0
AF	0	0.337289	3	3	0	0	0	0	0
AF	0	0.337914	5	3	2	0	0	0	0
AF	0	0.338226	2	2	0	0	0	0	0
AF	0	0.338538	4	3	1	0	0	0	0
AF	0	0.338851	2	1	1	0	0	0	0
AF	0	0.339163	1	1	0	0	0	0	0
AF	0	0.339475	2	2	0	0	0	0	0
AF	0	0.339788	2	1	1	0	0	0	0
AF	0	0.340412	3	1	2	0	0	0	0
AF	0	0.340725	1	1	0	0	0	0	0
AF	0	0.341037	1	0	1	0	0	0	0
AF	0	0.341661	3	3	0	0	0	0	0
AF	0	0.341974	1	0	1	0	0	0	0
AF	0	0.342286	1	1	0	0	0	0	0
AF	0	0.342598	1	0	1	0	0	0	0
AF	0	0.342911	2	1	1	0	0	0	0
AF	0	0.343223	1	1	0	0	0	0	0
AF	0	0.343848	2	0	2	0	0	0	0
AF	0	0.344160	2	2	0	0	0	0	0
AF	0	0.344472	3	1	2	0	0	0	0
AF	0	0.344785	6	3	3	0	0	0	0
AF	0	0.345409	2	0	2	0	0	0	0
AF	0	0.345721	4	2	2	0	0	0	0
AF	0	0.346034	2	2	0	0	0	0	0
AF	0	0.346658	2	1	1	0	0	0	0
AF	0	0.346971	2	1	1	0	0	0	0
AF	0	0.347283	1	1	0	0	0	0	0
AF	0	0.347908	1	0	1	0	0	0	0
AF	0	0.348220	1	1	0	0	0	0	0
AF	0	0.348532	3	3	0	0	0	0	0
AF	0	0.349157	2	1	1	0	0	0	0
AF	0	0.349781	3	1	2	0	0	0	0
AF	0	0.350094	1	1	0	0	0	0	0
AF	0	0.350406	1	1	0	0	0	0	0
AF	0	0.351031	4	2	2	0	0	0	0
AF	0	0.352280	4	3	1	0	0	0	0
AF	0	0.352592	2	2	0	0	0	0	0
AF	0	0.352904	1	1	0	0	0	0	0
AF	0	0.353217	1	1	0	0	0	0	0
AF	0	0.353529	3	2	1	0	0	0	0
AF	0	0.353841	1	1	0	0	0	0	0
AF	0	0.354778	1	1	0	0	0	0	0
AF	0	0.355091	2	1	1	0	0	0	0
AF	0	0.355403	2	2	0	0	0	0	0
AF	0	0.355715	1	1	0	0	0	0	0
AF	0	0.356027	3	1	2	0	0	0	0
AF	0	0.356340	1	0	1	0	0	0	0
AF	0	0.356652	2	1	1	0	0	0	0
AF	0	0.356964	1	1	0	0	0	0	0
AF	0	0.357589	1	1	0	0	0	0	0
AF	0	0.358214	2	1	1	0	0	0	0
AF	0	0.359151	2	1	1	0	0	0	0
AF	0	0.359463	3	3	0	0	0	0	0
AF	0	0.359775	2	1	1	0	0	0	0
AF	0	0.360400	4	2	2	0	0	0	0
AF	0	0.361024	2	1	1	0	0	0	0
AF	0	0.361649	2	1	1	0	0	0	0
AF	0	0.361961	2	2	0	0	0	0	0
AF	0	0.362274	1	1	0	0	0	0	0
AF	0	0.362586	4	3	1	0	0	0	0
AF	0	0.363523	2	1	1	0	0	0	0
AF	0	0.364147	1	1	0	0	0	0	0
AF	0	0.364460	3	2	1	0	0	0	0
AF	0	0.364772	2	2	0	0	0	0	0
AF	0	0.365397	4	2	2	0	0	0	0
AF	0	0.365709	2	2	0	0	0	0	0
AF	0	0.366021	2	1	1	0	0	0	0
AF	0	0.366334	2	2	0	0	0	0	0
AF	0	0.366646	5	4	1	0	0	0	0
AF	0	0.366958	1	1	0	0	0	0	0
AF	0	0.367270	1	1	0	0	0	0	0
AF	0	0.367583	4	3	1	0	0	0	0
AF	0	0.367895	1	0	1	0	0	0	0
AF	0	0.369144	2	2	0	0	0	0	0
AF	0	0.369769	1	1	0	0	0	0	0
AF	0	0.370081	1	1	0	0	0	0	0
AF	0	0.370394	3	2	1	0	0	0	0
AF	0	0.370706	1	0	1	0	0	0	0
AF	0	0.371018	1	1	0	0	0	0	0
AF	0	0.371643	2	1	1	0	0	0	0
AF	0	0.371955	2	1	1	0	0	0	0
AF	0	0.372267	2	1	1	0	0	0	0
AF	0	0.372580	2	2	0	0	0	0	0
AF	0	0.372892	2	1	1	0	0	0	0
AF	0	0.373517	4	2	2	0	0	0	0
AF	0	0.373829	2	1	1	0	0	0	0
AF	0	0.374141	4	4	0	0	0	0	0
AF	0	0.374453	2	2	0	0	0	0	0
AF	0	0.374766	4	3	1	0	0	0	0
AF	0	0.375078	4	4	0	0	0	0	0
AF	0	0.376015	3	2	1	0	0	0	0
AF	0	0.376952	1	0	1	0	0	0	0
AF	0	0.377264	6	4	2	0	0	0	0
AF	0	0.378201	1	1	0	0	0	0	0
AF	0	0.378513	1	1	0	0	0	0	0
AF	0	0.378826	2	1	1	0	0	0	0
AF	0	0.379138	2	2	0	0	0	0	0
AF	0	0.379450	1	1	0	0	0	0	0
AF	0	0.380075	1	1	0	0	0	0	0
AF	0	0.380387	1	0	1	0	0	0	0
AF	0	0.381012	3	2	1	0	0	0	0
AF	0	0.381324	1	1	0	0	0	0	0
AF	0	0.381636	2	2	0	0	0	0	0
AF	0	0.382573	1	1	0	0	0	0	0
AF	0	0.382886	2	1	1	0	0	0	0
AF	0	0.383198	1	1	0	0	0	0	0
AF	0	0.383510	3	3	0	0	0	0	0
AF	0	0.384447	1	1	0	0	0	0	0
AF	0	0.384760	2	0	2	0	0	0	0
AF	0	0.385072	1	0	1	0	0	0	0
AF	0	0.385384	2	1	1	0	0	0	0
AF	0	0.386009	1	1	0	0	0	0	0
AF	0	0.386321	2	1	1	0	0	0	0
AF	0	0.386946	1	0	1	0	0	0	0
AF	0	0.387258	4	2	2	0	0	0	0
AF	0	0.387883	3	2	1	0	0	0	0
AF	0	0.389756	1	1	0	0	0	0	0
AF	0	0.390069	2	2	0	0	0	0	0
AF	0	0.390381	1	0	1	0	0	0	0
AF	0	0.390693	1	0	1	0	0	0	0
AF	0	0.391318	1	1	0	0	0	0	0
AF	0	0.391630	4	4	0	0	0	0	0
AF	0	0.391943	1	1	0	0	0	0	0
AF	0	0.392567	1	1	0	0	0	0	0
AF	0	0.392879	2	2	0	0	0	0	0
AF	0	0.393192	1	1	0	0	0	0	0
AF	0	0.393504	1	1	0	0	0	0	0
AF	0	0.393816	3	2	1	0	0	0	0
AF	0	0.394129	2	2	0	0	0	0	0
AF	0	0.394441	1	1	0	0	0	0	0
AF	0	0.395690	1	1	0	0	0	0	0
AF	0	0.396002	1	1	0	0	0	0	0
AF	0	0.396627	1	1	0	0	0	0	0
AF	0	0.396939	1	0	1	0	0	0	0
AF	0	0.397876	2	2	0	0	0	0	0
AF	0	0.398501	1	0	1	0	0	0	0
AF	0	0.398813	1	0	1	0	0	0	0
AF	0	0.399126	1	1	0	0	0	0	0
AF	0	0.399438	3	2	1	0	0	0	0
AF	0	0.399750	6	2	4	0	0	0	0
AF	0	0.400375	4	3	1	0	0	0	0
AF	0	0.400687	1	1	0	0	0	0	0
AF	0	0.400999	2	0	2	0	0	0	0
AF	0	0.401312	1	1	0	0	0	0	0
AF	0	0.401624	3	1	2	0	0	0	0
AF	0	0.401936	3	2	1	0	0	0	0
AF	0	0.402249	2	2	0	0	0	0	0
AF	0	0.402561	1	1	0	0	0	0	0
AF	0	0.402873	2	1	1	0	0	0	0
AF	0	0.403810	1	0	1	0	0	0	0
AF	0	0.404122	2	2	0	0	0	0	0
AF	0	0.404747	3	2	1	0	0	0	0
AF	0	0.405059	2	2	0	0	0	0	0
AF	0	0.405372	3	2	1	0	0	0	0
AF	0	0.405684	3	1	2	0	0	0	0
AF	0	0.405996	3	2	1	0	0	0	0
AF	0	0.406309	3	1	2	0	0	0	0
AF	0	0.406621	2	1	1	0	0	0	0
AF	0	0.407245	2	2	0	0	0	0	0
AF	0	0.407870	4	2	2	0	0	0	0
AF	0	0.408495	2	1	1	0	0	0	0
AF	0	0.408807	2	2	0	0	0	0	0
AF	0	0.409119	3	3	0	0	0	0	0
AF	0	0.409432	1	1	0	0	0	0	0
AF	0	0.409744	2	2	0	0	0	0	0
AF	0	0.410056	2	0	2	0	0	0	0
AF	0	0.410369	4	3	1	0	0	0	0
AF	0	0.410993	3	2	1	0	0	0	0
AF	0	0.411618	2	1	1	0	0	0	0
AF	0	0.411930	2	0	2	0	0	0	0
AF	0	0.412867	4	3	1	0	0	0	0
AF	0	0.413179	2	2	0	0	0	0	0
AF	0	0.413492	4	2	2	0	0	0	0
AF	0	0.414116	1	1	0	0	0	0	0
AF	0	0.414741	1	1	0	0	0	0	0
AF	0	0.415053	1	1	0	0	0	0	0
AF	0	0.415365	3	2	1	0	0	0	0
AF	0	0.415678	1	0	1	0	0	0	0
AF	0	0.415990	5	2	3	0	0	0	0
AF	0	0.416302	2	1	1	0	0	0	0
AF	0	0.417239	5	3	2	0	0	0	0
AF	0	0.417552	3	3	0	0	0	0	0
AF	0	0.417864	1	0	1	0	0	0	0
AF	0	0.418176	3	1	2	0	0	0	0
AF	0	0.418488	3	2	1	0	0	0	0
AF	0	0.419738	2	2	0	0	0	0	0
AF	0	0.420050	1	1	0	0	0	0	0
AF	0	0.420362	1	1	0	0	0	0	0
AF	0	0.420675	2	0	2	0	0	0	0
AF	0	0.420987	1	1	0	0	0	0	0
AF	0	0.421299	3	3	0	0	0	0	0
AF	0	0.421611	3	2	1	0	0	0	0
AF	0	0.421924	1	0	1	0	0	0	0
AF	0	0.422236	2	2	0	0	0	0	0
AF	0	0.422548	1	1	0	0	0	0	0
AF	0	0.422861	2	1	1	0	0	0	0
AF	0	0.423173	1	1	0	0	0	0	0
AF	0	0.423485	1	1	0	0	0	0	0
AF	0	0.424110	2	2	0	0	0	0	0
AF	0	0.424422	2	1	1	0	0	0	0
AF	0	0.425047	1	0	1	0	0	0	0
AF	0	0.425671	1	0	1	0	0	0	0
AF	0	0.425984	1	1	0	0	0	0	0
AF	0	0.426608	1	0	1	0	0	0	0
AF	0	0.427233	1	1	0	0	0	0	0
AF	0	0.427545	1	1	0	0	0	0	0
AF	0	0.427858	3	2	1	0	0	0	0
AF	0	0.428482	1	1	0	0	0	0	0
AF	0	0.429731	3	1	2	0	0	0	0
AF	0	0.430981	1	0	1	0	0	0	0
AF	0	0.431293	2	1	1	0	0	0	0
AF	0	0.431605	1	1	0	0	0	0	0
AF	0	0.431918	1	0	1	0	0	0	0
AF	0	0.432230	3	1	2	0	0	0	0
AF	0	0.432854	2	2	0	0	0	0	0
AF	0	0.433167	1	0	1	0	0	0	0
AF	0	0.433479	1	0	1	0	0	0	0
AF	0	0.433791	1	1	0	0	0	0	0
AF	0	0.434104	2	0	2	0	0	0	0
AF	0	0.434728	1	1	0	0	0	0	0
AF	0	0.435353	1	1	0	0	0	0	0
AF	0	0.435978	2	2	0	0	0	0	0
AF	0	0.438476	3	1	2	0	0	0	0
AF	0	0.438788	1	0	1	0	0	0	0
AF	0	0.439101	2	1	1	0	0	0	0
AF	0	0.439725	3	3	0	0	0	0	0
AF	0	0.440350	2	2	0	0	0	0	0
AF	0	0.440662	1	1	0	0	0	0	0
AF	0	0.440974	2	1	1	0	0	0	0
AF	0	0.441599	1	1	0	0	0	0	0
AF	0	0.442224	1	1	0	0	0	0	0
AF	0	0.442536	1	0	1	0	0	0	0
AF	0	0.442848	1	1	0	0	0	0	0
AF	0	0.443161	1	0	1	0	0	0	0
AF	0	0.443473	1	0	1	0	0	0	0
AF	0	0.444097	2	2	0	0	0	0	0
AF	0	0.444410	1	1	0	0	0	0	0
AF	0	0.444722	2	0	2	0	0	0	0
AF	0	0.445034	1	1	0	0	0	0	0
AF	0	0.445659	1	0	1	0	0	0	0
AF	0	0.446596	2	2	0	0	0	0	0
AF	0	0.447220	1	0	1	0	0	0	0
AF	0	0.447533	3	2	1	0	0	0	0
AF	0	0.449407	2	2	0	0	0	0	0
AF	0	0.450031	1	0	1	0	0	0	0
AF	0	0.450344	2	0	2	0	0	0	0
AF	0	0.450656	1	1	0	0	0	0	0
AF	0	0.450968	2	1	1	0	0	0	0
AF	0	0.451280	3	2	1	0	0	0	0
AF	0	0.451905	2	2	0	0	0	0	0
AF	0	0.452217	2	2	0	0	0	0	0
AF	0	0.453154	2	1	1	0	0	0	0
AF	0	0.453467	1	0	1	0	0	0	0
AF	0	0.453779	2	1	1	0	0	0	0
AF	0	0.454091	1	1	0	0	0	0	0
AF	0	0.454403	2	2	0	0	0	0	0
AF	0	0.454716	2	0	2	0	0	0	0
AF	0	0.455028	1	1	0	0	0	0	0
AF	0	0.455340	1	1	0	0	0	0	0
AF	0	0.455653	1	0	1	0	0	0	0
AF	0	0.456902	1	1	0	0	0	0	0
AF	0	0.457527	3	2	1	0	0	0	0
AF	0	0.457839	2	1	1	0	0	0	0
AF	0	0.458151	3	3	0	0	0	0	0
AF	0	0.458776	4	2	2	0	0	0	0
AF	0	0.459088	1	0	1	0	0	0	0
AF	0	0.459400	3	3	0	0	0	0	0
AF	0	0.460025	3	1	2	0	0	0	0
AF	0	0.460337	1	1	0	0	0	0	0
AF	0	0.460962	1	1	0	0	0	0	0
AF	0	0.461274	1	1	0	0	0	0	0
AF	0	0.461587	2	2	0	0	0	0	0
AF	0	0.461899	1	0	1	0	0	0	0
AF	0	0.462211	1	1	0	0	0	0	0
AF	0	0.462523	1	1	0	0	0	0	0
AF	0	0.463773	1	1	0	0	0	0	0
AF	0	0.464085	1	0	1	0	0	0	0
AF	0	0.464397	1	0	1	0	0	0	0
AF	0	0.465022	1	0	1	0	0	0	0
AF	0	0.465334	1	0	1	0	0	0	0
AF	0	0.465646	1	1	0	0	0	0	0
AF	0	0.466583	1	1	0	0	0	0	0
AF	0	0.467208	1	1	0	0	0	0	0
AF	0	0.467833	1	1	0	0	0	0	0
AF	0	0.468145	1	1	0	0	0	0	0
AF	0	0.468457	1	1	0	0	0	0	0
AF	0	0.468770	2	2	0	0	0	0	0
AF	0	0.469394	4	2	2	0	0	0	0
AF	0	0.470019	2	1	1	0	0	0	0
AF	0	0.470643	1	0	1	0	0	0	0
AF	0	0.470956	1	0	1	0	0	0	0
AF	0	0.471268	1	0	1	0	0	0	0
AF	0	0.471580	2	1	1	0	0	0	0
AF	0	0.472205	1	1	0	0	0	0	0
AF	0	0.472829	1	0	1	0	0	0	0
AF	0	0.473142	1	1	0	0	0	0	0
AF	0	0.474391	4	4	0	0	0	0	0
AF	0	0.474703	2	1	1	0	0	0	0
AF	0	0.475016	2	1	1	0	0	0	0
AF	0	0.475328	3	2	1	0	0	0	0
AF	0	0.475640	1	1	0	0	0	0	0
AF	0	0.475953	1	1	0	0	0	0	0
AF	0	0.477826	2	2	0	0	0	0	0
AF	0	0.478139	1	1	0	0	0	0	0
AF	0	0.478451	2	1	1	0	0	0	0
AF	0	0.478763	1	1	0	0	0	0	0
AF	0	0.479076	1	1	0	0	0	0	0
AF	0	0.479388	2	2	0	0	0	0	0
AF	0	0.480325	2	2	0	0	0	0	0
AF	0	0.481574	1	1	0	0	0	0	0
AF	0	0.482511	1	1	0	0	0	0	0
AF	0	0.482823	1	1	0	0	0	0	0
AF	0	0.483136	2	2	0	0	0	0	0
AF	0	0.483448	1	1	0	0	0	0	0
AF	0	0.485009	1	0	1	0	0	0	0
AF	0	0.485322	1	1	0	0	0	0	0
AF	0	0.485634	3	2	1	0	0	0	0
AF	0	0.487508	1	1	0	0	0	0	0
AF	0	0.488132	3	2	1	0	0	0	0
AF	0	0.489694	1	1	0	0	0	0	0
AF	0	0.490319	3	2	1	0	0	0	0
AF	0	0.490631	2	1	1	0	0	0	0
AF	0	0.491255	2	2	0	0	0	0	0
AF	0	0.491880	1	0	1	0	0	0	0
AF	0	0.492192	1	1	0	0	0	0	0
AF	0	0.492505	1	1	0	0	0	0	0
AF	0	0.492817	1	1	0	0	0	0	0
AF	0	0.493129	4	3	1	0	0	0	0
AF	0	0.493754	1	0	1	0	0	0	0
AF	0	0.494379	1	1	0	0	0	0	0
AF	0	0.495003	1	1	0	0	0	0	0
AF	0	0.495315	1	0	1	0	0	0	0
AF	0	0.495628	1	1	0	0	0	0	0
AF	0	0.495940	1	0	1	0	0	0	0
AF	0	0.496252	2	0	2	0	0	0	0
AF	0	0.496877	2	1	1	0	0	0	0
AF	0	0.497502	3	1	2	0	0	0	0
AF	0	0.498438	1	1	0	0	0	0	0
AF	0	0.498751	1	0	1	0	0	0	0
AF	0	0.499375	1	0	1	0	0	0	0
AF	0	0.500000	4	2	2	0	0	0	0
AF	0	0.500312	1	1	0	0	0	0	0
AF	0	0.500625	1	1	0	0	0	0	0
AF	0	0.500937	1	1	0	0	0	0	0
AF	0	0.501249	1	0	1	0	0	0	0
AF	0	0.502498	3	1	2	0	0	0	0
AF	0	0.502811	2	2	0	0	0	0	0
AF	0	0.503748	1	1	0	0	0	0	0
AF	0	0.504372	1	0	1	0	0	0	0
AF	0	0.504997	1	1	0	0	0	0	0
AF	0	0.505309	1	1	0	0	0	0	0
AF	0	0.505621	2	1	1	0	0	0	0
AF	0	0.505934	5	2	3	0	0	0	0
AF	0	0.506246	5	3	2	0	0	0	0
AF	0	0.506558	2	0	2	0	0	0	0
AF	0	0.506871	2	1	1	0	0	0	0
AF	0	0.507183	1	1	0	0	0	0	0
AF	0	0.507495	1	1	0	0	0	0	0
AF	0	0.508120	2	1	1	0	0	0	0
AF	0	0.508432	2	2	0	0	0	0	0
AF	0	0.508745	2	0	2	0	0	0	0
AF	0	0.509369	3	1	2	0	0	0	0
AF	0	0.509681	2	1	1	0	0	0	0
AF	0	0.509994	1	1	0	0	0	0	0
AF	0	0.511243	1	1	0	0	0	0	0
AF	0	0.511868	3	1	2	0	0	0	0
AF	0	0.512180	1	1	0	0	0	0	0
AF	0	0.512492	2	1	1	0	0	0	0
AF	0	0.512804	3	2	1	0	0	0	0
AF	0	0.513117	2	1	1	0	0	0	0
AF	0	0.513429	1	1	0	0	0	0	0
AF	0	0.513741	4	2	2	0	0	0	0
AF	0	0.514054	1	0	1	0	0	0	0
AF	0	0.514366	2	2	0	0	0	0	0
AF	0	0.514678	1	0	1	0	0	0	0
AF	0	0.514991	1	1	0	0	0	0	0
AF	0	0.515303	2	2	0	0	0	0	0
AF	0	0.515615	2	1	1	0	0	0	0
AF	0	0.516240	4	0	4	0	0	0	0
AF	0	0.516552	3	3	0	0	0	0	0
AF	0	0.516864	1	1	0	0	0	0	0
AF	0	0.517177	3	2	1	0	0	0	0
AF	0	0.517489	2	2	0	0	0	0	0
AF	0	0.517801	2	2	0	0	0	0	0
AF	0	0.518114	6	3	3	0	0	0	0
AF	0	0.518426	2	0	2	0	0	0	0
AF	0	0.518738	2	1	1	0	0	0	0
AF	0	0.519363	1	1	0	0	0	0	0
AF	0	0.519988	3	2	1	0	0	0	0
AF	0	0.520300	1	1	0	0	0	0	0
AF	0	0.521237	1	1	0	0	0	0	0
AF	0	0.522486	1	0	1	0	0	0	0
AF	0	0.522798	2	2	0	0	0	0	0
AF	0	0.523111	1	1	0	0	0	0	0
AF	0	0.524047	1	1	0	0	0	0	0
AF	0	0.524360	1	1	0	0	0	0	0
AF	0	0.524984	1	0	1	0	0	0	0
AF	0	0.525609	3	2	1	0	0	0	0
AF	0	0.526858	1	0	1	0	0	0	0
AF	0	0.527795	1	1	0	0	0	0	0
AF	0	0.528107	1	1	0	0	0	0	0
AF	0	0.528732	1	0	1	0	0	0	0
AF	0	0.529357	3	2	1	0	0	0	0
AF	0	0.529669	1	1	0	0	0	0	0
AF	0	0.529981	1	1	0	0	0	0	0
AF	0	0.530294	2	1	1	0	0	0	0
AF	0	0.531543	1	0	1	0	0	0	0
AF	0	0.532167	1	0	1	0	0	0	0
AF	0	0.532480	6	4	2	0	0	0	0
AF	0	0.533104	1	1	0	0	0	0	0
AF	0	0.533417	1	1	0	0	0	0	0
AF	0	0.534354	2	2	0	0	0	0	0
AF	0	0.534666	1	1	0	0	0	0	0
AF	0	0.535290	1	1	0	0	0	0	0
AF	0	0.535603	1	1	0	0	0	0	0
AF	0	0.535915	1	1	0	0	0	0	0
AF	0	0.536227	1	0	1	0	0	0	0
AF	0	0.536852	1	0	1	0	0	0	0
AF	0	0.537477	1	1	0	0	0	0	0
AF	0	0.537789	1	1	0	0	0	0	0
AF	0	0.538101	1	1	0	0	0	0	0
AF	0	0.538413	1	1	0	0	0	0	0
AF	0	0.538726	1	0	1	0	0	0	0
AF	0	0.539350	2	1	1	0	0	0	0
AF	0	0.539663	2	2	0	0	0	0	0
AF	0	0.539975	2	2	0	0	0	0	0
AF	0	0.541224	4	4	0	0	0	0	0
AF	0	0.541537	1	1	0	0	0	0	0
AF	0	0.541849	4	4	0	0	0	0	0
AF	0	0.542786	1	1	0	0	0	0	0
AF	0	0.543098	3	1	2	0	0	0	0
AF	0	0.543723	2	1	1	0	0	0	0
AF	0	0.544347	2	1	1	0	0	0	0
AF	0	0.545597	5	3	2	0	0	0	0
AF	0	0.547470	2	1	1	0	0	0	0
AF	0	0.548095	2	0	2	0	0	0	0
AF	0	0.548407	2	2	0	0	0	0	0
AF	0	0.549656	1	1	0	0	0	0	0
AF	0	0.549969	1	0	1	0	0	0	0
AF	0	0.551218	2	1	1	0	0	0	0
AF	0	0.551530	2	2	0	0	0	0	0
AF	0	0.552155	1	1	0	0	0	0	0
AF	0	0.553092	2	2	0	0	0	0	0
AF	0	0.553404	1	0	1	0	0	0	0
AF	0	0.554341	1	1	0	0	0	0	0
AF	0	0.554966	1	1	0	0	0	0	0
AF	0	0.555278	2	1	1	0	0	0	0
AF	0	0.555903	1	1	0	0	0	0	0
AF	0	0.556527	1	0	1	0	0	0	0
AF	0	0.556839	1	1	0	0	0	0	0
AF	0	0.557152	1	1	0	0	0	0	0
AF	0	0.557776	1	1	0	0	0	0	0
AF	0	0.558401	1	1	0	0	0	0	0
AF	0	0.559338	2	1	1	0	0	0	0
AF	0	0.559650	3	2	1	0	0	0	0
AF	0	0.559963	1	0	1	0	0	0	0
AF	0	0.561212	2	1	1	0	0	0	0
AF	0	0.561524	1	1	0	0	0	0	0
AF	0	0.561836	1	1	0	0	0	0	0
AF	0	0.562773	1	0	1	0	0	0	0
AF	0	0.563398	1	1	0	0	0	0	0
AF	0	0.563710	1	1	0	0	0	0	0
AF	0	0.564022	2	1	1	0	0	0	0
AF	0	0.565584	1	0	1	0	0	0	0
AF	0	0.566209	1	0	1	0	0	0	0
AF	0	0.567146	1	1	0	0	0	0	0
AF	0	0.568082	1	1	0	0	0	0	0
AF	0	0.568707	1	1	0	0	0	0	0
AF	0	0.569332	1	1	0	0	0	0	0
AF	0	0.569956	1	0	1	0	0	0	0
AF	0	0.570581	1	0	1	0	0	0	0
AF	0	0.571518	1	1	0	0	0	0	0
AF	0	0.571830	1	0	1	0	0	0	0
AF	0	0.572142	3	2	1	0	0	0	0
AF	0	0.572767	1	1	0	0	0	0	0
AF	0	0.573392	1	0	1	0	0	0	0
AF	0	0.574016	1	1	0	0	0	0	0
AF	0	0.574329	3	3	0	0	0	0	0
AF	0	0.574641	1	1	0	0	0	0	0
AF	0	0.574953	1	1	0	0	0	0	0
AF	0	0.575265	2	1	1	0	0	0	0
AF	0	0.575578	1	0	1	0	0	0	0
AF	0	0.576515	1	1	0	0	0	0	0
AF	0	0.579638	1	0	1	0	0	0	0
AF	0	0.579950	1	1	0	0	0	0	0
AF	0	0.581512	1	0	1	0	0	0	0
AF	0	0.582136	2	1	1	0	0	0	0
AF	0	0.582448	1	0	1	0	0	0	0
AF	0	0.582761	2	1	1	0	0	0	0
AF	0	0.583073	1	0	1	0	0	0	0
AF	0	0.584010	1	0	1	0	0	0	0
AF	0	0.584947	2	0	2	0	0	0	0
AF	0	0.585259	1	1	0	0	0	0	0
AF	0	0.585572	1	1	0	0	0	0	0
AF	0	0.586196	2	1	1	0	0	0	0
AF	0	0.586508	1	1	0	0	0	0	0
AF	0	0.587133	1	1	0	0	0	0	0
AF	0	0.587758	2	1	1	0	0	0	0
AF	0	0.588070	1	1	0	0	0	0	0
AF	0	0.588382	1	1	0	0	0	0	0
AF	0	0.588695	1	1	0	0	0	0	0
AF	0	0.590256	2	2	0	0	0	0	0
AF	0	0.590568	1	0	1	0	0	0	0
AF	0	0.591818	1	1	0	0	0	0	0
AF	0	0.592130	1	0	1	0	0	0	0
AF	0	0.592442	1	1	0	0	0	0	0
AF	0	0.594628	1	0	1	0	0	0	0
AF	0	0.594941	1	1	0	0	0	0	0
AF	0	0.595565	1	1	0	0	0	0	0
AF	0	0.595878	2	1	1	0	0	0	0
AF	0	0.596190	1	1	0	0	0	0	0
AF	0	0.596502	1	0	1	0	0	0	0
AF	0	0.599625	1	0	1	0	0	0	0
AF	0	0.600874	1	1	0	0	0	0	0
AF	0	0.601499	1	1	0	0	0	0	0
AF	0	0.601811	1	1	0	0	0	0	0
AF	0	0.602124	3	1	2	0	0	0	0
AF	0	0.602436	1	1	0	0	0	0	0
AF	0	0.602748	3	2	1	0	0	0	0
AF	0	0.603373	2	1	1	0	0	0	0
AF	0	0.603998	2	1	1	0	0	0	0
AF	0	0.604622	1	1	0	0	0	0	0
AF	0	0.605247	1	0	1	0	0	0	0
AF	0	0.605871	1	0	1	0	0	0	0
AF	0	0.606496	2	1	1	0	0	0	0
AF	0	0.607121	1	0	1	0	0	0	0
AF	0	0.607745	2	0	2	0	0	0	0
AF	0	0.608682	1	1	0	0	0	0	0
AF	0	0.610556	1	1	0	0	0	0	0
AF	0	0.611181	2	0	2	0	0	0	0
AF	0	0.611493	1	1	0	0	0	0	0
AF	0	0.612117	2	1	1	0	0	0	0
AF	0	0.612742	1	1	0	0	0	0	0
AF	0	0.613367	2	0	2	0	0	0	0
AF	0	0.613991	1	1	0	0	0	0	0
AF	0	0.614928	1	1	0	0	0	0	0
AF	0	0.615240	3	3	0	0	0	0	0
AF	0	0.617427	1	1	0	0	0	0	0
AF	0	0.618364	1	1	0	0	0	0	0
AF	0	0.618988	1	1	0	0	0	0	0
AF	0	0.619300	1	1	0	0	0	0	0
AF	0	0.620237	1	1	0	0	0	0	0
AF	0	0.620550	1	1	0	0	0	0	0
AF	0	0.621174	1	1	0	0	0	0	0
AF	0	0.621487	2	2	0	0	0	0	0
AF	0	0.621799	4	4	0	0	0	0	0
AF	0	0.622111	2	2	0	0	0	0	0
AF	0	0.622423	2	1	1	0	0	0	0
AF	0	0.622736	1	0	1	0	0	0	0
AF	0	0.623360	1	1	0	0	0	0	0
AF	0	0.623673	1	0	1	0	0	0	0
AF	0	0.624297	1	1	0	0	0	0	0
AF	0	0.624922	1	0	1	0	0	0	0
AF	0	0.625234	1	1	0	0	0	0	0
AF	0	0.625547	1	0	1	0	0	0	0
AF	0	0.628357	1	1	0	0	0	0	0
AF	0	0.629606	1	0	1	0	0	0	0
AF	0	0.630231	4	1	3	0	0	0	0
AF	0	0.630543	1	0	1	0	0	0	0
AF	0	0.630856	1	0	1	0	0	0	0
AF	0	0.631480	2	1	1	0	0	0	0
AF	0	0.632730	2	0	2	0	0	0	0
AF	0	0.633354	1	1	0	0	0	0	0
AF	0	0.634603	1	1	0	0	0	0	0
AF	0	0.634916	1	1	0	0	0	0	0
AF	0	0.635228	2	2	0	0	0	0	0
AF	0	0.635540	1	0	1	0	0	0	0
AF	0	0.636790	2	1	1	0	0	0	0
AF	0	0.638976	2	1	1	0	0	0	0
AF	0	0.639600	1	0	1	0	0	0	0
AF	0	0.639913	1	1	0	0	0	0	0
AF	0	0.641474	4	1	3	0	0	0	0
AF	0	0.642099	1	1	0	0	0	0	0
AF	0	0.643036	1	1	0	0	0	0	0
AF	0	0.644285	1	1	0	0	0	0	0
AF	0	0.645534	1	1	0	0	0	0	0
AF	0	0.648345	1	0	1	0	0	0	0
AF	0	0.649594	1	1	0	0	0	0	0
AF	0	0.650219	1	0	1	0	0	0	0
AF	0	0.651468	1	0	1	0	0	0	0
AF	0	0.654903	1	0	1	0	0	0	0
AF	0	0.655840	1	0	1	0	0	0	0
AF	0	0.657714	1	1	0	0	0	0	0
AF	0	0.660212	1	1	0	0	0	0	0
AF	0	0.660837	1	0	1	0	0	0	0
AF	0	0.662086	1	1	0	0	0	0	0
AF	0	0.662399	1	0	1	0	0	0	0
AF	0	0.663335	1	0	1	0	0	0	0
AF	0	0.664585	3	1	2	0	0	0	0
AF	0	0.664897	1	0	1	0	0	0	0
AF	0	0.665209	1	0	1	0	0	0	0
AF	0	0.665834	1	0	1	0	0	0	0
AF	0	0.666458	1	0	1	0	0	0	0
AF	0	0.666771	2	1	1	0	0	0	0
AF	0	0.668332	1	1	0	0	0	0	0
AF	0	0.668645	1	1	0	0	0	0	0
AF	0	0.669269	1	1	0	0	0	0	0
AF	0	0.669894	1	1	0	0	0	0	0
AF	0	0.673641	1	1	0	0	0	0	0
AF	0	0.674266	1	1	0	0	0	0	0
AF	0	0.674578	1	0	1	0	0	0	0
AF	0	0.674891	2	2	0	0	0	0	0
AF	0	0.675203	1	0	1	0	0	0	0
AF	0	0.676140	1	0	1	0	0	0	0
AF	0	0.676452	2	2	0	0	0	0	0
AF	0	0.677701	1	0	1	0	0	0	0
AF	0	0.678638	2	2	0	0	0	0	0
AF	0	0.679263	1	1	0	0	0	0	0
AF	0	0.679888	1	0	1	0	0	0	0
AF	0	0.681137	1	1	0	0	0	0	0
AF	0	0.682386	1	1	0	0	0	0	0
AF	0	0.683011	1	1	0	0	0	0	0
AF	0	0.683635	1	0	1	0	0	0	0
AF	0	0.684260	1	0	1	0	0	0	0
AF	0	0.684572	1	1	0	0	0	0	0
AF	0	0.685197	1	0	1	0	0	0	0
AF	0	0.685509	1	0	1	0	0	0	0
AF	0	0.688632	1	1	0	0	0	0	0
AF	0	0.689881	2	1	1	0	0	0	0
AF	0	0.690506	1	0	1	0	0	0	0
AF	0	0.691755	3	2	1	0	0	0	0
AF	0	0.695191	1	1	0	0	0	0	0
AF	0	0.696440	2	2	0	0	0	0	0
AF	0	0.696752	2	1	1	0	0	0	0
AF	0	0.700500	1	1	0	0	0	0	0
AF	0	0.704872	1	1	0	0	0	0	0
AF	0	0.705497	2	0	2	0	0	0	0
AF	0	0.707370	2	2	0	0	0	0	0
AF	0	0.708307	2	0	2	0	0	0	0
AF	0	0.709244	1	1	0	0	0	0	0
AF	0	0.709557	1	1	0	0	0	0	0
AF	0	0.711430	1	1	0	0	0	0	0
AF	0	0.711743	1	1	0	0	0	0	0
AF	0	0.712680	1	0	1	0	0	0	0
AF	0	0.713929	1	1	0	0	0	0	0
AF	0	0.715803	1	0	1	0	0	0	0
AF	0	0.716427	1	0	1	0	0	0	0
AF	0	0.718613	2	1	1	0	0	0	0
AF	0	0.719863	1	1	0	0	0	0	0
AF	0	0.720800	1	0	1	0	0	0	0
AF	0	0.722361	1	0	1	0	0	0	0
AF	0	0.722986	1	1	0	0	0	0	0
AF	0	0.724547	1	1	0	0	0	0	0
AF	0	0.724859	1	0	1	0	0	0	0
AF	0	0.725796	1	0	1	0	0	0	0
AF	0	0.726109	1	1	0	0	0	0	0
AF	0	0.727046	1	1	0	0	0	0	0
AF	0	0.727983	2	0	2	0	0	0	0
AF	0	0.731730	1	1	0	0	0	0	0
AF	0	0.732042	1	1	0	0	0	0	0
AF	0	0.733604	1	1	0	0	0	0	0
AF	0	0.733916	1	1	0	0	0	0	0
AF	0	0.734853	1	1	0	0	0	0	0
AF	0	0.738601	2	1	1	0	0	0	0
AF	0	0.739538	1	1	0	0	0	0	0
AF	0	0.740162	1	1	0	0	0	0	0
AF	0	0.740787	2	1	1	0	0	0	0
AF	0	0.742036	1	1	0	0	0	0	0
AF	0	0.743285	1	0	1	0	0	0	0
AF	0	0.743598	1	0	1	0	0	0	0
AF	0	0.746096	1	1	0	0	0	0	0
AF	0	0.746408	2	2	0	0	0	0	0
AF	0	0.749532	1	0	1	0	0	0	0
AF	0	0.751405	1	0	1	0	0	0	0
AF	0	0.754216	1	1	0	0	0	0	0
AF	0	0.755465	2	2	0	0	0	0	0
AF	0	0.755778	1	1	0	0	0	0	0
AF	0	0.759838	1	0	1	0	0	0	0
AF	0	0.761399	1	1	0	0	0	0	0
AF	0	0.762961	1	1	0	0	0	0	0
AF	0	0.764210	1	0	1	0	0	0	0
AF	0	0.765459	1	0	1	0	0	0	0
AF	0	0.767021	1	0	1	0	0	0	0
AF	0	0.767645	1	0	1	0	0	0	0
AF	0	0.768582	1	1	0	0	0	0	0
AF	0	0.769831	1	1	0	0	0	0	0
AF	0	0.770144	1	0	1	0	0	0	0
AF	0	0.770456	1	1	0	0	0	0	0
AF	0	0.773579	1	0	1	0	0	0	0
AF	0	0.775453	1	0	1	0	0	0	0
AF	0	0.776702	1	1	0	0	0	0	0
AF	0	0.777327	1	1	0	0	0	0	0
AF	0	0.777639	1	1	0	0	0	0	0
AF	0	0.780762	1	1	0	0	0	0	0
AF	0	0.782011	1	1	0	0	0	0	0
AF	0	0.783260	1	0	1	0	0	0	0
AF	0	0.783885	1	1	0	0	0	0	0
AF	0	0.784510	1	1	0	0	0	0	0
AF	0	0.785759	1	1	0	0	0	0	0
AF	0	0.786384	1	0	1	0	0	0	0
AF	0	0.788257	2	0	2	0	0	0	0
AF	0	0.790131	1	1	0	0	0	0	0
AF	0	0.790443	1	1	0	0	0	0	0
AF	0	0.794503	1	1	0	0	0	0	0
AF	0	0.796065	1	0	1	0	0	0	0
AF	0	0.796377	2	1	1	0	0	0	0
AF	0	0.797314	1	1	0	0	0	0	0
AF	0	0.797939	1	1	0	0	0	0	0
AF	0	0.800437	1	1	0	0	0	0	0
AF	0	0.801374	1	1	0	0	0	0	0
AF	0	0.801999	1	0	1	0	0	0	0
AF	0	0.802936	1	1	0	0	0	0	0
AF	0	0.803873	1	1	0	0	0	0	0
AF	0	0.804185	1	1	0	0	0	0	0
AF	0	0.806371	1	1	0	0	0	0	0
AF	0	0.806683	1	0	1	0	0	0	0
AF	0	0.806996	2	2	0	0	0	0	0
AF	0	0.807308	1	1	0	0	0	0	0
AF	0	0.808245	2	2	0	0	0	0	0
AF	0	0.808869	1	0	1	0	0	0	0
AF	0	0.809806	1	1	0	0	0	0	0
AF	0	0.810743	1	1	0	0	0	0	0
AF	0	0.812929	1	0	1	0	0	0	0
AF	0	0.813242	1	1	0	0	0	0	0
AF	0	0.813866	2	2	0	0	0	0	0
AF	0	0.814491	2	0	2	0	0	0	0
AF	0	0.815116	1	0	1	0	0	0	0
AF	0	0.815740	1	1	0	0	0	0	0
AF	0	0.818239	2	0	2	0	0	0	0
AF	0	0.818863	1	0	1	0	0	0	0
AF	0	0.819488	3	3	0	0	0	0	0
AF	0	0.819800	1	1	0	0	0	0	0
AF	0	0.820112	2	2	0	0	0	0	0
AF	0	0.820737	1	0	1	0	0	0	0
AF	0	0.821049	1	1	0	0	0	0	0
AF	0	0.821362	1	1	0	0	0	0	0
AF	0	0.822299	1	1	0	0	0	0	0
AF	0	0.822611	1	0	1	0	0	0	0
AF	0	0.823235	2	1	1	0	0	0	0
AF	0	0.823548	1	1	0	0	0	0	0
AF	0	0.823860	1	0	1	0	0	0	0
AF	0	0.824172	2	2	0	0	0	0	0
AF	0	0.824797	1	0	1	0	0	0	0
AF	0	0.826983	2	1	1	0	0	0	0
AF	0	0.827295	1	0	1	0	0	0	0
AF	0	0.827920	1	0	1	0	0	0	0
AF	0	0.828545	1	0	1	0	0	0	0
AF	0	0.828857	4	3	1	0	0	0	0
AF	0	0.830106	1	1	0	0	0	0	0
AF	0	0.830731	1	0	1	0	0	0	0
AF	0	0.831355	1	0	1	0	0	0	0
AF	0	0.831668	1	1	0	0	0	0	0
AF	0	0.833854	1	0	1	0	0	0	0
AF	0	0.834791	1	0	1	0	0	0	0
AF	0	0.835103	1	1	0	0	0	0	0
AF	0	0.835415	1	0	1	0	0	0	0
AF	0	0.836352	2	1	1	0	0	0	0
AF	0	0.837289	1	1	0	0	0	0	0
AF	0	0.837601	1	1	0	0	0	0	0
AF	0	0.840725	1	0	1	0	0	0	0
AF	0	0.841661	1	1	0	0	0	0	0
AF	0	0.842598	1	0	1	0	0	0	0
AF	0	0.843848	1	1	0	0	0	0	0
AF	0	0.846346	1	0	1	0	0	0	0
AF	0	0.846658	1	1	0	0	0	0	0
AF	0	0.846971	3	1	2	0	0	0	0
AF	0	0.847283	1	1	0	0	0	0	0
AF	0	0.847908	1	1	0	0	0	0	0
AF	0	0.848220	2	0	2	0	0	0	0
AF	0	0.848532	2	1	1	0	0	0	0
AF	0	0.848844	1	1	0	0	0	0	0
AF	0	0.849469	1	0	1	0	0	0	0
AF	0	0.850094	1	1	0	0	0	0	0
AF	0	0.850406	2	2	0	0	0	0	0
AF	0	0.851031	1	0	1	0	0	0	0
AF	0	0.851655	1	1	0	0	0	0	0
AF	0	0.853217	1	1	0	0	0	0	0
AF	0	0.854466	2	2	0	0	0	0	0
AF	0	0.856027	1	0	1	0	0	0	0
AF	0	0.856340	1	0	1	0	0	0	0
AF	0	0.856652	1	1	0	0	0	0	0
AF	0	0.856964	1	1	0	0	0	0	0
AF	0	0.857901	2	2	0	0	0	0	0
AF	0	0.858214	1	1	0	0	0	0	0
AF	0	0.860712	1	1	0	0	0	0	0
AF	0	0.861961	1	1	0	0	0	0	0
AF	0	0.862274	1	1	0	0	0	0	0
AF	0	0.862586	2	2	0	0	0	0	0
AF	0	0.862898	1	0	1	0	0	0	0
AF	0	0.863210	1	1	0	0	0	0	0
AF	0	0.867270	1	1	0	0	0	0	0
AF	0	0.867895	1	1	0	0	0	0	0
AF	0	0.868520	1	0	1	0	0	0	0
AF	0	0.870706	2	1	1	0	0	0	0
AF	0	0.874766	1	1	0	0	0	0	0
AF	0	0.875703	1	1	0	0	0	0	0
AF	0	0.877889	2	2	0	0	0	0	0
AF	0	0.878826	1	0	1	0	0	0	0
AF	0	0.883823	1	0	1	0	0	0	0
AF	0	0.885072	1	1	0	0	0	0	0
AF	0	0.885696	1	1	0	0	0	0	0
AF	0	0.886321	2	0	2	0	0	0	0
AF	0	0.887883	2	0	2	0	0	0	0
AF	0	0.891006	1	1	0	0	0	0	0
AF	0	0.891630	1	1	0	0	0	0	0
AF	0	0.893192	2	1	1	0	0	0	0
AF	0	0.893504	3	3	0	0	0	0	0
AF	0	0.894753	3	3	0	0	0	0	0
AF	0	0.895690	1	1	0	0	0	0	0
AF	0	0.896002	1	0	1	0	0	0	0
AF	0	0.897564	1	0	1	0	0	0	0
AF	0	0.902873	3	2	1	0	0	0	0
AF	0	0.903498	1	1	0	0	0	0	0
AF	0	0.904122	1	0	1	0	0	0	0
AF	0	0.904435	1	0	1	0	0	0	0
AF	0	0.904747	1	0	1	0	0	0	0
AF	0	0.905059	1	1	0	0	0	0	0
AF	0	0.905372	1	1	0	0	0	0	0
AF	0	0.906621	2	2	0	0	0	0	0
AF	0	0.910369	1	1	0	0	0	0	0
AF	0	0.911618	2	0	2	0	0	0	0
AF	0	0.912242	1	1	0	0	0	0	0
AF	0	0.921611	1	1	0	0	0	0	0
AF	0	0.922236	1	0	1	0	0	0	0
AF	0	0.922861	5	4	1	0	0	0	0
AF	0	0.923173	1	1	0	0	0	0	0
AF	0	0.923485	3	1	2	0	0	0	0
AF	0	0.923798	1	1	0	0	0	0	0
AF	0	0.924110	2	2	0	0	0	0	0
AF	0	0.924735	1	0	1	0	0	0	0
AF	0	0.929731	1	1	0	0	0	0	0
AF	0	0.930668	1	1	0	0	0	0	0
AF	0	0.932854	1	1	0	0	0	0	0
AF	0	0.943161	1	1	0	0	0	0	0
AF	0	0.944410	1	1	0	0	0	0	0
AF	0	0.953467	1	0	1	0	0	0	0
AF	0	0.954403	1	1	0	0	0	0	0
AF	0	0.959713	1	1	0	0	0	0	0
AF	0	0.962211	1	1	0	0	0	0	0
AF	0	0.967520	1	1	0	0	0	0	0
AF	0	0.967833	1	1	0	0	0	0	0
AF	0	0.968457	1	0	1	0	0	0	0
AF	0	0.971580	1	1	0	0	0	0	0
AF	0	0.974079	1	1	0	0	0	0	0
AF	0	0.974703	1	1	0	0	0	0	0
AF	0	0.976889	1	1	0	0	0	0	0
AF	0	0.979388	1	0	1	0	0	0	0
AF	0	0.981574	1	0	1	0	0	0	0
AF	0	0.982199	1	1	0	0	0	0	0
AF	0	0.984385	1	1	0	0	0	0	0
AF	0	0.984697	1	0	1	0	0	0	0
AF	0	0.986259	1	1	0	0	0	0	0
AF	0	0.988445	1	1	0	0	0	0	0
AF	0	0.992817	1	1	0	0	0	0	0
AF	0	0.997189	3	3	0	0	0	0	0
AF	0	0.998126	2	0	2	0	0	0	0
AF	0	0.998438	2	2	0	0	0	0	0
# QUAL, Stats by quality
# QUAL	[2]id	[3]Quality	[4]number of SNPs	[5]number of transitions (1st ALT)	[6]number of transversions (1st ALT)	[7]number of indels
QUAL	0	.	18427	12297	6130	0
# IDD, InDel distribution:
# IDD	[2]id	[3]length (deletions negative)	[4]number of sites	[5]number of genotypes	[6]mean VAF
# ST, Substitution types:
# ST	[2]id	[3]type	[4]count
ST	0	A>C	720
ST	0	A>G	2313
ST	0	A>T	679
ST	0	C>A	855
ST	0	C>G	806
ST	0	C>T	3382
ST	0	G>A	3396
ST	0	G>C	862
ST	0	G>T	773
ST	0	T>A	744
ST	0	T>C	3206
ST	0	T>G	691
# DP, Depth distribution
# DP	[2]id	[3]bin	[4]number of genotypes	[5]fraction of genotypes (%)	[6]number of sites	[7]fraction of sites (%)
  - Fix haploid genotypes in males...

Submit MakeDiploidMalesX finished successfully. Let's have a beer, buddy!

