Submit MakeDiploidMalesX
version 1.1.6 (2024-09-30)

These are the settings:
  Input file................: /hpc/local/Rocky8/dhl_ec/software/MonopogenLite/resources/1kGP_high_coverage_Illumina.SNVonly_poly.filtered_AF_5e-04.norm.fixvariantid.chrX.vcf.gz
  Output file...............: /hpc/local/Rocky8/dhl_ec/software/MonopogenLite/resources/1kGP_high_coverage_Illumina.SNVonly_poly.filtered_AF_5e-04.norm.fixvariantid.makediploid.chrX.vcf.gz
  Chunk size................: 100

  SLURM CPUs................: 4
  SLURM Array ID............: 25 (of 100)
  SLURM memory..............: 16G
  SLURM time................: 01:00:00
  SLURM mail type...........: FAIL
  SLURM mail user...........: s.w.vanderlaan-2@umcutrecht.nl

  Dry run mode..............: 0
  Debug mode................: 1
  Verbosity.................: 0
  Version...................: 1.1.6 (2024-09-30)

Making converting haploid genotypes to diploid genotypes.
> Extract the region for this SLURM task (# 25) from the BED file.
  - Get the chunk number from the SLURM array task ID and the bed file...
DEBUG: Extracting chunk number: 25p from 25
DEBUG: Extracting region from BED file: /hpc/local/Rocky8/dhl_ec/software/MonopogenLite/resources/chrX_100pieces.bed
  - Extract the region from the BED file...
DEBUG: Extracted raw region: 'chrX	37449793	39010200' (chunk #: 25p of 100 for job 25)
  - Check if a valid region was extracted -- should be 'chrX	37449793	39010200'...
  - Prepare the region for bcftools...
  - Check if the region (chrX:37449793-39010200) was successfully extracted...
> Processing region 'chrX:37449793-39010200'...
  - Process the specific region (chunk# 25) using bcftools view...
  - Index the VCF file...
DEBUG: Check if the VCF file was successfully processed...
##fileformat=VCFv4.2
##FILTER=<ID=PASS,Description="All filters passed">
##fileDate=29/01/2022 - 14:31:41
##source=shapeit4.2.2
##contig=<ID=chr1,length=248956422>
##contig=<ID=chr2,length=242193529>
##contig=<ID=chr3,length=198295559>
##contig=<ID=chr4,length=190214555>
##contig=<ID=chr5,length=181538259>
##contig=<ID=chr6,length=170805979>
# This file was produced by bcftools stats (1.20+htslib-1.20) and can be plotted using plot-vcfstats.
# The command line was:	bcftools stats  /hpc/local/Rocky8/dhl_ec/software/MonopogenLite/resources/chrX.part25.vcf.gz
#
# Definition of sets:
# ID	[2]id	[3]tab-separated file names
ID	0	/hpc/local/Rocky8/dhl_ec/software/MonopogenLite/resources/chrX.part25.vcf.gz
# SN, Summary numbers:
#   number of records   .. number of data rows in the VCF
#   number of no-ALTs   .. reference-only sites, ALT is either "." or identical to REF
#   number of SNPs      .. number of rows with a SNP
#   number of MNPs      .. number of rows with a MNP, such as CC>TT
#   number of indels    .. number of rows with an indel
#   number of others    .. number of rows with other type, for example a symbolic allele or
#                          a complex substitution, such as ACT>TCGA
#   number of multiallelic sites     .. number of rows with multiple alternate alleles
#   number of multiallelic SNP sites .. number of rows with multiple alternate alleles, all SNPs
# 
#   Note that rows containing multiple types will be counted multiple times, in each
#   counter. For example, a row with a SNP and an indel increments both the SNP and
#   the indel counter.
# 
# SN	[2]id	[3]key	[4]value
SN	0	number of samples:	3202
SN	0	number of records:	15138
SN	0	number of no-ALTs:	0
SN	0	number of SNPs:	15138
SN	0	number of MNPs:	0
SN	0	number of indels:	0
SN	0	number of others:	0
SN	0	number of multiallelic sites:	0
SN	0	number of multiallelic SNP sites:	0
# TSTV, transitions/transversions:
# TSTV	[2]id	[3]ts	[4]tv	[5]ts/tv	[6]ts (1st ALT)	[7]tv (1st ALT)	[8]ts/tv (1st ALT)
TSTV	0	10250	4888	2.10	10250	4888	2.10
# SiS, Singleton stats:
# SiS	[2]id	[3]allele count	[4]number of SNPs	[5]number of transitions	[6]number of transversions	[7]number of indels	[8]repeat-consistent	[9]repeat-inconsistent	[10]not applicable
SiS	0	1	0	0	0	0	0	0	0
# AF, Stats by non-reference allele frequency:
# AF	[2]id	[3]allele frequency	[4]number of SNPs	[5]number of transitions	[6]number of transversions	[7]number of indels	[8]repeat-consistent	[9]repeat-inconsistent	[10]not applicable
AF	0	0.000312	2397	1650	747	0	0	0	0
AF	0	0.000625	1453	984	469	0	0	0	0
AF	0	0.000937	1527	1026	501	0	0	0	0
AF	0	0.001249	504	339	165	0	0	0	0
AF	0	0.001562	894	619	275	0	0	0	0
AF	0	0.001874	317	203	114	0	0	0	0
AF	0	0.002186	493	315	178	0	0	0	0
AF	0	0.002498	184	125	59	0	0	0	0
AF	0	0.002811	321	203	118	0	0	0	0
AF	0	0.003123	166	103	63	0	0	0	0
AF	0	0.003435	277	181	96	0	0	0	0
AF	0	0.003748	170	117	53	0	0	0	0
AF	0	0.004060	195	128	67	0	0	0	0
AF	0	0.004372	86	56	30	0	0	0	0
AF	0	0.004685	155	105	50	0	0	0	0
AF	0	0.004997	63	38	25	0	0	0	0
AF	0	0.005309	122	91	31	0	0	0	0
AF	0	0.005621	46	28	18	0	0	0	0
AF	0	0.005934	92	65	27	0	0	0	0
AF	0	0.006246	50	41	9	0	0	0	0
AF	0	0.006558	110	70	40	0	0	0	0
AF	0	0.006871	47	31	16	0	0	0	0
AF	0	0.007183	105	70	35	0	0	0	0
AF	0	0.007495	85	60	25	0	0	0	0
AF	0	0.007808	114	78	36	0	0	0	0
AF	0	0.008120	58	39	19	0	0	0	0
AF	0	0.008432	156	108	48	0	0	0	0
AF	0	0.008745	42	31	11	0	0	0	0
AF	0	0.009057	108	68	40	0	0	0	0
AF	0	0.009369	48	33	15	0	0	0	0
AF	0	0.009681	97	66	31	0	0	0	0
AF	0	0.009994	40	24	16	0	0	0	0
AF	0	0.010306	85	52	33	0	0	0	0
AF	0	0.010618	43	31	12	0	0	0	0
AF	0	0.010931	75	54	21	0	0	0	0
AF	0	0.011243	22	14	8	0	0	0	0
AF	0	0.011555	58	40	18	0	0	0	0
AF	0	0.011868	26	15	11	0	0	0	0
AF	0	0.012180	83	55	28	0	0	0	0
AF	0	0.012492	13	9	4	0	0	0	0
AF	0	0.012804	54	37	17	0	0	0	0
AF	0	0.013117	27	18	9	0	0	0	0
AF	0	0.013429	52	32	20	0	0	0	0
AF	0	0.013741	21	14	7	0	0	0	0
AF	0	0.014054	58	40	18	0	0	0	0
AF	0	0.014366	45	30	15	0	0	0	0
AF	0	0.014678	54	40	14	0	0	0	0
AF	0	0.014991	13	12	1	0	0	0	0
AF	0	0.015303	32	25	7	0	0	0	0
AF	0	0.015615	23	16	7	0	0	0	0
AF	0	0.015928	46	27	19	0	0	0	0
AF	0	0.016240	21	17	4	0	0	0	0
AF	0	0.016552	36	23	13	0	0	0	0
AF	0	0.016864	14	14	0	0	0	0	0
AF	0	0.017177	44	25	19	0	0	0	0
AF	0	0.017489	28	18	10	0	0	0	0
AF	0	0.017801	46	36	10	0	0	0	0
AF	0	0.018114	23	15	8	0	0	0	0
AF	0	0.018426	95	67	28	0	0	0	0
AF	0	0.018738	10	6	4	0	0	0	0
AF	0	0.019051	42	28	14	0	0	0	0
AF	0	0.019363	13	7	6	0	0	0	0
AF	0	0.019675	47	40	7	0	0	0	0
AF	0	0.019988	14	11	3	0	0	0	0
AF	0	0.020300	21	18	3	0	0	0	0
AF	0	0.020612	16	12	4	0	0	0	0
AF	0	0.020924	16	9	7	0	0	0	0
AF	0	0.021237	12	11	1	0	0	0	0
AF	0	0.021549	23	15	8	0	0	0	0
AF	0	0.021861	28	19	9	0	0	0	0
AF	0	0.022174	13	9	4	0	0	0	0
AF	0	0.022486	15	11	4	0	0	0	0
AF	0	0.022798	23	14	9	0	0	0	0
AF	0	0.023111	13	10	3	0	0	0	0
AF	0	0.023423	26	15	11	0	0	0	0
AF	0	0.023735	7	7	0	0	0	0	0
AF	0	0.024047	27	17	10	0	0	0	0
AF	0	0.024360	8	6	2	0	0	0	0
AF	0	0.024672	18	14	4	0	0	0	0
AF	0	0.024984	3	2	1	0	0	0	0
AF	0	0.025297	13	12	1	0	0	0	0
AF	0	0.025609	13	9	4	0	0	0	0
AF	0	0.025921	13	8	5	0	0	0	0
AF	0	0.026234	7	5	2	0	0	0	0
AF	0	0.026546	20	14	6	0	0	0	0
AF	0	0.026858	7	6	1	0	0	0	0
AF	0	0.027171	40	25	15	0	0	0	0
AF	0	0.027483	6	4	2	0	0	0	0
AF	0	0.027795	8	6	2	0	0	0	0
AF	0	0.028107	2	2	0	0	0	0	0
AF	0	0.028420	14	9	5	0	0	0	0
AF	0	0.028732	2	2	0	0	0	0	0
AF	0	0.029044	8	6	2	0	0	0	0
AF	0	0.029357	8	7	1	0	0	0	0
AF	0	0.029669	20	16	4	0	0	0	0
AF	0	0.029981	10	9	1	0	0	0	0
AF	0	0.030294	9	9	0	0	0	0	0
AF	0	0.030606	11	8	3	0	0	0	0
AF	0	0.030918	13	7	6	0	0	0	0
AF	0	0.031230	10	6	4	0	0	0	0
AF	0	0.031543	11	7	4	0	0	0	0
AF	0	0.031855	9	7	2	0	0	0	0
AF	0	0.032167	15	6	9	0	0	0	0
AF	0	0.032480	4	2	2	0	0	0	0
AF	0	0.032792	6	2	4	0	0	0	0
AF	0	0.033104	10	7	3	0	0	0	0
AF	0	0.033417	20	16	4	0	0	0	0
AF	0	0.033729	6	5	1	0	0	0	0
AF	0	0.034041	11	10	1	0	0	0	0
AF	0	0.034354	4	2	2	0	0	0	0
AF	0	0.034666	11	8	3	0	0	0	0
AF	0	0.034978	7	4	3	0	0	0	0
AF	0	0.035290	9	8	1	0	0	0	0
AF	0	0.035603	4	2	2	0	0	0	0
AF	0	0.035915	27	22	5	0	0	0	0
AF	0	0.036227	6	5	1	0	0	0	0
AF	0	0.036540	15	9	6	0	0	0	0
AF	0	0.036852	12	9	3	0	0	0	0
AF	0	0.037164	9	5	4	0	0	0	0
AF	0	0.037477	3	1	2	0	0	0	0
AF	0	0.037789	12	8	4	0	0	0	0
AF	0	0.038101	4	3	1	0	0	0	0
AF	0	0.038413	6	4	2	0	0	0	0
AF	0	0.038726	2	1	1	0	0	0	0
AF	0	0.039038	5	3	2	0	0	0	0
AF	0	0.039350	4	2	2	0	0	0	0
AF	0	0.039663	7	6	1	0	0	0	0
AF	0	0.039975	7	4	3	0	0	0	0
AF	0	0.040287	6	4	2	0	0	0	0
AF	0	0.040600	6	5	1	0	0	0	0
AF	0	0.040912	15	12	3	0	0	0	0
AF	0	0.041224	8	4	4	0	0	0	0
AF	0	0.041537	16	13	3	0	0	0	0
AF	0	0.041849	11	8	3	0	0	0	0
AF	0	0.042161	9	5	4	0	0	0	0
AF	0	0.042473	6	5	1	0	0	0	0
AF	0	0.042786	8	4	4	0	0	0	0
AF	0	0.043098	3	1	2	0	0	0	0
AF	0	0.043410	15	13	2	0	0	0	0
AF	0	0.043723	3	2	1	0	0	0	0
AF	0	0.044035	13	9	4	0	0	0	0
AF	0	0.044347	6	5	1	0	0	0	0
AF	0	0.044660	11	8	3	0	0	0	0
AF	0	0.044972	6	6	0	0	0	0	0
AF	0	0.045284	15	12	3	0	0	0	0
AF	0	0.045597	8	7	1	0	0	0	0
AF	0	0.045909	11	8	3	0	0	0	0
AF	0	0.046221	7	6	1	0	0	0	0
AF	0	0.046533	6	3	3	0	0	0	0
AF	0	0.046846	2	1	1	0	0	0	0
AF	0	0.047158	3	2	1	0	0	0	0
AF	0	0.047470	3	0	3	0	0	0	0
AF	0	0.047783	2	0	2	0	0	0	0
AF	0	0.048095	1	1	0	0	0	0	0
AF	0	0.048407	4	3	1	0	0	0	0
AF	0	0.048720	1	1	0	0	0	0	0
AF	0	0.049032	7	3	4	0	0	0	0
AF	0	0.049344	2	1	1	0	0	0	0
AF	0	0.049656	6	3	3	0	0	0	0
AF	0	0.049969	1	1	0	0	0	0	0
AF	0	0.050281	10	4	6	0	0	0	0
AF	0	0.050593	9	8	1	0	0	0	0
AF	0	0.050906	10	9	1	0	0	0	0
AF	0	0.051218	5	3	2	0	0	0	0
AF	0	0.051530	3	2	1	0	0	0	0
AF	0	0.051843	3	3	0	0	0	0	0
AF	0	0.052155	2	2	0	0	0	0	0
AF	0	0.052780	6	6	0	0	0	0	0
AF	0	0.053092	4	3	1	0	0	0	0
AF	0	0.053404	9	7	2	0	0	0	0
AF	0	0.053716	4	3	1	0	0	0	0
AF	0	0.054029	6	4	2	0	0	0	0
AF	0	0.054341	2	1	1	0	0	0	0
AF	0	0.054653	5	4	1	0	0	0	0
AF	0	0.054966	2	1	1	0	0	0	0
AF	0	0.055278	3	1	2	0	0	0	0
AF	0	0.055590	3	1	2	0	0	0	0
AF	0	0.055903	2	0	2	0	0	0	0
AF	0	0.056215	6	4	2	0	0	0	0
AF	0	0.056527	2	2	0	0	0	0	0
AF	0	0.056839	5	3	2	0	0	0	0
AF	0	0.057152	8	4	4	0	0	0	0
AF	0	0.057464	2	2	0	0	0	0	0
AF	0	0.058401	4	4	0	0	0	0	0
AF	0	0.058713	3	3	0	0	0	0	0
AF	0	0.059026	4	3	1	0	0	0	0
AF	0	0.059338	2	1	1	0	0	0	0
AF	0	0.059650	2	2	0	0	0	0	0
AF	0	0.059963	4	3	1	0	0	0	0
AF	0	0.060275	1	1	0	0	0	0	0
AF	0	0.060899	2	2	0	0	0	0	0
AF	0	0.061524	4	2	2	0	0	0	0
AF	0	0.061836	1	1	0	0	0	0	0
AF	0	0.062149	1	1	0	0	0	0	0
AF	0	0.062773	2	1	1	0	0	0	0
AF	0	0.063086	3	2	1	0	0	0	0
AF	0	0.063398	2	1	1	0	0	0	0
AF	0	0.064335	2	0	2	0	0	0	0
AF	0	0.064647	7	5	2	0	0	0	0
AF	0	0.064959	2	2	0	0	0	0	0
AF	0	0.065272	1	1	0	0	0	0	0
AF	0	0.065584	1	0	1	0	0	0	0
AF	0	0.065896	1	0	1	0	0	0	0
AF	0	0.066209	1	0	1	0	0	0	0
AF	0	0.066521	2	0	2	0	0	0	0
AF	0	0.067146	1	1	0	0	0	0	0
AF	0	0.067770	3	0	3	0	0	0	0
AF	0	0.068395	9	9	0	0	0	0	0
AF	0	0.068707	4	3	1	0	0	0	0
AF	0	0.069019	7	4	3	0	0	0	0
AF	0	0.069644	4	4	0	0	0	0	0
AF	0	0.069956	5	3	2	0	0	0	0
AF	0	0.070269	12	9	3	0	0	0	0
AF	0	0.070581	3	3	0	0	0	0	0
AF	0	0.070893	10	6	4	0	0	0	0
AF	0	0.071205	4	2	2	0	0	0	0
AF	0	0.071518	5	2	3	0	0	0	0
AF	0	0.072142	6	2	4	0	0	0	0
AF	0	0.072767	2	2	0	0	0	0	0
AF	0	0.073079	2	2	0	0	0	0	0
AF	0	0.073704	4	2	2	0	0	0	0
AF	0	0.074016	4	2	2	0	0	0	0
AF	0	0.074329	1	1	0	0	0	0	0
AF	0	0.074641	7	6	1	0	0	0	0
AF	0	0.074953	5	3	2	0	0	0	0
AF	0	0.075265	2	2	0	0	0	0	0
AF	0	0.075578	3	1	2	0	0	0	0
AF	0	0.075890	6	4	2	0	0	0	0
AF	0	0.076515	1	0	1	0	0	0	0
AF	0	0.076827	1	1	0	0	0	0	0
AF	0	0.077139	4	3	1	0	0	0	0
AF	0	0.077452	3	3	0	0	0	0	0
AF	0	0.077764	8	3	5	0	0	0	0
AF	0	0.078076	4	3	1	0	0	0	0
AF	0	0.078389	5	2	3	0	0	0	0
AF	0	0.078701	1	0	1	0	0	0	0
AF	0	0.079013	2	2	0	0	0	0	0
AF	0	0.079638	3	2	1	0	0	0	0
AF	0	0.080575	1	1	0	0	0	0	0
AF	0	0.080887	1	0	1	0	0	0	0
AF	0	0.081824	2	1	1	0	0	0	0
AF	0	0.082136	4	2	2	0	0	0	0
AF	0	0.082761	2	2	0	0	0	0	0
AF	0	0.083698	2	1	1	0	0	0	0
AF	0	0.084010	9	7	2	0	0	0	0
AF	0	0.084635	3	3	0	0	0	0	0
AF	0	0.085259	3	2	1	0	0	0	0
AF	0	0.085572	4	4	0	0	0	0	0
AF	0	0.085884	4	2	2	0	0	0	0
AF	0	0.086508	1	0	1	0	0	0	0
AF	0	0.086821	1	1	0	0	0	0	0
AF	0	0.087758	2	2	0	0	0	0	0
AF	0	0.088070	2	2	0	0	0	0	0
AF	0	0.088382	2	0	2	0	0	0	0
AF	0	0.088695	3	2	1	0	0	0	0
AF	0	0.089319	2	0	2	0	0	0	0
AF	0	0.089631	7	5	2	0	0	0	0
AF	0	0.090256	3	2	1	0	0	0	0
AF	0	0.090568	1	0	1	0	0	0	0
AF	0	0.091193	1	0	1	0	0	0	0
AF	0	0.091505	5	4	1	0	0	0	0
AF	0	0.091818	1	0	1	0	0	0	0
AF	0	0.092130	4	3	1	0	0	0	0
AF	0	0.092755	1	1	0	0	0	0	0
AF	0	0.093067	1	1	0	0	0	0	0
AF	0	0.093379	3	1	2	0	0	0	0
AF	0	0.093691	1	1	0	0	0	0	0
AF	0	0.094004	3	2	1	0	0	0	0
AF	0	0.094316	1	1	0	0	0	0	0
AF	0	0.094628	4	4	0	0	0	0	0
AF	0	0.094941	3	1	2	0	0	0	0
AF	0	0.095253	4	3	1	0	0	0	0
AF	0	0.095878	6	5	1	0	0	0	0
AF	0	0.096190	1	1	0	0	0	0	0
AF	0	0.096502	3	3	0	0	0	0	0
AF	0	0.096814	5	1	4	0	0	0	0
AF	0	0.097127	3	1	2	0	0	0	0
AF	0	0.097439	10	2	8	0	0	0	0
AF	0	0.097751	6	1	5	0	0	0	0
AF	0	0.098064	2	2	0	0	0	0	0
AF	0	0.098376	2	2	0	0	0	0	0
AF	0	0.098688	5	4	1	0	0	0	0
AF	0	0.099001	6	5	1	0	0	0	0
AF	0	0.099313	2	1	1	0	0	0	0
AF	0	0.099625	5	2	3	0	0	0	0
AF	0	0.099938	1	1	0	0	0	0	0
AF	0	0.100562	1	1	0	0	0	0	0
AF	0	0.100874	3	2	1	0	0	0	0
AF	0	0.101187	4	3	1	0	0	0	0
AF	0	0.101499	8	4	4	0	0	0	0
AF	0	0.101811	1	1	0	0	0	0	0
AF	0	0.102124	3	3	0	0	0	0	0
AF	0	0.102748	1	0	1	0	0	0	0
AF	0	0.103061	2	2	0	0	0	0	0
AF	0	0.103373	1	1	0	0	0	0	0
AF	0	0.103998	1	1	0	0	0	0	0
AF	0	0.104310	1	1	0	0	0	0	0
AF	0	0.104622	3	3	0	0	0	0	0
AF	0	0.104934	2	2	0	0	0	0	0
AF	0	0.105247	8	6	2	0	0	0	0
AF	0	0.105559	2	2	0	0	0	0	0
AF	0	0.105871	3	1	2	0	0	0	0
AF	0	0.106184	1	1	0	0	0	0	0
AF	0	0.106496	1	1	0	0	0	0	0
AF	0	0.106808	1	1	0	0	0	0	0
AF	0	0.107433	1	1	0	0	0	0	0
AF	0	0.108370	1	0	1	0	0	0	0
AF	0	0.108682	2	1	1	0	0	0	0
AF	0	0.108994	2	1	1	0	0	0	0
AF	0	0.109307	2	2	0	0	0	0	0
AF	0	0.109619	2	2	0	0	0	0	0
AF	0	0.109931	3	1	2	0	0	0	0
AF	0	0.110244	7	4	3	0	0	0	0
AF	0	0.110556	2	0	2	0	0	0	0
AF	0	0.110868	10	8	2	0	0	0	0
AF	0	0.111181	10	8	2	0	0	0	0
AF	0	0.111493	5	5	0	0	0	0	0
AF	0	0.111805	4	1	3	0	0	0	0
AF	0	0.112117	3	3	0	0	0	0	0
AF	0	0.112430	5	3	2	0	0	0	0
AF	0	0.113054	2	1	1	0	0	0	0
AF	0	0.113367	1	1	0	0	0	0	0
AF	0	0.113679	1	1	0	0	0	0	0
AF	0	0.113991	1	1	0	0	0	0	0
AF	0	0.115240	2	2	0	0	0	0	0
AF	0	0.115553	5	4	1	0	0	0	0
AF	0	0.116490	1	1	0	0	0	0	0
AF	0	0.116802	1	0	1	0	0	0	0
AF	0	0.117427	4	4	0	0	0	0	0
AF	0	0.118051	3	2	1	0	0	0	0
AF	0	0.118364	4	2	2	0	0	0	0
AF	0	0.118676	9	7	2	0	0	0	0
AF	0	0.119300	3	3	0	0	0	0	0
AF	0	0.119925	8	8	0	0	0	0	0
AF	0	0.120237	4	1	3	0	0	0	0
AF	0	0.120550	2	2	0	0	0	0	0
AF	0	0.120862	1	1	0	0	0	0	0
AF	0	0.121174	2	2	0	0	0	0	0
AF	0	0.121799	4	3	1	0	0	0	0
AF	0	0.122111	4	4	0	0	0	0	0
AF	0	0.122423	1	0	1	0	0	0	0
AF	0	0.123048	1	0	1	0	0	0	0
AF	0	0.123360	1	1	0	0	0	0	0
AF	0	0.123673	1	1	0	0	0	0	0
AF	0	0.124610	5	3	2	0	0	0	0
AF	0	0.125234	2	1	1	0	0	0	0
AF	0	0.125547	1	1	0	0	0	0	0
AF	0	0.125859	1	0	1	0	0	0	0
AF	0	0.127108	3	3	0	0	0	0	0
AF	0	0.127420	3	2	1	0	0	0	0
AF	0	0.127733	1	1	0	0	0	0	0
AF	0	0.128045	2	1	1	0	0	0	0
AF	0	0.128357	3	2	1	0	0	0	0
AF	0	0.128670	1	1	0	0	0	0	0
AF	0	0.128982	2	2	0	0	0	0	0
AF	0	0.129294	11	9	2	0	0	0	0
AF	0	0.129606	4	3	1	0	0	0	0
AF	0	0.129919	7	3	4	0	0	0	0
AF	0	0.130543	2	2	0	0	0	0	0
AF	0	0.130856	2	2	0	0	0	0	0
AF	0	0.131168	2	1	1	0	0	0	0
AF	0	0.131480	1	1	0	0	0	0	0
AF	0	0.131793	2	2	0	0	0	0	0
AF	0	0.132105	1	0	1	0	0	0	0
AF	0	0.132417	1	1	0	0	0	0	0
AF	0	0.133042	2	0	2	0	0	0	0
AF	0	0.133666	1	1	0	0	0	0	0
AF	0	0.134603	2	1	1	0	0	0	0
AF	0	0.134916	2	2	0	0	0	0	0
AF	0	0.135228	1	1	0	0	0	0	0
AF	0	0.135540	1	0	1	0	0	0	0
AF	0	0.135853	2	1	1	0	0	0	0
AF	0	0.136165	1	1	0	0	0	0	0
AF	0	0.136477	1	1	0	0	0	0	0
AF	0	0.137414	2	0	2	0	0	0	0
AF	0	0.137726	1	1	0	0	0	0	0
AF	0	0.138663	1	1	0	0	0	0	0
AF	0	0.138976	1	0	1	0	0	0	0
AF	0	0.139600	1	1	0	0	0	0	0
AF	0	0.139913	1	0	1	0	0	0	0
AF	0	0.140537	1	1	0	0	0	0	0
AF	0	0.141162	1	0	1	0	0	0	0
AF	0	0.141786	2	2	0	0	0	0	0
AF	0	0.142099	1	0	1	0	0	0	0
AF	0	0.143036	2	1	1	0	0	0	0
AF	0	0.143973	2	2	0	0	0	0	0
AF	0	0.144285	2	1	1	0	0	0	0
AF	0	0.144909	2	1	1	0	0	0	0
AF	0	0.145534	1	0	1	0	0	0	0
AF	0	0.146159	4	2	2	0	0	0	0
AF	0	0.146471	2	2	0	0	0	0	0
AF	0	0.146783	3	1	2	0	0	0	0
AF	0	0.147408	1	0	1	0	0	0	0
AF	0	0.148032	2	1	1	0	0	0	0
AF	0	0.148657	2	1	1	0	0	0	0
AF	0	0.148969	3	1	2	0	0	0	0
AF	0	0.149282	2	1	1	0	0	0	0
AF	0	0.149906	2	2	0	0	0	0	0
AF	0	0.150219	2	2	0	0	0	0	0
AF	0	0.150531	2	1	1	0	0	0	0
AF	0	0.151156	3	2	1	0	0	0	0
AF	0	0.151468	1	0	1	0	0	0	0
AF	0	0.151780	2	2	0	0	0	0	0
AF	0	0.152092	1	0	1	0	0	0	0
AF	0	0.152405	6	5	1	0	0	0	0
AF	0	0.152717	4	4	0	0	0	0	0
AF	0	0.153029	6	3	3	0	0	0	0
AF	0	0.153342	4	1	3	0	0	0	0
AF	0	0.153654	6	2	4	0	0	0	0
AF	0	0.153966	5	3	2	0	0	0	0
AF	0	0.154279	5	4	1	0	0	0	0
AF	0	0.154591	2	0	2	0	0	0	0
AF	0	0.154903	3	3	0	0	0	0	0
AF	0	0.155215	2	1	1	0	0	0	0
AF	0	0.155528	4	2	2	0	0	0	0
AF	0	0.155840	2	1	1	0	0	0	0
AF	0	0.156152	2	0	2	0	0	0	0
AF	0	0.156465	1	1	0	0	0	0	0
AF	0	0.156777	2	1	1	0	0	0	0
AF	0	0.157402	3	2	1	0	0	0	0
AF	0	0.157714	3	2	1	0	0	0	0
AF	0	0.158026	2	1	1	0	0	0	0
AF	0	0.158339	1	1	0	0	0	0	0
AF	0	0.158651	3	2	1	0	0	0	0
AF	0	0.158963	2	1	1	0	0	0	0
AF	0	0.159275	1	0	1	0	0	0	0
AF	0	0.159588	1	1	0	0	0	0	0
AF	0	0.159900	1	1	0	0	0	0	0
AF	0	0.160212	1	0	1	0	0	0	0
AF	0	0.160525	3	3	0	0	0	0	0
AF	0	0.161149	3	3	0	0	0	0	0
AF	0	0.162086	1	1	0	0	0	0	0
AF	0	0.162399	1	0	1	0	0	0	0
AF	0	0.163023	2	1	1	0	0	0	0
AF	0	0.163335	1	0	1	0	0	0	0
AF	0	0.163648	2	1	1	0	0	0	0
AF	0	0.163960	1	1	0	0	0	0	0
AF	0	0.164272	2	1	1	0	0	0	0
AF	0	0.164585	1	1	0	0	0	0	0
AF	0	0.165522	1	1	0	0	0	0	0
AF	0	0.166146	4	3	1	0	0	0	0
AF	0	0.166458	1	1	0	0	0	0	0
AF	0	0.166771	3	1	2	0	0	0	0
AF	0	0.167083	1	1	0	0	0	0	0
AF	0	0.167708	1	1	0	0	0	0	0
AF	0	0.168332	2	2	0	0	0	0	0
AF	0	0.168645	1	1	0	0	0	0	0
AF	0	0.168957	1	1	0	0	0	0	0
AF	0	0.169269	2	1	1	0	0	0	0
AF	0	0.169894	1	1	0	0	0	0	0
AF	0	0.170206	2	1	1	0	0	0	0
AF	0	0.171143	1	0	1	0	0	0	0
AF	0	0.171455	1	0	1	0	0	0	0
AF	0	0.172392	3	2	1	0	0	0	0
AF	0	0.172705	2	1	1	0	0	0	0
AF	0	0.173017	5	3	2	0	0	0	0
AF	0	0.173329	1	1	0	0	0	0	0
AF	0	0.173641	3	2	1	0	0	0	0
AF	0	0.173954	1	1	0	0	0	0	0
AF	0	0.174266	3	2	1	0	0	0	0
AF	0	0.174891	3	3	0	0	0	0	0
AF	0	0.175203	1	1	0	0	0	0	0
AF	0	0.175515	2	2	0	0	0	0	0
AF	0	0.176765	1	1	0	0	0	0	0
AF	0	0.177077	2	2	0	0	0	0	0
AF	0	0.177701	1	1	0	0	0	0	0
AF	0	0.178014	2	1	1	0	0	0	0
AF	0	0.178638	3	1	2	0	0	0	0
AF	0	0.178951	3	2	1	0	0	0	0
AF	0	0.179263	1	0	1	0	0	0	0
AF	0	0.179575	2	1	1	0	0	0	0
AF	0	0.179888	1	0	1	0	0	0	0
AF	0	0.180200	1	1	0	0	0	0	0
AF	0	0.180512	3	1	2	0	0	0	0
AF	0	0.180824	3	1	2	0	0	0	0
AF	0	0.181137	1	1	0	0	0	0	0
AF	0	0.181761	4	3	1	0	0	0	0
AF	0	0.182074	5	3	2	0	0	0	0
AF	0	0.182386	6	4	2	0	0	0	0
AF	0	0.182698	3	1	2	0	0	0	0
AF	0	0.183011	2	2	0	0	0	0	0
AF	0	0.183323	1	1	0	0	0	0	0
AF	0	0.183635	1	1	0	0	0	0	0
AF	0	0.183948	1	1	0	0	0	0	0
AF	0	0.184260	1	1	0	0	0	0	0
AF	0	0.184884	1	1	0	0	0	0	0
AF	0	0.185197	3	1	2	0	0	0	0
AF	0	0.185509	1	0	1	0	0	0	0
AF	0	0.185821	2	1	1	0	0	0	0
AF	0	0.186134	2	1	1	0	0	0	0
AF	0	0.186446	1	1	0	0	0	0	0
AF	0	0.186758	1	0	1	0	0	0	0
AF	0	0.187383	2	1	1	0	0	0	0
AF	0	0.187695	4	2	2	0	0	0	0
AF	0	0.188007	4	3	1	0	0	0	0
AF	0	0.188320	3	2	1	0	0	0	0
AF	0	0.188632	2	1	1	0	0	0	0
AF	0	0.189257	2	0	2	0	0	0	0
AF	0	0.189569	2	1	1	0	0	0	0
AF	0	0.189881	8	5	3	0	0	0	0
AF	0	0.190818	1	1	0	0	0	0	0
AF	0	0.191131	1	1	0	0	0	0	0
AF	0	0.191443	1	1	0	0	0	0	0
AF	0	0.192380	1	1	0	0	0	0	0
AF	0	0.192692	2	1	1	0	0	0	0
AF	0	0.193629	1	0	1	0	0	0	0
AF	0	0.194254	1	1	0	0	0	0	0
AF	0	0.194566	1	0	1	0	0	0	0
AF	0	0.195191	1	0	1	0	0	0	0
AF	0	0.195503	1	1	0	0	0	0	0
AF	0	0.196127	1	1	0	0	0	0	0
AF	0	0.197064	2	1	1	0	0	0	0
AF	0	0.197377	2	2	0	0	0	0	0
AF	0	0.197689	1	0	1	0	0	0	0
AF	0	0.198001	1	0	1	0	0	0	0
AF	0	0.198626	2	2	0	0	0	0	0
AF	0	0.198938	4	3	1	0	0	0	0
AF	0	0.199250	1	0	1	0	0	0	0
AF	0	0.199563	1	1	0	0	0	0	0
AF	0	0.199875	5	3	2	0	0	0	0
AF	0	0.200812	1	1	0	0	0	0	0
AF	0	0.201124	11	6	5	0	0	0	0
AF	0	0.201437	4	0	4	0	0	0	0
AF	0	0.201749	2	1	1	0	0	0	0
AF	0	0.202061	2	1	1	0	0	0	0
AF	0	0.202686	2	2	0	0	0	0	0
AF	0	0.202998	2	2	0	0	0	0	0
AF	0	0.203310	1	1	0	0	0	0	0
AF	0	0.203623	3	2	1	0	0	0	0
AF	0	0.205184	3	1	2	0	0	0	0
AF	0	0.205497	2	1	1	0	0	0	0
AF	0	0.205809	1	1	0	0	0	0	0
AF	0	0.206121	2	1	1	0	0	0	0
AF	0	0.206433	3	2	1	0	0	0	0
AF	0	0.206746	2	0	2	0	0	0	0
AF	0	0.207370	1	0	1	0	0	0	0
AF	0	0.207995	2	1	1	0	0	0	0
AF	0	0.208307	1	1	0	0	0	0	0
AF	0	0.208620	1	0	1	0	0	0	0
AF	0	0.208932	1	1	0	0	0	0	0
AF	0	0.209557	1	1	0	0	0	0	0
AF	0	0.209869	1	0	1	0	0	0	0
AF	0	0.210181	1	1	0	0	0	0	0
AF	0	0.210493	3	1	2	0	0	0	0
AF	0	0.211118	1	1	0	0	0	0	0
AF	0	0.212992	2	2	0	0	0	0	0
AF	0	0.213616	1	1	0	0	0	0	0
AF	0	0.213929	1	1	0	0	0	0	0
AF	0	0.214241	13	12	1	0	0	0	0
AF	0	0.214553	2	2	0	0	0	0	0
AF	0	0.214866	3	2	1	0	0	0	0
AF	0	0.215178	1	1	0	0	0	0	0
AF	0	0.216427	1	1	0	0	0	0	0
AF	0	0.216740	6	5	1	0	0	0	0
AF	0	0.217052	2	0	2	0	0	0	0
AF	0	0.217364	2	0	2	0	0	0	0
AF	0	0.217989	3	3	0	0	0	0	0
AF	0	0.218613	1	1	0	0	0	0	0
AF	0	0.218926	7	3	4	0	0	0	0
AF	0	0.219238	11	9	2	0	0	0	0
AF	0	0.219550	1	0	1	0	0	0	0
AF	0	0.219863	2	1	1	0	0	0	0
AF	0	0.220487	5	2	3	0	0	0	0
AF	0	0.221112	1	1	0	0	0	0	0
AF	0	0.221424	1	0	1	0	0	0	0
AF	0	0.222049	1	1	0	0	0	0	0
AF	0	0.222986	1	1	0	0	0	0	0
AF	0	0.223298	1	1	0	0	0	0	0
AF	0	0.223610	1	1	0	0	0	0	0
AF	0	0.224235	1	0	1	0	0	0	0
AF	0	0.224547	2	2	0	0	0	0	0
AF	0	0.224859	2	2	0	0	0	0	0
AF	0	0.225172	1	1	0	0	0	0	0
AF	0	0.225484	4	3	1	0	0	0	0
AF	0	0.225796	5	3	2	0	0	0	0
AF	0	0.226109	2	1	1	0	0	0	0
AF	0	0.226421	5	3	2	0	0	0	0
AF	0	0.226733	1	0	1	0	0	0	0
AF	0	0.227046	3	3	0	0	0	0	0
AF	0	0.227358	1	1	0	0	0	0	0
AF	0	0.227670	4	4	0	0	0	0	0
AF	0	0.227983	1	0	1	0	0	0	0
AF	0	0.228295	1	0	1	0	0	0	0
AF	0	0.228919	1	1	0	0	0	0	0
AF	0	0.229544	3	3	0	0	0	0	0
AF	0	0.229856	1	1	0	0	0	0	0
AF	0	0.230169	3	3	0	0	0	0	0
AF	0	0.231730	1	0	1	0	0	0	0
AF	0	0.232979	1	0	1	0	0	0	0
AF	0	0.233292	1	0	1	0	0	0	0
AF	0	0.233916	1	0	1	0	0	0	0
AF	0	0.234541	1	0	1	0	0	0	0
AF	0	0.234853	3	2	1	0	0	0	0
AF	0	0.235790	2	2	0	0	0	0	0
AF	0	0.237352	1	1	0	0	0	0	0
AF	0	0.237664	1	0	1	0	0	0	0
AF	0	0.238913	1	1	0	0	0	0	0
AF	0	0.240475	2	0	2	0	0	0	0
AF	0	0.240787	1	1	0	0	0	0	0
AF	0	0.241099	2	0	2	0	0	0	0
AF	0	0.242349	1	1	0	0	0	0	0
AF	0	0.242973	1	1	0	0	0	0	0
AF	0	0.243285	1	1	0	0	0	0	0
AF	0	0.243910	4	4	0	0	0	0	0
AF	0	0.244222	12	8	4	0	0	0	0
AF	0	0.244535	4	3	1	0	0	0	0
AF	0	0.244847	5	3	2	0	0	0	0
AF	0	0.245159	12	8	4	0	0	0	0
AF	0	0.245472	2	1	1	0	0	0	0
AF	0	0.245784	4	2	2	0	0	0	0
AF	0	0.246096	1	1	0	0	0	0	0
AF	0	0.247033	1	1	0	0	0	0	0
AF	0	0.247658	2	1	1	0	0	0	0
AF	0	0.248282	1	0	1	0	0	0	0
AF	0	0.248595	2	1	1	0	0	0	0
AF	0	0.248907	2	1	1	0	0	0	0
AF	0	0.249219	1	1	0	0	0	0	0
AF	0	0.249532	2	2	0	0	0	0	0
AF	0	0.250156	2	1	1	0	0	0	0
AF	0	0.250781	1	1	0	0	0	0	0
AF	0	0.251093	5	3	2	0	0	0	0
AF	0	0.251405	6	4	2	0	0	0	0
AF	0	0.251718	3	2	1	0	0	0	0
AF	0	0.252030	6	4	2	0	0	0	0
AF	0	0.254216	2	2	0	0	0	0	0
AF	0	0.254528	1	0	1	0	0	0	0
AF	0	0.255153	1	1	0	0	0	0	0
AF	0	0.255778	3	3	0	0	0	0	0
AF	0	0.256090	2	2	0	0	0	0	0
AF	0	0.256402	1	0	1	0	0	0	0
AF	0	0.257027	2	2	0	0	0	0	0
AF	0	0.257339	1	1	0	0	0	0	0
AF	0	0.257651	2	2	0	0	0	0	0
AF	0	0.261087	1	1	0	0	0	0	0
AF	0	0.261399	1	1	0	0	0	0	0
AF	0	0.264522	1	0	1	0	0	0	0
AF	0	0.267021	1	1	0	0	0	0	0
AF	0	0.267333	1	1	0	0	0	0	0
AF	0	0.267645	3	3	0	0	0	0	0
AF	0	0.270144	5	1	4	0	0	0	0
AF	0	0.270768	1	1	0	0	0	0	0
AF	0	0.271081	2	1	1	0	0	0	0
AF	0	0.271393	3	1	2	0	0	0	0
AF	0	0.271705	1	1	0	0	0	0	0
AF	0	0.272017	1	0	1	0	0	0	0
AF	0	0.272330	1	1	0	0	0	0	0
AF	0	0.272642	3	2	1	0	0	0	0
AF	0	0.273579	1	1	0	0	0	0	0
AF	0	0.274516	3	3	0	0	0	0	0
AF	0	0.274828	1	1	0	0	0	0	0
AF	0	0.276077	1	1	0	0	0	0	0
AF	0	0.276390	2	1	1	0	0	0	0
AF	0	0.277639	2	1	1	0	0	0	0
AF	0	0.278264	3	3	0	0	0	0	0
AF	0	0.279200	6	1	5	0	0	0	0
AF	0	0.279513	4	1	3	0	0	0	0
AF	0	0.280137	4	2	2	0	0	0	0
AF	0	0.280450	2	1	1	0	0	0	0
AF	0	0.280762	1	0	1	0	0	0	0
AF	0	0.281387	3	2	1	0	0	0	0
AF	0	0.281699	2	2	0	0	0	0	0
AF	0	0.282011	1	1	0	0	0	0	0
AF	0	0.282948	1	0	1	0	0	0	0
AF	0	0.283260	2	0	2	0	0	0	0
AF	0	0.283885	1	0	1	0	0	0	0
AF	0	0.284197	1	0	1	0	0	0	0
AF	0	0.284510	4	3	1	0	0	0	0
AF	0	0.284822	3	3	0	0	0	0	0
AF	0	0.285134	1	0	1	0	0	0	0
AF	0	0.287320	3	2	1	0	0	0	0
AF	0	0.287633	1	1	0	0	0	0	0
AF	0	0.287945	1	1	0	0	0	0	0
AF	0	0.288570	2	2	0	0	0	0	0
AF	0	0.289819	1	1	0	0	0	0	0
AF	0	0.290131	4	3	1	0	0	0	0
AF	0	0.290443	1	1	0	0	0	0	0
AF	0	0.290756	2	2	0	0	0	0	0
AF	0	0.291380	3	2	1	0	0	0	0
AF	0	0.292005	2	2	0	0	0	0	0
AF	0	0.292317	1	1	0	0	0	0	0
AF	0	0.292630	3	2	1	0	0	0	0
AF	0	0.292942	1	0	1	0	0	0	0
AF	0	0.294816	1	1	0	0	0	0	0
AF	0	0.295128	1	0	1	0	0	0	0
AF	0	0.295440	5	2	3	0	0	0	0
AF	0	0.295753	1	1	0	0	0	0	0
AF	0	0.296065	1	0	1	0	0	0	0
AF	0	0.296690	1	0	1	0	0	0	0
AF	0	0.298251	1	0	1	0	0	0	0
AF	0	0.298876	1	0	1	0	0	0	0
AF	0	0.299188	1	0	1	0	0	0	0
AF	0	0.299500	2	2	0	0	0	0	0
AF	0	0.300125	1	1	0	0	0	0	0
AF	0	0.300437	1	0	1	0	0	0	0
AF	0	0.300750	4	3	1	0	0	0	0
AF	0	0.301062	2	1	1	0	0	0	0
AF	0	0.301374	1	1	0	0	0	0	0
AF	0	0.301999	1	1	0	0	0	0	0
AF	0	0.302623	2	2	0	0	0	0	0
AF	0	0.302936	1	0	1	0	0	0	0
AF	0	0.303248	5	5	0	0	0	0	0
AF	0	0.303560	5	4	1	0	0	0	0
AF	0	0.303873	2	0	2	0	0	0	0
AF	0	0.304497	2	1	1	0	0	0	0
AF	0	0.304809	2	2	0	0	0	0	0
AF	0	0.305122	1	1	0	0	0	0	0
AF	0	0.306059	1	0	1	0	0	0	0
AF	0	0.306683	1	0	1	0	0	0	0
AF	0	0.306996	1	0	1	0	0	0	0
AF	0	0.307308	1	0	1	0	0	0	0
AF	0	0.307620	1	1	0	0	0	0	0
AF	0	0.308869	1	1	0	0	0	0	0
AF	0	0.309182	1	1	0	0	0	0	0
AF	0	0.310119	1	1	0	0	0	0	0
AF	0	0.311056	1	0	1	0	0	0	0
AF	0	0.311368	1	0	1	0	0	0	0
AF	0	0.311993	1	1	0	0	0	0	0
AF	0	0.313866	1	1	0	0	0	0	0
AF	0	0.314491	1	1	0	0	0	0	0
AF	0	0.314803	2	1	1	0	0	0	0
AF	0	0.315740	2	1	1	0	0	0	0
AF	0	0.316052	1	1	0	0	0	0	0
AF	0	0.316365	1	1	0	0	0	0	0
AF	0	0.317926	1	1	0	0	0	0	0
AF	0	0.318239	3	2	1	0	0	0	0
AF	0	0.318551	1	0	1	0	0	0	0
AF	0	0.318863	3	2	1	0	0	0	0
AF	0	0.319176	2	1	1	0	0	0	0
AF	0	0.319488	2	2	0	0	0	0	0
AF	0	0.319800	1	0	1	0	0	0	0
AF	0	0.320112	4	3	1	0	0	0	0
AF	0	0.321362	6	4	2	0	0	0	0
AF	0	0.321674	2	1	1	0	0	0	0
AF	0	0.321986	6	4	2	0	0	0	0
AF	0	0.322299	1	0	1	0	0	0	0
AF	0	0.322611	3	2	1	0	0	0	0
AF	0	0.322923	1	0	1	0	0	0	0
AF	0	0.323235	2	2	0	0	0	0	0
AF	0	0.323548	2	1	1	0	0	0	0
AF	0	0.323860	3	3	0	0	0	0	0
AF	0	0.324172	1	0	1	0	0	0	0
AF	0	0.324485	2	2	0	0	0	0	0
AF	0	0.324797	5	3	2	0	0	0	0
AF	0	0.325109	10	8	2	0	0	0	0
AF	0	0.325422	3	2	1	0	0	0	0
AF	0	0.325734	2	1	1	0	0	0	0
AF	0	0.326046	1	1	0	0	0	0	0
AF	0	0.326359	2	1	1	0	0	0	0
AF	0	0.326983	3	2	1	0	0	0	0
AF	0	0.327608	4	4	0	0	0	0	0
AF	0	0.327920	3	3	0	0	0	0	0
AF	0	0.328232	10	4	6	0	0	0	0
AF	0	0.328857	1	1	0	0	0	0	0
AF	0	0.329169	1	1	0	0	0	0	0
AF	0	0.329482	1	0	1	0	0	0	0
AF	0	0.330106	1	1	0	0	0	0	0
AF	0	0.332292	1	1	0	0	0	0	0
AF	0	0.332605	7	5	2	0	0	0	0
AF	0	0.332917	1	1	0	0	0	0	0
AF	0	0.333229	4	1	3	0	0	0	0
AF	0	0.333542	2	2	0	0	0	0	0
AF	0	0.334478	1	1	0	0	0	0	0
AF	0	0.334791	3	1	2	0	0	0	0
AF	0	0.335103	1	1	0	0	0	0	0
AF	0	0.335415	5	4	1	0	0	0	0
AF	0	0.335728	2	2	0	0	0	0	0
AF	0	0.336040	1	0	1	0	0	0	0
AF	0	0.336352	2	1	1	0	0	0	0
AF	0	0.338538	3	3	0	0	0	0	0
AF	0	0.338851	1	1	0	0	0	0	0
AF	0	0.339163	3	2	1	0	0	0	0
AF	0	0.339788	1	1	0	0	0	0	0
AF	0	0.340100	3	2	1	0	0	0	0
AF	0	0.340412	1	1	0	0	0	0	0
AF	0	0.340725	2	1	1	0	0	0	0
AF	0	0.341037	6	2	4	0	0	0	0
AF	0	0.341349	1	1	0	0	0	0	0
AF	0	0.341661	32	20	12	0	0	0	0
AF	0	0.341974	28	17	11	0	0	0	0
AF	0	0.342286	67	50	17	0	0	0	0
AF	0	0.342598	18	14	4	0	0	0	0
AF	0	0.342911	3	3	0	0	0	0	0
AF	0	0.343223	2	1	1	0	0	0	0
AF	0	0.343535	2	2	0	0	0	0	0
AF	0	0.343848	1	0	1	0	0	0	0
AF	0	0.344160	1	1	0	0	0	0	0
AF	0	0.344472	3	3	0	0	0	0	0
AF	0	0.344785	4	3	1	0	0	0	0
AF	0	0.345097	3	2	1	0	0	0	0
AF	0	0.345409	2	1	1	0	0	0	0
AF	0	0.346658	4	2	2	0	0	0	0
AF	0	0.346971	2	1	1	0	0	0	0
AF	0	0.347283	1	0	1	0	0	0	0
AF	0	0.347908	2	1	1	0	0	0	0
AF	0	0.348220	2	2	0	0	0	0	0
AF	0	0.348532	1	0	1	0	0	0	0
AF	0	0.349469	2	2	0	0	0	0	0
AF	0	0.350406	1	1	0	0	0	0	0
AF	0	0.352280	1	0	1	0	0	0	0
AF	0	0.352904	1	1	0	0	0	0	0
AF	0	0.353217	1	1	0	0	0	0	0
AF	0	0.356027	1	1	0	0	0	0	0
AF	0	0.356964	1	1	0	0	0	0	0
AF	0	0.357589	1	1	0	0	0	0	0
AF	0	0.359463	1	0	1	0	0	0	0
AF	0	0.360087	1	1	0	0	0	0	0
AF	0	0.360712	1	1	0	0	0	0	0
AF	0	0.361024	1	1	0	0	0	0	0
AF	0	0.361337	1	1	0	0	0	0	0
AF	0	0.361649	2	1	1	0	0	0	0
AF	0	0.361961	1	1	0	0	0	0	0
AF	0	0.362586	1	1	0	0	0	0	0
AF	0	0.363523	2	1	1	0	0	0	0
AF	0	0.363835	1	1	0	0	0	0	0
AF	0	0.364147	1	1	0	0	0	0	0
AF	0	0.364460	1	0	1	0	0	0	0
AF	0	0.364772	8	6	2	0	0	0	0
AF	0	0.365084	1	0	1	0	0	0	0
AF	0	0.366021	3	3	0	0	0	0	0
AF	0	0.366646	3	2	1	0	0	0	0
AF	0	0.366958	1	1	0	0	0	0	0
AF	0	0.369144	2	0	2	0	0	0	0
AF	0	0.369457	2	1	1	0	0	0	0
AF	0	0.369769	3	3	0	0	0	0	0
AF	0	0.370081	1	0	1	0	0	0	0
AF	0	0.370394	3	2	1	0	0	0	0
AF	0	0.371018	2	1	1	0	0	0	0
AF	0	0.371330	1	0	1	0	0	0	0
AF	0	0.371955	1	0	1	0	0	0	0
AF	0	0.372580	1	1	0	0	0	0	0
AF	0	0.373517	1	0	1	0	0	0	0
AF	0	0.374141	1	1	0	0	0	0	0
AF	0	0.374453	1	1	0	0	0	0	0
AF	0	0.374766	2	2	0	0	0	0	0
AF	0	0.375703	1	1	0	0	0	0	0
AF	0	0.376327	3	0	3	0	0	0	0
AF	0	0.376640	1	1	0	0	0	0	0
AF	0	0.377264	2	2	0	0	0	0	0
AF	0	0.377889	4	4	0	0	0	0	0
AF	0	0.378513	1	1	0	0	0	0	0
AF	0	0.379763	2	2	0	0	0	0	0
AF	0	0.380075	2	0	2	0	0	0	0
AF	0	0.381012	1	1	0	0	0	0	0
AF	0	0.381324	1	0	1	0	0	0	0
AF	0	0.381636	1	1	0	0	0	0	0
AF	0	0.381949	1	0	1	0	0	0	0
AF	0	0.382261	1	0	1	0	0	0	0
AF	0	0.382573	1	0	1	0	0	0	0
AF	0	0.382886	2	2	0	0	0	0	0
AF	0	0.383823	1	0	1	0	0	0	0
AF	0	0.385072	2	1	1	0	0	0	0
AF	0	0.385384	3	3	0	0	0	0	0
AF	0	0.386009	1	1	0	0	0	0	0
AF	0	0.386321	1	0	1	0	0	0	0
AF	0	0.386633	2	2	0	0	0	0	0
AF	0	0.386946	2	2	0	0	0	0	0
AF	0	0.387258	2	2	0	0	0	0	0
AF	0	0.387570	1	1	0	0	0	0	0
AF	0	0.387883	3	2	1	0	0	0	0
AF	0	0.389132	4	4	0	0	0	0	0
AF	0	0.389444	2	2	0	0	0	0	0
AF	0	0.389756	1	1	0	0	0	0	0
AF	0	0.391006	2	2	0	0	0	0	0
AF	0	0.391318	1	0	1	0	0	0	0
AF	0	0.391630	3	2	1	0	0	0	0
AF	0	0.391943	1	0	1	0	0	0	0
AF	0	0.392255	1	1	0	0	0	0	0
AF	0	0.393816	1	0	1	0	0	0	0
AF	0	0.394129	2	0	2	0	0	0	0
AF	0	0.396627	1	0	1	0	0	0	0
AF	0	0.399126	2	2	0	0	0	0	0
AF	0	0.399438	1	1	0	0	0	0	0
AF	0	0.399750	1	1	0	0	0	0	0
AF	0	0.400062	1	1	0	0	0	0	0
AF	0	0.400687	1	1	0	0	0	0	0
AF	0	0.400999	2	1	1	0	0	0	0
AF	0	0.403498	1	1	0	0	0	0	0
AF	0	0.404747	2	1	1	0	0	0	0
AF	0	0.407245	1	1	0	0	0	0	0
AF	0	0.407558	4	2	2	0	0	0	0
AF	0	0.407870	8	4	4	0	0	0	0
AF	0	0.408182	6	3	3	0	0	0	0
AF	0	0.408495	3	3	0	0	0	0	0
AF	0	0.409119	1	1	0	0	0	0	0
AF	0	0.410369	1	1	0	0	0	0	0
AF	0	0.410993	3	1	2	0	0	0	0
AF	0	0.411305	2	2	0	0	0	0	0
AF	0	0.411618	1	0	1	0	0	0	0
AF	0	0.412242	1	0	1	0	0	0	0
AF	0	0.413804	2	0	2	0	0	0	0
AF	0	0.414116	4	2	2	0	0	0	0
AF	0	0.415678	1	0	1	0	0	0	0
AF	0	0.416615	1	1	0	0	0	0	0
AF	0	0.417552	1	1	0	0	0	0	0
AF	0	0.420362	1	0	1	0	0	0	0
AF	0	0.421611	1	1	0	0	0	0	0
AF	0	0.422236	1	1	0	0	0	0	0
AF	0	0.423485	1	1	0	0	0	0	0
AF	0	0.423798	1	0	1	0	0	0	0
AF	0	0.424110	1	1	0	0	0	0	0
AF	0	0.425047	1	1	0	0	0	0	0
AF	0	0.425984	1	0	1	0	0	0	0
AF	0	0.426608	3	2	1	0	0	0	0
AF	0	0.428795	1	1	0	0	0	0	0
AF	0	0.430044	1	1	0	0	0	0	0
AF	0	0.430981	3	2	1	0	0	0	0
AF	0	0.431293	2	2	0	0	0	0	0
AF	0	0.431605	2	0	2	0	0	0	0
AF	0	0.431918	1	1	0	0	0	0	0
AF	0	0.435041	1	0	1	0	0	0	0
AF	0	0.435978	1	1	0	0	0	0	0
AF	0	0.436602	3	2	1	0	0	0	0
AF	0	0.437539	1	1	0	0	0	0	0
AF	0	0.437851	2	0	2	0	0	0	0
AF	0	0.438164	1	0	1	0	0	0	0
AF	0	0.438476	1	1	0	0	0	0	0
AF	0	0.439101	1	1	0	0	0	0	0
AF	0	0.439725	1	0	1	0	0	0	0
AF	0	0.440350	1	1	0	0	0	0	0
AF	0	0.440974	1	1	0	0	0	0	0
AF	0	0.441599	1	1	0	0	0	0	0
AF	0	0.442224	2	0	2	0	0	0	0
AF	0	0.443473	1	0	1	0	0	0	0
AF	0	0.446596	1	1	0	0	0	0	0
AF	0	0.447533	2	2	0	0	0	0	0
AF	0	0.448157	4	4	0	0	0	0	0
AF	0	0.448470	1	1	0	0	0	0	0
AF	0	0.448782	1	1	0	0	0	0	0
AF	0	0.450656	3	2	1	0	0	0	0
AF	0	0.452530	1	1	0	0	0	0	0
AF	0	0.453154	2	2	0	0	0	0	0
AF	0	0.453467	2	1	1	0	0	0	0
AF	0	0.453779	1	0	1	0	0	0	0
AF	0	0.455653	1	1	0	0	0	0	0
AF	0	0.464397	1	0	1	0	0	0	0
AF	0	0.465959	1	1	0	0	0	0	0
AF	0	0.466271	1	1	0	0	0	0	0
AF	0	0.467520	2	2	0	0	0	0	0
AF	0	0.467833	1	0	1	0	0	0	0
AF	0	0.468457	2	0	2	0	0	0	0
AF	0	0.468770	4	3	1	0	0	0	0
AF	0	0.469082	1	1	0	0	0	0	0
AF	0	0.469706	1	1	0	0	0	0	0
AF	0	0.471268	1	1	0	0	0	0	0
AF	0	0.472517	1	1	0	0	0	0	0
AF	0	0.473766	2	1	1	0	0	0	0
AF	0	0.474079	1	1	0	0	0	0	0
AF	0	0.474703	1	1	0	0	0	0	0
AF	0	0.475953	1	1	0	0	0	0	0
AF	0	0.477202	1	1	0	0	0	0	0
AF	0	0.477826	1	1	0	0	0	0	0
AF	0	0.478139	2	1	1	0	0	0	0
AF	0	0.479076	1	1	0	0	0	0	0
AF	0	0.479388	2	1	1	0	0	0	0
AF	0	0.479700	2	2	0	0	0	0	0
AF	0	0.480012	1	1	0	0	0	0	0
AF	0	0.480325	1	0	1	0	0	0	0
AF	0	0.480637	2	2	0	0	0	0	0
AF	0	0.480949	1	1	0	0	0	0	0
AF	0	0.481574	1	1	0	0	0	0	0
AF	0	0.481886	1	1	0	0	0	0	0
AF	0	0.482199	1	1	0	0	0	0	0
AF	0	0.482511	2	1	1	0	0	0	0
AF	0	0.483448	1	1	0	0	0	0	0
AF	0	0.483760	1	1	0	0	0	0	0
AF	0	0.485946	1	1	0	0	0	0	0
AF	0	0.487508	1	0	1	0	0	0	0
AF	0	0.491255	1	1	0	0	0	0	0
AF	0	0.492505	2	1	1	0	0	0	0
AF	0	0.493754	1	1	0	0	0	0	0
AF	0	0.494691	1	1	0	0	0	0	0
AF	0	0.495003	1	1	0	0	0	0	0
AF	0	0.495628	1	0	1	0	0	0	0
AF	0	0.496565	1	1	0	0	0	0	0
AF	0	0.496877	1	1	0	0	0	0	0
AF	0	0.498126	1	1	0	0	0	0	0
AF	0	0.498438	1	1	0	0	0	0	0
AF	0	0.503123	1	1	0	0	0	0	0
AF	0	0.508745	1	1	0	0	0	0	0
AF	0	0.511555	1	1	0	0	0	0	0
AF	0	0.518738	1	1	0	0	0	0	0
AF	0	0.521237	1	1	0	0	0	0	0
AF	0	0.523735	1	1	0	0	0	0	0
AF	0	0.525609	1	1	0	0	0	0	0
AF	0	0.531855	1	0	1	0	0	0	0
AF	0	0.536852	1	1	0	0	0	0	0
AF	0	0.540600	2	1	1	0	0	0	0
AF	0	0.550281	1	1	0	0	0	0	0
AF	0	0.552780	1	1	0	0	0	0	0
AF	0	0.553092	1	1	0	0	0	0	0
AF	0	0.557152	1	1	0	0	0	0	0
AF	0	0.558089	1	0	1	0	0	0	0
AF	0	0.559650	1	0	1	0	0	0	0
AF	0	0.561524	2	2	0	0	0	0	0
AF	0	0.561836	1	1	0	0	0	0	0
AF	0	0.562149	1	1	0	0	0	0	0
AF	0	0.562461	1	1	0	0	0	0	0
AF	0	0.565272	1	1	0	0	0	0	0
AF	0	0.567458	1	1	0	0	0	0	0
AF	0	0.570893	2	1	1	0	0	0	0
AF	0	0.573079	1	1	0	0	0	0	0
AF	0	0.577764	1	1	0	0	0	0	0
AF	0	0.582761	1	1	0	0	0	0	0
AF	0	0.584322	1	0	1	0	0	0	0
AF	0	0.587758	1	1	0	0	0	0	0
AF	0	0.589007	1	1	0	0	0	0	0
AF	0	0.589631	1	1	0	0	0	0	0
AF	0	0.591193	1	1	0	0	0	0	0
AF	0	0.592130	4	4	0	0	0	0	0
AF	0	0.593067	1	1	0	0	0	0	0
AF	0	0.596502	1	1	0	0	0	0	0
AF	0	0.597127	1	1	0	0	0	0	0
AF	0	0.600562	1	0	1	0	0	0	0
AF	0	0.601811	1	1	0	0	0	0	0
AF	0	0.603998	3	2	1	0	0	0	0
AF	0	0.605559	1	0	1	0	0	0	0
AF	0	0.605871	1	1	0	0	0	0	0
AF	0	0.606496	1	1	0	0	0	0	0
AF	0	0.609619	2	1	1	0	0	0	0
AF	0	0.611493	1	0	1	0	0	0	0
AF	0	0.616490	2	2	0	0	0	0	0
AF	0	0.620237	1	1	0	0	0	0	0
AF	0	0.622111	1	1	0	0	0	0	0
AF	0	0.626483	2	2	0	0	0	0	0
AF	0	0.626796	1	1	0	0	0	0	0
AF	0	0.627108	1	1	0	0	0	0	0
AF	0	0.629294	1	1	0	0	0	0	0
AF	0	0.629606	1	1	0	0	0	0	0
AF	0	0.629919	3	2	1	0	0	0	0
AF	0	0.630231	7	7	0	0	0	0	0
AF	0	0.630543	5	3	2	0	0	0	0
AF	0	0.630856	2	1	1	0	0	0	0
AF	0	0.631168	1	1	0	0	0	0	0
AF	0	0.632105	1	0	1	0	0	0	0
AF	0	0.633042	1	0	1	0	0	0	0
AF	0	0.633354	3	3	0	0	0	0	0
AF	0	0.633979	1	1	0	0	0	0	0
AF	0	0.635228	1	1	0	0	0	0	0
AF	0	0.637726	1	0	1	0	0	0	0
AF	0	0.638039	1	1	0	0	0	0	0
AF	0	0.638351	5	4	1	0	0	0	0
AF	0	0.638663	1	1	0	0	0	0	0
AF	0	0.640537	1	0	1	0	0	0	0
AF	0	0.640849	1	1	0	0	0	0	0
AF	0	0.641162	1	1	0	0	0	0	0
AF	0	0.643348	1	0	1	0	0	0	0
AF	0	0.643660	1	1	0	0	0	0	0
AF	0	0.643973	2	1	1	0	0	0	0
AF	0	0.644285	1	1	0	0	0	0	0
AF	0	0.644597	2	2	0	0	0	0	0
AF	0	0.644909	1	1	0	0	0	0	0
AF	0	0.648657	1	1	0	0	0	0	0
AF	0	0.649906	1	0	1	0	0	0	0
AF	0	0.652092	1	1	0	0	0	0	0
AF	0	0.652717	1	0	1	0	0	0	0
AF	0	0.658339	1	0	1	0	0	0	0
AF	0	0.658963	1	1	0	0	0	0	0
AF	0	0.659588	1	1	0	0	0	0	0
AF	0	0.660212	1	1	0	0	0	0	0
AF	0	0.660525	1	0	1	0	0	0	0
AF	0	0.661149	1	1	0	0	0	0	0
AF	0	0.662399	4	3	1	0	0	0	0
AF	0	0.664585	1	0	1	0	0	0	0
AF	0	0.666146	1	1	0	0	0	0	0
AF	0	0.666458	1	0	1	0	0	0	0
AF	0	0.666771	2	2	0	0	0	0	0
AF	0	0.668645	2	2	0	0	0	0	0
AF	0	0.672392	1	1	0	0	0	0	0
AF	0	0.673329	1	1	0	0	0	0	0
AF	0	0.674891	2	1	1	0	0	0	0
AF	0	0.676140	2	2	0	0	0	0	0
AF	0	0.677077	1	1	0	0	0	0	0
AF	0	0.677389	1	0	1	0	0	0	0
AF	0	0.679888	1	1	0	0	0	0	0
AF	0	0.680512	4	2	2	0	0	0	0
AF	0	0.680824	5	2	3	0	0	0	0
AF	0	0.681137	1	0	1	0	0	0	0
AF	0	0.681449	1	0	1	0	0	0	0
AF	0	0.684572	3	2	1	0	0	0	0
AF	0	0.684884	1	1	0	0	0	0	0
AF	0	0.685509	1	0	1	0	0	0	0
AF	0	0.687383	1	0	1	0	0	0	0
AF	0	0.688944	1	0	1	0	0	0	0
AF	0	0.689257	1	0	1	0	0	0	0
AF	0	0.692692	1	1	0	0	0	0	0
AF	0	0.693317	1	0	1	0	0	0	0
AF	0	0.696440	1	1	0	0	0	0	0
AF	0	0.699250	1	1	0	0	0	0	0
AF	0	0.700187	1	0	1	0	0	0	0
AF	0	0.701124	1	1	0	0	0	0	0
AF	0	0.701437	1	1	0	0	0	0	0
AF	0	0.704247	1	1	0	0	0	0	0
AF	0	0.704872	1	1	0	0	0	0	0
AF	0	0.709244	1	1	0	0	0	0	0
AF	0	0.709557	1	0	1	0	0	0	0
AF	0	0.709869	5	3	2	0	0	0	0
AF	0	0.710181	3	3	0	0	0	0	0
AF	0	0.710493	5	3	2	0	0	0	0
AF	0	0.711118	2	1	1	0	0	0	0
AF	0	0.712055	1	0	1	0	0	0	0
AF	0	0.713304	2	2	0	0	0	0	0
AF	0	0.713616	4	3	1	0	0	0	0
AF	0	0.713929	4	3	1	0	0	0	0
AF	0	0.714241	2	2	0	0	0	0	0
AF	0	0.714553	1	1	0	0	0	0	0
AF	0	0.715490	1	1	0	0	0	0	0
AF	0	0.716427	1	1	0	0	0	0	0
AF	0	0.719863	1	1	0	0	0	0	0
AF	0	0.720175	2	2	0	0	0	0	0
AF	0	0.722361	1	1	0	0	0	0	0
AF	0	0.724235	1	1	0	0	0	0	0
AF	0	0.725172	1	0	1	0	0	0	0
AF	0	0.725484	1	1	0	0	0	0	0
AF	0	0.726109	2	1	1	0	0	0	0
AF	0	0.728295	1	1	0	0	0	0	0
AF	0	0.729856	1	1	0	0	0	0	0
AF	0	0.732355	1	1	0	0	0	0	0
AF	0	0.734229	1	1	0	0	0	0	0
AF	0	0.735478	1	0	1	0	0	0	0
AF	0	0.737664	1	1	0	0	0	0	0
AF	0	0.742973	2	2	0	0	0	0	0
AF	0	0.746721	1	1	0	0	0	0	0
AF	0	0.747033	1	1	0	0	0	0	0
AF	0	0.754216	1	1	0	0	0	0	0
AF	0	0.754528	1	0	1	0	0	0	0
AF	0	0.756090	1	0	1	0	0	0	0
AF	0	0.757964	1	1	0	0	0	0	0
AF	0	0.759838	1	1	0	0	0	0	0
AF	0	0.761711	1	1	0	0	0	0	0
AF	0	0.763585	1	1	0	0	0	0	0
AF	0	0.765459	1	0	1	0	0	0	0
AF	0	0.765771	1	0	1	0	0	0	0
AF	0	0.766084	3	3	0	0	0	0	0
AF	0	0.767021	2	1	1	0	0	0	0
AF	0	0.775453	2	1	1	0	0	0	0
AF	0	0.775765	1	0	1	0	0	0	0
AF	0	0.778264	1	0	1	0	0	0	0
AF	0	0.780762	1	1	0	0	0	0	0
AF	0	0.787633	1	0	1	0	0	0	0
AF	0	0.788257	1	1	0	0	0	0	0
AF	0	0.790756	1	1	0	0	0	0	0
AF	0	0.797939	1	1	0	0	0	0	0
AF	0	0.798251	1	1	0	0	0	0	0
AF	0	0.798876	1	1	0	0	0	0	0
AF	0	0.800437	1	1	0	0	0	0	0
AF	0	0.801999	2	0	2	0	0	0	0
AF	0	0.802311	1	0	1	0	0	0	0
AF	0	0.803248	1	1	0	0	0	0	0
AF	0	0.806996	1	1	0	0	0	0	0
AF	0	0.807620	1	1	0	0	0	0	0
AF	0	0.807933	1	1	0	0	0	0	0
AF	0	0.808245	1	1	0	0	0	0	0
AF	0	0.809806	1	1	0	0	0	0	0
AF	0	0.811368	1	0	1	0	0	0	0
AF	0	0.812617	2	1	1	0	0	0	0
AF	0	0.813242	1	1	0	0	0	0	0
AF	0	0.814179	1	0	1	0	0	0	0
AF	0	0.815428	1	1	0	0	0	0	0
AF	0	0.815740	1	1	0	0	0	0	0
AF	0	0.816365	1	1	0	0	0	0	0
AF	0	0.819800	1	1	0	0	0	0	0
AF	0	0.820112	1	1	0	0	0	0	0
AF	0	0.824485	1	1	0	0	0	0	0
AF	0	0.826359	1	1	0	0	0	0	0
AF	0	0.828857	1	1	0	0	0	0	0
AF	0	0.831980	1	1	0	0	0	0	0
AF	0	0.845097	1	1	0	0	0	0	0
AF	0	0.846658	1	0	1	0	0	0	0
AF	0	0.866334	1	1	0	0	0	0	0
AF	0	0.868520	1	0	1	0	0	0	0
AF	0	0.871330	1	1	0	0	0	0	0
AF	0	0.871643	1	0	1	0	0	0	0
AF	0	0.871955	2	2	0	0	0	0	0
AF	0	0.872267	1	1	0	0	0	0	0
AF	0	0.872580	1	1	0	0	0	0	0
AF	0	0.873517	1	1	0	0	0	0	0
AF	0	0.873829	1	1	0	0	0	0	0
AF	0	0.874453	1	1	0	0	0	0	0
AF	0	0.876327	1	1	0	0	0	0	0
AF	0	0.876640	1	1	0	0	0	0	0
AF	0	0.877577	1	1	0	0	0	0	0
AF	0	0.878201	1	0	1	0	0	0	0
AF	0	0.878826	1	1	0	0	0	0	0
AF	0	0.883823	1	0	1	0	0	0	0
AF	0	0.896002	1	1	0	0	0	0	0
AF	0	0.896315	1	0	1	0	0	0	0
AF	0	0.896627	1	0	1	0	0	0	0
AF	0	0.898189	1	1	0	0	0	0	0
AF	0	0.899126	1	1	0	0	0	0	0
AF	0	0.899750	1	1	0	0	0	0	0
AF	0	0.900062	2	1	1	0	0	0	0
AF	0	0.900375	2	0	2	0	0	0	0
AF	0	0.905059	1	1	0	0	0	0	0
AF	0	0.905372	1	1	0	0	0	0	0
AF	0	0.908807	1	1	0	0	0	0	0
AF	0	0.909119	3	3	0	0	0	0	0
AF	0	0.909744	1	0	1	0	0	0	0
AF	0	0.924735	1	0	1	0	0	0	0
AF	0	0.925359	1	0	1	0	0	0	0
AF	0	0.938476	1	1	0	0	0	0	0
AF	0	0.940037	1	0	1	0	0	0	0
AF	0	0.945034	1	1	0	0	0	0	0
AF	0	0.951593	1	1	0	0	0	0	0
AF	0	0.957839	1	1	0	0	0	0	0
AF	0	0.960025	1	1	0	0	0	0	0
AF	0	0.967833	1	1	0	0	0	0	0
AF	0	0.968770	1	1	0	0	0	0	0
AF	0	0.970331	1	1	0	0	0	0	0
AF	0	0.982823	1	1	0	0	0	0	0
AF	0	0.983448	1	1	0	0	0	0	0
AF	0	0.983760	2	1	1	0	0	0	0
AF	0	0.984697	1	1	0	0	0	0	0
AF	0	0.990631	1	1	0	0	0	0	0
AF	0	0.991880	1	1	0	0	0	0	0
AF	0	0.992192	1	1	0	0	0	0	0
AF	0	0.992505	1	1	0	0	0	0	0
AF	0	0.992817	1	1	0	0	0	0	0
AF	0	0.995003	1	0	1	0	0	0	0
AF	0	0.995940	1	0	1	0	0	0	0
AF	0	0.996565	1	0	1	0	0	0	0
AF	0	0.996877	1	1	0	0	0	0	0
AF	0	0.997502	1	1	0	0	0	0	0
AF	0	0.998126	2	2	0	0	0	0	0
AF	0	0.998438	4	3	1	0	0	0	0
AF	0	0.998751	1	1	0	0	0	0	0
AF	0	0.999063	1	1	0	0	0	0	0
# QUAL, Stats by quality
# QUAL	[2]id	[3]Quality	[4]number of SNPs	[5]number of transitions (1st ALT)	[6]number of transversions (1st ALT)	[7]number of indels
QUAL	0	.	15138	10250	4888	0
# IDD, InDel distribution:
# IDD	[2]id	[3]length (deletions negative)	[4]number of sites	[5]number of genotypes	[6]mean VAF
# ST, Substitution types:
# ST	[2]id	[3]type	[4]count
ST	0	A>C	518
ST	0	A>G	2235
ST	0	A>T	639
ST	0	C>A	728
ST	0	C>G	617
ST	0	C>T	2915
ST	0	G>A	3027
ST	0	G>C	580
ST	0	G>T	726
ST	0	T>A	559
ST	0	T>C	2073
ST	0	T>G	521
# DP, Depth distribution
# DP	[2]id	[3]bin	[4]number of genotypes	[5]fraction of genotypes (%)	[6]number of sites	[7]fraction of sites (%)
  - Fix haploid genotypes in males...

Submit MakeDiploidMalesX finished successfully. Let's have a beer, buddy!

