Submit MakeDiploidMalesX
version 1.1.6 (2024-09-30)

These are the settings:
  Input file................: /hpc/local/Rocky8/dhl_ec/software/MonopogenLite/resources/1kGP_high_coverage_Illumina.SNVonly_poly.filtered_AF_5e-04.norm.fixvariantid.chrX.vcf.gz
  Output file...............: /hpc/local/Rocky8/dhl_ec/software/MonopogenLite/resources/1kGP_high_coverage_Illumina.SNVonly_poly.filtered_AF_5e-04.norm.fixvariantid.makediploid.chrX.vcf.gz
  Chunk size................: 100

  SLURM CPUs................: 4
  SLURM Array ID............: 96 (of 100)
  SLURM memory..............: 16G
  SLURM time................: 01:00:00
  SLURM mail type...........: FAIL
  SLURM mail user...........: s.w.vanderlaan-2@umcutrecht.nl

  Dry run mode..............: 0
  Debug mode................: 1
  Verbosity.................: 0
  Version...................: 1.1.6 (2024-09-30)

Making converting haploid genotypes to diploid genotypes.
> Extract the region for this SLURM task (# 96) from the BED file.
  - Get the chunk number from the SLURM array task ID and the bed file...
DEBUG: Extracting chunk number: 96p from 96
DEBUG: Extracting region from BED file: /hpc/local/Rocky8/dhl_ec/software/MonopogenLite/resources/chrX_100pieces.bed
  - Extract the region from the BED file...
DEBUG: Extracted raw region: 'chrX	148238761	149799168' (chunk #: 96p of 100 for job 96)
  - Check if a valid region was extracted -- should be 'chrX	148238761	149799168'...
  - Prepare the region for bcftools...
  - Check if the region (chrX:148238761-149799168) was successfully extracted...
> Processing region 'chrX:148238761-149799168'...
  - Process the specific region (chunk# 96) using bcftools view...
  - Index the VCF file...
DEBUG: Check if the VCF file was successfully processed...
##fileformat=VCFv4.2
##FILTER=<ID=PASS,Description="All filters passed">
##fileDate=29/01/2022 - 14:31:41
##source=shapeit4.2.2
##contig=<ID=chr1,length=248956422>
##contig=<ID=chr2,length=242193529>
##contig=<ID=chr3,length=198295559>
##contig=<ID=chr4,length=190214555>
##contig=<ID=chr5,length=181538259>
##contig=<ID=chr6,length=170805979>
# This file was produced by bcftools stats (1.20+htslib-1.20) and can be plotted using plot-vcfstats.
# The command line was:	bcftools stats  /hpc/local/Rocky8/dhl_ec/software/MonopogenLite/resources/chrX.part96.vcf.gz
#
# Definition of sets:
# ID	[2]id	[3]tab-separated file names
ID	0	/hpc/local/Rocky8/dhl_ec/software/MonopogenLite/resources/chrX.part96.vcf.gz
# SN, Summary numbers:
#   number of records   .. number of data rows in the VCF
#   number of no-ALTs   .. reference-only sites, ALT is either "." or identical to REF
#   number of SNPs      .. number of rows with a SNP
#   number of MNPs      .. number of rows with a MNP, such as CC>TT
#   number of indels    .. number of rows with an indel
#   number of others    .. number of rows with other type, for example a symbolic allele or
#                          a complex substitution, such as ACT>TCGA
#   number of multiallelic sites     .. number of rows with multiple alternate alleles
#   number of multiallelic SNP sites .. number of rows with multiple alternate alleles, all SNPs
# 
#   Note that rows containing multiple types will be counted multiple times, in each
#   counter. For example, a row with a SNP and an indel increments both the SNP and
#   the indel counter.
# 
# SN	[2]id	[3]key	[4]value
SN	0	number of samples:	3202
SN	0	number of records:	14395
SN	0	number of no-ALTs:	0
SN	0	number of SNPs:	14395
SN	0	number of MNPs:	0
SN	0	number of indels:	0
SN	0	number of others:	0
SN	0	number of multiallelic sites:	0
SN	0	number of multiallelic SNP sites:	0
# TSTV, transitions/transversions:
# TSTV	[2]id	[3]ts	[4]tv	[5]ts/tv	[6]ts (1st ALT)	[7]tv (1st ALT)	[8]ts/tv (1st ALT)
TSTV	0	9718	4677	2.08	9718	4677	2.08
# SiS, Singleton stats:
# SiS	[2]id	[3]allele count	[4]number of SNPs	[5]number of transitions	[6]number of transversions	[7]number of indels	[8]repeat-consistent	[9]repeat-inconsistent	[10]not applicable
SiS	0	1	0	0	0	0	0	0	0
# AF, Stats by non-reference allele frequency:
# AF	[2]id	[3]allele frequency	[4]number of SNPs	[5]number of transitions	[6]number of transversions	[7]number of indels	[8]repeat-consistent	[9]repeat-inconsistent	[10]not applicable
AF	0	0.000312	2366	1584	782	0	0	0	0
AF	0	0.000625	1336	920	416	0	0	0	0
AF	0	0.000937	1639	1110	529	0	0	0	0
AF	0	0.001249	518	343	175	0	0	0	0
AF	0	0.001562	762	516	246	0	0	0	0
AF	0	0.001874	340	224	116	0	0	0	0
AF	0	0.002186	500	349	151	0	0	0	0
AF	0	0.002498	213	136	77	0	0	0	0
AF	0	0.002811	328	224	104	0	0	0	0
AF	0	0.003123	133	84	49	0	0	0	0
AF	0	0.003435	253	176	77	0	0	0	0
AF	0	0.003748	120	82	38	0	0	0	0
AF	0	0.004060	292	183	109	0	0	0	0
AF	0	0.004372	151	94	57	0	0	0	0
AF	0	0.004685	199	131	68	0	0	0	0
AF	0	0.004997	74	50	24	0	0	0	0
AF	0	0.005309	129	92	37	0	0	0	0
AF	0	0.005621	76	51	25	0	0	0	0
AF	0	0.005934	132	81	51	0	0	0	0
AF	0	0.006246	68	52	16	0	0	0	0
AF	0	0.006558	140	101	39	0	0	0	0
AF	0	0.006871	61	41	20	0	0	0	0
AF	0	0.007183	98	69	29	0	0	0	0
AF	0	0.007495	40	25	15	0	0	0	0
AF	0	0.007808	96	70	26	0	0	0	0
AF	0	0.008120	50	34	16	0	0	0	0
AF	0	0.008432	130	90	40	0	0	0	0
AF	0	0.008745	50	31	19	0	0	0	0
AF	0	0.009057	83	58	25	0	0	0	0
AF	0	0.009369	36	26	10	0	0	0	0
AF	0	0.009681	71	40	31	0	0	0	0
AF	0	0.009994	33	23	10	0	0	0	0
AF	0	0.010306	73	52	21	0	0	0	0
AF	0	0.010618	25	20	5	0	0	0	0
AF	0	0.010931	62	39	23	0	0	0	0
AF	0	0.011243	35	25	10	0	0	0	0
AF	0	0.011555	58	35	23	0	0	0	0
AF	0	0.011868	45	29	16	0	0	0	0
AF	0	0.012180	50	43	7	0	0	0	0
AF	0	0.012492	36	28	8	0	0	0	0
AF	0	0.012804	50	35	15	0	0	0	0
AF	0	0.013117	15	10	5	0	0	0	0
AF	0	0.013429	39	26	13	0	0	0	0
AF	0	0.013741	19	10	9	0	0	0	0
AF	0	0.014054	42	25	17	0	0	0	0
AF	0	0.014366	34	23	11	0	0	0	0
AF	0	0.014678	30	21	9	0	0	0	0
AF	0	0.014991	17	13	4	0	0	0	0
AF	0	0.015303	31	22	9	0	0	0	0
AF	0	0.015615	10	7	3	0	0	0	0
AF	0	0.015928	37	26	11	0	0	0	0
AF	0	0.016240	26	19	7	0	0	0	0
AF	0	0.016552	39	26	13	0	0	0	0
AF	0	0.016864	16	10	6	0	0	0	0
AF	0	0.017177	30	17	13	0	0	0	0
AF	0	0.017489	10	9	1	0	0	0	0
AF	0	0.017801	26	16	10	0	0	0	0
AF	0	0.018114	5	5	0	0	0	0	0
AF	0	0.018426	35	23	12	0	0	0	0
AF	0	0.018738	23	15	8	0	0	0	0
AF	0	0.019051	29	22	7	0	0	0	0
AF	0	0.019363	21	15	6	0	0	0	0
AF	0	0.019675	50	34	16	0	0	0	0
AF	0	0.019988	9	5	4	0	0	0	0
AF	0	0.020300	21	13	8	0	0	0	0
AF	0	0.020612	17	10	7	0	0	0	0
AF	0	0.020924	19	14	5	0	0	0	0
AF	0	0.021237	3	1	2	0	0	0	0
AF	0	0.021549	18	11	7	0	0	0	0
AF	0	0.021861	7	4	3	0	0	0	0
AF	0	0.022174	15	10	5	0	0	0	0
AF	0	0.022486	2	2	0	0	0	0	0
AF	0	0.022798	25	19	6	0	0	0	0
AF	0	0.023111	5	4	1	0	0	0	0
AF	0	0.023423	15	9	6	0	0	0	0
AF	0	0.023735	19	11	8	0	0	0	0
AF	0	0.024047	27	17	10	0	0	0	0
AF	0	0.024360	2	1	1	0	0	0	0
AF	0	0.024672	9	8	1	0	0	0	0
AF	0	0.024984	7	4	3	0	0	0	0
AF	0	0.025297	7	4	3	0	0	0	0
AF	0	0.025609	5	5	0	0	0	0	0
AF	0	0.025921	10	7	3	0	0	0	0
AF	0	0.026234	8	6	2	0	0	0	0
AF	0	0.026546	14	11	3	0	0	0	0
AF	0	0.026858	7	2	5	0	0	0	0
AF	0	0.027171	11	9	2	0	0	0	0
AF	0	0.027483	7	3	4	0	0	0	0
AF	0	0.027795	24	20	4	0	0	0	0
AF	0	0.028107	7	4	3	0	0	0	0
AF	0	0.028420	10	7	3	0	0	0	0
AF	0	0.028732	8	6	2	0	0	0	0
AF	0	0.029044	18	14	4	0	0	0	0
AF	0	0.029357	8	4	4	0	0	0	0
AF	0	0.029669	9	5	4	0	0	0	0
AF	0	0.029981	6	4	2	0	0	0	0
AF	0	0.030294	11	8	3	0	0	0	0
AF	0	0.030606	10	6	4	0	0	0	0
AF	0	0.030918	16	15	1	0	0	0	0
AF	0	0.031230	6	5	1	0	0	0	0
AF	0	0.031543	11	9	2	0	0	0	0
AF	0	0.031855	6	4	2	0	0	0	0
AF	0	0.032167	13	7	6	0	0	0	0
AF	0	0.032480	5	3	2	0	0	0	0
AF	0	0.032792	6	3	3	0	0	0	0
AF	0	0.033104	5	5	0	0	0	0	0
AF	0	0.033417	13	4	9	0	0	0	0
AF	0	0.033729	8	5	3	0	0	0	0
AF	0	0.034041	14	8	6	0	0	0	0
AF	0	0.034354	4	4	0	0	0	0	0
AF	0	0.034666	12	8	4	0	0	0	0
AF	0	0.034978	3	1	2	0	0	0	0
AF	0	0.035290	11	8	3	0	0	0	0
AF	0	0.035603	7	6	1	0	0	0	0
AF	0	0.035915	5	3	2	0	0	0	0
AF	0	0.036227	2	2	0	0	0	0	0
AF	0	0.036540	7	4	3	0	0	0	0
AF	0	0.036852	6	5	1	0	0	0	0
AF	0	0.037164	14	8	6	0	0	0	0
AF	0	0.037477	4	3	1	0	0	0	0
AF	0	0.037789	78	49	29	0	0	0	0
AF	0	0.038101	8	7	1	0	0	0	0
AF	0	0.038413	12	7	5	0	0	0	0
AF	0	0.038726	4	1	3	0	0	0	0
AF	0	0.039038	6	5	1	0	0	0	0
AF	0	0.039350	5	5	0	0	0	0	0
AF	0	0.039663	8	7	1	0	0	0	0
AF	0	0.039975	1	0	1	0	0	0	0
AF	0	0.040287	4	1	3	0	0	0	0
AF	0	0.040600	8	6	2	0	0	0	0
AF	0	0.040912	2	2	0	0	0	0	0
AF	0	0.041224	4	2	2	0	0	0	0
AF	0	0.041537	10	9	1	0	0	0	0
AF	0	0.041849	5	4	1	0	0	0	0
AF	0	0.042161	12	10	2	0	0	0	0
AF	0	0.042473	1	1	0	0	0	0	0
AF	0	0.042786	4	4	0	0	0	0	0
AF	0	0.043410	4	4	0	0	0	0	0
AF	0	0.043723	14	7	7	0	0	0	0
AF	0	0.044035	7	6	1	0	0	0	0
AF	0	0.044347	1	1	0	0	0	0	0
AF	0	0.044660	6	2	4	0	0	0	0
AF	0	0.044972	5	4	1	0	0	0	0
AF	0	0.045284	12	8	4	0	0	0	0
AF	0	0.045597	2	1	1	0	0	0	0
AF	0	0.045909	8	6	2	0	0	0	0
AF	0	0.046221	5	3	2	0	0	0	0
AF	0	0.046533	4	3	1	0	0	0	0
AF	0	0.046846	6	4	2	0	0	0	0
AF	0	0.047158	5	5	0	0	0	0	0
AF	0	0.047470	1	0	1	0	0	0	0
AF	0	0.047783	3	1	2	0	0	0	0
AF	0	0.048095	3	2	1	0	0	0	0
AF	0	0.048407	8	3	5	0	0	0	0
AF	0	0.049032	14	8	6	0	0	0	0
AF	0	0.049344	4	1	3	0	0	0	0
AF	0	0.049656	5	4	1	0	0	0	0
AF	0	0.050281	3	2	1	0	0	0	0
AF	0	0.050593	2	0	2	0	0	0	0
AF	0	0.050906	8	8	0	0	0	0	0
AF	0	0.051530	2	1	1	0	0	0	0
AF	0	0.052155	4	3	1	0	0	0	0
AF	0	0.052467	2	2	0	0	0	0	0
AF	0	0.052780	5	3	2	0	0	0	0
AF	0	0.053404	3	1	2	0	0	0	0
AF	0	0.053716	3	1	2	0	0	0	0
AF	0	0.054029	4	3	1	0	0	0	0
AF	0	0.054341	2	2	0	0	0	0	0
AF	0	0.054653	9	6	3	0	0	0	0
AF	0	0.054966	9	5	4	0	0	0	0
AF	0	0.055278	12	6	6	0	0	0	0
AF	0	0.055590	2	2	0	0	0	0	0
AF	0	0.055903	5	2	3	0	0	0	0
AF	0	0.056215	3	1	2	0	0	0	0
AF	0	0.056527	10	6	4	0	0	0	0
AF	0	0.056839	3	2	1	0	0	0	0
AF	0	0.057152	6	6	0	0	0	0	0
AF	0	0.057464	5	4	1	0	0	0	0
AF	0	0.057776	5	1	4	0	0	0	0
AF	0	0.058089	1	0	1	0	0	0	0
AF	0	0.058401	3	3	0	0	0	0	0
AF	0	0.058713	5	4	1	0	0	0	0
AF	0	0.059026	1	1	0	0	0	0	0
AF	0	0.059963	2	2	0	0	0	0	0
AF	0	0.060275	4	3	1	0	0	0	0
AF	0	0.060587	4	3	1	0	0	0	0
AF	0	0.060899	10	8	2	0	0	0	0
AF	0	0.061212	5	4	1	0	0	0	0
AF	0	0.061524	7	4	3	0	0	0	0
AF	0	0.061836	10	5	5	0	0	0	0
AF	0	0.062149	2	2	0	0	0	0	0
AF	0	0.062461	1	1	0	0	0	0	0
AF	0	0.062773	2	1	1	0	0	0	0
AF	0	0.063086	1	1	0	0	0	0	0
AF	0	0.064647	2	2	0	0	0	0	0
AF	0	0.064959	2	2	0	0	0	0	0
AF	0	0.065272	5	3	2	0	0	0	0
AF	0	0.065896	4	3	1	0	0	0	0
AF	0	0.066209	1	1	0	0	0	0	0
AF	0	0.066521	8	6	2	0	0	0	0
AF	0	0.066833	3	2	1	0	0	0	0
AF	0	0.067146	4	2	2	0	0	0	0
AF	0	0.067458	1	1	0	0	0	0	0
AF	0	0.067770	2	2	0	0	0	0	0
AF	0	0.068082	3	3	0	0	0	0	0
AF	0	0.068395	1	1	0	0	0	0	0
AF	0	0.069019	2	1	1	0	0	0	0
AF	0	0.069332	2	2	0	0	0	0	0
AF	0	0.069956	2	2	0	0	0	0	0
AF	0	0.070269	3	2	1	0	0	0	0
AF	0	0.070581	3	1	2	0	0	0	0
AF	0	0.070893	8	7	1	0	0	0	0
AF	0	0.071205	1	0	1	0	0	0	0
AF	0	0.071518	9	6	3	0	0	0	0
AF	0	0.071830	1	0	1	0	0	0	0
AF	0	0.072142	2	2	0	0	0	0	0
AF	0	0.072455	2	2	0	0	0	0	0
AF	0	0.072767	5	5	0	0	0	0	0
AF	0	0.073079	3	1	2	0	0	0	0
AF	0	0.073392	7	6	1	0	0	0	0
AF	0	0.073704	5	3	2	0	0	0	0
AF	0	0.074016	4	2	2	0	0	0	0
AF	0	0.074329	4	2	2	0	0	0	0
AF	0	0.074641	5	3	2	0	0	0	0
AF	0	0.075265	4	2	2	0	0	0	0
AF	0	0.075890	9	5	4	0	0	0	0
AF	0	0.076202	4	3	1	0	0	0	0
AF	0	0.076515	7	3	4	0	0	0	0
AF	0	0.076827	3	1	2	0	0	0	0
AF	0	0.077139	5	4	1	0	0	0	0
AF	0	0.077452	1	1	0	0	0	0	0
AF	0	0.077764	5	4	1	0	0	0	0
AF	0	0.078076	1	1	0	0	0	0	0
AF	0	0.078389	3	2	1	0	0	0	0
AF	0	0.079013	3	3	0	0	0	0	0
AF	0	0.079325	1	1	0	0	0	0	0
AF	0	0.079638	3	2	1	0	0	0	0
AF	0	0.080262	5	3	2	0	0	0	0
AF	0	0.080887	1	1	0	0	0	0	0
AF	0	0.081199	4	3	1	0	0	0	0
AF	0	0.081512	1	1	0	0	0	0	0
AF	0	0.082136	4	3	1	0	0	0	0
AF	0	0.082761	10	7	3	0	0	0	0
AF	0	0.083073	1	0	1	0	0	0	0
AF	0	0.083385	6	5	1	0	0	0	0
AF	0	0.083698	3	2	1	0	0	0	0
AF	0	0.084947	1	0	1	0	0	0	0
AF	0	0.085259	1	1	0	0	0	0	0
AF	0	0.085884	7	6	1	0	0	0	0
AF	0	0.086508	1	1	0	0	0	0	0
AF	0	0.086821	1	1	0	0	0	0	0
AF	0	0.087133	4	4	0	0	0	0	0
AF	0	0.087445	1	0	1	0	0	0	0
AF	0	0.088382	1	1	0	0	0	0	0
AF	0	0.088695	1	1	0	0	0	0	0
AF	0	0.089007	2	1	1	0	0	0	0
AF	0	0.089319	3	2	1	0	0	0	0
AF	0	0.089631	2	2	0	0	0	0	0
AF	0	0.089944	3	2	1	0	0	0	0
AF	0	0.090568	1	1	0	0	0	0	0
AF	0	0.090881	2	1	1	0	0	0	0
AF	0	0.091193	1	1	0	0	0	0	0
AF	0	0.091505	1	1	0	0	0	0	0
AF	0	0.092130	3	3	0	0	0	0	0
AF	0	0.094004	2	0	2	0	0	0	0
AF	0	0.095253	2	1	1	0	0	0	0
AF	0	0.095565	2	1	1	0	0	0	0
AF	0	0.095878	1	1	0	0	0	0	0
AF	0	0.096502	2	1	1	0	0	0	0
AF	0	0.096814	3	3	0	0	0	0	0
AF	0	0.097127	5	5	0	0	0	0	0
AF	0	0.098064	1	0	1	0	0	0	0
AF	0	0.098688	1	1	0	0	0	0	0
AF	0	0.099001	3	2	1	0	0	0	0
AF	0	0.099625	1	0	1	0	0	0	0
AF	0	0.099938	1	0	1	0	0	0	0
AF	0	0.100250	2	1	1	0	0	0	0
AF	0	0.100562	1	1	0	0	0	0	0
AF	0	0.100874	1	1	0	0	0	0	0
AF	0	0.101499	1	1	0	0	0	0	0
AF	0	0.102124	1	1	0	0	0	0	0
AF	0	0.104310	2	2	0	0	0	0	0
AF	0	0.104934	3	1	2	0	0	0	0
AF	0	0.105559	1	1	0	0	0	0	0
AF	0	0.105871	2	1	1	0	0	0	0
AF	0	0.107121	4	4	0	0	0	0	0
AF	0	0.107745	1	0	1	0	0	0	0
AF	0	0.108370	2	2	0	0	0	0	0
AF	0	0.108682	4	3	1	0	0	0	0
AF	0	0.109619	1	0	1	0	0	0	0
AF	0	0.111805	4	1	3	0	0	0	0
AF	0	0.112430	1	1	0	0	0	0	0
AF	0	0.114304	1	1	0	0	0	0	0
AF	0	0.114616	1	1	0	0	0	0	0
AF	0	0.114928	1	1	0	0	0	0	0
AF	0	0.115865	1	1	0	0	0	0	0
AF	0	0.116802	2	1	1	0	0	0	0
AF	0	0.117427	3	1	2	0	0	0	0
AF	0	0.118051	1	1	0	0	0	0	0
AF	0	0.118364	1	1	0	0	0	0	0
AF	0	0.118676	2	1	1	0	0	0	0
AF	0	0.118988	3	1	2	0	0	0	0
AF	0	0.119613	1	0	1	0	0	0	0
AF	0	0.119925	1	1	0	0	0	0	0
AF	0	0.120237	2	1	1	0	0	0	0
AF	0	0.120862	1	1	0	0	0	0	0
AF	0	0.121174	2	2	0	0	0	0	0
AF	0	0.121799	1	0	1	0	0	0	0
AF	0	0.122111	2	2	0	0	0	0	0
AF	0	0.122423	1	1	0	0	0	0	0
AF	0	0.122736	2	1	1	0	0	0	0
AF	0	0.123048	6	3	3	0	0	0	0
AF	0	0.123673	2	2	0	0	0	0	0
AF	0	0.123985	1	1	0	0	0	0	0
AF	0	0.124297	3	0	3	0	0	0	0
AF	0	0.124610	1	1	0	0	0	0	0
AF	0	0.124922	1	1	0	0	0	0	0
AF	0	0.125547	1	1	0	0	0	0	0
AF	0	0.126171	3	3	0	0	0	0	0
AF	0	0.126483	1	1	0	0	0	0	0
AF	0	0.126796	2	1	1	0	0	0	0
AF	0	0.127108	2	1	1	0	0	0	0
AF	0	0.127420	3	1	2	0	0	0	0
AF	0	0.127733	1	1	0	0	0	0	0
AF	0	0.128045	3	2	1	0	0	0	0
AF	0	0.128357	3	3	0	0	0	0	0
AF	0	0.128670	1	0	1	0	0	0	0
AF	0	0.128982	1	1	0	0	0	0	0
AF	0	0.129294	2	1	1	0	0	0	0
AF	0	0.129606	1	0	1	0	0	0	0
AF	0	0.129919	2	2	0	0	0	0	0
AF	0	0.130231	1	0	1	0	0	0	0
AF	0	0.131793	2	2	0	0	0	0	0
AF	0	0.132417	2	2	0	0	0	0	0
AF	0	0.132730	1	1	0	0	0	0	0
AF	0	0.133354	2	1	1	0	0	0	0
AF	0	0.133666	2	2	0	0	0	0	0
AF	0	0.133979	1	1	0	0	0	0	0
AF	0	0.134291	1	1	0	0	0	0	0
AF	0	0.134603	2	1	1	0	0	0	0
AF	0	0.134916	1	0	1	0	0	0	0
AF	0	0.135228	2	2	0	0	0	0	0
AF	0	0.135540	1	1	0	0	0	0	0
AF	0	0.136165	1	0	1	0	0	0	0
AF	0	0.136790	1	0	1	0	0	0	0
AF	0	0.137102	1	1	0	0	0	0	0
AF	0	0.137414	1	0	1	0	0	0	0
AF	0	0.138039	2	2	0	0	0	0	0
AF	0	0.138351	2	2	0	0	0	0	0
AF	0	0.138663	4	3	1	0	0	0	0
AF	0	0.138976	2	1	1	0	0	0	0
AF	0	0.139288	1	1	0	0	0	0	0
AF	0	0.139600	1	1	0	0	0	0	0
AF	0	0.140537	1	1	0	0	0	0	0
AF	0	0.141162	5	5	0	0	0	0	0
AF	0	0.141474	3	2	1	0	0	0	0
AF	0	0.141786	2	1	1	0	0	0	0
AF	0	0.142099	5	3	2	0	0	0	0
AF	0	0.142411	6	5	1	0	0	0	0
AF	0	0.142723	3	1	2	0	0	0	0
AF	0	0.143036	3	2	1	0	0	0	0
AF	0	0.143660	1	1	0	0	0	0	0
AF	0	0.143973	1	1	0	0	0	0	0
AF	0	0.144285	1	1	0	0	0	0	0
AF	0	0.144909	4	3	1	0	0	0	0
AF	0	0.145222	3	3	0	0	0	0	0
AF	0	0.145534	2	1	1	0	0	0	0
AF	0	0.145846	2	2	0	0	0	0	0
AF	0	0.146159	2	1	1	0	0	0	0
AF	0	0.146783	4	3	1	0	0	0	0
AF	0	0.147720	1	0	1	0	0	0	0
AF	0	0.148032	1	1	0	0	0	0	0
AF	0	0.148345	3	2	1	0	0	0	0
AF	0	0.148657	2	1	1	0	0	0	0
AF	0	0.148969	1	0	1	0	0	0	0
AF	0	0.149282	2	2	0	0	0	0	0
AF	0	0.149906	1	0	1	0	0	0	0
AF	0	0.150531	2	0	2	0	0	0	0
AF	0	0.150843	3	3	0	0	0	0	0
AF	0	0.151156	5	5	0	0	0	0	0
AF	0	0.151468	1	1	0	0	0	0	0
AF	0	0.151780	1	1	0	0	0	0	0
AF	0	0.152092	1	1	0	0	0	0	0
AF	0	0.152717	1	1	0	0	0	0	0
AF	0	0.153342	2	0	2	0	0	0	0
AF	0	0.153654	3	2	1	0	0	0	0
AF	0	0.154279	1	1	0	0	0	0	0
AF	0	0.154903	3	3	0	0	0	0	0
AF	0	0.155215	1	1	0	0	0	0	0
AF	0	0.155528	2	1	1	0	0	0	0
AF	0	0.155840	1	1	0	0	0	0	0
AF	0	0.156777	3	2	1	0	0	0	0
AF	0	0.157089	1	1	0	0	0	0	0
AF	0	0.157402	2	1	1	0	0	0	0
AF	0	0.157714	1	0	1	0	0	0	0
AF	0	0.158026	3	2	1	0	0	0	0
AF	0	0.158651	2	1	1	0	0	0	0
AF	0	0.158963	4	3	1	0	0	0	0
AF	0	0.159275	2	2	0	0	0	0	0
AF	0	0.159588	1	0	1	0	0	0	0
AF	0	0.159900	1	1	0	0	0	0	0
AF	0	0.160212	1	1	0	0	0	0	0
AF	0	0.161149	2	0	2	0	0	0	0
AF	0	0.161462	2	2	0	0	0	0	0
AF	0	0.162086	5	3	2	0	0	0	0
AF	0	0.162399	3	2	1	0	0	0	0
AF	0	0.162711	3	2	1	0	0	0	0
AF	0	0.163023	8	6	2	0	0	0	0
AF	0	0.163335	1	0	1	0	0	0	0
AF	0	0.163648	1	1	0	0	0	0	0
AF	0	0.163960	3	2	1	0	0	0	0
AF	0	0.164585	1	1	0	0	0	0	0
AF	0	0.165522	2	2	0	0	0	0	0
AF	0	0.166146	1	1	0	0	0	0	0
AF	0	0.166458	4	3	1	0	0	0	0
AF	0	0.166771	8	6	2	0	0	0	0
AF	0	0.167083	1	1	0	0	0	0	0
AF	0	0.167395	2	1	1	0	0	0	0
AF	0	0.168020	2	2	0	0	0	0	0
AF	0	0.168332	1	1	0	0	0	0	0
AF	0	0.170518	2	2	0	0	0	0	0
AF	0	0.171143	1	0	1	0	0	0	0
AF	0	0.171455	1	0	1	0	0	0	0
AF	0	0.171768	1	1	0	0	0	0	0
AF	0	0.173017	1	1	0	0	0	0	0
AF	0	0.173641	1	0	1	0	0	0	0
AF	0	0.173954	1	1	0	0	0	0	0
AF	0	0.174266	6	5	1	0	0	0	0
AF	0	0.174578	1	1	0	0	0	0	0
AF	0	0.174891	1	0	1	0	0	0	0
AF	0	0.175515	3	1	2	0	0	0	0
AF	0	0.175828	1	0	1	0	0	0	0
AF	0	0.176140	2	2	0	0	0	0	0
AF	0	0.176452	1	1	0	0	0	0	0
AF	0	0.177389	2	0	2	0	0	0	0
AF	0	0.178014	3	1	2	0	0	0	0
AF	0	0.178326	2	1	1	0	0	0	0
AF	0	0.178638	1	0	1	0	0	0	0
AF	0	0.179263	2	2	0	0	0	0	0
AF	0	0.179575	1	1	0	0	0	0	0
AF	0	0.179888	3	1	2	0	0	0	0
AF	0	0.180200	2	1	1	0	0	0	0
AF	0	0.180512	1	1	0	0	0	0	0
AF	0	0.180824	1	0	1	0	0	0	0
AF	0	0.181137	1	1	0	0	0	0	0
AF	0	0.181449	2	2	0	0	0	0	0
AF	0	0.181761	3	2	1	0	0	0	0
AF	0	0.182386	1	1	0	0	0	0	0
AF	0	0.183011	1	1	0	0	0	0	0
AF	0	0.183323	1	0	1	0	0	0	0
AF	0	0.185509	1	1	0	0	0	0	0
AF	0	0.185821	1	0	1	0	0	0	0
AF	0	0.186134	3	2	1	0	0	0	0
AF	0	0.187695	2	1	1	0	0	0	0
AF	0	0.188007	2	2	0	0	0	0	0
AF	0	0.188632	2	1	1	0	0	0	0
AF	0	0.188944	1	0	1	0	0	0	0
AF	0	0.189257	2	1	1	0	0	0	0
AF	0	0.189881	1	1	0	0	0	0	0
AF	0	0.191755	3	1	2	0	0	0	0
AF	0	0.192067	2	2	0	0	0	0	0
AF	0	0.192380	1	1	0	0	0	0	0
AF	0	0.193004	1	1	0	0	0	0	0
AF	0	0.194254	3	1	2	0	0	0	0
AF	0	0.194878	3	1	2	0	0	0	0
AF	0	0.196127	2	2	0	0	0	0	0
AF	0	0.196440	1	0	1	0	0	0	0
AF	0	0.196752	3	2	1	0	0	0	0
AF	0	0.197377	1	1	0	0	0	0	0
AF	0	0.197689	1	1	0	0	0	0	0
AF	0	0.198001	1	0	1	0	0	0	0
AF	0	0.198314	2	0	2	0	0	0	0
AF	0	0.198626	4	4	0	0	0	0	0
AF	0	0.201124	1	0	1	0	0	0	0
AF	0	0.202374	2	0	2	0	0	0	0
AF	0	0.202998	6	5	1	0	0	0	0
AF	0	0.203310	2	2	0	0	0	0	0
AF	0	0.203623	2	0	2	0	0	0	0
AF	0	0.204560	2	2	0	0	0	0	0
AF	0	0.204872	2	2	0	0	0	0	0
AF	0	0.205184	3	1	2	0	0	0	0
AF	0	0.205497	4	3	1	0	0	0	0
AF	0	0.205809	2	1	1	0	0	0	0
AF	0	0.208620	1	1	0	0	0	0	0
AF	0	0.209244	2	1	1	0	0	0	0
AF	0	0.209869	1	0	1	0	0	0	0
AF	0	0.212055	2	1	1	0	0	0	0
AF	0	0.212367	1	1	0	0	0	0	0
AF	0	0.212992	2	2	0	0	0	0	0
AF	0	0.213304	2	2	0	0	0	0	0
AF	0	0.213616	1	1	0	0	0	0	0
AF	0	0.214553	2	0	2	0	0	0	0
AF	0	0.214866	5	3	2	0	0	0	0
AF	0	0.215490	1	1	0	0	0	0	0
AF	0	0.216115	1	1	0	0	0	0	0
AF	0	0.216740	1	1	0	0	0	0	0
AF	0	0.217364	1	1	0	0	0	0	0
AF	0	0.218613	2	2	0	0	0	0	0
AF	0	0.218926	2	2	0	0	0	0	0
AF	0	0.219863	2	1	1	0	0	0	0
AF	0	0.220800	1	1	0	0	0	0	0
AF	0	0.221112	2	1	1	0	0	0	0
AF	0	0.221424	1	1	0	0	0	0	0
AF	0	0.222049	1	0	1	0	0	0	0
AF	0	0.223298	2	2	0	0	0	0	0
AF	0	0.223610	1	0	1	0	0	0	0
AF	0	0.225796	1	1	0	0	0	0	0
AF	0	0.227046	1	1	0	0	0	0	0
AF	0	0.228295	1	1	0	0	0	0	0
AF	0	0.228607	2	1	1	0	0	0	0
AF	0	0.228919	1	1	0	0	0	0	0
AF	0	0.230793	1	0	1	0	0	0	0
AF	0	0.231418	1	0	1	0	0	0	0
AF	0	0.232042	1	1	0	0	0	0	0
AF	0	0.232667	1	1	0	0	0	0	0
AF	0	0.233292	1	1	0	0	0	0	0
AF	0	0.235790	1	0	1	0	0	0	0
AF	0	0.236102	1	1	0	0	0	0	0
AF	0	0.237976	1	1	0	0	0	0	0
AF	0	0.238289	1	1	0	0	0	0	0
AF	0	0.239225	2	2	0	0	0	0	0
AF	0	0.239538	3	1	2	0	0	0	0
AF	0	0.240162	2	2	0	0	0	0	0
AF	0	0.240787	1	1	0	0	0	0	0
AF	0	0.242036	1	1	0	0	0	0	0
AF	0	0.243910	1	1	0	0	0	0	0
AF	0	0.244535	1	0	1	0	0	0	0
AF	0	0.246096	1	1	0	0	0	0	0
AF	0	0.246408	2	2	0	0	0	0	0
AF	0	0.247345	1	0	1	0	0	0	0
AF	0	0.247658	1	1	0	0	0	0	0
AF	0	0.248282	1	1	0	0	0	0	0
AF	0	0.249532	1	0	1	0	0	0	0
AF	0	0.250156	1	1	0	0	0	0	0
AF	0	0.251718	1	1	0	0	0	0	0
AF	0	0.252342	1	1	0	0	0	0	0
AF	0	0.253592	2	1	1	0	0	0	0
AF	0	0.254528	1	1	0	0	0	0	0
AF	0	0.254841	1	1	0	0	0	0	0
AF	0	0.255778	1	1	0	0	0	0	0
AF	0	0.256715	2	1	1	0	0	0	0
AF	0	0.257651	1	1	0	0	0	0	0
AF	0	0.258588	1	1	0	0	0	0	0
AF	0	0.259525	2	1	1	0	0	0	0
AF	0	0.259838	1	1	0	0	0	0	0
AF	0	0.260150	2	2	0	0	0	0	0
AF	0	0.262648	1	1	0	0	0	0	0
AF	0	0.263273	1	1	0	0	0	0	0
AF	0	0.264522	2	2	0	0	0	0	0
AF	0	0.265147	1	1	0	0	0	0	0
AF	0	0.269519	1	0	1	0	0	0	0
AF	0	0.271393	1	1	0	0	0	0	0
AF	0	0.272642	1	0	1	0	0	0	0
AF	0	0.275765	1	0	1	0	0	0	0
AF	0	0.276077	1	1	0	0	0	0	0
AF	0	0.278888	2	1	1	0	0	0	0
AF	0	0.280450	2	2	0	0	0	0	0
AF	0	0.280762	2	2	0	0	0	0	0
AF	0	0.281387	1	0	1	0	0	0	0
AF	0	0.282324	1	1	0	0	0	0	0
AF	0	0.282636	1	1	0	0	0	0	0
AF	0	0.283885	1	1	0	0	0	0	0
AF	0	0.285134	1	1	0	0	0	0	0
AF	0	0.286384	2	1	1	0	0	0	0
AF	0	0.287008	1	1	0	0	0	0	0
AF	0	0.287320	1	1	0	0	0	0	0
AF	0	0.290131	2	2	0	0	0	0	0
AF	0	0.290443	1	0	1	0	0	0	0
AF	0	0.292942	1	1	0	0	0	0	0
AF	0	0.294503	1	1	0	0	0	0	0
AF	0	0.295440	1	0	1	0	0	0	0
AF	0	0.295753	3	3	0	0	0	0	0
AF	0	0.298563	2	1	1	0	0	0	0
AF	0	0.299500	1	1	0	0	0	0	0
AF	0	0.299813	1	0	1	0	0	0	0
AF	0	0.300125	3	2	1	0	0	0	0
AF	0	0.300437	1	1	0	0	0	0	0
AF	0	0.300750	1	0	1	0	0	0	0
AF	0	0.302623	1	1	0	0	0	0	0
AF	0	0.304809	1	1	0	0	0	0	0
AF	0	0.306996	1	1	0	0	0	0	0
AF	0	0.309494	1	0	1	0	0	0	0
AF	0	0.311368	1	0	1	0	0	0	0
AF	0	0.312305	1	0	1	0	0	0	0
AF	0	0.314179	1	1	0	0	0	0	0
AF	0	0.315740	1	1	0	0	0	0	0
AF	0	0.316677	1	0	1	0	0	0	0
AF	0	0.317926	1	1	0	0	0	0	0
AF	0	0.318239	2	1	1	0	0	0	0
AF	0	0.321362	2	1	1	0	0	0	0
AF	0	0.321986	2	2	0	0	0	0	0
AF	0	0.322299	1	1	0	0	0	0	0
AF	0	0.322611	2	1	1	0	0	0	0
AF	0	0.323235	1	0	1	0	0	0	0
AF	0	0.323860	1	1	0	0	0	0	0
AF	0	0.324485	1	1	0	0	0	0	0
AF	0	0.326983	1	1	0	0	0	0	0
AF	0	0.331668	1	1	0	0	0	0	0
AF	0	0.335415	1	1	0	0	0	0	0
AF	0	0.342286	1	1	0	0	0	0	0
AF	0	0.343223	1	1	0	0	0	0	0
AF	0	0.346658	1	1	0	0	0	0	0
AF	0	0.346971	1	1	0	0	0	0	0
AF	0	0.347908	1	0	1	0	0	0	0
AF	0	0.348532	1	0	1	0	0	0	0
AF	0	0.351031	1	1	0	0	0	0	0
AF	0	0.352280	1	0	1	0	0	0	0
AF	0	0.352592	1	1	0	0	0	0	0
AF	0	0.354154	2	1	1	0	0	0	0
AF	0	0.360087	1	1	0	0	0	0	0
AF	0	0.360712	1	1	0	0	0	0	0
AF	0	0.370394	1	1	0	0	0	0	0
AF	0	0.372580	1	0	1	0	0	0	0
AF	0	0.372892	1	1	0	0	0	0	0
AF	0	0.373517	1	1	0	0	0	0	0
AF	0	0.378513	1	1	0	0	0	0	0
AF	0	0.386633	3	3	0	0	0	0	0
AF	0	0.387258	2	2	0	0	0	0	0
AF	0	0.392879	1	0	1	0	0	0	0
AF	0	0.393504	1	1	0	0	0	0	0
AF	0	0.394129	1	1	0	0	0	0	0
AF	0	0.394753	1	1	0	0	0	0	0
AF	0	0.396002	1	0	1	0	0	0	0
AF	0	0.396939	1	1	0	0	0	0	0
AF	0	0.397876	1	1	0	0	0	0	0
AF	0	0.398501	1	0	1	0	0	0	0
AF	0	0.401936	1	0	1	0	0	0	0
AF	0	0.403186	2	1	1	0	0	0	0
AF	0	0.403498	2	2	0	0	0	0	0
AF	0	0.407245	1	0	1	0	0	0	0
AF	0	0.411930	1	1	0	0	0	0	0
AF	0	0.412242	2	2	0	0	0	0	0
AF	0	0.421611	1	1	0	0	0	0	0
AF	0	0.424110	1	1	0	0	0	0	0
AF	0	0.434104	1	0	1	0	0	0	0
AF	0	0.434728	1	1	0	0	0	0	0
AF	0	0.437539	1	1	0	0	0	0	0
AF	0	0.444097	1	1	0	0	0	0	0
AF	0	0.444410	1	1	0	0	0	0	0
AF	0	0.450031	1	0	1	0	0	0	0
AF	0	0.450344	1	1	0	0	0	0	0
AF	0	0.453779	1	0	1	0	0	0	0
AF	0	0.454091	1	0	1	0	0	0	0
AF	0	0.454403	2	2	0	0	0	0	0
AF	0	0.455028	1	1	0	0	0	0	0
AF	0	0.456277	2	1	1	0	0	0	0
AF	0	0.457527	1	0	1	0	0	0	0
AF	0	0.458463	1	1	0	0	0	0	0
AF	0	0.458776	1	1	0	0	0	0	0
AF	0	0.460650	1	1	0	0	0	0	0
AF	0	0.461899	1	1	0	0	0	0	0
AF	0	0.463460	1	1	0	0	0	0	0
AF	0	0.465334	1	0	1	0	0	0	0
AF	0	0.468145	1	1	0	0	0	0	0
AF	0	0.468770	1	1	0	0	0	0	0
AF	0	0.471268	1	0	1	0	0	0	0
AF	0	0.480012	1	1	0	0	0	0	0
AF	0	0.480325	1	0	1	0	0	0	0
AF	0	0.482511	1	1	0	0	0	0	0
AF	0	0.482823	1	1	0	0	0	0	0
AF	0	0.485009	1	1	0	0	0	0	0
AF	0	0.486883	1	0	1	0	0	0	0
AF	0	0.487820	1	1	0	0	0	0	0
AF	0	0.488132	2	1	1	0	0	0	0
AF	0	0.489382	1	1	0	0	0	0	0
AF	0	0.490006	1	1	0	0	0	0	0
AF	0	0.491255	1	1	0	0	0	0	0
AF	0	0.491568	1	1	0	0	0	0	0
AF	0	0.491880	1	0	1	0	0	0	0
AF	0	0.493754	10	8	2	0	0	0	0
AF	0	0.494066	1	1	0	0	0	0	0
AF	0	0.494379	3	3	0	0	0	0	0
AF	0	0.495003	1	1	0	0	0	0	0
AF	0	0.496565	1	0	1	0	0	0	0
AF	0	0.497189	1	1	0	0	0	0	0
AF	0	0.497502	3	2	1	0	0	0	0
AF	0	0.497814	1	1	0	0	0	0	0
AF	0	0.498126	2	0	2	0	0	0	0
AF	0	0.498438	3	2	1	0	0	0	0
AF	0	0.498751	2	1	1	0	0	0	0
AF	0	0.499375	1	1	0	0	0	0	0
AF	0	0.499688	1	1	0	0	0	0	0
AF	0	0.500000	1	0	1	0	0	0	0
AF	0	0.500625	1	0	1	0	0	0	0
AF	0	0.501249	1	0	1	0	0	0	0
AF	0	0.502811	1	1	0	0	0	0	0
AF	0	0.503123	2	1	1	0	0	0	0
AF	0	0.503748	1	0	1	0	0	0	0
AF	0	0.504060	1	0	1	0	0	0	0
AF	0	0.504372	8	4	4	0	0	0	0
AF	0	0.504997	3	3	0	0	0	0	0
AF	0	0.505621	2	1	1	0	0	0	0
AF	0	0.507183	2	1	1	0	0	0	0
AF	0	0.507495	1	0	1	0	0	0	0
AF	0	0.508120	3	0	3	0	0	0	0
AF	0	0.508432	1	0	1	0	0	0	0
AF	0	0.508745	9	6	3	0	0	0	0
AF	0	0.509369	1	1	0	0	0	0	0
AF	0	0.509681	2	0	2	0	0	0	0
AF	0	0.509994	1	1	0	0	0	0	0
AF	0	0.510306	2	2	0	0	0	0	0
AF	0	0.510618	1	1	0	0	0	0	0
AF	0	0.511555	2	2	0	0	0	0	0
AF	0	0.511868	1	1	0	0	0	0	0
AF	0	0.512180	1	1	0	0	0	0	0
AF	0	0.515303	1	1	0	0	0	0	0
AF	0	0.517801	1	1	0	0	0	0	0
AF	0	0.521237	1	0	1	0	0	0	0
AF	0	0.521861	5	4	1	0	0	0	0
AF	0	0.522486	1	1	0	0	0	0	0
AF	0	0.523111	3	3	0	0	0	0	0
AF	0	0.525609	1	1	0	0	0	0	0
AF	0	0.526234	2	2	0	0	0	0	0
AF	0	0.526546	1	1	0	0	0	0	0
AF	0	0.526858	1	1	0	0	0	0	0
AF	0	0.527483	1	1	0	0	0	0	0
AF	0	0.529669	1	1	0	0	0	0	0
AF	0	0.531543	1	0	1	0	0	0	0
AF	0	0.532480	4	4	0	0	0	0	0
AF	0	0.534978	2	2	0	0	0	0	0
AF	0	0.535290	2	2	0	0	0	0	0
AF	0	0.535603	1	1	0	0	0	0	0
AF	0	0.536227	1	0	1	0	0	0	0
AF	0	0.536852	2	2	0	0	0	0	0
AF	0	0.537477	1	1	0	0	0	0	0
AF	0	0.543098	1	1	0	0	0	0	0
AF	0	0.544347	1	1	0	0	0	0	0
AF	0	0.545597	2	1	1	0	0	0	0
AF	0	0.550281	1	0	1	0	0	0	0
AF	0	0.550593	1	1	0	0	0	0	0
AF	0	0.551218	1	1	0	0	0	0	0
AF	0	0.551843	1	1	0	0	0	0	0
AF	0	0.552155	1	0	1	0	0	0	0
AF	0	0.554653	1	0	1	0	0	0	0
AF	0	0.554966	1	1	0	0	0	0	0
AF	0	0.555278	2	1	1	0	0	0	0
AF	0	0.555590	2	2	0	0	0	0	0
AF	0	0.555903	4	2	2	0	0	0	0
AF	0	0.556215	2	1	1	0	0	0	0
AF	0	0.556527	7	5	2	0	0	0	0
AF	0	0.556839	1	0	1	0	0	0	0
AF	0	0.557152	1	1	0	0	0	0	0
AF	0	0.557776	2	2	0	0	0	0	0
AF	0	0.558089	1	0	1	0	0	0	0
AF	0	0.558401	1	0	1	0	0	0	0
AF	0	0.559338	1	1	0	0	0	0	0
AF	0	0.559650	1	1	0	0	0	0	0
AF	0	0.560275	1	0	1	0	0	0	0
AF	0	0.560899	1	1	0	0	0	0	0
AF	0	0.561212	1	1	0	0	0	0	0
AF	0	0.561524	1	1	0	0	0	0	0
AF	0	0.561836	1	1	0	0	0	0	0
AF	0	0.562149	2	0	2	0	0	0	0
AF	0	0.564647	1	0	1	0	0	0	0
AF	0	0.565896	1	1	0	0	0	0	0
AF	0	0.566521	3	3	0	0	0	0	0
AF	0	0.566833	1	0	1	0	0	0	0
AF	0	0.567146	2	1	1	0	0	0	0
AF	0	0.567770	1	1	0	0	0	0	0
AF	0	0.568395	1	1	0	0	0	0	0
AF	0	0.569019	1	1	0	0	0	0	0
AF	0	0.569644	3	2	1	0	0	0	0
AF	0	0.569956	1	1	0	0	0	0	0
AF	0	0.570893	2	1	1	0	0	0	0
AF	0	0.571205	1	1	0	0	0	0	0
AF	0	0.573079	1	1	0	0	0	0	0
AF	0	0.573704	1	1	0	0	0	0	0
AF	0	0.574641	1	1	0	0	0	0	0
AF	0	0.577139	1	1	0	0	0	0	0
AF	0	0.578389	1	1	0	0	0	0	0
AF	0	0.579013	1	1	0	0	0	0	0
AF	0	0.582136	1	1	0	0	0	0	0
AF	0	0.584635	1	1	0	0	0	0	0
AF	0	0.586508	1	1	0	0	0	0	0
AF	0	0.586821	1	1	0	0	0	0	0
AF	0	0.590256	1	1	0	0	0	0	0
AF	0	0.593379	2	1	1	0	0	0	0
AF	0	0.593691	2	1	1	0	0	0	0
AF	0	0.595253	1	0	1	0	0	0	0
AF	0	0.596190	1	1	0	0	0	0	0
AF	0	0.597127	1	1	0	0	0	0	0
AF	0	0.597439	1	0	1	0	0	0	0
AF	0	0.597751	3	1	2	0	0	0	0
AF	0	0.598064	1	1	0	0	0	0	0
AF	0	0.598376	2	1	1	0	0	0	0
AF	0	0.598688	2	2	0	0	0	0	0
AF	0	0.599001	2	1	1	0	0	0	0
AF	0	0.600562	1	1	0	0	0	0	0
AF	0	0.600874	6	4	2	0	0	0	0
AF	0	0.601187	1	0	1	0	0	0	0
AF	0	0.601499	2	2	0	0	0	0	0
AF	0	0.601811	1	1	0	0	0	0	0
AF	0	0.602124	3	2	1	0	0	0	0
AF	0	0.603373	1	1	0	0	0	0	0
AF	0	0.604934	1	1	0	0	0	0	0
AF	0	0.605871	1	1	0	0	0	0	0
AF	0	0.606808	2	1	1	0	0	0	0
AF	0	0.607121	1	1	0	0	0	0	0
AF	0	0.608057	2	2	0	0	0	0	0
AF	0	0.608370	2	1	1	0	0	0	0
AF	0	0.608994	2	2	0	0	0	0	0
AF	0	0.610868	2	0	2	0	0	0	0
AF	0	0.612430	1	1	0	0	0	0	0
AF	0	0.613367	1	1	0	0	0	0	0
AF	0	0.613679	1	0	1	0	0	0	0
AF	0	0.614928	1	0	1	0	0	0	0
AF	0	0.617114	1	0	1	0	0	0	0
AF	0	0.617739	1	1	0	0	0	0	0
AF	0	0.618364	1	1	0	0	0	0	0
AF	0	0.618988	1	1	0	0	0	0	0
AF	0	0.620237	1	1	0	0	0	0	0
AF	0	0.620550	2	1	1	0	0	0	0
AF	0	0.622111	1	0	1	0	0	0	0
AF	0	0.623360	1	1	0	0	0	0	0
AF	0	0.624297	1	1	0	0	0	0	0
AF	0	0.626483	2	1	1	0	0	0	0
AF	0	0.627733	1	0	1	0	0	0	0
AF	0	0.629294	1	1	0	0	0	0	0
AF	0	0.631168	1	1	0	0	0	0	0
AF	0	0.631793	1	1	0	0	0	0	0
AF	0	0.632105	1	1	0	0	0	0	0
AF	0	0.632730	1	0	1	0	0	0	0
AF	0	0.634291	1	0	1	0	0	0	0
AF	0	0.635228	1	1	0	0	0	0	0
AF	0	0.635853	2	2	0	0	0	0	0
AF	0	0.636165	1	1	0	0	0	0	0
AF	0	0.638039	1	1	0	0	0	0	0
AF	0	0.638663	3	2	1	0	0	0	0
AF	0	0.639288	1	1	0	0	0	0	0
AF	0	0.639600	1	1	0	0	0	0	0
AF	0	0.639913	2	1	1	0	0	0	0
AF	0	0.640537	1	0	1	0	0	0	0
AF	0	0.641162	1	1	0	0	0	0	0
AF	0	0.641786	1	0	1	0	0	0	0
AF	0	0.642723	2	2	0	0	0	0	0
AF	0	0.643036	1	1	0	0	0	0	0
AF	0	0.643348	2	1	1	0	0	0	0
AF	0	0.644285	1	1	0	0	0	0	0
AF	0	0.644909	1	1	0	0	0	0	0
AF	0	0.645222	2	0	2	0	0	0	0
AF	0	0.645534	1	0	1	0	0	0	0
AF	0	0.646471	1	0	1	0	0	0	0
AF	0	0.646783	3	3	0	0	0	0	0
AF	0	0.647720	1	0	1	0	0	0	0
AF	0	0.649594	1	0	1	0	0	0	0
AF	0	0.650219	1	0	1	0	0	0	0
AF	0	0.651156	2	2	0	0	0	0	0
AF	0	0.652092	1	1	0	0	0	0	0
AF	0	0.653342	1	0	1	0	0	0	0
AF	0	0.653654	1	0	1	0	0	0	0
AF	0	0.654903	1	1	0	0	0	0	0
AF	0	0.656152	1	1	0	0	0	0	0
AF	0	0.657089	1	1	0	0	0	0	0
AF	0	0.658651	1	0	1	0	0	0	0
AF	0	0.658963	3	2	1	0	0	0	0
AF	0	0.659275	2	1	1	0	0	0	0
AF	0	0.659588	2	1	1	0	0	0	0
AF	0	0.659900	1	1	0	0	0	0	0
AF	0	0.661462	2	1	1	0	0	0	0
AF	0	0.663335	2	1	1	0	0	0	0
AF	0	0.663648	2	0	2	0	0	0	0
AF	0	0.663960	8	6	2	0	0	0	0
AF	0	0.665209	1	1	0	0	0	0	0
AF	0	0.665834	1	0	1	0	0	0	0
AF	0	0.667395	1	0	1	0	0	0	0
AF	0	0.668020	1	0	1	0	0	0	0
AF	0	0.668645	1	1	0	0	0	0	0
AF	0	0.669269	1	0	1	0	0	0	0
AF	0	0.669894	2	1	1	0	0	0	0
AF	0	0.670206	1	1	0	0	0	0	0
AF	0	0.670518	1	1	0	0	0	0	0
AF	0	0.671143	4	1	3	0	0	0	0
AF	0	0.672080	1	1	0	0	0	0	0
AF	0	0.674891	1	1	0	0	0	0	0
AF	0	0.675203	1	1	0	0	0	0	0
AF	0	0.676765	2	2	0	0	0	0	0
AF	0	0.678638	3	3	0	0	0	0	0
AF	0	0.678951	2	2	0	0	0	0	0
AF	0	0.679263	1	1	0	0	0	0	0
AF	0	0.679575	4	3	1	0	0	0	0
AF	0	0.680824	1	0	1	0	0	0	0
AF	0	0.681137	1	0	1	0	0	0	0
AF	0	0.681449	1	1	0	0	0	0	0
AF	0	0.681761	2	1	1	0	0	0	0
AF	0	0.682698	1	1	0	0	0	0	0
AF	0	0.683011	1	1	0	0	0	0	0
AF	0	0.683635	1	1	0	0	0	0	0
AF	0	0.683948	1	1	0	0	0	0	0
AF	0	0.684260	1	0	1	0	0	0	0
AF	0	0.684572	1	1	0	0	0	0	0
AF	0	0.684884	1	1	0	0	0	0	0
AF	0	0.685197	1	0	1	0	0	0	0
AF	0	0.685509	1	1	0	0	0	0	0
AF	0	0.687383	2	1	1	0	0	0	0
AF	0	0.688632	1	1	0	0	0	0	0
AF	0	0.689569	1	1	0	0	0	0	0
AF	0	0.690194	1	1	0	0	0	0	0
AF	0	0.692692	1	1	0	0	0	0	0
AF	0	0.693941	1	1	0	0	0	0	0
AF	0	0.695503	1	0	1	0	0	0	0
AF	0	0.698938	1	0	1	0	0	0	0
AF	0	0.699563	1	1	0	0	0	0	0
AF	0	0.699875	1	1	0	0	0	0	0
AF	0	0.703310	1	0	1	0	0	0	0
AF	0	0.704247	1	1	0	0	0	0	0
AF	0	0.705497	2	1	1	0	0	0	0
AF	0	0.706121	1	1	0	0	0	0	0
AF	0	0.706746	2	2	0	0	0	0	0
AF	0	0.707058	2	1	1	0	0	0	0
AF	0	0.707370	2	1	1	0	0	0	0
AF	0	0.709869	2	2	0	0	0	0	0
AF	0	0.710493	2	2	0	0	0	0	0
AF	0	0.711430	2	1	1	0	0	0	0
AF	0	0.713929	1	0	1	0	0	0	0
AF	0	0.714241	1	1	0	0	0	0	0
AF	0	0.714553	1	1	0	0	0	0	0
AF	0	0.715803	1	0	1	0	0	0	0
AF	0	0.716115	1	1	0	0	0	0	0
AF	0	0.717364	2	1	1	0	0	0	0
AF	0	0.717676	1	1	0	0	0	0	0
AF	0	0.717989	1	1	0	0	0	0	0
AF	0	0.718301	1	0	1	0	0	0	0
AF	0	0.719238	1	1	0	0	0	0	0
AF	0	0.719863	1	1	0	0	0	0	0
AF	0	0.720175	1	1	0	0	0	0	0
AF	0	0.720487	1	1	0	0	0	0	0
AF	0	0.721112	1	1	0	0	0	0	0
AF	0	0.722986	1	1	0	0	0	0	0
AF	0	0.724859	1	1	0	0	0	0	0
AF	0	0.725172	2	2	0	0	0	0	0
AF	0	0.727358	2	0	2	0	0	0	0
AF	0	0.727983	1	1	0	0	0	0	0
AF	0	0.730481	1	0	1	0	0	0	0
AF	0	0.730793	1	0	1	0	0	0	0
AF	0	0.731106	2	2	0	0	0	0	0
AF	0	0.731730	1	1	0	0	0	0	0
AF	0	0.732355	1	1	0	0	0	0	0
AF	0	0.733292	3	2	1	0	0	0	0
AF	0	0.733604	1	0	1	0	0	0	0
AF	0	0.733916	1	1	0	0	0	0	0
AF	0	0.734229	1	0	1	0	0	0	0
AF	0	0.734541	1	0	1	0	0	0	0
AF	0	0.734853	2	1	1	0	0	0	0
AF	0	0.735478	4	2	2	0	0	0	0
AF	0	0.736727	1	1	0	0	0	0	0
AF	0	0.737352	4	1	3	0	0	0	0
AF	0	0.737664	1	1	0	0	0	0	0
AF	0	0.737976	1	0	1	0	0	0	0
AF	0	0.738913	3	3	0	0	0	0	0
AF	0	0.739225	2	1	1	0	0	0	0
AF	0	0.741099	2	1	1	0	0	0	0
AF	0	0.741412	1	1	0	0	0	0	0
AF	0	0.742036	1	0	1	0	0	0	0
AF	0	0.743598	1	1	0	0	0	0	0
AF	0	0.743910	1	1	0	0	0	0	0
AF	0	0.744847	1	0	1	0	0	0	0
AF	0	0.746096	1	0	1	0	0	0	0
AF	0	0.746408	1	1	0	0	0	0	0
AF	0	0.746721	10	7	3	0	0	0	0
AF	0	0.747970	1	1	0	0	0	0	0
AF	0	0.748907	1	1	0	0	0	0	0
AF	0	0.749844	2	1	1	0	0	0	0
AF	0	0.750468	1	0	1	0	0	0	0
AF	0	0.750781	1	1	0	0	0	0	0
AF	0	0.751093	1	0	1	0	0	0	0
AF	0	0.751718	2	1	1	0	0	0	0
AF	0	0.752030	1	1	0	0	0	0	0
AF	0	0.752342	1	0	1	0	0	0	0
AF	0	0.753592	2	1	1	0	0	0	0
AF	0	0.753904	1	1	0	0	0	0	0
AF	0	0.754216	1	1	0	0	0	0	0
AF	0	0.754528	3	1	2	0	0	0	0
AF	0	0.754841	8	6	2	0	0	0	0
AF	0	0.755153	1	1	0	0	0	0	0
AF	0	0.755465	6	4	2	0	0	0	0
AF	0	0.757339	2	2	0	0	0	0	0
AF	0	0.757964	2	1	1	0	0	0	0
AF	0	0.758588	1	1	0	0	0	0	0
AF	0	0.760462	1	0	1	0	0	0	0
AF	0	0.760775	5	5	0	0	0	0	0
AF	0	0.761087	1	0	1	0	0	0	0
AF	0	0.761711	3	2	1	0	0	0	0
AF	0	0.762336	3	2	1	0	0	0	0
AF	0	0.762648	4	1	3	0	0	0	0
AF	0	0.762961	15	8	7	0	0	0	0
AF	0	0.763273	15	12	3	0	0	0	0
AF	0	0.763585	5	2	3	0	0	0	0
AF	0	0.763898	1	1	0	0	0	0	0
AF	0	0.764210	9	6	3	0	0	0	0
AF	0	0.764834	1	0	1	0	0	0	0
AF	0	0.765147	1	1	0	0	0	0	0
AF	0	0.765771	3	2	1	0	0	0	0
AF	0	0.766084	2	2	0	0	0	0	0
AF	0	0.766708	1	1	0	0	0	0	0
AF	0	0.767021	1	1	0	0	0	0	0
AF	0	0.767958	1	0	1	0	0	0	0
AF	0	0.768582	1	0	1	0	0	0	0
AF	0	0.768894	1	1	0	0	0	0	0
AF	0	0.769207	1	1	0	0	0	0	0
AF	0	0.769831	3	2	1	0	0	0	0
AF	0	0.770144	1	1	0	0	0	0	0
AF	0	0.771081	4	3	1	0	0	0	0
AF	0	0.771393	6	4	2	0	0	0	0
AF	0	0.771705	1	1	0	0	0	0	0
AF	0	0.772330	1	0	1	0	0	0	0
AF	0	0.773891	1	1	0	0	0	0	0
AF	0	0.774204	4	3	1	0	0	0	0
AF	0	0.777327	4	1	3	0	0	0	0
AF	0	0.777639	2	1	1	0	0	0	0
AF	0	0.777951	1	0	1	0	0	0	0
AF	0	0.778264	1	1	0	0	0	0	0
AF	0	0.778888	1	0	1	0	0	0	0
AF	0	0.780762	1	1	0	0	0	0	0
AF	0	0.781387	1	1	0	0	0	0	0
AF	0	0.781699	1	0	1	0	0	0	0
AF	0	0.782011	1	0	1	0	0	0	0
AF	0	0.784822	1	1	0	0	0	0	0
AF	0	0.785134	2	2	0	0	0	0	0
AF	0	0.785447	1	1	0	0	0	0	0
AF	0	0.785759	3	2	1	0	0	0	0
AF	0	0.786071	1	1	0	0	0	0	0
AF	0	0.786384	1	1	0	0	0	0	0
AF	0	0.787320	2	1	1	0	0	0	0
AF	0	0.787633	1	1	0	0	0	0	0
AF	0	0.790443	1	1	0	0	0	0	0
AF	0	0.792630	2	2	0	0	0	0	0
AF	0	0.793254	4	2	2	0	0	0	0
AF	0	0.795128	1	0	1	0	0	0	0
AF	0	0.795753	1	0	1	0	0	0	0
AF	0	0.798876	1	1	0	0	0	0	0
AF	0	0.799500	2	2	0	0	0	0	0
AF	0	0.799813	3	1	2	0	0	0	0
AF	0	0.800125	1	0	1	0	0	0	0
AF	0	0.800437	1	0	1	0	0	0	0
AF	0	0.800750	2	2	0	0	0	0	0
AF	0	0.802311	1	0	1	0	0	0	0
AF	0	0.802623	2	2	0	0	0	0	0
AF	0	0.803560	1	1	0	0	0	0	0
AF	0	0.804497	4	2	2	0	0	0	0
AF	0	0.805122	1	1	0	0	0	0	0
AF	0	0.806059	1	1	0	0	0	0	0
AF	0	0.806996	1	0	1	0	0	0	0
AF	0	0.807620	2	1	1	0	0	0	0
AF	0	0.808869	1	0	1	0	0	0	0
AF	0	0.810743	1	0	1	0	0	0	0
AF	0	0.811056	1	0	1	0	0	0	0
AF	0	0.811368	1	1	0	0	0	0	0
AF	0	0.811993	1	1	0	0	0	0	0
AF	0	0.814179	2	2	0	0	0	0	0
AF	0	0.815740	3	2	1	0	0	0	0
AF	0	0.816052	1	1	0	0	0	0	0
AF	0	0.816989	1	0	1	0	0	0	0
AF	0	0.817302	1	0	1	0	0	0	0
AF	0	0.818551	1	1	0	0	0	0	0
AF	0	0.818863	2	1	1	0	0	0	0
AF	0	0.819176	1	1	0	0	0	0	0
AF	0	0.819488	1	1	0	0	0	0	0
AF	0	0.819800	2	2	0	0	0	0	0
AF	0	0.821362	1	1	0	0	0	0	0
AF	0	0.822611	6	5	1	0	0	0	0
AF	0	0.823235	1	0	1	0	0	0	0
AF	0	0.824172	2	2	0	0	0	0	0
AF	0	0.825109	1	0	1	0	0	0	0
AF	0	0.826359	1	1	0	0	0	0	0
AF	0	0.826983	1	1	0	0	0	0	0
AF	0	0.827295	1	0	1	0	0	0	0
AF	0	0.828232	1	1	0	0	0	0	0
AF	0	0.829794	1	0	1	0	0	0	0
AF	0	0.834791	1	0	1	0	0	0	0
AF	0	0.836977	1	1	0	0	0	0	0
AF	0	0.838538	2	2	0	0	0	0	0
AF	0	0.838851	1	0	1	0	0	0	0
AF	0	0.839163	1	0	1	0	0	0	0
AF	0	0.839475	9	7	2	0	0	0	0
AF	0	0.839788	1	0	1	0	0	0	0
AF	0	0.841349	1	0	1	0	0	0	0
AF	0	0.841974	1	1	0	0	0	0	0
AF	0	0.842286	1	1	0	0	0	0	0
AF	0	0.842598	2	1	1	0	0	0	0
AF	0	0.842911	3	2	1	0	0	0	0
AF	0	0.843223	1	1	0	0	0	0	0
AF	0	0.844472	5	1	4	0	0	0	0
AF	0	0.845721	1	1	0	0	0	0	0
AF	0	0.846034	1	1	0	0	0	0	0
AF	0	0.846346	1	1	0	0	0	0	0
AF	0	0.846971	1	0	1	0	0	0	0
AF	0	0.850406	1	1	0	0	0	0	0
AF	0	0.853217	2	1	1	0	0	0	0
AF	0	0.854466	1	1	0	0	0	0	0
AF	0	0.854778	1	1	0	0	0	0	0
AF	0	0.856964	2	1	1	0	0	0	0
AF	0	0.858214	2	1	1	0	0	0	0
AF	0	0.858526	1	1	0	0	0	0	0
AF	0	0.859463	2	1	1	0	0	0	0
AF	0	0.860087	2	2	0	0	0	0	0
AF	0	0.860400	1	0	1	0	0	0	0
AF	0	0.860712	3	2	1	0	0	0	0
AF	0	0.861024	1	1	0	0	0	0	0
AF	0	0.861337	2	2	0	0	0	0	0
AF	0	0.863835	1	0	1	0	0	0	0
AF	0	0.869457	1	0	1	0	0	0	0
AF	0	0.871330	1	1	0	0	0	0	0
AF	0	0.872267	1	0	1	0	0	0	0
AF	0	0.873517	1	1	0	0	0	0	0
AF	0	0.873829	1	1	0	0	0	0	0
AF	0	0.874453	2	2	0	0	0	0	0
AF	0	0.875078	1	0	1	0	0	0	0
AF	0	0.876327	1	0	1	0	0	0	0
AF	0	0.876952	1	1	0	0	0	0	0
AF	0	0.877577	1	1	0	0	0	0	0
AF	0	0.879138	1	1	0	0	0	0	0
AF	0	0.879763	1	0	1	0	0	0	0
AF	0	0.880387	1	0	1	0	0	0	0
AF	0	0.880700	1	1	0	0	0	0	0
AF	0	0.881012	2	1	1	0	0	0	0
AF	0	0.881636	1	1	0	0	0	0	0
AF	0	0.881949	2	1	1	0	0	0	0
AF	0	0.882261	1	1	0	0	0	0	0
AF	0	0.882573	3	3	0	0	0	0	0
AF	0	0.884447	1	1	0	0	0	0	0
AF	0	0.886946	1	1	0	0	0	0	0
AF	0	0.890381	1	1	0	0	0	0	0
AF	0	0.891006	1	1	0	0	0	0	0
AF	0	0.891630	1	1	0	0	0	0	0
AF	0	0.892255	1	1	0	0	0	0	0
AF	0	0.892567	1	0	1	0	0	0	0
AF	0	0.893192	1	1	0	0	0	0	0
AF	0	0.895378	1	1	0	0	0	0	0
AF	0	0.896002	1	1	0	0	0	0	0
AF	0	0.896315	3	2	1	0	0	0	0
AF	0	0.896627	1	1	0	0	0	0	0
AF	0	0.900999	2	0	2	0	0	0	0
AF	0	0.901312	1	0	1	0	0	0	0
AF	0	0.903186	1	1	0	0	0	0	0
AF	0	0.905684	1	1	0	0	0	0	0
AF	0	0.906621	1	0	1	0	0	0	0
AF	0	0.907558	1	0	1	0	0	0	0
AF	0	0.907870	1	1	0	0	0	0	0
AF	0	0.908807	1	0	1	0	0	0	0
AF	0	0.909119	1	0	1	0	0	0	0
AF	0	0.909432	1	0	1	0	0	0	0
AF	0	0.910681	1	1	0	0	0	0	0
AF	0	0.911618	1	1	0	0	0	0	0
AF	0	0.915678	1	1	0	0	0	0	0
AF	0	0.915990	1	0	1	0	0	0	0
AF	0	0.916615	1	0	1	0	0	0	0
AF	0	0.920987	1	1	0	0	0	0	0
AF	0	0.921299	1	0	1	0	0	0	0
AF	0	0.922861	2	0	2	0	0	0	0
AF	0	0.923485	1	1	0	0	0	0	0
AF	0	0.924110	1	1	0	0	0	0	0
AF	0	0.924735	1	1	0	0	0	0	0
AF	0	0.925047	1	1	0	0	0	0	0
AF	0	0.926608	2	1	1	0	0	0	0
AF	0	0.927858	1	1	0	0	0	0	0
AF	0	0.928482	2	1	1	0	0	0	0
AF	0	0.930044	1	1	0	0	0	0	0
AF	0	0.931293	1	1	0	0	0	0	0
AF	0	0.931605	2	2	0	0	0	0	0
AF	0	0.932854	1	0	1	0	0	0	0
AF	0	0.933167	1	1	0	0	0	0	0
AF	0	0.933479	1	1	0	0	0	0	0
AF	0	0.934104	1	1	0	0	0	0	0
AF	0	0.934728	2	2	0	0	0	0	0
AF	0	0.935353	2	2	0	0	0	0	0
AF	0	0.935665	4	3	1	0	0	0	0
AF	0	0.935978	3	3	0	0	0	0	0
AF	0	0.936602	2	2	0	0	0	0	0
AF	0	0.936914	1	0	1	0	0	0	0
AF	0	0.937227	1	0	1	0	0	0	0
AF	0	0.937539	1	1	0	0	0	0	0
AF	0	0.937851	1	1	0	0	0	0	0
AF	0	0.938164	1	0	1	0	0	0	0
AF	0	0.939101	2	1	1	0	0	0	0
AF	0	0.939725	4	4	0	0	0	0	0
AF	0	0.940037	1	0	1	0	0	0	0
AF	0	0.940350	2	2	0	0	0	0	0
AF	0	0.940662	1	1	0	0	0	0	0
AF	0	0.940974	1	1	0	0	0	0	0
AF	0	0.941599	1	1	0	0	0	0	0
AF	0	0.942224	2	2	0	0	0	0	0
AF	0	0.943473	1	1	0	0	0	0	0
AF	0	0.944097	3	2	1	0	0	0	0
AF	0	0.944722	1	1	0	0	0	0	0
AF	0	0.945034	2	1	1	0	0	0	0
AF	0	0.945347	3	3	0	0	0	0	0
AF	0	0.946908	2	0	2	0	0	0	0
AF	0	0.947845	1	1	0	0	0	0	0
AF	0	0.950968	3	2	1	0	0	0	0
AF	0	0.951593	2	2	0	0	0	0	0
AF	0	0.951905	2	0	2	0	0	0	0
AF	0	0.955028	1	0	1	0	0	0	0
AF	0	0.959713	1	0	1	0	0	0	0
AF	0	0.961587	2	2	0	0	0	0	0
AF	0	0.961899	1	1	0	0	0	0	0
AF	0	0.962836	1	1	0	0	0	0	0
AF	0	0.963773	2	2	0	0	0	0	0
AF	0	0.964085	1	1	0	0	0	0	0
AF	0	0.967208	1	1	0	0	0	0	0
AF	0	0.967520	1	1	0	0	0	0	0
AF	0	0.969082	1	0	1	0	0	0	0
AF	0	0.970331	1	1	0	0	0	0	0
AF	0	0.970956	2	1	1	0	0	0	0
AF	0	0.971268	1	1	0	0	0	0	0
AF	0	0.973454	4	2	2	0	0	0	0
AF	0	0.974079	5	2	3	0	0	0	0
AF	0	0.975016	1	0	1	0	0	0	0
AF	0	0.975328	3	2	1	0	0	0	0
AF	0	0.976265	1	1	0	0	0	0	0
AF	0	0.977202	1	0	1	0	0	0	0
AF	0	0.978139	1	1	0	0	0	0	0
AF	0	0.979076	5	4	1	0	0	0	0
AF	0	0.981262	1	1	0	0	0	0	0
AF	0	0.982511	1	1	0	0	0	0	0
AF	0	0.989069	1	1	0	0	0	0	0
AF	0	0.990631	1	1	0	0	0	0	0
AF	0	0.990943	1	1	0	0	0	0	0
AF	0	0.991568	1	0	1	0	0	0	0
AF	0	0.991880	1	1	0	0	0	0	0
AF	0	0.993442	1	1	0	0	0	0	0
AF	0	0.994066	1	1	0	0	0	0	0
AF	0	0.994691	1	1	0	0	0	0	0
AF	0	0.995315	2	2	0	0	0	0	0
AF	0	0.995940	4	1	3	0	0	0	0
AF	0	0.997189	1	0	1	0	0	0	0
AF	0	0.998438	4	2	2	0	0	0	0
AF	0	0.999063	9	5	4	0	0	0	0
# QUAL, Stats by quality
# QUAL	[2]id	[3]Quality	[4]number of SNPs	[5]number of transitions (1st ALT)	[6]number of transversions (1st ALT)	[7]number of indels
QUAL	0	.	14395	9718	4677	0
# IDD, InDel distribution:
# IDD	[2]id	[3]length (deletions negative)	[4]number of sites	[5]number of genotypes	[6]mean VAF
# ST, Substitution types:
# ST	[2]id	[3]type	[4]count
ST	0	A>C	539
ST	0	A>G	1972
ST	0	A>T	537
ST	0	C>A	713
ST	0	C>G	591
ST	0	C>T	2818
ST	0	G>A	3123
ST	0	G>C	629
ST	0	G>T	691
ST	0	T>A	524
ST	0	T>C	1805
ST	0	T>G	453
# DP, Depth distribution
# DP	[2]id	[3]bin	[4]number of genotypes	[5]fraction of genotypes (%)	[6]number of sites	[7]fraction of sites (%)
  - Fix haploid genotypes in males...

Submit MakeDiploidMalesX finished successfully. Let's have a beer, buddy!

