Submit MakeDiploidMalesX
version 1.1.6 (2024-09-30)

These are the settings:
  Input file................: /hpc/local/Rocky8/dhl_ec/software/MonopogenLite/resources/1kGP_high_coverage_Illumina.SNVonly_poly.filtered_AF_5e-04.norm.fixvariantid.chrX.vcf.gz
  Output file...............: /hpc/local/Rocky8/dhl_ec/software/MonopogenLite/resources/1kGP_high_coverage_Illumina.SNVonly_poly.filtered_AF_5e-04.norm.fixvariantid.makediploid.chrX.vcf.gz
  Chunk size................: 100

  SLURM CPUs................: 4
  SLURM Array ID............: 43 (of 100)
  SLURM memory..............: 16G
  SLURM time................: 01:00:00
  SLURM mail type...........: FAIL
  SLURM mail user...........: s.w.vanderlaan-2@umcutrecht.nl

  Dry run mode..............: 0
  Debug mode................: 1
  Verbosity.................: 0
  Version...................: 1.1.6 (2024-09-30)

Making converting haploid genotypes to diploid genotypes.
> Extract the region for this SLURM task (# 43) from the BED file.
  - Get the chunk number from the SLURM array task ID and the bed file...
DEBUG: Extracting chunk number: 43p from 43
DEBUG: Extracting region from BED file: /hpc/local/Rocky8/dhl_ec/software/MonopogenLite/resources/chrX_100pieces.bed
  - Extract the region from the BED file...
DEBUG: Extracted raw region: 'chrX	65537137	67097544' (chunk #: 43p of 100 for job 43)
  - Check if a valid region was extracted -- should be 'chrX	65537137	67097544'...
  - Prepare the region for bcftools...
  - Check if the region (chrX:65537137-67097544) was successfully extracted...
> Processing region 'chrX:65537137-67097544'...
  - Process the specific region (chunk# 43) using bcftools view...
  - Index the VCF file...
DEBUG: Check if the VCF file was successfully processed...
##fileformat=VCFv4.2
##FILTER=<ID=PASS,Description="All filters passed">
##fileDate=29/01/2022 - 14:31:41
##source=shapeit4.2.2
##contig=<ID=chr1,length=248956422>
##contig=<ID=chr2,length=242193529>
##contig=<ID=chr3,length=198295559>
##contig=<ID=chr4,length=190214555>
##contig=<ID=chr5,length=181538259>
##contig=<ID=chr6,length=170805979>
# This file was produced by bcftools stats (1.20+htslib-1.20) and can be plotted using plot-vcfstats.
# The command line was:	bcftools stats  /hpc/local/Rocky8/dhl_ec/software/MonopogenLite/resources/chrX.part43.vcf.gz
#
# Definition of sets:
# ID	[2]id	[3]tab-separated file names
ID	0	/hpc/local/Rocky8/dhl_ec/software/MonopogenLite/resources/chrX.part43.vcf.gz
# SN, Summary numbers:
#   number of records   .. number of data rows in the VCF
#   number of no-ALTs   .. reference-only sites, ALT is either "." or identical to REF
#   number of SNPs      .. number of rows with a SNP
#   number of MNPs      .. number of rows with a MNP, such as CC>TT
#   number of indels    .. number of rows with an indel
#   number of others    .. number of rows with other type, for example a symbolic allele or
#                          a complex substitution, such as ACT>TCGA
#   number of multiallelic sites     .. number of rows with multiple alternate alleles
#   number of multiallelic SNP sites .. number of rows with multiple alternate alleles, all SNPs
# 
#   Note that rows containing multiple types will be counted multiple times, in each
#   counter. For example, a row with a SNP and an indel increments both the SNP and
#   the indel counter.
# 
# SN	[2]id	[3]key	[4]value
SN	0	number of samples:	3202
SN	0	number of records:	20301
SN	0	number of no-ALTs:	0
SN	0	number of SNPs:	20301
SN	0	number of MNPs:	0
SN	0	number of indels:	0
SN	0	number of others:	0
SN	0	number of multiallelic sites:	0
SN	0	number of multiallelic SNP sites:	0
# TSTV, transitions/transversions:
# TSTV	[2]id	[3]ts	[4]tv	[5]ts/tv	[6]ts (1st ALT)	[7]tv (1st ALT)	[8]ts/tv (1st ALT)
TSTV	0	12971	7330	1.77	12971	7330	1.77
# SiS, Singleton stats:
# SiS	[2]id	[3]allele count	[4]number of SNPs	[5]number of transitions	[6]number of transversions	[7]number of indels	[8]repeat-consistent	[9]repeat-inconsistent	[10]not applicable
SiS	0	1	0	0	0	0	0	0	0
# AF, Stats by non-reference allele frequency:
# AF	[2]id	[3]allele frequency	[4]number of SNPs	[5]number of transitions	[6]number of transversions	[7]number of indels	[8]repeat-consistent	[9]repeat-inconsistent	[10]not applicable
AF	0	0.000312	3599	2311	1288	0	0	0	0
AF	0	0.000625	2541	1600	941	0	0	0	0
AF	0	0.000937	2566	1617	949	0	0	0	0
AF	0	0.001249	738	496	242	0	0	0	0
AF	0	0.001562	1220	783	437	0	0	0	0
AF	0	0.001874	476	308	168	0	0	0	0
AF	0	0.002186	673	434	239	0	0	0	0
AF	0	0.002498	241	150	91	0	0	0	0
AF	0	0.002811	507	322	185	0	0	0	0
AF	0	0.003123	259	161	98	0	0	0	0
AF	0	0.003435	320	214	106	0	0	0	0
AF	0	0.003748	146	97	49	0	0	0	0
AF	0	0.004060	348	209	139	0	0	0	0
AF	0	0.004372	171	112	59	0	0	0	0
AF	0	0.004685	235	148	87	0	0	0	0
AF	0	0.004997	121	84	37	0	0	0	0
AF	0	0.005309	243	153	90	0	0	0	0
AF	0	0.005621	105	69	36	0	0	0	0
AF	0	0.005934	196	114	82	0	0	0	0
AF	0	0.006246	90	56	34	0	0	0	0
AF	0	0.006558	164	103	61	0	0	0	0
AF	0	0.006871	157	105	52	0	0	0	0
AF	0	0.007183	161	103	58	0	0	0	0
AF	0	0.007495	96	68	28	0	0	0	0
AF	0	0.007808	152	88	64	0	0	0	0
AF	0	0.008120	52	31	21	0	0	0	0
AF	0	0.008432	102	66	36	0	0	0	0
AF	0	0.008745	66	46	20	0	0	0	0
AF	0	0.009057	100	70	30	0	0	0	0
AF	0	0.009369	62	40	22	0	0	0	0
AF	0	0.009681	102	62	40	0	0	0	0
AF	0	0.009994	57	44	13	0	0	0	0
AF	0	0.010306	91	56	35	0	0	0	0
AF	0	0.010618	44	26	18	0	0	0	0
AF	0	0.010931	68	37	31	0	0	0	0
AF	0	0.011243	17	10	7	0	0	0	0
AF	0	0.011555	182	118	64	0	0	0	0
AF	0	0.011868	29	21	8	0	0	0	0
AF	0	0.012180	120	79	41	0	0	0	0
AF	0	0.012492	27	14	13	0	0	0	0
AF	0	0.012804	27	19	8	0	0	0	0
AF	0	0.013117	17	10	7	0	0	0	0
AF	0	0.013429	40	35	5	0	0	0	0
AF	0	0.013741	20	14	6	0	0	0	0
AF	0	0.014054	24	15	9	0	0	0	0
AF	0	0.014366	24	16	8	0	0	0	0
AF	0	0.014678	26	17	9	0	0	0	0
AF	0	0.014991	20	12	8	0	0	0	0
AF	0	0.015303	40	31	9	0	0	0	0
AF	0	0.015615	26	17	9	0	0	0	0
AF	0	0.015928	47	32	15	0	0	0	0
AF	0	0.016240	24	14	10	0	0	0	0
AF	0	0.016552	57	40	17	0	0	0	0
AF	0	0.016864	32	23	9	0	0	0	0
AF	0	0.017177	58	38	20	0	0	0	0
AF	0	0.017489	15	12	3	0	0	0	0
AF	0	0.017801	31	18	13	0	0	0	0
AF	0	0.018114	12	8	4	0	0	0	0
AF	0	0.018426	34	23	11	0	0	0	0
AF	0	0.018738	23	12	11	0	0	0	0
AF	0	0.019051	25	16	9	0	0	0	0
AF	0	0.019363	9	7	2	0	0	0	0
AF	0	0.019675	25	15	10	0	0	0	0
AF	0	0.019988	15	10	5	0	0	0	0
AF	0	0.020300	27	20	7	0	0	0	0
AF	0	0.020612	12	9	3	0	0	0	0
AF	0	0.020924	21	10	11	0	0	0	0
AF	0	0.021237	13	9	4	0	0	0	0
AF	0	0.021549	18	12	6	0	0	0	0
AF	0	0.021861	8	5	3	0	0	0	0
AF	0	0.022174	16	10	6	0	0	0	0
AF	0	0.022486	12	7	5	0	0	0	0
AF	0	0.022798	16	9	7	0	0	0	0
AF	0	0.023111	5	2	3	0	0	0	0
AF	0	0.023423	27	18	9	0	0	0	0
AF	0	0.023735	3	2	1	0	0	0	0
AF	0	0.024047	8	8	0	0	0	0	0
AF	0	0.024360	18	8	10	0	0	0	0
AF	0	0.024672	15	11	4	0	0	0	0
AF	0	0.024984	8	5	3	0	0	0	0
AF	0	0.025297	11	6	5	0	0	0	0
AF	0	0.025609	12	5	7	0	0	0	0
AF	0	0.025921	12	9	3	0	0	0	0
AF	0	0.026234	7	5	2	0	0	0	0
AF	0	0.026546	10	7	3	0	0	0	0
AF	0	0.026858	4	3	1	0	0	0	0
AF	0	0.027171	8	4	4	0	0	0	0
AF	0	0.027483	3	3	0	0	0	0	0
AF	0	0.027795	8	7	1	0	0	0	0
AF	0	0.028107	4	3	1	0	0	0	0
AF	0	0.028420	13	12	1	0	0	0	0
AF	0	0.028732	2	2	0	0	0	0	0
AF	0	0.029044	14	11	3	0	0	0	0
AF	0	0.029357	5	2	3	0	0	0	0
AF	0	0.029669	17	9	8	0	0	0	0
AF	0	0.029981	7	5	2	0	0	0	0
AF	0	0.030294	12	7	5	0	0	0	0
AF	0	0.030606	7	2	5	0	0	0	0
AF	0	0.030918	7	5	2	0	0	0	0
AF	0	0.031230	11	8	3	0	0	0	0
AF	0	0.031543	13	8	5	0	0	0	0
AF	0	0.031855	14	10	4	0	0	0	0
AF	0	0.032167	21	13	8	0	0	0	0
AF	0	0.032480	6	5	1	0	0	0	0
AF	0	0.032792	11	7	4	0	0	0	0
AF	0	0.033104	3	2	1	0	0	0	0
AF	0	0.033417	13	6	7	0	0	0	0
AF	0	0.033729	5	4	1	0	0	0	0
AF	0	0.034041	6	4	2	0	0	0	0
AF	0	0.034354	3	2	1	0	0	0	0
AF	0	0.034666	3	3	0	0	0	0	0
AF	0	0.034978	5	4	1	0	0	0	0
AF	0	0.035290	8	5	3	0	0	0	0
AF	0	0.035603	2	2	0	0	0	0	0
AF	0	0.035915	5	2	3	0	0	0	0
AF	0	0.036227	1	1	0	0	0	0	0
AF	0	0.036540	3	2	1	0	0	0	0
AF	0	0.036852	5	3	2	0	0	0	0
AF	0	0.037164	10	5	5	0	0	0	0
AF	0	0.037477	12	5	7	0	0	0	0
AF	0	0.037789	14	8	6	0	0	0	0
AF	0	0.038101	61	45	16	0	0	0	0
AF	0	0.038413	26	17	9	0	0	0	0
AF	0	0.038726	13	9	4	0	0	0	0
AF	0	0.039038	18	11	7	0	0	0	0
AF	0	0.039350	7	4	3	0	0	0	0
AF	0	0.039663	4	1	3	0	0	0	0
AF	0	0.039975	3	2	1	0	0	0	0
AF	0	0.040287	6	5	1	0	0	0	0
AF	0	0.040600	3	1	2	0	0	0	0
AF	0	0.040912	2	1	1	0	0	0	0
AF	0	0.041224	6	4	2	0	0	0	0
AF	0	0.041537	5	3	2	0	0	0	0
AF	0	0.042161	5	2	3	0	0	0	0
AF	0	0.042786	2	1	1	0	0	0	0
AF	0	0.043098	1	1	0	0	0	0	0
AF	0	0.043410	1	1	0	0	0	0	0
AF	0	0.043723	7	4	3	0	0	0	0
AF	0	0.044035	9	5	4	0	0	0	0
AF	0	0.044347	14	7	7	0	0	0	0
AF	0	0.044660	6	5	1	0	0	0	0
AF	0	0.044972	1	1	0	0	0	0	0
AF	0	0.045284	12	7	5	0	0	0	0
AF	0	0.045597	6	4	2	0	0	0	0
AF	0	0.045909	20	10	10	0	0	0	0
AF	0	0.046221	4	3	1	0	0	0	0
AF	0	0.046533	5	3	2	0	0	0	0
AF	0	0.046846	4	3	1	0	0	0	0
AF	0	0.047158	3	3	0	0	0	0	0
AF	0	0.047470	3	1	2	0	0	0	0
AF	0	0.047783	3	2	1	0	0	0	0
AF	0	0.048095	1	1	0	0	0	0	0
AF	0	0.048407	5	4	1	0	0	0	0
AF	0	0.048720	1	1	0	0	0	0	0
AF	0	0.049032	3	3	0	0	0	0	0
AF	0	0.049344	1	1	0	0	0	0	0
AF	0	0.049656	6	3	3	0	0	0	0
AF	0	0.049969	3	2	1	0	0	0	0
AF	0	0.050281	3	2	1	0	0	0	0
AF	0	0.050593	2	2	0	0	0	0	0
AF	0	0.050906	3	0	3	0	0	0	0
AF	0	0.051218	1	1	0	0	0	0	0
AF	0	0.051530	1	1	0	0	0	0	0
AF	0	0.052155	3	1	2	0	0	0	0
AF	0	0.052467	2	2	0	0	0	0	0
AF	0	0.052780	3	2	1	0	0	0	0
AF	0	0.053092	1	0	1	0	0	0	0
AF	0	0.053404	4	3	1	0	0	0	0
AF	0	0.053716	4	0	4	0	0	0	0
AF	0	0.054029	6	3	3	0	0	0	0
AF	0	0.054341	8	6	2	0	0	0	0
AF	0	0.054653	12	10	2	0	0	0	0
AF	0	0.054966	15	6	9	0	0	0	0
AF	0	0.055278	31	19	12	0	0	0	0
AF	0	0.055903	4	1	3	0	0	0	0
AF	0	0.056527	2	2	0	0	0	0	0
AF	0	0.056839	2	1	1	0	0	0	0
AF	0	0.057152	1	0	1	0	0	0	0
AF	0	0.057464	1	1	0	0	0	0	0
AF	0	0.057776	8	5	3	0	0	0	0
AF	0	0.058089	2	1	1	0	0	0	0
AF	0	0.058401	2	2	0	0	0	0	0
AF	0	0.058713	4	1	3	0	0	0	0
AF	0	0.059026	5	3	2	0	0	0	0
AF	0	0.059338	6	4	2	0	0	0	0
AF	0	0.059650	6	4	2	0	0	0	0
AF	0	0.060275	3	1	2	0	0	0	0
AF	0	0.060899	1	1	0	0	0	0	0
AF	0	0.061212	1	1	0	0	0	0	0
AF	0	0.061524	2	1	1	0	0	0	0
AF	0	0.063398	1	1	0	0	0	0	0
AF	0	0.064022	1	1	0	0	0	0	0
AF	0	0.064647	1	1	0	0	0	0	0
AF	0	0.064959	1	1	0	0	0	0	0
AF	0	0.065272	4	2	2	0	0	0	0
AF	0	0.065584	7	2	5	0	0	0	0
AF	0	0.065896	5	4	1	0	0	0	0
AF	0	0.066209	1	0	1	0	0	0	0
AF	0	0.066521	1	1	0	0	0	0	0
AF	0	0.067458	5	4	1	0	0	0	0
AF	0	0.067770	8	3	5	0	0	0	0
AF	0	0.068082	8	3	5	0	0	0	0
AF	0	0.068395	2	1	1	0	0	0	0
AF	0	0.068707	1	0	1	0	0	0	0
AF	0	0.069332	1	0	1	0	0	0	0
AF	0	0.069644	3	1	2	0	0	0	0
AF	0	0.069956	1	1	0	0	0	0	0
AF	0	0.070269	1	1	0	0	0	0	0
AF	0	0.070581	2	1	1	0	0	0	0
AF	0	0.070893	6	3	3	0	0	0	0
AF	0	0.071205	2	1	1	0	0	0	0
AF	0	0.071518	4	0	4	0	0	0	0
AF	0	0.071830	8	5	3	0	0	0	0
AF	0	0.072455	2	0	2	0	0	0	0
AF	0	0.072767	1	0	1	0	0	0	0
AF	0	0.073079	1	1	0	0	0	0	0
AF	0	0.073392	3	1	2	0	0	0	0
AF	0	0.074016	3	3	0	0	0	0	0
AF	0	0.074329	2	0	2	0	0	0	0
AF	0	0.074641	6	3	3	0	0	0	0
AF	0	0.074953	3	3	0	0	0	0	0
AF	0	0.075265	7	5	2	0	0	0	0
AF	0	0.075578	8	3	5	0	0	0	0
AF	0	0.075890	4	1	3	0	0	0	0
AF	0	0.076202	4	2	2	0	0	0	0
AF	0	0.076515	9	4	5	0	0	0	0
AF	0	0.076827	6	5	1	0	0	0	0
AF	0	0.077139	9	5	4	0	0	0	0
AF	0	0.077452	11	9	2	0	0	0	0
AF	0	0.077764	8	4	4	0	0	0	0
AF	0	0.078076	2	2	0	0	0	0	0
AF	0	0.078389	11	8	3	0	0	0	0
AF	0	0.078701	2	2	0	0	0	0	0
AF	0	0.079013	2	1	1	0	0	0	0
AF	0	0.079325	1	1	0	0	0	0	0
AF	0	0.079638	24	18	6	0	0	0	0
AF	0	0.079950	14	12	2	0	0	0	0
AF	0	0.080262	29	21	8	0	0	0	0
AF	0	0.080575	21	9	12	0	0	0	0
AF	0	0.080887	43	28	15	0	0	0	0
AF	0	0.081199	4	1	3	0	0	0	0
AF	0	0.081512	5	3	2	0	0	0	0
AF	0	0.081824	2	2	0	0	0	0	0
AF	0	0.082136	13	9	4	0	0	0	0
AF	0	0.082448	6	2	4	0	0	0	0
AF	0	0.082761	3	1	2	0	0	0	0
AF	0	0.083073	4	1	3	0	0	0	0
AF	0	0.083385	5	3	2	0	0	0	0
AF	0	0.083698	7	4	3	0	0	0	0
AF	0	0.084322	1	0	1	0	0	0	0
AF	0	0.084947	2	1	1	0	0	0	0
AF	0	0.085259	7	5	2	0	0	0	0
AF	0	0.085884	3	2	1	0	0	0	0
AF	0	0.086196	1	1	0	0	0	0	0
AF	0	0.086508	2	1	1	0	0	0	0
AF	0	0.086821	1	1	0	0	0	0	0
AF	0	0.087133	4	0	4	0	0	0	0
AF	0	0.087758	1	1	0	0	0	0	0
AF	0	0.091193	1	1	0	0	0	0	0
AF	0	0.092130	1	0	1	0	0	0	0
AF	0	0.093379	1	1	0	0	0	0	0
AF	0	0.094941	1	0	1	0	0	0	0
AF	0	0.095878	4	2	2	0	0	0	0
AF	0	0.096190	2	2	0	0	0	0	0
AF	0	0.096502	2	2	0	0	0	0	0
AF	0	0.098376	3	2	1	0	0	0	0
AF	0	0.098688	1	1	0	0	0	0	0
AF	0	0.099313	1	1	0	0	0	0	0
AF	0	0.099625	6	4	2	0	0	0	0
AF	0	0.099938	7	7	0	0	0	0	0
AF	0	0.100250	6	4	2	0	0	0	0
AF	0	0.102124	2	0	2	0	0	0	0
AF	0	0.102748	2	1	1	0	0	0	0
AF	0	0.103373	2	2	0	0	0	0	0
AF	0	0.104622	1	0	1	0	0	0	0
AF	0	0.107433	2	1	1	0	0	0	0
AF	0	0.108370	10	9	1	0	0	0	0
AF	0	0.108994	1	0	1	0	0	0	0
AF	0	0.109307	2	1	1	0	0	0	0
AF	0	0.109619	2	1	1	0	0	0	0
AF	0	0.109931	5	3	2	0	0	0	0
AF	0	0.110244	9	5	4	0	0	0	0
AF	0	0.110868	3	2	1	0	0	0	0
AF	0	0.111181	1	0	1	0	0	0	0
AF	0	0.111493	1	1	0	0	0	0	0
AF	0	0.111805	1	0	1	0	0	0	0
AF	0	0.112117	1	1	0	0	0	0	0
AF	0	0.112430	2	1	1	0	0	0	0
AF	0	0.112742	1	1	0	0	0	0	0
AF	0	0.113054	3	3	0	0	0	0	0
AF	0	0.113679	3	3	0	0	0	0	0
AF	0	0.113991	2	1	1	0	0	0	0
AF	0	0.114304	4	2	2	0	0	0	0
AF	0	0.114616	2	2	0	0	0	0	0
AF	0	0.114928	5	5	0	0	0	0	0
AF	0	0.115240	1	1	0	0	0	0	0
AF	0	0.116490	1	0	1	0	0	0	0
AF	0	0.118051	1	1	0	0	0	0	0
AF	0	0.118988	2	1	1	0	0	0	0
AF	0	0.119300	10	6	4	0	0	0	0
AF	0	0.122423	1	1	0	0	0	0	0
AF	0	0.123360	1	1	0	0	0	0	0
AF	0	0.123673	1	0	1	0	0	0	0
AF	0	0.124297	3	2	1	0	0	0	0
AF	0	0.124922	1	1	0	0	0	0	0
AF	0	0.125547	2	2	0	0	0	0	0
AF	0	0.128357	1	1	0	0	0	0	0
AF	0	0.129919	1	1	0	0	0	0	0
AF	0	0.131168	1	0	1	0	0	0	0
AF	0	0.132730	2	1	1	0	0	0	0
AF	0	0.133042	1	1	0	0	0	0	0
AF	0	0.134291	1	0	1	0	0	0	0
AF	0	0.136165	2	1	1	0	0	0	0
AF	0	0.138663	1	1	0	0	0	0	0
AF	0	0.139600	1	1	0	0	0	0	0
AF	0	0.139913	2	1	1	0	0	0	0
AF	0	0.143036	1	1	0	0	0	0	0
AF	0	0.144909	1	1	0	0	0	0	0
AF	0	0.145222	1	1	0	0	0	0	0
AF	0	0.145534	5	3	2	0	0	0	0
AF	0	0.146159	4	1	3	0	0	0	0
AF	0	0.146471	1	1	0	0	0	0	0
AF	0	0.146783	1	1	0	0	0	0	0
AF	0	0.147408	1	1	0	0	0	0	0
AF	0	0.147720	2	1	1	0	0	0	0
AF	0	0.148032	3	2	1	0	0	0	0
AF	0	0.148657	1	1	0	0	0	0	0
AF	0	0.149282	1	1	0	0	0	0	0
AF	0	0.149594	1	0	1	0	0	0	0
AF	0	0.149906	1	0	1	0	0	0	0
AF	0	0.150219	1	1	0	0	0	0	0
AF	0	0.150843	3	3	0	0	0	0	0
AF	0	0.151156	5	5	0	0	0	0	0
AF	0	0.151468	2	2	0	0	0	0	0
AF	0	0.152092	1	1	0	0	0	0	0
AF	0	0.152405	2	2	0	0	0	0	0
AF	0	0.154279	1	1	0	0	0	0	0
AF	0	0.154903	4	1	3	0	0	0	0
AF	0	0.156152	1	1	0	0	0	0	0
AF	0	0.156465	1	1	0	0	0	0	0
AF	0	0.156777	2	0	2	0	0	0	0
AF	0	0.157089	1	0	1	0	0	0	0
AF	0	0.157402	2	0	2	0	0	0	0
AF	0	0.159275	1	0	1	0	0	0	0
AF	0	0.162399	2	1	1	0	0	0	0
AF	0	0.163023	2	1	1	0	0	0	0
AF	0	0.163648	1	0	1	0	0	0	0
AF	0	0.170518	1	1	0	0	0	0	0
AF	0	0.170831	4	4	0	0	0	0	0
AF	0	0.171143	2	1	1	0	0	0	0
AF	0	0.171455	1	0	1	0	0	0	0
AF	0	0.171768	4	2	2	0	0	0	0
AF	0	0.172705	1	1	0	0	0	0	0
AF	0	0.173017	1	1	0	0	0	0	0
AF	0	0.173329	2	1	1	0	0	0	0
AF	0	0.173641	1	1	0	0	0	0	0
AF	0	0.174578	1	1	0	0	0	0	0
AF	0	0.175828	1	0	1	0	0	0	0
AF	0	0.176452	1	1	0	0	0	0	0
AF	0	0.177389	1	0	1	0	0	0	0
AF	0	0.178951	1	1	0	0	0	0	0
AF	0	0.179263	2	2	0	0	0	0	0
AF	0	0.179888	1	0	1	0	0	0	0
AF	0	0.183011	2	1	1	0	0	0	0
AF	0	0.185509	6	5	1	0	0	0	0
AF	0	0.185821	3	3	0	0	0	0	0
AF	0	0.186134	7	6	1	0	0	0	0
AF	0	0.188320	1	1	0	0	0	0	0
AF	0	0.189257	1	1	0	0	0	0	0
AF	0	0.191755	1	0	1	0	0	0	0
AF	0	0.193629	1	1	0	0	0	0	0
AF	0	0.194254	3	2	1	0	0	0	0
AF	0	0.194878	1	1	0	0	0	0	0
AF	0	0.195503	4	3	1	0	0	0	0
AF	0	0.196752	6	4	2	0	0	0	0
AF	0	0.197377	1	0	1	0	0	0	0
AF	0	0.198626	1	1	0	0	0	0	0
AF	0	0.198938	1	1	0	0	0	0	0
AF	0	0.199250	3	2	1	0	0	0	0
AF	0	0.199875	2	1	1	0	0	0	0
AF	0	0.201124	2	1	1	0	0	0	0
AF	0	0.201437	1	0	1	0	0	0	0
AF	0	0.201749	1	0	1	0	0	0	0
AF	0	0.207058	1	0	1	0	0	0	0
AF	0	0.207370	1	1	0	0	0	0	0
AF	0	0.207683	1	0	1	0	0	0	0
AF	0	0.207995	2	2	0	0	0	0	0
AF	0	0.208307	1	1	0	0	0	0	0
AF	0	0.208620	6	5	1	0	0	0	0
AF	0	0.208932	7	5	2	0	0	0	0
AF	0	0.209244	12	9	3	0	0	0	0
AF	0	0.209557	3	3	0	0	0	0	0
AF	0	0.209869	2	2	0	0	0	0	0
AF	0	0.210181	1	1	0	0	0	0	0
AF	0	0.210806	2	1	1	0	0	0	0
AF	0	0.211118	3	2	1	0	0	0	0
AF	0	0.211430	2	2	0	0	0	0	0
AF	0	0.211743	3	2	1	0	0	0	0
AF	0	0.212055	1	0	1	0	0	0	0
AF	0	0.213616	1	1	0	0	0	0	0
AF	0	0.214241	1	1	0	0	0	0	0
AF	0	0.214553	1	1	0	0	0	0	0
AF	0	0.215490	1	1	0	0	0	0	0
AF	0	0.215803	1	1	0	0	0	0	0
AF	0	0.219550	1	1	0	0	0	0	0
AF	0	0.219863	2	2	0	0	0	0	0
AF	0	0.220175	1	0	1	0	0	0	0
AF	0	0.220487	1	1	0	0	0	0	0
AF	0	0.223298	1	1	0	0	0	0	0
AF	0	0.223923	1	1	0	0	0	0	0
AF	0	0.224235	1	1	0	0	0	0	0
AF	0	0.224547	2	1	1	0	0	0	0
AF	0	0.225484	1	1	0	0	0	0	0
AF	0	0.227358	1	1	0	0	0	0	0
AF	0	0.227670	1	1	0	0	0	0	0
AF	0	0.229544	2	1	1	0	0	0	0
AF	0	0.230169	1	1	0	0	0	0	0
AF	0	0.232042	1	1	0	0	0	0	0
AF	0	0.232667	1	1	0	0	0	0	0
AF	0	0.237352	4	4	0	0	0	0	0
AF	0	0.237664	1	1	0	0	0	0	0
AF	0	0.240162	2	0	2	0	0	0	0
AF	0	0.240787	6	2	4	0	0	0	0
AF	0	0.241099	5	4	1	0	0	0	0
AF	0	0.241412	8	3	5	0	0	0	0
AF	0	0.243598	2	1	1	0	0	0	0
AF	0	0.243910	2	2	0	0	0	0	0
AF	0	0.244535	1	1	0	0	0	0	0
AF	0	0.245159	4	4	0	0	0	0	0
AF	0	0.246408	1	1	0	0	0	0	0
AF	0	0.246721	2	1	1	0	0	0	0
AF	0	0.247033	2	0	2	0	0	0	0
AF	0	0.247345	3	1	2	0	0	0	0
AF	0	0.247658	4	4	0	0	0	0	0
AF	0	0.247970	3	3	0	0	0	0	0
AF	0	0.248282	12	7	5	0	0	0	0
AF	0	0.248595	7	4	3	0	0	0	0
AF	0	0.248907	7	5	2	0	0	0	0
AF	0	0.249532	11	8	3	0	0	0	0
AF	0	0.249844	5	3	2	0	0	0	0
AF	0	0.250156	1	1	0	0	0	0	0
AF	0	0.250468	1	1	0	0	0	0	0
AF	0	0.250781	2	1	1	0	0	0	0
AF	0	0.251093	1	1	0	0	0	0	0
AF	0	0.252655	2	1	1	0	0	0	0
AF	0	0.253279	1	0	1	0	0	0	0
AF	0	0.253592	2	1	1	0	0	0	0
AF	0	0.253904	1	0	1	0	0	0	0
AF	0	0.254528	2	2	0	0	0	0	0
AF	0	0.255778	2	0	2	0	0	0	0
AF	0	0.256402	3	3	0	0	0	0	0
AF	0	0.256715	3	2	1	0	0	0	0
AF	0	0.257027	2	1	1	0	0	0	0
AF	0	0.257964	1	1	0	0	0	0	0
AF	0	0.258276	1	1	0	0	0	0	0
AF	0	0.258588	1	1	0	0	0	0	0
AF	0	0.258901	3	3	0	0	0	0	0
AF	0	0.259525	3	3	0	0	0	0	0
AF	0	0.259838	1	1	0	0	0	0	0
AF	0	0.260150	8	5	3	0	0	0	0
AF	0	0.260775	2	1	1	0	0	0	0
AF	0	0.261399	2	1	1	0	0	0	0
AF	0	0.262336	1	1	0	0	0	0	0
AF	0	0.263273	2	1	1	0	0	0	0
AF	0	0.264522	1	1	0	0	0	0	0
AF	0	0.267021	1	1	0	0	0	0	0
AF	0	0.269831	1	1	0	0	0	0	0
AF	0	0.272642	1	0	1	0	0	0	0
AF	0	0.273267	2	1	1	0	0	0	0
AF	0	0.274204	3	2	1	0	0	0	0
AF	0	0.274516	1	1	0	0	0	0	0
AF	0	0.275453	7	4	3	0	0	0	0
AF	0	0.275765	7	2	5	0	0	0	0
AF	0	0.276077	1	1	0	0	0	0	0
AF	0	0.276390	3	2	1	0	0	0	0
AF	0	0.276702	3	3	0	0	0	0	0
AF	0	0.277014	10	9	1	0	0	0	0
AF	0	0.277327	9	5	4	0	0	0	0
AF	0	0.279200	1	1	0	0	0	0	0
AF	0	0.280137	2	2	0	0	0	0	0
AF	0	0.283573	1	1	0	0	0	0	0
AF	0	0.287008	1	1	0	0	0	0	0
AF	0	0.287945	1	1	0	0	0	0	0
AF	0	0.288882	2	2	0	0	0	0	0
AF	0	0.289819	2	1	1	0	0	0	0
AF	0	0.291380	1	0	1	0	0	0	0
AF	0	0.293879	2	1	1	0	0	0	0
AF	0	0.294503	1	1	0	0	0	0	0
AF	0	0.311368	3	2	1	0	0	0	0
AF	0	0.315116	1	1	0	0	0	0	0
AF	0	0.315428	6	5	1	0	0	0	0
AF	0	0.315740	22	16	6	0	0	0	0
AF	0	0.316052	1	0	1	0	0	0	0
AF	0	0.316365	1	1	0	0	0	0	0
AF	0	0.316677	1	0	1	0	0	0	0
AF	0	0.316989	3	2	1	0	0	0	0
AF	0	0.317302	1	1	0	0	0	0	0
AF	0	0.317614	1	0	1	0	0	0	0
AF	0	0.318863	1	1	0	0	0	0	0
AF	0	0.319176	2	0	2	0	0	0	0
AF	0	0.320112	1	1	0	0	0	0	0
AF	0	0.323860	1	1	0	0	0	0	0
AF	0	0.324485	2	1	1	0	0	0	0
AF	0	0.324797	4	2	2	0	0	0	0
AF	0	0.325109	5	5	0	0	0	0	0
AF	0	0.325422	4	2	2	0	0	0	0
AF	0	0.325734	1	0	1	0	0	0	0
AF	0	0.326046	2	1	1	0	0	0	0
AF	0	0.326359	3	2	1	0	0	0	0
AF	0	0.326671	21	15	6	0	0	0	0
AF	0	0.326983	1	0	1	0	0	0	0
AF	0	0.327608	8	4	4	0	0	0	0
AF	0	0.327920	14	5	9	0	0	0	0
AF	0	0.328232	4	3	1	0	0	0	0
AF	0	0.328545	3	2	1	0	0	0	0
AF	0	0.328857	2	2	0	0	0	0	0
AF	0	0.329169	2	2	0	0	0	0	0
AF	0	0.330731	1	1	0	0	0	0	0
AF	0	0.331043	1	0	1	0	0	0	0
AF	0	0.331668	2	1	1	0	0	0	0
AF	0	0.331980	2	1	1	0	0	0	0
AF	0	0.332292	21	13	8	0	0	0	0
AF	0	0.332605	11	5	6	0	0	0	0
AF	0	0.333229	4	3	1	0	0	0	0
AF	0	0.333542	6	4	2	0	0	0	0
AF	0	0.333854	2	2	0	0	0	0	0
AF	0	0.334166	5	5	0	0	0	0	0
AF	0	0.334791	2	2	0	0	0	0	0
AF	0	0.337289	1	1	0	0	0	0	0
AF	0	0.338226	2	1	1	0	0	0	0
AF	0	0.338538	1	0	1	0	0	0	0
AF	0	0.347595	1	0	1	0	0	0	0
AF	0	0.351968	1	1	0	0	0	0	0
AF	0	0.352280	2	2	0	0	0	0	0
AF	0	0.352592	1	0	1	0	0	0	0
AF	0	0.352904	10	8	2	0	0	0	0
AF	0	0.356340	1	1	0	0	0	0	0
AF	0	0.356652	1	0	1	0	0	0	0
AF	0	0.356964	1	1	0	0	0	0	0
AF	0	0.357277	1	0	1	0	0	0	0
AF	0	0.357589	2	0	2	0	0	0	0
AF	0	0.357901	4	2	2	0	0	0	0
AF	0	0.358214	1	1	0	0	0	0	0
AF	0	0.358526	1	1	0	0	0	0	0
AF	0	0.359151	1	1	0	0	0	0	0
AF	0	0.359775	2	2	0	0	0	0	0
AF	0	0.360087	1	1	0	0	0	0	0
AF	0	0.362274	1	0	1	0	0	0	0
AF	0	0.388195	1	1	0	0	0	0	0
AF	0	0.394441	1	0	1	0	0	0	0
AF	0	0.399750	1	1	0	0	0	0	0
AF	0	0.497502	1	1	0	0	0	0	0
AF	0	0.498438	1	1	0	0	0	0	0
AF	0	0.531230	1	1	0	0	0	0	0
AF	0	0.584635	1	0	1	0	0	0	0
AF	0	0.609619	1	0	1	0	0	0	0
AF	0	0.625234	1	1	0	0	0	0	0
AF	0	0.628982	1	1	0	0	0	0	0
AF	0	0.632105	1	1	0	0	0	0	0
AF	0	0.642099	1	0	1	0	0	0	0
AF	0	0.643660	1	1	0	0	0	0	0
AF	0	0.643973	2	1	1	0	0	0	0
AF	0	0.644597	1	1	0	0	0	0	0
AF	0	0.646159	2	1	1	0	0	0	0
AF	0	0.646471	8	6	2	0	0	0	0
AF	0	0.646783	4	4	0	0	0	0	0
AF	0	0.647096	4	2	2	0	0	0	0
AF	0	0.647408	5	3	2	0	0	0	0
AF	0	0.647720	8	5	3	0	0	0	0
AF	0	0.648032	2	1	1	0	0	0	0
AF	0	0.648345	1	1	0	0	0	0	0
AF	0	0.648969	1	1	0	0	0	0	0
AF	0	0.649282	2	2	0	0	0	0	0
AF	0	0.649594	6	3	3	0	0	0	0
AF	0	0.650219	1	1	0	0	0	0	0
AF	0	0.652717	1	1	0	0	0	0	0
AF	0	0.654903	1	0	1	0	0	0	0
AF	0	0.655215	1	0	1	0	0	0	0
AF	0	0.656152	4	2	2	0	0	0	0
AF	0	0.656465	3	2	1	0	0	0	0
AF	0	0.656777	1	1	0	0	0	0	0
AF	0	0.657089	2	2	0	0	0	0	0
AF	0	0.657714	10	6	4	0	0	0	0
AF	0	0.658026	13	7	6	0	0	0	0
AF	0	0.658963	4	1	3	0	0	0	0
AF	0	0.659588	2	1	1	0	0	0	0
AF	0	0.659900	4	2	2	0	0	0	0
AF	0	0.660212	9	6	3	0	0	0	0
AF	0	0.660837	1	1	0	0	0	0	0
AF	0	0.662399	1	1	0	0	0	0	0
AF	0	0.662711	9	5	4	0	0	0	0
AF	0	0.663023	24	11	13	0	0	0	0
AF	0	0.663335	3	2	1	0	0	0	0
AF	0	0.663960	1	1	0	0	0	0	0
AF	0	0.664272	1	1	0	0	0	0	0
AF	0	0.664585	4	3	1	0	0	0	0
AF	0	0.664897	2	1	1	0	0	0	0
AF	0	0.665209	14	10	4	0	0	0	0
AF	0	0.665522	2	2	0	0	0	0	0
AF	0	0.665834	11	5	6	0	0	0	0
AF	0	0.666146	1	0	1	0	0	0	0
AF	0	0.666458	5	2	3	0	0	0	0
AF	0	0.666771	8	6	2	0	0	0	0
AF	0	0.667083	17	9	8	0	0	0	0
AF	0	0.667395	9	5	4	0	0	0	0
AF	0	0.667708	3	1	2	0	0	0	0
AF	0	0.668020	5	4	1	0	0	0	0
AF	0	0.668332	5	2	3	0	0	0	0
AF	0	0.668957	2	1	1	0	0	0	0
AF	0	0.669269	3	1	2	0	0	0	0
AF	0	0.669582	5	2	3	0	0	0	0
AF	0	0.669894	1	0	1	0	0	0	0
AF	0	0.670206	2	0	2	0	0	0	0
AF	0	0.670831	2	1	1	0	0	0	0
AF	0	0.671143	5	4	1	0	0	0	0
AF	0	0.671455	1	1	0	0	0	0	0
AF	0	0.672080	1	0	1	0	0	0	0
AF	0	0.672392	6	3	3	0	0	0	0
AF	0	0.672705	46	31	15	0	0	0	0
AF	0	0.673017	6	4	2	0	0	0	0
AF	0	0.673329	2	1	1	0	0	0	0
AF	0	0.673641	1	1	0	0	0	0	0
AF	0	0.673954	2	1	1	0	0	0	0
AF	0	0.674266	1	1	0	0	0	0	0
AF	0	0.674891	5	4	1	0	0	0	0
AF	0	0.675203	1	1	0	0	0	0	0
AF	0	0.675515	1	1	0	0	0	0	0
AF	0	0.675828	4	2	2	0	0	0	0
AF	0	0.676140	5	3	2	0	0	0	0
AF	0	0.676452	6	5	1	0	0	0	0
AF	0	0.676765	15	10	5	0	0	0	0
AF	0	0.677077	6	2	4	0	0	0	0
AF	0	0.677389	5	4	1	0	0	0	0
AF	0	0.678014	2	2	0	0	0	0	0
AF	0	0.678638	11	6	5	0	0	0	0
AF	0	0.679263	2	1	1	0	0	0	0
AF	0	0.679575	3	2	1	0	0	0	0
AF	0	0.679888	6	1	5	0	0	0	0
AF	0	0.680200	19	10	9	0	0	0	0
AF	0	0.686134	20	12	8	0	0	0	0
AF	0	0.686446	6	4	2	0	0	0	0
AF	0	0.686758	19	10	9	0	0	0	0
AF	0	0.687071	1	1	0	0	0	0	0
AF	0	0.687383	2	2	0	0	0	0	0
AF	0	0.687695	5	4	1	0	0	0	0
AF	0	0.688007	4	3	1	0	0	0	0
AF	0	0.688320	1	0	1	0	0	0	0
AF	0	0.692380	1	1	0	0	0	0	0
AF	0	0.693004	1	0	1	0	0	0	0
AF	0	0.697064	1	1	0	0	0	0	0
AF	0	0.718301	1	0	1	0	0	0	0
AF	0	0.731106	1	0	1	0	0	0	0
AF	0	0.732667	1	1	0	0	0	0	0
AF	0	0.737352	1	1	0	0	0	0	0
AF	0	0.738601	3	2	1	0	0	0	0
AF	0	0.738913	5	0	5	0	0	0	0
AF	0	0.739225	7	5	2	0	0	0	0
AF	0	0.739850	1	0	1	0	0	0	0
AF	0	0.740475	1	1	0	0	0	0	0
AF	0	0.742349	1	1	0	0	0	0	0
AF	0	0.742973	1	1	0	0	0	0	0
AF	0	0.744847	1	1	0	0	0	0	0
AF	0	0.749219	2	2	0	0	0	0	0
AF	0	0.750468	1	1	0	0	0	0	0
AF	0	0.751093	1	1	0	0	0	0	0
AF	0	0.751405	2	1	1	0	0	0	0
AF	0	0.752030	1	1	0	0	0	0	0
AF	0	0.755465	1	1	0	0	0	0	0
AF	0	0.756090	2	1	1	0	0	0	0
AF	0	0.756402	1	1	0	0	0	0	0
AF	0	0.756715	14	10	4	0	0	0	0
AF	0	0.757027	9	7	2	0	0	0	0
AF	0	0.757339	2	1	1	0	0	0	0
AF	0	0.757651	2	1	1	0	0	0	0
AF	0	0.757964	21	13	8	0	0	0	0
AF	0	0.758276	21	14	7	0	0	0	0
AF	0	0.758588	19	16	3	0	0	0	0
AF	0	0.758901	6	4	2	0	0	0	0
AF	0	0.759213	4	2	2	0	0	0	0
AF	0	0.759525	1	0	1	0	0	0	0
AF	0	0.761711	1	0	1	0	0	0	0
AF	0	0.763585	3	2	1	0	0	0	0
AF	0	0.763898	1	1	0	0	0	0	0
AF	0	0.764210	1	1	0	0	0	0	0
AF	0	0.764834	1	0	1	0	0	0	0
AF	0	0.765147	1	1	0	0	0	0	0
AF	0	0.766084	1	1	0	0	0	0	0
AF	0	0.766708	16	10	6	0	0	0	0
AF	0	0.767021	11	8	3	0	0	0	0
AF	0	0.767333	2	1	1	0	0	0	0
AF	0	0.767645	1	1	0	0	0	0	0
AF	0	0.767958	9	5	4	0	0	0	0
AF	0	0.768270	4	4	0	0	0	0	0
AF	0	0.770456	2	2	0	0	0	0	0
AF	0	0.771081	1	1	0	0	0	0	0
AF	0	0.771393	2	2	0	0	0	0	0
AF	0	0.771705	7	5	2	0	0	0	0
AF	0	0.772017	22	14	8	0	0	0	0
AF	0	0.772330	11	7	4	0	0	0	0
AF	0	0.772642	1	1	0	0	0	0	0
AF	0	0.772954	4	2	2	0	0	0	0
AF	0	0.773267	4	3	1	0	0	0	0
AF	0	0.773891	1	0	1	0	0	0	0
AF	0	0.775453	1	1	0	0	0	0	0
AF	0	0.781074	2	2	0	0	0	0	0
AF	0	0.781387	1	1	0	0	0	0	0
AF	0	0.782011	3	2	1	0	0	0	0
AF	0	0.782324	12	5	7	0	0	0	0
AF	0	0.782636	1	1	0	0	0	0	0
AF	0	0.785759	1	0	1	0	0	0	0
AF	0	0.786696	1	0	1	0	0	0	0
AF	0	0.795753	1	0	1	0	0	0	0
AF	0	0.797626	1	1	0	0	0	0	0
AF	0	0.808869	1	1	0	0	0	0	0
AF	0	0.816365	1	1	0	0	0	0	0
AF	0	0.818239	1	1	0	0	0	0	0
AF	0	0.819488	1	1	0	0	0	0	0
AF	0	0.819800	2	0	2	0	0	0	0
AF	0	0.820112	2	0	2	0	0	0	0
AF	0	0.830106	1	1	0	0	0	0	0
AF	0	0.833229	1	1	0	0	0	0	0
AF	0	0.833854	1	0	1	0	0	0	0
AF	0	0.834166	1	0	1	0	0	0	0
AF	0	0.835103	2	2	0	0	0	0	0
AF	0	0.835415	1	0	1	0	0	0	0
AF	0	0.835728	4	1	3	0	0	0	0
AF	0	0.836352	2	1	1	0	0	0	0
AF	0	0.836665	1	1	0	0	0	0	0
AF	0	0.836977	3	3	0	0	0	0	0
AF	0	0.837289	1	1	0	0	0	0	0
AF	0	0.837601	1	1	0	0	0	0	0
AF	0	0.846034	1	0	1	0	0	0	0
AF	0	0.851031	1	1	0	0	0	0	0
AF	0	0.851655	2	1	1	0	0	0	0
AF	0	0.851968	2	2	0	0	0	0	0
AF	0	0.852592	1	0	1	0	0	0	0
AF	0	0.866958	1	0	1	0	0	0	0
AF	0	0.867583	1	0	1	0	0	0	0
AF	0	0.873204	1	0	1	0	0	0	0
AF	0	0.873517	1	1	0	0	0	0	0
AF	0	0.881324	1	1	0	0	0	0	0
AF	0	0.882261	1	1	0	0	0	0	0
AF	0	0.888507	1	0	1	0	0	0	0
AF	0	0.897564	1	1	0	0	0	0	0
AF	0	0.905684	1	1	0	0	0	0	0
AF	0	0.910369	1	1	0	0	0	0	0
AF	0	0.912555	1	1	0	0	0	0	0
AF	0	0.914741	1	1	0	0	0	0	0
AF	0	0.915365	1	0	1	0	0	0	0
AF	0	0.917552	1	1	0	0	0	0	0
AF	0	0.918176	1	0	1	0	0	0	0
AF	0	0.921299	1	1	0	0	0	0	0
AF	0	0.922861	2	1	1	0	0	0	0
AF	0	0.923173	1	0	1	0	0	0	0
AF	0	0.925359	2	1	1	0	0	0	0
AF	0	0.925984	1	1	0	0	0	0	0
AF	0	0.926608	1	1	0	0	0	0	0
AF	0	0.927233	2	2	0	0	0	0	0
AF	0	0.927858	1	1	0	0	0	0	0
AF	0	0.928170	1	0	1	0	0	0	0
AF	0	0.928482	2	1	1	0	0	0	0
AF	0	0.929419	1	1	0	0	0	0	0
AF	0	0.945659	1	1	0	0	0	0	0
AF	0	0.945971	1	1	0	0	0	0	0
AF	0	0.952217	1	0	1	0	0	0	0
AF	0	0.953467	2	0	2	0	0	0	0
AF	0	0.954403	1	0	1	0	0	0	0
AF	0	0.959088	1	1	0	0	0	0	0
AF	0	0.962523	1	1	0	0	0	0	0
AF	0	0.963148	1	0	1	0	0	0	0
AF	0	0.965022	1	0	1	0	0	0	0
AF	0	0.965334	2	1	1	0	0	0	0
AF	0	0.967520	1	1	0	0	0	0	0
AF	0	0.970956	2	1	1	0	0	0	0
AF	0	0.971268	2	2	0	0	0	0	0
AF	0	0.971580	1	1	0	0	0	0	0
AF	0	0.974079	1	1	0	0	0	0	0
AF	0	0.978451	1	0	1	0	0	0	0
AF	0	0.980325	1	0	1	0	0	0	0
AF	0	0.980949	1	1	0	0	0	0	0
AF	0	0.982823	1	1	0	0	0	0	0
AF	0	0.983760	3	2	1	0	0	0	0
AF	0	0.984697	2	2	0	0	0	0	0
AF	0	0.986883	1	1	0	0	0	0	0
AF	0	0.987508	1	0	1	0	0	0	0
AF	0	0.989694	1	1	0	0	0	0	0
AF	0	0.991568	1	0	1	0	0	0	0
AF	0	0.992817	4	3	1	0	0	0	0
AF	0	0.995940	1	0	1	0	0	0	0
AF	0	0.997189	1	0	1	0	0	0	0
AF	0	0.997814	1	0	1	0	0	0	0
AF	0	0.998126	1	0	1	0	0	0	0
AF	0	0.998438	1	1	0	0	0	0	0
AF	0	0.999063	5	1	4	0	0	0	0
# QUAL, Stats by quality
# QUAL	[2]id	[3]Quality	[4]number of SNPs	[5]number of transitions (1st ALT)	[6]number of transversions (1st ALT)	[7]number of indels
QUAL	0	.	20301	12971	7330	0
# IDD, InDel distribution:
# IDD	[2]id	[3]length (deletions negative)	[4]number of sites	[5]number of genotypes	[6]mean VAF
# ST, Substitution types:
# ST	[2]id	[3]type	[4]count
ST	0	A>C	660
ST	0	A>G	2333
ST	0	A>T	858
ST	0	C>A	1237
ST	0	C>G	802
ST	0	C>T	4110
ST	0	G>A	4254
ST	0	G>C	742
ST	0	G>T	1365
ST	0	T>A	952
ST	0	T>C	2274
ST	0	T>G	714
# DP, Depth distribution
# DP	[2]id	[3]bin	[4]number of genotypes	[5]fraction of genotypes (%)	[6]number of sites	[7]fraction of sites (%)
  - Fix haploid genotypes in males...

Submit MakeDiploidMalesX finished successfully. Let's have a beer, buddy!

