Submit MakeDiploidMalesX
version 1.1.6 (2024-09-30)

These are the settings:
  Input file................: /hpc/local/Rocky8/dhl_ec/software/MonopogenLite/resources/1kGP_high_coverage_Illumina.SNVonly_poly.filtered_AF_5e-04.norm.fixvariantid.chrX.vcf.gz
  Output file...............: /hpc/local/Rocky8/dhl_ec/software/MonopogenLite/resources/1kGP_high_coverage_Illumina.SNVonly_poly.filtered_AF_5e-04.norm.fixvariantid.makediploid.chrX.vcf.gz
  Chunk size................: 100

  SLURM CPUs................: 4
  SLURM Array ID............: 57 (of 100)
  SLURM memory..............: 16G
  SLURM time................: 01:00:00
  SLURM mail type...........: FAIL
  SLURM mail user...........: s.w.vanderlaan-2@umcutrecht.nl

  Dry run mode..............: 0
  Debug mode................: 1
  Verbosity.................: 0
  Version...................: 1.1.6 (2024-09-30)

Making converting haploid genotypes to diploid genotypes.
> Extract the region for this SLURM task (# 57) from the BED file.
  - Get the chunk number from the SLURM array task ID and the bed file...
DEBUG: Extracting chunk number: 57p from 57
DEBUG: Extracting region from BED file: /hpc/local/Rocky8/dhl_ec/software/MonopogenLite/resources/chrX_100pieces.bed
  - Extract the region from the BED file...
DEBUG: Extracted raw region: 'chrX	87382849	88943256' (chunk #: 57p of 100 for job 57)
  - Check if a valid region was extracted -- should be 'chrX	87382849	88943256'...
  - Prepare the region for bcftools...
  - Check if the region (chrX:87382849-88943256) was successfully extracted...
> Processing region 'chrX:87382849-88943256'...
  - Process the specific region (chunk# 57) using bcftools view...
  - Index the VCF file...
DEBUG: Check if the VCF file was successfully processed...
##fileformat=VCFv4.2
##FILTER=<ID=PASS,Description="All filters passed">
##fileDate=29/01/2022 - 14:31:41
##source=shapeit4.2.2
##contig=<ID=chr1,length=248956422>
##contig=<ID=chr2,length=242193529>
##contig=<ID=chr3,length=198295559>
##contig=<ID=chr4,length=190214555>
##contig=<ID=chr5,length=181538259>
##contig=<ID=chr6,length=170805979>
# This file was produced by bcftools stats (1.20+htslib-1.20) and can be plotted using plot-vcfstats.
# The command line was:	bcftools stats  /hpc/local/Rocky8/dhl_ec/software/MonopogenLite/resources/chrX.part57.vcf.gz
#
# Definition of sets:
# ID	[2]id	[3]tab-separated file names
ID	0	/hpc/local/Rocky8/dhl_ec/software/MonopogenLite/resources/chrX.part57.vcf.gz
# SN, Summary numbers:
#   number of records   .. number of data rows in the VCF
#   number of no-ALTs   .. reference-only sites, ALT is either "." or identical to REF
#   number of SNPs      .. number of rows with a SNP
#   number of MNPs      .. number of rows with a MNP, such as CC>TT
#   number of indels    .. number of rows with an indel
#   number of others    .. number of rows with other type, for example a symbolic allele or
#                          a complex substitution, such as ACT>TCGA
#   number of multiallelic sites     .. number of rows with multiple alternate alleles
#   number of multiallelic SNP sites .. number of rows with multiple alternate alleles, all SNPs
# 
#   Note that rows containing multiple types will be counted multiple times, in each
#   counter. For example, a row with a SNP and an indel increments both the SNP and
#   the indel counter.
# 
# SN	[2]id	[3]key	[4]value
SN	0	number of samples:	3202
SN	0	number of records:	20177
SN	0	number of no-ALTs:	0
SN	0	number of SNPs:	20177
SN	0	number of MNPs:	0
SN	0	number of indels:	0
SN	0	number of others:	0
SN	0	number of multiallelic sites:	0
SN	0	number of multiallelic SNP sites:	0
# TSTV, transitions/transversions:
# TSTV	[2]id	[3]ts	[4]tv	[5]ts/tv	[6]ts (1st ALT)	[7]tv (1st ALT)	[8]ts/tv (1st ALT)
TSTV	0	13138	7039	1.87	13138	7039	1.87
# SiS, Singleton stats:
# SiS	[2]id	[3]allele count	[4]number of SNPs	[5]number of transitions	[6]number of transversions	[7]number of indels	[8]repeat-consistent	[9]repeat-inconsistent	[10]not applicable
SiS	0	1	0	0	0	0	0	0	0
# AF, Stats by non-reference allele frequency:
# AF	[2]id	[3]allele frequency	[4]number of SNPs	[5]number of transitions	[6]number of transversions	[7]number of indels	[8]repeat-consistent	[9]repeat-inconsistent	[10]not applicable
AF	0	0.000312	2829	1860	969	0	0	0	0
AF	0	0.000625	1620	1100	520	0	0	0	0
AF	0	0.000937	1846	1210	636	0	0	0	0
AF	0	0.001249	633	401	232	0	0	0	0
AF	0	0.001562	995	675	320	0	0	0	0
AF	0	0.001874	308	198	110	0	0	0	0
AF	0	0.002186	605	376	229	0	0	0	0
AF	0	0.002498	287	180	107	0	0	0	0
AF	0	0.002811	374	244	130	0	0	0	0
AF	0	0.003123	211	129	82	0	0	0	0
AF	0	0.003435	286	194	92	0	0	0	0
AF	0	0.003748	157	102	55	0	0	0	0
AF	0	0.004060	278	178	100	0	0	0	0
AF	0	0.004372	126	69	57	0	0	0	0
AF	0	0.004685	212	141	71	0	0	0	0
AF	0	0.004997	103	71	32	0	0	0	0
AF	0	0.005309	205	135	70	0	0	0	0
AF	0	0.005621	82	49	33	0	0	0	0
AF	0	0.005934	154	97	57	0	0	0	0
AF	0	0.006246	88	57	31	0	0	0	0
AF	0	0.006558	117	76	41	0	0	0	0
AF	0	0.006871	56	37	19	0	0	0	0
AF	0	0.007183	118	78	40	0	0	0	0
AF	0	0.007495	59	37	22	0	0	0	0
AF	0	0.007808	137	84	53	0	0	0	0
AF	0	0.008120	56	36	20	0	0	0	0
AF	0	0.008432	139	80	59	0	0	0	0
AF	0	0.008745	60	46	14	0	0	0	0
AF	0	0.009057	93	68	25	0	0	0	0
AF	0	0.009369	54	33	21	0	0	0	0
AF	0	0.009681	93	58	35	0	0	0	0
AF	0	0.009994	46	30	16	0	0	0	0
AF	0	0.010306	69	49	20	0	0	0	0
AF	0	0.010618	39	30	9	0	0	0	0
AF	0	0.010931	95	61	34	0	0	0	0
AF	0	0.011243	67	40	27	0	0	0	0
AF	0	0.011555	136	83	53	0	0	0	0
AF	0	0.011868	25	18	7	0	0	0	0
AF	0	0.012180	76	53	23	0	0	0	0
AF	0	0.012492	35	21	14	0	0	0	0
AF	0	0.012804	63	39	24	0	0	0	0
AF	0	0.013117	33	24	9	0	0	0	0
AF	0	0.013429	81	49	32	0	0	0	0
AF	0	0.013741	32	23	9	0	0	0	0
AF	0	0.014054	137	87	50	0	0	0	0
AF	0	0.014366	32	22	10	0	0	0	0
AF	0	0.014678	47	36	11	0	0	0	0
AF	0	0.014991	24	14	10	0	0	0	0
AF	0	0.015303	46	31	15	0	0	0	0
AF	0	0.015615	53	34	19	0	0	0	0
AF	0	0.015928	102	54	48	0	0	0	0
AF	0	0.016240	44	30	14	0	0	0	0
AF	0	0.016552	33	24	9	0	0	0	0
AF	0	0.016864	23	12	11	0	0	0	0
AF	0	0.017177	25	20	5	0	0	0	0
AF	0	0.017489	12	10	2	0	0	0	0
AF	0	0.017801	24	11	13	0	0	0	0
AF	0	0.018114	21	17	4	0	0	0	0
AF	0	0.018426	30	22	8	0	0	0	0
AF	0	0.018738	21	18	3	0	0	0	0
AF	0	0.019051	40	28	12	0	0	0	0
AF	0	0.019363	12	9	3	0	0	0	0
AF	0	0.019675	41	26	15	0	0	0	0
AF	0	0.019988	20	8	12	0	0	0	0
AF	0	0.020300	64	38	26	0	0	0	0
AF	0	0.020612	43	29	14	0	0	0	0
AF	0	0.020924	34	22	12	0	0	0	0
AF	0	0.021237	10	7	3	0	0	0	0
AF	0	0.021549	21	14	7	0	0	0	0
AF	0	0.021861	19	16	3	0	0	0	0
AF	0	0.022174	29	18	11	0	0	0	0
AF	0	0.022486	12	6	6	0	0	0	0
AF	0	0.022798	39	22	17	0	0	0	0
AF	0	0.023111	5	4	1	0	0	0	0
AF	0	0.023423	48	33	15	0	0	0	0
AF	0	0.023735	15	9	6	0	0	0	0
AF	0	0.024047	34	20	14	0	0	0	0
AF	0	0.024360	18	11	7	0	0	0	0
AF	0	0.024672	55	28	27	0	0	0	0
AF	0	0.024984	7	6	1	0	0	0	0
AF	0	0.025297	24	14	10	0	0	0	0
AF	0	0.025609	28	20	8	0	0	0	0
AF	0	0.025921	10	4	6	0	0	0	0
AF	0	0.026234	9	4	5	0	0	0	0
AF	0	0.026546	106	52	54	0	0	0	0
AF	0	0.026858	7	2	5	0	0	0	0
AF	0	0.027171	19	13	6	0	0	0	0
AF	0	0.027483	6	4	2	0	0	0	0
AF	0	0.027795	22	11	11	0	0	0	0
AF	0	0.028107	7	6	1	0	0	0	0
AF	0	0.028420	27	19	8	0	0	0	0
AF	0	0.028732	21	13	8	0	0	0	0
AF	0	0.029044	39	27	12	0	0	0	0
AF	0	0.029357	24	16	8	0	0	0	0
AF	0	0.029669	27	17	10	0	0	0	0
AF	0	0.029981	20	13	7	0	0	0	0
AF	0	0.030294	19	12	7	0	0	0	0
AF	0	0.030606	11	6	5	0	0	0	0
AF	0	0.030918	14	8	6	0	0	0	0
AF	0	0.031230	6	4	2	0	0	0	0
AF	0	0.031543	10	8	2	0	0	0	0
AF	0	0.031855	1	1	0	0	0	0	0
AF	0	0.032167	22	13	9	0	0	0	0
AF	0	0.032480	4	2	2	0	0	0	0
AF	0	0.032792	22	17	5	0	0	0	0
AF	0	0.033104	8	6	2	0	0	0	0
AF	0	0.033417	12	8	4	0	0	0	0
AF	0	0.033729	6	4	2	0	0	0	0
AF	0	0.034041	8	5	3	0	0	0	0
AF	0	0.034354	15	14	1	0	0	0	0
AF	0	0.034666	20	12	8	0	0	0	0
AF	0	0.034978	2	1	1	0	0	0	0
AF	0	0.035290	7	4	3	0	0	0	0
AF	0	0.035603	11	8	3	0	0	0	0
AF	0	0.035915	20	16	4	0	0	0	0
AF	0	0.036227	13	7	6	0	0	0	0
AF	0	0.036540	9	8	1	0	0	0	0
AF	0	0.036852	14	10	4	0	0	0	0
AF	0	0.037164	16	12	4	0	0	0	0
AF	0	0.037477	19	11	8	0	0	0	0
AF	0	0.037789	27	16	11	0	0	0	0
AF	0	0.038101	23	15	8	0	0	0	0
AF	0	0.038413	20	13	7	0	0	0	0
AF	0	0.038726	6	4	2	0	0	0	0
AF	0	0.039038	18	13	5	0	0	0	0
AF	0	0.039350	3	3	0	0	0	0	0
AF	0	0.039663	8	5	3	0	0	0	0
AF	0	0.039975	6	3	3	0	0	0	0
AF	0	0.040287	12	9	3	0	0	0	0
AF	0	0.040600	8	7	1	0	0	0	0
AF	0	0.040912	12	11	1	0	0	0	0
AF	0	0.041224	5	5	0	0	0	0	0
AF	0	0.041537	35	19	16	0	0	0	0
AF	0	0.041849	13	7	6	0	0	0	0
AF	0	0.042161	52	36	16	0	0	0	0
AF	0	0.042473	10	8	2	0	0	0	0
AF	0	0.042786	25	20	5	0	0	0	0
AF	0	0.043098	23	15	8	0	0	0	0
AF	0	0.043410	18	16	2	0	0	0	0
AF	0	0.043723	6	5	1	0	0	0	0
AF	0	0.044035	14	7	7	0	0	0	0
AF	0	0.044347	10	9	1	0	0	0	0
AF	0	0.044660	21	13	8	0	0	0	0
AF	0	0.044972	5	4	1	0	0	0	0
AF	0	0.045284	11	8	3	0	0	0	0
AF	0	0.045597	18	13	5	0	0	0	0
AF	0	0.045909	11	9	2	0	0	0	0
AF	0	0.046221	19	13	6	0	0	0	0
AF	0	0.046533	24	12	12	0	0	0	0
AF	0	0.046846	4	3	1	0	0	0	0
AF	0	0.047158	13	8	5	0	0	0	0
AF	0	0.047470	15	12	3	0	0	0	0
AF	0	0.047783	41	28	13	0	0	0	0
AF	0	0.048095	11	5	6	0	0	0	0
AF	0	0.048407	23	16	7	0	0	0	0
AF	0	0.048720	13	10	3	0	0	0	0
AF	0	0.049032	29	13	16	0	0	0	0
AF	0	0.049344	5	3	2	0	0	0	0
AF	0	0.049656	14	10	4	0	0	0	0
AF	0	0.049969	8	5	3	0	0	0	0
AF	0	0.050281	34	23	11	0	0	0	0
AF	0	0.050593	6	4	2	0	0	0	0
AF	0	0.050906	21	16	5	0	0	0	0
AF	0	0.051530	7	5	2	0	0	0	0
AF	0	0.051843	9	8	1	0	0	0	0
AF	0	0.052155	8	7	1	0	0	0	0
AF	0	0.052467	6	4	2	0	0	0	0
AF	0	0.052780	10	9	1	0	0	0	0
AF	0	0.053092	12	5	7	0	0	0	0
AF	0	0.053404	8	8	0	0	0	0	0
AF	0	0.053716	12	6	6	0	0	0	0
AF	0	0.054029	10	5	5	0	0	0	0
AF	0	0.054341	5	4	1	0	0	0	0
AF	0	0.054653	16	12	4	0	0	0	0
AF	0	0.054966	8	3	5	0	0	0	0
AF	0	0.055278	13	7	6	0	0	0	0
AF	0	0.055590	7	6	1	0	0	0	0
AF	0	0.055903	10	7	3	0	0	0	0
AF	0	0.056215	8	6	2	0	0	0	0
AF	0	0.056527	21	9	12	0	0	0	0
AF	0	0.056839	6	2	4	0	0	0	0
AF	0	0.057152	19	9	10	0	0	0	0
AF	0	0.057464	10	6	4	0	0	0	0
AF	0	0.057776	11	8	3	0	0	0	0
AF	0	0.058089	6	6	0	0	0	0	0
AF	0	0.058401	18	10	8	0	0	0	0
AF	0	0.058713	24	16	8	0	0	0	0
AF	0	0.059026	22	14	8	0	0	0	0
AF	0	0.059338	4	2	2	0	0	0	0
AF	0	0.059650	22	15	7	0	0	0	0
AF	0	0.059963	5	4	1	0	0	0	0
AF	0	0.060275	30	22	8	0	0	0	0
AF	0	0.060587	7	5	2	0	0	0	0
AF	0	0.060899	7	3	4	0	0	0	0
AF	0	0.061212	1	0	1	0	0	0	0
AF	0	0.061524	6	4	2	0	0	0	0
AF	0	0.061836	4	3	1	0	0	0	0
AF	0	0.062149	7	5	2	0	0	0	0
AF	0	0.062461	7	6	1	0	0	0	0
AF	0	0.062773	10	5	5	0	0	0	0
AF	0	0.063086	2	1	1	0	0	0	0
AF	0	0.063398	11	8	3	0	0	0	0
AF	0	0.063710	2	2	0	0	0	0	0
AF	0	0.064022	5	5	0	0	0	0	0
AF	0	0.064647	5	3	2	0	0	0	0
AF	0	0.064959	1	1	0	0	0	0	0
AF	0	0.065272	3	3	0	0	0	0	0
AF	0	0.065896	2	2	0	0	0	0	0
AF	0	0.066209	2	2	0	0	0	0	0
AF	0	0.066521	16	14	2	0	0	0	0
AF	0	0.066833	2	2	0	0	0	0	0
AF	0	0.067146	4	3	1	0	0	0	0
AF	0	0.067458	2	2	0	0	0	0	0
AF	0	0.067770	1	1	0	0	0	0	0
AF	0	0.068082	2	2	0	0	0	0	0
AF	0	0.068395	4	3	1	0	0	0	0
AF	0	0.069019	5	3	2	0	0	0	0
AF	0	0.069332	2	0	2	0	0	0	0
AF	0	0.069644	1	0	1	0	0	0	0
AF	0	0.069956	8	5	3	0	0	0	0
AF	0	0.070269	2	1	1	0	0	0	0
AF	0	0.070893	3	2	1	0	0	0	0
AF	0	0.071205	3	2	1	0	0	0	0
AF	0	0.071518	34	20	14	0	0	0	0
AF	0	0.071830	2	2	0	0	0	0	0
AF	0	0.072142	3	1	2	0	0	0	0
AF	0	0.072455	2	1	1	0	0	0	0
AF	0	0.072767	7	7	0	0	0	0	0
AF	0	0.073079	5	2	3	0	0	0	0
AF	0	0.073392	18	13	5	0	0	0	0
AF	0	0.073704	4	2	2	0	0	0	0
AF	0	0.074016	17	10	7	0	0	0	0
AF	0	0.074329	3	1	2	0	0	0	0
AF	0	0.074641	6	2	4	0	0	0	0
AF	0	0.074953	4	3	1	0	0	0	0
AF	0	0.075265	4	1	3	0	0	0	0
AF	0	0.075578	4	1	3	0	0	0	0
AF	0	0.075890	14	7	7	0	0	0	0
AF	0	0.076202	8	4	4	0	0	0	0
AF	0	0.076515	13	9	4	0	0	0	0
AF	0	0.076827	2	2	0	0	0	0	0
AF	0	0.077139	4	2	2	0	0	0	0
AF	0	0.077452	2	2	0	0	0	0	0
AF	0	0.077764	3	1	2	0	0	0	0
AF	0	0.078389	12	6	6	0	0	0	0
AF	0	0.078701	7	4	3	0	0	0	0
AF	0	0.079013	51	31	20	0	0	0	0
AF	0	0.079325	42	26	16	0	0	0	0
AF	0	0.079638	23	15	8	0	0	0	0
AF	0	0.079950	3	2	1	0	0	0	0
AF	0	0.080262	4	4	0	0	0	0	0
AF	0	0.080575	3	1	2	0	0	0	0
AF	0	0.080887	3	1	2	0	0	0	0
AF	0	0.081199	4	2	2	0	0	0	0
AF	0	0.081512	4	3	1	0	0	0	0
AF	0	0.081824	7	6	1	0	0	0	0
AF	0	0.082136	3	1	2	0	0	0	0
AF	0	0.082448	8	6	2	0	0	0	0
AF	0	0.082761	5	3	2	0	0	0	0
AF	0	0.083385	6	5	1	0	0	0	0
AF	0	0.083698	5	4	1	0	0	0	0
AF	0	0.084010	14	11	3	0	0	0	0
AF	0	0.084322	1	0	1	0	0	0	0
AF	0	0.084635	6	4	2	0	0	0	0
AF	0	0.084947	7	4	3	0	0	0	0
AF	0	0.085259	10	5	5	0	0	0	0
AF	0	0.085572	2	2	0	0	0	0	0
AF	0	0.085884	3	2	1	0	0	0	0
AF	0	0.086196	4	3	1	0	0	0	0
AF	0	0.086508	10	3	7	0	0	0	0
AF	0	0.086821	4	1	3	0	0	0	0
AF	0	0.087133	11	5	6	0	0	0	0
AF	0	0.087445	2	1	1	0	0	0	0
AF	0	0.087758	4	2	2	0	0	0	0
AF	0	0.088070	5	4	1	0	0	0	0
AF	0	0.088382	3	1	2	0	0	0	0
AF	0	0.088695	4	1	3	0	0	0	0
AF	0	0.089007	17	9	8	0	0	0	0
AF	0	0.089319	2	2	0	0	0	0	0
AF	0	0.089631	1	0	1	0	0	0	0
AF	0	0.089944	1	1	0	0	0	0	0
AF	0	0.090256	4	3	1	0	0	0	0
AF	0	0.090568	3	3	0	0	0	0	0
AF	0	0.090881	4	2	2	0	0	0	0
AF	0	0.091193	3	0	3	0	0	0	0
AF	0	0.091505	5	1	4	0	0	0	0
AF	0	0.091818	1	0	1	0	0	0	0
AF	0	0.092130	3	3	0	0	0	0	0
AF	0	0.092442	1	1	0	0	0	0	0
AF	0	0.092755	6	4	2	0	0	0	0
AF	0	0.093067	1	1	0	0	0	0	0
AF	0	0.093379	2	2	0	0	0	0	0
AF	0	0.093691	3	2	1	0	0	0	0
AF	0	0.094004	21	15	6	0	0	0	0
AF	0	0.094316	14	10	4	0	0	0	0
AF	0	0.094628	15	8	7	0	0	0	0
AF	0	0.094941	1	0	1	0	0	0	0
AF	0	0.095253	5	3	2	0	0	0	0
AF	0	0.095565	4	4	0	0	0	0	0
AF	0	0.095878	2	2	0	0	0	0	0
AF	0	0.096502	4	3	1	0	0	0	0
AF	0	0.096814	4	4	0	0	0	0	0
AF	0	0.097127	5	3	2	0	0	0	0
AF	0	0.097439	4	2	2	0	0	0	0
AF	0	0.097751	4	3	1	0	0	0	0
AF	0	0.098064	1	1	0	0	0	0	0
AF	0	0.098376	2	2	0	0	0	0	0
AF	0	0.098688	2	0	2	0	0	0	0
AF	0	0.099001	4	3	1	0	0	0	0
AF	0	0.099625	1	0	1	0	0	0	0
AF	0	0.099938	2	1	1	0	0	0	0
AF	0	0.100250	8	3	5	0	0	0	0
AF	0	0.100562	5	3	2	0	0	0	0
AF	0	0.100874	4	1	3	0	0	0	0
AF	0	0.101187	2	2	0	0	0	0	0
AF	0	0.101499	1	0	1	0	0	0	0
AF	0	0.101811	2	2	0	0	0	0	0
AF	0	0.102124	22	16	6	0	0	0	0
AF	0	0.102436	4	3	1	0	0	0	0
AF	0	0.102748	1	0	1	0	0	0	0
AF	0	0.103061	3	3	0	0	0	0	0
AF	0	0.103373	2	2	0	0	0	0	0
AF	0	0.103685	2	1	1	0	0	0	0
AF	0	0.103998	3	2	1	0	0	0	0
AF	0	0.104310	3	2	1	0	0	0	0
AF	0	0.104622	1	1	0	0	0	0	0
AF	0	0.104934	2	0	2	0	0	0	0
AF	0	0.105247	13	9	4	0	0	0	0
AF	0	0.105559	12	9	3	0	0	0	0
AF	0	0.105871	12	8	4	0	0	0	0
AF	0	0.106184	2	1	1	0	0	0	0
AF	0	0.106496	3	2	1	0	0	0	0
AF	0	0.106808	2	0	2	0	0	0	0
AF	0	0.107121	1	1	0	0	0	0	0
AF	0	0.107745	3	2	1	0	0	0	0
AF	0	0.108370	2	2	0	0	0	0	0
AF	0	0.108682	3	2	1	0	0	0	0
AF	0	0.108994	5	2	3	0	0	0	0
AF	0	0.109619	2	1	1	0	0	0	0
AF	0	0.109931	1	0	1	0	0	0	0
AF	0	0.110244	2	1	1	0	0	0	0
AF	0	0.110556	1	0	1	0	0	0	0
AF	0	0.111805	4	3	1	0	0	0	0
AF	0	0.112117	5	4	1	0	0	0	0
AF	0	0.112430	4	3	1	0	0	0	0
AF	0	0.112742	6	4	2	0	0	0	0
AF	0	0.113054	3	1	2	0	0	0	0
AF	0	0.113367	4	3	1	0	0	0	0
AF	0	0.113679	3	2	1	0	0	0	0
AF	0	0.113991	1	0	1	0	0	0	0
AF	0	0.114304	4	2	2	0	0	0	0
AF	0	0.114616	1	1	0	0	0	0	0
AF	0	0.114928	4	1	3	0	0	0	0
AF	0	0.115240	1	0	1	0	0	0	0
AF	0	0.115553	6	5	1	0	0	0	0
AF	0	0.115865	10	8	2	0	0	0	0
AF	0	0.116177	14	10	4	0	0	0	0
AF	0	0.116490	3	3	0	0	0	0	0
AF	0	0.116802	3	3	0	0	0	0	0
AF	0	0.117427	1	0	1	0	0	0	0
AF	0	0.118364	3	1	2	0	0	0	0
AF	0	0.118676	2	1	1	0	0	0	0
AF	0	0.118988	2	1	1	0	0	0	0
AF	0	0.119300	2	2	0	0	0	0	0
AF	0	0.119925	2	1	1	0	0	0	0
AF	0	0.120550	1	0	1	0	0	0	0
AF	0	0.121174	1	1	0	0	0	0	0
AF	0	0.121487	1	1	0	0	0	0	0
AF	0	0.121799	5	2	3	0	0	0	0
AF	0	0.122423	8	3	5	0	0	0	0
AF	0	0.122736	6	4	2	0	0	0	0
AF	0	0.123048	8	5	3	0	0	0	0
AF	0	0.123673	1	1	0	0	0	0	0
AF	0	0.123985	1	0	1	0	0	0	0
AF	0	0.124297	1	1	0	0	0	0	0
AF	0	0.124610	1	0	1	0	0	0	0
AF	0	0.124922	2	1	1	0	0	0	0
AF	0	0.125234	3	3	0	0	0	0	0
AF	0	0.125547	2	1	1	0	0	0	0
AF	0	0.126171	4	1	3	0	0	0	0
AF	0	0.126483	3	2	1	0	0	0	0
AF	0	0.127733	3	2	1	0	0	0	0
AF	0	0.128670	2	2	0	0	0	0	0
AF	0	0.128982	1	0	1	0	0	0	0
AF	0	0.129294	1	1	0	0	0	0	0
AF	0	0.129606	1	0	1	0	0	0	0
AF	0	0.129919	1	1	0	0	0	0	0
AF	0	0.130231	2	1	1	0	0	0	0
AF	0	0.130856	6	2	4	0	0	0	0
AF	0	0.131168	2	2	0	0	0	0	0
AF	0	0.131480	5	2	3	0	0	0	0
AF	0	0.131793	1	0	1	0	0	0	0
AF	0	0.132105	1	1	0	0	0	0	0
AF	0	0.132417	3	1	2	0	0	0	0
AF	0	0.132730	2	1	1	0	0	0	0
AF	0	0.133042	6	6	0	0	0	0	0
AF	0	0.133354	1	0	1	0	0	0	0
AF	0	0.133666	5	4	1	0	0	0	0
AF	0	0.133979	4	3	1	0	0	0	0
AF	0	0.134291	2	2	0	0	0	0	0
AF	0	0.134603	1	1	0	0	0	0	0
AF	0	0.135228	1	1	0	0	0	0	0
AF	0	0.135540	2	0	2	0	0	0	0
AF	0	0.135853	2	2	0	0	0	0	0
AF	0	0.136477	1	1	0	0	0	0	0
AF	0	0.136790	1	1	0	0	0	0	0
AF	0	0.137414	4	3	1	0	0	0	0
AF	0	0.137726	2	2	0	0	0	0	0
AF	0	0.138039	1	0	1	0	0	0	0
AF	0	0.138351	1	0	1	0	0	0	0
AF	0	0.138663	2	1	1	0	0	0	0
AF	0	0.138976	10	7	3	0	0	0	0
AF	0	0.139288	1	0	1	0	0	0	0
AF	0	0.139913	3	2	1	0	0	0	0
AF	0	0.140225	2	1	1	0	0	0	0
AF	0	0.140537	9	5	4	0	0	0	0
AF	0	0.140849	5	4	1	0	0	0	0
AF	0	0.141162	7	5	2	0	0	0	0
AF	0	0.141474	1	1	0	0	0	0	0
AF	0	0.141786	1	1	0	0	0	0	0
AF	0	0.142099	3	3	0	0	0	0	0
AF	0	0.142411	10	7	3	0	0	0	0
AF	0	0.142723	2	0	2	0	0	0	0
AF	0	0.143036	8	7	1	0	0	0	0
AF	0	0.143348	4	2	2	0	0	0	0
AF	0	0.143660	1	1	0	0	0	0	0
AF	0	0.143973	1	1	0	0	0	0	0
AF	0	0.144285	1	1	0	0	0	0	0
AF	0	0.144909	2	1	1	0	0	0	0
AF	0	0.145222	3	2	1	0	0	0	0
AF	0	0.145534	3	3	0	0	0	0	0
AF	0	0.145846	3	2	1	0	0	0	0
AF	0	0.146159	10	5	5	0	0	0	0
AF	0	0.146471	11	8	3	0	0	0	0
AF	0	0.146783	25	20	5	0	0	0	0
AF	0	0.147096	6	5	1	0	0	0	0
AF	0	0.147408	3	3	0	0	0	0	0
AF	0	0.148032	2	1	1	0	0	0	0
AF	0	0.148345	1	0	1	0	0	0	0
AF	0	0.148657	2	2	0	0	0	0	0
AF	0	0.149282	1	0	1	0	0	0	0
AF	0	0.149594	2	2	0	0	0	0	0
AF	0	0.149906	2	1	1	0	0	0	0
AF	0	0.150219	1	1	0	0	0	0	0
AF	0	0.150531	4	2	2	0	0	0	0
AF	0	0.150843	2	1	1	0	0	0	0
AF	0	0.151156	4	1	3	0	0	0	0
AF	0	0.151468	1	0	1	0	0	0	0
AF	0	0.151780	10	8	2	0	0	0	0
AF	0	0.152092	4	2	2	0	0	0	0
AF	0	0.152717	4	3	1	0	0	0	0
AF	0	0.153029	11	6	5	0	0	0	0
AF	0	0.153654	6	4	2	0	0	0	0
AF	0	0.153966	3	2	1	0	0	0	0
AF	0	0.154591	3	2	1	0	0	0	0
AF	0	0.154903	2	0	2	0	0	0	0
AF	0	0.155215	1	1	0	0	0	0	0
AF	0	0.155528	1	0	1	0	0	0	0
AF	0	0.156777	3	3	0	0	0	0	0
AF	0	0.157089	1	0	1	0	0	0	0
AF	0	0.157402	1	1	0	0	0	0	0
AF	0	0.158026	5	3	2	0	0	0	0
AF	0	0.158339	1	1	0	0	0	0	0
AF	0	0.158651	2	1	1	0	0	0	0
AF	0	0.158963	2	1	1	0	0	0	0
AF	0	0.159275	3	2	1	0	0	0	0
AF	0	0.159588	2	1	1	0	0	0	0
AF	0	0.159900	8	3	5	0	0	0	0
AF	0	0.160212	6	4	2	0	0	0	0
AF	0	0.160525	15	8	7	0	0	0	0
AF	0	0.160837	1	0	1	0	0	0	0
AF	0	0.161149	6	4	2	0	0	0	0
AF	0	0.161462	10	5	5	0	0	0	0
AF	0	0.161774	5	2	3	0	0	0	0
AF	0	0.162086	6	4	2	0	0	0	0
AF	0	0.162399	6	6	0	0	0	0	0
AF	0	0.162711	2	1	1	0	0	0	0
AF	0	0.163023	4	2	2	0	0	0	0
AF	0	0.163335	1	1	0	0	0	0	0
AF	0	0.163960	3	1	2	0	0	0	0
AF	0	0.164272	4	3	1	0	0	0	0
AF	0	0.164585	1	0	1	0	0	0	0
AF	0	0.164897	3	3	0	0	0	0	0
AF	0	0.165522	1	0	1	0	0	0	0
AF	0	0.165834	2	2	0	0	0	0	0
AF	0	0.166146	3	1	2	0	0	0	0
AF	0	0.166458	3	2	1	0	0	0	0
AF	0	0.166771	2	1	1	0	0	0	0
AF	0	0.167708	1	1	0	0	0	0	0
AF	0	0.168020	1	1	0	0	0	0	0
AF	0	0.168645	1	1	0	0	0	0	0
AF	0	0.169269	1	1	0	0	0	0	0
AF	0	0.169582	1	0	1	0	0	0	0
AF	0	0.169894	1	0	1	0	0	0	0
AF	0	0.170206	6	4	2	0	0	0	0
AF	0	0.170518	8	7	1	0	0	0	0
AF	0	0.170831	2	2	0	0	0	0	0
AF	0	0.171143	2	1	1	0	0	0	0
AF	0	0.171768	1	1	0	0	0	0	0
AF	0	0.172705	1	0	1	0	0	0	0
AF	0	0.173017	3	3	0	0	0	0	0
AF	0	0.174266	3	1	2	0	0	0	0
AF	0	0.174578	1	1	0	0	0	0	0
AF	0	0.174891	3	1	2	0	0	0	0
AF	0	0.175203	3	2	1	0	0	0	0
AF	0	0.175515	5	4	1	0	0	0	0
AF	0	0.175828	1	0	1	0	0	0	0
AF	0	0.176140	1	1	0	0	0	0	0
AF	0	0.176452	1	1	0	0	0	0	0
AF	0	0.176765	1	1	0	0	0	0	0
AF	0	0.177077	2	0	2	0	0	0	0
AF	0	0.177389	3	1	2	0	0	0	0
AF	0	0.177701	1	1	0	0	0	0	0
AF	0	0.178014	3	1	2	0	0	0	0
AF	0	0.178326	1	1	0	0	0	0	0
AF	0	0.178638	4	3	1	0	0	0	0
AF	0	0.178951	2	2	0	0	0	0	0
AF	0	0.179263	3	3	0	0	0	0	0
AF	0	0.179575	2	1	1	0	0	0	0
AF	0	0.179888	5	3	2	0	0	0	0
AF	0	0.180200	1	1	0	0	0	0	0
AF	0	0.180512	3	1	2	0	0	0	0
AF	0	0.181137	2	2	0	0	0	0	0
AF	0	0.181761	7	5	2	0	0	0	0
AF	0	0.182074	3	1	2	0	0	0	0
AF	0	0.182386	10	7	3	0	0	0	0
AF	0	0.182698	9	4	5	0	0	0	0
AF	0	0.183011	5	2	3	0	0	0	0
AF	0	0.183323	3	2	1	0	0	0	0
AF	0	0.183635	2	2	0	0	0	0	0
AF	0	0.184260	1	1	0	0	0	0	0
AF	0	0.184572	3	1	2	0	0	0	0
AF	0	0.184884	6	2	4	0	0	0	0
AF	0	0.185197	4	2	2	0	0	0	0
AF	0	0.185509	1	0	1	0	0	0	0
AF	0	0.186134	1	1	0	0	0	0	0
AF	0	0.186446	1	1	0	0	0	0	0
AF	0	0.187071	1	0	1	0	0	0	0
AF	0	0.187383	3	1	2	0	0	0	0
AF	0	0.188007	3	1	2	0	0	0	0
AF	0	0.188632	2	1	1	0	0	0	0
AF	0	0.190818	1	1	0	0	0	0	0
AF	0	0.191131	4	1	3	0	0	0	0
AF	0	0.191443	3	3	0	0	0	0	0
AF	0	0.192067	1	0	1	0	0	0	0
AF	0	0.192380	7	4	3	0	0	0	0
AF	0	0.192692	6	4	2	0	0	0	0
AF	0	0.193004	9	6	3	0	0	0	0
AF	0	0.193317	2	2	0	0	0	0	0
AF	0	0.193629	4	2	2	0	0	0	0
AF	0	0.194254	4	1	3	0	0	0	0
AF	0	0.194566	7	4	3	0	0	0	0
AF	0	0.194878	12	7	5	0	0	0	0
AF	0	0.195191	1	1	0	0	0	0	0
AF	0	0.195503	7	3	4	0	0	0	0
AF	0	0.195815	2	0	2	0	0	0	0
AF	0	0.196127	15	9	6	0	0	0	0
AF	0	0.196440	5	2	3	0	0	0	0
AF	0	0.196752	6	1	5	0	0	0	0
AF	0	0.197064	6	4	2	0	0	0	0
AF	0	0.197377	2	1	1	0	0	0	0
AF	0	0.198001	3	1	2	0	0	0	0
AF	0	0.198314	5	2	3	0	0	0	0
AF	0	0.198626	4	3	1	0	0	0	0
AF	0	0.198938	2	0	2	0	0	0	0
AF	0	0.199250	2	1	1	0	0	0	0
AF	0	0.199875	1	0	1	0	0	0	0
AF	0	0.200500	3	3	0	0	0	0	0
AF	0	0.200812	2	2	0	0	0	0	0
AF	0	0.201124	5	3	2	0	0	0	0
AF	0	0.201437	5	5	0	0	0	0	0
AF	0	0.201749	2	2	0	0	0	0	0
AF	0	0.202061	2	2	0	0	0	0	0
AF	0	0.202374	1	0	1	0	0	0	0
AF	0	0.202686	1	1	0	0	0	0	0
AF	0	0.202998	2	0	2	0	0	0	0
AF	0	0.203623	2	2	0	0	0	0	0
AF	0	0.203935	1	0	1	0	0	0	0
AF	0	0.204247	1	1	0	0	0	0	0
AF	0	0.204872	1	1	0	0	0	0	0
AF	0	0.205497	1	1	0	0	0	0	0
AF	0	0.206121	1	1	0	0	0	0	0
AF	0	0.206746	1	1	0	0	0	0	0
AF	0	0.208620	1	1	0	0	0	0	0
AF	0	0.208932	1	1	0	0	0	0	0
AF	0	0.209244	3	1	2	0	0	0	0
AF	0	0.210181	2	1	1	0	0	0	0
AF	0	0.210493	1	1	0	0	0	0	0
AF	0	0.210806	1	1	0	0	0	0	0
AF	0	0.211118	2	2	0	0	0	0	0
AF	0	0.211430	1	1	0	0	0	0	0
AF	0	0.211743	2	1	1	0	0	0	0
AF	0	0.212055	3	2	1	0	0	0	0
AF	0	0.212680	1	0	1	0	0	0	0
AF	0	0.212992	10	4	6	0	0	0	0
AF	0	0.213304	5	3	2	0	0	0	0
AF	0	0.213616	7	7	0	0	0	0	0
AF	0	0.213929	5	3	2	0	0	0	0
AF	0	0.214241	9	6	3	0	0	0	0
AF	0	0.214866	2	1	1	0	0	0	0
AF	0	0.215490	1	1	0	0	0	0	0
AF	0	0.216115	10	8	2	0	0	0	0
AF	0	0.216427	3	2	1	0	0	0	0
AF	0	0.216740	2	1	1	0	0	0	0
AF	0	0.217364	3	2	1	0	0	0	0
AF	0	0.217676	2	1	1	0	0	0	0
AF	0	0.217989	3	2	1	0	0	0	0
AF	0	0.218301	1	0	1	0	0	0	0
AF	0	0.218613	5	3	2	0	0	0	0
AF	0	0.218926	2	1	1	0	0	0	0
AF	0	0.219238	3	2	1	0	0	0	0
AF	0	0.219550	2	2	0	0	0	0	0
AF	0	0.219863	3	0	3	0	0	0	0
AF	0	0.220487	1	0	1	0	0	0	0
AF	0	0.221112	3	1	2	0	0	0	0
AF	0	0.221424	2	1	1	0	0	0	0
AF	0	0.221736	2	2	0	0	0	0	0
AF	0	0.222673	2	2	0	0	0	0	0
AF	0	0.223298	3	1	2	0	0	0	0
AF	0	0.223610	1	0	1	0	0	0	0
AF	0	0.223923	2	2	0	0	0	0	0
AF	0	0.224547	3	2	1	0	0	0	0
AF	0	0.224859	1	0	1	0	0	0	0
AF	0	0.225484	2	0	2	0	0	0	0
AF	0	0.225796	3	2	1	0	0	0	0
AF	0	0.226421	1	0	1	0	0	0	0
AF	0	0.227046	1	1	0	0	0	0	0
AF	0	0.229232	1	1	0	0	0	0	0
AF	0	0.229544	1	1	0	0	0	0	0
AF	0	0.229856	1	0	1	0	0	0	0
AF	0	0.230169	2	0	2	0	0	0	0
AF	0	0.230481	3	3	0	0	0	0	0
AF	0	0.230793	2	2	0	0	0	0	0
AF	0	0.231730	2	1	1	0	0	0	0
AF	0	0.232042	2	2	0	0	0	0	0
AF	0	0.232355	1	0	1	0	0	0	0
AF	0	0.232979	1	1	0	0	0	0	0
AF	0	0.233916	2	1	1	0	0	0	0
AF	0	0.234541	3	3	0	0	0	0	0
AF	0	0.235478	1	1	0	0	0	0	0
AF	0	0.236102	2	1	1	0	0	0	0
AF	0	0.236415	1	1	0	0	0	0	0
AF	0	0.236727	2	1	1	0	0	0	0
AF	0	0.237039	8	5	3	0	0	0	0
AF	0	0.237352	2	0	2	0	0	0	0
AF	0	0.238289	3	3	0	0	0	0	0
AF	0	0.238601	3	2	1	0	0	0	0
AF	0	0.238913	3	1	2	0	0	0	0
AF	0	0.239538	3	2	1	0	0	0	0
AF	0	0.239850	4	4	0	0	0	0	0
AF	0	0.240162	7	6	1	0	0	0	0
AF	0	0.240787	4	3	1	0	0	0	0
AF	0	0.241099	12	7	5	0	0	0	0
AF	0	0.241412	10	7	3	0	0	0	0
AF	0	0.241724	1	1	0	0	0	0	0
AF	0	0.242036	3	2	1	0	0	0	0
AF	0	0.242661	2	2	0	0	0	0	0
AF	0	0.242973	1	1	0	0	0	0	0
AF	0	0.243285	1	0	1	0	0	0	0
AF	0	0.244222	2	2	0	0	0	0	0
AF	0	0.244535	2	1	1	0	0	0	0
AF	0	0.244847	1	0	1	0	0	0	0
AF	0	0.245159	1	1	0	0	0	0	0
AF	0	0.245472	1	1	0	0	0	0	0
AF	0	0.245784	2	0	2	0	0	0	0
AF	0	0.246721	1	0	1	0	0	0	0
AF	0	0.247033	1	1	0	0	0	0	0
AF	0	0.248282	4	2	2	0	0	0	0
AF	0	0.248595	4	2	2	0	0	0	0
AF	0	0.248907	30	21	9	0	0	0	0
AF	0	0.249219	14	7	7	0	0	0	0
AF	0	0.249532	41	30	11	0	0	0	0
AF	0	0.249844	4	2	2	0	0	0	0
AF	0	0.250156	5	0	5	0	0	0	0
AF	0	0.250468	1	0	1	0	0	0	0
AF	0	0.250781	4	3	1	0	0	0	0
AF	0	0.251405	3	2	1	0	0	0	0
AF	0	0.251718	2	1	1	0	0	0	0
AF	0	0.252030	5	4	1	0	0	0	0
AF	0	0.252342	1	1	0	0	0	0	0
AF	0	0.253279	2	1	1	0	0	0	0
AF	0	0.253592	1	1	0	0	0	0	0
AF	0	0.254216	1	0	1	0	0	0	0
AF	0	0.254528	1	0	1	0	0	0	0
AF	0	0.254841	1	0	1	0	0	0	0
AF	0	0.255153	1	1	0	0	0	0	0
AF	0	0.255465	2	2	0	0	0	0	0
AF	0	0.255778	1	0	1	0	0	0	0
AF	0	0.256090	1	1	0	0	0	0	0
AF	0	0.256402	1	0	1	0	0	0	0
AF	0	0.256715	1	0	1	0	0	0	0
AF	0	0.257964	2	0	2	0	0	0	0
AF	0	0.258901	3	2	1	0	0	0	0
AF	0	0.259213	1	0	1	0	0	0	0
AF	0	0.259838	1	0	1	0	0	0	0
AF	0	0.260150	2	2	0	0	0	0	0
AF	0	0.260775	3	3	0	0	0	0	0
AF	0	0.261087	5	2	3	0	0	0	0
AF	0	0.261399	2	0	2	0	0	0	0
AF	0	0.261711	1	0	1	0	0	0	0
AF	0	0.262336	1	1	0	0	0	0	0
AF	0	0.262648	1	1	0	0	0	0	0
AF	0	0.263273	1	1	0	0	0	0	0
AF	0	0.263898	1	1	0	0	0	0	0
AF	0	0.264834	1	1	0	0	0	0	0
AF	0	0.267333	1	1	0	0	0	0	0
AF	0	0.267645	4	3	1	0	0	0	0
AF	0	0.268270	1	1	0	0	0	0	0
AF	0	0.268582	1	1	0	0	0	0	0
AF	0	0.268894	1	1	0	0	0	0	0
AF	0	0.269519	1	1	0	0	0	0	0
AF	0	0.271393	2	2	0	0	0	0	0
AF	0	0.271705	1	1	0	0	0	0	0
AF	0	0.272954	1	1	0	0	0	0	0
AF	0	0.273267	3	2	1	0	0	0	0
AF	0	0.273579	1	1	0	0	0	0	0
AF	0	0.273891	1	1	0	0	0	0	0
AF	0	0.274204	2	1	1	0	0	0	0
AF	0	0.274516	1	0	1	0	0	0	0
AF	0	0.275765	1	1	0	0	0	0	0
AF	0	0.276390	1	0	1	0	0	0	0
AF	0	0.277014	1	1	0	0	0	0	0
AF	0	0.277639	1	0	1	0	0	0	0
AF	0	0.277951	3	2	1	0	0	0	0
AF	0	0.278264	2	2	0	0	0	0	0
AF	0	0.278576	2	2	0	0	0	0	0
AF	0	0.279200	1	0	1	0	0	0	0
AF	0	0.279513	2	2	0	0	0	0	0
AF	0	0.280450	4	2	2	0	0	0	0
AF	0	0.280762	4	3	1	0	0	0	0
AF	0	0.281387	3	3	0	0	0	0	0
AF	0	0.282636	3	3	0	0	0	0	0
AF	0	0.283260	2	1	1	0	0	0	0
AF	0	0.283573	1	1	0	0	0	0	0
AF	0	0.283885	4	2	2	0	0	0	0
AF	0	0.284197	5	4	1	0	0	0	0
AF	0	0.284510	1	1	0	0	0	0	0
AF	0	0.284822	5	2	3	0	0	0	0
AF	0	0.285134	6	5	1	0	0	0	0
AF	0	0.285447	1	0	1	0	0	0	0
AF	0	0.286071	1	0	1	0	0	0	0
AF	0	0.286696	1	1	0	0	0	0	0
AF	0	0.287320	1	1	0	0	0	0	0
AF	0	0.287945	1	1	0	0	0	0	0
AF	0	0.288570	2	1	1	0	0	0	0
AF	0	0.288882	3	3	0	0	0	0	0
AF	0	0.289507	1	1	0	0	0	0	0
AF	0	0.290131	1	1	0	0	0	0	0
AF	0	0.290443	4	1	3	0	0	0	0
AF	0	0.290756	3	0	3	0	0	0	0
AF	0	0.291068	3	2	1	0	0	0	0
AF	0	0.291380	9	6	3	0	0	0	0
AF	0	0.291693	4	2	2	0	0	0	0
AF	0	0.292005	3	3	0	0	0	0	0
AF	0	0.292630	3	1	2	0	0	0	0
AF	0	0.293254	2	1	1	0	0	0	0
AF	0	0.293879	1	1	0	0	0	0	0
AF	0	0.294503	1	0	1	0	0	0	0
AF	0	0.294816	1	0	1	0	0	0	0
AF	0	0.295128	1	1	0	0	0	0	0
AF	0	0.296377	2	0	2	0	0	0	0
AF	0	0.296690	2	2	0	0	0	0	0
AF	0	0.297002	7	4	3	0	0	0	0
AF	0	0.297314	1	0	1	0	0	0	0
AF	0	0.297626	2	2	0	0	0	0	0
AF	0	0.299188	1	0	1	0	0	0	0
AF	0	0.300125	1	1	0	0	0	0	0
AF	0	0.301686	1	0	1	0	0	0	0
AF	0	0.301999	1	1	0	0	0	0	0
AF	0	0.302623	1	1	0	0	0	0	0
AF	0	0.302936	1	1	0	0	0	0	0
AF	0	0.303248	1	1	0	0	0	0	0
AF	0	0.303560	1	1	0	0	0	0	0
AF	0	0.303873	3	2	1	0	0	0	0
AF	0	0.304185	1	1	0	0	0	0	0
AF	0	0.304497	3	2	1	0	0	0	0
AF	0	0.304809	6	4	2	0	0	0	0
AF	0	0.305122	12	9	3	0	0	0	0
AF	0	0.305434	1	1	0	0	0	0	0
AF	0	0.305746	1	1	0	0	0	0	0
AF	0	0.306059	2	2	0	0	0	0	0
AF	0	0.306371	2	2	0	0	0	0	0
AF	0	0.306996	4	4	0	0	0	0	0
AF	0	0.307308	6	3	3	0	0	0	0
AF	0	0.307620	23	17	6	0	0	0	0
AF	0	0.307933	2	1	1	0	0	0	0
AF	0	0.308869	6	6	0	0	0	0	0
AF	0	0.309494	2	1	1	0	0	0	0
AF	0	0.310119	2	0	2	0	0	0	0
AF	0	0.311056	2	1	1	0	0	0	0
AF	0	0.311368	4	1	3	0	0	0	0
AF	0	0.311993	1	0	1	0	0	0	0
AF	0	0.312617	2	0	2	0	0	0	0
AF	0	0.312929	1	1	0	0	0	0	0
AF	0	0.313242	2	2	0	0	0	0	0
AF	0	0.314491	2	2	0	0	0	0	0
AF	0	0.314803	2	2	0	0	0	0	0
AF	0	0.315428	1	1	0	0	0	0	0
AF	0	0.315740	1	0	1	0	0	0	0
AF	0	0.317302	1	0	1	0	0	0	0
AF	0	0.318239	1	1	0	0	0	0	0
AF	0	0.318863	1	1	0	0	0	0	0
AF	0	0.319176	1	0	1	0	0	0	0
AF	0	0.319488	4	1	3	0	0	0	0
AF	0	0.319800	2	2	0	0	0	0	0
AF	0	0.320112	12	5	7	0	0	0	0
AF	0	0.320425	4	2	2	0	0	0	0
AF	0	0.320737	3	2	1	0	0	0	0
AF	0	0.321049	2	1	1	0	0	0	0
AF	0	0.321362	1	1	0	0	0	0	0
AF	0	0.321674	1	1	0	0	0	0	0
AF	0	0.321986	2	0	2	0	0	0	0
AF	0	0.322299	1	1	0	0	0	0	0
AF	0	0.322611	5	3	2	0	0	0	0
AF	0	0.322923	5	2	3	0	0	0	0
AF	0	0.323235	3	3	0	0	0	0	0
AF	0	0.323548	2	2	0	0	0	0	0
AF	0	0.323860	3	2	1	0	0	0	0
AF	0	0.324485	2	1	1	0	0	0	0
AF	0	0.324797	3	1	2	0	0	0	0
AF	0	0.325109	2	1	1	0	0	0	0
AF	0	0.325422	2	1	1	0	0	0	0
AF	0	0.325734	5	4	1	0	0	0	0
AF	0	0.326046	1	0	1	0	0	0	0
AF	0	0.326359	6	4	2	0	0	0	0
AF	0	0.326671	2	2	0	0	0	0	0
AF	0	0.326983	10	8	2	0	0	0	0
AF	0	0.327295	1	1	0	0	0	0	0
AF	0	0.327608	1	0	1	0	0	0	0
AF	0	0.327920	1	0	1	0	0	0	0
AF	0	0.328232	1	1	0	0	0	0	0
AF	0	0.328857	2	1	1	0	0	0	0
AF	0	0.330106	1	1	0	0	0	0	0
AF	0	0.330731	2	2	0	0	0	0	0
AF	0	0.331043	1	1	0	0	0	0	0
AF	0	0.331355	1	0	1	0	0	0	0
AF	0	0.331980	1	1	0	0	0	0	0
AF	0	0.332292	2	1	1	0	0	0	0
AF	0	0.332605	1	1	0	0	0	0	0
AF	0	0.332917	1	1	0	0	0	0	0
AF	0	0.333229	2	2	0	0	0	0	0
AF	0	0.333854	2	0	2	0	0	0	0
AF	0	0.334166	1	1	0	0	0	0	0
AF	0	0.334478	1	0	1	0	0	0	0
AF	0	0.334791	2	1	1	0	0	0	0
AF	0	0.335415	3	0	3	0	0	0	0
AF	0	0.335728	2	2	0	0	0	0	0
AF	0	0.336040	3	3	0	0	0	0	0
AF	0	0.336352	1	0	1	0	0	0	0
AF	0	0.336665	5	4	1	0	0	0	0
AF	0	0.336977	1	1	0	0	0	0	0
AF	0	0.337289	7	5	2	0	0	0	0
AF	0	0.337914	5	2	3	0	0	0	0
AF	0	0.338226	1	0	1	0	0	0	0
AF	0	0.338538	7	5	2	0	0	0	0
AF	0	0.338851	6	3	3	0	0	0	0
AF	0	0.339163	5	5	0	0	0	0	0
AF	0	0.339475	4	3	1	0	0	0	0
AF	0	0.339788	1	1	0	0	0	0	0
AF	0	0.340412	1	0	1	0	0	0	0
AF	0	0.340725	1	1	0	0	0	0	0
AF	0	0.341037	3	3	0	0	0	0	0
AF	0	0.341349	1	1	0	0	0	0	0
AF	0	0.341661	2	2	0	0	0	0	0
AF	0	0.341974	2	2	0	0	0	0	0
AF	0	0.342286	1	1	0	0	0	0	0
AF	0	0.342598	2	0	2	0	0	0	0
AF	0	0.342911	2	1	1	0	0	0	0
AF	0	0.343223	4	2	2	0	0	0	0
AF	0	0.343535	1	0	1	0	0	0	0
AF	0	0.343848	1	1	0	0	0	0	0
AF	0	0.344472	1	1	0	0	0	0	0
AF	0	0.344785	1	0	1	0	0	0	0
AF	0	0.345097	1	1	0	0	0	0	0
AF	0	0.345409	1	1	0	0	0	0	0
AF	0	0.346034	7	5	2	0	0	0	0
AF	0	0.346346	4	1	3	0	0	0	0
AF	0	0.346658	9	9	0	0	0	0	0
AF	0	0.346971	1	0	1	0	0	0	0
AF	0	0.347595	2	2	0	0	0	0	0
AF	0	0.347908	1	0	1	0	0	0	0
AF	0	0.348532	6	4	2	0	0	0	0
AF	0	0.348844	4	1	3	0	0	0	0
AF	0	0.349157	5	1	4	0	0	0	0
AF	0	0.349469	1	0	1	0	0	0	0
AF	0	0.349781	1	1	0	0	0	0	0
AF	0	0.350094	2	2	0	0	0	0	0
AF	0	0.350406	3	3	0	0	0	0	0
AF	0	0.350718	1	1	0	0	0	0	0
AF	0	0.351031	1	1	0	0	0	0	0
AF	0	0.351343	1	1	0	0	0	0	0
AF	0	0.351655	5	4	1	0	0	0	0
AF	0	0.351968	2	2	0	0	0	0	0
AF	0	0.352280	8	6	2	0	0	0	0
AF	0	0.352592	3	2	1	0	0	0	0
AF	0	0.352904	1	1	0	0	0	0	0
AF	0	0.353841	1	1	0	0	0	0	0
AF	0	0.355403	2	0	2	0	0	0	0
AF	0	0.356652	1	1	0	0	0	0	0
AF	0	0.357277	1	1	0	0	0	0	0
AF	0	0.357589	3	3	0	0	0	0	0
AF	0	0.357901	1	0	1	0	0	0	0
AF	0	0.358526	3	2	1	0	0	0	0
AF	0	0.358838	1	1	0	0	0	0	0
AF	0	0.359151	4	3	1	0	0	0	0
AF	0	0.359463	1	1	0	0	0	0	0
AF	0	0.359775	1	0	1	0	0	0	0
AF	0	0.360087	1	1	0	0	0	0	0
AF	0	0.360400	4	4	0	0	0	0	0
AF	0	0.360712	1	1	0	0	0	0	0
AF	0	0.361024	5	2	3	0	0	0	0
AF	0	0.361337	4	2	2	0	0	0	0
AF	0	0.361649	15	10	5	0	0	0	0
AF	0	0.361961	11	4	7	0	0	0	0
AF	0	0.362274	24	16	8	0	0	0	0
AF	0	0.362586	12	5	7	0	0	0	0
AF	0	0.362898	7	3	4	0	0	0	0
AF	0	0.363210	3	2	1	0	0	0	0
AF	0	0.363523	1	1	0	0	0	0	0
AF	0	0.364147	3	1	2	0	0	0	0
AF	0	0.364460	2	1	1	0	0	0	0
AF	0	0.364772	3	2	1	0	0	0	0
AF	0	0.366021	1	1	0	0	0	0	0
AF	0	0.366646	2	1	1	0	0	0	0
AF	0	0.367583	1	0	1	0	0	0	0
AF	0	0.367895	4	3	1	0	0	0	0
AF	0	0.368520	2	2	0	0	0	0	0
AF	0	0.369144	9	4	5	0	0	0	0
AF	0	0.369457	9	4	5	0	0	0	0
AF	0	0.369769	4	2	2	0	0	0	0
AF	0	0.370394	2	1	1	0	0	0	0
AF	0	0.370706	1	1	0	0	0	0	0
AF	0	0.371018	2	1	1	0	0	0	0
AF	0	0.371643	6	6	0	0	0	0	0
AF	0	0.372267	1	1	0	0	0	0	0
AF	0	0.372892	5	4	1	0	0	0	0
AF	0	0.373204	2	2	0	0	0	0	0
AF	0	0.373517	2	0	2	0	0	0	0
AF	0	0.374141	3	3	0	0	0	0	0
AF	0	0.374453	2	1	1	0	0	0	0
AF	0	0.374766	2	1	1	0	0	0	0
AF	0	0.375390	1	1	0	0	0	0	0
AF	0	0.376015	3	2	1	0	0	0	0
AF	0	0.376952	4	2	2	0	0	0	0
AF	0	0.377264	2	2	0	0	0	0	0
AF	0	0.377889	2	1	1	0	0	0	0
AF	0	0.378513	2	2	0	0	0	0	0
AF	0	0.379763	1	1	0	0	0	0	0
AF	0	0.380387	2	1	1	0	0	0	0
AF	0	0.380700	2	2	0	0	0	0	0
AF	0	0.381012	3	3	0	0	0	0	0
AF	0	0.381636	1	0	1	0	0	0	0
AF	0	0.381949	1	1	0	0	0	0	0
AF	0	0.382261	2	2	0	0	0	0	0
AF	0	0.384760	2	1	1	0	0	0	0
AF	0	0.386321	1	1	0	0	0	0	0
AF	0	0.387258	2	2	0	0	0	0	0
AF	0	0.387883	1	1	0	0	0	0	0
AF	0	0.388195	2	2	0	0	0	0	0
AF	0	0.388507	4	4	0	0	0	0	0
AF	0	0.389132	1	1	0	0	0	0	0
AF	0	0.389756	1	1	0	0	0	0	0
AF	0	0.390693	1	0	1	0	0	0	0
AF	0	0.391006	2	1	1	0	0	0	0
AF	0	0.391318	2	2	0	0	0	0	0
AF	0	0.392879	1	0	1	0	0	0	0
AF	0	0.394129	2	0	2	0	0	0	0
AF	0	0.394441	2	1	1	0	0	0	0
AF	0	0.394753	3	3	0	0	0	0	0
AF	0	0.395378	2	2	0	0	0	0	0
AF	0	0.395690	3	2	1	0	0	0	0
AF	0	0.396315	3	2	1	0	0	0	0
AF	0	0.396627	4	2	2	0	0	0	0
AF	0	0.397252	1	0	1	0	0	0	0
AF	0	0.397564	2	1	1	0	0	0	0
AF	0	0.398501	1	1	0	0	0	0	0
AF	0	0.398813	1	1	0	0	0	0	0
AF	0	0.399750	2	1	1	0	0	0	0
AF	0	0.400062	3	3	0	0	0	0	0
AF	0	0.400375	2	1	1	0	0	0	0
AF	0	0.400999	2	0	2	0	0	0	0
AF	0	0.401312	2	2	0	0	0	0	0
AF	0	0.401624	1	0	1	0	0	0	0
AF	0	0.402249	1	0	1	0	0	0	0
AF	0	0.402561	2	0	2	0	0	0	0
AF	0	0.402873	5	2	3	0	0	0	0
AF	0	0.403186	2	0	2	0	0	0	0
AF	0	0.403498	2	1	1	0	0	0	0
AF	0	0.403810	2	2	0	0	0	0	0
AF	0	0.404122	1	1	0	0	0	0	0
AF	0	0.404747	2	2	0	0	0	0	0
AF	0	0.405372	2	2	0	0	0	0	0
AF	0	0.405684	1	0	1	0	0	0	0
AF	0	0.406621	1	0	1	0	0	0	0
AF	0	0.406933	1	1	0	0	0	0	0
AF	0	0.407245	3	3	0	0	0	0	0
AF	0	0.407558	3	2	1	0	0	0	0
AF	0	0.407870	1	1	0	0	0	0	0
AF	0	0.408182	1	1	0	0	0	0	0
AF	0	0.409432	2	2	0	0	0	0	0
AF	0	0.409744	1	0	1	0	0	0	0
AF	0	0.410056	2	0	2	0	0	0	0
AF	0	0.410369	1	1	0	0	0	0	0
AF	0	0.410993	2	1	1	0	0	0	0
AF	0	0.411305	1	1	0	0	0	0	0
AF	0	0.411618	18	14	4	0	0	0	0
AF	0	0.411930	25	21	4	0	0	0	0
AF	0	0.412242	46	33	13	0	0	0	0
AF	0	0.412555	3	3	0	0	0	0	0
AF	0	0.412867	1	1	0	0	0	0	0
AF	0	0.413179	2	1	1	0	0	0	0
AF	0	0.413492	2	2	0	0	0	0	0
AF	0	0.415678	1	1	0	0	0	0	0
AF	0	0.415990	1	1	0	0	0	0	0
AF	0	0.418176	1	1	0	0	0	0	0
AF	0	0.418801	1	1	0	0	0	0	0
AF	0	0.419425	1	0	1	0	0	0	0
AF	0	0.419738	1	1	0	0	0	0	0
AF	0	0.420050	1	0	1	0	0	0	0
AF	0	0.420362	3	2	1	0	0	0	0
AF	0	0.420987	1	1	0	0	0	0	0
AF	0	0.421611	1	0	1	0	0	0	0
AF	0	0.421924	2	2	0	0	0	0	0
AF	0	0.422236	1	1	0	0	0	0	0
AF	0	0.422548	1	1	0	0	0	0	0
AF	0	0.423173	2	2	0	0	0	0	0
AF	0	0.423485	1	1	0	0	0	0	0
AF	0	0.423798	1	1	0	0	0	0	0
AF	0	0.424422	1	1	0	0	0	0	0
AF	0	0.424735	1	0	1	0	0	0	0
AF	0	0.425047	2	1	1	0	0	0	0
AF	0	0.425359	1	1	0	0	0	0	0
AF	0	0.425671	1	0	1	0	0	0	0
AF	0	0.425984	1	1	0	0	0	0	0
AF	0	0.426921	2	2	0	0	0	0	0
AF	0	0.427545	1	1	0	0	0	0	0
AF	0	0.428482	2	2	0	0	0	0	0
AF	0	0.429731	1	1	0	0	0	0	0
AF	0	0.430044	2	2	0	0	0	0	0
AF	0	0.430356	1	0	1	0	0	0	0
AF	0	0.430981	2	0	2	0	0	0	0
AF	0	0.431293	1	1	0	0	0	0	0
AF	0	0.431918	1	0	1	0	0	0	0
AF	0	0.432230	3	1	2	0	0	0	0
AF	0	0.432854	1	0	1	0	0	0	0
AF	0	0.433479	1	0	1	0	0	0	0
AF	0	0.434104	3	3	0	0	0	0	0
AF	0	0.434416	1	1	0	0	0	0	0
AF	0	0.434728	1	0	1	0	0	0	0
AF	0	0.435041	1	1	0	0	0	0	0
AF	0	0.435353	2	2	0	0	0	0	0
AF	0	0.435665	1	0	1	0	0	0	0
AF	0	0.435978	7	7	0	0	0	0	0
AF	0	0.436290	10	7	3	0	0	0	0
AF	0	0.436602	20	16	4	0	0	0	0
AF	0	0.436914	3	1	2	0	0	0	0
AF	0	0.437227	3	2	1	0	0	0	0
AF	0	0.437851	1	0	1	0	0	0	0
AF	0	0.438476	3	3	0	0	0	0	0
AF	0	0.439101	4	3	1	0	0	0	0
AF	0	0.439413	8	5	3	0	0	0	0
AF	0	0.439725	2	1	1	0	0	0	0
AF	0	0.440037	2	1	1	0	0	0	0
AF	0	0.440662	1	1	0	0	0	0	0
AF	0	0.441599	1	1	0	0	0	0	0
AF	0	0.442536	1	1	0	0	0	0	0
AF	0	0.442848	1	1	0	0	0	0	0
AF	0	0.443161	1	0	1	0	0	0	0
AF	0	0.443473	3	2	1	0	0	0	0
AF	0	0.443785	1	1	0	0	0	0	0
AF	0	0.444410	1	1	0	0	0	0	0
AF	0	0.445347	1	1	0	0	0	0	0
AF	0	0.446284	2	2	0	0	0	0	0
AF	0	0.446908	3	1	2	0	0	0	0
AF	0	0.447533	5	4	1	0	0	0	0
AF	0	0.448157	1	0	1	0	0	0	0
AF	0	0.448470	1	1	0	0	0	0	0
AF	0	0.450031	3	1	2	0	0	0	0
AF	0	0.450656	2	2	0	0	0	0	0
AF	0	0.451280	1	0	1	0	0	0	0
AF	0	0.452530	2	1	1	0	0	0	0
AF	0	0.452842	1	1	0	0	0	0	0
AF	0	0.454403	1	1	0	0	0	0	0
AF	0	0.455028	1	0	1	0	0	0	0
AF	0	0.455653	1	1	0	0	0	0	0
AF	0	0.456277	3	2	1	0	0	0	0
AF	0	0.456590	1	1	0	0	0	0	0
AF	0	0.456902	2	1	1	0	0	0	0
AF	0	0.457527	1	0	1	0	0	0	0
AF	0	0.457839	1	1	0	0	0	0	0
AF	0	0.458151	2	2	0	0	0	0	0
AF	0	0.458463	2	1	1	0	0	0	0
AF	0	0.458776	6	5	1	0	0	0	0
AF	0	0.459713	2	1	1	0	0	0	0
AF	0	0.460025	2	1	1	0	0	0	0
AF	0	0.460650	2	1	1	0	0	0	0
AF	0	0.461274	2	2	0	0	0	0	0
AF	0	0.461899	2	2	0	0	0	0	0
AF	0	0.462211	1	0	1	0	0	0	0
AF	0	0.462523	6	4	2	0	0	0	0
AF	0	0.462836	1	1	0	0	0	0	0
AF	0	0.463148	1	1	0	0	0	0	0
AF	0	0.463460	2	1	1	0	0	0	0
AF	0	0.463773	4	2	2	0	0	0	0
AF	0	0.464397	6	4	2	0	0	0	0
AF	0	0.464710	2	2	0	0	0	0	0
AF	0	0.465022	2	2	0	0	0	0	0
AF	0	0.465646	1	0	1	0	0	0	0
AF	0	0.466271	1	1	0	0	0	0	0
AF	0	0.466583	2	0	2	0	0	0	0
AF	0	0.466896	1	1	0	0	0	0	0
AF	0	0.468770	1	0	1	0	0	0	0
AF	0	0.469394	2	0	2	0	0	0	0
AF	0	0.469706	1	1	0	0	0	0	0
AF	0	0.470019	2	2	0	0	0	0	0
AF	0	0.470331	1	0	1	0	0	0	0
AF	0	0.470643	1	1	0	0	0	0	0
AF	0	0.473142	2	1	1	0	0	0	0
AF	0	0.475016	2	1	1	0	0	0	0
AF	0	0.475328	1	0	1	0	0	0	0
AF	0	0.475640	1	1	0	0	0	0	0
AF	0	0.477514	1	0	1	0	0	0	0
AF	0	0.478139	1	0	1	0	0	0	0
AF	0	0.478451	1	0	1	0	0	0	0
AF	0	0.479388	2	2	0	0	0	0	0
AF	0	0.480012	2	1	1	0	0	0	0
AF	0	0.482511	3	2	1	0	0	0	0
AF	0	0.483448	1	1	0	0	0	0	0
AF	0	0.485322	2	1	1	0	0	0	0
AF	0	0.485946	1	1	0	0	0	0	0
AF	0	0.486883	1	0	1	0	0	0	0
AF	0	0.490006	1	1	0	0	0	0	0
AF	0	0.491255	1	0	1	0	0	0	0
AF	0	0.493754	2	2	0	0	0	0	0
AF	0	0.496252	1	0	1	0	0	0	0
AF	0	0.498126	1	1	0	0	0	0	0
AF	0	0.498751	1	0	1	0	0	0	0
AF	0	0.505621	1	1	0	0	0	0	0
AF	0	0.508432	1	1	0	0	0	0	0
AF	0	0.509057	2	1	1	0	0	0	0
AF	0	0.509369	1	1	0	0	0	0	0
AF	0	0.509681	1	0	1	0	0	0	0
AF	0	0.510306	1	1	0	0	0	0	0
AF	0	0.510618	3	3	0	0	0	0	0
AF	0	0.510931	2	2	0	0	0	0	0
AF	0	0.511243	1	1	0	0	0	0	0
AF	0	0.511868	1	0	1	0	0	0	0
AF	0	0.512804	1	1	0	0	0	0	0
AF	0	0.513117	5	2	3	0	0	0	0
AF	0	0.516240	3	1	2	0	0	0	0
AF	0	0.518114	1	1	0	0	0	0	0
AF	0	0.518738	1	1	0	0	0	0	0
AF	0	0.519051	1	0	1	0	0	0	0
AF	0	0.519675	1	1	0	0	0	0	0
AF	0	0.519988	2	1	1	0	0	0	0
AF	0	0.520612	4	3	1	0	0	0	0
AF	0	0.520924	3	3	0	0	0	0	0
AF	0	0.521549	2	1	1	0	0	0	0
AF	0	0.522174	1	0	1	0	0	0	0
AF	0	0.523111	1	0	1	0	0	0	0
AF	0	0.524672	1	1	0	0	0	0	0
AF	0	0.526858	1	0	1	0	0	0	0
AF	0	0.527795	1	1	0	0	0	0	0
AF	0	0.528107	1	1	0	0	0	0	0
AF	0	0.528732	2	2	0	0	0	0	0
AF	0	0.529044	6	4	2	0	0	0	0
AF	0	0.529357	4	2	2	0	0	0	0
AF	0	0.529981	1	1	0	0	0	0	0
AF	0	0.530606	3	2	1	0	0	0	0
AF	0	0.530918	3	3	0	0	0	0	0
AF	0	0.531230	6	3	3	0	0	0	0
AF	0	0.531543	3	1	2	0	0	0	0
AF	0	0.531855	1	1	0	0	0	0	0
AF	0	0.532167	1	0	1	0	0	0	0
AF	0	0.532792	3	1	2	0	0	0	0
AF	0	0.533104	1	1	0	0	0	0	0
AF	0	0.533729	1	1	0	0	0	0	0
AF	0	0.534666	1	0	1	0	0	0	0
AF	0	0.534978	2	1	1	0	0	0	0
AF	0	0.535290	1	1	0	0	0	0	0
AF	0	0.535603	3	1	2	0	0	0	0
AF	0	0.537477	1	0	1	0	0	0	0
AF	0	0.537789	1	0	1	0	0	0	0
AF	0	0.538101	2	2	0	0	0	0	0
AF	0	0.538413	1	0	1	0	0	0	0
AF	0	0.538726	3	1	2	0	0	0	0
AF	0	0.539038	1	1	0	0	0	0	0
AF	0	0.539350	5	2	3	0	0	0	0
AF	0	0.539663	1	1	0	0	0	0	0
AF	0	0.539975	1	0	1	0	0	0	0
AF	0	0.540287	3	2	1	0	0	0	0
AF	0	0.540600	6	5	1	0	0	0	0
AF	0	0.540912	1	1	0	0	0	0	0
AF	0	0.541224	5	4	1	0	0	0	0
AF	0	0.541849	1	0	1	0	0	0	0
AF	0	0.542161	1	1	0	0	0	0	0
AF	0	0.542786	3	2	1	0	0	0	0
AF	0	0.543098	1	0	1	0	0	0	0
AF	0	0.543723	6	4	2	0	0	0	0
AF	0	0.544035	1	1	0	0	0	0	0
AF	0	0.544347	3	2	1	0	0	0	0
AF	0	0.545597	1	1	0	0	0	0	0
AF	0	0.546533	1	1	0	0	0	0	0
AF	0	0.547158	2	2	0	0	0	0	0
AF	0	0.548095	1	1	0	0	0	0	0
AF	0	0.548407	3	2	1	0	0	0	0
AF	0	0.548720	2	1	1	0	0	0	0
AF	0	0.549032	1	1	0	0	0	0	0
AF	0	0.549344	1	1	0	0	0	0	0
AF	0	0.549656	1	1	0	0	0	0	0
AF	0	0.550281	1	0	1	0	0	0	0
AF	0	0.551218	2	1	1	0	0	0	0
AF	0	0.551843	4	4	0	0	0	0	0
AF	0	0.552155	1	1	0	0	0	0	0
AF	0	0.552780	2	1	1	0	0	0	0
AF	0	0.553092	2	2	0	0	0	0	0
AF	0	0.553716	2	1	1	0	0	0	0
AF	0	0.554966	1	0	1	0	0	0	0
AF	0	0.555590	1	1	0	0	0	0	0
AF	0	0.555903	2	1	1	0	0	0	0
AF	0	0.556527	1	1	0	0	0	0	0
AF	0	0.557152	1	0	1	0	0	0	0
AF	0	0.557776	2	2	0	0	0	0	0
AF	0	0.558401	1	1	0	0	0	0	0
AF	0	0.559650	2	1	1	0	0	0	0
AF	0	0.559963	1	1	0	0	0	0	0
AF	0	0.560275	2	2	0	0	0	0	0
AF	0	0.560899	1	1	0	0	0	0	0
AF	0	0.561212	1	1	0	0	0	0	0
AF	0	0.562461	1	1	0	0	0	0	0
AF	0	0.563086	1	1	0	0	0	0	0
AF	0	0.564022	3	2	1	0	0	0	0
AF	0	0.564335	3	0	3	0	0	0	0
AF	0	0.565896	2	1	1	0	0	0	0
AF	0	0.566209	1	1	0	0	0	0	0
AF	0	0.566521	5	4	1	0	0	0	0
AF	0	0.567770	1	0	1	0	0	0	0
AF	0	0.571518	1	1	0	0	0	0	0
AF	0	0.572142	1	1	0	0	0	0	0
AF	0	0.572455	1	1	0	0	0	0	0
AF	0	0.572767	3	1	2	0	0	0	0
AF	0	0.573079	2	1	1	0	0	0	0
AF	0	0.573392	2	1	1	0	0	0	0
AF	0	0.573704	2	0	2	0	0	0	0
AF	0	0.574329	1	0	1	0	0	0	0
AF	0	0.574641	2	2	0	0	0	0	0
AF	0	0.574953	1	1	0	0	0	0	0
AF	0	0.575578	2	2	0	0	0	0	0
AF	0	0.575890	5	2	3	0	0	0	0
AF	0	0.576202	1	1	0	0	0	0	0
AF	0	0.576827	1	1	0	0	0	0	0
AF	0	0.578076	1	1	0	0	0	0	0
AF	0	0.579013	3	1	2	0	0	0	0
AF	0	0.579638	2	1	1	0	0	0	0
AF	0	0.579950	2	1	1	0	0	0	0
AF	0	0.580262	1	1	0	0	0	0	0
AF	0	0.580575	2	0	2	0	0	0	0
AF	0	0.581199	1	1	0	0	0	0	0
AF	0	0.581512	1	1	0	0	0	0	0
AF	0	0.582136	1	0	1	0	0	0	0
AF	0	0.582448	1	0	1	0	0	0	0
AF	0	0.582761	2	1	1	0	0	0	0
AF	0	0.583073	1	1	0	0	0	0	0
AF	0	0.583385	2	0	2	0	0	0	0
AF	0	0.584010	2	0	2	0	0	0	0
AF	0	0.584322	1	0	1	0	0	0	0
AF	0	0.584635	2	1	1	0	0	0	0
AF	0	0.586821	1	0	1	0	0	0	0
AF	0	0.588382	2	1	1	0	0	0	0
AF	0	0.589944	1	0	1	0	0	0	0
AF	0	0.591818	1	1	0	0	0	0	0
AF	0	0.592755	1	1	0	0	0	0	0
AF	0	0.593067	1	0	1	0	0	0	0
AF	0	0.594004	3	1	2	0	0	0	0
AF	0	0.595253	1	0	1	0	0	0	0
AF	0	0.595878	1	1	0	0	0	0	0
AF	0	0.596190	1	1	0	0	0	0	0
AF	0	0.596814	1	0	1	0	0	0	0
AF	0	0.597127	2	2	0	0	0	0	0
AF	0	0.598376	1	0	1	0	0	0	0
AF	0	0.598688	1	0	1	0	0	0	0
AF	0	0.599313	1	1	0	0	0	0	0
AF	0	0.600250	1	1	0	0	0	0	0
AF	0	0.600874	3	2	1	0	0	0	0
AF	0	0.601187	2	1	1	0	0	0	0
AF	0	0.601499	3	2	1	0	0	0	0
AF	0	0.601811	1	1	0	0	0	0	0
AF	0	0.602124	4	4	0	0	0	0	0
AF	0	0.602436	1	0	1	0	0	0	0
AF	0	0.603061	1	1	0	0	0	0	0
AF	0	0.603373	1	0	1	0	0	0	0
AF	0	0.603998	1	1	0	0	0	0	0
AF	0	0.604622	4	3	1	0	0	0	0
AF	0	0.605871	2	2	0	0	0	0	0
AF	0	0.608370	1	1	0	0	0	0	0
AF	0	0.609931	1	1	0	0	0	0	0
AF	0	0.610868	1	1	0	0	0	0	0
AF	0	0.612117	1	1	0	0	0	0	0
AF	0	0.613367	1	1	0	0	0	0	0
AF	0	0.614304	1	1	0	0	0	0	0
AF	0	0.614616	3	2	1	0	0	0	0
AF	0	0.614928	2	1	1	0	0	0	0
AF	0	0.615240	1	1	0	0	0	0	0
AF	0	0.615865	1	1	0	0	0	0	0
AF	0	0.616177	1	1	0	0	0	0	0
AF	0	0.616490	7	3	4	0	0	0	0
AF	0	0.617427	1	1	0	0	0	0	0
AF	0	0.618051	3	2	1	0	0	0	0
AF	0	0.618364	3	3	0	0	0	0	0
AF	0	0.618988	2	1	1	0	0	0	0
AF	0	0.619613	1	0	1	0	0	0	0
AF	0	0.620237	5	5	0	0	0	0	0
AF	0	0.620550	5	4	1	0	0	0	0
AF	0	0.620862	1	1	0	0	0	0	0
AF	0	0.621487	3	2	1	0	0	0	0
AF	0	0.622111	1	0	1	0	0	0	0
AF	0	0.622423	2	1	1	0	0	0	0
AF	0	0.623673	1	0	1	0	0	0	0
AF	0	0.627108	1	1	0	0	0	0	0
AF	0	0.628982	1	1	0	0	0	0	0
AF	0	0.629294	1	0	1	0	0	0	0
AF	0	0.629606	1	1	0	0	0	0	0
AF	0	0.629919	1	0	1	0	0	0	0
AF	0	0.630543	2	1	1	0	0	0	0
AF	0	0.630856	2	2	0	0	0	0	0
AF	0	0.631480	1	1	0	0	0	0	0
AF	0	0.634291	1	1	0	0	0	0	0
AF	0	0.634603	3	3	0	0	0	0	0
AF	0	0.634916	1	1	0	0	0	0	0
AF	0	0.635228	1	1	0	0	0	0	0
AF	0	0.636165	1	1	0	0	0	0	0
AF	0	0.636477	1	1	0	0	0	0	0
AF	0	0.637726	1	0	1	0	0	0	0
AF	0	0.638351	1	0	1	0	0	0	0
AF	0	0.643036	1	0	1	0	0	0	0
AF	0	0.643973	1	1	0	0	0	0	0
AF	0	0.644285	1	1	0	0	0	0	0
AF	0	0.645846	1	1	0	0	0	0	0
AF	0	0.646471	3	1	2	0	0	0	0
AF	0	0.650843	1	1	0	0	0	0	0
AF	0	0.651156	1	0	1	0	0	0	0
AF	0	0.651468	1	1	0	0	0	0	0
AF	0	0.652717	2	0	2	0	0	0	0
AF	0	0.654279	1	1	0	0	0	0	0
AF	0	0.654591	3	1	2	0	0	0	0
AF	0	0.654903	1	0	1	0	0	0	0
AF	0	0.656465	1	1	0	0	0	0	0
AF	0	0.657714	1	1	0	0	0	0	0
AF	0	0.658339	1	1	0	0	0	0	0
AF	0	0.658651	1	0	1	0	0	0	0
AF	0	0.658963	1	1	0	0	0	0	0
AF	0	0.659900	2	2	0	0	0	0	0
AF	0	0.660212	1	0	1	0	0	0	0
AF	0	0.660837	1	0	1	0	0	0	0
AF	0	0.661462	2	1	1	0	0	0	0
AF	0	0.662086	1	1	0	0	0	0	0
AF	0	0.662711	2	2	0	0	0	0	0
AF	0	0.663335	1	0	1	0	0	0	0
AF	0	0.663648	1	0	1	0	0	0	0
AF	0	0.663960	1	0	1	0	0	0	0
AF	0	0.664272	2	2	0	0	0	0	0
AF	0	0.664585	2	2	0	0	0	0	0
AF	0	0.665209	4	4	0	0	0	0	0
AF	0	0.665522	1	0	1	0	0	0	0
AF	0	0.666771	4	2	2	0	0	0	0
AF	0	0.668020	4	2	2	0	0	0	0
AF	0	0.668332	1	1	0	0	0	0	0
AF	0	0.668645	2	2	0	0	0	0	0
AF	0	0.668957	1	0	1	0	0	0	0
AF	0	0.669269	1	1	0	0	0	0	0
AF	0	0.669582	3	2	1	0	0	0	0
AF	0	0.670518	1	0	1	0	0	0	0
AF	0	0.671455	1	0	1	0	0	0	0
AF	0	0.671768	5	4	1	0	0	0	0
AF	0	0.672080	5	4	1	0	0	0	0
AF	0	0.673017	1	1	0	0	0	0	0
AF	0	0.674578	1	1	0	0	0	0	0
AF	0	0.674891	1	0	1	0	0	0	0
AF	0	0.675203	1	1	0	0	0	0	0
AF	0	0.676140	2	1	1	0	0	0	0
AF	0	0.676452	1	1	0	0	0	0	0
AF	0	0.676765	3	3	0	0	0	0	0
AF	0	0.677077	1	0	1	0	0	0	0
AF	0	0.677701	1	1	0	0	0	0	0
AF	0	0.678014	4	1	3	0	0	0	0
AF	0	0.678638	1	1	0	0	0	0	0
AF	0	0.679263	1	0	1	0	0	0	0
AF	0	0.679888	4	2	2	0	0	0	0
AF	0	0.680512	3	3	0	0	0	0	0
AF	0	0.680824	4	3	1	0	0	0	0
AF	0	0.681137	2	1	1	0	0	0	0
AF	0	0.681449	1	0	1	0	0	0	0
AF	0	0.682698	1	0	1	0	0	0	0
AF	0	0.683011	3	2	1	0	0	0	0
AF	0	0.683323	2	1	1	0	0	0	0
AF	0	0.683635	1	0	1	0	0	0	0
AF	0	0.684884	2	2	0	0	0	0	0
AF	0	0.685197	1	1	0	0	0	0	0
AF	0	0.685509	1	1	0	0	0	0	0
AF	0	0.688632	1	1	0	0	0	0	0
AF	0	0.689257	1	0	1	0	0	0	0
AF	0	0.691131	2	1	1	0	0	0	0
AF	0	0.693004	1	0	1	0	0	0	0
AF	0	0.695191	1	1	0	0	0	0	0
AF	0	0.695815	3	1	2	0	0	0	0
AF	0	0.696127	4	4	0	0	0	0	0
AF	0	0.696440	1	1	0	0	0	0	0
AF	0	0.696752	3	3	0	0	0	0	0
AF	0	0.697689	1	1	0	0	0	0	0
AF	0	0.702998	1	1	0	0	0	0	0
AF	0	0.704872	3	3	0	0	0	0	0
AF	0	0.705184	1	1	0	0	0	0	0
AF	0	0.705497	1	1	0	0	0	0	0
AF	0	0.707370	2	2	0	0	0	0	0
AF	0	0.707683	1	1	0	0	0	0	0
AF	0	0.707995	5	3	2	0	0	0	0
AF	0	0.708307	3	2	1	0	0	0	0
AF	0	0.708932	1	1	0	0	0	0	0
AF	0	0.709244	1	0	1	0	0	0	0
AF	0	0.709869	3	1	2	0	0	0	0
AF	0	0.710493	3	2	1	0	0	0	0
AF	0	0.710806	1	1	0	0	0	0	0
AF	0	0.711430	1	1	0	0	0	0	0
AF	0	0.711743	1	1	0	0	0	0	0
AF	0	0.713304	1	0	1	0	0	0	0
AF	0	0.713929	1	0	1	0	0	0	0
AF	0	0.714241	1	1	0	0	0	0	0
AF	0	0.714553	1	0	1	0	0	0	0
AF	0	0.714866	2	1	1	0	0	0	0
AF	0	0.715490	2	2	0	0	0	0	0
AF	0	0.715803	2	1	1	0	0	0	0
AF	0	0.718301	1	1	0	0	0	0	0
AF	0	0.719550	1	1	0	0	0	0	0
AF	0	0.725484	1	0	1	0	0	0	0
AF	0	0.725796	2	2	0	0	0	0	0
AF	0	0.726109	2	0	2	0	0	0	0
AF	0	0.727046	1	0	1	0	0	0	0
AF	0	0.727358	5	3	2	0	0	0	0
AF	0	0.727670	2	1	1	0	0	0	0
AF	0	0.729232	3	2	1	0	0	0	0
AF	0	0.729856	2	2	0	0	0	0	0
AF	0	0.731106	1	1	0	0	0	0	0
AF	0	0.731730	2	2	0	0	0	0	0
AF	0	0.732042	1	1	0	0	0	0	0
AF	0	0.742036	1	1	0	0	0	0	0
AF	0	0.742661	1	0	1	0	0	0	0
AF	0	0.745472	1	0	1	0	0	0	0
AF	0	0.747970	1	1	0	0	0	0	0
AF	0	0.752655	1	0	1	0	0	0	0
AF	0	0.754216	1	1	0	0	0	0	0
AF	0	0.754841	2	2	0	0	0	0	0
AF	0	0.755153	1	0	1	0	0	0	0
AF	0	0.755465	1	1	0	0	0	0	0
AF	0	0.758901	2	1	1	0	0	0	0
AF	0	0.759213	1	0	1	0	0	0	0
AF	0	0.759838	1	1	0	0	0	0	0
AF	0	0.760150	1	1	0	0	0	0	0
AF	0	0.761087	1	1	0	0	0	0	0
AF	0	0.761711	1	1	0	0	0	0	0
AF	0	0.762336	1	1	0	0	0	0	0
AF	0	0.762961	1	1	0	0	0	0	0
AF	0	0.763898	1	1	0	0	0	0	0
AF	0	0.764522	1	1	0	0	0	0	0
AF	0	0.765459	1	1	0	0	0	0	0
AF	0	0.767021	1	1	0	0	0	0	0
AF	0	0.772954	1	1	0	0	0	0	0
AF	0	0.775453	1	1	0	0	0	0	0
AF	0	0.777639	1	1	0	0	0	0	0
AF	0	0.782636	1	0	1	0	0	0	0
AF	0	0.783885	1	0	1	0	0	0	0
AF	0	0.784197	1	0	1	0	0	0	0
AF	0	0.786696	1	0	1	0	0	0	0
AF	0	0.787008	3	2	1	0	0	0	0
AF	0	0.787320	2	1	1	0	0	0	0
AF	0	0.787633	6	4	2	0	0	0	0
AF	0	0.787945	4	3	1	0	0	0	0
AF	0	0.788257	4	2	2	0	0	0	0
AF	0	0.795128	1	1	0	0	0	0	0
AF	0	0.804497	1	0	1	0	0	0	0
AF	0	0.806996	1	0	1	0	0	0	0
AF	0	0.819176	1	0	1	0	0	0	0
AF	0	0.821362	1	1	0	0	0	0	0
AF	0	0.825109	1	1	0	0	0	0	0
AF	0	0.829169	1	1	0	0	0	0	0
AF	0	0.836977	1	1	0	0	0	0	0
AF	0	0.843848	1	1	0	0	0	0	0
AF	0	0.844785	1	1	0	0	0	0	0
AF	0	0.845409	1	0	1	0	0	0	0
AF	0	0.846346	1	1	0	0	0	0	0
AF	0	0.847595	1	1	0	0	0	0	0
AF	0	0.848220	1	0	1	0	0	0	0
AF	0	0.848532	2	1	1	0	0	0	0
AF	0	0.849469	1	0	1	0	0	0	0
AF	0	0.849781	1	1	0	0	0	0	0
AF	0	0.850094	2	1	1	0	0	0	0
AF	0	0.850406	1	1	0	0	0	0	0
AF	0	0.850718	1	1	0	0	0	0	0
AF	0	0.851031	2	1	1	0	0	0	0
AF	0	0.853841	1	0	1	0	0	0	0
AF	0	0.854154	1	0	1	0	0	0	0
AF	0	0.854466	1	1	0	0	0	0	0
AF	0	0.855715	1	0	1	0	0	0	0
AF	0	0.856964	1	0	1	0	0	0	0
AF	0	0.859463	1	1	0	0	0	0	0
AF	0	0.863835	2	1	1	0	0	0	0
AF	0	0.866334	1	1	0	0	0	0	0
AF	0	0.866646	1	0	1	0	0	0	0
AF	0	0.869769	1	1	0	0	0	0	0
AF	0	0.870081	1	1	0	0	0	0	0
AF	0	0.871330	1	1	0	0	0	0	0
AF	0	0.872892	1	0	1	0	0	0	0
AF	0	0.874453	2	1	1	0	0	0	0
AF	0	0.875078	1	1	0	0	0	0	0
AF	0	0.875703	3	1	2	0	0	0	0
AF	0	0.876327	1	1	0	0	0	0	0
AF	0	0.876640	2	2	0	0	0	0	0
AF	0	0.876952	5	0	5	0	0	0	0
AF	0	0.877577	2	1	1	0	0	0	0
AF	0	0.878513	1	1	0	0	0	0	0
AF	0	0.885696	1	0	1	0	0	0	0
AF	0	0.886633	1	0	1	0	0	0	0
AF	0	0.889756	1	1	0	0	0	0	0
AF	0	0.890381	1	0	1	0	0	0	0
AF	0	0.891943	1	1	0	0	0	0	0
AF	0	0.893816	1	1	0	0	0	0	0
AF	0	0.895066	1	1	0	0	0	0	0
AF	0	0.896315	1	1	0	0	0	0	0
AF	0	0.911618	2	2	0	0	0	0	0
AF	0	0.912242	1	1	0	0	0	0	0
AF	0	0.912555	2	2	0	0	0	0	0
AF	0	0.914428	1	1	0	0	0	0	0
AF	0	0.915053	1	1	0	0	0	0	0
AF	0	0.916615	6	5	1	0	0	0	0
AF	0	0.917239	2	1	1	0	0	0	0
AF	0	0.917552	1	1	0	0	0	0	0
AF	0	0.917864	2	1	1	0	0	0	0
AF	0	0.918488	1	1	0	0	0	0	0
AF	0	0.918801	1	1	0	0	0	0	0
AF	0	0.919425	1	0	1	0	0	0	0
AF	0	0.920362	1	1	0	0	0	0	0
AF	0	0.921924	2	1	1	0	0	0	0
AF	0	0.922236	3	1	2	0	0	0	0
AF	0	0.923173	2	2	0	0	0	0	0
AF	0	0.923485	1	0	1	0	0	0	0
AF	0	0.926608	1	1	0	0	0	0	0
AF	0	0.927233	2	2	0	0	0	0	0
AF	0	0.932854	2	1	1	0	0	0	0
AF	0	0.933479	1	1	0	0	0	0	0
AF	0	0.934104	4	3	1	0	0	0	0
AF	0	0.941287	1	1	0	0	0	0	0
AF	0	0.950968	1	1	0	0	0	0	0
AF	0	0.959400	1	1	0	0	0	0	0
AF	0	0.960337	1	0	1	0	0	0	0
AF	0	0.967208	1	1	0	0	0	0	0
AF	0	0.967833	2	2	0	0	0	0	0
AF	0	0.969082	1	1	0	0	0	0	0
AF	0	0.969706	1	1	0	0	0	0	0
AF	0	0.974079	1	1	0	0	0	0	0
AF	0	0.975328	1	1	0	0	0	0	0
AF	0	0.975953	1	1	0	0	0	0	0
AF	0	0.976265	3	3	0	0	0	0	0
AF	0	0.976577	9	9	0	0	0	0	0
AF	0	0.977514	1	1	0	0	0	0	0
AF	0	0.977826	4	4	0	0	0	0	0
AF	0	0.978451	3	2	1	0	0	0	0
AF	0	0.978763	1	1	0	0	0	0	0
AF	0	0.979076	13	10	3	0	0	0	0
AF	0	0.979388	5	3	2	0	0	0	0
AF	0	0.980012	1	0	1	0	0	0	0
AF	0	0.980325	2	2	0	0	0	0	0
AF	0	0.981886	1	1	0	0	0	0	0
AF	0	0.983760	8	5	3	0	0	0	0
AF	0	0.984072	13	8	5	0	0	0	0
AF	0	0.984385	7	4	3	0	0	0	0
AF	0	0.984697	14	10	4	0	0	0	0
AF	0	0.985009	6	2	4	0	0	0	0
AF	0	0.985322	5	3	2	0	0	0	0
AF	0	0.985634	2	2	0	0	0	0	0
AF	0	0.987508	2	2	0	0	0	0	0
AF	0	0.988445	8	6	2	0	0	0	0
AF	0	0.989382	1	1	0	0	0	0	0
AF	0	0.990943	1	1	0	0	0	0	0
AF	0	0.991568	5	1	4	0	0	0	0
AF	0	0.991880	1	1	0	0	0	0	0
AF	0	0.993442	1	0	1	0	0	0	0
AF	0	0.994066	1	0	1	0	0	0	0
AF	0	0.995628	1	1	0	0	0	0	0
AF	0	0.995940	1	1	0	0	0	0	0
AF	0	0.996565	1	0	1	0	0	0	0
AF	0	0.996877	2	2	0	0	0	0	0
AF	0	0.997189	2	2	0	0	0	0	0
AF	0	0.997502	2	2	0	0	0	0	0
AF	0	0.999063	2	1	1	0	0	0	0
# QUAL, Stats by quality
# QUAL	[2]id	[3]Quality	[4]number of SNPs	[5]number of transitions (1st ALT)	[6]number of transversions (1st ALT)	[7]number of indels
QUAL	0	.	20177	13138	7039	0
# IDD, InDel distribution:
# IDD	[2]id	[3]length (deletions negative)	[4]number of sites	[5]number of genotypes	[6]mean VAF
# ST, Substitution types:
# ST	[2]id	[3]type	[4]count
ST	0	A>C	792
ST	0	A>G	2882
ST	0	A>T	872
ST	0	C>A	1116
ST	0	C>G	707
ST	0	C>T	3641
ST	0	G>A	3733
ST	0	G>C	742
ST	0	G>T	1119
ST	0	T>A	905
ST	0	T>C	2882
ST	0	T>G	786
# DP, Depth distribution
# DP	[2]id	[3]bin	[4]number of genotypes	[5]fraction of genotypes (%)	[6]number of sites	[7]fraction of sites (%)
  - Fix haploid genotypes in males...

Submit MakeDiploidMalesX finished successfully. Let's have a beer, buddy!

