Submit MakeDiploidMalesX
version 1.1.6 (2024-09-30)

These are the settings:
  Input file................: /hpc/local/Rocky8/dhl_ec/software/MonopogenLite/resources/1kGP_high_coverage_Illumina.SNVonly_poly.filtered_AF_5e-04.norm.fixvariantid.chrX.vcf.gz
  Output file...............: /hpc/local/Rocky8/dhl_ec/software/MonopogenLite/resources/1kGP_high_coverage_Illumina.SNVonly_poly.filtered_AF_5e-04.norm.fixvariantid.makediploid.chrX.vcf.gz
  Chunk size................: 100

  SLURM CPUs................: 4
  SLURM Array ID............: 48 (of 100)
  SLURM memory..............: 16G
  SLURM time................: 01:00:00
  SLURM mail type...........: FAIL
  SLURM mail user...........: s.w.vanderlaan-2@umcutrecht.nl

  Dry run mode..............: 0
  Debug mode................: 1
  Verbosity.................: 0
  Version...................: 1.1.6 (2024-09-30)

Making converting haploid genotypes to diploid genotypes.
> Extract the region for this SLURM task (# 48) from the BED file.
  - Get the chunk number from the SLURM array task ID and the bed file...
DEBUG: Extracting chunk number: 48p from 48
DEBUG: Extracting region from BED file: /hpc/local/Rocky8/dhl_ec/software/MonopogenLite/resources/chrX_100pieces.bed
  - Extract the region from the BED file...
DEBUG: Extracted raw region: 'chrX	73339177	74899584' (chunk #: 48p of 100 for job 48)
  - Check if a valid region was extracted -- should be 'chrX	73339177	74899584'...
  - Prepare the region for bcftools...
  - Check if the region (chrX:73339177-74899584) was successfully extracted...
> Processing region 'chrX:73339177-74899584'...
  - Process the specific region (chunk# 48) using bcftools view...
  - Index the VCF file...
DEBUG: Check if the VCF file was successfully processed...
##fileformat=VCFv4.2
##FILTER=<ID=PASS,Description="All filters passed">
##fileDate=29/01/2022 - 14:31:41
##source=shapeit4.2.2
##contig=<ID=chr1,length=248956422>
##contig=<ID=chr2,length=242193529>
##contig=<ID=chr3,length=198295559>
##contig=<ID=chr4,length=190214555>
##contig=<ID=chr5,length=181538259>
##contig=<ID=chr6,length=170805979>
# This file was produced by bcftools stats (1.20+htslib-1.20) and can be plotted using plot-vcfstats.
# The command line was:	bcftools stats  /hpc/local/Rocky8/dhl_ec/software/MonopogenLite/resources/chrX.part48.vcf.gz
#
# Definition of sets:
# ID	[2]id	[3]tab-separated file names
ID	0	/hpc/local/Rocky8/dhl_ec/software/MonopogenLite/resources/chrX.part48.vcf.gz
# SN, Summary numbers:
#   number of records   .. number of data rows in the VCF
#   number of no-ALTs   .. reference-only sites, ALT is either "." or identical to REF
#   number of SNPs      .. number of rows with a SNP
#   number of MNPs      .. number of rows with a MNP, such as CC>TT
#   number of indels    .. number of rows with an indel
#   number of others    .. number of rows with other type, for example a symbolic allele or
#                          a complex substitution, such as ACT>TCGA
#   number of multiallelic sites     .. number of rows with multiple alternate alleles
#   number of multiallelic SNP sites .. number of rows with multiple alternate alleles, all SNPs
# 
#   Note that rows containing multiple types will be counted multiple times, in each
#   counter. For example, a row with a SNP and an indel increments both the SNP and
#   the indel counter.
# 
# SN	[2]id	[3]key	[4]value
SN	0	number of samples:	3202
SN	0	number of records:	14389
SN	0	number of no-ALTs:	0
SN	0	number of SNPs:	14389
SN	0	number of MNPs:	0
SN	0	number of indels:	0
SN	0	number of others:	0
SN	0	number of multiallelic sites:	0
SN	0	number of multiallelic SNP sites:	0
# TSTV, transitions/transversions:
# TSTV	[2]id	[3]ts	[4]tv	[5]ts/tv	[6]ts (1st ALT)	[7]tv (1st ALT)	[8]ts/tv (1st ALT)
TSTV	0	9641	4748	2.03	9641	4748	2.03
# SiS, Singleton stats:
# SiS	[2]id	[3]allele count	[4]number of SNPs	[5]number of transitions	[6]number of transversions	[7]number of indels	[8]repeat-consistent	[9]repeat-inconsistent	[10]not applicable
SiS	0	1	0	0	0	0	0	0	0
# AF, Stats by non-reference allele frequency:
# AF	[2]id	[3]allele frequency	[4]number of SNPs	[5]number of transitions	[6]number of transversions	[7]number of indels	[8]repeat-consistent	[9]repeat-inconsistent	[10]not applicable
AF	0	0.000312	2599	1748	851	0	0	0	0
AF	0	0.000625	1529	1018	511	0	0	0	0
AF	0	0.000937	1683	1134	549	0	0	0	0
AF	0	0.001249	538	375	163	0	0	0	0
AF	0	0.001562	758	498	260	0	0	0	0
AF	0	0.001874	293	198	95	0	0	0	0
AF	0	0.002186	434	284	150	0	0	0	0
AF	0	0.002498	234	164	70	0	0	0	0
AF	0	0.002811	384	253	131	0	0	0	0
AF	0	0.003123	144	90	54	0	0	0	0
AF	0	0.003435	309	207	102	0	0	0	0
AF	0	0.003748	88	55	33	0	0	0	0
AF	0	0.004060	423	279	144	0	0	0	0
AF	0	0.004372	120	81	39	0	0	0	0
AF	0	0.004685	160	102	58	0	0	0	0
AF	0	0.004997	68	43	25	0	0	0	0
AF	0	0.005309	155	111	44	0	0	0	0
AF	0	0.005621	72	49	23	0	0	0	0
AF	0	0.005934	138	97	41	0	0	0	0
AF	0	0.006246	68	43	25	0	0	0	0
AF	0	0.006558	160	106	54	0	0	0	0
AF	0	0.006871	54	38	16	0	0	0	0
AF	0	0.007183	110	79	31	0	0	0	0
AF	0	0.007495	33	19	14	0	0	0	0
AF	0	0.007808	88	59	29	0	0	0	0
AF	0	0.008120	47	32	15	0	0	0	0
AF	0	0.008432	108	75	33	0	0	0	0
AF	0	0.008745	101	61	40	0	0	0	0
AF	0	0.009057	217	142	75	0	0	0	0
AF	0	0.009369	57	29	28	0	0	0	0
AF	0	0.009681	54	35	19	0	0	0	0
AF	0	0.009994	64	41	23	0	0	0	0
AF	0	0.010306	58	46	12	0	0	0	0
AF	0	0.010618	18	13	5	0	0	0	0
AF	0	0.010931	25	18	7	0	0	0	0
AF	0	0.011243	25	17	8	0	0	0	0
AF	0	0.011555	44	24	20	0	0	0	0
AF	0	0.011868	19	15	4	0	0	0	0
AF	0	0.012180	77	48	29	0	0	0	0
AF	0	0.012492	9	6	3	0	0	0	0
AF	0	0.012804	35	22	13	0	0	0	0
AF	0	0.013117	6	3	3	0	0	0	0
AF	0	0.013429	38	25	13	0	0	0	0
AF	0	0.013741	19	11	8	0	0	0	0
AF	0	0.014054	38	32	6	0	0	0	0
AF	0	0.014366	11	7	4	0	0	0	0
AF	0	0.014678	21	12	9	0	0	0	0
AF	0	0.014991	13	5	8	0	0	0	0
AF	0	0.015303	29	20	9	0	0	0	0
AF	0	0.015615	15	11	4	0	0	0	0
AF	0	0.015928	46	30	16	0	0	0	0
AF	0	0.016240	16	15	1	0	0	0	0
AF	0	0.016552	47	34	13	0	0	0	0
AF	0	0.016864	14	12	2	0	0	0	0
AF	0	0.017177	16	9	7	0	0	0	0
AF	0	0.017489	12	7	5	0	0	0	0
AF	0	0.017801	27	15	12	0	0	0	0
AF	0	0.018114	13	12	1	0	0	0	0
AF	0	0.018426	20	13	7	0	0	0	0
AF	0	0.018738	11	7	4	0	0	0	0
AF	0	0.019051	30	24	6	0	0	0	0
AF	0	0.019363	18	12	6	0	0	0	0
AF	0	0.019675	46	30	16	0	0	0	0
AF	0	0.019988	4	1	3	0	0	0	0
AF	0	0.020300	11	10	1	0	0	0	0
AF	0	0.020612	2	1	1	0	0	0	0
AF	0	0.020924	9	7	2	0	0	0	0
AF	0	0.021237	6	2	4	0	0	0	0
AF	0	0.021549	11	9	2	0	0	0	0
AF	0	0.021861	9	8	1	0	0	0	0
AF	0	0.022174	13	8	5	0	0	0	0
AF	0	0.022486	7	6	1	0	0	0	0
AF	0	0.022798	18	14	4	0	0	0	0
AF	0	0.023111	3	3	0	0	0	0	0
AF	0	0.023423	13	10	3	0	0	0	0
AF	0	0.023735	8	5	3	0	0	0	0
AF	0	0.024047	6	6	0	0	0	0	0
AF	0	0.024360	3	2	1	0	0	0	0
AF	0	0.024672	12	5	7	0	0	0	0
AF	0	0.024984	2	2	0	0	0	0	0
AF	0	0.025297	6	4	2	0	0	0	0
AF	0	0.025609	2	1	1	0	0	0	0
AF	0	0.025921	5	5	0	0	0	0	0
AF	0	0.026234	4	1	3	0	0	0	0
AF	0	0.026546	3	3	0	0	0	0	0
AF	0	0.026858	3	2	1	0	0	0	0
AF	0	0.027171	9	6	3	0	0	0	0
AF	0	0.027483	2	1	1	0	0	0	0
AF	0	0.027795	8	6	2	0	0	0	0
AF	0	0.028107	3	2	1	0	0	0	0
AF	0	0.028420	20	11	9	0	0	0	0
AF	0	0.028732	13	7	6	0	0	0	0
AF	0	0.029044	16	11	5	0	0	0	0
AF	0	0.029357	8	5	3	0	0	0	0
AF	0	0.029669	13	7	6	0	0	0	0
AF	0	0.029981	2	2	0	0	0	0	0
AF	0	0.030294	5	2	3	0	0	0	0
AF	0	0.030606	2	1	1	0	0	0	0
AF	0	0.030918	9	8	1	0	0	0	0
AF	0	0.031230	10	7	3	0	0	0	0
AF	0	0.031543	3	3	0	0	0	0	0
AF	0	0.031855	3	2	1	0	0	0	0
AF	0	0.032167	35	30	5	0	0	0	0
AF	0	0.032480	3	3	0	0	0	0	0
AF	0	0.032792	6	3	3	0	0	0	0
AF	0	0.033104	12	10	2	0	0	0	0
AF	0	0.033417	22	18	4	0	0	0	0
AF	0	0.034041	3	1	2	0	0	0	0
AF	0	0.034354	1	0	1	0	0	0	0
AF	0	0.034666	6	5	1	0	0	0	0
AF	0	0.034978	1	0	1	0	0	0	0
AF	0	0.035290	7	5	2	0	0	0	0
AF	0	0.035915	1	0	1	0	0	0	0
AF	0	0.036227	2	2	0	0	0	0	0
AF	0	0.036852	1	1	0	0	0	0	0
AF	0	0.037164	2	1	1	0	0	0	0
AF	0	0.037477	1	1	0	0	0	0	0
AF	0	0.037789	2	1	1	0	0	0	0
AF	0	0.038101	2	1	1	0	0	0	0
AF	0	0.038413	2	2	0	0	0	0	0
AF	0	0.038726	7	6	1	0	0	0	0
AF	0	0.039038	21	15	6	0	0	0	0
AF	0	0.039350	11	6	5	0	0	0	0
AF	0	0.039663	15	10	5	0	0	0	0
AF	0	0.039975	12	8	4	0	0	0	0
AF	0	0.040287	13	8	5	0	0	0	0
AF	0	0.040600	1	0	1	0	0	0	0
AF	0	0.040912	4	2	2	0	0	0	0
AF	0	0.041224	11	7	4	0	0	0	0
AF	0	0.041537	4	2	2	0	0	0	0
AF	0	0.041849	1	1	0	0	0	0	0
AF	0	0.042161	3	2	1	0	0	0	0
AF	0	0.042473	1	1	0	0	0	0	0
AF	0	0.042786	1	1	0	0	0	0	0
AF	0	0.043410	2	1	1	0	0	0	0
AF	0	0.043723	1	0	1	0	0	0	0
AF	0	0.044347	8	5	3	0	0	0	0
AF	0	0.044660	3	1	2	0	0	0	0
AF	0	0.044972	1	0	1	0	0	0	0
AF	0	0.045284	2	0	2	0	0	0	0
AF	0	0.045909	3	2	1	0	0	0	0
AF	0	0.046221	2	2	0	0	0	0	0
AF	0	0.046533	3	2	1	0	0	0	0
AF	0	0.046846	5	3	2	0	0	0	0
AF	0	0.047158	4	3	1	0	0	0	0
AF	0	0.047470	1	1	0	0	0	0	0
AF	0	0.047783	1	0	1	0	0	0	0
AF	0	0.048407	1	0	1	0	0	0	0
AF	0	0.048720	1	0	1	0	0	0	0
AF	0	0.049032	1	1	0	0	0	0	0
AF	0	0.049344	3	3	0	0	0	0	0
AF	0	0.049656	2	2	0	0	0	0	0
AF	0	0.050281	4	3	1	0	0	0	0
AF	0	0.050593	1	1	0	0	0	0	0
AF	0	0.051218	1	1	0	0	0	0	0
AF	0	0.052155	1	1	0	0	0	0	0
AF	0	0.052467	2	1	1	0	0	0	0
AF	0	0.053404	3	1	2	0	0	0	0
AF	0	0.053716	5	4	1	0	0	0	0
AF	0	0.054029	2	2	0	0	0	0	0
AF	0	0.054341	1	1	0	0	0	0	0
AF	0	0.054653	2	0	2	0	0	0	0
AF	0	0.054966	1	1	0	0	0	0	0
AF	0	0.055278	3	2	1	0	0	0	0
AF	0	0.055590	1	1	0	0	0	0	0
AF	0	0.055903	49	35	14	0	0	0	0
AF	0	0.056215	6	3	3	0	0	0	0
AF	0	0.056527	11	7	4	0	0	0	0
AF	0	0.057152	6	5	1	0	0	0	0
AF	0	0.057464	4	3	1	0	0	0	0
AF	0	0.057776	14	11	3	0	0	0	0
AF	0	0.058089	4	4	0	0	0	0	0
AF	0	0.058401	4	3	1	0	0	0	0
AF	0	0.058713	2	1	1	0	0	0	0
AF	0	0.059026	12	7	5	0	0	0	0
AF	0	0.059338	45	33	12	0	0	0	0
AF	0	0.059650	39	28	11	0	0	0	0
AF	0	0.059963	3	2	1	0	0	0	0
AF	0	0.060275	3	1	2	0	0	0	0
AF	0	0.060587	2	1	1	0	0	0	0
AF	0	0.060899	3	2	1	0	0	0	0
AF	0	0.061212	2	1	1	0	0	0	0
AF	0	0.061524	22	14	8	0	0	0	0
AF	0	0.061836	5	3	2	0	0	0	0
AF	0	0.062149	3	2	1	0	0	0	0
AF	0	0.063398	1	1	0	0	0	0	0
AF	0	0.063710	1	1	0	0	0	0	0
AF	0	0.064022	3	2	1	0	0	0	0
AF	0	0.064647	3	0	3	0	0	0	0
AF	0	0.064959	3	3	0	0	0	0	0
AF	0	0.065272	3	1	2	0	0	0	0
AF	0	0.065896	1	0	1	0	0	0	0
AF	0	0.066521	1	1	0	0	0	0	0
AF	0	0.066833	1	1	0	0	0	0	0
AF	0	0.067770	2	1	1	0	0	0	0
AF	0	0.068395	8	6	2	0	0	0	0
AF	0	0.068707	1	0	1	0	0	0	0
AF	0	0.069019	2	1	1	0	0	0	0
AF	0	0.069644	49	21	28	0	0	0	0
AF	0	0.069956	2	2	0	0	0	0	0
AF	0	0.070269	13	9	4	0	0	0	0
AF	0	0.070581	4	3	1	0	0	0	0
AF	0	0.070893	3	2	1	0	0	0	0
AF	0	0.071205	2	1	1	0	0	0	0
AF	0	0.071518	2	1	1	0	0	0	0
AF	0	0.071830	3	2	1	0	0	0	0
AF	0	0.072142	8	4	4	0	0	0	0
AF	0	0.072455	2	1	1	0	0	0	0
AF	0	0.072767	4	3	1	0	0	0	0
AF	0	0.073392	2	2	0	0	0	0	0
AF	0	0.073704	2	2	0	0	0	0	0
AF	0	0.074016	6	6	0	0	0	0	0
AF	0	0.074329	2	2	0	0	0	0	0
AF	0	0.074641	1	0	1	0	0	0	0
AF	0	0.076515	1	1	0	0	0	0	0
AF	0	0.077139	1	1	0	0	0	0	0
AF	0	0.077764	1	0	1	0	0	0	0
AF	0	0.078389	5	5	0	0	0	0	0
AF	0	0.079013	1	1	0	0	0	0	0
AF	0	0.079325	2	2	0	0	0	0	0
AF	0	0.082136	2	0	2	0	0	0	0
AF	0	0.082448	3	3	0	0	0	0	0
AF	0	0.082761	5	4	1	0	0	0	0
AF	0	0.083073	6	6	0	0	0	0	0
AF	0	0.083385	4	3	1	0	0	0	0
AF	0	0.083698	1	0	1	0	0	0	0
AF	0	0.084322	1	1	0	0	0	0	0
AF	0	0.085259	1	1	0	0	0	0	0
AF	0	0.085884	1	1	0	0	0	0	0
AF	0	0.086196	1	0	1	0	0	0	0
AF	0	0.086821	5	4	1	0	0	0	0
AF	0	0.087133	5	2	3	0	0	0	0
AF	0	0.087758	1	0	1	0	0	0	0
AF	0	0.088070	1	1	0	0	0	0	0
AF	0	0.089631	3	3	0	0	0	0	0
AF	0	0.089944	1	1	0	0	0	0	0
AF	0	0.090256	3	2	1	0	0	0	0
AF	0	0.090881	3	2	1	0	0	0	0
AF	0	0.091193	2	1	1	0	0	0	0
AF	0	0.091505	5	4	1	0	0	0	0
AF	0	0.091818	2	2	0	0	0	0	0
AF	0	0.092130	2	2	0	0	0	0	0
AF	0	0.092442	1	1	0	0	0	0	0
AF	0	0.092755	2	2	0	0	0	0	0
AF	0	0.093067	2	1	1	0	0	0	0
AF	0	0.093379	10	7	3	0	0	0	0
AF	0	0.093691	8	4	4	0	0	0	0
AF	0	0.094004	4	1	3	0	0	0	0
AF	0	0.094316	2	2	0	0	0	0	0
AF	0	0.094628	6	5	1	0	0	0	0
AF	0	0.094941	5	4	1	0	0	0	0
AF	0	0.095253	3	3	0	0	0	0	0
AF	0	0.095565	1	1	0	0	0	0	0
AF	0	0.095878	5	2	3	0	0	0	0
AF	0	0.096502	1	0	1	0	0	0	0
AF	0	0.097127	2	2	0	0	0	0	0
AF	0	0.097751	3	1	2	0	0	0	0
AF	0	0.098064	12	7	5	0	0	0	0
AF	0	0.098376	58	45	13	0	0	0	0
AF	0	0.098688	5	4	1	0	0	0	0
AF	0	0.099001	1	1	0	0	0	0	0
AF	0	0.099313	2	1	1	0	0	0	0
AF	0	0.099625	1	1	0	0	0	0	0
AF	0	0.100250	1	0	1	0	0	0	0
AF	0	0.100562	6	3	3	0	0	0	0
AF	0	0.100874	5	1	4	0	0	0	0
AF	0	0.101187	7	5	2	0	0	0	0
AF	0	0.101499	7	7	0	0	0	0	0
AF	0	0.102124	1	1	0	0	0	0	0
AF	0	0.102748	3	1	2	0	0	0	0
AF	0	0.103373	3	3	0	0	0	0	0
AF	0	0.104310	2	2	0	0	0	0	0
AF	0	0.104934	1	0	1	0	0	0	0
AF	0	0.105247	8	5	3	0	0	0	0
AF	0	0.105559	2	2	0	0	0	0	0
AF	0	0.105871	6	4	2	0	0	0	0
AF	0	0.108994	1	1	0	0	0	0	0
AF	0	0.109307	2	2	0	0	0	0	0
AF	0	0.109931	1	1	0	0	0	0	0
AF	0	0.111805	1	1	0	0	0	0	0
AF	0	0.113054	2	2	0	0	0	0	0
AF	0	0.113367	3	2	1	0	0	0	0
AF	0	0.113679	3	3	0	0	0	0	0
AF	0	0.113991	1	0	1	0	0	0	0
AF	0	0.114304	4	4	0	0	0	0	0
AF	0	0.114616	17	11	6	0	0	0	0
AF	0	0.114928	28	18	10	0	0	0	0
AF	0	0.115553	6	3	3	0	0	0	0
AF	0	0.116177	1	1	0	0	0	0	0
AF	0	0.116490	1	0	1	0	0	0	0
AF	0	0.116802	1	1	0	0	0	0	0
AF	0	0.117114	2	2	0	0	0	0	0
AF	0	0.117427	4	3	1	0	0	0	0
AF	0	0.118364	3	3	0	0	0	0	0
AF	0	0.118676	3	2	1	0	0	0	0
AF	0	0.119300	1	1	0	0	0	0	0
AF	0	0.119613	1	1	0	0	0	0	0
AF	0	0.119925	1	0	1	0	0	0	0
AF	0	0.120237	1	1	0	0	0	0	0
AF	0	0.120550	1	0	1	0	0	0	0
AF	0	0.121799	1	0	1	0	0	0	0
AF	0	0.122736	1	1	0	0	0	0	0
AF	0	0.123048	1	1	0	0	0	0	0
AF	0	0.125234	1	1	0	0	0	0	0
AF	0	0.125547	3	2	1	0	0	0	0
AF	0	0.126171	2	2	0	0	0	0	0
AF	0	0.126483	1	0	1	0	0	0	0
AF	0	0.126796	1	1	0	0	0	0	0
AF	0	0.127420	4	2	2	0	0	0	0
AF	0	0.127733	2	2	0	0	0	0	0
AF	0	0.128045	3	3	0	0	0	0	0
AF	0	0.128357	2	2	0	0	0	0	0
AF	0	0.128670	2	1	1	0	0	0	0
AF	0	0.129919	1	1	0	0	0	0	0
AF	0	0.132105	1	1	0	0	0	0	0
AF	0	0.132417	1	0	1	0	0	0	0
AF	0	0.132730	1	1	0	0	0	0	0
AF	0	0.133354	2	2	0	0	0	0	0
AF	0	0.133666	1	0	1	0	0	0	0
AF	0	0.137726	1	1	0	0	0	0	0
AF	0	0.138039	3	0	3	0	0	0	0
AF	0	0.138663	1	1	0	0	0	0	0
AF	0	0.144285	1	0	1	0	0	0	0
AF	0	0.149282	1	1	0	0	0	0	0
AF	0	0.149906	1	1	0	0	0	0	0
AF	0	0.150531	3	2	1	0	0	0	0
AF	0	0.151156	1	1	0	0	0	0	0
AF	0	0.152092	2	1	1	0	0	0	0
AF	0	0.152405	1	0	1	0	0	0	0
AF	0	0.153029	1	0	1	0	0	0	0
AF	0	0.153654	1	1	0	0	0	0	0
AF	0	0.156777	1	1	0	0	0	0	0
AF	0	0.157402	1	1	0	0	0	0	0
AF	0	0.159275	1	1	0	0	0	0	0
AF	0	0.160837	1	1	0	0	0	0	0
AF	0	0.163960	1	0	1	0	0	0	0
AF	0	0.171455	1	1	0	0	0	0	0
AF	0	0.172705	1	0	1	0	0	0	0
AF	0	0.176765	1	1	0	0	0	0	0
AF	0	0.177701	1	0	1	0	0	0	0
AF	0	0.187383	1	1	0	0	0	0	0
AF	0	0.187695	1	1	0	0	0	0	0
AF	0	0.193004	5	5	0	0	0	0	0
AF	0	0.193317	1	1	0	0	0	0	0
AF	0	0.194254	1	1	0	0	0	0	0
AF	0	0.199563	2	1	1	0	0	0	0
AF	0	0.199875	2	2	0	0	0	0	0
AF	0	0.200187	3	3	0	0	0	0	0
AF	0	0.200500	1	0	1	0	0	0	0
AF	0	0.200812	1	1	0	0	0	0	0
AF	0	0.201124	2	1	1	0	0	0	0
AF	0	0.201437	1	1	0	0	0	0	0
AF	0	0.201749	1	1	0	0	0	0	0
AF	0	0.205184	1	1	0	0	0	0	0
AF	0	0.205497	1	0	1	0	0	0	0
AF	0	0.206121	1	1	0	0	0	0	0
AF	0	0.206746	1	1	0	0	0	0	0
AF	0	0.207058	1	1	0	0	0	0	0
AF	0	0.207370	6	3	3	0	0	0	0
AF	0	0.207995	6	6	0	0	0	0	0
AF	0	0.208307	5	4	1	0	0	0	0
AF	0	0.208620	3	2	1	0	0	0	0
AF	0	0.209869	1	1	0	0	0	0	0
AF	0	0.211743	1	0	1	0	0	0	0
AF	0	0.217676	1	1	0	0	0	0	0
AF	0	0.221112	1	1	0	0	0	0	0
AF	0	0.222673	2	2	0	0	0	0	0
AF	0	0.229232	1	1	0	0	0	0	0
AF	0	0.229856	1	1	0	0	0	0	0
AF	0	0.233292	1	0	1	0	0	0	0
AF	0	0.233604	2	1	1	0	0	0	0
AF	0	0.239538	1	0	1	0	0	0	0
AF	0	0.243285	1	0	1	0	0	0	0
AF	0	0.243910	1	1	0	0	0	0	0
AF	0	0.244222	1	1	0	0	0	0	0
AF	0	0.246721	1	0	1	0	0	0	0
AF	0	0.247033	2	1	1	0	0	0	0
AF	0	0.249844	1	0	1	0	0	0	0
AF	0	0.250468	1	0	1	0	0	0	0
AF	0	0.250781	1	1	0	0	0	0	0
AF	0	0.251405	1	1	0	0	0	0	0
AF	0	0.253279	1	0	1	0	0	0	0
AF	0	0.257027	1	1	0	0	0	0	0
AF	0	0.257651	2	2	0	0	0	0	0
AF	0	0.258588	1	1	0	0	0	0	0
AF	0	0.259213	1	1	0	0	0	0	0
AF	0	0.259525	2	1	1	0	0	0	0
AF	0	0.259838	1	0	1	0	0	0	0
AF	0	0.260150	7	2	5	0	0	0	0
AF	0	0.260462	2	1	1	0	0	0	0
AF	0	0.260775	29	17	12	0	0	0	0
AF	0	0.261087	21	13	8	0	0	0	0
AF	0	0.261399	11	7	4	0	0	0	0
AF	0	0.261711	3	2	1	0	0	0	0
AF	0	0.262024	12	6	6	0	0	0	0
AF	0	0.262336	1	1	0	0	0	0	0
AF	0	0.262648	3	1	2	0	0	0	0
AF	0	0.262961	1	1	0	0	0	0	0
AF	0	0.263273	2	1	1	0	0	0	0
AF	0	0.266708	2	1	1	0	0	0	0
AF	0	0.267333	1	0	1	0	0	0	0
AF	0	0.267958	1	1	0	0	0	0	0
AF	0	0.268894	1	0	1	0	0	0	0
AF	0	0.269207	3	2	1	0	0	0	0
AF	0	0.269519	7	6	1	0	0	0	0
AF	0	0.269831	1	1	0	0	0	0	0
AF	0	0.270144	5	5	0	0	0	0	0
AF	0	0.270456	2	1	1	0	0	0	0
AF	0	0.273891	1	0	1	0	0	0	0
AF	0	0.274516	7	4	3	0	0	0	0
AF	0	0.274828	3	2	1	0	0	0	0
AF	0	0.275141	2	2	0	0	0	0	0
AF	0	0.276077	1	1	0	0	0	0	0
AF	0	0.278888	1	1	0	0	0	0	0
AF	0	0.282636	1	1	0	0	0	0	0
AF	0	0.285759	1	0	1	0	0	0	0
AF	0	0.295128	1	1	0	0	0	0	0
AF	0	0.300125	1	1	0	0	0	0	0
AF	0	0.304185	1	1	0	0	0	0	0
AF	0	0.306996	1	0	1	0	0	0	0
AF	0	0.307620	1	1	0	0	0	0	0
AF	0	0.308245	1	0	1	0	0	0	0
AF	0	0.308557	1	0	1	0	0	0	0
AF	0	0.311993	2	1	1	0	0	0	0
AF	0	0.312305	2	1	1	0	0	0	0
AF	0	0.312617	2	2	0	0	0	0	0
AF	0	0.315740	1	0	1	0	0	0	0
AF	0	0.316365	1	1	0	0	0	0	0
AF	0	0.316989	1	0	1	0	0	0	0
AF	0	0.317614	1	1	0	0	0	0	0
AF	0	0.319488	2	1	1	0	0	0	0
AF	0	0.321986	1	1	0	0	0	0	0
AF	0	0.324797	1	0	1	0	0	0	0
AF	0	0.326046	3	0	3	0	0	0	0
AF	0	0.326359	2	1	1	0	0	0	0
AF	0	0.326983	7	5	2	0	0	0	0
AF	0	0.327295	4	3	1	0	0	0	0
AF	0	0.327608	3	3	0	0	0	0	0
AF	0	0.327920	5	4	1	0	0	0	0
AF	0	0.328232	3	3	0	0	0	0	0
AF	0	0.328857	1	1	0	0	0	0	0
AF	0	0.329169	1	1	0	0	0	0	0
AF	0	0.329482	4	2	2	0	0	0	0
AF	0	0.329794	1	1	0	0	0	0	0
AF	0	0.330106	3	2	1	0	0	0	0
AF	0	0.330418	1	1	0	0	0	0	0
AF	0	0.330731	2	2	0	0	0	0	0
AF	0	0.331355	4	3	1	0	0	0	0
AF	0	0.331980	2	1	1	0	0	0	0
AF	0	0.332605	2	2	0	0	0	0	0
AF	0	0.333229	1	1	0	0	0	0	0
AF	0	0.334166	1	1	0	0	0	0	0
AF	0	0.335415	2	2	0	0	0	0	0
AF	0	0.335728	6	5	1	0	0	0	0
AF	0	0.336040	2	2	0	0	0	0	0
AF	0	0.337289	2	2	0	0	0	0	0
AF	0	0.337601	2	1	1	0	0	0	0
AF	0	0.338226	1	1	0	0	0	0	0
AF	0	0.338538	1	1	0	0	0	0	0
AF	0	0.338851	1	0	1	0	0	0	0
AF	0	0.339163	5	2	3	0	0	0	0
AF	0	0.340100	1	1	0	0	0	0	0
AF	0	0.340412	2	1	1	0	0	0	0
AF	0	0.341037	3	1	2	0	0	0	0
AF	0	0.341974	1	0	1	0	0	0	0
AF	0	0.342911	1	0	1	0	0	0	0
AF	0	0.344472	1	1	0	0	0	0	0
AF	0	0.345409	1	1	0	0	0	0	0
AF	0	0.347283	1	0	1	0	0	0	0
AF	0	0.349781	3	1	2	0	0	0	0
AF	0	0.350094	5	2	3	0	0	0	0
AF	0	0.350406	8	1	7	0	0	0	0
AF	0	0.351031	2	2	0	0	0	0	0
AF	0	0.351343	1	1	0	0	0	0	0
AF	0	0.351655	5	4	1	0	0	0	0
AF	0	0.352280	3	1	2	0	0	0	0
AF	0	0.352592	2	1	1	0	0	0	0
AF	0	0.353841	1	0	1	0	0	0	0
AF	0	0.354154	4	4	0	0	0	0	0
AF	0	0.354466	2	2	0	0	0	0	0
AF	0	0.354778	2	2	0	0	0	0	0
AF	0	0.355091	1	0	1	0	0	0	0
AF	0	0.356027	2	2	0	0	0	0	0
AF	0	0.356652	2	2	0	0	0	0	0
AF	0	0.356964	1	1	0	0	0	0	0
AF	0	0.357277	1	1	0	0	0	0	0
AF	0	0.358214	2	2	0	0	0	0	0
AF	0	0.359151	3	1	2	0	0	0	0
AF	0	0.359463	1	0	1	0	0	0	0
AF	0	0.359775	3	3	0	0	0	0	0
AF	0	0.360400	4	2	2	0	0	0	0
AF	0	0.361024	1	1	0	0	0	0	0
AF	0	0.361337	4	4	0	0	0	0	0
AF	0	0.361649	2	0	2	0	0	0	0
AF	0	0.364460	1	1	0	0	0	0	0
AF	0	0.365397	2	2	0	0	0	0	0
AF	0	0.365709	1	1	0	0	0	0	0
AF	0	0.369144	1	1	0	0	0	0	0
AF	0	0.371018	1	0	1	0	0	0	0
AF	0	0.371643	1	1	0	0	0	0	0
AF	0	0.371955	3	2	1	0	0	0	0
AF	0	0.372892	2	2	0	0	0	0	0
AF	0	0.375703	1	1	0	0	0	0	0
AF	0	0.376015	1	1	0	0	0	0	0
AF	0	0.377577	1	0	1	0	0	0	0
AF	0	0.378201	1	0	1	0	0	0	0
AF	0	0.379763	1	1	0	0	0	0	0
AF	0	0.380700	1	1	0	0	0	0	0
AF	0	0.381012	4	4	0	0	0	0	0
AF	0	0.381324	7	5	2	0	0	0	0
AF	0	0.381949	1	0	1	0	0	0	0
AF	0	0.382261	1	0	1	0	0	0	0
AF	0	0.384760	1	1	0	0	0	0	0
AF	0	0.385072	1	0	1	0	0	0	0
AF	0	0.385384	1	0	1	0	0	0	0
AF	0	0.385696	1	1	0	0	0	0	0
AF	0	0.386009	1	1	0	0	0	0	0
AF	0	0.386321	1	0	1	0	0	0	0
AF	0	0.387258	3	1	2	0	0	0	0
AF	0	0.387570	1	1	0	0	0	0	0
AF	0	0.387883	2	1	1	0	0	0	0
AF	0	0.388507	2	2	0	0	0	0	0
AF	0	0.388819	2	1	1	0	0	0	0
AF	0	0.389132	3	1	2	0	0	0	0
AF	0	0.389756	1	1	0	0	0	0	0
AF	0	0.390381	2	2	0	0	0	0	0
AF	0	0.390693	1	1	0	0	0	0	0
AF	0	0.391006	1	1	0	0	0	0	0
AF	0	0.392255	1	1	0	0	0	0	0
AF	0	0.392567	1	1	0	0	0	0	0
AF	0	0.392879	1	1	0	0	0	0	0
AF	0	0.393192	2	1	1	0	0	0	0
AF	0	0.393504	4	3	1	0	0	0	0
AF	0	0.393816	3	2	1	0	0	0	0
AF	0	0.394441	1	1	0	0	0	0	0
AF	0	0.394753	1	0	1	0	0	0	0
AF	0	0.397876	1	1	0	0	0	0	0
AF	0	0.400375	7	5	2	0	0	0	0
AF	0	0.400687	3	2	1	0	0	0	0
AF	0	0.400999	2	1	1	0	0	0	0
AF	0	0.401624	3	2	1	0	0	0	0
AF	0	0.406621	1	1	0	0	0	0	0
AF	0	0.410993	1	0	1	0	0	0	0
AF	0	0.413492	2	2	0	0	0	0	0
AF	0	0.416927	1	0	1	0	0	0	0
AF	0	0.418176	1	0	1	0	0	0	0
AF	0	0.418488	4	2	2	0	0	0	0
AF	0	0.418801	1	1	0	0	0	0	0
AF	0	0.419113	1	1	0	0	0	0	0
AF	0	0.419425	1	1	0	0	0	0	0
AF	0	0.420362	1	1	0	0	0	0	0
AF	0	0.420987	3	1	2	0	0	0	0
AF	0	0.421299	1	0	1	0	0	0	0
AF	0	0.421611	2	2	0	0	0	0	0
AF	0	0.421924	1	0	1	0	0	0	0
AF	0	0.423485	2	2	0	0	0	0	0
AF	0	0.423798	1	0	1	0	0	0	0
AF	0	0.428482	1	1	0	0	0	0	0
AF	0	0.429731	1	1	0	0	0	0	0
AF	0	0.431605	1	1	0	0	0	0	0
AF	0	0.439101	1	1	0	0	0	0	0
AF	0	0.439413	1	0	1	0	0	0	0
AF	0	0.440662	1	0	1	0	0	0	0
AF	0	0.442224	1	1	0	0	0	0	0
AF	0	0.443161	1	1	0	0	0	0	0
AF	0	0.448157	1	0	1	0	0	0	0
AF	0	0.448782	1	1	0	0	0	0	0
AF	0	0.449094	1	0	1	0	0	0	0
AF	0	0.449407	3	3	0	0	0	0	0
AF	0	0.451905	1	1	0	0	0	0	0
AF	0	0.453779	3	2	1	0	0	0	0
AF	0	0.455028	1	1	0	0	0	0	0
AF	0	0.458463	1	1	0	0	0	0	0
AF	0	0.458776	1	0	1	0	0	0	0
AF	0	0.459400	2	2	0	0	0	0	0
AF	0	0.459713	1	1	0	0	0	0	0
AF	0	0.460025	2	2	0	0	0	0	0
AF	0	0.460650	1	1	0	0	0	0	0
AF	0	0.460962	1	1	0	0	0	0	0
AF	0	0.461587	1	1	0	0	0	0	0
AF	0	0.461899	1	1	0	0	0	0	0
AF	0	0.464397	1	1	0	0	0	0	0
AF	0	0.465646	1	1	0	0	0	0	0
AF	0	0.468145	1	0	1	0	0	0	0
AF	0	0.468770	1	1	0	0	0	0	0
AF	0	0.469394	1	1	0	0	0	0	0
AF	0	0.470019	2	2	0	0	0	0	0
AF	0	0.470643	1	1	0	0	0	0	0
AF	0	0.470956	1	1	0	0	0	0	0
AF	0	0.471268	6	4	2	0	0	0	0
AF	0	0.471580	2	1	1	0	0	0	0
AF	0	0.471893	4	3	1	0	0	0	0
AF	0	0.472829	1	1	0	0	0	0	0
AF	0	0.473142	1	1	0	0	0	0	0
AF	0	0.474079	1	1	0	0	0	0	0
AF	0	0.479700	2	1	1	0	0	0	0
AF	0	0.480012	6	6	0	0	0	0	0
AF	0	0.480637	4	2	2	0	0	0	0
AF	0	0.480949	6	3	3	0	0	0	0
AF	0	0.481262	2	2	0	0	0	0	0
AF	0	0.482199	1	1	0	0	0	0	0
AF	0	0.482511	1	1	0	0	0	0	0
AF	0	0.486883	2	1	1	0	0	0	0
AF	0	0.487508	1	0	1	0	0	0	0
AF	0	0.490319	1	1	0	0	0	0	0
AF	0	0.491568	2	1	1	0	0	0	0
AF	0	0.492505	1	1	0	0	0	0	0
AF	0	0.493129	4	3	1	0	0	0	0
AF	0	0.493442	2	2	0	0	0	0	0
AF	0	0.493754	1	1	0	0	0	0	0
AF	0	0.495003	1	0	1	0	0	0	0
AF	0	0.497502	2	2	0	0	0	0	0
AF	0	0.498126	1	0	1	0	0	0	0
AF	0	0.502186	1	0	1	0	0	0	0
AF	0	0.502811	1	0	1	0	0	0	0
AF	0	0.503435	1	0	1	0	0	0	0
AF	0	0.506558	1	1	0	0	0	0	0
AF	0	0.506871	1	1	0	0	0	0	0
AF	0	0.508745	4	1	3	0	0	0	0
AF	0	0.509057	1	1	0	0	0	0	0
AF	0	0.530294	1	1	0	0	0	0	0
AF	0	0.541849	1	1	0	0	0	0	0
AF	0	0.542473	2	1	1	0	0	0	0
AF	0	0.543723	1	0	1	0	0	0	0
AF	0	0.544972	1	0	1	0	0	0	0
AF	0	0.551218	2	2	0	0	0	0	0
AF	0	0.554029	2	1	1	0	0	0	0
AF	0	0.554341	1	0	1	0	0	0	0
AF	0	0.556527	2	2	0	0	0	0	0
AF	0	0.558713	1	1	0	0	0	0	0
AF	0	0.559026	1	1	0	0	0	0	0
AF	0	0.559650	1	0	1	0	0	0	0
AF	0	0.559963	4	2	2	0	0	0	0
AF	0	0.560275	3	3	0	0	0	0	0
AF	0	0.560587	2	2	0	0	0	0	0
AF	0	0.560899	2	2	0	0	0	0	0
AF	0	0.566521	2	0	2	0	0	0	0
AF	0	0.566833	1	1	0	0	0	0	0
AF	0	0.567146	1	1	0	0	0	0	0
AF	0	0.567770	1	1	0	0	0	0	0
AF	0	0.568082	3	2	1	0	0	0	0
AF	0	0.568395	6	4	2	0	0	0	0
AF	0	0.568707	7	5	2	0	0	0	0
AF	0	0.569019	9	8	1	0	0	0	0
AF	0	0.569332	1	1	0	0	0	0	0
AF	0	0.569644	1	1	0	0	0	0	0
AF	0	0.569956	2	1	1	0	0	0	0
AF	0	0.570269	1	1	0	0	0	0	0
AF	0	0.570893	1	0	1	0	0	0	0
AF	0	0.573392	1	1	0	0	0	0	0
AF	0	0.577764	3	3	0	0	0	0	0
AF	0	0.583385	1	0	1	0	0	0	0
AF	0	0.585259	5	2	3	0	0	0	0
AF	0	0.585572	4	2	2	0	0	0	0
AF	0	0.585884	3	2	1	0	0	0	0
AF	0	0.586821	1	0	1	0	0	0	0
AF	0	0.587133	2	1	1	0	0	0	0
AF	0	0.608057	1	1	0	0	0	0	0
AF	0	0.615865	2	2	0	0	0	0	0
AF	0	0.616490	1	0	1	0	0	0	0
AF	0	0.617114	1	0	1	0	0	0	0
AF	0	0.619925	1	1	0	0	0	0	0
AF	0	0.622111	1	0	1	0	0	0	0
AF	0	0.625859	2	1	1	0	0	0	0
AF	0	0.626171	2	1	1	0	0	0	0
AF	0	0.626483	4	4	0	0	0	0	0
AF	0	0.626796	1	1	0	0	0	0	0
AF	0	0.627108	1	1	0	0	0	0	0
AF	0	0.627420	1	1	0	0	0	0	0
AF	0	0.628045	1	1	0	0	0	0	0
AF	0	0.628357	1	1	0	0	0	0	0
AF	0	0.629919	2	2	0	0	0	0	0
AF	0	0.635540	1	1	0	0	0	0	0
AF	0	0.637102	1	1	0	0	0	0	0
AF	0	0.638663	1	0	1	0	0	0	0
AF	0	0.640537	1	1	0	0	0	0	0
AF	0	0.641786	2	1	1	0	0	0	0
AF	0	0.642099	1	1	0	0	0	0	0
AF	0	0.648345	1	1	0	0	0	0	0
AF	0	0.650531	1	0	1	0	0	0	0
AF	0	0.654591	1	0	1	0	0	0	0
AF	0	0.659588	1	0	1	0	0	0	0
AF	0	0.663648	1	0	1	0	0	0	0
AF	0	0.664897	1	0	1	0	0	0	0
AF	0	0.666458	1	1	0	0	0	0	0
AF	0	0.673017	1	1	0	0	0	0	0
AF	0	0.674266	2	1	1	0	0	0	0
AF	0	0.677389	2	1	1	0	0	0	0
AF	0	0.684884	2	1	1	0	0	0	0
AF	0	0.688632	1	0	1	0	0	0	0
AF	0	0.696440	1	0	1	0	0	0	0
AF	0	0.736727	1	1	0	0	0	0	0
AF	0	0.745784	1	0	1	0	0	0	0
AF	0	0.748282	1	1	0	0	0	0	0
AF	0	0.748595	2	2	0	0	0	0	0
AF	0	0.748907	1	1	0	0	0	0	0
AF	0	0.758588	1	1	0	0	0	0	0
AF	0	0.759213	1	1	0	0	0	0	0
AF	0	0.762961	1	0	1	0	0	0	0
AF	0	0.784197	1	1	0	0	0	0	0
AF	0	0.784510	1	1	0	0	0	0	0
AF	0	0.808869	1	1	0	0	0	0	0
AF	0	0.812929	1	0	1	0	0	0	0
AF	0	0.817614	1	0	1	0	0	0	0
AF	0	0.823235	1	1	0	0	0	0	0
AF	0	0.823548	3	1	2	0	0	0	0
AF	0	0.828545	1	0	1	0	0	0	0
AF	0	0.837601	1	1	0	0	0	0	0
AF	0	0.839788	1	0	1	0	0	0	0
AF	0	0.864460	1	1	0	0	0	0	0
AF	0	0.866958	1	0	1	0	0	0	0
AF	0	0.867895	1	1	0	0	0	0	0
AF	0	0.868207	1	1	0	0	0	0	0
AF	0	0.868520	1	1	0	0	0	0	0
AF	0	0.869457	1	0	1	0	0	0	0
AF	0	0.870081	1	0	1	0	0	0	0
AF	0	0.870394	3	2	1	0	0	0	0
AF	0	0.873204	1	1	0	0	0	0	0
AF	0	0.873829	1	1	0	0	0	0	0
AF	0	0.874766	1	0	1	0	0	0	0
AF	0	0.875703	1	1	0	0	0	0	0
AF	0	0.876327	1	1	0	0	0	0	0
AF	0	0.878826	1	1	0	0	0	0	0
AF	0	0.879450	1	0	1	0	0	0	0
AF	0	0.879763	6	5	1	0	0	0	0
AF	0	0.880075	1	0	1	0	0	0	0
AF	0	0.880387	1	0	1	0	0	0	0
AF	0	0.880700	6	4	2	0	0	0	0
AF	0	0.881012	19	12	7	0	0	0	0
AF	0	0.881324	20	15	5	0	0	0	0
AF	0	0.881636	4	4	0	0	0	0	0
AF	0	0.881949	1	1	0	0	0	0	0
AF	0	0.886009	1	1	0	0	0	0	0
AF	0	0.886946	1	0	1	0	0	0	0
AF	0	0.887570	2	2	0	0	0	0	0
AF	0	0.888195	3	3	0	0	0	0	0
AF	0	0.888507	2	0	2	0	0	0	0
AF	0	0.889444	1	1	0	0	0	0	0
AF	0	0.889756	2	1	1	0	0	0	0
AF	0	0.893816	1	1	0	0	0	0	0
AF	0	0.894441	1	0	1	0	0	0	0
AF	0	0.898813	1	0	1	0	0	0	0
AF	0	0.900062	1	0	1	0	0	0	0
AF	0	0.904435	1	0	1	0	0	0	0
AF	0	0.904747	1	0	1	0	0	0	0
AF	0	0.905684	1	1	0	0	0	0	0
AF	0	0.905996	1	1	0	0	0	0	0
AF	0	0.907245	1	1	0	0	0	0	0
AF	0	0.907870	1	0	1	0	0	0	0
AF	0	0.915678	1	1	0	0	0	0	0
AF	0	0.915990	3	2	1	0	0	0	0
AF	0	0.916302	1	1	0	0	0	0	0
AF	0	0.916615	2	2	0	0	0	0	0
AF	0	0.916927	6	2	4	0	0	0	0
AF	0	0.917239	3	1	2	0	0	0	0
AF	0	0.917864	1	1	0	0	0	0	0
AF	0	0.929107	1	1	0	0	0	0	0
AF	0	0.929731	1	1	0	0	0	0	0
AF	0	0.940974	1	1	0	0	0	0	0
AF	0	0.941287	3	2	1	0	0	0	0
AF	0	0.942848	10	5	5	0	0	0	0
AF	0	0.948470	1	1	0	0	0	0	0
AF	0	0.949719	1	0	1	0	0	0	0
AF	0	0.951593	1	1	0	0	0	0	0
AF	0	0.952217	1	1	0	0	0	0	0
AF	0	0.955965	1	0	1	0	0	0	0
AF	0	0.956590	1	1	0	0	0	0	0
AF	0	0.956902	1	0	1	0	0	0	0
AF	0	0.957214	12	6	6	0	0	0	0
AF	0	0.958151	2	2	0	0	0	0	0
AF	0	0.958463	1	0	1	0	0	0	0
AF	0	0.959088	6	6	0	0	0	0	0
AF	0	0.969082	1	1	0	0	0	0	0
AF	0	0.970643	1	1	0	0	0	0	0
AF	0	0.970956	1	1	0	0	0	0	0
AF	0	0.971268	2	1	1	0	0	0	0
AF	0	0.971893	1	1	0	0	0	0	0
AF	0	0.974391	1	1	0	0	0	0	0
AF	0	0.975640	1	0	1	0	0	0	0
AF	0	0.976265	1	1	0	0	0	0	0
AF	0	0.976577	5	3	2	0	0	0	0
AF	0	0.983136	2	2	0	0	0	0	0
AF	0	0.986259	1	0	1	0	0	0	0
AF	0	0.988132	1	1	0	0	0	0	0
AF	0	0.989694	1	1	0	0	0	0	0
AF	0	0.991568	3	2	1	0	0	0	0
AF	0	0.992817	1	1	0	0	0	0	0
AF	0	0.994379	1	1	0	0	0	0	0
AF	0	0.994691	9	3	6	0	0	0	0
AF	0	0.995940	2	1	1	0	0	0	0
AF	0	0.997189	1	1	0	0	0	0	0
AF	0	0.998751	1	1	0	0	0	0	0
AF	0	0.999063	1	1	0	0	0	0	0
# QUAL, Stats by quality
# QUAL	[2]id	[3]Quality	[4]number of SNPs	[5]number of transitions (1st ALT)	[6]number of transversions (1st ALT)	[7]number of indels
QUAL	0	.	14389	9641	4748	0
# IDD, InDel distribution:
# IDD	[2]id	[3]length (deletions negative)	[4]number of sites	[5]number of genotypes	[6]mean VAF
# ST, Substitution types:
# ST	[2]id	[3]type	[4]count
ST	0	A>C	518
ST	0	A>G	1761
ST	0	A>T	536
ST	0	C>A	785
ST	0	C>G	516
ST	0	C>T	3004
ST	0	G>A	2985
ST	0	G>C	566
ST	0	G>T	759
ST	0	T>A	571
ST	0	T>C	1891
ST	0	T>G	497
# DP, Depth distribution
# DP	[2]id	[3]bin	[4]number of genotypes	[5]fraction of genotypes (%)	[6]number of sites	[7]fraction of sites (%)
  - Fix haploid genotypes in males...

Submit MakeDiploidMalesX finished successfully. Let's have a beer, buddy!

