Submit MakeDiploidMalesX
version 1.1.6 (2024-09-30)

These are the settings:
  Input file................: /hpc/local/Rocky8/dhl_ec/software/MonopogenLite/resources/1kGP_high_coverage_Illumina.SNVonly_poly.filtered_AF_5e-04.norm.fixvariantid.chrX.vcf.gz
  Output file...............: /hpc/local/Rocky8/dhl_ec/software/MonopogenLite/resources/1kGP_high_coverage_Illumina.SNVonly_poly.filtered_AF_5e-04.norm.fixvariantid.makediploid.chrX.vcf.gz
  Chunk size................: 100

  SLURM CPUs................: 4
  SLURM Array ID............: 35 (of 100)
  SLURM memory..............: 16G
  SLURM time................: 01:00:00
  SLURM mail type...........: FAIL
  SLURM mail user...........: s.w.vanderlaan-2@umcutrecht.nl

  Dry run mode..............: 0
  Debug mode................: 1
  Verbosity.................: 0
  Version...................: 1.1.6 (2024-09-30)

Making converting haploid genotypes to diploid genotypes.
> Extract the region for this SLURM task (# 35) from the BED file.
  - Get the chunk number from the SLURM array task ID and the bed file...
DEBUG: Extracting chunk number: 35p from 35
DEBUG: Extracting region from BED file: /hpc/local/Rocky8/dhl_ec/software/MonopogenLite/resources/chrX_100pieces.bed
  - Extract the region from the BED file...
DEBUG: Extracted raw region: 'chrX	53053873	54614280' (chunk #: 35p of 100 for job 35)
  - Check if a valid region was extracted -- should be 'chrX	53053873	54614280'...
  - Prepare the region for bcftools...
  - Check if the region (chrX:53053873-54614280) was successfully extracted...
> Processing region 'chrX:53053873-54614280'...
  - Process the specific region (chunk# 35) using bcftools view...
  - Index the VCF file...
DEBUG: Check if the VCF file was successfully processed...
##fileformat=VCFv4.2
##FILTER=<ID=PASS,Description="All filters passed">
##fileDate=29/01/2022 - 14:31:41
##source=shapeit4.2.2
##contig=<ID=chr1,length=248956422>
##contig=<ID=chr2,length=242193529>
##contig=<ID=chr3,length=198295559>
##contig=<ID=chr4,length=190214555>
##contig=<ID=chr5,length=181538259>
##contig=<ID=chr6,length=170805979>
# This file was produced by bcftools stats (1.20+htslib-1.20) and can be plotted using plot-vcfstats.
# The command line was:	bcftools stats  /hpc/local/Rocky8/dhl_ec/software/MonopogenLite/resources/chrX.part35.vcf.gz
#
# Definition of sets:
# ID	[2]id	[3]tab-separated file names
ID	0	/hpc/local/Rocky8/dhl_ec/software/MonopogenLite/resources/chrX.part35.vcf.gz
# SN, Summary numbers:
#   number of records   .. number of data rows in the VCF
#   number of no-ALTs   .. reference-only sites, ALT is either "." or identical to REF
#   number of SNPs      .. number of rows with a SNP
#   number of MNPs      .. number of rows with a MNP, such as CC>TT
#   number of indels    .. number of rows with an indel
#   number of others    .. number of rows with other type, for example a symbolic allele or
#                          a complex substitution, such as ACT>TCGA
#   number of multiallelic sites     .. number of rows with multiple alternate alleles
#   number of multiallelic SNP sites .. number of rows with multiple alternate alleles, all SNPs
# 
#   Note that rows containing multiple types will be counted multiple times, in each
#   counter. For example, a row with a SNP and an indel increments both the SNP and
#   the indel counter.
# 
# SN	[2]id	[3]key	[4]value
SN	0	number of samples:	3202
SN	0	number of records:	13133
SN	0	number of no-ALTs:	0
SN	0	number of SNPs:	13133
SN	0	number of MNPs:	0
SN	0	number of indels:	0
SN	0	number of others:	0
SN	0	number of multiallelic sites:	0
SN	0	number of multiallelic SNP sites:	0
# TSTV, transitions/transversions:
# TSTV	[2]id	[3]ts	[4]tv	[5]ts/tv	[6]ts (1st ALT)	[7]tv (1st ALT)	[8]ts/tv (1st ALT)
TSTV	0	9177	3956	2.32	9177	3956	2.32
# SiS, Singleton stats:
# SiS	[2]id	[3]allele count	[4]number of SNPs	[5]number of transitions	[6]number of transversions	[7]number of indels	[8]repeat-consistent	[9]repeat-inconsistent	[10]not applicable
SiS	0	1	0	0	0	0	0	0	0
# AF, Stats by non-reference allele frequency:
# AF	[2]id	[3]allele frequency	[4]number of SNPs	[5]number of transitions	[6]number of transversions	[7]number of indels	[8]repeat-consistent	[9]repeat-inconsistent	[10]not applicable
AF	0	0.000312	2320	1669	651	0	0	0	0
AF	0	0.000625	1565	1100	465	0	0	0	0
AF	0	0.000937	1566	1078	488	0	0	0	0
AF	0	0.001249	466	331	135	0	0	0	0
AF	0	0.001562	816	585	231	0	0	0	0
AF	0	0.001874	258	177	81	0	0	0	0
AF	0	0.002186	486	351	135	0	0	0	0
AF	0	0.002498	195	151	44	0	0	0	0
AF	0	0.002811	349	246	103	0	0	0	0
AF	0	0.003123	126	94	32	0	0	0	0
AF	0	0.003435	250	162	88	0	0	0	0
AF	0	0.003748	181	127	54	0	0	0	0
AF	0	0.004060	238	158	80	0	0	0	0
AF	0	0.004372	126	100	26	0	0	0	0
AF	0	0.004685	223	156	67	0	0	0	0
AF	0	0.004997	85	49	36	0	0	0	0
AF	0	0.005309	143	102	41	0	0	0	0
AF	0	0.005621	85	65	20	0	0	0	0
AF	0	0.005934	132	98	34	0	0	0	0
AF	0	0.006246	52	40	12	0	0	0	0
AF	0	0.006558	113	84	29	0	0	0	0
AF	0	0.006871	46	35	11	0	0	0	0
AF	0	0.007183	83	62	21	0	0	0	0
AF	0	0.007495	53	37	16	0	0	0	0
AF	0	0.007808	81	56	25	0	0	0	0
AF	0	0.008120	25	15	10	0	0	0	0
AF	0	0.008432	66	45	21	0	0	0	0
AF	0	0.008745	22	13	9	0	0	0	0
AF	0	0.009057	81	53	28	0	0	0	0
AF	0	0.009369	33	24	9	0	0	0	0
AF	0	0.009681	54	36	18	0	0	0	0
AF	0	0.009994	43	29	14	0	0	0	0
AF	0	0.010306	82	58	24	0	0	0	0
AF	0	0.010618	27	15	12	0	0	0	0
AF	0	0.010931	58	39	19	0	0	0	0
AF	0	0.011243	23	12	11	0	0	0	0
AF	0	0.011555	46	29	17	0	0	0	0
AF	0	0.011868	26	17	9	0	0	0	0
AF	0	0.012180	36	23	13	0	0	0	0
AF	0	0.012492	39	24	15	0	0	0	0
AF	0	0.012804	54	38	16	0	0	0	0
AF	0	0.013117	13	10	3	0	0	0	0
AF	0	0.013429	38	24	14	0	0	0	0
AF	0	0.013741	20	14	6	0	0	0	0
AF	0	0.014054	22	10	12	0	0	0	0
AF	0	0.014366	9	3	6	0	0	0	0
AF	0	0.014678	50	35	15	0	0	0	0
AF	0	0.014991	17	11	6	0	0	0	0
AF	0	0.015303	20	13	7	0	0	0	0
AF	0	0.015615	19	8	11	0	0	0	0
AF	0	0.015928	19	10	9	0	0	0	0
AF	0	0.016240	19	10	9	0	0	0	0
AF	0	0.016552	20	14	6	0	0	0	0
AF	0	0.016864	18	15	3	0	0	0	0
AF	0	0.017177	30	22	8	0	0	0	0
AF	0	0.017489	20	15	5	0	0	0	0
AF	0	0.017801	29	21	8	0	0	0	0
AF	0	0.018114	9	5	4	0	0	0	0
AF	0	0.018426	27	18	9	0	0	0	0
AF	0	0.018738	9	8	1	0	0	0	0
AF	0	0.019051	12	3	9	0	0	0	0
AF	0	0.019363	10	3	7	0	0	0	0
AF	0	0.019675	11	8	3	0	0	0	0
AF	0	0.019988	7	4	3	0	0	0	0
AF	0	0.020300	16	14	2	0	0	0	0
AF	0	0.020612	11	11	0	0	0	0	0
AF	0	0.020924	21	12	9	0	0	0	0
AF	0	0.021237	6	4	2	0	0	0	0
AF	0	0.021549	23	14	9	0	0	0	0
AF	0	0.021861	11	7	4	0	0	0	0
AF	0	0.022174	17	10	7	0	0	0	0
AF	0	0.022486	10	2	8	0	0	0	0
AF	0	0.022798	19	15	4	0	0	0	0
AF	0	0.023111	10	7	3	0	0	0	0
AF	0	0.023423	24	17	7	0	0	0	0
AF	0	0.023735	5	3	2	0	0	0	0
AF	0	0.024047	16	12	4	0	0	0	0
AF	0	0.024360	6	2	4	0	0	0	0
AF	0	0.024672	17	11	6	0	0	0	0
AF	0	0.024984	12	10	2	0	0	0	0
AF	0	0.025297	9	6	3	0	0	0	0
AF	0	0.025609	12	6	6	0	0	0	0
AF	0	0.025921	19	11	8	0	0	0	0
AF	0	0.026234	5	4	1	0	0	0	0
AF	0	0.026546	12	8	4	0	0	0	0
AF	0	0.026858	2	2	0	0	0	0	0
AF	0	0.027171	11	7	4	0	0	0	0
AF	0	0.027483	5	3	2	0	0	0	0
AF	0	0.027795	11	5	6	0	0	0	0
AF	0	0.028107	3	2	1	0	0	0	0
AF	0	0.028420	6	4	2	0	0	0	0
AF	0	0.028732	2	2	0	0	0	0	0
AF	0	0.029044	14	9	5	0	0	0	0
AF	0	0.029357	3	1	2	0	0	0	0
AF	0	0.029669	11	9	2	0	0	0	0
AF	0	0.029981	8	6	2	0	0	0	0
AF	0	0.030294	11	9	2	0	0	0	0
AF	0	0.030606	6	5	1	0	0	0	0
AF	0	0.030918	4	4	0	0	0	0	0
AF	0	0.031230	2	1	1	0	0	0	0
AF	0	0.031543	11	5	6	0	0	0	0
AF	0	0.031855	1	0	1	0	0	0	0
AF	0	0.032167	4	2	2	0	0	0	0
AF	0	0.032792	4	3	1	0	0	0	0
AF	0	0.033104	5	2	3	0	0	0	0
AF	0	0.033417	6	3	3	0	0	0	0
AF	0	0.033729	3	2	1	0	0	0	0
AF	0	0.034041	8	7	1	0	0	0	0
AF	0	0.034354	1	1	0	0	0	0	0
AF	0	0.034666	8	5	3	0	0	0	0
AF	0	0.034978	2	0	2	0	0	0	0
AF	0	0.035290	2	1	1	0	0	0	0
AF	0	0.035603	2	1	1	0	0	0	0
AF	0	0.035915	2	1	1	0	0	0	0
AF	0	0.036227	3	2	1	0	0	0	0
AF	0	0.036540	8	7	1	0	0	0	0
AF	0	0.036852	2	1	1	0	0	0	0
AF	0	0.037164	5	3	2	0	0	0	0
AF	0	0.037477	3	3	0	0	0	0	0
AF	0	0.037789	2	2	0	0	0	0	0
AF	0	0.038101	2	2	0	0	0	0	0
AF	0	0.038413	16	10	6	0	0	0	0
AF	0	0.038726	26	21	5	0	0	0	0
AF	0	0.039038	18	9	9	0	0	0	0
AF	0	0.039350	6	6	0	0	0	0	0
AF	0	0.039663	7	5	2	0	0	0	0
AF	0	0.039975	4	3	1	0	0	0	0
AF	0	0.040287	6	4	2	0	0	0	0
AF	0	0.040600	3	3	0	0	0	0	0
AF	0	0.040912	11	7	4	0	0	0	0
AF	0	0.041224	2	2	0	0	0	0	0
AF	0	0.041537	13	10	3	0	0	0	0
AF	0	0.041849	2	0	2	0	0	0	0
AF	0	0.042161	6	3	3	0	0	0	0
AF	0	0.042473	5	4	1	0	0	0	0
AF	0	0.042786	2	2	0	0	0	0	0
AF	0	0.043410	1	1	0	0	0	0	0
AF	0	0.044035	3	3	0	0	0	0	0
AF	0	0.044347	2	2	0	0	0	0	0
AF	0	0.044660	5	4	1	0	0	0	0
AF	0	0.045284	4	3	1	0	0	0	0
AF	0	0.045597	1	1	0	0	0	0	0
AF	0	0.045909	3	2	1	0	0	0	0
AF	0	0.046221	1	0	1	0	0	0	0
AF	0	0.046533	5	2	3	0	0	0	0
AF	0	0.046846	2	2	0	0	0	0	0
AF	0	0.047158	3	1	2	0	0	0	0
AF	0	0.047470	3	0	3	0	0	0	0
AF	0	0.047783	2	1	1	0	0	0	0
AF	0	0.048095	1	1	0	0	0	0	0
AF	0	0.048407	4	3	1	0	0	0	0
AF	0	0.049032	1	0	1	0	0	0	0
AF	0	0.049344	2	1	1	0	0	0	0
AF	0	0.049656	2	1	1	0	0	0	0
AF	0	0.050593	6	5	1	0	0	0	0
AF	0	0.050906	1	1	0	0	0	0	0
AF	0	0.051218	3	2	1	0	0	0	0
AF	0	0.051530	2	2	0	0	0	0	0
AF	0	0.051843	1	1	0	0	0	0	0
AF	0	0.052467	1	1	0	0	0	0	0
AF	0	0.052780	1	1	0	0	0	0	0
AF	0	0.053092	1	0	1	0	0	0	0
AF	0	0.053716	1	1	0	0	0	0	0
AF	0	0.054029	1	0	1	0	0	0	0
AF	0	0.054966	2	1	1	0	0	0	0
AF	0	0.055278	2	1	1	0	0	0	0
AF	0	0.055590	1	0	1	0	0	0	0
AF	0	0.055903	2	2	0	0	0	0	0
AF	0	0.056215	1	0	1	0	0	0	0
AF	0	0.056527	1	1	0	0	0	0	0
AF	0	0.057776	1	1	0	0	0	0	0
AF	0	0.058401	2	2	0	0	0	0	0
AF	0	0.059026	1	1	0	0	0	0	0
AF	0	0.059338	2	2	0	0	0	0	0
AF	0	0.059650	2	1	1	0	0	0	0
AF	0	0.060587	1	1	0	0	0	0	0
AF	0	0.060899	1	0	1	0	0	0	0
AF	0	0.061212	1	0	1	0	0	0	0
AF	0	0.061524	1	1	0	0	0	0	0
AF	0	0.061836	1	0	1	0	0	0	0
AF	0	0.062149	4	3	1	0	0	0	0
AF	0	0.063398	1	1	0	0	0	0	0
AF	0	0.063710	2	1	1	0	0	0	0
AF	0	0.064022	2	2	0	0	0	0	0
AF	0	0.064647	3	1	2	0	0	0	0
AF	0	0.065272	4	2	2	0	0	0	0
AF	0	0.068082	1	1	0	0	0	0	0
AF	0	0.068395	2	2	0	0	0	0	0
AF	0	0.069332	2	2	0	0	0	0	0
AF	0	0.069644	1	1	0	0	0	0	0
AF	0	0.069956	3	2	1	0	0	0	0
AF	0	0.070581	1	1	0	0	0	0	0
AF	0	0.070893	1	0	1	0	0	0	0
AF	0	0.071518	1	1	0	0	0	0	0
AF	0	0.072767	2	1	1	0	0	0	0
AF	0	0.073079	1	1	0	0	0	0	0
AF	0	0.073392	3	3	0	0	0	0	0
AF	0	0.073704	1	1	0	0	0	0	0
AF	0	0.074016	1	1	0	0	0	0	0
AF	0	0.074953	1	1	0	0	0	0	0
AF	0	0.075265	2	1	1	0	0	0	0
AF	0	0.075578	1	1	0	0	0	0	0
AF	0	0.075890	1	1	0	0	0	0	0
AF	0	0.076202	1	1	0	0	0	0	0
AF	0	0.076515	1	1	0	0	0	0	0
AF	0	0.076827	1	1	0	0	0	0	0
AF	0	0.077139	2	2	0	0	0	0	0
AF	0	0.077452	2	1	1	0	0	0	0
AF	0	0.077764	2	2	0	0	0	0	0
AF	0	0.078076	1	1	0	0	0	0	0
AF	0	0.078389	1	0	1	0	0	0	0
AF	0	0.079013	1	1	0	0	0	0	0
AF	0	0.081512	3	2	1	0	0	0	0
AF	0	0.082448	3	2	1	0	0	0	0
AF	0	0.082761	4	2	2	0	0	0	0
AF	0	0.084010	1	0	1	0	0	0	0
AF	0	0.084322	1	0	1	0	0	0	0
AF	0	0.084635	1	1	0	0	0	0	0
AF	0	0.084947	3	1	2	0	0	0	0
AF	0	0.085259	1	0	1	0	0	0	0
AF	0	0.085572	1	1	0	0	0	0	0
AF	0	0.085884	2	2	0	0	0	0	0
AF	0	0.086821	1	0	1	0	0	0	0
AF	0	0.087133	4	3	1	0	0	0	0
AF	0	0.087445	1	1	0	0	0	0	0
AF	0	0.087758	6	4	2	0	0	0	0
AF	0	0.088070	1	1	0	0	0	0	0
AF	0	0.088382	1	0	1	0	0	0	0
AF	0	0.088695	1	1	0	0	0	0	0
AF	0	0.089007	1	0	1	0	0	0	0
AF	0	0.089319	1	0	1	0	0	0	0
AF	0	0.089631	3	2	1	0	0	0	0
AF	0	0.089944	1	1	0	0	0	0	0
AF	0	0.090256	1	1	0	0	0	0	0
AF	0	0.090881	2	1	1	0	0	0	0
AF	0	0.091193	1	0	1	0	0	0	0
AF	0	0.091818	1	0	1	0	0	0	0
AF	0	0.092130	4	2	2	0	0	0	0
AF	0	0.092442	2	1	1	0	0	0	0
AF	0	0.092755	1	0	1	0	0	0	0
AF	0	0.093067	1	1	0	0	0	0	0
AF	0	0.093379	1	1	0	0	0	0	0
AF	0	0.094628	1	0	1	0	0	0	0
AF	0	0.095253	1	1	0	0	0	0	0
AF	0	0.095878	2	2	0	0	0	0	0
AF	0	0.096502	2	2	0	0	0	0	0
AF	0	0.096814	1	1	0	0	0	0	0
AF	0	0.097751	1	1	0	0	0	0	0
AF	0	0.099313	1	0	1	0	0	0	0
AF	0	0.100250	1	1	0	0	0	0	0
AF	0	0.100874	2	0	2	0	0	0	0
AF	0	0.102748	1	1	0	0	0	0	0
AF	0	0.103373	1	1	0	0	0	0	0
AF	0	0.103998	3	1	2	0	0	0	0
AF	0	0.104622	1	1	0	0	0	0	0
AF	0	0.104934	1	0	1	0	0	0	0
AF	0	0.105559	1	1	0	0	0	0	0
AF	0	0.106496	2	1	1	0	0	0	0
AF	0	0.107121	1	1	0	0	0	0	0
AF	0	0.108682	1	1	0	0	0	0	0
AF	0	0.109619	3	2	1	0	0	0	0
AF	0	0.110244	3	1	2	0	0	0	0
AF	0	0.110556	1	1	0	0	0	0	0
AF	0	0.110868	1	1	0	0	0	0	0
AF	0	0.112430	1	1	0	0	0	0	0
AF	0	0.113054	1	1	0	0	0	0	0
AF	0	0.113679	3	2	1	0	0	0	0
AF	0	0.114304	3	3	0	0	0	0	0
AF	0	0.114616	1	0	1	0	0	0	0
AF	0	0.114928	2	1	1	0	0	0	0
AF	0	0.115553	1	0	1	0	0	0	0
AF	0	0.115865	1	0	1	0	0	0	0
AF	0	0.116177	2	1	1	0	0	0	0
AF	0	0.116802	1	1	0	0	0	0	0
AF	0	0.117114	1	1	0	0	0	0	0
AF	0	0.117427	3	3	0	0	0	0	0
AF	0	0.117739	2	1	1	0	0	0	0
AF	0	0.118051	7	6	1	0	0	0	0
AF	0	0.118364	1	1	0	0	0	0	0
AF	0	0.118676	2	2	0	0	0	0	0
AF	0	0.118988	3	2	1	0	0	0	0
AF	0	0.119300	2	2	0	0	0	0	0
AF	0	0.119925	2	1	1	0	0	0	0
AF	0	0.120237	1	0	1	0	0	0	0
AF	0	0.120550	3	3	0	0	0	0	0
AF	0	0.121174	3	1	2	0	0	0	0
AF	0	0.121487	2	1	1	0	0	0	0
AF	0	0.121799	1	1	0	0	0	0	0
AF	0	0.122423	2	2	0	0	0	0	0
AF	0	0.122736	1	1	0	0	0	0	0
AF	0	0.123673	2	2	0	0	0	0	0
AF	0	0.123985	1	0	1	0	0	0	0
AF	0	0.124297	3	3	0	0	0	0	0
AF	0	0.126796	1	1	0	0	0	0	0
AF	0	0.127420	2	1	1	0	0	0	0
AF	0	0.128045	3	2	1	0	0	0	0
AF	0	0.128670	1	0	1	0	0	0	0
AF	0	0.129294	1	1	0	0	0	0	0
AF	0	0.129606	2	2	0	0	0	0	0
AF	0	0.129919	2	0	2	0	0	0	0
AF	0	0.130543	3	2	1	0	0	0	0
AF	0	0.130856	4	2	2	0	0	0	0
AF	0	0.131168	4	4	0	0	0	0	0
AF	0	0.131480	1	1	0	0	0	0	0
AF	0	0.131793	2	1	1	0	0	0	0
AF	0	0.132105	3	1	2	0	0	0	0
AF	0	0.132417	2	1	1	0	0	0	0
AF	0	0.132730	1	0	1	0	0	0	0
AF	0	0.133666	2	1	1	0	0	0	0
AF	0	0.133979	1	0	1	0	0	0	0
AF	0	0.134916	3	2	1	0	0	0	0
AF	0	0.136165	2	2	0	0	0	0	0
AF	0	0.136477	1	1	0	0	0	0	0
AF	0	0.136790	2	2	0	0	0	0	0
AF	0	0.137414	2	0	2	0	0	0	0
AF	0	0.137726	1	1	0	0	0	0	0
AF	0	0.138976	1	1	0	0	0	0	0
AF	0	0.140225	1	1	0	0	0	0	0
AF	0	0.141786	1	0	1	0	0	0	0
AF	0	0.142099	2	2	0	0	0	0	0
AF	0	0.143036	2	2	0	0	0	0	0
AF	0	0.143973	1	1	0	0	0	0	0
AF	0	0.144285	1	1	0	0	0	0	0
AF	0	0.144909	2	1	1	0	0	0	0
AF	0	0.145534	1	0	1	0	0	0	0
AF	0	0.146159	2	1	1	0	0	0	0
AF	0	0.148032	1	1	0	0	0	0	0
AF	0	0.148345	1	1	0	0	0	0	0
AF	0	0.151156	1	1	0	0	0	0	0
AF	0	0.152405	1	0	1	0	0	0	0
AF	0	0.153342	1	1	0	0	0	0	0
AF	0	0.153966	1	1	0	0	0	0	0
AF	0	0.154279	1	1	0	0	0	0	0
AF	0	0.155528	1	1	0	0	0	0	0
AF	0	0.157714	1	0	1	0	0	0	0
AF	0	0.158026	1	1	0	0	0	0	0
AF	0	0.158651	1	1	0	0	0	0	0
AF	0	0.159900	2	2	0	0	0	0	0
AF	0	0.160837	1	0	1	0	0	0	0
AF	0	0.161149	1	0	1	0	0	0	0
AF	0	0.161774	5	3	2	0	0	0	0
AF	0	0.162399	2	0	2	0	0	0	0
AF	0	0.163023	1	1	0	0	0	0	0
AF	0	0.164272	1	1	0	0	0	0	0
AF	0	0.164585	1	0	1	0	0	0	0
AF	0	0.164897	1	1	0	0	0	0	0
AF	0	0.165522	3	1	2	0	0	0	0
AF	0	0.165834	4	4	0	0	0	0	0
AF	0	0.166458	2	2	0	0	0	0	0
AF	0	0.166771	4	3	1	0	0	0	0
AF	0	0.167083	2	2	0	0	0	0	0
AF	0	0.167395	2	1	1	0	0	0	0
AF	0	0.168020	3	3	0	0	0	0	0
AF	0	0.168332	1	1	0	0	0	0	0
AF	0	0.168645	3	2	1	0	0	0	0
AF	0	0.169269	1	1	0	0	0	0	0
AF	0	0.169582	1	1	0	0	0	0	0
AF	0	0.169894	7	5	2	0	0	0	0
AF	0	0.170206	2	2	0	0	0	0	0
AF	0	0.170518	3	3	0	0	0	0	0
AF	0	0.170831	2	1	1	0	0	0	0
AF	0	0.171143	3	1	2	0	0	0	0
AF	0	0.171455	1	1	0	0	0	0	0
AF	0	0.172392	2	2	0	0	0	0	0
AF	0	0.172705	1	1	0	0	0	0	0
AF	0	0.173017	4	3	1	0	0	0	0
AF	0	0.173329	4	3	1	0	0	0	0
AF	0	0.173641	5	5	0	0	0	0	0
AF	0	0.174266	3	2	1	0	0	0	0
AF	0	0.174891	3	2	1	0	0	0	0
AF	0	0.175203	1	1	0	0	0	0	0
AF	0	0.175515	4	2	2	0	0	0	0
AF	0	0.175828	1	1	0	0	0	0	0
AF	0	0.176452	1	1	0	0	0	0	0
AF	0	0.178014	1	0	1	0	0	0	0
AF	0	0.182386	2	1	1	0	0	0	0
AF	0	0.182698	1	0	1	0	0	0	0
AF	0	0.183011	1	0	1	0	0	0	0
AF	0	0.183323	1	1	0	0	0	0	0
AF	0	0.184884	2	2	0	0	0	0	0
AF	0	0.185197	1	1	0	0	0	0	0
AF	0	0.185509	1	1	0	0	0	0	0
AF	0	0.186134	2	2	0	0	0	0	0
AF	0	0.186446	1	1	0	0	0	0	0
AF	0	0.186758	2	2	0	0	0	0	0
AF	0	0.187071	1	1	0	0	0	0	0
AF	0	0.188007	1	1	0	0	0	0	0
AF	0	0.188320	1	0	1	0	0	0	0
AF	0	0.188944	2	1	1	0	0	0	0
AF	0	0.189257	4	4	0	0	0	0	0
AF	0	0.189569	2	1	1	0	0	0	0
AF	0	0.189881	4	2	2	0	0	0	0
AF	0	0.190194	1	1	0	0	0	0	0
AF	0	0.190506	3	1	2	0	0	0	0
AF	0	0.190818	2	1	1	0	0	0	0
AF	0	0.192380	1	0	1	0	0	0	0
AF	0	0.193317	1	1	0	0	0	0	0
AF	0	0.193629	1	0	1	0	0	0	0
AF	0	0.194254	1	1	0	0	0	0	0
AF	0	0.194566	1	1	0	0	0	0	0
AF	0	0.194878	4	3	1	0	0	0	0
AF	0	0.195191	3	2	1	0	0	0	0
AF	0	0.195815	2	2	0	0	0	0	0
AF	0	0.196127	4	4	0	0	0	0	0
AF	0	0.196440	2	1	1	0	0	0	0
AF	0	0.196752	5	4	1	0	0	0	0
AF	0	0.197064	2	1	1	0	0	0	0
AF	0	0.197377	1	1	0	0	0	0	0
AF	0	0.199875	1	0	1	0	0	0	0
AF	0	0.200500	3	3	0	0	0	0	0
AF	0	0.200812	1	1	0	0	0	0	0
AF	0	0.201124	8	6	2	0	0	0	0
AF	0	0.202686	1	1	0	0	0	0	0
AF	0	0.203310	1	1	0	0	0	0	0
AF	0	0.203623	1	1	0	0	0	0	0
AF	0	0.205184	1	0	1	0	0	0	0
AF	0	0.205497	1	0	1	0	0	0	0
AF	0	0.206121	1	1	0	0	0	0	0
AF	0	0.206746	1	1	0	0	0	0	0
AF	0	0.207058	1	0	1	0	0	0	0
AF	0	0.207995	2	2	0	0	0	0	0
AF	0	0.208307	2	1	1	0	0	0	0
AF	0	0.209869	2	1	1	0	0	0	0
AF	0	0.210493	1	1	0	0	0	0	0
AF	0	0.211118	1	0	1	0	0	0	0
AF	0	0.212367	1	1	0	0	0	0	0
AF	0	0.212992	1	1	0	0	0	0	0
AF	0	0.213616	1	0	1	0	0	0	0
AF	0	0.213929	1	0	1	0	0	0	0
AF	0	0.214866	1	1	0	0	0	0	0
AF	0	0.215490	2	0	2	0	0	0	0
AF	0	0.216740	1	1	0	0	0	0	0
AF	0	0.219863	2	2	0	0	0	0	0
AF	0	0.220487	2	2	0	0	0	0	0
AF	0	0.220800	1	1	0	0	0	0	0
AF	0	0.221112	1	1	0	0	0	0	0
AF	0	0.221736	2	1	1	0	0	0	0
AF	0	0.222361	1	1	0	0	0	0	0
AF	0	0.223923	2	1	1	0	0	0	0
AF	0	0.224547	1	0	1	0	0	0	0
AF	0	0.225172	1	1	0	0	0	0	0
AF	0	0.225796	1	0	1	0	0	0	0
AF	0	0.226109	2	2	0	0	0	0	0
AF	0	0.226421	1	1	0	0	0	0	0
AF	0	0.227358	2	1	1	0	0	0	0
AF	0	0.227670	1	1	0	0	0	0	0
AF	0	0.228295	3	3	0	0	0	0	0
AF	0	0.228607	2	1	1	0	0	0	0
AF	0	0.230169	1	1	0	0	0	0	0
AF	0	0.230481	1	1	0	0	0	0	0
AF	0	0.230793	1	1	0	0	0	0	0
AF	0	0.231730	1	1	0	0	0	0	0
AF	0	0.232667	1	1	0	0	0	0	0
AF	0	0.233292	1	1	0	0	0	0	0
AF	0	0.235790	1	1	0	0	0	0	0
AF	0	0.237039	1	0	1	0	0	0	0
AF	0	0.242036	1	0	1	0	0	0	0
AF	0	0.247033	1	1	0	0	0	0	0
AF	0	0.248282	2	1	1	0	0	0	0
AF	0	0.250781	1	1	0	0	0	0	0
AF	0	0.252655	1	0	1	0	0	0	0
AF	0	0.253279	1	1	0	0	0	0	0
AF	0	0.255153	1	0	1	0	0	0	0
AF	0	0.257651	1	0	1	0	0	0	0
AF	0	0.258901	1	1	0	0	0	0	0
AF	0	0.263273	1	0	1	0	0	0	0
AF	0	0.263585	1	0	1	0	0	0	0
AF	0	0.263898	2	1	1	0	0	0	0
AF	0	0.265459	1	1	0	0	0	0	0
AF	0	0.265771	1	1	0	0	0	0	0
AF	0	0.267021	1	0	1	0	0	0	0
AF	0	0.267645	1	1	0	0	0	0	0
AF	0	0.268894	1	0	1	0	0	0	0
AF	0	0.270144	2	2	0	0	0	0	0
AF	0	0.272330	1	1	0	0	0	0	0
AF	0	0.272642	1	1	0	0	0	0	0
AF	0	0.274204	1	1	0	0	0	0	0
AF	0	0.275141	1	1	0	0	0	0	0
AF	0	0.277014	1	1	0	0	0	0	0
AF	0	0.277639	1	1	0	0	0	0	0
AF	0	0.279513	3	2	1	0	0	0	0
AF	0	0.280137	1	0	1	0	0	0	0
AF	0	0.281387	1	1	0	0	0	0	0
AF	0	0.290756	1	1	0	0	0	0	0
AF	0	0.295128	1	0	1	0	0	0	0
AF	0	0.295440	1	1	0	0	0	0	0
AF	0	0.298876	2	2	0	0	0	0	0
AF	0	0.299188	1	1	0	0	0	0	0
AF	0	0.300437	1	1	0	0	0	0	0
AF	0	0.301999	1	1	0	0	0	0	0
AF	0	0.306996	1	1	0	0	0	0	0
AF	0	0.308245	1	1	0	0	0	0	0
AF	0	0.308869	1	0	1	0	0	0	0
AF	0	0.309494	2	2	0	0	0	0	0
AF	0	0.311368	1	1	0	0	0	0	0
AF	0	0.313242	1	1	0	0	0	0	0
AF	0	0.313554	1	1	0	0	0	0	0
AF	0	0.315116	2	2	0	0	0	0	0
AF	0	0.315428	1	0	1	0	0	0	0
AF	0	0.315740	1	1	0	0	0	0	0
AF	0	0.317614	1	1	0	0	0	0	0
AF	0	0.319488	1	1	0	0	0	0	0
AF	0	0.320737	1	0	1	0	0	0	0
AF	0	0.325109	1	1	0	0	0	0	0
AF	0	0.326359	1	1	0	0	0	0	0
AF	0	0.326983	1	0	1	0	0	0	0
AF	0	0.327608	4	2	2	0	0	0	0
AF	0	0.328232	7	4	3	0	0	0	0
AF	0	0.330106	1	1	0	0	0	0	0
AF	0	0.331355	1	1	0	0	0	0	0
AF	0	0.331668	1	0	1	0	0	0	0
AF	0	0.332605	1	1	0	0	0	0	0
AF	0	0.333229	2	2	0	0	0	0	0
AF	0	0.333542	1	0	1	0	0	0	0
AF	0	0.334478	1	1	0	0	0	0	0
AF	0	0.334791	1	1	0	0	0	0	0
AF	0	0.335103	1	0	1	0	0	0	0
AF	0	0.335415	6	5	1	0	0	0	0
AF	0	0.336352	1	1	0	0	0	0	0
AF	0	0.337289	1	0	1	0	0	0	0
AF	0	0.338538	1	1	0	0	0	0	0
AF	0	0.339788	1	1	0	0	0	0	0
AF	0	0.340100	1	1	0	0	0	0	0
AF	0	0.340412	1	1	0	0	0	0	0
AF	0	0.341661	2	2	0	0	0	0	0
AF	0	0.341974	1	1	0	0	0	0	0
AF	0	0.342286	1	1	0	0	0	0	0
AF	0	0.342911	1	1	0	0	0	0	0
AF	0	0.343535	3	2	1	0	0	0	0
AF	0	0.344160	5	5	0	0	0	0	0
AF	0	0.346971	1	1	0	0	0	0	0
AF	0	0.347595	1	1	0	0	0	0	0
AF	0	0.348532	1	1	0	0	0	0	0
AF	0	0.349157	1	0	1	0	0	0	0
AF	0	0.350406	2	2	0	0	0	0	0
AF	0	0.351031	1	1	0	0	0	0	0
AF	0	0.351655	2	1	1	0	0	0	0
AF	0	0.352280	1	0	1	0	0	0	0
AF	0	0.352904	3	1	2	0	0	0	0
AF	0	0.353217	1	1	0	0	0	0	0
AF	0	0.353841	1	0	1	0	0	0	0
AF	0	0.354154	1	0	1	0	0	0	0
AF	0	0.354466	1	1	0	0	0	0	0
AF	0	0.355091	1	1	0	0	0	0	0
AF	0	0.355403	1	1	0	0	0	0	0
AF	0	0.356027	3	2	1	0	0	0	0
AF	0	0.356652	4	3	1	0	0	0	0
AF	0	0.357277	3	2	1	0	0	0	0
AF	0	0.358526	1	1	0	0	0	0	0
AF	0	0.358838	1	0	1	0	0	0	0
AF	0	0.360400	1	1	0	0	0	0	0
AF	0	0.361337	1	0	1	0	0	0	0
AF	0	0.361961	1	1	0	0	0	0	0
AF	0	0.362586	1	1	0	0	0	0	0
AF	0	0.362898	1	1	0	0	0	0	0
AF	0	0.363523	1	1	0	0	0	0	0
AF	0	0.363835	1	0	1	0	0	0	0
AF	0	0.364147	1	0	1	0	0	0	0
AF	0	0.364772	1	1	0	0	0	0	0
AF	0	0.365397	1	1	0	0	0	0	0
AF	0	0.365709	1	1	0	0	0	0	0
AF	0	0.371018	1	1	0	0	0	0	0
AF	0	0.371643	1	1	0	0	0	0	0
AF	0	0.372892	1	0	1	0	0	0	0
AF	0	0.373204	1	1	0	0	0	0	0
AF	0	0.373517	1	1	0	0	0	0	0
AF	0	0.374766	2	1	1	0	0	0	0
AF	0	0.375078	1	1	0	0	0	0	0
AF	0	0.375703	1	1	0	0	0	0	0
AF	0	0.376640	3	2	1	0	0	0	0
AF	0	0.376952	1	0	1	0	0	0	0
AF	0	0.377264	1	0	1	0	0	0	0
AF	0	0.377889	2	2	0	0	0	0	0
AF	0	0.378513	1	1	0	0	0	0	0
AF	0	0.378826	1	0	1	0	0	0	0
AF	0	0.379138	1	1	0	0	0	0	0
AF	0	0.379450	1	1	0	0	0	0	0
AF	0	0.380387	1	1	0	0	0	0	0
AF	0	0.381012	1	0	1	0	0	0	0
AF	0	0.381636	2	1	1	0	0	0	0
AF	0	0.382261	3	3	0	0	0	0	0
AF	0	0.382573	1	0	1	0	0	0	0
AF	0	0.383510	2	2	0	0	0	0	0
AF	0	0.383823	3	1	2	0	0	0	0
AF	0	0.384135	2	2	0	0	0	0	0
AF	0	0.384447	1	1	0	0	0	0	0
AF	0	0.384760	1	0	1	0	0	0	0
AF	0	0.385696	1	1	0	0	0	0	0
AF	0	0.386321	1	1	0	0	0	0	0
AF	0	0.386633	1	0	1	0	0	0	0
AF	0	0.386946	2	0	2	0	0	0	0
AF	0	0.387883	2	1	1	0	0	0	0
AF	0	0.389444	2	2	0	0	0	0	0
AF	0	0.390381	1	1	0	0	0	0	0
AF	0	0.391006	2	2	0	0	0	0	0
AF	0	0.391630	3	1	2	0	0	0	0
AF	0	0.391943	1	1	0	0	0	0	0
AF	0	0.392879	1	1	0	0	0	0	0
AF	0	0.393192	2	1	1	0	0	0	0
AF	0	0.393504	3	3	0	0	0	0	0
AF	0	0.395066	1	1	0	0	0	0	0
AF	0	0.395690	1	0	1	0	0	0	0
AF	0	0.396002	4	2	2	0	0	0	0
AF	0	0.396939	1	1	0	0	0	0	0
AF	0	0.397252	1	1	0	0	0	0	0
AF	0	0.397876	4	3	1	0	0	0	0
AF	0	0.398501	1	0	1	0	0	0	0
AF	0	0.398813	1	1	0	0	0	0	0
AF	0	0.401624	1	1	0	0	0	0	0
AF	0	0.404122	1	1	0	0	0	0	0
AF	0	0.404435	1	0	1	0	0	0	0
AF	0	0.404747	1	1	0	0	0	0	0
AF	0	0.405059	1	0	1	0	0	0	0
AF	0	0.405684	1	1	0	0	0	0	0
AF	0	0.406621	1	1	0	0	0	0	0
AF	0	0.406933	1	0	1	0	0	0	0
AF	0	0.409119	1	0	1	0	0	0	0
AF	0	0.409744	1	1	0	0	0	0	0
AF	0	0.410993	2	2	0	0	0	0	0
AF	0	0.411618	1	0	1	0	0	0	0
AF	0	0.412242	1	1	0	0	0	0	0
AF	0	0.412867	1	1	0	0	0	0	0
AF	0	0.413179	1	1	0	0	0	0	0
AF	0	0.414116	2	1	1	0	0	0	0
AF	0	0.414428	1	1	0	0	0	0	0
AF	0	0.415990	1	0	1	0	0	0	0
AF	0	0.417239	1	1	0	0	0	0	0
AF	0	0.418488	2	2	0	0	0	0	0
AF	0	0.419113	1	1	0	0	0	0	0
AF	0	0.419738	4	2	2	0	0	0	0
AF	0	0.420050	1	1	0	0	0	0	0
AF	0	0.420362	6	5	1	0	0	0	0
AF	0	0.420675	1	1	0	0	0	0	0
AF	0	0.422236	2	2	0	0	0	0	0
AF	0	0.422861	1	1	0	0	0	0	0
AF	0	0.423173	1	1	0	0	0	0	0
AF	0	0.430044	1	0	1	0	0	0	0
AF	0	0.433791	1	0	1	0	0	0	0
AF	0	0.441911	1	0	1	0	0	0	0
AF	0	0.442536	1	1	0	0	0	0	0
AF	0	0.459400	1	0	1	0	0	0	0
AF	0	0.475640	1	0	1	0	0	0	0
AF	0	0.479388	1	0	1	0	0	0	0
AF	0	0.479700	1	1	0	0	0	0	0
AF	0	0.480012	3	3	0	0	0	0	0
AF	0	0.480325	1	1	0	0	0	0	0
AF	0	0.481262	2	1	1	0	0	0	0
AF	0	0.481886	1	1	0	0	0	0	0
AF	0	0.482199	1	1	0	0	0	0	0
AF	0	0.482823	3	1	2	0	0	0	0
AF	0	0.483136	3	3	0	0	0	0	0
AF	0	0.486259	1	1	0	0	0	0	0
AF	0	0.489694	1	1	0	0	0	0	0
AF	0	0.491255	2	2	0	0	0	0	0
AF	0	0.498126	1	0	1	0	0	0	0
AF	0	0.498438	2	2	0	0	0	0	0
AF	0	0.498751	1	1	0	0	0	0	0
AF	0	0.504372	1	1	0	0	0	0	0
AF	0	0.505934	1	0	1	0	0	0	0
AF	0	0.521861	1	1	0	0	0	0	0
AF	0	0.524984	1	0	1	0	0	0	0
AF	0	0.525297	1	0	1	0	0	0	0
AF	0	0.534978	1	1	0	0	0	0	0
AF	0	0.535915	1	0	1	0	0	0	0
AF	0	0.539038	2	1	1	0	0	0	0
AF	0	0.539350	1	0	1	0	0	0	0
AF	0	0.541849	1	1	0	0	0	0	0
AF	0	0.544660	2	2	0	0	0	0	0
AF	0	0.546221	1	0	1	0	0	0	0
AF	0	0.552467	1	1	0	0	0	0	0
AF	0	0.554966	1	1	0	0	0	0	0
AF	0	0.559963	1	1	0	0	0	0	0
AF	0	0.560899	1	1	0	0	0	0	0
AF	0	0.561524	1	1	0	0	0	0	0
AF	0	0.563398	1	1	0	0	0	0	0
AF	0	0.567146	1	0	1	0	0	0	0
AF	0	0.569019	1	0	1	0	0	0	0
AF	0	0.579013	1	0	1	0	0	0	0
AF	0	0.580887	2	2	0	0	0	0	0
AF	0	0.582136	1	0	1	0	0	0	0
AF	0	0.583385	1	1	0	0	0	0	0
AF	0	0.583698	1	1	0	0	0	0	0
AF	0	0.584010	2	1	1	0	0	0	0
AF	0	0.584322	3	3	0	0	0	0	0
AF	0	0.584635	8	5	3	0	0	0	0
AF	0	0.585884	2	1	1	0	0	0	0
AF	0	0.586196	1	1	0	0	0	0	0
AF	0	0.586508	2	0	2	0	0	0	0
AF	0	0.586821	1	0	1	0	0	0	0
AF	0	0.587445	1	1	0	0	0	0	0
AF	0	0.589944	1	0	1	0	0	0	0
AF	0	0.590256	1	1	0	0	0	0	0
AF	0	0.590568	1	1	0	0	0	0	0
AF	0	0.591505	1	1	0	0	0	0	0
AF	0	0.592755	1	0	1	0	0	0	0
AF	0	0.595878	1	0	1	0	0	0	0
AF	0	0.598688	1	0	1	0	0	0	0
AF	0	0.602124	1	0	1	0	0	0	0
AF	0	0.603373	1	0	1	0	0	0	0
AF	0	0.604934	1	1	0	0	0	0	0
AF	0	0.609619	1	1	0	0	0	0	0
AF	0	0.611493	1	1	0	0	0	0	0
AF	0	0.614928	1	1	0	0	0	0	0
AF	0	0.615240	1	1	0	0	0	0	0
AF	0	0.618988	1	1	0	0	0	0	0
AF	0	0.620237	1	1	0	0	0	0	0
AF	0	0.637102	1	1	0	0	0	0	0
AF	0	0.648345	1	0	1	0	0	0	0
AF	0	0.651156	1	0	1	0	0	0	0
AF	0	0.655528	1	1	0	0	0	0	0
AF	0	0.655840	1	1	0	0	0	0	0
AF	0	0.659275	1	0	1	0	0	0	0
AF	0	0.659588	2	2	0	0	0	0	0
AF	0	0.659900	1	1	0	0	0	0	0
AF	0	0.660212	1	1	0	0	0	0	0
AF	0	0.662711	1	0	1	0	0	0	0
AF	0	0.663648	1	1	0	0	0	0	0
AF	0	0.664585	1	1	0	0	0	0	0
AF	0	0.665522	1	0	1	0	0	0	0
AF	0	0.665834	1	1	0	0	0	0	0
AF	0	0.666146	1	0	1	0	0	0	0
AF	0	0.667083	1	0	1	0	0	0	0
AF	0	0.667395	3	1	2	0	0	0	0
AF	0	0.667708	1	1	0	0	0	0	0
AF	0	0.668645	1	1	0	0	0	0	0
AF	0	0.668957	1	0	1	0	0	0	0
AF	0	0.669269	2	1	1	0	0	0	0
AF	0	0.669894	1	1	0	0	0	0	0
AF	0	0.670518	1	1	0	0	0	0	0
AF	0	0.671455	1	1	0	0	0	0	0
AF	0	0.672080	1	1	0	0	0	0	0
AF	0	0.675203	1	0	1	0	0	0	0
AF	0	0.676140	2	2	0	0	0	0	0
AF	0	0.678014	1	0	1	0	0	0	0
AF	0	0.683948	1	0	1	0	0	0	0
AF	0	0.685509	1	1	0	0	0	0	0
AF	0	0.689569	1	1	0	0	0	0	0
AF	0	0.693629	1	1	0	0	0	0	0
AF	0	0.695815	1	0	1	0	0	0	0
AF	0	0.699875	1	1	0	0	0	0	0
AF	0	0.700187	2	0	2	0	0	0	0
AF	0	0.709557	1	1	0	0	0	0	0
AF	0	0.709869	1	0	1	0	0	0	0
AF	0	0.710493	1	1	0	0	0	0	0
AF	0	0.711743	1	1	0	0	0	0	0
AF	0	0.712367	1	0	1	0	0	0	0
AF	0	0.714553	1	1	0	0	0	0	0
AF	0	0.715178	1	1	0	0	0	0	0
AF	0	0.715490	2	1	1	0	0	0	0
AF	0	0.716115	1	0	1	0	0	0	0
AF	0	0.717364	2	2	0	0	0	0	0
AF	0	0.718613	1	0	1	0	0	0	0
AF	0	0.719550	1	1	0	0	0	0	0
AF	0	0.719863	1	1	0	0	0	0	0
AF	0	0.720487	1	0	1	0	0	0	0
AF	0	0.721112	3	1	2	0	0	0	0
AF	0	0.721736	1	1	0	0	0	0	0
AF	0	0.722986	1	1	0	0	0	0	0
AF	0	0.728607	1	0	1	0	0	0	0
AF	0	0.729232	1	1	0	0	0	0	0
AF	0	0.729856	1	1	0	0	0	0	0
AF	0	0.730169	1	0	1	0	0	0	0
AF	0	0.731418	1	0	1	0	0	0	0
AF	0	0.734229	1	1	0	0	0	0	0
AF	0	0.735478	1	0	1	0	0	0	0
AF	0	0.736102	1	0	1	0	0	0	0
AF	0	0.737352	1	1	0	0	0	0	0
AF	0	0.738601	1	1	0	0	0	0	0
AF	0	0.741412	1	1	0	0	0	0	0
AF	0	0.745472	1	0	1	0	0	0	0
AF	0	0.746096	2	2	0	0	0	0	0
AF	0	0.746721	2	2	0	0	0	0	0
AF	0	0.747658	2	2	0	0	0	0	0
AF	0	0.747970	5	3	2	0	0	0	0
AF	0	0.748595	1	0	1	0	0	0	0
AF	0	0.749844	1	0	1	0	0	0	0
AF	0	0.750156	1	0	1	0	0	0	0
AF	0	0.750781	1	0	1	0	0	0	0
AF	0	0.752967	1	1	0	0	0	0	0
AF	0	0.754528	1	1	0	0	0	0	0
AF	0	0.755465	1	0	1	0	0	0	0
AF	0	0.755778	2	1	1	0	0	0	0
AF	0	0.756090	4	4	0	0	0	0	0
AF	0	0.756715	1	1	0	0	0	0	0
AF	0	0.757339	1	1	0	0	0	0	0
AF	0	0.757651	2	2	0	0	0	0	0
AF	0	0.758588	2	2	0	0	0	0	0
AF	0	0.759838	1	1	0	0	0	0	0
AF	0	0.761399	2	2	0	0	0	0	0
AF	0	0.761711	1	1	0	0	0	0	0
AF	0	0.762336	2	1	1	0	0	0	0
AF	0	0.762961	2	1	1	0	0	0	0
AF	0	0.765459	3	2	1	0	0	0	0
AF	0	0.767021	1	1	0	0	0	0	0
AF	0	0.770456	1	0	1	0	0	0	0
AF	0	0.774204	1	0	1	0	0	0	0
AF	0	0.776077	1	0	1	0	0	0	0
AF	0	0.776702	1	1	0	0	0	0	0
AF	0	0.777327	2	1	1	0	0	0	0
AF	0	0.777639	1	1	0	0	0	0	0
AF	0	0.777951	2	1	1	0	0	0	0
AF	0	0.779200	1	1	0	0	0	0	0
AF	0	0.780762	3	0	3	0	0	0	0
AF	0	0.782948	1	1	0	0	0	0	0
AF	0	0.783885	2	1	1	0	0	0	0
AF	0	0.784510	2	2	0	0	0	0	0
AF	0	0.786696	1	1	0	0	0	0	0
AF	0	0.787008	2	2	0	0	0	0	0
AF	0	0.790443	2	2	0	0	0	0	0
AF	0	0.792630	2	0	2	0	0	0	0
AF	0	0.793254	1	1	0	0	0	0	0
AF	0	0.793567	1	1	0	0	0	0	0
AF	0	0.793879	1	0	1	0	0	0	0
AF	0	0.794503	1	1	0	0	0	0	0
AF	0	0.795128	1	1	0	0	0	0	0
AF	0	0.795753	1	0	1	0	0	0	0
AF	0	0.796377	1	0	1	0	0	0	0
AF	0	0.796690	1	1	0	0	0	0	0
AF	0	0.797002	6	4	2	0	0	0	0
AF	0	0.797314	3	3	0	0	0	0	0
AF	0	0.802623	1	0	1	0	0	0	0
AF	0	0.803248	1	1	0	0	0	0	0
AF	0	0.803873	1	0	1	0	0	0	0
AF	0	0.804497	2	2	0	0	0	0	0
AF	0	0.804809	1	0	1	0	0	0	0
AF	0	0.805434	1	1	0	0	0	0	0
AF	0	0.806059	1	0	1	0	0	0	0
AF	0	0.809806	1	1	0	0	0	0	0
AF	0	0.810743	2	2	0	0	0	0	0
AF	0	0.812617	1	1	0	0	0	0	0
AF	0	0.813866	1	1	0	0	0	0	0
AF	0	0.814491	3	3	0	0	0	0	0
AF	0	0.814803	1	1	0	0	0	0	0
AF	0	0.820425	2	1	1	0	0	0	0
AF	0	0.821049	1	1	0	0	0	0	0
AF	0	0.822299	1	1	0	0	0	0	0
AF	0	0.822611	2	1	1	0	0	0	0
AF	0	0.823860	1	1	0	0	0	0	0
AF	0	0.826046	1	1	0	0	0	0	0
AF	0	0.826359	2	2	0	0	0	0	0
AF	0	0.826983	7	6	1	0	0	0	0
AF	0	0.827295	1	1	0	0	0	0	0
AF	0	0.828232	1	0	1	0	0	0	0
AF	0	0.830106	2	1	1	0	0	0	0
AF	0	0.830418	1	1	0	0	0	0	0
AF	0	0.831043	1	0	1	0	0	0	0
AF	0	0.831668	1	1	0	0	0	0	0
AF	0	0.835415	1	0	1	0	0	0	0
AF	0	0.836665	1	1	0	0	0	0	0
AF	0	0.836977	1	1	0	0	0	0	0
AF	0	0.837601	2	2	0	0	0	0	0
AF	0	0.837914	1	0	1	0	0	0	0
AF	0	0.838851	1	1	0	0	0	0	0
AF	0	0.839475	3	2	1	0	0	0	0
AF	0	0.840725	1	1	0	0	0	0	0
AF	0	0.850094	1	0	1	0	0	0	0
AF	0	0.860712	1	0	1	0	0	0	0
AF	0	0.866958	1	1	0	0	0	0	0
AF	0	0.867895	1	1	0	0	0	0	0
AF	0	0.870394	1	1	0	0	0	0	0
AF	0	0.875390	1	0	1	0	0	0	0
AF	0	0.876640	1	1	0	0	0	0	0
AF	0	0.877577	4	3	1	0	0	0	0
AF	0	0.878201	2	0	2	0	0	0	0
AF	0	0.881636	1	0	1	0	0	0	0
AF	0	0.889756	2	2	0	0	0	0	0
AF	0	0.891630	1	1	0	0	0	0	0
AF	0	0.898813	1	1	0	0	0	0	0
AF	0	0.907245	2	1	1	0	0	0	0
AF	0	0.917552	1	1	0	0	0	0	0
AF	0	0.920050	1	1	0	0	0	0	0
AF	0	0.920987	1	0	1	0	0	0	0
AF	0	0.925984	1	0	1	0	0	0	0
AF	0	0.928482	1	1	0	0	0	0	0
AF	0	0.931293	1	0	1	0	0	0	0
AF	0	0.935978	1	0	1	0	0	0	0
AF	0	0.936290	1	0	1	0	0	0	0
AF	0	0.937539	1	0	1	0	0	0	0
AF	0	0.937851	3	2	1	0	0	0	0
AF	0	0.939725	1	1	0	0	0	0	0
AF	0	0.944097	4	3	1	0	0	0	0
AF	0	0.944410	1	1	0	0	0	0	0
AF	0	0.946908	1	1	0	0	0	0	0
AF	0	0.947220	1	1	0	0	0	0	0
AF	0	0.949407	1	1	0	0	0	0	0
AF	0	0.956277	1	0	1	0	0	0	0
AF	0	0.963773	1	1	0	0	0	0	0
AF	0	0.965646	1	0	1	0	0	0	0
AF	0	0.965959	1	1	0	0	0	0	0
AF	0	0.967208	1	1	0	0	0	0	0
AF	0	0.968457	1	1	0	0	0	0	0
AF	0	0.968770	1	0	1	0	0	0	0
AF	0	0.969394	1	1	0	0	0	0	0
AF	0	0.969706	1	1	0	0	0	0	0
AF	0	0.970956	1	1	0	0	0	0	0
AF	0	0.971580	1	1	0	0	0	0	0
AF	0	0.972205	1	0	1	0	0	0	0
AF	0	0.973454	1	1	0	0	0	0	0
AF	0	0.975016	1	0	1	0	0	0	0
AF	0	0.975328	1	0	1	0	0	0	0
AF	0	0.975953	4	2	2	0	0	0	0
AF	0	0.976577	1	0	1	0	0	0	0
AF	0	0.977514	2	1	1	0	0	0	0
AF	0	0.980949	1	0	1	0	0	0	0
AF	0	0.981574	2	2	0	0	0	0	0
AF	0	0.982199	2	2	0	0	0	0	0
AF	0	0.984072	1	1	0	0	0	0	0
AF	0	0.987196	2	1	1	0	0	0	0
AF	0	0.988445	3	1	2	0	0	0	0
AF	0	0.988757	1	1	0	0	0	0	0
AF	0	0.989694	5	2	3	0	0	0	0
AF	0	0.990006	3	2	1	0	0	0	0
AF	0	0.990319	1	1	0	0	0	0	0
AF	0	0.990631	1	1	0	0	0	0	0
AF	0	0.991255	1	0	1	0	0	0	0
AF	0	0.991568	1	0	1	0	0	0	0
AF	0	0.991880	6	5	1	0	0	0	0
AF	0	0.993442	4	1	3	0	0	0	0
AF	0	0.993754	2	1	1	0	0	0	0
AF	0	0.994066	6	5	1	0	0	0	0
AF	0	0.994379	1	0	1	0	0	0	0
AF	0	0.994691	2	1	1	0	0	0	0
AF	0	0.995003	1	1	0	0	0	0	0
AF	0	0.995315	1	1	0	0	0	0	0
AF	0	0.995628	3	3	0	0	0	0	0
AF	0	0.995940	6	3	3	0	0	0	0
AF	0	0.996252	6	5	1	0	0	0	0
AF	0	0.996565	16	11	5	0	0	0	0
AF	0	0.997189	5	4	1	0	0	0	0
AF	0	0.997502	2	2	0	0	0	0	0
AF	0	0.997814	18	16	2	0	0	0	0
AF	0	0.998126	10	6	4	0	0	0	0
AF	0	0.998438	19	14	5	0	0	0	0
AF	0	0.998751	1	0	1	0	0	0	0
AF	0	0.999063	6	3	3	0	0	0	0
# QUAL, Stats by quality
# QUAL	[2]id	[3]Quality	[4]number of SNPs	[5]number of transitions (1st ALT)	[6]number of transversions (1st ALT)	[7]number of indels
QUAL	0	.	13133	9177	3956	0
# IDD, InDel distribution:
# IDD	[2]id	[3]length (deletions negative)	[4]number of sites	[5]number of genotypes	[6]mean VAF
# ST, Substitution types:
# ST	[2]id	[3]type	[4]count
ST	0	A>C	478
ST	0	A>G	1622
ST	0	A>T	415
ST	0	C>A	622
ST	0	C>G	537
ST	0	C>T	2967
ST	0	G>A	2831
ST	0	G>C	565
ST	0	G>T	502
ST	0	T>A	451
ST	0	T>C	1757
ST	0	T>G	386
# DP, Depth distribution
# DP	[2]id	[3]bin	[4]number of genotypes	[5]fraction of genotypes (%)	[6]number of sites	[7]fraction of sites (%)
  - Fix haploid genotypes in males...

Submit MakeDiploidMalesX finished successfully. Let's have a beer, buddy!

