Submit MakeDiploidMalesX
version 1.1.6 (2024-09-30)

These are the settings:
  Input file................: /hpc/local/Rocky8/dhl_ec/software/MonopogenLite/resources/1kGP_high_coverage_Illumina.SNVonly_poly.filtered_AF_5e-04.norm.fixvariantid.chrX.vcf.gz
  Output file...............: /hpc/local/Rocky8/dhl_ec/software/MonopogenLite/resources/1kGP_high_coverage_Illumina.SNVonly_poly.filtered_AF_5e-04.norm.fixvariantid.makediploid.chrX.vcf.gz
  Chunk size................: 100

  SLURM CPUs................: 4
  SLURM Array ID............: 70 (of 100)
  SLURM memory..............: 16G
  SLURM time................: 01:00:00
  SLURM mail type...........: FAIL
  SLURM mail user...........: s.w.vanderlaan-2@umcutrecht.nl

  Dry run mode..............: 0
  Debug mode................: 1
  Verbosity.................: 0
  Version...................: 1.1.6 (2024-09-30)

Making converting haploid genotypes to diploid genotypes.
> Extract the region for this SLURM task (# 70) from the BED file.
  - Get the chunk number from the SLURM array task ID and the bed file...
DEBUG: Extracting chunk number: 70p from 70
DEBUG: Extracting region from BED file: /hpc/local/Rocky8/dhl_ec/software/MonopogenLite/resources/chrX_100pieces.bed
  - Extract the region from the BED file...
DEBUG: Extracted raw region: 'chrX	107668153	109228560' (chunk #: 70p of 100 for job 70)
  - Check if a valid region was extracted -- should be 'chrX	107668153	109228560'...
  - Prepare the region for bcftools...
  - Check if the region (chrX:107668153-109228560) was successfully extracted...
> Processing region 'chrX:107668153-109228560'...
  - Process the specific region (chunk# 70) using bcftools view...
  - Index the VCF file...
DEBUG: Check if the VCF file was successfully processed...
##fileformat=VCFv4.2
##FILTER=<ID=PASS,Description="All filters passed">
##fileDate=29/01/2022 - 14:31:41
##source=shapeit4.2.2
##contig=<ID=chr1,length=248956422>
##contig=<ID=chr2,length=242193529>
##contig=<ID=chr3,length=198295559>
##contig=<ID=chr4,length=190214555>
##contig=<ID=chr5,length=181538259>
##contig=<ID=chr6,length=170805979>
# This file was produced by bcftools stats (1.20+htslib-1.20) and can be plotted using plot-vcfstats.
# The command line was:	bcftools stats  /hpc/local/Rocky8/dhl_ec/software/MonopogenLite/resources/chrX.part70.vcf.gz
#
# Definition of sets:
# ID	[2]id	[3]tab-separated file names
ID	0	/hpc/local/Rocky8/dhl_ec/software/MonopogenLite/resources/chrX.part70.vcf.gz
# SN, Summary numbers:
#   number of records   .. number of data rows in the VCF
#   number of no-ALTs   .. reference-only sites, ALT is either "." or identical to REF
#   number of SNPs      .. number of rows with a SNP
#   number of MNPs      .. number of rows with a MNP, such as CC>TT
#   number of indels    .. number of rows with an indel
#   number of others    .. number of rows with other type, for example a symbolic allele or
#                          a complex substitution, such as ACT>TCGA
#   number of multiallelic sites     .. number of rows with multiple alternate alleles
#   number of multiallelic SNP sites .. number of rows with multiple alternate alleles, all SNPs
# 
#   Note that rows containing multiple types will be counted multiple times, in each
#   counter. For example, a row with a SNP and an indel increments both the SNP and
#   the indel counter.
# 
# SN	[2]id	[3]key	[4]value
SN	0	number of samples:	3202
SN	0	number of records:	15355
SN	0	number of no-ALTs:	0
SN	0	number of SNPs:	15355
SN	0	number of MNPs:	0
SN	0	number of indels:	0
SN	0	number of others:	0
SN	0	number of multiallelic sites:	0
SN	0	number of multiallelic SNP sites:	0
# TSTV, transitions/transversions:
# TSTV	[2]id	[3]ts	[4]tv	[5]ts/tv	[6]ts (1st ALT)	[7]tv (1st ALT)	[8]ts/tv (1st ALT)
TSTV	0	10195	5160	1.98	10195	5160	1.98
# SiS, Singleton stats:
# SiS	[2]id	[3]allele count	[4]number of SNPs	[5]number of transitions	[6]number of transversions	[7]number of indels	[8]repeat-consistent	[9]repeat-inconsistent	[10]not applicable
SiS	0	1	0	0	0	0	0	0	0
# AF, Stats by non-reference allele frequency:
# AF	[2]id	[3]allele frequency	[4]number of SNPs	[5]number of transitions	[6]number of transversions	[7]number of indels	[8]repeat-consistent	[9]repeat-inconsistent	[10]not applicable
AF	0	0.000312	2469	1635	834	0	0	0	0
AF	0	0.000625	1727	1146	581	0	0	0	0
AF	0	0.000937	1848	1249	599	0	0	0	0
AF	0	0.001249	552	392	160	0	0	0	0
AF	0	0.001562	758	502	256	0	0	0	0
AF	0	0.001874	269	177	92	0	0	0	0
AF	0	0.002186	432	284	148	0	0	0	0
AF	0	0.002498	152	92	60	0	0	0	0
AF	0	0.002811	466	323	143	0	0	0	0
AF	0	0.003123	166	105	61	0	0	0	0
AF	0	0.003435	352	226	126	0	0	0	0
AF	0	0.003748	102	70	32	0	0	0	0
AF	0	0.004060	269	183	86	0	0	0	0
AF	0	0.004372	70	46	24	0	0	0	0
AF	0	0.004685	258	177	81	0	0	0	0
AF	0	0.004997	111	71	40	0	0	0	0
AF	0	0.005309	191	143	48	0	0	0	0
AF	0	0.005621	127	92	35	0	0	0	0
AF	0	0.005934	91	59	32	0	0	0	0
AF	0	0.006246	41	27	14	0	0	0	0
AF	0	0.006558	115	81	34	0	0	0	0
AF	0	0.006871	111	70	41	0	0	0	0
AF	0	0.007183	134	92	42	0	0	0	0
AF	0	0.007495	64	40	24	0	0	0	0
AF	0	0.007808	137	91	46	0	0	0	0
AF	0	0.008120	43	30	13	0	0	0	0
AF	0	0.008432	100	63	37	0	0	0	0
AF	0	0.008745	70	49	21	0	0	0	0
AF	0	0.009057	89	59	30	0	0	0	0
AF	0	0.009369	37	25	12	0	0	0	0
AF	0	0.009681	83	45	38	0	0	0	0
AF	0	0.009994	27	16	11	0	0	0	0
AF	0	0.010306	42	24	18	0	0	0	0
AF	0	0.010618	25	16	9	0	0	0	0
AF	0	0.010931	57	39	18	0	0	0	0
AF	0	0.011243	40	24	16	0	0	0	0
AF	0	0.011555	30	20	10	0	0	0	0
AF	0	0.011868	16	11	5	0	0	0	0
AF	0	0.012180	96	62	34	0	0	0	0
AF	0	0.012492	42	23	19	0	0	0	0
AF	0	0.012804	63	33	30	0	0	0	0
AF	0	0.013117	27	19	8	0	0	0	0
AF	0	0.013429	34	20	14	0	0	0	0
AF	0	0.013741	42	23	19	0	0	0	0
AF	0	0.014054	36	26	10	0	0	0	0
AF	0	0.014366	30	23	7	0	0	0	0
AF	0	0.014678	34	24	10	0	0	0	0
AF	0	0.014991	8	6	2	0	0	0	0
AF	0	0.015303	34	20	14	0	0	0	0
AF	0	0.015615	50	30	20	0	0	0	0
AF	0	0.015928	12	7	5	0	0	0	0
AF	0	0.016240	4	3	1	0	0	0	0
AF	0	0.016552	28	20	8	0	0	0	0
AF	0	0.016864	5	5	0	0	0	0	0
AF	0	0.017177	10	5	5	0	0	0	0
AF	0	0.017489	14	8	6	0	0	0	0
AF	0	0.017801	40	23	17	0	0	0	0
AF	0	0.018114	30	19	11	0	0	0	0
AF	0	0.018426	30	18	12	0	0	0	0
AF	0	0.018738	7	4	3	0	0	0	0
AF	0	0.019051	12	8	4	0	0	0	0
AF	0	0.019363	19	13	6	0	0	0	0
AF	0	0.019675	47	31	16	0	0	0	0
AF	0	0.019988	22	18	4	0	0	0	0
AF	0	0.020300	14	10	4	0	0	0	0
AF	0	0.020612	8	7	1	0	0	0	0
AF	0	0.020924	17	11	6	0	0	0	0
AF	0	0.021237	6	5	1	0	0	0	0
AF	0	0.021549	29	20	9	0	0	0	0
AF	0	0.021861	7	4	3	0	0	0	0
AF	0	0.022174	62	41	21	0	0	0	0
AF	0	0.022486	6	5	1	0	0	0	0
AF	0	0.022798	16	13	3	0	0	0	0
AF	0	0.023111	7	6	1	0	0	0	0
AF	0	0.023423	3	0	3	0	0	0	0
AF	0	0.023735	3	1	2	0	0	0	0
AF	0	0.024047	12	8	4	0	0	0	0
AF	0	0.024360	1	1	0	0	0	0	0
AF	0	0.024672	12	7	5	0	0	0	0
AF	0	0.024984	7	6	1	0	0	0	0
AF	0	0.025297	10	8	2	0	0	0	0
AF	0	0.025609	13	8	5	0	0	0	0
AF	0	0.025921	12	4	8	0	0	0	0
AF	0	0.026234	3	2	1	0	0	0	0
AF	0	0.026546	10	5	5	0	0	0	0
AF	0	0.026858	2	1	1	0	0	0	0
AF	0	0.027171	16	10	6	0	0	0	0
AF	0	0.027483	6	5	1	0	0	0	0
AF	0	0.027795	6	5	1	0	0	0	0
AF	0	0.028107	1	1	0	0	0	0	0
AF	0	0.028732	1	0	1	0	0	0	0
AF	0	0.029044	8	4	4	0	0	0	0
AF	0	0.029357	1	1	0	0	0	0	0
AF	0	0.029669	9	5	4	0	0	0	0
AF	0	0.029981	11	9	2	0	0	0	0
AF	0	0.030294	12	6	6	0	0	0	0
AF	0	0.030606	3	1	2	0	0	0	0
AF	0	0.030918	16	11	5	0	0	0	0
AF	0	0.031230	37	25	12	0	0	0	0
AF	0	0.031543	24	14	10	0	0	0	0
AF	0	0.031855	16	11	5	0	0	0	0
AF	0	0.032167	3	0	3	0	0	0	0
AF	0	0.032480	1	1	0	0	0	0	0
AF	0	0.032792	4	1	3	0	0	0	0
AF	0	0.033417	10	5	5	0	0	0	0
AF	0	0.033729	7	4	3	0	0	0	0
AF	0	0.034041	6	2	4	0	0	0	0
AF	0	0.034666	1	0	1	0	0	0	0
AF	0	0.034978	4	3	1	0	0	0	0
AF	0	0.035290	5	3	2	0	0	0	0
AF	0	0.035603	1	1	0	0	0	0	0
AF	0	0.035915	13	11	2	0	0	0	0
AF	0	0.036227	12	8	4	0	0	0	0
AF	0	0.036540	14	12	2	0	0	0	0
AF	0	0.036852	4	4	0	0	0	0	0
AF	0	0.037164	5	2	3	0	0	0	0
AF	0	0.037789	6	3	3	0	0	0	0
AF	0	0.038413	3	2	1	0	0	0	0
AF	0	0.039038	7	6	1	0	0	0	0
AF	0	0.039350	4	3	1	0	0	0	0
AF	0	0.039663	5	3	2	0	0	0	0
AF	0	0.039975	4	4	0	0	0	0	0
AF	0	0.040287	2	1	1	0	0	0	0
AF	0	0.040600	4	3	1	0	0	0	0
AF	0	0.040912	5	5	0	0	0	0	0
AF	0	0.041224	3	2	1	0	0	0	0
AF	0	0.041537	4	3	1	0	0	0	0
AF	0	0.041849	1	1	0	0	0	0	0
AF	0	0.042161	1	0	1	0	0	0	0
AF	0	0.042786	4	4	0	0	0	0	0
AF	0	0.043098	5	3	2	0	0	0	0
AF	0	0.043410	3	3	0	0	0	0	0
AF	0	0.043723	1	0	1	0	0	0	0
AF	0	0.044035	1	1	0	0	0	0	0
AF	0	0.044347	2	2	0	0	0	0	0
AF	0	0.044660	3	1	2	0	0	0	0
AF	0	0.044972	1	1	0	0	0	0	0
AF	0	0.045284	5	4	1	0	0	0	0
AF	0	0.045597	2	0	2	0	0	0	0
AF	0	0.045909	8	5	3	0	0	0	0
AF	0	0.046221	1	1	0	0	0	0	0
AF	0	0.046533	4	1	3	0	0	0	0
AF	0	0.046846	2	1	1	0	0	0	0
AF	0	0.047158	8	4	4	0	0	0	0
AF	0	0.047783	4	2	2	0	0	0	0
AF	0	0.048095	3	2	1	0	0	0	0
AF	0	0.048407	7	6	1	0	0	0	0
AF	0	0.048720	1	0	1	0	0	0	0
AF	0	0.049032	11	8	3	0	0	0	0
AF	0	0.049344	3	3	0	0	0	0	0
AF	0	0.049656	4	3	1	0	0	0	0
AF	0	0.049969	3	2	1	0	0	0	0
AF	0	0.050281	3	1	2	0	0	0	0
AF	0	0.050593	2	0	2	0	0	0	0
AF	0	0.050906	4	3	1	0	0	0	0
AF	0	0.051218	1	0	1	0	0	0	0
AF	0	0.051530	11	8	3	0	0	0	0
AF	0	0.051843	3	1	2	0	0	0	0
AF	0	0.052155	1	1	0	0	0	0	0
AF	0	0.052780	6	4	2	0	0	0	0
AF	0	0.053092	2	2	0	0	0	0	0
AF	0	0.053404	12	11	1	0	0	0	0
AF	0	0.054029	2	2	0	0	0	0	0
AF	0	0.054653	2	2	0	0	0	0	0
AF	0	0.055278	2	1	1	0	0	0	0
AF	0	0.055903	5	4	1	0	0	0	0
AF	0	0.056215	2	2	0	0	0	0	0
AF	0	0.056527	5	3	2	0	0	0	0
AF	0	0.056839	4	2	2	0	0	0	0
AF	0	0.057152	9	7	2	0	0	0	0
AF	0	0.057464	2	2	0	0	0	0	0
AF	0	0.057776	20	13	7	0	0	0	0
AF	0	0.058089	6	5	1	0	0	0	0
AF	0	0.058401	12	10	2	0	0	0	0
AF	0	0.059026	6	4	2	0	0	0	0
AF	0	0.059338	3	2	1	0	0	0	0
AF	0	0.059650	7	5	2	0	0	0	0
AF	0	0.059963	4	3	1	0	0	0	0
AF	0	0.060275	11	10	1	0	0	0	0
AF	0	0.060899	4	1	3	0	0	0	0
AF	0	0.061524	5	4	1	0	0	0	0
AF	0	0.061836	3	2	1	0	0	0	0
AF	0	0.062149	2	1	1	0	0	0	0
AF	0	0.062461	1	1	0	0	0	0	0
AF	0	0.062773	2	1	1	0	0	0	0
AF	0	0.063398	1	1	0	0	0	0	0
AF	0	0.064022	2	1	1	0	0	0	0
AF	0	0.064335	1	0	1	0	0	0	0
AF	0	0.064647	3	1	2	0	0	0	0
AF	0	0.064959	1	1	0	0	0	0	0
AF	0	0.065272	2	2	0	0	0	0	0
AF	0	0.065584	2	2	0	0	0	0	0
AF	0	0.065896	2	1	1	0	0	0	0
AF	0	0.066209	4	4	0	0	0	0	0
AF	0	0.066521	2	1	1	0	0	0	0
AF	0	0.066833	13	13	0	0	0	0	0
AF	0	0.067146	6	4	2	0	0	0	0
AF	0	0.068082	1	0	1	0	0	0	0
AF	0	0.068395	3	2	1	0	0	0	0
AF	0	0.069019	5	3	2	0	0	0	0
AF	0	0.069332	2	1	1	0	0	0	0
AF	0	0.069644	13	9	4	0	0	0	0
AF	0	0.069956	2	0	2	0	0	0	0
AF	0	0.070269	5	1	4	0	0	0	0
AF	0	0.070581	3	3	0	0	0	0	0
AF	0	0.070893	2	1	1	0	0	0	0
AF	0	0.071518	1	1	0	0	0	0	0
AF	0	0.071830	4	2	2	0	0	0	0
AF	0	0.072142	1	1	0	0	0	0	0
AF	0	0.072455	1	0	1	0	0	0	0
AF	0	0.072767	1	0	1	0	0	0	0
AF	0	0.073079	1	1	0	0	0	0	0
AF	0	0.073392	11	6	5	0	0	0	0
AF	0	0.073704	1	1	0	0	0	0	0
AF	0	0.074016	2	2	0	0	0	0	0
AF	0	0.074329	1	0	1	0	0	0	0
AF	0	0.074953	1	1	0	0	0	0	0
AF	0	0.075265	22	13	9	0	0	0	0
AF	0	0.076515	1	1	0	0	0	0	0
AF	0	0.077139	9	5	4	0	0	0	0
AF	0	0.077452	1	1	0	0	0	0	0
AF	0	0.077764	3	3	0	0	0	0	0
AF	0	0.078076	1	1	0	0	0	0	0
AF	0	0.078389	3	2	1	0	0	0	0
AF	0	0.078701	1	1	0	0	0	0	0
AF	0	0.079013	3	1	2	0	0	0	0
AF	0	0.079325	8	4	4	0	0	0	0
AF	0	0.079638	6	5	1	0	0	0	0
AF	0	0.079950	5	3	2	0	0	0	0
AF	0	0.080262	4	4	0	0	0	0	0
AF	0	0.080575	2	2	0	0	0	0	0
AF	0	0.080887	2	1	1	0	0	0	0
AF	0	0.081199	1	1	0	0	0	0	0
AF	0	0.081512	2	1	1	0	0	0	0
AF	0	0.082448	1	0	1	0	0	0	0
AF	0	0.082761	1	0	1	0	0	0	0
AF	0	0.083073	1	1	0	0	0	0	0
AF	0	0.083698	2	2	0	0	0	0	0
AF	0	0.084010	1	0	1	0	0	0	0
AF	0	0.084322	2	1	1	0	0	0	0
AF	0	0.084635	2	1	1	0	0	0	0
AF	0	0.084947	1	0	1	0	0	0	0
AF	0	0.085259	6	6	0	0	0	0	0
AF	0	0.085572	4	2	2	0	0	0	0
AF	0	0.085884	4	2	2	0	0	0	0
AF	0	0.086196	3	3	0	0	0	0	0
AF	0	0.087133	3	2	1	0	0	0	0
AF	0	0.087758	1	1	0	0	0	0	0
AF	0	0.088070	4	4	0	0	0	0	0
AF	0	0.088382	9	5	4	0	0	0	0
AF	0	0.089007	7	6	1	0	0	0	0
AF	0	0.089319	4	3	1	0	0	0	0
AF	0	0.089631	2	2	0	0	0	0	0
AF	0	0.089944	6	4	2	0	0	0	0
AF	0	0.090256	6	3	3	0	0	0	0
AF	0	0.090568	8	4	4	0	0	0	0
AF	0	0.090881	2	1	1	0	0	0	0
AF	0	0.091193	4	2	2	0	0	0	0
AF	0	0.091505	2	1	1	0	0	0	0
AF	0	0.091818	7	6	1	0	0	0	0
AF	0	0.092130	6	5	1	0	0	0	0
AF	0	0.092442	5	5	0	0	0	0	0
AF	0	0.092755	1	0	1	0	0	0	0
AF	0	0.093379	10	8	2	0	0	0	0
AF	0	0.093691	1	1	0	0	0	0	0
AF	0	0.094004	4	4	0	0	0	0	0
AF	0	0.094628	1	1	0	0	0	0	0
AF	0	0.094941	3	3	0	0	0	0	0
AF	0	0.095253	12	9	3	0	0	0	0
AF	0	0.095878	4	2	2	0	0	0	0
AF	0	0.096190	2	2	0	0	0	0	0
AF	0	0.096502	2	0	2	0	0	0	0
AF	0	0.097127	1	1	0	0	0	0	0
AF	0	0.097439	2	2	0	0	0	0	0
AF	0	0.098376	1	0	1	0	0	0	0
AF	0	0.098688	4	3	1	0	0	0	0
AF	0	0.099001	1	0	1	0	0	0	0
AF	0	0.099313	2	0	2	0	0	0	0
AF	0	0.099625	2	1	1	0	0	0	0
AF	0	0.099938	3	0	3	0	0	0	0
AF	0	0.100874	1	1	0	0	0	0	0
AF	0	0.101499	1	1	0	0	0	0	0
AF	0	0.101811	1	1	0	0	0	0	0
AF	0	0.102436	3	1	2	0	0	0	0
AF	0	0.103373	2	1	1	0	0	0	0
AF	0	0.103685	1	1	0	0	0	0	0
AF	0	0.104622	4	2	2	0	0	0	0
AF	0	0.104934	11	8	3	0	0	0	0
AF	0	0.105247	3	1	2	0	0	0	0
AF	0	0.105559	2	1	1	0	0	0	0
AF	0	0.106184	1	1	0	0	0	0	0
AF	0	0.106496	1	0	1	0	0	0	0
AF	0	0.106808	1	0	1	0	0	0	0
AF	0	0.108057	1	0	1	0	0	0	0
AF	0	0.109619	4	2	2	0	0	0	0
AF	0	0.110868	1	0	1	0	0	0	0
AF	0	0.112117	6	4	2	0	0	0	0
AF	0	0.112430	14	5	9	0	0	0	0
AF	0	0.112742	5	3	2	0	0	0	0
AF	0	0.115240	1	1	0	0	0	0	0
AF	0	0.115553	5	4	1	0	0	0	0
AF	0	0.115865	9	4	5	0	0	0	0
AF	0	0.116177	3	1	2	0	0	0	0
AF	0	0.116490	1	0	1	0	0	0	0
AF	0	0.116802	13	7	6	0	0	0	0
AF	0	0.117114	2	2	0	0	0	0	0
AF	0	0.117427	1	1	0	0	0	0	0
AF	0	0.117739	1	1	0	0	0	0	0
AF	0	0.118051	5	1	4	0	0	0	0
AF	0	0.118364	1	1	0	0	0	0	0
AF	0	0.119925	2	0	2	0	0	0	0
AF	0	0.120550	5	2	3	0	0	0	0
AF	0	0.120862	2	1	1	0	0	0	0
AF	0	0.121174	2	2	0	0	0	0	0
AF	0	0.121487	1	1	0	0	0	0	0
AF	0	0.121799	1	0	1	0	0	0	0
AF	0	0.122423	2	1	1	0	0	0	0
AF	0	0.122736	1	0	1	0	0	0	0
AF	0	0.123048	4	4	0	0	0	0	0
AF	0	0.123360	1	1	0	0	0	0	0
AF	0	0.123985	1	1	0	0	0	0	0
AF	0	0.125547	8	4	4	0	0	0	0
AF	0	0.126171	1	0	1	0	0	0	0
AF	0	0.129919	1	1	0	0	0	0	0
AF	0	0.130856	1	0	1	0	0	0	0
AF	0	0.131168	1	1	0	0	0	0	0
AF	0	0.131793	2	2	0	0	0	0	0
AF	0	0.132417	1	0	1	0	0	0	0
AF	0	0.132730	2	1	1	0	0	0	0
AF	0	0.133354	2	2	0	0	0	0	0
AF	0	0.133666	34	22	12	0	0	0	0
AF	0	0.133979	2	1	1	0	0	0	0
AF	0	0.134603	1	1	0	0	0	0	0
AF	0	0.135228	1	1	0	0	0	0	0
AF	0	0.135853	1	0	1	0	0	0	0
AF	0	0.136165	1	0	1	0	0	0	0
AF	0	0.136790	23	14	9	0	0	0	0
AF	0	0.137102	1	1	0	0	0	0	0
AF	0	0.137414	1	1	0	0	0	0	0
AF	0	0.139913	1	1	0	0	0	0	0
AF	0	0.140537	2	0	2	0	0	0	0
AF	0	0.141786	5	3	2	0	0	0	0
AF	0	0.144597	1	0	1	0	0	0	0
AF	0	0.146783	2	1	1	0	0	0	0
AF	0	0.147408	1	0	1	0	0	0	0
AF	0	0.148657	1	0	1	0	0	0	0
AF	0	0.148969	1	0	1	0	0	0	0
AF	0	0.149282	1	1	0	0	0	0	0
AF	0	0.150219	1	1	0	0	0	0	0
AF	0	0.151468	1	0	1	0	0	0	0
AF	0	0.152405	2	1	1	0	0	0	0
AF	0	0.152717	1	0	1	0	0	0	0
AF	0	0.153029	2	1	1	0	0	0	0
AF	0	0.154279	1	0	1	0	0	0	0
AF	0	0.155215	1	1	0	0	0	0	0
AF	0	0.155840	1	1	0	0	0	0	0
AF	0	0.156777	2	2	0	0	0	0	0
AF	0	0.157089	1	0	1	0	0	0	0
AF	0	0.157402	22	14	8	0	0	0	0
AF	0	0.157714	50	37	13	0	0	0	0
AF	0	0.158026	94	64	30	0	0	0	0
AF	0	0.158339	20	10	10	0	0	0	0
AF	0	0.158651	8	5	3	0	0	0	0
AF	0	0.159275	14	9	5	0	0	0	0
AF	0	0.159588	3	2	1	0	0	0	0
AF	0	0.159900	1	1	0	0	0	0	0
AF	0	0.160525	1	0	1	0	0	0	0
AF	0	0.166458	1	1	0	0	0	0	0
AF	0	0.167083	1	1	0	0	0	0	0
AF	0	0.167708	1	1	0	0	0	0	0
AF	0	0.168957	1	1	0	0	0	0	0
AF	0	0.169894	1	1	0	0	0	0	0
AF	0	0.170831	1	0	1	0	0	0	0
AF	0	0.172705	1	1	0	0	0	0	0
AF	0	0.173017	1	1	0	0	0	0	0
AF	0	0.173641	1	1	0	0	0	0	0
AF	0	0.175515	1	1	0	0	0	0	0
AF	0	0.176140	1	0	1	0	0	0	0
AF	0	0.177077	1	0	1	0	0	0	0
AF	0	0.177701	2	2	0	0	0	0	0
AF	0	0.178014	1	1	0	0	0	0	0
AF	0	0.178326	1	1	0	0	0	0	0
AF	0	0.178638	1	1	0	0	0	0	0
AF	0	0.179263	1	1	0	0	0	0	0
AF	0	0.180824	1	1	0	0	0	0	0
AF	0	0.181137	1	0	1	0	0	0	0
AF	0	0.182386	2	2	0	0	0	0	0
AF	0	0.183011	1	1	0	0	0	0	0
AF	0	0.183948	2	2	0	0	0	0	0
AF	0	0.187071	1	0	1	0	0	0	0
AF	0	0.188944	1	0	1	0	0	0	0
AF	0	0.189257	2	1	1	0	0	0	0
AF	0	0.189569	1	1	0	0	0	0	0
AF	0	0.192067	1	1	0	0	0	0	0
AF	0	0.193941	2	2	0	0	0	0	0
AF	0	0.196127	3	3	0	0	0	0	0
AF	0	0.198626	1	1	0	0	0	0	0
AF	0	0.199875	1	0	1	0	0	0	0
AF	0	0.205184	1	1	0	0	0	0	0
AF	0	0.205497	1	1	0	0	0	0	0
AF	0	0.206121	1	0	1	0	0	0	0
AF	0	0.209244	1	1	0	0	0	0	0
AF	0	0.209869	1	0	1	0	0	0	0
AF	0	0.212055	5	3	2	0	0	0	0
AF	0	0.212367	4	4	0	0	0	0	0
AF	0	0.212680	1	0	1	0	0	0	0
AF	0	0.213304	1	1	0	0	0	0	0
AF	0	0.215490	1	0	1	0	0	0	0
AF	0	0.217676	1	1	0	0	0	0	0
AF	0	0.217989	1	1	0	0	0	0	0
AF	0	0.218301	1	1	0	0	0	0	0
AF	0	0.218613	2	1	1	0	0	0	0
AF	0	0.219863	1	0	1	0	0	0	0
AF	0	0.220800	4	3	1	0	0	0	0
AF	0	0.221112	5	3	2	0	0	0	0
AF	0	0.221424	2	1	1	0	0	0	0
AF	0	0.222361	1	1	0	0	0	0	0
AF	0	0.222673	3	2	1	0	0	0	0
AF	0	0.227046	1	1	0	0	0	0	0
AF	0	0.227670	1	1	0	0	0	0	0
AF	0	0.228295	1	1	0	0	0	0	0
AF	0	0.228607	1	0	1	0	0	0	0
AF	0	0.228919	1	0	1	0	0	0	0
AF	0	0.229544	1	0	1	0	0	0	0
AF	0	0.230793	3	1	2	0	0	0	0
AF	0	0.231106	3	2	1	0	0	0	0
AF	0	0.231418	4	2	2	0	0	0	0
AF	0	0.232042	6	3	3	0	0	0	0
AF	0	0.232355	6	4	2	0	0	0	0
AF	0	0.232667	5	3	2	0	0	0	0
AF	0	0.232979	1	0	1	0	0	0	0
AF	0	0.233292	4	2	2	0	0	0	0
AF	0	0.233604	5	5	0	0	0	0	0
AF	0	0.234229	1	1	0	0	0	0	0
AF	0	0.234541	2	1	1	0	0	0	0
AF	0	0.242349	1	1	0	0	0	0	0
AF	0	0.243598	1	1	0	0	0	0	0
AF	0	0.250156	3	1	2	0	0	0	0
AF	0	0.252030	1	1	0	0	0	0	0
AF	0	0.252342	1	1	0	0	0	0	0
AF	0	0.253279	2	0	2	0	0	0	0
AF	0	0.254528	1	1	0	0	0	0	0
AF	0	0.257339	1	1	0	0	0	0	0
AF	0	0.258901	1	1	0	0	0	0	0
AF	0	0.260150	1	0	1	0	0	0	0
AF	0	0.260775	1	0	1	0	0	0	0
AF	0	0.261399	2	0	2	0	0	0	0
AF	0	0.263273	1	0	1	0	0	0	0
AF	0	0.263585	4	2	2	0	0	0	0
AF	0	0.263898	12	8	4	0	0	0	0
AF	0	0.264210	3	2	1	0	0	0	0
AF	0	0.267333	1	1	0	0	0	0	0
AF	0	0.267958	1	1	0	0	0	0	0
AF	0	0.272017	1	0	1	0	0	0	0
AF	0	0.276702	1	1	0	0	0	0	0
AF	0	0.282011	2	1	1	0	0	0	0
AF	0	0.283260	1	0	1	0	0	0	0
AF	0	0.285447	1	1	0	0	0	0	0
AF	0	0.287320	1	1	0	0	0	0	0
AF	0	0.287633	2	1	1	0	0	0	0
AF	0	0.287945	1	0	1	0	0	0	0
AF	0	0.288882	2	2	0	0	0	0	0
AF	0	0.289194	1	1	0	0	0	0	0
AF	0	0.289507	1	0	1	0	0	0	0
AF	0	0.289819	2	1	1	0	0	0	0
AF	0	0.290131	1	0	1	0	0	0	0
AF	0	0.290443	1	0	1	0	0	0	0
AF	0	0.290756	1	1	0	0	0	0	0
AF	0	0.291693	1	0	1	0	0	0	0
AF	0	0.292005	2	1	1	0	0	0	0
AF	0	0.292317	1	0	1	0	0	0	0
AF	0	0.292630	2	2	0	0	0	0	0
AF	0	0.292942	1	0	1	0	0	0	0
AF	0	0.293254	2	2	0	0	0	0	0
AF	0	0.294503	1	1	0	0	0	0	0
AF	0	0.294816	1	1	0	0	0	0	0
AF	0	0.295128	1	1	0	0	0	0	0
AF	0	0.295753	1	0	1	0	0	0	0
AF	0	0.296377	1	0	1	0	0	0	0
AF	0	0.296690	1	0	1	0	0	0	0
AF	0	0.297002	2	2	0	0	0	0	0
AF	0	0.298876	2	2	0	0	0	0	0
AF	0	0.299500	1	0	1	0	0	0	0
AF	0	0.299813	1	0	1	0	0	0	0
AF	0	0.301062	1	0	1	0	0	0	0
AF	0	0.303248	1	0	1	0	0	0	0
AF	0	0.304809	1	1	0	0	0	0	0
AF	0	0.305434	3	2	1	0	0	0	0
AF	0	0.306996	1	0	1	0	0	0	0
AF	0	0.309494	1	1	0	0	0	0	0
AF	0	0.311056	2	0	2	0	0	0	0
AF	0	0.311368	6	3	3	0	0	0	0
AF	0	0.311680	2	2	0	0	0	0	0
AF	0	0.311993	7	6	1	0	0	0	0
AF	0	0.312305	1	0	1	0	0	0	0
AF	0	0.312617	3	3	0	0	0	0	0
AF	0	0.313242	6	5	1	0	0	0	0
AF	0	0.313866	1	1	0	0	0	0	0
AF	0	0.314491	1	0	1	0	0	0	0
AF	0	0.315740	1	1	0	0	0	0	0
AF	0	0.316989	1	0	1	0	0	0	0
AF	0	0.317614	1	1	0	0	0	0	0
AF	0	0.318239	1	1	0	0	0	0	0
AF	0	0.321362	1	1	0	0	0	0	0
AF	0	0.321674	2	1	1	0	0	0	0
AF	0	0.321986	9	6	3	0	0	0	0
AF	0	0.322299	1	1	0	0	0	0	0
AF	0	0.322611	1	0	1	0	0	0	0
AF	0	0.322923	1	1	0	0	0	0	0
AF	0	0.323860	4	3	1	0	0	0	0
AF	0	0.324172	2	1	1	0	0	0	0
AF	0	0.324485	3	1	2	0	0	0	0
AF	0	0.326046	2	2	0	0	0	0	0
AF	0	0.326359	1	1	0	0	0	0	0
AF	0	0.326671	1	0	1	0	0	0	0
AF	0	0.329482	1	1	0	0	0	0	0
AF	0	0.330106	2	2	0	0	0	0	0
AF	0	0.330418	2	1	1	0	0	0	0
AF	0	0.331355	6	4	2	0	0	0	0
AF	0	0.331668	5	5	0	0	0	0	0
AF	0	0.332292	1	1	0	0	0	0	0
AF	0	0.332605	1	1	0	0	0	0	0
AF	0	0.333229	1	0	1	0	0	0	0
AF	0	0.334166	1	1	0	0	0	0	0
AF	0	0.334791	3	2	1	0	0	0	0
AF	0	0.339788	1	1	0	0	0	0	0
AF	0	0.341037	1	1	0	0	0	0	0
AF	0	0.341974	1	1	0	0	0	0	0
AF	0	0.342286	2	2	0	0	0	0	0
AF	0	0.342598	2	1	1	0	0	0	0
AF	0	0.342911	5	4	1	0	0	0	0
AF	0	0.343223	2	2	0	0	0	0	0
AF	0	0.343848	2	0	2	0	0	0	0
AF	0	0.344160	2	1	1	0	0	0	0
AF	0	0.344785	1	0	1	0	0	0	0
AF	0	0.345409	4	2	2	0	0	0	0
AF	0	0.345721	2	2	0	0	0	0	0
AF	0	0.346034	1	1	0	0	0	0	0
AF	0	0.346346	1	1	0	0	0	0	0
AF	0	0.346658	5	3	2	0	0	0	0
AF	0	0.347595	6	4	2	0	0	0	0
AF	0	0.347908	3	1	2	0	0	0	0
AF	0	0.348220	1	0	1	0	0	0	0
AF	0	0.348532	1	1	0	0	0	0	0
AF	0	0.348844	1	0	1	0	0	0	0
AF	0	0.349781	2	2	0	0	0	0	0
AF	0	0.350406	3	2	1	0	0	0	0
AF	0	0.351031	1	1	0	0	0	0	0
AF	0	0.351655	1	1	0	0	0	0	0
AF	0	0.352280	1	0	1	0	0	0	0
AF	0	0.352904	1	1	0	0	0	0	0
AF	0	0.353529	1	0	1	0	0	0	0
AF	0	0.356340	1	1	0	0	0	0	0
AF	0	0.357901	1	0	1	0	0	0	0
AF	0	0.358526	1	0	1	0	0	0	0
AF	0	0.362898	1	0	1	0	0	0	0
AF	0	0.367270	6	5	1	0	0	0	0
AF	0	0.367583	2	1	1	0	0	0	0
AF	0	0.367895	4	2	2	0	0	0	0
AF	0	0.368520	3	0	3	0	0	0	0
AF	0	0.369144	5	4	1	0	0	0	0
AF	0	0.369457	1	1	0	0	0	0	0
AF	0	0.369769	5	4	1	0	0	0	0
AF	0	0.370394	2	2	0	0	0	0	0
AF	0	0.374141	1	1	0	0	0	0	0
AF	0	0.374766	1	1	0	0	0	0	0
AF	0	0.376327	1	0	1	0	0	0	0
AF	0	0.377264	1	1	0	0	0	0	0
AF	0	0.378513	1	1	0	0	0	0	0
AF	0	0.380700	1	1	0	0	0	0	0
AF	0	0.381012	1	1	0	0	0	0	0
AF	0	0.381949	1	1	0	0	0	0	0
AF	0	0.382886	1	1	0	0	0	0	0
AF	0	0.384135	2	1	1	0	0	0	0
AF	0	0.384447	1	1	0	0	0	0	0
AF	0	0.384760	4	3	1	0	0	0	0
AF	0	0.385384	1	1	0	0	0	0	0
AF	0	0.385696	1	1	0	0	0	0	0
AF	0	0.386009	1	0	1	0	0	0	0
AF	0	0.386633	3	1	2	0	0	0	0
AF	0	0.386946	1	0	1	0	0	0	0
AF	0	0.387258	1	1	0	0	0	0	0
AF	0	0.387883	1	1	0	0	0	0	0
AF	0	0.388819	1	1	0	0	0	0	0
AF	0	0.389132	1	1	0	0	0	0	0
AF	0	0.389444	3	1	2	0	0	0	0
AF	0	0.389756	5	2	3	0	0	0	0
AF	0	0.391006	1	1	0	0	0	0	0
AF	0	0.392255	2	2	0	0	0	0	0
AF	0	0.392879	3	1	2	0	0	0	0
AF	0	0.393192	3	1	2	0	0	0	0
AF	0	0.393504	5	3	2	0	0	0	0
AF	0	0.393816	1	0	1	0	0	0	0
AF	0	0.394129	3	2	1	0	0	0	0
AF	0	0.394441	1	0	1	0	0	0	0
AF	0	0.394753	5	4	1	0	0	0	0
AF	0	0.395066	1	1	0	0	0	0	0
AF	0	0.395378	2	2	0	0	0	0	0
AF	0	0.396002	2	1	1	0	0	0	0
AF	0	0.396627	4	2	2	0	0	0	0
AF	0	0.396939	1	1	0	0	0	0	0
AF	0	0.397252	4	3	1	0	0	0	0
AF	0	0.397564	2	1	1	0	0	0	0
AF	0	0.397876	2	2	0	0	0	0	0
AF	0	0.398189	6	4	2	0	0	0	0
AF	0	0.398501	8	6	2	0	0	0	0
AF	0	0.398813	1	1	0	0	0	0	0
AF	0	0.399126	1	1	0	0	0	0	0
AF	0	0.399750	1	1	0	0	0	0	0
AF	0	0.400687	1	1	0	0	0	0	0
AF	0	0.400999	1	0	1	0	0	0	0
AF	0	0.401312	1	1	0	0	0	0	0
AF	0	0.401624	1	1	0	0	0	0	0
AF	0	0.402873	1	1	0	0	0	0	0
AF	0	0.416927	1	1	0	0	0	0	0
AF	0	0.421611	1	1	0	0	0	0	0
AF	0	0.421924	1	1	0	0	0	0	0
AF	0	0.423798	2	1	1	0	0	0	0
AF	0	0.424110	2	2	0	0	0	0	0
AF	0	0.424735	7	5	2	0	0	0	0
AF	0	0.425984	1	1	0	0	0	0	0
AF	0	0.428170	1	1	0	0	0	0	0
AF	0	0.428482	2	2	0	0	0	0	0
AF	0	0.429107	3	3	0	0	0	0	0
AF	0	0.429419	1	1	0	0	0	0	0
AF	0	0.429731	3	1	2	0	0	0	0
AF	0	0.430044	7	3	4	0	0	0	0
AF	0	0.430356	5	4	1	0	0	0	0
AF	0	0.430668	4	4	0	0	0	0	0
AF	0	0.430981	5	4	1	0	0	0	0
AF	0	0.431293	1	0	1	0	0	0	0
AF	0	0.431605	3	1	2	0	0	0	0
AF	0	0.431918	4	3	1	0	0	0	0
AF	0	0.432230	10	5	5	0	0	0	0
AF	0	0.432542	8	7	1	0	0	0	0
AF	0	0.432854	9	4	5	0	0	0	0
AF	0	0.433167	1	0	1	0	0	0	0
AF	0	0.433479	4	2	2	0	0	0	0
AF	0	0.434104	2	1	1	0	0	0	0
AF	0	0.440350	1	1	0	0	0	0	0
AF	0	0.441599	4	3	1	0	0	0	0
AF	0	0.441911	3	2	1	0	0	0	0
AF	0	0.442224	1	1	0	0	0	0	0
AF	0	0.442536	6	2	4	0	0	0	0
AF	0	0.442848	4	1	3	0	0	0	0
AF	0	0.443473	1	0	1	0	0	0	0
AF	0	0.444097	2	2	0	0	0	0	0
AF	0	0.444410	1	1	0	0	0	0	0
AF	0	0.446284	2	2	0	0	0	0	0
AF	0	0.446908	7	7	0	0	0	0	0
AF	0	0.447220	3	2	1	0	0	0	0
AF	0	0.447533	2	1	1	0	0	0	0
AF	0	0.448782	2	1	1	0	0	0	0
AF	0	0.449094	2	1	1	0	0	0	0
AF	0	0.449407	5	2	3	0	0	0	0
AF	0	0.449719	2	2	0	0	0	0	0
AF	0	0.450031	2	2	0	0	0	0	0
AF	0	0.450344	2	2	0	0	0	0	0
AF	0	0.450656	3	1	2	0	0	0	0
AF	0	0.451593	1	1	0	0	0	0	0
AF	0	0.451905	3	2	1	0	0	0	0
AF	0	0.452217	1	1	0	0	0	0	0
AF	0	0.452530	2	2	0	0	0	0	0
AF	0	0.452842	3	3	0	0	0	0	0
AF	0	0.453154	1	1	0	0	0	0	0
AF	0	0.453467	3	1	2	0	0	0	0
AF	0	0.453779	4	1	3	0	0	0	0
AF	0	0.454091	1	0	1	0	0	0	0
AF	0	0.454403	6	5	1	0	0	0	0
AF	0	0.454716	4	3	1	0	0	0	0
AF	0	0.455028	3	2	1	0	0	0	0
AF	0	0.455340	2	1	1	0	0	0	0
AF	0	0.455653	1	0	1	0	0	0	0
AF	0	0.455965	3	2	1	0	0	0	0
AF	0	0.456277	1	1	0	0	0	0	0
AF	0	0.456590	1	1	0	0	0	0	0
AF	0	0.456902	3	3	0	0	0	0	0
AF	0	0.457214	3	2	1	0	0	0	0
AF	0	0.457527	7	5	2	0	0	0	0
AF	0	0.457839	2	1	1	0	0	0	0
AF	0	0.458151	2	1	1	0	0	0	0
AF	0	0.458463	1	1	0	0	0	0	0
AF	0	0.458776	4	2	2	0	0	0	0
AF	0	0.459713	2	1	1	0	0	0	0
AF	0	0.460025	4	3	1	0	0	0	0
AF	0	0.460337	1	1	0	0	0	0	0
AF	0	0.460650	4	2	2	0	0	0	0
AF	0	0.461274	1	1	0	0	0	0	0
AF	0	0.461587	2	2	0	0	0	0	0
AF	0	0.461899	11	5	6	0	0	0	0
AF	0	0.462211	3	3	0	0	0	0	0
AF	0	0.462523	6	5	1	0	0	0	0
AF	0	0.462836	4	3	1	0	0	0	0
AF	0	0.463148	2	2	0	0	0	0	0
AF	0	0.463773	4	3	1	0	0	0	0
AF	0	0.464085	5	3	2	0	0	0	0
AF	0	0.464397	1	1	0	0	0	0	0
AF	0	0.464710	1	0	1	0	0	0	0
AF	0	0.465022	1	1	0	0	0	0	0
AF	0	0.465334	1	1	0	0	0	0	0
AF	0	0.466271	4	4	0	0	0	0	0
AF	0	0.466583	1	0	1	0	0	0	0
AF	0	0.467520	6	5	1	0	0	0	0
AF	0	0.468145	1	1	0	0	0	0	0
AF	0	0.469394	1	0	1	0	0	0	0
AF	0	0.470643	5	3	2	0	0	0	0
AF	0	0.470956	3	1	2	0	0	0	0
AF	0	0.471268	2	2	0	0	0	0	0
AF	0	0.471580	3	2	1	0	0	0	0
AF	0	0.471893	2	2	0	0	0	0	0
AF	0	0.472205	2	2	0	0	0	0	0
AF	0	0.472517	1	1	0	0	0	0	0
AF	0	0.472829	2	2	0	0	0	0	0
AF	0	0.473142	3	1	2	0	0	0	0
AF	0	0.473454	1	1	0	0	0	0	0
AF	0	0.473766	16	12	4	0	0	0	0
AF	0	0.474079	7	4	3	0	0	0	0
AF	0	0.474391	13	9	4	0	0	0	0
AF	0	0.474703	2	1	1	0	0	0	0
AF	0	0.475016	1	1	0	0	0	0	0
AF	0	0.475328	2	1	1	0	0	0	0
AF	0	0.475640	1	0	1	0	0	0	0
AF	0	0.476265	1	1	0	0	0	0	0
AF	0	0.476577	1	1	0	0	0	0	0
AF	0	0.476889	2	2	0	0	0	0	0
AF	0	0.477202	3	2	1	0	0	0	0
AF	0	0.477514	2	0	2	0	0	0	0
AF	0	0.477826	1	1	0	0	0	0	0
AF	0	0.479076	1	1	0	0	0	0	0
AF	0	0.480012	1	1	0	0	0	0	0
AF	0	0.480325	1	1	0	0	0	0	0
AF	0	0.481262	1	0	1	0	0	0	0
AF	0	0.481886	1	1	0	0	0	0	0
AF	0	0.482823	1	1	0	0	0	0	0
AF	0	0.483760	2	1	1	0	0	0	0
AF	0	0.484072	3	3	0	0	0	0	0
AF	0	0.484385	1	1	0	0	0	0	0
AF	0	0.485009	2	2	0	0	0	0	0
AF	0	0.485946	1	0	1	0	0	0	0
AF	0	0.486259	1	1	0	0	0	0	0
AF	0	0.486571	1	0	1	0	0	0	0
AF	0	0.487820	1	1	0	0	0	0	0
AF	0	0.488132	1	1	0	0	0	0	0
AF	0	0.490006	1	0	1	0	0	0	0
AF	0	0.492192	3	2	1	0	0	0	0
AF	0	0.492505	3	2	1	0	0	0	0
AF	0	0.493129	1	0	1	0	0	0	0
AF	0	0.494379	1	1	0	0	0	0	0
AF	0	0.494691	1	1	0	0	0	0	0
AF	0	0.497502	2	2	0	0	0	0	0
AF	0	0.502186	1	0	1	0	0	0	0
AF	0	0.502498	1	0	1	0	0	0	0
AF	0	0.503123	1	1	0	0	0	0	0
AF	0	0.503748	2	1	1	0	0	0	0
AF	0	0.504372	1	0	1	0	0	0	0
AF	0	0.505621	2	2	0	0	0	0	0
AF	0	0.507495	3	3	0	0	0	0	0
AF	0	0.507808	3	2	1	0	0	0	0
AF	0	0.508120	4	3	1	0	0	0	0
AF	0	0.509369	2	1	1	0	0	0	0
AF	0	0.514678	1	1	0	0	0	0	0
AF	0	0.521861	1	0	1	0	0	0	0
AF	0	0.522174	4	2	2	0	0	0	0
AF	0	0.522486	9	4	5	0	0	0	0
AF	0	0.525921	1	1	0	0	0	0	0
AF	0	0.527171	1	1	0	0	0	0	0
AF	0	0.527483	5	2	3	0	0	0	0
AF	0	0.527795	1	1	0	0	0	0	0
AF	0	0.532792	3	1	2	0	0	0	0
AF	0	0.533104	3	3	0	0	0	0	0
AF	0	0.533417	1	1	0	0	0	0	0
AF	0	0.533729	3	0	3	0	0	0	0
AF	0	0.535603	2	1	1	0	0	0	0
AF	0	0.535915	2	2	0	0	0	0	0
AF	0	0.536227	1	1	0	0	0	0	0
AF	0	0.536852	8	5	3	0	0	0	0
AF	0	0.537164	1	0	1	0	0	0	0
AF	0	0.537477	3	3	0	0	0	0	0
AF	0	0.539975	1	1	0	0	0	0	0
AF	0	0.540287	1	0	1	0	0	0	0
AF	0	0.540600	1	1	0	0	0	0	0
AF	0	0.540912	1	1	0	0	0	0	0
AF	0	0.541224	2	1	1	0	0	0	0
AF	0	0.541537	2	1	1	0	0	0	0
AF	0	0.541849	5	3	2	0	0	0	0
AF	0	0.542161	2	1	1	0	0	0	0
AF	0	0.542473	1	1	0	0	0	0	0
AF	0	0.543098	1	0	1	0	0	0	0
AF	0	0.546221	1	1	0	0	0	0	0
AF	0	0.547470	2	2	0	0	0	0	0
AF	0	0.550281	1	1	0	0	0	0	0
AF	0	0.550906	1	1	0	0	0	0	0
AF	0	0.551218	2	2	0	0	0	0	0
AF	0	0.551530	2	1	1	0	0	0	0
AF	0	0.553092	2	1	1	0	0	0	0
AF	0	0.553404	1	0	1	0	0	0	0
AF	0	0.553716	1	0	1	0	0	0	0
AF	0	0.557464	2	2	0	0	0	0	0
AF	0	0.557776	1	1	0	0	0	0	0
AF	0	0.559650	1	1	0	0	0	0	0
AF	0	0.560275	5	3	2	0	0	0	0
AF	0	0.560587	3	2	1	0	0	0	0
AF	0	0.560899	9	4	5	0	0	0	0
AF	0	0.561212	5	3	2	0	0	0	0
AF	0	0.561524	1	1	0	0	0	0	0
AF	0	0.562149	1	1	0	0	0	0	0
AF	0	0.563398	2	2	0	0	0	0	0
AF	0	0.564022	3	1	2	0	0	0	0
AF	0	0.564647	4	2	2	0	0	0	0
AF	0	0.564959	2	0	2	0	0	0	0
AF	0	0.565272	6	5	1	0	0	0	0
AF	0	0.565896	3	3	0	0	0	0	0
AF	0	0.566209	2	2	0	0	0	0	0
AF	0	0.566521	3	3	0	0	0	0	0
AF	0	0.566833	2	2	0	0	0	0	0
AF	0	0.567146	22	13	9	0	0	0	0
AF	0	0.567458	20	16	4	0	0	0	0
AF	0	0.567770	21	18	3	0	0	0	0
AF	0	0.568082	6	2	4	0	0	0	0
AF	0	0.568395	3	3	0	0	0	0	0
AF	0	0.569019	4	2	2	0	0	0	0
AF	0	0.569332	1	0	1	0	0	0	0
AF	0	0.569644	2	0	2	0	0	0	0
AF	0	0.569956	1	1	0	0	0	0	0
AF	0	0.570581	2	1	1	0	0	0	0
AF	0	0.570893	4	2	2	0	0	0	0
AF	0	0.571205	1	0	1	0	0	0	0
AF	0	0.573079	1	0	1	0	0	0	0
AF	0	0.573392	1	1	0	0	0	0	0
AF	0	0.574016	1	1	0	0	0	0	0
AF	0	0.575265	1	1	0	0	0	0	0
AF	0	0.575890	2	1	1	0	0	0	0
AF	0	0.576202	1	1	0	0	0	0	0
AF	0	0.577452	3	0	3	0	0	0	0
AF	0	0.577764	3	3	0	0	0	0	0
AF	0	0.578076	1	1	0	0	0	0	0
AF	0	0.578389	1	1	0	0	0	0	0
AF	0	0.582448	2	2	0	0	0	0	0
AF	0	0.582761	4	3	1	0	0	0	0
AF	0	0.583073	1	0	1	0	0	0	0
AF	0	0.583385	1	1	0	0	0	0	0
AF	0	0.585259	2	0	2	0	0	0	0
AF	0	0.620237	1	1	0	0	0	0	0
AF	0	0.623360	1	1	0	0	0	0	0
AF	0	0.623985	1	0	1	0	0	0	0
AF	0	0.627108	1	1	0	0	0	0	0
AF	0	0.629294	1	1	0	0	0	0	0
AF	0	0.630231	2	2	0	0	0	0	0
AF	0	0.631793	2	1	1	0	0	0	0
AF	0	0.632105	2	1	1	0	0	0	0
AF	0	0.633666	1	1	0	0	0	0	0
AF	0	0.636165	1	1	0	0	0	0	0
AF	0	0.641474	1	1	0	0	0	0	0
AF	0	0.645846	1	1	0	0	0	0	0
AF	0	0.648032	1	0	1	0	0	0	0
AF	0	0.648657	1	0	1	0	0	0	0
AF	0	0.653966	1	1	0	0	0	0	0
AF	0	0.655215	1	1	0	0	0	0	0
AF	0	0.660212	1	1	0	0	0	0	0
AF	0	0.660525	1	1	0	0	0	0	0
AF	0	0.663335	1	1	0	0	0	0	0
AF	0	0.665834	2	2	0	0	0	0	0
AF	0	0.667395	1	0	1	0	0	0	0
AF	0	0.668020	1	1	0	0	0	0	0
AF	0	0.674266	1	0	1	0	0	0	0
AF	0	0.683635	1	1	0	0	0	0	0
AF	0	0.691443	1	0	1	0	0	0	0
AF	0	0.693629	1	1	0	0	0	0	0
AF	0	0.693941	1	1	0	0	0	0	0
AF	0	0.694878	1	0	1	0	0	0	0
AF	0	0.701749	1	1	0	0	0	0	0
AF	0	0.708620	1	1	0	0	0	0	0
AF	0	0.709244	3	2	1	0	0	0	0
AF	0	0.711430	1	1	0	0	0	0	0
AF	0	0.714241	1	1	0	0	0	0	0
AF	0	0.747658	1	0	1	0	0	0	0
AF	0	0.748907	1	0	1	0	0	0	0
AF	0	0.771081	2	2	0	0	0	0	0
AF	0	0.771705	3	2	1	0	0	0	0
AF	0	0.784197	1	1	0	0	0	0	0
AF	0	0.784510	1	0	1	0	0	0	0
AF	0	0.798251	1	0	1	0	0	0	0
AF	0	0.808245	1	1	0	0	0	0	0
AF	0	0.808869	1	1	0	0	0	0	0
AF	0	0.809494	2	1	1	0	0	0	0
AF	0	0.809806	1	0	1	0	0	0	0
AF	0	0.810119	1	1	0	0	0	0	0
AF	0	0.811993	1	0	1	0	0	0	0
AF	0	0.827295	1	0	1	0	0	0	0
AF	0	0.838226	1	1	0	0	0	0	0
AF	0	0.861337	5	3	2	0	0	0	0
AF	0	0.864772	1	0	1	0	0	0	0
AF	0	0.886321	1	1	0	0	0	0	0
AF	0	0.886633	1	1	0	0	0	0	0
AF	0	0.886946	4	2	2	0	0	0	0
AF	0	0.887258	1	0	1	0	0	0	0
AF	0	0.889132	1	1	0	0	0	0	0
AF	0	0.890381	1	0	1	0	0	0	0
AF	0	0.892255	1	0	1	0	0	0	0
AF	0	0.892567	2	2	0	0	0	0	0
AF	0	0.892879	5	3	2	0	0	0	0
AF	0	0.894441	1	1	0	0	0	0	0
AF	0	0.894753	1	1	0	0	0	0	0
AF	0	0.895690	1	0	1	0	0	0	0
AF	0	0.900687	1	1	0	0	0	0	0
AF	0	0.901624	4	4	0	0	0	0	0
AF	0	0.901936	1	0	1	0	0	0	0
AF	0	0.902249	5	2	3	0	0	0	0
AF	0	0.902561	7	6	1	0	0	0	0
AF	0	0.902873	1	1	0	0	0	0	0
AF	0	0.903186	5	3	2	0	0	0	0
AF	0	0.903498	3	1	2	0	0	0	0
AF	0	0.903810	1	1	0	0	0	0	0
AF	0	0.905372	2	0	2	0	0	0	0
AF	0	0.905996	6	3	3	0	0	0	0
AF	0	0.906309	2	2	0	0	0	0	0
AF	0	0.910369	1	1	0	0	0	0	0
AF	0	0.911618	1	0	1	0	0	0	0
AF	0	0.918176	1	1	0	0	0	0	0
AF	0	0.920987	1	1	0	0	0	0	0
AF	0	0.922861	1	1	0	0	0	0	0
AF	0	0.929731	1	1	0	0	0	0	0
AF	0	0.930981	1	1	0	0	0	0	0
AF	0	0.931293	2	0	2	0	0	0	0
AF	0	0.931918	1	1	0	0	0	0	0
AF	0	0.932854	1	1	0	0	0	0	0
AF	0	0.941287	1	0	1	0	0	0	0
AF	0	0.941599	1	0	1	0	0	0	0
AF	0	0.943161	1	0	1	0	0	0	0
AF	0	0.943473	1	1	0	0	0	0	0
AF	0	0.944097	1	1	0	0	0	0	0
AF	0	0.948157	1	1	0	0	0	0	0
AF	0	0.949407	1	0	1	0	0	0	0
AF	0	0.949719	1	1	0	0	0	0	0
AF	0	0.966583	1	1	0	0	0	0	0
AF	0	0.970331	1	1	0	0	0	0	0
AF	0	0.970956	1	1	0	0	0	0	0
AF	0	0.971580	1	0	1	0	0	0	0
AF	0	0.972829	1	1	0	0	0	0	0
AF	0	0.973142	1	1	0	0	0	0	0
AF	0	0.977202	1	1	0	0	0	0	0
AF	0	0.978451	3	2	1	0	0	0	0
AF	0	0.979700	2	1	1	0	0	0	0
AF	0	0.980949	5	1	4	0	0	0	0
AF	0	0.981574	1	1	0	0	0	0	0
AF	0	0.981886	1	0	1	0	0	0	0
AF	0	0.982199	1	0	1	0	0	0	0
AF	0	0.982823	2	2	0	0	0	0	0
AF	0	0.983136	3	2	1	0	0	0	0
AF	0	0.983448	1	1	0	0	0	0	0
AF	0	0.985946	1	1	0	0	0	0	0
AF	0	0.988132	1	1	0	0	0	0	0
AF	0	0.988445	1	1	0	0	0	0	0
AF	0	0.989694	1	1	0	0	0	0	0
AF	0	0.992817	1	0	1	0	0	0	0
AF	0	0.993754	1	1	0	0	0	0	0
AF	0	0.995940	1	0	1	0	0	0	0
AF	0	0.997189	1	0	1	0	0	0	0
AF	0	0.997502	2	1	1	0	0	0	0
AF	0	0.997814	3	3	0	0	0	0	0
AF	0	0.998438	2	2	0	0	0	0	0
AF	0	0.999063	2	2	0	0	0	0	0
# QUAL, Stats by quality
# QUAL	[2]id	[3]Quality	[4]number of SNPs	[5]number of transitions (1st ALT)	[6]number of transversions (1st ALT)	[7]number of indels
QUAL	0	.	15355	10195	5160	0
# IDD, InDel distribution:
# IDD	[2]id	[3]length (deletions negative)	[4]number of sites	[5]number of genotypes	[6]mean VAF
# ST, Substitution types:
# ST	[2]id	[3]type	[4]count
ST	0	A>C	597
ST	0	A>G	2136
ST	0	A>T	635
ST	0	C>A	834
ST	0	C>G	547
ST	0	C>T	3021
ST	0	G>A	2912
ST	0	G>C	562
ST	0	G>T	805
ST	0	T>A	637
ST	0	T>C	2126
ST	0	T>G	543
# DP, Depth distribution
# DP	[2]id	[3]bin	[4]number of genotypes	[5]fraction of genotypes (%)	[6]number of sites	[7]fraction of sites (%)
  - Fix haploid genotypes in males...

Submit MakeDiploidMalesX finished successfully. Let's have a beer, buddy!

