Submit MakeDiploidMalesX
version 1.1.6 (2024-09-30)

These are the settings:
  Input file................: /hpc/local/Rocky8/dhl_ec/software/MonopogenLite/resources/1kGP_high_coverage_Illumina.SNVonly_poly.filtered_AF_5e-04.norm.fixvariantid.chrX.vcf.gz
  Output file...............: /hpc/local/Rocky8/dhl_ec/software/MonopogenLite/resources/1kGP_high_coverage_Illumina.SNVonly_poly.filtered_AF_5e-04.norm.fixvariantid.makediploid.chrX.vcf.gz
  Chunk size................: 100

  SLURM CPUs................: 4
  SLURM Array ID............: 78 (of 100)
  SLURM memory..............: 16G
  SLURM time................: 01:00:00
  SLURM mail type...........: FAIL
  SLURM mail user...........: s.w.vanderlaan-2@umcutrecht.nl

  Dry run mode..............: 0
  Debug mode................: 1
  Verbosity.................: 0
  Version...................: 1.1.6 (2024-09-30)

Making converting haploid genotypes to diploid genotypes.
> Extract the region for this SLURM task (# 78) from the BED file.
  - Get the chunk number from the SLURM array task ID and the bed file...
DEBUG: Extracting chunk number: 78p from 78
DEBUG: Extracting region from BED file: /hpc/local/Rocky8/dhl_ec/software/MonopogenLite/resources/chrX_100pieces.bed
  - Extract the region from the BED file...
DEBUG: Extracted raw region: 'chrX	120151417	121711824' (chunk #: 78p of 100 for job 78)
  - Check if a valid region was extracted -- should be 'chrX	120151417	121711824'...
  - Prepare the region for bcftools...
  - Check if the region (chrX:120151417-121711824) was successfully extracted...
> Processing region 'chrX:120151417-121711824'...
  - Process the specific region (chunk# 78) using bcftools view...
  - Index the VCF file...
DEBUG: Check if the VCF file was successfully processed...
##fileformat=VCFv4.2
##FILTER=<ID=PASS,Description="All filters passed">
##fileDate=29/01/2022 - 14:31:41
##source=shapeit4.2.2
##contig=<ID=chr1,length=248956422>
##contig=<ID=chr2,length=242193529>
##contig=<ID=chr3,length=198295559>
##contig=<ID=chr4,length=190214555>
##contig=<ID=chr5,length=181538259>
##contig=<ID=chr6,length=170805979>
# This file was produced by bcftools stats (1.20+htslib-1.20) and can be plotted using plot-vcfstats.
# The command line was:	bcftools stats  /hpc/local/Rocky8/dhl_ec/software/MonopogenLite/resources/chrX.part78.vcf.gz
#
# Definition of sets:
# ID	[2]id	[3]tab-separated file names
ID	0	/hpc/local/Rocky8/dhl_ec/software/MonopogenLite/resources/chrX.part78.vcf.gz
# SN, Summary numbers:
#   number of records   .. number of data rows in the VCF
#   number of no-ALTs   .. reference-only sites, ALT is either "." or identical to REF
#   number of SNPs      .. number of rows with a SNP
#   number of MNPs      .. number of rows with a MNP, such as CC>TT
#   number of indels    .. number of rows with an indel
#   number of others    .. number of rows with other type, for example a symbolic allele or
#                          a complex substitution, such as ACT>TCGA
#   number of multiallelic sites     .. number of rows with multiple alternate alleles
#   number of multiallelic SNP sites .. number of rows with multiple alternate alleles, all SNPs
# 
#   Note that rows containing multiple types will be counted multiple times, in each
#   counter. For example, a row with a SNP and an indel increments both the SNP and
#   the indel counter.
# 
# SN	[2]id	[3]key	[4]value
SN	0	number of samples:	3202
SN	0	number of records:	14081
SN	0	number of no-ALTs:	0
SN	0	number of SNPs:	14081
SN	0	number of MNPs:	0
SN	0	number of indels:	0
SN	0	number of others:	0
SN	0	number of multiallelic sites:	0
SN	0	number of multiallelic SNP sites:	0
# TSTV, transitions/transversions:
# TSTV	[2]id	[3]ts	[4]tv	[5]ts/tv	[6]ts (1st ALT)	[7]tv (1st ALT)	[8]ts/tv (1st ALT)
TSTV	0	9595	4486	2.14	9595	4486	2.14
# SiS, Singleton stats:
# SiS	[2]id	[3]allele count	[4]number of SNPs	[5]number of transitions	[6]number of transversions	[7]number of indels	[8]repeat-consistent	[9]repeat-inconsistent	[10]not applicable
SiS	0	1	0	0	0	0	0	0	0
# AF, Stats by non-reference allele frequency:
# AF	[2]id	[3]allele frequency	[4]number of SNPs	[5]number of transitions	[6]number of transversions	[7]number of indels	[8]repeat-consistent	[9]repeat-inconsistent	[10]not applicable
AF	0	0.000312	2072	1438	634	0	0	0	0
AF	0	0.000625	1369	926	443	0	0	0	0
AF	0	0.000937	1471	985	486	0	0	0	0
AF	0	0.001249	503	365	138	0	0	0	0
AF	0	0.001562	720	484	236	0	0	0	0
AF	0	0.001874	280	195	85	0	0	0	0
AF	0	0.002186	551	374	177	0	0	0	0
AF	0	0.002498	186	125	61	0	0	0	0
AF	0	0.002811	343	239	104	0	0	0	0
AF	0	0.003123	169	120	49	0	0	0	0
AF	0	0.003435	295	204	91	0	0	0	0
AF	0	0.003748	130	93	37	0	0	0	0
AF	0	0.004060	237	155	82	0	0	0	0
AF	0	0.004372	92	64	28	0	0	0	0
AF	0	0.004685	161	116	45	0	0	0	0
AF	0	0.004997	67	43	24	0	0	0	0
AF	0	0.005309	116	82	34	0	0	0	0
AF	0	0.005621	51	37	14	0	0	0	0
AF	0	0.005934	107	79	28	0	0	0	0
AF	0	0.006246	42	24	18	0	0	0	0
AF	0	0.006558	101	66	35	0	0	0	0
AF	0	0.006871	41	27	14	0	0	0	0
AF	0	0.007183	131	94	37	0	0	0	0
AF	0	0.007495	55	40	15	0	0	0	0
AF	0	0.007808	110	76	34	0	0	0	0
AF	0	0.008120	28	19	9	0	0	0	0
AF	0	0.008432	97	60	37	0	0	0	0
AF	0	0.008745	39	28	11	0	0	0	0
AF	0	0.009057	66	42	24	0	0	0	0
AF	0	0.009369	28	18	10	0	0	0	0
AF	0	0.009681	72	50	22	0	0	0	0
AF	0	0.009994	31	23	8	0	0	0	0
AF	0	0.010306	61	43	18	0	0	0	0
AF	0	0.010618	33	24	9	0	0	0	0
AF	0	0.010931	65	43	22	0	0	0	0
AF	0	0.011243	33	24	9	0	0	0	0
AF	0	0.011555	49	33	16	0	0	0	0
AF	0	0.011868	31	21	10	0	0	0	0
AF	0	0.012180	39	29	10	0	0	0	0
AF	0	0.012492	9	5	4	0	0	0	0
AF	0	0.012804	42	28	14	0	0	0	0
AF	0	0.013117	21	17	4	0	0	0	0
AF	0	0.013429	53	35	18	0	0	0	0
AF	0	0.013741	22	18	4	0	0	0	0
AF	0	0.014054	53	35	18	0	0	0	0
AF	0	0.014366	29	13	16	0	0	0	0
AF	0	0.014678	38	28	10	0	0	0	0
AF	0	0.014991	21	15	6	0	0	0	0
AF	0	0.015303	37	24	13	0	0	0	0
AF	0	0.015615	14	10	4	0	0	0	0
AF	0	0.015928	32	24	8	0	0	0	0
AF	0	0.016240	20	14	6	0	0	0	0
AF	0	0.016552	38	29	9	0	0	0	0
AF	0	0.016864	14	6	8	0	0	0	0
AF	0	0.017177	35	22	13	0	0	0	0
AF	0	0.017489	13	10	3	0	0	0	0
AF	0	0.017801	34	24	10	0	0	0	0
AF	0	0.018114	15	9	6	0	0	0	0
AF	0	0.018426	34	17	17	0	0	0	0
AF	0	0.018738	12	9	3	0	0	0	0
AF	0	0.019051	27	19	8	0	0	0	0
AF	0	0.019363	24	15	9	0	0	0	0
AF	0	0.019675	18	8	10	0	0	0	0
AF	0	0.019988	14	11	3	0	0	0	0
AF	0	0.020300	26	18	8	0	0	0	0
AF	0	0.020612	15	9	6	0	0	0	0
AF	0	0.020924	14	13	1	0	0	0	0
AF	0	0.021237	11	7	4	0	0	0	0
AF	0	0.021549	19	11	8	0	0	0	0
AF	0	0.021861	10	9	1	0	0	0	0
AF	0	0.022174	20	16	4	0	0	0	0
AF	0	0.022486	15	9	6	0	0	0	0
AF	0	0.022798	21	14	7	0	0	0	0
AF	0	0.023111	11	10	1	0	0	0	0
AF	0	0.023423	22	17	5	0	0	0	0
AF	0	0.023735	10	7	3	0	0	0	0
AF	0	0.024047	12	8	4	0	0	0	0
AF	0	0.024360	5	3	2	0	0	0	0
AF	0	0.024672	16	11	5	0	0	0	0
AF	0	0.024984	15	12	3	0	0	0	0
AF	0	0.025297	7	5	2	0	0	0	0
AF	0	0.025609	3	0	3	0	0	0	0
AF	0	0.025921	14	10	4	0	0	0	0
AF	0	0.026234	8	6	2	0	0	0	0
AF	0	0.026546	15	9	6	0	0	0	0
AF	0	0.026858	9	6	3	0	0	0	0
AF	0	0.027171	15	11	4	0	0	0	0
AF	0	0.027483	9	7	2	0	0	0	0
AF	0	0.027795	9	8	1	0	0	0	0
AF	0	0.028107	2	0	2	0	0	0	0
AF	0	0.028420	15	9	6	0	0	0	0
AF	0	0.028732	6	4	2	0	0	0	0
AF	0	0.029044	14	11	3	0	0	0	0
AF	0	0.029357	7	3	4	0	0	0	0
AF	0	0.029669	14	10	4	0	0	0	0
AF	0	0.029981	8	7	1	0	0	0	0
AF	0	0.030294	21	15	6	0	0	0	0
AF	0	0.030606	13	7	6	0	0	0	0
AF	0	0.030918	19	13	6	0	0	0	0
AF	0	0.031230	7	3	4	0	0	0	0
AF	0	0.031543	10	6	4	0	0	0	0
AF	0	0.031855	10	6	4	0	0	0	0
AF	0	0.032167	15	8	7	0	0	0	0
AF	0	0.032480	7	4	3	0	0	0	0
AF	0	0.032792	15	11	4	0	0	0	0
AF	0	0.033104	7	3	4	0	0	0	0
AF	0	0.033417	13	9	4	0	0	0	0
AF	0	0.033729	5	3	2	0	0	0	0
AF	0	0.034041	6	4	2	0	0	0	0
AF	0	0.034354	12	8	4	0	0	0	0
AF	0	0.034666	8	5	3	0	0	0	0
AF	0	0.034978	4	3	1	0	0	0	0
AF	0	0.035290	6	3	3	0	0	0	0
AF	0	0.035603	3	1	2	0	0	0	0
AF	0	0.035915	6	5	1	0	0	0	0
AF	0	0.036227	2	1	1	0	0	0	0
AF	0	0.036540	7	5	2	0	0	0	0
AF	0	0.036852	11	8	3	0	0	0	0
AF	0	0.037164	9	7	2	0	0	0	0
AF	0	0.037477	3	3	0	0	0	0	0
AF	0	0.037789	10	7	3	0	0	0	0
AF	0	0.038101	2	0	2	0	0	0	0
AF	0	0.038413	10	4	6	0	0	0	0
AF	0	0.038726	5	3	2	0	0	0	0
AF	0	0.039038	6	5	1	0	0	0	0
AF	0	0.039350	4	2	2	0	0	0	0
AF	0	0.039663	21	13	8	0	0	0	0
AF	0	0.039975	3	2	1	0	0	0	0
AF	0	0.040287	11	5	6	0	0	0	0
AF	0	0.040600	3	1	2	0	0	0	0
AF	0	0.040912	14	10	4	0	0	0	0
AF	0	0.041224	10	7	3	0	0	0	0
AF	0	0.041537	17	11	6	0	0	0	0
AF	0	0.041849	6	2	4	0	0	0	0
AF	0	0.042161	5	3	2	0	0	0	0
AF	0	0.042473	5	5	0	0	0	0	0
AF	0	0.042786	5	5	0	0	0	0	0
AF	0	0.043098	1	0	1	0	0	0	0
AF	0	0.043410	7	5	2	0	0	0	0
AF	0	0.044035	2	1	1	0	0	0	0
AF	0	0.044347	4	3	1	0	0	0	0
AF	0	0.044660	3	3	0	0	0	0	0
AF	0	0.044972	1	0	1	0	0	0	0
AF	0	0.045284	5	4	1	0	0	0	0
AF	0	0.045597	1	1	0	0	0	0	0
AF	0	0.045909	12	9	3	0	0	0	0
AF	0	0.046221	7	2	5	0	0	0	0
AF	0	0.046533	4	3	1	0	0	0	0
AF	0	0.046846	4	2	2	0	0	0	0
AF	0	0.047158	6	5	1	0	0	0	0
AF	0	0.047470	3	2	1	0	0	0	0
AF	0	0.047783	2	2	0	0	0	0	0
AF	0	0.048095	2	1	1	0	0	0	0
AF	0	0.048407	3	2	1	0	0	0	0
AF	0	0.048720	1	1	0	0	0	0	0
AF	0	0.049032	5	3	2	0	0	0	0
AF	0	0.049344	1	1	0	0	0	0	0
AF	0	0.049656	6	3	3	0	0	0	0
AF	0	0.049969	1	1	0	0	0	0	0
AF	0	0.050281	5	4	1	0	0	0	0
AF	0	0.050593	1	1	0	0	0	0	0
AF	0	0.050906	5	2	3	0	0	0	0
AF	0	0.051218	2	2	0	0	0	0	0
AF	0	0.051843	2	2	0	0	0	0	0
AF	0	0.052155	4	4	0	0	0	0	0
AF	0	0.052467	2	2	0	0	0	0	0
AF	0	0.052780	2	1	1	0	0	0	0
AF	0	0.053092	3	2	1	0	0	0	0
AF	0	0.053404	6	4	2	0	0	0	0
AF	0	0.054029	6	5	1	0	0	0	0
AF	0	0.054341	2	2	0	0	0	0	0
AF	0	0.054653	6	5	1	0	0	0	0
AF	0	0.054966	4	1	3	0	0	0	0
AF	0	0.055278	6	4	2	0	0	0	0
AF	0	0.055590	2	1	1	0	0	0	0
AF	0	0.055903	1	1	0	0	0	0	0
AF	0	0.056215	2	2	0	0	0	0	0
AF	0	0.056527	5	4	1	0	0	0	0
AF	0	0.056839	3	2	1	0	0	0	0
AF	0	0.057152	5	3	2	0	0	0	0
AF	0	0.057464	2	2	0	0	0	0	0
AF	0	0.057776	2	1	1	0	0	0	0
AF	0	0.058089	9	5	4	0	0	0	0
AF	0	0.058401	7	3	4	0	0	0	0
AF	0	0.058713	5	3	2	0	0	0	0
AF	0	0.059026	7	6	1	0	0	0	0
AF	0	0.059338	1	0	1	0	0	0	0
AF	0	0.059650	3	0	3	0	0	0	0
AF	0	0.059963	7	4	3	0	0	0	0
AF	0	0.060275	10	5	5	0	0	0	0
AF	0	0.060587	4	4	0	0	0	0	0
AF	0	0.060899	4	2	2	0	0	0	0
AF	0	0.061212	4	3	1	0	0	0	0
AF	0	0.061524	4	3	1	0	0	0	0
AF	0	0.061836	1	0	1	0	0	0	0
AF	0	0.062149	4	2	2	0	0	0	0
AF	0	0.062461	1	1	0	0	0	0	0
AF	0	0.062773	3	2	1	0	0	0	0
AF	0	0.063086	2	1	1	0	0	0	0
AF	0	0.063398	4	1	3	0	0	0	0
AF	0	0.064022	5	4	1	0	0	0	0
AF	0	0.064335	2	2	0	0	0	0	0
AF	0	0.064647	3	3	0	0	0	0	0
AF	0	0.064959	1	0	1	0	0	0	0
AF	0	0.065272	4	2	2	0	0	0	0
AF	0	0.065584	1	1	0	0	0	0	0
AF	0	0.065896	5	5	0	0	0	0	0
AF	0	0.066209	6	3	3	0	0	0	0
AF	0	0.066521	8	6	2	0	0	0	0
AF	0	0.066833	1	1	0	0	0	0	0
AF	0	0.067146	8	4	4	0	0	0	0
AF	0	0.067458	4	1	3	0	0	0	0
AF	0	0.067770	5	2	3	0	0	0	0
AF	0	0.068082	6	5	1	0	0	0	0
AF	0	0.068395	5	4	1	0	0	0	0
AF	0	0.068707	4	3	1	0	0	0	0
AF	0	0.069019	6	5	1	0	0	0	0
AF	0	0.069644	14	7	7	0	0	0	0
AF	0	0.069956	3	2	1	0	0	0	0
AF	0	0.070269	15	10	5	0	0	0	0
AF	0	0.070893	2	0	2	0	0	0	0
AF	0	0.071205	1	0	1	0	0	0	0
AF	0	0.071518	3	3	0	0	0	0	0
AF	0	0.071830	1	1	0	0	0	0	0
AF	0	0.072142	3	1	2	0	0	0	0
AF	0	0.072455	3	3	0	0	0	0	0
AF	0	0.072767	6	4	2	0	0	0	0
AF	0	0.073079	2	2	0	0	0	0	0
AF	0	0.073392	5	5	0	0	0	0	0
AF	0	0.073704	2	2	0	0	0	0	0
AF	0	0.074016	2	1	1	0	0	0	0
AF	0	0.074329	1	0	1	0	0	0	0
AF	0	0.074641	4	4	0	0	0	0	0
AF	0	0.074953	1	1	0	0	0	0	0
AF	0	0.075265	3	2	1	0	0	0	0
AF	0	0.075578	1	1	0	0	0	0	0
AF	0	0.076515	2	0	2	0	0	0	0
AF	0	0.076827	6	4	2	0	0	0	0
AF	0	0.077139	2	0	2	0	0	0	0
AF	0	0.077452	1	1	0	0	0	0	0
AF	0	0.077764	2	2	0	0	0	0	0
AF	0	0.078389	2	1	1	0	0	0	0
AF	0	0.079013	4	1	3	0	0	0	0
AF	0	0.079325	3	2	1	0	0	0	0
AF	0	0.079638	6	5	1	0	0	0	0
AF	0	0.079950	4	3	1	0	0	0	0
AF	0	0.080262	4	2	2	0	0	0	0
AF	0	0.080575	2	1	1	0	0	0	0
AF	0	0.080887	7	5	2	0	0	0	0
AF	0	0.081199	7	5	2	0	0	0	0
AF	0	0.081512	3	2	1	0	0	0	0
AF	0	0.082136	3	1	2	0	0	0	0
AF	0	0.082448	5	4	1	0	0	0	0
AF	0	0.082761	3	1	2	0	0	0	0
AF	0	0.083385	5	3	2	0	0	0	0
AF	0	0.083698	3	1	2	0	0	0	0
AF	0	0.084010	8	6	2	0	0	0	0
AF	0	0.084635	3	2	1	0	0	0	0
AF	0	0.084947	3	2	1	0	0	0	0
AF	0	0.085259	3	1	2	0	0	0	0
AF	0	0.085572	1	0	1	0	0	0	0
AF	0	0.085884	3	2	1	0	0	0	0
AF	0	0.086196	2	1	1	0	0	0	0
AF	0	0.086508	5	4	1	0	0	0	0
AF	0	0.086821	2	0	2	0	0	0	0
AF	0	0.087445	2	0	2	0	0	0	0
AF	0	0.088070	1	1	0	0	0	0	0
AF	0	0.088695	1	0	1	0	0	0	0
AF	0	0.089007	3	1	2	0	0	0	0
AF	0	0.089319	4	3	1	0	0	0	0
AF	0	0.089631	3	2	1	0	0	0	0
AF	0	0.089944	1	0	1	0	0	0	0
AF	0	0.090256	2	1	1	0	0	0	0
AF	0	0.090881	4	4	0	0	0	0	0
AF	0	0.091193	5	3	2	0	0	0	0
AF	0	0.091818	4	4	0	0	0	0	0
AF	0	0.092130	6	5	1	0	0	0	0
AF	0	0.092442	2	2	0	0	0	0	0
AF	0	0.092755	5	3	2	0	0	0	0
AF	0	0.093067	2	1	1	0	0	0	0
AF	0	0.093379	8	7	1	0	0	0	0
AF	0	0.093691	1	1	0	0	0	0	0
AF	0	0.094316	1	1	0	0	0	0	0
AF	0	0.094941	1	1	0	0	0	0	0
AF	0	0.095253	1	1	0	0	0	0	0
AF	0	0.095878	4	3	1	0	0	0	0
AF	0	0.096190	1	0	1	0	0	0	0
AF	0	0.096502	3	3	0	0	0	0	0
AF	0	0.096814	4	3	1	0	0	0	0
AF	0	0.097127	4	2	2	0	0	0	0
AF	0	0.097439	2	0	2	0	0	0	0
AF	0	0.097751	2	2	0	0	0	0	0
AF	0	0.098064	2	2	0	0	0	0	0
AF	0	0.098376	1	1	0	0	0	0	0
AF	0	0.098688	1	0	1	0	0	0	0
AF	0	0.099001	1	0	1	0	0	0	0
AF	0	0.099313	1	1	0	0	0	0	0
AF	0	0.099625	1	0	1	0	0	0	0
AF	0	0.099938	1	0	1	0	0	0	0
AF	0	0.100250	3	3	0	0	0	0	0
AF	0	0.100874	3	2	1	0	0	0	0
AF	0	0.101187	3	2	1	0	0	0	0
AF	0	0.101499	1	0	1	0	0	0	0
AF	0	0.102124	1	1	0	0	0	0	0
AF	0	0.102748	2	2	0	0	0	0	0
AF	0	0.103061	2	1	1	0	0	0	0
AF	0	0.103373	10	9	1	0	0	0	0
AF	0	0.103685	1	1	0	0	0	0	0
AF	0	0.103998	3	2	1	0	0	0	0
AF	0	0.104310	1	1	0	0	0	0	0
AF	0	0.104622	4	0	4	0	0	0	0
AF	0	0.105247	5	4	1	0	0	0	0
AF	0	0.105559	2	1	1	0	0	0	0
AF	0	0.105871	1	0	1	0	0	0	0
AF	0	0.106496	2	1	1	0	0	0	0
AF	0	0.107745	1	0	1	0	0	0	0
AF	0	0.108057	1	1	0	0	0	0	0
AF	0	0.108994	4	3	1	0	0	0	0
AF	0	0.109619	5	3	2	0	0	0	0
AF	0	0.109931	1	1	0	0	0	0	0
AF	0	0.110244	9	6	3	0	0	0	0
AF	0	0.110556	8	8	0	0	0	0	0
AF	0	0.110868	9	7	2	0	0	0	0
AF	0	0.111181	11	9	2	0	0	0	0
AF	0	0.111493	1	1	0	0	0	0	0
AF	0	0.111805	5	5	0	0	0	0	0
AF	0	0.112117	4	3	1	0	0	0	0
AF	0	0.112430	1	1	0	0	0	0	0
AF	0	0.112742	1	1	0	0	0	0	0
AF	0	0.113054	5	2	3	0	0	0	0
AF	0	0.113367	1	1	0	0	0	0	0
AF	0	0.113679	7	4	3	0	0	0	0
AF	0	0.113991	1	1	0	0	0	0	0
AF	0	0.114304	1	1	0	0	0	0	0
AF	0	0.114616	1	1	0	0	0	0	0
AF	0	0.114928	1	0	1	0	0	0	0
AF	0	0.115240	2	1	1	0	0	0	0
AF	0	0.115553	1	1	0	0	0	0	0
AF	0	0.115865	1	1	0	0	0	0	0
AF	0	0.116177	1	0	1	0	0	0	0
AF	0	0.116490	3	3	0	0	0	0	0
AF	0	0.116802	2	2	0	0	0	0	0
AF	0	0.117114	1	0	1	0	0	0	0
AF	0	0.117427	2	0	2	0	0	0	0
AF	0	0.117739	1	0	1	0	0	0	0
AF	0	0.118051	4	2	2	0	0	0	0
AF	0	0.118676	1	0	1	0	0	0	0
AF	0	0.119300	2	2	0	0	0	0	0
AF	0	0.119613	1	1	0	0	0	0	0
AF	0	0.119925	3	1	2	0	0	0	0
AF	0	0.120550	1	0	1	0	0	0	0
AF	0	0.121174	2	1	1	0	0	0	0
AF	0	0.121799	1	0	1	0	0	0	0
AF	0	0.122111	3	1	2	0	0	0	0
AF	0	0.122736	3	1	2	0	0	0	0
AF	0	0.123048	1	1	0	0	0	0	0
AF	0	0.123673	2	2	0	0	0	0	0
AF	0	0.123985	2	2	0	0	0	0	0
AF	0	0.124297	1	0	1	0	0	0	0
AF	0	0.124610	1	0	1	0	0	0	0
AF	0	0.124922	2	0	2	0	0	0	0
AF	0	0.125234	1	1	0	0	0	0	0
AF	0	0.125547	5	4	1	0	0	0	0
AF	0	0.125859	3	1	2	0	0	0	0
AF	0	0.126171	2	2	0	0	0	0	0
AF	0	0.126796	2	2	0	0	0	0	0
AF	0	0.127420	4	1	3	0	0	0	0
AF	0	0.128045	3	3	0	0	0	0	0
AF	0	0.129606	1	1	0	0	0	0	0
AF	0	0.129919	3	2	1	0	0	0	0
AF	0	0.130231	1	0	1	0	0	0	0
AF	0	0.130543	1	0	1	0	0	0	0
AF	0	0.130856	1	0	1	0	0	0	0
AF	0	0.131168	2	1	1	0	0	0	0
AF	0	0.131793	1	0	1	0	0	0	0
AF	0	0.132730	1	0	1	0	0	0	0
AF	0	0.133042	1	1	0	0	0	0	0
AF	0	0.133354	1	1	0	0	0	0	0
AF	0	0.133666	2	0	2	0	0	0	0
AF	0	0.134291	1	1	0	0	0	0	0
AF	0	0.134603	1	0	1	0	0	0	0
AF	0	0.134916	1	1	0	0	0	0	0
AF	0	0.135228	2	0	2	0	0	0	0
AF	0	0.135540	5	4	1	0	0	0	0
AF	0	0.135853	1	1	0	0	0	0	0
AF	0	0.136477	3	1	2	0	0	0	0
AF	0	0.137102	1	1	0	0	0	0	0
AF	0	0.137414	1	1	0	0	0	0	0
AF	0	0.138039	1	1	0	0	0	0	0
AF	0	0.139288	1	1	0	0	0	0	0
AF	0	0.139913	2	0	2	0	0	0	0
AF	0	0.140225	3	2	1	0	0	0	0
AF	0	0.140537	1	1	0	0	0	0	0
AF	0	0.141162	2	1	1	0	0	0	0
AF	0	0.142411	2	1	1	0	0	0	0
AF	0	0.143036	4	3	1	0	0	0	0
AF	0	0.143348	1	1	0	0	0	0	0
AF	0	0.143660	1	1	0	0	0	0	0
AF	0	0.143973	1	1	0	0	0	0	0
AF	0	0.144285	13	13	0	0	0	0	0
AF	0	0.144597	6	5	1	0	0	0	0
AF	0	0.144909	4	4	0	0	0	0	0
AF	0	0.145534	4	0	4	0	0	0	0
AF	0	0.146159	3	2	1	0	0	0	0
AF	0	0.146471	4	3	1	0	0	0	0
AF	0	0.146783	2	2	0	0	0	0	0
AF	0	0.147096	1	1	0	0	0	0	0
AF	0	0.147408	1	1	0	0	0	0	0
AF	0	0.147720	1	0	1	0	0	0	0
AF	0	0.148657	3	0	3	0	0	0	0
AF	0	0.149282	2	1	1	0	0	0	0
AF	0	0.149906	1	1	0	0	0	0	0
AF	0	0.150219	2	1	1	0	0	0	0
AF	0	0.151156	2	1	1	0	0	0	0
AF	0	0.151780	2	2	0	0	0	0	0
AF	0	0.154591	1	1	0	0	0	0	0
AF	0	0.155215	2	0	2	0	0	0	0
AF	0	0.155528	3	2	1	0	0	0	0
AF	0	0.155840	1	1	0	0	0	0	0
AF	0	0.156465	1	1	0	0	0	0	0
AF	0	0.158026	1	1	0	0	0	0	0
AF	0	0.158339	1	1	0	0	0	0	0
AF	0	0.158651	1	0	1	0	0	0	0
AF	0	0.158963	1	1	0	0	0	0	0
AF	0	0.161462	2	1	1	0	0	0	0
AF	0	0.161774	2	2	0	0	0	0	0
AF	0	0.162399	3	1	2	0	0	0	0
AF	0	0.163335	3	3	0	0	0	0	0
AF	0	0.163648	3	3	0	0	0	0	0
AF	0	0.164897	2	2	0	0	0	0	0
AF	0	0.166146	2	2	0	0	0	0	0
AF	0	0.166771	1	1	0	0	0	0	0
AF	0	0.167083	1	0	1	0	0	0	0
AF	0	0.168645	2	1	1	0	0	0	0
AF	0	0.168957	2	2	0	0	0	0	0
AF	0	0.169269	2	1	1	0	0	0	0
AF	0	0.169582	1	1	0	0	0	0	0
AF	0	0.169894	1	0	1	0	0	0	0
AF	0	0.170206	1	0	1	0	0	0	0
AF	0	0.171143	2	2	0	0	0	0	0
AF	0	0.171455	3	3	0	0	0	0	0
AF	0	0.171768	6	5	1	0	0	0	0
AF	0	0.172080	3	2	1	0	0	0	0
AF	0	0.172392	33	24	9	0	0	0	0
AF	0	0.172705	6	4	2	0	0	0	0
AF	0	0.173017	8	6	2	0	0	0	0
AF	0	0.173329	7	5	2	0	0	0	0
AF	0	0.173641	1	0	1	0	0	0	0
AF	0	0.173954	1	1	0	0	0	0	0
AF	0	0.174266	2	1	1	0	0	0	0
AF	0	0.174578	1	0	1	0	0	0	0
AF	0	0.174891	1	0	1	0	0	0	0
AF	0	0.175203	1	0	1	0	0	0	0
AF	0	0.175515	1	0	1	0	0	0	0
AF	0	0.176140	3	1	2	0	0	0	0
AF	0	0.176765	2	2	0	0	0	0	0
AF	0	0.177389	2	2	0	0	0	0	0
AF	0	0.177701	2	2	0	0	0	0	0
AF	0	0.178014	5	3	2	0	0	0	0
AF	0	0.178326	3	1	2	0	0	0	0
AF	0	0.178638	3	2	1	0	0	0	0
AF	0	0.178951	1	1	0	0	0	0	0
AF	0	0.179263	1	1	0	0	0	0	0
AF	0	0.179888	1	1	0	0	0	0	0
AF	0	0.180512	3	1	2	0	0	0	0
AF	0	0.180824	1	0	1	0	0	0	0
AF	0	0.181137	1	0	1	0	0	0	0
AF	0	0.183011	1	0	1	0	0	0	0
AF	0	0.183948	1	0	1	0	0	0	0
AF	0	0.184260	2	1	1	0	0	0	0
AF	0	0.184884	4	3	1	0	0	0	0
AF	0	0.185197	1	0	1	0	0	0	0
AF	0	0.185509	4	3	1	0	0	0	0
AF	0	0.185821	2	2	0	0	0	0	0
AF	0	0.186134	1	1	0	0	0	0	0
AF	0	0.186758	2	2	0	0	0	0	0
AF	0	0.187071	1	1	0	0	0	0	0
AF	0	0.187383	2	1	1	0	0	0	0
AF	0	0.187695	2	2	0	0	0	0	0
AF	0	0.188007	3	3	0	0	0	0	0
AF	0	0.188320	2	1	1	0	0	0	0
AF	0	0.188632	3	2	1	0	0	0	0
AF	0	0.188944	1	0	1	0	0	0	0
AF	0	0.189257	1	1	0	0	0	0	0
AF	0	0.189569	3	1	2	0	0	0	0
AF	0	0.189881	2	1	1	0	0	0	0
AF	0	0.190194	5	3	2	0	0	0	0
AF	0	0.190506	2	1	1	0	0	0	0
AF	0	0.191131	1	1	0	0	0	0	0
AF	0	0.191755	5	2	3	0	0	0	0
AF	0	0.192067	3	3	0	0	0	0	0
AF	0	0.192380	1	1	0	0	0	0	0
AF	0	0.192692	2	0	2	0	0	0	0
AF	0	0.193004	2	1	1	0	0	0	0
AF	0	0.193317	1	1	0	0	0	0	0
AF	0	0.193629	2	2	0	0	0	0	0
AF	0	0.193941	2	1	1	0	0	0	0
AF	0	0.194254	2	1	1	0	0	0	0
AF	0	0.194566	2	1	1	0	0	0	0
AF	0	0.194878	1	0	1	0	0	0	0
AF	0	0.195191	1	1	0	0	0	0	0
AF	0	0.195503	5	4	1	0	0	0	0
AF	0	0.196127	2	1	1	0	0	0	0
AF	0	0.196752	1	1	0	0	0	0	0
AF	0	0.197377	1	0	1	0	0	0	0
AF	0	0.198001	2	1	1	0	0	0	0
AF	0	0.198314	4	2	2	0	0	0	0
AF	0	0.198626	4	4	0	0	0	0	0
AF	0	0.199250	6	3	3	0	0	0	0
AF	0	0.199563	1	0	1	0	0	0	0
AF	0	0.199875	4	0	4	0	0	0	0
AF	0	0.200187	2	2	0	0	0	0	0
AF	0	0.200500	2	2	0	0	0	0	0
AF	0	0.201124	1	1	0	0	0	0	0
AF	0	0.201437	1	1	0	0	0	0	0
AF	0	0.201749	2	2	0	0	0	0	0
AF	0	0.203310	1	1	0	0	0	0	0
AF	0	0.204247	3	1	2	0	0	0	0
AF	0	0.204560	2	2	0	0	0	0	0
AF	0	0.204872	4	2	2	0	0	0	0
AF	0	0.205184	1	0	1	0	0	0	0
AF	0	0.205497	1	1	0	0	0	0	0
AF	0	0.206121	1	0	1	0	0	0	0
AF	0	0.206746	3	2	1	0	0	0	0
AF	0	0.207370	2	2	0	0	0	0	0
AF	0	0.207683	1	1	0	0	0	0	0
AF	0	0.207995	2	1	1	0	0	0	0
AF	0	0.208307	1	1	0	0	0	0	0
AF	0	0.208620	1	1	0	0	0	0	0
AF	0	0.209244	4	3	1	0	0	0	0
AF	0	0.209557	1	1	0	0	0	0	0
AF	0	0.209869	1	1	0	0	0	0	0
AF	0	0.210181	2	1	1	0	0	0	0
AF	0	0.210493	1	1	0	0	0	0	0
AF	0	0.211118	1	1	0	0	0	0	0
AF	0	0.211743	2	1	1	0	0	0	0
AF	0	0.212055	2	2	0	0	0	0	0
AF	0	0.212367	2	2	0	0	0	0	0
AF	0	0.213304	1	1	0	0	0	0	0
AF	0	0.213616	6	4	2	0	0	0	0
AF	0	0.213929	2	1	1	0	0	0	0
AF	0	0.214241	2	2	0	0	0	0	0
AF	0	0.214553	2	1	1	0	0	0	0
AF	0	0.214866	2	2	0	0	0	0	0
AF	0	0.215178	3	2	1	0	0	0	0
AF	0	0.215490	2	2	0	0	0	0	0
AF	0	0.215803	2	2	0	0	0	0	0
AF	0	0.216115	1	1	0	0	0	0	0
AF	0	0.216427	6	4	2	0	0	0	0
AF	0	0.217052	1	1	0	0	0	0	0
AF	0	0.217364	1	1	0	0	0	0	0
AF	0	0.217676	2	2	0	0	0	0	0
AF	0	0.217989	4	3	1	0	0	0	0
AF	0	0.218613	3	2	1	0	0	0	0
AF	0	0.218926	2	1	1	0	0	0	0
AF	0	0.219238	4	2	2	0	0	0	0
AF	0	0.219550	2	1	1	0	0	0	0
AF	0	0.220175	1	0	1	0	0	0	0
AF	0	0.220487	1	1	0	0	0	0	0
AF	0	0.221112	2	1	1	0	0	0	0
AF	0	0.221424	4	2	2	0	0	0	0
AF	0	0.221736	5	2	3	0	0	0	0
AF	0	0.222049	2	1	1	0	0	0	0
AF	0	0.222361	1	1	0	0	0	0	0
AF	0	0.222673	1	1	0	0	0	0	0
AF	0	0.222986	1	1	0	0	0	0	0
AF	0	0.223298	1	1	0	0	0	0	0
AF	0	0.225172	1	0	1	0	0	0	0
AF	0	0.225484	1	1	0	0	0	0	0
AF	0	0.225796	1	1	0	0	0	0	0
AF	0	0.226109	1	1	0	0	0	0	0
AF	0	0.226421	3	2	1	0	0	0	0
AF	0	0.226733	1	1	0	0	0	0	0
AF	0	0.227046	1	1	0	0	0	0	0
AF	0	0.227670	2	1	1	0	0	0	0
AF	0	0.228295	3	3	0	0	0	0	0
AF	0	0.228607	2	2	0	0	0	0	0
AF	0	0.228919	2	0	2	0	0	0	0
AF	0	0.229232	2	2	0	0	0	0	0
AF	0	0.229544	3	1	2	0	0	0	0
AF	0	0.229856	1	1	0	0	0	0	0
AF	0	0.230169	1	1	0	0	0	0	0
AF	0	0.230481	1	0	1	0	0	0	0
AF	0	0.230793	2	1	1	0	0	0	0
AF	0	0.231106	1	1	0	0	0	0	0
AF	0	0.231418	4	2	2	0	0	0	0
AF	0	0.232042	1	1	0	0	0	0	0
AF	0	0.233292	4	4	0	0	0	0	0
AF	0	0.233604	1	1	0	0	0	0	0
AF	0	0.234229	2	2	0	0	0	0	0
AF	0	0.234541	1	1	0	0	0	0	0
AF	0	0.234853	1	1	0	0	0	0	0
AF	0	0.235166	2	2	0	0	0	0	0
AF	0	0.236727	1	1	0	0	0	0	0
AF	0	0.237039	1	0	1	0	0	0	0
AF	0	0.237664	2	2	0	0	0	0	0
AF	0	0.238289	2	2	0	0	0	0	0
AF	0	0.238913	1	0	1	0	0	0	0
AF	0	0.239225	1	0	1	0	0	0	0
AF	0	0.239538	1	1	0	0	0	0	0
AF	0	0.239850	2	1	1	0	0	0	0
AF	0	0.240162	4	2	2	0	0	0	0
AF	0	0.240787	1	0	1	0	0	0	0
AF	0	0.241099	5	2	3	0	0	0	0
AF	0	0.241412	2	2	0	0	0	0	0
AF	0	0.242036	6	3	3	0	0	0	0
AF	0	0.242349	1	1	0	0	0	0	0
AF	0	0.242661	4	3	1	0	0	0	0
AF	0	0.242973	1	1	0	0	0	0	0
AF	0	0.243598	1	1	0	0	0	0	0
AF	0	0.243910	3	2	1	0	0	0	0
AF	0	0.244222	3	2	1	0	0	0	0
AF	0	0.244535	2	1	1	0	0	0	0
AF	0	0.244847	1	0	1	0	0	0	0
AF	0	0.245159	3	2	1	0	0	0	0
AF	0	0.245472	1	1	0	0	0	0	0
AF	0	0.245784	2	2	0	0	0	0	0
AF	0	0.246096	1	0	1	0	0	0	0
AF	0	0.246408	1	0	1	0	0	0	0
AF	0	0.246721	1	0	1	0	0	0	0
AF	0	0.247033	2	1	1	0	0	0	0
AF	0	0.247658	1	0	1	0	0	0	0
AF	0	0.248282	1	1	0	0	0	0	0
AF	0	0.248907	2	2	0	0	0	0	0
AF	0	0.249219	3	2	1	0	0	0	0
AF	0	0.249532	20	15	5	0	0	0	0
AF	0	0.249844	9	8	1	0	0	0	0
AF	0	0.250156	11	5	6	0	0	0	0
AF	0	0.250781	4	4	0	0	0	0	0
AF	0	0.251093	2	1	1	0	0	0	0
AF	0	0.251405	1	1	0	0	0	0	0
AF	0	0.251718	1	1	0	0	0	0	0
AF	0	0.252030	2	2	0	0	0	0	0
AF	0	0.252342	1	0	1	0	0	0	0
AF	0	0.252655	2	1	1	0	0	0	0
AF	0	0.252967	1	1	0	0	0	0	0
AF	0	0.253279	1	0	1	0	0	0	0
AF	0	0.253592	1	0	1	0	0	0	0
AF	0	0.253904	1	0	1	0	0	0	0
AF	0	0.254528	1	1	0	0	0	0	0
AF	0	0.254841	1	0	1	0	0	0	0
AF	0	0.255153	1	0	1	0	0	0	0
AF	0	0.255465	3	1	2	0	0	0	0
AF	0	0.255778	4	4	0	0	0	0	0
AF	0	0.256090	2	2	0	0	0	0	0
AF	0	0.256402	1	1	0	0	0	0	0
AF	0	0.256715	1	1	0	0	0	0	0
AF	0	0.257027	1	1	0	0	0	0	0
AF	0	0.257339	1	0	1	0	0	0	0
AF	0	0.257651	3	2	1	0	0	0	0
AF	0	0.258588	3	2	1	0	0	0	0
AF	0	0.258901	1	1	0	0	0	0	0
AF	0	0.259838	1	1	0	0	0	0	0
AF	0	0.260150	4	2	2	0	0	0	0
AF	0	0.260462	1	1	0	0	0	0	0
AF	0	0.260775	1	1	0	0	0	0	0
AF	0	0.261399	1	0	1	0	0	0	0
AF	0	0.261711	1	1	0	0	0	0	0
AF	0	0.262024	2	2	0	0	0	0	0
AF	0	0.262648	1	1	0	0	0	0	0
AF	0	0.262961	1	1	0	0	0	0	0
AF	0	0.263585	1	1	0	0	0	0	0
AF	0	0.263898	1	0	1	0	0	0	0
AF	0	0.264522	1	1	0	0	0	0	0
AF	0	0.265147	1	1	0	0	0	0	0
AF	0	0.265771	2	2	0	0	0	0	0
AF	0	0.266084	1	1	0	0	0	0	0
AF	0	0.266396	3	2	1	0	0	0	0
AF	0	0.266708	2	1	1	0	0	0	0
AF	0	0.267333	1	1	0	0	0	0	0
AF	0	0.267645	2	2	0	0	0	0	0
AF	0	0.268270	1	0	1	0	0	0	0
AF	0	0.269207	1	1	0	0	0	0	0
AF	0	0.269519	1	1	0	0	0	0	0
AF	0	0.270456	1	1	0	0	0	0	0
AF	0	0.271081	1	0	1	0	0	0	0
AF	0	0.271393	2	1	1	0	0	0	0
AF	0	0.272017	3	3	0	0	0	0	0
AF	0	0.272330	1	0	1	0	0	0	0
AF	0	0.272642	2	1	1	0	0	0	0
AF	0	0.273267	4	2	2	0	0	0	0
AF	0	0.273891	2	0	2	0	0	0	0
AF	0	0.274516	3	3	0	0	0	0	0
AF	0	0.274828	1	0	1	0	0	0	0
AF	0	0.275141	1	0	1	0	0	0	0
AF	0	0.275765	2	1	1	0	0	0	0
AF	0	0.276390	1	1	0	0	0	0	0
AF	0	0.277014	4	3	1	0	0	0	0
AF	0	0.277327	1	0	1	0	0	0	0
AF	0	0.277639	2	2	0	0	0	0	0
AF	0	0.279200	1	1	0	0	0	0	0
AF	0	0.280137	1	1	0	0	0	0	0
AF	0	0.280762	3	3	0	0	0	0	0
AF	0	0.281074	1	1	0	0	0	0	0
AF	0	0.282011	1	1	0	0	0	0	0
AF	0	0.282324	1	1	0	0	0	0	0
AF	0	0.282636	1	1	0	0	0	0	0
AF	0	0.283573	1	1	0	0	0	0	0
AF	0	0.284510	1	0	1	0	0	0	0
AF	0	0.284822	2	2	0	0	0	0	0
AF	0	0.285134	2	1	1	0	0	0	0
AF	0	0.285759	1	1	0	0	0	0	0
AF	0	0.286071	1	0	1	0	0	0	0
AF	0	0.286384	2	2	0	0	0	0	0
AF	0	0.286696	4	2	2	0	0	0	0
AF	0	0.287008	4	3	1	0	0	0	0
AF	0	0.287320	2	0	2	0	0	0	0
AF	0	0.287633	6	5	1	0	0	0	0
AF	0	0.287945	1	1	0	0	0	0	0
AF	0	0.288257	2	1	1	0	0	0	0
AF	0	0.288882	3	2	1	0	0	0	0
AF	0	0.289194	2	2	0	0	0	0	0
AF	0	0.289507	2	0	2	0	0	0	0
AF	0	0.290131	2	2	0	0	0	0	0
AF	0	0.290443	1	0	1	0	0	0	0
AF	0	0.290756	2	2	0	0	0	0	0
AF	0	0.291380	3	3	0	0	0	0	0
AF	0	0.291693	3	1	2	0	0	0	0
AF	0	0.292317	2	2	0	0	0	0	0
AF	0	0.292630	1	0	1	0	0	0	0
AF	0	0.293254	1	0	1	0	0	0	0
AF	0	0.294191	1	1	0	0	0	0	0
AF	0	0.294503	3	1	2	0	0	0	0
AF	0	0.294816	1	0	1	0	0	0	0
AF	0	0.295128	3	2	1	0	0	0	0
AF	0	0.295440	1	1	0	0	0	0	0
AF	0	0.295753	6	3	3	0	0	0	0
AF	0	0.296065	2	2	0	0	0	0	0
AF	0	0.296377	2	1	1	0	0	0	0
AF	0	0.296690	2	2	0	0	0	0	0
AF	0	0.297314	1	1	0	0	0	0	0
AF	0	0.297626	2	1	1	0	0	0	0
AF	0	0.297939	1	1	0	0	0	0	0
AF	0	0.298251	2	2	0	0	0	0	0
AF	0	0.298876	1	0	1	0	0	0	0
AF	0	0.299500	2	2	0	0	0	0	0
AF	0	0.300437	2	2	0	0	0	0	0
AF	0	0.300750	2	2	0	0	0	0	0
AF	0	0.301374	3	2	1	0	0	0	0
AF	0	0.301686	1	0	1	0	0	0	0
AF	0	0.301999	3	1	2	0	0	0	0
AF	0	0.302623	1	1	0	0	0	0	0
AF	0	0.302936	3	2	1	0	0	0	0
AF	0	0.303248	9	6	3	0	0	0	0
AF	0	0.303560	8	7	1	0	0	0	0
AF	0	0.303873	25	16	9	0	0	0	0
AF	0	0.304185	13	11	2	0	0	0	0
AF	0	0.304497	6	4	2	0	0	0	0
AF	0	0.305122	4	3	1	0	0	0	0
AF	0	0.305434	5	4	1	0	0	0	0
AF	0	0.305746	6	4	2	0	0	0	0
AF	0	0.306683	3	1	2	0	0	0	0
AF	0	0.306996	3	2	1	0	0	0	0
AF	0	0.307933	2	1	1	0	0	0	0
AF	0	0.308245	2	0	2	0	0	0	0
AF	0	0.308869	1	0	1	0	0	0	0
AF	0	0.309494	1	1	0	0	0	0	0
AF	0	0.310119	1	0	1	0	0	0	0
AF	0	0.310743	1	0	1	0	0	0	0
AF	0	0.311368	3	2	1	0	0	0	0
AF	0	0.313242	1	1	0	0	0	0	0
AF	0	0.313866	1	0	1	0	0	0	0
AF	0	0.314491	1	1	0	0	0	0	0
AF	0	0.314803	1	0	1	0	0	0	0
AF	0	0.315740	1	1	0	0	0	0	0
AF	0	0.316677	1	1	0	0	0	0	0
AF	0	0.318239	1	1	0	0	0	0	0
AF	0	0.318863	3	3	0	0	0	0	0
AF	0	0.320112	1	1	0	0	0	0	0
AF	0	0.320737	1	0	1	0	0	0	0
AF	0	0.321049	1	1	0	0	0	0	0
AF	0	0.324485	1	0	1	0	0	0	0
AF	0	0.325109	1	0	1	0	0	0	0
AF	0	0.325422	2	1	1	0	0	0	0
AF	0	0.327608	1	1	0	0	0	0	0
AF	0	0.328232	2	2	0	0	0	0	0
AF	0	0.328545	1	0	1	0	0	0	0
AF	0	0.328857	1	1	0	0	0	0	0
AF	0	0.329482	2	1	1	0	0	0	0
AF	0	0.329794	3	2	1	0	0	0	0
AF	0	0.330106	3	2	1	0	0	0	0
AF	0	0.330731	1	1	0	0	0	0	0
AF	0	0.331355	1	1	0	0	0	0	0
AF	0	0.331980	1	0	1	0	0	0	0
AF	0	0.332292	1	1	0	0	0	0	0
AF	0	0.332605	1	1	0	0	0	0	0
AF	0	0.332917	1	1	0	0	0	0	0
AF	0	0.333229	3	2	1	0	0	0	0
AF	0	0.333542	1	1	0	0	0	0	0
AF	0	0.333854	1	0	1	0	0	0	0
AF	0	0.334478	1	1	0	0	0	0	0
AF	0	0.334791	1	1	0	0	0	0	0
AF	0	0.335103	1	1	0	0	0	0	0
AF	0	0.335415	5	1	4	0	0	0	0
AF	0	0.336040	1	1	0	0	0	0	0
AF	0	0.336352	1	0	1	0	0	0	0
AF	0	0.336977	1	1	0	0	0	0	0
AF	0	0.337289	3	3	0	0	0	0	0
AF	0	0.337914	1	1	0	0	0	0	0
AF	0	0.339163	2	1	1	0	0	0	0
AF	0	0.342598	1	0	1	0	0	0	0
AF	0	0.345409	1	1	0	0	0	0	0
AF	0	0.345721	2	2	0	0	0	0	0
AF	0	0.346658	2	1	1	0	0	0	0
AF	0	0.347283	1	1	0	0	0	0	0
AF	0	0.347908	1	1	0	0	0	0	0
AF	0	0.350406	1	1	0	0	0	0	0
AF	0	0.350718	1	1	0	0	0	0	0
AF	0	0.351031	2	1	1	0	0	0	0
AF	0	0.351343	1	0	1	0	0	0	0
AF	0	0.351655	1	0	1	0	0	0	0
AF	0	0.351968	1	1	0	0	0	0	0
AF	0	0.352904	2	1	1	0	0	0	0
AF	0	0.354154	2	1	1	0	0	0	0
AF	0	0.354778	5	2	3	0	0	0	0
AF	0	0.355403	3	3	0	0	0	0	0
AF	0	0.355715	2	1	1	0	0	0	0
AF	0	0.356027	3	1	2	0	0	0	0
AF	0	0.356964	2	1	1	0	0	0	0
AF	0	0.357901	2	2	0	0	0	0	0
AF	0	0.358214	2	2	0	0	0	0	0
AF	0	0.360400	1	1	0	0	0	0	0
AF	0	0.361024	2	2	0	0	0	0	0
AF	0	0.362274	1	0	1	0	0	0	0
AF	0	0.364147	1	1	0	0	0	0	0
AF	0	0.364772	1	0	1	0	0	0	0
AF	0	0.366334	1	0	1	0	0	0	0
AF	0	0.366646	1	1	0	0	0	0	0
AF	0	0.368520	1	1	0	0	0	0	0
AF	0	0.369144	2	2	0	0	0	0	0
AF	0	0.370081	2	2	0	0	0	0	0
AF	0	0.372267	2	1	1	0	0	0	0
AF	0	0.372580	1	0	1	0	0	0	0
AF	0	0.373517	2	2	0	0	0	0	0
AF	0	0.374141	2	2	0	0	0	0	0
AF	0	0.374453	1	1	0	0	0	0	0
AF	0	0.374766	2	2	0	0	0	0	0
AF	0	0.375390	2	2	0	0	0	0	0
AF	0	0.376327	3	2	1	0	0	0	0
AF	0	0.377264	1	1	0	0	0	0	0
AF	0	0.378201	1	1	0	0	0	0	0
AF	0	0.378513	2	2	0	0	0	0	0
AF	0	0.378826	1	0	1	0	0	0	0
AF	0	0.379138	1	0	1	0	0	0	0
AF	0	0.379450	1	0	1	0	0	0	0
AF	0	0.379763	2	1	1	0	0	0	0
AF	0	0.381012	2	1	1	0	0	0	0
AF	0	0.381324	2	1	1	0	0	0	0
AF	0	0.382261	1	0	1	0	0	0	0
AF	0	0.382573	1	1	0	0	0	0	0
AF	0	0.382886	2	1	1	0	0	0	0
AF	0	0.383198	2	0	2	0	0	0	0
AF	0	0.384760	1	1	0	0	0	0	0
AF	0	0.385072	1	1	0	0	0	0	0
AF	0	0.386009	1	0	1	0	0	0	0
AF	0	0.386946	2	1	1	0	0	0	0
AF	0	0.387258	4	3	1	0	0	0	0
AF	0	0.387570	1	1	0	0	0	0	0
AF	0	0.388819	1	1	0	0	0	0	0
AF	0	0.389132	1	0	1	0	0	0	0
AF	0	0.389756	1	0	1	0	0	0	0
AF	0	0.390381	1	1	0	0	0	0	0
AF	0	0.390693	1	1	0	0	0	0	0
AF	0	0.391006	2	1	1	0	0	0	0
AF	0	0.391318	1	0	1	0	0	0	0
AF	0	0.391630	2	1	1	0	0	0	0
AF	0	0.392255	1	1	0	0	0	0	0
AF	0	0.392567	2	1	1	0	0	0	0
AF	0	0.392879	2	2	0	0	0	0	0
AF	0	0.393504	4	0	4	0	0	0	0
AF	0	0.393816	1	1	0	0	0	0	0
AF	0	0.394441	1	1	0	0	0	0	0
AF	0	0.394753	2	2	0	0	0	0	0
AF	0	0.395066	2	2	0	0	0	0	0
AF	0	0.395378	2	1	1	0	0	0	0
AF	0	0.396315	1	1	0	0	0	0	0
AF	0	0.396627	2	1	1	0	0	0	0
AF	0	0.396939	1	0	1	0	0	0	0
AF	0	0.397252	1	1	0	0	0	0	0
AF	0	0.398501	1	1	0	0	0	0	0
AF	0	0.398813	2	1	1	0	0	0	0
AF	0	0.399126	7	4	3	0	0	0	0
AF	0	0.399438	1	1	0	0	0	0	0
AF	0	0.399750	1	1	0	0	0	0	0
AF	0	0.400375	1	1	0	0	0	0	0
AF	0	0.400999	3	2	1	0	0	0	0
AF	0	0.401312	1	0	1	0	0	0	0
AF	0	0.401624	1	1	0	0	0	0	0
AF	0	0.402249	1	1	0	0	0	0	0
AF	0	0.402561	1	1	0	0	0	0	0
AF	0	0.402873	2	1	1	0	0	0	0
AF	0	0.404747	2	1	1	0	0	0	0
AF	0	0.405372	1	0	1	0	0	0	0
AF	0	0.405996	1	0	1	0	0	0	0
AF	0	0.406621	3	2	1	0	0	0	0
AF	0	0.406933	1	0	1	0	0	0	0
AF	0	0.407558	2	1	1	0	0	0	0
AF	0	0.407870	1	1	0	0	0	0	0
AF	0	0.409119	2	0	2	0	0	0	0
AF	0	0.409744	1	1	0	0	0	0	0
AF	0	0.411305	1	1	0	0	0	0	0
AF	0	0.411618	1	1	0	0	0	0	0
AF	0	0.412242	2	2	0	0	0	0	0
AF	0	0.412867	1	1	0	0	0	0	0
AF	0	0.413179	1	1	0	0	0	0	0
AF	0	0.414116	1	0	1	0	0	0	0
AF	0	0.414741	3	2	1	0	0	0	0
AF	0	0.415365	2	2	0	0	0	0	0
AF	0	0.415990	3	2	1	0	0	0	0
AF	0	0.417239	1	1	0	0	0	0	0
AF	0	0.418488	2	1	1	0	0	0	0
AF	0	0.419113	1	1	0	0	0	0	0
AF	0	0.420987	1	1	0	0	0	0	0
AF	0	0.421611	1	0	1	0	0	0	0
AF	0	0.421924	1	1	0	0	0	0	0
AF	0	0.422236	3	1	2	0	0	0	0
AF	0	0.422861	2	2	0	0	0	0	0
AF	0	0.424422	2	1	1	0	0	0	0
AF	0	0.425359	1	0	1	0	0	0	0
AF	0	0.427545	1	0	1	0	0	0	0
AF	0	0.429419	1	1	0	0	0	0	0
AF	0	0.429731	1	1	0	0	0	0	0
AF	0	0.430044	1	0	1	0	0	0	0
AF	0	0.430668	1	1	0	0	0	0	0
AF	0	0.431605	1	1	0	0	0	0	0
AF	0	0.431918	2	1	1	0	0	0	0
AF	0	0.433479	1	1	0	0	0	0	0
AF	0	0.433791	2	1	1	0	0	0	0
AF	0	0.435041	1	1	0	0	0	0	0
AF	0	0.437227	1	0	1	0	0	0	0
AF	0	0.437539	1	1	0	0	0	0	0
AF	0	0.437851	1	1	0	0	0	0	0
AF	0	0.438476	2	0	2	0	0	0	0
AF	0	0.438788	1	0	1	0	0	0	0
AF	0	0.439101	2	1	1	0	0	0	0
AF	0	0.440350	1	0	1	0	0	0	0
AF	0	0.444097	2	2	0	0	0	0	0
AF	0	0.444410	2	2	0	0	0	0	0
AF	0	0.444722	1	1	0	0	0	0	0
AF	0	0.445034	3	0	3	0	0	0	0
AF	0	0.445659	2	2	0	0	0	0	0
AF	0	0.446908	1	1	0	0	0	0	0
AF	0	0.447533	1	1	0	0	0	0	0
AF	0	0.448470	1	1	0	0	0	0	0
AF	0	0.448782	1	1	0	0	0	0	0
AF	0	0.449094	1	1	0	0	0	0	0
AF	0	0.449407	4	4	0	0	0	0	0
AF	0	0.449719	4	3	1	0	0	0	0
AF	0	0.450031	2	2	0	0	0	0	0
AF	0	0.450656	1	1	0	0	0	0	0
AF	0	0.451593	1	1	0	0	0	0	0
AF	0	0.453779	3	2	1	0	0	0	0
AF	0	0.454403	1	1	0	0	0	0	0
AF	0	0.456277	1	0	1	0	0	0	0
AF	0	0.458776	1	1	0	0	0	0	0
AF	0	0.460025	1	0	1	0	0	0	0
AF	0	0.460650	1	1	0	0	0	0	0
AF	0	0.461274	1	1	0	0	0	0	0
AF	0	0.461899	1	0	1	0	0	0	0
AF	0	0.462836	1	1	0	0	0	0	0
AF	0	0.463773	1	1	0	0	0	0	0
AF	0	0.464085	2	2	0	0	0	0	0
AF	0	0.464710	1	1	0	0	0	0	0
AF	0	0.465022	1	1	0	0	0	0	0
AF	0	0.465334	1	1	0	0	0	0	0
AF	0	0.465646	1	0	1	0	0	0	0
AF	0	0.465959	1	1	0	0	0	0	0
AF	0	0.467520	1	1	0	0	0	0	0
AF	0	0.470019	1	1	0	0	0	0	0
AF	0	0.470331	2	1	1	0	0	0	0
AF	0	0.471580	1	1	0	0	0	0	0
AF	0	0.472517	1	1	0	0	0	0	0
AF	0	0.474391	1	1	0	0	0	0	0
AF	0	0.475640	1	1	0	0	0	0	0
AF	0	0.475953	1	1	0	0	0	0	0
AF	0	0.476265	2	2	0	0	0	0	0
AF	0	0.476577	1	1	0	0	0	0	0
AF	0	0.477514	2	2	0	0	0	0	0
AF	0	0.477826	1	0	1	0	0	0	0
AF	0	0.478451	2	2	0	0	0	0	0
AF	0	0.478763	2	2	0	0	0	0	0
AF	0	0.479700	1	0	1	0	0	0	0
AF	0	0.481262	2	1	1	0	0	0	0
AF	0	0.482511	1	1	0	0	0	0	0
AF	0	0.485634	2	2	0	0	0	0	0
AF	0	0.485946	1	1	0	0	0	0	0
AF	0	0.486259	1	1	0	0	0	0	0
AF	0	0.490943	1	1	0	0	0	0	0
AF	0	0.491880	1	0	1	0	0	0	0
AF	0	0.493442	1	0	1	0	0	0	0
AF	0	0.494066	1	1	0	0	0	0	0
AF	0	0.496877	1	1	0	0	0	0	0
AF	0	0.500000	1	1	0	0	0	0	0
AF	0	0.500937	1	1	0	0	0	0	0
AF	0	0.501874	1	1	0	0	0	0	0
AF	0	0.502811	3	1	2	0	0	0	0
AF	0	0.504372	1	1	0	0	0	0	0
AF	0	0.506246	1	1	0	0	0	0	0
AF	0	0.509994	1	1	0	0	0	0	0
AF	0	0.511555	1	1	0	0	0	0	0
AF	0	0.511868	1	1	0	0	0	0	0
AF	0	0.512492	1	0	1	0	0	0	0
AF	0	0.513429	3	2	1	0	0	0	0
AF	0	0.513741	2	2	0	0	0	0	0
AF	0	0.514366	1	1	0	0	0	0	0
AF	0	0.514678	2	1	1	0	0	0	0
AF	0	0.514991	1	1	0	0	0	0	0
AF	0	0.515615	1	1	0	0	0	0	0
AF	0	0.516240	1	0	1	0	0	0	0
AF	0	0.519675	1	1	0	0	0	0	0
AF	0	0.520300	1	1	0	0	0	0	0
AF	0	0.520924	1	1	0	0	0	0	0
AF	0	0.521237	1	1	0	0	0	0	0
AF	0	0.521549	1	0	1	0	0	0	0
AF	0	0.522798	2	1	1	0	0	0	0
AF	0	0.523111	1	1	0	0	0	0	0
AF	0	0.523423	1	0	1	0	0	0	0
AF	0	0.523735	1	0	1	0	0	0	0
AF	0	0.524047	4	3	1	0	0	0	0
AF	0	0.524360	1	1	0	0	0	0	0
AF	0	0.525921	3	0	3	0	0	0	0
AF	0	0.526234	2	2	0	0	0	0	0
AF	0	0.526546	1	1	0	0	0	0	0
AF	0	0.526858	1	1	0	0	0	0	0
AF	0	0.527171	2	2	0	0	0	0	0
AF	0	0.527483	4	2	2	0	0	0	0
AF	0	0.527795	1	1	0	0	0	0	0
AF	0	0.528107	1	1	0	0	0	0	0
AF	0	0.528732	2	0	2	0	0	0	0
AF	0	0.529357	1	1	0	0	0	0	0
AF	0	0.529669	1	1	0	0	0	0	0
AF	0	0.530294	2	0	2	0	0	0	0
AF	0	0.530606	1	1	0	0	0	0	0
AF	0	0.530918	2	2	0	0	0	0	0
AF	0	0.531230	2	2	0	0	0	0	0
AF	0	0.531855	2	1	1	0	0	0	0
AF	0	0.532167	1	0	1	0	0	0	0
AF	0	0.532480	1	0	1	0	0	0	0
AF	0	0.532792	1	0	1	0	0	0	0
AF	0	0.538726	1	1	0	0	0	0	0
AF	0	0.539350	2	1	1	0	0	0	0
AF	0	0.539663	2	1	1	0	0	0	0
AF	0	0.540287	1	1	0	0	0	0	0
AF	0	0.540600	3	1	2	0	0	0	0
AF	0	0.541224	3	3	0	0	0	0	0
AF	0	0.541537	3	3	0	0	0	0	0
AF	0	0.541849	6	5	1	0	0	0	0
AF	0	0.542161	4	2	2	0	0	0	0
AF	0	0.542473	2	2	0	0	0	0	0
AF	0	0.543410	1	0	1	0	0	0	0
AF	0	0.543723	1	0	1	0	0	0	0
AF	0	0.544035	1	1	0	0	0	0	0
AF	0	0.545284	1	1	0	0	0	0	0
AF	0	0.545597	1	1	0	0	0	0	0
AF	0	0.545909	1	1	0	0	0	0	0
AF	0	0.546846	2	2	0	0	0	0	0
AF	0	0.547470	1	0	1	0	0	0	0
AF	0	0.547783	1	0	1	0	0	0	0
AF	0	0.548095	1	1	0	0	0	0	0
AF	0	0.548407	1	1	0	0	0	0	0
AF	0	0.549344	2	1	1	0	0	0	0
AF	0	0.549656	2	1	1	0	0	0	0
AF	0	0.549969	3	1	2	0	0	0	0
AF	0	0.550593	1	0	1	0	0	0	0
AF	0	0.550906	7	6	1	0	0	0	0
AF	0	0.551218	20	13	7	0	0	0	0
AF	0	0.551530	4	4	0	0	0	0	0
AF	0	0.551843	2	1	1	0	0	0	0
AF	0	0.552155	2	1	1	0	0	0	0
AF	0	0.553716	4	4	0	0	0	0	0
AF	0	0.554341	1	1	0	0	0	0	0
AF	0	0.554966	6	3	3	0	0	0	0
AF	0	0.555278	1	1	0	0	0	0	0
AF	0	0.555903	5	5	0	0	0	0	0
AF	0	0.556215	1	1	0	0	0	0	0
AF	0	0.556527	4	3	1	0	0	0	0
AF	0	0.556839	3	2	1	0	0	0	0
AF	0	0.557152	4	2	2	0	0	0	0
AF	0	0.557464	2	2	0	0	0	0	0
AF	0	0.557776	5	4	1	0	0	0	0
AF	0	0.558089	1	0	1	0	0	0	0
AF	0	0.558401	1	1	0	0	0	0	0
AF	0	0.558713	1	0	1	0	0	0	0
AF	0	0.559026	1	1	0	0	0	0	0
AF	0	0.559650	1	1	0	0	0	0	0
AF	0	0.560275	1	1	0	0	0	0	0
AF	0	0.560587	1	1	0	0	0	0	0
AF	0	0.560899	2	2	0	0	0	0	0
AF	0	0.562149	2	2	0	0	0	0	0
AF	0	0.563398	1	1	0	0	0	0	0
AF	0	0.564022	1	1	0	0	0	0	0
AF	0	0.569644	1	0	1	0	0	0	0
AF	0	0.569956	1	1	0	0	0	0	0
AF	0	0.570269	1	0	1	0	0	0	0
AF	0	0.570893	1	0	1	0	0	0	0
AF	0	0.571205	1	0	1	0	0	0	0
AF	0	0.573392	1	1	0	0	0	0	0
AF	0	0.573704	1	1	0	0	0	0	0
AF	0	0.574016	2	0	2	0	0	0	0
AF	0	0.574641	1	1	0	0	0	0	0
AF	0	0.574953	1	1	0	0	0	0	0
AF	0	0.575890	1	0	1	0	0	0	0
AF	0	0.576515	1	1	0	0	0	0	0
AF	0	0.577139	3	3	0	0	0	0	0
AF	0	0.577764	2	0	2	0	0	0	0
AF	0	0.579638	1	0	1	0	0	0	0
AF	0	0.579950	2	1	1	0	0	0	0
AF	0	0.580262	1	0	1	0	0	0	0
AF	0	0.582136	1	1	0	0	0	0	0
AF	0	0.585259	1	1	0	0	0	0	0
AF	0	0.585572	1	1	0	0	0	0	0
AF	0	0.586196	1	0	1	0	0	0	0
AF	0	0.586508	3	3	0	0	0	0	0
AF	0	0.586821	4	2	2	0	0	0	0
AF	0	0.587445	4	3	1	0	0	0	0
AF	0	0.587758	5	3	2	0	0	0	0
AF	0	0.588070	1	0	1	0	0	0	0
AF	0	0.588382	1	1	0	0	0	0	0
AF	0	0.588695	1	0	1	0	0	0	0
AF	0	0.589319	1	1	0	0	0	0	0
AF	0	0.589944	2	2	0	0	0	0	0
AF	0	0.590881	2	1	1	0	0	0	0
AF	0	0.591193	1	1	0	0	0	0	0
AF	0	0.592130	1	1	0	0	0	0	0
AF	0	0.592442	2	2	0	0	0	0	0
AF	0	0.592755	3	1	2	0	0	0	0
AF	0	0.593379	5	3	2	0	0	0	0
AF	0	0.594628	1	1	0	0	0	0	0
AF	0	0.595253	1	1	0	0	0	0	0
AF	0	0.596190	2	1	1	0	0	0	0
AF	0	0.596502	1	0	1	0	0	0	0
AF	0	0.596814	1	0	1	0	0	0	0
AF	0	0.597127	1	1	0	0	0	0	0
AF	0	0.597751	3	2	1	0	0	0	0
AF	0	0.598376	1	1	0	0	0	0	0
AF	0	0.599001	1	1	0	0	0	0	0
AF	0	0.599625	1	1	0	0	0	0	0
AF	0	0.600250	1	1	0	0	0	0	0
AF	0	0.600562	2	1	1	0	0	0	0
AF	0	0.600874	1	1	0	0	0	0	0
AF	0	0.602124	1	1	0	0	0	0	0
AF	0	0.602748	2	1	1	0	0	0	0
AF	0	0.606496	1	1	0	0	0	0	0
AF	0	0.607121	1	0	1	0	0	0	0
AF	0	0.607433	1	0	1	0	0	0	0
AF	0	0.607745	2	2	0	0	0	0	0
AF	0	0.608682	1	1	0	0	0	0	0
AF	0	0.608994	1	1	0	0	0	0	0
AF	0	0.612742	2	1	1	0	0	0	0
AF	0	0.613367	1	1	0	0	0	0	0
AF	0	0.617739	2	0	2	0	0	0	0
AF	0	0.618051	1	0	1	0	0	0	0
AF	0	0.620237	1	1	0	0	0	0	0
AF	0	0.620862	1	1	0	0	0	0	0
AF	0	0.622736	1	0	1	0	0	0	0
AF	0	0.623048	1	1	0	0	0	0	0
AF	0	0.623360	1	1	0	0	0	0	0
AF	0	0.623985	1	1	0	0	0	0	0
AF	0	0.624297	1	1	0	0	0	0	0
AF	0	0.625859	2	2	0	0	0	0	0
AF	0	0.626171	1	1	0	0	0	0	0
AF	0	0.626483	1	1	0	0	0	0	0
AF	0	0.628045	1	1	0	0	0	0	0
AF	0	0.631480	1	1	0	0	0	0	0
AF	0	0.636165	1	0	1	0	0	0	0
AF	0	0.637726	1	1	0	0	0	0	0
AF	0	0.638976	1	1	0	0	0	0	0
AF	0	0.640537	1	1	0	0	0	0	0
AF	0	0.642099	2	1	1	0	0	0	0
AF	0	0.642411	1	1	0	0	0	0	0
AF	0	0.643348	1	1	0	0	0	0	0
AF	0	0.643660	2	2	0	0	0	0	0
AF	0	0.643973	2	2	0	0	0	0	0
AF	0	0.644597	5	2	3	0	0	0	0
AF	0	0.645222	1	1	0	0	0	0	0
AF	0	0.645534	3	3	0	0	0	0	0
AF	0	0.645846	1	1	0	0	0	0	0
AF	0	0.646471	1	1	0	0	0	0	0
AF	0	0.648345	4	4	0	0	0	0	0
AF	0	0.649282	1	1	0	0	0	0	0
AF	0	0.649594	2	1	1	0	0	0	0
AF	0	0.650219	2	1	1	0	0	0	0
AF	0	0.650843	3	3	0	0	0	0	0
AF	0	0.651468	1	1	0	0	0	0	0
AF	0	0.652405	1	1	0	0	0	0	0
AF	0	0.652717	1	0	1	0	0	0	0
AF	0	0.653654	1	1	0	0	0	0	0
AF	0	0.654279	1	1	0	0	0	0	0
AF	0	0.654591	1	0	1	0	0	0	0
AF	0	0.655215	1	1	0	0	0	0	0
AF	0	0.657089	1	0	1	0	0	0	0
AF	0	0.657402	2	0	2	0	0	0	0
AF	0	0.657714	1	1	0	0	0	0	0
AF	0	0.658339	1	1	0	0	0	0	0
AF	0	0.658963	1	1	0	0	0	0	0
AF	0	0.659588	2	1	1	0	0	0	0
AF	0	0.659900	2	1	1	0	0	0	0
AF	0	0.660212	1	0	1	0	0	0	0
AF	0	0.660525	1	1	0	0	0	0	0
AF	0	0.660837	1	0	1	0	0	0	0
AF	0	0.661774	1	1	0	0	0	0	0
AF	0	0.662086	1	0	1	0	0	0	0
AF	0	0.663335	1	1	0	0	0	0	0
AF	0	0.663960	3	1	2	0	0	0	0
AF	0	0.664272	1	1	0	0	0	0	0
AF	0	0.664585	1	0	1	0	0	0	0
AF	0	0.665209	1	0	1	0	0	0	0
AF	0	0.665522	1	1	0	0	0	0	0
AF	0	0.666146	2	1	1	0	0	0	0
AF	0	0.667083	1	1	0	0	0	0	0
AF	0	0.668645	1	1	0	0	0	0	0
AF	0	0.669269	3	2	1	0	0	0	0
AF	0	0.669582	2	0	2	0	0	0	0
AF	0	0.670518	1	1	0	0	0	0	0
AF	0	0.670831	1	1	0	0	0	0	0
AF	0	0.671143	1	0	1	0	0	0	0
AF	0	0.672392	4	3	1	0	0	0	0
AF	0	0.673641	1	1	0	0	0	0	0
AF	0	0.674266	1	1	0	0	0	0	0
AF	0	0.675515	1	1	0	0	0	0	0
AF	0	0.676765	1	1	0	0	0	0	0
AF	0	0.678014	1	1	0	0	0	0	0
AF	0	0.680824	1	1	0	0	0	0	0
AF	0	0.687383	2	2	0	0	0	0	0
AF	0	0.687695	1	1	0	0	0	0	0
AF	0	0.693629	1	1	0	0	0	0	0
AF	0	0.696752	1	0	1	0	0	0	0
AF	0	0.701124	1	0	1	0	0	0	0
AF	0	0.703623	1	1	0	0	0	0	0
AF	0	0.706121	1	1	0	0	0	0	0
AF	0	0.707058	1	1	0	0	0	0	0
AF	0	0.708620	1	1	0	0	0	0	0
AF	0	0.711430	1	1	0	0	0	0	0
AF	0	0.713304	1	1	0	0	0	0	0
AF	0	0.713929	1	1	0	0	0	0	0
AF	0	0.714241	1	1	0	0	0	0	0
AF	0	0.715178	1	0	1	0	0	0	0
AF	0	0.715490	1	1	0	0	0	0	0
AF	0	0.717052	1	1	0	0	0	0	0
AF	0	0.717989	1	0	1	0	0	0	0
AF	0	0.719238	1	1	0	0	0	0	0
AF	0	0.719550	1	1	0	0	0	0	0
AF	0	0.725484	2	2	0	0	0	0	0
AF	0	0.727670	1	1	0	0	0	0	0
AF	0	0.728295	1	0	1	0	0	0	0
AF	0	0.729856	1	1	0	0	0	0	0
AF	0	0.730481	1	1	0	0	0	0	0
AF	0	0.731106	1	0	1	0	0	0	0
AF	0	0.731418	1	0	1	0	0	0	0
AF	0	0.731730	1	0	1	0	0	0	0
AF	0	0.734853	1	1	0	0	0	0	0
AF	0	0.738601	1	1	0	0	0	0	0
AF	0	0.739225	1	1	0	0	0	0	0
AF	0	0.741412	1	1	0	0	0	0	0
AF	0	0.746096	1	0	1	0	0	0	0
AF	0	0.750468	1	1	0	0	0	0	0
AF	0	0.752655	1	1	0	0	0	0	0
AF	0	0.758901	1	0	1	0	0	0	0
AF	0	0.763585	1	1	0	0	0	0	0
AF	0	0.767645	2	2	0	0	0	0	0
AF	0	0.768582	1	1	0	0	0	0	0
AF	0	0.771705	1	1	0	0	0	0	0
AF	0	0.773891	2	1	1	0	0	0	0
AF	0	0.774204	1	1	0	0	0	0	0
AF	0	0.775453	2	1	1	0	0	0	0
AF	0	0.777639	2	2	0	0	0	0	0
AF	0	0.778576	1	0	1	0	0	0	0
AF	0	0.778888	2	1	1	0	0	0	0
AF	0	0.779513	1	1	0	0	0	0	0
AF	0	0.789507	1	1	0	0	0	0	0
AF	0	0.793879	2	2	0	0	0	0	0
AF	0	0.794191	1	0	1	0	0	0	0
AF	0	0.794816	1	1	0	0	0	0	0
AF	0	0.795128	1	0	1	0	0	0	0
AF	0	0.796065	1	1	0	0	0	0	0
AF	0	0.797002	1	1	0	0	0	0	0
AF	0	0.798563	2	2	0	0	0	0	0
AF	0	0.799188	1	0	1	0	0	0	0
AF	0	0.799500	1	0	1	0	0	0	0
AF	0	0.800437	1	1	0	0	0	0	0
AF	0	0.802311	1	1	0	0	0	0	0
AF	0	0.802623	2	2	0	0	0	0	0
AF	0	0.803560	1	1	0	0	0	0	0
AF	0	0.803873	1	1	0	0	0	0	0
AF	0	0.804497	2	1	1	0	0	0	0
AF	0	0.805434	1	0	1	0	0	0	0
AF	0	0.805746	1	1	0	0	0	0	0
AF	0	0.806059	1	0	1	0	0	0	0
AF	0	0.806683	1	0	1	0	0	0	0
AF	0	0.806996	1	0	1	0	0	0	0
AF	0	0.812617	2	1	1	0	0	0	0
AF	0	0.815428	1	0	1	0	0	0	0
AF	0	0.818863	1	0	1	0	0	0	0
AF	0	0.821049	1	1	0	0	0	0	0
AF	0	0.821986	1	1	0	0	0	0	0
AF	0	0.822611	1	1	0	0	0	0	0
AF	0	0.824485	1	0	1	0	0	0	0
AF	0	0.825734	2	1	1	0	0	0	0
AF	0	0.826359	3	2	1	0	0	0	0
AF	0	0.828232	1	0	1	0	0	0	0
AF	0	0.831668	1	1	0	0	0	0	0
AF	0	0.831980	1	1	0	0	0	0	0
AF	0	0.832605	1	1	0	0	0	0	0
AF	0	0.833229	1	1	0	0	0	0	0
AF	0	0.842598	1	1	0	0	0	0	0
AF	0	0.843223	1	0	1	0	0	0	0
AF	0	0.843848	1	1	0	0	0	0	0
AF	0	0.847908	1	0	1	0	0	0	0
AF	0	0.848844	1	1	0	0	0	0	0
AF	0	0.849157	1	0	1	0	0	0	0
AF	0	0.849469	1	1	0	0	0	0	0
AF	0	0.852904	1	1	0	0	0	0	0
AF	0	0.858838	1	0	1	0	0	0	0
AF	0	0.864772	1	1	0	0	0	0	0
AF	0	0.865084	1	1	0	0	0	0	0
AF	0	0.866021	1	1	0	0	0	0	0
AF	0	0.866334	1	1	0	0	0	0	0
AF	0	0.866646	2	2	0	0	0	0	0
AF	0	0.866958	3	2	1	0	0	0	0
AF	0	0.867895	1	1	0	0	0	0	0
AF	0	0.868520	1	1	0	0	0	0	0
AF	0	0.868832	3	2	1	0	0	0	0
AF	0	0.870706	4	1	3	0	0	0	0
AF	0	0.871018	1	1	0	0	0	0	0
AF	0	0.872580	2	1	1	0	0	0	0
AF	0	0.872892	1	1	0	0	0	0	0
AF	0	0.873204	3	1	2	0	0	0	0
AF	0	0.873829	1	1	0	0	0	0	0
AF	0	0.875703	1	1	0	0	0	0	0
AF	0	0.877577	1	1	0	0	0	0	0
AF	0	0.883823	1	0	1	0	0	0	0
AF	0	0.890069	1	1	0	0	0	0	0
AF	0	0.891006	1	1	0	0	0	0	0
AF	0	0.902249	1	1	0	0	0	0	0
AF	0	0.913492	1	0	1	0	0	0	0
AF	0	0.924735	3	2	1	0	0	0	0
AF	0	0.928795	1	1	0	0	0	0	0
AF	0	0.929107	1	1	0	0	0	0	0
AF	0	0.930356	1	1	0	0	0	0	0
AF	0	0.946908	1	1	0	0	0	0	0
AF	0	0.949094	1	0	1	0	0	0	0
AF	0	0.958463	1	1	0	0	0	0	0
AF	0	0.960337	2	1	1	0	0	0	0
AF	0	0.960962	1	1	0	0	0	0	0
AF	0	0.963148	2	2	0	0	0	0	0
AF	0	0.964085	1	0	1	0	0	0	0
AF	0	0.964397	1	1	0	0	0	0	0
AF	0	0.965334	1	1	0	0	0	0	0
AF	0	0.965959	3	0	3	0	0	0	0
AF	0	0.966896	1	1	0	0	0	0	0
AF	0	0.967520	1	0	1	0	0	0	0
AF	0	0.967833	1	1	0	0	0	0	0
AF	0	0.968457	1	1	0	0	0	0	0
AF	0	0.973454	1	1	0	0	0	0	0
AF	0	0.979076	1	0	1	0	0	0	0
AF	0	0.986571	1	1	0	0	0	0	0
AF	0	0.987508	1	0	1	0	0	0	0
AF	0	0.990006	1	1	0	0	0	0	0
AF	0	0.990319	1	1	0	0	0	0	0
AF	0	0.990631	1	1	0	0	0	0	0
AF	0	0.991255	1	1	0	0	0	0	0
AF	0	0.991880	1	1	0	0	0	0	0
AF	0	0.993754	1	1	0	0	0	0	0
AF	0	0.997814	1	0	1	0	0	0	0
AF	0	0.999063	2	2	0	0	0	0	0
# QUAL, Stats by quality
# QUAL	[2]id	[3]Quality	[4]number of SNPs	[5]number of transitions (1st ALT)	[6]number of transversions (1st ALT)	[7]number of indels
QUAL	0	.	14081	9595	4486	0
# IDD, InDel distribution:
# IDD	[2]id	[3]length (deletions negative)	[4]number of sites	[5]number of genotypes	[6]mean VAF
# ST, Substitution types:
# ST	[2]id	[3]type	[4]count
ST	0	A>C	511
ST	0	A>G	2315
ST	0	A>T	513
ST	0	C>A	657
ST	0	C>G	588
ST	0	C>T	2714
ST	0	G>A	2752
ST	0	G>C	545
ST	0	G>T	620
ST	0	T>A	516
ST	0	T>C	1814
ST	0	T>G	536
# DP, Depth distribution
# DP	[2]id	[3]bin	[4]number of genotypes	[5]fraction of genotypes (%)	[6]number of sites	[7]fraction of sites (%)
  - Fix haploid genotypes in males...

Submit MakeDiploidMalesX finished successfully. Let's have a beer, buddy!

