Submit MakeDiploidMalesX
version 1.1.6 (2024-09-30)

These are the settings:
  Input file................: /hpc/local/Rocky8/dhl_ec/software/MonopogenLite/resources/1kGP_high_coverage_Illumina.SNVonly_poly.filtered_AF_5e-04.norm.fixvariantid.chrX.vcf.gz
  Output file...............: /hpc/local/Rocky8/dhl_ec/software/MonopogenLite/resources/1kGP_high_coverage_Illumina.SNVonly_poly.filtered_AF_5e-04.norm.fixvariantid.makediploid.chrX.vcf.gz
  Chunk size................: 100

  SLURM CPUs................: 4
  SLURM Array ID............: 68 (of 100)
  SLURM memory..............: 16G
  SLURM time................: 01:00:00
  SLURM mail type...........: FAIL
  SLURM mail user...........: s.w.vanderlaan-2@umcutrecht.nl

  Dry run mode..............: 0
  Debug mode................: 1
  Verbosity.................: 0
  Version...................: 1.1.6 (2024-09-30)

Making converting haploid genotypes to diploid genotypes.
> Extract the region for this SLURM task (# 68) from the BED file.
  - Get the chunk number from the SLURM array task ID and the bed file...
DEBUG: Extracting chunk number: 68p from 68
DEBUG: Extracting region from BED file: /hpc/local/Rocky8/dhl_ec/software/MonopogenLite/resources/chrX_100pieces.bed
  - Extract the region from the BED file...
DEBUG: Extracted raw region: 'chrX	104547337	106107744' (chunk #: 68p of 100 for job 68)
  - Check if a valid region was extracted -- should be 'chrX	104547337	106107744'...
  - Prepare the region for bcftools...
  - Check if the region (chrX:104547337-106107744) was successfully extracted...
> Processing region 'chrX:104547337-106107744'...
  - Process the specific region (chunk# 68) using bcftools view...
  - Index the VCF file...
DEBUG: Check if the VCF file was successfully processed...
##fileformat=VCFv4.2
##FILTER=<ID=PASS,Description="All filters passed">
##fileDate=29/01/2022 - 14:31:41
##source=shapeit4.2.2
##contig=<ID=chr1,length=248956422>
##contig=<ID=chr2,length=242193529>
##contig=<ID=chr3,length=198295559>
##contig=<ID=chr4,length=190214555>
##contig=<ID=chr5,length=181538259>
##contig=<ID=chr6,length=170805979>
# This file was produced by bcftools stats (1.20+htslib-1.20) and can be plotted using plot-vcfstats.
# The command line was:	bcftools stats  /hpc/local/Rocky8/dhl_ec/software/MonopogenLite/resources/chrX.part68.vcf.gz
#
# Definition of sets:
# ID	[2]id	[3]tab-separated file names
ID	0	/hpc/local/Rocky8/dhl_ec/software/MonopogenLite/resources/chrX.part68.vcf.gz
# SN, Summary numbers:
#   number of records   .. number of data rows in the VCF
#   number of no-ALTs   .. reference-only sites, ALT is either "." or identical to REF
#   number of SNPs      .. number of rows with a SNP
#   number of MNPs      .. number of rows with a MNP, such as CC>TT
#   number of indels    .. number of rows with an indel
#   number of others    .. number of rows with other type, for example a symbolic allele or
#                          a complex substitution, such as ACT>TCGA
#   number of multiallelic sites     .. number of rows with multiple alternate alleles
#   number of multiallelic SNP sites .. number of rows with multiple alternate alleles, all SNPs
# 
#   Note that rows containing multiple types will be counted multiple times, in each
#   counter. For example, a row with a SNP and an indel increments both the SNP and
#   the indel counter.
# 
# SN	[2]id	[3]key	[4]value
SN	0	number of samples:	3202
SN	0	number of records:	13389
SN	0	number of no-ALTs:	0
SN	0	number of SNPs:	13389
SN	0	number of MNPs:	0
SN	0	number of indels:	0
SN	0	number of others:	0
SN	0	number of multiallelic sites:	0
SN	0	number of multiallelic SNP sites:	0
# TSTV, transitions/transversions:
# TSTV	[2]id	[3]ts	[4]tv	[5]ts/tv	[6]ts (1st ALT)	[7]tv (1st ALT)	[8]ts/tv (1st ALT)
TSTV	0	8888	4501	1.97	8888	4501	1.97
# SiS, Singleton stats:
# SiS	[2]id	[3]allele count	[4]number of SNPs	[5]number of transitions	[6]number of transversions	[7]number of indels	[8]repeat-consistent	[9]repeat-inconsistent	[10]not applicable
SiS	0	1	0	0	0	0	0	0	0
# AF, Stats by non-reference allele frequency:
# AF	[2]id	[3]allele frequency	[4]number of SNPs	[5]number of transitions	[6]number of transversions	[7]number of indels	[8]repeat-consistent	[9]repeat-inconsistent	[10]not applicable
AF	0	0.000312	2370	1569	801	0	0	0	0
AF	0	0.000625	1439	969	470	0	0	0	0
AF	0	0.000937	1514	1035	479	0	0	0	0
AF	0	0.001249	488	305	183	0	0	0	0
AF	0	0.001562	788	540	248	0	0	0	0
AF	0	0.001874	214	148	66	0	0	0	0
AF	0	0.002186	465	303	162	0	0	0	0
AF	0	0.002498	138	97	41	0	0	0	0
AF	0	0.002811	317	197	120	0	0	0	0
AF	0	0.003123	139	92	47	0	0	0	0
AF	0	0.003435	308	201	107	0	0	0	0
AF	0	0.003748	100	67	33	0	0	0	0
AF	0	0.004060	193	118	75	0	0	0	0
AF	0	0.004372	97	59	38	0	0	0	0
AF	0	0.004685	210	149	61	0	0	0	0
AF	0	0.004997	92	61	31	0	0	0	0
AF	0	0.005309	128	74	54	0	0	0	0
AF	0	0.005621	73	46	27	0	0	0	0
AF	0	0.005934	120	74	46	0	0	0	0
AF	0	0.006246	57	48	9	0	0	0	0
AF	0	0.006558	88	58	30	0	0	0	0
AF	0	0.006871	61	37	24	0	0	0	0
AF	0	0.007183	58	38	20	0	0	0	0
AF	0	0.007495	25	20	5	0	0	0	0
AF	0	0.007808	58	43	15	0	0	0	0
AF	0	0.008120	22	11	11	0	0	0	0
AF	0	0.008432	67	41	26	0	0	0	0
AF	0	0.008745	77	55	22	0	0	0	0
AF	0	0.009057	85	55	30	0	0	0	0
AF	0	0.009369	51	37	14	0	0	0	0
AF	0	0.009681	55	32	23	0	0	0	0
AF	0	0.009994	28	18	10	0	0	0	0
AF	0	0.010306	43	29	14	0	0	0	0
AF	0	0.010618	45	34	11	0	0	0	0
AF	0	0.010931	145	94	51	0	0	0	0
AF	0	0.011243	17	14	3	0	0	0	0
AF	0	0.011555	27	17	10	0	0	0	0
AF	0	0.011868	11	8	3	0	0	0	0
AF	0	0.012180	26	19	7	0	0	0	0
AF	0	0.012492	30	21	9	0	0	0	0
AF	0	0.012804	29	21	8	0	0	0	0
AF	0	0.013117	18	9	9	0	0	0	0
AF	0	0.013429	34	22	12	0	0	0	0
AF	0	0.013741	10	8	2	0	0	0	0
AF	0	0.014054	26	16	10	0	0	0	0
AF	0	0.014366	3	2	1	0	0	0	0
AF	0	0.014678	26	21	5	0	0	0	0
AF	0	0.014991	6	2	4	0	0	0	0
AF	0	0.015303	27	21	6	0	0	0	0
AF	0	0.015615	35	24	11	0	0	0	0
AF	0	0.015928	30	18	12	0	0	0	0
AF	0	0.016240	43	26	17	0	0	0	0
AF	0	0.016552	38	26	12	0	0	0	0
AF	0	0.016864	15	9	6	0	0	0	0
AF	0	0.017177	41	29	12	0	0	0	0
AF	0	0.017489	16	12	4	0	0	0	0
AF	0	0.017801	23	17	6	0	0	0	0
AF	0	0.018114	3	3	0	0	0	0	0
AF	0	0.018426	20	12	8	0	0	0	0
AF	0	0.018738	4	2	2	0	0	0	0
AF	0	0.019051	12	10	2	0	0	0	0
AF	0	0.019363	8	4	4	0	0	0	0
AF	0	0.019675	22	16	6	0	0	0	0
AF	0	0.019988	14	9	5	0	0	0	0
AF	0	0.020300	35	26	9	0	0	0	0
AF	0	0.020612	2	1	1	0	0	0	0
AF	0	0.020924	10	7	3	0	0	0	0
AF	0	0.021237	2	2	0	0	0	0	0
AF	0	0.021549	12	10	2	0	0	0	0
AF	0	0.021861	5	4	1	0	0	0	0
AF	0	0.022174	12	11	1	0	0	0	0
AF	0	0.022486	9	6	3	0	0	0	0
AF	0	0.022798	8	7	1	0	0	0	0
AF	0	0.023111	4	4	0	0	0	0	0
AF	0	0.023423	18	12	6	0	0	0	0
AF	0	0.023735	11	6	5	0	0	0	0
AF	0	0.024047	30	21	9	0	0	0	0
AF	0	0.024360	7	5	2	0	0	0	0
AF	0	0.024672	15	13	2	0	0	0	0
AF	0	0.024984	12	10	2	0	0	0	0
AF	0	0.025297	15	11	4	0	0	0	0
AF	0	0.025609	9	2	7	0	0	0	0
AF	0	0.025921	24	13	11	0	0	0	0
AF	0	0.026234	28	18	10	0	0	0	0
AF	0	0.026546	33	25	8	0	0	0	0
AF	0	0.026858	17	12	5	0	0	0	0
AF	0	0.027171	14	8	6	0	0	0	0
AF	0	0.027483	2	2	0	0	0	0	0
AF	0	0.027795	23	16	7	0	0	0	0
AF	0	0.028107	9	6	3	0	0	0	0
AF	0	0.028420	29	19	10	0	0	0	0
AF	0	0.028732	10	6	4	0	0	0	0
AF	0	0.029044	16	14	2	0	0	0	0
AF	0	0.029357	4	2	2	0	0	0	0
AF	0	0.029669	6	5	1	0	0	0	0
AF	0	0.029981	3	1	2	0	0	0	0
AF	0	0.030294	11	6	5	0	0	0	0
AF	0	0.030606	10	5	5	0	0	0	0
AF	0	0.030918	20	13	7	0	0	0	0
AF	0	0.031230	7	4	3	0	0	0	0
AF	0	0.031543	18	11	7	0	0	0	0
AF	0	0.031855	7	4	3	0	0	0	0
AF	0	0.032167	21	15	6	0	0	0	0
AF	0	0.032480	13	12	1	0	0	0	0
AF	0	0.032792	12	6	6	0	0	0	0
AF	0	0.033104	10	5	5	0	0	0	0
AF	0	0.033417	6	2	4	0	0	0	0
AF	0	0.033729	2	1	1	0	0	0	0
AF	0	0.034041	11	6	5	0	0	0	0
AF	0	0.034354	5	3	2	0	0	0	0
AF	0	0.034666	19	15	4	0	0	0	0
AF	0	0.034978	7	4	3	0	0	0	0
AF	0	0.035290	12	5	7	0	0	0	0
AF	0	0.035603	1	0	1	0	0	0	0
AF	0	0.035915	2	1	1	0	0	0	0
AF	0	0.036227	3	3	0	0	0	0	0
AF	0	0.036540	6	2	4	0	0	0	0
AF	0	0.036852	2	1	1	0	0	0	0
AF	0	0.037164	9	4	5	0	0	0	0
AF	0	0.037477	5	3	2	0	0	0	0
AF	0	0.037789	14	13	1	0	0	0	0
AF	0	0.038101	6	3	3	0	0	0	0
AF	0	0.038413	6	4	2	0	0	0	0
AF	0	0.038726	2	1	1	0	0	0	0
AF	0	0.039038	5	4	1	0	0	0	0
AF	0	0.039350	5	2	3	0	0	0	0
AF	0	0.039663	2	1	1	0	0	0	0
AF	0	0.039975	3	2	1	0	0	0	0
AF	0	0.040287	27	18	9	0	0	0	0
AF	0	0.040600	3	2	1	0	0	0	0
AF	0	0.040912	4	2	2	0	0	0	0
AF	0	0.041224	4	1	3	0	0	0	0
AF	0	0.041537	5	4	1	0	0	0	0
AF	0	0.041849	1	1	0	0	0	0	0
AF	0	0.042161	2	0	2	0	0	0	0
AF	0	0.042786	1	0	1	0	0	0	0
AF	0	0.043410	2	1	1	0	0	0	0
AF	0	0.044035	8	7	1	0	0	0	0
AF	0	0.044347	3	1	2	0	0	0	0
AF	0	0.044660	20	14	6	0	0	0	0
AF	0	0.044972	6	5	1	0	0	0	0
AF	0	0.045284	15	4	11	0	0	0	0
AF	0	0.045597	15	9	6	0	0	0	0
AF	0	0.045909	6	2	4	0	0	0	0
AF	0	0.046221	2	2	0	0	0	0	0
AF	0	0.046533	4	3	1	0	0	0	0
AF	0	0.046846	2	0	2	0	0	0	0
AF	0	0.047158	3	2	1	0	0	0	0
AF	0	0.047470	2	0	2	0	0	0	0
AF	0	0.047783	1	1	0	0	0	0	0
AF	0	0.048095	1	1	0	0	0	0	0
AF	0	0.048407	2	1	1	0	0	0	0
AF	0	0.048720	4	4	0	0	0	0	0
AF	0	0.049032	1	0	1	0	0	0	0
AF	0	0.049656	5	2	3	0	0	0	0
AF	0	0.049969	4	2	2	0	0	0	0
AF	0	0.050281	2	1	1	0	0	0	0
AF	0	0.050593	3	2	1	0	0	0	0
AF	0	0.050906	2	1	1	0	0	0	0
AF	0	0.051530	2	2	0	0	0	0	0
AF	0	0.052155	1	1	0	0	0	0	0
AF	0	0.052780	2	0	2	0	0	0	0
AF	0	0.053092	1	1	0	0	0	0	0
AF	0	0.053404	6	5	1	0	0	0	0
AF	0	0.053716	2	2	0	0	0	0	0
AF	0	0.054029	5	5	0	0	0	0	0
AF	0	0.054341	4	2	2	0	0	0	0
AF	0	0.054966	2	0	2	0	0	0	0
AF	0	0.055278	2	2	0	0	0	0	0
AF	0	0.055903	7	6	1	0	0	0	0
AF	0	0.056215	2	1	1	0	0	0	0
AF	0	0.056527	7	6	1	0	0	0	0
AF	0	0.056839	2	1	1	0	0	0	0
AF	0	0.057152	4	4	0	0	0	0	0
AF	0	0.057464	4	3	1	0	0	0	0
AF	0	0.057776	11	6	5	0	0	0	0
AF	0	0.058089	9	7	2	0	0	0	0
AF	0	0.058401	11	10	1	0	0	0	0
AF	0	0.058713	5	2	3	0	0	0	0
AF	0	0.059026	4	3	1	0	0	0	0
AF	0	0.059650	10	3	7	0	0	0	0
AF	0	0.059963	2	0	2	0	0	0	0
AF	0	0.060275	6	4	2	0	0	0	0
AF	0	0.060587	6	1	5	0	0	0	0
AF	0	0.060899	28	21	7	0	0	0	0
AF	0	0.061212	3	1	2	0	0	0	0
AF	0	0.061524	12	7	5	0	0	0	0
AF	0	0.061836	1	1	0	0	0	0	0
AF	0	0.062149	4	2	2	0	0	0	0
AF	0	0.062461	1	0	1	0	0	0	0
AF	0	0.062773	4	3	1	0	0	0	0
AF	0	0.063398	7	5	2	0	0	0	0
AF	0	0.063710	3	2	1	0	0	0	0
AF	0	0.064022	7	5	2	0	0	0	0
AF	0	0.064335	3	2	1	0	0	0	0
AF	0	0.064647	11	4	7	0	0	0	0
AF	0	0.064959	5	3	2	0	0	0	0
AF	0	0.065272	4	2	2	0	0	0	0
AF	0	0.065584	4	2	2	0	0	0	0
AF	0	0.065896	9	5	4	0	0	0	0
AF	0	0.066209	10	7	3	0	0	0	0
AF	0	0.066521	23	15	8	0	0	0	0
AF	0	0.066833	10	5	5	0	0	0	0
AF	0	0.067458	1	1	0	0	0	0	0
AF	0	0.067770	2	2	0	0	0	0	0
AF	0	0.068082	1	0	1	0	0	0	0
AF	0	0.068395	2	1	1	0	0	0	0
AF	0	0.068707	1	1	0	0	0	0	0
AF	0	0.069019	8	5	3	0	0	0	0
AF	0	0.069332	12	6	6	0	0	0	0
AF	0	0.069644	8	6	2	0	0	0	0
AF	0	0.069956	5	2	3	0	0	0	0
AF	0	0.070269	9	8	1	0	0	0	0
AF	0	0.070581	3	3	0	0	0	0	0
AF	0	0.070893	3	2	1	0	0	0	0
AF	0	0.071205	4	2	2	0	0	0	0
AF	0	0.071518	2	1	1	0	0	0	0
AF	0	0.071830	2	1	1	0	0	0	0
AF	0	0.072142	12	6	6	0	0	0	0
AF	0	0.072455	10	8	2	0	0	0	0
AF	0	0.072767	14	11	3	0	0	0	0
AF	0	0.073079	3	3	0	0	0	0	0
AF	0	0.073392	9	5	4	0	0	0	0
AF	0	0.073704	5	5	0	0	0	0	0
AF	0	0.074016	11	10	1	0	0	0	0
AF	0	0.074329	4	3	1	0	0	0	0
AF	0	0.074641	20	14	6	0	0	0	0
AF	0	0.074953	2	1	1	0	0	0	0
AF	0	0.075265	6	5	1	0	0	0	0
AF	0	0.075890	20	14	6	0	0	0	0
AF	0	0.076202	13	9	4	0	0	0	0
AF	0	0.076515	16	12	4	0	0	0	0
AF	0	0.076827	5	4	1	0	0	0	0
AF	0	0.077139	4	2	2	0	0	0	0
AF	0	0.077452	2	2	0	0	0	0	0
AF	0	0.077764	4	2	2	0	0	0	0
AF	0	0.078389	1	0	1	0	0	0	0
AF	0	0.078701	2	2	0	0	0	0	0
AF	0	0.079638	2	1	1	0	0	0	0
AF	0	0.080262	2	2	0	0	0	0	0
AF	0	0.080887	5	4	1	0	0	0	0
AF	0	0.081199	2	1	1	0	0	0	0
AF	0	0.081512	7	5	2	0	0	0	0
AF	0	0.081824	3	1	2	0	0	0	0
AF	0	0.082136	7	6	1	0	0	0	0
AF	0	0.082448	2	1	1	0	0	0	0
AF	0	0.082761	5	5	0	0	0	0	0
AF	0	0.083073	2	1	1	0	0	0	0
AF	0	0.083385	2	1	1	0	0	0	0
AF	0	0.083698	1	1	0	0	0	0	0
AF	0	0.084010	4	3	1	0	0	0	0
AF	0	0.084635	2	1	1	0	0	0	0
AF	0	0.084947	2	2	0	0	0	0	0
AF	0	0.085259	1	1	0	0	0	0	0
AF	0	0.085884	6	4	2	0	0	0	0
AF	0	0.086196	1	1	0	0	0	0	0
AF	0	0.086508	2	2	0	0	0	0	0
AF	0	0.086821	2	1	1	0	0	0	0
AF	0	0.087133	1	0	1	0	0	0	0
AF	0	0.088070	1	1	0	0	0	0	0
AF	0	0.088382	2	2	0	0	0	0	0
AF	0	0.090568	1	1	0	0	0	0	0
AF	0	0.090881	4	1	3	0	0	0	0
AF	0	0.091193	1	1	0	0	0	0	0
AF	0	0.091505	9	6	3	0	0	0	0
AF	0	0.092130	2	2	0	0	0	0	0
AF	0	0.092755	1	0	1	0	0	0	0
AF	0	0.093379	2	2	0	0	0	0	0
AF	0	0.094004	1	1	0	0	0	0	0
AF	0	0.097127	1	0	1	0	0	0	0
AF	0	0.097439	1	0	1	0	0	0	0
AF	0	0.097751	5	4	1	0	0	0	0
AF	0	0.098376	1	1	0	0	0	0	0
AF	0	0.098688	1	1	0	0	0	0	0
AF	0	0.099001	15	10	5	0	0	0	0
AF	0	0.099313	2	1	1	0	0	0	0
AF	0	0.099625	5	3	2	0	0	0	0
AF	0	0.099938	1	0	1	0	0	0	0
AF	0	0.100250	1	1	0	0	0	0	0
AF	0	0.101187	1	1	0	0	0	0	0
AF	0	0.102124	3	2	1	0	0	0	0
AF	0	0.102436	2	0	2	0	0	0	0
AF	0	0.103685	1	0	1	0	0	0	0
AF	0	0.103998	5	2	3	0	0	0	0
AF	0	0.104310	3	1	2	0	0	0	0
AF	0	0.104622	3	2	1	0	0	0	0
AF	0	0.104934	2	2	0	0	0	0	0
AF	0	0.105247	9	5	4	0	0	0	0
AF	0	0.105559	4	4	0	0	0	0	0
AF	0	0.105871	4	4	0	0	0	0	0
AF	0	0.106496	1	0	1	0	0	0	0
AF	0	0.107121	2	1	1	0	0	0	0
AF	0	0.109307	1	0	1	0	0	0	0
AF	0	0.109619	1	0	1	0	0	0	0
AF	0	0.109931	1	0	1	0	0	0	0
AF	0	0.111805	1	1	0	0	0	0	0
AF	0	0.112742	1	0	1	0	0	0	0
AF	0	0.113054	2	2	0	0	0	0	0
AF	0	0.113679	6	1	5	0	0	0	0
AF	0	0.113991	1	1	0	0	0	0	0
AF	0	0.114928	1	1	0	0	0	0	0
AF	0	0.115865	1	0	1	0	0	0	0
AF	0	0.116177	3	2	1	0	0	0	0
AF	0	0.116802	2	2	0	0	0	0	0
AF	0	0.117739	1	0	1	0	0	0	0
AF	0	0.118051	1	1	0	0	0	0	0
AF	0	0.118364	2	1	1	0	0	0	0
AF	0	0.119300	1	1	0	0	0	0	0
AF	0	0.119613	1	0	1	0	0	0	0
AF	0	0.119925	1	0	1	0	0	0	0
AF	0	0.121174	1	0	1	0	0	0	0
AF	0	0.122423	1	0	1	0	0	0	0
AF	0	0.122736	1	1	0	0	0	0	0
AF	0	0.123673	1	1	0	0	0	0	0
AF	0	0.125547	1	1	0	0	0	0	0
AF	0	0.126171	1	0	1	0	0	0	0
AF	0	0.126796	6	3	3	0	0	0	0
AF	0	0.127420	1	0	1	0	0	0	0
AF	0	0.127733	2	2	0	0	0	0	0
AF	0	0.128045	3	1	2	0	0	0	0
AF	0	0.128357	10	7	3	0	0	0	0
AF	0	0.128670	3	1	2	0	0	0	0
AF	0	0.128982	6	3	3	0	0	0	0
AF	0	0.129294	13	10	3	0	0	0	0
AF	0	0.129606	5	4	1	0	0	0	0
AF	0	0.129919	37	20	17	0	0	0	0
AF	0	0.130231	1	1	0	0	0	0	0
AF	0	0.130543	2	0	2	0	0	0	0
AF	0	0.130856	4	3	1	0	0	0	0
AF	0	0.131168	2	2	0	0	0	0	0
AF	0	0.131793	2	1	1	0	0	0	0
AF	0	0.132730	2	1	1	0	0	0	0
AF	0	0.133042	7	6	1	0	0	0	0
AF	0	0.134291	1	0	1	0	0	0	0
AF	0	0.136165	9	3	6	0	0	0	0
AF	0	0.136790	7	5	2	0	0	0	0
AF	0	0.138663	1	1	0	0	0	0	0
AF	0	0.139288	1	0	1	0	0	0	0
AF	0	0.139600	1	0	1	0	0	0	0
AF	0	0.140537	1	0	1	0	0	0	0
AF	0	0.140849	1	1	0	0	0	0	0
AF	0	0.141474	1	0	1	0	0	0	0
AF	0	0.143660	1	0	1	0	0	0	0
AF	0	0.145534	1	1	0	0	0	0	0
AF	0	0.146159	1	0	1	0	0	0	0
AF	0	0.146471	4	4	0	0	0	0	0
AF	0	0.146783	2	1	1	0	0	0	0
AF	0	0.151156	1	0	1	0	0	0	0
AF	0	0.151780	2	0	2	0	0	0	0
AF	0	0.152092	17	13	4	0	0	0	0
AF	0	0.152405	30	11	19	0	0	0	0
AF	0	0.153029	1	0	1	0	0	0	0
AF	0	0.154903	1	0	1	0	0	0	0
AF	0	0.155528	2	2	0	0	0	0	0
AF	0	0.156152	1	1	0	0	0	0	0
AF	0	0.156465	2	2	0	0	0	0	0
AF	0	0.157089	1	1	0	0	0	0	0
AF	0	0.162399	1	1	0	0	0	0	0
AF	0	0.163023	1	0	1	0	0	0	0
AF	0	0.163335	4	4	0	0	0	0	0
AF	0	0.163648	4	3	1	0	0	0	0
AF	0	0.163960	1	1	0	0	0	0	0
AF	0	0.164585	2	2	0	0	0	0	0
AF	0	0.167395	1	0	1	0	0	0	0
AF	0	0.168645	1	0	1	0	0	0	0
AF	0	0.173329	1	1	0	0	0	0	0
AF	0	0.173641	1	0	1	0	0	0	0
AF	0	0.174266	1	0	1	0	0	0	0
AF	0	0.174891	1	1	0	0	0	0	0
AF	0	0.175515	1	0	1	0	0	0	0
AF	0	0.176765	2	2	0	0	0	0	0
AF	0	0.177077	1	1	0	0	0	0	0
AF	0	0.177701	1	1	0	0	0	0	0
AF	0	0.178014	1	0	1	0	0	0	0
AF	0	0.178638	1	1	0	0	0	0	0
AF	0	0.178951	1	1	0	0	0	0	0
AF	0	0.180512	1	0	1	0	0	0	0
AF	0	0.182386	1	1	0	0	0	0	0
AF	0	0.183323	1	1	0	0	0	0	0
AF	0	0.184572	1	0	1	0	0	0	0
AF	0	0.184884	3	0	3	0	0	0	0
AF	0	0.185197	3	3	0	0	0	0	0
AF	0	0.185509	2	2	0	0	0	0	0
AF	0	0.186134	1	1	0	0	0	0	0
AF	0	0.187383	3	3	0	0	0	0	0
AF	0	0.187695	4	2	2	0	0	0	0
AF	0	0.188007	8	5	3	0	0	0	0
AF	0	0.188320	3	1	2	0	0	0	0
AF	0	0.188632	5	5	0	0	0	0	0
AF	0	0.188944	2	1	1	0	0	0	0
AF	0	0.189257	6	3	3	0	0	0	0
AF	0	0.189569	2	2	0	0	0	0	0
AF	0	0.189881	3	2	1	0	0	0	0
AF	0	0.190194	1	1	0	0	0	0	0
AF	0	0.190818	1	1	0	0	0	0	0
AF	0	0.191443	1	1	0	0	0	0	0
AF	0	0.191755	1	1	0	0	0	0	0
AF	0	0.194254	1	1	0	0	0	0	0
AF	0	0.194878	1	0	1	0	0	0	0
AF	0	0.195191	1	1	0	0	0	0	0
AF	0	0.195503	4	4	0	0	0	0	0
AF	0	0.195815	2	1	1	0	0	0	0
AF	0	0.196127	1	1	0	0	0	0	0
AF	0	0.196440	1	1	0	0	0	0	0
AF	0	0.196752	1	1	0	0	0	0	0
AF	0	0.197377	1	1	0	0	0	0	0
AF	0	0.198001	1	1	0	0	0	0	0
AF	0	0.198314	1	1	0	0	0	0	0
AF	0	0.198938	2	1	1	0	0	0	0
AF	0	0.200500	2	1	1	0	0	0	0
AF	0	0.200812	2	1	1	0	0	0	0
AF	0	0.201124	1	0	1	0	0	0	0
AF	0	0.202374	1	1	0	0	0	0	0
AF	0	0.203310	1	1	0	0	0	0	0
AF	0	0.203623	2	0	2	0	0	0	0
AF	0	0.207683	2	2	0	0	0	0	0
AF	0	0.208620	2	2	0	0	0	0	0
AF	0	0.209244	1	1	0	0	0	0	0
AF	0	0.209869	1	1	0	0	0	0	0
AF	0	0.212367	1	1	0	0	0	0	0
AF	0	0.212992	1	1	0	0	0	0	0
AF	0	0.213304	1	0	1	0	0	0	0
AF	0	0.213929	1	0	1	0	0	0	0
AF	0	0.214241	1	1	0	0	0	0	0
AF	0	0.215490	8	5	3	0	0	0	0
AF	0	0.215803	4	2	2	0	0	0	0
AF	0	0.216427	1	1	0	0	0	0	0
AF	0	0.216740	1	1	0	0	0	0	0
AF	0	0.217989	1	1	0	0	0	0	0
AF	0	0.219238	5	5	0	0	0	0	0
AF	0	0.220487	1	0	1	0	0	0	0
AF	0	0.220800	1	1	0	0	0	0	0
AF	0	0.222049	5	3	2	0	0	0	0
AF	0	0.222673	4	2	2	0	0	0	0
AF	0	0.222986	2	2	0	0	0	0	0
AF	0	0.223610	1	1	0	0	0	0	0
AF	0	0.224859	1	1	0	0	0	0	0
AF	0	0.225172	2	0	2	0	0	0	0
AF	0	0.227046	1	1	0	0	0	0	0
AF	0	0.227358	1	0	1	0	0	0	0
AF	0	0.227670	2	2	0	0	0	0	0
AF	0	0.227983	2	2	0	0	0	0	0
AF	0	0.228295	16	10	6	0	0	0	0
AF	0	0.230793	1	1	0	0	0	0	0
AF	0	0.232667	1	1	0	0	0	0	0
AF	0	0.233604	2	1	1	0	0	0	0
AF	0	0.235790	2	0	2	0	0	0	0
AF	0	0.236415	1	1	0	0	0	0	0
AF	0	0.236727	1	1	0	0	0	0	0
AF	0	0.238289	1	0	1	0	0	0	0
AF	0	0.239538	2	1	1	0	0	0	0
AF	0	0.240162	2	1	1	0	0	0	0
AF	0	0.240787	1	1	0	0	0	0	0
AF	0	0.244222	1	0	1	0	0	0	0
AF	0	0.244535	1	0	1	0	0	0	0
AF	0	0.246096	1	0	1	0	0	0	0
AF	0	0.247345	1	1	0	0	0	0	0
AF	0	0.248907	1	0	1	0	0	0	0
AF	0	0.249219	5	5	0	0	0	0	0
AF	0	0.249532	1	0	1	0	0	0	0
AF	0	0.250468	2	1	1	0	0	0	0
AF	0	0.250781	7	5	2	0	0	0	0
AF	0	0.252030	1	0	1	0	0	0	0
AF	0	0.253279	1	1	0	0	0	0	0
AF	0	0.257964	1	0	1	0	0	0	0
AF	0	0.259525	3	3	0	0	0	0	0
AF	0	0.259838	2	1	1	0	0	0	0
AF	0	0.260150	4	4	0	0	0	0	0
AF	0	0.260462	1	1	0	0	0	0	0
AF	0	0.260775	1	1	0	0	0	0	0
AF	0	0.261399	1	1	0	0	0	0	0
AF	0	0.263898	1	0	1	0	0	0	0
AF	0	0.265459	1	1	0	0	0	0	0
AF	0	0.266084	1	0	1	0	0	0	0
AF	0	0.268894	1	0	1	0	0	0	0
AF	0	0.270456	1	1	0	0	0	0	0
AF	0	0.272330	2	1	1	0	0	0	0
AF	0	0.272642	1	0	1	0	0	0	0
AF	0	0.273267	1	1	0	0	0	0	0
AF	0	0.274516	1	0	1	0	0	0	0
AF	0	0.275453	1	0	1	0	0	0	0
AF	0	0.278264	1	1	0	0	0	0	0
AF	0	0.279513	1	1	0	0	0	0	0
AF	0	0.280137	1	1	0	0	0	0	0
AF	0	0.282011	2	2	0	0	0	0	0
AF	0	0.282636	1	1	0	0	0	0	0
AF	0	0.282948	1	1	0	0	0	0	0
AF	0	0.283573	1	1	0	0	0	0	0
AF	0	0.283885	2	2	0	0	0	0	0
AF	0	0.284197	1	0	1	0	0	0	0
AF	0	0.289507	1	1	0	0	0	0	0
AF	0	0.290443	1	1	0	0	0	0	0
AF	0	0.290756	1	1	0	0	0	0	0
AF	0	0.291380	1	1	0	0	0	0	0
AF	0	0.291693	1	1	0	0	0	0	0
AF	0	0.292317	1	0	1	0	0	0	0
AF	0	0.292630	1	0	1	0	0	0	0
AF	0	0.293254	1	0	1	0	0	0	0
AF	0	0.295753	1	1	0	0	0	0	0
AF	0	0.296065	1	0	1	0	0	0	0
AF	0	0.297002	1	0	1	0	0	0	0
AF	0	0.298251	1	0	1	0	0	0	0
AF	0	0.298876	1	0	1	0	0	0	0
AF	0	0.300125	1	1	0	0	0	0	0
AF	0	0.305746	2	2	0	0	0	0	0
AF	0	0.309182	1	0	1	0	0	0	0
AF	0	0.310431	2	1	1	0	0	0	0
AF	0	0.310743	1	0	1	0	0	0	0
AF	0	0.311368	2	0	2	0	0	0	0
AF	0	0.311680	2	2	0	0	0	0	0
AF	0	0.311993	1	1	0	0	0	0	0
AF	0	0.312305	1	1	0	0	0	0	0
AF	0	0.312617	1	1	0	0	0	0	0
AF	0	0.312929	2	2	0	0	0	0	0
AF	0	0.313242	6	2	4	0	0	0	0
AF	0	0.313554	1	0	1	0	0	0	0
AF	0	0.313866	5	4	1	0	0	0	0
AF	0	0.314179	3	2	1	0	0	0	0
AF	0	0.314491	4	3	1	0	0	0	0
AF	0	0.314803	1	1	0	0	0	0	0
AF	0	0.315116	2	1	1	0	0	0	0
AF	0	0.315740	1	1	0	0	0	0	0
AF	0	0.316052	1	1	0	0	0	0	0
AF	0	0.316989	1	1	0	0	0	0	0
AF	0	0.317614	1	1	0	0	0	0	0
AF	0	0.317926	2	2	0	0	0	0	0
AF	0	0.318551	1	0	1	0	0	0	0
AF	0	0.318863	3	1	2	0	0	0	0
AF	0	0.319176	1	1	0	0	0	0	0
AF	0	0.319800	1	1	0	0	0	0	0
AF	0	0.321986	1	1	0	0	0	0	0
AF	0	0.322299	1	1	0	0	0	0	0
AF	0	0.322611	1	0	1	0	0	0	0
AF	0	0.322923	2	2	0	0	0	0	0
AF	0	0.324172	1	1	0	0	0	0	0
AF	0	0.324485	3	3	0	0	0	0	0
AF	0	0.324797	1	1	0	0	0	0	0
AF	0	0.325109	2	1	1	0	0	0	0
AF	0	0.325422	2	1	1	0	0	0	0
AF	0	0.325734	1	1	0	0	0	0	0
AF	0	0.326983	3	2	1	0	0	0	0
AF	0	0.327920	1	1	0	0	0	0	0
AF	0	0.328857	1	0	1	0	0	0	0
AF	0	0.329169	1	1	0	0	0	0	0
AF	0	0.329482	1	1	0	0	0	0	0
AF	0	0.330106	1	1	0	0	0	0	0
AF	0	0.332917	1	1	0	0	0	0	0
AF	0	0.333229	1	0	1	0	0	0	0
AF	0	0.334791	1	1	0	0	0	0	0
AF	0	0.335103	2	2	0	0	0	0	0
AF	0	0.336040	1	1	0	0	0	0	0
AF	0	0.336977	2	1	1	0	0	0	0
AF	0	0.337289	2	1	1	0	0	0	0
AF	0	0.338226	1	0	1	0	0	0	0
AF	0	0.338538	1	0	1	0	0	0	0
AF	0	0.339163	1	0	1	0	0	0	0
AF	0	0.340412	1	1	0	0	0	0	0
AF	0	0.341037	1	0	1	0	0	0	0
AF	0	0.343223	1	0	1	0	0	0	0
AF	0	0.343535	1	1	0	0	0	0	0
AF	0	0.343848	1	1	0	0	0	0	0
AF	0	0.344160	1	1	0	0	0	0	0
AF	0	0.344472	1	1	0	0	0	0	0
AF	0	0.344785	2	1	1	0	0	0	0
AF	0	0.345409	2	1	1	0	0	0	0
AF	0	0.345721	2	2	0	0	0	0	0
AF	0	0.346034	4	4	0	0	0	0	0
AF	0	0.346346	2	0	2	0	0	0	0
AF	0	0.346658	1	1	0	0	0	0	0
AF	0	0.346971	3	2	1	0	0	0	0
AF	0	0.347283	2	1	1	0	0	0	0
AF	0	0.347595	3	3	0	0	0	0	0
AF	0	0.347908	3	2	1	0	0	0	0
AF	0	0.348220	2	1	1	0	0	0	0
AF	0	0.348844	2	2	0	0	0	0	0
AF	0	0.349157	5	3	2	0	0	0	0
AF	0	0.349469	2	1	1	0	0	0	0
AF	0	0.349781	3	3	0	0	0	0	0
AF	0	0.350406	2	2	0	0	0	0	0
AF	0	0.351655	2	1	1	0	0	0	0
AF	0	0.351968	1	1	0	0	0	0	0
AF	0	0.352280	1	1	0	0	0	0	0
AF	0	0.352592	1	1	0	0	0	0	0
AF	0	0.352904	2	2	0	0	0	0	0
AF	0	0.353529	1	1	0	0	0	0	0
AF	0	0.354154	2	1	1	0	0	0	0
AF	0	0.354778	1	0	1	0	0	0	0
AF	0	0.355715	1	1	0	0	0	0	0
AF	0	0.356027	1	1	0	0	0	0	0
AF	0	0.357277	4	2	2	0	0	0	0
AF	0	0.357589	1	0	1	0	0	0	0
AF	0	0.357901	1	1	0	0	0	0	0
AF	0	0.358214	3	3	0	0	0	0	0
AF	0	0.358526	2	2	0	0	0	0	0
AF	0	0.359151	1	0	1	0	0	0	0
AF	0	0.359775	2	1	1	0	0	0	0
AF	0	0.362586	1	0	1	0	0	0	0
AF	0	0.364147	1	0	1	0	0	0	0
AF	0	0.364772	2	1	1	0	0	0	0
AF	0	0.365084	1	1	0	0	0	0	0
AF	0	0.365397	7	3	4	0	0	0	0
AF	0	0.365709	2	1	1	0	0	0	0
AF	0	0.366021	10	8	2	0	0	0	0
AF	0	0.366334	2	0	2	0	0	0	0
AF	0	0.366646	2	1	1	0	0	0	0
AF	0	0.367270	5	5	0	0	0	0	0
AF	0	0.367895	2	2	0	0	0	0	0
AF	0	0.368520	1	1	0	0	0	0	0
AF	0	0.369144	1	0	1	0	0	0	0
AF	0	0.369457	2	2	0	0	0	0	0
AF	0	0.369769	4	4	0	0	0	0	0
AF	0	0.372267	2	0	2	0	0	0	0
AF	0	0.372580	1	0	1	0	0	0	0
AF	0	0.373517	1	1	0	0	0	0	0
AF	0	0.375390	1	1	0	0	0	0	0
AF	0	0.376640	1	1	0	0	0	0	0
AF	0	0.376952	1	1	0	0	0	0	0
AF	0	0.377577	3	2	1	0	0	0	0
AF	0	0.377889	1	1	0	0	0	0	0
AF	0	0.379138	1	0	1	0	0	0	0
AF	0	0.381324	1	0	1	0	0	0	0
AF	0	0.384447	2	2	0	0	0	0	0
AF	0	0.384760	1	1	0	0	0	0	0
AF	0	0.385384	1	0	1	0	0	0	0
AF	0	0.385696	3	0	3	0	0	0	0
AF	0	0.386009	3	1	2	0	0	0	0
AF	0	0.386321	1	1	0	0	0	0	0
AF	0	0.390069	2	1	1	0	0	0	0
AF	0	0.392567	1	1	0	0	0	0	0
AF	0	0.396315	1	1	0	0	0	0	0
AF	0	0.398501	1	0	1	0	0	0	0
AF	0	0.402561	1	0	1	0	0	0	0
AF	0	0.403810	1	0	1	0	0	0	0
AF	0	0.406621	1	0	1	0	0	0	0
AF	0	0.407245	1	1	0	0	0	0	0
AF	0	0.407870	2	1	1	0	0	0	0
AF	0	0.408182	2	1	1	0	0	0	0
AF	0	0.408807	1	0	1	0	0	0	0
AF	0	0.410056	1	1	0	0	0	0	0
AF	0	0.410369	1	1	0	0	0	0	0
AF	0	0.410681	2	1	1	0	0	0	0
AF	0	0.410993	2	2	0	0	0	0	0
AF	0	0.411305	1	0	1	0	0	0	0
AF	0	0.411618	2	2	0	0	0	0	0
AF	0	0.411930	1	1	0	0	0	0	0
AF	0	0.412242	4	3	1	0	0	0	0
AF	0	0.412867	1	1	0	0	0	0	0
AF	0	0.413179	1	1	0	0	0	0	0
AF	0	0.413492	2	1	1	0	0	0	0
AF	0	0.414741	3	3	0	0	0	0	0
AF	0	0.415053	1	1	0	0	0	0	0
AF	0	0.415365	1	1	0	0	0	0	0
AF	0	0.415990	1	1	0	0	0	0	0
AF	0	0.417239	1	1	0	0	0	0	0
AF	0	0.417552	1	0	1	0	0	0	0
AF	0	0.424422	2	1	1	0	0	0	0
AF	0	0.424735	1	0	1	0	0	0	0
AF	0	0.425359	1	0	1	0	0	0	0
AF	0	0.425671	3	3	0	0	0	0	0
AF	0	0.425984	4	1	3	0	0	0	0
AF	0	0.426296	2	2	0	0	0	0	0
AF	0	0.426608	3	3	0	0	0	0	0
AF	0	0.427233	3	2	1	0	0	0	0
AF	0	0.427545	2	2	0	0	0	0	0
AF	0	0.427858	1	1	0	0	0	0	0
AF	0	0.428482	1	1	0	0	0	0	0
AF	0	0.429107	1	0	1	0	0	0	0
AF	0	0.429419	1	0	1	0	0	0	0
AF	0	0.431605	1	1	0	0	0	0	0
AF	0	0.433167	1	0	1	0	0	0	0
AF	0	0.433479	1	1	0	0	0	0	0
AF	0	0.435665	1	1	0	0	0	0	0
AF	0	0.437539	1	1	0	0	0	0	0
AF	0	0.437851	1	1	0	0	0	0	0
AF	0	0.438164	1	1	0	0	0	0	0
AF	0	0.440350	1	1	0	0	0	0	0
AF	0	0.441599	3	0	3	0	0	0	0
AF	0	0.442536	1	0	1	0	0	0	0
AF	0	0.442848	1	0	1	0	0	0	0
AF	0	0.443473	1	0	1	0	0	0	0
AF	0	0.446284	1	1	0	0	0	0	0
AF	0	0.447220	2	1	1	0	0	0	0
AF	0	0.447533	1	1	0	0	0	0	0
AF	0	0.449407	2	2	0	0	0	0	0
AF	0	0.450968	1	0	1	0	0	0	0
AF	0	0.451905	2	1	1	0	0	0	0
AF	0	0.459400	1	1	0	0	0	0	0
AF	0	0.461274	1	0	1	0	0	0	0
AF	0	0.463460	2	1	1	0	0	0	0
AF	0	0.464710	2	2	0	0	0	0	0
AF	0	0.467520	1	1	0	0	0	0	0
AF	0	0.468145	1	0	1	0	0	0	0
AF	0	0.468770	1	1	0	0	0	0	0
AF	0	0.469082	1	1	0	0	0	0	0
AF	0	0.469706	1	0	1	0	0	0	0
AF	0	0.471268	1	0	1	0	0	0	0
AF	0	0.475016	1	0	1	0	0	0	0
AF	0	0.483760	1	1	0	0	0	0	0
AF	0	0.490006	1	1	0	0	0	0	0
AF	0	0.490943	1	1	0	0	0	0	0
AF	0	0.491255	1	1	0	0	0	0	0
AF	0	0.491568	1	1	0	0	0	0	0
AF	0	0.491880	1	1	0	0	0	0	0
AF	0	0.492505	1	1	0	0	0	0	0
AF	0	0.494379	1	1	0	0	0	0	0
AF	0	0.494691	1	1	0	0	0	0	0
AF	0	0.498126	1	0	1	0	0	0	0
AF	0	0.499688	1	0	1	0	0	0	0
AF	0	0.500312	1	1	0	0	0	0	0
AF	0	0.503748	1	0	1	0	0	0	0
AF	0	0.505309	1	1	0	0	0	0	0
AF	0	0.505621	2	1	1	0	0	0	0
AF	0	0.506246	1	0	1	0	0	0	0
AF	0	0.509994	1	1	0	0	0	0	0
AF	0	0.510618	1	1	0	0	0	0	0
AF	0	0.512492	1	1	0	0	0	0	0
AF	0	0.513117	1	1	0	0	0	0	0
AF	0	0.515615	2	2	0	0	0	0	0
AF	0	0.516864	2	2	0	0	0	0	0
AF	0	0.519363	1	1	0	0	0	0	0
AF	0	0.519988	1	0	1	0	0	0	0
AF	0	0.521237	2	2	0	0	0	0	0
AF	0	0.521549	1	1	0	0	0	0	0
AF	0	0.521861	1	0	1	0	0	0	0
AF	0	0.523423	1	1	0	0	0	0	0
AF	0	0.523735	1	1	0	0	0	0	0
AF	0	0.524047	1	1	0	0	0	0	0
AF	0	0.524360	2	2	0	0	0	0	0
AF	0	0.524672	1	1	0	0	0	0	0
AF	0	0.524984	2	2	0	0	0	0	0
AF	0	0.525297	1	1	0	0	0	0	0
AF	0	0.525921	1	1	0	0	0	0	0
AF	0	0.526546	1	1	0	0	0	0	0
AF	0	0.535915	1	0	1	0	0	0	0
AF	0	0.546846	1	0	1	0	0	0	0
AF	0	0.548095	1	0	1	0	0	0	0
AF	0	0.548407	3	2	1	0	0	0	0
AF	0	0.548720	1	1	0	0	0	0	0
AF	0	0.549032	1	0	1	0	0	0	0
AF	0	0.549344	4	3	1	0	0	0	0
AF	0	0.549969	4	1	3	0	0	0	0
AF	0	0.550281	2	2	0	0	0	0	0
AF	0	0.550593	2	2	0	0	0	0	0
AF	0	0.550906	3	2	1	0	0	0	0
AF	0	0.551843	3	2	1	0	0	0	0
AF	0	0.552155	1	0	1	0	0	0	0
AF	0	0.552780	2	1	1	0	0	0	0
AF	0	0.553092	1	0	1	0	0	0	0
AF	0	0.555278	1	1	0	0	0	0	0
AF	0	0.556215	1	1	0	0	0	0	0
AF	0	0.556527	4	4	0	0	0	0	0
AF	0	0.557152	2	0	2	0	0	0	0
AF	0	0.558089	1	1	0	0	0	0	0
AF	0	0.559338	1	1	0	0	0	0	0
AF	0	0.559650	1	1	0	0	0	0	0
AF	0	0.562773	1	1	0	0	0	0	0
AF	0	0.563398	1	1	0	0	0	0	0
AF	0	0.564647	1	0	1	0	0	0	0
AF	0	0.566521	1	0	1	0	0	0	0
AF	0	0.567458	1	1	0	0	0	0	0
AF	0	0.567770	2	1	1	0	0	0	0
AF	0	0.568082	1	1	0	0	0	0	0
AF	0	0.569332	1	1	0	0	0	0	0
AF	0	0.569644	1	1	0	0	0	0	0
AF	0	0.570269	1	1	0	0	0	0	0
AF	0	0.570893	1	1	0	0	0	0	0
AF	0	0.572142	3	1	2	0	0	0	0
AF	0	0.572767	1	1	0	0	0	0	0
AF	0	0.573704	1	1	0	0	0	0	0
AF	0	0.574016	1	0	1	0	0	0	0
AF	0	0.574953	1	1	0	0	0	0	0
AF	0	0.575890	1	0	1	0	0	0	0
AF	0	0.577139	1	1	0	0	0	0	0
AF	0	0.579013	1	0	1	0	0	0	0
AF	0	0.579325	1	1	0	0	0	0	0
AF	0	0.580262	1	1	0	0	0	0	0
AF	0	0.580575	1	1	0	0	0	0	0
AF	0	0.581824	1	0	1	0	0	0	0
AF	0	0.582136	1	1	0	0	0	0	0
AF	0	0.582761	1	0	1	0	0	0	0
AF	0	0.583385	3	1	2	0	0	0	0
AF	0	0.583698	1	1	0	0	0	0	0
AF	0	0.584635	1	1	0	0	0	0	0
AF	0	0.585259	2	1	1	0	0	0	0
AF	0	0.588382	1	1	0	0	0	0	0
AF	0	0.588695	1	1	0	0	0	0	0
AF	0	0.589007	1	1	0	0	0	0	0
AF	0	0.589631	1	1	0	0	0	0	0
AF	0	0.590256	1	1	0	0	0	0	0
AF	0	0.590568	1	0	1	0	0	0	0
AF	0	0.590881	1	0	1	0	0	0	0
AF	0	0.595253	1	0	1	0	0	0	0
AF	0	0.595878	1	0	1	0	0	0	0
AF	0	0.597751	1	1	0	0	0	0	0
AF	0	0.598064	1	0	1	0	0	0	0
AF	0	0.600250	1	0	1	0	0	0	0
AF	0	0.605559	1	1	0	0	0	0	0
AF	0	0.609619	2	2	0	0	0	0	0
AF	0	0.610556	1	0	1	0	0	0	0
AF	0	0.612742	2	2	0	0	0	0	0
AF	0	0.613367	2	2	0	0	0	0	0
AF	0	0.613991	3	2	1	0	0	0	0
AF	0	0.614304	1	0	1	0	0	0	0
AF	0	0.615240	1	1	0	0	0	0	0
AF	0	0.618364	1	1	0	0	0	0	0
AF	0	0.618676	2	1	1	0	0	0	0
AF	0	0.619613	1	1	0	0	0	0	0
AF	0	0.621487	1	1	0	0	0	0	0
AF	0	0.629606	1	0	1	0	0	0	0
AF	0	0.634916	1	1	0	0	0	0	0
AF	0	0.637726	1	1	0	0	0	0	0
AF	0	0.641162	1	1	0	0	0	0	0
AF	0	0.644285	1	1	0	0	0	0	0
AF	0	0.644909	1	0	1	0	0	0	0
AF	0	0.652717	2	2	0	0	0	0	0
AF	0	0.662399	1	1	0	0	0	0	0
AF	0	0.662711	2	2	0	0	0	0	0
AF	0	0.663335	1	1	0	0	0	0	0
AF	0	0.663960	1	1	0	0	0	0	0
AF	0	0.669894	1	1	0	0	0	0	0
AF	0	0.671768	1	1	0	0	0	0	0
AF	0	0.672392	1	1	0	0	0	0	0
AF	0	0.680824	1	0	1	0	0	0	0
AF	0	0.681761	1	0	1	0	0	0	0
AF	0	0.686134	1	0	1	0	0	0	0
AF	0	0.686758	3	3	0	0	0	0	0
AF	0	0.687071	1	1	0	0	0	0	0
AF	0	0.688007	1	0	1	0	0	0	0
AF	0	0.688944	1	1	0	0	0	0	0
AF	0	0.689257	1	1	0	0	0	0	0
AF	0	0.689569	1	1	0	0	0	0	0
AF	0	0.689881	1	1	0	0	0	0	0
AF	0	0.693004	1	0	1	0	0	0	0
AF	0	0.694254	1	1	0	0	0	0	0
AF	0	0.694566	1	0	1	0	0	0	0
AF	0	0.696752	1	1	0	0	0	0	0
AF	0	0.698001	1	1	0	0	0	0	0
AF	0	0.704560	1	1	0	0	0	0	0
AF	0	0.708307	1	1	0	0	0	0	0
AF	0	0.757651	1	1	0	0	0	0	0
AF	0	0.766396	1	1	0	0	0	0	0
AF	0	0.766708	1	1	0	0	0	0	0
AF	0	0.767021	1	1	0	0	0	0	0
AF	0	0.767333	1	0	1	0	0	0	0
AF	0	0.770768	1	0	1	0	0	0	0
AF	0	0.776077	1	1	0	0	0	0	0
AF	0	0.777327	1	1	0	0	0	0	0
AF	0	0.778888	1	0	1	0	0	0	0
AF	0	0.779200	1	0	1	0	0	0	0
AF	0	0.781387	8	6	2	0	0	0	0
AF	0	0.781699	3	2	1	0	0	0	0
AF	0	0.783260	1	0	1	0	0	0	0
AF	0	0.783885	1	1	0	0	0	0	0
AF	0	0.786384	1	1	0	0	0	0	0
AF	0	0.791380	1	1	0	0	0	0	0
AF	0	0.798563	1	1	0	0	0	0	0
AF	0	0.811680	1	1	0	0	0	0	0
AF	0	0.820737	1	1	0	0	0	0	0
AF	0	0.824797	1	1	0	0	0	0	0
AF	0	0.825422	2	1	1	0	0	0	0
AF	0	0.845721	1	1	0	0	0	0	0
AF	0	0.847595	1	1	0	0	0	0	0
AF	0	0.879450	1	1	0	0	0	0	0
AF	0	0.881324	1	1	0	0	0	0	0
AF	0	0.904435	1	0	1	0	0	0	0
AF	0	0.915365	1	1	0	0	0	0	0
AF	0	0.917239	1	0	1	0	0	0	0
AF	0	0.930981	1	0	1	0	0	0	0
AF	0	0.932230	1	1	0	0	0	0	0
AF	0	0.932542	4	3	1	0	0	0	0
AF	0	0.932854	9	7	2	0	0	0	0
AF	0	0.933167	1	1	0	0	0	0	0
AF	0	0.933791	2	2	0	0	0	0	0
AF	0	0.934104	6	4	2	0	0	0	0
AF	0	0.934416	1	1	0	0	0	0	0
AF	0	0.934728	5	3	2	0	0	0	0
AF	0	0.935041	1	1	0	0	0	0	0
AF	0	0.935353	1	1	0	0	0	0	0
AF	0	0.935978	1	1	0	0	0	0	0
AF	0	0.939413	1	1	0	0	0	0	0
AF	0	0.940037	1	1	0	0	0	0	0
AF	0	0.940350	1	0	1	0	0	0	0
AF	0	0.942224	1	1	0	0	0	0	0
AF	0	0.943473	2	1	1	0	0	0	0
AF	0	0.944722	1	0	1	0	0	0	0
AF	0	0.952842	1	0	1	0	0	0	0
AF	0	0.966583	1	0	1	0	0	0	0
AF	0	0.967208	1	1	0	0	0	0	0
AF	0	0.969706	2	2	0	0	0	0	0
AF	0	0.983448	2	1	1	0	0	0	0
AF	0	0.986259	1	0	1	0	0	0	0
AF	0	0.987820	3	1	2	0	0	0	0
AF	0	0.989382	4	3	1	0	0	0	0
AF	0	0.990943	2	2	0	0	0	0	0
AF	0	0.991568	1	1	0	0	0	0	0
AF	0	0.992817	5	5	0	0	0	0	0
AF	0	0.993442	1	0	1	0	0	0	0
AF	0	0.994066	1	0	1	0	0	0	0
AF	0	0.994379	2	2	0	0	0	0	0
AF	0	0.994691	2	1	1	0	0	0	0
AF	0	0.996565	1	1	0	0	0	0	0
AF	0	0.998438	1	1	0	0	0	0	0
AF	0	0.999063	1	1	0	0	0	0	0
# QUAL, Stats by quality
# QUAL	[2]id	[3]Quality	[4]number of SNPs	[5]number of transitions (1st ALT)	[6]number of transversions (1st ALT)	[7]number of indels
QUAL	0	.	13389	8888	4501	0
# IDD, InDel distribution:
# IDD	[2]id	[3]length (deletions negative)	[4]number of sites	[5]number of genotypes	[6]mean VAF
# ST, Substitution types:
# ST	[2]id	[3]type	[4]count
ST	0	A>C	492
ST	0	A>G	2193
ST	0	A>T	532
ST	0	C>A	672
ST	0	C>G	549
ST	0	C>T	2418
ST	0	G>A	2521
ST	0	G>C	505
ST	0	G>T	688
ST	0	T>A	539
ST	0	T>C	1756
ST	0	T>G	524
# DP, Depth distribution
# DP	[2]id	[3]bin	[4]number of genotypes	[5]fraction of genotypes (%)	[6]number of sites	[7]fraction of sites (%)
  - Fix haploid genotypes in males...

Submit MakeDiploidMalesX finished successfully. Let's have a beer, buddy!

