Submit MakeDiploidMalesX
version 1.1.6 (2024-09-30)

These are the settings:
  Input file................: /hpc/local/Rocky8/dhl_ec/software/MonopogenLite/resources/1kGP_high_coverage_Illumina.SNVonly_poly.filtered_AF_5e-04.norm.fixvariantid.chrX.vcf.gz
  Output file...............: /hpc/local/Rocky8/dhl_ec/software/MonopogenLite/resources/1kGP_high_coverage_Illumina.SNVonly_poly.filtered_AF_5e-04.norm.fixvariantid.makediploid.chrX.vcf.gz
  Chunk size................: 100

  SLURM CPUs................: 4
  SLURM Array ID............: 29 (of 100)
  SLURM memory..............: 16G
  SLURM time................: 01:00:00
  SLURM mail type...........: FAIL
  SLURM mail user...........: s.w.vanderlaan-2@umcutrecht.nl

  Dry run mode..............: 0
  Debug mode................: 1
  Verbosity.................: 0
  Version...................: 1.1.6 (2024-09-30)

Making converting haploid genotypes to diploid genotypes.
> Extract the region for this SLURM task (# 29) from the BED file.
  - Get the chunk number from the SLURM array task ID and the bed file...
DEBUG: Extracting chunk number: 29p from 29
DEBUG: Extracting region from BED file: /hpc/local/Rocky8/dhl_ec/software/MonopogenLite/resources/chrX_100pieces.bed
  - Extract the region from the BED file...
DEBUG: Extracted raw region: 'chrX	43691425	45251832' (chunk #: 29p of 100 for job 29)
  - Check if a valid region was extracted -- should be 'chrX	43691425	45251832'...
  - Prepare the region for bcftools...
  - Check if the region (chrX:43691425-45251832) was successfully extracted...
> Processing region 'chrX:43691425-45251832'...
  - Process the specific region (chunk# 29) using bcftools view...
  - Index the VCF file...
DEBUG: Check if the VCF file was successfully processed...
##fileformat=VCFv4.2
##FILTER=<ID=PASS,Description="All filters passed">
##fileDate=29/01/2022 - 14:31:41
##source=shapeit4.2.2
##contig=<ID=chr1,length=248956422>
##contig=<ID=chr2,length=242193529>
##contig=<ID=chr3,length=198295559>
##contig=<ID=chr4,length=190214555>
##contig=<ID=chr5,length=181538259>
##contig=<ID=chr6,length=170805979>
# This file was produced by bcftools stats (1.20+htslib-1.20) and can be plotted using plot-vcfstats.
# The command line was:	bcftools stats  /hpc/local/Rocky8/dhl_ec/software/MonopogenLite/resources/chrX.part29.vcf.gz
#
# Definition of sets:
# ID	[2]id	[3]tab-separated file names
ID	0	/hpc/local/Rocky8/dhl_ec/software/MonopogenLite/resources/chrX.part29.vcf.gz
# SN, Summary numbers:
#   number of records   .. number of data rows in the VCF
#   number of no-ALTs   .. reference-only sites, ALT is either "." or identical to REF
#   number of SNPs      .. number of rows with a SNP
#   number of MNPs      .. number of rows with a MNP, such as CC>TT
#   number of indels    .. number of rows with an indel
#   number of others    .. number of rows with other type, for example a symbolic allele or
#                          a complex substitution, such as ACT>TCGA
#   number of multiallelic sites     .. number of rows with multiple alternate alleles
#   number of multiallelic SNP sites .. number of rows with multiple alternate alleles, all SNPs
# 
#   Note that rows containing multiple types will be counted multiple times, in each
#   counter. For example, a row with a SNP and an indel increments both the SNP and
#   the indel counter.
# 
# SN	[2]id	[3]key	[4]value
SN	0	number of samples:	3202
SN	0	number of records:	15255
SN	0	number of no-ALTs:	0
SN	0	number of SNPs:	15255
SN	0	number of MNPs:	0
SN	0	number of indels:	0
SN	0	number of others:	0
SN	0	number of multiallelic sites:	0
SN	0	number of multiallelic SNP sites:	0
# TSTV, transitions/transversions:
# TSTV	[2]id	[3]ts	[4]tv	[5]ts/tv	[6]ts (1st ALT)	[7]tv (1st ALT)	[8]ts/tv (1st ALT)
TSTV	0	10703	4552	2.35	10703	4552	2.35
# SiS, Singleton stats:
# SiS	[2]id	[3]allele count	[4]number of SNPs	[5]number of transitions	[6]number of transversions	[7]number of indels	[8]repeat-consistent	[9]repeat-inconsistent	[10]not applicable
SiS	0	1	0	0	0	0	0	0	0
# AF, Stats by non-reference allele frequency:
# AF	[2]id	[3]allele frequency	[4]number of SNPs	[5]number of transitions	[6]number of transversions	[7]number of indels	[8]repeat-consistent	[9]repeat-inconsistent	[10]not applicable
AF	0	0.000312	2366	1685	681	0	0	0	0
AF	0	0.000625	1416	1024	392	0	0	0	0
AF	0	0.000937	1595	1119	476	0	0	0	0
AF	0	0.001249	628	450	178	0	0	0	0
AF	0	0.001562	824	573	251	0	0	0	0
AF	0	0.001874	321	234	87	0	0	0	0
AF	0	0.002186	500	346	154	0	0	0	0
AF	0	0.002498	190	137	53	0	0	0	0
AF	0	0.002811	393	280	113	0	0	0	0
AF	0	0.003123	126	83	43	0	0	0	0
AF	0	0.003435	288	201	87	0	0	0	0
AF	0	0.003748	114	77	37	0	0	0	0
AF	0	0.004060	190	130	60	0	0	0	0
AF	0	0.004372	78	53	25	0	0	0	0
AF	0	0.004685	205	140	65	0	0	0	0
AF	0	0.004997	95	69	26	0	0	0	0
AF	0	0.005309	169	128	41	0	0	0	0
AF	0	0.005621	130	93	37	0	0	0	0
AF	0	0.005934	186	130	56	0	0	0	0
AF	0	0.006246	73	52	21	0	0	0	0
AF	0	0.006558	158	110	48	0	0	0	0
AF	0	0.006871	65	41	24	0	0	0	0
AF	0	0.007183	136	93	43	0	0	0	0
AF	0	0.007495	72	48	24	0	0	0	0
AF	0	0.007808	92	66	26	0	0	0	0
AF	0	0.008120	59	38	21	0	0	0	0
AF	0	0.008432	115	83	32	0	0	0	0
AF	0	0.008745	61	48	13	0	0	0	0
AF	0	0.009057	76	56	20	0	0	0	0
AF	0	0.009369	50	37	13	0	0	0	0
AF	0	0.009681	58	41	17	0	0	0	0
AF	0	0.009994	32	24	8	0	0	0	0
AF	0	0.010306	103	63	40	0	0	0	0
AF	0	0.010618	38	24	14	0	0	0	0
AF	0	0.010931	42	30	12	0	0	0	0
AF	0	0.011243	25	18	7	0	0	0	0
AF	0	0.011555	41	27	14	0	0	0	0
AF	0	0.011868	29	19	10	0	0	0	0
AF	0	0.012180	75	54	21	0	0	0	0
AF	0	0.012492	15	12	3	0	0	0	0
AF	0	0.012804	53	33	20	0	0	0	0
AF	0	0.013117	28	18	10	0	0	0	0
AF	0	0.013429	46	34	12	0	0	0	0
AF	0	0.013741	18	13	5	0	0	0	0
AF	0	0.014054	43	27	16	0	0	0	0
AF	0	0.014366	23	16	7	0	0	0	0
AF	0	0.014678	38	19	19	0	0	0	0
AF	0	0.014991	18	14	4	0	0	0	0
AF	0	0.015303	48	37	11	0	0	0	0
AF	0	0.015615	24	18	6	0	0	0	0
AF	0	0.015928	44	30	14	0	0	0	0
AF	0	0.016240	24	16	8	0	0	0	0
AF	0	0.016552	42	23	19	0	0	0	0
AF	0	0.016864	11	10	1	0	0	0	0
AF	0	0.017177	37	21	16	0	0	0	0
AF	0	0.017489	25	15	10	0	0	0	0
AF	0	0.017801	35	27	8	0	0	0	0
AF	0	0.018114	14	9	5	0	0	0	0
AF	0	0.018426	27	18	9	0	0	0	0
AF	0	0.018738	13	10	3	0	0	0	0
AF	0	0.019051	37	21	16	0	0	0	0
AF	0	0.019363	14	11	3	0	0	0	0
AF	0	0.019675	26	19	7	0	0	0	0
AF	0	0.019988	15	6	9	0	0	0	0
AF	0	0.020300	36	28	8	0	0	0	0
AF	0	0.020612	20	11	9	0	0	0	0
AF	0	0.020924	49	36	13	0	0	0	0
AF	0	0.021237	13	12	1	0	0	0	0
AF	0	0.021549	34	22	12	0	0	0	0
AF	0	0.021861	14	7	7	0	0	0	0
AF	0	0.022174	59	45	14	0	0	0	0
AF	0	0.022486	21	17	4	0	0	0	0
AF	0	0.022798	34	25	9	0	0	0	0
AF	0	0.023111	10	9	1	0	0	0	0
AF	0	0.023423	20	13	7	0	0	0	0
AF	0	0.023735	10	7	3	0	0	0	0
AF	0	0.024047	20	14	6	0	0	0	0
AF	0	0.024360	10	7	3	0	0	0	0
AF	0	0.024672	18	10	8	0	0	0	0
AF	0	0.024984	10	5	5	0	0	0	0
AF	0	0.025297	14	8	6	0	0	0	0
AF	0	0.025609	7	6	1	0	0	0	0
AF	0	0.025921	19	16	3	0	0	0	0
AF	0	0.026234	12	8	4	0	0	0	0
AF	0	0.026546	13	10	3	0	0	0	0
AF	0	0.026858	12	6	6	0	0	0	0
AF	0	0.027171	13	8	5	0	0	0	0
AF	0	0.027483	6	5	1	0	0	0	0
AF	0	0.027795	16	9	7	0	0	0	0
AF	0	0.028107	12	7	5	0	0	0	0
AF	0	0.028420	18	14	4	0	0	0	0
AF	0	0.028732	8	8	0	0	0	0	0
AF	0	0.029044	17	15	2	0	0	0	0
AF	0	0.029357	8	6	2	0	0	0	0
AF	0	0.029669	15	11	4	0	0	0	0
AF	0	0.029981	12	7	5	0	0	0	0
AF	0	0.030294	11	10	1	0	0	0	0
AF	0	0.030606	9	4	5	0	0	0	0
AF	0	0.030918	5	2	3	0	0	0	0
AF	0	0.031230	7	6	1	0	0	0	0
AF	0	0.031543	20	16	4	0	0	0	0
AF	0	0.031855	8	8	0	0	0	0	0
AF	0	0.032167	11	9	2	0	0	0	0
AF	0	0.032480	18	13	5	0	0	0	0
AF	0	0.032792	19	9	10	0	0	0	0
AF	0	0.033104	7	7	0	0	0	0	0
AF	0	0.033417	21	15	6	0	0	0	0
AF	0	0.033729	11	7	4	0	0	0	0
AF	0	0.034041	11	4	7	0	0	0	0
AF	0	0.034354	4	4	0	0	0	0	0
AF	0	0.034666	11	8	3	0	0	0	0
AF	0	0.034978	5	4	1	0	0	0	0
AF	0	0.035290	2	0	2	0	0	0	0
AF	0	0.035603	2	0	2	0	0	0	0
AF	0	0.035915	8	6	2	0	0	0	0
AF	0	0.036227	7	3	4	0	0	0	0
AF	0	0.036540	15	10	5	0	0	0	0
AF	0	0.036852	7	4	3	0	0	0	0
AF	0	0.037164	13	8	5	0	0	0	0
AF	0	0.037477	3	2	1	0	0	0	0
AF	0	0.037789	6	4	2	0	0	0	0
AF	0	0.038101	1	1	0	0	0	0	0
AF	0	0.038413	10	7	3	0	0	0	0
AF	0	0.038726	3	3	0	0	0	0	0
AF	0	0.039038	6	4	2	0	0	0	0
AF	0	0.039350	5	2	3	0	0	0	0
AF	0	0.039663	15	10	5	0	0	0	0
AF	0	0.039975	7	4	3	0	0	0	0
AF	0	0.040287	10	6	4	0	0	0	0
AF	0	0.040600	6	5	1	0	0	0	0
AF	0	0.040912	53	38	15	0	0	0	0
AF	0	0.041224	6	5	1	0	0	0	0
AF	0	0.041537	12	2	10	0	0	0	0
AF	0	0.041849	2	2	0	0	0	0	0
AF	0	0.042161	9	7	2	0	0	0	0
AF	0	0.042473	3	3	0	0	0	0	0
AF	0	0.042786	9	8	1	0	0	0	0
AF	0	0.043098	6	2	4	0	0	0	0
AF	0	0.043410	21	15	6	0	0	0	0
AF	0	0.043723	11	6	5	0	0	0	0
AF	0	0.044035	19	13	6	0	0	0	0
AF	0	0.044347	10	8	2	0	0	0	0
AF	0	0.044660	9	7	2	0	0	0	0
AF	0	0.044972	1	0	1	0	0	0	0
AF	0	0.045284	9	7	2	0	0	0	0
AF	0	0.045597	2	1	1	0	0	0	0
AF	0	0.045909	6	5	1	0	0	0	0
AF	0	0.046221	2	2	0	0	0	0	0
AF	0	0.046533	4	2	2	0	0	0	0
AF	0	0.046846	4	3	1	0	0	0	0
AF	0	0.047158	3	2	1	0	0	0	0
AF	0	0.047783	5	2	3	0	0	0	0
AF	0	0.048095	1	0	1	0	0	0	0
AF	0	0.048407	2	2	0	0	0	0	0
AF	0	0.048720	6	3	3	0	0	0	0
AF	0	0.049032	8	4	4	0	0	0	0
AF	0	0.049344	8	4	4	0	0	0	0
AF	0	0.049656	7	3	4	0	0	0	0
AF	0	0.049969	3	1	2	0	0	0	0
AF	0	0.050281	9	8	1	0	0	0	0
AF	0	0.050593	1	0	1	0	0	0	0
AF	0	0.050906	4	2	2	0	0	0	0
AF	0	0.051218	1	1	0	0	0	0	0
AF	0	0.051530	5	5	0	0	0	0	0
AF	0	0.051843	7	3	4	0	0	0	0
AF	0	0.052155	9	6	3	0	0	0	0
AF	0	0.052467	5	3	2	0	0	0	0
AF	0	0.052780	3	1	2	0	0	0	0
AF	0	0.053092	1	1	0	0	0	0	0
AF	0	0.053404	6	4	2	0	0	0	0
AF	0	0.053716	2	0	2	0	0	0	0
AF	0	0.054029	6	2	4	0	0	0	0
AF	0	0.054341	1	0	1	0	0	0	0
AF	0	0.054653	18	13	5	0	0	0	0
AF	0	0.054966	10	7	3	0	0	0	0
AF	0	0.055278	7	5	2	0	0	0	0
AF	0	0.055590	5	5	0	0	0	0	0
AF	0	0.055903	10	10	0	0	0	0	0
AF	0	0.056215	3	2	1	0	0	0	0
AF	0	0.056527	9	6	3	0	0	0	0
AF	0	0.056839	10	7	3	0	0	0	0
AF	0	0.057152	3	2	1	0	0	0	0
AF	0	0.057464	3	2	1	0	0	0	0
AF	0	0.057776	3	0	3	0	0	0	0
AF	0	0.058089	1	1	0	0	0	0	0
AF	0	0.058401	1	1	0	0	0	0	0
AF	0	0.058713	2	2	0	0	0	0	0
AF	0	0.059026	3	2	1	0	0	0	0
AF	0	0.059338	2	2	0	0	0	0	0
AF	0	0.059650	5	3	2	0	0	0	0
AF	0	0.060275	5	4	1	0	0	0	0
AF	0	0.060587	5	4	1	0	0	0	0
AF	0	0.061212	1	1	0	0	0	0	0
AF	0	0.061524	5	4	1	0	0	0	0
AF	0	0.061836	2	1	1	0	0	0	0
AF	0	0.062149	4	2	2	0	0	0	0
AF	0	0.062461	2	2	0	0	0	0	0
AF	0	0.062773	4	1	3	0	0	0	0
AF	0	0.063086	2	1	1	0	0	0	0
AF	0	0.063398	3	1	2	0	0	0	0
AF	0	0.063710	3	3	0	0	0	0	0
AF	0	0.064022	16	13	3	0	0	0	0
AF	0	0.064335	3	3	0	0	0	0	0
AF	0	0.064647	3	3	0	0	0	0	0
AF	0	0.065272	5	4	1	0	0	0	0
AF	0	0.065584	2	1	1	0	0	0	0
AF	0	0.065896	4	3	1	0	0	0	0
AF	0	0.066833	1	1	0	0	0	0	0
AF	0	0.067146	3	2	1	0	0	0	0
AF	0	0.067458	1	0	1	0	0	0	0
AF	0	0.067770	6	3	3	0	0	0	0
AF	0	0.068082	5	2	3	0	0	0	0
AF	0	0.068395	1	0	1	0	0	0	0
AF	0	0.068707	1	1	0	0	0	0	0
AF	0	0.069019	6	5	1	0	0	0	0
AF	0	0.069332	1	0	1	0	0	0	0
AF	0	0.069644	5	4	1	0	0	0	0
AF	0	0.069956	1	0	1	0	0	0	0
AF	0	0.070269	1	1	0	0	0	0	0
AF	0	0.070893	3	2	1	0	0	0	0
AF	0	0.071205	2	2	0	0	0	0	0
AF	0	0.071518	1	1	0	0	0	0	0
AF	0	0.072142	1	0	1	0	0	0	0
AF	0	0.072767	1	1	0	0	0	0	0
AF	0	0.073079	1	1	0	0	0	0	0
AF	0	0.073392	1	0	1	0	0	0	0
AF	0	0.073704	1	1	0	0	0	0	0
AF	0	0.074016	1	0	1	0	0	0	0
AF	0	0.074329	1	0	1	0	0	0	0
AF	0	0.074641	3	1	2	0	0	0	0
AF	0	0.074953	2	2	0	0	0	0	0
AF	0	0.075265	4	3	1	0	0	0	0
AF	0	0.075578	4	3	1	0	0	0	0
AF	0	0.075890	9	6	3	0	0	0	0
AF	0	0.076202	2	1	1	0	0	0	0
AF	0	0.076515	3	2	1	0	0	0	0
AF	0	0.076827	2	2	0	0	0	0	0
AF	0	0.077139	2	1	1	0	0	0	0
AF	0	0.077452	4	2	2	0	0	0	0
AF	0	0.077764	2	1	1	0	0	0	0
AF	0	0.078076	1	1	0	0	0	0	0
AF	0	0.078389	3	2	1	0	0	0	0
AF	0	0.078701	1	1	0	0	0	0	0
AF	0	0.079013	6	3	3	0	0	0	0
AF	0	0.079325	3	1	2	0	0	0	0
AF	0	0.079638	1	1	0	0	0	0	0
AF	0	0.079950	4	3	1	0	0	0	0
AF	0	0.080262	1	0	1	0	0	0	0
AF	0	0.080575	1	1	0	0	0	0	0
AF	0	0.080887	4	3	1	0	0	0	0
AF	0	0.081512	2	1	1	0	0	0	0
AF	0	0.081824	1	0	1	0	0	0	0
AF	0	0.083073	2	1	1	0	0	0	0
AF	0	0.083385	3	3	0	0	0	0	0
AF	0	0.083698	4	2	2	0	0	0	0
AF	0	0.084010	1	1	0	0	0	0	0
AF	0	0.084635	1	1	0	0	0	0	0
AF	0	0.084947	2	2	0	0	0	0	0
AF	0	0.085884	6	5	1	0	0	0	0
AF	0	0.086196	2	2	0	0	0	0	0
AF	0	0.086508	3	0	3	0	0	0	0
AF	0	0.086821	1	0	1	0	0	0	0
AF	0	0.087133	2	1	1	0	0	0	0
AF	0	0.087758	2	1	1	0	0	0	0
AF	0	0.088070	1	1	0	0	0	0	0
AF	0	0.088382	4	2	2	0	0	0	0
AF	0	0.089007	4	2	2	0	0	0	0
AF	0	0.089319	1	0	1	0	0	0	0
AF	0	0.089631	2	0	2	0	0	0	0
AF	0	0.090256	3	1	2	0	0	0	0
AF	0	0.090881	2	1	1	0	0	0	0
AF	0	0.091193	2	2	0	0	0	0	0
AF	0	0.091505	4	4	0	0	0	0	0
AF	0	0.091818	1	1	0	0	0	0	0
AF	0	0.092130	2	1	1	0	0	0	0
AF	0	0.092442	2	2	0	0	0	0	0
AF	0	0.092755	2	2	0	0	0	0	0
AF	0	0.093379	2	2	0	0	0	0	0
AF	0	0.094004	3	3	0	0	0	0	0
AF	0	0.094628	2	2	0	0	0	0	0
AF	0	0.094941	1	1	0	0	0	0	0
AF	0	0.095253	1	0	1	0	0	0	0
AF	0	0.095565	1	1	0	0	0	0	0
AF	0	0.095878	5	4	1	0	0	0	0
AF	0	0.096190	2	1	1	0	0	0	0
AF	0	0.096502	2	0	2	0	0	0	0
AF	0	0.096814	1	1	0	0	0	0	0
AF	0	0.097127	4	4	0	0	0	0	0
AF	0	0.097751	5	4	1	0	0	0	0
AF	0	0.098064	2	2	0	0	0	0	0
AF	0	0.098376	5	4	1	0	0	0	0
AF	0	0.098688	3	3	0	0	0	0	0
AF	0	0.099001	12	8	4	0	0	0	0
AF	0	0.099313	9	8	1	0	0	0	0
AF	0	0.099625	7	6	1	0	0	0	0
AF	0	0.099938	2	1	1	0	0	0	0
AF	0	0.100250	4	2	2	0	0	0	0
AF	0	0.100562	2	2	0	0	0	0	0
AF	0	0.100874	8	5	3	0	0	0	0
AF	0	0.101187	1	1	0	0	0	0	0
AF	0	0.101499	1	1	0	0	0	0	0
AF	0	0.101811	1	1	0	0	0	0	0
AF	0	0.102124	3	2	1	0	0	0	0
AF	0	0.102748	6	3	3	0	0	0	0
AF	0	0.103373	3	1	2	0	0	0	0
AF	0	0.103685	2	0	2	0	0	0	0
AF	0	0.103998	3	3	0	0	0	0	0
AF	0	0.104310	1	1	0	0	0	0	0
AF	0	0.104622	1	1	0	0	0	0	0
AF	0	0.104934	1	1	0	0	0	0	0
AF	0	0.105247	1	1	0	0	0	0	0
AF	0	0.106808	2	2	0	0	0	0	0
AF	0	0.107121	2	0	2	0	0	0	0
AF	0	0.107433	1	0	1	0	0	0	0
AF	0	0.107745	1	1	0	0	0	0	0
AF	0	0.108370	3	1	2	0	0	0	0
AF	0	0.108682	2	1	1	0	0	0	0
AF	0	0.108994	3	3	0	0	0	0	0
AF	0	0.109307	2	2	0	0	0	0	0
AF	0	0.109931	3	3	0	0	0	0	0
AF	0	0.110244	2	2	0	0	0	0	0
AF	0	0.110868	1	1	0	0	0	0	0
AF	0	0.111493	1	1	0	0	0	0	0
AF	0	0.111805	5	3	2	0	0	0	0
AF	0	0.112117	1	0	1	0	0	0	0
AF	0	0.112430	4	2	2	0	0	0	0
AF	0	0.112742	2	2	0	0	0	0	0
AF	0	0.113054	2	2	0	0	0	0	0
AF	0	0.113367	2	1	1	0	0	0	0
AF	0	0.113679	1	1	0	0	0	0	0
AF	0	0.113991	1	1	0	0	0	0	0
AF	0	0.114304	5	3	2	0	0	0	0
AF	0	0.114616	1	1	0	0	0	0	0
AF	0	0.114928	2	1	1	0	0	0	0
AF	0	0.115240	1	1	0	0	0	0	0
AF	0	0.115553	2	1	1	0	0	0	0
AF	0	0.115865	2	1	1	0	0	0	0
AF	0	0.116177	2	2	0	0	0	0	0
AF	0	0.116490	2	1	1	0	0	0	0
AF	0	0.116802	2	1	1	0	0	0	0
AF	0	0.117114	1	1	0	0	0	0	0
AF	0	0.117427	2	1	1	0	0	0	0
AF	0	0.117739	2	2	0	0	0	0	0
AF	0	0.118051	5	2	3	0	0	0	0
AF	0	0.118676	1	0	1	0	0	0	0
AF	0	0.118988	1	1	0	0	0	0	0
AF	0	0.119300	2	1	1	0	0	0	0
AF	0	0.119613	2	2	0	0	0	0	0
AF	0	0.119925	3	1	2	0	0	0	0
AF	0	0.120237	3	0	3	0	0	0	0
AF	0	0.120550	6	4	2	0	0	0	0
AF	0	0.120862	1	1	0	0	0	0	0
AF	0	0.121174	1	0	1	0	0	0	0
AF	0	0.121487	2	1	1	0	0	0	0
AF	0	0.121799	3	3	0	0	0	0	0
AF	0	0.122111	1	1	0	0	0	0	0
AF	0	0.122423	5	1	4	0	0	0	0
AF	0	0.122736	2	1	1	0	0	0	0
AF	0	0.123048	4	3	1	0	0	0	0
AF	0	0.123673	2	1	1	0	0	0	0
AF	0	0.123985	1	1	0	0	0	0	0
AF	0	0.124297	2	2	0	0	0	0	0
AF	0	0.124922	2	2	0	0	0	0	0
AF	0	0.125547	3	2	1	0	0	0	0
AF	0	0.126171	2	2	0	0	0	0	0
AF	0	0.126483	1	1	0	0	0	0	0
AF	0	0.126796	3	2	1	0	0	0	0
AF	0	0.127420	2	1	1	0	0	0	0
AF	0	0.127733	1	0	1	0	0	0	0
AF	0	0.128045	2	2	0	0	0	0	0
AF	0	0.129294	4	4	0	0	0	0	0
AF	0	0.129606	1	0	1	0	0	0	0
AF	0	0.130231	1	1	0	0	0	0	0
AF	0	0.130543	1	1	0	0	0	0	0
AF	0	0.130856	2	1	1	0	0	0	0
AF	0	0.131168	3	2	1	0	0	0	0
AF	0	0.131793	1	1	0	0	0	0	0
AF	0	0.132417	2	2	0	0	0	0	0
AF	0	0.132730	3	2	1	0	0	0	0
AF	0	0.133042	2	1	1	0	0	0	0
AF	0	0.133354	2	1	1	0	0	0	0
AF	0	0.133666	3	3	0	0	0	0	0
AF	0	0.133979	3	2	1	0	0	0	0
AF	0	0.134291	2	1	1	0	0	0	0
AF	0	0.134916	1	1	0	0	0	0	0
AF	0	0.135853	3	3	0	0	0	0	0
AF	0	0.136165	4	4	0	0	0	0	0
AF	0	0.136477	4	4	0	0	0	0	0
AF	0	0.136790	5	4	1	0	0	0	0
AF	0	0.137102	7	6	1	0	0	0	0
AF	0	0.137414	4	4	0	0	0	0	0
AF	0	0.137726	1	0	1	0	0	0	0
AF	0	0.138351	1	0	1	0	0	0	0
AF	0	0.138663	2	1	1	0	0	0	0
AF	0	0.139288	3	3	0	0	0	0	0
AF	0	0.139600	1	1	0	0	0	0	0
AF	0	0.139913	3	3	0	0	0	0	0
AF	0	0.140225	1	1	0	0	0	0	0
AF	0	0.140537	2	2	0	0	0	0	0
AF	0	0.141162	2	2	0	0	0	0	0
AF	0	0.141474	1	1	0	0	0	0	0
AF	0	0.141786	3	1	2	0	0	0	0
AF	0	0.142099	2	2	0	0	0	0	0
AF	0	0.142411	2	1	1	0	0	0	0
AF	0	0.142723	4	3	1	0	0	0	0
AF	0	0.143036	5	4	1	0	0	0	0
AF	0	0.143348	1	1	0	0	0	0	0
AF	0	0.143973	1	1	0	0	0	0	0
AF	0	0.144285	2	0	2	0	0	0	0
AF	0	0.144597	1	0	1	0	0	0	0
AF	0	0.144909	4	2	2	0	0	0	0
AF	0	0.145222	1	1	0	0	0	0	0
AF	0	0.145534	2	0	2	0	0	0	0
AF	0	0.145846	1	1	0	0	0	0	0
AF	0	0.146159	4	3	1	0	0	0	0
AF	0	0.146471	2	1	1	0	0	0	0
AF	0	0.146783	2	2	0	0	0	0	0
AF	0	0.147408	8	4	4	0	0	0	0
AF	0	0.147720	2	2	0	0	0	0	0
AF	0	0.148032	2	2	0	0	0	0	0
AF	0	0.148345	3	1	2	0	0	0	0
AF	0	0.148657	3	3	0	0	0	0	0
AF	0	0.148969	1	0	1	0	0	0	0
AF	0	0.149906	5	1	4	0	0	0	0
AF	0	0.150219	3	1	2	0	0	0	0
AF	0	0.150531	1	1	0	0	0	0	0
AF	0	0.150843	2	2	0	0	0	0	0
AF	0	0.151156	4	4	0	0	0	0	0
AF	0	0.151468	2	2	0	0	0	0	0
AF	0	0.151780	1	1	0	0	0	0	0
AF	0	0.152092	1	1	0	0	0	0	0
AF	0	0.152405	1	1	0	0	0	0	0
AF	0	0.152717	2	2	0	0	0	0	0
AF	0	0.153029	2	2	0	0	0	0	0
AF	0	0.153342	3	3	0	0	0	0	0
AF	0	0.153654	1	0	1	0	0	0	0
AF	0	0.153966	3	3	0	0	0	0	0
AF	0	0.154279	6	6	0	0	0	0	0
AF	0	0.154591	1	0	1	0	0	0	0
AF	0	0.154903	7	6	1	0	0	0	0
AF	0	0.155840	4	3	1	0	0	0	0
AF	0	0.156152	2	1	1	0	0	0	0
AF	0	0.156465	4	3	1	0	0	0	0
AF	0	0.156777	3	2	1	0	0	0	0
AF	0	0.157089	2	0	2	0	0	0	0
AF	0	0.157402	4	3	1	0	0	0	0
AF	0	0.157714	3	3	0	0	0	0	0
AF	0	0.158339	3	2	1	0	0	0	0
AF	0	0.158651	1	1	0	0	0	0	0
AF	0	0.158963	1	1	0	0	0	0	0
AF	0	0.159275	3	3	0	0	0	0	0
AF	0	0.159900	1	1	0	0	0	0	0
AF	0	0.160212	2	2	0	0	0	0	0
AF	0	0.160525	1	0	1	0	0	0	0
AF	0	0.162086	2	1	1	0	0	0	0
AF	0	0.162399	1	1	0	0	0	0	0
AF	0	0.163023	4	1	3	0	0	0	0
AF	0	0.163335	2	2	0	0	0	0	0
AF	0	0.163648	2	1	1	0	0	0	0
AF	0	0.164897	1	0	1	0	0	0	0
AF	0	0.166146	2	2	0	0	0	0	0
AF	0	0.166771	2	1	1	0	0	0	0
AF	0	0.167083	3	2	1	0	0	0	0
AF	0	0.167395	11	8	3	0	0	0	0
AF	0	0.167708	2	2	0	0	0	0	0
AF	0	0.168020	2	2	0	0	0	0	0
AF	0	0.168332	2	1	1	0	0	0	0
AF	0	0.168645	1	1	0	0	0	0	0
AF	0	0.168957	1	1	0	0	0	0	0
AF	0	0.169269	2	0	2	0	0	0	0
AF	0	0.169582	2	1	1	0	0	0	0
AF	0	0.169894	1	1	0	0	0	0	0
AF	0	0.170518	1	0	1	0	0	0	0
AF	0	0.171143	1	1	0	0	0	0	0
AF	0	0.171768	1	1	0	0	0	0	0
AF	0	0.172392	1	1	0	0	0	0	0
AF	0	0.172705	1	0	1	0	0	0	0
AF	0	0.173017	2	0	2	0	0	0	0
AF	0	0.173329	1	1	0	0	0	0	0
AF	0	0.173641	2	2	0	0	0	0	0
AF	0	0.174266	1	1	0	0	0	0	0
AF	0	0.174578	2	1	1	0	0	0	0
AF	0	0.174891	5	4	1	0	0	0	0
AF	0	0.175515	3	3	0	0	0	0	0
AF	0	0.175828	3	3	0	0	0	0	0
AF	0	0.176452	2	2	0	0	0	0	0
AF	0	0.176765	4	1	3	0	0	0	0
AF	0	0.177701	1	1	0	0	0	0	0
AF	0	0.178014	1	1	0	0	0	0	0
AF	0	0.178326	1	1	0	0	0	0	0
AF	0	0.179575	1	0	1	0	0	0	0
AF	0	0.179888	2	1	1	0	0	0	0
AF	0	0.180200	3	1	2	0	0	0	0
AF	0	0.180824	1	0	1	0	0	0	0
AF	0	0.181761	1	1	0	0	0	0	0
AF	0	0.182074	2	0	2	0	0	0	0
AF	0	0.182386	2	1	1	0	0	0	0
AF	0	0.183011	1	1	0	0	0	0	0
AF	0	0.183635	2	2	0	0	0	0	0
AF	0	0.183948	4	3	1	0	0	0	0
AF	0	0.184260	2	1	1	0	0	0	0
AF	0	0.184884	1	1	0	0	0	0	0
AF	0	0.185509	1	1	0	0	0	0	0
AF	0	0.186758	1	0	1	0	0	0	0
AF	0	0.187071	1	1	0	0	0	0	0
AF	0	0.187383	1	0	1	0	0	0	0
AF	0	0.187695	3	3	0	0	0	0	0
AF	0	0.188007	2	2	0	0	0	0	0
AF	0	0.188632	2	2	0	0	0	0	0
AF	0	0.189257	2	2	0	0	0	0	0
AF	0	0.189881	2	0	2	0	0	0	0
AF	0	0.190194	1	0	1	0	0	0	0
AF	0	0.190506	3	3	0	0	0	0	0
AF	0	0.190818	1	1	0	0	0	0	0
AF	0	0.191131	5	5	0	0	0	0	0
AF	0	0.191443	2	2	0	0	0	0	0
AF	0	0.191755	5	4	1	0	0	0	0
AF	0	0.192067	3	3	0	0	0	0	0
AF	0	0.192380	3	3	0	0	0	0	0
AF	0	0.192692	1	1	0	0	0	0	0
AF	0	0.193004	3	2	1	0	0	0	0
AF	0	0.193941	1	1	0	0	0	0	0
AF	0	0.194254	3	2	1	0	0	0	0
AF	0	0.194566	1	0	1	0	0	0	0
AF	0	0.194878	2	1	1	0	0	0	0
AF	0	0.195191	1	0	1	0	0	0	0
AF	0	0.195815	1	1	0	0	0	0	0
AF	0	0.196127	1	1	0	0	0	0	0
AF	0	0.196440	1	0	1	0	0	0	0
AF	0	0.196752	1	1	0	0	0	0	0
AF	0	0.197064	2	2	0	0	0	0	0
AF	0	0.198314	1	0	1	0	0	0	0
AF	0	0.198626	1	0	1	0	0	0	0
AF	0	0.200187	1	1	0	0	0	0	0
AF	0	0.200500	1	0	1	0	0	0	0
AF	0	0.201124	4	2	2	0	0	0	0
AF	0	0.201749	1	1	0	0	0	0	0
AF	0	0.202061	1	0	1	0	0	0	0
AF	0	0.202374	1	1	0	0	0	0	0
AF	0	0.202998	1	1	0	0	0	0	0
AF	0	0.203310	1	1	0	0	0	0	0
AF	0	0.203935	1	1	0	0	0	0	0
AF	0	0.204247	1	1	0	0	0	0	0
AF	0	0.205184	1	0	1	0	0	0	0
AF	0	0.205497	2	1	1	0	0	0	0
AF	0	0.205809	2	1	1	0	0	0	0
AF	0	0.206433	1	0	1	0	0	0	0
AF	0	0.206746	1	0	1	0	0	0	0
AF	0	0.207058	1	1	0	0	0	0	0
AF	0	0.207370	1	1	0	0	0	0	0
AF	0	0.208932	1	0	1	0	0	0	0
AF	0	0.209557	2	2	0	0	0	0	0
AF	0	0.209869	1	0	1	0	0	0	0
AF	0	0.211743	3	3	0	0	0	0	0
AF	0	0.212367	1	0	1	0	0	0	0
AF	0	0.213616	1	1	0	0	0	0	0
AF	0	0.213929	1	1	0	0	0	0	0
AF	0	0.214241	1	1	0	0	0	0	0
AF	0	0.214553	1	1	0	0	0	0	0
AF	0	0.214866	1	0	1	0	0	0	0
AF	0	0.215490	3	3	0	0	0	0	0
AF	0	0.216115	1	0	1	0	0	0	0
AF	0	0.216427	1	0	1	0	0	0	0
AF	0	0.216740	2	0	2	0	0	0	0
AF	0	0.217676	1	0	1	0	0	0	0
AF	0	0.218926	1	0	1	0	0	0	0
AF	0	0.219238	4	4	0	0	0	0	0
AF	0	0.219550	2	1	1	0	0	0	0
AF	0	0.219863	1	1	0	0	0	0	0
AF	0	0.220487	1	1	0	0	0	0	0
AF	0	0.220800	1	0	1	0	0	0	0
AF	0	0.221112	2	2	0	0	0	0	0
AF	0	0.222361	2	1	1	0	0	0	0
AF	0	0.222673	2	1	1	0	0	0	0
AF	0	0.223298	3	2	1	0	0	0	0
AF	0	0.223610	1	0	1	0	0	0	0
AF	0	0.223923	1	1	0	0	0	0	0
AF	0	0.224235	1	1	0	0	0	0	0
AF	0	0.224547	1	1	0	0	0	0	0
AF	0	0.224859	1	1	0	0	0	0	0
AF	0	0.225172	1	1	0	0	0	0	0
AF	0	0.225484	1	1	0	0	0	0	0
AF	0	0.225796	1	1	0	0	0	0	0
AF	0	0.226421	1	1	0	0	0	0	0
AF	0	0.226733	1	1	0	0	0	0	0
AF	0	0.227670	2	1	1	0	0	0	0
AF	0	0.228919	2	2	0	0	0	0	0
AF	0	0.229232	3	2	1	0	0	0	0
AF	0	0.229544	1	1	0	0	0	0	0
AF	0	0.230169	1	1	0	0	0	0	0
AF	0	0.230793	1	0	1	0	0	0	0
AF	0	0.231730	1	1	0	0	0	0	0
AF	0	0.232042	3	3	0	0	0	0	0
AF	0	0.232979	1	0	1	0	0	0	0
AF	0	0.233292	2	0	2	0	0	0	0
AF	0	0.233604	1	1	0	0	0	0	0
AF	0	0.233916	2	0	2	0	0	0	0
AF	0	0.234229	1	0	1	0	0	0	0
AF	0	0.235166	1	0	1	0	0	0	0
AF	0	0.235790	2	2	0	0	0	0	0
AF	0	0.236102	1	1	0	0	0	0	0
AF	0	0.236415	2	2	0	0	0	0	0
AF	0	0.236727	1	1	0	0	0	0	0
AF	0	0.237039	2	2	0	0	0	0	0
AF	0	0.237664	1	0	1	0	0	0	0
AF	0	0.238289	1	1	0	0	0	0	0
AF	0	0.238913	2	1	1	0	0	0	0
AF	0	0.239225	1	1	0	0	0	0	0
AF	0	0.239538	1	1	0	0	0	0	0
AF	0	0.240162	2	1	1	0	0	0	0
AF	0	0.240787	1	0	1	0	0	0	0
AF	0	0.241099	2	2	0	0	0	0	0
AF	0	0.241412	2	2	0	0	0	0	0
AF	0	0.242661	1	1	0	0	0	0	0
AF	0	0.242973	1	1	0	0	0	0	0
AF	0	0.243285	1	1	0	0	0	0	0
AF	0	0.243598	1	1	0	0	0	0	0
AF	0	0.244222	1	1	0	0	0	0	0
AF	0	0.244535	1	1	0	0	0	0	0
AF	0	0.245159	2	2	0	0	0	0	0
AF	0	0.245784	2	2	0	0	0	0	0
AF	0	0.246096	6	5	1	0	0	0	0
AF	0	0.246408	11	8	3	0	0	0	0
AF	0	0.246721	13	5	8	0	0	0	0
AF	0	0.247033	30	19	11	0	0	0	0
AF	0	0.247345	4	3	1	0	0	0	0
AF	0	0.247658	9	4	5	0	0	0	0
AF	0	0.247970	2	2	0	0	0	0	0
AF	0	0.248282	2	2	0	0	0	0	0
AF	0	0.248595	1	1	0	0	0	0	0
AF	0	0.248907	1	1	0	0	0	0	0
AF	0	0.249532	1	1	0	0	0	0	0
AF	0	0.250781	1	1	0	0	0	0	0
AF	0	0.251405	2	2	0	0	0	0	0
AF	0	0.251718	1	1	0	0	0	0	0
AF	0	0.252342	2	1	1	0	0	0	0
AF	0	0.252655	2	2	0	0	0	0	0
AF	0	0.252967	1	0	1	0	0	0	0
AF	0	0.253279	2	2	0	0	0	0	0
AF	0	0.253592	2	1	1	0	0	0	0
AF	0	0.254841	1	0	1	0	0	0	0
AF	0	0.255153	1	1	0	0	0	0	0
AF	0	0.255465	1	0	1	0	0	0	0
AF	0	0.255778	1	0	1	0	0	0	0
AF	0	0.256402	2	2	0	0	0	0	0
AF	0	0.257651	1	1	0	0	0	0	0
AF	0	0.257964	1	1	0	0	0	0	0
AF	0	0.258276	6	4	2	0	0	0	0
AF	0	0.259525	1	1	0	0	0	0	0
AF	0	0.259838	3	1	2	0	0	0	0
AF	0	0.260150	2	2	0	0	0	0	0
AF	0	0.260462	1	1	0	0	0	0	0
AF	0	0.260775	1	1	0	0	0	0	0
AF	0	0.261711	1	1	0	0	0	0	0
AF	0	0.262024	1	0	1	0	0	0	0
AF	0	0.262648	1	1	0	0	0	0	0
AF	0	0.263585	1	1	0	0	0	0	0
AF	0	0.263898	1	1	0	0	0	0	0
AF	0	0.264522	2	1	1	0	0	0	0
AF	0	0.266708	2	2	0	0	0	0	0
AF	0	0.267021	1	1	0	0	0	0	0
AF	0	0.267645	2	2	0	0	0	0	0
AF	0	0.268894	2	2	0	0	0	0	0
AF	0	0.269519	1	1	0	0	0	0	0
AF	0	0.271081	1	1	0	0	0	0	0
AF	0	0.271393	2	1	1	0	0	0	0
AF	0	0.272017	2	1	1	0	0	0	0
AF	0	0.272642	1	1	0	0	0	0	0
AF	0	0.273579	1	1	0	0	0	0	0
AF	0	0.273891	2	2	0	0	0	0	0
AF	0	0.275141	4	1	3	0	0	0	0
AF	0	0.275765	1	1	0	0	0	0	0
AF	0	0.276390	1	1	0	0	0	0	0
AF	0	0.276702	1	1	0	0	0	0	0
AF	0	0.277951	1	0	1	0	0	0	0
AF	0	0.278888	1	1	0	0	0	0	0
AF	0	0.279513	1	1	0	0	0	0	0
AF	0	0.281387	1	0	1	0	0	0	0
AF	0	0.281699	1	0	1	0	0	0	0
AF	0	0.282636	2	2	0	0	0	0	0
AF	0	0.284197	1	0	1	0	0	0	0
AF	0	0.284822	1	0	1	0	0	0	0
AF	0	0.285134	1	1	0	0	0	0	0
AF	0	0.285759	4	2	2	0	0	0	0
AF	0	0.286071	3	3	0	0	0	0	0
AF	0	0.286696	1	1	0	0	0	0	0
AF	0	0.287633	1	0	1	0	0	0	0
AF	0	0.288257	1	1	0	0	0	0	0
AF	0	0.288570	1	0	1	0	0	0	0
AF	0	0.288882	3	2	1	0	0	0	0
AF	0	0.289507	5	3	2	0	0	0	0
AF	0	0.291380	1	1	0	0	0	0	0
AF	0	0.292005	3	3	0	0	0	0	0
AF	0	0.293254	1	1	0	0	0	0	0
AF	0	0.293879	1	1	0	0	0	0	0
AF	0	0.295128	1	1	0	0	0	0	0
AF	0	0.296065	1	1	0	0	0	0	0
AF	0	0.296377	2	2	0	0	0	0	0
AF	0	0.297002	1	1	0	0	0	0	0
AF	0	0.297939	2	1	1	0	0	0	0
AF	0	0.298876	3	2	1	0	0	0	0
AF	0	0.299188	1	1	0	0	0	0	0
AF	0	0.299500	3	3	0	0	0	0	0
AF	0	0.299813	2	1	1	0	0	0	0
AF	0	0.300125	4	2	2	0	0	0	0
AF	0	0.300750	3	3	0	0	0	0	0
AF	0	0.301374	2	1	1	0	0	0	0
AF	0	0.302311	1	1	0	0	0	0	0
AF	0	0.303248	1	0	1	0	0	0	0
AF	0	0.303560	1	0	1	0	0	0	0
AF	0	0.303873	2	2	0	0	0	0	0
AF	0	0.305746	2	1	1	0	0	0	0
AF	0	0.306371	1	0	1	0	0	0	0
AF	0	0.306996	2	2	0	0	0	0	0
AF	0	0.308245	1	1	0	0	0	0	0
AF	0	0.309182	1	1	0	0	0	0	0
AF	0	0.309494	1	0	1	0	0	0	0
AF	0	0.312929	1	1	0	0	0	0	0
AF	0	0.313554	1	1	0	0	0	0	0
AF	0	0.313866	2	2	0	0	0	0	0
AF	0	0.314179	1	1	0	0	0	0	0
AF	0	0.314491	2	1	1	0	0	0	0
AF	0	0.314803	1	1	0	0	0	0	0
AF	0	0.315116	2	1	1	0	0	0	0
AF	0	0.315428	1	0	1	0	0	0	0
AF	0	0.315740	2	2	0	0	0	0	0
AF	0	0.316365	1	1	0	0	0	0	0
AF	0	0.316677	1	1	0	0	0	0	0
AF	0	0.317614	1	1	0	0	0	0	0
AF	0	0.317926	4	4	0	0	0	0	0
AF	0	0.318239	1	0	1	0	0	0	0
AF	0	0.318551	1	0	1	0	0	0	0
AF	0	0.318863	8	4	4	0	0	0	0
AF	0	0.319488	1	1	0	0	0	0	0
AF	0	0.320112	1	1	0	0	0	0	0
AF	0	0.320425	1	0	1	0	0	0	0
AF	0	0.320737	3	2	1	0	0	0	0
AF	0	0.321362	3	2	1	0	0	0	0
AF	0	0.321986	2	2	0	0	0	0	0
AF	0	0.322299	1	1	0	0	0	0	0
AF	0	0.322611	1	0	1	0	0	0	0
AF	0	0.322923	1	1	0	0	0	0	0
AF	0	0.324485	1	0	1	0	0	0	0
AF	0	0.325422	1	0	1	0	0	0	0
AF	0	0.325734	1	0	1	0	0	0	0
AF	0	0.326359	2	2	0	0	0	0	0
AF	0	0.326671	1	1	0	0	0	0	0
AF	0	0.326983	1	1	0	0	0	0	0
AF	0	0.327608	1	1	0	0	0	0	0
AF	0	0.328545	1	1	0	0	0	0	0
AF	0	0.328857	3	1	2	0	0	0	0
AF	0	0.329482	5	5	0	0	0	0	0
AF	0	0.329794	1	1	0	0	0	0	0
AF	0	0.330106	11	7	4	0	0	0	0
AF	0	0.330418	3	3	0	0	0	0	0
AF	0	0.330731	1	1	0	0	0	0	0
AF	0	0.331043	1	0	1	0	0	0	0
AF	0	0.331355	2	2	0	0	0	0	0
AF	0	0.331980	1	0	1	0	0	0	0
AF	0	0.333229	1	1	0	0	0	0	0
AF	0	0.335415	1	1	0	0	0	0	0
AF	0	0.337289	2	1	1	0	0	0	0
AF	0	0.338538	2	2	0	0	0	0	0
AF	0	0.340412	1	1	0	0	0	0	0
AF	0	0.343223	1	1	0	0	0	0	0
AF	0	0.344160	3	3	0	0	0	0	0
AF	0	0.344472	1	1	0	0	0	0	0
AF	0	0.344785	2	0	2	0	0	0	0
AF	0	0.345409	1	0	1	0	0	0	0
AF	0	0.345721	1	0	1	0	0	0	0
AF	0	0.346034	1	1	0	0	0	0	0
AF	0	0.347595	1	0	1	0	0	0	0
AF	0	0.347908	1	0	1	0	0	0	0
AF	0	0.348220	2	2	0	0	0	0	0
AF	0	0.349157	3	1	2	0	0	0	0
AF	0	0.349469	1	1	0	0	0	0	0
AF	0	0.350406	4	3	1	0	0	0	0
AF	0	0.350718	2	1	1	0	0	0	0
AF	0	0.351031	1	1	0	0	0	0	0
AF	0	0.351655	1	1	0	0	0	0	0
AF	0	0.352280	1	1	0	0	0	0	0
AF	0	0.352904	1	0	1	0	0	0	0
AF	0	0.353217	1	1	0	0	0	0	0
AF	0	0.353841	1	1	0	0	0	0	0
AF	0	0.354154	1	1	0	0	0	0	0
AF	0	0.354466	2	1	1	0	0	0	0
AF	0	0.354778	2	1	1	0	0	0	0
AF	0	0.355403	1	1	0	0	0	0	0
AF	0	0.355715	2	0	2	0	0	0	0
AF	0	0.356340	1	0	1	0	0	0	0
AF	0	0.357277	3	3	0	0	0	0	0
AF	0	0.357589	2	1	1	0	0	0	0
AF	0	0.357901	2	0	2	0	0	0	0
AF	0	0.359775	1	0	1	0	0	0	0
AF	0	0.360087	1	0	1	0	0	0	0
AF	0	0.360400	1	0	1	0	0	0	0
AF	0	0.361649	1	1	0	0	0	0	0
AF	0	0.362586	1	0	1	0	0	0	0
AF	0	0.363210	1	1	0	0	0	0	0
AF	0	0.364460	1	0	1	0	0	0	0
AF	0	0.365084	1	1	0	0	0	0	0
AF	0	0.365709	1	0	1	0	0	0	0
AF	0	0.367270	1	1	0	0	0	0	0
AF	0	0.367583	3	1	2	0	0	0	0
AF	0	0.367895	1	1	0	0	0	0	0
AF	0	0.368207	1	1	0	0	0	0	0
AF	0	0.368832	1	1	0	0	0	0	0
AF	0	0.369144	1	1	0	0	0	0	0
AF	0	0.371018	2	1	1	0	0	0	0
AF	0	0.372580	4	1	3	0	0	0	0
AF	0	0.372892	2	1	1	0	0	0	0
AF	0	0.373517	4	3	1	0	0	0	0
AF	0	0.373829	1	1	0	0	0	0	0
AF	0	0.374141	1	1	0	0	0	0	0
AF	0	0.374453	1	0	1	0	0	0	0
AF	0	0.374766	4	3	1	0	0	0	0
AF	0	0.375078	2	2	0	0	0	0	0
AF	0	0.376015	4	4	0	0	0	0	0
AF	0	0.376640	1	1	0	0	0	0	0
AF	0	0.378513	2	1	1	0	0	0	0
AF	0	0.378826	1	1	0	0	0	0	0
AF	0	0.379450	1	1	0	0	0	0	0
AF	0	0.380075	1	1	0	0	0	0	0
AF	0	0.380387	1	1	0	0	0	0	0
AF	0	0.380700	1	0	1	0	0	0	0
AF	0	0.381012	1	0	1	0	0	0	0
AF	0	0.381636	1	1	0	0	0	0	0
AF	0	0.381949	1	1	0	0	0	0	0
AF	0	0.382261	1	1	0	0	0	0	0
AF	0	0.382573	1	1	0	0	0	0	0
AF	0	0.382886	1	0	1	0	0	0	0
AF	0	0.383198	1	1	0	0	0	0	0
AF	0	0.383510	1	1	0	0	0	0	0
AF	0	0.384135	1	1	0	0	0	0	0
AF	0	0.385384	1	0	1	0	0	0	0
AF	0	0.386009	2	2	0	0	0	0	0
AF	0	0.386321	2	1	1	0	0	0	0
AF	0	0.387258	1	0	1	0	0	0	0
AF	0	0.387883	1	1	0	0	0	0	0
AF	0	0.388507	1	1	0	0	0	0	0
AF	0	0.390069	1	0	1	0	0	0	0
AF	0	0.391006	1	1	0	0	0	0	0
AF	0	0.391630	1	0	1	0	0	0	0
AF	0	0.392255	3	2	1	0	0	0	0
AF	0	0.392567	1	1	0	0	0	0	0
AF	0	0.392879	3	2	1	0	0	0	0
AF	0	0.393192	1	1	0	0	0	0	0
AF	0	0.394753	2	1	1	0	0	0	0
AF	0	0.395378	1	1	0	0	0	0	0
AF	0	0.397252	3	2	1	0	0	0	0
AF	0	0.397564	1	0	1	0	0	0	0
AF	0	0.397876	1	1	0	0	0	0	0
AF	0	0.398501	1	1	0	0	0	0	0
AF	0	0.399438	1	1	0	0	0	0	0
AF	0	0.399750	3	2	1	0	0	0	0
AF	0	0.400062	1	1	0	0	0	0	0
AF	0	0.400375	5	5	0	0	0	0	0
AF	0	0.401624	2	0	2	0	0	0	0
AF	0	0.402249	1	1	0	0	0	0	0
AF	0	0.402561	1	0	1	0	0	0	0
AF	0	0.403186	1	0	1	0	0	0	0
AF	0	0.403498	1	1	0	0	0	0	0
AF	0	0.403810	3	2	1	0	0	0	0
AF	0	0.404122	1	1	0	0	0	0	0
AF	0	0.404435	1	1	0	0	0	0	0
AF	0	0.404747	1	1	0	0	0	0	0
AF	0	0.406621	1	0	1	0	0	0	0
AF	0	0.407558	1	1	0	0	0	0	0
AF	0	0.409744	1	1	0	0	0	0	0
AF	0	0.410993	1	0	1	0	0	0	0
AF	0	0.411618	4	2	2	0	0	0	0
AF	0	0.412242	1	1	0	0	0	0	0
AF	0	0.412555	1	0	1	0	0	0	0
AF	0	0.412867	2	2	0	0	0	0	0
AF	0	0.413179	2	1	1	0	0	0	0
AF	0	0.413492	2	0	2	0	0	0	0
AF	0	0.414428	1	0	1	0	0	0	0
AF	0	0.414741	1	1	0	0	0	0	0
AF	0	0.415365	4	2	2	0	0	0	0
AF	0	0.416927	1	1	0	0	0	0	0
AF	0	0.417239	1	1	0	0	0	0	0
AF	0	0.418176	1	1	0	0	0	0	0
AF	0	0.420050	3	2	1	0	0	0	0
AF	0	0.420987	3	2	1	0	0	0	0
AF	0	0.422236	1	0	1	0	0	0	0
AF	0	0.422548	2	2	0	0	0	0	0
AF	0	0.425047	1	1	0	0	0	0	0
AF	0	0.425359	1	1	0	0	0	0	0
AF	0	0.425984	1	1	0	0	0	0	0
AF	0	0.426296	2	2	0	0	0	0	0
AF	0	0.426608	2	2	0	0	0	0	0
AF	0	0.426921	1	0	1	0	0	0	0
AF	0	0.427233	1	1	0	0	0	0	0
AF	0	0.427858	1	1	0	0	0	0	0
AF	0	0.429107	2	2	0	0	0	0	0
AF	0	0.429419	1	1	0	0	0	0	0
AF	0	0.429731	1	1	0	0	0	0	0
AF	0	0.430356	1	1	0	0	0	0	0
AF	0	0.431605	2	2	0	0	0	0	0
AF	0	0.432542	1	0	1	0	0	0	0
AF	0	0.432854	4	3	1	0	0	0	0
AF	0	0.433167	1	0	1	0	0	0	0
AF	0	0.433791	1	0	1	0	0	0	0
AF	0	0.434416	1	1	0	0	0	0	0
AF	0	0.434728	1	1	0	0	0	0	0
AF	0	0.435978	3	2	1	0	0	0	0
AF	0	0.437851	1	1	0	0	0	0	0
AF	0	0.438788	1	1	0	0	0	0	0
AF	0	0.439101	1	0	1	0	0	0	0
AF	0	0.439413	1	0	1	0	0	0	0
AF	0	0.440974	1	0	1	0	0	0	0
AF	0	0.441599	1	0	1	0	0	0	0
AF	0	0.444097	1	1	0	0	0	0	0
AF	0	0.444722	1	1	0	0	0	0	0
AF	0	0.445034	2	1	1	0	0	0	0
AF	0	0.445659	1	1	0	0	0	0	0
AF	0	0.447533	3	2	1	0	0	0	0
AF	0	0.448157	1	1	0	0	0	0	0
AF	0	0.451280	1	1	0	0	0	0	0
AF	0	0.451905	1	0	1	0	0	0	0
AF	0	0.453779	3	2	1	0	0	0	0
AF	0	0.454091	1	0	1	0	0	0	0
AF	0	0.454403	1	1	0	0	0	0	0
AF	0	0.455028	2	2	0	0	0	0	0
AF	0	0.456277	2	0	2	0	0	0	0
AF	0	0.456590	4	2	2	0	0	0	0
AF	0	0.456902	5	4	1	0	0	0	0
AF	0	0.457527	1	0	1	0	0	0	0
AF	0	0.457839	2	1	1	0	0	0	0
AF	0	0.458151	1	1	0	0	0	0	0
AF	0	0.458776	1	1	0	0	0	0	0
AF	0	0.460025	1	1	0	0	0	0	0
AF	0	0.460650	4	2	2	0	0	0	0
AF	0	0.460962	1	1	0	0	0	0	0
AF	0	0.461274	3	1	2	0	0	0	0
AF	0	0.461587	2	2	0	0	0	0	0
AF	0	0.462211	1	1	0	0	0	0	0
AF	0	0.463773	2	2	0	0	0	0	0
AF	0	0.464397	1	0	1	0	0	0	0
AF	0	0.465022	3	2	1	0	0	0	0
AF	0	0.466583	1	0	1	0	0	0	0
AF	0	0.470019	2	1	1	0	0	0	0
AF	0	0.470956	1	1	0	0	0	0	0
AF	0	0.471580	1	1	0	0	0	0	0
AF	0	0.473766	1	1	0	0	0	0	0
AF	0	0.474391	1	1	0	0	0	0	0
AF	0	0.475640	2	2	0	0	0	0	0
AF	0	0.476577	2	1	1	0	0	0	0
AF	0	0.477202	1	1	0	0	0	0	0
AF	0	0.477514	1	1	0	0	0	0	0
AF	0	0.477826	1	0	1	0	0	0	0
AF	0	0.478139	1	0	1	0	0	0	0
AF	0	0.479076	1	1	0	0	0	0	0
AF	0	0.479388	2	2	0	0	0	0	0
AF	0	0.480012	1	0	1	0	0	0	0
AF	0	0.480637	1	0	1	0	0	0	0
AF	0	0.480949	1	0	1	0	0	0	0
AF	0	0.481262	1	1	0	0	0	0	0
AF	0	0.481886	1	0	1	0	0	0	0
AF	0	0.482199	1	1	0	0	0	0	0
AF	0	0.482511	1	1	0	0	0	0	0
AF	0	0.483136	1	1	0	0	0	0	0
AF	0	0.483760	1	1	0	0	0	0	0
AF	0	0.484072	1	1	0	0	0	0	0
AF	0	0.484385	1	1	0	0	0	0	0
AF	0	0.485009	1	1	0	0	0	0	0
AF	0	0.485634	1	1	0	0	0	0	0
AF	0	0.485946	1	1	0	0	0	0	0
AF	0	0.486259	1	1	0	0	0	0	0
AF	0	0.489069	1	1	0	0	0	0	0
AF	0	0.490319	1	1	0	0	0	0	0
AF	0	0.490631	2	2	0	0	0	0	0
AF	0	0.491568	1	1	0	0	0	0	0
AF	0	0.492192	2	1	1	0	0	0	0
AF	0	0.492505	2	1	1	0	0	0	0
AF	0	0.492817	1	0	1	0	0	0	0
AF	0	0.493129	1	1	0	0	0	0	0
AF	0	0.493754	1	0	1	0	0	0	0
AF	0	0.494691	1	1	0	0	0	0	0
AF	0	0.495003	1	1	0	0	0	0	0
AF	0	0.495628	1	1	0	0	0	0	0
AF	0	0.496565	1	1	0	0	0	0	0
AF	0	0.497189	1	1	0	0	0	0	0
AF	0	0.497502	1	1	0	0	0	0	0
AF	0	0.497814	1	0	1	0	0	0	0
AF	0	0.498126	1	1	0	0	0	0	0
AF	0	0.498438	1	1	0	0	0	0	0
AF	0	0.498751	2	2	0	0	0	0	0
AF	0	0.499063	4	2	2	0	0	0	0
AF	0	0.499375	1	1	0	0	0	0	0
AF	0	0.499688	2	2	0	0	0	0	0
AF	0	0.500000	6	5	1	0	0	0	0
AF	0	0.500312	1	1	0	0	0	0	0
AF	0	0.500625	2	2	0	0	0	0	0
AF	0	0.501249	1	0	1	0	0	0	0
AF	0	0.501562	1	1	0	0	0	0	0
AF	0	0.501874	1	1	0	0	0	0	0
AF	0	0.502811	1	1	0	0	0	0	0
AF	0	0.503435	1	0	1	0	0	0	0
AF	0	0.506246	2	2	0	0	0	0	0
AF	0	0.508120	1	0	1	0	0	0	0
AF	0	0.510931	1	1	0	0	0	0	0
AF	0	0.511868	1	0	1	0	0	0	0
AF	0	0.513117	1	1	0	0	0	0	0
AF	0	0.513741	1	1	0	0	0	0	0
AF	0	0.514366	1	1	0	0	0	0	0
AF	0	0.515928	1	0	1	0	0	0	0
AF	0	0.516864	1	1	0	0	0	0	0
AF	0	0.517489	1	1	0	0	0	0	0
AF	0	0.517801	1	1	0	0	0	0	0
AF	0	0.519988	1	1	0	0	0	0	0
AF	0	0.520300	2	1	1	0	0	0	0
AF	0	0.521237	1	1	0	0	0	0	0
AF	0	0.522486	1	0	1	0	0	0	0
AF	0	0.524984	1	1	0	0	0	0	0
AF	0	0.528107	1	1	0	0	0	0	0
AF	0	0.529357	1	1	0	0	0	0	0
AF	0	0.529981	2	2	0	0	0	0	0
AF	0	0.530294	1	1	0	0	0	0	0
AF	0	0.530606	1	1	0	0	0	0	0
AF	0	0.531230	1	1	0	0	0	0	0
AF	0	0.532480	1	0	1	0	0	0	0
AF	0	0.533104	1	1	0	0	0	0	0
AF	0	0.533729	3	2	1	0	0	0	0
AF	0	0.534041	3	3	0	0	0	0	0
AF	0	0.534354	5	3	2	0	0	0	0
AF	0	0.534666	2	1	1	0	0	0	0
AF	0	0.534978	3	1	2	0	0	0	0
AF	0	0.535290	3	2	1	0	0	0	0
AF	0	0.535603	4	4	0	0	0	0	0
AF	0	0.535915	1	1	0	0	0	0	0
AF	0	0.536227	1	1	0	0	0	0	0
AF	0	0.536540	2	2	0	0	0	0	0
AF	0	0.536852	2	1	1	0	0	0	0
AF	0	0.537164	1	1	0	0	0	0	0
AF	0	0.537477	5	5	0	0	0	0	0
AF	0	0.539975	1	0	1	0	0	0	0
AF	0	0.543098	1	1	0	0	0	0	0
AF	0	0.544347	1	1	0	0	0	0	0
AF	0	0.544660	1	1	0	0	0	0	0
AF	0	0.546221	1	1	0	0	0	0	0
AF	0	0.549969	1	1	0	0	0	0	0
AF	0	0.551843	1	1	0	0	0	0	0
AF	0	0.552155	1	0	1	0	0	0	0
AF	0	0.554341	1	1	0	0	0	0	0
AF	0	0.555903	1	0	1	0	0	0	0
AF	0	0.557776	2	2	0	0	0	0	0
AF	0	0.558401	4	1	3	0	0	0	0
AF	0	0.559026	2	2	0	0	0	0	0
AF	0	0.559338	1	0	1	0	0	0	0
AF	0	0.567146	1	1	0	0	0	0	0
AF	0	0.568395	1	1	0	0	0	0	0
AF	0	0.569644	3	3	0	0	0	0	0
AF	0	0.570269	1	1	0	0	0	0	0
AF	0	0.570581	1	1	0	0	0	0	0
AF	0	0.572142	1	1	0	0	0	0	0
AF	0	0.573392	1	1	0	0	0	0	0
AF	0	0.573704	2	1	1	0	0	0	0
AF	0	0.574641	2	2	0	0	0	0	0
AF	0	0.574953	1	1	0	0	0	0	0
AF	0	0.575265	3	1	2	0	0	0	0
AF	0	0.576202	3	1	2	0	0	0	0
AF	0	0.576515	1	1	0	0	0	0	0
AF	0	0.577764	1	1	0	0	0	0	0
AF	0	0.578389	3	2	1	0	0	0	0
AF	0	0.579950	1	1	0	0	0	0	0
AF	0	0.584635	1	0	1	0	0	0	0
AF	0	0.585259	2	0	2	0	0	0	0
AF	0	0.585572	1	0	1	0	0	0	0
AF	0	0.586196	1	0	1	0	0	0	0
AF	0	0.586508	1	1	0	0	0	0	0
AF	0	0.586821	1	1	0	0	0	0	0
AF	0	0.587133	1	0	1	0	0	0	0
AF	0	0.588382	1	1	0	0	0	0	0
AF	0	0.591505	1	1	0	0	0	0	0
AF	0	0.592130	2	2	0	0	0	0	0
AF	0	0.592442	1	1	0	0	0	0	0
AF	0	0.594004	1	0	1	0	0	0	0
AF	0	0.595253	1	0	1	0	0	0	0
AF	0	0.596502	2	2	0	0	0	0	0
AF	0	0.599001	1	1	0	0	0	0	0
AF	0	0.600250	2	0	2	0	0	0	0
AF	0	0.600874	1	0	1	0	0	0	0
AF	0	0.601499	1	1	0	0	0	0	0
AF	0	0.601811	2	2	0	0	0	0	0
AF	0	0.602436	1	1	0	0	0	0	0
AF	0	0.603061	1	1	0	0	0	0	0
AF	0	0.603998	1	1	0	0	0	0	0
AF	0	0.604622	1	1	0	0	0	0	0
AF	0	0.605247	1	0	1	0	0	0	0
AF	0	0.606184	1	0	1	0	0	0	0
AF	0	0.606808	1	1	0	0	0	0	0
AF	0	0.607745	1	1	0	0	0	0	0
AF	0	0.608370	1	1	0	0	0	0	0
AF	0	0.609307	1	1	0	0	0	0	0
AF	0	0.609619	3	2	1	0	0	0	0
AF	0	0.609931	1	1	0	0	0	0	0
AF	0	0.610244	4	4	0	0	0	0	0
AF	0	0.610556	1	1	0	0	0	0	0
AF	0	0.610868	2	2	0	0	0	0	0
AF	0	0.611181	1	0	1	0	0	0	0
AF	0	0.611493	3	2	1	0	0	0	0
AF	0	0.611805	2	0	2	0	0	0	0
AF	0	0.612117	1	1	0	0	0	0	0
AF	0	0.613054	1	1	0	0	0	0	0
AF	0	0.613991	1	1	0	0	0	0	0
AF	0	0.614304	5	4	1	0	0	0	0
AF	0	0.614616	1	1	0	0	0	0	0
AF	0	0.615865	1	1	0	0	0	0	0
AF	0	0.616490	2	2	0	0	0	0	0
AF	0	0.617114	1	1	0	0	0	0	0
AF	0	0.617427	1	0	1	0	0	0	0
AF	0	0.618364	1	0	1	0	0	0	0
AF	0	0.622423	1	1	0	0	0	0	0
AF	0	0.625234	1	1	0	0	0	0	0
AF	0	0.625859	1	0	1	0	0	0	0
AF	0	0.626796	1	1	0	0	0	0	0
AF	0	0.627108	1	1	0	0	0	0	0
AF	0	0.628045	1	1	0	0	0	0	0
AF	0	0.628982	2	1	1	0	0	0	0
AF	0	0.629919	1	1	0	0	0	0	0
AF	0	0.633354	1	0	1	0	0	0	0
AF	0	0.635853	1	0	1	0	0	0	0
AF	0	0.636165	3	3	0	0	0	0	0
AF	0	0.636477	6	4	2	0	0	0	0
AF	0	0.636790	1	1	0	0	0	0	0
AF	0	0.637102	2	2	0	0	0	0	0
AF	0	0.637414	1	1	0	0	0	0	0
AF	0	0.647096	1	1	0	0	0	0	0
AF	0	0.647408	1	1	0	0	0	0	0
AF	0	0.648345	1	1	0	0	0	0	0
AF	0	0.650531	1	1	0	0	0	0	0
AF	0	0.652717	1	1	0	0	0	0	0
AF	0	0.655840	1	1	0	0	0	0	0
AF	0	0.663335	1	1	0	0	0	0	0
AF	0	0.665209	1	1	0	0	0	0	0
AF	0	0.666771	1	1	0	0	0	0	0
AF	0	0.668957	1	1	0	0	0	0	0
AF	0	0.671143	1	1	0	0	0	0	0
AF	0	0.674578	1	1	0	0	0	0	0
AF	0	0.675515	1	1	0	0	0	0	0
AF	0	0.680512	1	0	1	0	0	0	0
AF	0	0.684572	1	1	0	0	0	0	0
AF	0	0.684884	1	1	0	0	0	0	0
AF	0	0.691755	1	1	0	0	0	0	0
AF	0	0.692380	1	1	0	0	0	0	0
AF	0	0.692692	1	1	0	0	0	0	0
AF	0	0.693941	1	1	0	0	0	0	0
AF	0	0.700500	2	1	1	0	0	0	0
AF	0	0.704247	1	0	1	0	0	0	0
AF	0	0.704560	1	0	1	0	0	0	0
AF	0	0.704872	1	1	0	0	0	0	0
AF	0	0.705184	1	1	0	0	0	0	0
AF	0	0.708307	1	1	0	0	0	0	0
AF	0	0.708620	2	0	2	0	0	0	0
AF	0	0.708932	1	1	0	0	0	0	0
AF	0	0.710806	1	0	1	0	0	0	0
AF	0	0.711118	3	3	0	0	0	0	0
AF	0	0.712680	1	0	1	0	0	0	0
AF	0	0.713304	1	0	1	0	0	0	0
AF	0	0.718301	1	1	0	0	0	0	0
AF	0	0.718613	1	1	0	0	0	0	0
AF	0	0.718926	1	1	0	0	0	0	0
AF	0	0.719238	2	1	1	0	0	0	0
AF	0	0.723610	1	1	0	0	0	0	0
AF	0	0.723923	1	0	1	0	0	0	0
AF	0	0.724235	1	1	0	0	0	0	0
AF	0	0.726421	1	1	0	0	0	0	0
AF	0	0.726733	1	1	0	0	0	0	0
AF	0	0.727358	3	1	2	0	0	0	0
AF	0	0.727983	1	0	1	0	0	0	0
AF	0	0.730481	1	1	0	0	0	0	0
AF	0	0.731106	1	1	0	0	0	0	0
AF	0	0.731730	1	1	0	0	0	0	0
AF	0	0.732979	1	1	0	0	0	0	0
AF	0	0.734229	2	0	2	0	0	0	0
AF	0	0.734541	1	1	0	0	0	0	0
AF	0	0.734853	1	0	1	0	0	0	0
AF	0	0.735166	1	1	0	0	0	0	0
AF	0	0.735478	3	1	2	0	0	0	0
AF	0	0.735790	1	1	0	0	0	0	0
AF	0	0.736102	5	3	2	0	0	0	0
AF	0	0.736415	1	1	0	0	0	0	0
AF	0	0.736727	2	2	0	0	0	0	0
AF	0	0.737352	1	0	1	0	0	0	0
AF	0	0.737976	1	1	0	0	0	0	0
AF	0	0.739538	1	0	1	0	0	0	0
AF	0	0.743598	1	0	1	0	0	0	0
AF	0	0.744222	1	0	1	0	0	0	0
AF	0	0.744847	1	1	0	0	0	0	0
AF	0	0.745472	2	2	0	0	0	0	0
AF	0	0.745784	2	1	1	0	0	0	0
AF	0	0.746721	2	0	2	0	0	0	0
AF	0	0.747033	1	0	1	0	0	0	0
AF	0	0.747658	1	1	0	0	0	0	0
AF	0	0.749844	1	1	0	0	0	0	0
AF	0	0.752030	1	0	1	0	0	0	0
AF	0	0.754216	1	0	1	0	0	0	0
AF	0	0.756090	1	0	1	0	0	0	0
AF	0	0.758588	1	0	1	0	0	0	0
AF	0	0.759838	1	1	0	0	0	0	0
AF	0	0.768582	1	1	0	0	0	0	0
AF	0	0.769831	1	0	1	0	0	0	0
AF	0	0.772954	1	1	0	0	0	0	0
AF	0	0.773579	1	0	1	0	0	0	0
AF	0	0.776077	1	1	0	0	0	0	0
AF	0	0.776702	1	0	1	0	0	0	0
AF	0	0.779513	1	0	1	0	0	0	0
AF	0	0.786384	1	0	1	0	0	0	0
AF	0	0.788882	1	1	0	0	0	0	0
AF	0	0.790756	2	1	1	0	0	0	0
AF	0	0.792317	1	1	0	0	0	0	0
AF	0	0.792630	1	0	1	0	0	0	0
AF	0	0.792942	1	1	0	0	0	0	0
AF	0	0.795753	2	2	0	0	0	0	0
AF	0	0.798563	1	1	0	0	0	0	0
AF	0	0.798876	1	1	0	0	0	0	0
AF	0	0.799188	1	1	0	0	0	0	0
AF	0	0.799500	2	2	0	0	0	0	0
AF	0	0.800125	2	1	1	0	0	0	0
AF	0	0.800437	2	1	1	0	0	0	0
AF	0	0.800750	2	2	0	0	0	0	0
AF	0	0.801062	1	1	0	0	0	0	0
AF	0	0.802623	2	2	0	0	0	0	0
AF	0	0.806996	1	0	1	0	0	0	0
AF	0	0.813242	1	1	0	0	0	0	0
AF	0	0.815116	1	0	1	0	0	0	0
AF	0	0.816052	1	1	0	0	0	0	0
AF	0	0.816365	1	1	0	0	0	0	0
AF	0	0.817926	1	1	0	0	0	0	0
AF	0	0.818239	1	1	0	0	0	0	0
AF	0	0.818551	1	1	0	0	0	0	0
AF	0	0.818863	1	1	0	0	0	0	0
AF	0	0.819176	1	1	0	0	0	0	0
AF	0	0.819488	4	2	2	0	0	0	0
AF	0	0.819800	2	2	0	0	0	0	0
AF	0	0.821362	1	0	1	0	0	0	0
AF	0	0.821674	1	1	0	0	0	0	0
AF	0	0.822299	2	2	0	0	0	0	0
AF	0	0.822611	1	1	0	0	0	0	0
AF	0	0.823235	1	0	1	0	0	0	0
AF	0	0.825109	2	1	1	0	0	0	0
AF	0	0.825734	4	3	1	0	0	0	0
AF	0	0.826046	2	2	0	0	0	0	0
AF	0	0.828545	1	1	0	0	0	0	0
AF	0	0.831355	1	0	1	0	0	0	0
AF	0	0.831980	3	3	0	0	0	0	0
AF	0	0.841349	2	2	0	0	0	0	0
AF	0	0.841661	5	4	1	0	0	0	0
AF	0	0.841974	9	9	0	0	0	0	0
AF	0	0.843223	1	1	0	0	0	0	0
AF	0	0.843848	1	1	0	0	0	0	0
AF	0	0.845097	1	1	0	0	0	0	0
AF	0	0.849157	1	0	1	0	0	0	0
AF	0	0.865084	1	1	0	0	0	0	0
AF	0	0.865709	1	1	0	0	0	0	0
AF	0	0.867895	1	1	0	0	0	0	0
AF	0	0.873204	1	1	0	0	0	0	0
AF	0	0.881324	1	0	1	0	0	0	0
AF	0	0.898189	1	1	0	0	0	0	0
AF	0	0.909744	1	1	0	0	0	0	0
AF	0	0.917864	1	0	1	0	0	0	0
AF	0	0.923485	1	1	0	0	0	0	0
AF	0	0.923798	1	0	1	0	0	0	0
AF	0	0.924422	1	1	0	0	0	0	0
AF	0	0.924735	1	0	1	0	0	0	0
AF	0	0.925047	1	1	0	0	0	0	0
AF	0	0.927545	1	1	0	0	0	0	0
AF	0	0.929731	1	1	0	0	0	0	0
AF	0	0.930981	1	1	0	0	0	0	0
AF	0	0.934104	1	0	1	0	0	0	0
AF	0	0.957527	1	0	1	0	0	0	0
AF	0	0.958463	1	1	0	0	0	0	0
AF	0	0.958776	1	1	0	0	0	0	0
AF	0	0.970643	1	1	0	0	0	0	0
AF	0	0.971580	3	2	1	0	0	0	0
AF	0	0.974079	1	1	0	0	0	0	0
AF	0	0.976889	1	0	1	0	0	0	0
AF	0	0.984385	1	1	0	0	0	0	0
AF	0	0.987196	1	1	0	0	0	0	0
AF	0	0.988132	1	0	1	0	0	0	0
AF	0	0.988445	2	1	1	0	0	0	0
AF	0	0.988757	2	2	0	0	0	0	0
AF	0	0.989069	1	1	0	0	0	0	0
AF	0	0.989382	1	1	0	0	0	0	0
AF	0	0.990006	1	1	0	0	0	0	0
AF	0	0.991255	2	1	1	0	0	0	0
AF	0	0.993129	1	0	1	0	0	0	0
AF	0	0.993442	1	1	0	0	0	0	0
AF	0	0.994691	1	1	0	0	0	0	0
AF	0	0.995628	2	2	0	0	0	0	0
AF	0	0.997189	1	1	0	0	0	0	0
AF	0	0.997814	1	1	0	0	0	0	0
AF	0	0.999063	1	1	0	0	0	0	0
# QUAL, Stats by quality
# QUAL	[2]id	[3]Quality	[4]number of SNPs	[5]number of transitions (1st ALT)	[6]number of transversions (1st ALT)	[7]number of indels
QUAL	0	.	15255	10703	4552	0
# IDD, InDel distribution:
# IDD	[2]id	[3]length (deletions negative)	[4]number of sites	[5]number of genotypes	[6]mean VAF
# ST, Substitution types:
# ST	[2]id	[3]type	[4]count
ST	0	A>C	472
ST	0	A>G	2082
ST	0	A>T	555
ST	0	C>A	719
ST	0	C>G	562
ST	0	C>T	3197
ST	0	G>A	3320
ST	0	G>C	520
ST	0	G>T	688
ST	0	T>A	562
ST	0	T>C	2104
ST	0	T>G	474
# DP, Depth distribution
# DP	[2]id	[3]bin	[4]number of genotypes	[5]fraction of genotypes (%)	[6]number of sites	[7]fraction of sites (%)
  - Fix haploid genotypes in males...

Submit MakeDiploidMalesX finished successfully. Let's have a beer, buddy!

