Submit MakeDiploidMalesX
version 1.1.6 (2024-09-30)

These are the settings:
  Input file................: /hpc/local/Rocky8/dhl_ec/software/MonopogenLite/resources/1kGP_high_coverage_Illumina.SNVonly_poly.filtered_AF_5e-04.norm.fixvariantid.chrX.vcf.gz
  Output file...............: /hpc/local/Rocky8/dhl_ec/software/MonopogenLite/resources/1kGP_high_coverage_Illumina.SNVonly_poly.filtered_AF_5e-04.norm.fixvariantid.makediploid.chrX.vcf.gz
  Chunk size................: 100

  SLURM CPUs................: 4
  SLURM Array ID............: 72 (of 100)
  SLURM memory..............: 16G
  SLURM time................: 01:00:00
  SLURM mail type...........: FAIL
  SLURM mail user...........: s.w.vanderlaan-2@umcutrecht.nl

  Dry run mode..............: 0
  Debug mode................: 1
  Verbosity.................: 0
  Version...................: 1.1.6 (2024-09-30)

Making converting haploid genotypes to diploid genotypes.
> Extract the region for this SLURM task (# 72) from the BED file.
  - Get the chunk number from the SLURM array task ID and the bed file...
DEBUG: Extracting chunk number: 72p from 72
DEBUG: Extracting region from BED file: /hpc/local/Rocky8/dhl_ec/software/MonopogenLite/resources/chrX_100pieces.bed
  - Extract the region from the BED file...
DEBUG: Extracted raw region: 'chrX	110788969	112349376' (chunk #: 72p of 100 for job 72)
  - Check if a valid region was extracted -- should be 'chrX	110788969	112349376'...
  - Prepare the region for bcftools...
  - Check if the region (chrX:110788969-112349376) was successfully extracted...
> Processing region 'chrX:110788969-112349376'...
  - Process the specific region (chunk# 72) using bcftools view...
  - Index the VCF file...
DEBUG: Check if the VCF file was successfully processed...
##fileformat=VCFv4.2
##FILTER=<ID=PASS,Description="All filters passed">
##fileDate=29/01/2022 - 14:31:41
##source=shapeit4.2.2
##contig=<ID=chr1,length=248956422>
##contig=<ID=chr2,length=242193529>
##contig=<ID=chr3,length=198295559>
##contig=<ID=chr4,length=190214555>
##contig=<ID=chr5,length=181538259>
##contig=<ID=chr6,length=170805979>
# This file was produced by bcftools stats (1.20+htslib-1.20) and can be plotted using plot-vcfstats.
# The command line was:	bcftools stats  /hpc/local/Rocky8/dhl_ec/software/MonopogenLite/resources/chrX.part72.vcf.gz
#
# Definition of sets:
# ID	[2]id	[3]tab-separated file names
ID	0	/hpc/local/Rocky8/dhl_ec/software/MonopogenLite/resources/chrX.part72.vcf.gz
# SN, Summary numbers:
#   number of records   .. number of data rows in the VCF
#   number of no-ALTs   .. reference-only sites, ALT is either "." or identical to REF
#   number of SNPs      .. number of rows with a SNP
#   number of MNPs      .. number of rows with a MNP, such as CC>TT
#   number of indels    .. number of rows with an indel
#   number of others    .. number of rows with other type, for example a symbolic allele or
#                          a complex substitution, such as ACT>TCGA
#   number of multiallelic sites     .. number of rows with multiple alternate alleles
#   number of multiallelic SNP sites .. number of rows with multiple alternate alleles, all SNPs
# 
#   Note that rows containing multiple types will be counted multiple times, in each
#   counter. For example, a row with a SNP and an indel increments both the SNP and
#   the indel counter.
# 
# SN	[2]id	[3]key	[4]value
SN	0	number of samples:	3202
SN	0	number of records:	14831
SN	0	number of no-ALTs:	0
SN	0	number of SNPs:	14831
SN	0	number of MNPs:	0
SN	0	number of indels:	0
SN	0	number of others:	0
SN	0	number of multiallelic sites:	0
SN	0	number of multiallelic SNP sites:	0
# TSTV, transitions/transversions:
# TSTV	[2]id	[3]ts	[4]tv	[5]ts/tv	[6]ts (1st ALT)	[7]tv (1st ALT)	[8]ts/tv (1st ALT)
TSTV	0	10039	4792	2.09	10039	4792	2.09
# SiS, Singleton stats:
# SiS	[2]id	[3]allele count	[4]number of SNPs	[5]number of transitions	[6]number of transversions	[7]number of indels	[8]repeat-consistent	[9]repeat-inconsistent	[10]not applicable
SiS	0	1	0	0	0	0	0	0	0
# AF, Stats by non-reference allele frequency:
# AF	[2]id	[3]allele frequency	[4]number of SNPs	[5]number of transitions	[6]number of transversions	[7]number of indels	[8]repeat-consistent	[9]repeat-inconsistent	[10]not applicable
AF	0	0.000312	2529	1723	806	0	0	0	0
AF	0	0.000625	1476	1008	468	0	0	0	0
AF	0	0.000937	1636	1137	499	0	0	0	0
AF	0	0.001249	631	428	203	0	0	0	0
AF	0	0.001562	857	583	274	0	0	0	0
AF	0	0.001874	333	226	107	0	0	0	0
AF	0	0.002186	521	354	167	0	0	0	0
AF	0	0.002498	202	139	63	0	0	0	0
AF	0	0.002811	322	219	103	0	0	0	0
AF	0	0.003123	171	118	53	0	0	0	0
AF	0	0.003435	334	235	99	0	0	0	0
AF	0	0.003748	146	103	43	0	0	0	0
AF	0	0.004060	239	163	76	0	0	0	0
AF	0	0.004372	99	65	34	0	0	0	0
AF	0	0.004685	146	95	51	0	0	0	0
AF	0	0.004997	101	70	31	0	0	0	0
AF	0	0.005309	160	106	54	0	0	0	0
AF	0	0.005621	76	51	25	0	0	0	0
AF	0	0.005934	134	102	32	0	0	0	0
AF	0	0.006246	92	55	37	0	0	0	0
AF	0	0.006558	163	109	54	0	0	0	0
AF	0	0.006871	63	41	22	0	0	0	0
AF	0	0.007183	107	69	38	0	0	0	0
AF	0	0.007495	51	32	19	0	0	0	0
AF	0	0.007808	107	67	40	0	0	0	0
AF	0	0.008120	43	33	10	0	0	0	0
AF	0	0.008432	88	62	26	0	0	0	0
AF	0	0.008745	52	37	15	0	0	0	0
AF	0	0.009057	70	49	21	0	0	0	0
AF	0	0.009369	41	26	15	0	0	0	0
AF	0	0.009681	117	72	45	0	0	0	0
AF	0	0.009994	28	21	7	0	0	0	0
AF	0	0.010306	82	60	22	0	0	0	0
AF	0	0.010618	27	19	8	0	0	0	0
AF	0	0.010931	68	43	25	0	0	0	0
AF	0	0.011243	27	21	6	0	0	0	0
AF	0	0.011555	77	53	24	0	0	0	0
AF	0	0.011868	35	26	9	0	0	0	0
AF	0	0.012180	72	56	16	0	0	0	0
AF	0	0.012492	19	11	8	0	0	0	0
AF	0	0.012804	39	26	13	0	0	0	0
AF	0	0.013117	29	21	8	0	0	0	0
AF	0	0.013429	50	31	19	0	0	0	0
AF	0	0.013741	17	13	4	0	0	0	0
AF	0	0.014054	38	30	8	0	0	0	0
AF	0	0.014366	22	13	9	0	0	0	0
AF	0	0.014678	56	39	17	0	0	0	0
AF	0	0.014991	16	12	4	0	0	0	0
AF	0	0.015303	38	24	14	0	0	0	0
AF	0	0.015615	11	7	4	0	0	0	0
AF	0	0.015928	28	22	6	0	0	0	0
AF	0	0.016240	10	5	5	0	0	0	0
AF	0	0.016552	30	17	13	0	0	0	0
AF	0	0.016864	16	9	7	0	0	0	0
AF	0	0.017177	24	15	9	0	0	0	0
AF	0	0.017489	17	11	6	0	0	0	0
AF	0	0.017801	29	17	12	0	0	0	0
AF	0	0.018114	30	20	10	0	0	0	0
AF	0	0.018426	28	20	8	0	0	0	0
AF	0	0.018738	13	10	3	0	0	0	0
AF	0	0.019051	37	19	18	0	0	0	0
AF	0	0.019363	26	17	9	0	0	0	0
AF	0	0.019675	76	51	25	0	0	0	0
AF	0	0.019988	13	7	6	0	0	0	0
AF	0	0.020300	40	25	15	0	0	0	0
AF	0	0.020612	16	9	7	0	0	0	0
AF	0	0.020924	35	22	13	0	0	0	0
AF	0	0.021237	14	9	5	0	0	0	0
AF	0	0.021549	13	7	6	0	0	0	0
AF	0	0.021861	12	6	6	0	0	0	0
AF	0	0.022174	19	14	5	0	0	0	0
AF	0	0.022486	14	10	4	0	0	0	0
AF	0	0.022798	12	10	2	0	0	0	0
AF	0	0.023111	6	3	3	0	0	0	0
AF	0	0.023423	30	19	11	0	0	0	0
AF	0	0.023735	8	4	4	0	0	0	0
AF	0	0.024047	10	8	2	0	0	0	0
AF	0	0.024360	8	3	5	0	0	0	0
AF	0	0.024672	9	5	4	0	0	0	0
AF	0	0.024984	6	5	1	0	0	0	0
AF	0	0.025297	20	15	5	0	0	0	0
AF	0	0.025609	7	3	4	0	0	0	0
AF	0	0.025921	11	8	3	0	0	0	0
AF	0	0.026234	10	7	3	0	0	0	0
AF	0	0.026546	21	10	11	0	0	0	0
AF	0	0.026858	10	6	4	0	0	0	0
AF	0	0.027171	21	12	9	0	0	0	0
AF	0	0.027483	8	5	3	0	0	0	0
AF	0	0.027795	13	7	6	0	0	0	0
AF	0	0.028107	4	2	2	0	0	0	0
AF	0	0.028420	12	6	6	0	0	0	0
AF	0	0.028732	13	10	3	0	0	0	0
AF	0	0.029044	17	10	7	0	0	0	0
AF	0	0.029357	7	4	3	0	0	0	0
AF	0	0.029669	15	8	7	0	0	0	0
AF	0	0.029981	3	2	1	0	0	0	0
AF	0	0.030294	11	8	3	0	0	0	0
AF	0	0.030606	6	5	1	0	0	0	0
AF	0	0.030918	8	5	3	0	0	0	0
AF	0	0.031230	2	0	2	0	0	0	0
AF	0	0.031543	10	8	2	0	0	0	0
AF	0	0.031855	10	3	7	0	0	0	0
AF	0	0.032167	13	7	6	0	0	0	0
AF	0	0.032480	4	3	1	0	0	0	0
AF	0	0.032792	10	6	4	0	0	0	0
AF	0	0.033104	6	4	2	0	0	0	0
AF	0	0.033417	16	10	6	0	0	0	0
AF	0	0.033729	7	4	3	0	0	0	0
AF	0	0.034041	5	5	0	0	0	0	0
AF	0	0.034354	2	2	0	0	0	0	0
AF	0	0.034666	10	7	3	0	0	0	0
AF	0	0.034978	4	3	1	0	0	0	0
AF	0	0.035290	9	9	0	0	0	0	0
AF	0	0.035603	6	3	3	0	0	0	0
AF	0	0.035915	18	11	7	0	0	0	0
AF	0	0.036227	9	4	5	0	0	0	0
AF	0	0.036540	7	5	2	0	0	0	0
AF	0	0.036852	5	4	1	0	0	0	0
AF	0	0.037164	7	5	2	0	0	0	0
AF	0	0.037789	9	8	1	0	0	0	0
AF	0	0.038101	2	2	0	0	0	0	0
AF	0	0.038413	11	7	4	0	0	0	0
AF	0	0.038726	7	5	2	0	0	0	0
AF	0	0.039038	6	4	2	0	0	0	0
AF	0	0.039350	3	1	2	0	0	0	0
AF	0	0.039663	11	5	6	0	0	0	0
AF	0	0.039975	5	3	2	0	0	0	0
AF	0	0.040287	12	9	3	0	0	0	0
AF	0	0.040600	4	3	1	0	0	0	0
AF	0	0.040912	4	2	2	0	0	0	0
AF	0	0.041224	4	2	2	0	0	0	0
AF	0	0.041537	4	2	2	0	0	0	0
AF	0	0.041849	2	1	1	0	0	0	0
AF	0	0.042161	11	6	5	0	0	0	0
AF	0	0.042473	3	2	1	0	0	0	0
AF	0	0.042786	12	8	4	0	0	0	0
AF	0	0.043098	4	3	1	0	0	0	0
AF	0	0.043410	11	7	4	0	0	0	0
AF	0	0.043723	6	2	4	0	0	0	0
AF	0	0.044035	7	5	2	0	0	0	0
AF	0	0.044347	5	5	0	0	0	0	0
AF	0	0.044660	10	8	2	0	0	0	0
AF	0	0.044972	19	11	8	0	0	0	0
AF	0	0.045284	18	12	6	0	0	0	0
AF	0	0.045597	6	4	2	0	0	0	0
AF	0	0.045909	8	2	6	0	0	0	0
AF	0	0.046221	3	0	3	0	0	0	0
AF	0	0.046533	6	2	4	0	0	0	0
AF	0	0.046846	9	5	4	0	0	0	0
AF	0	0.047158	25	17	8	0	0	0	0
AF	0	0.047470	4	3	1	0	0	0	0
AF	0	0.047783	9	7	2	0	0	0	0
AF	0	0.048407	4	3	1	0	0	0	0
AF	0	0.048720	3	3	0	0	0	0	0
AF	0	0.049032	7	4	3	0	0	0	0
AF	0	0.049344	4	2	2	0	0	0	0
AF	0	0.049656	6	2	4	0	0	0	0
AF	0	0.049969	5	2	3	0	0	0	0
AF	0	0.050281	5	4	1	0	0	0	0
AF	0	0.050593	4	3	1	0	0	0	0
AF	0	0.051218	1	1	0	0	0	0	0
AF	0	0.051530	4	2	2	0	0	0	0
AF	0	0.052155	3	2	1	0	0	0	0
AF	0	0.052780	5	2	3	0	0	0	0
AF	0	0.053092	1	1	0	0	0	0	0
AF	0	0.053404	4	4	0	0	0	0	0
AF	0	0.053716	6	5	1	0	0	0	0
AF	0	0.054029	5	4	1	0	0	0	0
AF	0	0.054341	1	1	0	0	0	0	0
AF	0	0.054653	6	4	2	0	0	0	0
AF	0	0.054966	4	2	2	0	0	0	0
AF	0	0.055278	4	1	3	0	0	0	0
AF	0	0.055903	5	3	2	0	0	0	0
AF	0	0.056215	1	1	0	0	0	0	0
AF	0	0.057152	3	2	1	0	0	0	0
AF	0	0.057464	1	1	0	0	0	0	0
AF	0	0.057776	15	11	4	0	0	0	0
AF	0	0.058089	2	2	0	0	0	0	0
AF	0	0.058401	27	16	11	0	0	0	0
AF	0	0.058713	2	2	0	0	0	0	0
AF	0	0.059026	4	3	1	0	0	0	0
AF	0	0.059338	2	2	0	0	0	0	0
AF	0	0.059650	1	1	0	0	0	0	0
AF	0	0.059963	3	0	3	0	0	0	0
AF	0	0.060275	2	0	2	0	0	0	0
AF	0	0.060587	2	1	1	0	0	0	0
AF	0	0.060899	9	6	3	0	0	0	0
AF	0	0.061836	1	0	1	0	0	0	0
AF	0	0.062149	2	2	0	0	0	0	0
AF	0	0.062461	3	0	3	0	0	0	0
AF	0	0.062773	6	4	2	0	0	0	0
AF	0	0.063086	8	6	2	0	0	0	0
AF	0	0.063398	9	7	2	0	0	0	0
AF	0	0.063710	2	1	1	0	0	0	0
AF	0	0.064022	2	2	0	0	0	0	0
AF	0	0.064335	1	1	0	0	0	0	0
AF	0	0.064647	4	4	0	0	0	0	0
AF	0	0.064959	4	4	0	0	0	0	0
AF	0	0.065272	4	3	1	0	0	0	0
AF	0	0.065584	3	3	0	0	0	0	0
AF	0	0.065896	4	3	1	0	0	0	0
AF	0	0.066209	1	1	0	0	0	0	0
AF	0	0.066521	2	2	0	0	0	0	0
AF	0	0.066833	4	3	1	0	0	0	0
AF	0	0.067146	6	6	0	0	0	0	0
AF	0	0.067458	1	1	0	0	0	0	0
AF	0	0.067770	8	5	3	0	0	0	0
AF	0	0.068082	3	2	1	0	0	0	0
AF	0	0.068395	2	1	1	0	0	0	0
AF	0	0.068707	2	2	0	0	0	0	0
AF	0	0.069019	3	3	0	0	0	0	0
AF	0	0.069332	1	0	1	0	0	0	0
AF	0	0.069644	3	1	2	0	0	0	0
AF	0	0.069956	3	2	1	0	0	0	0
AF	0	0.070269	1	0	1	0	0	0	0
AF	0	0.070581	1	1	0	0	0	0	0
AF	0	0.070893	9	9	0	0	0	0	0
AF	0	0.071205	3	3	0	0	0	0	0
AF	0	0.071518	3	2	1	0	0	0	0
AF	0	0.071830	8	5	3	0	0	0	0
AF	0	0.072142	8	6	2	0	0	0	0
AF	0	0.072455	1	1	0	0	0	0	0
AF	0	0.072767	5	4	1	0	0	0	0
AF	0	0.073079	1	1	0	0	0	0	0
AF	0	0.073392	7	5	2	0	0	0	0
AF	0	0.073704	2	1	1	0	0	0	0
AF	0	0.074016	1	1	0	0	0	0	0
AF	0	0.074329	4	1	3	0	0	0	0
AF	0	0.074641	10	9	1	0	0	0	0
AF	0	0.074953	2	2	0	0	0	0	0
AF	0	0.075265	4	4	0	0	0	0	0
AF	0	0.075578	1	1	0	0	0	0	0
AF	0	0.075890	6	4	2	0	0	0	0
AF	0	0.076202	4	3	1	0	0	0	0
AF	0	0.076515	4	3	1	0	0	0	0
AF	0	0.076827	4	2	2	0	0	0	0
AF	0	0.077139	6	6	0	0	0	0	0
AF	0	0.077452	3	3	0	0	0	0	0
AF	0	0.077764	1	1	0	0	0	0	0
AF	0	0.078076	1	0	1	0	0	0	0
AF	0	0.078389	4	3	1	0	0	0	0
AF	0	0.078701	5	3	2	0	0	0	0
AF	0	0.079013	8	5	3	0	0	0	0
AF	0	0.079325	1	0	1	0	0	0	0
AF	0	0.079638	7	4	3	0	0	0	0
AF	0	0.079950	2	1	1	0	0	0	0
AF	0	0.080262	2	2	0	0	0	0	0
AF	0	0.080575	1	0	1	0	0	0	0
AF	0	0.081199	5	2	3	0	0	0	0
AF	0	0.081512	3	2	1	0	0	0	0
AF	0	0.082136	3	2	1	0	0	0	0
AF	0	0.082448	2	2	0	0	0	0	0
AF	0	0.082761	3	1	2	0	0	0	0
AF	0	0.083385	2	0	2	0	0	0	0
AF	0	0.084010	1	0	1	0	0	0	0
AF	0	0.084322	1	1	0	0	0	0	0
AF	0	0.084635	4	2	2	0	0	0	0
AF	0	0.084947	5	3	2	0	0	0	0
AF	0	0.085259	14	13	1	0	0	0	0
AF	0	0.085572	1	0	1	0	0	0	0
AF	0	0.085884	5	3	2	0	0	0	0
AF	0	0.086196	2	2	0	0	0	0	0
AF	0	0.086508	4	2	2	0	0	0	0
AF	0	0.087133	5	3	2	0	0	0	0
AF	0	0.087445	4	2	2	0	0	0	0
AF	0	0.087758	3	1	2	0	0	0	0
AF	0	0.088070	2	2	0	0	0	0	0
AF	0	0.088382	1	1	0	0	0	0	0
AF	0	0.089007	13	10	3	0	0	0	0
AF	0	0.089319	1	1	0	0	0	0	0
AF	0	0.089631	3	2	1	0	0	0	0
AF	0	0.089944	3	3	0	0	0	0	0
AF	0	0.090256	14	13	1	0	0	0	0
AF	0	0.090568	6	5	1	0	0	0	0
AF	0	0.090881	4	3	1	0	0	0	0
AF	0	0.091193	4	3	1	0	0	0	0
AF	0	0.091505	3	3	0	0	0	0	0
AF	0	0.091818	3	1	2	0	0	0	0
AF	0	0.092130	2	2	0	0	0	0	0
AF	0	0.092755	2	2	0	0	0	0	0
AF	0	0.093067	1	1	0	0	0	0	0
AF	0	0.093379	3	3	0	0	0	0	0
AF	0	0.093691	3	2	1	0	0	0	0
AF	0	0.094004	2	0	2	0	0	0	0
AF	0	0.094316	4	2	2	0	0	0	0
AF	0	0.094941	3	3	0	0	0	0	0
AF	0	0.095878	1	0	1	0	0	0	0
AF	0	0.096502	2	2	0	0	0	0	0
AF	0	0.096814	2	1	1	0	0	0	0
AF	0	0.097127	13	10	3	0	0	0	0
AF	0	0.097439	6	4	2	0	0	0	0
AF	0	0.097751	1	0	1	0	0	0	0
AF	0	0.099001	2	2	0	0	0	0	0
AF	0	0.099313	3	2	1	0	0	0	0
AF	0	0.099625	4	3	1	0	0	0	0
AF	0	0.099938	2	2	0	0	0	0	0
AF	0	0.100250	1	1	0	0	0	0	0
AF	0	0.100562	1	1	0	0	0	0	0
AF	0	0.100874	2	1	1	0	0	0	0
AF	0	0.101499	2	1	1	0	0	0	0
AF	0	0.101811	1	0	1	0	0	0	0
AF	0	0.102124	2	1	1	0	0	0	0
AF	0	0.102436	2	0	2	0	0	0	0
AF	0	0.102748	1	1	0	0	0	0	0
AF	0	0.103061	1	1	0	0	0	0	0
AF	0	0.103373	1	1	0	0	0	0	0
AF	0	0.103998	3	1	2	0	0	0	0
AF	0	0.104310	1	1	0	0	0	0	0
AF	0	0.104622	2	2	0	0	0	0	0
AF	0	0.105247	3	1	2	0	0	0	0
AF	0	0.105559	2	2	0	0	0	0	0
AF	0	0.105871	5	1	4	0	0	0	0
AF	0	0.106184	4	3	1	0	0	0	0
AF	0	0.106496	4	2	2	0	0	0	0
AF	0	0.106808	1	0	1	0	0	0	0
AF	0	0.107121	4	4	0	0	0	0	0
AF	0	0.107433	1	0	1	0	0	0	0
AF	0	0.107745	3	2	1	0	0	0	0
AF	0	0.108057	1	1	0	0	0	0	0
AF	0	0.108370	2	1	1	0	0	0	0
AF	0	0.108994	5	4	1	0	0	0	0
AF	0	0.109307	1	1	0	0	0	0	0
AF	0	0.109619	3	2	1	0	0	0	0
AF	0	0.110244	2	0	2	0	0	0	0
AF	0	0.110556	2	2	0	0	0	0	0
AF	0	0.110868	1	1	0	0	0	0	0
AF	0	0.111181	1	0	1	0	0	0	0
AF	0	0.111493	1	0	1	0	0	0	0
AF	0	0.111805	1	0	1	0	0	0	0
AF	0	0.112430	3	2	1	0	0	0	0
AF	0	0.113054	3	2	1	0	0	0	0
AF	0	0.113367	2	2	0	0	0	0	0
AF	0	0.113679	1	0	1	0	0	0	0
AF	0	0.114304	1	1	0	0	0	0	0
AF	0	0.114928	2	1	1	0	0	0	0
AF	0	0.115240	2	1	1	0	0	0	0
AF	0	0.115553	1	1	0	0	0	0	0
AF	0	0.115865	1	1	0	0	0	0	0
AF	0	0.116177	1	1	0	0	0	0	0
AF	0	0.116802	2	2	0	0	0	0	0
AF	0	0.117114	1	1	0	0	0	0	0
AF	0	0.117427	2	2	0	0	0	0	0
AF	0	0.118051	2	2	0	0	0	0	0
AF	0	0.118364	2	1	1	0	0	0	0
AF	0	0.118676	4	3	1	0	0	0	0
AF	0	0.118988	1	1	0	0	0	0	0
AF	0	0.119300	2	1	1	0	0	0	0
AF	0	0.119613	3	3	0	0	0	0	0
AF	0	0.119925	2	1	1	0	0	0	0
AF	0	0.120237	3	0	3	0	0	0	0
AF	0	0.120550	1	1	0	0	0	0	0
AF	0	0.120862	1	0	1	0	0	0	0
AF	0	0.121174	2	2	0	0	0	0	0
AF	0	0.121487	2	1	1	0	0	0	0
AF	0	0.122111	1	1	0	0	0	0	0
AF	0	0.122423	1	1	0	0	0	0	0
AF	0	0.123048	2	1	1	0	0	0	0
AF	0	0.123360	1	1	0	0	0	0	0
AF	0	0.123673	7	5	2	0	0	0	0
AF	0	0.124922	3	0	3	0	0	0	0
AF	0	0.125234	1	0	1	0	0	0	0
AF	0	0.125547	4	4	0	0	0	0	0
AF	0	0.125859	1	1	0	0	0	0	0
AF	0	0.126171	2	1	1	0	0	0	0
AF	0	0.126796	4	2	2	0	0	0	0
AF	0	0.127420	1	1	0	0	0	0	0
AF	0	0.128045	2	2	0	0	0	0	0
AF	0	0.128670	1	0	1	0	0	0	0
AF	0	0.129294	2	2	0	0	0	0	0
AF	0	0.129606	2	2	0	0	0	0	0
AF	0	0.129919	1	1	0	0	0	0	0
AF	0	0.130231	1	0	1	0	0	0	0
AF	0	0.130543	3	2	1	0	0	0	0
AF	0	0.131793	2	1	1	0	0	0	0
AF	0	0.132105	1	0	1	0	0	0	0
AF	0	0.132417	2	1	1	0	0	0	0
AF	0	0.133042	1	1	0	0	0	0	0
AF	0	0.133666	1	1	0	0	0	0	0
AF	0	0.134291	1	1	0	0	0	0	0
AF	0	0.134916	1	0	1	0	0	0	0
AF	0	0.135228	2	2	0	0	0	0	0
AF	0	0.136477	1	0	1	0	0	0	0
AF	0	0.136790	3	2	1	0	0	0	0
AF	0	0.137102	2	1	1	0	0	0	0
AF	0	0.137414	1	0	1	0	0	0	0
AF	0	0.138351	2	1	1	0	0	0	0
AF	0	0.138663	1	1	0	0	0	0	0
AF	0	0.139288	1	0	1	0	0	0	0
AF	0	0.139913	1	1	0	0	0	0	0
AF	0	0.140225	3	2	1	0	0	0	0
AF	0	0.140537	5	4	1	0	0	0	0
AF	0	0.140849	3	2	1	0	0	0	0
AF	0	0.141162	1	0	1	0	0	0	0
AF	0	0.141474	1	0	1	0	0	0	0
AF	0	0.141786	4	1	3	0	0	0	0
AF	0	0.142411	1	1	0	0	0	0	0
AF	0	0.143660	3	2	1	0	0	0	0
AF	0	0.144285	2	1	1	0	0	0	0
AF	0	0.144597	2	2	0	0	0	0	0
AF	0	0.144909	6	6	0	0	0	0	0
AF	0	0.145534	2	0	2	0	0	0	0
AF	0	0.146471	1	1	0	0	0	0	0
AF	0	0.146783	4	4	0	0	0	0	0
AF	0	0.147096	2	2	0	0	0	0	0
AF	0	0.147408	5	4	1	0	0	0	0
AF	0	0.147720	3	1	2	0	0	0	0
AF	0	0.148345	1	0	1	0	0	0	0
AF	0	0.148657	3	2	1	0	0	0	0
AF	0	0.148969	4	3	1	0	0	0	0
AF	0	0.149282	2	1	1	0	0	0	0
AF	0	0.150219	2	0	2	0	0	0	0
AF	0	0.150531	3	3	0	0	0	0	0
AF	0	0.151156	2	1	1	0	0	0	0
AF	0	0.151468	5	4	1	0	0	0	0
AF	0	0.151780	2	2	0	0	0	0	0
AF	0	0.152092	1	1	0	0	0	0	0
AF	0	0.152405	17	10	7	0	0	0	0
AF	0	0.153029	1	1	0	0	0	0	0
AF	0	0.153654	2	1	1	0	0	0	0
AF	0	0.154279	1	0	1	0	0	0	0
AF	0	0.154903	3	2	1	0	0	0	0
AF	0	0.155215	2	0	2	0	0	0	0
AF	0	0.155528	2	0	2	0	0	0	0
AF	0	0.155840	1	0	1	0	0	0	0
AF	0	0.156152	6	1	5	0	0	0	0
AF	0	0.156465	1	1	0	0	0	0	0
AF	0	0.156777	5	3	2	0	0	0	0
AF	0	0.157089	1	1	0	0	0	0	0
AF	0	0.157402	5	2	3	0	0	0	0
AF	0	0.157714	1	1	0	0	0	0	0
AF	0	0.158026	4	3	1	0	0	0	0
AF	0	0.158339	3	2	1	0	0	0	0
AF	0	0.158651	7	3	4	0	0	0	0
AF	0	0.158963	3	2	1	0	0	0	0
AF	0	0.159275	2	2	0	0	0	0	0
AF	0	0.159900	7	3	4	0	0	0	0
AF	0	0.160212	3	1	2	0	0	0	0
AF	0	0.160525	7	4	3	0	0	0	0
AF	0	0.161149	7	5	2	0	0	0	0
AF	0	0.161462	4	4	0	0	0	0	0
AF	0	0.162086	1	0	1	0	0	0	0
AF	0	0.162399	1	1	0	0	0	0	0
AF	0	0.163023	8	3	5	0	0	0	0
AF	0	0.163335	1	0	1	0	0	0	0
AF	0	0.163648	12	6	6	0	0	0	0
AF	0	0.163960	1	1	0	0	0	0	0
AF	0	0.164272	3	2	1	0	0	0	0
AF	0	0.164585	1	1	0	0	0	0	0
AF	0	0.164897	2	2	0	0	0	0	0
AF	0	0.165209	1	0	1	0	0	0	0
AF	0	0.165522	1	1	0	0	0	0	0
AF	0	0.165834	2	2	0	0	0	0	0
AF	0	0.166458	2	2	0	0	0	0	0
AF	0	0.166771	5	4	1	0	0	0	0
AF	0	0.167083	3	2	1	0	0	0	0
AF	0	0.167395	2	2	0	0	0	0	0
AF	0	0.167708	2	0	2	0	0	0	0
AF	0	0.168020	1	1	0	0	0	0	0
AF	0	0.169582	2	1	1	0	0	0	0
AF	0	0.169894	2	2	0	0	0	0	0
AF	0	0.170206	2	0	2	0	0	0	0
AF	0	0.171143	2	0	2	0	0	0	0
AF	0	0.172392	1	1	0	0	0	0	0
AF	0	0.172705	1	1	0	0	0	0	0
AF	0	0.173017	2	1	1	0	0	0	0
AF	0	0.173641	4	4	0	0	0	0	0
AF	0	0.173954	4	0	4	0	0	0	0
AF	0	0.174266	6	4	2	0	0	0	0
AF	0	0.174891	9	3	6	0	0	0	0
AF	0	0.175203	5	3	2	0	0	0	0
AF	0	0.175515	1	1	0	0	0	0	0
AF	0	0.176140	3	1	2	0	0	0	0
AF	0	0.176452	1	0	1	0	0	0	0
AF	0	0.176765	1	1	0	0	0	0	0
AF	0	0.177389	1	0	1	0	0	0	0
AF	0	0.177701	1	1	0	0	0	0	0
AF	0	0.178014	5	3	2	0	0	0	0
AF	0	0.178326	2	1	1	0	0	0	0
AF	0	0.178638	2	1	1	0	0	0	0
AF	0	0.179263	1	1	0	0	0	0	0
AF	0	0.181761	1	1	0	0	0	0	0
AF	0	0.182386	5	3	2	0	0	0	0
AF	0	0.183011	7	4	3	0	0	0	0
AF	0	0.184884	2	2	0	0	0	0	0
AF	0	0.185509	2	1	1	0	0	0	0
AF	0	0.186134	1	1	0	0	0	0	0
AF	0	0.186446	5	3	2	0	0	0	0
AF	0	0.186758	2	2	0	0	0	0	0
AF	0	0.187383	3	2	1	0	0	0	0
AF	0	0.188007	3	1	2	0	0	0	0
AF	0	0.188320	1	1	0	0	0	0	0
AF	0	0.189257	1	1	0	0	0	0	0
AF	0	0.190818	1	1	0	0	0	0	0
AF	0	0.191131	1	1	0	0	0	0	0
AF	0	0.191443	1	0	1	0	0	0	0
AF	0	0.191755	1	1	0	0	0	0	0
AF	0	0.193004	1	1	0	0	0	0	0
AF	0	0.193317	1	1	0	0	0	0	0
AF	0	0.193941	2	2	0	0	0	0	0
AF	0	0.194254	2	0	2	0	0	0	0
AF	0	0.194878	1	1	0	0	0	0	0
AF	0	0.195503	1	0	1	0	0	0	0
AF	0	0.195815	1	1	0	0	0	0	0
AF	0	0.196127	2	1	1	0	0	0	0
AF	0	0.196752	1	1	0	0	0	0	0
AF	0	0.197064	2	1	1	0	0	0	0
AF	0	0.198001	1	1	0	0	0	0	0
AF	0	0.198314	1	1	0	0	0	0	0
AF	0	0.198938	1	1	0	0	0	0	0
AF	0	0.199250	3	1	2	0	0	0	0
AF	0	0.199563	3	3	0	0	0	0	0
AF	0	0.199875	5	3	2	0	0	0	0
AF	0	0.200187	1	1	0	0	0	0	0
AF	0	0.200500	2	1	1	0	0	0	0
AF	0	0.200812	2	2	0	0	0	0	0
AF	0	0.201437	1	1	0	0	0	0	0
AF	0	0.202998	4	3	1	0	0	0	0
AF	0	0.203310	4	1	3	0	0	0	0
AF	0	0.203623	4	2	2	0	0	0	0
AF	0	0.203935	2	2	0	0	0	0	0
AF	0	0.204247	4	3	1	0	0	0	0
AF	0	0.204560	3	2	1	0	0	0	0
AF	0	0.204872	3	1	2	0	0	0	0
AF	0	0.205497	2	1	1	0	0	0	0
AF	0	0.206121	1	1	0	0	0	0	0
AF	0	0.208620	1	1	0	0	0	0	0
AF	0	0.209557	1	1	0	0	0	0	0
AF	0	0.209869	4	4	0	0	0	0	0
AF	0	0.210181	2	1	1	0	0	0	0
AF	0	0.210493	2	1	1	0	0	0	0
AF	0	0.210806	2	1	1	0	0	0	0
AF	0	0.211118	2	1	1	0	0	0	0
AF	0	0.211430	5	3	2	0	0	0	0
AF	0	0.211743	13	9	4	0	0	0	0
AF	0	0.212367	5	2	3	0	0	0	0
AF	0	0.212680	9	4	5	0	0	0	0
AF	0	0.212992	6	6	0	0	0	0	0
AF	0	0.213304	4	3	1	0	0	0	0
AF	0	0.213616	11	9	2	0	0	0	0
AF	0	0.213929	1	1	0	0	0	0	0
AF	0	0.214241	7	5	2	0	0	0	0
AF	0	0.217364	1	0	1	0	0	0	0
AF	0	0.218613	1	1	0	0	0	0	0
AF	0	0.219238	2	1	1	0	0	0	0
AF	0	0.220175	1	1	0	0	0	0	0
AF	0	0.220487	3	2	1	0	0	0	0
AF	0	0.220800	1	1	0	0	0	0	0
AF	0	0.221112	4	4	0	0	0	0	0
AF	0	0.221424	1	1	0	0	0	0	0
AF	0	0.221736	5	3	2	0	0	0	0
AF	0	0.222049	2	1	1	0	0	0	0
AF	0	0.222361	1	1	0	0	0	0	0
AF	0	0.222673	8	4	4	0	0	0	0
AF	0	0.222986	1	1	0	0	0	0	0
AF	0	0.223298	1	0	1	0	0	0	0
AF	0	0.223610	3	2	1	0	0	0	0
AF	0	0.224547	2	0	2	0	0	0	0
AF	0	0.225172	2	1	1	0	0	0	0
AF	0	0.225796	3	3	0	0	0	0	0
AF	0	0.226421	1	1	0	0	0	0	0
AF	0	0.226733	1	0	1	0	0	0	0
AF	0	0.228607	1	0	1	0	0	0	0
AF	0	0.228919	1	0	1	0	0	0	0
AF	0	0.229232	1	1	0	0	0	0	0
AF	0	0.229544	1	1	0	0	0	0	0
AF	0	0.231418	1	1	0	0	0	0	0
AF	0	0.231730	1	1	0	0	0	0	0
AF	0	0.232355	1	1	0	0	0	0	0
AF	0	0.232667	1	1	0	0	0	0	0
AF	0	0.232979	1	1	0	0	0	0	0
AF	0	0.233916	1	1	0	0	0	0	0
AF	0	0.234229	1	0	1	0	0	0	0
AF	0	0.235790	3	2	1	0	0	0	0
AF	0	0.236102	1	0	1	0	0	0	0
AF	0	0.237039	1	1	0	0	0	0	0
AF	0	0.238289	1	1	0	0	0	0	0
AF	0	0.238601	1	1	0	0	0	0	0
AF	0	0.238913	1	1	0	0	0	0	0
AF	0	0.239538	3	1	2	0	0	0	0
AF	0	0.239850	1	1	0	0	0	0	0
AF	0	0.240162	2	1	1	0	0	0	0
AF	0	0.241099	1	1	0	0	0	0	0
AF	0	0.241412	3	2	1	0	0	0	0
AF	0	0.242036	1	0	1	0	0	0	0
AF	0	0.242349	2	2	0	0	0	0	0
AF	0	0.242661	1	1	0	0	0	0	0
AF	0	0.243598	1	1	0	0	0	0	0
AF	0	0.245159	5	5	0	0	0	0	0
AF	0	0.245472	4	2	2	0	0	0	0
AF	0	0.245784	6	5	1	0	0	0	0
AF	0	0.246408	1	0	1	0	0	0	0
AF	0	0.247033	1	0	1	0	0	0	0
AF	0	0.247345	1	0	1	0	0	0	0
AF	0	0.248907	2	2	0	0	0	0	0
AF	0	0.249219	1	1	0	0	0	0	0
AF	0	0.249532	1	1	0	0	0	0	0
AF	0	0.249844	1	1	0	0	0	0	0
AF	0	0.252342	1	1	0	0	0	0	0
AF	0	0.253279	1	0	1	0	0	0	0
AF	0	0.253592	1	1	0	0	0	0	0
AF	0	0.253904	1	1	0	0	0	0	0
AF	0	0.254216	1	1	0	0	0	0	0
AF	0	0.254528	1	1	0	0	0	0	0
AF	0	0.254841	1	1	0	0	0	0	0
AF	0	0.255153	3	3	0	0	0	0	0
AF	0	0.257339	1	1	0	0	0	0	0
AF	0	0.257964	1	0	1	0	0	0	0
AF	0	0.259213	1	0	1	0	0	0	0
AF	0	0.259525	1	0	1	0	0	0	0
AF	0	0.259838	1	0	1	0	0	0	0
AF	0	0.260775	1	1	0	0	0	0	0
AF	0	0.261711	1	1	0	0	0	0	0
AF	0	0.263898	1	1	0	0	0	0	0
AF	0	0.264210	1	0	1	0	0	0	0
AF	0	0.265459	1	1	0	0	0	0	0
AF	0	0.265771	1	0	1	0	0	0	0
AF	0	0.266708	1	1	0	0	0	0	0
AF	0	0.268270	1	0	1	0	0	0	0
AF	0	0.269207	1	0	1	0	0	0	0
AF	0	0.269519	3	1	2	0	0	0	0
AF	0	0.269831	1	1	0	0	0	0	0
AF	0	0.271393	1	1	0	0	0	0	0
AF	0	0.274204	1	0	1	0	0	0	0
AF	0	0.274828	1	1	0	0	0	0	0
AF	0	0.275141	4	4	0	0	0	0	0
AF	0	0.275765	1	0	1	0	0	0	0
AF	0	0.276077	1	1	0	0	0	0	0
AF	0	0.276390	3	3	0	0	0	0	0
AF	0	0.276702	1	0	1	0	0	0	0
AF	0	0.277951	7	5	2	0	0	0	0
AF	0	0.278264	4	4	0	0	0	0	0
AF	0	0.278576	1	1	0	0	0	0	0
AF	0	0.278888	1	1	0	0	0	0	0
AF	0	0.281074	1	0	1	0	0	0	0
AF	0	0.282324	1	1	0	0	0	0	0
AF	0	0.284197	1	0	1	0	0	0	0
AF	0	0.284510	2	2	0	0	0	0	0
AF	0	0.284822	1	1	0	0	0	0	0
AF	0	0.285134	2	2	0	0	0	0	0
AF	0	0.288257	1	1	0	0	0	0	0
AF	0	0.291380	3	3	0	0	0	0	0
AF	0	0.291693	1	1	0	0	0	0	0
AF	0	0.294503	1	1	0	0	0	0	0
AF	0	0.295128	1	1	0	0	0	0	0
AF	0	0.296377	1	0	1	0	0	0	0
AF	0	0.298876	1	1	0	0	0	0	0
AF	0	0.300125	4	4	0	0	0	0	0
AF	0	0.301999	1	0	1	0	0	0	0
AF	0	0.305434	1	1	0	0	0	0	0
AF	0	0.315116	1	0	1	0	0	0	0
AF	0	0.316052	1	0	1	0	0	0	0
AF	0	0.323860	1	1	0	0	0	0	0
AF	0	0.328545	1	1	0	0	0	0	0
AF	0	0.329482	2	2	0	0	0	0	0
AF	0	0.329794	1	1	0	0	0	0	0
AF	0	0.330106	1	0	1	0	0	0	0
AF	0	0.330418	1	1	0	0	0	0	0
AF	0	0.331355	1	1	0	0	0	0	0
AF	0	0.340412	1	1	0	0	0	0	0
AF	0	0.340725	1	1	0	0	0	0	0
AF	0	0.341037	1	1	0	0	0	0	0
AF	0	0.346658	1	0	1	0	0	0	0
AF	0	0.347283	1	0	1	0	0	0	0
AF	0	0.369144	1	1	0	0	0	0	0
AF	0	0.487508	1	0	1	0	0	0	0
AF	0	0.490319	1	1	0	0	0	0	0
AF	0	0.493442	1	0	1	0	0	0	0
AF	0	0.538101	1	0	1	0	0	0	0
AF	0	0.562773	1	0	1	0	0	0	0
AF	0	0.591505	1	1	0	0	0	0	0
AF	0	0.611805	1	1	0	0	0	0	0
AF	0	0.613367	1	1	0	0	0	0	0
AF	0	0.613991	1	1	0	0	0	0	0
AF	0	0.629919	1	0	1	0	0	0	0
AF	0	0.630231	1	1	0	0	0	0	0
AF	0	0.630543	1	1	0	0	0	0	0
AF	0	0.635540	1	0	1	0	0	0	0
AF	0	0.653654	1	1	0	0	0	0	0
AF	0	0.657402	1	0	1	0	0	0	0
AF	0	0.662086	1	1	0	0	0	0	0
AF	0	0.667083	1	0	1	0	0	0	0
AF	0	0.685509	2	2	0	0	0	0	0
AF	0	0.697064	1	0	1	0	0	0	0
AF	0	0.704247	1	0	1	0	0	0	0
AF	0	0.710493	1	1	0	0	0	0	0
AF	0	0.719238	1	0	1	0	0	0	0
AF	0	0.721736	1	1	0	0	0	0	0
AF	0	0.722049	1	0	1	0	0	0	0
AF	0	0.722361	1	1	0	0	0	0	0
AF	0	0.722986	2	2	0	0	0	0	0
AF	0	0.723298	1	1	0	0	0	0	0
AF	0	0.723610	1	1	0	0	0	0	0
AF	0	0.725796	1	1	0	0	0	0	0
AF	0	0.733292	1	1	0	0	0	0	0
AF	0	0.739225	1	0	1	0	0	0	0
AF	0	0.742973	2	1	1	0	0	0	0
AF	0	0.744847	1	1	0	0	0	0	0
AF	0	0.745159	1	1	0	0	0	0	0
AF	0	0.752967	1	1	0	0	0	0	0
AF	0	0.753592	1	1	0	0	0	0	0
AF	0	0.754216	1	1	0	0	0	0	0
AF	0	0.757027	2	1	1	0	0	0	0
AF	0	0.765459	1	0	1	0	0	0	0
AF	0	0.768582	1	1	0	0	0	0	0
AF	0	0.771081	1	1	0	0	0	0	0
AF	0	0.777327	1	0	1	0	0	0	0
AF	0	0.778576	1	0	1	0	0	0	0
AF	0	0.779825	1	0	1	0	0	0	0
AF	0	0.781699	1	1	0	0	0	0	0
AF	0	0.782636	1	1	0	0	0	0	0
AF	0	0.785447	1	0	1	0	0	0	0
AF	0	0.785759	1	1	0	0	0	0	0
AF	0	0.787008	1	1	0	0	0	0	0
AF	0	0.793567	1	0	1	0	0	0	0
AF	0	0.794191	2	1	1	0	0	0	0
AF	0	0.795128	1	0	1	0	0	0	0
AF	0	0.796377	1	1	0	0	0	0	0
AF	0	0.799188	1	1	0	0	0	0	0
AF	0	0.801374	1	1	0	0	0	0	0
AF	0	0.801686	1	1	0	0	0	0	0
AF	0	0.806371	1	1	0	0	0	0	0
AF	0	0.807308	2	0	2	0	0	0	0
AF	0	0.808245	1	1	0	0	0	0	0
AF	0	0.811368	1	0	1	0	0	0	0
AF	0	0.811993	4	1	3	0	0	0	0
AF	0	0.812305	1	1	0	0	0	0	0
AF	0	0.812617	6	5	1	0	0	0	0
AF	0	0.812929	3	3	0	0	0	0	0
AF	0	0.813242	5	2	3	0	0	0	0
AF	0	0.814491	1	1	0	0	0	0	0
AF	0	0.815116	1	1	0	0	0	0	0
AF	0	0.820112	1	1	0	0	0	0	0
AF	0	0.821362	1	0	1	0	0	0	0
AF	0	0.821674	1	1	0	0	0	0	0
AF	0	0.821986	2	1	1	0	0	0	0
AF	0	0.828232	1	1	0	0	0	0	0
AF	0	0.831355	2	0	2	0	0	0	0
AF	0	0.832605	2	1	1	0	0	0	0
AF	0	0.834166	1	1	0	0	0	0	0
AF	0	0.834791	1	1	0	0	0	0	0
AF	0	0.837289	1	0	1	0	0	0	0
AF	0	0.842598	1	0	1	0	0	0	0
AF	0	0.842911	1	0	1	0	0	0	0
AF	0	0.849781	1	1	0	0	0	0	0
AF	0	0.850094	1	0	1	0	0	0	0
AF	0	0.850718	2	1	1	0	0	0	0
AF	0	0.853529	1	1	0	0	0	0	0
AF	0	0.853841	1	1	0	0	0	0	0
AF	0	0.855091	1	1	0	0	0	0	0
AF	0	0.855403	1	1	0	0	0	0	0
AF	0	0.856027	1	1	0	0	0	0	0
AF	0	0.856340	2	2	0	0	0	0	0
AF	0	0.856652	5	2	3	0	0	0	0
AF	0	0.856964	4	3	1	0	0	0	0
AF	0	0.857589	2	0	2	0	0	0	0
AF	0	0.859151	3	3	0	0	0	0	0
AF	0	0.863835	1	1	0	0	0	0	0
AF	0	0.866958	2	2	0	0	0	0	0
AF	0	0.870706	1	0	1	0	0	0	0
AF	0	0.873517	1	1	0	0	0	0	0
AF	0	0.875078	7	4	3	0	0	0	0
AF	0	0.875703	1	1	0	0	0	0	0
AF	0	0.876015	1	0	1	0	0	0	0
AF	0	0.877577	2	2	0	0	0	0	0
AF	0	0.878513	3	2	1	0	0	0	0
AF	0	0.878826	1	1	0	0	0	0	0
AF	0	0.880075	8	6	2	0	0	0	0
AF	0	0.880387	1	1	0	0	0	0	0
AF	0	0.880700	1	1	0	0	0	0	0
AF	0	0.881324	5	1	4	0	0	0	0
AF	0	0.884760	1	1	0	0	0	0	0
AF	0	0.886321	1	1	0	0	0	0	0
AF	0	0.887570	1	1	0	0	0	0	0
AF	0	0.889132	1	1	0	0	0	0	0
AF	0	0.889444	1	1	0	0	0	0	0
AF	0	0.891318	1	0	1	0	0	0	0
AF	0	0.891630	1	1	0	0	0	0	0
AF	0	0.892879	1	0	1	0	0	0	0
AF	0	0.893504	1	1	0	0	0	0	0
AF	0	0.895690	1	1	0	0	0	0	0
AF	0	0.897564	1	1	0	0	0	0	0
AF	0	0.897876	3	2	1	0	0	0	0
AF	0	0.899750	2	1	1	0	0	0	0
AF	0	0.900062	1	1	0	0	0	0	0
AF	0	0.900375	1	0	1	0	0	0	0
AF	0	0.900999	2	1	1	0	0	0	0
AF	0	0.901312	2	2	0	0	0	0	0
AF	0	0.901624	2	2	0	0	0	0	0
AF	0	0.903498	1	1	0	0	0	0	0
AF	0	0.904747	1	0	1	0	0	0	0
AF	0	0.905996	2	2	0	0	0	0	0
AF	0	0.906309	1	0	1	0	0	0	0
AF	0	0.907245	1	1	0	0	0	0	0
AF	0	0.909119	1	1	0	0	0	0	0
AF	0	0.909744	1	1	0	0	0	0	0
AF	0	0.911930	2	0	2	0	0	0	0
AF	0	0.913179	2	2	0	0	0	0	0
AF	0	0.913492	5	3	2	0	0	0	0
AF	0	0.914428	1	0	1	0	0	0	0
AF	0	0.914741	2	1	1	0	0	0	0
AF	0	0.915365	2	2	0	0	0	0	0
AF	0	0.915990	1	0	1	0	0	0	0
AF	0	0.917239	1	0	1	0	0	0	0
AF	0	0.920987	1	0	1	0	0	0	0
AF	0	0.921924	4	3	1	0	0	0	0
AF	0	0.922236	5	4	1	0	0	0	0
AF	0	0.922861	1	0	1	0	0	0	0
AF	0	0.924735	1	1	0	0	0	0	0
AF	0	0.925047	1	1	0	0	0	0	0
AF	0	0.925359	1	0	1	0	0	0	0
AF	0	0.925984	1	1	0	0	0	0	0
AF	0	0.926608	4	2	2	0	0	0	0
AF	0	0.926921	1	0	1	0	0	0	0
AF	0	0.927233	2	2	0	0	0	0	0
AF	0	0.928482	2	1	1	0	0	0	0
AF	0	0.929107	1	1	0	0	0	0	0
AF	0	0.929419	3	2	1	0	0	0	0
AF	0	0.929731	7	5	2	0	0	0	0
AF	0	0.930044	5	3	2	0	0	0	0
AF	0	0.930356	8	6	2	0	0	0	0
AF	0	0.930668	3	1	2	0	0	0	0
AF	0	0.930981	1	1	0	0	0	0	0
AF	0	0.931605	1	0	1	0	0	0	0
AF	0	0.932854	1	1	0	0	0	0	0
AF	0	0.933479	5	5	0	0	0	0	0
AF	0	0.933791	1	1	0	0	0	0	0
AF	0	0.934104	6	3	3	0	0	0	0
AF	0	0.936290	1	1	0	0	0	0	0
AF	0	0.937851	1	0	1	0	0	0	0
AF	0	0.938788	1	1	0	0	0	0	0
AF	0	0.939101	2	2	0	0	0	0	0
AF	0	0.939725	1	1	0	0	0	0	0
AF	0	0.940037	1	1	0	0	0	0	0
AF	0	0.940350	2	1	1	0	0	0	0
AF	0	0.940662	1	1	0	0	0	0	0
AF	0	0.941599	1	1	0	0	0	0	0
AF	0	0.949094	1	1	0	0	0	0	0
AF	0	0.949719	2	0	2	0	0	0	0
AF	0	0.951593	1	1	0	0	0	0	0
AF	0	0.964085	1	0	1	0	0	0	0
AF	0	0.965959	2	1	1	0	0	0	0
AF	0	0.970331	1	1	0	0	0	0	0
AF	0	0.973142	1	1	0	0	0	0	0
AF	0	0.977514	1	0	1	0	0	0	0
AF	0	0.979076	2	0	2	0	0	0	0
AF	0	0.980949	1	0	1	0	0	0	0
AF	0	0.982199	1	1	0	0	0	0	0
AF	0	0.982823	1	1	0	0	0	0	0
AF	0	0.984697	2	2	0	0	0	0	0
AF	0	0.985946	2	1	1	0	0	0	0
AF	0	0.986259	1	1	0	0	0	0	0
AF	0	0.987196	2	2	0	0	0	0	0
AF	0	0.987820	1	1	0	0	0	0	0
AF	0	0.988445	1	1	0	0	0	0	0
AF	0	0.989069	1	1	0	0	0	0	0
AF	0	0.989382	1	1	0	0	0	0	0
AF	0	0.990943	1	1	0	0	0	0	0
AF	0	0.991568	1	1	0	0	0	0	0
AF	0	0.993442	2	2	0	0	0	0	0
AF	0	0.993754	1	0	1	0	0	0	0
AF	0	0.994691	2	2	0	0	0	0	0
AF	0	0.995628	1	1	0	0	0	0	0
AF	0	0.996877	2	2	0	0	0	0	0
AF	0	0.998751	1	1	0	0	0	0	0
AF	0	0.999063	1	0	1	0	0	0	0
# QUAL, Stats by quality
# QUAL	[2]id	[3]Quality	[4]number of SNPs	[5]number of transitions (1st ALT)	[6]number of transversions (1st ALT)	[7]number of indels
QUAL	0	.	14831	10039	4792	0
# IDD, InDel distribution:
# IDD	[2]id	[3]length (deletions negative)	[4]number of sites	[5]number of genotypes	[6]mean VAF
# ST, Substitution types:
# ST	[2]id	[3]type	[4]count
ST	0	A>C	529
ST	0	A>G	2202
ST	0	A>T	573
ST	0	C>A	727
ST	0	C>G	573
ST	0	C>T	2805
ST	0	G>A	3038
ST	0	G>C	574
ST	0	G>T	731
ST	0	T>A	552
ST	0	T>C	1994
ST	0	T>G	533
# DP, Depth distribution
# DP	[2]id	[3]bin	[4]number of genotypes	[5]fraction of genotypes (%)	[6]number of sites	[7]fraction of sites (%)
  - Fix haploid genotypes in males...

Submit MakeDiploidMalesX finished successfully. Let's have a beer, buddy!

