Submit MakeDiploidMalesX
version 1.1.6 (2024-09-30)

These are the settings:
  Input file................: /hpc/local/Rocky8/dhl_ec/software/MonopogenLite/resources/1kGP_high_coverage_Illumina.SNVonly_poly.filtered_AF_5e-04.norm.fixvariantid.chrX.vcf.gz
  Output file...............: /hpc/local/Rocky8/dhl_ec/software/MonopogenLite/resources/1kGP_high_coverage_Illumina.SNVonly_poly.filtered_AF_5e-04.norm.fixvariantid.makediploid.chrX.vcf.gz
  Chunk size................: 100

  SLURM CPUs................: 4
  SLURM Array ID............: 49 (of 100)
  SLURM memory..............: 16G
  SLURM time................: 01:00:00
  SLURM mail type...........: FAIL
  SLURM mail user...........: s.w.vanderlaan-2@umcutrecht.nl

  Dry run mode..............: 0
  Debug mode................: 1
  Verbosity.................: 0
  Version...................: 1.1.6 (2024-09-30)

Making converting haploid genotypes to diploid genotypes.
> Extract the region for this SLURM task (# 49) from the BED file.
  - Get the chunk number from the SLURM array task ID and the bed file...
DEBUG: Extracting chunk number: 49p from 49
DEBUG: Extracting region from BED file: /hpc/local/Rocky8/dhl_ec/software/MonopogenLite/resources/chrX_100pieces.bed
  - Extract the region from the BED file...
DEBUG: Extracted raw region: 'chrX	74899585	76459992' (chunk #: 49p of 100 for job 49)
  - Check if a valid region was extracted -- should be 'chrX	74899585	76459992'...
  - Prepare the region for bcftools...
  - Check if the region (chrX:74899585-76459992) was successfully extracted...
> Processing region 'chrX:74899585-76459992'...
  - Process the specific region (chunk# 49) using bcftools view...
  - Index the VCF file...
DEBUG: Check if the VCF file was successfully processed...
##fileformat=VCFv4.2
##FILTER=<ID=PASS,Description="All filters passed">
##fileDate=29/01/2022 - 14:31:41
##source=shapeit4.2.2
##contig=<ID=chr1,length=248956422>
##contig=<ID=chr2,length=242193529>
##contig=<ID=chr3,length=198295559>
##contig=<ID=chr4,length=190214555>
##contig=<ID=chr5,length=181538259>
##contig=<ID=chr6,length=170805979>
# This file was produced by bcftools stats (1.20+htslib-1.20) and can be plotted using plot-vcfstats.
# The command line was:	bcftools stats  /hpc/local/Rocky8/dhl_ec/software/MonopogenLite/resources/chrX.part49.vcf.gz
#
# Definition of sets:
# ID	[2]id	[3]tab-separated file names
ID	0	/hpc/local/Rocky8/dhl_ec/software/MonopogenLite/resources/chrX.part49.vcf.gz
# SN, Summary numbers:
#   number of records   .. number of data rows in the VCF
#   number of no-ALTs   .. reference-only sites, ALT is either "." or identical to REF
#   number of SNPs      .. number of rows with a SNP
#   number of MNPs      .. number of rows with a MNP, such as CC>TT
#   number of indels    .. number of rows with an indel
#   number of others    .. number of rows with other type, for example a symbolic allele or
#                          a complex substitution, such as ACT>TCGA
#   number of multiallelic sites     .. number of rows with multiple alternate alleles
#   number of multiallelic SNP sites .. number of rows with multiple alternate alleles, all SNPs
# 
#   Note that rows containing multiple types will be counted multiple times, in each
#   counter. For example, a row with a SNP and an indel increments both the SNP and
#   the indel counter.
# 
# SN	[2]id	[3]key	[4]value
SN	0	number of samples:	3202
SN	0	number of records:	19431
SN	0	number of no-ALTs:	0
SN	0	number of SNPs:	19431
SN	0	number of MNPs:	0
SN	0	number of indels:	0
SN	0	number of others:	0
SN	0	number of multiallelic sites:	0
SN	0	number of multiallelic SNP sites:	0
# TSTV, transitions/transversions:
# TSTV	[2]id	[3]ts	[4]tv	[5]ts/tv	[6]ts (1st ALT)	[7]tv (1st ALT)	[8]ts/tv (1st ALT)
TSTV	0	12138	7293	1.66	12138	7293	1.66
# SiS, Singleton stats:
# SiS	[2]id	[3]allele count	[4]number of SNPs	[5]number of transitions	[6]number of transversions	[7]number of indels	[8]repeat-consistent	[9]repeat-inconsistent	[10]not applicable
SiS	0	1	0	0	0	0	0	0	0
# AF, Stats by non-reference allele frequency:
# AF	[2]id	[3]allele frequency	[4]number of SNPs	[5]number of transitions	[6]number of transversions	[7]number of indels	[8]repeat-consistent	[9]repeat-inconsistent	[10]not applicable
AF	0	0.000312	3219	2029	1190	0	0	0	0
AF	0	0.000625	2179	1346	833	0	0	0	0
AF	0	0.000937	2100	1323	777	0	0	0	0
AF	0	0.001249	607	383	224	0	0	0	0
AF	0	0.001562	845	507	338	0	0	0	0
AF	0	0.001874	378	235	143	0	0	0	0
AF	0	0.002186	648	419	229	0	0	0	0
AF	0	0.002498	282	172	110	0	0	0	0
AF	0	0.002811	465	291	174	0	0	0	0
AF	0	0.003123	206	138	68	0	0	0	0
AF	0	0.003435	548	349	199	0	0	0	0
AF	0	0.003748	222	152	70	0	0	0	0
AF	0	0.004060	328	212	116	0	0	0	0
AF	0	0.004372	156	89	67	0	0	0	0
AF	0	0.004685	403	241	162	0	0	0	0
AF	0	0.004997	109	76	33	0	0	0	0
AF	0	0.005309	176	112	64	0	0	0	0
AF	0	0.005621	69	40	29	0	0	0	0
AF	0	0.005934	180	104	76	0	0	0	0
AF	0	0.006246	42	28	14	0	0	0	0
AF	0	0.006558	133	83	50	0	0	0	0
AF	0	0.006871	45	28	17	0	0	0	0
AF	0	0.007183	251	134	117	0	0	0	0
AF	0	0.007495	72	47	25	0	0	0	0
AF	0	0.007808	111	71	40	0	0	0	0
AF	0	0.008120	31	17	14	0	0	0	0
AF	0	0.008432	78	45	33	0	0	0	0
AF	0	0.008745	31	17	14	0	0	0	0
AF	0	0.009057	51	28	23	0	0	0	0
AF	0	0.009369	17	10	7	0	0	0	0
AF	0	0.009681	53	29	24	0	0	0	0
AF	0	0.009994	65	45	20	0	0	0	0
AF	0	0.010306	62	43	19	0	0	0	0
AF	0	0.010618	239	139	100	0	0	0	0
AF	0	0.010931	71	53	18	0	0	0	0
AF	0	0.011243	22	16	6	0	0	0	0
AF	0	0.011555	42	24	18	0	0	0	0
AF	0	0.011868	20	14	6	0	0	0	0
AF	0	0.012180	83	56	27	0	0	0	0
AF	0	0.012492	28	17	11	0	0	0	0
AF	0	0.012804	64	41	23	0	0	0	0
AF	0	0.013117	65	34	31	0	0	0	0
AF	0	0.013429	47	35	12	0	0	0	0
AF	0	0.013741	39	24	15	0	0	0	0
AF	0	0.014054	44	26	18	0	0	0	0
AF	0	0.014366	47	25	22	0	0	0	0
AF	0	0.014678	65	29	36	0	0	0	0
AF	0	0.014991	30	21	9	0	0	0	0
AF	0	0.015303	29	18	11	0	0	0	0
AF	0	0.015615	12	9	3	0	0	0	0
AF	0	0.015928	10	5	5	0	0	0	0
AF	0	0.016240	8	6	2	0	0	0	0
AF	0	0.016552	51	36	15	0	0	0	0
AF	0	0.016864	19	10	9	0	0	0	0
AF	0	0.017177	31	20	11	0	0	0	0
AF	0	0.017489	4	4	0	0	0	0	0
AF	0	0.017801	7	5	2	0	0	0	0
AF	0	0.018114	82	46	36	0	0	0	0
AF	0	0.018426	69	44	25	0	0	0	0
AF	0	0.018738	12	8	4	0	0	0	0
AF	0	0.019051	49	30	19	0	0	0	0
AF	0	0.019363	7	5	2	0	0	0	0
AF	0	0.019675	45	34	11	0	0	0	0
AF	0	0.019988	18	12	6	0	0	0	0
AF	0	0.020300	20	13	7	0	0	0	0
AF	0	0.020612	16	8	8	0	0	0	0
AF	0	0.020924	23	18	5	0	0	0	0
AF	0	0.021237	70	32	38	0	0	0	0
AF	0	0.021549	31	21	10	0	0	0	0
AF	0	0.021861	15	11	4	0	0	0	0
AF	0	0.022174	13	5	8	0	0	0	0
AF	0	0.022486	2	1	1	0	0	0	0
AF	0	0.022798	14	9	5	0	0	0	0
AF	0	0.023111	6	5	1	0	0	0	0
AF	0	0.023423	16	10	6	0	0	0	0
AF	0	0.023735	2	1	1	0	0	0	0
AF	0	0.024047	18	11	7	0	0	0	0
AF	0	0.024360	3	2	1	0	0	0	0
AF	0	0.024672	3	3	0	0	0	0	0
AF	0	0.024984	24	13	11	0	0	0	0
AF	0	0.025297	35	25	10	0	0	0	0
AF	0	0.025609	10	8	2	0	0	0	0
AF	0	0.025921	10	8	2	0	0	0	0
AF	0	0.026234	12	7	5	0	0	0	0
AF	0	0.026546	8	3	5	0	0	0	0
AF	0	0.026858	2	1	1	0	0	0	0
AF	0	0.027171	3	3	0	0	0	0	0
AF	0	0.027795	11	9	2	0	0	0	0
AF	0	0.028107	2	0	2	0	0	0	0
AF	0	0.028420	7	7	0	0	0	0	0
AF	0	0.028732	1	1	0	0	0	0	0
AF	0	0.029044	1	1	0	0	0	0	0
AF	0	0.029357	7	3	4	0	0	0	0
AF	0	0.029669	21	12	9	0	0	0	0
AF	0	0.029981	4	3	1	0	0	0	0
AF	0	0.030294	1	0	1	0	0	0	0
AF	0	0.030606	5	2	3	0	0	0	0
AF	0	0.030918	2	1	1	0	0	0	0
AF	0	0.031230	6	5	1	0	0	0	0
AF	0	0.031543	7	5	2	0	0	0	0
AF	0	0.032167	5	3	2	0	0	0	0
AF	0	0.032480	3	3	0	0	0	0	0
AF	0	0.032792	1	1	0	0	0	0	0
AF	0	0.033104	1	0	1	0	0	0	0
AF	0	0.033417	1	0	1	0	0	0	0
AF	0	0.034041	2	1	1	0	0	0	0
AF	0	0.034666	3	2	1	0	0	0	0
AF	0	0.034978	1	1	0	0	0	0	0
AF	0	0.035290	16	12	4	0	0	0	0
AF	0	0.035603	10	5	5	0	0	0	0
AF	0	0.035915	259	158	101	0	0	0	0
AF	0	0.036227	18	15	3	0	0	0	0
AF	0	0.036540	16	12	4	0	0	0	0
AF	0	0.036852	2	2	0	0	0	0	0
AF	0	0.037164	5	4	1	0	0	0	0
AF	0	0.037477	4	3	1	0	0	0	0
AF	0	0.037789	6	3	3	0	0	0	0
AF	0	0.038101	1	0	1	0	0	0	0
AF	0	0.038413	2	1	1	0	0	0	0
AF	0	0.038726	1	1	0	0	0	0	0
AF	0	0.039038	1	1	0	0	0	0	0
AF	0	0.039663	3	1	2	0	0	0	0
AF	0	0.039975	1	0	1	0	0	0	0
AF	0	0.040287	5	2	3	0	0	0	0
AF	0	0.040600	10	5	5	0	0	0	0
AF	0	0.040912	16	9	7	0	0	0	0
AF	0	0.041224	3	2	1	0	0	0	0
AF	0	0.041537	4	3	1	0	0	0	0
AF	0	0.041849	15	9	6	0	0	0	0
AF	0	0.042161	13	5	8	0	0	0	0
AF	0	0.042473	3	1	2	0	0	0	0
AF	0	0.042786	26	21	5	0	0	0	0
AF	0	0.043098	14	8	6	0	0	0	0
AF	0	0.043410	12	7	5	0	0	0	0
AF	0	0.043723	15	8	7	0	0	0	0
AF	0	0.044035	18	13	5	0	0	0	0
AF	0	0.044347	1	1	0	0	0	0	0
AF	0	0.044660	6	5	1	0	0	0	0
AF	0	0.044972	1	1	0	0	0	0	0
AF	0	0.046533	2	0	2	0	0	0	0
AF	0	0.047158	1	1	0	0	0	0	0
AF	0	0.047783	4	2	2	0	0	0	0
AF	0	0.049032	1	0	1	0	0	0	0
AF	0	0.049656	1	0	1	0	0	0	0
AF	0	0.050906	3	2	1	0	0	0	0
AF	0	0.051218	6	4	2	0	0	0	0
AF	0	0.051530	6	4	2	0	0	0	0
AF	0	0.051843	3	3	0	0	0	0	0
AF	0	0.052155	2	1	1	0	0	0	0
AF	0	0.052467	3	2	1	0	0	0	0
AF	0	0.052780	2	2	0	0	0	0	0
AF	0	0.053092	2	1	1	0	0	0	0
AF	0	0.053404	1	1	0	0	0	0	0
AF	0	0.053716	3	0	3	0	0	0	0
AF	0	0.054341	2	1	1	0	0	0	0
AF	0	0.054653	1	0	1	0	0	0	0
AF	0	0.054966	3	2	1	0	0	0	0
AF	0	0.055278	6	3	3	0	0	0	0
AF	0	0.055590	3	1	2	0	0	0	0
AF	0	0.055903	13	6	7	0	0	0	0
AF	0	0.056215	5	2	3	0	0	0	0
AF	0	0.056527	8	5	3	0	0	0	0
AF	0	0.056839	8	5	3	0	0	0	0
AF	0	0.057152	10	6	4	0	0	0	0
AF	0	0.057464	2	2	0	0	0	0	0
AF	0	0.057776	8	7	1	0	0	0	0
AF	0	0.058089	2	2	0	0	0	0	0
AF	0	0.058401	6	3	3	0	0	0	0
AF	0	0.058713	4	2	2	0	0	0	0
AF	0	0.059026	6	6	0	0	0	0	0
AF	0	0.059650	3	3	0	0	0	0	0
AF	0	0.059963	6	4	2	0	0	0	0
AF	0	0.060275	2	0	2	0	0	0	0
AF	0	0.060899	1	1	0	0	0	0	0
AF	0	0.061524	4	3	1	0	0	0	0
AF	0	0.061836	4	3	1	0	0	0	0
AF	0	0.062149	1	0	1	0	0	0	0
AF	0	0.062461	2	1	1	0	0	0	0
AF	0	0.062773	2	1	1	0	0	0	0
AF	0	0.063086	1	0	1	0	0	0	0
AF	0	0.063398	1	0	1	0	0	0	0
AF	0	0.063710	2	0	2	0	0	0	0
AF	0	0.064647	5	2	3	0	0	0	0
AF	0	0.065272	2	2	0	0	0	0	0
AF	0	0.066209	2	1	1	0	0	0	0
AF	0	0.067146	2	1	1	0	0	0	0
AF	0	0.067770	5	2	3	0	0	0	0
AF	0	0.068082	2	2	0	0	0	0	0
AF	0	0.068395	6	5	1	0	0	0	0
AF	0	0.068707	6	4	2	0	0	0	0
AF	0	0.069019	2	2	0	0	0	0	0
AF	0	0.069644	2	1	1	0	0	0	0
AF	0	0.069956	5	3	2	0	0	0	0
AF	0	0.070269	46	30	16	0	0	0	0
AF	0	0.070581	7	3	4	0	0	0	0
AF	0	0.070893	1	1	0	0	0	0	0
AF	0	0.071205	2	0	2	0	0	0	0
AF	0	0.071518	1	1	0	0	0	0	0
AF	0	0.071830	2	2	0	0	0	0	0
AF	0	0.072142	3	2	1	0	0	0	0
AF	0	0.072767	2	1	1	0	0	0	0
AF	0	0.073392	2	1	1	0	0	0	0
AF	0	0.073704	1	1	0	0	0	0	0
AF	0	0.074016	2	1	1	0	0	0	0
AF	0	0.074641	2	2	0	0	0	0	0
AF	0	0.074953	2	2	0	0	0	0	0
AF	0	0.075265	1	1	0	0	0	0	0
AF	0	0.075578	1	1	0	0	0	0	0
AF	0	0.075890	2	2	0	0	0	0	0
AF	0	0.076202	1	0	1	0	0	0	0
AF	0	0.076515	2	1	1	0	0	0	0
AF	0	0.077139	3	2	1	0	0	0	0
AF	0	0.077764	2	0	2	0	0	0	0
AF	0	0.078076	1	1	0	0	0	0	0
AF	0	0.078389	1	1	0	0	0	0	0
AF	0	0.079013	4	3	1	0	0	0	0
AF	0	0.079325	2	0	2	0	0	0	0
AF	0	0.079638	8	4	4	0	0	0	0
AF	0	0.079950	8	5	3	0	0	0	0
AF	0	0.080262	13	7	6	0	0	0	0
AF	0	0.080575	5	4	1	0	0	0	0
AF	0	0.080887	13	7	6	0	0	0	0
AF	0	0.081199	10	6	4	0	0	0	0
AF	0	0.081512	6	5	1	0	0	0	0
AF	0	0.081824	1	1	0	0	0	0	0
AF	0	0.082136	1	1	0	0	0	0	0
AF	0	0.082761	2	2	0	0	0	0	0
AF	0	0.083073	1	0	1	0	0	0	0
AF	0	0.083385	1	1	0	0	0	0	0
AF	0	0.084010	6	3	3	0	0	0	0
AF	0	0.084322	3	2	1	0	0	0	0
AF	0	0.084635	11	8	3	0	0	0	0
AF	0	0.085259	2	2	0	0	0	0	0
AF	0	0.085884	3	1	2	0	0	0	0
AF	0	0.086196	3	1	2	0	0	0	0
AF	0	0.086508	23	14	9	0	0	0	0
AF	0	0.086821	3	3	0	0	0	0	0
AF	0	0.087133	1	1	0	0	0	0	0
AF	0	0.087445	1	1	0	0	0	0	0
AF	0	0.088070	1	1	0	0	0	0	0
AF	0	0.089631	1	0	1	0	0	0	0
AF	0	0.089944	2	2	0	0	0	0	0
AF	0	0.091193	2	2	0	0	0	0	0
AF	0	0.091505	1	1	0	0	0	0	0
AF	0	0.092130	2	2	0	0	0	0	0
AF	0	0.092442	5	2	3	0	0	0	0
AF	0	0.092755	4	3	1	0	0	0	0
AF	0	0.093379	1	0	1	0	0	0	0
AF	0	0.094004	1	1	0	0	0	0	0
AF	0	0.095565	1	1	0	0	0	0	0
AF	0	0.095878	2	1	1	0	0	0	0
AF	0	0.096190	2	2	0	0	0	0	0
AF	0	0.096502	11	3	8	0	0	0	0
AF	0	0.096814	7	6	1	0	0	0	0
AF	0	0.097127	1	0	1	0	0	0	0
AF	0	0.098376	1	0	1	0	0	0	0
AF	0	0.099001	1	0	1	0	0	0	0
AF	0	0.099625	1	0	1	0	0	0	0
AF	0	0.100250	2	0	2	0	0	0	0
AF	0	0.100562	1	0	1	0	0	0	0
AF	0	0.100874	10	8	2	0	0	0	0
AF	0	0.101187	18	12	6	0	0	0	0
AF	0	0.101499	15	8	7	0	0	0	0
AF	0	0.101811	2	2	0	0	0	0	0
AF	0	0.102124	1	1	0	0	0	0	0
AF	0	0.102436	1	0	1	0	0	0	0
AF	0	0.102748	1	0	1	0	0	0	0
AF	0	0.103373	2	2	0	0	0	0	0
AF	0	0.103685	1	1	0	0	0	0	0
AF	0	0.103998	1	1	0	0	0	0	0
AF	0	0.105247	5	3	2	0	0	0	0
AF	0	0.105559	2	0	2	0	0	0	0
AF	0	0.105871	2	2	0	0	0	0	0
AF	0	0.106184	1	0	1	0	0	0	0
AF	0	0.106496	3	2	1	0	0	0	0
AF	0	0.106808	3	1	2	0	0	0	0
AF	0	0.107121	2	1	1	0	0	0	0
AF	0	0.107433	1	1	0	0	0	0	0
AF	0	0.107745	4	2	2	0	0	0	0
AF	0	0.108370	2	2	0	0	0	0	0
AF	0	0.108682	5	3	2	0	0	0	0
AF	0	0.108994	12	9	3	0	0	0	0
AF	0	0.109307	13	8	5	0	0	0	0
AF	0	0.109619	38	26	12	0	0	0	0
AF	0	0.109931	15	11	4	0	0	0	0
AF	0	0.110244	8	3	5	0	0	0	0
AF	0	0.110556	6	2	4	0	0	0	0
AF	0	0.110868	18	11	7	0	0	0	0
AF	0	0.111181	24	10	14	0	0	0	0
AF	0	0.111493	7	4	3	0	0	0	0
AF	0	0.111805	15	12	3	0	0	0	0
AF	0	0.112117	7	7	0	0	0	0	0
AF	0	0.112430	2	1	1	0	0	0	0
AF	0	0.112742	2	1	1	0	0	0	0
AF	0	0.113367	1	1	0	0	0	0	0
AF	0	0.113679	2	2	0	0	0	0	0
AF	0	0.113991	2	1	1	0	0	0	0
AF	0	0.114304	2	1	1	0	0	0	0
AF	0	0.115865	1	0	1	0	0	0	0
AF	0	0.116177	5	2	3	0	0	0	0
AF	0	0.116802	1	0	1	0	0	0	0
AF	0	0.117114	3	1	2	0	0	0	0
AF	0	0.117427	3	1	2	0	0	0	0
AF	0	0.118051	2	1	1	0	0	0	0
AF	0	0.118364	2	1	1	0	0	0	0
AF	0	0.118676	3	1	2	0	0	0	0
AF	0	0.119300	1	1	0	0	0	0	0
AF	0	0.120550	4	3	1	0	0	0	0
AF	0	0.120862	1	1	0	0	0	0	0
AF	0	0.121487	4	2	2	0	0	0	0
AF	0	0.121799	2	0	2	0	0	0	0
AF	0	0.122111	4	0	4	0	0	0	0
AF	0	0.122423	21	10	11	0	0	0	0
AF	0	0.122736	8	7	1	0	0	0	0
AF	0	0.123048	6	3	3	0	0	0	0
AF	0	0.123673	12	7	5	0	0	0	0
AF	0	0.123985	1	0	1	0	0	0	0
AF	0	0.124297	3	2	1	0	0	0	0
AF	0	0.124610	2	0	2	0	0	0	0
AF	0	0.124922	2	2	0	0	0	0	0
AF	0	0.125234	2	2	0	0	0	0	0
AF	0	0.125547	42	31	11	0	0	0	0
AF	0	0.125859	9	8	1	0	0	0	0
AF	0	0.126171	4	1	3	0	0	0	0
AF	0	0.126796	1	1	0	0	0	0	0
AF	0	0.129606	1	1	0	0	0	0	0
AF	0	0.130856	1	1	0	0	0	0	0
AF	0	0.131793	1	0	1	0	0	0	0
AF	0	0.132105	1	0	1	0	0	0	0
AF	0	0.133666	1	1	0	0	0	0	0
AF	0	0.135540	3	1	2	0	0	0	0
AF	0	0.135853	4	3	1	0	0	0	0
AF	0	0.136165	21	14	7	0	0	0	0
AF	0	0.136477	19	8	11	0	0	0	0
AF	0	0.136790	15	9	6	0	0	0	0
AF	0	0.137414	5	3	2	0	0	0	0
AF	0	0.139288	1	0	1	0	0	0	0
AF	0	0.143348	1	1	0	0	0	0	0
AF	0	0.147096	1	0	1	0	0	0	0
AF	0	0.148657	1	1	0	0	0	0	0
AF	0	0.154279	2	1	1	0	0	0	0
AF	0	0.154591	3	3	0	0	0	0	0
AF	0	0.154903	4	1	3	0	0	0	0
AF	0	0.155215	2	1	1	0	0	0	0
AF	0	0.156152	1	0	1	0	0	0	0
AF	0	0.157402	5	3	2	0	0	0	0
AF	0	0.157714	1	0	1	0	0	0	0
AF	0	0.158026	10	6	4	0	0	0	0
AF	0	0.158339	3	1	2	0	0	0	0
AF	0	0.158651	3	2	1	0	0	0	0
AF	0	0.159588	1	0	1	0	0	0	0
AF	0	0.159900	1	1	0	0	0	0	0
AF	0	0.160212	6	3	3	0	0	0	0
AF	0	0.160525	24	15	9	0	0	0	0
AF	0	0.160837	6	4	2	0	0	0	0
AF	0	0.161149	15	12	3	0	0	0	0
AF	0	0.162086	2	1	1	0	0	0	0
AF	0	0.162399	2	0	2	0	0	0	0
AF	0	0.164897	1	0	1	0	0	0	0
AF	0	0.169269	1	0	1	0	0	0	0
AF	0	0.169894	1	0	1	0	0	0	0
AF	0	0.173954	1	0	1	0	0	0	0
AF	0	0.174891	1	1	0	0	0	0	0
AF	0	0.175203	1	1	0	0	0	0	0
AF	0	0.175828	2	0	2	0	0	0	0
AF	0	0.180824	1	0	1	0	0	0	0
AF	0	0.181137	4	4	0	0	0	0	0
AF	0	0.188007	2	2	0	0	0	0	0
AF	0	0.188632	2	1	1	0	0	0	0
AF	0	0.188944	2	1	1	0	0	0	0
AF	0	0.189881	1	1	0	0	0	0	0
AF	0	0.191131	1	0	1	0	0	0	0
AF	0	0.194878	1	1	0	0	0	0	0
AF	0	0.199250	1	1	0	0	0	0	0
AF	0	0.200812	1	0	1	0	0	0	0
AF	0	0.202061	1	0	1	0	0	0	0
AF	0	0.202998	3	3	0	0	0	0	0
AF	0	0.203310	5	2	3	0	0	0	0
AF	0	0.203935	1	1	0	0	0	0	0
AF	0	0.204247	1	0	1	0	0	0	0
AF	0	0.204560	1	0	1	0	0	0	0
AF	0	0.204872	13	6	7	0	0	0	0
AF	0	0.205184	19	15	4	0	0	0	0
AF	0	0.205497	15	9	6	0	0	0	0
AF	0	0.205809	3	3	0	0	0	0	0
AF	0	0.206121	37	23	14	0	0	0	0
AF	0	0.206433	70	45	25	0	0	0	0
AF	0	0.206746	67	49	18	0	0	0	0
AF	0	0.207058	6	5	1	0	0	0	0
AF	0	0.207995	1	1	0	0	0	0	0
AF	0	0.210493	1	1	0	0	0	0	0
AF	0	0.213304	1	1	0	0	0	0	0
AF	0	0.222673	3	3	0	0	0	0	0
AF	0	0.222986	3	2	1	0	0	0	0
AF	0	0.223298	2	1	1	0	0	0	0
AF	0	0.225796	1	0	1	0	0	0	0
AF	0	0.228919	1	1	0	0	0	0	0
AF	0	0.229856	1	1	0	0	0	0	0
AF	0	0.231418	1	0	1	0	0	0	0
AF	0	0.244535	1	1	0	0	0	0	0
AF	0	0.245472	1	0	1	0	0	0	0
AF	0	0.247970	1	0	1	0	0	0	0
AF	0	0.256090	1	1	0	0	0	0	0
AF	0	0.256402	2	0	2	0	0	0	0
AF	0	0.256715	1	0	1	0	0	0	0
AF	0	0.257027	2	1	1	0	0	0	0
AF	0	0.262336	1	1	0	0	0	0	0
AF	0	0.262648	3	0	3	0	0	0	0
AF	0	0.262961	2	1	1	0	0	0	0
AF	0	0.263585	1	0	1	0	0	0	0
AF	0	0.265771	3	1	2	0	0	0	0
AF	0	0.266084	1	0	1	0	0	0	0
AF	0	0.266396	1	0	1	0	0	0	0
AF	0	0.269519	1	1	0	0	0	0	0
AF	0	0.271393	1	1	0	0	0	0	0
AF	0	0.272017	3	1	2	0	0	0	0
AF	0	0.275765	2	2	0	0	0	0	0
AF	0	0.276390	1	0	1	0	0	0	0
AF	0	0.278264	2	1	1	0	0	0	0
AF	0	0.278576	1	0	1	0	0	0	0
AF	0	0.278888	2	2	0	0	0	0	0
AF	0	0.280137	2	0	2	0	0	0	0
AF	0	0.280450	1	0	1	0	0	0	0
AF	0	0.280762	1	1	0	0	0	0	0
AF	0	0.283260	1	1	0	0	0	0	0
AF	0	0.295753	1	0	1	0	0	0	0
AF	0	0.299500	1	0	1	0	0	0	0
AF	0	0.299813	2	1	1	0	0	0	0
AF	0	0.301374	2	0	2	0	0	0	0
AF	0	0.305746	2	2	0	0	0	0	0
AF	0	0.307620	9	5	4	0	0	0	0
AF	0	0.307933	7	5	2	0	0	0	0
AF	0	0.308245	1	1	0	0	0	0	0
AF	0	0.308869	1	1	0	0	0	0	0
AF	0	0.311056	1	0	1	0	0	0	0
AF	0	0.311368	2	1	1	0	0	0	0
AF	0	0.311680	2	0	2	0	0	0	0
AF	0	0.311993	3	1	2	0	0	0	0
AF	0	0.312305	1	1	0	0	0	0	0
AF	0	0.312617	1	1	0	0	0	0	0
AF	0	0.313242	1	1	0	0	0	0	0
AF	0	0.314803	2	2	0	0	0	0	0
AF	0	0.315740	2	2	0	0	0	0	0
AF	0	0.316365	2	1	1	0	0	0	0
AF	0	0.317614	3	1	2	0	0	0	0
AF	0	0.317926	2	1	1	0	0	0	0
AF	0	0.318239	8	5	3	0	0	0	0
AF	0	0.318551	7	5	2	0	0	0	0
AF	0	0.318863	2	1	1	0	0	0	0
AF	0	0.319176	5	1	4	0	0	0	0
AF	0	0.319488	9	4	5	0	0	0	0
AF	0	0.319800	2	2	0	0	0	0	0
AF	0	0.320112	3	1	2	0	0	0	0
AF	0	0.320425	1	1	0	0	0	0	0
AF	0	0.320737	5	3	2	0	0	0	0
AF	0	0.321049	6	3	3	0	0	0	0
AF	0	0.321362	3	2	1	0	0	0	0
AF	0	0.321674	1	1	0	0	0	0	0
AF	0	0.321986	4	4	0	0	0	0	0
AF	0	0.322299	1	0	1	0	0	0	0
AF	0	0.322611	1	1	0	0	0	0	0
AF	0	0.323548	2	2	0	0	0	0	0
AF	0	0.323860	2	1	1	0	0	0	0
AF	0	0.324172	7	5	2	0	0	0	0
AF	0	0.324485	1	1	0	0	0	0	0
AF	0	0.325109	2	0	2	0	0	0	0
AF	0	0.325422	1	0	1	0	0	0	0
AF	0	0.325734	1	0	1	0	0	0	0
AF	0	0.326671	1	1	0	0	0	0	0
AF	0	0.326983	2	0	2	0	0	0	0
AF	0	0.327295	4	4	0	0	0	0	0
AF	0	0.327608	3	1	2	0	0	0	0
AF	0	0.329794	1	1	0	0	0	0	0
AF	0	0.330106	1	1	0	0	0	0	0
AF	0	0.330418	1	1	0	0	0	0	0
AF	0	0.330731	1	0	1	0	0	0	0
AF	0	0.331355	2	1	1	0	0	0	0
AF	0	0.331980	2	0	2	0	0	0	0
AF	0	0.332292	3	1	2	0	0	0	0
AF	0	0.332605	3	3	0	0	0	0	0
AF	0	0.332917	1	0	1	0	0	0	0
AF	0	0.335728	1	1	0	0	0	0	0
AF	0	0.336040	1	0	1	0	0	0	0
AF	0	0.339788	1	1	0	0	0	0	0
AF	0	0.340100	2	2	0	0	0	0	0
AF	0	0.341037	2	1	1	0	0	0	0
AF	0	0.341661	1	0	1	0	0	0	0
AF	0	0.341974	1	1	0	0	0	0	0
AF	0	0.342286	3	1	2	0	0	0	0
AF	0	0.342911	2	1	1	0	0	0	0
AF	0	0.343223	6	5	1	0	0	0	0
AF	0	0.343535	17	10	7	0	0	0	0
AF	0	0.343848	7	4	3	0	0	0	0
AF	0	0.344160	32	18	14	0	0	0	0
AF	0	0.344472	9	5	4	0	0	0	0
AF	0	0.344785	13	8	5	0	0	0	0
AF	0	0.345097	4	1	3	0	0	0	0
AF	0	0.345409	2	2	0	0	0	0	0
AF	0	0.346658	1	0	1	0	0	0	0
AF	0	0.346971	2	2	0	0	0	0	0
AF	0	0.347283	2	2	0	0	0	0	0
AF	0	0.347595	1	1	0	0	0	0	0
AF	0	0.348532	1	0	1	0	0	0	0
AF	0	0.349781	2	1	1	0	0	0	0
AF	0	0.350094	8	7	1	0	0	0	0
AF	0	0.350406	12	8	4	0	0	0	0
AF	0	0.351968	1	1	0	0	0	0	0
AF	0	0.355091	1	1	0	0	0	0	0
AF	0	0.357589	1	1	0	0	0	0	0
AF	0	0.357901	1	0	1	0	0	0	0
AF	0	0.360400	1	0	1	0	0	0	0
AF	0	0.361961	1	0	1	0	0	0	0
AF	0	0.363523	2	0	2	0	0	0	0
AF	0	0.363835	3	3	0	0	0	0	0
AF	0	0.364147	5	2	3	0	0	0	0
AF	0	0.367895	1	1	0	0	0	0	0
AF	0	0.368207	2	2	0	0	0	0	0
AF	0	0.369144	6	4	2	0	0	0	0
AF	0	0.369457	5	4	1	0	0	0	0
AF	0	0.369769	5	1	4	0	0	0	0
AF	0	0.372892	1	1	0	0	0	0	0
AF	0	0.373517	2	2	0	0	0	0	0
AF	0	0.374141	4	3	1	0	0	0	0
AF	0	0.374453	1	0	1	0	0	0	0
AF	0	0.374766	1	1	0	0	0	0	0
AF	0	0.375390	1	1	0	0	0	0	0
AF	0	0.375703	2	2	0	0	0	0	0
AF	0	0.376015	9	3	6	0	0	0	0
AF	0	0.376327	4	3	1	0	0	0	0
AF	0	0.383510	1	0	1	0	0	0	0
AF	0	0.384135	1	1	0	0	0	0	0
AF	0	0.384447	1	0	1	0	0	0	0
AF	0	0.385072	1	0	1	0	0	0	0
AF	0	0.385384	2	2	0	0	0	0	0
AF	0	0.385696	2	2	0	0	0	0	0
AF	0	0.386321	1	1	0	0	0	0	0
AF	0	0.386633	1	0	1	0	0	0	0
AF	0	0.388819	1	0	1	0	0	0	0
AF	0	0.389132	1	1	0	0	0	0	0
AF	0	0.389756	2	1	1	0	0	0	0
AF	0	0.390069	1	0	1	0	0	0	0
AF	0	0.390381	2	0	2	0	0	0	0
AF	0	0.390693	5	3	2	0	0	0	0
AF	0	0.391006	12	6	6	0	0	0	0
AF	0	0.391318	10	7	3	0	0	0	0
AF	0	0.391630	11	8	3	0	0	0	0
AF	0	0.391943	7	5	2	0	0	0	0
AF	0	0.392255	7	6	1	0	0	0	0
AF	0	0.392567	1	1	0	0	0	0	0
AF	0	0.392879	1	1	0	0	0	0	0
AF	0	0.399126	1	1	0	0	0	0	0
AF	0	0.399750	1	0	1	0	0	0	0
AF	0	0.400687	1	0	1	0	0	0	0
AF	0	0.400999	2	1	1	0	0	0	0
AF	0	0.412867	1	1	0	0	0	0	0
AF	0	0.414741	1	1	0	0	0	0	0
AF	0	0.415053	1	0	1	0	0	0	0
AF	0	0.415365	6	5	1	0	0	0	0
AF	0	0.415678	1	0	1	0	0	0	0
AF	0	0.415990	2	2	0	0	0	0	0
AF	0	0.417864	1	1	0	0	0	0	0
AF	0	0.418176	1	1	0	0	0	0	0
AF	0	0.418488	2	0	2	0	0	0	0
AF	0	0.419113	1	1	0	0	0	0	0
AF	0	0.419425	1	1	0	0	0	0	0
AF	0	0.419738	1	1	0	0	0	0	0
AF	0	0.420050	1	1	0	0	0	0	0
AF	0	0.420362	2	1	1	0	0	0	0
AF	0	0.421611	1	1	0	0	0	0	0
AF	0	0.422236	2	2	0	0	0	0	0
AF	0	0.422861	1	1	0	0	0	0	0
AF	0	0.423173	3	3	0	0	0	0	0
AF	0	0.423485	4	3	1	0	0	0	0
AF	0	0.424422	1	0	1	0	0	0	0
AF	0	0.424735	6	2	4	0	0	0	0
AF	0	0.425047	5	4	1	0	0	0	0
AF	0	0.425359	12	10	2	0	0	0	0
AF	0	0.425671	3	1	2	0	0	0	0
AF	0	0.425984	21	13	8	0	0	0	0
AF	0	0.426296	29	18	11	0	0	0	0
AF	0	0.426608	46	32	14	0	0	0	0
AF	0	0.426921	2	1	1	0	0	0	0
AF	0	0.427233	4	3	1	0	0	0	0
AF	0	0.427858	3	2	1	0	0	0	0
AF	0	0.428170	4	3	1	0	0	0	0
AF	0	0.428482	3	3	0	0	0	0	0
AF	0	0.428795	1	0	1	0	0	0	0
AF	0	0.429731	3	1	2	0	0	0	0
AF	0	0.435353	1	1	0	0	0	0	0
AF	0	0.435665	1	1	0	0	0	0	0
AF	0	0.435978	1	1	0	0	0	0	0
AF	0	0.436914	1	1	0	0	0	0	0
AF	0	0.437227	4	3	1	0	0	0	0
AF	0	0.437539	1	1	0	0	0	0	0
AF	0	0.438476	1	1	0	0	0	0	0
AF	0	0.440662	1	1	0	0	0	0	0
AF	0	0.440974	1	0	1	0	0	0	0
AF	0	0.442848	3	3	0	0	0	0	0
AF	0	0.443161	4	3	1	0	0	0	0
AF	0	0.443473	7	4	3	0	0	0	0
AF	0	0.451905	1	0	1	0	0	0	0
AF	0	0.452217	1	1	0	0	0	0	0
AF	0	0.454403	3	2	1	0	0	0	0
AF	0	0.454716	5	2	3	0	0	0	0
AF	0	0.455028	10	5	5	0	0	0	0
AF	0	0.455340	9	5	4	0	0	0	0
AF	0	0.455653	1	1	0	0	0	0	0
AF	0	0.455965	1	1	0	0	0	0	0
AF	0	0.456277	1	1	0	0	0	0	0
AF	0	0.456590	2	1	1	0	0	0	0
AF	0	0.456902	2	1	1	0	0	0	0
AF	0	0.457214	3	1	2	0	0	0	0
AF	0	0.457527	2	2	0	0	0	0	0
AF	0	0.457839	1	1	0	0	0	0	0
AF	0	0.458151	2	1	1	0	0	0	0
AF	0	0.460025	1	0	1	0	0	0	0
AF	0	0.461274	1	1	0	0	0	0	0
AF	0	0.461587	1	1	0	0	0	0	0
AF	0	0.461899	1	0	1	0	0	0	0
AF	0	0.462836	1	1	0	0	0	0	0
AF	0	0.465646	1	1	0	0	0	0	0
AF	0	0.467208	1	1	0	0	0	0	0
AF	0	0.484385	7	5	2	0	0	0	0
AF	0	0.484697	3	0	3	0	0	0	0
AF	0	0.485322	3	2	1	0	0	0	0
AF	0	0.485634	1	1	0	0	0	0	0
AF	0	0.488132	1	0	1	0	0	0	0
AF	0	0.488445	1	1	0	0	0	0	0
AF	0	0.488757	5	4	1	0	0	0	0
AF	0	0.489069	6	3	3	0	0	0	0
AF	0	0.489382	15	12	3	0	0	0	0
AF	0	0.489694	2	2	0	0	0	0	0
AF	0	0.490006	2	1	1	0	0	0	0
AF	0	0.496565	2	2	0	0	0	0	0
AF	0	0.496877	1	1	0	0	0	0	0
AF	0	0.498126	1	0	1	0	0	0	0
AF	0	0.498438	1	1	0	0	0	0	0
AF	0	0.498751	3	3	0	0	0	0	0
AF	0	0.499063	7	4	3	0	0	0	0
AF	0	0.499375	4	3	1	0	0	0	0
AF	0	0.499688	5	3	2	0	0	0	0
AF	0	0.500000	4	2	2	0	0	0	0
AF	0	0.500937	2	2	0	0	0	0	0
AF	0	0.504997	1	1	0	0	0	0	0
AF	0	0.509369	1	1	0	0	0	0	0
AF	0	0.524984	1	1	0	0	0	0	0
AF	0	0.525609	2	2	0	0	0	0	0
AF	0	0.527483	1	1	0	0	0	0	0
AF	0	0.531230	1	1	0	0	0	0	0
AF	0	0.533104	1	0	1	0	0	0	0
AF	0	0.534354	1	0	1	0	0	0	0
AF	0	0.535603	1	1	0	0	0	0	0
AF	0	0.535915	3	2	1	0	0	0	0
AF	0	0.536227	3	0	3	0	0	0	0
AF	0	0.536540	2	1	1	0	0	0	0
AF	0	0.541224	1	0	1	0	0	0	0
AF	0	0.543723	3	3	0	0	0	0	0
AF	0	0.544347	1	0	1	0	0	0	0
AF	0	0.562461	1	1	0	0	0	0	0
AF	0	0.569332	1	1	0	0	0	0	0
AF	0	0.575890	1	0	1	0	0	0	0
AF	0	0.579013	1	0	1	0	0	0	0
AF	0	0.579638	6	5	1	0	0	0	0
AF	0	0.579950	14	11	3	0	0	0	0
AF	0	0.580262	6	3	3	0	0	0	0
AF	0	0.581824	1	1	0	0	0	0	0
AF	0	0.582136	4	4	0	0	0	0	0
AF	0	0.582448	1	0	1	0	0	0	0
AF	0	0.582761	1	1	0	0	0	0	0
AF	0	0.583073	2	2	0	0	0	0	0
AF	0	0.583385	3	3	0	0	0	0	0
AF	0	0.583698	1	1	0	0	0	0	0
AF	0	0.584010	1	1	0	0	0	0	0
AF	0	0.598376	2	1	1	0	0	0	0
AF	0	0.598688	1	1	0	0	0	0	0
AF	0	0.599001	2	1	1	0	0	0	0
AF	0	0.613679	2	1	1	0	0	0	0
AF	0	0.613991	2	2	0	0	0	0	0
AF	0	0.614304	2	0	2	0	0	0	0
AF	0	0.629606	1	1	0	0	0	0	0
AF	0	0.630543	1	1	0	0	0	0	0
AF	0	0.630856	1	0	1	0	0	0	0
AF	0	0.631168	2	2	0	0	0	0	0
AF	0	0.631480	5	2	3	0	0	0	0
AF	0	0.631793	4	4	0	0	0	0	0
AF	0	0.632105	8	4	4	0	0	0	0
AF	0	0.632417	2	2	0	0	0	0	0
AF	0	0.632730	1	0	1	0	0	0	0
AF	0	0.633042	5	2	3	0	0	0	0
AF	0	0.633354	11	8	3	0	0	0	0
AF	0	0.634291	1	0	1	0	0	0	0
AF	0	0.636477	1	0	1	0	0	0	0
AF	0	0.637726	2	1	1	0	0	0	0
AF	0	0.651468	1	1	0	0	0	0	0
AF	0	0.671768	1	1	0	0	0	0	0
AF	0	0.676765	3	3	0	0	0	0	0
AF	0	0.718301	1	0	1	0	0	0	0
AF	0	0.724859	1	1	0	0	0	0	0
AF	0	0.733292	1	1	0	0	0	0	0
AF	0	0.734229	1	0	1	0	0	0	0
AF	0	0.734541	2	1	1	0	0	0	0
AF	0	0.735166	1	0	1	0	0	0	0
AF	0	0.735478	1	1	0	0	0	0	0
AF	0	0.736415	1	1	0	0	0	0	0
AF	0	0.737664	1	0	1	0	0	0	0
AF	0	0.738289	1	1	0	0	0	0	0
AF	0	0.738601	2	2	0	0	0	0	0
AF	0	0.739850	3	3	0	0	0	0	0
AF	0	0.740475	29	15	14	0	0	0	0
AF	0	0.740787	18	14	4	0	0	0	0
AF	0	0.741099	29	21	8	0	0	0	0
AF	0	0.741412	3	2	1	0	0	0	0
AF	0	0.741724	13	8	5	0	0	0	0
AF	0	0.742036	6	4	2	0	0	0	0
AF	0	0.742349	2	2	0	0	0	0	0
AF	0	0.742661	4	1	3	0	0	0	0
AF	0	0.742973	58	34	24	0	0	0	0
AF	0	0.743285	5	5	0	0	0	0	0
AF	0	0.743910	1	1	0	0	0	0	0
AF	0	0.744222	1	1	0	0	0	0	0
AF	0	0.746408	1	1	0	0	0	0	0
AF	0	0.750468	1	0	1	0	0	0	0
AF	0	0.751093	2	1	1	0	0	0	0
AF	0	0.751718	1	1	0	0	0	0	0
AF	0	0.754216	1	1	0	0	0	0	0
AF	0	0.762336	1	1	0	0	0	0	0
AF	0	0.762961	1	1	0	0	0	0	0
AF	0	0.767958	1	0	1	0	0	0	0
AF	0	0.768582	1	1	0	0	0	0	0
AF	0	0.769207	1	1	0	0	0	0	0
AF	0	0.769831	1	1	0	0	0	0	0
AF	0	0.770768	1	1	0	0	0	0	0
AF	0	0.774828	1	1	0	0	0	0	0
AF	0	0.780762	1	0	1	0	0	0	0
AF	0	0.781074	1	1	0	0	0	0	0
AF	0	0.781699	1	1	0	0	0	0	0
AF	0	0.782636	1	1	0	0	0	0	0
AF	0	0.783260	1	1	0	0	0	0	0
AF	0	0.783573	1	1	0	0	0	0	0
AF	0	0.783885	1	1	0	0	0	0	0
AF	0	0.784197	2	0	2	0	0	0	0
AF	0	0.784510	5	2	3	0	0	0	0
AF	0	0.784822	1	1	0	0	0	0	0
AF	0	0.787008	1	0	1	0	0	0	0
AF	0	0.788570	1	0	1	0	0	0	0
AF	0	0.788882	1	1	0	0	0	0	0
AF	0	0.792005	2	2	0	0	0	0	0
AF	0	0.792317	1	1	0	0	0	0	0
AF	0	0.798251	1	0	1	0	0	0	0
AF	0	0.798876	2	2	0	0	0	0	0
AF	0	0.799188	1	0	1	0	0	0	0
AF	0	0.799500	10	5	5	0	0	0	0
AF	0	0.799813	9	5	4	0	0	0	0
AF	0	0.800125	28	19	9	0	0	0	0
AF	0	0.800437	8	8	0	0	0	0	0
AF	0	0.800750	1	1	0	0	0	0	0
AF	0	0.802623	1	1	0	0	0	0	0
AF	0	0.806683	1	0	1	0	0	0	0
AF	0	0.808869	1	0	1	0	0	0	0
AF	0	0.809494	4	3	1	0	0	0	0
AF	0	0.809806	2	2	0	0	0	0	0
AF	0	0.810119	2	2	0	0	0	0	0
AF	0	0.810431	13	8	5	0	0	0	0
AF	0	0.810743	46	25	21	0	0	0	0
AF	0	0.811056	22	19	3	0	0	0	0
AF	0	0.811368	5	4	1	0	0	0	0
AF	0	0.815740	1	1	0	0	0	0	0
AF	0	0.824485	1	1	0	0	0	0	0
AF	0	0.831668	1	1	0	0	0	0	0
AF	0	0.843223	1	1	0	0	0	0	0
AF	0	0.843535	1	1	0	0	0	0	0
AF	0	0.852592	1	1	0	0	0	0	0
AF	0	0.858838	1	0	1	0	0	0	0
AF	0	0.871955	1	1	0	0	0	0	0
AF	0	0.876640	8	4	4	0	0	0	0
AF	0	0.876952	12	6	6	0	0	0	0
AF	0	0.879450	1	0	1	0	0	0	0
AF	0	0.892567	2	2	0	0	0	0	0
AF	0	0.894441	1	0	1	0	0	0	0
AF	0	0.896002	2	2	0	0	0	0	0
AF	0	0.896315	2	1	1	0	0	0	0
AF	0	0.896627	9	6	3	0	0	0	0
AF	0	0.896939	17	12	5	0	0	0	0
AF	0	0.897252	16	10	6	0	0	0	0
AF	0	0.897564	8	4	4	0	0	0	0
AF	0	0.897876	45	30	15	0	0	0	0
AF	0	0.899750	1	0	1	0	0	0	0
AF	0	0.900687	3	1	2	0	0	0	0
AF	0	0.900999	4	3	1	0	0	0	0
AF	0	0.902249	1	1	0	0	0	0	0
AF	0	0.904122	1	1	0	0	0	0	0
AF	0	0.904747	1	1	0	0	0	0	0
AF	0	0.905684	1	0	1	0	0	0	0
AF	0	0.908807	1	0	1	0	0	0	0
AF	0	0.910993	3	0	3	0	0	0	0
AF	0	0.911305	1	0	1	0	0	0	0
AF	0	0.912242	4	4	0	0	0	0	0
AF	0	0.912555	10	7	3	0	0	0	0
AF	0	0.912867	35	28	7	0	0	0	0
AF	0	0.913179	1	1	0	0	0	0	0
AF	0	0.915365	1	1	0	0	0	0	0
AF	0	0.915990	3	1	2	0	0	0	0
AF	0	0.916615	1	1	0	0	0	0	0
AF	0	0.916927	2	1	1	0	0	0	0
AF	0	0.917239	11	6	5	0	0	0	0
AF	0	0.917552	5	3	2	0	0	0	0
AF	0	0.917864	6	3	3	0	0	0	0
AF	0	0.919738	2	1	1	0	0	0	0
AF	0	0.920362	7	4	3	0	0	0	0
AF	0	0.920675	11	4	7	0	0	0	0
AF	0	0.920987	9	6	3	0	0	0	0
AF	0	0.921299	5	3	2	0	0	0	0
AF	0	0.921611	7	5	2	0	0	0	0
AF	0	0.923173	1	1	0	0	0	0	0
AF	0	0.926608	2	1	1	0	0	0	0
AF	0	0.926921	1	0	1	0	0	0	0
AF	0	0.927233	2	2	0	0	0	0	0
AF	0	0.927858	1	0	1	0	0	0	0
AF	0	0.928170	3	2	1	0	0	0	0
AF	0	0.928482	4	3	1	0	0	0	0
AF	0	0.929107	5	4	1	0	0	0	0
AF	0	0.929419	5	4	1	0	0	0	0
AF	0	0.929731	1	1	0	0	0	0	0
AF	0	0.930044	2	1	1	0	0	0	0
AF	0	0.930356	16	9	7	0	0	0	0
AF	0	0.930668	3	1	2	0	0	0	0
AF	0	0.940350	1	0	1	0	0	0	0
AF	0	0.940974	1	0	1	0	0	0	0
AF	0	0.993129	1	1	0	0	0	0	0
AF	0	0.994066	4	2	2	0	0	0	0
AF	0	0.994691	10	5	5	0	0	0	0
AF	0	0.995003	1	1	0	0	0	0	0
AF	0	0.995315	1	0	1	0	0	0	0
AF	0	0.996565	1	1	0	0	0	0	0
AF	0	0.996877	1	1	0	0	0	0	0
AF	0	0.997189	9	4	5	0	0	0	0
AF	0	0.997814	3	3	0	0	0	0	0
AF	0	0.998126	1	1	0	0	0	0	0
AF	0	0.999063	2	2	0	0	0	0	0
# QUAL, Stats by quality
# QUAL	[2]id	[3]Quality	[4]number of SNPs	[5]number of transitions (1st ALT)	[6]number of transversions (1st ALT)	[7]number of indels
QUAL	0	.	19431	12138	7293	0
# IDD, InDel distribution:
# IDD	[2]id	[3]length (deletions negative)	[4]number of sites	[5]number of genotypes	[6]mean VAF
# ST, Substitution types:
# ST	[2]id	[3]type	[4]count
ST	0	A>C	681
ST	0	A>G	2252
ST	0	A>T	863
ST	0	C>A	1257
ST	0	C>G	769
ST	0	C>T	3817
ST	0	G>A	3754
ST	0	G>C	837
ST	0	G>T	1232
ST	0	T>A	922
ST	0	T>C	2315
ST	0	T>G	732
# DP, Depth distribution
# DP	[2]id	[3]bin	[4]number of genotypes	[5]fraction of genotypes (%)	[6]number of sites	[7]fraction of sites (%)
  - Fix haploid genotypes in males...

Submit MakeDiploidMalesX finished successfully. Let's have a beer, buddy!

