Submit MakeDiploidMalesX
version 1.1.6 (2024-09-30)

These are the settings:
  Input file................: /hpc/local/Rocky8/dhl_ec/software/MonopogenLite/resources/1kGP_high_coverage_Illumina.SNVonly_poly.filtered_AF_5e-04.norm.fixvariantid.chrX.vcf.gz
  Output file...............: /hpc/local/Rocky8/dhl_ec/software/MonopogenLite/resources/1kGP_high_coverage_Illumina.SNVonly_poly.filtered_AF_5e-04.norm.fixvariantid.makediploid.chrX.vcf.gz
  Chunk size................: 100

  SLURM CPUs................: 4
  SLURM Array ID............: 71 (of 100)
  SLURM memory..............: 16G
  SLURM time................: 01:00:00
  SLURM mail type...........: FAIL
  SLURM mail user...........: s.w.vanderlaan-2@umcutrecht.nl

  Dry run mode..............: 0
  Debug mode................: 1
  Verbosity.................: 0
  Version...................: 1.1.6 (2024-09-30)

Making converting haploid genotypes to diploid genotypes.
> Extract the region for this SLURM task (# 71) from the BED file.
  - Get the chunk number from the SLURM array task ID and the bed file...
DEBUG: Extracting chunk number: 71p from 71
DEBUG: Extracting region from BED file: /hpc/local/Rocky8/dhl_ec/software/MonopogenLite/resources/chrX_100pieces.bed
  - Extract the region from the BED file...
DEBUG: Extracted raw region: 'chrX	109228561	110788968' (chunk #: 71p of 100 for job 71)
  - Check if a valid region was extracted -- should be 'chrX	109228561	110788968'...
  - Prepare the region for bcftools...
  - Check if the region (chrX:109228561-110788968) was successfully extracted...
> Processing region 'chrX:109228561-110788968'...
  - Process the specific region (chunk# 71) using bcftools view...
  - Index the VCF file...
DEBUG: Check if the VCF file was successfully processed...
##fileformat=VCFv4.2
##FILTER=<ID=PASS,Description="All filters passed">
##fileDate=29/01/2022 - 14:31:41
##source=shapeit4.2.2
##contig=<ID=chr1,length=248956422>
##contig=<ID=chr2,length=242193529>
##contig=<ID=chr3,length=198295559>
##contig=<ID=chr4,length=190214555>
##contig=<ID=chr5,length=181538259>
##contig=<ID=chr6,length=170805979>
# This file was produced by bcftools stats (1.20+htslib-1.20) and can be plotted using plot-vcfstats.
# The command line was:	bcftools stats  /hpc/local/Rocky8/dhl_ec/software/MonopogenLite/resources/chrX.part71.vcf.gz
#
# Definition of sets:
# ID	[2]id	[3]tab-separated file names
ID	0	/hpc/local/Rocky8/dhl_ec/software/MonopogenLite/resources/chrX.part71.vcf.gz
# SN, Summary numbers:
#   number of records   .. number of data rows in the VCF
#   number of no-ALTs   .. reference-only sites, ALT is either "." or identical to REF
#   number of SNPs      .. number of rows with a SNP
#   number of MNPs      .. number of rows with a MNP, such as CC>TT
#   number of indels    .. number of rows with an indel
#   number of others    .. number of rows with other type, for example a symbolic allele or
#                          a complex substitution, such as ACT>TCGA
#   number of multiallelic sites     .. number of rows with multiple alternate alleles
#   number of multiallelic SNP sites .. number of rows with multiple alternate alleles, all SNPs
# 
#   Note that rows containing multiple types will be counted multiple times, in each
#   counter. For example, a row with a SNP and an indel increments both the SNP and
#   the indel counter.
# 
# SN	[2]id	[3]key	[4]value
SN	0	number of samples:	3202
SN	0	number of records:	14517
SN	0	number of no-ALTs:	0
SN	0	number of SNPs:	14517
SN	0	number of MNPs:	0
SN	0	number of indels:	0
SN	0	number of others:	0
SN	0	number of multiallelic sites:	0
SN	0	number of multiallelic SNP sites:	0
# TSTV, transitions/transversions:
# TSTV	[2]id	[3]ts	[4]tv	[5]ts/tv	[6]ts (1st ALT)	[7]tv (1st ALT)	[8]ts/tv (1st ALT)
TSTV	0	9872	4645	2.13	9872	4645	2.13
# SiS, Singleton stats:
# SiS	[2]id	[3]allele count	[4]number of SNPs	[5]number of transitions	[6]number of transversions	[7]number of indels	[8]repeat-consistent	[9]repeat-inconsistent	[10]not applicable
SiS	0	1	0	0	0	0	0	0	0
# AF, Stats by non-reference allele frequency:
# AF	[2]id	[3]allele frequency	[4]number of SNPs	[5]number of transitions	[6]number of transversions	[7]number of indels	[8]repeat-consistent	[9]repeat-inconsistent	[10]not applicable
AF	0	0.000312	2272	1536	736	0	0	0	0
AF	0	0.000625	1454	998	456	0	0	0	0
AF	0	0.000937	1734	1179	555	0	0	0	0
AF	0	0.001249	551	398	153	0	0	0	0
AF	0	0.001562	823	581	242	0	0	0	0
AF	0	0.001874	348	246	102	0	0	0	0
AF	0	0.002186	483	325	158	0	0	0	0
AF	0	0.002498	178	119	59	0	0	0	0
AF	0	0.002811	382	251	131	0	0	0	0
AF	0	0.003123	134	102	32	0	0	0	0
AF	0	0.003435	232	156	76	0	0	0	0
AF	0	0.003748	138	101	37	0	0	0	0
AF	0	0.004060	235	150	85	0	0	0	0
AF	0	0.004372	123	82	41	0	0	0	0
AF	0	0.004685	169	114	55	0	0	0	0
AF	0	0.004997	79	62	17	0	0	0	0
AF	0	0.005309	139	86	53	0	0	0	0
AF	0	0.005621	78	50	28	0	0	0	0
AF	0	0.005934	183	126	57	0	0	0	0
AF	0	0.006246	60	45	15	0	0	0	0
AF	0	0.006558	170	122	48	0	0	0	0
AF	0	0.006871	43	30	13	0	0	0	0
AF	0	0.007183	162	106	56	0	0	0	0
AF	0	0.007495	93	60	33	0	0	0	0
AF	0	0.007808	90	61	29	0	0	0	0
AF	0	0.008120	51	36	15	0	0	0	0
AF	0	0.008432	79	53	26	0	0	0	0
AF	0	0.008745	59	37	22	0	0	0	0
AF	0	0.009057	84	56	28	0	0	0	0
AF	0	0.009369	31	24	7	0	0	0	0
AF	0	0.009681	76	46	30	0	0	0	0
AF	0	0.009994	53	38	15	0	0	0	0
AF	0	0.010306	63	47	16	0	0	0	0
AF	0	0.010618	29	19	10	0	0	0	0
AF	0	0.010931	86	63	23	0	0	0	0
AF	0	0.011243	35	21	14	0	0	0	0
AF	0	0.011555	55	38	17	0	0	0	0
AF	0	0.011868	30	20	10	0	0	0	0
AF	0	0.012180	49	31	18	0	0	0	0
AF	0	0.012492	30	24	6	0	0	0	0
AF	0	0.012804	35	18	17	0	0	0	0
AF	0	0.013117	16	12	4	0	0	0	0
AF	0	0.013429	60	40	20	0	0	0	0
AF	0	0.013741	20	13	7	0	0	0	0
AF	0	0.014054	28	22	6	0	0	0	0
AF	0	0.014366	19	14	5	0	0	0	0
AF	0	0.014678	31	22	9	0	0	0	0
AF	0	0.014991	7	1	6	0	0	0	0
AF	0	0.015303	28	17	11	0	0	0	0
AF	0	0.015615	14	10	4	0	0	0	0
AF	0	0.015928	42	33	9	0	0	0	0
AF	0	0.016240	27	18	9	0	0	0	0
AF	0	0.016552	31	18	13	0	0	0	0
AF	0	0.016864	12	8	4	0	0	0	0
AF	0	0.017177	27	16	11	0	0	0	0
AF	0	0.017489	11	8	3	0	0	0	0
AF	0	0.017801	31	17	14	0	0	0	0
AF	0	0.018114	9	6	3	0	0	0	0
AF	0	0.018426	25	22	3	0	0	0	0
AF	0	0.018738	7	7	0	0	0	0	0
AF	0	0.019051	16	11	5	0	0	0	0
AF	0	0.019363	11	7	4	0	0	0	0
AF	0	0.019675	28	16	12	0	0	0	0
AF	0	0.019988	8	6	2	0	0	0	0
AF	0	0.020300	31	20	11	0	0	0	0
AF	0	0.020612	17	14	3	0	0	0	0
AF	0	0.020924	22	12	10	0	0	0	0
AF	0	0.021237	10	6	4	0	0	0	0
AF	0	0.021549	15	9	6	0	0	0	0
AF	0	0.021861	21	14	7	0	0	0	0
AF	0	0.022174	36	24	12	0	0	0	0
AF	0	0.022486	11	7	4	0	0	0	0
AF	0	0.022798	22	17	5	0	0	0	0
AF	0	0.023111	15	10	5	0	0	0	0
AF	0	0.023423	17	11	6	0	0	0	0
AF	0	0.023735	5	3	2	0	0	0	0
AF	0	0.024047	27	25	2	0	0	0	0
AF	0	0.024360	7	4	3	0	0	0	0
AF	0	0.024672	33	19	14	0	0	0	0
AF	0	0.024984	9	7	2	0	0	0	0
AF	0	0.025297	33	18	15	0	0	0	0
AF	0	0.025609	13	8	5	0	0	0	0
AF	0	0.025921	40	26	14	0	0	0	0
AF	0	0.026234	7	6	1	0	0	0	0
AF	0	0.026546	17	10	7	0	0	0	0
AF	0	0.026858	9	7	2	0	0	0	0
AF	0	0.027171	15	11	4	0	0	0	0
AF	0	0.027483	4	1	3	0	0	0	0
AF	0	0.027795	19	14	5	0	0	0	0
AF	0	0.028107	16	12	4	0	0	0	0
AF	0	0.028420	31	21	10	0	0	0	0
AF	0	0.028732	9	5	4	0	0	0	0
AF	0	0.029044	17	12	5	0	0	0	0
AF	0	0.029357	13	9	4	0	0	0	0
AF	0	0.029669	50	28	22	0	0	0	0
AF	0	0.029981	9	5	4	0	0	0	0
AF	0	0.030294	10	7	3	0	0	0	0
AF	0	0.030606	2	2	0	0	0	0	0
AF	0	0.030918	3	1	2	0	0	0	0
AF	0	0.031230	4	3	1	0	0	0	0
AF	0	0.031543	7	6	1	0	0	0	0
AF	0	0.031855	10	6	4	0	0	0	0
AF	0	0.032167	10	5	5	0	0	0	0
AF	0	0.032480	8	5	3	0	0	0	0
AF	0	0.032792	9	7	2	0	0	0	0
AF	0	0.033104	5	4	1	0	0	0	0
AF	0	0.033417	13	7	6	0	0	0	0
AF	0	0.033729	1	0	1	0	0	0	0
AF	0	0.034041	3	2	1	0	0	0	0
AF	0	0.034354	20	15	5	0	0	0	0
AF	0	0.034666	14	13	1	0	0	0	0
AF	0	0.034978	2	2	0	0	0	0	0
AF	0	0.035290	5	4	1	0	0	0	0
AF	0	0.035603	1	0	1	0	0	0	0
AF	0	0.035915	5	2	3	0	0	0	0
AF	0	0.036227	2	2	0	0	0	0	0
AF	0	0.036540	5	3	2	0	0	0	0
AF	0	0.036852	2	2	0	0	0	0	0
AF	0	0.037164	7	6	1	0	0	0	0
AF	0	0.037477	5	5	0	0	0	0	0
AF	0	0.037789	8	6	2	0	0	0	0
AF	0	0.038101	5	4	1	0	0	0	0
AF	0	0.038413	24	12	12	0	0	0	0
AF	0	0.038726	3	1	2	0	0	0	0
AF	0	0.039038	12	8	4	0	0	0	0
AF	0	0.039350	7	4	3	0	0	0	0
AF	0	0.039663	11	6	5	0	0	0	0
AF	0	0.039975	8	8	0	0	0	0	0
AF	0	0.040287	13	6	7	0	0	0	0
AF	0	0.040600	2	1	1	0	0	0	0
AF	0	0.040912	11	10	1	0	0	0	0
AF	0	0.041224	6	2	4	0	0	0	0
AF	0	0.041537	9	5	4	0	0	0	0
AF	0	0.041849	4	4	0	0	0	0	0
AF	0	0.042161	4	2	2	0	0	0	0
AF	0	0.042473	2	2	0	0	0	0	0
AF	0	0.042786	5	2	3	0	0	0	0
AF	0	0.043098	6	4	2	0	0	0	0
AF	0	0.043410	4	3	1	0	0	0	0
AF	0	0.043723	2	0	2	0	0	0	0
AF	0	0.044035	7	6	1	0	0	0	0
AF	0	0.044347	1	1	0	0	0	0	0
AF	0	0.044660	19	11	8	0	0	0	0
AF	0	0.044972	1	0	1	0	0	0	0
AF	0	0.045284	5	5	0	0	0	0	0
AF	0	0.045909	3	3	0	0	0	0	0
AF	0	0.046221	2	2	0	0	0	0	0
AF	0	0.046533	4	3	1	0	0	0	0
AF	0	0.047158	5	3	2	0	0	0	0
AF	0	0.047470	6	4	2	0	0	0	0
AF	0	0.047783	6	6	0	0	0	0	0
AF	0	0.048095	7	7	0	0	0	0	0
AF	0	0.048407	16	12	4	0	0	0	0
AF	0	0.048720	5	2	3	0	0	0	0
AF	0	0.049032	11	10	1	0	0	0	0
AF	0	0.049344	4	0	4	0	0	0	0
AF	0	0.049656	1	1	0	0	0	0	0
AF	0	0.049969	14	12	2	0	0	0	0
AF	0	0.050281	18	15	3	0	0	0	0
AF	0	0.050593	5	3	2	0	0	0	0
AF	0	0.050906	9	6	3	0	0	0	0
AF	0	0.051218	3	3	0	0	0	0	0
AF	0	0.051530	6	4	2	0	0	0	0
AF	0	0.051843	1	1	0	0	0	0	0
AF	0	0.052155	8	6	2	0	0	0	0
AF	0	0.052467	4	3	1	0	0	0	0
AF	0	0.052780	6	3	3	0	0	0	0
AF	0	0.053092	1	1	0	0	0	0	0
AF	0	0.053404	1	0	1	0	0	0	0
AF	0	0.053716	4	3	1	0	0	0	0
AF	0	0.054029	11	6	5	0	0	0	0
AF	0	0.054341	2	2	0	0	0	0	0
AF	0	0.054653	7	4	3	0	0	0	0
AF	0	0.054966	2	2	0	0	0	0	0
AF	0	0.055278	2	1	1	0	0	0	0
AF	0	0.055903	5	3	2	0	0	0	0
AF	0	0.056215	2	1	1	0	0	0	0
AF	0	0.056527	3	2	1	0	0	0	0
AF	0	0.056839	2	2	0	0	0	0	0
AF	0	0.057152	3	1	2	0	0	0	0
AF	0	0.057464	1	1	0	0	0	0	0
AF	0	0.057776	4	3	1	0	0	0	0
AF	0	0.058401	3	2	1	0	0	0	0
AF	0	0.058713	3	1	2	0	0	0	0
AF	0	0.059026	4	4	0	0	0	0	0
AF	0	0.059338	2	1	1	0	0	0	0
AF	0	0.059650	8	7	1	0	0	0	0
AF	0	0.059963	7	3	4	0	0	0	0
AF	0	0.060275	5	5	0	0	0	0	0
AF	0	0.060899	4	4	0	0	0	0	0
AF	0	0.061212	1	1	0	0	0	0	0
AF	0	0.061524	1	1	0	0	0	0	0
AF	0	0.061836	2	2	0	0	0	0	0
AF	0	0.062149	2	1	1	0	0	0	0
AF	0	0.062461	2	0	2	0	0	0	0
AF	0	0.062773	10	7	3	0	0	0	0
AF	0	0.063086	4	1	3	0	0	0	0
AF	0	0.063398	1	1	0	0	0	0	0
AF	0	0.063710	2	2	0	0	0	0	0
AF	0	0.064022	3	2	1	0	0	0	0
AF	0	0.064335	1	0	1	0	0	0	0
AF	0	0.064647	1	1	0	0	0	0	0
AF	0	0.064959	1	1	0	0	0	0	0
AF	0	0.065584	3	2	1	0	0	0	0
AF	0	0.065896	1	0	1	0	0	0	0
AF	0	0.066209	1	1	0	0	0	0	0
AF	0	0.066521	5	3	2	0	0	0	0
AF	0	0.066833	1	1	0	0	0	0	0
AF	0	0.067146	8	2	6	0	0	0	0
AF	0	0.067458	5	4	1	0	0	0	0
AF	0	0.067770	5	4	1	0	0	0	0
AF	0	0.068082	1	1	0	0	0	0	0
AF	0	0.068395	1	1	0	0	0	0	0
AF	0	0.069332	3	1	2	0	0	0	0
AF	0	0.069644	3	1	2	0	0	0	0
AF	0	0.070269	3	2	1	0	0	0	0
AF	0	0.070581	1	1	0	0	0	0	0
AF	0	0.070893	1	1	0	0	0	0	0
AF	0	0.071205	5	4	1	0	0	0	0
AF	0	0.071518	6	3	3	0	0	0	0
AF	0	0.071830	5	4	1	0	0	0	0
AF	0	0.072142	15	5	10	0	0	0	0
AF	0	0.072455	3	1	2	0	0	0	0
AF	0	0.073392	5	4	1	0	0	0	0
AF	0	0.073704	1	0	1	0	0	0	0
AF	0	0.075265	3	2	1	0	0	0	0
AF	0	0.075890	1	1	0	0	0	0	0
AF	0	0.076515	5	3	2	0	0	0	0
AF	0	0.076827	6	6	0	0	0	0	0
AF	0	0.077139	7	5	2	0	0	0	0
AF	0	0.077452	2	1	1	0	0	0	0
AF	0	0.077764	5	4	1	0	0	0	0
AF	0	0.078701	1	1	0	0	0	0	0
AF	0	0.079325	1	1	0	0	0	0	0
AF	0	0.079638	5	4	1	0	0	0	0
AF	0	0.079950	2	1	1	0	0	0	0
AF	0	0.080262	1	0	1	0	0	0	0
AF	0	0.080575	2	1	1	0	0	0	0
AF	0	0.081199	5	3	2	0	0	0	0
AF	0	0.081512	3	2	1	0	0	0	0
AF	0	0.081824	1	0	1	0	0	0	0
AF	0	0.082136	4	1	3	0	0	0	0
AF	0	0.082448	2	1	1	0	0	0	0
AF	0	0.082761	3	1	2	0	0	0	0
AF	0	0.083073	1	0	1	0	0	0	0
AF	0	0.083385	2	2	0	0	0	0	0
AF	0	0.083698	1	1	0	0	0	0	0
AF	0	0.084322	1	0	1	0	0	0	0
AF	0	0.084635	1	1	0	0	0	0	0
AF	0	0.084947	1	1	0	0	0	0	0
AF	0	0.085259	1	1	0	0	0	0	0
AF	0	0.085884	1	1	0	0	0	0	0
AF	0	0.086196	3	3	0	0	0	0	0
AF	0	0.086508	1	0	1	0	0	0	0
AF	0	0.086821	4	3	1	0	0	0	0
AF	0	0.087445	1	0	1	0	0	0	0
AF	0	0.087758	3	1	2	0	0	0	0
AF	0	0.088382	6	4	2	0	0	0	0
AF	0	0.088695	1	1	0	0	0	0	0
AF	0	0.089007	3	3	0	0	0	0	0
AF	0	0.089319	1	0	1	0	0	0	0
AF	0	0.089944	2	1	1	0	0	0	0
AF	0	0.090256	5	4	1	0	0	0	0
AF	0	0.090881	16	11	5	0	0	0	0
AF	0	0.091193	2	1	1	0	0	0	0
AF	0	0.091505	1	1	0	0	0	0	0
AF	0	0.091818	1	1	0	0	0	0	0
AF	0	0.092130	8	7	1	0	0	0	0
AF	0	0.092442	2	0	2	0	0	0	0
AF	0	0.092755	5	3	2	0	0	0	0
AF	0	0.093067	2	2	0	0	0	0	0
AF	0	0.094628	2	1	1	0	0	0	0
AF	0	0.095253	7	4	3	0	0	0	0
AF	0	0.095878	3	3	0	0	0	0	0
AF	0	0.096190	1	0	1	0	0	0	0
AF	0	0.096502	2	0	2	0	0	0	0
AF	0	0.096814	1	0	1	0	0	0	0
AF	0	0.097751	2	2	0	0	0	0	0
AF	0	0.098064	2	0	2	0	0	0	0
AF	0	0.098376	1	1	0	0	0	0	0
AF	0	0.099001	2	0	2	0	0	0	0
AF	0	0.099625	2	1	1	0	0	0	0
AF	0	0.100250	6	3	3	0	0	0	0
AF	0	0.100874	2	2	0	0	0	0	0
AF	0	0.101187	1	1	0	0	0	0	0
AF	0	0.101499	1	1	0	0	0	0	0
AF	0	0.102124	1	1	0	0	0	0	0
AF	0	0.102748	1	1	0	0	0	0	0
AF	0	0.103373	1	0	1	0	0	0	0
AF	0	0.103685	2	1	1	0	0	0	0
AF	0	0.104310	1	0	1	0	0	0	0
AF	0	0.104934	2	2	0	0	0	0	0
AF	0	0.105247	1	0	1	0	0	0	0
AF	0	0.105871	2	2	0	0	0	0	0
AF	0	0.106496	1	1	0	0	0	0	0
AF	0	0.107433	2	2	0	0	0	0	0
AF	0	0.107745	7	6	1	0	0	0	0
AF	0	0.108057	3	1	2	0	0	0	0
AF	0	0.108370	3	0	3	0	0	0	0
AF	0	0.108682	1	0	1	0	0	0	0
AF	0	0.109619	2	2	0	0	0	0	0
AF	0	0.110244	1	0	1	0	0	0	0
AF	0	0.111805	1	1	0	0	0	0	0
AF	0	0.112117	1	1	0	0	0	0	0
AF	0	0.112430	1	1	0	0	0	0	0
AF	0	0.113054	2	2	0	0	0	0	0
AF	0	0.113679	4	2	2	0	0	0	0
AF	0	0.114304	3	1	2	0	0	0	0
AF	0	0.114616	1	0	1	0	0	0	0
AF	0	0.114928	1	1	0	0	0	0	0
AF	0	0.116490	1	1	0	0	0	0	0
AF	0	0.118051	1	1	0	0	0	0	0
AF	0	0.118364	1	1	0	0	0	0	0
AF	0	0.119300	1	1	0	0	0	0	0
AF	0	0.119925	2	1	1	0	0	0	0
AF	0	0.120862	1	0	1	0	0	0	0
AF	0	0.121487	1	1	0	0	0	0	0
AF	0	0.121799	2	2	0	0	0	0	0
AF	0	0.122111	1	0	1	0	0	0	0
AF	0	0.123048	3	2	1	0	0	0	0
AF	0	0.123360	2	0	2	0	0	0	0
AF	0	0.123673	5	1	4	0	0	0	0
AF	0	0.123985	2	1	1	0	0	0	0
AF	0	0.124297	1	1	0	0	0	0	0
AF	0	0.124922	6	4	2	0	0	0	0
AF	0	0.125234	1	1	0	0	0	0	0
AF	0	0.125547	9	6	3	0	0	0	0
AF	0	0.125859	2	2	0	0	0	0	0
AF	0	0.126171	7	6	1	0	0	0	0
AF	0	0.126483	1	1	0	0	0	0	0
AF	0	0.126796	2	2	0	0	0	0	0
AF	0	0.127108	1	1	0	0	0	0	0
AF	0	0.127420	2	2	0	0	0	0	0
AF	0	0.130543	2	2	0	0	0	0	0
AF	0	0.131168	1	1	0	0	0	0	0
AF	0	0.131480	2	1	1	0	0	0	0
AF	0	0.131793	1	1	0	0	0	0	0
AF	0	0.132730	1	0	1	0	0	0	0
AF	0	0.133666	1	0	1	0	0	0	0
AF	0	0.135228	2	2	0	0	0	0	0
AF	0	0.138039	3	3	0	0	0	0	0
AF	0	0.138663	1	0	1	0	0	0	0
AF	0	0.139288	1	1	0	0	0	0	0
AF	0	0.140225	1	0	1	0	0	0	0
AF	0	0.140537	4	4	0	0	0	0	0
AF	0	0.140849	3	1	2	0	0	0	0
AF	0	0.141162	8	4	4	0	0	0	0
AF	0	0.141474	7	5	2	0	0	0	0
AF	0	0.141786	5	3	2	0	0	0	0
AF	0	0.142411	1	0	1	0	0	0	0
AF	0	0.143036	1	0	1	0	0	0	0
AF	0	0.143348	1	1	0	0	0	0	0
AF	0	0.144285	1	1	0	0	0	0	0
AF	0	0.144909	1	0	1	0	0	0	0
AF	0	0.146159	1	1	0	0	0	0	0
AF	0	0.148657	2	1	1	0	0	0	0
AF	0	0.149594	1	0	1	0	0	0	0
AF	0	0.149906	1	0	1	0	0	0	0
AF	0	0.150219	1	0	1	0	0	0	0
AF	0	0.153029	2	2	0	0	0	0	0
AF	0	0.153342	1	0	1	0	0	0	0
AF	0	0.153654	2	1	1	0	0	0	0
AF	0	0.154903	2	1	1	0	0	0	0
AF	0	0.155528	1	1	0	0	0	0	0
AF	0	0.157402	2	2	0	0	0	0	0
AF	0	0.158026	1	0	1	0	0	0	0
AF	0	0.158963	1	0	1	0	0	0	0
AF	0	0.159900	2	2	0	0	0	0	0
AF	0	0.160837	1	0	1	0	0	0	0
AF	0	0.161462	1	1	0	0	0	0	0
AF	0	0.162399	2	2	0	0	0	0	0
AF	0	0.165209	1	1	0	0	0	0	0
AF	0	0.166146	3	2	1	0	0	0	0
AF	0	0.166458	2	0	2	0	0	0	0
AF	0	0.166771	2	2	0	0	0	0	0
AF	0	0.167083	1	1	0	0	0	0	0
AF	0	0.168020	2	1	1	0	0	0	0
AF	0	0.168645	2	1	1	0	0	0	0
AF	0	0.169582	1	1	0	0	0	0	0
AF	0	0.171143	2	1	1	0	0	0	0
AF	0	0.171768	2	1	1	0	0	0	0
AF	0	0.172392	1	1	0	0	0	0	0
AF	0	0.173954	1	1	0	0	0	0	0
AF	0	0.175515	1	0	1	0	0	0	0
AF	0	0.178951	1	1	0	0	0	0	0
AF	0	0.180512	1	1	0	0	0	0	0
AF	0	0.181449	2	0	2	0	0	0	0
AF	0	0.182386	2	0	2	0	0	0	0
AF	0	0.183011	1	1	0	0	0	0	0
AF	0	0.183635	1	1	0	0	0	0	0
AF	0	0.183948	1	1	0	0	0	0	0
AF	0	0.184884	4	1	3	0	0	0	0
AF	0	0.185197	6	2	4	0	0	0	0
AF	0	0.185509	1	0	1	0	0	0	0
AF	0	0.186134	2	2	0	0	0	0	0
AF	0	0.186446	1	0	1	0	0	0	0
AF	0	0.187695	2	2	0	0	0	0	0
AF	0	0.188007	2	1	1	0	0	0	0
AF	0	0.192380	1	0	1	0	0	0	0
AF	0	0.196752	1	0	1	0	0	0	0
AF	0	0.205184	1	1	0	0	0	0	0
AF	0	0.209244	1	0	1	0	0	0	0
AF	0	0.211430	1	0	1	0	0	0	0
AF	0	0.211743	1	0	1	0	0	0	0
AF	0	0.212992	1	1	0	0	0	0	0
AF	0	0.213304	1	1	0	0	0	0	0
AF	0	0.214553	1	1	0	0	0	0	0
AF	0	0.217989	1	0	1	0	0	0	0
AF	0	0.223298	1	0	1	0	0	0	0
AF	0	0.223923	1	1	0	0	0	0	0
AF	0	0.228295	1	0	1	0	0	0	0
AF	0	0.229544	1	0	1	0	0	0	0
AF	0	0.230169	2	2	0	0	0	0	0
AF	0	0.232042	1	1	0	0	0	0	0
AF	0	0.234229	1	1	0	0	0	0	0
AF	0	0.234853	2	2	0	0	0	0	0
AF	0	0.235166	1	1	0	0	0	0	0
AF	0	0.236102	2	2	0	0	0	0	0
AF	0	0.237664	2	2	0	0	0	0	0
AF	0	0.237976	2	0	2	0	0	0	0
AF	0	0.238289	9	8	1	0	0	0	0
AF	0	0.238601	4	3	1	0	0	0	0
AF	0	0.238913	2	2	0	0	0	0	0
AF	0	0.240162	1	1	0	0	0	0	0
AF	0	0.240475	1	1	0	0	0	0	0
AF	0	0.240787	1	0	1	0	0	0	0
AF	0	0.242661	1	1	0	0	0	0	0
AF	0	0.242973	3	2	1	0	0	0	0
AF	0	0.243910	1	1	0	0	0	0	0
AF	0	0.245159	1	0	1	0	0	0	0
AF	0	0.247033	2	1	1	0	0	0	0
AF	0	0.249532	1	0	1	0	0	0	0
AF	0	0.253279	1	1	0	0	0	0	0
AF	0	0.254528	1	0	1	0	0	0	0
AF	0	0.255153	2	2	0	0	0	0	0
AF	0	0.267333	2	2	0	0	0	0	0
AF	0	0.267645	4	3	1	0	0	0	0
AF	0	0.267958	2	1	1	0	0	0	0
AF	0	0.268270	2	2	0	0	0	0	0
AF	0	0.270144	1	1	0	0	0	0	0
AF	0	0.271393	3	2	1	0	0	0	0
AF	0	0.273267	1	0	1	0	0	0	0
AF	0	0.275141	1	1	0	0	0	0	0
AF	0	0.275453	1	1	0	0	0	0	0
AF	0	0.275765	1	0	1	0	0	0	0
AF	0	0.276077	1	1	0	0	0	0	0
AF	0	0.277014	1	1	0	0	0	0	0
AF	0	0.277327	1	0	1	0	0	0	0
AF	0	0.277639	2	2	0	0	0	0	0
AF	0	0.278576	2	1	1	0	0	0	0
AF	0	0.280137	4	4	0	0	0	0	0
AF	0	0.280762	2	2	0	0	0	0	0
AF	0	0.281699	1	0	1	0	0	0	0
AF	0	0.282011	3	3	0	0	0	0	0
AF	0	0.282636	1	1	0	0	0	0	0
AF	0	0.283885	2	2	0	0	0	0	0
AF	0	0.284510	1	1	0	0	0	0	0
AF	0	0.285134	1	0	1	0	0	0	0
AF	0	0.289194	1	0	1	0	0	0	0
AF	0	0.289507	1	0	1	0	0	0	0
AF	0	0.289819	1	1	0	0	0	0	0
AF	0	0.292630	2	2	0	0	0	0	0
AF	0	0.295128	1	1	0	0	0	0	0
AF	0	0.297002	2	2	0	0	0	0	0
AF	0	0.297314	1	1	0	0	0	0	0
AF	0	0.297939	1	0	1	0	0	0	0
AF	0	0.298251	1	1	0	0	0	0	0
AF	0	0.298876	1	0	1	0	0	0	0
AF	0	0.299813	1	1	0	0	0	0	0
AF	0	0.301374	1	1	0	0	0	0	0
AF	0	0.301999	1	1	0	0	0	0	0
AF	0	0.303248	1	1	0	0	0	0	0
AF	0	0.304497	1	0	1	0	0	0	0
AF	0	0.305434	1	1	0	0	0	0	0
AF	0	0.306996	1	0	1	0	0	0	0
AF	0	0.307308	1	0	1	0	0	0	0
AF	0	0.307620	1	0	1	0	0	0	0
AF	0	0.308869	2	2	0	0	0	0	0
AF	0	0.310119	2	0	2	0	0	0	0
AF	0	0.310743	1	1	0	0	0	0	0
AF	0	0.312617	1	1	0	0	0	0	0
AF	0	0.312929	1	0	1	0	0	0	0
AF	0	0.313242	3	2	1	0	0	0	0
AF	0	0.313866	1	1	0	0	0	0	0
AF	0	0.314179	1	1	0	0	0	0	0
AF	0	0.314803	1	1	0	0	0	0	0
AF	0	0.315116	8	4	4	0	0	0	0
AF	0	0.315428	2	1	1	0	0	0	0
AF	0	0.315740	9	9	0	0	0	0	0
AF	0	0.316365	1	0	1	0	0	0	0
AF	0	0.316989	1	0	1	0	0	0	0
AF	0	0.317614	1	1	0	0	0	0	0
AF	0	0.318551	2	1	1	0	0	0	0
AF	0	0.318863	3	3	0	0	0	0	0
AF	0	0.319176	1	0	1	0	0	0	0
AF	0	0.319488	3	2	1	0	0	0	0
AF	0	0.319800	2	2	0	0	0	0	0
AF	0	0.320425	2	2	0	0	0	0	0
AF	0	0.320737	1	1	0	0	0	0	0
AF	0	0.321049	1	1	0	0	0	0	0
AF	0	0.321362	1	1	0	0	0	0	0
AF	0	0.321674	3	2	1	0	0	0	0
AF	0	0.321986	16	9	7	0	0	0	0
AF	0	0.322299	11	7	4	0	0	0	0
AF	0	0.322611	10	6	4	0	0	0	0
AF	0	0.322923	2	2	0	0	0	0	0
AF	0	0.323235	2	2	0	0	0	0	0
AF	0	0.323548	1	0	1	0	0	0	0
AF	0	0.323860	3	2	1	0	0	0	0
AF	0	0.324172	1	1	0	0	0	0	0
AF	0	0.324485	1	1	0	0	0	0	0
AF	0	0.325109	1	0	1	0	0	0	0
AF	0	0.325734	1	1	0	0	0	0	0
AF	0	0.326359	3	0	3	0	0	0	0
AF	0	0.326671	5	4	1	0	0	0	0
AF	0	0.326983	8	4	4	0	0	0	0
AF	0	0.327295	7	5	2	0	0	0	0
AF	0	0.327608	6	5	1	0	0	0	0
AF	0	0.327920	2	2	0	0	0	0	0
AF	0	0.328232	5	2	3	0	0	0	0
AF	0	0.328545	2	0	2	0	0	0	0
AF	0	0.328857	4	2	2	0	0	0	0
AF	0	0.329169	5	3	2	0	0	0	0
AF	0	0.329482	10	6	4	0	0	0	0
AF	0	0.329794	5	3	2	0	0	0	0
AF	0	0.330106	9	6	3	0	0	0	0
AF	0	0.330418	3	3	0	0	0	0	0
AF	0	0.330731	2	2	0	0	0	0	0
AF	0	0.331355	2	2	0	0	0	0	0
AF	0	0.331668	1	0	1	0	0	0	0
AF	0	0.333229	2	0	2	0	0	0	0
AF	0	0.334166	1	0	1	0	0	0	0
AF	0	0.337289	1	1	0	0	0	0	0
AF	0	0.340412	1	1	0	0	0	0	0
AF	0	0.341661	1	1	0	0	0	0	0
AF	0	0.343535	1	1	0	0	0	0	0
AF	0	0.344785	1	0	1	0	0	0	0
AF	0	0.345721	1	0	1	0	0	0	0
AF	0	0.346034	2	0	2	0	0	0	0
AF	0	0.347283	2	2	0	0	0	0	0
AF	0	0.348220	1	0	1	0	0	0	0
AF	0	0.348844	1	0	1	0	0	0	0
AF	0	0.349469	1	0	1	0	0	0	0
AF	0	0.349781	1	1	0	0	0	0	0
AF	0	0.350094	1	0	1	0	0	0	0
AF	0	0.350406	1	1	0	0	0	0	0
AF	0	0.351031	1	0	1	0	0	0	0
AF	0	0.351655	1	1	0	0	0	0	0
AF	0	0.352280	1	1	0	0	0	0	0
AF	0	0.352592	1	1	0	0	0	0	0
AF	0	0.352904	1	0	1	0	0	0	0
AF	0	0.353217	1	0	1	0	0	0	0
AF	0	0.354778	2	0	2	0	0	0	0
AF	0	0.355091	3	1	2	0	0	0	0
AF	0	0.355403	4	3	1	0	0	0	0
AF	0	0.355715	5	4	1	0	0	0	0
AF	0	0.356027	1	0	1	0	0	0	0
AF	0	0.356652	1	1	0	0	0	0	0
AF	0	0.357277	3	1	2	0	0	0	0
AF	0	0.357589	2	2	0	0	0	0	0
AF	0	0.357901	5	3	2	0	0	0	0
AF	0	0.358526	7	6	1	0	0	0	0
AF	0	0.358838	5	3	2	0	0	0	0
AF	0	0.359151	64	37	27	0	0	0	0
AF	0	0.359463	31	24	7	0	0	0	0
AF	0	0.359775	20	14	6	0	0	0	0
AF	0	0.360087	4	3	1	0	0	0	0
AF	0	0.360400	9	4	5	0	0	0	0
AF	0	0.360712	4	4	0	0	0	0	0
AF	0	0.361024	1	1	0	0	0	0	0
AF	0	0.361961	1	1	0	0	0	0	0
AF	0	0.362274	1	1	0	0	0	0	0
AF	0	0.362898	1	1	0	0	0	0	0
AF	0	0.363210	2	0	2	0	0	0	0
AF	0	0.363523	2	0	2	0	0	0	0
AF	0	0.363835	2	0	2	0	0	0	0
AF	0	0.364147	5	5	0	0	0	0	0
AF	0	0.364460	2	2	0	0	0	0	0
AF	0	0.364772	8	5	3	0	0	0	0
AF	0	0.365084	2	2	0	0	0	0	0
AF	0	0.365397	3	1	2	0	0	0	0
AF	0	0.366334	2	1	1	0	0	0	0
AF	0	0.367583	1	1	0	0	0	0	0
AF	0	0.368520	3	2	1	0	0	0	0
AF	0	0.368832	2	2	0	0	0	0	0
AF	0	0.369144	2	2	0	0	0	0	0
AF	0	0.369457	1	0	1	0	0	0	0
AF	0	0.370706	1	1	0	0	0	0	0
AF	0	0.372267	2	1	1	0	0	0	0
AF	0	0.374766	2	2	0	0	0	0	0
AF	0	0.376015	1	0	1	0	0	0	0
AF	0	0.376327	2	1	1	0	0	0	0
AF	0	0.379763	1	1	0	0	0	0	0
AF	0	0.382886	5	4	1	0	0	0	0
AF	0	0.384447	1	0	1	0	0	0	0
AF	0	0.384760	1	1	0	0	0	0	0
AF	0	0.385072	2	2	0	0	0	0	0
AF	0	0.385384	2	2	0	0	0	0	0
AF	0	0.385696	1	1	0	0	0	0	0
AF	0	0.386009	2	2	0	0	0	0	0
AF	0	0.386321	1	1	0	0	0	0	0
AF	0	0.386633	2	1	1	0	0	0	0
AF	0	0.387258	3	3	0	0	0	0	0
AF	0	0.387883	3	2	1	0	0	0	0
AF	0	0.388195	3	2	1	0	0	0	0
AF	0	0.388507	5	3	2	0	0	0	0
AF	0	0.389756	1	0	1	0	0	0	0
AF	0	0.390381	2	1	1	0	0	0	0
AF	0	0.394441	1	1	0	0	0	0	0
AF	0	0.397252	3	2	1	0	0	0	0
AF	0	0.397564	2	1	1	0	0	0	0
AF	0	0.397876	9	7	2	0	0	0	0
AF	0	0.398189	2	2	0	0	0	0	0
AF	0	0.398501	3	3	0	0	0	0	0
AF	0	0.398813	4	3	1	0	0	0	0
AF	0	0.399126	9	7	2	0	0	0	0
AF	0	0.399438	2	1	1	0	0	0	0
AF	0	0.399750	1	1	0	0	0	0	0
AF	0	0.400062	1	0	1	0	0	0	0
AF	0	0.400375	3	3	0	0	0	0	0
AF	0	0.400687	1	1	0	0	0	0	0
AF	0	0.400999	2	2	0	0	0	0	0
AF	0	0.401624	1	0	1	0	0	0	0
AF	0	0.402249	2	2	0	0	0	0	0
AF	0	0.402561	1	1	0	0	0	0	0
AF	0	0.402873	2	1	1	0	0	0	0
AF	0	0.403186	3	2	1	0	0	0	0
AF	0	0.403498	1	1	0	0	0	0	0
AF	0	0.403810	1	1	0	0	0	0	0
AF	0	0.405059	1	1	0	0	0	0	0
AF	0	0.405372	3	3	0	0	0	0	0
AF	0	0.405684	1	1	0	0	0	0	0
AF	0	0.405996	2	2	0	0	0	0	0
AF	0	0.406621	1	1	0	0	0	0	0
AF	0	0.407870	1	1	0	0	0	0	0
AF	0	0.408495	1	1	0	0	0	0	0
AF	0	0.409119	1	1	0	0	0	0	0
AF	0	0.409744	1	1	0	0	0	0	0
AF	0	0.411305	1	1	0	0	0	0	0
AF	0	0.412242	1	1	0	0	0	0	0
AF	0	0.412555	2	0	2	0	0	0	0
AF	0	0.413179	1	0	1	0	0	0	0
AF	0	0.414116	1	0	1	0	0	0	0
AF	0	0.414428	1	0	1	0	0	0	0
AF	0	0.414741	1	1	0	0	0	0	0
AF	0	0.419113	1	1	0	0	0	0	0
AF	0	0.422236	1	1	0	0	0	0	0
AF	0	0.424110	1	1	0	0	0	0	0
AF	0	0.424735	1	1	0	0	0	0	0
AF	0	0.425359	1	0	1	0	0	0	0
AF	0	0.425984	1	1	0	0	0	0	0
AF	0	0.427233	3	2	1	0	0	0	0
AF	0	0.427858	1	0	1	0	0	0	0
AF	0	0.428482	1	1	0	0	0	0	0
AF	0	0.428795	1	1	0	0	0	0	0
AF	0	0.429107	2	0	2	0	0	0	0
AF	0	0.429419	1	1	0	0	0	0	0
AF	0	0.429731	1	1	0	0	0	0	0
AF	0	0.430044	1	1	0	0	0	0	0
AF	0	0.430356	1	1	0	0	0	0	0
AF	0	0.430668	1	1	0	0	0	0	0
AF	0	0.432230	1	0	1	0	0	0	0
AF	0	0.434104	2	2	0	0	0	0	0
AF	0	0.434728	1	0	1	0	0	0	0
AF	0	0.442848	1	1	0	0	0	0	0
AF	0	0.445347	3	2	1	0	0	0	0
AF	0	0.446908	1	1	0	0	0	0	0
AF	0	0.447220	1	1	0	0	0	0	0
AF	0	0.447533	1	0	1	0	0	0	0
AF	0	0.447845	2	1	1	0	0	0	0
AF	0	0.448157	2	2	0	0	0	0	0
AF	0	0.449407	1	0	1	0	0	0	0
AF	0	0.457214	1	0	1	0	0	0	0
AF	0	0.457527	1	0	1	0	0	0	0
AF	0	0.457839	3	3	0	0	0	0	0
AF	0	0.458151	4	3	1	0	0	0	0
AF	0	0.458463	2	2	0	0	0	0	0
AF	0	0.458776	4	4	0	0	0	0	0
AF	0	0.459400	1	0	1	0	0	0	0
AF	0	0.460650	2	1	1	0	0	0	0
AF	0	0.461274	1	1	0	0	0	0	0
AF	0	0.463773	1	0	1	0	0	0	0
AF	0	0.465646	1	0	1	0	0	0	0
AF	0	0.466271	1	1	0	0	0	0	0
AF	0	0.466896	1	1	0	0	0	0	0
AF	0	0.467833	1	0	1	0	0	0	0
AF	0	0.473142	1	1	0	0	0	0	0
AF	0	0.475953	3	2	1	0	0	0	0
AF	0	0.476889	5	3	2	0	0	0	0
AF	0	0.477514	1	0	1	0	0	0	0
AF	0	0.478139	1	1	0	0	0	0	0
AF	0	0.480012	1	1	0	0	0	0	0
AF	0	0.483448	1	1	0	0	0	0	0
AF	0	0.484385	2	1	1	0	0	0	0
AF	0	0.485322	1	0	1	0	0	0	0
AF	0	0.485946	1	1	0	0	0	0	0
AF	0	0.486259	2	2	0	0	0	0	0
AF	0	0.486883	1	1	0	0	0	0	0
AF	0	0.488757	4	3	1	0	0	0	0
AF	0	0.493754	1	0	1	0	0	0	0
AF	0	0.501874	1	0	1	0	0	0	0
AF	0	0.502498	1	1	0	0	0	0	0
AF	0	0.502811	1	1	0	0	0	0	0
AF	0	0.503123	1	1	0	0	0	0	0
AF	0	0.505934	1	0	1	0	0	0	0
AF	0	0.506871	1	0	1	0	0	0	0
AF	0	0.508120	1	1	0	0	0	0	0
AF	0	0.511243	3	3	0	0	0	0	0
AF	0	0.512180	1	0	1	0	0	0	0
AF	0	0.512492	1	1	0	0	0	0	0
AF	0	0.514991	1	0	1	0	0	0	0
AF	0	0.515615	1	1	0	0	0	0	0
AF	0	0.516240	1	1	0	0	0	0	0
AF	0	0.524984	1	1	0	0	0	0	0
AF	0	0.527483	1	0	1	0	0	0	0
AF	0	0.527795	1	0	1	0	0	0	0
AF	0	0.528107	1	1	0	0	0	0	0
AF	0	0.528420	1	1	0	0	0	0	0
AF	0	0.528732	1	0	1	0	0	0	0
AF	0	0.529357	3	2	1	0	0	0	0
AF	0	0.529669	1	0	1	0	0	0	0
AF	0	0.538726	1	1	0	0	0	0	0
AF	0	0.540600	1	1	0	0	0	0	0
AF	0	0.541537	3	2	1	0	0	0	0
AF	0	0.541849	1	0	1	0	0	0	0
AF	0	0.548095	1	0	1	0	0	0	0
AF	0	0.548720	1	0	1	0	0	0	0
AF	0	0.552155	2	1	1	0	0	0	0
AF	0	0.552467	1	0	1	0	0	0	0
AF	0	0.552780	1	1	0	0	0	0	0
AF	0	0.553092	4	2	2	0	0	0	0
AF	0	0.553404	1	1	0	0	0	0	0
AF	0	0.554029	1	1	0	0	0	0	0
AF	0	0.558401	1	0	1	0	0	0	0
AF	0	0.560275	1	0	1	0	0	0	0
AF	0	0.560899	4	3	1	0	0	0	0
AF	0	0.561212	1	1	0	0	0	0	0
AF	0	0.561524	1	1	0	0	0	0	0
AF	0	0.562773	1	1	0	0	0	0	0
AF	0	0.563086	1	0	1	0	0	0	0
AF	0	0.563710	1	1	0	0	0	0	0
AF	0	0.567770	1	1	0	0	0	0	0
AF	0	0.568082	1	1	0	0	0	0	0
AF	0	0.568395	1	1	0	0	0	0	0
AF	0	0.568707	1	1	0	0	0	0	0
AF	0	0.570269	1	0	1	0	0	0	0
AF	0	0.570893	1	0	1	0	0	0	0
AF	0	0.573704	1	0	1	0	0	0	0
AF	0	0.575578	1	1	0	0	0	0	0
AF	0	0.575890	2	2	0	0	0	0	0
AF	0	0.579325	1	0	1	0	0	0	0
AF	0	0.579638	3	2	1	0	0	0	0
AF	0	0.582136	2	2	0	0	0	0	0
AF	0	0.584010	2	1	1	0	0	0	0
AF	0	0.584635	1	1	0	0	0	0	0
AF	0	0.585259	1	1	0	0	0	0	0
AF	0	0.588382	1	1	0	0	0	0	0
AF	0	0.588695	1	0	1	0	0	0	0
AF	0	0.589007	1	0	1	0	0	0	0
AF	0	0.591193	1	1	0	0	0	0	0
AF	0	0.592130	1	0	1	0	0	0	0
AF	0	0.595253	2	1	1	0	0	0	0
AF	0	0.595565	1	1	0	0	0	0	0
AF	0	0.595878	1	1	0	0	0	0	0
AF	0	0.596502	1	1	0	0	0	0	0
AF	0	0.597751	4	3	1	0	0	0	0
AF	0	0.598064	1	0	1	0	0	0	0
AF	0	0.598376	3	2	1	0	0	0	0
AF	0	0.598688	2	1	1	0	0	0	0
AF	0	0.599001	1	1	0	0	0	0	0
AF	0	0.599313	1	0	1	0	0	0	0
AF	0	0.600562	1	0	1	0	0	0	0
AF	0	0.600874	1	0	1	0	0	0	0
AF	0	0.602436	1	1	0	0	0	0	0
AF	0	0.602748	1	1	0	0	0	0	0
AF	0	0.603998	2	1	1	0	0	0	0
AF	0	0.604310	1	1	0	0	0	0	0
AF	0	0.605871	1	0	1	0	0	0	0
AF	0	0.606184	1	1	0	0	0	0	0
AF	0	0.608057	1	1	0	0	0	0	0
AF	0	0.609619	1	0	1	0	0	0	0
AF	0	0.610868	1	0	1	0	0	0	0
AF	0	0.611181	1	1	0	0	0	0	0
AF	0	0.611493	2	1	1	0	0	0	0
AF	0	0.612117	3	3	0	0	0	0	0
AF	0	0.612742	1	1	0	0	0	0	0
AF	0	0.613991	1	1	0	0	0	0	0
AF	0	0.614616	1	1	0	0	0	0	0
AF	0	0.614928	1	1	0	0	0	0	0
AF	0	0.615240	1	1	0	0	0	0	0
AF	0	0.615865	1	1	0	0	0	0	0
AF	0	0.624922	1	0	1	0	0	0	0
AF	0	0.625234	2	2	0	0	0	0	0
AF	0	0.626483	1	1	0	0	0	0	0
AF	0	0.627420	1	1	0	0	0	0	0
AF	0	0.628357	1	1	0	0	0	0	0
AF	0	0.629606	1	1	0	0	0	0	0
AF	0	0.629919	1	1	0	0	0	0	0
AF	0	0.630231	3	2	1	0	0	0	0
AF	0	0.631480	2	1	1	0	0	0	0
AF	0	0.643660	1	1	0	0	0	0	0
AF	0	0.662399	2	2	0	0	0	0	0
AF	0	0.662711	2	2	0	0	0	0	0
AF	0	0.663023	4	3	1	0	0	0	0
AF	0	0.663335	4	3	1	0	0	0	0
AF	0	0.663648	1	1	0	0	0	0	0
AF	0	0.663960	3	2	1	0	0	0	0
AF	0	0.664272	3	2	1	0	0	0	0
AF	0	0.664585	9	8	1	0	0	0	0
AF	0	0.664897	4	2	2	0	0	0	0
AF	0	0.665209	10	6	4	0	0	0	0
AF	0	0.665522	3	1	2	0	0	0	0
AF	0	0.665834	11	9	2	0	0	0	0
AF	0	0.666146	3	2	1	0	0	0	0
AF	0	0.666458	3	1	2	0	0	0	0
AF	0	0.666771	4	4	0	0	0	0	0
AF	0	0.667395	1	0	1	0	0	0	0
AF	0	0.668020	1	0	1	0	0	0	0
AF	0	0.669269	1	1	0	0	0	0	0
AF	0	0.673954	1	1	0	0	0	0	0
AF	0	0.675515	1	0	1	0	0	0	0
AF	0	0.675828	1	1	0	0	0	0	0
AF	0	0.676140	1	1	0	0	0	0	0
AF	0	0.688007	1	0	1	0	0	0	0
AF	0	0.688320	1	0	1	0	0	0	0
AF	0	0.688632	1	1	0	0	0	0	0
AF	0	0.694254	1	0	1	0	0	0	0
AF	0	0.694566	1	0	1	0	0	0	0
AF	0	0.703310	1	1	0	0	0	0	0
AF	0	0.707370	1	1	0	0	0	0	0
AF	0	0.709869	1	1	0	0	0	0	0
AF	0	0.721112	2	1	1	0	0	0	0
AF	0	0.722361	1	0	1	0	0	0	0
AF	0	0.722986	2	1	1	0	0	0	0
AF	0	0.723298	1	0	1	0	0	0	0
AF	0	0.723610	1	1	0	0	0	0	0
AF	0	0.724235	1	1	0	0	0	0	0
AF	0	0.725172	1	1	0	0	0	0	0
AF	0	0.727670	1	1	0	0	0	0	0
AF	0	0.728607	2	2	0	0	0	0	0
AF	0	0.761711	1	0	1	0	0	0	0
AF	0	0.762024	1	1	0	0	0	0	0
AF	0	0.766708	1	1	0	0	0	0	0
AF	0	0.770144	1	1	0	0	0	0	0
AF	0	0.771081	1	1	0	0	0	0	0
AF	0	0.772330	1	0	1	0	0	0	0
AF	0	0.777327	2	1	1	0	0	0	0
AF	0	0.778576	2	0	2	0	0	0	0
AF	0	0.779200	1	1	0	0	0	0	0
AF	0	0.787945	1	0	1	0	0	0	0
AF	0	0.792942	1	1	0	0	0	0	0
AF	0	0.798251	2	1	1	0	0	0	0
AF	0	0.802936	1	0	1	0	0	0	0
AF	0	0.803248	1	1	0	0	0	0	0
AF	0	0.804497	1	1	0	0	0	0	0
AF	0	0.805122	2	2	0	0	0	0	0
AF	0	0.805746	1	1	0	0	0	0	0
AF	0	0.806059	1	1	0	0	0	0	0
AF	0	0.806371	1	1	0	0	0	0	0
AF	0	0.807308	1	1	0	0	0	0	0
AF	0	0.815116	1	1	0	0	0	0	0
AF	0	0.816989	1	1	0	0	0	0	0
AF	0	0.817302	1	1	0	0	0	0	0
AF	0	0.817614	1	1	0	0	0	0	0
AF	0	0.821049	1	1	0	0	0	0	0
AF	0	0.821362	1	1	0	0	0	0	0
AF	0	0.829482	2	1	1	0	0	0	0
AF	0	0.832605	1	0	1	0	0	0	0
AF	0	0.834478	1	0	1	0	0	0	0
AF	0	0.835103	1	0	1	0	0	0	0
AF	0	0.837601	1	0	1	0	0	0	0
AF	0	0.839163	1	1	0	0	0	0	0
AF	0	0.846034	1	1	0	0	0	0	0
AF	0	0.847595	1	0	1	0	0	0	0
AF	0	0.848220	1	1	0	0	0	0	0
AF	0	0.850094	2	2	0	0	0	0	0
AF	0	0.850718	1	1	0	0	0	0	0
AF	0	0.851343	1	1	0	0	0	0	0
AF	0	0.851968	2	2	0	0	0	0	0
AF	0	0.852592	1	0	1	0	0	0	0
AF	0	0.852904	1	1	0	0	0	0	0
AF	0	0.853217	3	0	3	0	0	0	0
AF	0	0.853529	2	1	1	0	0	0	0
AF	0	0.853841	2	1	1	0	0	0	0
AF	0	0.854154	1	0	1	0	0	0	0
AF	0	0.854466	3	2	1	0	0	0	0
AF	0	0.855091	2	1	1	0	0	0	0
AF	0	0.855715	2	2	0	0	0	0	0
AF	0	0.858838	1	0	1	0	0	0	0
AF	0	0.859463	1	1	0	0	0	0	0
AF	0	0.861649	1	1	0	0	0	0	0
AF	0	0.861961	1	0	1	0	0	0	0
AF	0	0.862274	2	2	0	0	0	0	0
AF	0	0.862586	1	1	0	0	0	0	0
AF	0	0.862898	1	1	0	0	0	0	0
AF	0	0.863210	3	3	0	0	0	0	0
AF	0	0.866958	1	0	1	0	0	0	0
AF	0	0.873829	1	1	0	0	0	0	0
AF	0	0.875390	3	1	2	0	0	0	0
AF	0	0.875703	3	3	0	0	0	0	0
AF	0	0.876015	1	0	1	0	0	0	0
AF	0	0.876327	5	2	3	0	0	0	0
AF	0	0.876640	3	2	1	0	0	0	0
AF	0	0.876952	1	1	0	0	0	0	0
AF	0	0.877889	2	2	0	0	0	0	0
AF	0	0.881012	1	1	0	0	0	0	0
AF	0	0.881949	1	0	1	0	0	0	0
AF	0	0.885072	2	0	2	0	0	0	0
AF	0	0.889132	1	1	0	0	0	0	0
AF	0	0.890381	1	1	0	0	0	0	0
AF	0	0.894129	1	1	0	0	0	0	0
AF	0	0.903498	5	4	1	0	0	0	0
AF	0	0.903810	2	2	0	0	0	0	0
AF	0	0.904122	3	3	0	0	0	0	0
AF	0	0.904747	2	2	0	0	0	0	0
AF	0	0.906309	1	1	0	0	0	0	0
AF	0	0.906621	5	5	0	0	0	0	0
AF	0	0.906933	4	3	1	0	0	0	0
AF	0	0.907558	1	1	0	0	0	0	0
AF	0	0.919738	1	1	0	0	0	0	0
AF	0	0.922861	1	0	1	0	0	0	0
AF	0	0.925984	1	1	0	0	0	0	0
AF	0	0.928795	3	3	0	0	0	0	0
AF	0	0.930668	1	1	0	0	0	0	0
AF	0	0.931293	1	0	1	0	0	0	0
AF	0	0.931918	2	2	0	0	0	0	0
AF	0	0.939413	1	1	0	0	0	0	0
AF	0	0.940037	1	1	0	0	0	0	0
AF	0	0.941599	1	1	0	0	0	0	0
AF	0	0.943785	1	0	1	0	0	0	0
AF	0	0.946596	1	1	0	0	0	0	0
AF	0	0.958463	1	1	0	0	0	0	0
AF	0	0.958776	1	1	0	0	0	0	0
AF	0	0.959088	6	4	2	0	0	0	0
AF	0	0.959400	4	3	1	0	0	0	0
AF	0	0.961587	1	0	1	0	0	0	0
AF	0	0.971580	1	1	0	0	0	0	0
AF	0	0.971893	1	0	1	0	0	0	0
AF	0	0.972205	1	0	1	0	0	0	0
AF	0	0.972517	1	0	1	0	0	0	0
AF	0	0.972829	1	1	0	0	0	0	0
AF	0	0.973454	1	1	0	0	0	0	0
AF	0	0.977202	1	0	1	0	0	0	0
AF	0	0.977514	1	1	0	0	0	0	0
AF	0	0.985322	1	1	0	0	0	0	0
AF	0	0.985634	1	1	0	0	0	0	0
AF	0	0.986883	1	1	0	0	0	0	0
AF	0	0.988757	2	2	0	0	0	0	0
AF	0	0.990319	1	1	0	0	0	0	0
AF	0	0.990943	1	1	0	0	0	0	0
AF	0	0.991880	1	0	1	0	0	0	0
AF	0	0.992192	4	3	1	0	0	0	0
AF	0	0.994379	1	1	0	0	0	0	0
AF	0	0.994691	1	1	0	0	0	0	0
AF	0	0.996252	1	1	0	0	0	0	0
AF	0	0.997189	3	3	0	0	0	0	0
AF	0	0.998438	1	0	1	0	0	0	0
AF	0	0.998751	2	1	1	0	0	0	0
# QUAL, Stats by quality
# QUAL	[2]id	[3]Quality	[4]number of SNPs	[5]number of transitions (1st ALT)	[6]number of transversions (1st ALT)	[7]number of indels
QUAL	0	.	14517	9872	4645	0
# IDD, InDel distribution:
# IDD	[2]id	[3]length (deletions negative)	[4]number of sites	[5]number of genotypes	[6]mean VAF
# ST, Substitution types:
# ST	[2]id	[3]type	[4]count
ST	0	A>C	507
ST	0	A>G	1908
ST	0	A>T	493
ST	0	C>A	747
ST	0	C>G	565
ST	0	C>T	2915
ST	0	G>A	2909
ST	0	G>C	568
ST	0	G>T	687
ST	0	T>A	542
ST	0	T>C	2140
ST	0	T>G	536
# DP, Depth distribution
# DP	[2]id	[3]bin	[4]number of genotypes	[5]fraction of genotypes (%)	[6]number of sites	[7]fraction of sites (%)
  - Fix haploid genotypes in males...

Submit MakeDiploidMalesX finished successfully. Let's have a beer, buddy!

