Submit MakeDiploidMalesX
version 1.1.6 (2024-09-30)

These are the settings:
  Input file................: /hpc/local/Rocky8/dhl_ec/software/MonopogenLite/resources/1kGP_high_coverage_Illumina.SNVonly_poly.filtered_AF_5e-04.norm.fixvariantid.chrX.vcf.gz
  Output file...............: /hpc/local/Rocky8/dhl_ec/software/MonopogenLite/resources/1kGP_high_coverage_Illumina.SNVonly_poly.filtered_AF_5e-04.norm.fixvariantid.makediploid.chrX.vcf.gz
  Chunk size................: 100

  SLURM CPUs................: 4
  SLURM Array ID............: 32 (of 100)
  SLURM memory..............: 16G
  SLURM time................: 01:00:00
  SLURM mail type...........: FAIL
  SLURM mail user...........: s.w.vanderlaan-2@umcutrecht.nl

  Dry run mode..............: 0
  Debug mode................: 1
  Verbosity.................: 0
  Version...................: 1.1.6 (2024-09-30)

Making converting haploid genotypes to diploid genotypes.
> Extract the region for this SLURM task (# 32) from the BED file.
  - Get the chunk number from the SLURM array task ID and the bed file...
DEBUG: Extracting chunk number: 32p from 32
DEBUG: Extracting region from BED file: /hpc/local/Rocky8/dhl_ec/software/MonopogenLite/resources/chrX_100pieces.bed
  - Extract the region from the BED file...
DEBUG: Extracted raw region: 'chrX	48372649	49933056' (chunk #: 32p of 100 for job 32)
  - Check if a valid region was extracted -- should be 'chrX	48372649	49933056'...
  - Prepare the region for bcftools...
  - Check if the region (chrX:48372649-49933056) was successfully extracted...
> Processing region 'chrX:48372649-49933056'...
  - Process the specific region (chunk# 32) using bcftools view...
  - Index the VCF file...
DEBUG: Check if the VCF file was successfully processed...
##fileformat=VCFv4.2
##FILTER=<ID=PASS,Description="All filters passed">
##fileDate=29/01/2022 - 14:31:41
##source=shapeit4.2.2
##contig=<ID=chr1,length=248956422>
##contig=<ID=chr2,length=242193529>
##contig=<ID=chr3,length=198295559>
##contig=<ID=chr4,length=190214555>
##contig=<ID=chr5,length=181538259>
##contig=<ID=chr6,length=170805979>
# This file was produced by bcftools stats (1.20+htslib-1.20) and can be plotted using plot-vcfstats.
# The command line was:	bcftools stats  /hpc/local/Rocky8/dhl_ec/software/MonopogenLite/resources/chrX.part32.vcf.gz
#
# Definition of sets:
# ID	[2]id	[3]tab-separated file names
ID	0	/hpc/local/Rocky8/dhl_ec/software/MonopogenLite/resources/chrX.part32.vcf.gz
# SN, Summary numbers:
#   number of records   .. number of data rows in the VCF
#   number of no-ALTs   .. reference-only sites, ALT is either "." or identical to REF
#   number of SNPs      .. number of rows with a SNP
#   number of MNPs      .. number of rows with a MNP, such as CC>TT
#   number of indels    .. number of rows with an indel
#   number of others    .. number of rows with other type, for example a symbolic allele or
#                          a complex substitution, such as ACT>TCGA
#   number of multiallelic sites     .. number of rows with multiple alternate alleles
#   number of multiallelic SNP sites .. number of rows with multiple alternate alleles, all SNPs
# 
#   Note that rows containing multiple types will be counted multiple times, in each
#   counter. For example, a row with a SNP and an indel increments both the SNP and
#   the indel counter.
# 
# SN	[2]id	[3]key	[4]value
SN	0	number of samples:	3202
SN	0	number of records:	10605
SN	0	number of no-ALTs:	0
SN	0	number of SNPs:	10605
SN	0	number of MNPs:	0
SN	0	number of indels:	0
SN	0	number of others:	0
SN	0	number of multiallelic sites:	0
SN	0	number of multiallelic SNP sites:	0
# TSTV, transitions/transversions:
# TSTV	[2]id	[3]ts	[4]tv	[5]ts/tv	[6]ts (1st ALT)	[7]tv (1st ALT)	[8]ts/tv (1st ALT)
TSTV	0	7400	3205	2.31	7400	3205	2.31
# SiS, Singleton stats:
# SiS	[2]id	[3]allele count	[4]number of SNPs	[5]number of transitions	[6]number of transversions	[7]number of indels	[8]repeat-consistent	[9]repeat-inconsistent	[10]not applicable
SiS	0	1	0	0	0	0	0	0	0
# AF, Stats by non-reference allele frequency:
# AF	[2]id	[3]allele frequency	[4]number of SNPs	[5]number of transitions	[6]number of transversions	[7]number of indels	[8]repeat-consistent	[9]repeat-inconsistent	[10]not applicable
AF	0	0.000312	1862	1288	574	0	0	0	0
AF	0	0.000625	1145	801	344	0	0	0	0
AF	0	0.000937	1200	843	357	0	0	0	0
AF	0	0.001249	435	295	140	0	0	0	0
AF	0	0.001562	606	440	166	0	0	0	0
AF	0	0.001874	205	157	48	0	0	0	0
AF	0	0.002186	406	284	122	0	0	0	0
AF	0	0.002498	159	120	39	0	0	0	0
AF	0	0.002811	306	203	103	0	0	0	0
AF	0	0.003123	141	99	42	0	0	0	0
AF	0	0.003435	198	138	60	0	0	0	0
AF	0	0.003748	113	84	29	0	0	0	0
AF	0	0.004060	142	106	36	0	0	0	0
AF	0	0.004372	71	49	22	0	0	0	0
AF	0	0.004685	119	84	35	0	0	0	0
AF	0	0.004997	71	50	21	0	0	0	0
AF	0	0.005309	86	63	23	0	0	0	0
AF	0	0.005621	71	57	14	0	0	0	0
AF	0	0.005934	100	67	33	0	0	0	0
AF	0	0.006246	52	36	16	0	0	0	0
AF	0	0.006558	124	86	38	0	0	0	0
AF	0	0.006871	54	41	13	0	0	0	0
AF	0	0.007183	108	80	28	0	0	0	0
AF	0	0.007495	41	28	13	0	0	0	0
AF	0	0.007808	101	72	29	0	0	0	0
AF	0	0.008120	32	21	11	0	0	0	0
AF	0	0.008432	129	83	46	0	0	0	0
AF	0	0.008745	26	18	8	0	0	0	0
AF	0	0.009057	66	46	20	0	0	0	0
AF	0	0.009369	16	10	6	0	0	0	0
AF	0	0.009681	24	16	8	0	0	0	0
AF	0	0.009994	23	16	7	0	0	0	0
AF	0	0.010306	38	23	15	0	0	0	0
AF	0	0.010618	13	9	4	0	0	0	0
AF	0	0.010931	37	19	18	0	0	0	0
AF	0	0.011243	26	21	5	0	0	0	0
AF	0	0.011555	39	25	14	0	0	0	0
AF	0	0.011868	14	6	8	0	0	0	0
AF	0	0.012180	37	32	5	0	0	0	0
AF	0	0.012492	15	11	4	0	0	0	0
AF	0	0.012804	40	27	13	0	0	0	0
AF	0	0.013117	22	13	9	0	0	0	0
AF	0	0.013429	20	13	7	0	0	0	0
AF	0	0.013741	10	5	5	0	0	0	0
AF	0	0.014054	33	19	14	0	0	0	0
AF	0	0.014366	12	8	4	0	0	0	0
AF	0	0.014678	20	14	6	0	0	0	0
AF	0	0.014991	14	8	6	0	0	0	0
AF	0	0.015303	22	15	7	0	0	0	0
AF	0	0.015615	7	3	4	0	0	0	0
AF	0	0.015928	23	16	7	0	0	0	0
AF	0	0.016240	6	4	2	0	0	0	0
AF	0	0.016552	8	5	3	0	0	0	0
AF	0	0.016864	12	3	9	0	0	0	0
AF	0	0.017177	16	13	3	0	0	0	0
AF	0	0.017489	7	4	3	0	0	0	0
AF	0	0.017801	14	10	4	0	0	0	0
AF	0	0.018114	6	4	2	0	0	0	0
AF	0	0.018426	24	14	10	0	0	0	0
AF	0	0.018738	5	3	2	0	0	0	0
AF	0	0.019051	16	13	3	0	0	0	0
AF	0	0.019363	9	7	2	0	0	0	0
AF	0	0.019675	18	13	5	0	0	0	0
AF	0	0.019988	9	5	4	0	0	0	0
AF	0	0.020300	13	9	4	0	0	0	0
AF	0	0.020612	11	5	6	0	0	0	0
AF	0	0.020924	11	6	5	0	0	0	0
AF	0	0.021237	5	2	3	0	0	0	0
AF	0	0.021549	33	20	13	0	0	0	0
AF	0	0.021861	8	7	1	0	0	0	0
AF	0	0.022174	6	4	2	0	0	0	0
AF	0	0.022486	10	6	4	0	0	0	0
AF	0	0.022798	17	9	8	0	0	0	0
AF	0	0.023111	2	2	0	0	0	0	0
AF	0	0.023423	8	5	3	0	0	0	0
AF	0	0.023735	4	4	0	0	0	0	0
AF	0	0.024047	6	6	0	0	0	0	0
AF	0	0.024360	5	3	2	0	0	0	0
AF	0	0.024672	3	2	1	0	0	0	0
AF	0	0.024984	7	5	2	0	0	0	0
AF	0	0.025297	11	6	5	0	0	0	0
AF	0	0.025609	2	1	1	0	0	0	0
AF	0	0.025921	7	6	1	0	0	0	0
AF	0	0.026234	6	5	1	0	0	0	0
AF	0	0.026546	9	7	2	0	0	0	0
AF	0	0.026858	5	2	3	0	0	0	0
AF	0	0.027171	10	4	6	0	0	0	0
AF	0	0.027483	5	3	2	0	0	0	0
AF	0	0.027795	14	13	1	0	0	0	0
AF	0	0.028107	3	2	1	0	0	0	0
AF	0	0.028420	9	6	3	0	0	0	0
AF	0	0.028732	8	7	1	0	0	0	0
AF	0	0.029044	6	5	1	0	0	0	0
AF	0	0.029357	2	2	0	0	0	0	0
AF	0	0.029669	4	2	2	0	0	0	0
AF	0	0.029981	6	6	0	0	0	0	0
AF	0	0.030294	12	11	1	0	0	0	0
AF	0	0.030606	7	4	3	0	0	0	0
AF	0	0.030918	11	10	1	0	0	0	0
AF	0	0.031230	5	4	1	0	0	0	0
AF	0	0.031543	9	3	6	0	0	0	0
AF	0	0.031855	2	2	0	0	0	0	0
AF	0	0.032167	10	7	3	0	0	0	0
AF	0	0.032480	2	2	0	0	0	0	0
AF	0	0.032792	8	6	2	0	0	0	0
AF	0	0.033104	10	5	5	0	0	0	0
AF	0	0.033417	15	10	5	0	0	0	0
AF	0	0.034041	4	3	1	0	0	0	0
AF	0	0.034354	5	5	0	0	0	0	0
AF	0	0.034666	10	8	2	0	0	0	0
AF	0	0.034978	4	4	0	0	0	0	0
AF	0	0.035290	12	10	2	0	0	0	0
AF	0	0.035603	2	2	0	0	0	0	0
AF	0	0.035915	10	8	2	0	0	0	0
AF	0	0.036540	6	5	1	0	0	0	0
AF	0	0.036852	7	7	0	0	0	0	0
AF	0	0.037164	5	2	3	0	0	0	0
AF	0	0.037477	8	6	2	0	0	0	0
AF	0	0.037789	8	7	1	0	0	0	0
AF	0	0.038101	8	6	2	0	0	0	0
AF	0	0.038413	3	2	1	0	0	0	0
AF	0	0.038726	5	5	0	0	0	0	0
AF	0	0.039038	10	6	4	0	0	0	0
AF	0	0.039350	1	1	0	0	0	0	0
AF	0	0.039663	8	5	3	0	0	0	0
AF	0	0.039975	2	1	1	0	0	0	0
AF	0	0.040287	12	7	5	0	0	0	0
AF	0	0.040600	5	4	1	0	0	0	0
AF	0	0.040912	14	9	5	0	0	0	0
AF	0	0.041224	1	1	0	0	0	0	0
AF	0	0.041537	3	2	1	0	0	0	0
AF	0	0.041849	4	2	2	0	0	0	0
AF	0	0.042161	4	2	2	0	0	0	0
AF	0	0.042786	4	3	1	0	0	0	0
AF	0	0.043098	5	4	1	0	0	0	0
AF	0	0.043410	9	4	5	0	0	0	0
AF	0	0.044035	4	1	3	0	0	0	0
AF	0	0.044347	1	1	0	0	0	0	0
AF	0	0.044660	3	2	1	0	0	0	0
AF	0	0.044972	1	1	0	0	0	0	0
AF	0	0.045284	5	2	3	0	0	0	0
AF	0	0.045597	1	1	0	0	0	0	0
AF	0	0.045909	1	1	0	0	0	0	0
AF	0	0.046221	3	2	1	0	0	0	0
AF	0	0.046533	2	1	1	0	0	0	0
AF	0	0.046846	3	1	2	0	0	0	0
AF	0	0.047158	5	4	1	0	0	0	0
AF	0	0.047470	1	0	1	0	0	0	0
AF	0	0.047783	3	3	0	0	0	0	0
AF	0	0.048095	2	2	0	0	0	0	0
AF	0	0.048407	4	1	3	0	0	0	0
AF	0	0.048720	1	0	1	0	0	0	0
AF	0	0.049032	6	4	2	0	0	0	0
AF	0	0.049344	4	4	0	0	0	0	0
AF	0	0.049656	1	1	0	0	0	0	0
AF	0	0.049969	3	1	2	0	0	0	0
AF	0	0.050281	2	2	0	0	0	0	0
AF	0	0.050593	5	4	1	0	0	0	0
AF	0	0.050906	1	1	0	0	0	0	0
AF	0	0.051218	1	1	0	0	0	0	0
AF	0	0.051530	4	2	2	0	0	0	0
AF	0	0.051843	6	3	3	0	0	0	0
AF	0	0.052155	5	5	0	0	0	0	0
AF	0	0.052467	1	0	1	0	0	0	0
AF	0	0.052780	1	0	1	0	0	0	0
AF	0	0.053716	1	0	1	0	0	0	0
AF	0	0.054029	3	2	1	0	0	0	0
AF	0	0.054653	2	2	0	0	0	0	0
AF	0	0.054966	1	1	0	0	0	0	0
AF	0	0.055278	1	1	0	0	0	0	0
AF	0	0.055903	5	5	0	0	0	0	0
AF	0	0.056527	4	3	1	0	0	0	0
AF	0	0.056839	1	1	0	0	0	0	0
AF	0	0.057152	2	2	0	0	0	0	0
AF	0	0.057464	2	2	0	0	0	0	0
AF	0	0.057776	2	0	2	0	0	0	0
AF	0	0.058089	1	1	0	0	0	0	0
AF	0	0.059026	3	2	1	0	0	0	0
AF	0	0.059338	2	1	1	0	0	0	0
AF	0	0.059650	6	4	2	0	0	0	0
AF	0	0.059963	1	1	0	0	0	0	0
AF	0	0.060587	1	1	0	0	0	0	0
AF	0	0.060899	2	2	0	0	0	0	0
AF	0	0.062461	1	1	0	0	0	0	0
AF	0	0.062773	1	1	0	0	0	0	0
AF	0	0.063086	1	1	0	0	0	0	0
AF	0	0.063398	1	1	0	0	0	0	0
AF	0	0.063710	1	1	0	0	0	0	0
AF	0	0.064335	1	1	0	0	0	0	0
AF	0	0.065272	1	1	0	0	0	0	0
AF	0	0.065584	2	1	1	0	0	0	0
AF	0	0.065896	3	2	1	0	0	0	0
AF	0	0.066209	3	3	0	0	0	0	0
AF	0	0.066521	2	2	0	0	0	0	0
AF	0	0.067146	2	2	0	0	0	0	0
AF	0	0.067770	1	0	1	0	0	0	0
AF	0	0.068082	1	1	0	0	0	0	0
AF	0	0.068395	2	1	1	0	0	0	0
AF	0	0.068707	1	1	0	0	0	0	0
AF	0	0.070269	1	1	0	0	0	0	0
AF	0	0.070893	1	1	0	0	0	0	0
AF	0	0.072142	2	2	0	0	0	0	0
AF	0	0.072455	2	1	1	0	0	0	0
AF	0	0.072767	1	1	0	0	0	0	0
AF	0	0.073392	12	10	2	0	0	0	0
AF	0	0.073704	1	1	0	0	0	0	0
AF	0	0.074016	3	2	1	0	0	0	0
AF	0	0.075265	2	2	0	0	0	0	0
AF	0	0.077139	1	1	0	0	0	0	0
AF	0	0.077452	1	1	0	0	0	0	0
AF	0	0.077764	1	0	1	0	0	0	0
AF	0	0.078389	2	1	1	0	0	0	0
AF	0	0.078701	1	1	0	0	0	0	0
AF	0	0.079325	3	3	0	0	0	0	0
AF	0	0.080262	1	1	0	0	0	0	0
AF	0	0.080575	1	0	1	0	0	0	0
AF	0	0.080887	6	4	2	0	0	0	0
AF	0	0.081512	2	1	1	0	0	0	0
AF	0	0.082136	1	0	1	0	0	0	0
AF	0	0.083073	3	2	1	0	0	0	0
AF	0	0.083385	10	8	2	0	0	0	0
AF	0	0.083698	2	2	0	0	0	0	0
AF	0	0.084322	1	1	0	0	0	0	0
AF	0	0.084635	16	14	2	0	0	0	0
AF	0	0.084947	1	1	0	0	0	0	0
AF	0	0.085259	4	1	3	0	0	0	0
AF	0	0.085572	1	1	0	0	0	0	0
AF	0	0.085884	1	1	0	0	0	0	0
AF	0	0.086196	2	1	1	0	0	0	0
AF	0	0.086508	2	1	1	0	0	0	0
AF	0	0.087133	2	1	1	0	0	0	0
AF	0	0.087445	2	2	0	0	0	0	0
AF	0	0.087758	2	1	1	0	0	0	0
AF	0	0.088382	3	2	1	0	0	0	0
AF	0	0.089007	5	4	1	0	0	0	0
AF	0	0.089319	5	5	0	0	0	0	0
AF	0	0.089631	1	0	1	0	0	0	0
AF	0	0.089944	1	0	1	0	0	0	0
AF	0	0.090881	2	1	1	0	0	0	0
AF	0	0.091193	2	2	0	0	0	0	0
AF	0	0.091505	3	3	0	0	0	0	0
AF	0	0.091818	2	2	0	0	0	0	0
AF	0	0.092130	8	7	1	0	0	0	0
AF	0	0.092755	1	1	0	0	0	0	0
AF	0	0.093379	2	2	0	0	0	0	0
AF	0	0.093691	4	3	1	0	0	0	0
AF	0	0.094004	11	6	5	0	0	0	0
AF	0	0.094316	1	0	1	0	0	0	0
AF	0	0.094628	3	3	0	0	0	0	0
AF	0	0.094941	3	3	0	0	0	0	0
AF	0	0.095253	3	1	2	0	0	0	0
AF	0	0.095878	2	2	0	0	0	0	0
AF	0	0.096190	1	1	0	0	0	0	0
AF	0	0.096502	3	1	2	0	0	0	0
AF	0	0.097127	6	3	3	0	0	0	0
AF	0	0.097751	1	0	1	0	0	0	0
AF	0	0.098064	1	1	0	0	0	0	0
AF	0	0.098376	1	1	0	0	0	0	0
AF	0	0.098688	1	1	0	0	0	0	0
AF	0	0.100562	3	2	1	0	0	0	0
AF	0	0.100874	1	0	1	0	0	0	0
AF	0	0.102748	1	0	1	0	0	0	0
AF	0	0.103061	1	1	0	0	0	0	0
AF	0	0.103685	1	1	0	0	0	0	0
AF	0	0.103998	3	2	1	0	0	0	0
AF	0	0.106184	2	0	2	0	0	0	0
AF	0	0.106496	1	1	0	0	0	0	0
AF	0	0.106808	4	3	1	0	0	0	0
AF	0	0.107121	1	0	1	0	0	0	0
AF	0	0.107433	3	1	2	0	0	0	0
AF	0	0.107745	5	2	3	0	0	0	0
AF	0	0.108057	3	3	0	0	0	0	0
AF	0	0.108370	3	3	0	0	0	0	0
AF	0	0.108682	1	1	0	0	0	0	0
AF	0	0.108994	2	2	0	0	0	0	0
AF	0	0.109307	4	2	2	0	0	0	0
AF	0	0.109619	4	2	2	0	0	0	0
AF	0	0.109931	1	1	0	0	0	0	0
AF	0	0.110244	8	5	3	0	0	0	0
AF	0	0.110556	1	1	0	0	0	0	0
AF	0	0.110868	5	3	2	0	0	0	0
AF	0	0.111493	1	1	0	0	0	0	0
AF	0	0.111805	1	0	1	0	0	0	0
AF	0	0.112430	5	3	2	0	0	0	0
AF	0	0.113054	1	0	1	0	0	0	0
AF	0	0.113679	1	0	1	0	0	0	0
AF	0	0.115553	2	1	1	0	0	0	0
AF	0	0.115865	1	1	0	0	0	0	0
AF	0	0.116802	3	1	2	0	0	0	0
AF	0	0.118051	2	2	0	0	0	0	0
AF	0	0.118364	1	1	0	0	0	0	0
AF	0	0.118676	2	2	0	0	0	0	0
AF	0	0.119925	1	1	0	0	0	0	0
AF	0	0.120550	1	1	0	0	0	0	0
AF	0	0.121174	3	1	2	0	0	0	0
AF	0	0.121799	1	0	1	0	0	0	0
AF	0	0.123048	1	1	0	0	0	0	0
AF	0	0.123673	1	0	1	0	0	0	0
AF	0	0.124610	1	0	1	0	0	0	0
AF	0	0.128670	1	0	1	0	0	0	0
AF	0	0.128982	3	3	0	0	0	0	0
AF	0	0.129294	1	1	0	0	0	0	0
AF	0	0.130231	1	0	1	0	0	0	0
AF	0	0.130543	1	0	1	0	0	0	0
AF	0	0.133042	1	1	0	0	0	0	0
AF	0	0.133666	4	4	0	0	0	0	0
AF	0	0.133979	2	2	0	0	0	0	0
AF	0	0.134291	1	0	1	0	0	0	0
AF	0	0.136165	1	1	0	0	0	0	0
AF	0	0.136477	1	1	0	0	0	0	0
AF	0	0.138663	3	2	1	0	0	0	0
AF	0	0.139288	1	1	0	0	0	0	0
AF	0	0.140537	2	2	0	0	0	0	0
AF	0	0.141162	1	1	0	0	0	0	0
AF	0	0.141474	1	0	1	0	0	0	0
AF	0	0.141786	2	0	2	0	0	0	0
AF	0	0.142099	1	1	0	0	0	0	0
AF	0	0.143036	3	3	0	0	0	0	0
AF	0	0.145534	1	1	0	0	0	0	0
AF	0	0.145846	1	1	0	0	0	0	0
AF	0	0.146471	3	1	2	0	0	0	0
AF	0	0.146783	3	3	0	0	0	0	0
AF	0	0.148657	3	3	0	0	0	0	0
AF	0	0.148969	10	8	2	0	0	0	0
AF	0	0.149282	7	5	2	0	0	0	0
AF	0	0.149906	1	0	1	0	0	0	0
AF	0	0.150219	2	1	1	0	0	0	0
AF	0	0.150843	1	1	0	0	0	0	0
AF	0	0.151780	1	1	0	0	0	0	0
AF	0	0.152405	1	1	0	0	0	0	0
AF	0	0.154903	2	2	0	0	0	0	0
AF	0	0.155215	1	1	0	0	0	0	0
AF	0	0.155528	1	1	0	0	0	0	0
AF	0	0.157402	1	1	0	0	0	0	0
AF	0	0.157714	2	0	2	0	0	0	0
AF	0	0.160837	1	1	0	0	0	0	0
AF	0	0.161462	1	0	1	0	0	0	0
AF	0	0.161774	2	2	0	0	0	0	0
AF	0	0.162399	1	1	0	0	0	0	0
AF	0	0.163023	2	2	0	0	0	0	0
AF	0	0.163648	1	1	0	0	0	0	0
AF	0	0.164272	2	1	1	0	0	0	0
AF	0	0.165522	1	0	1	0	0	0	0
AF	0	0.166771	1	1	0	0	0	0	0
AF	0	0.167395	1	1	0	0	0	0	0
AF	0	0.168645	1	1	0	0	0	0	0
AF	0	0.170831	1	1	0	0	0	0	0
AF	0	0.171455	1	1	0	0	0	0	0
AF	0	0.171768	1	0	1	0	0	0	0
AF	0	0.172705	1	1	0	0	0	0	0
AF	0	0.173017	2	2	0	0	0	0	0
AF	0	0.173954	1	1	0	0	0	0	0
AF	0	0.174266	1	0	1	0	0	0	0
AF	0	0.179263	1	1	0	0	0	0	0
AF	0	0.180200	2	1	1	0	0	0	0
AF	0	0.180512	1	1	0	0	0	0	0
AF	0	0.181137	1	1	0	0	0	0	0
AF	0	0.182074	1	0	1	0	0	0	0
AF	0	0.183011	2	1	1	0	0	0	0
AF	0	0.186446	1	1	0	0	0	0	0
AF	0	0.187071	1	1	0	0	0	0	0
AF	0	0.188007	1	1	0	0	0	0	0
AF	0	0.189257	2	1	1	0	0	0	0
AF	0	0.189881	7	3	4	0	0	0	0
AF	0	0.190194	1	0	1	0	0	0	0
AF	0	0.190506	1	0	1	0	0	0	0
AF	0	0.191131	1	1	0	0	0	0	0
AF	0	0.193317	2	1	1	0	0	0	0
AF	0	0.193629	1	1	0	0	0	0	0
AF	0	0.196440	1	1	0	0	0	0	0
AF	0	0.196752	2	1	1	0	0	0	0
AF	0	0.198626	3	2	1	0	0	0	0
AF	0	0.203935	1	1	0	0	0	0	0
AF	0	0.206121	1	0	1	0	0	0	0
AF	0	0.207683	1	0	1	0	0	0	0
AF	0	0.208307	1	1	0	0	0	0	0
AF	0	0.211118	1	1	0	0	0	0	0
AF	0	0.212680	1	1	0	0	0	0	0
AF	0	0.213616	1	1	0	0	0	0	0
AF	0	0.220800	1	1	0	0	0	0	0
AF	0	0.223923	1	1	0	0	0	0	0
AF	0	0.227983	1	1	0	0	0	0	0
AF	0	0.228607	1	0	1	0	0	0	0
AF	0	0.228919	1	1	0	0	0	0	0
AF	0	0.229232	1	0	1	0	0	0	0
AF	0	0.229544	2	1	1	0	0	0	0
AF	0	0.229856	1	1	0	0	0	0	0
AF	0	0.230169	1	0	1	0	0	0	0
AF	0	0.230481	2	1	1	0	0	0	0
AF	0	0.231106	1	0	1	0	0	0	0
AF	0	0.232042	2	2	0	0	0	0	0
AF	0	0.232355	1	1	0	0	0	0	0
AF	0	0.233292	1	1	0	0	0	0	0
AF	0	0.234853	1	0	1	0	0	0	0
AF	0	0.235166	2	1	1	0	0	0	0
AF	0	0.235478	4	1	3	0	0	0	0
AF	0	0.235790	6	4	2	0	0	0	0
AF	0	0.236102	1	0	1	0	0	0	0
AF	0	0.237039	2	2	0	0	0	0	0
AF	0	0.237976	1	1	0	0	0	0	0
AF	0	0.239538	1	0	1	0	0	0	0
AF	0	0.240787	1	1	0	0	0	0	0
AF	0	0.241724	3	3	0	0	0	0	0
AF	0	0.242661	1	1	0	0	0	0	0
AF	0	0.242973	1	1	0	0	0	0	0
AF	0	0.243285	1	1	0	0	0	0	0
AF	0	0.243910	3	0	3	0	0	0	0
AF	0	0.244222	1	1	0	0	0	0	0
AF	0	0.244847	1	1	0	0	0	0	0
AF	0	0.245159	1	1	0	0	0	0	0
AF	0	0.246721	1	0	1	0	0	0	0
AF	0	0.247033	1	1	0	0	0	0	0
AF	0	0.250156	1	1	0	0	0	0	0
AF	0	0.250781	1	1	0	0	0	0	0
AF	0	0.251718	1	1	0	0	0	0	0
AF	0	0.252030	1	1	0	0	0	0	0
AF	0	0.252655	1	1	0	0	0	0	0
AF	0	0.252967	1	1	0	0	0	0	0
AF	0	0.253279	1	0	1	0	0	0	0
AF	0	0.253904	2	1	1	0	0	0	0
AF	0	0.254528	3	2	1	0	0	0	0
AF	0	0.257651	2	1	1	0	0	0	0
AF	0	0.258276	3	2	1	0	0	0	0
AF	0	0.258588	1	0	1	0	0	0	0
AF	0	0.259213	1	1	0	0	0	0	0
AF	0	0.260150	2	1	1	0	0	0	0
AF	0	0.260775	1	1	0	0	0	0	0
AF	0	0.261399	1	1	0	0	0	0	0
AF	0	0.262024	1	1	0	0	0	0	0
AF	0	0.262648	1	0	1	0	0	0	0
AF	0	0.262961	1	1	0	0	0	0	0
AF	0	0.263273	2	1	1	0	0	0	0
AF	0	0.263585	1	0	1	0	0	0	0
AF	0	0.266396	1	1	0	0	0	0	0
AF	0	0.267645	1	1	0	0	0	0	0
AF	0	0.267958	1	1	0	0	0	0	0
AF	0	0.268270	1	1	0	0	0	0	0
AF	0	0.271081	1	1	0	0	0	0	0
AF	0	0.272642	1	1	0	0	0	0	0
AF	0	0.274204	1	1	0	0	0	0	0
AF	0	0.275141	1	1	0	0	0	0	0
AF	0	0.280137	1	0	1	0	0	0	0
AF	0	0.281699	2	1	1	0	0	0	0
AF	0	0.283260	1	0	1	0	0	0	0
AF	0	0.283573	1	1	0	0	0	0	0
AF	0	0.285134	1	1	0	0	0	0	0
AF	0	0.287008	2	1	1	0	0	0	0
AF	0	0.287633	1	1	0	0	0	0	0
AF	0	0.287945	1	1	0	0	0	0	0
AF	0	0.290131	1	1	0	0	0	0	0
AF	0	0.291068	1	1	0	0	0	0	0
AF	0	0.292317	1	0	1	0	0	0	0
AF	0	0.292630	2	1	1	0	0	0	0
AF	0	0.295440	1	0	1	0	0	0	0
AF	0	0.295753	2	2	0	0	0	0	0
AF	0	0.296377	1	1	0	0	0	0	0
AF	0	0.296690	1	0	1	0	0	0	0
AF	0	0.297002	1	0	1	0	0	0	0
AF	0	0.297626	1	0	1	0	0	0	0
AF	0	0.298876	1	0	1	0	0	0	0
AF	0	0.301999	1	1	0	0	0	0	0
AF	0	0.307933	1	1	0	0	0	0	0
AF	0	0.308245	1	0	1	0	0	0	0
AF	0	0.309182	3	2	1	0	0	0	0
AF	0	0.309494	4	2	2	0	0	0	0
AF	0	0.312617	6	4	2	0	0	0	0
AF	0	0.312929	4	2	2	0	0	0	0
AF	0	0.313242	7	6	1	0	0	0	0
AF	0	0.313554	2	2	0	0	0	0	0
AF	0	0.313866	5	4	1	0	0	0	0
AF	0	0.316677	1	1	0	0	0	0	0
AF	0	0.316989	2	2	0	0	0	0	0
AF	0	0.321362	1	0	1	0	0	0	0
AF	0	0.325422	1	0	1	0	0	0	0
AF	0	0.329169	2	1	1	0	0	0	0
AF	0	0.330418	1	1	0	0	0	0	0
AF	0	0.333542	1	1	0	0	0	0	0
AF	0	0.336040	1	1	0	0	0	0	0
AF	0	0.336665	3	1	2	0	0	0	0
AF	0	0.336977	1	1	0	0	0	0	0
AF	0	0.337289	9	6	3	0	0	0	0
AF	0	0.337601	1	1	0	0	0	0	0
AF	0	0.337914	2	1	1	0	0	0	0
AF	0	0.338538	1	0	1	0	0	0	0
AF	0	0.338851	1	1	0	0	0	0	0
AF	0	0.340412	2	2	0	0	0	0	0
AF	0	0.343535	3	2	1	0	0	0	0
AF	0	0.343848	2	2	0	0	0	0	0
AF	0	0.344160	4	2	2	0	0	0	0
AF	0	0.345409	1	1	0	0	0	0	0
AF	0	0.347908	1	1	0	0	0	0	0
AF	0	0.350406	1	0	1	0	0	0	0
AF	0	0.355403	1	1	0	0	0	0	0
AF	0	0.355715	1	0	1	0	0	0	0
AF	0	0.356964	1	1	0	0	0	0	0
AF	0	0.357901	1	1	0	0	0	0	0
AF	0	0.358214	2	2	0	0	0	0	0
AF	0	0.358526	1	1	0	0	0	0	0
AF	0	0.361649	2	1	1	0	0	0	0
AF	0	0.364147	1	1	0	0	0	0	0
AF	0	0.366021	1	0	1	0	0	0	0
AF	0	0.367270	1	0	1	0	0	0	0
AF	0	0.367583	1	1	0	0	0	0	0
AF	0	0.369457	1	0	1	0	0	0	0
AF	0	0.369769	1	0	1	0	0	0	0
AF	0	0.371643	1	1	0	0	0	0	0
AF	0	0.372580	1	1	0	0	0	0	0
AF	0	0.374453	1	0	1	0	0	0	0
AF	0	0.376640	1	1	0	0	0	0	0
AF	0	0.377889	1	0	1	0	0	0	0
AF	0	0.378513	1	1	0	0	0	0	0
AF	0	0.385696	1	1	0	0	0	0	0
AF	0	0.387258	2	0	2	0	0	0	0
AF	0	0.387883	4	1	3	0	0	0	0
AF	0	0.388507	6	4	2	0	0	0	0
AF	0	0.388819	1	1	0	0	0	0	0
AF	0	0.389132	2	2	0	0	0	0	0
AF	0	0.389444	1	1	0	0	0	0	0
AF	0	0.389756	6	4	2	0	0	0	0
AF	0	0.390069	3	0	3	0	0	0	0
AF	0	0.390381	9	5	4	0	0	0	0
AF	0	0.391006	7	3	4	0	0	0	0
AF	0	0.391318	7	3	4	0	0	0	0
AF	0	0.391630	6	4	2	0	0	0	0
AF	0	0.391943	1	0	1	0	0	0	0
AF	0	0.392255	2	2	0	0	0	0	0
AF	0	0.392879	1	1	0	0	0	0	0
AF	0	0.394129	1	0	1	0	0	0	0
AF	0	0.394441	1	1	0	0	0	0	0
AF	0	0.398813	1	1	0	0	0	0	0
AF	0	0.399750	1	0	1	0	0	0	0
AF	0	0.401312	1	1	0	0	0	0	0
AF	0	0.402249	1	1	0	0	0	0	0
AF	0	0.405684	1	1	0	0	0	0	0
AF	0	0.415365	1	1	0	0	0	0	0
AF	0	0.415990	1	1	0	0	0	0	0
AF	0	0.416927	2	2	0	0	0	0	0
AF	0	0.417239	1	1	0	0	0	0	0
AF	0	0.418176	2	1	1	0	0	0	0
AF	0	0.421611	1	1	0	0	0	0	0
AF	0	0.421924	1	1	0	0	0	0	0
AF	0	0.422548	1	1	0	0	0	0	0
AF	0	0.422861	1	0	1	0	0	0	0
AF	0	0.424110	2	2	0	0	0	0	0
AF	0	0.424422	1	1	0	0	0	0	0
AF	0	0.427858	2	1	1	0	0	0	0
AF	0	0.428482	1	1	0	0	0	0	0
AF	0	0.430356	1	1	0	0	0	0	0
AF	0	0.431605	1	1	0	0	0	0	0
AF	0	0.433479	1	1	0	0	0	0	0
AF	0	0.434104	1	0	1	0	0	0	0
AF	0	0.434728	1	0	1	0	0	0	0
AF	0	0.435353	1	1	0	0	0	0	0
AF	0	0.436290	1	1	0	0	0	0	0
AF	0	0.438164	1	1	0	0	0	0	0
AF	0	0.439101	2	1	1	0	0	0	0
AF	0	0.439413	1	1	0	0	0	0	0
AF	0	0.439725	2	2	0	0	0	0	0
AF	0	0.441287	1	1	0	0	0	0	0
AF	0	0.442224	2	1	1	0	0	0	0
AF	0	0.442536	4	2	2	0	0	0	0
AF	0	0.442848	6	4	2	0	0	0	0
AF	0	0.443161	3	2	1	0	0	0	0
AF	0	0.443473	1	1	0	0	0	0	0
AF	0	0.443785	1	1	0	0	0	0	0
AF	0	0.445659	2	1	1	0	0	0	0
AF	0	0.449407	1	1	0	0	0	0	0
AF	0	0.449719	2	0	2	0	0	0	0
AF	0	0.450031	1	0	1	0	0	0	0
AF	0	0.450656	2	1	1	0	0	0	0
AF	0	0.450968	1	1	0	0	0	0	0
AF	0	0.451280	2	2	0	0	0	0	0
AF	0	0.451593	2	1	1	0	0	0	0
AF	0	0.451905	1	1	0	0	0	0	0
AF	0	0.456590	1	0	1	0	0	0	0
AF	0	0.456902	1	1	0	0	0	0	0
AF	0	0.457214	1	0	1	0	0	0	0
AF	0	0.457527	1	1	0	0	0	0	0
AF	0	0.458151	3	3	0	0	0	0	0
AF	0	0.458463	1	1	0	0	0	0	0
AF	0	0.458776	1	1	0	0	0	0	0
AF	0	0.459400	1	1	0	0	0	0	0
AF	0	0.460025	1	0	1	0	0	0	0
AF	0	0.466271	1	1	0	0	0	0	0
AF	0	0.466583	1	0	1	0	0	0	0
AF	0	0.467208	1	0	1	0	0	0	0
AF	0	0.470643	2	2	0	0	0	0	0
AF	0	0.471268	1	0	1	0	0	0	0
AF	0	0.471893	1	1	0	0	0	0	0
AF	0	0.476265	1	1	0	0	0	0	0
AF	0	0.481262	1	1	0	0	0	0	0
AF	0	0.481574	1	0	1	0	0	0	0
AF	0	0.482511	2	2	0	0	0	0	0
AF	0	0.484385	1	1	0	0	0	0	0
AF	0	0.485009	2	1	1	0	0	0	0
AF	0	0.485322	1	1	0	0	0	0	0
AF	0	0.486883	2	1	1	0	0	0	0
AF	0	0.487508	2	1	1	0	0	0	0
AF	0	0.488132	3	3	0	0	0	0	0
AF	0	0.488757	1	1	0	0	0	0	0
AF	0	0.494691	1	1	0	0	0	0	0
AF	0	0.509057	1	1	0	0	0	0	0
AF	0	0.511243	1	0	1	0	0	0	0
AF	0	0.514054	1	0	1	0	0	0	0
AF	0	0.514366	1	0	1	0	0	0	0
AF	0	0.519988	1	1	0	0	0	0	0
AF	0	0.532480	1	1	0	0	0	0	0
AF	0	0.533104	1	0	1	0	0	0	0
AF	0	0.533729	1	0	1	0	0	0	0
AF	0	0.534354	1	0	1	0	0	0	0
AF	0	0.534978	1	1	0	0	0	0	0
AF	0	0.542161	2	2	0	0	0	0	0
AF	0	0.542786	1	1	0	0	0	0	0
AF	0	0.544347	1	1	0	0	0	0	0
AF	0	0.544972	2	1	1	0	0	0	0
AF	0	0.546221	1	1	0	0	0	0	0
AF	0	0.547158	1	0	1	0	0	0	0
AF	0	0.548095	1	1	0	0	0	0	0
AF	0	0.554029	1	1	0	0	0	0	0
AF	0	0.555278	1	1	0	0	0	0	0
AF	0	0.556527	5	4	1	0	0	0	0
AF	0	0.556839	5	4	1	0	0	0	0
AF	0	0.557776	1	1	0	0	0	0	0
AF	0	0.561212	1	1	0	0	0	0	0
AF	0	0.564022	1	1	0	0	0	0	0
AF	0	0.564647	2	2	0	0	0	0	0
AF	0	0.564959	2	2	0	0	0	0	0
AF	0	0.565272	1	1	0	0	0	0	0
AF	0	0.565584	1	1	0	0	0	0	0
AF	0	0.566833	1	1	0	0	0	0	0
AF	0	0.569019	1	1	0	0	0	0	0
AF	0	0.574641	1	1	0	0	0	0	0
AF	0	0.576515	1	0	1	0	0	0	0
AF	0	0.577139	1	1	0	0	0	0	0
AF	0	0.579950	1	1	0	0	0	0	0
AF	0	0.591818	1	0	1	0	0	0	0
AF	0	0.594628	1	1	0	0	0	0	0
AF	0	0.597751	1	1	0	0	0	0	0
AF	0	0.598376	1	1	0	0	0	0	0
AF	0	0.598688	1	1	0	0	0	0	0
AF	0	0.600250	1	0	1	0	0	0	0
AF	0	0.600874	1	1	0	0	0	0	0
AF	0	0.602124	1	1	0	0	0	0	0
AF	0	0.606808	1	1	0	0	0	0	0
AF	0	0.607433	1	1	0	0	0	0	0
AF	0	0.620237	1	1	0	0	0	0	0
AF	0	0.627108	1	1	0	0	0	0	0
AF	0	0.637102	1	1	0	0	0	0	0
AF	0	0.637414	1	0	1	0	0	0	0
AF	0	0.637726	1	1	0	0	0	0	0
AF	0	0.638663	2	1	1	0	0	0	0
AF	0	0.639600	1	0	1	0	0	0	0
AF	0	0.650843	1	1	0	0	0	0	0
AF	0	0.663335	1	1	0	0	0	0	0
AF	0	0.667395	1	1	0	0	0	0	0
AF	0	0.668020	1	1	0	0	0	0	0
AF	0	0.670518	1	0	1	0	0	0	0
AF	0	0.672392	1	1	0	0	0	0	0
AF	0	0.673641	1	0	1	0	0	0	0
AF	0	0.673954	1	1	0	0	0	0	0
AF	0	0.678638	1	1	0	0	0	0	0
AF	0	0.684884	1	1	0	0	0	0	0
AF	0	0.685197	1	1	0	0	0	0	0
AF	0	0.687071	1	1	0	0	0	0	0
AF	0	0.692380	1	0	1	0	0	0	0
AF	0	0.711743	1	1	0	0	0	0	0
AF	0	0.727670	1	0	1	0	0	0	0
AF	0	0.731106	1	1	0	0	0	0	0
AF	0	0.742973	1	0	1	0	0	0	0
AF	0	0.754528	1	0	1	0	0	0	0
AF	0	0.755465	1	1	0	0	0	0	0
AF	0	0.755778	2	1	1	0	0	0	0
AF	0	0.756090	4	3	1	0	0	0	0
AF	0	0.756402	2	0	2	0	0	0	0
AF	0	0.756715	5	2	3	0	0	0	0
AF	0	0.760462	1	1	0	0	0	0	0
AF	0	0.762961	1	1	0	0	0	0	0
AF	0	0.769207	2	2	0	0	0	0	0
AF	0	0.783260	1	0	1	0	0	0	0
AF	0	0.796065	1	0	1	0	0	0	0
AF	0	0.796377	3	2	1	0	0	0	0
AF	0	0.796690	3	2	1	0	0	0	0
AF	0	0.797002	2	1	1	0	0	0	0
AF	0	0.797314	2	1	1	0	0	0	0
AF	0	0.797626	6	5	1	0	0	0	0
AF	0	0.797939	4	1	3	0	0	0	0
AF	0	0.798251	4	3	1	0	0	0	0
AF	0	0.798563	2	1	1	0	0	0	0
AF	0	0.798876	2	2	0	0	0	0	0
AF	0	0.800125	2	2	0	0	0	0	0
AF	0	0.801686	1	0	1	0	0	0	0
AF	0	0.802623	1	0	1	0	0	0	0
AF	0	0.802936	2	2	0	0	0	0	0
AF	0	0.803248	3	3	0	0	0	0	0
AF	0	0.803560	1	0	1	0	0	0	0
AF	0	0.804185	1	0	1	0	0	0	0
AF	0	0.806371	1	1	0	0	0	0	0
AF	0	0.806996	1	1	0	0	0	0	0
AF	0	0.807308	3	2	1	0	0	0	0
AF	0	0.807620	4	4	0	0	0	0	0
AF	0	0.807933	6	5	1	0	0	0	0
AF	0	0.810743	4	1	3	0	0	0	0
AF	0	0.817302	1	0	1	0	0	0	0
AF	0	0.824172	1	1	0	0	0	0	0
AF	0	0.825109	2	1	1	0	0	0	0
AF	0	0.825734	1	1	0	0	0	0	0
AF	0	0.837289	2	1	1	0	0	0	0
AF	0	0.837601	1	1	0	0	0	0	0
AF	0	0.838851	1	0	1	0	0	0	0
AF	0	0.839475	1	0	1	0	0	0	0
AF	0	0.839788	1	1	0	0	0	0	0
AF	0	0.845721	2	2	0	0	0	0	0
AF	0	0.846346	2	1	1	0	0	0	0
AF	0	0.846658	1	1	0	0	0	0	0
AF	0	0.848844	4	4	0	0	0	0	0
AF	0	0.853841	1	1	0	0	0	0	0
AF	0	0.857901	1	1	0	0	0	0	0
AF	0	0.861961	1	0	1	0	0	0	0
AF	0	0.866021	1	1	0	0	0	0	0
AF	0	0.878201	1	1	0	0	0	0	0
AF	0	0.882573	2	1	1	0	0	0	0
AF	0	0.884760	1	0	1	0	0	0	0
AF	0	0.887258	1	1	0	0	0	0	0
AF	0	0.889756	1	1	0	0	0	0	0
AF	0	0.891630	1	1	0	0	0	0	0
AF	0	0.891943	1	1	0	0	0	0	0
AF	0	0.896002	1	1	0	0	0	0	0
AF	0	0.897252	4	2	2	0	0	0	0
AF	0	0.897564	1	0	1	0	0	0	0
AF	0	0.899750	2	2	0	0	0	0	0
AF	0	0.900062	6	4	2	0	0	0	0
AF	0	0.900375	5	2	3	0	0	0	0
AF	0	0.900999	2	2	0	0	0	0	0
AF	0	0.901624	1	1	0	0	0	0	0
AF	0	0.901936	1	1	0	0	0	0	0
AF	0	0.903498	3	3	0	0	0	0	0
AF	0	0.903810	1	1	0	0	0	0	0
AF	0	0.904122	4	4	0	0	0	0	0
AF	0	0.904435	1	0	1	0	0	0	0
AF	0	0.904747	6	5	1	0	0	0	0
AF	0	0.905059	6	6	0	0	0	0	0
AF	0	0.905372	3	3	0	0	0	0	0
AF	0	0.905996	1	1	0	0	0	0	0
AF	0	0.910369	3	1	2	0	0	0	0
AF	0	0.910681	1	0	1	0	0	0	0
AF	0	0.910993	4	3	1	0	0	0	0
AF	0	0.911618	1	1	0	0	0	0	0
AF	0	0.912867	3	3	0	0	0	0	0
AF	0	0.913492	6	5	1	0	0	0	0
AF	0	0.913804	1	1	0	0	0	0	0
AF	0	0.914116	2	2	0	0	0	0	0
AF	0	0.914428	1	0	1	0	0	0	0
AF	0	0.914741	2	1	1	0	0	0	0
AF	0	0.915678	2	2	0	0	0	0	0
AF	0	0.915990	4	2	2	0	0	0	0
AF	0	0.916615	2	1	1	0	0	0	0
AF	0	0.917239	5	4	1	0	0	0	0
AF	0	0.924735	1	1	0	0	0	0	0
AF	0	0.928170	1	1	0	0	0	0	0
AF	0	0.930356	1	1	0	0	0	0	0
AF	0	0.931918	1	1	0	0	0	0	0
AF	0	0.935978	1	0	1	0	0	0	0
AF	0	0.938476	2	1	1	0	0	0	0
AF	0	0.939101	1	1	0	0	0	0	0
AF	0	0.945347	1	0	1	0	0	0	0
AF	0	0.945659	1	1	0	0	0	0	0
AF	0	0.945971	4	4	0	0	0	0	0
AF	0	0.946284	3	2	1	0	0	0	0
AF	0	0.946596	2	1	1	0	0	0	0
AF	0	0.947220	1	1	0	0	0	0	0
AF	0	0.947845	2	2	0	0	0	0	0
AF	0	0.950344	4	3	1	0	0	0	0
AF	0	0.954091	1	1	0	0	0	0	0
AF	0	0.955653	1	1	0	0	0	0	0
AF	0	0.956590	1	1	0	0	0	0	0
AF	0	0.958151	1	1	0	0	0	0	0
AF	0	0.959713	1	1	0	0	0	0	0
AF	0	0.961274	1	1	0	0	0	0	0
AF	0	0.961587	1	1	0	0	0	0	0
AF	0	0.962211	1	1	0	0	0	0	0
AF	0	0.965022	1	1	0	0	0	0	0
AF	0	0.965959	2	1	1	0	0	0	0
AF	0	0.970956	1	1	0	0	0	0	0
AF	0	0.979076	1	1	0	0	0	0	0
AF	0	0.979700	1	0	1	0	0	0	0
AF	0	0.981262	1	1	0	0	0	0	0
AF	0	0.982823	1	0	1	0	0	0	0
AF	0	0.983448	2	2	0	0	0	0	0
AF	0	0.984385	1	1	0	0	0	0	0
AF	0	0.984697	1	0	1	0	0	0	0
AF	0	0.985322	1	0	1	0	0	0	0
AF	0	0.985946	1	1	0	0	0	0	0
AF	0	0.992505	2	1	1	0	0	0	0
AF	0	0.994066	1	1	0	0	0	0	0
AF	0	0.994379	3	3	0	0	0	0	0
AF	0	0.997502	4	3	1	0	0	0	0
AF	0	0.997814	3	2	1	0	0	0	0
AF	0	0.998438	4	3	1	0	0	0	0
AF	0	0.998751	3	1	2	0	0	0	0
AF	0	0.999063	5	2	3	0	0	0	0
# QUAL, Stats by quality
# QUAL	[2]id	[3]Quality	[4]number of SNPs	[5]number of transitions (1st ALT)	[6]number of transversions (1st ALT)	[7]number of indels
QUAL	0	.	10605	7400	3205	0
# IDD, InDel distribution:
# IDD	[2]id	[3]length (deletions negative)	[4]number of sites	[5]number of genotypes	[6]mean VAF
# ST, Substitution types:
# ST	[2]id	[3]type	[4]count
ST	0	A>C	330
ST	0	A>G	1223
ST	0	A>T	324
ST	0	C>A	489
ST	0	C>G	461
ST	0	C>T	2488
ST	0	G>A	2388
ST	0	G>C	447
ST	0	G>T	507
ST	0	T>A	338
ST	0	T>C	1301
ST	0	T>G	309
# DP, Depth distribution
# DP	[2]id	[3]bin	[4]number of genotypes	[5]fraction of genotypes (%)	[6]number of sites	[7]fraction of sites (%)
  - Fix haploid genotypes in males...

Submit MakeDiploidMalesX finished successfully. Let's have a beer, buddy!

