Submit MakeDiploidMalesX
version 1.1.6 (2024-09-30)

These are the settings:
  Input file................: /hpc/local/Rocky8/dhl_ec/software/MonopogenLite/resources/1kGP_high_coverage_Illumina.SNVonly_poly.filtered_AF_5e-04.norm.fixvariantid.chrX.vcf.gz
  Output file...............: /hpc/local/Rocky8/dhl_ec/software/MonopogenLite/resources/1kGP_high_coverage_Illumina.SNVonly_poly.filtered_AF_5e-04.norm.fixvariantid.makediploid.chrX.vcf.gz
  Chunk size................: 100

  SLURM CPUs................: 4
  SLURM Array ID............: 3 (of 100)
  SLURM memory..............: 16G
  SLURM time................: 01:00:00
  SLURM mail type...........: FAIL
  SLURM mail user...........: s.w.vanderlaan-2@umcutrecht.nl

  Dry run mode..............: 0
  Debug mode................: 1
  Verbosity.................: 0
  Version...................: 1.1.6 (2024-09-30)

Making converting haploid genotypes to diploid genotypes.
> Extract the region for this SLURM task (# 3) from the BED file.
  - Get the chunk number from the SLURM array task ID and the bed file...
DEBUG: Extracting chunk number: 3p from 3
DEBUG: Extracting region from BED file: /hpc/local/Rocky8/dhl_ec/software/MonopogenLite/resources/chrX_100pieces.bed
  - Extract the region from the BED file...
DEBUG: Extracted raw region: 'chrX	3120817	4681224' (chunk #: 3p of 100 for job 3)
  - Check if a valid region was extracted -- should be 'chrX	3120817	4681224'...
  - Prepare the region for bcftools...
  - Check if the region (chrX:3120817-4681224) was successfully extracted...
> Processing region 'chrX:3120817-4681224'...
  - Process the specific region (chunk# 3) using bcftools view...
  - Index the VCF file...
DEBUG: Check if the VCF file was successfully processed...
##fileformat=VCFv4.2
##FILTER=<ID=PASS,Description="All filters passed">
##fileDate=29/01/2022 - 14:31:41
##source=shapeit4.2.2
##contig=<ID=chr1,length=248956422>
##contig=<ID=chr2,length=242193529>
##contig=<ID=chr3,length=198295559>
##contig=<ID=chr4,length=190214555>
##contig=<ID=chr5,length=181538259>
##contig=<ID=chr6,length=170805979>
# This file was produced by bcftools stats (1.20+htslib-1.20) and can be plotted using plot-vcfstats.
# The command line was:	bcftools stats  /hpc/local/Rocky8/dhl_ec/software/MonopogenLite/resources/chrX.part3.vcf.gz
#
# Definition of sets:
# ID	[2]id	[3]tab-separated file names
ID	0	/hpc/local/Rocky8/dhl_ec/software/MonopogenLite/resources/chrX.part3.vcf.gz
# SN, Summary numbers:
#   number of records   .. number of data rows in the VCF
#   number of no-ALTs   .. reference-only sites, ALT is either "." or identical to REF
#   number of SNPs      .. number of rows with a SNP
#   number of MNPs      .. number of rows with a MNP, such as CC>TT
#   number of indels    .. number of rows with an indel
#   number of others    .. number of rows with other type, for example a symbolic allele or
#                          a complex substitution, such as ACT>TCGA
#   number of multiallelic sites     .. number of rows with multiple alternate alleles
#   number of multiallelic SNP sites .. number of rows with multiple alternate alleles, all SNPs
# 
#   Note that rows containing multiple types will be counted multiple times, in each
#   counter. For example, a row with a SNP and an indel increments both the SNP and
#   the indel counter.
# 
# SN	[2]id	[3]key	[4]value
SN	0	number of samples:	3202
SN	0	number of records:	19055
SN	0	number of no-ALTs:	0
SN	0	number of SNPs:	19055
SN	0	number of MNPs:	0
SN	0	number of indels:	0
SN	0	number of others:	0
SN	0	number of multiallelic sites:	0
SN	0	number of multiallelic SNP sites:	0
# TSTV, transitions/transversions:
# TSTV	[2]id	[3]ts	[4]tv	[5]ts/tv	[6]ts (1st ALT)	[7]tv (1st ALT)	[8]ts/tv (1st ALT)
TSTV	0	12994	6061	2.14	12994	6061	2.14
# SiS, Singleton stats:
# SiS	[2]id	[3]allele count	[4]number of SNPs	[5]number of transitions	[6]number of transversions	[7]number of indels	[8]repeat-consistent	[9]repeat-inconsistent	[10]not applicable
SiS	0	1	0	0	0	0	0	0	0
# AF, Stats by non-reference allele frequency:
# AF	[2]id	[3]allele frequency	[4]number of SNPs	[5]number of transitions	[6]number of transversions	[7]number of indels	[8]repeat-consistent	[9]repeat-inconsistent	[10]not applicable
AF	0	0.000312	2697	1846	851	0	0	0	0
AF	0	0.000625	1603	1119	484	0	0	0	0
AF	0	0.000937	2039	1420	619	0	0	0	0
AF	0	0.001249	630	422	208	0	0	0	0
AF	0	0.001562	972	671	301	0	0	0	0
AF	0	0.001874	346	235	111	0	0	0	0
AF	0	0.002186	542	382	160	0	0	0	0
AF	0	0.002498	294	202	92	0	0	0	0
AF	0	0.002811	368	249	119	0	0	0	0
AF	0	0.003123	151	109	42	0	0	0	0
AF	0	0.003435	278	179	99	0	0	0	0
AF	0	0.003748	118	81	37	0	0	0	0
AF	0	0.004060	244	165	79	0	0	0	0
AF	0	0.004372	116	70	46	0	0	0	0
AF	0	0.004685	288	199	89	0	0	0	0
AF	0	0.004997	142	94	48	0	0	0	0
AF	0	0.005309	194	123	71	0	0	0	0
AF	0	0.005621	77	53	24	0	0	0	0
AF	0	0.005934	190	134	56	0	0	0	0
AF	0	0.006246	119	78	41	0	0	0	0
AF	0	0.006558	178	110	68	0	0	0	0
AF	0	0.006871	49	34	15	0	0	0	0
AF	0	0.007183	143	94	49	0	0	0	0
AF	0	0.007495	58	41	17	0	0	0	0
AF	0	0.007808	128	93	35	0	0	0	0
AF	0	0.008120	70	52	18	0	0	0	0
AF	0	0.008432	113	78	35	0	0	0	0
AF	0	0.008745	35	20	15	0	0	0	0
AF	0	0.009057	126	81	45	0	0	0	0
AF	0	0.009369	48	26	22	0	0	0	0
AF	0	0.009681	119	85	34	0	0	0	0
AF	0	0.009994	26	23	3	0	0	0	0
AF	0	0.010306	79	53	26	0	0	0	0
AF	0	0.010618	25	18	7	0	0	0	0
AF	0	0.010931	54	38	16	0	0	0	0
AF	0	0.011243	36	29	7	0	0	0	0
AF	0	0.011555	80	57	23	0	0	0	0
AF	0	0.011868	29	20	9	0	0	0	0
AF	0	0.012180	111	77	34	0	0	0	0
AF	0	0.012492	39	25	14	0	0	0	0
AF	0	0.012804	58	38	20	0	0	0	0
AF	0	0.013117	25	15	10	0	0	0	0
AF	0	0.013429	51	30	21	0	0	0	0
AF	0	0.013741	50	34	16	0	0	0	0
AF	0	0.014054	48	33	15	0	0	0	0
AF	0	0.014366	18	12	6	0	0	0	0
AF	0	0.014678	33	22	11	0	0	0	0
AF	0	0.014991	39	21	18	0	0	0	0
AF	0	0.015303	50	37	13	0	0	0	0
AF	0	0.015615	29	20	9	0	0	0	0
AF	0	0.015928	60	40	20	0	0	0	0
AF	0	0.016240	51	36	15	0	0	0	0
AF	0	0.016552	38	26	12	0	0	0	0
AF	0	0.016864	18	8	10	0	0	0	0
AF	0	0.017177	36	27	9	0	0	0	0
AF	0	0.017489	14	8	6	0	0	0	0
AF	0	0.017801	28	21	7	0	0	0	0
AF	0	0.018114	11	4	7	0	0	0	0
AF	0	0.018426	36	20	16	0	0	0	0
AF	0	0.018738	11	7	4	0	0	0	0
AF	0	0.019051	23	14	9	0	0	0	0
AF	0	0.019363	21	16	5	0	0	0	0
AF	0	0.019675	45	29	16	0	0	0	0
AF	0	0.019988	23	16	7	0	0	0	0
AF	0	0.020300	32	20	12	0	0	0	0
AF	0	0.020612	10	7	3	0	0	0	0
AF	0	0.020924	32	14	18	0	0	0	0
AF	0	0.021237	14	9	5	0	0	0	0
AF	0	0.021549	33	23	10	0	0	0	0
AF	0	0.021861	18	14	4	0	0	0	0
AF	0	0.022174	28	20	8	0	0	0	0
AF	0	0.022486	6	3	3	0	0	0	0
AF	0	0.022798	32	22	10	0	0	0	0
AF	0	0.023111	18	13	5	0	0	0	0
AF	0	0.023423	16	11	5	0	0	0	0
AF	0	0.023735	62	41	21	0	0	0	0
AF	0	0.024047	34	19	15	0	0	0	0
AF	0	0.024360	16	10	6	0	0	0	0
AF	0	0.024672	15	11	4	0	0	0	0
AF	0	0.024984	12	6	6	0	0	0	0
AF	0	0.025297	12	10	2	0	0	0	0
AF	0	0.025609	9	5	4	0	0	0	0
AF	0	0.025921	13	8	5	0	0	0	0
AF	0	0.026234	10	5	5	0	0	0	0
AF	0	0.026546	19	9	10	0	0	0	0
AF	0	0.026858	13	5	8	0	0	0	0
AF	0	0.027171	20	16	4	0	0	0	0
AF	0	0.027483	13	8	5	0	0	0	0
AF	0	0.027795	46	31	15	0	0	0	0
AF	0	0.028107	20	13	7	0	0	0	0
AF	0	0.028420	40	24	16	0	0	0	0
AF	0	0.028732	13	9	4	0	0	0	0
AF	0	0.029044	21	9	12	0	0	0	0
AF	0	0.029357	21	14	7	0	0	0	0
AF	0	0.029669	9	6	3	0	0	0	0
AF	0	0.029981	6	4	2	0	0	0	0
AF	0	0.030294	14	8	6	0	0	0	0
AF	0	0.030606	1	1	0	0	0	0	0
AF	0	0.030918	9	5	4	0	0	0	0
AF	0	0.031230	4	3	1	0	0	0	0
AF	0	0.031543	17	10	7	0	0	0	0
AF	0	0.031855	11	10	1	0	0	0	0
AF	0	0.032167	15	11	4	0	0	0	0
AF	0	0.032480	5	5	0	0	0	0	0
AF	0	0.032792	33	18	15	0	0	0	0
AF	0	0.033104	12	7	5	0	0	0	0
AF	0	0.033417	26	17	9	0	0	0	0
AF	0	0.033729	6	6	0	0	0	0	0
AF	0	0.034041	25	17	8	0	0	0	0
AF	0	0.034354	8	6	2	0	0	0	0
AF	0	0.034666	24	20	4	0	0	0	0
AF	0	0.034978	15	12	3	0	0	0	0
AF	0	0.035290	52	34	18	0	0	0	0
AF	0	0.035603	24	15	9	0	0	0	0
AF	0	0.035915	24	16	8	0	0	0	0
AF	0	0.036227	15	11	4	0	0	0	0
AF	0	0.036540	38	25	13	0	0	0	0
AF	0	0.036852	7	5	2	0	0	0	0
AF	0	0.037164	15	8	7	0	0	0	0
AF	0	0.037477	9	9	0	0	0	0	0
AF	0	0.037789	11	6	5	0	0	0	0
AF	0	0.038101	4	3	1	0	0	0	0
AF	0	0.038413	6	4	2	0	0	0	0
AF	0	0.038726	9	6	3	0	0	0	0
AF	0	0.039038	10	7	3	0	0	0	0
AF	0	0.039350	2	2	0	0	0	0	0
AF	0	0.039663	12	6	6	0	0	0	0
AF	0	0.039975	3	2	1	0	0	0	0
AF	0	0.040287	3	2	1	0	0	0	0
AF	0	0.040600	4	1	3	0	0	0	0
AF	0	0.040912	9	7	2	0	0	0	0
AF	0	0.041224	6	3	3	0	0	0	0
AF	0	0.041537	2	2	0	0	0	0	0
AF	0	0.041849	6	5	1	0	0	0	0
AF	0	0.042161	15	11	4	0	0	0	0
AF	0	0.042473	2	2	0	0	0	0	0
AF	0	0.042786	7	4	3	0	0	0	0
AF	0	0.043098	2	2	0	0	0	0	0
AF	0	0.043410	6	2	4	0	0	0	0
AF	0	0.043723	9	7	2	0	0	0	0
AF	0	0.044035	4	2	2	0	0	0	0
AF	0	0.044347	2	2	0	0	0	0	0
AF	0	0.044660	4	3	1	0	0	0	0
AF	0	0.044972	1	1	0	0	0	0	0
AF	0	0.045284	10	8	2	0	0	0	0
AF	0	0.045597	12	4	8	0	0	0	0
AF	0	0.045909	5	3	2	0	0	0	0
AF	0	0.046533	7	7	0	0	0	0	0
AF	0	0.046846	4	3	1	0	0	0	0
AF	0	0.047158	8	6	2	0	0	0	0
AF	0	0.047470	2	2	0	0	0	0	0
AF	0	0.047783	12	10	2	0	0	0	0
AF	0	0.048095	2	1	1	0	0	0	0
AF	0	0.048407	15	9	6	0	0	0	0
AF	0	0.048720	7	4	3	0	0	0	0
AF	0	0.049032	7	5	2	0	0	0	0
AF	0	0.049344	3	3	0	0	0	0	0
AF	0	0.049656	7	5	2	0	0	0	0
AF	0	0.049969	5	3	2	0	0	0	0
AF	0	0.050281	13	9	4	0	0	0	0
AF	0	0.050593	1	1	0	0	0	0	0
AF	0	0.050906	9	5	4	0	0	0	0
AF	0	0.051218	2	2	0	0	0	0	0
AF	0	0.051530	5	3	2	0	0	0	0
AF	0	0.051843	6	4	2	0	0	0	0
AF	0	0.052155	3	2	1	0	0	0	0
AF	0	0.052467	1	1	0	0	0	0	0
AF	0	0.052780	3	3	0	0	0	0	0
AF	0	0.053404	4	3	1	0	0	0	0
AF	0	0.053716	2	2	0	0	0	0	0
AF	0	0.054029	2	2	0	0	0	0	0
AF	0	0.054341	2	1	1	0	0	0	0
AF	0	0.054653	11	7	4	0	0	0	0
AF	0	0.054966	2	2	0	0	0	0	0
AF	0	0.055278	36	24	12	0	0	0	0
AF	0	0.055590	7	5	2	0	0	0	0
AF	0	0.055903	13	5	8	0	0	0	0
AF	0	0.056527	7	5	2	0	0	0	0
AF	0	0.056839	6	3	3	0	0	0	0
AF	0	0.057152	7	5	2	0	0	0	0
AF	0	0.057464	2	2	0	0	0	0	0
AF	0	0.057776	1	0	1	0	0	0	0
AF	0	0.058401	1	1	0	0	0	0	0
AF	0	0.058713	3	2	1	0	0	0	0
AF	0	0.059026	6	5	1	0	0	0	0
AF	0	0.059338	5	4	1	0	0	0	0
AF	0	0.059650	8	3	5	0	0	0	0
AF	0	0.059963	11	7	4	0	0	0	0
AF	0	0.060275	7	4	3	0	0	0	0
AF	0	0.060587	2	1	1	0	0	0	0
AF	0	0.060899	7	5	2	0	0	0	0
AF	0	0.061212	5	4	1	0	0	0	0
AF	0	0.061524	3	1	2	0	0	0	0
AF	0	0.061836	2	1	1	0	0	0	0
AF	0	0.062149	5	2	3	0	0	0	0
AF	0	0.062461	2	1	1	0	0	0	0
AF	0	0.062773	22	16	6	0	0	0	0
AF	0	0.063086	3	3	0	0	0	0	0
AF	0	0.063398	14	8	6	0	0	0	0
AF	0	0.063710	11	7	4	0	0	0	0
AF	0	0.064022	9	6	3	0	0	0	0
AF	0	0.064335	2	2	0	0	0	0	0
AF	0	0.064647	8	3	5	0	0	0	0
AF	0	0.064959	4	3	1	0	0	0	0
AF	0	0.065272	7	6	1	0	0	0	0
AF	0	0.065584	1	1	0	0	0	0	0
AF	0	0.065896	3	2	1	0	0	0	0
AF	0	0.066209	2	2	0	0	0	0	0
AF	0	0.066521	4	3	1	0	0	0	0
AF	0	0.067458	1	0	1	0	0	0	0
AF	0	0.067770	6	6	0	0	0	0	0
AF	0	0.068082	3	2	1	0	0	0	0
AF	0	0.068395	7	4	3	0	0	0	0
AF	0	0.068707	3	2	1	0	0	0	0
AF	0	0.069019	15	9	6	0	0	0	0
AF	0	0.069332	1	1	0	0	0	0	0
AF	0	0.069644	5	3	2	0	0	0	0
AF	0	0.070269	6	4	2	0	0	0	0
AF	0	0.070581	1	1	0	0	0	0	0
AF	0	0.070893	8	6	2	0	0	0	0
AF	0	0.071205	4	2	2	0	0	0	0
AF	0	0.071518	7	4	3	0	0	0	0
AF	0	0.071830	2	2	0	0	0	0	0
AF	0	0.072142	3	2	1	0	0	0	0
AF	0	0.072455	6	4	2	0	0	0	0
AF	0	0.072767	9	7	2	0	0	0	0
AF	0	0.073392	6	3	3	0	0	0	0
AF	0	0.073704	1	1	0	0	0	0	0
AF	0	0.074016	8	3	5	0	0	0	0
AF	0	0.074329	1	1	0	0	0	0	0
AF	0	0.074641	3	2	1	0	0	0	0
AF	0	0.074953	2	1	1	0	0	0	0
AF	0	0.075265	3	3	0	0	0	0	0
AF	0	0.075578	2	2	0	0	0	0	0
AF	0	0.075890	3	3	0	0	0	0	0
AF	0	0.076202	1	1	0	0	0	0	0
AF	0	0.076515	5	4	1	0	0	0	0
AF	0	0.076827	3	1	2	0	0	0	0
AF	0	0.077139	5	3	2	0	0	0	0
AF	0	0.077452	3	2	1	0	0	0	0
AF	0	0.077764	1	1	0	0	0	0	0
AF	0	0.078076	3	2	1	0	0	0	0
AF	0	0.078389	4	2	2	0	0	0	0
AF	0	0.078701	9	8	1	0	0	0	0
AF	0	0.079013	5	3	2	0	0	0	0
AF	0	0.079325	2	2	0	0	0	0	0
AF	0	0.079638	1	1	0	0	0	0	0
AF	0	0.079950	1	1	0	0	0	0	0
AF	0	0.080262	8	6	2	0	0	0	0
AF	0	0.080575	2	2	0	0	0	0	0
AF	0	0.080887	2	1	1	0	0	0	0
AF	0	0.081199	2	1	1	0	0	0	0
AF	0	0.081512	16	10	6	0	0	0	0
AF	0	0.081824	3	2	1	0	0	0	0
AF	0	0.082136	2	2	0	0	0	0	0
AF	0	0.082761	5	3	2	0	0	0	0
AF	0	0.083073	5	2	3	0	0	0	0
AF	0	0.083385	6	3	3	0	0	0	0
AF	0	0.083698	1	1	0	0	0	0	0
AF	0	0.084010	3	3	0	0	0	0	0
AF	0	0.084322	9	7	2	0	0	0	0
AF	0	0.084635	9	5	4	0	0	0	0
AF	0	0.084947	3	3	0	0	0	0	0
AF	0	0.085259	6	4	2	0	0	0	0
AF	0	0.085572	2	2	0	0	0	0	0
AF	0	0.085884	5	2	3	0	0	0	0
AF	0	0.086196	2	2	0	0	0	0	0
AF	0	0.086508	6	5	1	0	0	0	0
AF	0	0.086821	1	1	0	0	0	0	0
AF	0	0.087133	11	10	1	0	0	0	0
AF	0	0.087445	4	2	2	0	0	0	0
AF	0	0.087758	5	4	1	0	0	0	0
AF	0	0.088070	2	1	1	0	0	0	0
AF	0	0.088382	7	6	1	0	0	0	0
AF	0	0.088695	2	1	1	0	0	0	0
AF	0	0.089007	2	1	1	0	0	0	0
AF	0	0.089319	2	2	0	0	0	0	0
AF	0	0.089631	11	7	4	0	0	0	0
AF	0	0.089944	4	4	0	0	0	0	0
AF	0	0.090256	4	2	2	0	0	0	0
AF	0	0.090568	10	8	2	0	0	0	0
AF	0	0.090881	8	4	4	0	0	0	0
AF	0	0.091193	8	5	3	0	0	0	0
AF	0	0.091505	6	4	2	0	0	0	0
AF	0	0.091818	3	2	1	0	0	0	0
AF	0	0.092130	7	5	2	0	0	0	0
AF	0	0.092442	4	2	2	0	0	0	0
AF	0	0.092755	5	4	1	0	0	0	0
AF	0	0.093067	8	5	3	0	0	0	0
AF	0	0.093379	3	2	1	0	0	0	0
AF	0	0.094004	3	2	1	0	0	0	0
AF	0	0.094316	1	1	0	0	0	0	0
AF	0	0.094628	3	2	1	0	0	0	0
AF	0	0.094941	1	0	1	0	0	0	0
AF	0	0.095253	4	1	3	0	0	0	0
AF	0	0.095565	2	1	1	0	0	0	0
AF	0	0.095878	4	2	2	0	0	0	0
AF	0	0.096502	4	2	2	0	0	0	0
AF	0	0.096814	7	5	2	0	0	0	0
AF	0	0.097127	3	3	0	0	0	0	0
AF	0	0.097439	1	1	0	0	0	0	0
AF	0	0.097751	4	4	0	0	0	0	0
AF	0	0.098064	6	5	1	0	0	0	0
AF	0	0.098376	6	4	2	0	0	0	0
AF	0	0.098688	4	4	0	0	0	0	0
AF	0	0.099001	13	6	7	0	0	0	0
AF	0	0.099313	5	1	4	0	0	0	0
AF	0	0.099625	3	3	0	0	0	0	0
AF	0	0.099938	3	3	0	0	0	0	0
AF	0	0.100250	3	1	2	0	0	0	0
AF	0	0.100562	1	1	0	0	0	0	0
AF	0	0.100874	1	1	0	0	0	0	0
AF	0	0.101187	1	1	0	0	0	0	0
AF	0	0.101811	2	0	2	0	0	0	0
AF	0	0.102124	2	1	1	0	0	0	0
AF	0	0.102436	1	0	1	0	0	0	0
AF	0	0.102748	6	2	4	0	0	0	0
AF	0	0.103061	1	1	0	0	0	0	0
AF	0	0.103373	9	6	3	0	0	0	0
AF	0	0.103685	3	2	1	0	0	0	0
AF	0	0.103998	4	1	3	0	0	0	0
AF	0	0.104310	2	2	0	0	0	0	0
AF	0	0.104622	4	4	0	0	0	0	0
AF	0	0.104934	2	0	2	0	0	0	0
AF	0	0.105247	2	1	1	0	0	0	0
AF	0	0.105559	2	1	1	0	0	0	0
AF	0	0.105871	3	2	1	0	0	0	0
AF	0	0.106184	4	2	2	0	0	0	0
AF	0	0.106496	4	2	2	0	0	0	0
AF	0	0.106808	1	1	0	0	0	0	0
AF	0	0.107121	2	1	1	0	0	0	0
AF	0	0.107433	1	1	0	0	0	0	0
AF	0	0.107745	4	3	1	0	0	0	0
AF	0	0.108370	2	2	0	0	0	0	0
AF	0	0.108994	3	1	2	0	0	0	0
AF	0	0.109307	3	2	1	0	0	0	0
AF	0	0.109619	7	4	3	0	0	0	0
AF	0	0.109931	2	1	1	0	0	0	0
AF	0	0.110244	2	2	0	0	0	0	0
AF	0	0.110556	3	2	1	0	0	0	0
AF	0	0.110868	7	3	4	0	0	0	0
AF	0	0.111181	5	3	2	0	0	0	0
AF	0	0.111493	6	5	1	0	0	0	0
AF	0	0.111805	7	4	3	0	0	0	0
AF	0	0.112117	4	4	0	0	0	0	0
AF	0	0.112430	5	4	1	0	0	0	0
AF	0	0.112742	3	3	0	0	0	0	0
AF	0	0.113054	5	4	1	0	0	0	0
AF	0	0.113679	3	2	1	0	0	0	0
AF	0	0.114304	4	2	2	0	0	0	0
AF	0	0.115240	1	1	0	0	0	0	0
AF	0	0.115553	2	1	1	0	0	0	0
AF	0	0.115865	1	1	0	0	0	0	0
AF	0	0.116177	6	2	4	0	0	0	0
AF	0	0.116802	7	5	2	0	0	0	0
AF	0	0.117114	4	3	1	0	0	0	0
AF	0	0.117427	5	2	3	0	0	0	0
AF	0	0.117739	3	3	0	0	0	0	0
AF	0	0.118051	4	4	0	0	0	0	0
AF	0	0.118364	1	0	1	0	0	0	0
AF	0	0.118676	1	1	0	0	0	0	0
AF	0	0.118988	1	1	0	0	0	0	0
AF	0	0.119300	7	6	1	0	0	0	0
AF	0	0.119613	3	1	2	0	0	0	0
AF	0	0.119925	2	2	0	0	0	0	0
AF	0	0.120237	2	2	0	0	0	0	0
AF	0	0.120550	1	0	1	0	0	0	0
AF	0	0.120862	1	1	0	0	0	0	0
AF	0	0.121174	3	2	1	0	0	0	0
AF	0	0.121487	1	1	0	0	0	0	0
AF	0	0.121799	5	3	2	0	0	0	0
AF	0	0.122111	1	1	0	0	0	0	0
AF	0	0.122423	2	0	2	0	0	0	0
AF	0	0.122736	2	0	2	0	0	0	0
AF	0	0.123048	2	1	1	0	0	0	0
AF	0	0.123360	3	2	1	0	0	0	0
AF	0	0.123985	1	1	0	0	0	0	0
AF	0	0.124297	2	2	0	0	0	0	0
AF	0	0.124922	3	2	1	0	0	0	0
AF	0	0.125547	1	1	0	0	0	0	0
AF	0	0.125859	1	1	0	0	0	0	0
AF	0	0.126171	4	3	1	0	0	0	0
AF	0	0.126483	1	0	1	0	0	0	0
AF	0	0.126796	2	2	0	0	0	0	0
AF	0	0.127108	3	2	1	0	0	0	0
AF	0	0.127420	3	1	2	0	0	0	0
AF	0	0.127733	1	1	0	0	0	0	0
AF	0	0.128045	1	0	1	0	0	0	0
AF	0	0.128357	3	3	0	0	0	0	0
AF	0	0.128670	2	2	0	0	0	0	0
AF	0	0.129294	3	3	0	0	0	0	0
AF	0	0.129606	2	2	0	0	0	0	0
AF	0	0.129919	2	0	2	0	0	0	0
AF	0	0.130231	4	1	3	0	0	0	0
AF	0	0.130543	2	0	2	0	0	0	0
AF	0	0.131168	3	2	1	0	0	0	0
AF	0	0.131480	1	1	0	0	0	0	0
AF	0	0.131793	2	1	1	0	0	0	0
AF	0	0.132417	3	2	1	0	0	0	0
AF	0	0.132730	1	1	0	0	0	0	0
AF	0	0.133042	3	3	0	0	0	0	0
AF	0	0.133354	3	3	0	0	0	0	0
AF	0	0.133666	4	4	0	0	0	0	0
AF	0	0.134291	5	2	3	0	0	0	0
AF	0	0.134603	1	1	0	0	0	0	0
AF	0	0.135540	1	0	1	0	0	0	0
AF	0	0.136477	1	1	0	0	0	0	0
AF	0	0.137726	1	0	1	0	0	0	0
AF	0	0.138039	1	0	1	0	0	0	0
AF	0	0.139600	4	1	3	0	0	0	0
AF	0	0.139913	4	2	2	0	0	0	0
AF	0	0.140225	4	3	1	0	0	0	0
AF	0	0.140537	1	1	0	0	0	0	0
AF	0	0.141162	1	1	0	0	0	0	0
AF	0	0.141474	1	0	1	0	0	0	0
AF	0	0.141786	2	1	1	0	0	0	0
AF	0	0.142099	1	1	0	0	0	0	0
AF	0	0.142411	2	2	0	0	0	0	0
AF	0	0.142723	1	1	0	0	0	0	0
AF	0	0.143036	1	0	1	0	0	0	0
AF	0	0.143660	1	0	1	0	0	0	0
AF	0	0.144285	1	0	1	0	0	0	0
AF	0	0.144909	1	0	1	0	0	0	0
AF	0	0.145846	1	0	1	0	0	0	0
AF	0	0.146783	1	0	1	0	0	0	0
AF	0	0.147408	3	2	1	0	0	0	0
AF	0	0.147720	2	2	0	0	0	0	0
AF	0	0.148032	3	2	1	0	0	0	0
AF	0	0.150531	1	0	1	0	0	0	0
AF	0	0.150843	3	3	0	0	0	0	0
AF	0	0.152405	2	0	2	0	0	0	0
AF	0	0.152717	1	0	1	0	0	0	0
AF	0	0.153029	3	2	1	0	0	0	0
AF	0	0.153342	1	1	0	0	0	0	0
AF	0	0.153654	5	4	1	0	0	0	0
AF	0	0.153966	5	3	2	0	0	0	0
AF	0	0.154279	8	6	2	0	0	0	0
AF	0	0.154591	2	2	0	0	0	0	0
AF	0	0.154903	1	1	0	0	0	0	0
AF	0	0.155215	3	2	1	0	0	0	0
AF	0	0.155528	1	1	0	0	0	0	0
AF	0	0.155840	3	3	0	0	0	0	0
AF	0	0.156152	2	2	0	0	0	0	0
AF	0	0.156465	1	1	0	0	0	0	0
AF	0	0.156777	2	0	2	0	0	0	0
AF	0	0.157402	1	0	1	0	0	0	0
AF	0	0.157714	2	1	1	0	0	0	0
AF	0	0.158026	1	1	0	0	0	0	0
AF	0	0.158651	2	1	1	0	0	0	0
AF	0	0.159275	1	1	0	0	0	0	0
AF	0	0.159588	2	2	0	0	0	0	0
AF	0	0.159900	1	1	0	0	0	0	0
AF	0	0.160212	2	2	0	0	0	0	0
AF	0	0.160525	1	1	0	0	0	0	0
AF	0	0.160837	2	1	1	0	0	0	0
AF	0	0.161149	2	2	0	0	0	0	0
AF	0	0.161462	3	1	2	0	0	0	0
AF	0	0.161774	6	5	1	0	0	0	0
AF	0	0.162399	1	1	0	0	0	0	0
AF	0	0.162711	3	3	0	0	0	0	0
AF	0	0.163023	3	2	1	0	0	0	0
AF	0	0.163335	3	3	0	0	0	0	0
AF	0	0.163648	1	1	0	0	0	0	0
AF	0	0.164272	2	1	1	0	0	0	0
AF	0	0.164897	2	0	2	0	0	0	0
AF	0	0.165522	1	0	1	0	0	0	0
AF	0	0.165834	1	0	1	0	0	0	0
AF	0	0.167083	2	1	1	0	0	0	0
AF	0	0.167395	1	1	0	0	0	0	0
AF	0	0.167708	1	1	0	0	0	0	0
AF	0	0.168020	3	2	1	0	0	0	0
AF	0	0.168645	4	2	2	0	0	0	0
AF	0	0.168957	1	1	0	0	0	0	0
AF	0	0.169269	2	2	0	0	0	0	0
AF	0	0.169582	6	5	1	0	0	0	0
AF	0	0.169894	4	3	1	0	0	0	0
AF	0	0.170206	1	1	0	0	0	0	0
AF	0	0.170518	1	1	0	0	0	0	0
AF	0	0.170831	2	2	0	0	0	0	0
AF	0	0.171143	2	2	0	0	0	0	0
AF	0	0.171455	5	2	3	0	0	0	0
AF	0	0.171768	1	1	0	0	0	0	0
AF	0	0.172392	2	0	2	0	0	0	0
AF	0	0.172705	2	1	1	0	0	0	0
AF	0	0.173017	1	1	0	0	0	0	0
AF	0	0.173641	7	4	3	0	0	0	0
AF	0	0.173954	3	3	0	0	0	0	0
AF	0	0.174266	2	2	0	0	0	0	0
AF	0	0.175828	1	0	1	0	0	0	0
AF	0	0.176140	2	1	1	0	0	0	0
AF	0	0.176452	3	2	1	0	0	0	0
AF	0	0.176765	5	3	2	0	0	0	0
AF	0	0.177077	1	1	0	0	0	0	0
AF	0	0.177389	3	2	1	0	0	0	0
AF	0	0.177701	1	0	1	0	0	0	0
AF	0	0.178014	3	2	1	0	0	0	0
AF	0	0.178326	2	2	0	0	0	0	0
AF	0	0.178638	4	3	1	0	0	0	0
AF	0	0.179263	4	3	1	0	0	0	0
AF	0	0.179575	5	4	1	0	0	0	0
AF	0	0.179888	6	3	3	0	0	0	0
AF	0	0.180200	1	1	0	0	0	0	0
AF	0	0.180512	1	0	1	0	0	0	0
AF	0	0.181137	3	2	1	0	0	0	0
AF	0	0.181449	1	0	1	0	0	0	0
AF	0	0.181761	4	3	1	0	0	0	0
AF	0	0.182074	3	2	1	0	0	0	0
AF	0	0.182386	3	3	0	0	0	0	0
AF	0	0.182698	1	1	0	0	0	0	0
AF	0	0.183011	2	1	1	0	0	0	0
AF	0	0.183323	2	1	1	0	0	0	0
AF	0	0.183948	5	3	2	0	0	0	0
AF	0	0.184260	6	5	1	0	0	0	0
AF	0	0.184572	1	0	1	0	0	0	0
AF	0	0.184884	3	3	0	0	0	0	0
AF	0	0.185197	3	0	3	0	0	0	0
AF	0	0.185509	1	1	0	0	0	0	0
AF	0	0.185821	1	1	0	0	0	0	0
AF	0	0.186134	7	5	2	0	0	0	0
AF	0	0.186446	1	1	0	0	0	0	0
AF	0	0.186758	3	1	2	0	0	0	0
AF	0	0.187071	1	1	0	0	0	0	0
AF	0	0.187383	4	2	2	0	0	0	0
AF	0	0.187695	5	2	3	0	0	0	0
AF	0	0.188007	5	5	0	0	0	0	0
AF	0	0.188320	2	2	0	0	0	0	0
AF	0	0.188632	5	4	1	0	0	0	0
AF	0	0.189257	3	3	0	0	0	0	0
AF	0	0.189569	2	1	1	0	0	0	0
AF	0	0.189881	5	3	2	0	0	0	0
AF	0	0.190194	2	1	1	0	0	0	0
AF	0	0.190506	3	1	2	0	0	0	0
AF	0	0.190818	1	1	0	0	0	0	0
AF	0	0.191131	2	2	0	0	0	0	0
AF	0	0.191443	1	0	1	0	0	0	0
AF	0	0.191755	2	1	1	0	0	0	0
AF	0	0.192067	2	2	0	0	0	0	0
AF	0	0.192380	4	2	2	0	0	0	0
AF	0	0.192692	1	1	0	0	0	0	0
AF	0	0.193004	6	4	2	0	0	0	0
AF	0	0.193317	5	4	1	0	0	0	0
AF	0	0.193629	4	3	1	0	0	0	0
AF	0	0.193941	1	0	1	0	0	0	0
AF	0	0.194254	8	5	3	0	0	0	0
AF	0	0.194566	4	3	1	0	0	0	0
AF	0	0.194878	4	3	1	0	0	0	0
AF	0	0.195191	2	1	1	0	0	0	0
AF	0	0.195503	3	2	1	0	0	0	0
AF	0	0.195815	3	2	1	0	0	0	0
AF	0	0.196127	6	4	2	0	0	0	0
AF	0	0.196440	1	0	1	0	0	0	0
AF	0	0.196752	2	1	1	0	0	0	0
AF	0	0.197064	2	1	1	0	0	0	0
AF	0	0.197377	2	1	1	0	0	0	0
AF	0	0.197689	3	1	2	0	0	0	0
AF	0	0.198001	2	1	1	0	0	0	0
AF	0	0.198314	2	2	0	0	0	0	0
AF	0	0.198626	3	3	0	0	0	0	0
AF	0	0.198938	1	0	1	0	0	0	0
AF	0	0.199250	2	1	1	0	0	0	0
AF	0	0.199563	4	3	1	0	0	0	0
AF	0	0.199875	5	2	3	0	0	0	0
AF	0	0.200187	1	1	0	0	0	0	0
AF	0	0.200500	4	3	1	0	0	0	0
AF	0	0.200812	1	1	0	0	0	0	0
AF	0	0.201124	3	2	1	0	0	0	0
AF	0	0.201437	1	1	0	0	0	0	0
AF	0	0.201749	4	1	3	0	0	0	0
AF	0	0.202061	1	0	1	0	0	0	0
AF	0	0.202374	3	1	2	0	0	0	0
AF	0	0.202686	1	1	0	0	0	0	0
AF	0	0.202998	6	3	3	0	0	0	0
AF	0	0.203310	3	1	2	0	0	0	0
AF	0	0.203935	1	1	0	0	0	0	0
AF	0	0.204247	7	4	3	0	0	0	0
AF	0	0.204560	3	2	1	0	0	0	0
AF	0	0.204872	1	1	0	0	0	0	0
AF	0	0.205497	2	1	1	0	0	0	0
AF	0	0.206121	1	1	0	0	0	0	0
AF	0	0.206433	3	2	1	0	0	0	0
AF	0	0.207058	4	2	2	0	0	0	0
AF	0	0.207370	3	3	0	0	0	0	0
AF	0	0.207683	1	1	0	0	0	0	0
AF	0	0.207995	5	4	1	0	0	0	0
AF	0	0.208620	3	3	0	0	0	0	0
AF	0	0.208932	2	1	1	0	0	0	0
AF	0	0.209244	5	4	1	0	0	0	0
AF	0	0.209557	1	0	1	0	0	0	0
AF	0	0.209869	8	5	3	0	0	0	0
AF	0	0.210806	2	2	0	0	0	0	0
AF	0	0.211118	7	3	4	0	0	0	0
AF	0	0.211743	3	3	0	0	0	0	0
AF	0	0.212055	1	0	1	0	0	0	0
AF	0	0.212367	2	0	2	0	0	0	0
AF	0	0.212680	11	6	5	0	0	0	0
AF	0	0.212992	20	12	8	0	0	0	0
AF	0	0.213304	2	1	1	0	0	0	0
AF	0	0.213616	3	2	1	0	0	0	0
AF	0	0.213929	2	1	1	0	0	0	0
AF	0	0.214241	3	2	1	0	0	0	0
AF	0	0.214553	1	1	0	0	0	0	0
AF	0	0.214866	4	4	0	0	0	0	0
AF	0	0.215178	1	1	0	0	0	0	0
AF	0	0.215490	1	0	1	0	0	0	0
AF	0	0.215803	1	1	0	0	0	0	0
AF	0	0.216115	2	0	2	0	0	0	0
AF	0	0.216427	3	2	1	0	0	0	0
AF	0	0.216740	3	3	0	0	0	0	0
AF	0	0.217676	1	1	0	0	0	0	0
AF	0	0.217989	1	1	0	0	0	0	0
AF	0	0.218301	2	1	1	0	0	0	0
AF	0	0.218613	5	4	1	0	0	0	0
AF	0	0.219238	2	2	0	0	0	0	0
AF	0	0.219550	2	2	0	0	0	0	0
AF	0	0.219863	3	3	0	0	0	0	0
AF	0	0.220175	1	1	0	0	0	0	0
AF	0	0.220487	5	3	2	0	0	0	0
AF	0	0.221112	1	1	0	0	0	0	0
AF	0	0.221424	1	1	0	0	0	0	0
AF	0	0.221736	2	2	0	0	0	0	0
AF	0	0.222049	1	0	1	0	0	0	0
AF	0	0.222361	2	2	0	0	0	0	0
AF	0	0.222673	6	4	2	0	0	0	0
AF	0	0.222986	7	5	2	0	0	0	0
AF	0	0.223298	18	10	8	0	0	0	0
AF	0	0.223610	1	1	0	0	0	0	0
AF	0	0.223923	1	0	1	0	0	0	0
AF	0	0.224235	2	0	2	0	0	0	0
AF	0	0.224547	4	3	1	0	0	0	0
AF	0	0.224859	4	2	2	0	0	0	0
AF	0	0.225172	8	3	5	0	0	0	0
AF	0	0.225484	3	3	0	0	0	0	0
AF	0	0.225796	4	4	0	0	0	0	0
AF	0	0.226109	1	1	0	0	0	0	0
AF	0	0.226421	2	1	1	0	0	0	0
AF	0	0.226733	1	1	0	0	0	0	0
AF	0	0.227046	4	3	1	0	0	0	0
AF	0	0.227670	1	1	0	0	0	0	0
AF	0	0.228295	5	3	2	0	0	0	0
AF	0	0.228607	2	1	1	0	0	0	0
AF	0	0.228919	2	2	0	0	0	0	0
AF	0	0.229232	2	1	1	0	0	0	0
AF	0	0.229544	1	0	1	0	0	0	0
AF	0	0.229856	1	0	1	0	0	0	0
AF	0	0.230169	2	1	1	0	0	0	0
AF	0	0.230481	2	2	0	0	0	0	0
AF	0	0.231106	1	0	1	0	0	0	0
AF	0	0.231418	4	3	1	0	0	0	0
AF	0	0.231730	2	2	0	0	0	0	0
AF	0	0.232042	2	1	1	0	0	0	0
AF	0	0.232355	1	1	0	0	0	0	0
AF	0	0.232667	3	3	0	0	0	0	0
AF	0	0.232979	2	2	0	0	0	0	0
AF	0	0.233292	5	3	2	0	0	0	0
AF	0	0.233604	5	2	3	0	0	0	0
AF	0	0.233916	7	6	1	0	0	0	0
AF	0	0.234229	1	0	1	0	0	0	0
AF	0	0.234541	2	2	0	0	0	0	0
AF	0	0.234853	4	3	1	0	0	0	0
AF	0	0.235166	6	6	0	0	0	0	0
AF	0	0.235478	6	4	2	0	0	0	0
AF	0	0.235790	7	6	1	0	0	0	0
AF	0	0.236102	2	1	1	0	0	0	0
AF	0	0.236415	3	2	1	0	0	0	0
AF	0	0.236727	3	2	1	0	0	0	0
AF	0	0.237039	4	3	1	0	0	0	0
AF	0	0.237352	2	2	0	0	0	0	0
AF	0	0.237664	7	3	4	0	0	0	0
AF	0	0.237976	2	0	2	0	0	0	0
AF	0	0.238289	4	3	1	0	0	0	0
AF	0	0.238913	3	2	1	0	0	0	0
AF	0	0.239225	3	2	1	0	0	0	0
AF	0	0.239538	4	3	1	0	0	0	0
AF	0	0.239850	2	1	1	0	0	0	0
AF	0	0.240162	2	1	1	0	0	0	0
AF	0	0.241099	1	1	0	0	0	0	0
AF	0	0.241412	2	2	0	0	0	0	0
AF	0	0.242036	3	3	0	0	0	0	0
AF	0	0.242661	2	1	1	0	0	0	0
AF	0	0.242973	3	3	0	0	0	0	0
AF	0	0.243598	1	0	1	0	0	0	0
AF	0	0.243910	1	1	0	0	0	0	0
AF	0	0.244222	2	2	0	0	0	0	0
AF	0	0.244535	3	2	1	0	0	0	0
AF	0	0.244847	3	2	1	0	0	0	0
AF	0	0.245159	2	1	1	0	0	0	0
AF	0	0.245472	1	1	0	0	0	0	0
AF	0	0.245784	4	3	1	0	0	0	0
AF	0	0.246096	2	1	1	0	0	0	0
AF	0	0.246408	3	3	0	0	0	0	0
AF	0	0.247033	1	1	0	0	0	0	0
AF	0	0.247345	1	0	1	0	0	0	0
AF	0	0.247658	3	3	0	0	0	0	0
AF	0	0.248282	3	2	1	0	0	0	0
AF	0	0.249219	1	1	0	0	0	0	0
AF	0	0.249532	3	2	1	0	0	0	0
AF	0	0.249844	2	1	1	0	0	0	0
AF	0	0.250156	2	1	1	0	0	0	0
AF	0	0.250468	1	0	1	0	0	0	0
AF	0	0.250781	3	3	0	0	0	0	0
AF	0	0.251093	1	0	1	0	0	0	0
AF	0	0.251405	6	6	0	0	0	0	0
AF	0	0.251718	2	2	0	0	0	0	0
AF	0	0.252030	2	1	1	0	0	0	0
AF	0	0.253279	5	4	1	0	0	0	0
AF	0	0.253592	2	2	0	0	0	0	0
AF	0	0.253904	1	1	0	0	0	0	0
AF	0	0.254216	3	2	1	0	0	0	0
AF	0	0.254528	6	2	4	0	0	0	0
AF	0	0.254841	2	2	0	0	0	0	0
AF	0	0.255153	1	1	0	0	0	0	0
AF	0	0.255778	5	4	1	0	0	0	0
AF	0	0.256090	9	6	3	0	0	0	0
AF	0	0.256402	8	6	2	0	0	0	0
AF	0	0.256715	2	2	0	0	0	0	0
AF	0	0.257651	2	2	0	0	0	0	0
AF	0	0.257964	1	1	0	0	0	0	0
AF	0	0.258588	1	1	0	0	0	0	0
AF	0	0.259525	2	2	0	0	0	0	0
AF	0	0.260775	1	0	1	0	0	0	0
AF	0	0.261087	2	1	1	0	0	0	0
AF	0	0.261399	1	1	0	0	0	0	0
AF	0	0.261711	3	2	1	0	0	0	0
AF	0	0.262024	1	1	0	0	0	0	0
AF	0	0.262336	1	1	0	0	0	0	0
AF	0	0.262961	1	1	0	0	0	0	0
AF	0	0.263585	1	1	0	0	0	0	0
AF	0	0.263898	2	2	0	0	0	0	0
AF	0	0.264210	2	1	1	0	0	0	0
AF	0	0.264522	3	2	1	0	0	0	0
AF	0	0.264834	4	1	3	0	0	0	0
AF	0	0.265147	6	4	2	0	0	0	0
AF	0	0.265459	1	1	0	0	0	0	0
AF	0	0.265771	1	1	0	0	0	0	0
AF	0	0.266084	1	1	0	0	0	0	0
AF	0	0.266396	1	1	0	0	0	0	0
AF	0	0.266708	2	1	1	0	0	0	0
AF	0	0.267333	1	0	1	0	0	0	0
AF	0	0.267645	1	1	0	0	0	0	0
AF	0	0.268270	9	6	3	0	0	0	0
AF	0	0.268582	3	3	0	0	0	0	0
AF	0	0.269207	5	4	1	0	0	0	0
AF	0	0.269519	1	0	1	0	0	0	0
AF	0	0.270144	1	1	0	0	0	0	0
AF	0	0.270768	1	1	0	0	0	0	0
AF	0	0.271081	3	3	0	0	0	0	0
AF	0	0.271393	3	2	1	0	0	0	0
AF	0	0.272017	2	0	2	0	0	0	0
AF	0	0.272330	1	1	0	0	0	0	0
AF	0	0.272642	2	1	1	0	0	0	0
AF	0	0.272954	3	2	1	0	0	0	0
AF	0	0.273267	5	4	1	0	0	0	0
AF	0	0.273891	2	1	1	0	0	0	0
AF	0	0.275141	1	0	1	0	0	0	0
AF	0	0.275765	3	2	1	0	0	0	0
AF	0	0.276077	1	0	1	0	0	0	0
AF	0	0.276390	3	3	0	0	0	0	0
AF	0	0.276702	1	1	0	0	0	0	0
AF	0	0.277639	4	3	1	0	0	0	0
AF	0	0.277951	1	0	1	0	0	0	0
AF	0	0.278264	1	1	0	0	0	0	0
AF	0	0.279200	1	1	0	0	0	0	0
AF	0	0.279513	2	1	1	0	0	0	0
AF	0	0.279825	1	1	0	0	0	0	0
AF	0	0.280137	1	0	1	0	0	0	0
AF	0	0.280450	1	1	0	0	0	0	0
AF	0	0.280762	3	3	0	0	0	0	0
AF	0	0.281074	1	1	0	0	0	0	0
AF	0	0.281387	2	1	1	0	0	0	0
AF	0	0.281699	1	1	0	0	0	0	0
AF	0	0.282011	3	2	1	0	0	0	0
AF	0	0.282324	3	2	1	0	0	0	0
AF	0	0.282636	2	2	0	0	0	0	0
AF	0	0.282948	4	2	2	0	0	0	0
AF	0	0.283260	3	2	1	0	0	0	0
AF	0	0.283885	3	2	1	0	0	0	0
AF	0	0.284197	2	1	1	0	0	0	0
AF	0	0.284510	4	4	0	0	0	0	0
AF	0	0.284822	1	1	0	0	0	0	0
AF	0	0.285134	3	3	0	0	0	0	0
AF	0	0.285759	3	2	1	0	0	0	0
AF	0	0.286071	2	1	1	0	0	0	0
AF	0	0.286384	1	1	0	0	0	0	0
AF	0	0.286696	1	1	0	0	0	0	0
AF	0	0.287008	2	2	0	0	0	0	0
AF	0	0.287320	1	1	0	0	0	0	0
AF	0	0.287633	1	1	0	0	0	0	0
AF	0	0.287945	1	1	0	0	0	0	0
AF	0	0.288882	2	0	2	0	0	0	0
AF	0	0.289194	2	2	0	0	0	0	0
AF	0	0.289507	1	1	0	0	0	0	0
AF	0	0.289819	1	1	0	0	0	0	0
AF	0	0.290443	2	2	0	0	0	0	0
AF	0	0.290756	1	1	0	0	0	0	0
AF	0	0.291380	3	2	1	0	0	0	0
AF	0	0.291693	1	0	1	0	0	0	0
AF	0	0.292005	7	5	2	0	0	0	0
AF	0	0.292630	1	1	0	0	0	0	0
AF	0	0.293254	4	3	1	0	0	0	0
AF	0	0.293567	2	2	0	0	0	0	0
AF	0	0.293879	1	1	0	0	0	0	0
AF	0	0.294191	3	1	2	0	0	0	0
AF	0	0.294503	1	0	1	0	0	0	0
AF	0	0.294816	1	0	1	0	0	0	0
AF	0	0.295440	6	3	3	0	0	0	0
AF	0	0.295753	13	11	2	0	0	0	0
AF	0	0.296065	2	2	0	0	0	0	0
AF	0	0.296377	3	2	1	0	0	0	0
AF	0	0.296690	1	1	0	0	0	0	0
AF	0	0.297002	3	2	1	0	0	0	0
AF	0	0.297626	5	3	2	0	0	0	0
AF	0	0.297939	1	1	0	0	0	0	0
AF	0	0.298251	1	1	0	0	0	0	0
AF	0	0.298563	1	1	0	0	0	0	0
AF	0	0.298876	1	1	0	0	0	0	0
AF	0	0.299188	2	2	0	0	0	0	0
AF	0	0.299813	1	1	0	0	0	0	0
AF	0	0.300125	4	3	1	0	0	0	0
AF	0	0.300437	2	2	0	0	0	0	0
AF	0	0.300750	3	1	2	0	0	0	0
AF	0	0.301374	2	2	0	0	0	0	0
AF	0	0.301686	1	1	0	0	0	0	0
AF	0	0.301999	1	1	0	0	0	0	0
AF	0	0.302311	1	1	0	0	0	0	0
AF	0	0.302623	3	1	2	0	0	0	0
AF	0	0.302936	1	0	1	0	0	0	0
AF	0	0.303248	1	1	0	0	0	0	0
AF	0	0.303873	5	3	2	0	0	0	0
AF	0	0.304185	2	2	0	0	0	0	0
AF	0	0.304497	4	2	2	0	0	0	0
AF	0	0.304809	1	1	0	0	0	0	0
AF	0	0.305122	4	3	1	0	0	0	0
AF	0	0.305434	4	3	1	0	0	0	0
AF	0	0.305746	14	13	1	0	0	0	0
AF	0	0.306371	4	2	2	0	0	0	0
AF	0	0.306683	3	3	0	0	0	0	0
AF	0	0.306996	1	0	1	0	0	0	0
AF	0	0.307308	2	2	0	0	0	0	0
AF	0	0.307620	7	6	1	0	0	0	0
AF	0	0.307933	2	2	0	0	0	0	0
AF	0	0.308245	1	1	0	0	0	0	0
AF	0	0.308869	4	3	1	0	0	0	0
AF	0	0.309182	3	3	0	0	0	0	0
AF	0	0.309494	3	3	0	0	0	0	0
AF	0	0.309806	1	1	0	0	0	0	0
AF	0	0.310119	2	1	1	0	0	0	0
AF	0	0.310743	1	1	0	0	0	0	0
AF	0	0.311056	1	0	1	0	0	0	0
AF	0	0.311368	1	0	1	0	0	0	0
AF	0	0.311680	1	1	0	0	0	0	0
AF	0	0.311993	1	1	0	0	0	0	0
AF	0	0.312305	2	1	1	0	0	0	0
AF	0	0.312617	8	5	3	0	0	0	0
AF	0	0.312929	1	1	0	0	0	0	0
AF	0	0.313242	5	4	1	0	0	0	0
AF	0	0.313554	3	1	2	0	0	0	0
AF	0	0.313866	5	3	2	0	0	0	0
AF	0	0.314179	1	1	0	0	0	0	0
AF	0	0.314491	1	1	0	0	0	0	0
AF	0	0.314803	2	2	0	0	0	0	0
AF	0	0.315116	2	2	0	0	0	0	0
AF	0	0.315428	1	1	0	0	0	0	0
AF	0	0.315740	3	0	3	0	0	0	0
AF	0	0.316052	1	1	0	0	0	0	0
AF	0	0.316365	1	1	0	0	0	0	0
AF	0	0.316989	1	1	0	0	0	0	0
AF	0	0.317302	1	0	1	0	0	0	0
AF	0	0.317614	2	2	0	0	0	0	0
AF	0	0.318863	1	1	0	0	0	0	0
AF	0	0.319176	1	0	1	0	0	0	0
AF	0	0.319488	9	6	3	0	0	0	0
AF	0	0.320112	4	4	0	0	0	0	0
AF	0	0.320425	1	0	1	0	0	0	0
AF	0	0.321049	1	1	0	0	0	0	0
AF	0	0.321362	3	2	1	0	0	0	0
AF	0	0.321674	3	2	1	0	0	0	0
AF	0	0.321986	3	3	0	0	0	0	0
AF	0	0.322299	1	1	0	0	0	0	0
AF	0	0.322611	5	3	2	0	0	0	0
AF	0	0.322923	3	2	1	0	0	0	0
AF	0	0.323235	1	1	0	0	0	0	0
AF	0	0.323548	6	5	1	0	0	0	0
AF	0	0.323860	5	4	1	0	0	0	0
AF	0	0.324172	2	2	0	0	0	0	0
AF	0	0.324797	1	0	1	0	0	0	0
AF	0	0.325109	3	2	1	0	0	0	0
AF	0	0.325734	4	2	2	0	0	0	0
AF	0	0.326359	2	2	0	0	0	0	0
AF	0	0.326671	2	2	0	0	0	0	0
AF	0	0.326983	2	2	0	0	0	0	0
AF	0	0.327295	2	1	1	0	0	0	0
AF	0	0.327608	3	2	1	0	0	0	0
AF	0	0.327920	1	0	1	0	0	0	0
AF	0	0.328232	2	0	2	0	0	0	0
AF	0	0.329482	2	1	1	0	0	0	0
AF	0	0.329794	1	1	0	0	0	0	0
AF	0	0.330106	3	1	2	0	0	0	0
AF	0	0.330418	1	1	0	0	0	0	0
AF	0	0.331355	2	1	1	0	0	0	0
AF	0	0.332605	2	2	0	0	0	0	0
AF	0	0.332917	1	0	1	0	0	0	0
AF	0	0.333229	4	4	0	0	0	0	0
AF	0	0.333542	3	2	1	0	0	0	0
AF	0	0.333854	1	0	1	0	0	0	0
AF	0	0.334166	3	2	1	0	0	0	0
AF	0	0.334478	1	1	0	0	0	0	0
AF	0	0.334791	3	3	0	0	0	0	0
AF	0	0.335103	2	1	1	0	0	0	0
AF	0	0.335415	1	1	0	0	0	0	0
AF	0	0.336040	2	2	0	0	0	0	0
AF	0	0.336352	1	0	1	0	0	0	0
AF	0	0.336665	2	1	1	0	0	0	0
AF	0	0.337289	6	3	3	0	0	0	0
AF	0	0.337601	1	1	0	0	0	0	0
AF	0	0.338538	2	0	2	0	0	0	0
AF	0	0.338851	1	1	0	0	0	0	0
AF	0	0.339163	2	1	1	0	0	0	0
AF	0	0.339475	2	1	1	0	0	0	0
AF	0	0.339788	5	0	5	0	0	0	0
AF	0	0.340100	2	2	0	0	0	0	0
AF	0	0.340412	2	2	0	0	0	0	0
AF	0	0.340725	1	0	1	0	0	0	0
AF	0	0.341037	2	2	0	0	0	0	0
AF	0	0.341349	1	1	0	0	0	0	0
AF	0	0.341661	3	3	0	0	0	0	0
AF	0	0.341974	2	2	0	0	0	0	0
AF	0	0.342286	4	4	0	0	0	0	0
AF	0	0.342598	3	1	2	0	0	0	0
AF	0	0.342911	2	1	1	0	0	0	0
AF	0	0.343535	8	5	3	0	0	0	0
AF	0	0.343848	1	0	1	0	0	0	0
AF	0	0.344160	3	2	1	0	0	0	0
AF	0	0.344472	2	2	0	0	0	0	0
AF	0	0.344785	1	1	0	0	0	0	0
AF	0	0.345097	2	1	1	0	0	0	0
AF	0	0.345409	2	2	0	0	0	0	0
AF	0	0.346034	1	1	0	0	0	0	0
AF	0	0.346346	1	1	0	0	0	0	0
AF	0	0.346658	1	1	0	0	0	0	0
AF	0	0.346971	2	2	0	0	0	0	0
AF	0	0.347283	4	3	1	0	0	0	0
AF	0	0.347595	3	1	2	0	0	0	0
AF	0	0.347908	4	4	0	0	0	0	0
AF	0	0.348532	6	3	3	0	0	0	0
AF	0	0.348844	1	1	0	0	0	0	0
AF	0	0.349157	1	0	1	0	0	0	0
AF	0	0.349781	4	3	1	0	0	0	0
AF	0	0.350094	4	2	2	0	0	0	0
AF	0	0.350406	7	5	2	0	0	0	0
AF	0	0.350718	1	1	0	0	0	0	0
AF	0	0.351031	5	3	2	0	0	0	0
AF	0	0.351343	1	1	0	0	0	0	0
AF	0	0.351655	3	3	0	0	0	0	0
AF	0	0.352280	2	0	2	0	0	0	0
AF	0	0.354154	1	1	0	0	0	0	0
AF	0	0.354778	3	2	1	0	0	0	0
AF	0	0.355403	1	1	0	0	0	0	0
AF	0	0.355715	1	1	0	0	0	0	0
AF	0	0.356027	2	2	0	0	0	0	0
AF	0	0.356964	2	2	0	0	0	0	0
AF	0	0.357277	3	2	1	0	0	0	0
AF	0	0.357901	2	2	0	0	0	0	0
AF	0	0.358526	1	1	0	0	0	0	0
AF	0	0.358838	1	0	1	0	0	0	0
AF	0	0.359463	1	1	0	0	0	0	0
AF	0	0.359775	2	2	0	0	0	0	0
AF	0	0.360087	2	1	1	0	0	0	0
AF	0	0.360400	3	2	1	0	0	0	0
AF	0	0.360712	4	3	1	0	0	0	0
AF	0	0.361024	3	3	0	0	0	0	0
AF	0	0.361337	5	2	3	0	0	0	0
AF	0	0.361649	2	2	0	0	0	0	0
AF	0	0.361961	3	1	2	0	0	0	0
AF	0	0.362274	4	3	1	0	0	0	0
AF	0	0.362586	1	0	1	0	0	0	0
AF	0	0.362898	1	1	0	0	0	0	0
AF	0	0.363523	2	0	2	0	0	0	0
AF	0	0.364147	1	0	1	0	0	0	0
AF	0	0.364772	3	1	2	0	0	0	0
AF	0	0.365084	1	1	0	0	0	0	0
AF	0	0.365397	1	1	0	0	0	0	0
AF	0	0.365709	2	2	0	0	0	0	0
AF	0	0.366021	2	2	0	0	0	0	0
AF	0	0.366646	1	0	1	0	0	0	0
AF	0	0.366958	2	2	0	0	0	0	0
AF	0	0.367270	1	0	1	0	0	0	0
AF	0	0.367583	2	0	2	0	0	0	0
AF	0	0.367895	5	2	3	0	0	0	0
AF	0	0.368207	1	1	0	0	0	0	0
AF	0	0.368520	5	2	3	0	0	0	0
AF	0	0.368832	3	1	2	0	0	0	0
AF	0	0.369144	6	4	2	0	0	0	0
AF	0	0.369457	2	2	0	0	0	0	0
AF	0	0.369769	2	1	1	0	0	0	0
AF	0	0.370081	1	1	0	0	0	0	0
AF	0	0.370394	7	5	2	0	0	0	0
AF	0	0.370706	3	3	0	0	0	0	0
AF	0	0.371018	9	8	1	0	0	0	0
AF	0	0.371643	1	0	1	0	0	0	0
AF	0	0.371955	7	6	1	0	0	0	0
AF	0	0.372267	8	7	1	0	0	0	0
AF	0	0.372580	6	4	2	0	0	0	0
AF	0	0.372892	5	3	2	0	0	0	0
AF	0	0.373204	2	2	0	0	0	0	0
AF	0	0.373517	1	1	0	0	0	0	0
AF	0	0.373829	3	2	1	0	0	0	0
AF	0	0.374141	4	2	2	0	0	0	0
AF	0	0.374453	2	1	1	0	0	0	0
AF	0	0.374766	3	1	2	0	0	0	0
AF	0	0.375078	3	2	1	0	0	0	0
AF	0	0.375390	3	3	0	0	0	0	0
AF	0	0.375703	1	1	0	0	0	0	0
AF	0	0.376015	2	1	1	0	0	0	0
AF	0	0.376327	1	1	0	0	0	0	0
AF	0	0.376640	4	2	2	0	0	0	0
AF	0	0.376952	1	1	0	0	0	0	0
AF	0	0.377264	2	0	2	0	0	0	0
AF	0	0.377577	1	0	1	0	0	0	0
AF	0	0.377889	5	2	3	0	0	0	0
AF	0	0.378201	3	2	1	0	0	0	0
AF	0	0.378826	1	1	0	0	0	0	0
AF	0	0.379138	1	0	1	0	0	0	0
AF	0	0.379450	1	1	0	0	0	0	0
AF	0	0.379763	4	4	0	0	0	0	0
AF	0	0.380075	2	1	1	0	0	0	0
AF	0	0.380387	3	1	2	0	0	0	0
AF	0	0.381012	1	0	1	0	0	0	0
AF	0	0.381636	1	1	0	0	0	0	0
AF	0	0.381949	2	1	1	0	0	0	0
AF	0	0.382261	3	2	1	0	0	0	0
AF	0	0.382573	1	1	0	0	0	0	0
AF	0	0.382886	3	1	2	0	0	0	0
AF	0	0.383510	1	1	0	0	0	0	0
AF	0	0.384135	1	1	0	0	0	0	0
AF	0	0.384447	2	2	0	0	0	0	0
AF	0	0.384760	1	0	1	0	0	0	0
AF	0	0.385072	2	2	0	0	0	0	0
AF	0	0.385384	1	1	0	0	0	0	0
AF	0	0.386321	1	1	0	0	0	0	0
AF	0	0.386633	1	1	0	0	0	0	0
AF	0	0.386946	1	1	0	0	0	0	0
AF	0	0.387883	1	1	0	0	0	0	0
AF	0	0.388819	1	1	0	0	0	0	0
AF	0	0.389132	1	0	1	0	0	0	0
AF	0	0.390381	3	3	0	0	0	0	0
AF	0	0.390693	1	1	0	0	0	0	0
AF	0	0.391630	1	0	1	0	0	0	0
AF	0	0.391943	2	1	1	0	0	0	0
AF	0	0.392255	5	4	1	0	0	0	0
AF	0	0.392567	1	1	0	0	0	0	0
AF	0	0.392879	1	1	0	0	0	0	0
AF	0	0.393192	1	1	0	0	0	0	0
AF	0	0.393816	3	2	1	0	0	0	0
AF	0	0.394129	7	3	4	0	0	0	0
AF	0	0.394441	2	2	0	0	0	0	0
AF	0	0.394753	3	2	1	0	0	0	0
AF	0	0.395378	2	1	1	0	0	0	0
AF	0	0.395690	1	1	0	0	0	0	0
AF	0	0.396002	1	1	0	0	0	0	0
AF	0	0.396627	1	1	0	0	0	0	0
AF	0	0.397252	1	1	0	0	0	0	0
AF	0	0.398189	1	1	0	0	0	0	0
AF	0	0.398501	1	0	1	0	0	0	0
AF	0	0.399126	2	1	1	0	0	0	0
AF	0	0.399438	2	0	2	0	0	0	0
AF	0	0.400999	1	0	1	0	0	0	0
AF	0	0.401312	2	2	0	0	0	0	0
AF	0	0.401624	1	1	0	0	0	0	0
AF	0	0.401936	1	1	0	0	0	0	0
AF	0	0.402561	1	0	1	0	0	0	0
AF	0	0.402873	2	1	1	0	0	0	0
AF	0	0.403186	2	1	1	0	0	0	0
AF	0	0.403498	1	1	0	0	0	0	0
AF	0	0.404747	2	2	0	0	0	0	0
AF	0	0.405059	3	2	1	0	0	0	0
AF	0	0.405372	3	1	2	0	0	0	0
AF	0	0.405996	5	4	1	0	0	0	0
AF	0	0.406309	2	2	0	0	0	0	0
AF	0	0.406621	1	1	0	0	0	0	0
AF	0	0.407245	1	0	1	0	0	0	0
AF	0	0.407558	3	3	0	0	0	0	0
AF	0	0.407870	1	1	0	0	0	0	0
AF	0	0.408182	1	0	1	0	0	0	0
AF	0	0.408495	2	1	1	0	0	0	0
AF	0	0.408807	2	2	0	0	0	0	0
AF	0	0.409119	2	1	1	0	0	0	0
AF	0	0.409432	1	0	1	0	0	0	0
AF	0	0.409744	3	2	1	0	0	0	0
AF	0	0.410993	1	0	1	0	0	0	0
AF	0	0.411618	2	1	1	0	0	0	0
AF	0	0.411930	2	0	2	0	0	0	0
AF	0	0.412555	1	1	0	0	0	0	0
AF	0	0.412867	1	1	0	0	0	0	0
AF	0	0.413492	1	0	1	0	0	0	0
AF	0	0.415053	1	1	0	0	0	0	0
AF	0	0.416615	2	2	0	0	0	0	0
AF	0	0.417864	1	1	0	0	0	0	0
AF	0	0.418488	1	1	0	0	0	0	0
AF	0	0.418801	1	0	1	0	0	0	0
AF	0	0.419113	1	0	1	0	0	0	0
AF	0	0.419738	1	0	1	0	0	0	0
AF	0	0.420362	1	1	0	0	0	0	0
AF	0	0.420675	1	1	0	0	0	0	0
AF	0	0.421611	1	1	0	0	0	0	0
AF	0	0.422236	2	1	1	0	0	0	0
AF	0	0.422861	1	1	0	0	0	0	0
AF	0	0.423173	1	0	1	0	0	0	0
AF	0	0.423485	1	1	0	0	0	0	0
AF	0	0.424110	3	1	2	0	0	0	0
AF	0	0.424422	1	1	0	0	0	0	0
AF	0	0.425047	2	2	0	0	0	0	0
AF	0	0.425359	1	1	0	0	0	0	0
AF	0	0.425671	1	1	0	0	0	0	0
AF	0	0.425984	3	2	1	0	0	0	0
AF	0	0.426296	1	0	1	0	0	0	0
AF	0	0.426608	3	3	0	0	0	0	0
AF	0	0.426921	2	1	1	0	0	0	0
AF	0	0.427545	1	1	0	0	0	0	0
AF	0	0.427858	3	1	2	0	0	0	0
AF	0	0.428170	2	2	0	0	0	0	0
AF	0	0.428482	4	3	1	0	0	0	0
AF	0	0.429419	1	1	0	0	0	0	0
AF	0	0.429731	1	1	0	0	0	0	0
AF	0	0.430044	1	1	0	0	0	0	0
AF	0	0.430356	1	1	0	0	0	0	0
AF	0	0.430668	1	1	0	0	0	0	0
AF	0	0.430981	7	5	2	0	0	0	0
AF	0	0.431293	2	2	0	0	0	0	0
AF	0	0.431605	1	1	0	0	0	0	0
AF	0	0.431918	1	1	0	0	0	0	0
AF	0	0.432230	1	1	0	0	0	0	0
AF	0	0.433479	3	3	0	0	0	0	0
AF	0	0.433791	2	2	0	0	0	0	0
AF	0	0.434104	1	0	1	0	0	0	0
AF	0	0.434728	1	1	0	0	0	0	0
AF	0	0.435041	1	1	0	0	0	0	0
AF	0	0.435353	3	1	2	0	0	0	0
AF	0	0.436914	1	0	1	0	0	0	0
AF	0	0.437227	1	1	0	0	0	0	0
AF	0	0.437851	1	1	0	0	0	0	0
AF	0	0.438164	1	1	0	0	0	0	0
AF	0	0.438476	2	2	0	0	0	0	0
AF	0	0.438788	2	2	0	0	0	0	0
AF	0	0.439101	2	2	0	0	0	0	0
AF	0	0.439725	4	1	3	0	0	0	0
AF	0	0.440037	1	1	0	0	0	0	0
AF	0	0.440350	3	2	1	0	0	0	0
AF	0	0.440662	1	0	1	0	0	0	0
AF	0	0.440974	2	0	2	0	0	0	0
AF	0	0.441287	1	1	0	0	0	0	0
AF	0	0.441599	2	2	0	0	0	0	0
AF	0	0.442536	1	0	1	0	0	0	0
AF	0	0.442848	1	0	1	0	0	0	0
AF	0	0.443161	3	1	2	0	0	0	0
AF	0	0.443785	1	1	0	0	0	0	0
AF	0	0.444097	5	4	1	0	0	0	0
AF	0	0.444410	4	3	1	0	0	0	0
AF	0	0.444722	2	2	0	0	0	0	0
AF	0	0.445971	1	1	0	0	0	0	0
AF	0	0.446284	1	1	0	0	0	0	0
AF	0	0.446596	1	1	0	0	0	0	0
AF	0	0.447533	1	1	0	0	0	0	0
AF	0	0.448157	3	2	1	0	0	0	0
AF	0	0.448470	1	1	0	0	0	0	0
AF	0	0.448782	1	1	0	0	0	0	0
AF	0	0.449407	1	1	0	0	0	0	0
AF	0	0.449719	2	0	2	0	0	0	0
AF	0	0.450344	1	1	0	0	0	0	0
AF	0	0.450656	2	2	0	0	0	0	0
AF	0	0.451280	3	2	1	0	0	0	0
AF	0	0.452530	3	3	0	0	0	0	0
AF	0	0.453154	2	1	1	0	0	0	0
AF	0	0.453779	3	3	0	0	0	0	0
AF	0	0.454091	3	2	1	0	0	0	0
AF	0	0.455028	9	8	1	0	0	0	0
AF	0	0.455653	4	2	2	0	0	0	0
AF	0	0.455965	2	1	1	0	0	0	0
AF	0	0.456277	3	2	1	0	0	0	0
AF	0	0.458151	1	1	0	0	0	0	0
AF	0	0.458463	2	1	1	0	0	0	0
AF	0	0.458776	5	4	1	0	0	0	0
AF	0	0.459088	1	1	0	0	0	0	0
AF	0	0.459400	2	2	0	0	0	0	0
AF	0	0.460025	2	1	1	0	0	0	0
AF	0	0.460962	1	0	1	0	0	0	0
AF	0	0.461274	2	2	0	0	0	0	0
AF	0	0.462836	3	2	1	0	0	0	0
AF	0	0.463773	2	2	0	0	0	0	0
AF	0	0.464085	2	2	0	0	0	0	0
AF	0	0.464710	1	1	0	0	0	0	0
AF	0	0.465022	3	2	1	0	0	0	0
AF	0	0.465334	2	2	0	0	0	0	0
AF	0	0.465646	4	3	1	0	0	0	0
AF	0	0.465959	5	3	2	0	0	0	0
AF	0	0.466271	5	4	1	0	0	0	0
AF	0	0.466583	1	0	1	0	0	0	0
AF	0	0.466896	13	10	3	0	0	0	0
AF	0	0.467208	12	10	2	0	0	0	0
AF	0	0.467520	2	1	1	0	0	0	0
AF	0	0.468145	1	1	0	0	0	0	0
AF	0	0.468457	2	2	0	0	0	0	0
AF	0	0.468770	2	2	0	0	0	0	0
AF	0	0.469082	2	2	0	0	0	0	0
AF	0	0.469394	5	3	2	0	0	0	0
AF	0	0.469706	1	1	0	0	0	0	0
AF	0	0.470019	2	2	0	0	0	0	0
AF	0	0.470643	1	1	0	0	0	0	0
AF	0	0.470956	1	0	1	0	0	0	0
AF	0	0.473142	1	0	1	0	0	0	0
AF	0	0.473454	2	2	0	0	0	0	0
AF	0	0.473766	2	1	1	0	0	0	0
AF	0	0.474079	1	1	0	0	0	0	0
AF	0	0.474391	2	1	1	0	0	0	0
AF	0	0.476265	2	1	1	0	0	0	0
AF	0	0.478139	1	1	0	0	0	0	0
AF	0	0.479076	1	1	0	0	0	0	0
AF	0	0.479388	12	10	2	0	0	0	0
AF	0	0.479700	2	1	1	0	0	0	0
AF	0	0.480012	9	4	5	0	0	0	0
AF	0	0.480325	3	2	1	0	0	0	0
AF	0	0.480637	2	1	1	0	0	0	0
AF	0	0.481262	2	2	0	0	0	0	0
AF	0	0.481574	2	1	1	0	0	0	0
AF	0	0.482199	1	1	0	0	0	0	0
AF	0	0.482511	3	2	1	0	0	0	0
AF	0	0.483760	1	1	0	0	0	0	0
AF	0	0.484385	6	3	3	0	0	0	0
AF	0	0.484697	6	4	2	0	0	0	0
AF	0	0.485009	11	8	3	0	0	0	0
AF	0	0.485322	8	6	2	0	0	0	0
AF	0	0.485634	5	4	1	0	0	0	0
AF	0	0.485946	2	1	1	0	0	0	0
AF	0	0.486259	8	5	3	0	0	0	0
AF	0	0.486571	9	5	4	0	0	0	0
AF	0	0.486883	9	8	1	0	0	0	0
AF	0	0.487196	2	1	1	0	0	0	0
AF	0	0.487820	1	0	1	0	0	0	0
AF	0	0.488757	1	1	0	0	0	0	0
AF	0	0.489069	1	0	1	0	0	0	0
AF	0	0.490006	1	0	1	0	0	0	0
AF	0	0.490319	1	1	0	0	0	0	0
AF	0	0.490631	3	3	0	0	0	0	0
AF	0	0.490943	1	1	0	0	0	0	0
AF	0	0.491255	1	1	0	0	0	0	0
AF	0	0.491880	1	1	0	0	0	0	0
AF	0	0.493129	1	0	1	0	0	0	0
AF	0	0.493442	1	1	0	0	0	0	0
AF	0	0.493754	5	4	1	0	0	0	0
AF	0	0.494066	1	1	0	0	0	0	0
AF	0	0.494379	1	1	0	0	0	0	0
AF	0	0.495628	2	1	1	0	0	0	0
AF	0	0.496252	1	0	1	0	0	0	0
AF	0	0.497502	1	1	0	0	0	0	0
AF	0	0.498126	1	1	0	0	0	0	0
AF	0	0.500000	2	1	1	0	0	0	0
AF	0	0.500625	2	1	1	0	0	0	0
AF	0	0.500937	1	1	0	0	0	0	0
AF	0	0.501249	2	2	0	0	0	0	0
AF	0	0.502186	1	0	1	0	0	0	0
AF	0	0.502498	2	2	0	0	0	0	0
AF	0	0.503435	1	1	0	0	0	0	0
AF	0	0.503748	1	1	0	0	0	0	0
AF	0	0.504685	1	1	0	0	0	0	0
AF	0	0.505309	2	2	0	0	0	0	0
AF	0	0.505621	3	2	1	0	0	0	0
AF	0	0.506246	1	1	0	0	0	0	0
AF	0	0.506558	2	2	0	0	0	0	0
AF	0	0.506871	1	1	0	0	0	0	0
AF	0	0.507495	5	5	0	0	0	0	0
AF	0	0.507808	4	1	3	0	0	0	0
AF	0	0.508120	7	4	3	0	0	0	0
AF	0	0.508745	1	1	0	0	0	0	0
AF	0	0.509057	1	1	0	0	0	0	0
AF	0	0.510306	3	3	0	0	0	0	0
AF	0	0.510618	1	1	0	0	0	0	0
AF	0	0.511555	1	1	0	0	0	0	0
AF	0	0.511868	3	3	0	0	0	0	0
AF	0	0.512804	1	1	0	0	0	0	0
AF	0	0.513741	1	0	1	0	0	0	0
AF	0	0.514991	1	1	0	0	0	0	0
AF	0	0.515928	1	1	0	0	0	0	0
AF	0	0.516240	1	1	0	0	0	0	0
AF	0	0.516864	1	1	0	0	0	0	0
AF	0	0.518114	1	0	1	0	0	0	0
AF	0	0.519051	1	1	0	0	0	0	0
AF	0	0.519363	2	2	0	0	0	0	0
AF	0	0.519988	2	1	1	0	0	0	0
AF	0	0.520612	1	1	0	0	0	0	0
AF	0	0.520924	1	1	0	0	0	0	0
AF	0	0.521861	1	1	0	0	0	0	0
AF	0	0.522486	1	1	0	0	0	0	0
AF	0	0.522798	1	1	0	0	0	0	0
AF	0	0.523111	1	0	1	0	0	0	0
AF	0	0.523423	1	1	0	0	0	0	0
AF	0	0.523735	2	2	0	0	0	0	0
AF	0	0.524047	5	4	1	0	0	0	0
AF	0	0.524360	5	1	4	0	0	0	0
AF	0	0.524672	1	0	1	0	0	0	0
AF	0	0.524984	1	1	0	0	0	0	0
AF	0	0.525609	1	1	0	0	0	0	0
AF	0	0.526234	1	0	1	0	0	0	0
AF	0	0.526546	1	0	1	0	0	0	0
AF	0	0.526858	1	1	0	0	0	0	0
AF	0	0.527795	1	1	0	0	0	0	0
AF	0	0.528732	2	2	0	0	0	0	0
AF	0	0.529981	1	1	0	0	0	0	0
AF	0	0.531230	1	0	1	0	0	0	0
AF	0	0.531855	2	2	0	0	0	0	0
AF	0	0.532167	2	1	1	0	0	0	0
AF	0	0.532480	2	2	0	0	0	0	0
AF	0	0.533729	1	0	1	0	0	0	0
AF	0	0.534354	2	1	1	0	0	0	0
AF	0	0.534978	3	3	0	0	0	0	0
AF	0	0.535290	1	0	1	0	0	0	0
AF	0	0.537789	1	1	0	0	0	0	0
AF	0	0.538101	3	3	0	0	0	0	0
AF	0	0.539350	1	1	0	0	0	0	0
AF	0	0.539975	1	1	0	0	0	0	0
AF	0	0.540287	1	1	0	0	0	0	0
AF	0	0.540600	1	1	0	0	0	0	0
AF	0	0.540912	1	1	0	0	0	0	0
AF	0	0.541537	1	1	0	0	0	0	0
AF	0	0.541849	1	0	1	0	0	0	0
AF	0	0.542473	3	2	1	0	0	0	0
AF	0	0.542786	1	1	0	0	0	0	0
AF	0	0.543098	1	1	0	0	0	0	0
AF	0	0.544347	1	1	0	0	0	0	0
AF	0	0.545284	2	1	1	0	0	0	0
AF	0	0.545597	1	0	1	0	0	0	0
AF	0	0.546533	1	1	0	0	0	0	0
AF	0	0.546846	1	0	1	0	0	0	0
AF	0	0.547158	1	1	0	0	0	0	0
AF	0	0.547470	1	1	0	0	0	0	0
AF	0	0.548095	1	0	1	0	0	0	0
AF	0	0.549344	1	0	1	0	0	0	0
AF	0	0.549656	1	0	1	0	0	0	0
AF	0	0.550281	1	1	0	0	0	0	0
AF	0	0.550593	1	1	0	0	0	0	0
AF	0	0.550906	1	1	0	0	0	0	0
AF	0	0.551218	2	0	2	0	0	0	0
AF	0	0.551530	1	1	0	0	0	0	0
AF	0	0.551843	1	0	1	0	0	0	0
AF	0	0.552155	1	0	1	0	0	0	0
AF	0	0.552467	1	1	0	0	0	0	0
AF	0	0.554341	1	1	0	0	0	0	0
AF	0	0.555903	1	1	0	0	0	0	0
AF	0	0.556527	2	2	0	0	0	0	0
AF	0	0.558401	1	1	0	0	0	0	0
AF	0	0.559026	1	1	0	0	0	0	0
AF	0	0.559338	1	1	0	0	0	0	0
AF	0	0.559650	1	0	1	0	0	0	0
AF	0	0.560899	1	1	0	0	0	0	0
AF	0	0.562149	1	0	1	0	0	0	0
AF	0	0.563398	2	2	0	0	0	0	0
AF	0	0.563710	1	0	1	0	0	0	0
AF	0	0.564647	1	0	1	0	0	0	0
AF	0	0.564959	1	1	0	0	0	0	0
AF	0	0.565896	2	2	0	0	0	0	0
AF	0	0.566521	1	1	0	0	0	0	0
AF	0	0.566833	1	1	0	0	0	0	0
AF	0	0.568082	1	1	0	0	0	0	0
AF	0	0.568395	2	2	0	0	0	0	0
AF	0	0.569332	1	1	0	0	0	0	0
AF	0	0.569644	1	1	0	0	0	0	0
AF	0	0.570269	1	1	0	0	0	0	0
AF	0	0.570893	1	1	0	0	0	0	0
AF	0	0.571205	1	0	1	0	0	0	0
AF	0	0.574641	2	2	0	0	0	0	0
AF	0	0.575265	1	1	0	0	0	0	0
AF	0	0.575578	1	1	0	0	0	0	0
AF	0	0.575890	1	1	0	0	0	0	0
AF	0	0.577139	1	1	0	0	0	0	0
AF	0	0.577764	1	1	0	0	0	0	0
AF	0	0.578389	2	2	0	0	0	0	0
AF	0	0.578701	1	0	1	0	0	0	0
AF	0	0.579013	5	3	2	0	0	0	0
AF	0	0.579950	1	0	1	0	0	0	0
AF	0	0.580262	1	0	1	0	0	0	0
AF	0	0.580887	1	1	0	0	0	0	0
AF	0	0.582761	1	1	0	0	0	0	0
AF	0	0.584010	2	2	0	0	0	0	0
AF	0	0.584635	1	1	0	0	0	0	0
AF	0	0.586821	1	0	1	0	0	0	0
AF	0	0.587758	1	1	0	0	0	0	0
AF	0	0.588070	1	0	1	0	0	0	0
AF	0	0.588382	1	0	1	0	0	0	0
AF	0	0.589007	3	3	0	0	0	0	0
AF	0	0.589631	1	0	1	0	0	0	0
AF	0	0.590568	1	1	0	0	0	0	0
AF	0	0.592130	1	0	1	0	0	0	0
AF	0	0.592442	1	1	0	0	0	0	0
AF	0	0.593379	2	1	1	0	0	0	0
AF	0	0.593691	2	1	1	0	0	0	0
AF	0	0.594004	2	1	1	0	0	0	0
AF	0	0.595253	3	2	1	0	0	0	0
AF	0	0.595565	3	2	1	0	0	0	0
AF	0	0.595878	2	1	1	0	0	0	0
AF	0	0.596502	1	1	0	0	0	0	0
AF	0	0.596814	1	1	0	0	0	0	0
AF	0	0.597127	2	1	1	0	0	0	0
AF	0	0.597439	1	0	1	0	0	0	0
AF	0	0.598064	1	1	0	0	0	0	0
AF	0	0.598688	2	2	0	0	0	0	0
AF	0	0.599001	2	1	1	0	0	0	0
AF	0	0.599938	6	3	3	0	0	0	0
AF	0	0.600250	5	4	1	0	0	0	0
AF	0	0.600874	1	0	1	0	0	0	0
AF	0	0.601187	1	1	0	0	0	0	0
AF	0	0.601499	2	0	2	0	0	0	0
AF	0	0.602124	2	2	0	0	0	0	0
AF	0	0.603061	2	1	1	0	0	0	0
AF	0	0.603373	1	0	1	0	0	0	0
AF	0	0.603685	1	1	0	0	0	0	0
AF	0	0.603998	3	3	0	0	0	0	0
AF	0	0.604310	1	1	0	0	0	0	0
AF	0	0.604622	4	1	3	0	0	0	0
AF	0	0.605247	2	1	1	0	0	0	0
AF	0	0.605559	1	1	0	0	0	0	0
AF	0	0.605871	7	6	1	0	0	0	0
AF	0	0.606184	1	0	1	0	0	0	0
AF	0	0.606496	4	1	3	0	0	0	0
AF	0	0.606808	3	3	0	0	0	0	0
AF	0	0.607121	3	3	0	0	0	0	0
AF	0	0.607433	3	3	0	0	0	0	0
AF	0	0.607745	4	3	1	0	0	0	0
AF	0	0.608370	4	3	1	0	0	0	0
AF	0	0.608994	1	0	1	0	0	0	0
AF	0	0.609307	1	0	1	0	0	0	0
AF	0	0.609619	4	3	1	0	0	0	0
AF	0	0.610556	2	1	1	0	0	0	0
AF	0	0.610868	1	1	0	0	0	0	0
AF	0	0.611181	2	1	1	0	0	0	0
AF	0	0.611493	2	1	1	0	0	0	0
AF	0	0.612117	1	1	0	0	0	0	0
AF	0	0.612430	3	3	0	0	0	0	0
AF	0	0.612742	2	2	0	0	0	0	0
AF	0	0.613991	2	1	1	0	0	0	0
AF	0	0.615865	4	3	1	0	0	0	0
AF	0	0.616490	1	1	0	0	0	0	0
AF	0	0.617114	3	2	1	0	0	0	0
AF	0	0.617739	1	0	1	0	0	0	0
AF	0	0.618051	1	1	0	0	0	0	0
AF	0	0.618988	1	1	0	0	0	0	0
AF	0	0.619300	1	1	0	0	0	0	0
AF	0	0.620237	2	2	0	0	0	0	0
AF	0	0.621799	1	1	0	0	0	0	0
AF	0	0.622111	1	1	0	0	0	0	0
AF	0	0.622736	1	0	1	0	0	0	0
AF	0	0.623985	1	1	0	0	0	0	0
AF	0	0.624922	1	1	0	0	0	0	0
AF	0	0.625234	2	2	0	0	0	0	0
AF	0	0.625547	2	1	1	0	0	0	0
AF	0	0.625859	5	4	1	0	0	0	0
AF	0	0.626171	1	0	1	0	0	0	0
AF	0	0.626483	1	0	1	0	0	0	0
AF	0	0.626796	2	1	1	0	0	0	0
AF	0	0.627733	1	1	0	0	0	0	0
AF	0	0.628045	2	2	0	0	0	0	0
AF	0	0.628670	1	1	0	0	0	0	0
AF	0	0.629606	1	0	1	0	0	0	0
AF	0	0.629919	1	0	1	0	0	0	0
AF	0	0.630543	4	3	1	0	0	0	0
AF	0	0.630856	10	6	4	0	0	0	0
AF	0	0.631168	7	7	0	0	0	0	0
AF	0	0.631480	19	15	4	0	0	0	0
AF	0	0.631793	14	12	2	0	0	0	0
AF	0	0.632105	3	2	1	0	0	0	0
AF	0	0.632730	1	1	0	0	0	0	0
AF	0	0.633042	3	3	0	0	0	0	0
AF	0	0.633666	2	1	1	0	0	0	0
AF	0	0.633979	2	2	0	0	0	0	0
AF	0	0.634603	1	0	1	0	0	0	0
AF	0	0.636165	1	0	1	0	0	0	0
AF	0	0.636477	1	0	1	0	0	0	0
AF	0	0.636790	1	0	1	0	0	0	0
AF	0	0.637414	1	1	0	0	0	0	0
AF	0	0.637726	1	0	1	0	0	0	0
AF	0	0.638351	2	0	2	0	0	0	0
AF	0	0.639288	3	3	0	0	0	0	0
AF	0	0.639913	1	1	0	0	0	0	0
AF	0	0.641474	1	0	1	0	0	0	0
AF	0	0.642723	1	1	0	0	0	0	0
AF	0	0.643348	1	1	0	0	0	0	0
AF	0	0.643660	1	1	0	0	0	0	0
AF	0	0.644285	1	1	0	0	0	0	0
AF	0	0.644597	1	1	0	0	0	0	0
AF	0	0.645846	1	1	0	0	0	0	0
AF	0	0.646471	1	1	0	0	0	0	0
AF	0	0.646783	1	1	0	0	0	0	0
AF	0	0.647096	1	0	1	0	0	0	0
AF	0	0.647408	1	0	1	0	0	0	0
AF	0	0.647720	4	4	0	0	0	0	0
AF	0	0.648657	2	2	0	0	0	0	0
AF	0	0.648969	1	1	0	0	0	0	0
AF	0	0.650531	1	1	0	0	0	0	0
AF	0	0.652092	1	0	1	0	0	0	0
AF	0	0.652717	4	4	0	0	0	0	0
AF	0	0.653966	1	0	1	0	0	0	0
AF	0	0.654591	2	1	1	0	0	0	0
AF	0	0.655840	2	0	2	0	0	0	0
AF	0	0.656152	1	1	0	0	0	0	0
AF	0	0.658339	1	1	0	0	0	0	0
AF	0	0.659275	1	0	1	0	0	0	0
AF	0	0.659588	1	0	1	0	0	0	0
AF	0	0.659900	1	0	1	0	0	0	0
AF	0	0.660212	2	1	1	0	0	0	0
AF	0	0.661462	2	0	2	0	0	0	0
AF	0	0.661774	1	0	1	0	0	0	0
AF	0	0.662399	3	2	1	0	0	0	0
AF	0	0.662711	5	4	1	0	0	0	0
AF	0	0.663023	1	1	0	0	0	0	0
AF	0	0.663335	1	0	1	0	0	0	0
AF	0	0.663648	1	1	0	0	0	0	0
AF	0	0.663960	2	0	2	0	0	0	0
AF	0	0.664272	1	1	0	0	0	0	0
AF	0	0.664585	1	1	0	0	0	0	0
AF	0	0.664897	1	1	0	0	0	0	0
AF	0	0.665209	4	4	0	0	0	0	0
AF	0	0.665522	1	1	0	0	0	0	0
AF	0	0.665834	2	1	1	0	0	0	0
AF	0	0.666458	3	1	2	0	0	0	0
AF	0	0.666771	3	2	1	0	0	0	0
AF	0	0.667083	1	0	1	0	0	0	0
AF	0	0.667395	3	2	1	0	0	0	0
AF	0	0.667708	3	3	0	0	0	0	0
AF	0	0.668020	2	1	1	0	0	0	0
AF	0	0.668645	1	0	1	0	0	0	0
AF	0	0.669894	2	1	1	0	0	0	0
AF	0	0.670518	2	1	1	0	0	0	0
AF	0	0.671143	1	1	0	0	0	0	0
AF	0	0.672080	1	0	1	0	0	0	0
AF	0	0.673641	1	0	1	0	0	0	0
AF	0	0.675828	1	1	0	0	0	0	0
AF	0	0.676765	1	1	0	0	0	0	0
AF	0	0.677389	1	0	1	0	0	0	0
AF	0	0.678951	1	1	0	0	0	0	0
AF	0	0.679263	2	1	1	0	0	0	0
AF	0	0.679888	1	1	0	0	0	0	0
AF	0	0.680824	1	0	1	0	0	0	0
AF	0	0.684260	1	1	0	0	0	0	0
AF	0	0.686134	2	1	1	0	0	0	0
AF	0	0.686758	1	0	1	0	0	0	0
AF	0	0.688944	1	1	0	0	0	0	0
AF	0	0.689881	1	1	0	0	0	0	0
AF	0	0.690194	1	1	0	0	0	0	0
AF	0	0.691131	1	1	0	0	0	0	0
AF	0	0.691443	2	1	1	0	0	0	0
AF	0	0.692380	2	2	0	0	0	0	0
AF	0	0.693004	1	0	1	0	0	0	0
AF	0	0.693317	1	0	1	0	0	0	0
AF	0	0.693629	1	0	1	0	0	0	0
AF	0	0.695191	2	2	0	0	0	0	0
AF	0	0.695503	3	1	2	0	0	0	0
AF	0	0.695815	1	0	1	0	0	0	0
AF	0	0.696127	1	1	0	0	0	0	0
AF	0	0.697064	1	1	0	0	0	0	0
AF	0	0.697377	1	1	0	0	0	0	0
AF	0	0.698626	1	0	1	0	0	0	0
AF	0	0.701124	1	1	0	0	0	0	0
AF	0	0.702374	1	1	0	0	0	0	0
AF	0	0.702686	1	0	1	0	0	0	0
AF	0	0.703623	1	1	0	0	0	0	0
AF	0	0.706121	1	0	1	0	0	0	0
AF	0	0.706433	1	0	1	0	0	0	0
AF	0	0.709244	2	2	0	0	0	0	0
AF	0	0.710493	1	1	0	0	0	0	0
AF	0	0.712367	1	1	0	0	0	0	0
AF	0	0.712680	1	1	0	0	0	0	0
AF	0	0.715490	2	2	0	0	0	0	0
AF	0	0.716115	1	1	0	0	0	0	0
AF	0	0.716740	1	1	0	0	0	0	0
AF	0	0.717989	2	1	1	0	0	0	0
AF	0	0.718926	1	1	0	0	0	0	0
AF	0	0.725796	1	1	0	0	0	0	0
AF	0	0.726421	1	1	0	0	0	0	0
AF	0	0.726733	1	0	1	0	0	0	0
AF	0	0.728607	3	2	1	0	0	0	0
AF	0	0.728919	1	1	0	0	0	0	0
AF	0	0.729856	1	1	0	0	0	0	0
AF	0	0.730169	1	1	0	0	0	0	0
AF	0	0.730793	1	1	0	0	0	0	0
AF	0	0.732979	1	1	0	0	0	0	0
AF	0	0.735478	2	2	0	0	0	0	0
AF	0	0.736102	1	0	1	0	0	0	0
AF	0	0.737352	1	1	0	0	0	0	0
AF	0	0.738289	1	0	1	0	0	0	0
AF	0	0.738913	1	0	1	0	0	0	0
AF	0	0.740475	1	1	0	0	0	0	0
AF	0	0.741724	1	0	1	0	0	0	0
AF	0	0.742661	2	0	2	0	0	0	0
AF	0	0.742973	3	1	2	0	0	0	0
AF	0	0.744535	1	1	0	0	0	0	0
AF	0	0.744847	1	1	0	0	0	0	0
AF	0	0.745472	2	2	0	0	0	0	0
AF	0	0.746096	2	1	1	0	0	0	0
AF	0	0.746721	2	1	1	0	0	0	0
AF	0	0.747033	1	0	1	0	0	0	0
AF	0	0.747658	1	0	1	0	0	0	0
AF	0	0.748595	1	1	0	0	0	0	0
AF	0	0.748907	2	1	1	0	0	0	0
AF	0	0.749219	6	2	4	0	0	0	0
AF	0	0.749532	1	0	1	0	0	0	0
AF	0	0.749844	5	3	2	0	0	0	0
AF	0	0.750156	1	0	1	0	0	0	0
AF	0	0.750781	1	0	1	0	0	0	0
AF	0	0.752342	1	0	1	0	0	0	0
AF	0	0.753279	1	1	0	0	0	0	0
AF	0	0.753592	4	1	3	0	0	0	0
AF	0	0.754528	1	0	1	0	0	0	0
AF	0	0.756090	1	1	0	0	0	0	0
AF	0	0.756715	1	1	0	0	0	0	0
AF	0	0.757964	1	1	0	0	0	0	0
AF	0	0.759838	2	1	1	0	0	0	0
AF	0	0.760462	3	3	0	0	0	0	0
AF	0	0.761087	1	1	0	0	0	0	0
AF	0	0.761711	1	1	0	0	0	0	0
AF	0	0.762336	1	0	1	0	0	0	0
AF	0	0.762961	1	1	0	0	0	0	0
AF	0	0.765147	2	1	1	0	0	0	0
AF	0	0.765459	2	1	1	0	0	0	0
AF	0	0.766084	3	2	1	0	0	0	0
AF	0	0.766708	6	5	1	0	0	0	0
AF	0	0.769831	1	1	0	0	0	0	0
AF	0	0.770144	1	1	0	0	0	0	0
AF	0	0.770456	1	1	0	0	0	0	0
AF	0	0.770768	1	1	0	0	0	0	0
AF	0	0.773579	1	1	0	0	0	0	0
AF	0	0.774516	1	1	0	0	0	0	0
AF	0	0.776702	1	1	0	0	0	0	0
AF	0	0.777639	1	1	0	0	0	0	0
AF	0	0.778264	1	0	1	0	0	0	0
AF	0	0.778888	1	1	0	0	0	0	0
AF	0	0.780762	1	1	0	0	0	0	0
AF	0	0.782324	1	0	1	0	0	0	0
AF	0	0.792630	1	1	0	0	0	0	0
AF	0	0.794503	2	1	1	0	0	0	0
AF	0	0.794816	1	1	0	0	0	0	0
AF	0	0.800125	1	0	1	0	0	0	0
AF	0	0.801999	1	0	1	0	0	0	0
AF	0	0.802311	1	1	0	0	0	0	0
AF	0	0.802623	2	2	0	0	0	0	0
AF	0	0.803248	1	0	1	0	0	0	0
AF	0	0.803560	1	1	0	0	0	0	0
AF	0	0.804497	1	1	0	0	0	0	0
AF	0	0.807620	1	0	1	0	0	0	0
AF	0	0.811056	1	1	0	0	0	0	0
AF	0	0.814491	1	1	0	0	0	0	0
AF	0	0.815428	1	0	1	0	0	0	0
AF	0	0.820112	1	1	0	0	0	0	0
AF	0	0.821362	3	3	0	0	0	0	0
AF	0	0.821674	1	1	0	0	0	0	0
AF	0	0.821986	5	4	1	0	0	0	0
AF	0	0.823235	1	1	0	0	0	0	0
AF	0	0.823860	1	1	0	0	0	0	0
AF	0	0.824485	2	1	1	0	0	0	0
AF	0	0.825109	1	1	0	0	0	0	0
AF	0	0.826046	1	0	1	0	0	0	0
AF	0	0.828232	2	2	0	0	0	0	0
AF	0	0.830106	1	1	0	0	0	0	0
AF	0	0.831043	1	1	0	0	0	0	0
AF	0	0.831355	1	0	1	0	0	0	0
AF	0	0.831668	1	1	0	0	0	0	0
AF	0	0.831980	3	1	2	0	0	0	0
AF	0	0.839475	6	4	2	0	0	0	0
AF	0	0.839788	3	1	2	0	0	0	0
AF	0	0.840100	3	3	0	0	0	0	0
AF	0	0.843848	1	0	1	0	0	0	0
AF	0	0.844160	1	0	1	0	0	0	0
AF	0	0.847595	1	1	0	0	0	0	0
AF	0	0.850094	1	0	1	0	0	0	0
AF	0	0.853841	1	1	0	0	0	0	0
AF	0	0.855715	1	0	1	0	0	0	0
AF	0	0.856340	1	0	1	0	0	0	0
AF	0	0.858214	1	1	0	0	0	0	0
AF	0	0.858838	1	1	0	0	0	0	0
AF	0	0.859463	1	1	0	0	0	0	0
AF	0	0.860087	2	2	0	0	0	0	0
AF	0	0.861024	1	0	1	0	0	0	0
AF	0	0.861337	1	1	0	0	0	0	0
AF	0	0.862274	1	1	0	0	0	0	0
AF	0	0.863210	1	1	0	0	0	0	0
AF	0	0.863835	1	1	0	0	0	0	0
AF	0	0.864147	1	1	0	0	0	0	0
AF	0	0.867583	1	1	0	0	0	0	0
AF	0	0.868207	3	2	1	0	0	0	0
AF	0	0.868520	2	1	1	0	0	0	0
AF	0	0.868832	1	1	0	0	0	0	0
AF	0	0.869144	1	0	1	0	0	0	0
AF	0	0.869457	7	5	2	0	0	0	0
AF	0	0.869769	5	4	1	0	0	0	0
AF	0	0.870394	1	1	0	0	0	0	0
AF	0	0.871018	2	1	1	0	0	0	0
AF	0	0.877264	1	0	1	0	0	0	0
AF	0	0.878826	1	1	0	0	0	0	0
AF	0	0.881949	1	1	0	0	0	0	0
AF	0	0.884135	1	1	0	0	0	0	0
AF	0	0.885072	1	1	0	0	0	0	0
AF	0	0.895378	1	1	0	0	0	0	0
AF	0	0.895690	1	1	0	0	0	0	0
AF	0	0.896002	1	1	0	0	0	0	0
AF	0	0.896939	1	1	0	0	0	0	0
AF	0	0.897876	1	1	0	0	0	0	0
AF	0	0.905372	3	3	0	0	0	0	0
AF	0	0.905996	1	1	0	0	0	0	0
AF	0	0.906309	2	2	0	0	0	0	0
AF	0	0.917552	1	0	1	0	0	0	0
AF	0	0.920987	2	0	2	0	0	0	0
AF	0	0.921299	4	4	0	0	0	0	0
AF	0	0.922236	1	0	1	0	0	0	0
AF	0	0.923485	1	1	0	0	0	0	0
AF	0	0.923798	1	1	0	0	0	0	0
AF	0	0.927233	1	1	0	0	0	0	0
AF	0	0.929731	1	1	0	0	0	0	0
AF	0	0.935978	1	1	0	0	0	0	0
AF	0	0.937227	1	1	0	0	0	0	0
AF	0	0.938476	1	1	0	0	0	0	0
AF	0	0.938788	1	1	0	0	0	0	0
AF	0	0.940037	1	1	0	0	0	0	0
AF	0	0.944097	1	1	0	0	0	0	0
AF	0	0.950344	1	0	1	0	0	0	0
AF	0	0.951280	1	0	1	0	0	0	0
AF	0	0.953154	1	1	0	0	0	0	0
AF	0	0.967520	1	1	0	0	0	0	0
AF	0	0.967833	1	1	0	0	0	0	0
AF	0	0.969082	1	1	0	0	0	0	0
AF	0	0.973454	1	0	1	0	0	0	0
AF	0	0.975953	1	1	0	0	0	0	0
AF	0	0.977202	1	1	0	0	0	0	0
AF	0	0.987196	1	1	0	0	0	0	0
AF	0	0.987820	1	1	0	0	0	0	0
AF	0	0.988757	1	1	0	0	0	0	0
AF	0	0.989069	1	1	0	0	0	0	0
AF	0	0.989382	2	1	1	0	0	0	0
AF	0	0.989694	1	0	1	0	0	0	0
AF	0	0.990006	1	1	0	0	0	0	0
AF	0	0.990943	2	1	1	0	0	0	0
AF	0	0.991568	1	1	0	0	0	0	0
AF	0	0.992505	1	0	1	0	0	0	0
AF	0	0.995315	2	1	1	0	0	0	0
AF	0	0.995940	1	1	0	0	0	0	0
AF	0	0.996252	1	1	0	0	0	0	0
AF	0	0.998438	3	1	2	0	0	0	0
AF	0	0.999063	2	1	1	0	0	0	0
# QUAL, Stats by quality
# QUAL	[2]id	[3]Quality	[4]number of SNPs	[5]number of transitions (1st ALT)	[6]number of transversions (1st ALT)	[7]number of indels
QUAL	0	.	19055	12994	6061	0
# IDD, InDel distribution:
# IDD	[2]id	[3]length (deletions negative)	[4]number of sites	[5]number of genotypes	[6]mean VAF
# ST, Substitution types:
# ST	[2]id	[3]type	[4]count
ST	0	A>C	639
ST	0	A>G	2665
ST	0	A>T	671
ST	0	C>A	882
ST	0	C>G	840
ST	0	C>T	3930
ST	0	G>A	3906
ST	0	G>C	815
ST	0	G>T	864
ST	0	T>A	755
ST	0	T>C	2493
ST	0	T>G	595
# DP, Depth distribution
# DP	[2]id	[3]bin	[4]number of genotypes	[5]fraction of genotypes (%)	[6]number of sites	[7]fraction of sites (%)
  - Fix haploid genotypes in males...

Submit MakeDiploidMalesX finished successfully. Let's have a beer, buddy!

