Submit MakeDiploidMalesX
version 1.1.6 (2024-09-30)

These are the settings:
  Input file................: /hpc/local/Rocky8/dhl_ec/software/MonopogenLite/resources/1kGP_high_coverage_Illumina.SNVonly_poly.filtered_AF_5e-04.norm.fixvariantid.chrX.vcf.gz
  Output file...............: /hpc/local/Rocky8/dhl_ec/software/MonopogenLite/resources/1kGP_high_coverage_Illumina.SNVonly_poly.filtered_AF_5e-04.norm.fixvariantid.makediploid.chrX.vcf.gz
  Chunk size................: 100

  SLURM CPUs................: 4
  SLURM Array ID............: 23 (of 100)
  SLURM memory..............: 16G
  SLURM time................: 01:00:00
  SLURM mail type...........: FAIL
  SLURM mail user...........: s.w.vanderlaan-2@umcutrecht.nl

  Dry run mode..............: 0
  Debug mode................: 1
  Verbosity.................: 0
  Version...................: 1.1.6 (2024-09-30)

Making converting haploid genotypes to diploid genotypes.
> Extract the region for this SLURM task (# 23) from the BED file.
  - Get the chunk number from the SLURM array task ID and the bed file...
DEBUG: Extracting chunk number: 23p from 23
DEBUG: Extracting region from BED file: /hpc/local/Rocky8/dhl_ec/software/MonopogenLite/resources/chrX_100pieces.bed
  - Extract the region from the BED file...
DEBUG: Extracted raw region: 'chrX	34328977	35889384' (chunk #: 23p of 100 for job 23)
  - Check if a valid region was extracted -- should be 'chrX	34328977	35889384'...
  - Prepare the region for bcftools...
  - Check if the region (chrX:34328977-35889384) was successfully extracted...
> Processing region 'chrX:34328977-35889384'...
  - Process the specific region (chunk# 23) using bcftools view...
  - Index the VCF file...
DEBUG: Check if the VCF file was successfully processed...
##fileformat=VCFv4.2
##FILTER=<ID=PASS,Description="All filters passed">
##fileDate=29/01/2022 - 14:31:41
##source=shapeit4.2.2
##contig=<ID=chr1,length=248956422>
##contig=<ID=chr2,length=242193529>
##contig=<ID=chr3,length=198295559>
##contig=<ID=chr4,length=190214555>
##contig=<ID=chr5,length=181538259>
##contig=<ID=chr6,length=170805979>
# This file was produced by bcftools stats (1.20+htslib-1.20) and can be plotted using plot-vcfstats.
# The command line was:	bcftools stats  /hpc/local/Rocky8/dhl_ec/software/MonopogenLite/resources/chrX.part23.vcf.gz
#
# Definition of sets:
# ID	[2]id	[3]tab-separated file names
ID	0	/hpc/local/Rocky8/dhl_ec/software/MonopogenLite/resources/chrX.part23.vcf.gz
# SN, Summary numbers:
#   number of records   .. number of data rows in the VCF
#   number of no-ALTs   .. reference-only sites, ALT is either "." or identical to REF
#   number of SNPs      .. number of rows with a SNP
#   number of MNPs      .. number of rows with a MNP, such as CC>TT
#   number of indels    .. number of rows with an indel
#   number of others    .. number of rows with other type, for example a symbolic allele or
#                          a complex substitution, such as ACT>TCGA
#   number of multiallelic sites     .. number of rows with multiple alternate alleles
#   number of multiallelic SNP sites .. number of rows with multiple alternate alleles, all SNPs
# 
#   Note that rows containing multiple types will be counted multiple times, in each
#   counter. For example, a row with a SNP and an indel increments both the SNP and
#   the indel counter.
# 
# SN	[2]id	[3]key	[4]value
SN	0	number of samples:	3202
SN	0	number of records:	17341
SN	0	number of no-ALTs:	0
SN	0	number of SNPs:	17341
SN	0	number of MNPs:	0
SN	0	number of indels:	0
SN	0	number of others:	0
SN	0	number of multiallelic sites:	0
SN	0	number of multiallelic SNP sites:	0
# TSTV, transitions/transversions:
# TSTV	[2]id	[3]ts	[4]tv	[5]ts/tv	[6]ts (1st ALT)	[7]tv (1st ALT)	[8]ts/tv (1st ALT)
TSTV	0	11638	5703	2.04	11638	5703	2.04
# SiS, Singleton stats:
# SiS	[2]id	[3]allele count	[4]number of SNPs	[5]number of transitions	[6]number of transversions	[7]number of indels	[8]repeat-consistent	[9]repeat-inconsistent	[10]not applicable
SiS	0	1	0	0	0	0	0	0	0
# AF, Stats by non-reference allele frequency:
# AF	[2]id	[3]allele frequency	[4]number of SNPs	[5]number of transitions	[6]number of transversions	[7]number of indels	[8]repeat-consistent	[9]repeat-inconsistent	[10]not applicable
AF	0	0.000312	2674	1810	864	0	0	0	0
AF	0	0.000625	1535	1043	492	0	0	0	0
AF	0	0.000937	1776	1199	577	0	0	0	0
AF	0	0.001249	578	390	188	0	0	0	0
AF	0	0.001562	889	604	285	0	0	0	0
AF	0	0.001874	320	217	103	0	0	0	0
AF	0	0.002186	598	393	205	0	0	0	0
AF	0	0.002498	241	156	85	0	0	0	0
AF	0	0.002811	489	325	164	0	0	0	0
AF	0	0.003123	163	109	54	0	0	0	0
AF	0	0.003435	374	267	107	0	0	0	0
AF	0	0.003748	131	98	33	0	0	0	0
AF	0	0.004060	285	197	88	0	0	0	0
AF	0	0.004372	126	73	53	0	0	0	0
AF	0	0.004685	228	159	69	0	0	0	0
AF	0	0.004997	137	83	54	0	0	0	0
AF	0	0.005309	210	150	60	0	0	0	0
AF	0	0.005621	89	58	31	0	0	0	0
AF	0	0.005934	347	221	126	0	0	0	0
AF	0	0.006246	97	63	34	0	0	0	0
AF	0	0.006558	199	132	67	0	0	0	0
AF	0	0.006871	68	46	22	0	0	0	0
AF	0	0.007183	93	59	34	0	0	0	0
AF	0	0.007495	46	30	16	0	0	0	0
AF	0	0.007808	94	62	32	0	0	0	0
AF	0	0.008120	43	27	16	0	0	0	0
AF	0	0.008432	93	58	35	0	0	0	0
AF	0	0.008745	41	25	16	0	0	0	0
AF	0	0.009057	142	95	47	0	0	0	0
AF	0	0.009369	53	41	12	0	0	0	0
AF	0	0.009681	72	52	20	0	0	0	0
AF	0	0.009994	32	25	7	0	0	0	0
AF	0	0.010306	81	61	20	0	0	0	0
AF	0	0.010618	51	32	19	0	0	0	0
AF	0	0.010931	83	52	31	0	0	0	0
AF	0	0.011243	33	19	14	0	0	0	0
AF	0	0.011555	87	56	31	0	0	0	0
AF	0	0.011868	62	40	22	0	0	0	0
AF	0	0.012180	110	67	43	0	0	0	0
AF	0	0.012492	60	38	22	0	0	0	0
AF	0	0.012804	83	62	21	0	0	0	0
AF	0	0.013117	25	19	6	0	0	0	0
AF	0	0.013429	46	28	18	0	0	0	0
AF	0	0.013741	21	12	9	0	0	0	0
AF	0	0.014054	72	45	27	0	0	0	0
AF	0	0.014366	42	22	20	0	0	0	0
AF	0	0.014678	73	47	26	0	0	0	0
AF	0	0.014991	27	13	14	0	0	0	0
AF	0	0.015303	69	50	19	0	0	0	0
AF	0	0.015615	28	16	12	0	0	0	0
AF	0	0.015928	59	47	12	0	0	0	0
AF	0	0.016240	20	16	4	0	0	0	0
AF	0	0.016552	44	31	13	0	0	0	0
AF	0	0.016864	16	11	5	0	0	0	0
AF	0	0.017177	54	37	17	0	0	0	0
AF	0	0.017489	12	7	5	0	0	0	0
AF	0	0.017801	39	27	12	0	0	0	0
AF	0	0.018114	11	6	5	0	0	0	0
AF	0	0.018426	26	20	6	0	0	0	0
AF	0	0.018738	22	18	4	0	0	0	0
AF	0	0.019051	32	23	9	0	0	0	0
AF	0	0.019363	12	8	4	0	0	0	0
AF	0	0.019675	27	19	8	0	0	0	0
AF	0	0.019988	18	14	4	0	0	0	0
AF	0	0.020300	24	12	12	0	0	0	0
AF	0	0.020612	68	37	31	0	0	0	0
AF	0	0.020924	26	21	5	0	0	0	0
AF	0	0.021237	15	13	2	0	0	0	0
AF	0	0.021549	20	15	5	0	0	0	0
AF	0	0.021861	11	8	3	0	0	0	0
AF	0	0.022174	23	16	7	0	0	0	0
AF	0	0.022486	7	6	1	0	0	0	0
AF	0	0.022798	22	16	6	0	0	0	0
AF	0	0.023111	7	6	1	0	0	0	0
AF	0	0.023423	16	11	5	0	0	0	0
AF	0	0.023735	4	3	1	0	0	0	0
AF	0	0.024047	14	8	6	0	0	0	0
AF	0	0.024360	40	28	12	0	0	0	0
AF	0	0.024672	11	7	4	0	0	0	0
AF	0	0.024984	12	8	4	0	0	0	0
AF	0	0.025297	30	16	14	0	0	0	0
AF	0	0.025609	12	5	7	0	0	0	0
AF	0	0.025921	12	10	2	0	0	0	0
AF	0	0.026234	6	4	2	0	0	0	0
AF	0	0.026546	26	11	15	0	0	0	0
AF	0	0.026858	17	11	6	0	0	0	0
AF	0	0.027171	18	13	5	0	0	0	0
AF	0	0.027483	10	6	4	0	0	0	0
AF	0	0.027795	31	18	13	0	0	0	0
AF	0	0.028107	12	12	0	0	0	0	0
AF	0	0.028420	18	10	8	0	0	0	0
AF	0	0.028732	9	2	7	0	0	0	0
AF	0	0.029044	11	9	2	0	0	0	0
AF	0	0.029357	5	3	2	0	0	0	0
AF	0	0.029669	28	22	6	0	0	0	0
AF	0	0.029981	7	4	3	0	0	0	0
AF	0	0.030294	29	21	8	0	0	0	0
AF	0	0.030606	10	9	1	0	0	0	0
AF	0	0.030918	29	24	5	0	0	0	0
AF	0	0.031230	9	5	4	0	0	0	0
AF	0	0.031543	34	21	13	0	0	0	0
AF	0	0.031855	9	4	5	0	0	0	0
AF	0	0.032167	7	7	0	0	0	0	0
AF	0	0.032480	10	6	4	0	0	0	0
AF	0	0.032792	11	7	4	0	0	0	0
AF	0	0.033104	6	4	2	0	0	0	0
AF	0	0.033417	10	6	4	0	0	0	0
AF	0	0.033729	4	2	2	0	0	0	0
AF	0	0.034041	26	22	4	0	0	0	0
AF	0	0.034354	7	5	2	0	0	0	0
AF	0	0.034666	11	9	2	0	0	0	0
AF	0	0.034978	6	4	2	0	0	0	0
AF	0	0.035290	10	6	4	0	0	0	0
AF	0	0.035603	4	0	4	0	0	0	0
AF	0	0.035915	15	7	8	0	0	0	0
AF	0	0.036227	7	5	2	0	0	0	0
AF	0	0.036540	11	8	3	0	0	0	0
AF	0	0.036852	2	2	0	0	0	0	0
AF	0	0.037164	18	11	7	0	0	0	0
AF	0	0.037477	14	10	4	0	0	0	0
AF	0	0.037789	24	16	8	0	0	0	0
AF	0	0.038101	9	7	2	0	0	0	0
AF	0	0.038413	4	3	1	0	0	0	0
AF	0	0.038726	1	0	1	0	0	0	0
AF	0	0.039038	24	13	11	0	0	0	0
AF	0	0.039350	6	4	2	0	0	0	0
AF	0	0.039663	15	9	6	0	0	0	0
AF	0	0.039975	13	11	2	0	0	0	0
AF	0	0.040287	11	6	5	0	0	0	0
AF	0	0.040600	1	0	1	0	0	0	0
AF	0	0.040912	2	2	0	0	0	0	0
AF	0	0.041224	1	0	1	0	0	0	0
AF	0	0.041537	5	5	0	0	0	0	0
AF	0	0.041849	2	2	0	0	0	0	0
AF	0	0.042161	18	10	8	0	0	0	0
AF	0	0.042473	1	1	0	0	0	0	0
AF	0	0.042786	4	4	0	0	0	0	0
AF	0	0.043410	7	5	2	0	0	0	0
AF	0	0.043723	9	4	5	0	0	0	0
AF	0	0.044347	6	4	2	0	0	0	0
AF	0	0.044660	11	9	2	0	0	0	0
AF	0	0.044972	13	9	4	0	0	0	0
AF	0	0.045284	26	14	12	0	0	0	0
AF	0	0.045597	6	4	2	0	0	0	0
AF	0	0.045909	9	7	2	0	0	0	0
AF	0	0.046221	5	5	0	0	0	0	0
AF	0	0.046533	4	3	1	0	0	0	0
AF	0	0.046846	2	1	1	0	0	0	0
AF	0	0.047470	4	2	2	0	0	0	0
AF	0	0.047783	3	3	0	0	0	0	0
AF	0	0.048095	4	2	2	0	0	0	0
AF	0	0.048720	6	4	2	0	0	0	0
AF	0	0.049032	16	10	6	0	0	0	0
AF	0	0.049344	8	3	5	0	0	0	0
AF	0	0.049656	10	6	4	0	0	0	0
AF	0	0.049969	5	3	2	0	0	0	0
AF	0	0.050281	2	0	2	0	0	0	0
AF	0	0.050593	1	1	0	0	0	0	0
AF	0	0.050906	2	1	1	0	0	0	0
AF	0	0.051530	11	7	4	0	0	0	0
AF	0	0.051843	1	1	0	0	0	0	0
AF	0	0.052467	1	1	0	0	0	0	0
AF	0	0.052780	3	2	1	0	0	0	0
AF	0	0.053092	2	1	1	0	0	0	0
AF	0	0.053404	4	3	1	0	0	0	0
AF	0	0.054029	4	3	1	0	0	0	0
AF	0	0.054341	2	1	1	0	0	0	0
AF	0	0.054653	8	6	2	0	0	0	0
AF	0	0.054966	3	2	1	0	0	0	0
AF	0	0.055278	2	1	1	0	0	0	0
AF	0	0.055590	2	2	0	0	0	0	0
AF	0	0.055903	3	2	1	0	0	0	0
AF	0	0.056839	3	2	1	0	0	0	0
AF	0	0.057152	3	0	3	0	0	0	0
AF	0	0.057464	2	2	0	0	0	0	0
AF	0	0.057776	4	2	2	0	0	0	0
AF	0	0.058401	5	4	1	0	0	0	0
AF	0	0.059026	5	4	1	0	0	0	0
AF	0	0.059338	1	0	1	0	0	0	0
AF	0	0.059650	2	2	0	0	0	0	0
AF	0	0.059963	1	1	0	0	0	0	0
AF	0	0.060275	2	0	2	0	0	0	0
AF	0	0.060587	1	1	0	0	0	0	0
AF	0	0.060899	3	2	1	0	0	0	0
AF	0	0.061524	4	1	3	0	0	0	0
AF	0	0.061836	1	1	0	0	0	0	0
AF	0	0.062149	9	4	5	0	0	0	0
AF	0	0.062461	1	0	1	0	0	0	0
AF	0	0.062773	4	4	0	0	0	0	0
AF	0	0.063086	8	7	1	0	0	0	0
AF	0	0.063398	9	3	6	0	0	0	0
AF	0	0.064022	4	4	0	0	0	0	0
AF	0	0.064647	4	3	1	0	0	0	0
AF	0	0.065272	4	2	2	0	0	0	0
AF	0	0.065896	3	0	3	0	0	0	0
AF	0	0.066209	3	2	1	0	0	0	0
AF	0	0.066521	10	6	4	0	0	0	0
AF	0	0.066833	4	3	1	0	0	0	0
AF	0	0.067146	6	4	2	0	0	0	0
AF	0	0.067458	1	1	0	0	0	0	0
AF	0	0.067770	3	2	1	0	0	0	0
AF	0	0.068082	2	0	2	0	0	0	0
AF	0	0.068395	8	6	2	0	0	0	0
AF	0	0.068707	2	2	0	0	0	0	0
AF	0	0.069019	5	4	1	0	0	0	0
AF	0	0.069332	4	3	1	0	0	0	0
AF	0	0.069644	3	1	2	0	0	0	0
AF	0	0.069956	1	1	0	0	0	0	0
AF	0	0.070269	5	3	2	0	0	0	0
AF	0	0.070581	3	3	0	0	0	0	0
AF	0	0.071205	2	1	1	0	0	0	0
AF	0	0.071518	4	3	1	0	0	0	0
AF	0	0.071830	5	3	2	0	0	0	0
AF	0	0.072142	12	9	3	0	0	0	0
AF	0	0.072455	9	8	1	0	0	0	0
AF	0	0.072767	12	10	2	0	0	0	0
AF	0	0.073079	14	5	9	0	0	0	0
AF	0	0.073392	17	12	5	0	0	0	0
AF	0	0.073704	3	3	0	0	0	0	0
AF	0	0.074016	6	6	0	0	0	0	0
AF	0	0.074329	6	4	2	0	0	0	0
AF	0	0.074641	12	6	6	0	0	0	0
AF	0	0.074953	5	3	2	0	0	0	0
AF	0	0.075265	13	8	5	0	0	0	0
AF	0	0.075578	3	2	1	0	0	0	0
AF	0	0.075890	7	5	2	0	0	0	0
AF	0	0.076202	3	3	0	0	0	0	0
AF	0	0.076515	1	0	1	0	0	0	0
AF	0	0.076827	1	1	0	0	0	0	0
AF	0	0.077452	3	2	1	0	0	0	0
AF	0	0.077764	6	4	2	0	0	0	0
AF	0	0.078076	6	5	1	0	0	0	0
AF	0	0.078389	5	3	2	0	0	0	0
AF	0	0.078701	2	1	1	0	0	0	0
AF	0	0.079325	1	1	0	0	0	0	0
AF	0	0.079638	9	6	3	0	0	0	0
AF	0	0.079950	3	1	2	0	0	0	0
AF	0	0.080262	5	3	2	0	0	0	0
AF	0	0.080575	2	1	1	0	0	0	0
AF	0	0.080887	4	3	1	0	0	0	0
AF	0	0.081199	3	1	2	0	0	0	0
AF	0	0.081512	4	3	1	0	0	0	0
AF	0	0.082136	1	0	1	0	0	0	0
AF	0	0.082448	3	2	1	0	0	0	0
AF	0	0.082761	3	3	0	0	0	0	0
AF	0	0.083385	4	1	3	0	0	0	0
AF	0	0.083698	1	0	1	0	0	0	0
AF	0	0.084010	2	2	0	0	0	0	0
AF	0	0.084322	2	2	0	0	0	0	0
AF	0	0.084947	2	0	2	0	0	0	0
AF	0	0.085259	6	4	2	0	0	0	0
AF	0	0.085572	1	0	1	0	0	0	0
AF	0	0.086196	1	0	1	0	0	0	0
AF	0	0.087133	2	2	0	0	0	0	0
AF	0	0.087445	1	0	1	0	0	0	0
AF	0	0.087758	3	3	0	0	0	0	0
AF	0	0.088070	2	1	1	0	0	0	0
AF	0	0.088382	8	5	3	0	0	0	0
AF	0	0.088695	3	1	2	0	0	0	0
AF	0	0.089007	6	4	2	0	0	0	0
AF	0	0.089631	6	4	2	0	0	0	0
AF	0	0.089944	1	0	1	0	0	0	0
AF	0	0.090256	3	3	0	0	0	0	0
AF	0	0.090568	1	1	0	0	0	0	0
AF	0	0.090881	3	2	1	0	0	0	0
AF	0	0.091193	2	0	2	0	0	0	0
AF	0	0.091505	2	2	0	0	0	0	0
AF	0	0.091818	1	0	1	0	0	0	0
AF	0	0.092130	1	1	0	0	0	0	0
AF	0	0.092442	1	1	0	0	0	0	0
AF	0	0.092755	1	1	0	0	0	0	0
AF	0	0.093067	3	2	1	0	0	0	0
AF	0	0.093691	1	0	1	0	0	0	0
AF	0	0.094004	6	4	2	0	0	0	0
AF	0	0.094316	1	1	0	0	0	0	0
AF	0	0.094628	5	2	3	0	0	0	0
AF	0	0.094941	7	3	4	0	0	0	0
AF	0	0.095253	1	0	1	0	0	0	0
AF	0	0.095565	2	1	1	0	0	0	0
AF	0	0.095878	2	0	2	0	0	0	0
AF	0	0.096502	2	1	1	0	0	0	0
AF	0	0.096814	1	1	0	0	0	0	0
AF	0	0.098064	4	3	1	0	0	0	0
AF	0	0.098376	2	1	1	0	0	0	0
AF	0	0.098688	1	1	0	0	0	0	0
AF	0	0.099313	2	1	1	0	0	0	0
AF	0	0.099625	2	2	0	0	0	0	0
AF	0	0.099938	2	1	1	0	0	0	0
AF	0	0.100250	6	4	2	0	0	0	0
AF	0	0.100874	9	6	3	0	0	0	0
AF	0	0.101187	6	5	1	0	0	0	0
AF	0	0.101499	5	3	2	0	0	0	0
AF	0	0.101811	2	1	1	0	0	0	0
AF	0	0.102124	2	1	1	0	0	0	0
AF	0	0.102436	1	1	0	0	0	0	0
AF	0	0.102748	4	3	1	0	0	0	0
AF	0	0.103061	2	1	1	0	0	0	0
AF	0	0.103373	2	1	1	0	0	0	0
AF	0	0.103998	1	0	1	0	0	0	0
AF	0	0.104622	1	0	1	0	0	0	0
AF	0	0.104934	1	0	1	0	0	0	0
AF	0	0.105871	1	1	0	0	0	0	0
AF	0	0.107121	1	1	0	0	0	0	0
AF	0	0.109307	2	2	0	0	0	0	0
AF	0	0.109619	3	2	1	0	0	0	0
AF	0	0.109931	1	1	0	0	0	0	0
AF	0	0.110244	1	0	1	0	0	0	0
AF	0	0.110556	1	1	0	0	0	0	0
AF	0	0.110868	1	0	1	0	0	0	0
AF	0	0.111181	3	3	0	0	0	0	0
AF	0	0.111805	1	0	1	0	0	0	0
AF	0	0.112117	1	0	1	0	0	0	0
AF	0	0.113679	3	2	1	0	0	0	0
AF	0	0.113991	1	1	0	0	0	0	0
AF	0	0.114304	1	0	1	0	0	0	0
AF	0	0.114928	2	2	0	0	0	0	0
AF	0	0.115240	4	2	2	0	0	0	0
AF	0	0.115553	11	7	4	0	0	0	0
AF	0	0.115865	1	1	0	0	0	0	0
AF	0	0.117427	1	1	0	0	0	0	0
AF	0	0.119300	13	6	7	0	0	0	0
AF	0	0.119925	2	2	0	0	0	0	0
AF	0	0.120550	1	0	1	0	0	0	0
AF	0	0.121174	1	0	1	0	0	0	0
AF	0	0.122423	1	1	0	0	0	0	0
AF	0	0.125547	1	1	0	0	0	0	0
AF	0	0.126796	1	1	0	0	0	0	0
AF	0	0.127108	1	1	0	0	0	0	0
AF	0	0.127420	1	1	0	0	0	0	0
AF	0	0.128045	1	0	1	0	0	0	0
AF	0	0.128357	1	0	1	0	0	0	0
AF	0	0.128670	1	1	0	0	0	0	0
AF	0	0.128982	1	1	0	0	0	0	0
AF	0	0.129294	2	1	1	0	0	0	0
AF	0	0.130543	1	0	1	0	0	0	0
AF	0	0.131480	1	0	1	0	0	0	0
AF	0	0.132105	1	1	0	0	0	0	0
AF	0	0.132417	2	2	0	0	0	0	0
AF	0	0.132730	1	0	1	0	0	0	0
AF	0	0.133666	1	1	0	0	0	0	0
AF	0	0.134291	2	1	1	0	0	0	0
AF	0	0.134603	1	1	0	0	0	0	0
AF	0	0.134916	3	3	0	0	0	0	0
AF	0	0.135228	1	1	0	0	0	0	0
AF	0	0.136165	3	3	0	0	0	0	0
AF	0	0.138039	2	2	0	0	0	0	0
AF	0	0.138663	1	0	1	0	0	0	0
AF	0	0.139288	2	2	0	0	0	0	0
AF	0	0.140537	1	1	0	0	0	0	0
AF	0	0.140849	1	1	0	0	0	0	0
AF	0	0.141162	1	1	0	0	0	0	0
AF	0	0.142723	1	1	0	0	0	0	0
AF	0	0.143036	1	1	0	0	0	0	0
AF	0	0.143348	1	1	0	0	0	0	0
AF	0	0.143660	1	0	1	0	0	0	0
AF	0	0.144909	1	0	1	0	0	0	0
AF	0	0.145222	1	1	0	0	0	0	0
AF	0	0.145534	2	2	0	0	0	0	0
AF	0	0.146159	7	4	3	0	0	0	0
AF	0	0.146471	2	2	0	0	0	0	0
AF	0	0.146783	6	5	1	0	0	0	0
AF	0	0.147096	1	0	1	0	0	0	0
AF	0	0.147408	2	0	2	0	0	0	0
AF	0	0.148032	2	1	1	0	0	0	0
AF	0	0.148345	1	0	1	0	0	0	0
AF	0	0.148657	1	1	0	0	0	0	0
AF	0	0.149906	3	2	1	0	0	0	0
AF	0	0.150219	1	1	0	0	0	0	0
AF	0	0.150531	1	0	1	0	0	0	0
AF	0	0.151156	1	1	0	0	0	0	0
AF	0	0.152092	1	1	0	0	0	0	0
AF	0	0.152405	2	1	1	0	0	0	0
AF	0	0.152717	1	1	0	0	0	0	0
AF	0	0.154591	1	0	1	0	0	0	0
AF	0	0.155840	1	1	0	0	0	0	0
AF	0	0.156152	4	4	0	0	0	0	0
AF	0	0.156465	1	1	0	0	0	0	0
AF	0	0.158339	1	1	0	0	0	0	0
AF	0	0.159275	1	1	0	0	0	0	0
AF	0	0.160525	5	2	3	0	0	0	0
AF	0	0.160837	1	1	0	0	0	0	0
AF	0	0.161149	6	4	2	0	0	0	0
AF	0	0.161462	2	1	1	0	0	0	0
AF	0	0.161774	5	4	1	0	0	0	0
AF	0	0.162086	3	3	0	0	0	0	0
AF	0	0.162399	2	2	0	0	0	0	0
AF	0	0.163648	1	1	0	0	0	0	0
AF	0	0.163960	1	0	1	0	0	0	0
AF	0	0.164272	1	1	0	0	0	0	0
AF	0	0.164897	3	3	0	0	0	0	0
AF	0	0.165522	2	2	0	0	0	0	0
AF	0	0.165834	5	3	2	0	0	0	0
AF	0	0.166146	4	3	1	0	0	0	0
AF	0	0.166458	2	2	0	0	0	0	0
AF	0	0.166771	4	2	2	0	0	0	0
AF	0	0.167083	1	1	0	0	0	0	0
AF	0	0.167395	1	1	0	0	0	0	0
AF	0	0.168020	4	3	1	0	0	0	0
AF	0	0.169582	1	0	1	0	0	0	0
AF	0	0.169894	4	2	2	0	0	0	0
AF	0	0.170206	1	1	0	0	0	0	0
AF	0	0.170518	2	1	1	0	0	0	0
AF	0	0.173017	2	2	0	0	0	0	0
AF	0	0.174578	1	1	0	0	0	0	0
AF	0	0.174891	1	0	1	0	0	0	0
AF	0	0.175515	5	3	2	0	0	0	0
AF	0	0.177389	1	1	0	0	0	0	0
AF	0	0.177701	1	0	1	0	0	0	0
AF	0	0.178014	1	1	0	0	0	0	0
AF	0	0.178326	2	2	0	0	0	0	0
AF	0	0.179263	1	1	0	0	0	0	0
AF	0	0.180200	1	1	0	0	0	0	0
AF	0	0.181137	3	2	1	0	0	0	0
AF	0	0.181449	1	1	0	0	0	0	0
AF	0	0.181761	3	1	2	0	0	0	0
AF	0	0.182074	1	0	1	0	0	0	0
AF	0	0.182386	3	3	0	0	0	0	0
AF	0	0.183011	3	1	2	0	0	0	0
AF	0	0.183635	3	1	2	0	0	0	0
AF	0	0.183948	3	2	1	0	0	0	0
AF	0	0.184260	3	2	1	0	0	0	0
AF	0	0.186134	2	1	1	0	0	0	0
AF	0	0.188632	1	0	1	0	0	0	0
AF	0	0.189257	1	0	1	0	0	0	0
AF	0	0.189569	1	1	0	0	0	0	0
AF	0	0.191755	1	0	1	0	0	0	0
AF	0	0.192067	2	1	1	0	0	0	0
AF	0	0.192380	1	1	0	0	0	0	0
AF	0	0.193004	4	3	1	0	0	0	0
AF	0	0.193317	1	1	0	0	0	0	0
AF	0	0.193941	1	1	0	0	0	0	0
AF	0	0.194254	3	2	1	0	0	0	0
AF	0	0.194566	1	0	1	0	0	0	0
AF	0	0.194878	2	1	1	0	0	0	0
AF	0	0.195503	4	4	0	0	0	0	0
AF	0	0.195815	1	0	1	0	0	0	0
AF	0	0.197064	1	1	0	0	0	0	0
AF	0	0.197377	1	1	0	0	0	0	0
AF	0	0.198001	2	1	1	0	0	0	0
AF	0	0.198626	1	1	0	0	0	0	0
AF	0	0.198938	1	1	0	0	0	0	0
AF	0	0.199563	1	1	0	0	0	0	0
AF	0	0.199875	2	0	2	0	0	0	0
AF	0	0.200187	1	0	1	0	0	0	0
AF	0	0.200500	1	1	0	0	0	0	0
AF	0	0.201124	1	1	0	0	0	0	0
AF	0	0.201437	1	0	1	0	0	0	0
AF	0	0.202374	1	1	0	0	0	0	0
AF	0	0.203310	1	0	1	0	0	0	0
AF	0	0.203623	5	4	1	0	0	0	0
AF	0	0.204872	1	1	0	0	0	0	0
AF	0	0.206121	1	0	1	0	0	0	0
AF	0	0.206746	1	0	1	0	0	0	0
AF	0	0.207058	1	1	0	0	0	0	0
AF	0	0.207370	3	1	2	0	0	0	0
AF	0	0.207995	1	0	1	0	0	0	0
AF	0	0.208932	1	1	0	0	0	0	0
AF	0	0.209244	3	2	1	0	0	0	0
AF	0	0.209869	1	1	0	0	0	0	0
AF	0	0.210181	2	1	1	0	0	0	0
AF	0	0.211118	1	1	0	0	0	0	0
AF	0	0.212367	1	1	0	0	0	0	0
AF	0	0.214241	1	0	1	0	0	0	0
AF	0	0.214553	1	1	0	0	0	0	0
AF	0	0.214866	4	2	2	0	0	0	0
AF	0	0.215490	3	1	2	0	0	0	0
AF	0	0.215803	1	1	0	0	0	0	0
AF	0	0.216115	4	1	3	0	0	0	0
AF	0	0.216740	1	1	0	0	0	0	0
AF	0	0.217052	3	3	0	0	0	0	0
AF	0	0.217364	5	3	2	0	0	0	0
AF	0	0.217676	2	1	1	0	0	0	0
AF	0	0.217989	1	1	0	0	0	0	0
AF	0	0.218301	3	2	1	0	0	0	0
AF	0	0.218613	1	0	1	0	0	0	0
AF	0	0.219238	1	1	0	0	0	0	0
AF	0	0.219863	1	1	0	0	0	0	0
AF	0	0.221112	3	3	0	0	0	0	0
AF	0	0.221736	1	1	0	0	0	0	0
AF	0	0.222049	2	1	1	0	0	0	0
AF	0	0.222673	1	0	1	0	0	0	0
AF	0	0.222986	1	0	1	0	0	0	0
AF	0	0.223298	4	3	1	0	0	0	0
AF	0	0.223610	7	7	0	0	0	0	0
AF	0	0.223923	7	4	3	0	0	0	0
AF	0	0.224235	1	0	1	0	0	0	0
AF	0	0.224547	3	1	2	0	0	0	0
AF	0	0.224859	2	1	1	0	0	0	0
AF	0	0.225172	3	1	2	0	0	0	0
AF	0	0.225484	1	1	0	0	0	0	0
AF	0	0.225796	2	2	0	0	0	0	0
AF	0	0.226421	1	1	0	0	0	0	0
AF	0	0.227046	2	2	0	0	0	0	0
AF	0	0.227358	1	1	0	0	0	0	0
AF	0	0.228295	1	1	0	0	0	0	0
AF	0	0.228919	2	1	1	0	0	0	0
AF	0	0.229232	1	0	1	0	0	0	0
AF	0	0.229544	1	1	0	0	0	0	0
AF	0	0.229856	2	1	1	0	0	0	0
AF	0	0.230169	1	1	0	0	0	0	0
AF	0	0.230793	2	2	0	0	0	0	0
AF	0	0.231106	1	1	0	0	0	0	0
AF	0	0.231418	2	1	1	0	0	0	0
AF	0	0.232667	1	0	1	0	0	0	0
AF	0	0.233292	1	1	0	0	0	0	0
AF	0	0.233604	1	1	0	0	0	0	0
AF	0	0.233916	6	3	3	0	0	0	0
AF	0	0.234229	1	0	1	0	0	0	0
AF	0	0.234541	2	2	0	0	0	0	0
AF	0	0.234853	1	1	0	0	0	0	0
AF	0	0.235166	1	0	1	0	0	0	0
AF	0	0.235478	2	2	0	0	0	0	0
AF	0	0.235790	1	1	0	0	0	0	0
AF	0	0.236415	1	0	1	0	0	0	0
AF	0	0.236727	1	0	1	0	0	0	0
AF	0	0.237039	2	2	0	0	0	0	0
AF	0	0.237352	2	0	2	0	0	0	0
AF	0	0.237664	2	2	0	0	0	0	0
AF	0	0.237976	1	0	1	0	0	0	0
AF	0	0.238289	2	1	1	0	0	0	0
AF	0	0.238913	3	2	1	0	0	0	0
AF	0	0.239538	2	2	0	0	0	0	0
AF	0	0.240162	4	3	1	0	0	0	0
AF	0	0.240475	1	1	0	0	0	0	0
AF	0	0.240787	1	0	1	0	0	0	0
AF	0	0.241099	1	0	1	0	0	0	0
AF	0	0.241412	4	2	2	0	0	0	0
AF	0	0.241724	1	1	0	0	0	0	0
AF	0	0.242036	2	2	0	0	0	0	0
AF	0	0.242349	2	2	0	0	0	0	0
AF	0	0.242661	3	2	1	0	0	0	0
AF	0	0.242973	2	1	1	0	0	0	0
AF	0	0.243285	2	0	2	0	0	0	0
AF	0	0.243598	2	2	0	0	0	0	0
AF	0	0.244222	1	1	0	0	0	0	0
AF	0	0.244535	6	4	2	0	0	0	0
AF	0	0.244847	1	0	1	0	0	0	0
AF	0	0.245159	2	1	1	0	0	0	0
AF	0	0.245472	2	2	0	0	0	0	0
AF	0	0.245784	2	1	1	0	0	0	0
AF	0	0.246408	1	1	0	0	0	0	0
AF	0	0.248282	1	1	0	0	0	0	0
AF	0	0.250781	2	1	1	0	0	0	0
AF	0	0.251405	1	1	0	0	0	0	0
AF	0	0.252030	1	1	0	0	0	0	0
AF	0	0.252655	1	1	0	0	0	0	0
AF	0	0.253592	1	1	0	0	0	0	0
AF	0	0.254216	2	2	0	0	0	0	0
AF	0	0.254528	2	1	1	0	0	0	0
AF	0	0.255778	1	0	1	0	0	0	0
AF	0	0.257027	3	2	1	0	0	0	0
AF	0	0.257339	1	1	0	0	0	0	0
AF	0	0.257651	1	1	0	0	0	0	0
AF	0	0.258901	3	3	0	0	0	0	0
AF	0	0.259213	1	1	0	0	0	0	0
AF	0	0.260150	1	1	0	0	0	0	0
AF	0	0.260775	1	0	1	0	0	0	0
AF	0	0.261399	2	2	0	0	0	0	0
AF	0	0.262024	1	1	0	0	0	0	0
AF	0	0.262336	1	1	0	0	0	0	0
AF	0	0.262648	1	1	0	0	0	0	0
AF	0	0.264210	1	1	0	0	0	0	0
AF	0	0.265459	1	0	1	0	0	0	0
AF	0	0.265771	3	2	1	0	0	0	0
AF	0	0.267333	1	1	0	0	0	0	0
AF	0	0.270456	2	0	2	0	0	0	0
AF	0	0.270768	1	1	0	0	0	0	0
AF	0	0.272017	1	1	0	0	0	0	0
AF	0	0.272954	2	1	1	0	0	0	0
AF	0	0.273579	2	0	2	0	0	0	0
AF	0	0.273891	2	1	1	0	0	0	0
AF	0	0.274516	3	1	2	0	0	0	0
AF	0	0.275141	1	1	0	0	0	0	0
AF	0	0.275765	1	1	0	0	0	0	0
AF	0	0.276077	1	0	1	0	0	0	0
AF	0	0.276390	2	2	0	0	0	0	0
AF	0	0.277014	1	1	0	0	0	0	0
AF	0	0.279825	1	0	1	0	0	0	0
AF	0	0.280450	1	1	0	0	0	0	0
AF	0	0.281074	1	0	1	0	0	0	0
AF	0	0.281387	1	0	1	0	0	0	0
AF	0	0.281699	1	1	0	0	0	0	0
AF	0	0.282636	1	1	0	0	0	0	0
AF	0	0.283573	1	1	0	0	0	0	0
AF	0	0.283885	2	1	1	0	0	0	0
AF	0	0.284822	1	1	0	0	0	0	0
AF	0	0.285134	1	0	1	0	0	0	0
AF	0	0.285759	2	1	1	0	0	0	0
AF	0	0.286384	1	0	1	0	0	0	0
AF	0	0.287008	1	1	0	0	0	0	0
AF	0	0.287633	1	1	0	0	0	0	0
AF	0	0.287945	1	1	0	0	0	0	0
AF	0	0.288257	3	2	1	0	0	0	0
AF	0	0.288882	1	1	0	0	0	0	0
AF	0	0.289507	2	1	1	0	0	0	0
AF	0	0.291693	1	1	0	0	0	0	0
AF	0	0.293567	1	1	0	0	0	0	0
AF	0	0.293879	1	1	0	0	0	0	0
AF	0	0.295440	1	1	0	0	0	0	0
AF	0	0.297626	1	0	1	0	0	0	0
AF	0	0.297939	1	1	0	0	0	0	0
AF	0	0.298876	1	1	0	0	0	0	0
AF	0	0.299500	2	2	0	0	0	0	0
AF	0	0.300437	1	1	0	0	0	0	0
AF	0	0.300750	4	3	1	0	0	0	0
AF	0	0.301062	1	1	0	0	0	0	0
AF	0	0.301686	2	2	0	0	0	0	0
AF	0	0.301999	2	2	0	0	0	0	0
AF	0	0.302311	1	1	0	0	0	0	0
AF	0	0.302623	1	1	0	0	0	0	0
AF	0	0.302936	1	0	1	0	0	0	0
AF	0	0.303560	2	0	2	0	0	0	0
AF	0	0.303873	1	1	0	0	0	0	0
AF	0	0.304497	3	2	1	0	0	0	0
AF	0	0.304809	1	1	0	0	0	0	0
AF	0	0.305122	2	2	0	0	0	0	0
AF	0	0.305434	3	2	1	0	0	0	0
AF	0	0.305746	3	3	0	0	0	0	0
AF	0	0.306059	1	1	0	0	0	0	0
AF	0	0.306371	1	1	0	0	0	0	0
AF	0	0.306996	2	1	1	0	0	0	0
AF	0	0.307620	1	0	1	0	0	0	0
AF	0	0.308245	1	1	0	0	0	0	0
AF	0	0.308557	1	1	0	0	0	0	0
AF	0	0.308869	1	0	1	0	0	0	0
AF	0	0.309494	1	1	0	0	0	0	0
AF	0	0.311368	1	1	0	0	0	0	0
AF	0	0.313866	1	0	1	0	0	0	0
AF	0	0.314179	3	1	2	0	0	0	0
AF	0	0.314491	2	0	2	0	0	0	0
AF	0	0.314803	3	3	0	0	0	0	0
AF	0	0.315740	3	2	1	0	0	0	0
AF	0	0.316052	1	1	0	0	0	0	0
AF	0	0.316365	2	2	0	0	0	0	0
AF	0	0.317302	1	0	1	0	0	0	0
AF	0	0.318239	3	1	2	0	0	0	0
AF	0	0.318863	1	1	0	0	0	0	0
AF	0	0.319176	1	1	0	0	0	0	0
AF	0	0.319488	1	1	0	0	0	0	0
AF	0	0.319800	1	0	1	0	0	0	0
AF	0	0.320112	1	1	0	0	0	0	0
AF	0	0.320737	5	3	2	0	0	0	0
AF	0	0.321362	3	3	0	0	0	0	0
AF	0	0.321674	4	4	0	0	0	0	0
AF	0	0.321986	4	3	1	0	0	0	0
AF	0	0.322611	2	1	1	0	0	0	0
AF	0	0.323235	1	0	1	0	0	0	0
AF	0	0.324797	2	1	1	0	0	0	0
AF	0	0.325109	3	2	1	0	0	0	0
AF	0	0.326671	2	2	0	0	0	0	0
AF	0	0.326983	3	2	1	0	0	0	0
AF	0	0.327295	2	1	1	0	0	0	0
AF	0	0.327920	2	2	0	0	0	0	0
AF	0	0.328232	2	2	0	0	0	0	0
AF	0	0.328545	2	1	1	0	0	0	0
AF	0	0.328857	2	1	1	0	0	0	0
AF	0	0.329169	2	2	0	0	0	0	0
AF	0	0.329482	6	2	4	0	0	0	0
AF	0	0.330106	1	0	1	0	0	0	0
AF	0	0.330418	3	2	1	0	0	0	0
AF	0	0.330731	2	1	1	0	0	0	0
AF	0	0.331355	1	0	1	0	0	0	0
AF	0	0.331980	1	1	0	0	0	0	0
AF	0	0.332292	1	1	0	0	0	0	0
AF	0	0.333229	1	1	0	0	0	0	0
AF	0	0.333542	1	1	0	0	0	0	0
AF	0	0.333854	1	1	0	0	0	0	0
AF	0	0.334166	2	1	1	0	0	0	0
AF	0	0.334478	1	1	0	0	0	0	0
AF	0	0.334791	2	2	0	0	0	0	0
AF	0	0.335103	2	1	1	0	0	0	0
AF	0	0.335415	3	1	2	0	0	0	0
AF	0	0.335728	1	1	0	0	0	0	0
AF	0	0.336040	1	1	0	0	0	0	0
AF	0	0.336665	2	2	0	0	0	0	0
AF	0	0.337289	1	0	1	0	0	0	0
AF	0	0.337914	1	1	0	0	0	0	0
AF	0	0.338538	2	0	2	0	0	0	0
AF	0	0.339788	2	0	2	0	0	0	0
AF	0	0.340100	1	0	1	0	0	0	0
AF	0	0.341037	2	0	2	0	0	0	0
AF	0	0.341661	1	0	1	0	0	0	0
AF	0	0.342911	1	1	0	0	0	0	0
AF	0	0.344785	1	1	0	0	0	0	0
AF	0	0.346034	1	1	0	0	0	0	0
AF	0	0.347283	1	1	0	0	0	0	0
AF	0	0.347908	2	2	0	0	0	0	0
AF	0	0.351031	1	1	0	0	0	0	0
AF	0	0.351968	1	1	0	0	0	0	0
AF	0	0.352280	4	3	1	0	0	0	0
AF	0	0.352592	1	0	1	0	0	0	0
AF	0	0.354154	1	1	0	0	0	0	0
AF	0	0.356027	1	0	1	0	0	0	0
AF	0	0.357277	2	2	0	0	0	0	0
AF	0	0.357589	2	2	0	0	0	0	0
AF	0	0.360400	1	1	0	0	0	0	0
AF	0	0.362274	2	2	0	0	0	0	0
AF	0	0.362898	2	0	2	0	0	0	0
AF	0	0.363523	1	1	0	0	0	0	0
AF	0	0.364147	1	0	1	0	0	0	0
AF	0	0.364772	1	1	0	0	0	0	0
AF	0	0.365397	1	1	0	0	0	0	0
AF	0	0.366334	1	1	0	0	0	0	0
AF	0	0.366646	1	1	0	0	0	0	0
AF	0	0.367583	1	1	0	0	0	0	0
AF	0	0.373517	2	0	2	0	0	0	0
AF	0	0.374141	1	0	1	0	0	0	0
AF	0	0.374766	1	0	1	0	0	0	0
AF	0	0.376015	1	1	0	0	0	0	0
AF	0	0.376327	1	1	0	0	0	0	0
AF	0	0.376640	1	0	1	0	0	0	0
AF	0	0.376952	1	0	1	0	0	0	0
AF	0	0.377264	1	0	1	0	0	0	0
AF	0	0.379138	1	1	0	0	0	0	0
AF	0	0.381636	1	1	0	0	0	0	0
AF	0	0.382261	1	1	0	0	0	0	0
AF	0	0.382573	1	1	0	0	0	0	0
AF	0	0.382886	1	1	0	0	0	0	0
AF	0	0.383510	1	0	1	0	0	0	0
AF	0	0.384760	2	1	1	0	0	0	0
AF	0	0.385072	1	0	1	0	0	0	0
AF	0	0.386946	1	1	0	0	0	0	0
AF	0	0.387883	2	1	1	0	0	0	0
AF	0	0.388507	1	0	1	0	0	0	0
AF	0	0.389756	1	1	0	0	0	0	0
AF	0	0.390069	1	1	0	0	0	0	0
AF	0	0.391943	1	1	0	0	0	0	0
AF	0	0.392255	3	3	0	0	0	0	0
AF	0	0.392567	1	1	0	0	0	0	0
AF	0	0.392879	3	3	0	0	0	0	0
AF	0	0.393504	3	2	1	0	0	0	0
AF	0	0.394129	1	1	0	0	0	0	0
AF	0	0.395690	1	1	0	0	0	0	0
AF	0	0.398501	2	2	0	0	0	0	0
AF	0	0.398813	1	1	0	0	0	0	0
AF	0	0.401624	1	1	0	0	0	0	0
AF	0	0.401936	1	1	0	0	0	0	0
AF	0	0.402249	4	2	2	0	0	0	0
AF	0	0.403186	1	1	0	0	0	0	0
AF	0	0.404122	3	3	0	0	0	0	0
AF	0	0.406309	1	0	1	0	0	0	0
AF	0	0.407245	3	1	2	0	0	0	0
AF	0	0.407870	1	1	0	0	0	0	0
AF	0	0.409432	1	1	0	0	0	0	0
AF	0	0.409744	3	3	0	0	0	0	0
AF	0	0.410681	1	1	0	0	0	0	0
AF	0	0.412242	1	0	1	0	0	0	0
AF	0	0.412867	2	2	0	0	0	0	0
AF	0	0.413492	3	1	2	0	0	0	0
AF	0	0.413804	1	1	0	0	0	0	0
AF	0	0.414428	1	1	0	0	0	0	0
AF	0	0.415053	1	0	1	0	0	0	0
AF	0	0.415990	2	1	1	0	0	0	0
AF	0	0.416927	1	1	0	0	0	0	0
AF	0	0.417239	1	0	1	0	0	0	0
AF	0	0.418488	2	1	1	0	0	0	0
AF	0	0.418801	1	1	0	0	0	0	0
AF	0	0.419113	2	2	0	0	0	0	0
AF	0	0.420362	1	1	0	0	0	0	0
AF	0	0.420675	1	1	0	0	0	0	0
AF	0	0.420987	1	1	0	0	0	0	0
AF	0	0.421299	1	0	1	0	0	0	0
AF	0	0.421611	1	0	1	0	0	0	0
AF	0	0.422861	1	1	0	0	0	0	0
AF	0	0.423798	2	2	0	0	0	0	0
AF	0	0.424110	3	2	1	0	0	0	0
AF	0	0.424422	2	2	0	0	0	0	0
AF	0	0.424735	4	3	1	0	0	0	0
AF	0	0.425984	1	1	0	0	0	0	0
AF	0	0.426296	1	1	0	0	0	0	0
AF	0	0.426921	2	1	1	0	0	0	0
AF	0	0.427233	2	2	0	0	0	0	0
AF	0	0.427545	1	1	0	0	0	0	0
AF	0	0.427858	5	4	1	0	0	0	0
AF	0	0.428170	1	0	1	0	0	0	0
AF	0	0.428482	3	1	2	0	0	0	0
AF	0	0.428795	2	0	2	0	0	0	0
AF	0	0.429107	2	1	1	0	0	0	0
AF	0	0.429731	2	1	1	0	0	0	0
AF	0	0.430044	3	1	2	0	0	0	0
AF	0	0.430356	4	1	3	0	0	0	0
AF	0	0.430668	2	2	0	0	0	0	0
AF	0	0.431605	1	0	1	0	0	0	0
AF	0	0.432230	2	2	0	0	0	0	0
AF	0	0.432542	1	1	0	0	0	0	0
AF	0	0.432854	2	1	1	0	0	0	0
AF	0	0.433167	2	1	1	0	0	0	0
AF	0	0.433791	1	1	0	0	0	0	0
AF	0	0.434104	2	1	1	0	0	0	0
AF	0	0.434416	1	1	0	0	0	0	0
AF	0	0.434728	2	2	0	0	0	0	0
AF	0	0.435041	4	3	1	0	0	0	0
AF	0	0.435353	2	1	1	0	0	0	0
AF	0	0.435665	1	1	0	0	0	0	0
AF	0	0.437851	1	1	0	0	0	0	0
AF	0	0.438164	1	1	0	0	0	0	0
AF	0	0.438788	2	1	1	0	0	0	0
AF	0	0.439101	1	0	1	0	0	0	0
AF	0	0.439413	1	0	1	0	0	0	0
AF	0	0.439725	2	1	1	0	0	0	0
AF	0	0.440350	4	3	1	0	0	0	0
AF	0	0.440662	1	1	0	0	0	0	0
AF	0	0.440974	3	1	2	0	0	0	0
AF	0	0.441287	4	2	2	0	0	0	0
AF	0	0.441599	5	3	2	0	0	0	0
AF	0	0.441911	3	1	2	0	0	0	0
AF	0	0.442224	4	2	2	0	0	0	0
AF	0	0.442536	2	1	1	0	0	0	0
AF	0	0.442848	4	4	0	0	0	0	0
AF	0	0.443161	1	1	0	0	0	0	0
AF	0	0.443473	1	1	0	0	0	0	0
AF	0	0.443785	1	0	1	0	0	0	0
AF	0	0.444410	1	1	0	0	0	0	0
AF	0	0.444722	2	2	0	0	0	0	0
AF	0	0.445034	2	2	0	0	0	0	0
AF	0	0.445347	3	3	0	0	0	0	0
AF	0	0.445659	1	1	0	0	0	0	0
AF	0	0.445971	1	1	0	0	0	0	0
AF	0	0.446284	3	1	2	0	0	0	0
AF	0	0.446908	1	1	0	0	0	0	0
AF	0	0.447220	1	1	0	0	0	0	0
AF	0	0.447533	2	1	1	0	0	0	0
AF	0	0.447845	1	0	1	0	0	0	0
AF	0	0.448157	3	2	1	0	0	0	0
AF	0	0.448470	1	0	1	0	0	0	0
AF	0	0.448782	1	1	0	0	0	0	0
AF	0	0.451593	1	0	1	0	0	0	0
AF	0	0.453154	1	0	1	0	0	0	0
AF	0	0.454403	2	1	1	0	0	0	0
AF	0	0.455028	1	0	1	0	0	0	0
AF	0	0.456902	1	1	0	0	0	0	0
AF	0	0.458776	1	1	0	0	0	0	0
AF	0	0.459400	1	1	0	0	0	0	0
AF	0	0.459713	1	0	1	0	0	0	0
AF	0	0.460337	1	1	0	0	0	0	0
AF	0	0.460962	1	0	1	0	0	0	0
AF	0	0.461274	4	3	1	0	0	0	0
AF	0	0.461899	1	1	0	0	0	0	0
AF	0	0.462836	1	1	0	0	0	0	0
AF	0	0.463148	3	1	2	0	0	0	0
AF	0	0.463460	1	1	0	0	0	0	0
AF	0	0.464397	3	2	1	0	0	0	0
AF	0	0.464710	2	1	1	0	0	0	0
AF	0	0.465022	3	1	2	0	0	0	0
AF	0	0.465334	1	1	0	0	0	0	0
AF	0	0.465646	1	1	0	0	0	0	0
AF	0	0.466271	2	2	0	0	0	0	0
AF	0	0.467208	1	0	1	0	0	0	0
AF	0	0.467833	3	2	1	0	0	0	0
AF	0	0.468457	2	0	2	0	0	0	0
AF	0	0.468770	1	1	0	0	0	0	0
AF	0	0.469082	2	1	1	0	0	0	0
AF	0	0.469394	4	1	3	0	0	0	0
AF	0	0.470019	2	0	2	0	0	0	0
AF	0	0.470643	2	2	0	0	0	0	0
AF	0	0.470956	1	0	1	0	0	0	0
AF	0	0.471268	4	2	2	0	0	0	0
AF	0	0.472205	1	1	0	0	0	0	0
AF	0	0.473142	3	3	0	0	0	0	0
AF	0	0.473454	1	1	0	0	0	0	0
AF	0	0.474079	1	1	0	0	0	0	0
AF	0	0.474391	1	1	0	0	0	0	0
AF	0	0.474703	1	0	1	0	0	0	0
AF	0	0.475016	1	1	0	0	0	0	0
AF	0	0.475328	1	0	1	0	0	0	0
AF	0	0.476577	1	0	1	0	0	0	0
AF	0	0.477514	1	1	0	0	0	0	0
AF	0	0.478139	1	1	0	0	0	0	0
AF	0	0.478451	1	1	0	0	0	0	0
AF	0	0.478763	1	1	0	0	0	0	0
AF	0	0.479076	2	1	1	0	0	0	0
AF	0	0.479388	1	1	0	0	0	0	0
AF	0	0.480012	3	2	1	0	0	0	0
AF	0	0.480325	1	1	0	0	0	0	0
AF	0	0.480637	2	2	0	0	0	0	0
AF	0	0.481886	1	1	0	0	0	0	0
AF	0	0.482199	1	1	0	0	0	0	0
AF	0	0.482511	1	1	0	0	0	0	0
AF	0	0.483760	1	0	1	0	0	0	0
AF	0	0.484072	1	1	0	0	0	0	0
AF	0	0.485009	2	1	1	0	0	0	0
AF	0	0.485322	1	0	1	0	0	0	0
AF	0	0.485634	1	1	0	0	0	0	0
AF	0	0.485946	1	1	0	0	0	0	0
AF	0	0.487820	1	1	0	0	0	0	0
AF	0	0.489382	1	1	0	0	0	0	0
AF	0	0.489694	1	1	0	0	0	0	0
AF	0	0.492505	1	1	0	0	0	0	0
AF	0	0.493754	2	2	0	0	0	0	0
AF	0	0.494066	1	1	0	0	0	0	0
AF	0	0.494379	2	1	1	0	0	0	0
AF	0	0.495003	1	1	0	0	0	0	0
AF	0	0.495628	2	1	1	0	0	0	0
AF	0	0.496252	3	3	0	0	0	0	0
AF	0	0.496565	1	1	0	0	0	0	0
AF	0	0.496877	2	2	0	0	0	0	0
AF	0	0.497189	1	1	0	0	0	0	0
AF	0	0.497814	3	3	0	0	0	0	0
AF	0	0.498126	2	2	0	0	0	0	0
AF	0	0.498751	3	1	2	0	0	0	0
AF	0	0.499063	3	2	1	0	0	0	0
AF	0	0.499375	5	2	3	0	0	0	0
AF	0	0.499688	3	3	0	0	0	0	0
AF	0	0.500000	4	3	1	0	0	0	0
AF	0	0.500312	1	1	0	0	0	0	0
AF	0	0.500625	6	5	1	0	0	0	0
AF	0	0.500937	2	2	0	0	0	0	0
AF	0	0.501249	8	6	2	0	0	0	0
AF	0	0.501562	3	1	2	0	0	0	0
AF	0	0.501874	2	2	0	0	0	0	0
AF	0	0.502186	3	1	2	0	0	0	0
AF	0	0.502498	4	2	2	0	0	0	0
AF	0	0.502811	2	1	1	0	0	0	0
AF	0	0.503123	4	3	1	0	0	0	0
AF	0	0.503435	1	1	0	0	0	0	0
AF	0	0.503748	2	2	0	0	0	0	0
AF	0	0.504060	1	1	0	0	0	0	0
AF	0	0.504372	1	1	0	0	0	0	0
AF	0	0.504685	2	1	1	0	0	0	0
AF	0	0.504997	1	1	0	0	0	0	0
AF	0	0.505621	1	1	0	0	0	0	0
AF	0	0.505934	1	1	0	0	0	0	0
AF	0	0.509057	1	1	0	0	0	0	0
AF	0	0.509369	1	0	1	0	0	0	0
AF	0	0.510306	1	1	0	0	0	0	0
AF	0	0.511243	1	1	0	0	0	0	0
AF	0	0.512180	2	2	0	0	0	0	0
AF	0	0.512492	1	0	1	0	0	0	0
AF	0	0.513117	1	1	0	0	0	0	0
AF	0	0.513429	5	3	2	0	0	0	0
AF	0	0.513741	1	1	0	0	0	0	0
AF	0	0.514054	1	1	0	0	0	0	0
AF	0	0.514366	1	1	0	0	0	0	0
AF	0	0.515615	2	1	1	0	0	0	0
AF	0	0.516240	5	4	1	0	0	0	0
AF	0	0.517801	2	1	1	0	0	0	0
AF	0	0.518738	1	0	1	0	0	0	0
AF	0	0.519363	1	1	0	0	0	0	0
AF	0	0.519988	2	0	2	0	0	0	0
AF	0	0.521237	1	0	1	0	0	0	0
AF	0	0.522486	3	2	1	0	0	0	0
AF	0	0.522798	1	1	0	0	0	0	0
AF	0	0.523111	1	1	0	0	0	0	0
AF	0	0.523735	1	1	0	0	0	0	0
AF	0	0.524672	1	1	0	0	0	0	0
AF	0	0.525609	1	1	0	0	0	0	0
AF	0	0.529044	1	1	0	0	0	0	0
AF	0	0.529669	1	0	1	0	0	0	0
AF	0	0.530606	1	1	0	0	0	0	0
AF	0	0.530918	1	0	1	0	0	0	0
AF	0	0.531230	2	2	0	0	0	0	0
AF	0	0.531543	1	0	1	0	0	0	0
AF	0	0.531855	1	1	0	0	0	0	0
AF	0	0.533417	1	0	1	0	0	0	0
AF	0	0.534666	1	0	1	0	0	0	0
AF	0	0.534978	1	1	0	0	0	0	0
AF	0	0.535603	1	1	0	0	0	0	0
AF	0	0.535915	1	1	0	0	0	0	0
AF	0	0.536227	2	1	1	0	0	0	0
AF	0	0.536852	1	1	0	0	0	0	0
AF	0	0.537164	1	1	0	0	0	0	0
AF	0	0.537789	1	1	0	0	0	0	0
AF	0	0.538413	2	2	0	0	0	0	0
AF	0	0.539350	1	1	0	0	0	0	0
AF	0	0.541537	1	0	1	0	0	0	0
AF	0	0.541849	4	3	1	0	0	0	0
AF	0	0.542161	1	1	0	0	0	0	0
AF	0	0.542473	4	3	1	0	0	0	0
AF	0	0.542786	1	0	1	0	0	0	0
AF	0	0.543098	3	2	1	0	0	0	0
AF	0	0.543410	1	1	0	0	0	0	0
AF	0	0.543723	3	3	0	0	0	0	0
AF	0	0.544972	1	1	0	0	0	0	0
AF	0	0.545597	1	1	0	0	0	0	0
AF	0	0.546221	2	2	0	0	0	0	0
AF	0	0.546846	1	1	0	0	0	0	0
AF	0	0.547470	2	0	2	0	0	0	0
AF	0	0.551530	1	1	0	0	0	0	0
AF	0	0.551843	1	0	1	0	0	0	0
AF	0	0.552467	1	1	0	0	0	0	0
AF	0	0.553404	1	1	0	0	0	0	0
AF	0	0.555278	2	2	0	0	0	0	0
AF	0	0.555590	1	1	0	0	0	0	0
AF	0	0.555903	1	1	0	0	0	0	0
AF	0	0.556215	1	0	1	0	0	0	0
AF	0	0.556527	1	0	1	0	0	0	0
AF	0	0.556839	1	1	0	0	0	0	0
AF	0	0.557152	2	2	0	0	0	0	0
AF	0	0.558089	2	1	1	0	0	0	0
AF	0	0.559026	1	0	1	0	0	0	0
AF	0	0.559338	2	2	0	0	0	0	0
AF	0	0.559650	4	3	1	0	0	0	0
AF	0	0.560275	2	0	2	0	0	0	0
AF	0	0.561836	1	1	0	0	0	0	0
AF	0	0.562149	2	2	0	0	0	0	0
AF	0	0.562461	1	1	0	0	0	0	0
AF	0	0.562773	1	1	0	0	0	0	0
AF	0	0.565272	1	0	1	0	0	0	0
AF	0	0.567770	1	1	0	0	0	0	0
AF	0	0.568395	1	1	0	0	0	0	0
AF	0	0.572767	1	1	0	0	0	0	0
AF	0	0.573392	1	1	0	0	0	0	0
AF	0	0.575890	4	3	1	0	0	0	0
AF	0	0.577452	1	0	1	0	0	0	0
AF	0	0.580262	1	1	0	0	0	0	0
AF	0	0.580887	1	1	0	0	0	0	0
AF	0	0.588070	1	1	0	0	0	0	0
AF	0	0.588382	1	0	1	0	0	0	0
AF	0	0.590568	1	1	0	0	0	0	0
AF	0	0.591505	2	2	0	0	0	0	0
AF	0	0.592755	1	0	1	0	0	0	0
AF	0	0.593379	1	1	0	0	0	0	0
AF	0	0.593691	1	1	0	0	0	0	0
AF	0	0.594628	2	2	0	0	0	0	0
AF	0	0.594941	3	3	0	0	0	0	0
AF	0	0.595253	2	1	1	0	0	0	0
AF	0	0.595565	1	1	0	0	0	0	0
AF	0	0.595878	4	3	1	0	0	0	0
AF	0	0.596502	1	1	0	0	0	0	0
AF	0	0.597751	1	0	1	0	0	0	0
AF	0	0.598064	1	1	0	0	0	0	0
AF	0	0.598688	1	0	1	0	0	0	0
AF	0	0.599001	2	2	0	0	0	0	0
AF	0	0.599938	1	1	0	0	0	0	0
AF	0	0.600250	1	1	0	0	0	0	0
AF	0	0.600562	2	2	0	0	0	0	0
AF	0	0.600874	4	3	1	0	0	0	0
AF	0	0.601187	2	0	2	0	0	0	0
AF	0	0.601499	1	0	1	0	0	0	0
AF	0	0.602124	4	3	1	0	0	0	0
AF	0	0.602748	1	0	1	0	0	0	0
AF	0	0.603373	1	0	1	0	0	0	0
AF	0	0.603685	2	1	1	0	0	0	0
AF	0	0.603998	3	2	1	0	0	0	0
AF	0	0.604310	1	0	1	0	0	0	0
AF	0	0.604934	1	1	0	0	0	0	0
AF	0	0.605247	1	1	0	0	0	0	0
AF	0	0.606496	13	9	4	0	0	0	0
AF	0	0.606808	7	6	1	0	0	0	0
AF	0	0.607121	1	1	0	0	0	0	0
AF	0	0.607433	1	1	0	0	0	0	0
AF	0	0.607745	1	1	0	0	0	0	0
AF	0	0.608682	1	0	1	0	0	0	0
AF	0	0.610244	1	1	0	0	0	0	0
AF	0	0.610868	1	1	0	0	0	0	0
AF	0	0.611181	1	1	0	0	0	0	0
AF	0	0.611493	3	2	1	0	0	0	0
AF	0	0.611805	1	1	0	0	0	0	0
AF	0	0.612742	4	2	2	0	0	0	0
AF	0	0.613054	1	1	0	0	0	0	0
AF	0	0.613679	1	1	0	0	0	0	0
AF	0	0.614616	1	1	0	0	0	0	0
AF	0	0.615553	1	0	1	0	0	0	0
AF	0	0.617427	1	1	0	0	0	0	0
AF	0	0.617739	13	10	3	0	0	0	0
AF	0	0.618051	10	5	5	0	0	0	0
AF	0	0.618364	11	9	2	0	0	0	0
AF	0	0.618676	3	3	0	0	0	0	0
AF	0	0.618988	1	1	0	0	0	0	0
AF	0	0.619300	7	4	3	0	0	0	0
AF	0	0.619613	12	8	4	0	0	0	0
AF	0	0.619925	4	4	0	0	0	0	0
AF	0	0.620237	4	1	3	0	0	0	0
AF	0	0.620862	1	0	1	0	0	0	0
AF	0	0.621174	5	3	2	0	0	0	0
AF	0	0.621487	5	5	0	0	0	0	0
AF	0	0.622111	2	1	1	0	0	0	0
AF	0	0.622423	1	1	0	0	0	0	0
AF	0	0.623985	2	1	1	0	0	0	0
AF	0	0.624297	1	1	0	0	0	0	0
AF	0	0.625234	1	1	0	0	0	0	0
AF	0	0.625547	3	2	1	0	0	0	0
AF	0	0.625859	2	1	1	0	0	0	0
AF	0	0.626171	4	2	2	0	0	0	0
AF	0	0.626483	12	9	3	0	0	0	0
AF	0	0.626796	3	3	0	0	0	0	0
AF	0	0.627108	1	0	1	0	0	0	0
AF	0	0.627420	1	1	0	0	0	0	0
AF	0	0.628982	4	2	2	0	0	0	0
AF	0	0.629294	2	0	2	0	0	0	0
AF	0	0.629606	4	4	0	0	0	0	0
AF	0	0.629919	2	1	1	0	0	0	0
AF	0	0.630231	1	0	1	0	0	0	0
AF	0	0.631480	2	2	0	0	0	0	0
AF	0	0.632417	2	1	1	0	0	0	0
AF	0	0.633666	1	0	1	0	0	0	0
AF	0	0.634916	1	1	0	0	0	0	0
AF	0	0.635540	1	1	0	0	0	0	0
AF	0	0.636165	1	0	1	0	0	0	0
AF	0	0.636477	2	1	1	0	0	0	0
AF	0	0.636790	1	1	0	0	0	0	0
AF	0	0.637726	1	0	1	0	0	0	0
AF	0	0.639600	1	0	1	0	0	0	0
AF	0	0.640849	1	0	1	0	0	0	0
AF	0	0.641474	1	1	0	0	0	0	0
AF	0	0.642099	1	1	0	0	0	0	0
AF	0	0.643973	1	0	1	0	0	0	0
AF	0	0.644597	1	1	0	0	0	0	0
AF	0	0.644909	1	0	1	0	0	0	0
AF	0	0.645846	5	4	1	0	0	0	0
AF	0	0.646159	3	2	1	0	0	0	0
AF	0	0.646471	2	1	1	0	0	0	0
AF	0	0.646783	2	1	1	0	0	0	0
AF	0	0.648345	1	0	1	0	0	0	0
AF	0	0.648969	2	2	0	0	0	0	0
AF	0	0.649282	3	2	1	0	0	0	0
AF	0	0.649594	4	4	0	0	0	0	0
AF	0	0.649906	2	0	2	0	0	0	0
AF	0	0.650219	2	0	2	0	0	0	0
AF	0	0.651468	1	1	0	0	0	0	0
AF	0	0.652405	1	1	0	0	0	0	0
AF	0	0.653654	2	2	0	0	0	0	0
AF	0	0.653966	1	1	0	0	0	0	0
AF	0	0.654591	3	3	0	0	0	0	0
AF	0	0.654903	1	0	1	0	0	0	0
AF	0	0.655528	1	1	0	0	0	0	0
AF	0	0.655840	4	4	0	0	0	0	0
AF	0	0.656465	5	4	1	0	0	0	0
AF	0	0.656777	2	0	2	0	0	0	0
AF	0	0.657089	5	3	2	0	0	0	0
AF	0	0.657714	2	1	1	0	0	0	0
AF	0	0.658026	1	0	1	0	0	0	0
AF	0	0.658339	2	1	1	0	0	0	0
AF	0	0.658651	1	1	0	0	0	0	0
AF	0	0.659588	2	2	0	0	0	0	0
AF	0	0.659900	1	1	0	0	0	0	0
AF	0	0.660212	2	1	1	0	0	0	0
AF	0	0.660525	1	1	0	0	0	0	0
AF	0	0.662086	2	2	0	0	0	0	0
AF	0	0.663023	1	1	0	0	0	0	0
AF	0	0.663335	3	2	1	0	0	0	0
AF	0	0.663648	1	0	1	0	0	0	0
AF	0	0.663960	2	1	1	0	0	0	0
AF	0	0.664272	2	2	0	0	0	0	0
AF	0	0.664585	5	4	1	0	0	0	0
AF	0	0.664897	1	1	0	0	0	0	0
AF	0	0.665209	2	1	1	0	0	0	0
AF	0	0.665522	1	1	0	0	0	0	0
AF	0	0.666146	1	1	0	0	0	0	0
AF	0	0.666458	1	0	1	0	0	0	0
AF	0	0.667395	1	1	0	0	0	0	0
AF	0	0.672392	1	1	0	0	0	0	0
AF	0	0.673329	1	0	1	0	0	0	0
AF	0	0.676140	1	0	1	0	0	0	0
AF	0	0.687383	1	1	0	0	0	0	0
AF	0	0.691131	2	0	2	0	0	0	0
AF	0	0.691443	1	0	1	0	0	0	0
AF	0	0.700500	1	1	0	0	0	0	0
AF	0	0.704247	1	1	0	0	0	0	0
AF	0	0.704560	2	1	1	0	0	0	0
AF	0	0.704872	1	0	1	0	0	0	0
AF	0	0.705184	1	0	1	0	0	0	0
AF	0	0.706121	1	1	0	0	0	0	0
AF	0	0.706746	1	0	1	0	0	0	0
AF	0	0.707058	1	1	0	0	0	0	0
AF	0	0.707370	4	3	1	0	0	0	0
AF	0	0.707995	1	1	0	0	0	0	0
AF	0	0.709244	1	1	0	0	0	0	0
AF	0	0.710493	1	0	1	0	0	0	0
AF	0	0.710806	1	0	1	0	0	0	0
AF	0	0.711118	4	2	2	0	0	0	0
AF	0	0.711743	1	0	1	0	0	0	0
AF	0	0.713616	1	1	0	0	0	0	0
AF	0	0.714553	1	1	0	0	0	0	0
AF	0	0.714866	1	1	0	0	0	0	0
AF	0	0.716115	1	1	0	0	0	0	0
AF	0	0.719863	1	1	0	0	0	0	0
AF	0	0.720487	2	1	1	0	0	0	0
AF	0	0.721736	1	1	0	0	0	0	0
AF	0	0.727046	1	1	0	0	0	0	0
AF	0	0.728295	2	1	1	0	0	0	0
AF	0	0.728607	2	0	2	0	0	0	0
AF	0	0.729232	1	1	0	0	0	0	0
AF	0	0.731106	2	2	0	0	0	0	0
AF	0	0.733916	1	1	0	0	0	0	0
AF	0	0.734853	1	1	0	0	0	0	0
AF	0	0.735478	1	1	0	0	0	0	0
AF	0	0.735790	2	0	2	0	0	0	0
AF	0	0.736102	9	7	2	0	0	0	0
AF	0	0.736415	3	1	2	0	0	0	0
AF	0	0.737352	1	0	1	0	0	0	0
AF	0	0.743910	1	1	0	0	0	0	0
AF	0	0.744222	1	1	0	0	0	0	0
AF	0	0.744847	1	0	1	0	0	0	0
AF	0	0.751405	1	1	0	0	0	0	0
AF	0	0.752967	2	2	0	0	0	0	0
AF	0	0.754841	1	1	0	0	0	0	0
AF	0	0.756715	1	1	0	0	0	0	0
AF	0	0.757651	1	1	0	0	0	0	0
AF	0	0.758276	1	0	1	0	0	0	0
AF	0	0.758588	2	0	2	0	0	0	0
AF	0	0.759213	2	2	0	0	0	0	0
AF	0	0.759838	6	3	3	0	0	0	0
AF	0	0.760462	2	2	0	0	0	0	0
AF	0	0.761087	1	0	1	0	0	0	0
AF	0	0.761399	1	1	0	0	0	0	0
AF	0	0.762336	2	2	0	0	0	0	0
AF	0	0.762648	1	0	1	0	0	0	0
AF	0	0.763273	1	1	0	0	0	0	0
AF	0	0.766084	1	1	0	0	0	0	0
AF	0	0.767021	2	1	1	0	0	0	0
AF	0	0.767333	2	2	0	0	0	0	0
AF	0	0.767645	1	1	0	0	0	0	0
AF	0	0.768894	1	1	0	0	0	0	0
AF	0	0.771081	1	1	0	0	0	0	0
AF	0	0.776077	2	1	1	0	0	0	0
AF	0	0.780137	1	0	1	0	0	0	0
AF	0	0.783260	1	1	0	0	0	0	0
AF	0	0.783573	1	0	1	0	0	0	0
AF	0	0.784822	2	1	1	0	0	0	0
AF	0	0.785134	1	0	1	0	0	0	0
AF	0	0.785447	1	1	0	0	0	0	0
AF	0	0.785759	2	1	1	0	0	0	0
AF	0	0.786071	1	1	0	0	0	0	0
AF	0	0.786384	3	2	1	0	0	0	0
AF	0	0.786696	1	0	1	0	0	0	0
AF	0	0.787008	1	1	0	0	0	0	0
AF	0	0.787320	1	1	0	0	0	0	0
AF	0	0.788570	1	1	0	0	0	0	0
AF	0	0.792942	1	1	0	0	0	0	0
AF	0	0.793254	1	1	0	0	0	0	0
AF	0	0.793879	1	1	0	0	0	0	0
AF	0	0.800125	1	0	1	0	0	0	0
AF	0	0.800750	2	2	0	0	0	0	0
AF	0	0.801062	1	1	0	0	0	0	0
AF	0	0.801374	1	1	0	0	0	0	0
AF	0	0.801686	2	1	1	0	0	0	0
AF	0	0.801999	1	0	1	0	0	0	0
AF	0	0.802936	1	1	0	0	0	0	0
AF	0	0.803248	3	3	0	0	0	0	0
AF	0	0.803873	1	1	0	0	0	0	0
AF	0	0.804185	1	1	0	0	0	0	0
AF	0	0.804497	1	0	1	0	0	0	0
AF	0	0.804809	1	1	0	0	0	0	0
AF	0	0.805434	1	1	0	0	0	0	0
AF	0	0.806683	1	0	1	0	0	0	0
AF	0	0.806996	2	2	0	0	0	0	0
AF	0	0.807308	1	0	1	0	0	0	0
AF	0	0.807620	1	1	0	0	0	0	0
AF	0	0.811056	1	1	0	0	0	0	0
AF	0	0.811368	2	1	1	0	0	0	0
AF	0	0.811993	1	1	0	0	0	0	0
AF	0	0.812305	1	0	1	0	0	0	0
AF	0	0.812617	1	1	0	0	0	0	0
AF	0	0.814179	1	0	1	0	0	0	0
AF	0	0.815116	1	1	0	0	0	0	0
AF	0	0.815428	2	1	1	0	0	0	0
AF	0	0.815740	2	1	1	0	0	0	0
AF	0	0.816052	1	1	0	0	0	0	0
AF	0	0.816989	1	1	0	0	0	0	0
AF	0	0.817302	1	1	0	0	0	0	0
AF	0	0.817926	1	0	1	0	0	0	0
AF	0	0.818863	1	1	0	0	0	0	0
AF	0	0.819800	1	0	1	0	0	0	0
AF	0	0.820112	1	1	0	0	0	0	0
AF	0	0.821986	1	0	1	0	0	0	0
AF	0	0.822299	1	1	0	0	0	0	0
AF	0	0.824485	2	1	1	0	0	0	0
AF	0	0.824797	1	1	0	0	0	0	0
AF	0	0.825109	3	1	2	0	0	0	0
AF	0	0.826359	1	0	1	0	0	0	0
AF	0	0.826983	1	1	0	0	0	0	0
AF	0	0.827295	3	3	0	0	0	0	0
AF	0	0.828857	2	2	0	0	0	0	0
AF	0	0.829169	1	1	0	0	0	0	0
AF	0	0.829482	3	3	0	0	0	0	0
AF	0	0.830418	1	0	1	0	0	0	0
AF	0	0.832292	1	1	0	0	0	0	0
AF	0	0.832605	1	1	0	0	0	0	0
AF	0	0.836665	1	1	0	0	0	0	0
AF	0	0.847283	1	0	1	0	0	0	0
AF	0	0.853529	1	0	1	0	0	0	0
AF	0	0.856027	1	0	1	0	0	0	0
AF	0	0.857277	1	1	0	0	0	0	0
AF	0	0.857589	1	1	0	0	0	0	0
AF	0	0.858838	1	1	0	0	0	0	0
AF	0	0.860087	1	0	1	0	0	0	0
AF	0	0.865397	1	1	0	0	0	0	0
AF	0	0.867583	1	0	1	0	0	0	0
AF	0	0.868832	1	1	0	0	0	0	0
AF	0	0.869769	1	1	0	0	0	0	0
AF	0	0.871955	2	2	0	0	0	0	0
AF	0	0.872267	1	1	0	0	0	0	0
AF	0	0.872580	1	1	0	0	0	0	0
AF	0	0.873204	1	0	1	0	0	0	0
AF	0	0.873517	1	1	0	0	0	0	0
AF	0	0.873829	2	2	0	0	0	0	0
AF	0	0.874141	1	1	0	0	0	0	0
AF	0	0.874453	4	2	2	0	0	0	0
AF	0	0.874766	3	1	2	0	0	0	0
AF	0	0.875078	2	1	1	0	0	0	0
AF	0	0.876640	1	1	0	0	0	0	0
AF	0	0.877264	1	1	0	0	0	0	0
AF	0	0.877577	2	2	0	0	0	0	0
AF	0	0.878201	1	0	1	0	0	0	0
AF	0	0.882573	1	0	1	0	0	0	0
AF	0	0.883510	2	0	2	0	0	0	0
AF	0	0.886009	1	0	1	0	0	0	0
AF	0	0.887570	1	1	0	0	0	0	0
AF	0	0.887883	1	1	0	0	0	0	0
AF	0	0.888195	2	1	1	0	0	0	0
AF	0	0.888507	1	0	1	0	0	0	0
AF	0	0.896002	1	0	1	0	0	0	0
AF	0	0.896627	1	0	1	0	0	0	0
AF	0	0.897252	1	1	0	0	0	0	0
AF	0	0.898501	3	3	0	0	0	0	0
AF	0	0.899126	3	3	0	0	0	0	0
AF	0	0.899438	1	0	1	0	0	0	0
AF	0	0.899750	1	0	1	0	0	0	0
AF	0	0.900062	2	1	1	0	0	0	0
AF	0	0.902873	1	1	0	0	0	0	0
AF	0	0.903186	2	2	0	0	0	0	0
AF	0	0.903498	5	2	3	0	0	0	0
AF	0	0.903810	3	1	2	0	0	0	0
AF	0	0.904435	1	0	1	0	0	0	0
AF	0	0.905059	4	4	0	0	0	0	0
AF	0	0.905372	6	4	2	0	0	0	0
AF	0	0.905684	1	1	0	0	0	0	0
AF	0	0.905996	2	1	1	0	0	0	0
AF	0	0.906621	8	6	2	0	0	0	0
AF	0	0.906933	11	8	3	0	0	0	0
AF	0	0.907245	5	2	3	0	0	0	0
AF	0	0.911618	2	1	1	0	0	0	0
AF	0	0.912242	1	1	0	0	0	0	0
AF	0	0.913179	1	0	1	0	0	0	0
AF	0	0.913492	1	1	0	0	0	0	0
AF	0	0.913804	2	2	0	0	0	0	0
AF	0	0.914116	10	6	4	0	0	0	0
AF	0	0.914428	2	2	0	0	0	0	0
AF	0	0.914741	3	2	1	0	0	0	0
AF	0	0.915053	1	0	1	0	0	0	0
AF	0	0.915365	1	1	0	0	0	0	0
AF	0	0.917864	3	3	0	0	0	0	0
AF	0	0.918176	3	2	1	0	0	0	0
AF	0	0.918488	4	3	1	0	0	0	0
AF	0	0.918801	3	1	2	0	0	0	0
AF	0	0.919738	1	0	1	0	0	0	0
AF	0	0.920050	1	1	0	0	0	0	0
AF	0	0.920362	2	2	0	0	0	0	0
AF	0	0.920675	2	2	0	0	0	0	0
AF	0	0.920987	1	1	0	0	0	0	0
AF	0	0.921924	1	1	0	0	0	0	0
AF	0	0.925047	1	1	0	0	0	0	0
AF	0	0.927545	1	1	0	0	0	0	0
AF	0	0.930044	1	1	0	0	0	0	0
AF	0	0.931605	1	0	1	0	0	0	0
AF	0	0.957214	1	1	0	0	0	0	0
AF	0	0.963148	1	1	0	0	0	0	0
AF	0	0.969706	1	0	1	0	0	0	0
AF	0	0.971268	1	1	0	0	0	0	0
AF	0	0.971580	1	1	0	0	0	0	0
AF	0	0.972205	1	1	0	0	0	0	0
AF	0	0.972829	2	1	1	0	0	0	0
AF	0	0.973142	1	1	0	0	0	0	0
AF	0	0.973454	1	1	0	0	0	0	0
AF	0	0.975953	1	0	1	0	0	0	0
AF	0	0.981886	1	1	0	0	0	0	0
AF	0	0.982199	1	1	0	0	0	0	0
AF	0	0.982511	1	0	1	0	0	0	0
AF	0	0.982823	2	1	1	0	0	0	0
AF	0	0.984072	1	1	0	0	0	0	0
AF	0	0.987820	3	3	0	0	0	0	0
AF	0	0.988445	1	1	0	0	0	0	0
AF	0	0.989694	1	0	1	0	0	0	0
AF	0	0.992505	1	1	0	0	0	0	0
AF	0	0.996252	3	2	1	0	0	0	0
AF	0	0.996565	2	1	1	0	0	0	0
AF	0	0.997814	1	1	0	0	0	0	0
AF	0	0.999063	1	0	1	0	0	0	0
# QUAL, Stats by quality
# QUAL	[2]id	[3]Quality	[4]number of SNPs	[5]number of transitions (1st ALT)	[6]number of transversions (1st ALT)	[7]number of indels
QUAL	0	.	17341	11638	5703	0
# IDD, InDel distribution:
# IDD	[2]id	[3]length (deletions negative)	[4]number of sites	[5]number of genotypes	[6]mean VAF
# ST, Substitution types:
# ST	[2]id	[3]type	[4]count
ST	0	A>C	694
ST	0	A>G	2459
ST	0	A>T	735
ST	0	C>A	865
ST	0	C>G	576
ST	0	C>T	3305
ST	0	G>A	3176
ST	0	G>C	627
ST	0	G>T	810
ST	0	T>A	768
ST	0	T>C	2698
ST	0	T>G	628
# DP, Depth distribution
# DP	[2]id	[3]bin	[4]number of genotypes	[5]fraction of genotypes (%)	[6]number of sites	[7]fraction of sites (%)
  - Fix haploid genotypes in males...

Submit MakeDiploidMalesX finished successfully. Let's have a beer, buddy!

