Submit MakeDiploidMalesX
version 1.1.6 (2024-09-30)

These are the settings:
  Input file................: /hpc/local/Rocky8/dhl_ec/software/MonopogenLite/resources/1kGP_high_coverage_Illumina.SNVonly_poly.filtered_AF_5e-04.norm.fixvariantid.chrX.vcf.gz
  Output file...............: /hpc/local/Rocky8/dhl_ec/software/MonopogenLite/resources/1kGP_high_coverage_Illumina.SNVonly_poly.filtered_AF_5e-04.norm.fixvariantid.makediploid.chrX.vcf.gz
  Chunk size................: 100

  SLURM CPUs................: 4
  SLURM Array ID............: 8 (of 100)
  SLURM memory..............: 16G
  SLURM time................: 01:00:00
  SLURM mail type...........: FAIL
  SLURM mail user...........: s.w.vanderlaan-2@umcutrecht.nl

  Dry run mode..............: 0
  Debug mode................: 1
  Verbosity.................: 0
  Version...................: 1.1.6 (2024-09-30)

Making converting haploid genotypes to diploid genotypes.
> Extract the region for this SLURM task (# 8) from the BED file.
  - Get the chunk number from the SLURM array task ID and the bed file...
DEBUG: Extracting chunk number: 8p from 8
DEBUG: Extracting region from BED file: /hpc/local/Rocky8/dhl_ec/software/MonopogenLite/resources/chrX_100pieces.bed
  - Extract the region from the BED file...
DEBUG: Extracted raw region: 'chrX	10922857	12483264' (chunk #: 8p of 100 for job 8)
  - Check if a valid region was extracted -- should be 'chrX	10922857	12483264'...
  - Prepare the region for bcftools...
  - Check if the region (chrX:10922857-12483264) was successfully extracted...
> Processing region 'chrX:10922857-12483264'...
  - Process the specific region (chunk# 8) using bcftools view...
  - Index the VCF file...
DEBUG: Check if the VCF file was successfully processed...
##fileformat=VCFv4.2
##FILTER=<ID=PASS,Description="All filters passed">
##fileDate=29/01/2022 - 14:31:41
##source=shapeit4.2.2
##contig=<ID=chr1,length=248956422>
##contig=<ID=chr2,length=242193529>
##contig=<ID=chr3,length=198295559>
##contig=<ID=chr4,length=190214555>
##contig=<ID=chr5,length=181538259>
##contig=<ID=chr6,length=170805979>
# This file was produced by bcftools stats (1.20+htslib-1.20) and can be plotted using plot-vcfstats.
# The command line was:	bcftools stats  /hpc/local/Rocky8/dhl_ec/software/MonopogenLite/resources/chrX.part8.vcf.gz
#
# Definition of sets:
# ID	[2]id	[3]tab-separated file names
ID	0	/hpc/local/Rocky8/dhl_ec/software/MonopogenLite/resources/chrX.part8.vcf.gz
# SN, Summary numbers:
#   number of records   .. number of data rows in the VCF
#   number of no-ALTs   .. reference-only sites, ALT is either "." or identical to REF
#   number of SNPs      .. number of rows with a SNP
#   number of MNPs      .. number of rows with a MNP, such as CC>TT
#   number of indels    .. number of rows with an indel
#   number of others    .. number of rows with other type, for example a symbolic allele or
#                          a complex substitution, such as ACT>TCGA
#   number of multiallelic sites     .. number of rows with multiple alternate alleles
#   number of multiallelic SNP sites .. number of rows with multiple alternate alleles, all SNPs
# 
#   Note that rows containing multiple types will be counted multiple times, in each
#   counter. For example, a row with a SNP and an indel increments both the SNP and
#   the indel counter.
# 
# SN	[2]id	[3]key	[4]value
SN	0	number of samples:	3202
SN	0	number of records:	14299
SN	0	number of no-ALTs:	0
SN	0	number of SNPs:	14299
SN	0	number of MNPs:	0
SN	0	number of indels:	0
SN	0	number of others:	0
SN	0	number of multiallelic sites:	0
SN	0	number of multiallelic SNP sites:	0
# TSTV, transitions/transversions:
# TSTV	[2]id	[3]ts	[4]tv	[5]ts/tv	[6]ts (1st ALT)	[7]tv (1st ALT)	[8]ts/tv (1st ALT)
TSTV	0	9660	4639	2.08	9660	4639	2.08
# SiS, Singleton stats:
# SiS	[2]id	[3]allele count	[4]number of SNPs	[5]number of transitions	[6]number of transversions	[7]number of indels	[8]repeat-consistent	[9]repeat-inconsistent	[10]not applicable
SiS	0	1	0	0	0	0	0	0	0
# AF, Stats by non-reference allele frequency:
# AF	[2]id	[3]allele frequency	[4]number of SNPs	[5]number of transitions	[6]number of transversions	[7]number of indels	[8]repeat-consistent	[9]repeat-inconsistent	[10]not applicable
AF	0	0.000312	2294	1530	764	0	0	0	0
AF	0	0.000625	1524	1029	495	0	0	0	0
AF	0	0.000937	1557	1046	511	0	0	0	0
AF	0	0.001249	448	314	134	0	0	0	0
AF	0	0.001562	752	540	212	0	0	0	0
AF	0	0.001874	275	191	84	0	0	0	0
AF	0	0.002186	435	294	141	0	0	0	0
AF	0	0.002498	177	123	54	0	0	0	0
AF	0	0.002811	384	266	118	0	0	0	0
AF	0	0.003123	158	104	54	0	0	0	0
AF	0	0.003435	269	195	74	0	0	0	0
AF	0	0.003748	158	101	57	0	0	0	0
AF	0	0.004060	187	130	57	0	0	0	0
AF	0	0.004372	87	53	34	0	0	0	0
AF	0	0.004685	193	131	62	0	0	0	0
AF	0	0.004997	48	30	18	0	0	0	0
AF	0	0.005309	161	119	42	0	0	0	0
AF	0	0.005621	85	56	29	0	0	0	0
AF	0	0.005934	111	73	38	0	0	0	0
AF	0	0.006246	61	43	18	0	0	0	0
AF	0	0.006558	124	83	41	0	0	0	0
AF	0	0.006871	32	23	9	0	0	0	0
AF	0	0.007183	111	71	40	0	0	0	0
AF	0	0.007495	49	32	17	0	0	0	0
AF	0	0.007808	95	59	36	0	0	0	0
AF	0	0.008120	50	33	17	0	0	0	0
AF	0	0.008432	86	56	30	0	0	0	0
AF	0	0.008745	48	32	16	0	0	0	0
AF	0	0.009057	64	48	16	0	0	0	0
AF	0	0.009369	46	31	15	0	0	0	0
AF	0	0.009681	53	30	23	0	0	0	0
AF	0	0.009994	32	25	7	0	0	0	0
AF	0	0.010306	67	47	20	0	0	0	0
AF	0	0.010618	32	17	15	0	0	0	0
AF	0	0.010931	66	47	19	0	0	0	0
AF	0	0.011243	39	30	9	0	0	0	0
AF	0	0.011555	64	47	17	0	0	0	0
AF	0	0.011868	30	22	8	0	0	0	0
AF	0	0.012180	57	30	27	0	0	0	0
AF	0	0.012492	27	22	5	0	0	0	0
AF	0	0.012804	54	41	13	0	0	0	0
AF	0	0.013117	25	16	9	0	0	0	0
AF	0	0.013429	38	25	13	0	0	0	0
AF	0	0.013741	25	18	7	0	0	0	0
AF	0	0.014054	42	31	11	0	0	0	0
AF	0	0.014366	16	11	5	0	0	0	0
AF	0	0.014678	32	26	6	0	0	0	0
AF	0	0.014991	18	14	4	0	0	0	0
AF	0	0.015303	43	32	11	0	0	0	0
AF	0	0.015615	19	10	9	0	0	0	0
AF	0	0.015928	29	23	6	0	0	0	0
AF	0	0.016240	12	6	6	0	0	0	0
AF	0	0.016552	36	26	10	0	0	0	0
AF	0	0.016864	14	9	5	0	0	0	0
AF	0	0.017177	28	15	13	0	0	0	0
AF	0	0.017489	8	5	3	0	0	0	0
AF	0	0.017801	40	27	13	0	0	0	0
AF	0	0.018114	21	15	6	0	0	0	0
AF	0	0.018426	41	27	14	0	0	0	0
AF	0	0.018738	24	19	5	0	0	0	0
AF	0	0.019051	17	12	5	0	0	0	0
AF	0	0.019363	7	5	2	0	0	0	0
AF	0	0.019675	27	20	7	0	0	0	0
AF	0	0.019988	10	6	4	0	0	0	0
AF	0	0.020300	34	25	9	0	0	0	0
AF	0	0.020612	19	12	7	0	0	0	0
AF	0	0.020924	28	21	7	0	0	0	0
AF	0	0.021237	8	5	3	0	0	0	0
AF	0	0.021549	24	15	9	0	0	0	0
AF	0	0.021861	5	3	2	0	0	0	0
AF	0	0.022174	24	18	6	0	0	0	0
AF	0	0.022486	6	4	2	0	0	0	0
AF	0	0.022798	18	13	5	0	0	0	0
AF	0	0.023111	3	1	2	0	0	0	0
AF	0	0.023423	17	15	2	0	0	0	0
AF	0	0.023735	10	4	6	0	0	0	0
AF	0	0.024047	9	7	2	0	0	0	0
AF	0	0.024360	3	0	3	0	0	0	0
AF	0	0.024672	20	10	10	0	0	0	0
AF	0	0.024984	8	6	2	0	0	0	0
AF	0	0.025297	18	13	5	0	0	0	0
AF	0	0.025609	5	5	0	0	0	0	0
AF	0	0.025921	16	11	5	0	0	0	0
AF	0	0.026234	7	6	1	0	0	0	0
AF	0	0.026546	25	17	8	0	0	0	0
AF	0	0.026858	10	8	2	0	0	0	0
AF	0	0.027171	24	17	7	0	0	0	0
AF	0	0.027483	2	2	0	0	0	0	0
AF	0	0.027795	19	14	5	0	0	0	0
AF	0	0.028107	4	2	2	0	0	0	0
AF	0	0.028420	14	11	3	0	0	0	0
AF	0	0.028732	9	7	2	0	0	0	0
AF	0	0.029044	24	16	8	0	0	0	0
AF	0	0.029357	4	3	1	0	0	0	0
AF	0	0.029669	11	8	3	0	0	0	0
AF	0	0.029981	11	5	6	0	0	0	0
AF	0	0.030294	9	7	2	0	0	0	0
AF	0	0.030606	8	5	3	0	0	0	0
AF	0	0.030918	14	10	4	0	0	0	0
AF	0	0.031230	9	6	3	0	0	0	0
AF	0	0.031543	40	25	15	0	0	0	0
AF	0	0.031855	14	7	7	0	0	0	0
AF	0	0.032167	8	7	1	0	0	0	0
AF	0	0.032480	6	6	0	0	0	0	0
AF	0	0.032792	9	7	2	0	0	0	0
AF	0	0.033104	2	2	0	0	0	0	0
AF	0	0.033417	14	8	6	0	0	0	0
AF	0	0.033729	1	1	0	0	0	0	0
AF	0	0.034041	6	5	1	0	0	0	0
AF	0	0.034354	3	2	1	0	0	0	0
AF	0	0.034666	6	4	2	0	0	0	0
AF	0	0.034978	6	4	2	0	0	0	0
AF	0	0.035290	8	8	0	0	0	0	0
AF	0	0.035603	10	7	3	0	0	0	0
AF	0	0.035915	11	7	4	0	0	0	0
AF	0	0.036227	2	1	1	0	0	0	0
AF	0	0.036540	5	5	0	0	0	0	0
AF	0	0.036852	6	5	1	0	0	0	0
AF	0	0.037164	9	7	2	0	0	0	0
AF	0	0.037477	1	1	0	0	0	0	0
AF	0	0.037789	7	6	1	0	0	0	0
AF	0	0.038101	5	2	3	0	0	0	0
AF	0	0.038413	12	5	7	0	0	0	0
AF	0	0.038726	2	2	0	0	0	0	0
AF	0	0.039038	7	5	2	0	0	0	0
AF	0	0.039350	5	4	1	0	0	0	0
AF	0	0.039663	3	2	1	0	0	0	0
AF	0	0.039975	3	2	1	0	0	0	0
AF	0	0.040287	12	9	3	0	0	0	0
AF	0	0.040600	4	2	2	0	0	0	0
AF	0	0.040912	10	6	4	0	0	0	0
AF	0	0.041224	5	5	0	0	0	0	0
AF	0	0.041537	10	7	3	0	0	0	0
AF	0	0.041849	5	4	1	0	0	0	0
AF	0	0.042161	11	7	4	0	0	0	0
AF	0	0.042473	1	1	0	0	0	0	0
AF	0	0.042786	6	4	2	0	0	0	0
AF	0	0.043098	7	5	2	0	0	0	0
AF	0	0.043410	20	14	6	0	0	0	0
AF	0	0.044035	11	9	2	0	0	0	0
AF	0	0.044347	2	1	1	0	0	0	0
AF	0	0.044660	3	1	2	0	0	0	0
AF	0	0.044972	2	2	0	0	0	0	0
AF	0	0.045284	4	3	1	0	0	0	0
AF	0	0.045597	1	1	0	0	0	0	0
AF	0	0.045909	7	5	2	0	0	0	0
AF	0	0.046221	1	0	1	0	0	0	0
AF	0	0.046533	3	2	1	0	0	0	0
AF	0	0.046846	1	1	0	0	0	0	0
AF	0	0.047158	6	4	2	0	0	0	0
AF	0	0.047470	2	2	0	0	0	0	0
AF	0	0.047783	5	4	1	0	0	0	0
AF	0	0.048095	4	3	1	0	0	0	0
AF	0	0.048407	2	1	1	0	0	0	0
AF	0	0.048720	1	1	0	0	0	0	0
AF	0	0.049032	4	3	1	0	0	0	0
AF	0	0.049344	4	2	2	0	0	0	0
AF	0	0.049656	9	3	6	0	0	0	0
AF	0	0.049969	3	1	2	0	0	0	0
AF	0	0.050281	7	4	3	0	0	0	0
AF	0	0.050593	3	2	1	0	0	0	0
AF	0	0.050906	2	2	0	0	0	0	0
AF	0	0.051218	3	2	1	0	0	0	0
AF	0	0.051530	11	8	3	0	0	0	0
AF	0	0.051843	4	4	0	0	0	0	0
AF	0	0.052155	4	4	0	0	0	0	0
AF	0	0.052467	3	3	0	0	0	0	0
AF	0	0.052780	3	2	1	0	0	0	0
AF	0	0.053092	6	6	0	0	0	0	0
AF	0	0.053404	8	5	3	0	0	0	0
AF	0	0.053716	2	2	0	0	0	0	0
AF	0	0.054029	6	5	1	0	0	0	0
AF	0	0.054341	4	3	1	0	0	0	0
AF	0	0.054653	8	4	4	0	0	0	0
AF	0	0.054966	2	1	1	0	0	0	0
AF	0	0.055278	6	3	3	0	0	0	0
AF	0	0.055590	8	7	1	0	0	0	0
AF	0	0.055903	14	5	9	0	0	0	0
AF	0	0.056215	3	3	0	0	0	0	0
AF	0	0.056527	5	2	3	0	0	0	0
AF	0	0.056839	2	2	0	0	0	0	0
AF	0	0.057152	10	5	5	0	0	0	0
AF	0	0.057464	3	0	3	0	0	0	0
AF	0	0.057776	10	7	3	0	0	0	0
AF	0	0.058089	6	4	2	0	0	0	0
AF	0	0.058401	5	5	0	0	0	0	0
AF	0	0.058713	3	3	0	0	0	0	0
AF	0	0.059026	3	2	1	0	0	0	0
AF	0	0.059963	6	6	0	0	0	0	0
AF	0	0.060275	24	17	7	0	0	0	0
AF	0	0.060587	3	3	0	0	0	0	0
AF	0	0.060899	3	1	2	0	0	0	0
AF	0	0.061212	2	1	1	0	0	0	0
AF	0	0.061524	3	0	3	0	0	0	0
AF	0	0.061836	2	0	2	0	0	0	0
AF	0	0.062149	5	3	2	0	0	0	0
AF	0	0.062461	5	3	2	0	0	0	0
AF	0	0.062773	6	2	4	0	0	0	0
AF	0	0.063086	1	1	0	0	0	0	0
AF	0	0.063398	12	10	2	0	0	0	0
AF	0	0.063710	5	2	3	0	0	0	0
AF	0	0.064022	7	7	0	0	0	0	0
AF	0	0.064335	4	2	2	0	0	0	0
AF	0	0.064647	5	2	3	0	0	0	0
AF	0	0.064959	2	0	2	0	0	0	0
AF	0	0.065272	1	1	0	0	0	0	0
AF	0	0.065896	9	7	2	0	0	0	0
AF	0	0.066209	4	2	2	0	0	0	0
AF	0	0.066521	3	1	2	0	0	0	0
AF	0	0.066833	2	2	0	0	0	0	0
AF	0	0.067146	2	2	0	0	0	0	0
AF	0	0.067458	1	0	1	0	0	0	0
AF	0	0.068082	1	0	1	0	0	0	0
AF	0	0.068395	2	2	0	0	0	0	0
AF	0	0.068707	1	1	0	0	0	0	0
AF	0	0.069332	3	3	0	0	0	0	0
AF	0	0.069644	1	1	0	0	0	0	0
AF	0	0.070269	3	2	1	0	0	0	0
AF	0	0.070581	3	2	1	0	0	0	0
AF	0	0.070893	6	3	3	0	0	0	0
AF	0	0.071518	1	0	1	0	0	0	0
AF	0	0.071830	2	1	1	0	0	0	0
AF	0	0.072142	4	2	2	0	0	0	0
AF	0	0.072767	2	1	1	0	0	0	0
AF	0	0.073079	2	0	2	0	0	0	0
AF	0	0.073392	3	3	0	0	0	0	0
AF	0	0.074016	3	2	1	0	0	0	0
AF	0	0.074329	1	1	0	0	0	0	0
AF	0	0.074641	3	3	0	0	0	0	0
AF	0	0.075578	1	0	1	0	0	0	0
AF	0	0.076202	2	2	0	0	0	0	0
AF	0	0.077139	3	3	0	0	0	0	0
AF	0	0.077452	2	1	1	0	0	0	0
AF	0	0.077764	1	1	0	0	0	0	0
AF	0	0.078076	2	2	0	0	0	0	0
AF	0	0.078389	5	3	2	0	0	0	0
AF	0	0.079013	6	5	1	0	0	0	0
AF	0	0.079638	2	1	1	0	0	0	0
AF	0	0.079950	2	1	1	0	0	0	0
AF	0	0.080262	1	1	0	0	0	0	0
AF	0	0.080575	2	2	0	0	0	0	0
AF	0	0.080887	1	0	1	0	0	0	0
AF	0	0.081199	1	1	0	0	0	0	0
AF	0	0.081512	1	0	1	0	0	0	0
AF	0	0.081824	3	1	2	0	0	0	0
AF	0	0.082136	2	2	0	0	0	0	0
AF	0	0.082761	1	0	1	0	0	0	0
AF	0	0.083385	4	4	0	0	0	0	0
AF	0	0.083698	1	0	1	0	0	0	0
AF	0	0.084010	9	5	4	0	0	0	0
AF	0	0.084322	1	1	0	0	0	0	0
AF	0	0.084635	3	1	2	0	0	0	0
AF	0	0.084947	2	1	1	0	0	0	0
AF	0	0.085259	4	2	2	0	0	0	0
AF	0	0.085572	1	1	0	0	0	0	0
AF	0	0.085884	4	0	4	0	0	0	0
AF	0	0.086196	2	1	1	0	0	0	0
AF	0	0.086508	1	0	1	0	0	0	0
AF	0	0.087133	12	9	3	0	0	0	0
AF	0	0.087445	1	1	0	0	0	0	0
AF	0	0.087758	1	1	0	0	0	0	0
AF	0	0.088070	4	3	1	0	0	0	0
AF	0	0.088695	1	1	0	0	0	0	0
AF	0	0.089007	1	1	0	0	0	0	0
AF	0	0.089631	4	2	2	0	0	0	0
AF	0	0.089944	6	5	1	0	0	0	0
AF	0	0.090256	8	4	4	0	0	0	0
AF	0	0.090568	7	5	2	0	0	0	0
AF	0	0.090881	5	3	2	0	0	0	0
AF	0	0.091193	5	3	2	0	0	0	0
AF	0	0.091505	4	4	0	0	0	0	0
AF	0	0.091818	5	5	0	0	0	0	0
AF	0	0.092130	4	4	0	0	0	0	0
AF	0	0.092442	2	1	1	0	0	0	0
AF	0	0.092755	7	5	2	0	0	0	0
AF	0	0.093067	5	3	2	0	0	0	0
AF	0	0.093379	7	5	2	0	0	0	0
AF	0	0.093691	4	0	4	0	0	0	0
AF	0	0.094004	9	4	5	0	0	0	0
AF	0	0.094316	1	1	0	0	0	0	0
AF	0	0.094628	3	1	2	0	0	0	0
AF	0	0.095253	1	0	1	0	0	0	0
AF	0	0.095565	3	3	0	0	0	0	0
AF	0	0.095878	3	1	2	0	0	0	0
AF	0	0.096190	1	1	0	0	0	0	0
AF	0	0.096502	11	5	6	0	0	0	0
AF	0	0.096814	3	3	0	0	0	0	0
AF	0	0.097127	6	2	4	0	0	0	0
AF	0	0.097439	3	3	0	0	0	0	0
AF	0	0.097751	3	0	3	0	0	0	0
AF	0	0.098064	4	3	1	0	0	0	0
AF	0	0.098376	5	4	1	0	0	0	0
AF	0	0.098688	2	1	1	0	0	0	0
AF	0	0.099001	3	1	2	0	0	0	0
AF	0	0.099313	6	5	1	0	0	0	0
AF	0	0.099625	5	4	1	0	0	0	0
AF	0	0.099938	4	3	1	0	0	0	0
AF	0	0.100250	5	3	2	0	0	0	0
AF	0	0.100562	4	2	2	0	0	0	0
AF	0	0.100874	13	10	3	0	0	0	0
AF	0	0.101187	3	1	2	0	0	0	0
AF	0	0.101499	11	7	4	0	0	0	0
AF	0	0.101811	2	1	1	0	0	0	0
AF	0	0.102124	7	6	1	0	0	0	0
AF	0	0.102436	6	3	3	0	0	0	0
AF	0	0.102748	4	4	0	0	0	0	0
AF	0	0.103061	3	1	2	0	0	0	0
AF	0	0.103373	3	2	1	0	0	0	0
AF	0	0.103685	1	0	1	0	0	0	0
AF	0	0.103998	3	2	1	0	0	0	0
AF	0	0.104310	2	2	0	0	0	0	0
AF	0	0.104622	3	3	0	0	0	0	0
AF	0	0.105871	3	2	1	0	0	0	0
AF	0	0.106184	4	2	2	0	0	0	0
AF	0	0.106496	5	3	2	0	0	0	0
AF	0	0.106808	1	1	0	0	0	0	0
AF	0	0.107121	2	2	0	0	0	0	0
AF	0	0.107433	1	1	0	0	0	0	0
AF	0	0.107745	6	1	5	0	0	0	0
AF	0	0.108057	2	1	1	0	0	0	0
AF	0	0.108370	1	1	0	0	0	0	0
AF	0	0.108682	1	1	0	0	0	0	0
AF	0	0.109307	1	1	0	0	0	0	0
AF	0	0.109619	2	2	0	0	0	0	0
AF	0	0.109931	3	3	0	0	0	0	0
AF	0	0.110244	2	2	0	0	0	0	0
AF	0	0.110868	8	6	2	0	0	0	0
AF	0	0.111181	2	1	1	0	0	0	0
AF	0	0.111805	5	2	3	0	0	0	0
AF	0	0.112117	1	0	1	0	0	0	0
AF	0	0.112430	4	3	1	0	0	0	0
AF	0	0.112742	2	2	0	0	0	0	0
AF	0	0.113054	2	1	1	0	0	0	0
AF	0	0.113367	2	2	0	0	0	0	0
AF	0	0.113679	5	4	1	0	0	0	0
AF	0	0.113991	2	1	1	0	0	0	0
AF	0	0.114304	3	2	1	0	0	0	0
AF	0	0.114616	1	1	0	0	0	0	0
AF	0	0.114928	1	1	0	0	0	0	0
AF	0	0.115553	2	2	0	0	0	0	0
AF	0	0.115865	1	1	0	0	0	0	0
AF	0	0.116177	4	3	1	0	0	0	0
AF	0	0.116490	2	2	0	0	0	0	0
AF	0	0.116802	4	3	1	0	0	0	0
AF	0	0.117114	5	4	1	0	0	0	0
AF	0	0.117427	4	2	2	0	0	0	0
AF	0	0.117739	4	1	3	0	0	0	0
AF	0	0.118051	1	1	0	0	0	0	0
AF	0	0.118364	4	3	1	0	0	0	0
AF	0	0.118676	4	1	3	0	0	0	0
AF	0	0.118988	2	2	0	0	0	0	0
AF	0	0.119300	1	1	0	0	0	0	0
AF	0	0.119613	1	1	0	0	0	0	0
AF	0	0.119925	3	1	2	0	0	0	0
AF	0	0.120237	1	1	0	0	0	0	0
AF	0	0.120550	3	3	0	0	0	0	0
AF	0	0.120862	1	0	1	0	0	0	0
AF	0	0.121174	4	4	0	0	0	0	0
AF	0	0.121487	3	2	1	0	0	0	0
AF	0	0.121799	2	2	0	0	0	0	0
AF	0	0.122111	7	7	0	0	0	0	0
AF	0	0.122423	4	3	1	0	0	0	0
AF	0	0.122736	1	1	0	0	0	0	0
AF	0	0.123048	1	1	0	0	0	0	0
AF	0	0.123360	1	0	1	0	0	0	0
AF	0	0.123673	2	1	1	0	0	0	0
AF	0	0.123985	1	1	0	0	0	0	0
AF	0	0.124297	3	1	2	0	0	0	0
AF	0	0.125234	2	2	0	0	0	0	0
AF	0	0.125547	5	5	0	0	0	0	0
AF	0	0.125859	3	2	1	0	0	0	0
AF	0	0.126171	6	4	2	0	0	0	0
AF	0	0.126483	2	2	0	0	0	0	0
AF	0	0.126796	6	3	3	0	0	0	0
AF	0	0.127108	3	3	0	0	0	0	0
AF	0	0.127420	3	2	1	0	0	0	0
AF	0	0.127733	2	1	1	0	0	0	0
AF	0	0.128045	4	4	0	0	0	0	0
AF	0	0.128357	1	1	0	0	0	0	0
AF	0	0.128670	3	1	2	0	0	0	0
AF	0	0.128982	3	3	0	0	0	0	0
AF	0	0.129294	2	1	1	0	0	0	0
AF	0	0.129606	2	2	0	0	0	0	0
AF	0	0.129919	8	5	3	0	0	0	0
AF	0	0.130543	4	3	1	0	0	0	0
AF	0	0.130856	2	2	0	0	0	0	0
AF	0	0.131168	17	14	3	0	0	0	0
AF	0	0.131480	1	0	1	0	0	0	0
AF	0	0.131793	6	5	1	0	0	0	0
AF	0	0.132105	1	1	0	0	0	0	0
AF	0	0.132417	1	1	0	0	0	0	0
AF	0	0.133042	4	4	0	0	0	0	0
AF	0	0.133354	1	1	0	0	0	0	0
AF	0	0.133979	2	1	1	0	0	0	0
AF	0	0.134603	2	1	1	0	0	0	0
AF	0	0.134916	2	2	0	0	0	0	0
AF	0	0.135228	1	1	0	0	0	0	0
AF	0	0.135540	3	2	1	0	0	0	0
AF	0	0.135853	1	1	0	0	0	0	0
AF	0	0.136165	9	2	7	0	0	0	0
AF	0	0.136477	2	1	1	0	0	0	0
AF	0	0.136790	3	2	1	0	0	0	0
AF	0	0.137414	5	3	2	0	0	0	0
AF	0	0.138039	4	1	3	0	0	0	0
AF	0	0.138351	2	2	0	0	0	0	0
AF	0	0.138663	3	2	1	0	0	0	0
AF	0	0.138976	1	1	0	0	0	0	0
AF	0	0.139288	3	2	1	0	0	0	0
AF	0	0.139600	2	2	0	0	0	0	0
AF	0	0.139913	3	0	3	0	0	0	0
AF	0	0.140225	4	3	1	0	0	0	0
AF	0	0.140537	5	4	1	0	0	0	0
AF	0	0.140849	2	1	1	0	0	0	0
AF	0	0.141162	1	1	0	0	0	0	0
AF	0	0.141474	1	1	0	0	0	0	0
AF	0	0.141786	4	2	2	0	0	0	0
AF	0	0.142099	1	1	0	0	0	0	0
AF	0	0.142411	2	0	2	0	0	0	0
AF	0	0.142723	1	0	1	0	0	0	0
AF	0	0.143036	4	3	1	0	0	0	0
AF	0	0.143348	3	2	1	0	0	0	0
AF	0	0.143660	3	3	0	0	0	0	0
AF	0	0.143973	2	2	0	0	0	0	0
AF	0	0.144285	4	3	1	0	0	0	0
AF	0	0.144597	4	1	3	0	0	0	0
AF	0	0.144909	1	0	1	0	0	0	0
AF	0	0.145222	5	3	2	0	0	0	0
AF	0	0.145534	12	5	7	0	0	0	0
AF	0	0.145846	3	1	2	0	0	0	0
AF	0	0.146159	1	1	0	0	0	0	0
AF	0	0.146471	1	0	1	0	0	0	0
AF	0	0.146783	2	2	0	0	0	0	0
AF	0	0.147408	1	1	0	0	0	0	0
AF	0	0.147720	2	1	1	0	0	0	0
AF	0	0.148032	4	2	2	0	0	0	0
AF	0	0.148345	6	5	1	0	0	0	0
AF	0	0.148657	3	2	1	0	0	0	0
AF	0	0.149282	3	2	1	0	0	0	0
AF	0	0.149594	3	3	0	0	0	0	0
AF	0	0.149906	4	2	2	0	0	0	0
AF	0	0.150531	1	0	1	0	0	0	0
AF	0	0.151156	3	1	2	0	0	0	0
AF	0	0.151468	1	1	0	0	0	0	0
AF	0	0.151780	2	0	2	0	0	0	0
AF	0	0.152092	2	0	2	0	0	0	0
AF	0	0.152405	2	2	0	0	0	0	0
AF	0	0.153029	2	2	0	0	0	0	0
AF	0	0.153654	4	2	2	0	0	0	0
AF	0	0.153966	4	3	1	0	0	0	0
AF	0	0.154279	8	6	2	0	0	0	0
AF	0	0.154903	4	2	2	0	0	0	0
AF	0	0.155215	1	1	0	0	0	0	0
AF	0	0.155528	5	4	1	0	0	0	0
AF	0	0.155840	1	1	0	0	0	0	0
AF	0	0.156152	1	1	0	0	0	0	0
AF	0	0.156777	6	5	1	0	0	0	0
AF	0	0.157089	8	5	3	0	0	0	0
AF	0	0.157402	6	3	3	0	0	0	0
AF	0	0.158026	3	2	1	0	0	0	0
AF	0	0.158651	5	3	2	0	0	0	0
AF	0	0.158963	2	1	1	0	0	0	0
AF	0	0.159275	2	1	1	0	0	0	0
AF	0	0.159588	2	1	1	0	0	0	0
AF	0	0.159900	7	6	1	0	0	0	0
AF	0	0.160212	2	1	1	0	0	0	0
AF	0	0.160525	2	1	1	0	0	0	0
AF	0	0.160837	4	3	1	0	0	0	0
AF	0	0.161149	4	3	1	0	0	0	0
AF	0	0.161462	2	2	0	0	0	0	0
AF	0	0.162086	1	0	1	0	0	0	0
AF	0	0.162399	4	2	2	0	0	0	0
AF	0	0.163023	2	1	1	0	0	0	0
AF	0	0.163335	8	3	5	0	0	0	0
AF	0	0.163648	10	2	8	0	0	0	0
AF	0	0.163960	3	3	0	0	0	0	0
AF	0	0.164272	1	1	0	0	0	0	0
AF	0	0.164585	1	1	0	0	0	0	0
AF	0	0.164897	4	4	0	0	0	0	0
AF	0	0.165209	1	1	0	0	0	0	0
AF	0	0.165522	2	2	0	0	0	0	0
AF	0	0.166146	1	1	0	0	0	0	0
AF	0	0.166458	1	1	0	0	0	0	0
AF	0	0.166771	3	2	1	0	0	0	0
AF	0	0.167083	3	0	3	0	0	0	0
AF	0	0.167395	2	1	1	0	0	0	0
AF	0	0.168020	1	0	1	0	0	0	0
AF	0	0.168332	2	1	1	0	0	0	0
AF	0	0.168645	5	5	0	0	0	0	0
AF	0	0.168957	1	0	1	0	0	0	0
AF	0	0.169269	3	1	2	0	0	0	0
AF	0	0.169582	2	1	1	0	0	0	0
AF	0	0.169894	2	2	0	0	0	0	0
AF	0	0.170206	4	3	1	0	0	0	0
AF	0	0.170518	1	1	0	0	0	0	0
AF	0	0.171143	1	1	0	0	0	0	0
AF	0	0.171455	2	1	1	0	0	0	0
AF	0	0.171768	3	2	1	0	0	0	0
AF	0	0.172080	2	1	1	0	0	0	0
AF	0	0.172392	2	1	1	0	0	0	0
AF	0	0.172705	2	2	0	0	0	0	0
AF	0	0.173017	1	0	1	0	0	0	0
AF	0	0.173329	2	1	1	0	0	0	0
AF	0	0.173641	6	5	1	0	0	0	0
AF	0	0.173954	1	1	0	0	0	0	0
AF	0	0.174266	3	2	1	0	0	0	0
AF	0	0.174578	2	1	1	0	0	0	0
AF	0	0.174891	6	2	4	0	0	0	0
AF	0	0.175203	4	2	2	0	0	0	0
AF	0	0.175515	2	2	0	0	0	0	0
AF	0	0.175828	2	1	1	0	0	0	0
AF	0	0.176140	5	5	0	0	0	0	0
AF	0	0.176765	5	4	1	0	0	0	0
AF	0	0.177077	5	3	2	0	0	0	0
AF	0	0.177389	1	0	1	0	0	0	0
AF	0	0.177701	1	0	1	0	0	0	0
AF	0	0.178014	3	2	1	0	0	0	0
AF	0	0.178326	4	4	0	0	0	0	0
AF	0	0.178638	4	2	2	0	0	0	0
AF	0	0.178951	1	1	0	0	0	0	0
AF	0	0.179263	1	1	0	0	0	0	0
AF	0	0.179888	3	2	1	0	0	0	0
AF	0	0.180200	1	1	0	0	0	0	0
AF	0	0.180512	3	1	2	0	0	0	0
AF	0	0.181137	2	2	0	0	0	0	0
AF	0	0.181449	2	1	1	0	0	0	0
AF	0	0.181761	5	3	2	0	0	0	0
AF	0	0.182386	1	1	0	0	0	0	0
AF	0	0.183011	2	1	1	0	0	0	0
AF	0	0.183323	2	0	2	0	0	0	0
AF	0	0.183635	2	1	1	0	0	0	0
AF	0	0.183948	2	1	1	0	0	0	0
AF	0	0.184884	5	4	1	0	0	0	0
AF	0	0.185197	1	1	0	0	0	0	0
AF	0	0.185821	2	2	0	0	0	0	0
AF	0	0.186134	1	1	0	0	0	0	0
AF	0	0.186446	1	1	0	0	0	0	0
AF	0	0.186758	2	0	2	0	0	0	0
AF	0	0.187071	2	1	1	0	0	0	0
AF	0	0.187383	1	1	0	0	0	0	0
AF	0	0.187695	2	2	0	0	0	0	0
AF	0	0.188007	3	3	0	0	0	0	0
AF	0	0.188944	1	1	0	0	0	0	0
AF	0	0.189257	2	0	2	0	0	0	0
AF	0	0.189569	1	0	1	0	0	0	0
AF	0	0.189881	4	2	2	0	0	0	0
AF	0	0.190194	2	0	2	0	0	0	0
AF	0	0.190506	1	0	1	0	0	0	0
AF	0	0.191131	5	4	1	0	0	0	0
AF	0	0.191443	1	0	1	0	0	0	0
AF	0	0.191755	3	3	0	0	0	0	0
AF	0	0.192380	2	2	0	0	0	0	0
AF	0	0.193629	1	0	1	0	0	0	0
AF	0	0.194254	1	0	1	0	0	0	0
AF	0	0.194566	4	3	1	0	0	0	0
AF	0	0.194878	4	2	2	0	0	0	0
AF	0	0.195503	1	1	0	0	0	0	0
AF	0	0.196127	3	1	2	0	0	0	0
AF	0	0.196752	2	0	2	0	0	0	0
AF	0	0.197064	2	2	0	0	0	0	0
AF	0	0.197377	2	0	2	0	0	0	0
AF	0	0.198001	1	1	0	0	0	0	0
AF	0	0.198314	1	0	1	0	0	0	0
AF	0	0.198938	1	0	1	0	0	0	0
AF	0	0.199250	2	2	0	0	0	0	0
AF	0	0.199875	3	1	2	0	0	0	0
AF	0	0.200187	1	1	0	0	0	0	0
AF	0	0.200500	2	1	1	0	0	0	0
AF	0	0.200812	1	1	0	0	0	0	0
AF	0	0.201124	2	2	0	0	0	0	0
AF	0	0.201437	1	1	0	0	0	0	0
AF	0	0.202061	3	2	1	0	0	0	0
AF	0	0.202374	3	2	1	0	0	0	0
AF	0	0.202998	3	3	0	0	0	0	0
AF	0	0.203935	1	0	1	0	0	0	0
AF	0	0.204247	2	1	1	0	0	0	0
AF	0	0.204872	4	1	3	0	0	0	0
AF	0	0.205184	1	1	0	0	0	0	0
AF	0	0.205497	1	0	1	0	0	0	0
AF	0	0.205809	2	0	2	0	0	0	0
AF	0	0.206121	3	1	2	0	0	0	0
AF	0	0.206433	1	1	0	0	0	0	0
AF	0	0.206746	2	1	1	0	0	0	0
AF	0	0.207370	2	2	0	0	0	0	0
AF	0	0.207995	2	2	0	0	0	0	0
AF	0	0.208307	1	0	1	0	0	0	0
AF	0	0.208620	1	1	0	0	0	0	0
AF	0	0.208932	1	0	1	0	0	0	0
AF	0	0.209244	1	0	1	0	0	0	0
AF	0	0.209557	1	0	1	0	0	0	0
AF	0	0.209869	1	1	0	0	0	0	0
AF	0	0.210493	2	2	0	0	0	0	0
AF	0	0.210806	1	1	0	0	0	0	0
AF	0	0.211118	3	2	1	0	0	0	0
AF	0	0.211430	3	2	1	0	0	0	0
AF	0	0.211743	5	4	1	0	0	0	0
AF	0	0.212367	1	0	1	0	0	0	0
AF	0	0.212680	1	0	1	0	0	0	0
AF	0	0.212992	4	2	2	0	0	0	0
AF	0	0.213304	1	0	1	0	0	0	0
AF	0	0.213616	1	0	1	0	0	0	0
AF	0	0.213929	1	1	0	0	0	0	0
AF	0	0.214241	3	2	1	0	0	0	0
AF	0	0.214866	1	1	0	0	0	0	0
AF	0	0.215490	3	2	1	0	0	0	0
AF	0	0.215803	1	1	0	0	0	0	0
AF	0	0.216115	1	1	0	0	0	0	0
AF	0	0.216427	2	2	0	0	0	0	0
AF	0	0.217052	2	2	0	0	0	0	0
AF	0	0.217989	1	0	1	0	0	0	0
AF	0	0.218613	3	3	0	0	0	0	0
AF	0	0.219238	2	0	2	0	0	0	0
AF	0	0.219550	1	1	0	0	0	0	0
AF	0	0.219863	4	3	1	0	0	0	0
AF	0	0.220175	2	0	2	0	0	0	0
AF	0	0.220487	1	1	0	0	0	0	0
AF	0	0.220800	1	1	0	0	0	0	0
AF	0	0.221112	5	3	2	0	0	0	0
AF	0	0.221736	5	4	1	0	0	0	0
AF	0	0.222049	2	1	1	0	0	0	0
AF	0	0.222361	1	1	0	0	0	0	0
AF	0	0.222673	4	2	2	0	0	0	0
AF	0	0.222986	2	2	0	0	0	0	0
AF	0	0.223298	6	5	1	0	0	0	0
AF	0	0.223610	1	0	1	0	0	0	0
AF	0	0.223923	2	1	1	0	0	0	0
AF	0	0.224235	1	1	0	0	0	0	0
AF	0	0.224547	4	3	1	0	0	0	0
AF	0	0.225172	2	1	1	0	0	0	0
AF	0	0.225484	3	2	1	0	0	0	0
AF	0	0.225796	5	3	2	0	0	0	0
AF	0	0.226109	2	1	1	0	0	0	0
AF	0	0.226421	1	1	0	0	0	0	0
AF	0	0.226733	1	0	1	0	0	0	0
AF	0	0.227046	4	2	2	0	0	0	0
AF	0	0.227358	1	0	1	0	0	0	0
AF	0	0.227670	1	1	0	0	0	0	0
AF	0	0.228295	5	3	2	0	0	0	0
AF	0	0.228919	2	1	1	0	0	0	0
AF	0	0.229232	2	2	0	0	0	0	0
AF	0	0.229544	3	3	0	0	0	0	0
AF	0	0.229856	1	0	1	0	0	0	0
AF	0	0.230169	4	3	1	0	0	0	0
AF	0	0.231106	1	0	1	0	0	0	0
AF	0	0.231418	3	2	1	0	0	0	0
AF	0	0.231730	2	0	2	0	0	0	0
AF	0	0.232042	3	1	2	0	0	0	0
AF	0	0.232355	3	1	2	0	0	0	0
AF	0	0.232667	2	0	2	0	0	0	0
AF	0	0.232979	1	0	1	0	0	0	0
AF	0	0.233292	2	2	0	0	0	0	0
AF	0	0.233916	1	1	0	0	0	0	0
AF	0	0.234229	1	0	1	0	0	0	0
AF	0	0.234853	2	1	1	0	0	0	0
AF	0	0.235166	2	2	0	0	0	0	0
AF	0	0.235790	1	0	1	0	0	0	0
AF	0	0.236102	2	1	1	0	0	0	0
AF	0	0.236727	1	0	1	0	0	0	0
AF	0	0.237664	1	0	1	0	0	0	0
AF	0	0.238289	1	0	1	0	0	0	0
AF	0	0.238601	2	1	1	0	0	0	0
AF	0	0.238913	3	2	1	0	0	0	0
AF	0	0.239538	2	2	0	0	0	0	0
AF	0	0.241099	1	1	0	0	0	0	0
AF	0	0.242661	1	0	1	0	0	0	0
AF	0	0.243285	3	2	1	0	0	0	0
AF	0	0.243910	2	1	1	0	0	0	0
AF	0	0.244222	2	1	1	0	0	0	0
AF	0	0.244535	1	1	0	0	0	0	0
AF	0	0.244847	2	1	1	0	0	0	0
AF	0	0.245159	2	2	0	0	0	0	0
AF	0	0.245472	3	1	2	0	0	0	0
AF	0	0.245784	1	0	1	0	0	0	0
AF	0	0.246096	1	0	1	0	0	0	0
AF	0	0.246408	1	1	0	0	0	0	0
AF	0	0.247033	1	1	0	0	0	0	0
AF	0	0.247658	3	1	2	0	0	0	0
AF	0	0.247970	1	0	1	0	0	0	0
AF	0	0.248282	2	1	1	0	0	0	0
AF	0	0.248907	3	2	1	0	0	0	0
AF	0	0.249219	1	1	0	0	0	0	0
AF	0	0.249844	1	1	0	0	0	0	0
AF	0	0.250156	1	0	1	0	0	0	0
AF	0	0.250781	1	1	0	0	0	0	0
AF	0	0.251093	1	1	0	0	0	0	0
AF	0	0.251405	6	5	1	0	0	0	0
AF	0	0.252030	3	2	1	0	0	0	0
AF	0	0.252655	1	1	0	0	0	0	0
AF	0	0.253279	3	2	1	0	0	0	0
AF	0	0.253592	1	0	1	0	0	0	0
AF	0	0.253904	2	2	0	0	0	0	0
AF	0	0.254528	3	3	0	0	0	0	0
AF	0	0.255153	4	3	1	0	0	0	0
AF	0	0.255465	1	0	1	0	0	0	0
AF	0	0.255778	1	0	1	0	0	0	0
AF	0	0.257339	1	0	1	0	0	0	0
AF	0	0.257651	1	1	0	0	0	0	0
AF	0	0.258276	1	1	0	0	0	0	0
AF	0	0.259213	1	0	1	0	0	0	0
AF	0	0.259525	1	1	0	0	0	0	0
AF	0	0.260150	1	1	0	0	0	0	0
AF	0	0.260775	1	0	1	0	0	0	0
AF	0	0.262648	1	1	0	0	0	0	0
AF	0	0.263273	1	0	1	0	0	0	0
AF	0	0.263898	1	1	0	0	0	0	0
AF	0	0.267021	1	1	0	0	0	0	0
AF	0	0.268270	1	0	1	0	0	0	0
AF	0	0.268894	1	1	0	0	0	0	0
AF	0	0.269207	1	0	1	0	0	0	0
AF	0	0.270144	3	2	1	0	0	0	0
AF	0	0.270768	1	0	1	0	0	0	0
AF	0	0.271393	1	0	1	0	0	0	0
AF	0	0.272017	1	1	0	0	0	0	0
AF	0	0.272642	1	1	0	0	0	0	0
AF	0	0.273267	1	0	1	0	0	0	0
AF	0	0.273891	1	1	0	0	0	0	0
AF	0	0.274204	1	1	0	0	0	0	0
AF	0	0.274828	2	2	0	0	0	0	0
AF	0	0.275765	2	2	0	0	0	0	0
AF	0	0.276702	1	0	1	0	0	0	0
AF	0	0.277327	1	1	0	0	0	0	0
AF	0	0.279825	1	1	0	0	0	0	0
AF	0	0.280137	1	1	0	0	0	0	0
AF	0	0.280762	1	0	1	0	0	0	0
AF	0	0.281074	1	0	1	0	0	0	0
AF	0	0.282011	1	1	0	0	0	0	0
AF	0	0.282324	1	1	0	0	0	0	0
AF	0	0.282636	1	1	0	0	0	0	0
AF	0	0.283885	2	1	1	0	0	0	0
AF	0	0.285134	2	1	1	0	0	0	0
AF	0	0.285447	1	1	0	0	0	0	0
AF	0	0.286384	1	1	0	0	0	0	0
AF	0	0.287008	1	1	0	0	0	0	0
AF	0	0.288882	2	2	0	0	0	0	0
AF	0	0.289507	2	1	1	0	0	0	0
AF	0	0.289819	2	0	2	0	0	0	0
AF	0	0.290131	1	1	0	0	0	0	0
AF	0	0.291380	1	1	0	0	0	0	0
AF	0	0.292005	3	2	1	0	0	0	0
AF	0	0.292630	1	0	1	0	0	0	0
AF	0	0.293254	1	1	0	0	0	0	0
AF	0	0.295440	1	1	0	0	0	0	0
AF	0	0.296065	1	1	0	0	0	0	0
AF	0	0.296690	2	2	0	0	0	0	0
AF	0	0.297002	1	1	0	0	0	0	0
AF	0	0.298251	1	0	1	0	0	0	0
AF	0	0.298563	1	1	0	0	0	0	0
AF	0	0.299500	2	1	1	0	0	0	0
AF	0	0.300750	2	1	1	0	0	0	0
AF	0	0.301062	1	1	0	0	0	0	0
AF	0	0.301374	2	2	0	0	0	0	0
AF	0	0.301686	1	1	0	0	0	0	0
AF	0	0.303248	2	0	2	0	0	0	0
AF	0	0.304497	1	1	0	0	0	0	0
AF	0	0.305122	1	0	1	0	0	0	0
AF	0	0.307308	1	1	0	0	0	0	0
AF	0	0.308245	1	0	1	0	0	0	0
AF	0	0.309494	1	1	0	0	0	0	0
AF	0	0.309806	1	1	0	0	0	0	0
AF	0	0.310119	2	1	1	0	0	0	0
AF	0	0.311368	1	0	1	0	0	0	0
AF	0	0.311680	1	1	0	0	0	0	0
AF	0	0.311993	1	1	0	0	0	0	0
AF	0	0.312929	1	1	0	0	0	0	0
AF	0	0.313554	2	0	2	0	0	0	0
AF	0	0.313866	1	0	1	0	0	0	0
AF	0	0.315116	1	0	1	0	0	0	0
AF	0	0.316677	1	0	1	0	0	0	0
AF	0	0.317614	1	1	0	0	0	0	0
AF	0	0.317926	1	1	0	0	0	0	0
AF	0	0.320112	1	1	0	0	0	0	0
AF	0	0.321362	1	0	1	0	0	0	0
AF	0	0.321674	1	0	1	0	0	0	0
AF	0	0.321986	1	0	1	0	0	0	0
AF	0	0.322299	1	0	1	0	0	0	0
AF	0	0.323235	1	1	0	0	0	0	0
AF	0	0.323860	2	2	0	0	0	0	0
AF	0	0.325109	2	2	0	0	0	0	0
AF	0	0.326046	1	0	1	0	0	0	0
AF	0	0.327295	2	1	1	0	0	0	0
AF	0	0.328232	1	0	1	0	0	0	0
AF	0	0.329794	2	0	2	0	0	0	0
AF	0	0.330106	1	1	0	0	0	0	0
AF	0	0.330731	2	1	1	0	0	0	0
AF	0	0.331043	1	0	1	0	0	0	0
AF	0	0.331355	1	1	0	0	0	0	0
AF	0	0.331980	1	0	1	0	0	0	0
AF	0	0.332917	1	1	0	0	0	0	0
AF	0	0.333229	4	2	2	0	0	0	0
AF	0	0.333542	1	1	0	0	0	0	0
AF	0	0.333854	1	0	1	0	0	0	0
AF	0	0.334166	3	2	1	0	0	0	0
AF	0	0.334791	1	1	0	0	0	0	0
AF	0	0.335103	1	1	0	0	0	0	0
AF	0	0.335415	2	1	1	0	0	0	0
AF	0	0.337914	2	1	1	0	0	0	0
AF	0	0.338538	1	1	0	0	0	0	0
AF	0	0.339788	1	0	1	0	0	0	0
AF	0	0.340100	2	1	1	0	0	0	0
AF	0	0.340412	1	1	0	0	0	0	0
AF	0	0.340725	1	1	0	0	0	0	0
AF	0	0.341037	2	1	1	0	0	0	0
AF	0	0.342598	1	1	0	0	0	0	0
AF	0	0.342911	2	1	1	0	0	0	0
AF	0	0.343223	2	2	0	0	0	0	0
AF	0	0.343535	1	1	0	0	0	0	0
AF	0	0.344785	1	0	1	0	0	0	0
AF	0	0.346346	1	1	0	0	0	0	0
AF	0	0.346658	2	1	1	0	0	0	0
AF	0	0.347283	2	0	2	0	0	0	0
AF	0	0.347908	1	0	1	0	0	0	0
AF	0	0.350094	3	3	0	0	0	0	0
AF	0	0.351031	1	0	1	0	0	0	0
AF	0	0.351655	2	2	0	0	0	0	0
AF	0	0.352280	2	1	1	0	0	0	0
AF	0	0.352904	3	2	1	0	0	0	0
AF	0	0.353529	2	2	0	0	0	0	0
AF	0	0.354154	2	2	0	0	0	0	0
AF	0	0.354466	1	1	0	0	0	0	0
AF	0	0.355403	1	1	0	0	0	0	0
AF	0	0.357901	1	1	0	0	0	0	0
AF	0	0.359775	2	1	1	0	0	0	0
AF	0	0.360400	1	0	1	0	0	0	0
AF	0	0.360712	1	1	0	0	0	0	0
AF	0	0.361024	3	3	0	0	0	0	0
AF	0	0.361649	2	1	1	0	0	0	0
AF	0	0.361961	1	1	0	0	0	0	0
AF	0	0.362274	3	2	1	0	0	0	0
AF	0	0.366958	1	0	1	0	0	0	0
AF	0	0.367270	1	0	1	0	0	0	0
AF	0	0.367895	2	0	2	0	0	0	0
AF	0	0.368520	2	2	0	0	0	0	0
AF	0	0.369769	1	1	0	0	0	0	0
AF	0	0.370706	1	1	0	0	0	0	0
AF	0	0.371330	1	1	0	0	0	0	0
AF	0	0.371955	1	1	0	0	0	0	0
AF	0	0.372580	1	1	0	0	0	0	0
AF	0	0.373517	1	1	0	0	0	0	0
AF	0	0.374141	1	0	1	0	0	0	0
AF	0	0.375703	1	1	0	0	0	0	0
AF	0	0.376640	1	0	1	0	0	0	0
AF	0	0.377264	1	1	0	0	0	0	0
AF	0	0.377577	1	1	0	0	0	0	0
AF	0	0.377889	1	0	1	0	0	0	0
AF	0	0.378201	1	1	0	0	0	0	0
AF	0	0.379138	2	1	1	0	0	0	0
AF	0	0.380075	1	1	0	0	0	0	0
AF	0	0.380387	1	0	1	0	0	0	0
AF	0	0.381012	1	1	0	0	0	0	0
AF	0	0.381636	1	0	1	0	0	0	0
AF	0	0.383198	1	1	0	0	0	0	0
AF	0	0.383510	1	1	0	0	0	0	0
AF	0	0.384760	2	1	1	0	0	0	0
AF	0	0.386321	2	2	0	0	0	0	0
AF	0	0.386633	3	2	1	0	0	0	0
AF	0	0.387258	2	1	1	0	0	0	0
AF	0	0.388507	3	2	1	0	0	0	0
AF	0	0.388819	1	1	0	0	0	0	0
AF	0	0.389756	1	1	0	0	0	0	0
AF	0	0.390069	1	1	0	0	0	0	0
AF	0	0.390381	1	0	1	0	0	0	0
AF	0	0.390693	1	1	0	0	0	0	0
AF	0	0.392567	1	0	1	0	0	0	0
AF	0	0.393192	2	0	2	0	0	0	0
AF	0	0.393504	1	1	0	0	0	0	0
AF	0	0.393816	1	1	0	0	0	0	0
AF	0	0.394129	1	0	1	0	0	0	0
AF	0	0.396627	1	1	0	0	0	0	0
AF	0	0.397252	2	1	1	0	0	0	0
AF	0	0.400375	1	1	0	0	0	0	0
AF	0	0.401624	1	1	0	0	0	0	0
AF	0	0.402561	1	0	1	0	0	0	0
AF	0	0.403186	1	1	0	0	0	0	0
AF	0	0.404122	1	1	0	0	0	0	0
AF	0	0.404747	1	1	0	0	0	0	0
AF	0	0.405684	1	0	1	0	0	0	0
AF	0	0.407245	1	0	1	0	0	0	0
AF	0	0.408495	1	1	0	0	0	0	0
AF	0	0.409432	1	1	0	0	0	0	0
AF	0	0.409744	2	2	0	0	0	0	0
AF	0	0.410369	1	0	1	0	0	0	0
AF	0	0.413179	1	1	0	0	0	0	0
AF	0	0.413492	1	0	1	0	0	0	0
AF	0	0.415053	1	1	0	0	0	0	0
AF	0	0.415365	2	2	0	0	0	0	0
AF	0	0.415678	1	0	1	0	0	0	0
AF	0	0.417239	1	1	0	0	0	0	0
AF	0	0.418801	1	0	1	0	0	0	0
AF	0	0.419113	1	0	1	0	0	0	0
AF	0	0.420987	1	0	1	0	0	0	0
AF	0	0.424110	1	1	0	0	0	0	0
AF	0	0.424735	1	1	0	0	0	0	0
AF	0	0.425359	1	1	0	0	0	0	0
AF	0	0.425984	3	3	0	0	0	0	0
AF	0	0.427858	1	1	0	0	0	0	0
AF	0	0.428795	1	1	0	0	0	0	0
AF	0	0.429107	1	1	0	0	0	0	0
AF	0	0.429419	1	0	1	0	0	0	0
AF	0	0.429731	2	0	2	0	0	0	0
AF	0	0.430981	2	2	0	0	0	0	0
AF	0	0.434728	2	2	0	0	0	0	0
AF	0	0.435041	1	0	1	0	0	0	0
AF	0	0.435353	1	0	1	0	0	0	0
AF	0	0.435665	1	0	1	0	0	0	0
AF	0	0.435978	1	1	0	0	0	0	0
AF	0	0.436290	1	0	1	0	0	0	0
AF	0	0.436914	1	1	0	0	0	0	0
AF	0	0.437851	2	2	0	0	0	0	0
AF	0	0.438788	1	1	0	0	0	0	0
AF	0	0.439101	3	3	0	0	0	0	0
AF	0	0.439725	2	1	1	0	0	0	0
AF	0	0.440350	1	1	0	0	0	0	0
AF	0	0.440662	1	1	0	0	0	0	0
AF	0	0.441911	1	0	1	0	0	0	0
AF	0	0.442536	1	1	0	0	0	0	0
AF	0	0.443473	2	1	1	0	0	0	0
AF	0	0.443785	1	1	0	0	0	0	0
AF	0	0.444097	2	0	2	0	0	0	0
AF	0	0.444410	4	2	2	0	0	0	0
AF	0	0.444722	1	0	1	0	0	0	0
AF	0	0.445034	8	6	2	0	0	0	0
AF	0	0.445659	2	1	1	0	0	0	0
AF	0	0.446908	1	1	0	0	0	0	0
AF	0	0.447533	3	2	1	0	0	0	0
AF	0	0.447845	1	1	0	0	0	0	0
AF	0	0.448782	2	1	1	0	0	0	0
AF	0	0.449407	1	0	1	0	0	0	0
AF	0	0.450344	2	2	0	0	0	0	0
AF	0	0.450656	2	2	0	0	0	0	0
AF	0	0.450968	1	1	0	0	0	0	0
AF	0	0.451905	3	3	0	0	0	0	0
AF	0	0.452217	2	2	0	0	0	0	0
AF	0	0.452530	1	1	0	0	0	0	0
AF	0	0.452842	1	1	0	0	0	0	0
AF	0	0.453779	1	0	1	0	0	0	0
AF	0	0.455653	3	1	2	0	0	0	0
AF	0	0.456277	1	0	1	0	0	0	0
AF	0	0.456902	2	2	0	0	0	0	0
AF	0	0.459088	1	0	1	0	0	0	0
AF	0	0.460025	2	0	2	0	0	0	0
AF	0	0.460650	2	2	0	0	0	0	0
AF	0	0.461274	1	1	0	0	0	0	0
AF	0	0.461587	1	1	0	0	0	0	0
AF	0	0.461899	1	1	0	0	0	0	0
AF	0	0.462523	1	0	1	0	0	0	0
AF	0	0.462836	2	1	1	0	0	0	0
AF	0	0.463148	1	0	1	0	0	0	0
AF	0	0.464085	1	1	0	0	0	0	0
AF	0	0.465022	1	1	0	0	0	0	0
AF	0	0.465334	2	2	0	0	0	0	0
AF	0	0.466271	1	1	0	0	0	0	0
AF	0	0.467208	1	1	0	0	0	0	0
AF	0	0.468145	1	1	0	0	0	0	0
AF	0	0.469394	2	1	1	0	0	0	0
AF	0	0.469706	1	0	1	0	0	0	0
AF	0	0.470643	1	0	1	0	0	0	0
AF	0	0.471268	1	0	1	0	0	0	0
AF	0	0.473142	1	1	0	0	0	0	0
AF	0	0.475016	1	0	1	0	0	0	0
AF	0	0.476265	1	0	1	0	0	0	0
AF	0	0.476889	1	1	0	0	0	0	0
AF	0	0.477202	1	0	1	0	0	0	0
AF	0	0.477514	1	1	0	0	0	0	0
AF	0	0.478139	2	2	0	0	0	0	0
AF	0	0.478451	1	0	1	0	0	0	0
AF	0	0.478763	1	1	0	0	0	0	0
AF	0	0.479076	1	1	0	0	0	0	0
AF	0	0.479388	1	1	0	0	0	0	0
AF	0	0.480012	1	1	0	0	0	0	0
AF	0	0.480637	1	1	0	0	0	0	0
AF	0	0.482511	1	0	1	0	0	0	0
AF	0	0.483136	1	1	0	0	0	0	0
AF	0	0.486259	1	1	0	0	0	0	0
AF	0	0.487820	1	1	0	0	0	0	0
AF	0	0.489694	1	1	0	0	0	0	0
AF	0	0.493754	1	1	0	0	0	0	0
AF	0	0.500000	1	0	1	0	0	0	0
AF	0	0.500625	1	1	0	0	0	0	0
AF	0	0.501874	1	0	1	0	0	0	0
AF	0	0.502498	1	1	0	0	0	0	0
AF	0	0.502811	1	1	0	0	0	0	0
AF	0	0.503748	1	1	0	0	0	0	0
AF	0	0.504060	2	2	0	0	0	0	0
AF	0	0.504372	3	1	2	0	0	0	0
AF	0	0.506871	1	1	0	0	0	0	0
AF	0	0.511555	1	1	0	0	0	0	0
AF	0	0.512492	1	0	1	0	0	0	0
AF	0	0.513117	1	0	1	0	0	0	0
AF	0	0.515928	1	1	0	0	0	0	0
AF	0	0.517801	1	1	0	0	0	0	0
AF	0	0.520612	1	1	0	0	0	0	0
AF	0	0.521237	1	1	0	0	0	0	0
AF	0	0.526858	1	0	1	0	0	0	0
AF	0	0.528107	1	0	1	0	0	0	0
AF	0	0.528420	1	0	1	0	0	0	0
AF	0	0.530606	1	1	0	0	0	0	0
AF	0	0.531543	1	1	0	0	0	0	0
AF	0	0.532167	1	1	0	0	0	0	0
AF	0	0.533729	1	1	0	0	0	0	0
AF	0	0.534978	3	0	3	0	0	0	0
AF	0	0.535290	1	0	1	0	0	0	0
AF	0	0.535603	2	1	1	0	0	0	0
AF	0	0.535915	1	1	0	0	0	0	0
AF	0	0.536852	1	1	0	0	0	0	0
AF	0	0.537477	1	0	1	0	0	0	0
AF	0	0.538413	1	1	0	0	0	0	0
AF	0	0.538726	1	0	1	0	0	0	0
AF	0	0.539350	2	0	2	0	0	0	0
AF	0	0.539975	1	0	1	0	0	0	0
AF	0	0.540600	1	1	0	0	0	0	0
AF	0	0.541537	1	1	0	0	0	0	0
AF	0	0.542786	2	2	0	0	0	0	0
AF	0	0.543410	1	1	0	0	0	0	0
AF	0	0.543723	1	1	0	0	0	0	0
AF	0	0.546846	1	1	0	0	0	0	0
AF	0	0.547470	3	2	1	0	0	0	0
AF	0	0.548720	2	0	2	0	0	0	0
AF	0	0.549969	1	0	1	0	0	0	0
AF	0	0.550906	1	1	0	0	0	0	0
AF	0	0.551530	1	1	0	0	0	0	0
AF	0	0.552467	1	0	1	0	0	0	0
AF	0	0.553404	2	2	0	0	0	0	0
AF	0	0.554029	1	1	0	0	0	0	0
AF	0	0.554966	1	0	1	0	0	0	0
AF	0	0.556527	1	1	0	0	0	0	0
AF	0	0.562461	2	2	0	0	0	0	0
AF	0	0.562773	2	1	1	0	0	0	0
AF	0	0.569019	1	0	1	0	0	0	0
AF	0	0.577139	1	1	0	0	0	0	0
AF	0	0.577764	2	1	1	0	0	0	0
AF	0	0.579013	1	1	0	0	0	0	0
AF	0	0.579638	1	0	1	0	0	0	0
AF	0	0.579950	2	1	1	0	0	0	0
AF	0	0.580262	1	1	0	0	0	0	0
AF	0	0.581824	1	0	1	0	0	0	0
AF	0	0.582136	2	0	2	0	0	0	0
AF	0	0.583698	1	0	1	0	0	0	0
AF	0	0.584947	1	1	0	0	0	0	0
AF	0	0.585259	1	1	0	0	0	0	0
AF	0	0.589319	1	1	0	0	0	0	0
AF	0	0.590256	2	1	1	0	0	0	0
AF	0	0.590568	1	1	0	0	0	0	0
AF	0	0.590881	1	1	0	0	0	0	0
AF	0	0.592130	1	0	1	0	0	0	0
AF	0	0.594628	1	1	0	0	0	0	0
AF	0	0.598376	1	1	0	0	0	0	0
AF	0	0.599313	1	1	0	0	0	0	0
AF	0	0.601499	1	0	1	0	0	0	0
AF	0	0.603998	2	1	1	0	0	0	0
AF	0	0.604310	1	1	0	0	0	0	0
AF	0	0.605559	1	0	1	0	0	0	0
AF	0	0.605871	1	1	0	0	0	0	0
AF	0	0.607745	2	0	2	0	0	0	0
AF	0	0.609931	1	0	1	0	0	0	0
AF	0	0.611493	1	1	0	0	0	0	0
AF	0	0.613991	2	2	0	0	0	0	0
AF	0	0.618051	1	1	0	0	0	0	0
AF	0	0.623360	1	1	0	0	0	0	0
AF	0	0.623673	1	0	1	0	0	0	0
AF	0	0.623985	2	1	1	0	0	0	0
AF	0	0.624297	1	1	0	0	0	0	0
AF	0	0.624610	1	0	1	0	0	0	0
AF	0	0.626483	1	1	0	0	0	0	0
AF	0	0.627733	1	0	1	0	0	0	0
AF	0	0.628357	1	1	0	0	0	0	0
AF	0	0.629294	1	1	0	0	0	0	0
AF	0	0.633354	1	0	1	0	0	0	0
AF	0	0.634916	1	1	0	0	0	0	0
AF	0	0.635853	1	1	0	0	0	0	0
AF	0	0.637102	1	1	0	0	0	0	0
AF	0	0.637414	1	1	0	0	0	0	0
AF	0	0.637726	1	0	1	0	0	0	0
AF	0	0.638351	2	1	1	0	0	0	0
AF	0	0.638663	1	1	0	0	0	0	0
AF	0	0.640537	1	1	0	0	0	0	0
AF	0	0.641786	1	1	0	0	0	0	0
AF	0	0.642723	1	0	1	0	0	0	0
AF	0	0.643348	1	1	0	0	0	0	0
AF	0	0.644285	1	1	0	0	0	0	0
AF	0	0.644909	1	1	0	0	0	0	0
AF	0	0.645846	1	0	1	0	0	0	0
AF	0	0.652717	1	1	0	0	0	0	0
AF	0	0.654591	1	1	0	0	0	0	0
AF	0	0.657402	1	0	1	0	0	0	0
AF	0	0.663023	1	1	0	0	0	0	0
AF	0	0.663960	1	0	1	0	0	0	0
AF	0	0.665834	2	1	1	0	0	0	0
AF	0	0.666771	1	1	0	0	0	0	0
AF	0	0.670206	1	0	1	0	0	0	0
AF	0	0.670518	1	1	0	0	0	0	0
AF	0	0.672392	1	1	0	0	0	0	0
AF	0	0.674266	2	1	1	0	0	0	0
AF	0	0.677389	1	1	0	0	0	0	0
AF	0	0.679888	1	0	1	0	0	0	0
AF	0	0.680200	1	0	1	0	0	0	0
AF	0	0.686758	1	1	0	0	0	0	0
AF	0	0.688320	1	1	0	0	0	0	0
AF	0	0.688632	1	1	0	0	0	0	0
AF	0	0.690194	1	0	1	0	0	0	0
AF	0	0.692380	1	1	0	0	0	0	0
AF	0	0.693629	1	1	0	0	0	0	0
AF	0	0.695815	1	1	0	0	0	0	0
AF	0	0.696127	1	0	1	0	0	0	0
AF	0	0.702998	1	0	1	0	0	0	0
AF	0	0.707995	1	1	0	0	0	0	0
AF	0	0.708620	1	1	0	0	0	0	0
AF	0	0.708932	2	1	1	0	0	0	0
AF	0	0.710181	1	1	0	0	0	0	0
AF	0	0.711743	1	0	1	0	0	0	0
AF	0	0.712680	1	1	0	0	0	0	0
AF	0	0.713616	1	0	1	0	0	0	0
AF	0	0.715803	1	1	0	0	0	0	0
AF	0	0.724235	1	1	0	0	0	0	0
AF	0	0.729232	1	1	0	0	0	0	0
AF	0	0.736102	1	1	0	0	0	0	0
AF	0	0.736727	1	1	0	0	0	0	0
AF	0	0.739538	1	0	1	0	0	0	0
AF	0	0.742349	1	0	1	0	0	0	0
AF	0	0.743285	1	1	0	0	0	0	0
AF	0	0.745159	1	1	0	0	0	0	0
AF	0	0.747345	1	0	1	0	0	0	0
AF	0	0.748595	1	1	0	0	0	0	0
AF	0	0.752030	1	0	1	0	0	0	0
AF	0	0.764210	1	1	0	0	0	0	0
AF	0	0.765459	1	1	0	0	0	0	0
AF	0	0.767333	1	0	1	0	0	0	0
AF	0	0.768582	1	1	0	0	0	0	0
AF	0	0.769519	4	4	0	0	0	0	0
AF	0	0.769831	1	0	1	0	0	0	0
AF	0	0.770144	1	1	0	0	0	0	0
AF	0	0.770456	1	1	0	0	0	0	0
AF	0	0.771705	3	3	0	0	0	0	0
AF	0	0.772330	1	1	0	0	0	0	0
AF	0	0.773579	1	1	0	0	0	0	0
AF	0	0.778264	1	0	1	0	0	0	0
AF	0	0.780137	1	0	1	0	0	0	0
AF	0	0.787945	2	2	0	0	0	0	0
AF	0	0.790443	1	0	1	0	0	0	0
AF	0	0.790756	4	3	1	0	0	0	0
AF	0	0.797314	1	1	0	0	0	0	0
AF	0	0.797626	1	0	1	0	0	0	0
AF	0	0.797939	1	1	0	0	0	0	0
AF	0	0.801374	1	1	0	0	0	0	0
AF	0	0.809494	1	1	0	0	0	0	0
AF	0	0.810119	1	1	0	0	0	0	0
AF	0	0.811056	1	1	0	0	0	0	0
AF	0	0.814179	1	0	1	0	0	0	0
AF	0	0.815740	1	1	0	0	0	0	0
AF	0	0.818239	2	2	0	0	0	0	0
AF	0	0.819800	1	1	0	0	0	0	0
AF	0	0.821362	1	0	1	0	0	0	0
AF	0	0.824485	3	3	0	0	0	0	0
AF	0	0.826359	1	1	0	0	0	0	0
AF	0	0.830731	1	1	0	0	0	0	0
AF	0	0.831043	1	1	0	0	0	0	0
AF	0	0.834478	1	1	0	0	0	0	0
AF	0	0.835728	1	0	1	0	0	0	0
AF	0	0.836665	1	1	0	0	0	0	0
AF	0	0.842286	2	1	1	0	0	0	0
AF	0	0.842598	1	1	0	0	0	0	0
AF	0	0.842911	1	1	0	0	0	0	0
AF	0	0.844785	1	1	0	0	0	0	0
AF	0	0.845097	1	1	0	0	0	0	0
AF	0	0.845409	1	0	1	0	0	0	0
AF	0	0.846346	1	1	0	0	0	0	0
AF	0	0.848220	1	1	0	0	0	0	0
AF	0	0.850094	2	2	0	0	0	0	0
AF	0	0.855403	1	1	0	0	0	0	0
AF	0	0.856340	1	1	0	0	0	0	0
AF	0	0.863835	1	0	1	0	0	0	0
AF	0	0.865084	1	1	0	0	0	0	0
AF	0	0.866021	1	1	0	0	0	0	0
AF	0	0.866958	1	1	0	0	0	0	0
AF	0	0.867583	1	1	0	0	0	0	0
AF	0	0.867895	1	1	0	0	0	0	0
AF	0	0.870081	1	1	0	0	0	0	0
AF	0	0.871018	1	1	0	0	0	0	0
AF	0	0.871643	1	0	1	0	0	0	0
AF	0	0.872892	1	1	0	0	0	0	0
AF	0	0.873517	1	0	1	0	0	0	0
AF	0	0.874141	1	1	0	0	0	0	0
AF	0	0.874766	1	1	0	0	0	0	0
AF	0	0.875078	1	1	0	0	0	0	0
AF	0	0.876952	3	1	2	0	0	0	0
AF	0	0.877577	1	1	0	0	0	0	0
AF	0	0.879450	2	1	1	0	0	0	0
AF	0	0.881324	1	1	0	0	0	0	0
AF	0	0.886321	1	1	0	0	0	0	0
AF	0	0.888195	1	0	1	0	0	0	0
AF	0	0.888507	2	1	1	0	0	0	0
AF	0	0.890069	1	1	0	0	0	0	0
AF	0	0.892255	1	0	1	0	0	0	0
AF	0	0.897876	1	1	0	0	0	0	0
AF	0	0.903186	1	0	1	0	0	0	0
AF	0	0.906621	1	1	0	0	0	0	0
AF	0	0.907870	1	0	1	0	0	0	0
AF	0	0.908807	1	1	0	0	0	0	0
AF	0	0.911305	1	0	1	0	0	0	0
AF	0	0.914428	2	2	0	0	0	0	0
AF	0	0.918176	1	0	1	0	0	0	0
AF	0	0.922548	1	1	0	0	0	0	0
AF	0	0.926608	1	1	0	0	0	0	0
AF	0	0.927545	1	1	0	0	0	0	0
AF	0	0.929419	1	1	0	0	0	0	0
AF	0	0.930668	1	1	0	0	0	0	0
AF	0	0.934728	1	1	0	0	0	0	0
AF	0	0.935353	1	1	0	0	0	0	0
AF	0	0.935978	1	0	1	0	0	0	0
AF	0	0.936290	1	1	0	0	0	0	0
AF	0	0.940350	1	1	0	0	0	0	0
AF	0	0.940662	1	0	1	0	0	0	0
AF	0	0.942848	1	0	1	0	0	0	0
AF	0	0.953467	1	0	1	0	0	0	0
AF	0	0.957214	1	1	0	0	0	0	0
AF	0	0.964397	1	0	1	0	0	0	0
AF	0	0.973142	1	0	1	0	0	0	0
AF	0	0.974703	1	1	0	0	0	0	0
AF	0	0.980949	1	1	0	0	0	0	0
AF	0	0.982823	1	1	0	0	0	0	0
AF	0	0.983136	1	1	0	0	0	0	0
AF	0	0.984072	2	2	0	0	0	0	0
AF	0	0.984385	1	1	0	0	0	0	0
AF	0	0.985634	1	1	0	0	0	0	0
AF	0	0.988445	1	0	1	0	0	0	0
AF	0	0.988757	1	1	0	0	0	0	0
AF	0	0.989069	2	1	1	0	0	0	0
AF	0	0.993754	1	1	0	0	0	0	0
AF	0	0.994379	1	0	1	0	0	0	0
AF	0	0.994691	2	2	0	0	0	0	0
AF	0	0.995315	1	0	1	0	0	0	0
AF	0	0.995940	1	0	1	0	0	0	0
AF	0	0.996877	1	1	0	0	0	0	0
AF	0	0.997189	2	1	1	0	0	0	0
# QUAL, Stats by quality
# QUAL	[2]id	[3]Quality	[4]number of SNPs	[5]number of transitions (1st ALT)	[6]number of transversions (1st ALT)	[7]number of indels
QUAL	0	.	14299	9660	4639	0
# IDD, InDel distribution:
# IDD	[2]id	[3]length (deletions negative)	[4]number of sites	[5]number of genotypes	[6]mean VAF
# ST, Substitution types:
# ST	[2]id	[3]type	[4]count
ST	0	A>C	532
ST	0	A>G	2176
ST	0	A>T	477
ST	0	C>A	686
ST	0	C>G	597
ST	0	C>T	2588
ST	0	G>A	2681
ST	0	G>C	587
ST	0	G>T	636
ST	0	T>A	553
ST	0	T>C	2215
ST	0	T>G	571
# DP, Depth distribution
# DP	[2]id	[3]bin	[4]number of genotypes	[5]fraction of genotypes (%)	[6]number of sites	[7]fraction of sites (%)
  - Fix haploid genotypes in males...

Submit MakeDiploidMalesX finished successfully. Let's have a beer, buddy!

