Submit MakeDiploidMalesX
version 1.1.6 (2024-09-30)

These are the settings:
  Input file................: /hpc/local/Rocky8/dhl_ec/software/MonopogenLite/resources/1kGP_high_coverage_Illumina.SNVonly_poly.filtered_AF_5e-04.norm.fixvariantid.chrX.vcf.gz
  Output file...............: /hpc/local/Rocky8/dhl_ec/software/MonopogenLite/resources/1kGP_high_coverage_Illumina.SNVonly_poly.filtered_AF_5e-04.norm.fixvariantid.makediploid.chrX.vcf.gz
  Chunk size................: 100

  SLURM CPUs................: 4
  SLURM Array ID............: 4 (of 100)
  SLURM memory..............: 16G
  SLURM time................: 01:00:00
  SLURM mail type...........: FAIL
  SLURM mail user...........: s.w.vanderlaan-2@umcutrecht.nl

  Dry run mode..............: 0
  Debug mode................: 1
  Verbosity.................: 0
  Version...................: 1.1.6 (2024-09-30)

Making converting haploid genotypes to diploid genotypes.
> Extract the region for this SLURM task (# 4) from the BED file.
  - Get the chunk number from the SLURM array task ID and the bed file...
DEBUG: Extracting chunk number: 4p from 4
DEBUG: Extracting region from BED file: /hpc/local/Rocky8/dhl_ec/software/MonopogenLite/resources/chrX_100pieces.bed
  - Extract the region from the BED file...
DEBUG: Extracted raw region: 'chrX	4681225	6241632' (chunk #: 4p of 100 for job 4)
  - Check if a valid region was extracted -- should be 'chrX	4681225	6241632'...
  - Prepare the region for bcftools...
  - Check if the region (chrX:4681225-6241632) was successfully extracted...
> Processing region 'chrX:4681225-6241632'...
  - Process the specific region (chunk# 4) using bcftools view...
  - Index the VCF file...
DEBUG: Check if the VCF file was successfully processed...
##fileformat=VCFv4.2
##FILTER=<ID=PASS,Description="All filters passed">
##fileDate=29/01/2022 - 14:31:41
##source=shapeit4.2.2
##contig=<ID=chr1,length=248956422>
##contig=<ID=chr2,length=242193529>
##contig=<ID=chr3,length=198295559>
##contig=<ID=chr4,length=190214555>
##contig=<ID=chr5,length=181538259>
##contig=<ID=chr6,length=170805979>
# This file was produced by bcftools stats (1.20+htslib-1.20) and can be plotted using plot-vcfstats.
# The command line was:	bcftools stats  /hpc/local/Rocky8/dhl_ec/software/MonopogenLite/resources/chrX.part4.vcf.gz
#
# Definition of sets:
# ID	[2]id	[3]tab-separated file names
ID	0	/hpc/local/Rocky8/dhl_ec/software/MonopogenLite/resources/chrX.part4.vcf.gz
# SN, Summary numbers:
#   number of records   .. number of data rows in the VCF
#   number of no-ALTs   .. reference-only sites, ALT is either "." or identical to REF
#   number of SNPs      .. number of rows with a SNP
#   number of MNPs      .. number of rows with a MNP, such as CC>TT
#   number of indels    .. number of rows with an indel
#   number of others    .. number of rows with other type, for example a symbolic allele or
#                          a complex substitution, such as ACT>TCGA
#   number of multiallelic sites     .. number of rows with multiple alternate alleles
#   number of multiallelic SNP sites .. number of rows with multiple alternate alleles, all SNPs
# 
#   Note that rows containing multiple types will be counted multiple times, in each
#   counter. For example, a row with a SNP and an indel increments both the SNP and
#   the indel counter.
# 
# SN	[2]id	[3]key	[4]value
SN	0	number of samples:	3202
SN	0	number of records:	19287
SN	0	number of no-ALTs:	0
SN	0	number of SNPs:	19287
SN	0	number of MNPs:	0
SN	0	number of indels:	0
SN	0	number of others:	0
SN	0	number of multiallelic sites:	0
SN	0	number of multiallelic SNP sites:	0
# TSTV, transitions/transversions:
# TSTV	[2]id	[3]ts	[4]tv	[5]ts/tv	[6]ts (1st ALT)	[7]tv (1st ALT)	[8]ts/tv (1st ALT)
TSTV	0	12894	6393	2.02	12894	6393	2.02
# SiS, Singleton stats:
# SiS	[2]id	[3]allele count	[4]number of SNPs	[5]number of transitions	[6]number of transversions	[7]number of indels	[8]repeat-consistent	[9]repeat-inconsistent	[10]not applicable
SiS	0	1	0	0	0	0	0	0	0
# AF, Stats by non-reference allele frequency:
# AF	[2]id	[3]allele frequency	[4]number of SNPs	[5]number of transitions	[6]number of transversions	[7]number of indels	[8]repeat-consistent	[9]repeat-inconsistent	[10]not applicable
AF	0	0.000312	2888	1971	917	0	0	0	0
AF	0	0.000625	1655	1139	516	0	0	0	0
AF	0	0.000937	1883	1243	640	0	0	0	0
AF	0	0.001249	609	405	204	0	0	0	0
AF	0	0.001562	961	639	322	0	0	0	0
AF	0	0.001874	409	270	139	0	0	0	0
AF	0	0.002186	688	459	229	0	0	0	0
AF	0	0.002498	243	169	74	0	0	0	0
AF	0	0.002811	489	326	163	0	0	0	0
AF	0	0.003123	224	162	62	0	0	0	0
AF	0	0.003435	360	240	120	0	0	0	0
AF	0	0.003748	160	121	39	0	0	0	0
AF	0	0.004060	313	211	102	0	0	0	0
AF	0	0.004372	139	89	50	0	0	0	0
AF	0	0.004685	233	157	76	0	0	0	0
AF	0	0.004997	79	50	29	0	0	0	0
AF	0	0.005309	149	97	52	0	0	0	0
AF	0	0.005621	72	36	36	0	0	0	0
AF	0	0.005934	258	168	90	0	0	0	0
AF	0	0.006246	66	47	19	0	0	0	0
AF	0	0.006558	138	92	46	0	0	0	0
AF	0	0.006871	72	52	20	0	0	0	0
AF	0	0.007183	109	79	30	0	0	0	0
AF	0	0.007495	62	43	19	0	0	0	0
AF	0	0.007808	80	48	32	0	0	0	0
AF	0	0.008120	133	96	37	0	0	0	0
AF	0	0.008432	118	82	36	0	0	0	0
AF	0	0.008745	62	41	21	0	0	0	0
AF	0	0.009057	110	71	39	0	0	0	0
AF	0	0.009369	31	20	11	0	0	0	0
AF	0	0.009681	113	82	31	0	0	0	0
AF	0	0.009994	48	28	20	0	0	0	0
AF	0	0.010306	84	59	25	0	0	0	0
AF	0	0.010618	40	20	20	0	0	0	0
AF	0	0.010931	78	53	25	0	0	0	0
AF	0	0.011243	26	16	10	0	0	0	0
AF	0	0.011555	70	42	28	0	0	0	0
AF	0	0.011868	20	14	6	0	0	0	0
AF	0	0.012180	56	45	11	0	0	0	0
AF	0	0.012492	21	12	9	0	0	0	0
AF	0	0.012804	106	68	38	0	0	0	0
AF	0	0.013117	30	19	11	0	0	0	0
AF	0	0.013429	55	36	19	0	0	0	0
AF	0	0.013741	18	12	6	0	0	0	0
AF	0	0.014054	40	22	18	0	0	0	0
AF	0	0.014366	23	17	6	0	0	0	0
AF	0	0.014678	27	14	13	0	0	0	0
AF	0	0.014991	27	18	9	0	0	0	0
AF	0	0.015303	48	32	16	0	0	0	0
AF	0	0.015615	11	10	1	0	0	0	0
AF	0	0.015928	37	18	19	0	0	0	0
AF	0	0.016240	40	30	10	0	0	0	0
AF	0	0.016552	50	35	15	0	0	0	0
AF	0	0.016864	12	11	1	0	0	0	0
AF	0	0.017177	40	28	12	0	0	0	0
AF	0	0.017489	13	10	3	0	0	0	0
AF	0	0.017801	58	35	23	0	0	0	0
AF	0	0.018114	12	5	7	0	0	0	0
AF	0	0.018426	49	33	16	0	0	0	0
AF	0	0.018738	13	8	5	0	0	0	0
AF	0	0.019051	22	15	7	0	0	0	0
AF	0	0.019363	15	9	6	0	0	0	0
AF	0	0.019675	28	20	8	0	0	0	0
AF	0	0.019988	13	10	3	0	0	0	0
AF	0	0.020300	29	20	9	0	0	0	0
AF	0	0.020612	9	4	5	0	0	0	0
AF	0	0.020924	24	13	11	0	0	0	0
AF	0	0.021237	8	7	1	0	0	0	0
AF	0	0.021549	27	15	12	0	0	0	0
AF	0	0.021861	14	10	4	0	0	0	0
AF	0	0.022174	36	27	9	0	0	0	0
AF	0	0.022486	13	7	6	0	0	0	0
AF	0	0.022798	33	22	11	0	0	0	0
AF	0	0.023111	21	17	4	0	0	0	0
AF	0	0.023423	48	35	13	0	0	0	0
AF	0	0.023735	10	5	5	0	0	0	0
AF	0	0.024047	23	18	5	0	0	0	0
AF	0	0.024360	36	21	15	0	0	0	0
AF	0	0.024672	29	17	12	0	0	0	0
AF	0	0.024984	9	4	5	0	0	0	0
AF	0	0.025297	17	9	8	0	0	0	0
AF	0	0.025609	33	25	8	0	0	0	0
AF	0	0.025921	24	17	7	0	0	0	0
AF	0	0.026234	13	4	9	0	0	0	0
AF	0	0.026546	35	23	12	0	0	0	0
AF	0	0.026858	8	4	4	0	0	0	0
AF	0	0.027171	21	6	15	0	0	0	0
AF	0	0.027483	17	12	5	0	0	0	0
AF	0	0.027795	33	19	14	0	0	0	0
AF	0	0.028107	10	9	1	0	0	0	0
AF	0	0.028420	21	15	6	0	0	0	0
AF	0	0.028732	16	11	5	0	0	0	0
AF	0	0.029044	20	12	8	0	0	0	0
AF	0	0.029357	25	16	9	0	0	0	0
AF	0	0.029669	15	9	6	0	0	0	0
AF	0	0.029981	7	4	3	0	0	0	0
AF	0	0.030294	20	8	12	0	0	0	0
AF	0	0.030606	5	5	0	0	0	0	0
AF	0	0.030918	13	10	3	0	0	0	0
AF	0	0.031230	18	11	7	0	0	0	0
AF	0	0.031543	14	9	5	0	0	0	0
AF	0	0.031855	10	5	5	0	0	0	0
AF	0	0.032167	32	22	10	0	0	0	0
AF	0	0.032480	15	8	7	0	0	0	0
AF	0	0.032792	15	9	6	0	0	0	0
AF	0	0.033104	4	4	0	0	0	0	0
AF	0	0.033417	37	22	15	0	0	0	0
AF	0	0.033729	10	8	2	0	0	0	0
AF	0	0.034041	21	14	7	0	0	0	0
AF	0	0.034354	11	8	3	0	0	0	0
AF	0	0.034666	8	5	3	0	0	0	0
AF	0	0.034978	4	4	0	0	0	0	0
AF	0	0.035290	23	19	4	0	0	0	0
AF	0	0.035603	4	2	2	0	0	0	0
AF	0	0.035915	4	3	1	0	0	0	0
AF	0	0.036227	2	2	0	0	0	0	0
AF	0	0.036540	5	3	2	0	0	0	0
AF	0	0.036852	6	4	2	0	0	0	0
AF	0	0.037164	5	5	0	0	0	0	0
AF	0	0.037477	2	2	0	0	0	0	0
AF	0	0.037789	15	9	6	0	0	0	0
AF	0	0.038101	4	2	2	0	0	0	0
AF	0	0.038413	8	7	1	0	0	0	0
AF	0	0.038726	4	3	1	0	0	0	0
AF	0	0.039038	4	3	1	0	0	0	0
AF	0	0.039350	5	1	4	0	0	0	0
AF	0	0.039663	10	9	1	0	0	0	0
AF	0	0.039975	3	2	1	0	0	0	0
AF	0	0.040287	11	7	4	0	0	0	0
AF	0	0.040600	2	2	0	0	0	0	0
AF	0	0.040912	9	6	3	0	0	0	0
AF	0	0.041224	4	2	2	0	0	0	0
AF	0	0.041537	4	2	2	0	0	0	0
AF	0	0.041849	3	2	1	0	0	0	0
AF	0	0.042161	4	3	1	0	0	0	0
AF	0	0.042473	1	1	0	0	0	0	0
AF	0	0.042786	8	6	2	0	0	0	0
AF	0	0.043098	7	4	3	0	0	0	0
AF	0	0.043410	7	7	0	0	0	0	0
AF	0	0.043723	2	2	0	0	0	0	0
AF	0	0.044035	10	4	6	0	0	0	0
AF	0	0.044347	6	5	1	0	0	0	0
AF	0	0.044660	12	10	2	0	0	0	0
AF	0	0.044972	4	2	2	0	0	0	0
AF	0	0.045284	24	20	4	0	0	0	0
AF	0	0.045597	7	4	3	0	0	0	0
AF	0	0.045909	5	3	2	0	0	0	0
AF	0	0.046221	5	5	0	0	0	0	0
AF	0	0.046533	5	5	0	0	0	0	0
AF	0	0.047158	4	4	0	0	0	0	0
AF	0	0.047470	5	5	0	0	0	0	0
AF	0	0.047783	3	2	1	0	0	0	0
AF	0	0.048095	4	4	0	0	0	0	0
AF	0	0.048407	4	2	2	0	0	0	0
AF	0	0.048720	5	5	0	0	0	0	0
AF	0	0.049032	10	8	2	0	0	0	0
AF	0	0.049344	5	5	0	0	0	0	0
AF	0	0.049656	2	2	0	0	0	0	0
AF	0	0.049969	1	1	0	0	0	0	0
AF	0	0.050281	9	3	6	0	0	0	0
AF	0	0.050593	2	0	2	0	0	0	0
AF	0	0.050906	4	2	2	0	0	0	0
AF	0	0.051218	1	1	0	0	0	0	0
AF	0	0.051530	11	9	2	0	0	0	0
AF	0	0.051843	7	4	3	0	0	0	0
AF	0	0.052155	8	6	2	0	0	0	0
AF	0	0.052467	1	0	1	0	0	0	0
AF	0	0.052780	12	9	3	0	0	0	0
AF	0	0.053092	4	3	1	0	0	0	0
AF	0	0.053404	4	4	0	0	0	0	0
AF	0	0.053716	3	1	2	0	0	0	0
AF	0	0.054029	3	1	2	0	0	0	0
AF	0	0.054341	2	1	1	0	0	0	0
AF	0	0.054653	7	4	3	0	0	0	0
AF	0	0.054966	2	1	1	0	0	0	0
AF	0	0.055278	5	3	2	0	0	0	0
AF	0	0.055590	1	1	0	0	0	0	0
AF	0	0.055903	7	4	3	0	0	0	0
AF	0	0.056215	5	4	1	0	0	0	0
AF	0	0.056527	8	4	4	0	0	0	0
AF	0	0.056839	4	1	3	0	0	0	0
AF	0	0.057152	4	1	3	0	0	0	0
AF	0	0.057464	1	0	1	0	0	0	0
AF	0	0.057776	8	6	2	0	0	0	0
AF	0	0.058401	7	4	3	0	0	0	0
AF	0	0.059026	6	3	3	0	0	0	0
AF	0	0.059650	14	6	8	0	0	0	0
AF	0	0.059963	3	3	0	0	0	0	0
AF	0	0.060275	8	4	4	0	0	0	0
AF	0	0.060587	2	2	0	0	0	0	0
AF	0	0.060899	9	7	2	0	0	0	0
AF	0	0.061524	3	1	2	0	0	0	0
AF	0	0.061836	3	1	2	0	0	0	0
AF	0	0.062149	6	4	2	0	0	0	0
AF	0	0.062461	3	2	1	0	0	0	0
AF	0	0.062773	10	10	0	0	0	0	0
AF	0	0.063086	4	4	0	0	0	0	0
AF	0	0.063398	11	6	5	0	0	0	0
AF	0	0.063710	1	1	0	0	0	0	0
AF	0	0.064022	6	3	3	0	0	0	0
AF	0	0.064335	2	1	1	0	0	0	0
AF	0	0.064647	1	0	1	0	0	0	0
AF	0	0.064959	1	1	0	0	0	0	0
AF	0	0.065272	1	1	0	0	0	0	0
AF	0	0.065584	2	1	1	0	0	0	0
AF	0	0.065896	5	2	3	0	0	0	0
AF	0	0.066521	3	1	2	0	0	0	0
AF	0	0.066833	1	1	0	0	0	0	0
AF	0	0.067146	1	1	0	0	0	0	0
AF	0	0.067770	6	3	3	0	0	0	0
AF	0	0.068082	8	3	5	0	0	0	0
AF	0	0.068395	17	10	7	0	0	0	0
AF	0	0.068707	9	5	4	0	0	0	0
AF	0	0.069019	9	4	5	0	0	0	0
AF	0	0.069332	4	4	0	0	0	0	0
AF	0	0.069644	8	6	2	0	0	0	0
AF	0	0.069956	2	2	0	0	0	0	0
AF	0	0.070269	3	1	2	0	0	0	0
AF	0	0.070581	4	4	0	0	0	0	0
AF	0	0.070893	3	2	1	0	0	0	0
AF	0	0.071205	2	1	1	0	0	0	0
AF	0	0.071518	2	1	1	0	0	0	0
AF	0	0.071830	3	2	1	0	0	0	0
AF	0	0.072142	3	1	2	0	0	0	0
AF	0	0.072455	4	1	3	0	0	0	0
AF	0	0.072767	3	2	1	0	0	0	0
AF	0	0.073392	3	3	0	0	0	0	0
AF	0	0.074016	5	2	3	0	0	0	0
AF	0	0.074329	4	2	2	0	0	0	0
AF	0	0.074641	1	1	0	0	0	0	0
AF	0	0.074953	3	1	2	0	0	0	0
AF	0	0.075578	1	0	1	0	0	0	0
AF	0	0.075890	17	14	3	0	0	0	0
AF	0	0.076202	5	3	2	0	0	0	0
AF	0	0.076515	23	12	11	0	0	0	0
AF	0	0.076827	2	1	1	0	0	0	0
AF	0	0.077139	2	0	2	0	0	0	0
AF	0	0.077452	2	0	2	0	0	0	0
AF	0	0.077764	1	0	1	0	0	0	0
AF	0	0.078389	1	0	1	0	0	0	0
AF	0	0.078701	2	1	1	0	0	0	0
AF	0	0.079013	4	1	3	0	0	0	0
AF	0	0.079325	2	2	0	0	0	0	0
AF	0	0.079638	8	4	4	0	0	0	0
AF	0	0.079950	1	1	0	0	0	0	0
AF	0	0.080262	2	1	1	0	0	0	0
AF	0	0.080575	1	0	1	0	0	0	0
AF	0	0.080887	3	3	0	0	0	0	0
AF	0	0.081199	2	1	1	0	0	0	0
AF	0	0.081512	4	3	1	0	0	0	0
AF	0	0.081824	3	2	1	0	0	0	0
AF	0	0.082136	3	2	1	0	0	0	0
AF	0	0.082448	4	4	0	0	0	0	0
AF	0	0.082761	4	4	0	0	0	0	0
AF	0	0.083073	4	0	4	0	0	0	0
AF	0	0.083385	4	2	2	0	0	0	0
AF	0	0.083698	3	1	2	0	0	0	0
AF	0	0.084010	11	8	3	0	0	0	0
AF	0	0.084322	25	15	10	0	0	0	0
AF	0	0.084635	23	12	11	0	0	0	0
AF	0	0.084947	4	3	1	0	0	0	0
AF	0	0.085259	4	3	1	0	0	0	0
AF	0	0.085572	2	1	1	0	0	0	0
AF	0	0.085884	12	9	3	0	0	0	0
AF	0	0.086196	3	2	1	0	0	0	0
AF	0	0.086508	8	4	4	0	0	0	0
AF	0	0.086821	2	1	1	0	0	0	0
AF	0	0.087133	14	6	8	0	0	0	0
AF	0	0.087445	4	2	2	0	0	0	0
AF	0	0.087758	3	1	2	0	0	0	0
AF	0	0.088382	2	2	0	0	0	0	0
AF	0	0.088695	1	0	1	0	0	0	0
AF	0	0.089007	4	3	1	0	0	0	0
AF	0	0.089319	8	6	2	0	0	0	0
AF	0	0.089631	7	6	1	0	0	0	0
AF	0	0.089944	3	0	3	0	0	0	0
AF	0	0.090256	3	1	2	0	0	0	0
AF	0	0.090568	2	1	1	0	0	0	0
AF	0	0.090881	2	2	0	0	0	0	0
AF	0	0.091193	1	0	1	0	0	0	0
AF	0	0.091818	1	1	0	0	0	0	0
AF	0	0.092442	2	1	1	0	0	0	0
AF	0	0.092755	4	3	1	0	0	0	0
AF	0	0.093379	3	0	3	0	0	0	0
AF	0	0.093691	4	2	2	0	0	0	0
AF	0	0.094004	9	6	3	0	0	0	0
AF	0	0.094316	5	1	4	0	0	0	0
AF	0	0.094628	2	2	0	0	0	0	0
AF	0	0.094941	1	1	0	0	0	0	0
AF	0	0.095253	7	5	2	0	0	0	0
AF	0	0.095565	4	3	1	0	0	0	0
AF	0	0.096502	1	1	0	0	0	0	0
AF	0	0.096814	1	1	0	0	0	0	0
AF	0	0.097127	2	2	0	0	0	0	0
AF	0	0.097439	2	1	1	0	0	0	0
AF	0	0.097751	5	4	1	0	0	0	0
AF	0	0.098064	3	2	1	0	0	0	0
AF	0	0.098376	2	1	1	0	0	0	0
AF	0	0.099001	11	9	2	0	0	0	0
AF	0	0.099313	12	6	6	0	0	0	0
AF	0	0.099625	13	10	3	0	0	0	0
AF	0	0.099938	1	1	0	0	0	0	0
AF	0	0.100250	5	5	0	0	0	0	0
AF	0	0.100562	3	2	1	0	0	0	0
AF	0	0.100874	2	1	1	0	0	0	0
AF	0	0.101499	5	3	2	0	0	0	0
AF	0	0.101811	4	4	0	0	0	0	0
AF	0	0.102124	4	2	2	0	0	0	0
AF	0	0.102748	4	2	2	0	0	0	0
AF	0	0.103061	2	2	0	0	0	0	0
AF	0	0.103373	2	1	1	0	0	0	0
AF	0	0.103685	2	2	0	0	0	0	0
AF	0	0.103998	5	4	1	0	0	0	0
AF	0	0.104310	3	2	1	0	0	0	0
AF	0	0.104622	3	1	2	0	0	0	0
AF	0	0.105247	5	4	1	0	0	0	0
AF	0	0.105559	4	3	1	0	0	0	0
AF	0	0.105871	10	7	3	0	0	0	0
AF	0	0.106184	7	6	1	0	0	0	0
AF	0	0.106496	12	9	3	0	0	0	0
AF	0	0.106808	2	2	0	0	0	0	0
AF	0	0.107121	6	5	1	0	0	0	0
AF	0	0.107433	2	0	2	0	0	0	0
AF	0	0.107745	3	3	0	0	0	0	0
AF	0	0.108057	2	2	0	0	0	0	0
AF	0	0.108370	6	4	2	0	0	0	0
AF	0	0.108682	2	2	0	0	0	0	0
AF	0	0.108994	6	5	1	0	0	0	0
AF	0	0.109619	9	6	3	0	0	0	0
AF	0	0.109931	3	1	2	0	0	0	0
AF	0	0.110244	4	1	3	0	0	0	0
AF	0	0.110868	9	8	1	0	0	0	0
AF	0	0.111181	5	2	3	0	0	0	0
AF	0	0.111805	6	5	1	0	0	0	0
AF	0	0.112117	7	7	0	0	0	0	0
AF	0	0.112430	5	3	2	0	0	0	0
AF	0	0.112742	1	1	0	0	0	0	0
AF	0	0.113054	2	2	0	0	0	0	0
AF	0	0.113679	2	1	1	0	0	0	0
AF	0	0.113991	2	1	1	0	0	0	0
AF	0	0.114304	4	1	3	0	0	0	0
AF	0	0.114616	1	1	0	0	0	0	0
AF	0	0.114928	2	2	0	0	0	0	0
AF	0	0.115553	6	4	2	0	0	0	0
AF	0	0.115865	2	2	0	0	0	0	0
AF	0	0.116177	3	3	0	0	0	0	0
AF	0	0.116490	3	3	0	0	0	0	0
AF	0	0.116802	21	16	5	0	0	0	0
AF	0	0.117114	7	2	5	0	0	0	0
AF	0	0.117427	3	2	1	0	0	0	0
AF	0	0.117739	2	1	1	0	0	0	0
AF	0	0.118051	2	2	0	0	0	0	0
AF	0	0.118364	2	0	2	0	0	0	0
AF	0	0.118676	6	5	1	0	0	0	0
AF	0	0.118988	1	0	1	0	0	0	0
AF	0	0.119300	7	5	2	0	0	0	0
AF	0	0.119613	3	1	2	0	0	0	0
AF	0	0.119925	3	2	1	0	0	0	0
AF	0	0.120237	1	1	0	0	0	0	0
AF	0	0.120550	3	2	1	0	0	0	0
AF	0	0.120862	1	0	1	0	0	0	0
AF	0	0.121174	1	1	0	0	0	0	0
AF	0	0.121487	1	0	1	0	0	0	0
AF	0	0.121799	4	2	2	0	0	0	0
AF	0	0.122423	1	0	1	0	0	0	0
AF	0	0.122736	1	0	1	0	0	0	0
AF	0	0.123048	3	2	1	0	0	0	0
AF	0	0.123360	1	1	0	0	0	0	0
AF	0	0.123673	4	3	1	0	0	0	0
AF	0	0.124297	5	3	2	0	0	0	0
AF	0	0.124610	3	1	2	0	0	0	0
AF	0	0.124922	2	2	0	0	0	0	0
AF	0	0.125234	6	4	2	0	0	0	0
AF	0	0.125547	5	5	0	0	0	0	0
AF	0	0.126171	2	2	0	0	0	0	0
AF	0	0.126483	1	0	1	0	0	0	0
AF	0	0.126796	6	4	2	0	0	0	0
AF	0	0.127108	2	1	1	0	0	0	0
AF	0	0.128045	1	0	1	0	0	0	0
AF	0	0.128357	1	1	0	0	0	0	0
AF	0	0.128670	1	1	0	0	0	0	0
AF	0	0.128982	2	1	1	0	0	0	0
AF	0	0.129294	4	4	0	0	0	0	0
AF	0	0.129606	1	1	0	0	0	0	0
AF	0	0.129919	8	6	2	0	0	0	0
AF	0	0.130231	4	2	2	0	0	0	0
AF	0	0.130543	3	3	0	0	0	0	0
AF	0	0.130856	4	3	1	0	0	0	0
AF	0	0.131168	11	6	5	0	0	0	0
AF	0	0.131480	3	2	1	0	0	0	0
AF	0	0.131793	14	10	4	0	0	0	0
AF	0	0.132105	2	0	2	0	0	0	0
AF	0	0.132417	4	1	3	0	0	0	0
AF	0	0.132730	1	1	0	0	0	0	0
AF	0	0.133354	1	1	0	0	0	0	0
AF	0	0.134291	1	0	1	0	0	0	0
AF	0	0.134916	4	1	3	0	0	0	0
AF	0	0.135540	3	2	1	0	0	0	0
AF	0	0.135853	2	2	0	0	0	0	0
AF	0	0.136165	4	4	0	0	0	0	0
AF	0	0.136790	3	2	1	0	0	0	0
AF	0	0.137102	1	1	0	0	0	0	0
AF	0	0.137414	4	2	2	0	0	0	0
AF	0	0.137726	2	1	1	0	0	0	0
AF	0	0.138039	2	1	1	0	0	0	0
AF	0	0.138351	2	1	1	0	0	0	0
AF	0	0.138663	1	1	0	0	0	0	0
AF	0	0.138976	1	1	0	0	0	0	0
AF	0	0.139288	5	4	1	0	0	0	0
AF	0	0.139913	1	1	0	0	0	0	0
AF	0	0.140225	1	1	0	0	0	0	0
AF	0	0.140537	3	1	2	0	0	0	0
AF	0	0.140849	1	1	0	0	0	0	0
AF	0	0.141162	2	1	1	0	0	0	0
AF	0	0.141786	3	2	1	0	0	0	0
AF	0	0.142411	1	0	1	0	0	0	0
AF	0	0.142723	2	1	1	0	0	0	0
AF	0	0.143036	5	5	0	0	0	0	0
AF	0	0.143348	2	2	0	0	0	0	0
AF	0	0.143660	1	1	0	0	0	0	0
AF	0	0.143973	3	2	1	0	0	0	0
AF	0	0.144285	4	3	1	0	0	0	0
AF	0	0.144597	1	0	1	0	0	0	0
AF	0	0.144909	9	4	5	0	0	0	0
AF	0	0.145222	3	1	2	0	0	0	0
AF	0	0.145534	5	2	3	0	0	0	0
AF	0	0.146159	2	2	0	0	0	0	0
AF	0	0.146471	3	2	1	0	0	0	0
AF	0	0.146783	4	3	1	0	0	0	0
AF	0	0.147096	3	0	3	0	0	0	0
AF	0	0.147408	7	7	0	0	0	0	0
AF	0	0.147720	3	2	1	0	0	0	0
AF	0	0.148032	1	1	0	0	0	0	0
AF	0	0.148345	3	3	0	0	0	0	0
AF	0	0.148657	6	5	1	0	0	0	0
AF	0	0.149282	1	0	1	0	0	0	0
AF	0	0.149594	2	1	1	0	0	0	0
AF	0	0.149906	1	1	0	0	0	0	0
AF	0	0.150531	2	2	0	0	0	0	0
AF	0	0.151156	2	2	0	0	0	0	0
AF	0	0.151468	1	0	1	0	0	0	0
AF	0	0.151780	5	4	1	0	0	0	0
AF	0	0.152092	1	1	0	0	0	0	0
AF	0	0.152405	12	6	6	0	0	0	0
AF	0	0.152717	5	5	0	0	0	0	0
AF	0	0.153029	4	4	0	0	0	0	0
AF	0	0.153342	3	1	2	0	0	0	0
AF	0	0.153654	4	3	1	0	0	0	0
AF	0	0.153966	3	2	1	0	0	0	0
AF	0	0.154279	2	1	1	0	0	0	0
AF	0	0.154591	2	2	0	0	0	0	0
AF	0	0.154903	5	4	1	0	0	0	0
AF	0	0.155528	3	3	0	0	0	0	0
AF	0	0.156152	5	4	1	0	0	0	0
AF	0	0.156465	3	3	0	0	0	0	0
AF	0	0.156777	2	2	0	0	0	0	0
AF	0	0.157089	4	3	1	0	0	0	0
AF	0	0.157402	14	8	6	0	0	0	0
AF	0	0.157714	1	1	0	0	0	0	0
AF	0	0.158026	1	1	0	0	0	0	0
AF	0	0.158651	4	3	1	0	0	0	0
AF	0	0.158963	1	0	1	0	0	0	0
AF	0	0.159275	2	1	1	0	0	0	0
AF	0	0.159588	1	1	0	0	0	0	0
AF	0	0.159900	4	1	3	0	0	0	0
AF	0	0.160525	2	1	1	0	0	0	0
AF	0	0.160837	2	1	1	0	0	0	0
AF	0	0.161149	2	1	1	0	0	0	0
AF	0	0.161462	1	1	0	0	0	0	0
AF	0	0.162399	5	4	1	0	0	0	0
AF	0	0.162711	1	0	1	0	0	0	0
AF	0	0.163023	6	5	1	0	0	0	0
AF	0	0.163335	6	3	3	0	0	0	0
AF	0	0.163648	5	1	4	0	0	0	0
AF	0	0.164272	2	2	0	0	0	0	0
AF	0	0.164585	2	2	0	0	0	0	0
AF	0	0.164897	8	5	3	0	0	0	0
AF	0	0.165209	8	5	3	0	0	0	0
AF	0	0.165522	14	9	5	0	0	0	0
AF	0	0.165834	5	4	1	0	0	0	0
AF	0	0.166146	8	3	5	0	0	0	0
AF	0	0.166458	2	1	1	0	0	0	0
AF	0	0.166771	3	1	2	0	0	0	0
AF	0	0.167083	2	1	1	0	0	0	0
AF	0	0.167395	1	1	0	0	0	0	0
AF	0	0.167708	1	1	0	0	0	0	0
AF	0	0.168020	1	1	0	0	0	0	0
AF	0	0.168645	1	1	0	0	0	0	0
AF	0	0.168957	1	1	0	0	0	0	0
AF	0	0.169269	3	2	1	0	0	0	0
AF	0	0.169894	3	3	0	0	0	0	0
AF	0	0.170518	2	2	0	0	0	0	0
AF	0	0.171143	5	1	4	0	0	0	0
AF	0	0.171455	4	4	0	0	0	0	0
AF	0	0.171768	20	13	7	0	0	0	0
AF	0	0.172080	8	4	4	0	0	0	0
AF	0	0.172392	7	3	4	0	0	0	0
AF	0	0.172705	3	3	0	0	0	0	0
AF	0	0.173017	4	2	2	0	0	0	0
AF	0	0.173329	5	2	3	0	0	0	0
AF	0	0.173641	15	12	3	0	0	0	0
AF	0	0.173954	3	3	0	0	0	0	0
AF	0	0.174266	9	6	3	0	0	0	0
AF	0	0.174578	14	12	2	0	0	0	0
AF	0	0.174891	9	7	2	0	0	0	0
AF	0	0.175203	1	1	0	0	0	0	0
AF	0	0.175515	2	1	1	0	0	0	0
AF	0	0.176140	3	1	2	0	0	0	0
AF	0	0.176452	1	1	0	0	0	0	0
AF	0	0.176765	2	1	1	0	0	0	0
AF	0	0.177077	2	2	0	0	0	0	0
AF	0	0.177389	4	3	1	0	0	0	0
AF	0	0.177701	2	1	1	0	0	0	0
AF	0	0.178014	4	0	4	0	0	0	0
AF	0	0.178638	2	1	1	0	0	0	0
AF	0	0.178951	1	0	1	0	0	0	0
AF	0	0.179263	4	4	0	0	0	0	0
AF	0	0.179888	2	2	0	0	0	0	0
AF	0	0.180824	2	1	1	0	0	0	0
AF	0	0.181137	5	3	2	0	0	0	0
AF	0	0.181449	1	0	1	0	0	0	0
AF	0	0.181761	1	1	0	0	0	0	0
AF	0	0.182074	3	0	3	0	0	0	0
AF	0	0.182386	1	0	1	0	0	0	0
AF	0	0.182698	2	1	1	0	0	0	0
AF	0	0.183011	3	0	3	0	0	0	0
AF	0	0.183323	1	1	0	0	0	0	0
AF	0	0.183635	5	3	2	0	0	0	0
AF	0	0.184260	1	0	1	0	0	0	0
AF	0	0.184572	1	0	1	0	0	0	0
AF	0	0.184884	2	2	0	0	0	0	0
AF	0	0.185509	2	0	2	0	0	0	0
AF	0	0.185821	1	1	0	0	0	0	0
AF	0	0.186134	1	0	1	0	0	0	0
AF	0	0.186758	1	1	0	0	0	0	0
AF	0	0.187071	1	0	1	0	0	0	0
AF	0	0.187383	3	1	2	0	0	0	0
AF	0	0.188320	3	3	0	0	0	0	0
AF	0	0.188632	2	2	0	0	0	0	0
AF	0	0.189257	5	3	2	0	0	0	0
AF	0	0.189569	4	2	2	0	0	0	0
AF	0	0.189881	4	2	2	0	0	0	0
AF	0	0.190194	2	2	0	0	0	0	0
AF	0	0.190818	1	0	1	0	0	0	0
AF	0	0.191131	2	2	0	0	0	0	0
AF	0	0.191443	1	1	0	0	0	0	0
AF	0	0.191755	2	2	0	0	0	0	0
AF	0	0.192067	1	0	1	0	0	0	0
AF	0	0.192380	1	1	0	0	0	0	0
AF	0	0.192692	1	0	1	0	0	0	0
AF	0	0.193004	6	6	0	0	0	0	0
AF	0	0.193317	1	0	1	0	0	0	0
AF	0	0.193629	1	1	0	0	0	0	0
AF	0	0.194254	3	2	1	0	0	0	0
AF	0	0.194566	1	1	0	0	0	0	0
AF	0	0.194878	2	2	0	0	0	0	0
AF	0	0.195191	3	3	0	0	0	0	0
AF	0	0.195503	2	2	0	0	0	0	0
AF	0	0.196127	3	2	1	0	0	0	0
AF	0	0.196440	3	2	1	0	0	0	0
AF	0	0.196752	2	2	0	0	0	0	0
AF	0	0.197064	2	1	1	0	0	0	0
AF	0	0.197377	4	3	1	0	0	0	0
AF	0	0.197689	2	1	1	0	0	0	0
AF	0	0.198001	3	2	1	0	0	0	0
AF	0	0.198314	2	2	0	0	0	0	0
AF	0	0.198938	1	0	1	0	0	0	0
AF	0	0.199250	3	1	2	0	0	0	0
AF	0	0.199875	3	1	2	0	0	0	0
AF	0	0.200187	2	2	0	0	0	0	0
AF	0	0.201124	1	0	1	0	0	0	0
AF	0	0.201749	3	2	1	0	0	0	0
AF	0	0.203623	1	0	1	0	0	0	0
AF	0	0.204872	2	1	1	0	0	0	0
AF	0	0.205184	2	2	0	0	0	0	0
AF	0	0.205497	2	1	1	0	0	0	0
AF	0	0.206121	2	2	0	0	0	0	0
AF	0	0.206746	2	1	1	0	0	0	0
AF	0	0.207370	1	1	0	0	0	0	0
AF	0	0.207995	1	1	0	0	0	0	0
AF	0	0.208620	2	2	0	0	0	0	0
AF	0	0.209244	1	0	1	0	0	0	0
AF	0	0.209557	1	0	1	0	0	0	0
AF	0	0.209869	2	1	1	0	0	0	0
AF	0	0.210181	1	0	1	0	0	0	0
AF	0	0.210493	1	1	0	0	0	0	0
AF	0	0.211118	1	1	0	0	0	0	0
AF	0	0.211430	1	1	0	0	0	0	0
AF	0	0.211743	3	2	1	0	0	0	0
AF	0	0.212055	1	1	0	0	0	0	0
AF	0	0.212367	2	2	0	0	0	0	0
AF	0	0.212680	1	1	0	0	0	0	0
AF	0	0.212992	5	4	1	0	0	0	0
AF	0	0.213304	3	2	1	0	0	0	0
AF	0	0.213616	8	6	2	0	0	0	0
AF	0	0.213929	5	5	0	0	0	0	0
AF	0	0.214241	4	4	0	0	0	0	0
AF	0	0.214553	2	2	0	0	0	0	0
AF	0	0.214866	1	0	1	0	0	0	0
AF	0	0.215178	1	0	1	0	0	0	0
AF	0	0.215490	6	5	1	0	0	0	0
AF	0	0.215803	7	2	5	0	0	0	0
AF	0	0.216115	12	7	5	0	0	0	0
AF	0	0.216740	4	3	1	0	0	0	0
AF	0	0.217364	4	3	1	0	0	0	0
AF	0	0.217676	1	1	0	0	0	0	0
AF	0	0.217989	2	2	0	0	0	0	0
AF	0	0.218613	2	1	1	0	0	0	0
AF	0	0.219238	3	2	1	0	0	0	0
AF	0	0.219550	1	0	1	0	0	0	0
AF	0	0.219863	4	3	1	0	0	0	0
AF	0	0.220175	2	2	0	0	0	0	0
AF	0	0.220487	5	5	0	0	0	0	0
AF	0	0.221112	1	1	0	0	0	0	0
AF	0	0.221424	1	1	0	0	0	0	0
AF	0	0.221736	1	0	1	0	0	0	0
AF	0	0.222361	1	1	0	0	0	0	0
AF	0	0.222673	2	1	1	0	0	0	0
AF	0	0.222986	1	1	0	0	0	0	0
AF	0	0.223298	1	0	1	0	0	0	0
AF	0	0.223923	4	1	3	0	0	0	0
AF	0	0.224235	1	0	1	0	0	0	0
AF	0	0.224547	3	1	2	0	0	0	0
AF	0	0.224859	1	1	0	0	0	0	0
AF	0	0.225172	1	1	0	0	0	0	0
AF	0	0.225484	2	1	1	0	0	0	0
AF	0	0.226109	1	1	0	0	0	0	0
AF	0	0.226421	1	1	0	0	0	0	0
AF	0	0.227046	2	1	1	0	0	0	0
AF	0	0.227358	3	2	1	0	0	0	0
AF	0	0.227670	5	3	2	0	0	0	0
AF	0	0.227983	1	1	0	0	0	0	0
AF	0	0.228295	6	1	5	0	0	0	0
AF	0	0.229232	1	0	1	0	0	0	0
AF	0	0.229544	1	1	0	0	0	0	0
AF	0	0.229856	2	1	1	0	0	0	0
AF	0	0.230481	1	1	0	0	0	0	0
AF	0	0.230793	3	1	2	0	0	0	0
AF	0	0.231418	1	1	0	0	0	0	0
AF	0	0.231730	1	1	0	0	0	0	0
AF	0	0.232042	1	1	0	0	0	0	0
AF	0	0.232355	2	2	0	0	0	0	0
AF	0	0.232667	1	1	0	0	0	0	0
AF	0	0.232979	1	1	0	0	0	0	0
AF	0	0.233292	1	1	0	0	0	0	0
AF	0	0.233916	3	1	2	0	0	0	0
AF	0	0.234229	1	1	0	0	0	0	0
AF	0	0.234541	3	3	0	0	0	0	0
AF	0	0.235166	2	1	1	0	0	0	0
AF	0	0.235478	1	1	0	0	0	0	0
AF	0	0.236102	4	4	0	0	0	0	0
AF	0	0.236415	4	3	1	0	0	0	0
AF	0	0.236727	1	1	0	0	0	0	0
AF	0	0.237039	2	1	1	0	0	0	0
AF	0	0.237664	1	0	1	0	0	0	0
AF	0	0.238289	3	3	0	0	0	0	0
AF	0	0.238601	1	1	0	0	0	0	0
AF	0	0.238913	3	3	0	0	0	0	0
AF	0	0.239225	1	1	0	0	0	0	0
AF	0	0.239538	12	5	7	0	0	0	0
AF	0	0.239850	2	1	1	0	0	0	0
AF	0	0.240162	3	2	1	0	0	0	0
AF	0	0.240475	2	2	0	0	0	0	0
AF	0	0.240787	1	1	0	0	0	0	0
AF	0	0.241099	2	2	0	0	0	0	0
AF	0	0.242036	1	0	1	0	0	0	0
AF	0	0.242973	4	4	0	0	0	0	0
AF	0	0.243285	3	2	1	0	0	0	0
AF	0	0.243598	1	0	1	0	0	0	0
AF	0	0.243910	3	3	0	0	0	0	0
AF	0	0.244222	1	0	1	0	0	0	0
AF	0	0.244535	3	2	1	0	0	0	0
AF	0	0.244847	4	2	2	0	0	0	0
AF	0	0.245159	2	0	2	0	0	0	0
AF	0	0.245472	3	2	1	0	0	0	0
AF	0	0.245784	11	5	6	0	0	0	0
AF	0	0.246408	4	3	1	0	0	0	0
AF	0	0.246721	2	2	0	0	0	0	0
AF	0	0.247033	5	3	2	0	0	0	0
AF	0	0.247345	4	3	1	0	0	0	0
AF	0	0.247658	11	5	6	0	0	0	0
AF	0	0.247970	3	2	1	0	0	0	0
AF	0	0.248282	2	1	1	0	0	0	0
AF	0	0.248595	2	0	2	0	0	0	0
AF	0	0.248907	2	2	0	0	0	0	0
AF	0	0.249532	3	3	0	0	0	0	0
AF	0	0.249844	3	2	1	0	0	0	0
AF	0	0.250156	15	9	6	0	0	0	0
AF	0	0.250468	2	1	1	0	0	0	0
AF	0	0.250781	10	8	2	0	0	0	0
AF	0	0.251093	8	2	6	0	0	0	0
AF	0	0.251405	22	16	6	0	0	0	0
AF	0	0.251718	8	5	3	0	0	0	0
AF	0	0.252030	3	1	2	0	0	0	0
AF	0	0.252342	1	1	0	0	0	0	0
AF	0	0.252655	8	4	4	0	0	0	0
AF	0	0.252967	2	1	1	0	0	0	0
AF	0	0.253279	5	4	1	0	0	0	0
AF	0	0.253904	2	1	1	0	0	0	0
AF	0	0.254216	2	1	1	0	0	0	0
AF	0	0.254528	5	4	1	0	0	0	0
AF	0	0.254841	1	1	0	0	0	0	0
AF	0	0.255153	4	4	0	0	0	0	0
AF	0	0.255465	1	1	0	0	0	0	0
AF	0	0.256402	2	2	0	0	0	0	0
AF	0	0.257651	3	1	2	0	0	0	0
AF	0	0.257964	1	0	1	0	0	0	0
AF	0	0.258276	2	2	0	0	0	0	0
AF	0	0.258588	2	1	1	0	0	0	0
AF	0	0.258901	7	6	1	0	0	0	0
AF	0	0.259213	5	4	1	0	0	0	0
AF	0	0.259525	4	1	3	0	0	0	0
AF	0	0.260150	3	1	2	0	0	0	0
AF	0	0.260462	2	1	1	0	0	0	0
AF	0	0.260775	2	1	1	0	0	0	0
AF	0	0.261087	1	1	0	0	0	0	0
AF	0	0.262024	2	1	1	0	0	0	0
AF	0	0.262648	3	1	2	0	0	0	0
AF	0	0.262961	13	5	8	0	0	0	0
AF	0	0.263273	37	25	12	0	0	0	0
AF	0	0.263585	4	2	2	0	0	0	0
AF	0	0.263898	2	0	2	0	0	0	0
AF	0	0.264210	2	2	0	0	0	0	0
AF	0	0.264522	4	3	1	0	0	0	0
AF	0	0.264834	1	1	0	0	0	0	0
AF	0	0.265147	2	2	0	0	0	0	0
AF	0	0.265459	2	0	2	0	0	0	0
AF	0	0.266084	1	0	1	0	0	0	0
AF	0	0.266396	1	1	0	0	0	0	0
AF	0	0.267021	3	1	2	0	0	0	0
AF	0	0.267333	9	8	1	0	0	0	0
AF	0	0.267645	6	4	2	0	0	0	0
AF	0	0.267958	3	2	1	0	0	0	0
AF	0	0.268270	3	3	0	0	0	0	0
AF	0	0.268582	2	1	1	0	0	0	0
AF	0	0.268894	9	6	3	0	0	0	0
AF	0	0.269207	3	3	0	0	0	0	0
AF	0	0.269519	6	5	1	0	0	0	0
AF	0	0.269831	1	1	0	0	0	0	0
AF	0	0.270144	2	2	0	0	0	0	0
AF	0	0.271081	1	0	1	0	0	0	0
AF	0	0.272017	5	4	1	0	0	0	0
AF	0	0.272330	4	3	1	0	0	0	0
AF	0	0.272642	2	1	1	0	0	0	0
AF	0	0.272954	1	1	0	0	0	0	0
AF	0	0.273579	5	4	1	0	0	0	0
AF	0	0.273891	2	1	1	0	0	0	0
AF	0	0.274204	2	0	2	0	0	0	0
AF	0	0.275141	1	0	1	0	0	0	0
AF	0	0.275453	2	2	0	0	0	0	0
AF	0	0.276077	1	0	1	0	0	0	0
AF	0	0.276390	2	1	1	0	0	0	0
AF	0	0.276702	1	1	0	0	0	0	0
AF	0	0.277327	1	1	0	0	0	0	0
AF	0	0.278264	4	4	0	0	0	0	0
AF	0	0.279200	1	1	0	0	0	0	0
AF	0	0.279513	2	1	1	0	0	0	0
AF	0	0.280137	1	1	0	0	0	0	0
AF	0	0.280762	1	1	0	0	0	0	0
AF	0	0.281074	1	1	0	0	0	0	0
AF	0	0.281387	4	4	0	0	0	0	0
AF	0	0.281699	3	1	2	0	0	0	0
AF	0	0.282011	3	2	1	0	0	0	0
AF	0	0.282636	2	2	0	0	0	0	0
AF	0	0.283260	4	3	1	0	0	0	0
AF	0	0.284510	1	1	0	0	0	0	0
AF	0	0.285134	1	0	1	0	0	0	0
AF	0	0.285759	2	2	0	0	0	0	0
AF	0	0.286384	1	1	0	0	0	0	0
AF	0	0.286696	2	2	0	0	0	0	0
AF	0	0.287008	1	0	1	0	0	0	0
AF	0	0.287320	1	1	0	0	0	0	0
AF	0	0.287633	1	1	0	0	0	0	0
AF	0	0.287945	1	1	0	0	0	0	0
AF	0	0.288257	1	0	1	0	0	0	0
AF	0	0.288570	1	0	1	0	0	0	0
AF	0	0.289194	2	2	0	0	0	0	0
AF	0	0.289507	5	4	1	0	0	0	0
AF	0	0.289819	1	1	0	0	0	0	0
AF	0	0.290131	1	1	0	0	0	0	0
AF	0	0.290756	2	2	0	0	0	0	0
AF	0	0.291380	3	3	0	0	0	0	0
AF	0	0.293254	1	0	1	0	0	0	0
AF	0	0.295440	1	0	1	0	0	0	0
AF	0	0.295753	2	2	0	0	0	0	0
AF	0	0.296377	6	4	2	0	0	0	0
AF	0	0.296690	2	0	2	0	0	0	0
AF	0	0.297314	2	1	1	0	0	0	0
AF	0	0.297626	3	1	2	0	0	0	0
AF	0	0.298251	1	1	0	0	0	0	0
AF	0	0.298876	2	2	0	0	0	0	0
AF	0	0.299188	1	0	1	0	0	0	0
AF	0	0.300125	1	1	0	0	0	0	0
AF	0	0.300750	1	1	0	0	0	0	0
AF	0	0.301374	1	0	1	0	0	0	0
AF	0	0.301999	2	0	2	0	0	0	0
AF	0	0.302623	1	1	0	0	0	0	0
AF	0	0.303248	4	3	1	0	0	0	0
AF	0	0.304497	1	0	1	0	0	0	0
AF	0	0.304809	1	1	0	0	0	0	0
AF	0	0.305746	1	1	0	0	0	0	0
AF	0	0.306996	1	1	0	0	0	0	0
AF	0	0.307308	1	1	0	0	0	0	0
AF	0	0.307620	2	0	2	0	0	0	0
AF	0	0.307933	4	4	0	0	0	0	0
AF	0	0.308245	1	1	0	0	0	0	0
AF	0	0.308869	1	1	0	0	0	0	0
AF	0	0.309494	1	1	0	0	0	0	0
AF	0	0.310119	2	2	0	0	0	0	0
AF	0	0.310743	5	4	1	0	0	0	0
AF	0	0.311368	1	1	0	0	0	0	0
AF	0	0.311993	1	1	0	0	0	0	0
AF	0	0.312305	2	1	1	0	0	0	0
AF	0	0.312617	1	0	1	0	0	0	0
AF	0	0.312929	1	1	0	0	0	0	0
AF	0	0.313242	2	1	1	0	0	0	0
AF	0	0.314179	1	1	0	0	0	0	0
AF	0	0.314491	1	0	1	0	0	0	0
AF	0	0.315116	2	2	0	0	0	0	0
AF	0	0.315740	1	1	0	0	0	0	0
AF	0	0.316365	2	2	0	0	0	0	0
AF	0	0.316989	1	1	0	0	0	0	0
AF	0	0.317614	1	0	1	0	0	0	0
AF	0	0.318239	7	5	2	0	0	0	0
AF	0	0.318551	22	14	8	0	0	0	0
AF	0	0.318863	16	12	4	0	0	0	0
AF	0	0.319176	4	2	2	0	0	0	0
AF	0	0.319488	3	3	0	0	0	0	0
AF	0	0.320112	1	1	0	0	0	0	0
AF	0	0.320425	1	1	0	0	0	0	0
AF	0	0.320737	3	2	1	0	0	0	0
AF	0	0.321362	3	3	0	0	0	0	0
AF	0	0.321674	1	0	1	0	0	0	0
AF	0	0.321986	1	0	1	0	0	0	0
AF	0	0.322611	1	0	1	0	0	0	0
AF	0	0.324172	1	0	1	0	0	0	0
AF	0	0.324485	3	3	0	0	0	0	0
AF	0	0.324797	1	0	1	0	0	0	0
AF	0	0.325109	1	1	0	0	0	0	0
AF	0	0.325422	1	0	1	0	0	0	0
AF	0	0.325734	4	3	1	0	0	0	0
AF	0	0.326359	2	2	0	0	0	0	0
AF	0	0.326671	1	1	0	0	0	0	0
AF	0	0.326983	1	1	0	0	0	0	0
AF	0	0.327295	1	1	0	0	0	0	0
AF	0	0.327608	4	0	4	0	0	0	0
AF	0	0.327920	2	1	1	0	0	0	0
AF	0	0.328232	10	9	1	0	0	0	0
AF	0	0.328545	1	0	1	0	0	0	0
AF	0	0.328857	2	0	2	0	0	0	0
AF	0	0.329794	2	1	1	0	0	0	0
AF	0	0.330106	3	3	0	0	0	0	0
AF	0	0.330418	1	1	0	0	0	0	0
AF	0	0.330731	3	1	2	0	0	0	0
AF	0	0.331980	1	1	0	0	0	0	0
AF	0	0.332605	3	2	1	0	0	0	0
AF	0	0.332917	3	1	2	0	0	0	0
AF	0	0.333229	3	2	1	0	0	0	0
AF	0	0.333542	5	1	4	0	0	0	0
AF	0	0.334791	6	3	3	0	0	0	0
AF	0	0.335103	1	1	0	0	0	0	0
AF	0	0.335415	5	1	4	0	0	0	0
AF	0	0.336040	1	0	1	0	0	0	0
AF	0	0.336352	1	0	1	0	0	0	0
AF	0	0.336665	1	1	0	0	0	0	0
AF	0	0.337289	1	0	1	0	0	0	0
AF	0	0.339163	5	5	0	0	0	0	0
AF	0	0.339475	2	1	1	0	0	0	0
AF	0	0.339788	2	1	1	0	0	0	0
AF	0	0.340100	1	1	0	0	0	0	0
AF	0	0.340412	3	2	1	0	0	0	0
AF	0	0.340725	2	2	0	0	0	0	0
AF	0	0.341037	2	0	2	0	0	0	0
AF	0	0.341349	2	1	1	0	0	0	0
AF	0	0.341661	3	2	1	0	0	0	0
AF	0	0.341974	1	1	0	0	0	0	0
AF	0	0.342286	3	1	2	0	0	0	0
AF	0	0.342598	1	0	1	0	0	0	0
AF	0	0.343535	4	2	2	0	0	0	0
AF	0	0.343848	2	2	0	0	0	0	0
AF	0	0.344160	1	1	0	0	0	0	0
AF	0	0.344472	1	1	0	0	0	0	0
AF	0	0.344785	1	0	1	0	0	0	0
AF	0	0.345097	2	2	0	0	0	0	0
AF	0	0.345409	3	3	0	0	0	0	0
AF	0	0.345721	2	2	0	0	0	0	0
AF	0	0.346034	5	3	2	0	0	0	0
AF	0	0.346658	2	2	0	0	0	0	0
AF	0	0.347595	5	2	3	0	0	0	0
AF	0	0.347908	1	0	1	0	0	0	0
AF	0	0.349157	1	1	0	0	0	0	0
AF	0	0.349781	1	1	0	0	0	0	0
AF	0	0.350406	1	1	0	0	0	0	0
AF	0	0.350718	1	1	0	0	0	0	0
AF	0	0.351031	3	1	2	0	0	0	0
AF	0	0.351343	2	1	1	0	0	0	0
AF	0	0.351655	6	3	3	0	0	0	0
AF	0	0.351968	1	1	0	0	0	0	0
AF	0	0.352280	4	3	1	0	0	0	0
AF	0	0.352592	1	1	0	0	0	0	0
AF	0	0.352904	5	4	1	0	0	0	0
AF	0	0.353217	1	1	0	0	0	0	0
AF	0	0.353529	5	4	1	0	0	0	0
AF	0	0.354154	1	0	1	0	0	0	0
AF	0	0.354778	1	0	1	0	0	0	0
AF	0	0.355091	3	2	1	0	0	0	0
AF	0	0.355403	1	1	0	0	0	0	0
AF	0	0.355715	2	0	2	0	0	0	0
AF	0	0.356027	1	0	1	0	0	0	0
AF	0	0.356340	1	1	0	0	0	0	0
AF	0	0.356652	4	3	1	0	0	0	0
AF	0	0.356964	1	1	0	0	0	0	0
AF	0	0.357277	4	2	2	0	0	0	0
AF	0	0.357589	1	0	1	0	0	0	0
AF	0	0.357901	1	0	1	0	0	0	0
AF	0	0.358526	1	0	1	0	0	0	0
AF	0	0.359463	3	1	2	0	0	0	0
AF	0	0.360400	1	0	1	0	0	0	0
AF	0	0.361337	1	0	1	0	0	0	0
AF	0	0.361649	2	1	1	0	0	0	0
AF	0	0.361961	2	1	1	0	0	0	0
AF	0	0.362274	3	3	0	0	0	0	0
AF	0	0.362898	6	5	1	0	0	0	0
AF	0	0.363210	1	1	0	0	0	0	0
AF	0	0.363835	1	0	1	0	0	0	0
AF	0	0.364147	2	2	0	0	0	0	0
AF	0	0.364460	1	1	0	0	0	0	0
AF	0	0.364772	8	6	2	0	0	0	0
AF	0	0.365084	1	1	0	0	0	0	0
AF	0	0.365397	1	1	0	0	0	0	0
AF	0	0.365709	1	0	1	0	0	0	0
AF	0	0.366021	1	0	1	0	0	0	0
AF	0	0.366334	1	1	0	0	0	0	0
AF	0	0.366646	7	6	1	0	0	0	0
AF	0	0.366958	1	1	0	0	0	0	0
AF	0	0.367895	1	1	0	0	0	0	0
AF	0	0.368207	5	2	3	0	0	0	0
AF	0	0.368520	3	1	2	0	0	0	0
AF	0	0.368832	1	1	0	0	0	0	0
AF	0	0.369144	4	3	1	0	0	0	0
AF	0	0.369457	1	1	0	0	0	0	0
AF	0	0.369769	2	1	1	0	0	0	0
AF	0	0.370081	3	3	0	0	0	0	0
AF	0	0.371330	1	1	0	0	0	0	0
AF	0	0.371643	1	1	0	0	0	0	0
AF	0	0.372267	2	2	0	0	0	0	0
AF	0	0.373517	3	2	1	0	0	0	0
AF	0	0.374141	2	1	1	0	0	0	0
AF	0	0.374766	2	2	0	0	0	0	0
AF	0	0.375078	4	3	1	0	0	0	0
AF	0	0.375390	6	4	2	0	0	0	0
AF	0	0.375703	2	2	0	0	0	0	0
AF	0	0.376015	2	2	0	0	0	0	0
AF	0	0.376327	1	1	0	0	0	0	0
AF	0	0.376640	4	3	1	0	0	0	0
AF	0	0.377577	1	1	0	0	0	0	0
AF	0	0.377889	1	1	0	0	0	0	0
AF	0	0.378201	1	1	0	0	0	0	0
AF	0	0.378513	3	2	1	0	0	0	0
AF	0	0.378826	1	1	0	0	0	0	0
AF	0	0.379138	1	1	0	0	0	0	0
AF	0	0.379763	1	1	0	0	0	0	0
AF	0	0.381636	1	1	0	0	0	0	0
AF	0	0.381949	1	1	0	0	0	0	0
AF	0	0.383198	1	0	1	0	0	0	0
AF	0	0.383510	1	1	0	0	0	0	0
AF	0	0.384447	1	1	0	0	0	0	0
AF	0	0.385072	1	0	1	0	0	0	0
AF	0	0.385696	1	1	0	0	0	0	0
AF	0	0.389132	1	1	0	0	0	0	0
AF	0	0.389756	1	1	0	0	0	0	0
AF	0	0.392567	1	1	0	0	0	0	0
AF	0	0.392879	2	0	2	0	0	0	0
AF	0	0.393816	1	1	0	0	0	0	0
AF	0	0.394129	1	0	1	0	0	0	0
AF	0	0.394441	1	0	1	0	0	0	0
AF	0	0.395378	4	2	2	0	0	0	0
AF	0	0.395690	1	0	1	0	0	0	0
AF	0	0.396002	2	2	0	0	0	0	0
AF	0	0.396315	1	1	0	0	0	0	0
AF	0	0.396627	4	2	2	0	0	0	0
AF	0	0.397252	1	1	0	0	0	0	0
AF	0	0.397564	2	1	1	0	0	0	0
AF	0	0.398813	1	0	1	0	0	0	0
AF	0	0.399750	1	1	0	0	0	0	0
AF	0	0.400375	1	0	1	0	0	0	0
AF	0	0.400687	1	0	1	0	0	0	0
AF	0	0.400999	1	1	0	0	0	0	0
AF	0	0.401312	4	2	2	0	0	0	0
AF	0	0.401624	4	3	1	0	0	0	0
AF	0	0.401936	5	1	4	0	0	0	0
AF	0	0.402249	3	1	2	0	0	0	0
AF	0	0.402873	1	1	0	0	0	0	0
AF	0	0.403498	1	1	0	0	0	0	0
AF	0	0.404122	5	5	0	0	0	0	0
AF	0	0.405372	1	0	1	0	0	0	0
AF	0	0.405684	1	1	0	0	0	0	0
AF	0	0.406621	2	2	0	0	0	0	0
AF	0	0.409119	1	0	1	0	0	0	0
AF	0	0.410369	2	1	1	0	0	0	0
AF	0	0.410993	1	0	1	0	0	0	0
AF	0	0.411930	1	0	1	0	0	0	0
AF	0	0.412242	2	2	0	0	0	0	0
AF	0	0.412555	1	1	0	0	0	0	0
AF	0	0.412867	1	1	0	0	0	0	0
AF	0	0.413492	1	1	0	0	0	0	0
AF	0	0.413804	2	1	1	0	0	0	0
AF	0	0.414116	3	1	2	0	0	0	0
AF	0	0.414428	2	2	0	0	0	0	0
AF	0	0.414741	2	1	1	0	0	0	0
AF	0	0.415990	1	0	1	0	0	0	0
AF	0	0.416302	2	2	0	0	0	0	0
AF	0	0.416615	1	0	1	0	0	0	0
AF	0	0.416927	1	1	0	0	0	0	0
AF	0	0.418176	1	1	0	0	0	0	0
AF	0	0.418801	2	2	0	0	0	0	0
AF	0	0.419113	1	0	1	0	0	0	0
AF	0	0.419425	1	0	1	0	0	0	0
AF	0	0.419738	9	7	2	0	0	0	0
AF	0	0.420050	5	3	2	0	0	0	0
AF	0	0.420362	5	4	1	0	0	0	0
AF	0	0.420675	1	0	1	0	0	0	0
AF	0	0.420987	3	3	0	0	0	0	0
AF	0	0.421299	1	0	1	0	0	0	0
AF	0	0.421611	2	0	2	0	0	0	0
AF	0	0.421924	1	1	0	0	0	0	0
AF	0	0.422236	3	2	1	0	0	0	0
AF	0	0.422861	1	0	1	0	0	0	0
AF	0	0.423173	1	1	0	0	0	0	0
AF	0	0.423485	3	1	2	0	0	0	0
AF	0	0.423798	1	1	0	0	0	0	0
AF	0	0.424110	3	2	1	0	0	0	0
AF	0	0.424422	1	1	0	0	0	0	0
AF	0	0.425047	2	1	1	0	0	0	0
AF	0	0.425359	3	3	0	0	0	0	0
AF	0	0.426921	1	0	1	0	0	0	0
AF	0	0.427545	3	3	0	0	0	0	0
AF	0	0.429107	1	1	0	0	0	0	0
AF	0	0.429731	2	2	0	0	0	0	0
AF	0	0.430356	2	0	2	0	0	0	0
AF	0	0.430668	1	0	1	0	0	0	0
AF	0	0.430981	1	1	0	0	0	0	0
AF	0	0.431293	1	1	0	0	0	0	0
AF	0	0.432854	1	1	0	0	0	0	0
AF	0	0.433479	4	3	1	0	0	0	0
AF	0	0.433791	2	0	2	0	0	0	0
AF	0	0.434728	1	0	1	0	0	0	0
AF	0	0.435978	1	1	0	0	0	0	0
AF	0	0.436914	1	0	1	0	0	0	0
AF	0	0.437227	1	1	0	0	0	0	0
AF	0	0.438164	1	1	0	0	0	0	0
AF	0	0.442224	1	1	0	0	0	0	0
AF	0	0.442848	1	1	0	0	0	0	0
AF	0	0.444097	2	1	1	0	0	0	0
AF	0	0.444410	1	1	0	0	0	0	0
AF	0	0.446284	2	1	1	0	0	0	0
AF	0	0.446908	1	1	0	0	0	0	0
AF	0	0.447533	1	1	0	0	0	0	0
AF	0	0.447845	1	1	0	0	0	0	0
AF	0	0.448157	4	4	0	0	0	0	0
AF	0	0.448782	1	1	0	0	0	0	0
AF	0	0.450968	1	0	1	0	0	0	0
AF	0	0.451280	3	3	0	0	0	0	0
AF	0	0.453154	1	1	0	0	0	0	0
AF	0	0.453467	1	1	0	0	0	0	0
AF	0	0.454403	2	2	0	0	0	0	0
AF	0	0.454716	2	2	0	0	0	0	0
AF	0	0.455028	1	1	0	0	0	0	0
AF	0	0.455340	1	1	0	0	0	0	0
AF	0	0.455653	2	1	1	0	0	0	0
AF	0	0.455965	1	1	0	0	0	0	0
AF	0	0.456902	1	1	0	0	0	0	0
AF	0	0.457214	1	1	0	0	0	0	0
AF	0	0.458776	1	1	0	0	0	0	0
AF	0	0.459400	1	0	1	0	0	0	0
AF	0	0.459713	2	1	1	0	0	0	0
AF	0	0.460025	1	1	0	0	0	0	0
AF	0	0.460337	1	1	0	0	0	0	0
AF	0	0.460650	1	1	0	0	0	0	0
AF	0	0.461274	2	2	0	0	0	0	0
AF	0	0.461899	2	2	0	0	0	0	0
AF	0	0.462211	2	2	0	0	0	0	0
AF	0	0.462523	1	1	0	0	0	0	0
AF	0	0.462836	2	2	0	0	0	0	0
AF	0	0.463148	2	2	0	0	0	0	0
AF	0	0.463773	1	1	0	0	0	0	0
AF	0	0.464397	1	1	0	0	0	0	0
AF	0	0.464710	6	4	2	0	0	0	0
AF	0	0.465022	2	2	0	0	0	0	0
AF	0	0.466271	2	2	0	0	0	0	0
AF	0	0.467520	3	2	1	0	0	0	0
AF	0	0.468145	1	1	0	0	0	0	0
AF	0	0.470019	1	0	1	0	0	0	0
AF	0	0.470643	1	1	0	0	0	0	0
AF	0	0.470956	1	0	1	0	0	0	0
AF	0	0.472517	1	0	1	0	0	0	0
AF	0	0.472829	1	1	0	0	0	0	0
AF	0	0.473142	1	0	1	0	0	0	0
AF	0	0.475016	1	1	0	0	0	0	0
AF	0	0.475640	1	1	0	0	0	0	0
AF	0	0.475953	1	1	0	0	0	0	0
AF	0	0.476577	1	1	0	0	0	0	0
AF	0	0.477514	4	4	0	0	0	0	0
AF	0	0.477826	1	1	0	0	0	0	0
AF	0	0.478139	10	5	5	0	0	0	0
AF	0	0.478451	2	1	1	0	0	0	0
AF	0	0.478763	4	2	2	0	0	0	0
AF	0	0.479076	1	1	0	0	0	0	0
AF	0	0.479388	3	2	1	0	0	0	0
AF	0	0.480012	5	5	0	0	0	0	0
AF	0	0.480325	2	2	0	0	0	0	0
AF	0	0.480637	5	4	1	0	0	0	0
AF	0	0.480949	1	0	1	0	0	0	0
AF	0	0.481574	1	1	0	0	0	0	0
AF	0	0.481886	2	2	0	0	0	0	0
AF	0	0.482511	1	1	0	0	0	0	0
AF	0	0.483136	1	1	0	0	0	0	0
AF	0	0.483760	1	1	0	0	0	0	0
AF	0	0.484072	1	1	0	0	0	0	0
AF	0	0.485634	2	2	0	0	0	0	0
AF	0	0.486883	2	2	0	0	0	0	0
AF	0	0.487508	3	1	2	0	0	0	0
AF	0	0.488132	1	1	0	0	0	0	0
AF	0	0.488757	3	1	2	0	0	0	0
AF	0	0.489069	5	4	1	0	0	0	0
AF	0	0.489382	2	2	0	0	0	0	0
AF	0	0.490006	3	3	0	0	0	0	0
AF	0	0.490631	2	1	1	0	0	0	0
AF	0	0.491255	2	2	0	0	0	0	0
AF	0	0.491568	1	0	1	0	0	0	0
AF	0	0.492505	2	2	0	0	0	0	0
AF	0	0.493129	1	1	0	0	0	0	0
AF	0	0.493442	1	1	0	0	0	0	0
AF	0	0.494379	1	1	0	0	0	0	0
AF	0	0.495003	1	1	0	0	0	0	0
AF	0	0.495940	1	1	0	0	0	0	0
AF	0	0.496252	1	1	0	0	0	0	0
AF	0	0.497189	1	1	0	0	0	0	0
AF	0	0.497502	1	0	1	0	0	0	0
AF	0	0.498126	1	0	1	0	0	0	0
AF	0	0.499375	1	1	0	0	0	0	0
AF	0	0.499688	2	2	0	0	0	0	0
AF	0	0.500000	2	2	0	0	0	0	0
AF	0	0.500625	3	2	1	0	0	0	0
AF	0	0.500937	1	1	0	0	0	0	0
AF	0	0.501249	1	1	0	0	0	0	0
AF	0	0.501874	2	2	0	0	0	0	0
AF	0	0.502811	1	0	1	0	0	0	0
AF	0	0.503123	1	1	0	0	0	0	0
AF	0	0.503435	3	3	0	0	0	0	0
AF	0	0.503748	2	2	0	0	0	0	0
AF	0	0.504060	2	1	1	0	0	0	0
AF	0	0.504372	2	1	1	0	0	0	0
AF	0	0.504997	1	0	1	0	0	0	0
AF	0	0.505309	2	1	1	0	0	0	0
AF	0	0.505621	1	1	0	0	0	0	0
AF	0	0.505934	1	1	0	0	0	0	0
AF	0	0.506246	2	0	2	0	0	0	0
AF	0	0.506558	4	4	0	0	0	0	0
AF	0	0.507495	1	0	1	0	0	0	0
AF	0	0.509681	1	1	0	0	0	0	0
AF	0	0.509994	1	1	0	0	0	0	0
AF	0	0.510306	1	1	0	0	0	0	0
AF	0	0.511243	2	1	1	0	0	0	0
AF	0	0.511868	5	2	3	0	0	0	0
AF	0	0.512180	2	2	0	0	0	0	0
AF	0	0.512492	5	4	1	0	0	0	0
AF	0	0.512804	3	3	0	0	0	0	0
AF	0	0.513117	4	1	3	0	0	0	0
AF	0	0.513429	1	1	0	0	0	0	0
AF	0	0.514054	2	2	0	0	0	0	0
AF	0	0.514678	1	0	1	0	0	0	0
AF	0	0.514991	4	4	0	0	0	0	0
AF	0	0.515303	1	1	0	0	0	0	0
AF	0	0.515615	1	1	0	0	0	0	0
AF	0	0.516240	1	0	1	0	0	0	0
AF	0	0.516864	11	7	4	0	0	0	0
AF	0	0.517177	9	6	3	0	0	0	0
AF	0	0.517489	4	2	2	0	0	0	0
AF	0	0.517801	1	1	0	0	0	0	0
AF	0	0.518114	8	6	2	0	0	0	0
AF	0	0.518738	2	1	1	0	0	0	0
AF	0	0.519051	2	1	1	0	0	0	0
AF	0	0.519363	6	3	3	0	0	0	0
AF	0	0.519675	2	1	1	0	0	0	0
AF	0	0.519988	1	1	0	0	0	0	0
AF	0	0.521237	1	1	0	0	0	0	0
AF	0	0.524672	1	1	0	0	0	0	0
AF	0	0.524984	1	0	1	0	0	0	0
AF	0	0.525297	4	2	2	0	0	0	0
AF	0	0.525609	8	7	1	0	0	0	0
AF	0	0.528107	1	1	0	0	0	0	0
AF	0	0.528732	1	0	1	0	0	0	0
AF	0	0.529044	1	1	0	0	0	0	0
AF	0	0.529669	2	0	2	0	0	0	0
AF	0	0.530606	3	1	2	0	0	0	0
AF	0	0.531230	1	1	0	0	0	0	0
AF	0	0.531855	1	0	1	0	0	0	0
AF	0	0.532167	1	0	1	0	0	0	0
AF	0	0.532480	1	0	1	0	0	0	0
AF	0	0.533104	1	1	0	0	0	0	0
AF	0	0.533417	1	1	0	0	0	0	0
AF	0	0.535915	2	1	1	0	0	0	0
AF	0	0.536227	1	0	1	0	0	0	0
AF	0	0.536852	3	3	0	0	0	0	0
AF	0	0.538726	1	1	0	0	0	0	0
AF	0	0.539350	2	2	0	0	0	0	0
AF	0	0.541224	1	0	1	0	0	0	0
AF	0	0.541537	1	0	1	0	0	0	0
AF	0	0.542473	1	1	0	0	0	0	0
AF	0	0.545597	1	1	0	0	0	0	0
AF	0	0.545909	1	1	0	0	0	0	0
AF	0	0.547470	1	1	0	0	0	0	0
AF	0	0.549344	2	1	1	0	0	0	0
AF	0	0.550593	1	1	0	0	0	0	0
AF	0	0.554966	1	0	1	0	0	0	0
AF	0	0.555278	4	3	1	0	0	0	0
AF	0	0.555903	3	1	2	0	0	0	0
AF	0	0.556215	1	0	1	0	0	0	0
AF	0	0.557776	2	1	1	0	0	0	0
AF	0	0.558401	1	1	0	0	0	0	0
AF	0	0.558713	1	1	0	0	0	0	0
AF	0	0.559650	3	1	2	0	0	0	0
AF	0	0.560275	2	0	2	0	0	0	0
AF	0	0.560899	1	0	1	0	0	0	0
AF	0	0.562149	2	2	0	0	0	0	0
AF	0	0.562773	3	2	1	0	0	0	0
AF	0	0.563086	1	1	0	0	0	0	0
AF	0	0.564022	1	1	0	0	0	0	0
AF	0	0.564335	1	1	0	0	0	0	0
AF	0	0.564647	1	1	0	0	0	0	0
AF	0	0.566521	3	2	1	0	0	0	0
AF	0	0.567146	2	1	1	0	0	0	0
AF	0	0.568707	1	0	1	0	0	0	0
AF	0	0.569019	1	0	1	0	0	0	0
AF	0	0.569956	2	1	1	0	0	0	0
AF	0	0.570269	5	3	2	0	0	0	0
AF	0	0.570581	1	1	0	0	0	0	0
AF	0	0.570893	3	2	1	0	0	0	0
AF	0	0.571205	2	0	2	0	0	0	0
AF	0	0.571830	1	0	1	0	0	0	0
AF	0	0.574016	1	1	0	0	0	0	0
AF	0	0.574641	3	0	3	0	0	0	0
AF	0	0.575265	3	2	1	0	0	0	0
AF	0	0.575890	2	0	2	0	0	0	0
AF	0	0.576202	1	0	1	0	0	0	0
AF	0	0.576515	1	0	1	0	0	0	0
AF	0	0.577139	3	1	2	0	0	0	0
AF	0	0.577452	1	0	1	0	0	0	0
AF	0	0.577764	2	1	1	0	0	0	0
AF	0	0.578076	2	2	0	0	0	0	0
AF	0	0.578389	5	5	0	0	0	0	0
AF	0	0.578701	1	1	0	0	0	0	0
AF	0	0.579013	4	4	0	0	0	0	0
AF	0	0.579325	1	1	0	0	0	0	0
AF	0	0.579638	7	5	2	0	0	0	0
AF	0	0.580262	1	1	0	0	0	0	0
AF	0	0.580575	1	1	0	0	0	0	0
AF	0	0.580887	1	1	0	0	0	0	0
AF	0	0.581512	3	3	0	0	0	0	0
AF	0	0.581824	2	0	2	0	0	0	0
AF	0	0.582136	2	1	1	0	0	0	0
AF	0	0.582448	1	1	0	0	0	0	0
AF	0	0.582761	2	1	1	0	0	0	0
AF	0	0.583385	1	1	0	0	0	0	0
AF	0	0.583698	1	0	1	0	0	0	0
AF	0	0.584010	1	1	0	0	0	0	0
AF	0	0.584635	3	2	1	0	0	0	0
AF	0	0.585259	2	1	1	0	0	0	0
AF	0	0.585572	1	1	0	0	0	0	0
AF	0	0.587133	1	0	1	0	0	0	0
AF	0	0.587758	3	3	0	0	0	0	0
AF	0	0.588070	2	0	2	0	0	0	0
AF	0	0.588382	3	3	0	0	0	0	0
AF	0	0.588695	1	1	0	0	0	0	0
AF	0	0.590256	1	1	0	0	0	0	0
AF	0	0.590568	1	0	1	0	0	0	0
AF	0	0.591505	2	1	1	0	0	0	0
AF	0	0.591818	1	1	0	0	0	0	0
AF	0	0.592130	1	1	0	0	0	0	0
AF	0	0.592442	1	1	0	0	0	0	0
AF	0	0.594004	1	1	0	0	0	0	0
AF	0	0.594316	2	2	0	0	0	0	0
AF	0	0.594628	1	1	0	0	0	0	0
AF	0	0.597127	1	0	1	0	0	0	0
AF	0	0.598064	2	0	2	0	0	0	0
AF	0	0.598376	2	1	1	0	0	0	0
AF	0	0.599001	1	1	0	0	0	0	0
AF	0	0.599625	3	2	1	0	0	0	0
AF	0	0.600250	3	3	0	0	0	0	0
AF	0	0.601811	1	1	0	0	0	0	0
AF	0	0.603061	1	1	0	0	0	0	0
AF	0	0.603373	1	1	0	0	0	0	0
AF	0	0.605247	1	0	1	0	0	0	0
AF	0	0.607745	1	0	1	0	0	0	0
AF	0	0.609307	1	0	1	0	0	0	0
AF	0	0.609619	2	1	1	0	0	0	0
AF	0	0.611805	1	1	0	0	0	0	0
AF	0	0.612742	1	0	1	0	0	0	0
AF	0	0.617114	1	1	0	0	0	0	0
AF	0	0.617427	1	1	0	0	0	0	0
AF	0	0.617739	1	1	0	0	0	0	0
AF	0	0.618364	2	1	1	0	0	0	0
AF	0	0.619613	2	2	0	0	0	0	0
AF	0	0.620237	1	0	1	0	0	0	0
AF	0	0.620862	1	1	0	0	0	0	0
AF	0	0.622423	1	1	0	0	0	0	0
AF	0	0.624610	1	0	1	0	0	0	0
AF	0	0.626171	1	0	1	0	0	0	0
AF	0	0.628357	2	2	0	0	0	0	0
AF	0	0.628670	1	1	0	0	0	0	0
AF	0	0.629606	2	2	0	0	0	0	0
AF	0	0.632105	2	1	1	0	0	0	0
AF	0	0.633666	1	0	1	0	0	0	0
AF	0	0.636165	1	1	0	0	0	0	0
AF	0	0.637102	2	2	0	0	0	0	0
AF	0	0.637414	1	1	0	0	0	0	0
AF	0	0.638351	1	0	1	0	0	0	0
AF	0	0.638663	1	1	0	0	0	0	0
AF	0	0.640849	2	1	1	0	0	0	0
AF	0	0.642723	1	0	1	0	0	0	0
AF	0	0.643348	1	0	1	0	0	0	0
AF	0	0.644285	1	0	1	0	0	0	0
AF	0	0.644597	1	0	1	0	0	0	0
AF	0	0.647408	1	1	0	0	0	0	0
AF	0	0.648032	1	0	1	0	0	0	0
AF	0	0.648345	1	1	0	0	0	0	0
AF	0	0.648969	3	1	2	0	0	0	0
AF	0	0.649594	1	1	0	0	0	0	0
AF	0	0.650219	2	1	1	0	0	0	0
AF	0	0.650531	1	1	0	0	0	0	0
AF	0	0.650843	1	0	1	0	0	0	0
AF	0	0.652092	1	0	1	0	0	0	0
AF	0	0.652717	1	1	0	0	0	0	0
AF	0	0.653029	1	0	1	0	0	0	0
AF	0	0.653342	1	1	0	0	0	0	0
AF	0	0.653966	1	1	0	0	0	0	0
AF	0	0.655215	2	2	0	0	0	0	0
AF	0	0.655528	6	3	3	0	0	0	0
AF	0	0.655840	5	4	1	0	0	0	0
AF	0	0.656152	1	1	0	0	0	0	0
AF	0	0.656465	2	1	1	0	0	0	0
AF	0	0.656777	1	1	0	0	0	0	0
AF	0	0.657089	1	0	1	0	0	0	0
AF	0	0.658026	2	1	1	0	0	0	0
AF	0	0.658339	2	2	0	0	0	0	0
AF	0	0.661462	2	2	0	0	0	0	0
AF	0	0.662711	3	1	2	0	0	0	0
AF	0	0.664897	1	1	0	0	0	0	0
AF	0	0.667395	1	1	0	0	0	0	0
AF	0	0.667708	1	0	1	0	0	0	0
AF	0	0.668645	2	2	0	0	0	0	0
AF	0	0.669894	1	0	1	0	0	0	0
AF	0	0.670206	1	1	0	0	0	0	0
AF	0	0.671143	2	2	0	0	0	0	0
AF	0	0.671768	1	0	1	0	0	0	0
AF	0	0.672392	2	1	1	0	0	0	0
AF	0	0.673954	1	1	0	0	0	0	0
AF	0	0.678638	1	1	0	0	0	0	0
AF	0	0.679263	1	1	0	0	0	0	0
AF	0	0.679888	1	0	1	0	0	0	0
AF	0	0.680200	1	1	0	0	0	0	0
AF	0	0.680512	1	0	1	0	0	0	0
AF	0	0.682386	2	1	1	0	0	0	0
AF	0	0.683635	1	0	1	0	0	0	0
AF	0	0.683948	1	0	1	0	0	0	0
AF	0	0.687695	1	0	1	0	0	0	0
AF	0	0.688632	1	1	0	0	0	0	0
AF	0	0.688944	2	2	0	0	0	0	0
AF	0	0.689257	1	1	0	0	0	0	0
AF	0	0.689569	2	0	2	0	0	0	0
AF	0	0.692380	4	3	1	0	0	0	0
AF	0	0.692692	1	1	0	0	0	0	0
AF	0	0.693004	2	1	1	0	0	0	0
AF	0	0.694566	1	0	1	0	0	0	0
AF	0	0.694878	1	1	0	0	0	0	0
AF	0	0.696440	1	1	0	0	0	0	0
AF	0	0.697377	3	1	2	0	0	0	0
AF	0	0.698001	3	2	1	0	0	0	0
AF	0	0.698314	1	1	0	0	0	0	0
AF	0	0.702998	1	1	0	0	0	0	0
AF	0	0.707995	3	1	2	0	0	0	0
AF	0	0.708620	2	2	0	0	0	0	0
AF	0	0.708932	3	1	2	0	0	0	0
AF	0	0.709244	2	1	1	0	0	0	0
AF	0	0.709869	1	1	0	0	0	0	0
AF	0	0.710493	1	0	1	0	0	0	0
AF	0	0.711118	1	1	0	0	0	0	0
AF	0	0.714866	1	1	0	0	0	0	0
AF	0	0.716115	1	1	0	0	0	0	0
AF	0	0.718301	1	1	0	0	0	0	0
AF	0	0.718926	1	1	0	0	0	0	0
AF	0	0.722986	1	1	0	0	0	0	0
AF	0	0.724859	1	1	0	0	0	0	0
AF	0	0.725484	1	1	0	0	0	0	0
AF	0	0.725796	1	1	0	0	0	0	0
AF	0	0.727983	1	1	0	0	0	0	0
AF	0	0.729232	1	1	0	0	0	0	0
AF	0	0.729544	1	1	0	0	0	0	0
AF	0	0.731106	2	2	0	0	0	0	0
AF	0	0.731418	2	1	1	0	0	0	0
AF	0	0.733604	1	1	0	0	0	0	0
AF	0	0.734229	2	1	1	0	0	0	0
AF	0	0.734853	2	2	0	0	0	0	0
AF	0	0.736102	1	1	0	0	0	0	0
AF	0	0.736727	1	1	0	0	0	0	0
AF	0	0.737352	1	0	1	0	0	0	0
AF	0	0.737664	1	1	0	0	0	0	0
AF	0	0.737976	1	0	1	0	0	0	0
AF	0	0.739225	2	2	0	0	0	0	0
AF	0	0.739850	2	2	0	0	0	0	0
AF	0	0.740475	1	0	1	0	0	0	0
AF	0	0.742349	1	1	0	0	0	0	0
AF	0	0.742661	1	1	0	0	0	0	0
AF	0	0.742973	1	1	0	0	0	0	0
AF	0	0.743598	1	1	0	0	0	0	0
AF	0	0.743910	1	0	1	0	0	0	0
AF	0	0.744222	1	1	0	0	0	0	0
AF	0	0.744847	2	1	1	0	0	0	0
AF	0	0.746408	1	1	0	0	0	0	0
AF	0	0.747970	1	0	1	0	0	0	0
AF	0	0.748595	2	2	0	0	0	0	0
AF	0	0.750468	1	1	0	0	0	0	0
AF	0	0.752967	1	1	0	0	0	0	0
AF	0	0.753592	1	1	0	0	0	0	0
AF	0	0.753904	1	1	0	0	0	0	0
AF	0	0.754216	2	1	1	0	0	0	0
AF	0	0.755465	1	1	0	0	0	0	0
AF	0	0.756402	1	0	1	0	0	0	0
AF	0	0.757027	1	0	1	0	0	0	0
AF	0	0.757339	1	0	1	0	0	0	0
AF	0	0.757651	1	1	0	0	0	0	0
AF	0	0.757964	2	1	1	0	0	0	0
AF	0	0.758588	1	0	1	0	0	0	0
AF	0	0.760150	1	0	1	0	0	0	0
AF	0	0.760775	2	1	1	0	0	0	0
AF	0	0.761087	1	1	0	0	0	0	0
AF	0	0.761399	2	0	2	0	0	0	0
AF	0	0.761711	1	0	1	0	0	0	0
AF	0	0.762024	1	1	0	0	0	0	0
AF	0	0.762961	3	3	0	0	0	0	0
AF	0	0.763585	22	14	8	0	0	0	0
AF	0	0.763898	10	7	3	0	0	0	0
AF	0	0.764210	8	5	3	0	0	0	0
AF	0	0.764522	1	1	0	0	0	0	0
AF	0	0.765459	1	1	0	0	0	0	0
AF	0	0.766396	3	3	0	0	0	0	0
AF	0	0.767021	1	1	0	0	0	0	0
AF	0	0.767958	2	2	0	0	0	0	0
AF	0	0.768894	1	1	0	0	0	0	0
AF	0	0.769207	1	1	0	0	0	0	0
AF	0	0.769519	1	1	0	0	0	0	0
AF	0	0.769831	2	2	0	0	0	0	0
AF	0	0.770144	1	1	0	0	0	0	0
AF	0	0.773579	1	0	1	0	0	0	0
AF	0	0.774204	1	0	1	0	0	0	0
AF	0	0.774828	1	1	0	0	0	0	0
AF	0	0.776390	1	1	0	0	0	0	0
AF	0	0.776702	2	1	1	0	0	0	0
AF	0	0.777014	2	1	1	0	0	0	0
AF	0	0.777327	4	2	2	0	0	0	0
AF	0	0.777639	5	3	2	0	0	0	0
AF	0	0.777951	2	1	1	0	0	0	0
AF	0	0.778264	2	1	1	0	0	0	0
AF	0	0.778888	1	0	1	0	0	0	0
AF	0	0.779513	1	1	0	0	0	0	0
AF	0	0.779825	3	2	1	0	0	0	0
AF	0	0.780137	4	1	3	0	0	0	0
AF	0	0.780762	1	1	0	0	0	0	0
AF	0	0.781387	1	0	1	0	0	0	0
AF	0	0.782636	1	1	0	0	0	0	0
AF	0	0.783260	1	1	0	0	0	0	0
AF	0	0.785134	1	0	1	0	0	0	0
AF	0	0.785759	1	1	0	0	0	0	0
AF	0	0.786384	2	2	0	0	0	0	0
AF	0	0.787008	2	1	1	0	0	0	0
AF	0	0.787320	1	1	0	0	0	0	0
AF	0	0.787633	1	1	0	0	0	0	0
AF	0	0.788570	1	1	0	0	0	0	0
AF	0	0.789194	1	1	0	0	0	0	0
AF	0	0.790131	1	0	1	0	0	0	0
AF	0	0.790443	1	1	0	0	0	0	0
AF	0	0.791068	2	1	1	0	0	0	0
AF	0	0.797002	1	1	0	0	0	0	0
AF	0	0.797314	1	0	1	0	0	0	0
AF	0	0.797626	2	2	0	0	0	0	0
AF	0	0.798876	3	3	0	0	0	0	0
AF	0	0.799188	3	2	1	0	0	0	0
AF	0	0.799500	7	5	2	0	0	0	0
AF	0	0.799813	5	3	2	0	0	0	0
AF	0	0.800125	2	1	1	0	0	0	0
AF	0	0.800437	1	0	1	0	0	0	0
AF	0	0.801374	1	0	1	0	0	0	0
AF	0	0.803560	2	1	1	0	0	0	0
AF	0	0.804497	1	1	0	0	0	0	0
AF	0	0.807620	1	0	1	0	0	0	0
AF	0	0.807933	1	0	1	0	0	0	0
AF	0	0.813242	1	1	0	0	0	0	0
AF	0	0.815116	1	1	0	0	0	0	0
AF	0	0.815740	1	1	0	0	0	0	0
AF	0	0.816052	3	2	1	0	0	0	0
AF	0	0.816365	1	1	0	0	0	0	0
AF	0	0.816989	2	1	1	0	0	0	0
AF	0	0.817614	1	1	0	0	0	0	0
AF	0	0.819800	1	1	0	0	0	0	0
AF	0	0.820112	1	1	0	0	0	0	0
AF	0	0.820425	2	1	1	0	0	0	0
AF	0	0.821362	1	0	1	0	0	0	0
AF	0	0.823235	3	2	1	0	0	0	0
AF	0	0.825422	2	2	0	0	0	0	0
AF	0	0.825734	1	1	0	0	0	0	0
AF	0	0.826359	1	0	1	0	0	0	0
AF	0	0.826983	1	1	0	0	0	0	0
AF	0	0.829169	1	1	0	0	0	0	0
AF	0	0.829794	1	0	1	0	0	0	0
AF	0	0.830731	1	1	0	0	0	0	0
AF	0	0.833542	1	1	0	0	0	0	0
AF	0	0.835103	1	1	0	0	0	0	0
AF	0	0.838538	1	1	0	0	0	0	0
AF	0	0.838851	1	0	1	0	0	0	0
AF	0	0.839163	1	1	0	0	0	0	0
AF	0	0.839475	1	1	0	0	0	0	0
AF	0	0.839788	2	2	0	0	0	0	0
AF	0	0.840100	1	1	0	0	0	0	0
AF	0	0.841349	1	1	0	0	0	0	0
AF	0	0.841661	1	1	0	0	0	0	0
AF	0	0.842286	1	1	0	0	0	0	0
AF	0	0.842598	4	3	1	0	0	0	0
AF	0	0.842911	2	2	0	0	0	0	0
AF	0	0.848532	1	0	1	0	0	0	0
AF	0	0.858838	1	1	0	0	0	0	0
AF	0	0.861024	1	1	0	0	0	0	0
AF	0	0.862274	1	1	0	0	0	0	0
AF	0	0.865709	1	1	0	0	0	0	0
AF	0	0.867895	1	1	0	0	0	0	0
AF	0	0.869769	1	1	0	0	0	0	0
AF	0	0.874453	1	0	1	0	0	0	0
AF	0	0.877577	1	1	0	0	0	0	0
AF	0	0.884447	1	0	1	0	0	0	0
AF	0	0.886321	1	1	0	0	0	0	0
AF	0	0.886633	1	1	0	0	0	0	0
AF	0	0.887258	3	2	1	0	0	0	0
AF	0	0.887570	3	2	1	0	0	0	0
AF	0	0.888195	1	1	0	0	0	0	0
AF	0	0.890381	1	1	0	0	0	0	0
AF	0	0.891318	1	1	0	0	0	0	0
AF	0	0.894129	4	3	1	0	0	0	0
AF	0	0.896002	3	2	1	0	0	0	0
AF	0	0.897252	2	1	1	0	0	0	0
AF	0	0.898501	2	0	2	0	0	0	0
AF	0	0.900062	1	0	1	0	0	0	0
AF	0	0.902873	2	0	2	0	0	0	0
AF	0	0.905996	1	1	0	0	0	0	0
AF	0	0.906621	1	1	0	0	0	0	0
AF	0	0.909744	1	0	1	0	0	0	0
AF	0	0.910369	1	0	1	0	0	0	0
AF	0	0.910681	1	0	1	0	0	0	0
AF	0	0.910993	3	3	0	0	0	0	0
AF	0	0.911305	2	1	1	0	0	0	0
AF	0	0.911930	1	0	1	0	0	0	0
AF	0	0.912242	1	1	0	0	0	0	0
AF	0	0.912555	1	1	0	0	0	0	0
AF	0	0.912867	1	1	0	0	0	0	0
AF	0	0.918176	1	1	0	0	0	0	0
AF	0	0.919425	1	1	0	0	0	0	0
AF	0	0.920050	1	1	0	0	0	0	0
AF	0	0.920675	1	0	1	0	0	0	0
AF	0	0.925984	1	0	1	0	0	0	0
AF	0	0.926608	1	1	0	0	0	0	0
AF	0	0.930981	1	1	0	0	0	0	0
AF	0	0.932230	1	1	0	0	0	0	0
AF	0	0.939725	1	0	1	0	0	0	0
AF	0	0.941287	1	1	0	0	0	0	0
AF	0	0.941599	2	2	0	0	0	0	0
AF	0	0.944410	1	1	0	0	0	0	0
AF	0	0.945034	1	0	1	0	0	0	0
AF	0	0.945347	1	0	1	0	0	0	0
AF	0	0.945971	1	1	0	0	0	0	0
AF	0	0.946596	4	3	1	0	0	0	0
AF	0	0.946908	1	0	1	0	0	0	0
AF	0	0.947220	15	13	2	0	0	0	0
AF	0	0.949094	1	1	0	0	0	0	0
AF	0	0.949719	1	0	1	0	0	0	0
AF	0	0.950031	1	1	0	0	0	0	0
AF	0	0.950656	1	0	1	0	0	0	0
AF	0	0.950968	17	10	7	0	0	0	0
AF	0	0.951280	9	2	7	0	0	0	0
AF	0	0.951905	1	0	1	0	0	0	0
AF	0	0.952217	3	3	0	0	0	0	0
AF	0	0.952530	3	1	2	0	0	0	0
AF	0	0.952842	22	15	7	0	0	0	0
AF	0	0.954716	1	0	1	0	0	0	0
AF	0	0.957527	2	1	1	0	0	0	0
AF	0	0.957839	1	1	0	0	0	0	0
AF	0	0.960962	1	0	1	0	0	0	0
AF	0	0.961587	2	2	0	0	0	0	0
AF	0	0.970019	1	1	0	0	0	0	0
AF	0	0.970331	11	5	6	0	0	0	0
AF	0	0.970643	1	0	1	0	0	0	0
AF	0	0.972517	1	1	0	0	0	0	0
AF	0	0.972829	2	1	1	0	0	0	0
AF	0	0.973454	6	5	1	0	0	0	0
AF	0	0.974079	3	2	1	0	0	0	0
AF	0	0.974391	3	1	2	0	0	0	0
AF	0	0.974703	38	30	8	0	0	0	0
AF	0	0.975953	1	0	1	0	0	0	0
AF	0	0.978139	1	1	0	0	0	0	0
AF	0	0.980325	2	2	0	0	0	0	0
AF	0	0.980949	2	1	1	0	0	0	0
AF	0	0.981262	1	1	0	0	0	0	0
AF	0	0.981574	4	3	1	0	0	0	0
AF	0	0.982199	2	0	2	0	0	0	0
AF	0	0.982823	1	1	0	0	0	0	0
AF	0	0.983136	1	1	0	0	0	0	0
AF	0	0.983448	1	1	0	0	0	0	0
AF	0	0.988132	1	1	0	0	0	0	0
AF	0	0.989069	2	1	1	0	0	0	0
AF	0	0.989694	3	2	1	0	0	0	0
AF	0	0.990006	1	0	1	0	0	0	0
AF	0	0.990319	3	2	1	0	0	0	0
AF	0	0.991255	1	0	1	0	0	0	0
AF	0	0.991568	1	0	1	0	0	0	0
AF	0	0.992192	1	0	1	0	0	0	0
AF	0	0.993129	2	1	1	0	0	0	0
AF	0	0.995315	2	2	0	0	0	0	0
AF	0	0.995940	5	2	3	0	0	0	0
AF	0	0.998438	3	3	0	0	0	0	0
# QUAL, Stats by quality
# QUAL	[2]id	[3]Quality	[4]number of SNPs	[5]number of transitions (1st ALT)	[6]number of transversions (1st ALT)	[7]number of indels
QUAL	0	.	19287	12894	6393	0
# IDD, InDel distribution:
# IDD	[2]id	[3]length (deletions negative)	[4]number of sites	[5]number of genotypes	[6]mean VAF
# ST, Substitution types:
# ST	[2]id	[3]type	[4]count
ST	0	A>C	732
ST	0	A>G	2552
ST	0	A>T	821
ST	0	C>A	945
ST	0	C>G	775
ST	0	C>T	3585
ST	0	G>A	3738
ST	0	G>C	756
ST	0	G>T	871
ST	0	T>A	807
ST	0	T>C	3019
ST	0	T>G	686
# DP, Depth distribution
# DP	[2]id	[3]bin	[4]number of genotypes	[5]fraction of genotypes (%)	[6]number of sites	[7]fraction of sites (%)
  - Fix haploid genotypes in males...

Submit MakeDiploidMalesX finished successfully. Let's have a beer, buddy!

