Submit MakeDiploidMalesX
version 1.1.6 (2024-09-30)

These are the settings:
  Input file................: /hpc/local/Rocky8/dhl_ec/software/MonopogenLite/resources/1kGP_high_coverage_Illumina.SNVonly_poly.filtered_AF_5e-04.norm.fixvariantid.chrX.vcf.gz
  Output file...............: /hpc/local/Rocky8/dhl_ec/software/MonopogenLite/resources/1kGP_high_coverage_Illumina.SNVonly_poly.filtered_AF_5e-04.norm.fixvariantid.makediploid.chrX.vcf.gz
  Chunk size................: 100

  SLURM CPUs................: 4
  SLURM Array ID............: 41 (of 100)
  SLURM memory..............: 16G
  SLURM time................: 01:00:00
  SLURM mail type...........: FAIL
  SLURM mail user...........: s.w.vanderlaan-2@umcutrecht.nl

  Dry run mode..............: 0
  Debug mode................: 1
  Verbosity.................: 0
  Version...................: 1.1.6 (2024-09-30)

Making converting haploid genotypes to diploid genotypes.
> Extract the region for this SLURM task (# 41) from the BED file.
  - Get the chunk number from the SLURM array task ID and the bed file...
DEBUG: Extracting chunk number: 41p from 41
DEBUG: Extracting region from BED file: /hpc/local/Rocky8/dhl_ec/software/MonopogenLite/resources/chrX_100pieces.bed
  - Extract the region from the BED file...
DEBUG: Extracted raw region: 'chrX	62416321	63976728' (chunk #: 41p of 100 for job 41)
  - Check if a valid region was extracted -- should be 'chrX	62416321	63976728'...
  - Prepare the region for bcftools...
  - Check if the region (chrX:62416321-63976728) was successfully extracted...
> Processing region 'chrX:62416321-63976728'...
  - Process the specific region (chunk# 41) using bcftools view...
  - Index the VCF file...
DEBUG: Check if the VCF file was successfully processed...
##fileformat=VCFv4.2
##FILTER=<ID=PASS,Description="All filters passed">
##fileDate=29/01/2022 - 14:31:41
##source=shapeit4.2.2
##contig=<ID=chr1,length=248956422>
##contig=<ID=chr2,length=242193529>
##contig=<ID=chr3,length=198295559>
##contig=<ID=chr4,length=190214555>
##contig=<ID=chr5,length=181538259>
##contig=<ID=chr6,length=170805979>
# This file was produced by bcftools stats (1.20+htslib-1.20) and can be plotted using plot-vcfstats.
# The command line was:	bcftools stats  /hpc/local/Rocky8/dhl_ec/software/MonopogenLite/resources/chrX.part41.vcf.gz
#
# Definition of sets:
# ID	[2]id	[3]tab-separated file names
ID	0	/hpc/local/Rocky8/dhl_ec/software/MonopogenLite/resources/chrX.part41.vcf.gz
# SN, Summary numbers:
#   number of records   .. number of data rows in the VCF
#   number of no-ALTs   .. reference-only sites, ALT is either "." or identical to REF
#   number of SNPs      .. number of rows with a SNP
#   number of MNPs      .. number of rows with a MNP, such as CC>TT
#   number of indels    .. number of rows with an indel
#   number of others    .. number of rows with other type, for example a symbolic allele or
#                          a complex substitution, such as ACT>TCGA
#   number of multiallelic sites     .. number of rows with multiple alternate alleles
#   number of multiallelic SNP sites .. number of rows with multiple alternate alleles, all SNPs
# 
#   Note that rows containing multiple types will be counted multiple times, in each
#   counter. For example, a row with a SNP and an indel increments both the SNP and
#   the indel counter.
# 
# SN	[2]id	[3]key	[4]value
SN	0	number of samples:	3202
SN	0	number of records:	19348
SN	0	number of no-ALTs:	0
SN	0	number of SNPs:	19348
SN	0	number of MNPs:	0
SN	0	number of indels:	0
SN	0	number of others:	0
SN	0	number of multiallelic sites:	0
SN	0	number of multiallelic SNP sites:	0
# TSTV, transitions/transversions:
# TSTV	[2]id	[3]ts	[4]tv	[5]ts/tv	[6]ts (1st ALT)	[7]tv (1st ALT)	[8]ts/tv (1st ALT)
TSTV	0	12047	7301	1.65	12047	7301	1.65
# SiS, Singleton stats:
# SiS	[2]id	[3]allele count	[4]number of SNPs	[5]number of transitions	[6]number of transversions	[7]number of indels	[8]repeat-consistent	[9]repeat-inconsistent	[10]not applicable
SiS	0	1	0	0	0	0	0	0	0
# AF, Stats by non-reference allele frequency:
# AF	[2]id	[3]allele frequency	[4]number of SNPs	[5]number of transitions	[6]number of transversions	[7]number of indels	[8]repeat-consistent	[9]repeat-inconsistent	[10]not applicable
AF	0	0.000312	3841	2375	1466	0	0	0	0
AF	0	0.000625	2577	1599	978	0	0	0	0
AF	0	0.000937	2651	1660	991	0	0	0	0
AF	0	0.001249	966	605	361	0	0	0	0
AF	0	0.001562	1152	733	419	0	0	0	0
AF	0	0.001874	522	300	222	0	0	0	0
AF	0	0.002186	935	586	349	0	0	0	0
AF	0	0.002498	404	228	176	0	0	0	0
AF	0	0.002811	670	434	236	0	0	0	0
AF	0	0.003123	181	113	68	0	0	0	0
AF	0	0.003435	456	297	159	0	0	0	0
AF	0	0.003748	305	186	119	0	0	0	0
AF	0	0.004060	329	214	115	0	0	0	0
AF	0	0.004372	107	67	40	0	0	0	0
AF	0	0.004685	277	174	103	0	0	0	0
AF	0	0.004997	94	58	36	0	0	0	0
AF	0	0.005309	248	155	93	0	0	0	0
AF	0	0.005621	88	58	30	0	0	0	0
AF	0	0.005934	177	106	71	0	0	0	0
AF	0	0.006246	72	42	30	0	0	0	0
AF	0	0.006558	169	97	72	0	0	0	0
AF	0	0.006871	53	31	22	0	0	0	0
AF	0	0.007183	106	81	25	0	0	0	0
AF	0	0.007495	58	40	18	0	0	0	0
AF	0	0.007808	135	86	49	0	0	0	0
AF	0	0.008120	17	10	7	0	0	0	0
AF	0	0.008432	91	54	37	0	0	0	0
AF	0	0.008745	46	26	20	0	0	0	0
AF	0	0.009057	98	58	40	0	0	0	0
AF	0	0.009369	32	23	9	0	0	0	0
AF	0	0.009681	55	32	23	0	0	0	0
AF	0	0.009994	27	19	8	0	0	0	0
AF	0	0.010306	57	35	22	0	0	0	0
AF	0	0.010618	21	13	8	0	0	0	0
AF	0	0.010931	57	33	24	0	0	0	0
AF	0	0.011243	28	16	12	0	0	0	0
AF	0	0.011555	55	39	16	0	0	0	0
AF	0	0.011868	18	10	8	0	0	0	0
AF	0	0.012180	41	22	19	0	0	0	0
AF	0	0.012492	24	16	8	0	0	0	0
AF	0	0.012804	49	30	19	0	0	0	0
AF	0	0.013117	14	8	6	0	0	0	0
AF	0	0.013429	40	25	15	0	0	0	0
AF	0	0.013741	55	34	21	0	0	0	0
AF	0	0.014054	62	38	24	0	0	0	0
AF	0	0.014366	16	9	7	0	0	0	0
AF	0	0.014678	35	22	13	0	0	0	0
AF	0	0.014991	20	7	13	0	0	0	0
AF	0	0.015303	135	83	52	0	0	0	0
AF	0	0.015615	53	31	22	0	0	0	0
AF	0	0.015928	29	20	9	0	0	0	0
AF	0	0.016240	25	14	11	0	0	0	0
AF	0	0.016552	25	13	12	0	0	0	0
AF	0	0.016864	12	5	7	0	0	0	0
AF	0	0.017177	22	15	7	0	0	0	0
AF	0	0.017489	12	10	2	0	0	0	0
AF	0	0.017801	13	7	6	0	0	0	0
AF	0	0.018114	18	12	6	0	0	0	0
AF	0	0.018426	14	11	3	0	0	0	0
AF	0	0.018738	8	5	3	0	0	0	0
AF	0	0.019051	26	17	9	0	0	0	0
AF	0	0.019363	21	16	5	0	0	0	0
AF	0	0.019675	74	52	22	0	0	0	0
AF	0	0.019988	12	8	4	0	0	0	0
AF	0	0.020300	26	10	16	0	0	0	0
AF	0	0.020612	13	10	3	0	0	0	0
AF	0	0.020924	28	21	7	0	0	0	0
AF	0	0.021237	7	6	1	0	0	0	0
AF	0	0.021549	14	8	6	0	0	0	0
AF	0	0.021861	16	12	4	0	0	0	0
AF	0	0.022174	48	35	13	0	0	0	0
AF	0	0.022486	16	9	7	0	0	0	0
AF	0	0.022798	26	19	7	0	0	0	0
AF	0	0.023111	12	7	5	0	0	0	0
AF	0	0.023423	23	16	7	0	0	0	0
AF	0	0.023735	9	9	0	0	0	0	0
AF	0	0.024047	6	3	3	0	0	0	0
AF	0	0.024360	5	4	1	0	0	0	0
AF	0	0.024672	12	11	1	0	0	0	0
AF	0	0.024984	8	7	1	0	0	0	0
AF	0	0.025297	13	10	3	0	0	0	0
AF	0	0.025609	9	4	5	0	0	0	0
AF	0	0.025921	21	13	8	0	0	0	0
AF	0	0.026234	8	5	3	0	0	0	0
AF	0	0.026546	19	13	6	0	0	0	0
AF	0	0.026858	6	6	0	0	0	0	0
AF	0	0.027171	13	9	4	0	0	0	0
AF	0	0.027483	12	9	3	0	0	0	0
AF	0	0.027795	21	14	7	0	0	0	0
AF	0	0.028107	8	3	5	0	0	0	0
AF	0	0.028420	10	7	3	0	0	0	0
AF	0	0.028732	6	2	4	0	0	0	0
AF	0	0.029044	14	9	5	0	0	0	0
AF	0	0.029357	1	1	0	0	0	0	0
AF	0	0.029669	17	12	5	0	0	0	0
AF	0	0.029981	3	1	2	0	0	0	0
AF	0	0.030294	7	3	4	0	0	0	0
AF	0	0.030606	3	2	1	0	0	0	0
AF	0	0.030918	11	4	7	0	0	0	0
AF	0	0.031230	7	5	2	0	0	0	0
AF	0	0.031543	11	8	3	0	0	0	0
AF	0	0.031855	3	1	2	0	0	0	0
AF	0	0.032167	7	3	4	0	0	0	0
AF	0	0.032480	3	2	1	0	0	0	0
AF	0	0.032792	11	5	6	0	0	0	0
AF	0	0.033104	2	2	0	0	0	0	0
AF	0	0.033417	7	4	3	0	0	0	0
AF	0	0.033729	3	2	1	0	0	0	0
AF	0	0.034041	4	2	2	0	0	0	0
AF	0	0.034354	3	1	2	0	0	0	0
AF	0	0.034666	4	2	2	0	0	0	0
AF	0	0.034978	5	4	1	0	0	0	0
AF	0	0.035290	4	4	0	0	0	0	0
AF	0	0.035603	6	2	4	0	0	0	0
AF	0	0.035915	9	4	5	0	0	0	0
AF	0	0.036227	2	1	1	0	0	0	0
AF	0	0.036540	4	3	1	0	0	0	0
AF	0	0.036852	2	1	1	0	0	0	0
AF	0	0.037164	4	1	3	0	0	0	0
AF	0	0.037477	1	1	0	0	0	0	0
AF	0	0.037789	4	2	2	0	0	0	0
AF	0	0.038101	2	2	0	0	0	0	0
AF	0	0.038413	3	1	2	0	0	0	0
AF	0	0.038726	2	0	2	0	0	0	0
AF	0	0.039350	1	0	1	0	0	0	0
AF	0	0.039663	6	5	1	0	0	0	0
AF	0	0.039975	1	0	1	0	0	0	0
AF	0	0.040287	4	4	0	0	0	0	0
AF	0	0.040600	1	0	1	0	0	0	0
AF	0	0.040912	5	3	2	0	0	0	0
AF	0	0.041224	5	3	2	0	0	0	0
AF	0	0.041537	1	1	0	0	0	0	0
AF	0	0.041849	2	1	1	0	0	0	0
AF	0	0.042161	5	3	2	0	0	0	0
AF	0	0.042473	1	1	0	0	0	0	0
AF	0	0.042786	2	2	0	0	0	0	0
AF	0	0.043098	2	1	1	0	0	0	0
AF	0	0.043410	4	3	1	0	0	0	0
AF	0	0.043723	1	1	0	0	0	0	0
AF	0	0.044035	3	3	0	0	0	0	0
AF	0	0.044347	1	1	0	0	0	0	0
AF	0	0.044660	2	2	0	0	0	0	0
AF	0	0.044972	1	1	0	0	0	0	0
AF	0	0.045284	4	2	2	0	0	0	0
AF	0	0.045597	1	1	0	0	0	0	0
AF	0	0.045909	1	0	1	0	0	0	0
AF	0	0.046533	1	0	1	0	0	0	0
AF	0	0.047158	1	1	0	0	0	0	0
AF	0	0.047470	1	0	1	0	0	0	0
AF	0	0.047783	2	2	0	0	0	0	0
AF	0	0.048407	1	0	1	0	0	0	0
AF	0	0.048720	2	2	0	0	0	0	0
AF	0	0.049032	1	1	0	0	0	0	0
AF	0	0.049344	2	2	0	0	0	0	0
AF	0	0.049656	1	1	0	0	0	0	0
AF	0	0.050281	1	1	0	0	0	0	0
AF	0	0.050593	1	1	0	0	0	0	0
AF	0	0.051530	2	2	0	0	0	0	0
AF	0	0.052155	4	4	0	0	0	0	0
AF	0	0.052780	3	2	1	0	0	0	0
AF	0	0.053092	1	0	1	0	0	0	0
AF	0	0.053404	2	0	2	0	0	0	0
AF	0	0.054029	1	0	1	0	0	0	0
AF	0	0.054653	1	1	0	0	0	0	0
AF	0	0.054966	1	1	0	0	0	0	0
AF	0	0.055590	1	1	0	0	0	0	0
AF	0	0.055903	1	0	1	0	0	0	0
AF	0	0.056527	1	1	0	0	0	0	0
AF	0	0.058713	1	1	0	0	0	0	0
AF	0	0.059650	1	0	1	0	0	0	0
AF	0	0.060587	3	1	2	0	0	0	0
AF	0	0.060899	5	5	0	0	0	0	0
AF	0	0.061524	1	0	1	0	0	0	0
AF	0	0.062773	1	0	1	0	0	0	0
AF	0	0.063086	1	1	0	0	0	0	0
AF	0	0.063398	1	1	0	0	0	0	0
AF	0	0.063710	1	1	0	0	0	0	0
AF	0	0.064022	6	4	2	0	0	0	0
AF	0	0.064647	3	1	2	0	0	0	0
AF	0	0.065272	5	3	2	0	0	0	0
AF	0	0.065896	4	1	3	0	0	0	0
AF	0	0.066521	2	0	2	0	0	0	0
AF	0	0.067458	1	1	0	0	0	0	0
AF	0	0.067770	2	1	1	0	0	0	0
AF	0	0.068082	3	3	0	0	0	0	0
AF	0	0.068395	1	1	0	0	0	0	0
AF	0	0.068707	2	2	0	0	0	0	0
AF	0	0.069644	1	1	0	0	0	0	0
AF	0	0.069956	1	0	1	0	0	0	0
AF	0	0.070269	1	0	1	0	0	0	0
AF	0	0.070581	2	1	1	0	0	0	0
AF	0	0.071518	2	1	1	0	0	0	0
AF	0	0.072142	1	1	0	0	0	0	0
AF	0	0.073392	2	1	1	0	0	0	0
AF	0	0.073704	1	0	1	0	0	0	0
AF	0	0.074329	1	1	0	0	0	0	0
AF	0	0.074641	2	0	2	0	0	0	0
AF	0	0.075265	2	2	0	0	0	0	0
AF	0	0.075578	2	2	0	0	0	0	0
AF	0	0.075890	1	1	0	0	0	0	0
AF	0	0.077139	1	0	1	0	0	0	0
AF	0	0.077452	2	2	0	0	0	0	0
AF	0	0.078389	2	0	2	0	0	0	0
AF	0	0.078701	1	0	1	0	0	0	0
AF	0	0.079638	1	1	0	0	0	0	0
AF	0	0.079950	2	0	2	0	0	0	0
AF	0	0.080887	2	1	1	0	0	0	0
AF	0	0.081512	1	1	0	0	0	0	0
AF	0	0.082761	2	1	1	0	0	0	0
AF	0	0.083698	1	0	1	0	0	0	0
AF	0	0.084635	3	1	2	0	0	0	0
AF	0	0.085572	2	2	0	0	0	0	0
AF	0	0.086508	1	1	0	0	0	0	0
AF	0	0.086821	1	0	1	0	0	0	0
AF	0	0.087133	1	0	1	0	0	0	0
AF	0	0.087758	1	1	0	0	0	0	0
AF	0	0.088070	1	1	0	0	0	0	0
AF	0	0.088382	1	1	0	0	0	0	0
AF	0	0.088695	1	0	1	0	0	0	0
AF	0	0.089007	3	3	0	0	0	0	0
AF	0	0.089319	1	1	0	0	0	0	0
AF	0	0.089631	1	1	0	0	0	0	0
AF	0	0.089944	1	1	0	0	0	0	0
AF	0	0.090256	2	0	2	0	0	0	0
AF	0	0.090881	1	1	0	0	0	0	0
AF	0	0.091818	1	0	1	0	0	0	0
AF	0	0.092130	1	1	0	0	0	0	0
AF	0	0.092442	2	2	0	0	0	0	0
AF	0	0.092755	3	2	1	0	0	0	0
AF	0	0.093067	1	0	1	0	0	0	0
AF	0	0.093379	1	0	1	0	0	0	0
AF	0	0.093691	2	0	2	0	0	0	0
AF	0	0.094316	3	1	2	0	0	0	0
AF	0	0.094628	2	2	0	0	0	0	0
AF	0	0.095253	1	1	0	0	0	0	0
AF	0	0.095565	1	1	0	0	0	0	0
AF	0	0.095878	2	1	1	0	0	0	0
AF	0	0.096190	3	3	0	0	0	0	0
AF	0	0.096502	1	0	1	0	0	0	0
AF	0	0.097439	1	1	0	0	0	0	0
AF	0	0.097751	1	1	0	0	0	0	0
AF	0	0.098064	1	1	0	0	0	0	0
AF	0	0.098376	1	1	0	0	0	0	0
AF	0	0.098688	1	1	0	0	0	0	0
AF	0	0.099001	1	0	1	0	0	0	0
AF	0	0.099625	1	0	1	0	0	0	0
AF	0	0.100250	4	2	2	0	0	0	0
AF	0	0.100562	3	3	0	0	0	0	0
AF	0	0.100874	2	2	0	0	0	0	0
AF	0	0.101187	3	3	0	0	0	0	0
AF	0	0.101499	1	0	1	0	0	0	0
AF	0	0.101811	1	1	0	0	0	0	0
AF	0	0.102124	7	5	2	0	0	0	0
AF	0	0.102436	5	2	3	0	0	0	0
AF	0	0.102748	15	8	7	0	0	0	0
AF	0	0.103061	5	2	3	0	0	0	0
AF	0	0.103373	3	2	1	0	0	0	0
AF	0	0.103685	1	1	0	0	0	0	0
AF	0	0.103998	4	4	0	0	0	0	0
AF	0	0.104310	2	1	1	0	0	0	0
AF	0	0.104622	3	1	2	0	0	0	0
AF	0	0.104934	2	1	1	0	0	0	0
AF	0	0.105247	4	3	1	0	0	0	0
AF	0	0.105559	3	1	2	0	0	0	0
AF	0	0.105871	2	0	2	0	0	0	0
AF	0	0.106184	2	1	1	0	0	0	0
AF	0	0.106496	12	9	3	0	0	0	0
AF	0	0.106808	6	4	2	0	0	0	0
AF	0	0.107121	13	8	5	0	0	0	0
AF	0	0.107433	9	5	4	0	0	0	0
AF	0	0.107745	12	7	5	0	0	0	0
AF	0	0.108057	4	4	0	0	0	0	0
AF	0	0.108370	8	5	3	0	0	0	0
AF	0	0.108682	4	2	2	0	0	0	0
AF	0	0.108994	6	6	0	0	0	0	0
AF	0	0.109307	3	3	0	0	0	0	0
AF	0	0.109619	4	3	1	0	0	0	0
AF	0	0.109931	3	1	2	0	0	0	0
AF	0	0.110244	5	2	3	0	0	0	0
AF	0	0.110556	11	6	5	0	0	0	0
AF	0	0.110868	12	8	4	0	0	0	0
AF	0	0.111181	2	1	1	0	0	0	0
AF	0	0.111493	3	3	0	0	0	0	0
AF	0	0.111805	2	1	1	0	0	0	0
AF	0	0.112117	2	2	0	0	0	0	0
AF	0	0.112430	5	3	2	0	0	0	0
AF	0	0.112742	2	1	1	0	0	0	0
AF	0	0.113054	4	4	0	0	0	0	0
AF	0	0.113367	1	1	0	0	0	0	0
AF	0	0.113679	13	7	6	0	0	0	0
AF	0	0.113991	1	1	0	0	0	0	0
AF	0	0.114304	6	3	3	0	0	0	0
AF	0	0.114616	3	2	1	0	0	0	0
AF	0	0.114928	1	1	0	0	0	0	0
AF	0	0.115240	5	3	2	0	0	0	0
AF	0	0.115553	4	3	1	0	0	0	0
AF	0	0.116177	1	1	0	0	0	0	0
AF	0	0.116490	2	2	0	0	0	0	0
AF	0	0.116802	9	5	4	0	0	0	0
AF	0	0.117114	4	4	0	0	0	0	0
AF	0	0.117427	3	2	1	0	0	0	0
AF	0	0.117739	1	1	0	0	0	0	0
AF	0	0.118051	3	2	1	0	0	0	0
AF	0	0.120237	1	0	1	0	0	0	0
AF	0	0.120550	2	2	0	0	0	0	0
AF	0	0.121174	1	1	0	0	0	0	0
AF	0	0.121487	2	0	2	0	0	0	0
AF	0	0.122111	1	0	1	0	0	0	0
AF	0	0.122423	2	1	1	0	0	0	0
AF	0	0.123048	1	0	1	0	0	0	0
AF	0	0.123985	1	0	1	0	0	0	0
AF	0	0.124297	1	1	0	0	0	0	0
AF	0	0.126171	1	0	1	0	0	0	0
AF	0	0.127108	1	1	0	0	0	0	0
AF	0	0.127420	2	2	0	0	0	0	0
AF	0	0.128045	1	0	1	0	0	0	0
AF	0	0.129606	1	1	0	0	0	0	0
AF	0	0.130543	2	2	0	0	0	0	0
AF	0	0.131793	1	0	1	0	0	0	0
AF	0	0.133042	1	1	0	0	0	0	0
AF	0	0.134916	1	0	1	0	0	0	0
AF	0	0.137414	1	1	0	0	0	0	0
AF	0	0.140537	3	3	0	0	0	0	0
AF	0	0.143348	1	0	1	0	0	0	0
AF	0	0.150531	1	1	0	0	0	0	0
AF	0	0.150843	1	0	1	0	0	0	0
AF	0	0.151156	1	1	0	0	0	0	0
AF	0	0.153029	1	1	0	0	0	0	0
AF	0	0.154591	1	0	1	0	0	0	0
AF	0	0.156465	1	0	1	0	0	0	0
AF	0	0.159588	1	1	0	0	0	0	0
AF	0	0.159900	1	1	0	0	0	0	0
AF	0	0.164272	1	1	0	0	0	0	0
AF	0	0.164897	1	0	1	0	0	0	0
AF	0	0.166771	1	0	1	0	0	0	0
AF	0	0.170206	1	1	0	0	0	0	0
AF	0	0.173954	1	0	1	0	0	0	0
AF	0	0.176140	1	0	1	0	0	0	0
AF	0	0.179888	1	0	1	0	0	0	0
AF	0	0.185509	1	0	1	0	0	0	0
AF	0	0.186134	1	1	0	0	0	0	0
AF	0	0.188944	1	0	1	0	0	0	0
AF	0	0.189257	1	0	1	0	0	0	0
AF	0	0.190818	1	1	0	0	0	0	0
AF	0	0.191131	1	1	0	0	0	0	0
AF	0	0.192067	1	0	1	0	0	0	0
AF	0	0.194878	1	1	0	0	0	0	0
AF	0	0.199875	2	2	0	0	0	0	0
AF	0	0.201437	1	0	1	0	0	0	0
AF	0	0.202374	1	0	1	0	0	0	0
AF	0	0.203623	1	1	0	0	0	0	0
AF	0	0.204247	2	1	1	0	0	0	0
AF	0	0.207058	1	1	0	0	0	0	0
AF	0	0.207995	1	1	0	0	0	0	0
AF	0	0.208307	1	0	1	0	0	0	0
AF	0	0.208620	1	1	0	0	0	0	0
AF	0	0.208932	1	0	1	0	0	0	0
AF	0	0.209244	1	0	1	0	0	0	0
AF	0	0.209557	1	1	0	0	0	0	0
AF	0	0.210493	2	0	2	0	0	0	0
AF	0	0.211118	2	0	2	0	0	0	0
AF	0	0.211743	2	1	1	0	0	0	0
AF	0	0.212367	2	1	1	0	0	0	0
AF	0	0.212680	2	0	2	0	0	0	0
AF	0	0.213616	3	1	2	0	0	0	0
AF	0	0.213929	2	0	2	0	0	0	0
AF	0	0.214241	2	1	1	0	0	0	0
AF	0	0.214866	3	1	2	0	0	0	0
AF	0	0.215490	1	0	1	0	0	0	0
AF	0	0.216427	1	1	0	0	0	0	0
AF	0	0.216740	1	1	0	0	0	0	0
AF	0	0.218926	1	0	1	0	0	0	0
AF	0	0.221112	1	1	0	0	0	0	0
AF	0	0.221424	1	0	1	0	0	0	0
AF	0	0.244222	1	0	1	0	0	0	0
AF	0	0.248282	1	0	1	0	0	0	0
AF	0	0.249844	1	1	0	0	0	0	0
AF	0	0.253279	2	2	0	0	0	0	0
AF	0	0.253592	1	0	1	0	0	0	0
AF	0	0.254216	1	1	0	0	0	0	0
AF	0	0.254528	1	0	1	0	0	0	0
AF	0	0.256402	1	0	1	0	0	0	0
AF	0	0.257651	1	1	0	0	0	0	0
AF	0	0.257964	1	1	0	0	0	0	0
AF	0	0.258588	1	1	0	0	0	0	0
AF	0	0.259525	1	0	1	0	0	0	0
AF	0	0.260150	2	2	0	0	0	0	0
AF	0	0.267958	1	1	0	0	0	0	0
AF	0	0.268582	1	0	1	0	0	0	0
AF	0	0.268894	1	1	0	0	0	0	0
AF	0	0.269207	2	2	0	0	0	0	0
AF	0	0.269519	1	1	0	0	0	0	0
AF	0	0.271393	2	1	1	0	0	0	0
AF	0	0.274516	1	1	0	0	0	0	0
AF	0	0.277014	2	1	1	0	0	0	0
AF	0	0.277951	1	0	1	0	0	0	0
AF	0	0.280762	1	0	1	0	0	0	0
AF	0	0.282636	1	1	0	0	0	0	0
AF	0	0.284510	1	1	0	0	0	0	0
AF	0	0.285759	2	2	0	0	0	0	0
AF	0	0.288570	1	1	0	0	0	0	0
AF	0	0.288882	1	1	0	0	0	0	0
AF	0	0.290443	2	1	1	0	0	0	0
AF	0	0.292005	1	1	0	0	0	0	0
AF	0	0.299500	1	1	0	0	0	0	0
AF	0	0.300125	1	1	0	0	0	0	0
AF	0	0.306059	1	1	0	0	0	0	0
AF	0	0.314491	1	1	0	0	0	0	0
AF	0	0.315116	1	1	0	0	0	0	0
AF	0	0.324172	1	0	1	0	0	0	0
AF	0	0.331980	1	1	0	0	0	0	0
AF	0	0.336665	1	1	0	0	0	0	0
AF	0	0.337289	1	1	0	0	0	0	0
AF	0	0.337601	1	1	0	0	0	0	0
AF	0	0.340725	1	0	1	0	0	0	0
AF	0	0.341037	1	0	1	0	0	0	0
AF	0	0.341661	1	1	0	0	0	0	0
AF	0	0.342911	1	0	1	0	0	0	0
AF	0	0.345097	1	1	0	0	0	0	0
AF	0	0.348844	1	1	0	0	0	0	0
AF	0	0.349157	1	0	1	0	0	0	0
AF	0	0.350094	1	1	0	0	0	0	0
AF	0	0.356652	1	1	0	0	0	0	0
AF	0	0.362586	1	1	0	0	0	0	0
AF	0	0.371018	1	0	1	0	0	0	0
AF	0	0.372267	1	1	0	0	0	0	0
AF	0	0.402249	1	0	1	0	0	0	0
AF	0	0.467520	1	1	0	0	0	0	0
AF	0	0.469394	1	0	1	0	0	0	0
AF	0	0.469706	1	1	0	0	0	0	0
AF	0	0.470643	1	0	1	0	0	0	0
AF	0	0.471268	1	1	0	0	0	0	0
AF	0	0.472517	1	0	1	0	0	0	0
AF	0	0.472829	1	0	1	0	0	0	0
AF	0	0.474391	3	1	2	0	0	0	0
AF	0	0.475640	1	0	1	0	0	0	0
AF	0	0.479700	1	1	0	0	0	0	0
AF	0	0.481262	1	0	1	0	0	0	0
AF	0	0.483136	1	0	1	0	0	0	0
AF	0	0.494379	1	1	0	0	0	0	0
AF	0	0.495628	2	0	2	0	0	0	0
AF	0	0.496565	1	0	1	0	0	0	0
AF	0	0.497502	1	1	0	0	0	0	0
AF	0	0.498438	1	1	0	0	0	0	0
AF	0	0.499063	1	0	1	0	0	0	0
AF	0	0.499375	1	0	1	0	0	0	0
AF	0	0.500625	1	1	0	0	0	0	0
AF	0	0.501249	1	0	1	0	0	0	0
AF	0	0.502811	2	1	1	0	0	0	0
AF	0	0.503123	1	1	0	0	0	0	0
AF	0	0.504372	1	0	1	0	0	0	0
AF	0	0.504685	1	0	1	0	0	0	0
AF	0	0.508120	1	0	1	0	0	0	0
AF	0	0.508745	2	1	1	0	0	0	0
AF	0	0.509369	1	1	0	0	0	0	0
AF	0	0.513117	1	0	1	0	0	0	0
AF	0	0.514991	1	1	0	0	0	0	0
AF	0	0.534978	1	0	1	0	0	0	0
AF	0	0.593067	1	0	1	0	0	0	0
AF	0	0.612117	1	1	0	0	0	0	0
AF	0	0.613991	1	0	1	0	0	0	0
AF	0	0.626171	1	1	0	0	0	0	0
AF	0	0.629606	1	1	0	0	0	0	0
AF	0	0.630856	1	0	1	0	0	0	0
AF	0	0.634291	1	0	1	0	0	0	0
AF	0	0.638351	1	1	0	0	0	0	0
AF	0	0.644597	1	1	0	0	0	0	0
AF	0	0.664272	1	1	0	0	0	0	0
AF	0	0.664585	2	2	0	0	0	0	0
AF	0	0.696752	1	1	0	0	0	0	0
AF	0	0.697689	1	1	0	0	0	0	0
AF	0	0.720175	1	0	1	0	0	0	0
AF	0	0.871330	1	1	0	0	0	0	0
AF	0	0.871643	1	1	0	0	0	0	0
AF	0	0.882886	1	0	1	0	0	0	0
AF	0	0.932854	1	1	0	0	0	0	0
AF	0	0.939413	1	0	1	0	0	0	0
AF	0	0.942536	1	1	0	0	0	0	0
AF	0	0.957214	1	1	0	0	0	0	0
AF	0	0.957839	2	0	2	0	0	0	0
AF	0	0.960337	1	0	1	0	0	0	0
AF	0	0.960962	1	1	0	0	0	0	0
AF	0	0.962836	1	1	0	0	0	0	0
AF	0	0.978451	1	1	0	0	0	0	0
AF	0	0.980012	1	1	0	0	0	0	0
AF	0	0.982511	1	1	0	0	0	0	0
AF	0	0.982823	1	0	1	0	0	0	0
AF	0	0.985322	1	0	1	0	0	0	0
AF	0	0.987508	1	0	1	0	0	0	0
AF	0	0.988757	2	2	0	0	0	0	0
AF	0	0.989069	2	1	1	0	0	0	0
AF	0	0.989382	1	1	0	0	0	0	0
AF	0	0.990006	1	1	0	0	0	0	0
AF	0	0.991255	1	0	1	0	0	0	0
AF	0	0.991880	1	1	0	0	0	0	0
AF	0	0.992192	1	1	0	0	0	0	0
AF	0	0.992505	1	0	1	0	0	0	0
AF	0	0.993442	1	1	0	0	0	0	0
AF	0	0.995315	6	4	2	0	0	0	0
AF	0	0.995628	7	4	3	0	0	0	0
AF	0	0.995940	1	0	1	0	0	0	0
AF	0	0.996877	1	1	0	0	0	0	0
AF	0	0.997814	1	1	0	0	0	0	0
AF	0	0.998751	1	0	1	0	0	0	0
AF	0	0.999063	9	4	5	0	0	0	0
# QUAL, Stats by quality
# QUAL	[2]id	[3]Quality	[4]number of SNPs	[5]number of transitions (1st ALT)	[6]number of transversions (1st ALT)	[7]number of indels
QUAL	0	.	19348	12047	7301	0
# IDD, InDel distribution:
# IDD	[2]id	[3]length (deletions negative)	[4]number of sites	[5]number of genotypes	[6]mean VAF
# ST, Substitution types:
# ST	[2]id	[3]type	[4]count
ST	0	A>C	703
ST	0	A>G	2094
ST	0	A>T	944
ST	0	C>A	1377
ST	0	C>G	763
ST	0	C>T	3959
ST	0	G>A	3860
ST	0	G>C	745
ST	0	G>T	1245
ST	0	T>A	894
ST	0	T>C	2134
ST	0	T>G	630
# DP, Depth distribution
# DP	[2]id	[3]bin	[4]number of genotypes	[5]fraction of genotypes (%)	[6]number of sites	[7]fraction of sites (%)
  - Fix haploid genotypes in males...

Submit MakeDiploidMalesX finished successfully. Let's have a beer, buddy!

