Submit MakeDiploidMalesX
version 1.1.6 (2024-09-30)

These are the settings:
  Input file................: /hpc/local/Rocky8/dhl_ec/software/MonopogenLite/resources/1kGP_high_coverage_Illumina.SNVonly_poly.filtered_AF_5e-04.norm.fixvariantid.chrX.vcf.gz
  Output file...............: /hpc/local/Rocky8/dhl_ec/software/MonopogenLite/resources/1kGP_high_coverage_Illumina.SNVonly_poly.filtered_AF_5e-04.norm.fixvariantid.makediploid.chrX.vcf.gz
  Chunk size................: 100

  SLURM CPUs................: 4
  SLURM Array ID............: 75 (of 100)
  SLURM memory..............: 16G
  SLURM time................: 01:00:00
  SLURM mail type...........: FAIL
  SLURM mail user...........: s.w.vanderlaan-2@umcutrecht.nl

  Dry run mode..............: 0
  Debug mode................: 1
  Verbosity.................: 0
  Version...................: 1.1.6 (2024-09-30)

Making converting haploid genotypes to diploid genotypes.
> Extract the region for this SLURM task (# 75) from the BED file.
  - Get the chunk number from the SLURM array task ID and the bed file...
DEBUG: Extracting chunk number: 75p from 75
DEBUG: Extracting region from BED file: /hpc/local/Rocky8/dhl_ec/software/MonopogenLite/resources/chrX_100pieces.bed
  - Extract the region from the BED file...
DEBUG: Extracted raw region: 'chrX	115470193	117030600' (chunk #: 75p of 100 for job 75)
  - Check if a valid region was extracted -- should be 'chrX	115470193	117030600'...
  - Prepare the region for bcftools...
  - Check if the region (chrX:115470193-117030600) was successfully extracted...
> Processing region 'chrX:115470193-117030600'...
  - Process the specific region (chunk# 75) using bcftools view...
  - Index the VCF file...
DEBUG: Check if the VCF file was successfully processed...
##fileformat=VCFv4.2
##FILTER=<ID=PASS,Description="All filters passed">
##fileDate=29/01/2022 - 14:31:41
##source=shapeit4.2.2
##contig=<ID=chr1,length=248956422>
##contig=<ID=chr2,length=242193529>
##contig=<ID=chr3,length=198295559>
##contig=<ID=chr4,length=190214555>
##contig=<ID=chr5,length=181538259>
##contig=<ID=chr6,length=170805979>
# This file was produced by bcftools stats (1.20+htslib-1.20) and can be plotted using plot-vcfstats.
# The command line was:	bcftools stats  /hpc/local/Rocky8/dhl_ec/software/MonopogenLite/resources/chrX.part75.vcf.gz
#
# Definition of sets:
# ID	[2]id	[3]tab-separated file names
ID	0	/hpc/local/Rocky8/dhl_ec/software/MonopogenLite/resources/chrX.part75.vcf.gz
# SN, Summary numbers:
#   number of records   .. number of data rows in the VCF
#   number of no-ALTs   .. reference-only sites, ALT is either "." or identical to REF
#   number of SNPs      .. number of rows with a SNP
#   number of MNPs      .. number of rows with a MNP, such as CC>TT
#   number of indels    .. number of rows with an indel
#   number of others    .. number of rows with other type, for example a symbolic allele or
#                          a complex substitution, such as ACT>TCGA
#   number of multiallelic sites     .. number of rows with multiple alternate alleles
#   number of multiallelic SNP sites .. number of rows with multiple alternate alleles, all SNPs
# 
#   Note that rows containing multiple types will be counted multiple times, in each
#   counter. For example, a row with a SNP and an indel increments both the SNP and
#   the indel counter.
# 
# SN	[2]id	[3]key	[4]value
SN	0	number of samples:	3202
SN	0	number of records:	17419
SN	0	number of no-ALTs:	0
SN	0	number of SNPs:	17419
SN	0	number of MNPs:	0
SN	0	number of indels:	0
SN	0	number of others:	0
SN	0	number of multiallelic sites:	0
SN	0	number of multiallelic SNP sites:	0
# TSTV, transitions/transversions:
# TSTV	[2]id	[3]ts	[4]tv	[5]ts/tv	[6]ts (1st ALT)	[7]tv (1st ALT)	[8]ts/tv (1st ALT)
TSTV	0	11551	5868	1.97	11551	5868	1.97
# SiS, Singleton stats:
# SiS	[2]id	[3]allele count	[4]number of SNPs	[5]number of transitions	[6]number of transversions	[7]number of indels	[8]repeat-consistent	[9]repeat-inconsistent	[10]not applicable
SiS	0	1	0	0	0	0	0	0	0
# AF, Stats by non-reference allele frequency:
# AF	[2]id	[3]allele frequency	[4]number of SNPs	[5]number of transitions	[6]number of transversions	[7]number of indels	[8]repeat-consistent	[9]repeat-inconsistent	[10]not applicable
AF	0	0.000312	2515	1676	839	0	0	0	0
AF	0	0.000625	1557	1022	535	0	0	0	0
AF	0	0.000937	1973	1289	684	0	0	0	0
AF	0	0.001249	625	422	203	0	0	0	0
AF	0	0.001562	814	559	255	0	0	0	0
AF	0	0.001874	314	197	117	0	0	0	0
AF	0	0.002186	573	386	187	0	0	0	0
AF	0	0.002498	226	139	87	0	0	0	0
AF	0	0.002811	401	264	137	0	0	0	0
AF	0	0.003123	211	137	74	0	0	0	0
AF	0	0.003435	318	206	112	0	0	0	0
AF	0	0.003748	163	103	60	0	0	0	0
AF	0	0.004060	269	185	84	0	0	0	0
AF	0	0.004372	106	69	37	0	0	0	0
AF	0	0.004685	244	164	80	0	0	0	0
AF	0	0.004997	111	72	39	0	0	0	0
AF	0	0.005309	216	139	77	0	0	0	0
AF	0	0.005621	94	56	38	0	0	0	0
AF	0	0.005934	173	107	66	0	0	0	0
AF	0	0.006246	65	44	21	0	0	0	0
AF	0	0.006558	128	85	43	0	0	0	0
AF	0	0.006871	62	43	19	0	0	0	0
AF	0	0.007183	103	71	32	0	0	0	0
AF	0	0.007495	56	41	15	0	0	0	0
AF	0	0.007808	78	52	26	0	0	0	0
AF	0	0.008120	49	33	16	0	0	0	0
AF	0	0.008432	75	50	25	0	0	0	0
AF	0	0.008745	66	44	22	0	0	0	0
AF	0	0.009057	64	43	21	0	0	0	0
AF	0	0.009369	31	18	13	0	0	0	0
AF	0	0.009681	84	58	26	0	0	0	0
AF	0	0.009994	28	18	10	0	0	0	0
AF	0	0.010306	51	33	18	0	0	0	0
AF	0	0.010618	28	19	9	0	0	0	0
AF	0	0.010931	66	45	21	0	0	0	0
AF	0	0.011243	34	17	17	0	0	0	0
AF	0	0.011555	61	41	20	0	0	0	0
AF	0	0.011868	25	19	6	0	0	0	0
AF	0	0.012180	55	38	17	0	0	0	0
AF	0	0.012492	24	15	9	0	0	0	0
AF	0	0.012804	62	34	28	0	0	0	0
AF	0	0.013117	21	16	5	0	0	0	0
AF	0	0.013429	61	36	25	0	0	0	0
AF	0	0.013741	30	18	12	0	0	0	0
AF	0	0.014054	30	20	10	0	0	0	0
AF	0	0.014366	20	15	5	0	0	0	0
AF	0	0.014678	33	26	7	0	0	0	0
AF	0	0.014991	28	22	6	0	0	0	0
AF	0	0.015303	48	32	16	0	0	0	0
AF	0	0.015615	11	8	3	0	0	0	0
AF	0	0.015928	45	31	14	0	0	0	0
AF	0	0.016240	32	26	6	0	0	0	0
AF	0	0.016552	78	55	23	0	0	0	0
AF	0	0.016864	17	9	8	0	0	0	0
AF	0	0.017177	39	29	10	0	0	0	0
AF	0	0.017489	26	17	9	0	0	0	0
AF	0	0.017801	45	29	16	0	0	0	0
AF	0	0.018114	27	20	7	0	0	0	0
AF	0	0.018426	67	43	24	0	0	0	0
AF	0	0.018738	32	21	11	0	0	0	0
AF	0	0.019051	49	31	18	0	0	0	0
AF	0	0.019363	31	20	11	0	0	0	0
AF	0	0.019675	58	37	21	0	0	0	0
AF	0	0.019988	18	12	6	0	0	0	0
AF	0	0.020300	44	34	10	0	0	0	0
AF	0	0.020612	21	14	7	0	0	0	0
AF	0	0.020924	25	15	10	0	0	0	0
AF	0	0.021237	14	12	2	0	0	0	0
AF	0	0.021549	16	10	6	0	0	0	0
AF	0	0.021861	17	12	5	0	0	0	0
AF	0	0.022174	28	18	10	0	0	0	0
AF	0	0.022486	20	15	5	0	0	0	0
AF	0	0.022798	29	23	6	0	0	0	0
AF	0	0.023111	9	6	3	0	0	0	0
AF	0	0.023423	39	22	17	0	0	0	0
AF	0	0.023735	3	2	1	0	0	0	0
AF	0	0.024047	19	16	3	0	0	0	0
AF	0	0.024360	22	17	5	0	0	0	0
AF	0	0.024672	18	14	4	0	0	0	0
AF	0	0.024984	15	7	8	0	0	0	0
AF	0	0.025297	29	22	7	0	0	0	0
AF	0	0.025609	9	4	5	0	0	0	0
AF	0	0.025921	29	19	10	0	0	0	0
AF	0	0.026234	9	5	4	0	0	0	0
AF	0	0.026546	9	5	4	0	0	0	0
AF	0	0.026858	15	8	7	0	0	0	0
AF	0	0.027171	10	9	1	0	0	0	0
AF	0	0.027483	8	5	3	0	0	0	0
AF	0	0.027795	8	8	0	0	0	0	0
AF	0	0.028107	6	4	2	0	0	0	0
AF	0	0.028420	16	15	1	0	0	0	0
AF	0	0.028732	6	3	3	0	0	0	0
AF	0	0.029044	30	17	13	0	0	0	0
AF	0	0.029357	11	8	3	0	0	0	0
AF	0	0.029669	28	20	8	0	0	0	0
AF	0	0.029981	5	3	2	0	0	0	0
AF	0	0.030294	16	10	6	0	0	0	0
AF	0	0.030606	4	2	2	0	0	0	0
AF	0	0.030918	16	12	4	0	0	0	0
AF	0	0.031230	7	6	1	0	0	0	0
AF	0	0.031543	27	19	8	0	0	0	0
AF	0	0.031855	2	2	0	0	0	0	0
AF	0	0.032167	12	7	5	0	0	0	0
AF	0	0.032480	6	3	3	0	0	0	0
AF	0	0.032792	19	11	8	0	0	0	0
AF	0	0.033104	19	12	7	0	0	0	0
AF	0	0.033417	27	19	8	0	0	0	0
AF	0	0.033729	7	6	1	0	0	0	0
AF	0	0.034041	13	11	2	0	0	0	0
AF	0	0.034354	5	3	2	0	0	0	0
AF	0	0.034666	16	11	5	0	0	0	0
AF	0	0.034978	8	7	1	0	0	0	0
AF	0	0.035290	11	8	3	0	0	0	0
AF	0	0.035603	5	4	1	0	0	0	0
AF	0	0.035915	14	6	8	0	0	0	0
AF	0	0.036227	7	5	2	0	0	0	0
AF	0	0.036540	12	7	5	0	0	0	0
AF	0	0.036852	8	6	2	0	0	0	0
AF	0	0.037164	7	4	3	0	0	0	0
AF	0	0.037477	6	3	3	0	0	0	0
AF	0	0.037789	5	4	1	0	0	0	0
AF	0	0.038101	5	4	1	0	0	0	0
AF	0	0.038413	12	12	0	0	0	0	0
AF	0	0.038726	1	1	0	0	0	0	0
AF	0	0.039038	5	3	2	0	0	0	0
AF	0	0.039350	3	3	0	0	0	0	0
AF	0	0.039663	10	6	4	0	0	0	0
AF	0	0.039975	5	1	4	0	0	0	0
AF	0	0.040287	13	7	6	0	0	0	0
AF	0	0.040600	5	4	1	0	0	0	0
AF	0	0.040912	10	4	6	0	0	0	0
AF	0	0.041224	4	4	0	0	0	0	0
AF	0	0.041537	9	5	4	0	0	0	0
AF	0	0.041849	10	7	3	0	0	0	0
AF	0	0.042161	15	6	9	0	0	0	0
AF	0	0.042473	10	6	4	0	0	0	0
AF	0	0.042786	19	14	5	0	0	0	0
AF	0	0.043098	13	9	4	0	0	0	0
AF	0	0.043410	31	20	11	0	0	0	0
AF	0	0.043723	7	3	4	0	0	0	0
AF	0	0.044035	19	10	9	0	0	0	0
AF	0	0.044347	8	4	4	0	0	0	0
AF	0	0.044660	9	3	6	0	0	0	0
AF	0	0.044972	8	5	3	0	0	0	0
AF	0	0.045284	17	12	5	0	0	0	0
AF	0	0.045597	3	2	1	0	0	0	0
AF	0	0.045909	6	2	4	0	0	0	0
AF	0	0.046221	1	0	1	0	0	0	0
AF	0	0.046533	7	5	2	0	0	0	0
AF	0	0.046846	2	2	0	0	0	0	0
AF	0	0.047158	5	1	4	0	0	0	0
AF	0	0.047470	3	1	2	0	0	0	0
AF	0	0.047783	1	1	0	0	0	0	0
AF	0	0.048095	1	1	0	0	0	0	0
AF	0	0.048407	4	2	2	0	0	0	0
AF	0	0.048720	1	1	0	0	0	0	0
AF	0	0.049032	4	4	0	0	0	0	0
AF	0	0.049344	2	2	0	0	0	0	0
AF	0	0.049656	6	5	1	0	0	0	0
AF	0	0.049969	4	4	0	0	0	0	0
AF	0	0.050281	14	9	5	0	0	0	0
AF	0	0.050593	3	2	1	0	0	0	0
AF	0	0.050906	16	7	9	0	0	0	0
AF	0	0.051218	3	2	1	0	0	0	0
AF	0	0.051530	3	2	1	0	0	0	0
AF	0	0.052155	2	1	1	0	0	0	0
AF	0	0.052467	1	1	0	0	0	0	0
AF	0	0.052780	3	1	2	0	0	0	0
AF	0	0.053092	1	0	1	0	0	0	0
AF	0	0.053404	10	6	4	0	0	0	0
AF	0	0.054029	6	5	1	0	0	0	0
AF	0	0.054341	3	3	0	0	0	0	0
AF	0	0.054653	4	3	1	0	0	0	0
AF	0	0.054966	4	3	1	0	0	0	0
AF	0	0.055278	5	2	3	0	0	0	0
AF	0	0.055590	3	3	0	0	0	0	0
AF	0	0.055903	4	2	2	0	0	0	0
AF	0	0.056215	1	0	1	0	0	0	0
AF	0	0.056527	5	0	5	0	0	0	0
AF	0	0.056839	5	5	0	0	0	0	0
AF	0	0.057152	2	1	1	0	0	0	0
AF	0	0.057464	3	3	0	0	0	0	0
AF	0	0.057776	8	6	2	0	0	0	0
AF	0	0.058089	4	3	1	0	0	0	0
AF	0	0.058401	2	0	2	0	0	0	0
AF	0	0.058713	1	1	0	0	0	0	0
AF	0	0.059026	3	2	1	0	0	0	0
AF	0	0.059650	4	2	2	0	0	0	0
AF	0	0.059963	3	3	0	0	0	0	0
AF	0	0.060275	3	1	2	0	0	0	0
AF	0	0.060899	2	2	0	0	0	0	0
AF	0	0.061524	1	1	0	0	0	0	0
AF	0	0.062149	1	1	0	0	0	0	0
AF	0	0.062461	3	2	1	0	0	0	0
AF	0	0.062773	5	5	0	0	0	0	0
AF	0	0.063086	1	1	0	0	0	0	0
AF	0	0.063398	3	3	0	0	0	0	0
AF	0	0.063710	1	0	1	0	0	0	0
AF	0	0.064022	3	2	1	0	0	0	0
AF	0	0.064335	1	1	0	0	0	0	0
AF	0	0.064647	3	2	1	0	0	0	0
AF	0	0.064959	1	1	0	0	0	0	0
AF	0	0.065272	2	2	0	0	0	0	0
AF	0	0.066521	2	2	0	0	0	0	0
AF	0	0.066833	1	1	0	0	0	0	0
AF	0	0.067146	5	3	2	0	0	0	0
AF	0	0.068395	5	4	1	0	0	0	0
AF	0	0.068707	2	1	1	0	0	0	0
AF	0	0.069019	3	1	2	0	0	0	0
AF	0	0.069644	4	3	1	0	0	0	0
AF	0	0.069956	1	1	0	0	0	0	0
AF	0	0.070269	6	5	1	0	0	0	0
AF	0	0.070581	3	3	0	0	0	0	0
AF	0	0.070893	1	1	0	0	0	0	0
AF	0	0.071205	2	1	1	0	0	0	0
AF	0	0.071518	4	4	0	0	0	0	0
AF	0	0.071830	3	1	2	0	0	0	0
AF	0	0.072142	13	9	4	0	0	0	0
AF	0	0.072455	4	2	2	0	0	0	0
AF	0	0.072767	3	3	0	0	0	0	0
AF	0	0.073079	3	1	2	0	0	0	0
AF	0	0.074016	2	2	0	0	0	0	0
AF	0	0.074329	1	0	1	0	0	0	0
AF	0	0.074641	1	1	0	0	0	0	0
AF	0	0.075890	7	3	4	0	0	0	0
AF	0	0.076202	5	4	1	0	0	0	0
AF	0	0.076515	5	4	1	0	0	0	0
AF	0	0.076827	4	2	2	0	0	0	0
AF	0	0.077139	7	5	2	0	0	0	0
AF	0	0.077452	1	0	1	0	0	0	0
AF	0	0.077764	12	9	3	0	0	0	0
AF	0	0.078076	2	1	1	0	0	0	0
AF	0	0.078389	6	3	3	0	0	0	0
AF	0	0.078701	1	1	0	0	0	0	0
AF	0	0.079013	2	0	2	0	0	0	0
AF	0	0.079638	3	2	1	0	0	0	0
AF	0	0.079950	1	1	0	0	0	0	0
AF	0	0.080262	2	2	0	0	0	0	0
AF	0	0.080575	2	2	0	0	0	0	0
AF	0	0.080887	3	2	1	0	0	0	0
AF	0	0.081199	1	0	1	0	0	0	0
AF	0	0.081512	3	3	0	0	0	0	0
AF	0	0.081824	1	1	0	0	0	0	0
AF	0	0.082136	1	0	1	0	0	0	0
AF	0	0.082761	6	4	2	0	0	0	0
AF	0	0.083073	5	4	1	0	0	0	0
AF	0	0.083385	1	1	0	0	0	0	0
AF	0	0.084010	4	1	3	0	0	0	0
AF	0	0.084322	3	2	1	0	0	0	0
AF	0	0.084635	5	3	2	0	0	0	0
AF	0	0.084947	3	1	2	0	0	0	0
AF	0	0.085259	2	1	1	0	0	0	0
AF	0	0.085572	4	3	1	0	0	0	0
AF	0	0.085884	5	3	2	0	0	0	0
AF	0	0.086196	2	2	0	0	0	0	0
AF	0	0.086508	5	4	1	0	0	0	0
AF	0	0.086821	1	0	1	0	0	0	0
AF	0	0.087133	2	2	0	0	0	0	0
AF	0	0.089319	1	1	0	0	0	0	0
AF	0	0.089631	5	2	3	0	0	0	0
AF	0	0.089944	2	1	1	0	0	0	0
AF	0	0.090256	2	1	1	0	0	0	0
AF	0	0.090568	3	2	1	0	0	0	0
AF	0	0.090881	6	4	2	0	0	0	0
AF	0	0.091193	3	2	1	0	0	0	0
AF	0	0.091505	2	2	0	0	0	0	0
AF	0	0.092130	2	2	0	0	0	0	0
AF	0	0.092755	2	2	0	0	0	0	0
AF	0	0.093067	2	1	1	0	0	0	0
AF	0	0.093379	4	2	2	0	0	0	0
AF	0	0.094004	1	1	0	0	0	0	0
AF	0	0.094628	2	1	1	0	0	0	0
AF	0	0.094941	1	1	0	0	0	0	0
AF	0	0.095253	2	1	1	0	0	0	0
AF	0	0.095565	1	0	1	0	0	0	0
AF	0	0.096502	5	4	1	0	0	0	0
AF	0	0.096814	3	2	1	0	0	0	0
AF	0	0.097127	2	1	1	0	0	0	0
AF	0	0.097439	1	1	0	0	0	0	0
AF	0	0.097751	2	2	0	0	0	0	0
AF	0	0.098064	1	1	0	0	0	0	0
AF	0	0.098376	4	1	3	0	0	0	0
AF	0	0.098688	3	1	2	0	0	0	0
AF	0	0.099001	6	5	1	0	0	0	0
AF	0	0.099313	3	3	0	0	0	0	0
AF	0	0.099625	2	1	1	0	0	0	0
AF	0	0.099938	2	1	1	0	0	0	0
AF	0	0.100250	2	2	0	0	0	0	0
AF	0	0.100562	1	1	0	0	0	0	0
AF	0	0.100874	3	3	0	0	0	0	0
AF	0	0.101187	3	2	1	0	0	0	0
AF	0	0.101499	6	4	2	0	0	0	0
AF	0	0.102124	4	2	2	0	0	0	0
AF	0	0.102436	2	2	0	0	0	0	0
AF	0	0.102748	3	1	2	0	0	0	0
AF	0	0.103061	1	1	0	0	0	0	0
AF	0	0.103373	4	1	3	0	0	0	0
AF	0	0.103685	1	1	0	0	0	0	0
AF	0	0.103998	17	11	6	0	0	0	0
AF	0	0.104310	4	2	2	0	0	0	0
AF	0	0.104622	10	8	2	0	0	0	0
AF	0	0.104934	11	8	3	0	0	0	0
AF	0	0.105247	3	1	2	0	0	0	0
AF	0	0.105559	1	1	0	0	0	0	0
AF	0	0.105871	1	0	1	0	0	0	0
AF	0	0.106184	1	0	1	0	0	0	0
AF	0	0.106496	5	2	3	0	0	0	0
AF	0	0.106808	4	4	0	0	0	0	0
AF	0	0.107121	4	4	0	0	0	0	0
AF	0	0.107433	1	0	1	0	0	0	0
AF	0	0.107745	2	2	0	0	0	0	0
AF	0	0.108057	3	1	2	0	0	0	0
AF	0	0.108370	3	2	1	0	0	0	0
AF	0	0.108682	1	1	0	0	0	0	0
AF	0	0.108994	5	3	2	0	0	0	0
AF	0	0.109307	1	1	0	0	0	0	0
AF	0	0.109619	2	2	0	0	0	0	0
AF	0	0.110244	1	1	0	0	0	0	0
AF	0	0.110868	1	1	0	0	0	0	0
AF	0	0.111805	3	2	1	0	0	0	0
AF	0	0.112117	1	1	0	0	0	0	0
AF	0	0.112430	2	2	0	0	0	0	0
AF	0	0.112742	2	1	1	0	0	0	0
AF	0	0.113054	2	1	1	0	0	0	0
AF	0	0.113367	1	1	0	0	0	0	0
AF	0	0.113679	1	0	1	0	0	0	0
AF	0	0.114304	1	1	0	0	0	0	0
AF	0	0.114928	1	0	1	0	0	0	0
AF	0	0.115240	2	1	1	0	0	0	0
AF	0	0.115553	2	1	1	0	0	0	0
AF	0	0.116177	2	2	0	0	0	0	0
AF	0	0.116490	1	1	0	0	0	0	0
AF	0	0.116802	3	1	2	0	0	0	0
AF	0	0.117114	5	4	1	0	0	0	0
AF	0	0.117427	4	3	1	0	0	0	0
AF	0	0.117739	1	1	0	0	0	0	0
AF	0	0.118051	1	1	0	0	0	0	0
AF	0	0.118364	1	1	0	0	0	0	0
AF	0	0.118676	4	3	1	0	0	0	0
AF	0	0.118988	1	1	0	0	0	0	0
AF	0	0.119300	4	1	3	0	0	0	0
AF	0	0.119613	3	2	1	0	0	0	0
AF	0	0.119925	4	4	0	0	0	0	0
AF	0	0.120237	1	1	0	0	0	0	0
AF	0	0.120550	1	0	1	0	0	0	0
AF	0	0.120862	2	1	1	0	0	0	0
AF	0	0.121174	2	2	0	0	0	0	0
AF	0	0.121799	1	0	1	0	0	0	0
AF	0	0.122111	3	1	2	0	0	0	0
AF	0	0.123360	1	1	0	0	0	0	0
AF	0	0.123673	2	0	2	0	0	0	0
AF	0	0.123985	1	1	0	0	0	0	0
AF	0	0.124297	3	2	1	0	0	0	0
AF	0	0.124922	6	3	3	0	0	0	0
AF	0	0.125547	6	5	1	0	0	0	0
AF	0	0.125859	5	5	0	0	0	0	0
AF	0	0.126171	4	3	1	0	0	0	0
AF	0	0.126483	2	1	1	0	0	0	0
AF	0	0.126796	6	6	0	0	0	0	0
AF	0	0.127108	1	1	0	0	0	0	0
AF	0	0.127420	1	1	0	0	0	0	0
AF	0	0.127733	1	0	1	0	0	0	0
AF	0	0.128045	2	0	2	0	0	0	0
AF	0	0.128357	3	1	2	0	0	0	0
AF	0	0.128670	8	4	4	0	0	0	0
AF	0	0.128982	2	2	0	0	0	0	0
AF	0	0.129294	4	4	0	0	0	0	0
AF	0	0.129919	2	2	0	0	0	0	0
AF	0	0.130231	3	1	2	0	0	0	0
AF	0	0.130543	3	2	1	0	0	0	0
AF	0	0.130856	2	1	1	0	0	0	0
AF	0	0.131168	10	6	4	0	0	0	0
AF	0	0.131480	7	7	0	0	0	0	0
AF	0	0.131793	11	4	7	0	0	0	0
AF	0	0.132417	3	2	1	0	0	0	0
AF	0	0.132730	3	1	2	0	0	0	0
AF	0	0.133042	3	2	1	0	0	0	0
AF	0	0.133354	1	0	1	0	0	0	0
AF	0	0.133666	2	0	2	0	0	0	0
AF	0	0.133979	2	1	1	0	0	0	0
AF	0	0.134291	8	7	1	0	0	0	0
AF	0	0.134603	2	2	0	0	0	0	0
AF	0	0.134916	10	7	3	0	0	0	0
AF	0	0.135228	3	1	2	0	0	0	0
AF	0	0.135540	8	4	4	0	0	0	0
AF	0	0.135853	1	1	0	0	0	0	0
AF	0	0.136165	2	2	0	0	0	0	0
AF	0	0.136477	2	1	1	0	0	0	0
AF	0	0.137414	1	1	0	0	0	0	0
AF	0	0.138039	4	3	1	0	0	0	0
AF	0	0.138663	3	3	0	0	0	0	0
AF	0	0.139288	9	6	3	0	0	0	0
AF	0	0.139600	2	1	1	0	0	0	0
AF	0	0.139913	7	4	3	0	0	0	0
AF	0	0.140225	4	3	1	0	0	0	0
AF	0	0.140537	7	4	3	0	0	0	0
AF	0	0.140849	1	0	1	0	0	0	0
AF	0	0.141786	3	2	1	0	0	0	0
AF	0	0.142099	1	0	1	0	0	0	0
AF	0	0.142411	3	2	1	0	0	0	0
AF	0	0.142723	1	1	0	0	0	0	0
AF	0	0.143036	2	1	1	0	0	0	0
AF	0	0.143660	1	1	0	0	0	0	0
AF	0	0.143973	1	1	0	0	0	0	0
AF	0	0.144285	1	0	1	0	0	0	0
AF	0	0.144597	6	5	1	0	0	0	0
AF	0	0.144909	7	4	3	0	0	0	0
AF	0	0.145222	2	2	0	0	0	0	0
AF	0	0.145534	2	0	2	0	0	0	0
AF	0	0.145846	1	0	1	0	0	0	0
AF	0	0.146159	2	2	0	0	0	0	0
AF	0	0.146471	1	0	1	0	0	0	0
AF	0	0.146783	2	1	1	0	0	0	0
AF	0	0.147096	1	1	0	0	0	0	0
AF	0	0.147408	4	3	1	0	0	0	0
AF	0	0.147720	1	1	0	0	0	0	0
AF	0	0.148032	7	4	3	0	0	0	0
AF	0	0.148345	2	0	2	0	0	0	0
AF	0	0.148657	3	2	1	0	0	0	0
AF	0	0.149282	2	1	1	0	0	0	0
AF	0	0.149594	2	1	1	0	0	0	0
AF	0	0.149906	7	6	1	0	0	0	0
AF	0	0.150219	2	2	0	0	0	0	0
AF	0	0.150531	2	1	1	0	0	0	0
AF	0	0.150843	1	1	0	0	0	0	0
AF	0	0.151156	9	5	4	0	0	0	0
AF	0	0.151468	5	4	1	0	0	0	0
AF	0	0.151780	6	4	2	0	0	0	0
AF	0	0.152092	3	2	1	0	0	0	0
AF	0	0.152405	7	5	2	0	0	0	0
AF	0	0.152717	4	3	1	0	0	0	0
AF	0	0.153029	11	7	4	0	0	0	0
AF	0	0.153342	9	5	4	0	0	0	0
AF	0	0.153654	13	8	5	0	0	0	0
AF	0	0.153966	10	8	2	0	0	0	0
AF	0	0.154279	8	4	4	0	0	0	0
AF	0	0.154591	1	1	0	0	0	0	0
AF	0	0.154903	4	3	1	0	0	0	0
AF	0	0.155215	1	0	1	0	0	0	0
AF	0	0.155528	4	2	2	0	0	0	0
AF	0	0.155840	1	1	0	0	0	0	0
AF	0	0.156152	1	0	1	0	0	0	0
AF	0	0.156465	2	1	1	0	0	0	0
AF	0	0.156777	5	4	1	0	0	0	0
AF	0	0.157089	4	4	0	0	0	0	0
AF	0	0.157402	3	1	2	0	0	0	0
AF	0	0.157714	2	2	0	0	0	0	0
AF	0	0.158026	4	1	3	0	0	0	0
AF	0	0.158339	3	2	1	0	0	0	0
AF	0	0.158651	2	1	1	0	0	0	0
AF	0	0.158963	4	4	0	0	0	0	0
AF	0	0.159275	3	3	0	0	0	0	0
AF	0	0.159588	3	1	2	0	0	0	0
AF	0	0.159900	3	1	2	0	0	0	0
AF	0	0.160525	12	6	6	0	0	0	0
AF	0	0.160837	1	1	0	0	0	0	0
AF	0	0.161149	1	1	0	0	0	0	0
AF	0	0.161462	2	2	0	0	0	0	0
AF	0	0.161774	4	3	1	0	0	0	0
AF	0	0.162399	2	2	0	0	0	0	0
AF	0	0.163023	3	0	3	0	0	0	0
AF	0	0.163335	1	1	0	0	0	0	0
AF	0	0.163648	4	3	1	0	0	0	0
AF	0	0.163960	1	1	0	0	0	0	0
AF	0	0.164272	5	3	2	0	0	0	0
AF	0	0.164585	2	2	0	0	0	0	0
AF	0	0.164897	4	3	1	0	0	0	0
AF	0	0.165209	1	0	1	0	0	0	0
AF	0	0.165522	3	3	0	0	0	0	0
AF	0	0.165834	4	3	1	0	0	0	0
AF	0	0.166146	4	3	1	0	0	0	0
AF	0	0.167083	1	1	0	0	0	0	0
AF	0	0.167395	3	1	2	0	0	0	0
AF	0	0.167708	1	1	0	0	0	0	0
AF	0	0.168020	1	0	1	0	0	0	0
AF	0	0.168332	2	2	0	0	0	0	0
AF	0	0.168645	2	1	1	0	0	0	0
AF	0	0.168957	2	1	1	0	0	0	0
AF	0	0.169582	1	1	0	0	0	0	0
AF	0	0.169894	3	2	1	0	0	0	0
AF	0	0.170206	2	1	1	0	0	0	0
AF	0	0.170518	3	3	0	0	0	0	0
AF	0	0.170831	1	1	0	0	0	0	0
AF	0	0.171143	2	2	0	0	0	0	0
AF	0	0.171768	1	0	1	0	0	0	0
AF	0	0.172392	3	2	1	0	0	0	0
AF	0	0.173329	1	1	0	0	0	0	0
AF	0	0.173641	1	1	0	0	0	0	0
AF	0	0.173954	3	1	2	0	0	0	0
AF	0	0.174266	4	4	0	0	0	0	0
AF	0	0.174578	4	3	1	0	0	0	0
AF	0	0.174891	5	5	0	0	0	0	0
AF	0	0.175203	1	1	0	0	0	0	0
AF	0	0.175515	4	3	1	0	0	0	0
AF	0	0.175828	1	0	1	0	0	0	0
AF	0	0.176140	5	3	2	0	0	0	0
AF	0	0.176452	1	0	1	0	0	0	0
AF	0	0.176765	4	3	1	0	0	0	0
AF	0	0.177077	4	2	2	0	0	0	0
AF	0	0.177389	3	3	0	0	0	0	0
AF	0	0.178014	1	1	0	0	0	0	0
AF	0	0.178326	2	1	1	0	0	0	0
AF	0	0.178638	3	2	1	0	0	0	0
AF	0	0.179263	6	3	3	0	0	0	0
AF	0	0.179575	7	2	5	0	0	0	0
AF	0	0.179888	4	4	0	0	0	0	0
AF	0	0.180512	3	1	2	0	0	0	0
AF	0	0.181761	4	3	1	0	0	0	0
AF	0	0.182386	2	0	2	0	0	0	0
AF	0	0.183011	5	4	1	0	0	0	0
AF	0	0.183323	1	1	0	0	0	0	0
AF	0	0.183635	1	0	1	0	0	0	0
AF	0	0.183948	1	0	1	0	0	0	0
AF	0	0.184260	3	1	2	0	0	0	0
AF	0	0.184884	1	1	0	0	0	0	0
AF	0	0.185197	1	0	1	0	0	0	0
AF	0	0.185509	1	0	1	0	0	0	0
AF	0	0.185821	1	1	0	0	0	0	0
AF	0	0.186134	1	1	0	0	0	0	0
AF	0	0.186758	3	2	1	0	0	0	0
AF	0	0.187383	1	1	0	0	0	0	0
AF	0	0.187695	2	1	1	0	0	0	0
AF	0	0.188007	3	3	0	0	0	0	0
AF	0	0.188320	1	1	0	0	0	0	0
AF	0	0.188632	2	2	0	0	0	0	0
AF	0	0.189257	2	1	1	0	0	0	0
AF	0	0.189569	1	0	1	0	0	0	0
AF	0	0.189881	2	2	0	0	0	0	0
AF	0	0.190506	5	4	1	0	0	0	0
AF	0	0.190818	2	2	0	0	0	0	0
AF	0	0.191131	1	0	1	0	0	0	0
AF	0	0.191755	1	1	0	0	0	0	0
AF	0	0.192380	2	2	0	0	0	0	0
AF	0	0.192692	2	1	1	0	0	0	0
AF	0	0.193629	1	1	0	0	0	0	0
AF	0	0.194254	2	1	1	0	0	0	0
AF	0	0.194566	2	2	0	0	0	0	0
AF	0	0.194878	1	1	0	0	0	0	0
AF	0	0.195503	1	1	0	0	0	0	0
AF	0	0.196127	1	0	1	0	0	0	0
AF	0	0.197064	1	1	0	0	0	0	0
AF	0	0.198314	4	4	0	0	0	0	0
AF	0	0.198626	2	2	0	0	0	0	0
AF	0	0.198938	1	0	1	0	0	0	0
AF	0	0.199250	2	2	0	0	0	0	0
AF	0	0.199563	2	2	0	0	0	0	0
AF	0	0.199875	2	1	1	0	0	0	0
AF	0	0.200187	1	1	0	0	0	0	0
AF	0	0.200500	2	2	0	0	0	0	0
AF	0	0.201124	3	1	2	0	0	0	0
AF	0	0.201437	5	3	2	0	0	0	0
AF	0	0.201749	7	4	3	0	0	0	0
AF	0	0.202061	1	0	1	0	0	0	0
AF	0	0.202374	3	3	0	0	0	0	0
AF	0	0.202686	1	1	0	0	0	0	0
AF	0	0.202998	5	1	4	0	0	0	0
AF	0	0.203623	1	0	1	0	0	0	0
AF	0	0.203935	1	1	0	0	0	0	0
AF	0	0.204247	5	5	0	0	0	0	0
AF	0	0.204560	1	1	0	0	0	0	0
AF	0	0.204872	11	8	3	0	0	0	0
AF	0	0.205184	2	2	0	0	0	0	0
AF	0	0.205497	4	3	1	0	0	0	0
AF	0	0.205809	1	0	1	0	0	0	0
AF	0	0.206121	5	4	1	0	0	0	0
AF	0	0.206433	4	4	0	0	0	0	0
AF	0	0.206746	8	5	3	0	0	0	0
AF	0	0.207058	2	1	1	0	0	0	0
AF	0	0.207370	6	4	2	0	0	0	0
AF	0	0.207683	2	1	1	0	0	0	0
AF	0	0.207995	10	7	3	0	0	0	0
AF	0	0.208307	5	2	3	0	0	0	0
AF	0	0.208620	5	4	1	0	0	0	0
AF	0	0.208932	1	1	0	0	0	0	0
AF	0	0.209244	5	3	2	0	0	0	0
AF	0	0.209869	1	1	0	0	0	0	0
AF	0	0.210181	1	1	0	0	0	0	0
AF	0	0.210493	1	1	0	0	0	0	0
AF	0	0.210806	4	2	2	0	0	0	0
AF	0	0.211118	3	3	0	0	0	0	0
AF	0	0.211743	1	1	0	0	0	0	0
AF	0	0.212055	2	0	2	0	0	0	0
AF	0	0.212367	2	2	0	0	0	0	0
AF	0	0.212680	1	1	0	0	0	0	0
AF	0	0.212992	3	3	0	0	0	0	0
AF	0	0.213304	1	1	0	0	0	0	0
AF	0	0.213929	1	1	0	0	0	0	0
AF	0	0.214241	1	1	0	0	0	0	0
AF	0	0.214553	1	1	0	0	0	0	0
AF	0	0.214866	1	0	1	0	0	0	0
AF	0	0.215490	1	1	0	0	0	0	0
AF	0	0.216427	1	1	0	0	0	0	0
AF	0	0.216740	1	1	0	0	0	0	0
AF	0	0.217364	1	0	1	0	0	0	0
AF	0	0.218301	1	1	0	0	0	0	0
AF	0	0.218613	1	1	0	0	0	0	0
AF	0	0.221112	1	0	1	0	0	0	0
AF	0	0.221736	4	3	1	0	0	0	0
AF	0	0.222049	2	2	0	0	0	0	0
AF	0	0.222361	1	0	1	0	0	0	0
AF	0	0.222986	2	1	1	0	0	0	0
AF	0	0.223923	3	1	2	0	0	0	0
AF	0	0.224547	1	0	1	0	0	0	0
AF	0	0.225796	2	2	0	0	0	0	0
AF	0	0.226421	9	7	2	0	0	0	0
AF	0	0.226733	3	3	0	0	0	0	0
AF	0	0.227046	2	1	1	0	0	0	0
AF	0	0.227670	3	2	1	0	0	0	0
AF	0	0.227983	1	1	0	0	0	0	0
AF	0	0.228295	2	2	0	0	0	0	0
AF	0	0.228607	1	0	1	0	0	0	0
AF	0	0.228919	5	2	3	0	0	0	0
AF	0	0.229232	1	1	0	0	0	0	0
AF	0	0.229544	4	3	1	0	0	0	0
AF	0	0.230169	5	2	3	0	0	0	0
AF	0	0.230481	1	0	1	0	0	0	0
AF	0	0.230793	3	3	0	0	0	0	0
AF	0	0.231106	2	2	0	0	0	0	0
AF	0	0.231418	3	2	1	0	0	0	0
AF	0	0.231730	6	4	2	0	0	0	0
AF	0	0.232042	12	9	3	0	0	0	0
AF	0	0.232355	4	4	0	0	0	0	0
AF	0	0.232667	5	3	2	0	0	0	0
AF	0	0.232979	4	4	0	0	0	0	0
AF	0	0.233292	3	3	0	0	0	0	0
AF	0	0.233916	2	1	1	0	0	0	0
AF	0	0.234229	1	1	0	0	0	0	0
AF	0	0.234541	3	3	0	0	0	0	0
AF	0	0.234853	1	1	0	0	0	0	0
AF	0	0.235166	1	1	0	0	0	0	0
AF	0	0.235478	1	0	1	0	0	0	0
AF	0	0.235790	3	2	1	0	0	0	0
AF	0	0.236102	1	1	0	0	0	0	0
AF	0	0.236415	1	1	0	0	0	0	0
AF	0	0.236727	1	1	0	0	0	0	0
AF	0	0.237039	1	1	0	0	0	0	0
AF	0	0.237664	3	3	0	0	0	0	0
AF	0	0.238289	1	0	1	0	0	0	0
AF	0	0.238601	1	1	0	0	0	0	0
AF	0	0.238913	8	7	1	0	0	0	0
AF	0	0.239225	1	0	1	0	0	0	0
AF	0	0.239538	2	1	1	0	0	0	0
AF	0	0.239850	1	1	0	0	0	0	0
AF	0	0.240162	2	1	1	0	0	0	0
AF	0	0.240475	1	1	0	0	0	0	0
AF	0	0.241412	3	2	1	0	0	0	0
AF	0	0.242036	1	1	0	0	0	0	0
AF	0	0.243285	2	0	2	0	0	0	0
AF	0	0.243598	1	1	0	0	0	0	0
AF	0	0.243910	3	2	1	0	0	0	0
AF	0	0.244535	2	1	1	0	0	0	0
AF	0	0.245784	1	1	0	0	0	0	0
AF	0	0.246096	1	1	0	0	0	0	0
AF	0	0.246408	1	0	1	0	0	0	0
AF	0	0.247033	1	0	1	0	0	0	0
AF	0	0.247345	1	1	0	0	0	0	0
AF	0	0.247970	2	0	2	0	0	0	0
AF	0	0.248282	11	8	3	0	0	0	0
AF	0	0.248595	5	2	3	0	0	0	0
AF	0	0.248907	9	7	2	0	0	0	0
AF	0	0.249219	1	1	0	0	0	0	0
AF	0	0.249532	4	3	1	0	0	0	0
AF	0	0.249844	2	1	1	0	0	0	0
AF	0	0.250156	3	2	1	0	0	0	0
AF	0	0.250468	3	1	2	0	0	0	0
AF	0	0.250781	3	1	2	0	0	0	0
AF	0	0.251718	2	2	0	0	0	0	0
AF	0	0.252030	1	0	1	0	0	0	0
AF	0	0.252342	2	2	0	0	0	0	0
AF	0	0.252655	3	1	2	0	0	0	0
AF	0	0.252967	2	1	1	0	0	0	0
AF	0	0.253279	4	2	2	0	0	0	0
AF	0	0.253592	5	1	4	0	0	0	0
AF	0	0.253904	5	2	3	0	0	0	0
AF	0	0.254216	4	2	2	0	0	0	0
AF	0	0.254528	7	4	3	0	0	0	0
AF	0	0.254841	7	2	5	0	0	0	0
AF	0	0.255153	20	13	7	0	0	0	0
AF	0	0.255465	6	6	0	0	0	0	0
AF	0	0.255778	2	2	0	0	0	0	0
AF	0	0.256402	4	4	0	0	0	0	0
AF	0	0.256715	4	3	1	0	0	0	0
AF	0	0.257027	9	6	3	0	0	0	0
AF	0	0.257339	3	2	1	0	0	0	0
AF	0	0.257651	6	5	1	0	0	0	0
AF	0	0.257964	3	2	1	0	0	0	0
AF	0	0.258276	6	4	2	0	0	0	0
AF	0	0.258588	3	2	1	0	0	0	0
AF	0	0.258901	1	1	0	0	0	0	0
AF	0	0.259213	2	2	0	0	0	0	0
AF	0	0.259525	2	2	0	0	0	0	0
AF	0	0.260150	3	1	2	0	0	0	0
AF	0	0.260462	1	1	0	0	0	0	0
AF	0	0.260775	1	1	0	0	0	0	0
AF	0	0.261087	1	1	0	0	0	0	0
AF	0	0.261399	1	1	0	0	0	0	0
AF	0	0.261711	2	2	0	0	0	0	0
AF	0	0.262024	1	1	0	0	0	0	0
AF	0	0.262336	1	1	0	0	0	0	0
AF	0	0.262648	4	3	1	0	0	0	0
AF	0	0.263273	1	1	0	0	0	0	0
AF	0	0.263585	1	1	0	0	0	0	0
AF	0	0.264210	3	1	2	0	0	0	0
AF	0	0.264522	2	2	0	0	0	0	0
AF	0	0.264834	1	1	0	0	0	0	0
AF	0	0.265147	1	1	0	0	0	0	0
AF	0	0.265459	2	2	0	0	0	0	0
AF	0	0.266084	1	0	1	0	0	0	0
AF	0	0.266396	3	2	1	0	0	0	0
AF	0	0.267021	1	1	0	0	0	0	0
AF	0	0.267333	1	1	0	0	0	0	0
AF	0	0.267645	2	1	1	0	0	0	0
AF	0	0.268270	2	1	1	0	0	0	0
AF	0	0.268894	1	1	0	0	0	0	0
AF	0	0.269207	3	2	1	0	0	0	0
AF	0	0.269519	1	1	0	0	0	0	0
AF	0	0.269831	1	1	0	0	0	0	0
AF	0	0.270144	2	0	2	0	0	0	0
AF	0	0.270456	2	1	1	0	0	0	0
AF	0	0.270768	1	0	1	0	0	0	0
AF	0	0.271393	6	4	2	0	0	0	0
AF	0	0.271705	1	1	0	0	0	0	0
AF	0	0.272017	4	2	2	0	0	0	0
AF	0	0.272330	2	2	0	0	0	0	0
AF	0	0.272642	3	1	2	0	0	0	0
AF	0	0.273267	1	1	0	0	0	0	0
AF	0	0.273891	2	1	1	0	0	0	0
AF	0	0.274516	5	4	1	0	0	0	0
AF	0	0.275141	5	4	1	0	0	0	0
AF	0	0.275453	2	2	0	0	0	0	0
AF	0	0.276077	1	0	1	0	0	0	0
AF	0	0.276390	1	0	1	0	0	0	0
AF	0	0.277327	2	2	0	0	0	0	0
AF	0	0.277639	1	0	1	0	0	0	0
AF	0	0.277951	2	1	1	0	0	0	0
AF	0	0.278264	1	1	0	0	0	0	0
AF	0	0.278888	1	0	1	0	0	0	0
AF	0	0.279513	8	7	1	0	0	0	0
AF	0	0.279825	5	3	2	0	0	0	0
AF	0	0.280137	5	2	3	0	0	0	0
AF	0	0.280762	2	1	1	0	0	0	0
AF	0	0.281387	3	3	0	0	0	0	0
AF	0	0.282011	4	2	2	0	0	0	0
AF	0	0.282636	1	1	0	0	0	0	0
AF	0	0.282948	3	1	2	0	0	0	0
AF	0	0.283260	1	0	1	0	0	0	0
AF	0	0.284197	1	1	0	0	0	0	0
AF	0	0.284510	1	1	0	0	0	0	0
AF	0	0.285134	2	2	0	0	0	0	0
AF	0	0.285447	1	0	1	0	0	0	0
AF	0	0.285759	1	1	0	0	0	0	0
AF	0	0.286384	2	1	1	0	0	0	0
AF	0	0.287008	1	1	0	0	0	0	0
AF	0	0.287320	2	0	2	0	0	0	0
AF	0	0.287633	1	0	1	0	0	0	0
AF	0	0.288257	1	0	1	0	0	0	0
AF	0	0.288570	2	2	0	0	0	0	0
AF	0	0.289507	1	1	0	0	0	0	0
AF	0	0.290131	1	1	0	0	0	0	0
AF	0	0.290443	1	1	0	0	0	0	0
AF	0	0.290756	1	0	1	0	0	0	0
AF	0	0.291068	2	1	1	0	0	0	0
AF	0	0.291380	1	1	0	0	0	0	0
AF	0	0.292317	1	0	1	0	0	0	0
AF	0	0.292630	1	1	0	0	0	0	0
AF	0	0.292942	2	2	0	0	0	0	0
AF	0	0.293254	1	1	0	0	0	0	0
AF	0	0.293567	1	1	0	0	0	0	0
AF	0	0.294503	1	1	0	0	0	0	0
AF	0	0.295128	2	1	1	0	0	0	0
AF	0	0.295753	2	1	1	0	0	0	0
AF	0	0.296377	1	1	0	0	0	0	0
AF	0	0.297002	1	1	0	0	0	0	0
AF	0	0.297314	1	0	1	0	0	0	0
AF	0	0.297626	1	0	1	0	0	0	0
AF	0	0.297939	1	1	0	0	0	0	0
AF	0	0.298251	6	4	2	0	0	0	0
AF	0	0.298563	2	0	2	0	0	0	0
AF	0	0.298876	1	1	0	0	0	0	0
AF	0	0.299188	1	0	1	0	0	0	0
AF	0	0.299500	1	1	0	0	0	0	0
AF	0	0.300750	1	0	1	0	0	0	0
AF	0	0.301999	1	1	0	0	0	0	0
AF	0	0.303873	1	0	1	0	0	0	0
AF	0	0.304185	1	0	1	0	0	0	0
AF	0	0.304809	1	1	0	0	0	0	0
AF	0	0.305122	7	7	0	0	0	0	0
AF	0	0.305434	2	2	0	0	0	0	0
AF	0	0.305746	1	0	1	0	0	0	0
AF	0	0.306059	1	0	1	0	0	0	0
AF	0	0.307620	1	1	0	0	0	0	0
AF	0	0.308557	1	0	1	0	0	0	0
AF	0	0.308869	1	1	0	0	0	0	0
AF	0	0.309494	2	2	0	0	0	0	0
AF	0	0.309806	2	1	1	0	0	0	0
AF	0	0.310119	3	3	0	0	0	0	0
AF	0	0.310431	1	1	0	0	0	0	0
AF	0	0.310743	1	1	0	0	0	0	0
AF	0	0.311368	3	2	1	0	0	0	0
AF	0	0.311680	1	1	0	0	0	0	0
AF	0	0.311993	3	3	0	0	0	0	0
AF	0	0.312617	4	2	2	0	0	0	0
AF	0	0.313242	2	1	1	0	0	0	0
AF	0	0.313866	2	1	1	0	0	0	0
AF	0	0.315428	1	0	1	0	0	0	0
AF	0	0.316677	1	0	1	0	0	0	0
AF	0	0.316989	1	1	0	0	0	0	0
AF	0	0.317302	1	1	0	0	0	0	0
AF	0	0.317614	1	0	1	0	0	0	0
AF	0	0.318239	1	1	0	0	0	0	0
AF	0	0.319176	1	0	1	0	0	0	0
AF	0	0.321049	1	1	0	0	0	0	0
AF	0	0.321362	1	1	0	0	0	0	0
AF	0	0.321986	4	3	1	0	0	0	0
AF	0	0.322299	3	2	1	0	0	0	0
AF	0	0.322923	1	0	1	0	0	0	0
AF	0	0.326359	3	2	1	0	0	0	0
AF	0	0.326983	1	0	1	0	0	0	0
AF	0	0.327295	1	0	1	0	0	0	0
AF	0	0.327608	2	2	0	0	0	0	0
AF	0	0.328232	3	1	2	0	0	0	0
AF	0	0.329482	1	1	0	0	0	0	0
AF	0	0.330731	1	1	0	0	0	0	0
AF	0	0.331355	2	2	0	0	0	0	0
AF	0	0.331668	1	0	1	0	0	0	0
AF	0	0.331980	3	3	0	0	0	0	0
AF	0	0.332605	2	1	1	0	0	0	0
AF	0	0.332917	1	1	0	0	0	0	0
AF	0	0.333229	2	2	0	0	0	0	0
AF	0	0.334166	6	3	3	0	0	0	0
AF	0	0.334478	3	1	2	0	0	0	0
AF	0	0.334791	2	1	1	0	0	0	0
AF	0	0.336040	3	2	1	0	0	0	0
AF	0	0.337289	1	1	0	0	0	0	0
AF	0	0.338226	1	0	1	0	0	0	0
AF	0	0.338538	1	1	0	0	0	0	0
AF	0	0.340100	1	1	0	0	0	0	0
AF	0	0.340412	1	1	0	0	0	0	0
AF	0	0.341037	1	1	0	0	0	0	0
AF	0	0.343848	1	1	0	0	0	0	0
AF	0	0.344160	2	2	0	0	0	0	0
AF	0	0.344472	2	1	1	0	0	0	0
AF	0	0.344785	1	1	0	0	0	0	0
AF	0	0.345097	1	1	0	0	0	0	0
AF	0	0.345721	1	1	0	0	0	0	0
AF	0	0.346346	1	1	0	0	0	0	0
AF	0	0.346658	3	2	1	0	0	0	0
AF	0	0.347283	2	1	1	0	0	0	0
AF	0	0.348532	2	1	1	0	0	0	0
AF	0	0.348844	2	1	1	0	0	0	0
AF	0	0.350406	1	1	0	0	0	0	0
AF	0	0.351968	2	2	0	0	0	0	0
AF	0	0.352592	1	1	0	0	0	0	0
AF	0	0.352904	2	1	1	0	0	0	0
AF	0	0.353217	2	2	0	0	0	0	0
AF	0	0.353841	1	1	0	0	0	0	0
AF	0	0.355715	1	1	0	0	0	0	0
AF	0	0.356340	2	1	1	0	0	0	0
AF	0	0.356652	1	1	0	0	0	0	0
AF	0	0.356964	3	3	0	0	0	0	0
AF	0	0.357901	2	1	1	0	0	0	0
AF	0	0.358214	1	1	0	0	0	0	0
AF	0	0.358526	2	1	1	0	0	0	0
AF	0	0.359151	1	1	0	0	0	0	0
AF	0	0.359775	4	4	0	0	0	0	0
AF	0	0.360087	1	1	0	0	0	0	0
AF	0	0.360712	1	1	0	0	0	0	0
AF	0	0.361024	2	2	0	0	0	0	0
AF	0	0.361337	1	0	1	0	0	0	0
AF	0	0.361649	1	1	0	0	0	0	0
AF	0	0.361961	1	1	0	0	0	0	0
AF	0	0.362274	1	1	0	0	0	0	0
AF	0	0.362586	1	1	0	0	0	0	0
AF	0	0.362898	2	0	2	0	0	0	0
AF	0	0.363210	1	1	0	0	0	0	0
AF	0	0.364147	1	1	0	0	0	0	0
AF	0	0.364460	1	1	0	0	0	0	0
AF	0	0.364772	3	2	1	0	0	0	0
AF	0	0.365397	3	1	2	0	0	0	0
AF	0	0.366958	2	1	1	0	0	0	0
AF	0	0.367583	1	0	1	0	0	0	0
AF	0	0.367895	2	2	0	0	0	0	0
AF	0	0.368520	1	1	0	0	0	0	0
AF	0	0.370706	1	1	0	0	0	0	0
AF	0	0.371018	1	0	1	0	0	0	0
AF	0	0.371643	1	1	0	0	0	0	0
AF	0	0.371955	2	0	2	0	0	0	0
AF	0	0.372580	1	0	1	0	0	0	0
AF	0	0.372892	1	1	0	0	0	0	0
AF	0	0.373517	2	1	1	0	0	0	0
AF	0	0.374141	1	0	1	0	0	0	0
AF	0	0.375078	1	1	0	0	0	0	0
AF	0	0.375703	1	0	1	0	0	0	0
AF	0	0.376015	3	2	1	0	0	0	0
AF	0	0.376640	1	1	0	0	0	0	0
AF	0	0.376952	1	0	1	0	0	0	0
AF	0	0.377264	1	1	0	0	0	0	0
AF	0	0.381636	1	1	0	0	0	0	0
AF	0	0.383510	1	0	1	0	0	0	0
AF	0	0.386633	1	1	0	0	0	0	0
AF	0	0.388507	1	0	1	0	0	0	0
AF	0	0.389444	1	0	1	0	0	0	0
AF	0	0.390381	1	0	1	0	0	0	0
AF	0	0.391006	2	1	1	0	0	0	0
AF	0	0.391630	1	1	0	0	0	0	0
AF	0	0.392879	2	2	0	0	0	0	0
AF	0	0.396315	2	1	1	0	0	0	0
AF	0	0.396627	2	1	1	0	0	0	0
AF	0	0.396939	1	1	0	0	0	0	0
AF	0	0.397252	5	2	3	0	0	0	0
AF	0	0.397564	1	1	0	0	0	0	0
AF	0	0.397876	2	1	1	0	0	0	0
AF	0	0.398189	1	1	0	0	0	0	0
AF	0	0.398501	1	1	0	0	0	0	0
AF	0	0.398813	1	1	0	0	0	0	0
AF	0	0.399126	2	2	0	0	0	0	0
AF	0	0.399438	2	1	1	0	0	0	0
AF	0	0.399750	2	2	0	0	0	0	0
AF	0	0.400375	1	1	0	0	0	0	0
AF	0	0.400999	2	1	1	0	0	0	0
AF	0	0.401624	6	6	0	0	0	0	0
AF	0	0.402249	4	3	1	0	0	0	0
AF	0	0.402561	2	2	0	0	0	0	0
AF	0	0.402873	2	2	0	0	0	0	0
AF	0	0.403498	3	2	1	0	0	0	0
AF	0	0.403810	1	1	0	0	0	0	0
AF	0	0.404747	2	0	2	0	0	0	0
AF	0	0.405059	1	1	0	0	0	0	0
AF	0	0.405372	3	1	2	0	0	0	0
AF	0	0.405684	1	1	0	0	0	0	0
AF	0	0.405996	1	0	1	0	0	0	0
AF	0	0.406309	1	1	0	0	0	0	0
AF	0	0.406621	3	2	1	0	0	0	0
AF	0	0.407245	2	0	2	0	0	0	0
AF	0	0.407558	2	2	0	0	0	0	0
AF	0	0.407870	1	1	0	0	0	0	0
AF	0	0.408182	1	0	1	0	0	0	0
AF	0	0.408495	1	0	1	0	0	0	0
AF	0	0.409119	7	5	2	0	0	0	0
AF	0	0.409432	1	1	0	0	0	0	0
AF	0	0.409744	2	1	1	0	0	0	0
AF	0	0.410056	1	1	0	0	0	0	0
AF	0	0.410369	2	2	0	0	0	0	0
AF	0	0.410993	1	1	0	0	0	0	0
AF	0	0.411305	2	1	1	0	0	0	0
AF	0	0.411618	2	1	1	0	0	0	0
AF	0	0.412555	1	1	0	0	0	0	0
AF	0	0.412867	2	1	1	0	0	0	0
AF	0	0.413179	2	2	0	0	0	0	0
AF	0	0.413492	3	2	1	0	0	0	0
AF	0	0.413804	1	0	1	0	0	0	0
AF	0	0.414116	1	1	0	0	0	0	0
AF	0	0.414428	1	1	0	0	0	0	0
AF	0	0.414741	7	3	4	0	0	0	0
AF	0	0.415053	3	1	2	0	0	0	0
AF	0	0.415365	6	6	0	0	0	0	0
AF	0	0.415678	2	1	1	0	0	0	0
AF	0	0.415990	2	2	0	0	0	0	0
AF	0	0.416302	3	2	1	0	0	0	0
AF	0	0.416615	3	0	3	0	0	0	0
AF	0	0.416927	1	1	0	0	0	0	0
AF	0	0.417239	4	2	2	0	0	0	0
AF	0	0.417864	4	3	1	0	0	0	0
AF	0	0.418176	1	1	0	0	0	0	0
AF	0	0.418488	1	1	0	0	0	0	0
AF	0	0.418801	3	1	2	0	0	0	0
AF	0	0.419113	2	0	2	0	0	0	0
AF	0	0.419738	2	2	0	0	0	0	0
AF	0	0.420362	1	1	0	0	0	0	0
AF	0	0.420675	1	1	0	0	0	0	0
AF	0	0.420987	4	1	3	0	0	0	0
AF	0	0.421299	1	0	1	0	0	0	0
AF	0	0.421611	2	1	1	0	0	0	0
AF	0	0.421924	3	3	0	0	0	0	0
AF	0	0.422236	2	0	2	0	0	0	0
AF	0	0.422548	1	0	1	0	0	0	0
AF	0	0.422861	1	1	0	0	0	0	0
AF	0	0.423173	1	0	1	0	0	0	0
AF	0	0.424110	1	0	1	0	0	0	0
AF	0	0.425359	4	4	0	0	0	0	0
AF	0	0.425671	1	1	0	0	0	0	0
AF	0	0.426608	3	3	0	0	0	0	0
AF	0	0.426921	1	1	0	0	0	0	0
AF	0	0.427233	3	3	0	0	0	0	0
AF	0	0.427545	1	0	1	0	0	0	0
AF	0	0.427858	6	1	5	0	0	0	0
AF	0	0.428170	4	4	0	0	0	0	0
AF	0	0.428482	10	6	4	0	0	0	0
AF	0	0.428795	4	2	2	0	0	0	0
AF	0	0.429107	2	2	0	0	0	0	0
AF	0	0.429731	1	1	0	0	0	0	0
AF	0	0.430356	1	1	0	0	0	0	0
AF	0	0.431918	1	1	0	0	0	0	0
AF	0	0.432230	1	0	1	0	0	0	0
AF	0	0.432854	1	1	0	0	0	0	0
AF	0	0.433479	1	0	1	0	0	0	0
AF	0	0.434104	4	3	1	0	0	0	0
AF	0	0.434416	2	1	1	0	0	0	0
AF	0	0.434728	3	3	0	0	0	0	0
AF	0	0.435041	1	1	0	0	0	0	0
AF	0	0.435353	2	2	0	0	0	0	0
AF	0	0.435978	3	2	1	0	0	0	0
AF	0	0.436602	8	6	2	0	0	0	0
AF	0	0.436914	1	0	1	0	0	0	0
AF	0	0.437227	3	3	0	0	0	0	0
AF	0	0.437539	3	3	0	0	0	0	0
AF	0	0.437851	1	1	0	0	0	0	0
AF	0	0.438164	1	1	0	0	0	0	0
AF	0	0.438476	3	1	2	0	0	0	0
AF	0	0.438788	1	1	0	0	0	0	0
AF	0	0.439101	2	2	0	0	0	0	0
AF	0	0.439413	1	0	1	0	0	0	0
AF	0	0.439725	2	1	1	0	0	0	0
AF	0	0.440037	1	0	1	0	0	0	0
AF	0	0.441287	2	1	1	0	0	0	0
AF	0	0.441599	1	1	0	0	0	0	0
AF	0	0.442224	1	1	0	0	0	0	0
AF	0	0.443473	1	1	0	0	0	0	0
AF	0	0.443785	2	2	0	0	0	0	0
AF	0	0.444097	3	0	3	0	0	0	0
AF	0	0.444410	1	0	1	0	0	0	0
AF	0	0.445034	1	1	0	0	0	0	0
AF	0	0.445347	1	1	0	0	0	0	0
AF	0	0.445659	1	0	1	0	0	0	0
AF	0	0.445971	1	1	0	0	0	0	0
AF	0	0.446284	1	1	0	0	0	0	0
AF	0	0.447533	1	0	1	0	0	0	0
AF	0	0.447845	2	1	1	0	0	0	0
AF	0	0.448157	1	1	0	0	0	0	0
AF	0	0.449094	1	1	0	0	0	0	0
AF	0	0.449407	1	1	0	0	0	0	0
AF	0	0.449719	1	1	0	0	0	0	0
AF	0	0.450344	1	1	0	0	0	0	0
AF	0	0.451593	1	0	1	0	0	0	0
AF	0	0.451905	1	1	0	0	0	0	0
AF	0	0.452530	1	0	1	0	0	0	0
AF	0	0.453779	1	0	1	0	0	0	0
AF	0	0.454091	3	1	2	0	0	0	0
AF	0	0.454403	5	3	2	0	0	0	0
AF	0	0.454716	3	0	3	0	0	0	0
AF	0	0.455028	3	3	0	0	0	0	0
AF	0	0.455340	1	1	0	0	0	0	0
AF	0	0.456590	1	1	0	0	0	0	0
AF	0	0.456902	3	3	0	0	0	0	0
AF	0	0.457527	2	1	1	0	0	0	0
AF	0	0.458151	3	1	2	0	0	0	0
AF	0	0.458463	2	1	1	0	0	0	0
AF	0	0.458776	4	2	2	0	0	0	0
AF	0	0.459088	1	0	1	0	0	0	0
AF	0	0.460650	1	1	0	0	0	0	0
AF	0	0.460962	2	1	1	0	0	0	0
AF	0	0.461274	1	1	0	0	0	0	0
AF	0	0.461899	1	1	0	0	0	0	0
AF	0	0.462523	1	1	0	0	0	0	0
AF	0	0.464397	3	1	2	0	0	0	0
AF	0	0.464710	4	4	0	0	0	0	0
AF	0	0.465022	2	2	0	0	0	0	0
AF	0	0.466896	1	0	1	0	0	0	0
AF	0	0.467520	2	1	1	0	0	0	0
AF	0	0.470643	1	0	1	0	0	0	0
AF	0	0.470956	1	0	1	0	0	0	0
AF	0	0.471268	1	0	1	0	0	0	0
AF	0	0.473142	3	2	1	0	0	0	0
AF	0	0.473454	1	0	1	0	0	0	0
AF	0	0.473766	1	1	0	0	0	0	0
AF	0	0.476265	1	1	0	0	0	0	0
AF	0	0.476889	1	1	0	0	0	0	0
AF	0	0.478763	2	1	1	0	0	0	0
AF	0	0.480012	1	1	0	0	0	0	0
AF	0	0.480325	3	3	0	0	0	0	0
AF	0	0.480637	2	1	1	0	0	0	0
AF	0	0.481262	1	1	0	0	0	0	0
AF	0	0.482511	1	1	0	0	0	0	0
AF	0	0.484072	1	1	0	0	0	0	0
AF	0	0.485634	2	2	0	0	0	0	0
AF	0	0.486259	1	1	0	0	0	0	0
AF	0	0.486883	2	2	0	0	0	0	0
AF	0	0.487508	1	1	0	0	0	0	0
AF	0	0.487820	1	1	0	0	0	0	0
AF	0	0.490631	4	4	0	0	0	0	0
AF	0	0.490943	1	1	0	0	0	0	0
AF	0	0.491255	2	2	0	0	0	0	0
AF	0	0.492505	2	2	0	0	0	0	0
AF	0	0.493129	1	1	0	0	0	0	0
AF	0	0.493754	1	1	0	0	0	0	0
AF	0	0.494379	2	2	0	0	0	0	0
AF	0	0.497814	1	0	1	0	0	0	0
AF	0	0.500625	2	1	1	0	0	0	0
AF	0	0.502498	1	0	1	0	0	0	0
AF	0	0.502811	1	0	1	0	0	0	0
AF	0	0.503123	1	1	0	0	0	0	0
AF	0	0.503435	1	1	0	0	0	0	0
AF	0	0.503748	2	1	1	0	0	0	0
AF	0	0.504372	2	1	1	0	0	0	0
AF	0	0.504685	1	1	0	0	0	0	0
AF	0	0.504997	1	1	0	0	0	0	0
AF	0	0.505309	1	1	0	0	0	0	0
AF	0	0.505621	3	2	1	0	0	0	0
AF	0	0.505934	2	1	1	0	0	0	0
AF	0	0.507183	1	1	0	0	0	0	0
AF	0	0.507495	1	1	0	0	0	0	0
AF	0	0.508120	1	1	0	0	0	0	0
AF	0	0.508745	4	3	1	0	0	0	0
AF	0	0.509057	1	0	1	0	0	0	0
AF	0	0.509681	1	0	1	0	0	0	0
AF	0	0.509994	1	0	1	0	0	0	0
AF	0	0.510618	3	3	0	0	0	0	0
AF	0	0.511243	1	0	1	0	0	0	0
AF	0	0.511555	3	3	0	0	0	0	0
AF	0	0.511868	11	7	4	0	0	0	0
AF	0	0.512180	4	4	0	0	0	0	0
AF	0	0.512492	4	1	3	0	0	0	0
AF	0	0.513117	1	0	1	0	0	0	0
AF	0	0.513429	1	1	0	0	0	0	0
AF	0	0.514991	1	1	0	0	0	0	0
AF	0	0.515615	2	1	1	0	0	0	0
AF	0	0.516240	1	1	0	0	0	0	0
AF	0	0.517489	1	1	0	0	0	0	0
AF	0	0.518114	1	0	1	0	0	0	0
AF	0	0.518426	1	1	0	0	0	0	0
AF	0	0.519363	2	2	0	0	0	0	0
AF	0	0.519988	4	4	0	0	0	0	0
AF	0	0.520300	1	1	0	0	0	0	0
AF	0	0.520612	2	1	1	0	0	0	0
AF	0	0.521237	1	0	1	0	0	0	0
AF	0	0.521549	1	1	0	0	0	0	0
AF	0	0.521861	3	1	2	0	0	0	0
AF	0	0.522174	2	2	0	0	0	0	0
AF	0	0.522486	4	3	1	0	0	0	0
AF	0	0.523423	2	2	0	0	0	0	0
AF	0	0.523735	1	1	0	0	0	0	0
AF	0	0.524984	1	1	0	0	0	0	0
AF	0	0.526234	2	1	1	0	0	0	0
AF	0	0.526858	1	1	0	0	0	0	0
AF	0	0.529357	1	1	0	0	0	0	0
AF	0	0.529981	3	2	1	0	0	0	0
AF	0	0.530918	1	1	0	0	0	0	0
AF	0	0.531230	1	1	0	0	0	0	0
AF	0	0.531855	3	0	3	0	0	0	0
AF	0	0.532167	4	2	2	0	0	0	0
AF	0	0.532480	3	2	1	0	0	0	0
AF	0	0.532792	2	1	1	0	0	0	0
AF	0	0.533104	1	1	0	0	0	0	0
AF	0	0.534041	1	1	0	0	0	0	0
AF	0	0.534354	2	2	0	0	0	0	0
AF	0	0.534978	3	3	0	0	0	0	0
AF	0	0.535603	2	2	0	0	0	0	0
AF	0	0.537477	1	1	0	0	0	0	0
AF	0	0.538413	1	1	0	0	0	0	0
AF	0	0.539975	1	1	0	0	0	0	0
AF	0	0.540600	1	0	1	0	0	0	0
AF	0	0.540912	1	1	0	0	0	0	0
AF	0	0.541224	4	3	1	0	0	0	0
AF	0	0.541849	1	1	0	0	0	0	0
AF	0	0.542786	2	1	1	0	0	0	0
AF	0	0.543098	2	2	0	0	0	0	0
AF	0	0.543723	1	1	0	0	0	0	0
AF	0	0.544972	1	0	1	0	0	0	0
AF	0	0.545284	2	1	1	0	0	0	0
AF	0	0.545597	2	1	1	0	0	0	0
AF	0	0.546533	1	1	0	0	0	0	0
AF	0	0.546846	1	1	0	0	0	0	0
AF	0	0.547158	1	0	1	0	0	0	0
AF	0	0.548407	1	0	1	0	0	0	0
AF	0	0.548720	1	1	0	0	0	0	0
AF	0	0.549656	1	1	0	0	0	0	0
AF	0	0.550281	1	1	0	0	0	0	0
AF	0	0.551843	2	2	0	0	0	0	0
AF	0	0.552155	2	1	1	0	0	0	0
AF	0	0.552467	1	0	1	0	0	0	0
AF	0	0.553716	1	0	1	0	0	0	0
AF	0	0.554029	1	1	0	0	0	0	0
AF	0	0.554341	1	1	0	0	0	0	0
AF	0	0.554653	1	1	0	0	0	0	0
AF	0	0.554966	2	1	1	0	0	0	0
AF	0	0.555278	3	2	1	0	0	0	0
AF	0	0.555903	2	1	1	0	0	0	0
AF	0	0.556215	1	1	0	0	0	0	0
AF	0	0.556527	2	2	0	0	0	0	0
AF	0	0.557152	2	2	0	0	0	0	0
AF	0	0.557464	1	0	1	0	0	0	0
AF	0	0.558713	5	4	1	0	0	0	0
AF	0	0.559026	6	4	2	0	0	0	0
AF	0	0.559338	1	1	0	0	0	0	0
AF	0	0.559963	1	1	0	0	0	0	0
AF	0	0.560587	2	0	2	0	0	0	0
AF	0	0.560899	1	1	0	0	0	0	0
AF	0	0.561524	3	1	2	0	0	0	0
AF	0	0.561836	1	1	0	0	0	0	0
AF	0	0.562461	1	1	0	0	0	0	0
AF	0	0.562773	1	1	0	0	0	0	0
AF	0	0.563710	1	1	0	0	0	0	0
AF	0	0.564022	1	1	0	0	0	0	0
AF	0	0.564335	1	0	1	0	0	0	0
AF	0	0.564647	2	1	1	0	0	0	0
AF	0	0.565272	1	1	0	0	0	0	0
AF	0	0.565896	2	0	2	0	0	0	0
AF	0	0.566521	2	2	0	0	0	0	0
AF	0	0.567146	3	3	0	0	0	0	0
AF	0	0.568082	1	0	1	0	0	0	0
AF	0	0.568707	1	0	1	0	0	0	0
AF	0	0.570269	2	2	0	0	0	0	0
AF	0	0.571518	3	2	1	0	0	0	0
AF	0	0.571830	2	1	1	0	0	0	0
AF	0	0.572142	1	1	0	0	0	0	0
AF	0	0.574641	1	1	0	0	0	0	0
AF	0	0.575265	1	1	0	0	0	0	0
AF	0	0.576202	1	1	0	0	0	0	0
AF	0	0.576515	1	1	0	0	0	0	0
AF	0	0.578389	2	2	0	0	0	0	0
AF	0	0.579638	1	1	0	0	0	0	0
AF	0	0.580575	1	0	1	0	0	0	0
AF	0	0.581512	1	0	1	0	0	0	0
AF	0	0.581824	1	1	0	0	0	0	0
AF	0	0.582448	1	1	0	0	0	0	0
AF	0	0.584635	1	1	0	0	0	0	0
AF	0	0.586821	1	1	0	0	0	0	0
AF	0	0.587758	1	1	0	0	0	0	0
AF	0	0.589007	1	1	0	0	0	0	0
AF	0	0.589944	2	1	1	0	0	0	0
AF	0	0.590881	1	1	0	0	0	0	0
AF	0	0.592130	1	1	0	0	0	0	0
AF	0	0.592442	1	1	0	0	0	0	0
AF	0	0.595253	1	0	1	0	0	0	0
AF	0	0.595878	2	1	1	0	0	0	0
AF	0	0.596502	1	0	1	0	0	0	0
AF	0	0.598064	1	1	0	0	0	0	0
AF	0	0.598376	3	2	1	0	0	0	0
AF	0	0.599001	2	2	0	0	0	0	0
AF	0	0.600562	1	1	0	0	0	0	0
AF	0	0.601187	2	1	1	0	0	0	0
AF	0	0.601811	1	1	0	0	0	0	0
AF	0	0.602124	1	1	0	0	0	0	0
AF	0	0.603061	1	1	0	0	0	0	0
AF	0	0.603998	1	0	1	0	0	0	0
AF	0	0.604622	2	1	1	0	0	0	0
AF	0	0.605871	2	0	2	0	0	0	0
AF	0	0.606184	2	2	0	0	0	0	0
AF	0	0.607121	1	0	1	0	0	0	0
AF	0	0.607433	2	2	0	0	0	0	0
AF	0	0.607745	2	2	0	0	0	0	0
AF	0	0.608370	1	1	0	0	0	0	0
AF	0	0.608682	1	1	0	0	0	0	0
AF	0	0.610244	1	0	1	0	0	0	0
AF	0	0.610868	1	1	0	0	0	0	0
AF	0	0.612742	1	1	0	0	0	0	0
AF	0	0.613679	1	0	1	0	0	0	0
AF	0	0.613991	1	1	0	0	0	0	0
AF	0	0.614616	1	1	0	0	0	0	0
AF	0	0.617739	1	1	0	0	0	0	0
AF	0	0.618988	1	1	0	0	0	0	0
AF	0	0.622111	2	2	0	0	0	0	0
AF	0	0.622736	1	0	1	0	0	0	0
AF	0	0.624922	1	1	0	0	0	0	0
AF	0	0.627108	1	0	1	0	0	0	0
AF	0	0.632417	1	1	0	0	0	0	0
AF	0	0.634603	2	1	1	0	0	0	0
AF	0	0.635853	2	0	2	0	0	0	0
AF	0	0.636477	1	1	0	0	0	0	0
AF	0	0.637102	1	1	0	0	0	0	0
AF	0	0.637414	1	0	1	0	0	0	0
AF	0	0.637726	1	1	0	0	0	0	0
AF	0	0.638039	1	0	1	0	0	0	0
AF	0	0.638351	3	2	1	0	0	0	0
AF	0	0.638976	2	0	2	0	0	0	0
AF	0	0.639600	2	1	1	0	0	0	0
AF	0	0.640225	2	2	0	0	0	0	0
AF	0	0.643973	1	1	0	0	0	0	0
AF	0	0.644597	2	2	0	0	0	0	0
AF	0	0.647408	1	1	0	0	0	0	0
AF	0	0.647720	1	1	0	0	0	0	0
AF	0	0.648969	2	1	1	0	0	0	0
AF	0	0.649594	2	0	2	0	0	0	0
AF	0	0.649906	1	1	0	0	0	0	0
AF	0	0.650219	1	1	0	0	0	0	0
AF	0	0.650843	1	1	0	0	0	0	0
AF	0	0.651156	1	1	0	0	0	0	0
AF	0	0.653029	1	1	0	0	0	0	0
AF	0	0.653342	1	1	0	0	0	0	0
AF	0	0.653654	1	1	0	0	0	0	0
AF	0	0.654279	1	0	1	0	0	0	0
AF	0	0.654591	1	0	1	0	0	0	0
AF	0	0.655215	1	1	0	0	0	0	0
AF	0	0.655840	1	1	0	0	0	0	0
AF	0	0.656152	1	1	0	0	0	0	0
AF	0	0.657089	1	1	0	0	0	0	0
AF	0	0.659588	1	0	1	0	0	0	0
AF	0	0.660212	1	0	1	0	0	0	0
AF	0	0.660525	1	0	1	0	0	0	0
AF	0	0.660837	1	0	1	0	0	0	0
AF	0	0.661774	1	1	0	0	0	0	0
AF	0	0.664897	1	1	0	0	0	0	0
AF	0	0.665834	1	1	0	0	0	0	0
AF	0	0.666458	1	0	1	0	0	0	0
AF	0	0.666771	1	1	0	0	0	0	0
AF	0	0.667708	1	0	1	0	0	0	0
AF	0	0.668020	2	0	2	0	0	0	0
AF	0	0.668332	1	1	0	0	0	0	0
AF	0	0.668645	1	1	0	0	0	0	0
AF	0	0.669894	1	1	0	0	0	0	0
AF	0	0.673641	1	1	0	0	0	0	0
AF	0	0.675203	1	1	0	0	0	0	0
AF	0	0.678951	1	1	0	0	0	0	0
AF	0	0.679263	2	0	2	0	0	0	0
AF	0	0.683011	2	2	0	0	0	0	0
AF	0	0.684884	1	0	1	0	0	0	0
AF	0	0.688007	1	0	1	0	0	0	0
AF	0	0.689257	1	0	1	0	0	0	0
AF	0	0.689881	2	1	1	0	0	0	0
AF	0	0.690194	1	0	1	0	0	0	0
AF	0	0.690506	5	5	0	0	0	0	0
AF	0	0.690818	1	1	0	0	0	0	0
AF	0	0.691131	4	3	1	0	0	0	0
AF	0	0.691443	2	0	2	0	0	0	0
AF	0	0.691755	1	1	0	0	0	0	0
AF	0	0.692692	2	1	1	0	0	0	0
AF	0	0.693004	2	1	1	0	0	0	0
AF	0	0.693629	1	1	0	0	0	0	0
AF	0	0.694254	1	0	1	0	0	0	0
AF	0	0.694566	1	0	1	0	0	0	0
AF	0	0.694878	1	0	1	0	0	0	0
AF	0	0.695191	1	1	0	0	0	0	0
AF	0	0.696127	1	1	0	0	0	0	0
AF	0	0.700500	3	2	1	0	0	0	0
AF	0	0.701124	3	2	1	0	0	0	0
AF	0	0.704872	1	1	0	0	0	0	0
AF	0	0.707370	1	0	1	0	0	0	0
AF	0	0.709557	1	1	0	0	0	0	0
AF	0	0.710181	1	1	0	0	0	0	0
AF	0	0.711743	1	1	0	0	0	0	0
AF	0	0.712055	3	3	0	0	0	0	0
AF	0	0.712680	1	1	0	0	0	0	0
AF	0	0.714241	1	0	1	0	0	0	0
AF	0	0.714553	1	0	1	0	0	0	0
AF	0	0.717989	1	1	0	0	0	0	0
AF	0	0.720175	1	1	0	0	0	0	0
AF	0	0.721424	1	0	1	0	0	0	0
AF	0	0.721736	1	1	0	0	0	0	0
AF	0	0.722986	2	2	0	0	0	0	0
AF	0	0.723610	1	1	0	0	0	0	0
AF	0	0.724235	1	0	1	0	0	0	0
AF	0	0.725484	2	1	1	0	0	0	0
AF	0	0.726733	2	2	0	0	0	0	0
AF	0	0.727046	1	1	0	0	0	0	0
AF	0	0.727358	1	1	0	0	0	0	0
AF	0	0.728607	2	2	0	0	0	0	0
AF	0	0.731730	1	1	0	0	0	0	0
AF	0	0.732355	1	1	0	0	0	0	0
AF	0	0.732979	1	1	0	0	0	0	0
AF	0	0.733604	1	0	1	0	0	0	0
AF	0	0.734229	4	3	1	0	0	0	0
AF	0	0.734853	3	1	2	0	0	0	0
AF	0	0.737664	5	4	1	0	0	0	0
AF	0	0.737976	8	7	1	0	0	0	0
AF	0	0.738601	4	4	0	0	0	0	0
AF	0	0.738913	4	3	1	0	0	0	0
AF	0	0.739225	4	3	1	0	0	0	0
AF	0	0.739538	1	0	1	0	0	0	0
AF	0	0.740162	1	0	1	0	0	0	0
AF	0	0.740475	1	0	1	0	0	0	0
AF	0	0.740787	1	0	1	0	0	0	0
AF	0	0.741099	2	2	0	0	0	0	0
AF	0	0.742973	1	1	0	0	0	0	0
AF	0	0.743598	4	2	2	0	0	0	0
AF	0	0.744222	1	1	0	0	0	0	0
AF	0	0.744535	1	0	1	0	0	0	0
AF	0	0.744847	1	1	0	0	0	0	0
AF	0	0.745159	1	0	1	0	0	0	0
AF	0	0.746096	1	0	1	0	0	0	0
AF	0	0.746721	1	0	1	0	0	0	0
AF	0	0.752967	1	1	0	0	0	0	0
AF	0	0.757339	1	1	0	0	0	0	0
AF	0	0.757651	1	0	1	0	0	0	0
AF	0	0.758901	1	1	0	0	0	0	0
AF	0	0.759213	2	1	1	0	0	0	0
AF	0	0.760462	2	0	2	0	0	0	0
AF	0	0.761087	1	1	0	0	0	0	0
AF	0	0.761399	1	0	1	0	0	0	0
AF	0	0.761711	2	0	2	0	0	0	0
AF	0	0.762961	1	1	0	0	0	0	0
AF	0	0.765147	1	1	0	0	0	0	0
AF	0	0.765459	1	1	0	0	0	0	0
AF	0	0.766708	1	1	0	0	0	0	0
AF	0	0.767333	1	1	0	0	0	0	0
AF	0	0.767645	1	1	0	0	0	0	0
AF	0	0.767958	1	0	1	0	0	0	0
AF	0	0.770144	1	1	0	0	0	0	0
AF	0	0.770456	1	1	0	0	0	0	0
AF	0	0.770768	2	1	1	0	0	0	0
AF	0	0.772954	1	0	1	0	0	0	0
AF	0	0.776702	1	1	0	0	0	0	0
AF	0	0.778576	1	0	1	0	0	0	0
AF	0	0.782948	1	1	0	0	0	0	0
AF	0	0.783260	1	1	0	0	0	0	0
AF	0	0.784822	1	1	0	0	0	0	0
AF	0	0.785134	2	2	0	0	0	0	0
AF	0	0.785759	1	1	0	0	0	0	0
AF	0	0.787945	1	0	1	0	0	0	0
AF	0	0.788257	2	2	0	0	0	0	0
AF	0	0.788570	1	0	1	0	0	0	0
AF	0	0.789507	2	2	0	0	0	0	0
AF	0	0.791068	1	1	0	0	0	0	0
AF	0	0.791380	1	1	0	0	0	0	0
AF	0	0.792317	1	1	0	0	0	0	0
AF	0	0.796065	1	1	0	0	0	0	0
AF	0	0.798251	2	1	1	0	0	0	0
AF	0	0.798563	1	1	0	0	0	0	0
AF	0	0.800125	1	0	1	0	0	0	0
AF	0	0.803560	1	1	0	0	0	0	0
AF	0	0.803873	1	1	0	0	0	0	0
AF	0	0.804185	1	0	1	0	0	0	0
AF	0	0.805434	1	1	0	0	0	0	0
AF	0	0.805746	1	0	1	0	0	0	0
AF	0	0.806059	1	1	0	0	0	0	0
AF	0	0.808245	1	1	0	0	0	0	0
AF	0	0.809182	1	1	0	0	0	0	0
AF	0	0.810119	1	1	0	0	0	0	0
AF	0	0.814179	1	1	0	0	0	0	0
AF	0	0.815740	1	1	0	0	0	0	0
AF	0	0.816052	1	1	0	0	0	0	0
AF	0	0.819488	1	0	1	0	0	0	0
AF	0	0.821362	1	0	1	0	0	0	0
AF	0	0.821986	1	1	0	0	0	0	0
AF	0	0.823235	1	0	1	0	0	0	0
AF	0	0.823548	1	1	0	0	0	0	0
AF	0	0.823860	1	0	1	0	0	0	0
AF	0	0.826983	2	1	1	0	0	0	0
AF	0	0.827920	1	0	1	0	0	0	0
AF	0	0.828857	1	1	0	0	0	0	0
AF	0	0.841661	1	0	1	0	0	0	0
AF	0	0.843223	2	1	1	0	0	0	0
AF	0	0.845097	1	0	1	0	0	0	0
AF	0	0.850406	1	1	0	0	0	0	0
AF	0	0.855715	1	0	1	0	0	0	0
AF	0	0.856964	1	0	1	0	0	0	0
AF	0	0.857589	1	1	0	0	0	0	0
AF	0	0.857901	1	0	1	0	0	0	0
AF	0	0.859463	1	0	1	0	0	0	0
AF	0	0.861961	1	1	0	0	0	0	0
AF	0	0.862898	1	1	0	0	0	0	0
AF	0	0.866334	2	2	0	0	0	0	0
AF	0	0.874766	1	0	1	0	0	0	0
AF	0	0.875703	1	1	0	0	0	0	0
AF	0	0.876952	1	1	0	0	0	0	0
AF	0	0.878201	1	0	1	0	0	0	0
AF	0	0.879450	1	1	0	0	0	0	0
AF	0	0.882261	1	0	1	0	0	0	0
AF	0	0.886946	1	0	1	0	0	0	0
AF	0	0.890693	1	1	0	0	0	0	0
AF	0	0.894753	1	0	1	0	0	0	0
AF	0	0.895378	1	0	1	0	0	0	0
AF	0	0.899438	2	2	0	0	0	0	0
AF	0	0.899750	2	1	1	0	0	0	0
AF	0	0.900375	1	1	0	0	0	0	0
AF	0	0.903498	2	1	1	0	0	0	0
AF	0	0.905372	2	0	2	0	0	0	0
AF	0	0.905684	1	1	0	0	0	0	0
AF	0	0.906309	1	1	0	0	0	0	0
AF	0	0.906621	2	2	0	0	0	0	0
AF	0	0.906933	3	2	1	0	0	0	0
AF	0	0.908807	1	1	0	0	0	0	0
AF	0	0.909119	1	0	1	0	0	0	0
AF	0	0.909432	1	0	1	0	0	0	0
AF	0	0.909744	1	1	0	0	0	0	0
AF	0	0.913492	1	0	1	0	0	0	0
AF	0	0.916615	2	1	1	0	0	0	0
AF	0	0.916927	1	0	1	0	0	0	0
AF	0	0.917552	1	1	0	0	0	0	0
AF	0	0.918801	1	1	0	0	0	0	0
AF	0	0.919738	1	1	0	0	0	0	0
AF	0	0.920362	1	0	1	0	0	0	0
AF	0	0.923173	1	0	1	0	0	0	0
AF	0	0.923485	1	1	0	0	0	0	0
AF	0	0.929419	1	1	0	0	0	0	0
AF	0	0.929731	1	0	1	0	0	0	0
AF	0	0.931293	1	1	0	0	0	0	0
AF	0	0.931605	2	2	0	0	0	0	0
AF	0	0.932230	1	0	1	0	0	0	0
AF	0	0.934728	1	1	0	0	0	0	0
AF	0	0.936914	1	0	1	0	0	0	0
AF	0	0.939413	1	1	0	0	0	0	0
AF	0	0.939725	1	0	1	0	0	0	0
AF	0	0.940974	1	1	0	0	0	0	0
AF	0	0.942848	3	2	1	0	0	0	0
AF	0	0.943785	1	0	1	0	0	0	0
AF	0	0.944410	1	1	0	0	0	0	0
AF	0	0.945034	2	1	1	0	0	0	0
AF	0	0.945347	2	2	0	0	0	0	0
AF	0	0.945971	1	1	0	0	0	0	0
AF	0	0.946908	1	1	0	0	0	0	0
AF	0	0.947533	1	1	0	0	0	0	0
AF	0	0.947845	1	1	0	0	0	0	0
AF	0	0.948470	2	1	1	0	0	0	0
AF	0	0.949094	1	1	0	0	0	0	0
AF	0	0.949407	3	1	2	0	0	0	0
AF	0	0.949719	1	1	0	0	0	0	0
AF	0	0.950031	1	1	0	0	0	0	0
AF	0	0.952842	1	0	1	0	0	0	0
AF	0	0.953779	1	1	0	0	0	0	0
AF	0	0.954091	4	2	2	0	0	0	0
AF	0	0.954403	2	1	1	0	0	0	0
AF	0	0.954716	3	1	2	0	0	0	0
AF	0	0.955028	2	1	1	0	0	0	0
AF	0	0.955340	3	2	1	0	0	0	0
AF	0	0.955965	1	1	0	0	0	0	0
AF	0	0.956277	1	1	0	0	0	0	0
AF	0	0.956590	2	1	1	0	0	0	0
AF	0	0.957214	3	2	1	0	0	0	0
AF	0	0.957527	1	1	0	0	0	0	0
AF	0	0.957839	3	2	1	0	0	0	0
AF	0	0.958151	2	2	0	0	0	0	0
AF	0	0.959088	3	2	1	0	0	0	0
AF	0	0.959400	2	2	0	0	0	0	0
AF	0	0.959713	2	1	1	0	0	0	0
AF	0	0.960025	2	1	1	0	0	0	0
AF	0	0.960337	1	0	1	0	0	0	0
AF	0	0.960650	3	2	1	0	0	0	0
AF	0	0.960962	1	1	0	0	0	0	0
AF	0	0.961587	1	1	0	0	0	0	0
AF	0	0.962211	1	1	0	0	0	0	0
AF	0	0.962523	1	1	0	0	0	0	0
AF	0	0.962836	1	0	1	0	0	0	0
AF	0	0.963148	1	1	0	0	0	0	0
AF	0	0.963460	4	3	1	0	0	0	0
AF	0	0.963773	2	1	1	0	0	0	0
AF	0	0.964397	2	2	0	0	0	0	0
AF	0	0.965646	3	3	0	0	0	0	0
AF	0	0.965959	1	0	1	0	0	0	0
AF	0	0.967208	4	1	3	0	0	0	0
AF	0	0.967520	1	0	1	0	0	0	0
AF	0	0.969082	3	0	3	0	0	0	0
AF	0	0.969394	1	1	0	0	0	0	0
AF	0	0.969706	34	30	4	0	0	0	0
AF	0	0.970019	3	1	2	0	0	0	0
AF	0	0.970643	1	1	0	0	0	0	0
AF	0	0.974079	1	1	0	0	0	0	0
AF	0	0.974703	1	1	0	0	0	0	0
AF	0	0.975328	2	0	2	0	0	0	0
AF	0	0.976265	1	1	0	0	0	0	0
AF	0	0.976577	1	1	0	0	0	0	0
AF	0	0.977202	1	1	0	0	0	0	0
AF	0	0.977826	1	0	1	0	0	0	0
AF	0	0.978139	1	0	1	0	0	0	0
AF	0	0.978451	5	3	2	0	0	0	0
AF	0	0.979076	3	0	3	0	0	0	0
AF	0	0.979700	2	2	0	0	0	0	0
AF	0	0.980325	3	3	0	0	0	0	0
AF	0	0.981574	4	3	1	0	0	0	0
AF	0	0.982199	1	1	0	0	0	0	0
AF	0	0.982511	1	1	0	0	0	0	0
AF	0	0.982823	8	5	3	0	0	0	0
AF	0	0.983136	2	2	0	0	0	0	0
AF	0	0.983448	2	0	2	0	0	0	0
AF	0	0.984697	1	1	0	0	0	0	0
AF	0	0.985009	2	2	0	0	0	0	0
AF	0	0.985322	1	1	0	0	0	0	0
AF	0	0.985946	2	0	2	0	0	0	0
AF	0	0.986259	2	1	1	0	0	0	0
AF	0	0.986571	2	1	1	0	0	0	0
AF	0	0.986883	3	3	0	0	0	0	0
AF	0	0.987196	4	3	1	0	0	0	0
AF	0	0.987820	1	1	0	0	0	0	0
AF	0	0.988132	1	1	0	0	0	0	0
AF	0	0.988445	2	1	1	0	0	0	0
AF	0	0.989069	6	3	3	0	0	0	0
AF	0	0.989694	2	2	0	0	0	0	0
AF	0	0.990319	14	8	6	0	0	0	0
AF	0	0.990631	1	1	0	0	0	0	0
AF	0	0.990943	1	0	1	0	0	0	0
AF	0	0.991880	1	1	0	0	0	0	0
AF	0	0.992505	1	0	1	0	0	0	0
AF	0	0.992817	2	2	0	0	0	0	0
AF	0	0.993754	1	1	0	0	0	0	0
AF	0	0.994066	8	7	1	0	0	0	0
AF	0	0.994379	1	1	0	0	0	0	0
AF	0	0.994691	2	2	0	0	0	0	0
AF	0	0.995315	1	0	1	0	0	0	0
AF	0	0.995628	3	1	2	0	0	0	0
AF	0	0.995940	9	6	3	0	0	0	0
AF	0	0.996252	9	8	1	0	0	0	0
AF	0	0.996565	5	3	2	0	0	0	0
AF	0	0.996877	7	5	2	0	0	0	0
AF	0	0.997189	5	4	1	0	0	0	0
AF	0	0.997502	3	2	1	0	0	0	0
AF	0	0.997814	1	1	0	0	0	0	0
AF	0	0.998438	1	1	0	0	0	0	0
AF	0	0.998751	1	1	0	0	0	0	0
# QUAL, Stats by quality
# QUAL	[2]id	[3]Quality	[4]number of SNPs	[5]number of transitions (1st ALT)	[6]number of transversions (1st ALT)	[7]number of indels
QUAL	0	.	17419	11551	5868	0
# IDD, InDel distribution:
# IDD	[2]id	[3]length (deletions negative)	[4]number of sites	[5]number of genotypes	[6]mean VAF
# ST, Substitution types:
# ST	[2]id	[3]type	[4]count
ST	0	A>C	599
ST	0	A>G	2209
ST	0	A>T	676
ST	0	C>A	938
ST	0	C>G	752
ST	0	C>T	3562
ST	0	G>A	3360
ST	0	G>C	668
ST	0	G>T	871
ST	0	T>A	702
ST	0	T>C	2420
ST	0	T>G	662
# DP, Depth distribution
# DP	[2]id	[3]bin	[4]number of genotypes	[5]fraction of genotypes (%)	[6]number of sites	[7]fraction of sites (%)
  - Fix haploid genotypes in males...

Submit MakeDiploidMalesX finished successfully. Let's have a beer, buddy!

