Submit MakeDiploidMalesX
version 1.1.6 (2024-09-30)

These are the settings:
  Input file................: /hpc/local/Rocky8/dhl_ec/software/MonopogenLite/resources/1kGP_high_coverage_Illumina.SNVonly_poly.filtered_AF_5e-04.norm.fixvariantid.chrX.vcf.gz
  Output file...............: /hpc/local/Rocky8/dhl_ec/software/MonopogenLite/resources/1kGP_high_coverage_Illumina.SNVonly_poly.filtered_AF_5e-04.norm.fixvariantid.makediploid.chrX.vcf.gz
  Chunk size................: 100

  SLURM CPUs................: 4
  SLURM Array ID............: 42 (of 100)
  SLURM memory..............: 16G
  SLURM time................: 01:00:00
  SLURM mail type...........: FAIL
  SLURM mail user...........: s.w.vanderlaan-2@umcutrecht.nl

  Dry run mode..............: 0
  Debug mode................: 1
  Verbosity.................: 0
  Version...................: 1.1.6 (2024-09-30)

Making converting haploid genotypes to diploid genotypes.
> Extract the region for this SLURM task (# 42) from the BED file.
  - Get the chunk number from the SLURM array task ID and the bed file...
DEBUG: Extracting chunk number: 42p from 42
DEBUG: Extracting region from BED file: /hpc/local/Rocky8/dhl_ec/software/MonopogenLite/resources/chrX_100pieces.bed
  - Extract the region from the BED file...
DEBUG: Extracted raw region: 'chrX	63976729	65537136' (chunk #: 42p of 100 for job 42)
  - Check if a valid region was extracted -- should be 'chrX	63976729	65537136'...
  - Prepare the region for bcftools...
  - Check if the region (chrX:63976729-65537136) was successfully extracted...
> Processing region 'chrX:63976729-65537136'...
  - Process the specific region (chunk# 42) using bcftools view...
  - Index the VCF file...
DEBUG: Check if the VCF file was successfully processed...
##fileformat=VCFv4.2
##FILTER=<ID=PASS,Description="All filters passed">
##fileDate=29/01/2022 - 14:31:41
##source=shapeit4.2.2
##contig=<ID=chr1,length=248956422>
##contig=<ID=chr2,length=242193529>
##contig=<ID=chr3,length=198295559>
##contig=<ID=chr4,length=190214555>
##contig=<ID=chr5,length=181538259>
##contig=<ID=chr6,length=170805979>
# This file was produced by bcftools stats (1.20+htslib-1.20) and can be plotted using plot-vcfstats.
# The command line was:	bcftools stats  /hpc/local/Rocky8/dhl_ec/software/MonopogenLite/resources/chrX.part42.vcf.gz
#
# Definition of sets:
# ID	[2]id	[3]tab-separated file names
ID	0	/hpc/local/Rocky8/dhl_ec/software/MonopogenLite/resources/chrX.part42.vcf.gz
# SN, Summary numbers:
#   number of records   .. number of data rows in the VCF
#   number of no-ALTs   .. reference-only sites, ALT is either "." or identical to REF
#   number of SNPs      .. number of rows with a SNP
#   number of MNPs      .. number of rows with a MNP, such as CC>TT
#   number of indels    .. number of rows with an indel
#   number of others    .. number of rows with other type, for example a symbolic allele or
#                          a complex substitution, such as ACT>TCGA
#   number of multiallelic sites     .. number of rows with multiple alternate alleles
#   number of multiallelic SNP sites .. number of rows with multiple alternate alleles, all SNPs
# 
#   Note that rows containing multiple types will be counted multiple times, in each
#   counter. For example, a row with a SNP and an indel increments both the SNP and
#   the indel counter.
# 
# SN	[2]id	[3]key	[4]value
SN	0	number of samples:	3202
SN	0	number of records:	19448
SN	0	number of no-ALTs:	0
SN	0	number of SNPs:	19448
SN	0	number of MNPs:	0
SN	0	number of indels:	0
SN	0	number of others:	0
SN	0	number of multiallelic sites:	0
SN	0	number of multiallelic SNP sites:	0
# TSTV, transitions/transversions:
# TSTV	[2]id	[3]ts	[4]tv	[5]ts/tv	[6]ts (1st ALT)	[7]tv (1st ALT)	[8]ts/tv (1st ALT)
TSTV	0	12166	7282	1.67	12166	7282	1.67
# SiS, Singleton stats:
# SiS	[2]id	[3]allele count	[4]number of SNPs	[5]number of transitions	[6]number of transversions	[7]number of indels	[8]repeat-consistent	[9]repeat-inconsistent	[10]not applicable
SiS	0	1	0	0	0	0	0	0	0
# AF, Stats by non-reference allele frequency:
# AF	[2]id	[3]allele frequency	[4]number of SNPs	[5]number of transitions	[6]number of transversions	[7]number of indels	[8]repeat-consistent	[9]repeat-inconsistent	[10]not applicable
AF	0	0.000312	3846	2421	1425	0	0	0	0
AF	0	0.000625	2420	1462	958	0	0	0	0
AF	0	0.000937	2997	1907	1090	0	0	0	0
AF	0	0.001249	837	528	309	0	0	0	0
AF	0	0.001562	1313	835	478	0	0	0	0
AF	0	0.001874	557	317	240	0	0	0	0
AF	0	0.002186	636	392	244	0	0	0	0
AF	0	0.002498	285	182	103	0	0	0	0
AF	0	0.002811	522	325	197	0	0	0	0
AF	0	0.003123	245	157	88	0	0	0	0
AF	0	0.003435	333	201	132	0	0	0	0
AF	0	0.003748	126	85	41	0	0	0	0
AF	0	0.004060	223	126	97	0	0	0	0
AF	0	0.004372	114	74	40	0	0	0	0
AF	0	0.004685	175	115	60	0	0	0	0
AF	0	0.004997	149	100	49	0	0	0	0
AF	0	0.005309	222	134	88	0	0	0	0
AF	0	0.005621	87	59	28	0	0	0	0
AF	0	0.005934	123	76	47	0	0	0	0
AF	0	0.006246	72	52	20	0	0	0	0
AF	0	0.006558	87	57	30	0	0	0	0
AF	0	0.006871	83	45	38	0	0	0	0
AF	0	0.007183	115	79	36	0	0	0	0
AF	0	0.007495	58	38	20	0	0	0	0
AF	0	0.007808	88	47	41	0	0	0	0
AF	0	0.008120	46	28	18	0	0	0	0
AF	0	0.008432	122	85	37	0	0	0	0
AF	0	0.008745	32	18	14	0	0	0	0
AF	0	0.009057	98	66	32	0	0	0	0
AF	0	0.009369	105	77	28	0	0	0	0
AF	0	0.009681	63	44	19	0	0	0	0
AF	0	0.009994	53	32	21	0	0	0	0
AF	0	0.010306	76	48	28	0	0	0	0
AF	0	0.010618	50	32	18	0	0	0	0
AF	0	0.010931	55	37	18	0	0	0	0
AF	0	0.011243	20	14	6	0	0	0	0
AF	0	0.011555	95	60	35	0	0	0	0
AF	0	0.011868	27	16	11	0	0	0	0
AF	0	0.012180	19	13	6	0	0	0	0
AF	0	0.012492	3	2	1	0	0	0	0
AF	0	0.012804	18	8	10	0	0	0	0
AF	0	0.013117	32	23	9	0	0	0	0
AF	0	0.013429	14	8	6	0	0	0	0
AF	0	0.013741	6	4	2	0	0	0	0
AF	0	0.014054	20	14	6	0	0	0	0
AF	0	0.014366	7	3	4	0	0	0	0
AF	0	0.014678	31	19	12	0	0	0	0
AF	0	0.014991	4	2	2	0	0	0	0
AF	0	0.015303	44	32	12	0	0	0	0
AF	0	0.015615	25	17	8	0	0	0	0
AF	0	0.015928	34	22	12	0	0	0	0
AF	0	0.016240	20	16	4	0	0	0	0
AF	0	0.016552	23	14	9	0	0	0	0
AF	0	0.016864	5	3	2	0	0	0	0
AF	0	0.017177	44	28	16	0	0	0	0
AF	0	0.017489	10	4	6	0	0	0	0
AF	0	0.017801	23	16	7	0	0	0	0
AF	0	0.018114	4	1	3	0	0	0	0
AF	0	0.018426	41	22	19	0	0	0	0
AF	0	0.018738	19	15	4	0	0	0	0
AF	0	0.019051	57	37	20	0	0	0	0
AF	0	0.019363	39	26	13	0	0	0	0
AF	0	0.019675	25	15	10	0	0	0	0
AF	0	0.019988	8	3	5	0	0	0	0
AF	0	0.020300	18	13	5	0	0	0	0
AF	0	0.020612	10	7	3	0	0	0	0
AF	0	0.020924	46	27	19	0	0	0	0
AF	0	0.021237	8	5	3	0	0	0	0
AF	0	0.021549	16	12	4	0	0	0	0
AF	0	0.021861	5	3	2	0	0	0	0
AF	0	0.022174	16	10	6	0	0	0	0
AF	0	0.022486	5	4	1	0	0	0	0
AF	0	0.022798	20	10	10	0	0	0	0
AF	0	0.023111	3	2	1	0	0	0	0
AF	0	0.023423	11	10	1	0	0	0	0
AF	0	0.023735	7	5	2	0	0	0	0
AF	0	0.024047	5	3	2	0	0	0	0
AF	0	0.024360	3	2	1	0	0	0	0
AF	0	0.024672	13	11	2	0	0	0	0
AF	0	0.024984	3	1	2	0	0	0	0
AF	0	0.025609	1	0	1	0	0	0	0
AF	0	0.025921	5	2	3	0	0	0	0
AF	0	0.026234	3	1	2	0	0	0	0
AF	0	0.026546	13	5	8	0	0	0	0
AF	0	0.026858	6	5	1	0	0	0	0
AF	0	0.027171	4	2	2	0	0	0	0
AF	0	0.027483	4	1	3	0	0	0	0
AF	0	0.027795	3	1	2	0	0	0	0
AF	0	0.028107	3	0	3	0	0	0	0
AF	0	0.028420	7	5	2	0	0	0	0
AF	0	0.028732	3	2	1	0	0	0	0
AF	0	0.029044	6	2	4	0	0	0	0
AF	0	0.029357	1	1	0	0	0	0	0
AF	0	0.029669	11	7	4	0	0	0	0
AF	0	0.029981	6	2	4	0	0	0	0
AF	0	0.030294	8	4	4	0	0	0	0
AF	0	0.030606	5	4	1	0	0	0	0
AF	0	0.030918	15	11	4	0	0	0	0
AF	0	0.031230	4	3	1	0	0	0	0
AF	0	0.031543	9	2	7	0	0	0	0
AF	0	0.031855	1	0	1	0	0	0	0
AF	0	0.032167	1	1	0	0	0	0	0
AF	0	0.032792	1	1	0	0	0	0	0
AF	0	0.033104	1	1	0	0	0	0	0
AF	0	0.033417	3	2	1	0	0	0	0
AF	0	0.034041	6	2	4	0	0	0	0
AF	0	0.034666	4	1	3	0	0	0	0
AF	0	0.034978	2	2	0	0	0	0	0
AF	0	0.035290	5	2	3	0	0	0	0
AF	0	0.035603	1	0	1	0	0	0	0
AF	0	0.036227	2	1	1	0	0	0	0
AF	0	0.036540	3	3	0	0	0	0	0
AF	0	0.036852	1	1	0	0	0	0	0
AF	0	0.037164	3	3	0	0	0	0	0
AF	0	0.037477	6	4	2	0	0	0	0
AF	0	0.037789	1	1	0	0	0	0	0
AF	0	0.038101	1	0	1	0	0	0	0
AF	0	0.038413	2	2	0	0	0	0	0
AF	0	0.039038	5	4	1	0	0	0	0
AF	0	0.039350	1	1	0	0	0	0	0
AF	0	0.039663	14	7	7	0	0	0	0
AF	0	0.039975	6	5	1	0	0	0	0
AF	0	0.040287	3	3	0	0	0	0	0
AF	0	0.040600	6	3	3	0	0	0	0
AF	0	0.040912	6	3	3	0	0	0	0
AF	0	0.041224	2	2	0	0	0	0	0
AF	0	0.041537	2	1	1	0	0	0	0
AF	0	0.041849	2	1	1	0	0	0	0
AF	0	0.042161	5	3	2	0	0	0	0
AF	0	0.042473	2	1	1	0	0	0	0
AF	0	0.042786	4	3	1	0	0	0	0
AF	0	0.043098	1	0	1	0	0	0	0
AF	0	0.043410	4	1	3	0	0	0	0
AF	0	0.044035	2	2	0	0	0	0	0
AF	0	0.044347	1	0	1	0	0	0	0
AF	0	0.044660	1	1	0	0	0	0	0
AF	0	0.045284	1	0	1	0	0	0	0
AF	0	0.045909	2	1	1	0	0	0	0
AF	0	0.046221	1	1	0	0	0	0	0
AF	0	0.046533	1	0	1	0	0	0	0
AF	0	0.046846	1	1	0	0	0	0	0
AF	0	0.047158	2	0	2	0	0	0	0
AF	0	0.047470	2	1	1	0	0	0	0
AF	0	0.049032	1	1	0	0	0	0	0
AF	0	0.050593	1	0	1	0	0	0	0
AF	0	0.052155	2	1	1	0	0	0	0
AF	0	0.053404	2	0	2	0	0	0	0
AF	0	0.054653	2	2	0	0	0	0	0
AF	0	0.055278	1	0	1	0	0	0	0
AF	0	0.057464	1	1	0	0	0	0	0
AF	0	0.058089	1	1	0	0	0	0	0
AF	0	0.058401	1	1	0	0	0	0	0
AF	0	0.059026	1	1	0	0	0	0	0
AF	0	0.059338	2	1	1	0	0	0	0
AF	0	0.059650	2	1	1	0	0	0	0
AF	0	0.059963	1	1	0	0	0	0	0
AF	0	0.060275	1	1	0	0	0	0	0
AF	0	0.060587	3	2	1	0	0	0	0
AF	0	0.060899	1	1	0	0	0	0	0
AF	0	0.061212	2	1	1	0	0	0	0
AF	0	0.061836	2	1	1	0	0	0	0
AF	0	0.062773	3	2	1	0	0	0	0
AF	0	0.063086	1	0	1	0	0	0	0
AF	0	0.063398	1	1	0	0	0	0	0
AF	0	0.063710	2	1	1	0	0	0	0
AF	0	0.064022	2	1	1	0	0	0	0
AF	0	0.064647	4	3	1	0	0	0	0
AF	0	0.065272	2	1	1	0	0	0	0
AF	0	0.065584	1	0	1	0	0	0	0
AF	0	0.065896	1	0	1	0	0	0	0
AF	0	0.066521	1	0	1	0	0	0	0
AF	0	0.067146	1	1	0	0	0	0	0
AF	0	0.068395	1	0	1	0	0	0	0
AF	0	0.069019	1	1	0	0	0	0	0
AF	0	0.069332	1	0	1	0	0	0	0
AF	0	0.069644	3	3	0	0	0	0	0
AF	0	0.070893	1	1	0	0	0	0	0
AF	0	0.071830	1	1	0	0	0	0	0
AF	0	0.072455	1	0	1	0	0	0	0
AF	0	0.073392	1	0	1	0	0	0	0
AF	0	0.074016	1	1	0	0	0	0	0
AF	0	0.075578	1	1	0	0	0	0	0
AF	0	0.076827	1	1	0	0	0	0	0
AF	0	0.077139	1	1	0	0	0	0	0
AF	0	0.077764	1	1	0	0	0	0	0
AF	0	0.078076	1	1	0	0	0	0	0
AF	0	0.079013	1	0	1	0	0	0	0
AF	0	0.079950	1	0	1	0	0	0	0
AF	0	0.080262	2	2	0	0	0	0	0
AF	0	0.080575	1	0	1	0	0	0	0
AF	0	0.080887	1	1	0	0	0	0	0
AF	0	0.081199	1	1	0	0	0	0	0
AF	0	0.081824	1	0	1	0	0	0	0
AF	0	0.082136	4	3	1	0	0	0	0
AF	0	0.082761	4	3	1	0	0	0	0
AF	0	0.083073	2	2	0	0	0	0	0
AF	0	0.083385	1	1	0	0	0	0	0
AF	0	0.083698	1	1	0	0	0	0	0
AF	0	0.084010	2	1	1	0	0	0	0
AF	0	0.085259	3	2	1	0	0	0	0
AF	0	0.085884	1	0	1	0	0	0	0
AF	0	0.086508	1	1	0	0	0	0	0
AF	0	0.087758	1	1	0	0	0	0	0
AF	0	0.088382	1	0	1	0	0	0	0
AF	0	0.088695	1	1	0	0	0	0	0
AF	0	0.089007	8	6	2	0	0	0	0
AF	0	0.089319	1	1	0	0	0	0	0
AF	0	0.089631	1	0	1	0	0	0	0
AF	0	0.090881	1	0	1	0	0	0	0
AF	0	0.093067	1	1	0	0	0	0	0
AF	0	0.093379	1	1	0	0	0	0	0
AF	0	0.095253	3	2	1	0	0	0	0
AF	0	0.095565	1	1	0	0	0	0	0
AF	0	0.095878	2	2	0	0	0	0	0
AF	0	0.096190	3	1	2	0	0	0	0
AF	0	0.096502	2	0	2	0	0	0	0
AF	0	0.096814	2	0	2	0	0	0	0
AF	0	0.097127	3	1	2	0	0	0	0
AF	0	0.097439	4	1	3	0	0	0	0
AF	0	0.097751	2	0	2	0	0	0	0
AF	0	0.098064	3	1	2	0	0	0	0
AF	0	0.098376	11	5	6	0	0	0	0
AF	0	0.098688	14	8	6	0	0	0	0
AF	0	0.099001	9	8	1	0	0	0	0
AF	0	0.099313	12	7	5	0	0	0	0
AF	0	0.099625	43	28	15	0	0	0	0
AF	0	0.099938	20	14	6	0	0	0	0
AF	0	0.100250	103	63	40	0	0	0	0
AF	0	0.100562	22	18	4	0	0	0	0
AF	0	0.100874	42	25	17	0	0	0	0
AF	0	0.101187	31	21	10	0	0	0	0
AF	0	0.101499	38	22	16	0	0	0	0
AF	0	0.101811	8	7	1	0	0	0	0
AF	0	0.102124	5	4	1	0	0	0	0
AF	0	0.102436	8	7	1	0	0	0	0
AF	0	0.102748	22	14	8	0	0	0	0
AF	0	0.103061	5	2	3	0	0	0	0
AF	0	0.103373	5	3	2	0	0	0	0
AF	0	0.103685	2	0	2	0	0	0	0
AF	0	0.103998	1	0	1	0	0	0	0
AF	0	0.104622	6	5	1	0	0	0	0
AF	0	0.104934	3	1	2	0	0	0	0
AF	0	0.105247	23	10	13	0	0	0	0
AF	0	0.105559	12	10	2	0	0	0	0
AF	0	0.105871	2	1	1	0	0	0	0
AF	0	0.106184	2	2	0	0	0	0	0
AF	0	0.106496	19	14	5	0	0	0	0
AF	0	0.106808	17	8	9	0	0	0	0
AF	0	0.107121	19	13	6	0	0	0	0
AF	0	0.107433	5	2	3	0	0	0	0
AF	0	0.107745	13	9	4	0	0	0	0
AF	0	0.108057	16	8	8	0	0	0	0
AF	0	0.108370	13	8	5	0	0	0	0
AF	0	0.108682	4	2	2	0	0	0	0
AF	0	0.108994	4	3	1	0	0	0	0
AF	0	0.109307	1	0	1	0	0	0	0
AF	0	0.109619	2	1	1	0	0	0	0
AF	0	0.110244	2	1	1	0	0	0	0
AF	0	0.110556	2	1	1	0	0	0	0
AF	0	0.110868	1	1	0	0	0	0	0
AF	0	0.111181	1	1	0	0	0	0	0
AF	0	0.111493	1	1	0	0	0	0	0
AF	0	0.111805	1	1	0	0	0	0	0
AF	0	0.112117	1	0	1	0	0	0	0
AF	0	0.112430	1	0	1	0	0	0	0
AF	0	0.113679	1	1	0	0	0	0	0
AF	0	0.114304	3	2	1	0	0	0	0
AF	0	0.118676	1	0	1	0	0	0	0
AF	0	0.118988	1	0	1	0	0	0	0
AF	0	0.119300	1	0	1	0	0	0	0
AF	0	0.119925	2	2	0	0	0	0	0
AF	0	0.120237	1	0	1	0	0	0	0
AF	0	0.120550	2	1	1	0	0	0	0
AF	0	0.120862	4	3	1	0	0	0	0
AF	0	0.121174	11	10	1	0	0	0	0
AF	0	0.121487	6	3	3	0	0	0	0
AF	0	0.121799	7	7	0	0	0	0	0
AF	0	0.122111	2	0	2	0	0	0	0
AF	0	0.122423	4	3	1	0	0	0	0
AF	0	0.122736	1	1	0	0	0	0	0
AF	0	0.123048	2	0	2	0	0	0	0
AF	0	0.123673	3	2	1	0	0	0	0
AF	0	0.123985	3	1	2	0	0	0	0
AF	0	0.124297	4	3	1	0	0	0	0
AF	0	0.124610	2	1	1	0	0	0	0
AF	0	0.124922	5	4	1	0	0	0	0
AF	0	0.125234	2	1	1	0	0	0	0
AF	0	0.125547	3	2	1	0	0	0	0
AF	0	0.125859	3	2	1	0	0	0	0
AF	0	0.126171	5	5	0	0	0	0	0
AF	0	0.126483	3	3	0	0	0	0	0
AF	0	0.126796	13	7	6	0	0	0	0
AF	0	0.127108	1	1	0	0	0	0	0
AF	0	0.127420	3	3	0	0	0	0	0
AF	0	0.128045	3	1	2	0	0	0	0
AF	0	0.128670	1	1	0	0	0	0	0
AF	0	0.129294	1	0	1	0	0	0	0
AF	0	0.129606	1	1	0	0	0	0	0
AF	0	0.130231	3	1	2	0	0	0	0
AF	0	0.130856	2	0	2	0	0	0	0
AF	0	0.131480	1	0	1	0	0	0	0
AF	0	0.131793	1	1	0	0	0	0	0
AF	0	0.132730	1	1	0	0	0	0	0
AF	0	0.133979	1	1	0	0	0	0	0
AF	0	0.134916	1	0	1	0	0	0	0
AF	0	0.135228	2	1	1	0	0	0	0
AF	0	0.136165	1	0	1	0	0	0	0
AF	0	0.137102	2	1	1	0	0	0	0
AF	0	0.137414	3	2	1	0	0	0	0
AF	0	0.137726	1	1	0	0	0	0	0
AF	0	0.138351	2	1	1	0	0	0	0
AF	0	0.138663	2	0	2	0	0	0	0
AF	0	0.139288	2	2	0	0	0	0	0
AF	0	0.139600	2	2	0	0	0	0	0
AF	0	0.139913	7	5	2	0	0	0	0
AF	0	0.140225	4	4	0	0	0	0	0
AF	0	0.140537	14	8	6	0	0	0	0
AF	0	0.140849	5	4	1	0	0	0	0
AF	0	0.141162	5	3	2	0	0	0	0
AF	0	0.141474	4	3	1	0	0	0	0
AF	0	0.141786	9	6	3	0	0	0	0
AF	0	0.142099	5	2	3	0	0	0	0
AF	0	0.142411	2	2	0	0	0	0	0
AF	0	0.142723	1	1	0	0	0	0	0
AF	0	0.143036	1	1	0	0	0	0	0
AF	0	0.143348	3	3	0	0	0	0	0
AF	0	0.143660	6	3	3	0	0	0	0
AF	0	0.143973	4	2	2	0	0	0	0
AF	0	0.144285	3	2	1	0	0	0	0
AF	0	0.144597	2	1	1	0	0	0	0
AF	0	0.144909	2	1	1	0	0	0	0
AF	0	0.145222	2	1	1	0	0	0	0
AF	0	0.145534	3	2	1	0	0	0	0
AF	0	0.145846	1	0	1	0	0	0	0
AF	0	0.146159	2	2	0	0	0	0	0
AF	0	0.146471	1	1	0	0	0	0	0
AF	0	0.146783	1	0	1	0	0	0	0
AF	0	0.147408	1	1	0	0	0	0	0
AF	0	0.148032	1	1	0	0	0	0	0
AF	0	0.148657	6	3	3	0	0	0	0
AF	0	0.148969	9	5	4	0	0	0	0
AF	0	0.149282	3	2	1	0	0	0	0
AF	0	0.149594	4	2	2	0	0	0	0
AF	0	0.149906	5	2	3	0	0	0	0
AF	0	0.150219	4	3	1	0	0	0	0
AF	0	0.150531	12	3	9	0	0	0	0
AF	0	0.151156	13	9	4	0	0	0	0
AF	0	0.151468	2	2	0	0	0	0	0
AF	0	0.151780	2	1	1	0	0	0	0
AF	0	0.152092	5	5	0	0	0	0	0
AF	0	0.152405	2	2	0	0	0	0	0
AF	0	0.153029	5	2	3	0	0	0	0
AF	0	0.153342	3	2	1	0	0	0	0
AF	0	0.153654	11	7	4	0	0	0	0
AF	0	0.153966	8	4	4	0	0	0	0
AF	0	0.154279	7	4	3	0	0	0	0
AF	0	0.154591	1	0	1	0	0	0	0
AF	0	0.154903	4	4	0	0	0	0	0
AF	0	0.155215	1	0	1	0	0	0	0
AF	0	0.155528	4	2	2	0	0	0	0
AF	0	0.156152	3	2	1	0	0	0	0
AF	0	0.156465	1	1	0	0	0	0	0
AF	0	0.156777	1	0	1	0	0	0	0
AF	0	0.157402	3	2	1	0	0	0	0
AF	0	0.158026	3	2	1	0	0	0	0
AF	0	0.158651	9	6	3	0	0	0	0
AF	0	0.158963	3	1	2	0	0	0	0
AF	0	0.159275	6	4	2	0	0	0	0
AF	0	0.159588	2	2	0	0	0	0	0
AF	0	0.159900	10	5	5	0	0	0	0
AF	0	0.160212	7	6	1	0	0	0	0
AF	0	0.160525	18	6	12	0	0	0	0
AF	0	0.160837	3	1	2	0	0	0	0
AF	0	0.161149	21	12	9	0	0	0	0
AF	0	0.161462	19	12	7	0	0	0	0
AF	0	0.161774	48	29	19	0	0	0	0
AF	0	0.162086	18	14	4	0	0	0	0
AF	0	0.162399	20	14	6	0	0	0	0
AF	0	0.162711	4	3	1	0	0	0	0
AF	0	0.163023	12	9	3	0	0	0	0
AF	0	0.163335	1	0	1	0	0	0	0
AF	0	0.163648	1	1	0	0	0	0	0
AF	0	0.163960	2	2	0	0	0	0	0
AF	0	0.164272	3	3	0	0	0	0	0
AF	0	0.164897	2	1	1	0	0	0	0
AF	0	0.165209	1	1	0	0	0	0	0
AF	0	0.165834	1	0	1	0	0	0	0
AF	0	0.166146	1	1	0	0	0	0	0
AF	0	0.167083	2	2	0	0	0	0	0
AF	0	0.167395	3	2	1	0	0	0	0
AF	0	0.167708	2	1	1	0	0	0	0
AF	0	0.168645	1	1	0	0	0	0	0
AF	0	0.169894	1	1	0	0	0	0	0
AF	0	0.173329	1	1	0	0	0	0	0
AF	0	0.173641	1	1	0	0	0	0	0
AF	0	0.173954	2	1	1	0	0	0	0
AF	0	0.174266	4	3	1	0	0	0	0
AF	0	0.175515	1	1	0	0	0	0	0
AF	0	0.175828	1	1	0	0	0	0	0
AF	0	0.176140	1	1	0	0	0	0	0
AF	0	0.178326	1	1	0	0	0	0	0
AF	0	0.179575	1	0	1	0	0	0	0
AF	0	0.182698	1	0	1	0	0	0	0
AF	0	0.183011	1	0	1	0	0	0	0
AF	0	0.187071	1	0	1	0	0	0	0
AF	0	0.195503	1	0	1	0	0	0	0
AF	0	0.202374	1	1	0	0	0	0	0
AF	0	0.216115	1	1	0	0	0	0	0
AF	0	0.217364	1	1	0	0	0	0	0
AF	0	0.224547	3	2	1	0	0	0	0
AF	0	0.233916	1	0	1	0	0	0	0
AF	0	0.235166	1	0	1	0	0	0	0
AF	0	0.247658	1	0	1	0	0	0	0
AF	0	0.249219	2	2	0	0	0	0	0
AF	0	0.249532	8	5	3	0	0	0	0
AF	0	0.249844	1	1	0	0	0	0	0
AF	0	0.251093	1	0	1	0	0	0	0
AF	0	0.252655	1	0	1	0	0	0	0
AF	0	0.253279	1	1	0	0	0	0	0
AF	0	0.253592	2	2	0	0	0	0	0
AF	0	0.253904	1	0	1	0	0	0	0
AF	0	0.256090	1	1	0	0	0	0	0
AF	0	0.256715	1	0	1	0	0	0	0
AF	0	0.259213	1	1	0	0	0	0	0
AF	0	0.260150	1	0	1	0	0	0	0
AF	0	0.260775	2	1	1	0	0	0	0
AF	0	0.261087	1	1	0	0	0	0	0
AF	0	0.261399	2	2	0	0	0	0	0
AF	0	0.261711	2	2	0	0	0	0	0
AF	0	0.262024	10	4	6	0	0	0	0
AF	0	0.262336	4	3	1	0	0	0	0
AF	0	0.262648	1	0	1	0	0	0	0
AF	0	0.262961	1	0	1	0	0	0	0
AF	0	0.263273	4	1	3	0	0	0	0
AF	0	0.263898	1	1	0	0	0	0	0
AF	0	0.264522	2	2	0	0	0	0	0
AF	0	0.264834	2	2	0	0	0	0	0
AF	0	0.265147	2	2	0	0	0	0	0
AF	0	0.265459	2	1	1	0	0	0	0
AF	0	0.265771	2	1	1	0	0	0	0
AF	0	0.266396	14	9	5	0	0	0	0
AF	0	0.266708	10	6	4	0	0	0	0
AF	0	0.267021	3	2	1	0	0	0	0
AF	0	0.267333	1	1	0	0	0	0	0
AF	0	0.267645	3	3	0	0	0	0	0
AF	0	0.268270	2	2	0	0	0	0	0
AF	0	0.268582	2	1	1	0	0	0	0
AF	0	0.268894	3	2	1	0	0	0	0
AF	0	0.269207	1	1	0	0	0	0	0
AF	0	0.269519	1	1	0	0	0	0	0
AF	0	0.269831	1	0	1	0	0	0	0
AF	0	0.270144	3	3	0	0	0	0	0
AF	0	0.270768	2	1	1	0	0	0	0
AF	0	0.271393	8	6	2	0	0	0	0
AF	0	0.271705	1	0	1	0	0	0	0
AF	0	0.272017	7	6	1	0	0	0	0
AF	0	0.272330	1	0	1	0	0	0	0
AF	0	0.272642	6	5	1	0	0	0	0
AF	0	0.272954	2	0	2	0	0	0	0
AF	0	0.273267	4	2	2	0	0	0	0
AF	0	0.273579	1	1	0	0	0	0	0
AF	0	0.273891	3	1	2	0	0	0	0
AF	0	0.274204	22	14	8	0	0	0	0
AF	0	0.274516	10	7	3	0	0	0	0
AF	0	0.274828	2	2	0	0	0	0	0
AF	0	0.275141	22	13	9	0	0	0	0
AF	0	0.275453	34	20	14	0	0	0	0
AF	0	0.275765	21	12	9	0	0	0	0
AF	0	0.276077	22	13	9	0	0	0	0
AF	0	0.276390	133	80	53	0	0	0	0
AF	0	0.276702	24	15	9	0	0	0	0
AF	0	0.277014	19	10	9	0	0	0	0
AF	0	0.277327	1	0	1	0	0	0	0
AF	0	0.277639	2	1	1	0	0	0	0
AF	0	0.278264	2	1	1	0	0	0	0
AF	0	0.278576	1	0	1	0	0	0	0
AF	0	0.278888	1	0	1	0	0	0	0
AF	0	0.280137	2	0	2	0	0	0	0
AF	0	0.280762	1	1	0	0	0	0	0
AF	0	0.281387	1	0	1	0	0	0	0
AF	0	0.282324	1	0	1	0	0	0	0
AF	0	0.282636	4	3	1	0	0	0	0
AF	0	0.282948	7	3	4	0	0	0	0
AF	0	0.283260	10	6	4	0	0	0	0
AF	0	0.283573	3	3	0	0	0	0	0
AF	0	0.283885	22	14	8	0	0	0	0
AF	0	0.284197	14	8	6	0	0	0	0
AF	0	0.284510	3	2	1	0	0	0	0
AF	0	0.285134	4	2	2	0	0	0	0
AF	0	0.285447	1	0	1	0	0	0	0
AF	0	0.285759	1	1	0	0	0	0	0
AF	0	0.286071	1	0	1	0	0	0	0
AF	0	0.292317	1	1	0	0	0	0	0
AF	0	0.297626	1	1	0	0	0	0	0
AF	0	0.308869	1	0	1	0	0	0	0
AF	0	0.406933	1	1	0	0	0	0	0
AF	0	0.474079	1	0	1	0	0	0	0
AF	0	0.475640	1	1	0	0	0	0	0
AF	0	0.618364	1	0	1	0	0	0	0
AF	0	0.726733	1	1	0	0	0	0	0
AF	0	0.736727	1	1	0	0	0	0	0
AF	0	0.781387	1	0	1	0	0	0	0
AF	0	0.897876	1	1	0	0	0	0	0
AF	0	0.898501	1	1	0	0	0	0	0
AF	0	0.913804	1	1	0	0	0	0	0
AF	0	0.914116	2	2	0	0	0	0	0
AF	0	0.914741	2	1	1	0	0	0	0
AF	0	0.915053	1	1	0	0	0	0	0
AF	0	0.915365	1	1	0	0	0	0	0
AF	0	0.915678	1	0	1	0	0	0	0
AF	0	0.915990	1	0	1	0	0	0	0
AF	0	0.919425	1	1	0	0	0	0	0
AF	0	0.919738	1	0	1	0	0	0	0
AF	0	0.920362	1	0	1	0	0	0	0
AF	0	0.932854	1	1	0	0	0	0	0
AF	0	0.959088	1	0	1	0	0	0	0
AF	0	0.960025	1	0	1	0	0	0	0
AF	0	0.969394	1	1	0	0	0	0	0
AF	0	0.978763	1	1	0	0	0	0	0
AF	0	0.979388	1	1	0	0	0	0	0
AF	0	0.980012	3	2	1	0	0	0	0
AF	0	0.987196	1	1	0	0	0	0	0
AF	0	0.989694	1	0	1	0	0	0	0
AF	0	0.991568	1	0	1	0	0	0	0
AF	0	0.991880	2	2	0	0	0	0	0
AF	0	0.992192	2	1	1	0	0	0	0
AF	0	0.993442	1	0	1	0	0	0	0
AF	0	0.995003	2	2	0	0	0	0	0
AF	0	0.995628	6	4	2	0	0	0	0
AF	0	0.995940	1	1	0	0	0	0	0
AF	0	0.997189	3	2	1	0	0	0	0
AF	0	0.997814	1	1	0	0	0	0	0
AF	0	0.998438	1	0	1	0	0	0	0
AF	0	0.998751	1	1	0	0	0	0	0
AF	0	0.999063	14	9	5	0	0	0	0
# QUAL, Stats by quality
# QUAL	[2]id	[3]Quality	[4]number of SNPs	[5]number of transitions (1st ALT)	[6]number of transversions (1st ALT)	[7]number of indels
QUAL	0	.	19448	12166	7282	0
# IDD, InDel distribution:
# IDD	[2]id	[3]length (deletions negative)	[4]number of sites	[5]number of genotypes	[6]mean VAF
# ST, Substitution types:
# ST	[2]id	[3]type	[4]count
ST	0	A>C	672
ST	0	A>G	2098
ST	0	A>T	867
ST	0	C>A	1319
ST	0	C>G	783
ST	0	C>T	3922
ST	0	G>A	4040
ST	0	G>C	767
ST	0	G>T	1306
ST	0	T>A	875
ST	0	T>C	2106
ST	0	T>G	693
# DP, Depth distribution
# DP	[2]id	[3]bin	[4]number of genotypes	[5]fraction of genotypes (%)	[6]number of sites	[7]fraction of sites (%)
  - Fix haploid genotypes in males...

Submit MakeDiploidMalesX finished successfully. Let's have a beer, buddy!

