Submit MakeDiploidMalesX
version 1.1.6 (2024-09-30)

These are the settings:
  Input file................: /hpc/local/Rocky8/dhl_ec/software/MonopogenLite/resources/1kGP_high_coverage_Illumina.SNVonly_poly.filtered_AF_5e-04.norm.fixvariantid.chrX.vcf.gz
  Output file...............: /hpc/local/Rocky8/dhl_ec/software/MonopogenLite/resources/1kGP_high_coverage_Illumina.SNVonly_poly.filtered_AF_5e-04.norm.fixvariantid.makediploid.chrX.vcf.gz
  Chunk size................: 100

  SLURM CPUs................: 4
  SLURM Array ID............: 99 (of 100)
  SLURM memory..............: 16G
  SLURM time................: 01:00:00
  SLURM mail type...........: FAIL
  SLURM mail user...........: s.w.vanderlaan-2@umcutrecht.nl

  Dry run mode..............: 0
  Debug mode................: 1
  Verbosity.................: 0
  Version...................: 1.1.6 (2024-09-30)

Making converting haploid genotypes to diploid genotypes.
> Extract the region for this SLURM task (# 99) from the BED file.
  - Get the chunk number from the SLURM array task ID and the bed file...
DEBUG: Extracting chunk number: 99p from 99
DEBUG: Extracting region from BED file: /hpc/local/Rocky8/dhl_ec/software/MonopogenLite/resources/chrX_100pieces.bed
  - Extract the region from the BED file...
DEBUG: Extracted raw region: 'chrX	152919985	154480392' (chunk #: 99p of 100 for job 99)
  - Check if a valid region was extracted -- should be 'chrX	152919985	154480392'...
  - Prepare the region for bcftools...
  - Check if the region (chrX:152919985-154480392) was successfully extracted...
> Processing region 'chrX:152919985-154480392'...
  - Process the specific region (chunk# 99) using bcftools view...
  - Index the VCF file...
DEBUG: Check if the VCF file was successfully processed...
##fileformat=VCFv4.2
##FILTER=<ID=PASS,Description="All filters passed">
##fileDate=29/01/2022 - 14:31:41
##source=shapeit4.2.2
##contig=<ID=chr1,length=248956422>
##contig=<ID=chr2,length=242193529>
##contig=<ID=chr3,length=198295559>
##contig=<ID=chr4,length=190214555>
##contig=<ID=chr5,length=181538259>
##contig=<ID=chr6,length=170805979>
# This file was produced by bcftools stats (1.20+htslib-1.20) and can be plotted using plot-vcfstats.
# The command line was:	bcftools stats  /hpc/local/Rocky8/dhl_ec/software/MonopogenLite/resources/chrX.part99.vcf.gz
#
# Definition of sets:
# ID	[2]id	[3]tab-separated file names
ID	0	/hpc/local/Rocky8/dhl_ec/software/MonopogenLite/resources/chrX.part99.vcf.gz
# SN, Summary numbers:
#   number of records   .. number of data rows in the VCF
#   number of no-ALTs   .. reference-only sites, ALT is either "." or identical to REF
#   number of SNPs      .. number of rows with a SNP
#   number of MNPs      .. number of rows with a MNP, such as CC>TT
#   number of indels    .. number of rows with an indel
#   number of others    .. number of rows with other type, for example a symbolic allele or
#                          a complex substitution, such as ACT>TCGA
#   number of multiallelic sites     .. number of rows with multiple alternate alleles
#   number of multiallelic SNP sites .. number of rows with multiple alternate alleles, all SNPs
# 
#   Note that rows containing multiple types will be counted multiple times, in each
#   counter. For example, a row with a SNP and an indel increments both the SNP and
#   the indel counter.
# 
# SN	[2]id	[3]key	[4]value
SN	0	number of samples:	3202
SN	0	number of records:	14550
SN	0	number of no-ALTs:	0
SN	0	number of SNPs:	14550
SN	0	number of MNPs:	0
SN	0	number of indels:	0
SN	0	number of others:	0
SN	0	number of multiallelic sites:	0
SN	0	number of multiallelic SNP sites:	0
# TSTV, transitions/transversions:
# TSTV	[2]id	[3]ts	[4]tv	[5]ts/tv	[6]ts (1st ALT)	[7]tv (1st ALT)	[8]ts/tv (1st ALT)
TSTV	0	10489	4061	2.58	10489	4061	2.58
# SiS, Singleton stats:
# SiS	[2]id	[3]allele count	[4]number of SNPs	[5]number of transitions	[6]number of transversions	[7]number of indels	[8]repeat-consistent	[9]repeat-inconsistent	[10]not applicable
SiS	0	1	0	0	0	0	0	0	0
# AF, Stats by non-reference allele frequency:
# AF	[2]id	[3]allele frequency	[4]number of SNPs	[5]number of transitions	[6]number of transversions	[7]number of indels	[8]repeat-consistent	[9]repeat-inconsistent	[10]not applicable
AF	0	0.000312	2136	1569	567	0	0	0	0
AF	0	0.000625	1407	1009	398	0	0	0	0
AF	0	0.000937	1587	1154	433	0	0	0	0
AF	0	0.001249	579	444	135	0	0	0	0
AF	0	0.001562	882	651	231	0	0	0	0
AF	0	0.001874	320	238	82	0	0	0	0
AF	0	0.002186	516	375	141	0	0	0	0
AF	0	0.002498	211	152	59	0	0	0	0
AF	0	0.002811	337	241	96	0	0	0	0
AF	0	0.003123	140	101	39	0	0	0	0
AF	0	0.003435	245	176	69	0	0	0	0
AF	0	0.003748	130	87	43	0	0	0	0
AF	0	0.004060	244	185	59	0	0	0	0
AF	0	0.004372	89	56	33	0	0	0	0
AF	0	0.004685	175	139	36	0	0	0	0
AF	0	0.004997	79	56	23	0	0	0	0
AF	0	0.005309	140	105	35	0	0	0	0
AF	0	0.005621	71	45	26	0	0	0	0
AF	0	0.005934	149	103	46	0	0	0	0
AF	0	0.006246	63	43	20	0	0	0	0
AF	0	0.006558	112	80	32	0	0	0	0
AF	0	0.006871	60	46	14	0	0	0	0
AF	0	0.007183	130	99	31	0	0	0	0
AF	0	0.007495	48	31	17	0	0	0	0
AF	0	0.007808	85	66	19	0	0	0	0
AF	0	0.008120	38	27	11	0	0	0	0
AF	0	0.008432	66	42	24	0	0	0	0
AF	0	0.008745	30	21	9	0	0	0	0
AF	0	0.009057	75	55	20	0	0	0	0
AF	0	0.009369	29	24	5	0	0	0	0
AF	0	0.009681	63	47	16	0	0	0	0
AF	0	0.009994	33	19	14	0	0	0	0
AF	0	0.010306	68	47	21	0	0	0	0
AF	0	0.010618	33	25	8	0	0	0	0
AF	0	0.010931	123	83	40	0	0	0	0
AF	0	0.011243	32	28	4	0	0	0	0
AF	0	0.011555	38	27	11	0	0	0	0
AF	0	0.011868	25	19	6	0	0	0	0
AF	0	0.012180	45	28	17	0	0	0	0
AF	0	0.012492	19	13	6	0	0	0	0
AF	0	0.012804	45	32	13	0	0	0	0
AF	0	0.013117	22	17	5	0	0	0	0
AF	0	0.013429	54	33	21	0	0	0	0
AF	0	0.013741	27	17	10	0	0	0	0
AF	0	0.014054	56	39	17	0	0	0	0
AF	0	0.014366	28	20	8	0	0	0	0
AF	0	0.014678	57	39	18	0	0	0	0
AF	0	0.014991	19	14	5	0	0	0	0
AF	0	0.015303	41	29	12	0	0	0	0
AF	0	0.015615	11	10	1	0	0	0	0
AF	0	0.015928	33	18	15	0	0	0	0
AF	0	0.016240	11	8	3	0	0	0	0
AF	0	0.016552	42	33	9	0	0	0	0
AF	0	0.016864	8	6	2	0	0	0	0
AF	0	0.017177	30	25	5	0	0	0	0
AF	0	0.017489	16	10	6	0	0	0	0
AF	0	0.017801	22	16	6	0	0	0	0
AF	0	0.018114	14	10	4	0	0	0	0
AF	0	0.018426	25	16	9	0	0	0	0
AF	0	0.018738	15	10	5	0	0	0	0
AF	0	0.019051	19	14	5	0	0	0	0
AF	0	0.019363	10	5	5	0	0	0	0
AF	0	0.019675	33	27	6	0	0	0	0
AF	0	0.019988	18	12	6	0	0	0	0
AF	0	0.020300	27	18	9	0	0	0	0
AF	0	0.020612	9	8	1	0	0	0	0
AF	0	0.020924	27	21	6	0	0	0	0
AF	0	0.021237	10	6	4	0	0	0	0
AF	0	0.021549	25	17	8	0	0	0	0
AF	0	0.021861	12	8	4	0	0	0	0
AF	0	0.022174	12	8	4	0	0	0	0
AF	0	0.022486	7	5	2	0	0	0	0
AF	0	0.022798	19	12	7	0	0	0	0
AF	0	0.023111	13	8	5	0	0	0	0
AF	0	0.023423	15	12	3	0	0	0	0
AF	0	0.023735	13	10	3	0	0	0	0
AF	0	0.024047	23	18	5	0	0	0	0
AF	0	0.024360	6	5	1	0	0	0	0
AF	0	0.024672	14	10	4	0	0	0	0
AF	0	0.024984	10	8	2	0	0	0	0
AF	0	0.025297	22	17	5	0	0	0	0
AF	0	0.025609	10	9	1	0	0	0	0
AF	0	0.025921	17	9	8	0	0	0	0
AF	0	0.026234	3	1	2	0	0	0	0
AF	0	0.026546	15	10	5	0	0	0	0
AF	0	0.026858	3	3	0	0	0	0	0
AF	0	0.027171	7	3	4	0	0	0	0
AF	0	0.027483	6	5	1	0	0	0	0
AF	0	0.027795	15	11	4	0	0	0	0
AF	0	0.028107	9	5	4	0	0	0	0
AF	0	0.028420	17	13	4	0	0	0	0
AF	0	0.028732	6	5	1	0	0	0	0
AF	0	0.029044	9	6	3	0	0	0	0
AF	0	0.029357	8	6	2	0	0	0	0
AF	0	0.029669	30	16	14	0	0	0	0
AF	0	0.029981	14	9	5	0	0	0	0
AF	0	0.030294	8	8	0	0	0	0	0
AF	0	0.030606	5	5	0	0	0	0	0
AF	0	0.030918	13	8	5	0	0	0	0
AF	0	0.031230	7	7	0	0	0	0	0
AF	0	0.031543	18	14	4	0	0	0	0
AF	0	0.031855	4	3	1	0	0	0	0
AF	0	0.032167	15	9	6	0	0	0	0
AF	0	0.032480	2	0	2	0	0	0	0
AF	0	0.032792	8	5	3	0	0	0	0
AF	0	0.033104	5	3	2	0	0	0	0
AF	0	0.033417	14	12	2	0	0	0	0
AF	0	0.033729	8	3	5	0	0	0	0
AF	0	0.034041	11	9	2	0	0	0	0
AF	0	0.034354	8	4	4	0	0	0	0
AF	0	0.034666	28	17	11	0	0	0	0
AF	0	0.034978	15	10	5	0	0	0	0
AF	0	0.035290	11	7	4	0	0	0	0
AF	0	0.035603	4	3	1	0	0	0	0
AF	0	0.035915	10	9	1	0	0	0	0
AF	0	0.036227	6	5	1	0	0	0	0
AF	0	0.036540	11	8	3	0	0	0	0
AF	0	0.036852	5	3	2	0	0	0	0
AF	0	0.037164	11	8	3	0	0	0	0
AF	0	0.037477	4	3	1	0	0	0	0
AF	0	0.037789	7	3	4	0	0	0	0
AF	0	0.038101	3	3	0	0	0	0	0
AF	0	0.038413	7	6	1	0	0	0	0
AF	0	0.038726	7	7	0	0	0	0	0
AF	0	0.039038	11	9	2	0	0	0	0
AF	0	0.039350	5	5	0	0	0	0	0
AF	0	0.039663	9	7	2	0	0	0	0
AF	0	0.039975	8	6	2	0	0	0	0
AF	0	0.040287	11	5	6	0	0	0	0
AF	0	0.040600	6	3	3	0	0	0	0
AF	0	0.040912	14	10	4	0	0	0	0
AF	0	0.041224	2	2	0	0	0	0	0
AF	0	0.041537	6	5	1	0	0	0	0
AF	0	0.041849	5	4	1	0	0	0	0
AF	0	0.042161	15	9	6	0	0	0	0
AF	0	0.042473	8	6	2	0	0	0	0
AF	0	0.042786	8	5	3	0	0	0	0
AF	0	0.043098	6	5	1	0	0	0	0
AF	0	0.043410	7	6	1	0	0	0	0
AF	0	0.043723	6	5	1	0	0	0	0
AF	0	0.044035	6	6	0	0	0	0	0
AF	0	0.044347	3	2	1	0	0	0	0
AF	0	0.044660	10	7	3	0	0	0	0
AF	0	0.044972	6	2	4	0	0	0	0
AF	0	0.045284	5	3	2	0	0	0	0
AF	0	0.045597	1	1	0	0	0	0	0
AF	0	0.045909	12	7	5	0	0	0	0
AF	0	0.046221	2	1	1	0	0	0	0
AF	0	0.046533	6	6	0	0	0	0	0
AF	0	0.046846	3	2	1	0	0	0	0
AF	0	0.047158	6	3	3	0	0	0	0
AF	0	0.047470	2	2	0	0	0	0	0
AF	0	0.047783	15	9	6	0	0	0	0
AF	0	0.048095	5	3	2	0	0	0	0
AF	0	0.048407	12	9	3	0	0	0	0
AF	0	0.048720	18	16	2	0	0	0	0
AF	0	0.049032	18	10	8	0	0	0	0
AF	0	0.049344	2	1	1	0	0	0	0
AF	0	0.049656	6	4	2	0	0	0	0
AF	0	0.049969	2	2	0	0	0	0	0
AF	0	0.050281	4	4	0	0	0	0	0
AF	0	0.050593	4	3	1	0	0	0	0
AF	0	0.050906	8	5	3	0	0	0	0
AF	0	0.051218	7	5	2	0	0	0	0
AF	0	0.051530	12	9	3	0	0	0	0
AF	0	0.051843	6	5	1	0	0	0	0
AF	0	0.052155	1	0	1	0	0	0	0
AF	0	0.052467	3	3	0	0	0	0	0
AF	0	0.052780	8	3	5	0	0	0	0
AF	0	0.053092	2	2	0	0	0	0	0
AF	0	0.053404	3	2	1	0	0	0	0
AF	0	0.053716	4	4	0	0	0	0	0
AF	0	0.054029	9	3	6	0	0	0	0
AF	0	0.054341	2	2	0	0	0	0	0
AF	0	0.054966	2	1	1	0	0	0	0
AF	0	0.055278	6	5	1	0	0	0	0
AF	0	0.055590	3	2	1	0	0	0	0
AF	0	0.055903	4	4	0	0	0	0	0
AF	0	0.056215	2	1	1	0	0	0	0
AF	0	0.056527	4	2	2	0	0	0	0
AF	0	0.056839	1	0	1	0	0	0	0
AF	0	0.057152	12	10	2	0	0	0	0
AF	0	0.057464	17	13	4	0	0	0	0
AF	0	0.057776	3	3	0	0	0	0	0
AF	0	0.058089	3	3	0	0	0	0	0
AF	0	0.058401	8	6	2	0	0	0	0
AF	0	0.058713	1	0	1	0	0	0	0
AF	0	0.059026	8	5	3	0	0	0	0
AF	0	0.059338	2	2	0	0	0	0	0
AF	0	0.059650	2	1	1	0	0	0	0
AF	0	0.059963	6	6	0	0	0	0	0
AF	0	0.060275	6	5	1	0	0	0	0
AF	0	0.060587	1	0	1	0	0	0	0
AF	0	0.061212	5	4	1	0	0	0	0
AF	0	0.061524	4	1	3	0	0	0	0
AF	0	0.061836	3	3	0	0	0	0	0
AF	0	0.062149	5	4	1	0	0	0	0
AF	0	0.062461	1	1	0	0	0	0	0
AF	0	0.062773	5	4	1	0	0	0	0
AF	0	0.063086	2	1	1	0	0	0	0
AF	0	0.063398	3	3	0	0	0	0	0
AF	0	0.063710	1	1	0	0	0	0	0
AF	0	0.064022	4	2	2	0	0	0	0
AF	0	0.064335	4	3	1	0	0	0	0
AF	0	0.064647	3	3	0	0	0	0	0
AF	0	0.064959	1	1	0	0	0	0	0
AF	0	0.065272	2	2	0	0	0	0	0
AF	0	0.065584	5	1	4	0	0	0	0
AF	0	0.065896	5	3	2	0	0	0	0
AF	0	0.066209	1	1	0	0	0	0	0
AF	0	0.066521	5	2	3	0	0	0	0
AF	0	0.067146	13	12	1	0	0	0	0
AF	0	0.067458	1	1	0	0	0	0	0
AF	0	0.067770	3	3	0	0	0	0	0
AF	0	0.068082	4	4	0	0	0	0	0
AF	0	0.068395	7	6	1	0	0	0	0
AF	0	0.068707	3	3	0	0	0	0	0
AF	0	0.069019	6	4	2	0	0	0	0
AF	0	0.069644	1	1	0	0	0	0	0
AF	0	0.070269	3	3	0	0	0	0	0
AF	0	0.070581	1	1	0	0	0	0	0
AF	0	0.070893	1	0	1	0	0	0	0
AF	0	0.071205	1	0	1	0	0	0	0
AF	0	0.071518	2	1	1	0	0	0	0
AF	0	0.072142	5	4	1	0	0	0	0
AF	0	0.072455	1	0	1	0	0	0	0
AF	0	0.072767	3	3	0	0	0	0	0
AF	0	0.073079	2	1	1	0	0	0	0
AF	0	0.073392	7	4	3	0	0	0	0
AF	0	0.073704	4	2	2	0	0	0	0
AF	0	0.074016	8	4	4	0	0	0	0
AF	0	0.074329	6	4	2	0	0	0	0
AF	0	0.074641	11	9	2	0	0	0	0
AF	0	0.074953	2	1	1	0	0	0	0
AF	0	0.075265	4	4	0	0	0	0	0
AF	0	0.075578	1	0	1	0	0	0	0
AF	0	0.075890	1	1	0	0	0	0	0
AF	0	0.076202	3	2	1	0	0	0	0
AF	0	0.076515	2	1	1	0	0	0	0
AF	0	0.076827	3	2	1	0	0	0	0
AF	0	0.077139	6	6	0	0	0	0	0
AF	0	0.077452	2	2	0	0	0	0	0
AF	0	0.077764	8	7	1	0	0	0	0
AF	0	0.078076	5	3	2	0	0	0	0
AF	0	0.078389	10	6	4	0	0	0	0
AF	0	0.078701	2	1	1	0	0	0	0
AF	0	0.079013	2	1	1	0	0	0	0
AF	0	0.079638	5	3	2	0	0	0	0
AF	0	0.079950	1	0	1	0	0	0	0
AF	0	0.080262	2	2	0	0	0	0	0
AF	0	0.080575	1	1	0	0	0	0	0
AF	0	0.080887	3	2	1	0	0	0	0
AF	0	0.081199	3	3	0	0	0	0	0
AF	0	0.081512	2	1	1	0	0	0	0
AF	0	0.081824	4	2	2	0	0	0	0
AF	0	0.082136	1	0	1	0	0	0	0
AF	0	0.082448	2	1	1	0	0	0	0
AF	0	0.082761	2	1	1	0	0	0	0
AF	0	0.083073	4	4	0	0	0	0	0
AF	0	0.083385	6	5	1	0	0	0	0
AF	0	0.084010	4	2	2	0	0	0	0
AF	0	0.084322	2	2	0	0	0	0	0
AF	0	0.084635	5	4	1	0	0	0	0
AF	0	0.084947	1	1	0	0	0	0	0
AF	0	0.085259	1	0	1	0	0	0	0
AF	0	0.085572	4	2	2	0	0	0	0
AF	0	0.085884	3	3	0	0	0	0	0
AF	0	0.086508	5	3	2	0	0	0	0
AF	0	0.086821	2	0	2	0	0	0	0
AF	0	0.087133	9	3	6	0	0	0	0
AF	0	0.087445	3	3	0	0	0	0	0
AF	0	0.087758	4	2	2	0	0	0	0
AF	0	0.088070	1	1	0	0	0	0	0
AF	0	0.088382	5	4	1	0	0	0	0
AF	0	0.088695	1	1	0	0	0	0	0
AF	0	0.089007	2	1	1	0	0	0	0
AF	0	0.089319	2	1	1	0	0	0	0
AF	0	0.089631	2	0	2	0	0	0	0
AF	0	0.090256	4	3	1	0	0	0	0
AF	0	0.090568	4	3	1	0	0	0	0
AF	0	0.090881	4	4	0	0	0	0	0
AF	0	0.091193	2	2	0	0	0	0	0
AF	0	0.091505	4	3	1	0	0	0	0
AF	0	0.091818	2	2	0	0	0	0	0
AF	0	0.092130	7	5	2	0	0	0	0
AF	0	0.092442	1	1	0	0	0	0	0
AF	0	0.092755	2	2	0	0	0	0	0
AF	0	0.093067	2	1	1	0	0	0	0
AF	0	0.093379	1	1	0	0	0	0	0
AF	0	0.093691	1	0	1	0	0	0	0
AF	0	0.094004	6	5	1	0	0	0	0
AF	0	0.094316	3	2	1	0	0	0	0
AF	0	0.094628	3	3	0	0	0	0	0
AF	0	0.094941	1	0	1	0	0	0	0
AF	0	0.095253	1	0	1	0	0	0	0
AF	0	0.095565	3	2	1	0	0	0	0
AF	0	0.095878	2	1	1	0	0	0	0
AF	0	0.096502	2	1	1	0	0	0	0
AF	0	0.096814	2	0	2	0	0	0	0
AF	0	0.097127	1	1	0	0	0	0	0
AF	0	0.097439	2	1	1	0	0	0	0
AF	0	0.097751	4	3	1	0	0	0	0
AF	0	0.098064	1	0	1	0	0	0	0
AF	0	0.099001	2	1	1	0	0	0	0
AF	0	0.099313	4	3	1	0	0	0	0
AF	0	0.099625	2	1	1	0	0	0	0
AF	0	0.099938	1	1	0	0	0	0	0
AF	0	0.100250	1	1	0	0	0	0	0
AF	0	0.100874	1	0	1	0	0	0	0
AF	0	0.101187	1	1	0	0	0	0	0
AF	0	0.101499	7	4	3	0	0	0	0
AF	0	0.101811	2	1	1	0	0	0	0
AF	0	0.102124	2	2	0	0	0	0	0
AF	0	0.102436	1	1	0	0	0	0	0
AF	0	0.102748	1	1	0	0	0	0	0
AF	0	0.103061	2	1	1	0	0	0	0
AF	0	0.103373	2	1	1	0	0	0	0
AF	0	0.104310	2	1	1	0	0	0	0
AF	0	0.104622	4	4	0	0	0	0	0
AF	0	0.104934	1	1	0	0	0	0	0
AF	0	0.105247	1	1	0	0	0	0	0
AF	0	0.105559	1	1	0	0	0	0	0
AF	0	0.105871	3	3	0	0	0	0	0
AF	0	0.106184	1	1	0	0	0	0	0
AF	0	0.106496	3	3	0	0	0	0	0
AF	0	0.107121	6	2	4	0	0	0	0
AF	0	0.107433	2	1	1	0	0	0	0
AF	0	0.107745	6	6	0	0	0	0	0
AF	0	0.108057	7	3	4	0	0	0	0
AF	0	0.108370	6	5	1	0	0	0	0
AF	0	0.108682	2	1	1	0	0	0	0
AF	0	0.108994	2	2	0	0	0	0	0
AF	0	0.109307	1	0	1	0	0	0	0
AF	0	0.109619	5	3	2	0	0	0	0
AF	0	0.110556	1	0	1	0	0	0	0
AF	0	0.111181	3	2	1	0	0	0	0
AF	0	0.111493	2	2	0	0	0	0	0
AF	0	0.111805	2	2	0	0	0	0	0
AF	0	0.112742	1	0	1	0	0	0	0
AF	0	0.113054	2	2	0	0	0	0	0
AF	0	0.113367	2	2	0	0	0	0	0
AF	0	0.113679	5	3	2	0	0	0	0
AF	0	0.113991	3	1	2	0	0	0	0
AF	0	0.114304	6	6	0	0	0	0	0
AF	0	0.114616	2	1	1	0	0	0	0
AF	0	0.114928	2	1	1	0	0	0	0
AF	0	0.115240	2	1	1	0	0	0	0
AF	0	0.115553	2	2	0	0	0	0	0
AF	0	0.115865	1	1	0	0	0	0	0
AF	0	0.116177	4	3	1	0	0	0	0
AF	0	0.116490	2	2	0	0	0	0	0
AF	0	0.116802	1	0	1	0	0	0	0
AF	0	0.117427	6	4	2	0	0	0	0
AF	0	0.117739	2	1	1	0	0	0	0
AF	0	0.118051	6	3	3	0	0	0	0
AF	0	0.118676	1	1	0	0	0	0	0
AF	0	0.118988	1	0	1	0	0	0	0
AF	0	0.119613	1	0	1	0	0	0	0
AF	0	0.119925	1	1	0	0	0	0	0
AF	0	0.120237	1	1	0	0	0	0	0
AF	0	0.120550	6	4	2	0	0	0	0
AF	0	0.120862	1	0	1	0	0	0	0
AF	0	0.121174	4	3	1	0	0	0	0
AF	0	0.121487	2	2	0	0	0	0	0
AF	0	0.121799	4	4	0	0	0	0	0
AF	0	0.122423	3	3	0	0	0	0	0
AF	0	0.122736	1	1	0	0	0	0	0
AF	0	0.123048	2	2	0	0	0	0	0
AF	0	0.123673	1	1	0	0	0	0	0
AF	0	0.123985	3	1	2	0	0	0	0
AF	0	0.124297	4	1	3	0	0	0	0
AF	0	0.124610	1	0	1	0	0	0	0
AF	0	0.125234	2	1	1	0	0	0	0
AF	0	0.125547	3	3	0	0	0	0	0
AF	0	0.125859	1	0	1	0	0	0	0
AF	0	0.126171	1	0	1	0	0	0	0
AF	0	0.127420	1	0	1	0	0	0	0
AF	0	0.128045	1	0	1	0	0	0	0
AF	0	0.128670	2	1	1	0	0	0	0
AF	0	0.128982	5	4	1	0	0	0	0
AF	0	0.129294	7	2	5	0	0	0	0
AF	0	0.129919	1	1	0	0	0	0	0
AF	0	0.130231	1	1	0	0	0	0	0
AF	0	0.130543	8	4	4	0	0	0	0
AF	0	0.130856	1	1	0	0	0	0	0
AF	0	0.131168	3	1	2	0	0	0	0
AF	0	0.131480	4	4	0	0	0	0	0
AF	0	0.131793	4	4	0	0	0	0	0
AF	0	0.132105	2	2	0	0	0	0	0
AF	0	0.132417	2	2	0	0	0	0	0
AF	0	0.133042	6	5	1	0	0	0	0
AF	0	0.133354	1	0	1	0	0	0	0
AF	0	0.133666	7	4	3	0	0	0	0
AF	0	0.133979	2	2	0	0	0	0	0
AF	0	0.134291	5	3	2	0	0	0	0
AF	0	0.134916	1	1	0	0	0	0	0
AF	0	0.135228	1	0	1	0	0	0	0
AF	0	0.135540	4	3	1	0	0	0	0
AF	0	0.136477	1	0	1	0	0	0	0
AF	0	0.136790	5	4	1	0	0	0	0
AF	0	0.137102	2	1	1	0	0	0	0
AF	0	0.137414	1	1	0	0	0	0	0
AF	0	0.137726	1	1	0	0	0	0	0
AF	0	0.138039	1	1	0	0	0	0	0
AF	0	0.138663	2	1	1	0	0	0	0
AF	0	0.139913	1	1	0	0	0	0	0
AF	0	0.140225	3	1	2	0	0	0	0
AF	0	0.140537	1	1	0	0	0	0	0
AF	0	0.141162	1	1	0	0	0	0	0
AF	0	0.141474	2	2	0	0	0	0	0
AF	0	0.141786	2	2	0	0	0	0	0
AF	0	0.142411	3	2	1	0	0	0	0
AF	0	0.143036	6	6	0	0	0	0	0
AF	0	0.144285	2	0	2	0	0	0	0
AF	0	0.145534	2	0	2	0	0	0	0
AF	0	0.145846	1	1	0	0	0	0	0
AF	0	0.146159	1	1	0	0	0	0	0
AF	0	0.146471	2	1	1	0	0	0	0
AF	0	0.146783	1	0	1	0	0	0	0
AF	0	0.147096	1	1	0	0	0	0	0
AF	0	0.147408	1	0	1	0	0	0	0
AF	0	0.147720	1	1	0	0	0	0	0
AF	0	0.148345	1	1	0	0	0	0	0
AF	0	0.148657	1	1	0	0	0	0	0
AF	0	0.148969	1	1	0	0	0	0	0
AF	0	0.149282	1	1	0	0	0	0	0
AF	0	0.149906	5	4	1	0	0	0	0
AF	0	0.150219	1	1	0	0	0	0	0
AF	0	0.150531	7	6	1	0	0	0	0
AF	0	0.150843	2	2	0	0	0	0	0
AF	0	0.151156	2	1	1	0	0	0	0
AF	0	0.151468	1	0	1	0	0	0	0
AF	0	0.151780	1	1	0	0	0	0	0
AF	0	0.152405	2	2	0	0	0	0	0
AF	0	0.153029	1	1	0	0	0	0	0
AF	0	0.153342	1	1	0	0	0	0	0
AF	0	0.153654	3	2	1	0	0	0	0
AF	0	0.153966	1	1	0	0	0	0	0
AF	0	0.154279	2	2	0	0	0	0	0
AF	0	0.154903	2	1	1	0	0	0	0
AF	0	0.155528	2	1	1	0	0	0	0
AF	0	0.155840	1	0	1	0	0	0	0
AF	0	0.156152	1	1	0	0	0	0	0
AF	0	0.156465	3	3	0	0	0	0	0
AF	0	0.157714	1	1	0	0	0	0	0
AF	0	0.158026	2	0	2	0	0	0	0
AF	0	0.158651	3	1	2	0	0	0	0
AF	0	0.159900	1	1	0	0	0	0	0
AF	0	0.160212	1	1	0	0	0	0	0
AF	0	0.160525	1	1	0	0	0	0	0
AF	0	0.161149	2	1	1	0	0	0	0
AF	0	0.161462	1	0	1	0	0	0	0
AF	0	0.162086	1	1	0	0	0	0	0
AF	0	0.163023	1	1	0	0	0	0	0
AF	0	0.164272	1	0	1	0	0	0	0
AF	0	0.164897	1	1	0	0	0	0	0
AF	0	0.165209	1	1	0	0	0	0	0
AF	0	0.165834	1	1	0	0	0	0	0
AF	0	0.167083	1	1	0	0	0	0	0
AF	0	0.167395	2	2	0	0	0	0	0
AF	0	0.167708	1	0	1	0	0	0	0
AF	0	0.168020	3	3	0	0	0	0	0
AF	0	0.168645	2	2	0	0	0	0	0
AF	0	0.168957	3	1	2	0	0	0	0
AF	0	0.169269	4	4	0	0	0	0	0
AF	0	0.170206	2	2	0	0	0	0	0
AF	0	0.170518	1	0	1	0	0	0	0
AF	0	0.170831	1	1	0	0	0	0	0
AF	0	0.171143	2	1	1	0	0	0	0
AF	0	0.171455	1	0	1	0	0	0	0
AF	0	0.171768	1	1	0	0	0	0	0
AF	0	0.173641	2	1	1	0	0	0	0
AF	0	0.175515	1	0	1	0	0	0	0
AF	0	0.176765	1	1	0	0	0	0	0
AF	0	0.177389	1	1	0	0	0	0	0
AF	0	0.177701	1	0	1	0	0	0	0
AF	0	0.178014	1	1	0	0	0	0	0
AF	0	0.179575	2	1	1	0	0	0	0
AF	0	0.179888	9	7	2	0	0	0	0
AF	0	0.180512	1	0	1	0	0	0	0
AF	0	0.181449	1	1	0	0	0	0	0
AF	0	0.181761	1	1	0	0	0	0	0
AF	0	0.182386	3	2	1	0	0	0	0
AF	0	0.182698	2	2	0	0	0	0	0
AF	0	0.183011	13	11	2	0	0	0	0
AF	0	0.183323	11	6	5	0	0	0	0
AF	0	0.183635	14	9	5	0	0	0	0
AF	0	0.184260	4	2	2	0	0	0	0
AF	0	0.184572	1	1	0	0	0	0	0
AF	0	0.184884	1	0	1	0	0	0	0
AF	0	0.185197	1	1	0	0	0	0	0
AF	0	0.186134	1	1	0	0	0	0	0
AF	0	0.186758	2	1	1	0	0	0	0
AF	0	0.187383	4	4	0	0	0	0	0
AF	0	0.187695	1	1	0	0	0	0	0
AF	0	0.188007	2	0	2	0	0	0	0
AF	0	0.188632	2	2	0	0	0	0	0
AF	0	0.188944	2	0	2	0	0	0	0
AF	0	0.189257	1	0	1	0	0	0	0
AF	0	0.189569	1	1	0	0	0	0	0
AF	0	0.189881	2	2	0	0	0	0	0
AF	0	0.190194	1	0	1	0	0	0	0
AF	0	0.190506	1	1	0	0	0	0	0
AF	0	0.191131	1	1	0	0	0	0	0
AF	0	0.191755	1	0	1	0	0	0	0
AF	0	0.192380	1	1	0	0	0	0	0
AF	0	0.192692	1	1	0	0	0	0	0
AF	0	0.193317	3	2	1	0	0	0	0
AF	0	0.194254	1	1	0	0	0	0	0
AF	0	0.195191	1	1	0	0	0	0	0
AF	0	0.195503	1	1	0	0	0	0	0
AF	0	0.195815	1	1	0	0	0	0	0
AF	0	0.196127	2	1	1	0	0	0	0
AF	0	0.196752	1	0	1	0	0	0	0
AF	0	0.197377	2	2	0	0	0	0	0
AF	0	0.197689	1	1	0	0	0	0	0
AF	0	0.198001	5	3	2	0	0	0	0
AF	0	0.198314	2	2	0	0	0	0	0
AF	0	0.198626	1	1	0	0	0	0	0
AF	0	0.199250	1	1	0	0	0	0	0
AF	0	0.199563	1	1	0	0	0	0	0
AF	0	0.200500	3	3	0	0	0	0	0
AF	0	0.201124	1	1	0	0	0	0	0
AF	0	0.201437	1	1	0	0	0	0	0
AF	0	0.202686	1	1	0	0	0	0	0
AF	0	0.202998	2	1	1	0	0	0	0
AF	0	0.204247	2	2	0	0	0	0	0
AF	0	0.206433	1	0	1	0	0	0	0
AF	0	0.206746	1	1	0	0	0	0	0
AF	0	0.207370	2	2	0	0	0	0	0
AF	0	0.208307	1	1	0	0	0	0	0
AF	0	0.208620	1	1	0	0	0	0	0
AF	0	0.209244	1	0	1	0	0	0	0
AF	0	0.209869	2	2	0	0	0	0	0
AF	0	0.210806	1	0	1	0	0	0	0
AF	0	0.211118	2	1	1	0	0	0	0
AF	0	0.211743	1	1	0	0	0	0	0
AF	0	0.212680	1	0	1	0	0	0	0
AF	0	0.213616	1	1	0	0	0	0	0
AF	0	0.213929	1	0	1	0	0	0	0
AF	0	0.214866	1	0	1	0	0	0	0
AF	0	0.215803	1	0	1	0	0	0	0
AF	0	0.216115	1	0	1	0	0	0	0
AF	0	0.216740	1	1	0	0	0	0	0
AF	0	0.217052	2	1	1	0	0	0	0
AF	0	0.217364	2	2	0	0	0	0	0
AF	0	0.218613	1	1	0	0	0	0	0
AF	0	0.219550	2	1	1	0	0	0	0
AF	0	0.220175	1	1	0	0	0	0	0
AF	0	0.220487	2	1	1	0	0	0	0
AF	0	0.221424	1	1	0	0	0	0	0
AF	0	0.221736	1	1	0	0	0	0	0
AF	0	0.222049	2	2	0	0	0	0	0
AF	0	0.222361	2	2	0	0	0	0	0
AF	0	0.222673	1	0	1	0	0	0	0
AF	0	0.222986	2	1	1	0	0	0	0
AF	0	0.223298	1	1	0	0	0	0	0
AF	0	0.223923	5	4	1	0	0	0	0
AF	0	0.224235	7	6	1	0	0	0	0
AF	0	0.224547	4	3	1	0	0	0	0
AF	0	0.224859	2	2	0	0	0	0	0
AF	0	0.225172	1	1	0	0	0	0	0
AF	0	0.225484	1	1	0	0	0	0	0
AF	0	0.225796	1	1	0	0	0	0	0
AF	0	0.226109	1	1	0	0	0	0	0
AF	0	0.227046	1	0	1	0	0	0	0
AF	0	0.227670	1	1	0	0	0	0	0
AF	0	0.227983	1	1	0	0	0	0	0
AF	0	0.228295	3	2	1	0	0	0	0
AF	0	0.228919	4	2	2	0	0	0	0
AF	0	0.229232	1	1	0	0	0	0	0
AF	0	0.229544	1	1	0	0	0	0	0
AF	0	0.229856	1	0	1	0	0	0	0
AF	0	0.230169	1	1	0	0	0	0	0
AF	0	0.230481	1	0	1	0	0	0	0
AF	0	0.230793	2	1	1	0	0	0	0
AF	0	0.231730	1	1	0	0	0	0	0
AF	0	0.232667	1	1	0	0	0	0	0
AF	0	0.233292	1	1	0	0	0	0	0
AF	0	0.234229	1	0	1	0	0	0	0
AF	0	0.234541	1	1	0	0	0	0	0
AF	0	0.235166	1	1	0	0	0	0	0
AF	0	0.235478	1	1	0	0	0	0	0
AF	0	0.236415	2	1	1	0	0	0	0
AF	0	0.236727	2	2	0	0	0	0	0
AF	0	0.237039	7	6	1	0	0	0	0
AF	0	0.237352	2	1	1	0	0	0	0
AF	0	0.237664	5	4	1	0	0	0	0
AF	0	0.237976	3	1	2	0	0	0	0
AF	0	0.238289	10	7	3	0	0	0	0
AF	0	0.238601	1	0	1	0	0	0	0
AF	0	0.238913	5	4	1	0	0	0	0
AF	0	0.239225	3	2	1	0	0	0	0
AF	0	0.239538	5	4	1	0	0	0	0
AF	0	0.239850	1	0	1	0	0	0	0
AF	0	0.240162	2	2	0	0	0	0	0
AF	0	0.240787	5	5	0	0	0	0	0
AF	0	0.241412	6	3	3	0	0	0	0
AF	0	0.241724	1	0	1	0	0	0	0
AF	0	0.242036	1	1	0	0	0	0	0
AF	0	0.242661	1	0	1	0	0	0	0
AF	0	0.242973	1	0	1	0	0	0	0
AF	0	0.243285	1	1	0	0	0	0	0
AF	0	0.244535	1	1	0	0	0	0	0
AF	0	0.244847	1	1	0	0	0	0	0
AF	0	0.245784	1	0	1	0	0	0	0
AF	0	0.246096	1	1	0	0	0	0	0
AF	0	0.246408	1	0	1	0	0	0	0
AF	0	0.247658	2	1	1	0	0	0	0
AF	0	0.248282	1	1	0	0	0	0	0
AF	0	0.248907	1	1	0	0	0	0	0
AF	0	0.249219	1	1	0	0	0	0	0
AF	0	0.249532	1	1	0	0	0	0	0
AF	0	0.249844	1	0	1	0	0	0	0
AF	0	0.250156	1	1	0	0	0	0	0
AF	0	0.251093	2	2	0	0	0	0	0
AF	0	0.251405	2	0	2	0	0	0	0
AF	0	0.252030	1	1	0	0	0	0	0
AF	0	0.252342	1	0	1	0	0	0	0
AF	0	0.252655	3	2	1	0	0	0	0
AF	0	0.252967	3	2	1	0	0	0	0
AF	0	0.253279	1	1	0	0	0	0	0
AF	0	0.253592	2	1	1	0	0	0	0
AF	0	0.254216	1	1	0	0	0	0	0
AF	0	0.254528	2	0	2	0	0	0	0
AF	0	0.254841	1	0	1	0	0	0	0
AF	0	0.255465	1	1	0	0	0	0	0
AF	0	0.255778	2	2	0	0	0	0	0
AF	0	0.256090	1	1	0	0	0	0	0
AF	0	0.256402	1	1	0	0	0	0	0
AF	0	0.257027	2	0	2	0	0	0	0
AF	0	0.258276	1	1	0	0	0	0	0
AF	0	0.258901	1	1	0	0	0	0	0
AF	0	0.260462	1	1	0	0	0	0	0
AF	0	0.260775	1	0	1	0	0	0	0
AF	0	0.261087	6	5	1	0	0	0	0
AF	0	0.261399	9	7	2	0	0	0	0
AF	0	0.261711	6	6	0	0	0	0	0
AF	0	0.262024	2	1	1	0	0	0	0
AF	0	0.262336	3	3	0	0	0	0	0
AF	0	0.262961	1	1	0	0	0	0	0
AF	0	0.263273	1	1	0	0	0	0	0
AF	0	0.265459	1	1	0	0	0	0	0
AF	0	0.265771	1	1	0	0	0	0	0
AF	0	0.266396	1	1	0	0	0	0	0
AF	0	0.267021	3	1	2	0	0	0	0
AF	0	0.268270	2	1	1	0	0	0	0
AF	0	0.269519	1	1	0	0	0	0	0
AF	0	0.269831	1	0	1	0	0	0	0
AF	0	0.270144	1	1	0	0	0	0	0
AF	0	0.271081	1	1	0	0	0	0	0
AF	0	0.271393	1	0	1	0	0	0	0
AF	0	0.271705	1	0	1	0	0	0	0
AF	0	0.272642	1	1	0	0	0	0	0
AF	0	0.274516	1	0	1	0	0	0	0
AF	0	0.275141	2	2	0	0	0	0	0
AF	0	0.275453	2	1	1	0	0	0	0
AF	0	0.276390	1	1	0	0	0	0	0
AF	0	0.276702	2	1	1	0	0	0	0
AF	0	0.277014	4	3	1	0	0	0	0
AF	0	0.277639	2	2	0	0	0	0	0
AF	0	0.279513	1	1	0	0	0	0	0
AF	0	0.280137	1	1	0	0	0	0	0
AF	0	0.280762	2	0	2	0	0	0	0
AF	0	0.281387	1	0	1	0	0	0	0
AF	0	0.282011	1	0	1	0	0	0	0
AF	0	0.282324	1	1	0	0	0	0	0
AF	0	0.282636	1	1	0	0	0	0	0
AF	0	0.282948	1	1	0	0	0	0	0
AF	0	0.283260	2	1	1	0	0	0	0
AF	0	0.285134	2	0	2	0	0	0	0
AF	0	0.285759	1	1	0	0	0	0	0
AF	0	0.286071	1	1	0	0	0	0	0
AF	0	0.288257	1	1	0	0	0	0	0
AF	0	0.288882	1	0	1	0	0	0	0
AF	0	0.289507	1	0	1	0	0	0	0
AF	0	0.290131	1	0	1	0	0	0	0
AF	0	0.290443	1	1	0	0	0	0	0
AF	0	0.290756	2	0	2	0	0	0	0
AF	0	0.291068	2	1	1	0	0	0	0
AF	0	0.291380	3	3	0	0	0	0	0
AF	0	0.292005	1	0	1	0	0	0	0
AF	0	0.293254	1	1	0	0	0	0	0
AF	0	0.293879	1	1	0	0	0	0	0
AF	0	0.294191	1	1	0	0	0	0	0
AF	0	0.294503	1	1	0	0	0	0	0
AF	0	0.295128	1	1	0	0	0	0	0
AF	0	0.297314	4	1	3	0	0	0	0
AF	0	0.297626	1	1	0	0	0	0	0
AF	0	0.298251	1	0	1	0	0	0	0
AF	0	0.299813	1	0	1	0	0	0	0
AF	0	0.300125	2	2	0	0	0	0	0
AF	0	0.300750	1	1	0	0	0	0	0
AF	0	0.301374	1	1	0	0	0	0	0
AF	0	0.301686	2	1	1	0	0	0	0
AF	0	0.303560	1	0	1	0	0	0	0
AF	0	0.303873	1	1	0	0	0	0	0
AF	0	0.304809	2	1	1	0	0	0	0
AF	0	0.306059	1	1	0	0	0	0	0
AF	0	0.306371	1	0	1	0	0	0	0
AF	0	0.309494	1	1	0	0	0	0	0
AF	0	0.310743	2	1	1	0	0	0	0
AF	0	0.311368	1	0	1	0	0	0	0
AF	0	0.311680	1	1	0	0	0	0	0
AF	0	0.311993	2	2	0	0	0	0	0
AF	0	0.312305	1	1	0	0	0	0	0
AF	0	0.313242	2	2	0	0	0	0	0
AF	0	0.314491	1	1	0	0	0	0	0
AF	0	0.314803	1	0	1	0	0	0	0
AF	0	0.316052	3	1	2	0	0	0	0
AF	0	0.316365	9	9	0	0	0	0	0
AF	0	0.316677	3	3	0	0	0	0	0
AF	0	0.316989	1	1	0	0	0	0	0
AF	0	0.318239	1	1	0	0	0	0	0
AF	0	0.318863	1	1	0	0	0	0	0
AF	0	0.319488	2	0	2	0	0	0	0
AF	0	0.320112	2	2	0	0	0	0	0
AF	0	0.320737	1	1	0	0	0	0	0
AF	0	0.321049	3	2	1	0	0	0	0
AF	0	0.321674	1	1	0	0	0	0	0
AF	0	0.321986	2	1	1	0	0	0	0
AF	0	0.322299	1	0	1	0	0	0	0
AF	0	0.322611	1	0	1	0	0	0	0
AF	0	0.323235	2	2	0	0	0	0	0
AF	0	0.323548	1	1	0	0	0	0	0
AF	0	0.323860	5	1	4	0	0	0	0
AF	0	0.324485	5	3	2	0	0	0	0
AF	0	0.325109	2	2	0	0	0	0	0
AF	0	0.325734	1	0	1	0	0	0	0
AF	0	0.326671	1	0	1	0	0	0	0
AF	0	0.327295	3	3	0	0	0	0	0
AF	0	0.327608	2	2	0	0	0	0	0
AF	0	0.327920	1	1	0	0	0	0	0
AF	0	0.329169	2	0	2	0	0	0	0
AF	0	0.329482	1	0	1	0	0	0	0
AF	0	0.329794	4	4	0	0	0	0	0
AF	0	0.330106	3	2	1	0	0	0	0
AF	0	0.330731	3	2	1	0	0	0	0
AF	0	0.331355	2	0	2	0	0	0	0
AF	0	0.332292	1	1	0	0	0	0	0
AF	0	0.332917	1	0	1	0	0	0	0
AF	0	0.333229	2	2	0	0	0	0	0
AF	0	0.333542	4	3	1	0	0	0	0
AF	0	0.334166	1	1	0	0	0	0	0
AF	0	0.334478	1	1	0	0	0	0	0
AF	0	0.336040	1	1	0	0	0	0	0
AF	0	0.338538	2	0	2	0	0	0	0
AF	0	0.339163	1	1	0	0	0	0	0
AF	0	0.339788	4	3	1	0	0	0	0
AF	0	0.340412	3	2	1	0	0	0	0
AF	0	0.340725	1	1	0	0	0	0	0
AF	0	0.341037	1	1	0	0	0	0	0
AF	0	0.341349	2	1	1	0	0	0	0
AF	0	0.341661	4	2	2	0	0	0	0
AF	0	0.341974	2	2	0	0	0	0	0
AF	0	0.342286	1	1	0	0	0	0	0
AF	0	0.344160	1	1	0	0	0	0	0
AF	0	0.344472	1	1	0	0	0	0	0
AF	0	0.344785	3	2	1	0	0	0	0
AF	0	0.345409	3	2	1	0	0	0	0
AF	0	0.346034	2	2	0	0	0	0	0
AF	0	0.346971	2	1	1	0	0	0	0
AF	0	0.347283	1	1	0	0	0	0	0
AF	0	0.347908	1	1	0	0	0	0	0
AF	0	0.349469	1	1	0	0	0	0	0
AF	0	0.349781	1	1	0	0	0	0	0
AF	0	0.350094	2	2	0	0	0	0	0
AF	0	0.351031	1	1	0	0	0	0	0
AF	0	0.351655	3	1	2	0	0	0	0
AF	0	0.351968	1	1	0	0	0	0	0
AF	0	0.352280	9	3	6	0	0	0	0
AF	0	0.352592	5	5	0	0	0	0	0
AF	0	0.352904	4	2	2	0	0	0	0
AF	0	0.353841	1	1	0	0	0	0	0
AF	0	0.354154	1	1	0	0	0	0	0
AF	0	0.354466	1	1	0	0	0	0	0
AF	0	0.356027	1	0	1	0	0	0	0
AF	0	0.356340	2	2	0	0	0	0	0
AF	0	0.356652	1	1	0	0	0	0	0
AF	0	0.357277	1	1	0	0	0	0	0
AF	0	0.357901	1	1	0	0	0	0	0
AF	0	0.358526	1	1	0	0	0	0	0
AF	0	0.359775	1	1	0	0	0	0	0
AF	0	0.360400	1	1	0	0	0	0	0
AF	0	0.360712	1	1	0	0	0	0	0
AF	0	0.361024	1	1	0	0	0	0	0
AF	0	0.361649	4	3	1	0	0	0	0
AF	0	0.362274	2	2	0	0	0	0	0
AF	0	0.362586	1	1	0	0	0	0	0
AF	0	0.362898	3	2	1	0	0	0	0
AF	0	0.363210	3	3	0	0	0	0	0
AF	0	0.363523	7	6	1	0	0	0	0
AF	0	0.363835	2	2	0	0	0	0	0
AF	0	0.364147	2	1	1	0	0	0	0
AF	0	0.364772	2	1	1	0	0	0	0
AF	0	0.365084	2	2	0	0	0	0	0
AF	0	0.366646	1	1	0	0	0	0	0
AF	0	0.366958	1	1	0	0	0	0	0
AF	0	0.367270	1	1	0	0	0	0	0
AF	0	0.367583	1	1	0	0	0	0	0
AF	0	0.367895	1	0	1	0	0	0	0
AF	0	0.368520	1	1	0	0	0	0	0
AF	0	0.368832	1	0	1	0	0	0	0
AF	0	0.369144	2	2	0	0	0	0	0
AF	0	0.369457	1	1	0	0	0	0	0
AF	0	0.371643	1	1	0	0	0	0	0
AF	0	0.371955	1	1	0	0	0	0	0
AF	0	0.372267	1	1	0	0	0	0	0
AF	0	0.372580	1	1	0	0	0	0	0
AF	0	0.372892	1	1	0	0	0	0	0
AF	0	0.373517	1	0	1	0	0	0	0
AF	0	0.374766	1	1	0	0	0	0	0
AF	0	0.375390	4	2	2	0	0	0	0
AF	0	0.376952	1	1	0	0	0	0	0
AF	0	0.378513	1	1	0	0	0	0	0
AF	0	0.378826	1	1	0	0	0	0	0
AF	0	0.379138	1	1	0	0	0	0	0
AF	0	0.379450	1	1	0	0	0	0	0
AF	0	0.381012	1	0	1	0	0	0	0
AF	0	0.382261	1	1	0	0	0	0	0
AF	0	0.382573	2	2	0	0	0	0	0
AF	0	0.383198	2	2	0	0	0	0	0
AF	0	0.383510	2	1	1	0	0	0	0
AF	0	0.384135	2	2	0	0	0	0	0
AF	0	0.384447	1	1	0	0	0	0	0
AF	0	0.384760	1	0	1	0	0	0	0
AF	0	0.386009	1	0	1	0	0	0	0
AF	0	0.386633	1	1	0	0	0	0	0
AF	0	0.387883	1	1	0	0	0	0	0
AF	0	0.388195	1	1	0	0	0	0	0
AF	0	0.389132	1	1	0	0	0	0	0
AF	0	0.389756	1	0	1	0	0	0	0
AF	0	0.390069	1	1	0	0	0	0	0
AF	0	0.390381	2	1	1	0	0	0	0
AF	0	0.390693	1	1	0	0	0	0	0
AF	0	0.391006	1	1	0	0	0	0	0
AF	0	0.392255	1	1	0	0	0	0	0
AF	0	0.392879	3	1	2	0	0	0	0
AF	0	0.393504	1	1	0	0	0	0	0
AF	0	0.394129	1	1	0	0	0	0	0
AF	0	0.394441	1	0	1	0	0	0	0
AF	0	0.394753	2	1	1	0	0	0	0
AF	0	0.396627	1	1	0	0	0	0	0
AF	0	0.396939	1	1	0	0	0	0	0
AF	0	0.397876	1	0	1	0	0	0	0
AF	0	0.399438	1	0	1	0	0	0	0
AF	0	0.400375	1	0	1	0	0	0	0
AF	0	0.400999	1	0	1	0	0	0	0
AF	0	0.401624	1	1	0	0	0	0	0
AF	0	0.402873	1	1	0	0	0	0	0
AF	0	0.403498	1	0	1	0	0	0	0
AF	0	0.404747	1	1	0	0	0	0	0
AF	0	0.405372	1	0	1	0	0	0	0
AF	0	0.405684	1	0	1	0	0	0	0
AF	0	0.406621	1	0	1	0	0	0	0
AF	0	0.406933	1	0	1	0	0	0	0
AF	0	0.407870	2	0	2	0	0	0	0
AF	0	0.408495	2	1	1	0	0	0	0
AF	0	0.409119	2	2	0	0	0	0	0
AF	0	0.409744	2	1	1	0	0	0	0
AF	0	0.410993	1	1	0	0	0	0	0
AF	0	0.411618	1	1	0	0	0	0	0
AF	0	0.412242	1	0	1	0	0	0	0
AF	0	0.412867	1	1	0	0	0	0	0
AF	0	0.413179	1	1	0	0	0	0	0
AF	0	0.416615	2	2	0	0	0	0	0
AF	0	0.416927	1	1	0	0	0	0	0
AF	0	0.417239	1	1	0	0	0	0	0
AF	0	0.417552	1	1	0	0	0	0	0
AF	0	0.418488	1	0	1	0	0	0	0
AF	0	0.419113	1	1	0	0	0	0	0
AF	0	0.419738	2	2	0	0	0	0	0
AF	0	0.420050	1	0	1	0	0	0	0
AF	0	0.420987	1	1	0	0	0	0	0
AF	0	0.422236	1	1	0	0	0	0	0
AF	0	0.422861	1	1	0	0	0	0	0
AF	0	0.424110	1	0	1	0	0	0	0
AF	0	0.426921	1	1	0	0	0	0	0
AF	0	0.427545	1	1	0	0	0	0	0
AF	0	0.428170	1	0	1	0	0	0	0
AF	0	0.430356	1	0	1	0	0	0	0
AF	0	0.430668	1	0	1	0	0	0	0
AF	0	0.431605	1	0	1	0	0	0	0
AF	0	0.432230	1	1	0	0	0	0	0
AF	0	0.433479	1	1	0	0	0	0	0
AF	0	0.434104	1	1	0	0	0	0	0
AF	0	0.434728	1	1	0	0	0	0	0
AF	0	0.435665	1	1	0	0	0	0	0
AF	0	0.436914	1	0	1	0	0	0	0
AF	0	0.437227	1	0	1	0	0	0	0
AF	0	0.437851	1	1	0	0	0	0	0
AF	0	0.439725	1	1	0	0	0	0	0
AF	0	0.440350	1	1	0	0	0	0	0
AF	0	0.441287	1	1	0	0	0	0	0
AF	0	0.441599	3	3	0	0	0	0	0
AF	0	0.442536	1	1	0	0	0	0	0
AF	0	0.442848	1	1	0	0	0	0	0
AF	0	0.443473	1	0	1	0	0	0	0
AF	0	0.444410	1	1	0	0	0	0	0
AF	0	0.445659	4	1	3	0	0	0	0
AF	0	0.446284	2	2	0	0	0	0	0
AF	0	0.446596	1	1	0	0	0	0	0
AF	0	0.446908	3	2	1	0	0	0	0
AF	0	0.447533	1	0	1	0	0	0	0
AF	0	0.447845	1	1	0	0	0	0	0
AF	0	0.448157	1	0	1	0	0	0	0
AF	0	0.448470	2	1	1	0	0	0	0
AF	0	0.448782	2	1	1	0	0	0	0
AF	0	0.450031	1	0	1	0	0	0	0
AF	0	0.450344	1	1	0	0	0	0	0
AF	0	0.450656	1	1	0	0	0	0	0
AF	0	0.451280	1	0	1	0	0	0	0
AF	0	0.451593	1	1	0	0	0	0	0
AF	0	0.452217	2	2	0	0	0	0	0
AF	0	0.452530	1	0	1	0	0	0	0
AF	0	0.453154	1	1	0	0	0	0	0
AF	0	0.453467	1	0	1	0	0	0	0
AF	0	0.454091	1	1	0	0	0	0	0
AF	0	0.455028	1	1	0	0	0	0	0
AF	0	0.455340	1	1	0	0	0	0	0
AF	0	0.455653	1	0	1	0	0	0	0
AF	0	0.457527	2	1	1	0	0	0	0
AF	0	0.458151	1	1	0	0	0	0	0
AF	0	0.458776	2	2	0	0	0	0	0
AF	0	0.459400	1	0	1	0	0	0	0
AF	0	0.460337	1	1	0	0	0	0	0
AF	0	0.460650	1	1	0	0	0	0	0
AF	0	0.461274	2	1	1	0	0	0	0
AF	0	0.462523	1	1	0	0	0	0	0
AF	0	0.462836	1	1	0	0	0	0	0
AF	0	0.463148	1	1	0	0	0	0	0
AF	0	0.463773	2	2	0	0	0	0	0
AF	0	0.464397	1	1	0	0	0	0	0
AF	0	0.465022	2	2	0	0	0	0	0
AF	0	0.465959	1	1	0	0	0	0	0
AF	0	0.466583	1	1	0	0	0	0	0
AF	0	0.466896	2	2	0	0	0	0	0
AF	0	0.467520	1	1	0	0	0	0	0
AF	0	0.467833	1	1	0	0	0	0	0
AF	0	0.468145	1	1	0	0	0	0	0
AF	0	0.468770	4	3	1	0	0	0	0
AF	0	0.470331	1	1	0	0	0	0	0
AF	0	0.470643	1	0	1	0	0	0	0
AF	0	0.470956	1	1	0	0	0	0	0
AF	0	0.471268	2	0	2	0	0	0	0
AF	0	0.471893	1	0	1	0	0	0	0
AF	0	0.472205	2	2	0	0	0	0	0
AF	0	0.472517	1	0	1	0	0	0	0
AF	0	0.473142	1	0	1	0	0	0	0
AF	0	0.473454	2	1	1	0	0	0	0
AF	0	0.473766	1	1	0	0	0	0	0
AF	0	0.474391	1	1	0	0	0	0	0
AF	0	0.475016	1	1	0	0	0	0	0
AF	0	0.475640	1	1	0	0	0	0	0
AF	0	0.476265	1	0	1	0	0	0	0
AF	0	0.476889	1	0	1	0	0	0	0
AF	0	0.477202	3	1	2	0	0	0	0
AF	0	0.477514	2	2	0	0	0	0	0
AF	0	0.479076	3	1	2	0	0	0	0
AF	0	0.479388	1	1	0	0	0	0	0
AF	0	0.479700	1	1	0	0	0	0	0
AF	0	0.480637	1	1	0	0	0	0	0
AF	0	0.481886	4	3	1	0	0	0	0
AF	0	0.482199	2	2	0	0	0	0	0
AF	0	0.482511	5	5	0	0	0	0	0
AF	0	0.483136	2	2	0	0	0	0	0
AF	0	0.483760	1	0	1	0	0	0	0
AF	0	0.484072	1	0	1	0	0	0	0
AF	0	0.484385	1	1	0	0	0	0	0
AF	0	0.485009	1	1	0	0	0	0	0
AF	0	0.485634	1	0	1	0	0	0	0
AF	0	0.486259	1	0	1	0	0	0	0
AF	0	0.486571	1	1	0	0	0	0	0
AF	0	0.488132	1	1	0	0	0	0	0
AF	0	0.488445	1	1	0	0	0	0	0
AF	0	0.488757	1	1	0	0	0	0	0
AF	0	0.489382	1	1	0	0	0	0	0
AF	0	0.490006	3	1	2	0	0	0	0
AF	0	0.491255	1	1	0	0	0	0	0
AF	0	0.491880	1	0	1	0	0	0	0
AF	0	0.493754	2	2	0	0	0	0	0
AF	0	0.494066	1	1	0	0	0	0	0
AF	0	0.494379	2	1	1	0	0	0	0
AF	0	0.495315	1	1	0	0	0	0	0
AF	0	0.497814	1	0	1	0	0	0	0
AF	0	0.500312	2	1	1	0	0	0	0
AF	0	0.500625	1	1	0	0	0	0	0
AF	0	0.501249	1	1	0	0	0	0	0
AF	0	0.501874	1	1	0	0	0	0	0
AF	0	0.503435	1	1	0	0	0	0	0
AF	0	0.503748	1	1	0	0	0	0	0
AF	0	0.504372	2	1	1	0	0	0	0
AF	0	0.505934	1	1	0	0	0	0	0
AF	0	0.507183	1	0	1	0	0	0	0
AF	0	0.507495	1	1	0	0	0	0	0
AF	0	0.508120	1	1	0	0	0	0	0
AF	0	0.509681	1	1	0	0	0	0	0
AF	0	0.509994	1	1	0	0	0	0	0
AF	0	0.512492	2	2	0	0	0	0	0
AF	0	0.513429	1	1	0	0	0	0	0
AF	0	0.513741	1	1	0	0	0	0	0
AF	0	0.514054	1	1	0	0	0	0	0
AF	0	0.514366	3	2	1	0	0	0	0
AF	0	0.514678	2	2	0	0	0	0	0
AF	0	0.515303	1	0	1	0	0	0	0
AF	0	0.515615	4	0	4	0	0	0	0
AF	0	0.516240	3	3	0	0	0	0	0
AF	0	0.517489	1	1	0	0	0	0	0
AF	0	0.518114	2	0	2	0	0	0	0
AF	0	0.518426	2	1	1	0	0	0	0
AF	0	0.518738	2	2	0	0	0	0	0
AF	0	0.519051	1	1	0	0	0	0	0
AF	0	0.519363	1	1	0	0	0	0	0
AF	0	0.519988	2	1	1	0	0	0	0
AF	0	0.520612	1	0	1	0	0	0	0
AF	0	0.521237	1	0	1	0	0	0	0
AF	0	0.521549	1	0	1	0	0	0	0
AF	0	0.522486	1	1	0	0	0	0	0
AF	0	0.522798	1	1	0	0	0	0	0
AF	0	0.523111	1	1	0	0	0	0	0
AF	0	0.524047	1	1	0	0	0	0	0
AF	0	0.525609	1	0	1	0	0	0	0
AF	0	0.526234	1	1	0	0	0	0	0
AF	0	0.526858	1	1	0	0	0	0	0
AF	0	0.530918	1	0	1	0	0	0	0
AF	0	0.533104	1	1	0	0	0	0	0
AF	0	0.534041	1	1	0	0	0	0	0
AF	0	0.535290	1	1	0	0	0	0	0
AF	0	0.535603	1	1	0	0	0	0	0
AF	0	0.536227	1	0	1	0	0	0	0
AF	0	0.536852	2	1	1	0	0	0	0
AF	0	0.537477	2	1	1	0	0	0	0
AF	0	0.538101	1	1	0	0	0	0	0
AF	0	0.539350	1	0	1	0	0	0	0
AF	0	0.539663	1	0	1	0	0	0	0
AF	0	0.539975	2	2	0	0	0	0	0
AF	0	0.540287	1	1	0	0	0	0	0
AF	0	0.541537	1	1	0	0	0	0	0
AF	0	0.542161	1	1	0	0	0	0	0
AF	0	0.543723	1	1	0	0	0	0	0
AF	0	0.544660	1	1	0	0	0	0	0
AF	0	0.546221	1	1	0	0	0	0	0
AF	0	0.549656	2	2	0	0	0	0	0
AF	0	0.549969	2	1	1	0	0	0	0
AF	0	0.551218	1	1	0	0	0	0	0
AF	0	0.552467	1	1	0	0	0	0	0
AF	0	0.553092	1	1	0	0	0	0	0
AF	0	0.554341	1	1	0	0	0	0	0
AF	0	0.554653	1	1	0	0	0	0	0
AF	0	0.554966	1	1	0	0	0	0	0
AF	0	0.558401	1	1	0	0	0	0	0
AF	0	0.559650	1	0	1	0	0	0	0
AF	0	0.560275	1	1	0	0	0	0	0
AF	0	0.561524	1	1	0	0	0	0	0
AF	0	0.561836	1	1	0	0	0	0	0
AF	0	0.563086	1	1	0	0	0	0	0
AF	0	0.563398	1	1	0	0	0	0	0
AF	0	0.563710	1	0	1	0	0	0	0
AF	0	0.565272	1	1	0	0	0	0	0
AF	0	0.566209	1	1	0	0	0	0	0
AF	0	0.568082	1	0	1	0	0	0	0
AF	0	0.568395	1	1	0	0	0	0	0
AF	0	0.569644	1	1	0	0	0	0	0
AF	0	0.570581	1	1	0	0	0	0	0
AF	0	0.575265	1	1	0	0	0	0	0
AF	0	0.579325	3	3	0	0	0	0	0
AF	0	0.579950	1	0	1	0	0	0	0
AF	0	0.580262	1	0	1	0	0	0	0
AF	0	0.580887	2	1	1	0	0	0	0
AF	0	0.581199	1	1	0	0	0	0	0
AF	0	0.581512	2	2	0	0	0	0	0
AF	0	0.581824	1	1	0	0	0	0	0
AF	0	0.582136	1	1	0	0	0	0	0
AF	0	0.583385	2	2	0	0	0	0	0
AF	0	0.583698	2	2	0	0	0	0	0
AF	0	0.584010	1	1	0	0	0	0	0
AF	0	0.584635	1	1	0	0	0	0	0
AF	0	0.585259	2	1	1	0	0	0	0
AF	0	0.585572	1	1	0	0	0	0	0
AF	0	0.585884	1	1	0	0	0	0	0
AF	0	0.586508	1	0	1	0	0	0	0
AF	0	0.587758	1	1	0	0	0	0	0
AF	0	0.589007	1	1	0	0	0	0	0
AF	0	0.589631	2	0	2	0	0	0	0
AF	0	0.590256	1	0	1	0	0	0	0
AF	0	0.590881	1	1	0	0	0	0	0
AF	0	0.592442	1	1	0	0	0	0	0
AF	0	0.592755	1	1	0	0	0	0	0
AF	0	0.593067	1	1	0	0	0	0	0
AF	0	0.593691	1	0	1	0	0	0	0
AF	0	0.594316	1	0	1	0	0	0	0
AF	0	0.598376	1	1	0	0	0	0	0
AF	0	0.599313	1	1	0	0	0	0	0
AF	0	0.600874	1	0	1	0	0	0	0
AF	0	0.601499	1	1	0	0	0	0	0
AF	0	0.602124	3	2	1	0	0	0	0
AF	0	0.602748	1	1	0	0	0	0	0
AF	0	0.603685	1	1	0	0	0	0	0
AF	0	0.603998	1	0	1	0	0	0	0
AF	0	0.604622	2	1	1	0	0	0	0
AF	0	0.605247	1	0	1	0	0	0	0
AF	0	0.607433	2	0	2	0	0	0	0
AF	0	0.608057	1	0	1	0	0	0	0
AF	0	0.608370	1	1	0	0	0	0	0
AF	0	0.608682	1	1	0	0	0	0	0
AF	0	0.609619	1	1	0	0	0	0	0
AF	0	0.610244	1	1	0	0	0	0	0
AF	0	0.612742	1	1	0	0	0	0	0
AF	0	0.613367	1	1	0	0	0	0	0
AF	0	0.613679	1	1	0	0	0	0	0
AF	0	0.615553	1	1	0	0	0	0	0
AF	0	0.615865	1	0	1	0	0	0	0
AF	0	0.616490	1	1	0	0	0	0	0
AF	0	0.620862	1	1	0	0	0	0	0
AF	0	0.621799	1	0	1	0	0	0	0
AF	0	0.622111	1	1	0	0	0	0	0
AF	0	0.622423	1	0	1	0	0	0	0
AF	0	0.623048	1	0	1	0	0	0	0
AF	0	0.623985	1	1	0	0	0	0	0
AF	0	0.626796	1	0	1	0	0	0	0
AF	0	0.627420	1	1	0	0	0	0	0
AF	0	0.630231	1	1	0	0	0	0	0
AF	0	0.630856	3	2	1	0	0	0	0
AF	0	0.632730	1	1	0	0	0	0	0
AF	0	0.633354	1	0	1	0	0	0	0
AF	0	0.633666	1	1	0	0	0	0	0
AF	0	0.633979	2	2	0	0	0	0	0
AF	0	0.636477	1	1	0	0	0	0	0
AF	0	0.637102	2	1	1	0	0	0	0
AF	0	0.637726	3	3	0	0	0	0	0
AF	0	0.638351	1	1	0	0	0	0	0
AF	0	0.640849	1	1	0	0	0	0	0
AF	0	0.641162	1	1	0	0	0	0	0
AF	0	0.643660	1	1	0	0	0	0	0
AF	0	0.644285	1	1	0	0	0	0	0
AF	0	0.645846	1	1	0	0	0	0	0
AF	0	0.647720	1	1	0	0	0	0	0
AF	0	0.652092	1	1	0	0	0	0	0
AF	0	0.653342	1	1	0	0	0	0	0
AF	0	0.653654	1	1	0	0	0	0	0
AF	0	0.654279	1	1	0	0	0	0	0
AF	0	0.654903	1	1	0	0	0	0	0
AF	0	0.658026	1	1	0	0	0	0	0
AF	0	0.659275	1	1	0	0	0	0	0
AF	0	0.659900	1	1	0	0	0	0	0
AF	0	0.660212	1	1	0	0	0	0	0
AF	0	0.662086	1	1	0	0	0	0	0
AF	0	0.663960	1	1	0	0	0	0	0
AF	0	0.664585	1	1	0	0	0	0	0
AF	0	0.665209	1	1	0	0	0	0	0
AF	0	0.665834	1	1	0	0	0	0	0
AF	0	0.666458	1	0	1	0	0	0	0
AF	0	0.668020	1	1	0	0	0	0	0
AF	0	0.669894	1	1	0	0	0	0	0
AF	0	0.670206	1	1	0	0	0	0	0
AF	0	0.671768	1	1	0	0	0	0	0
AF	0	0.673329	1	1	0	0	0	0	0
AF	0	0.673641	1	1	0	0	0	0	0
AF	0	0.674266	1	1	0	0	0	0	0
AF	0	0.678014	1	1	0	0	0	0	0
AF	0	0.678951	1	1	0	0	0	0	0
AF	0	0.679263	1	1	0	0	0	0	0
AF	0	0.679888	1	0	1	0	0	0	0
AF	0	0.681761	1	0	1	0	0	0	0
AF	0	0.683011	1	1	0	0	0	0	0
AF	0	0.684884	1	1	0	0	0	0	0
AF	0	0.686758	1	0	1	0	0	0	0
AF	0	0.690506	1	1	0	0	0	0	0
AF	0	0.691131	1	1	0	0	0	0	0
AF	0	0.691755	3	1	2	0	0	0	0
AF	0	0.692067	1	1	0	0	0	0	0
AF	0	0.693004	1	1	0	0	0	0	0
AF	0	0.696440	1	1	0	0	0	0	0
AF	0	0.697377	1	1	0	0	0	0	0
AF	0	0.698314	1	1	0	0	0	0	0
AF	0	0.698626	1	1	0	0	0	0	0
AF	0	0.700812	1	1	0	0	0	0	0
AF	0	0.701124	1	0	1	0	0	0	0
AF	0	0.702374	2	2	0	0	0	0	0
AF	0	0.702686	2	2	0	0	0	0	0
AF	0	0.702998	2	2	0	0	0	0	0
AF	0	0.703935	1	1	0	0	0	0	0
AF	0	0.704247	4	2	2	0	0	0	0
AF	0	0.705184	1	1	0	0	0	0	0
AF	0	0.705497	1	1	0	0	0	0	0
AF	0	0.705809	1	0	1	0	0	0	0
AF	0	0.706121	2	2	0	0	0	0	0
AF	0	0.710493	3	1	2	0	0	0	0
AF	0	0.711118	1	1	0	0	0	0	0
AF	0	0.714241	1	0	1	0	0	0	0
AF	0	0.714866	1	1	0	0	0	0	0
AF	0	0.717676	1	1	0	0	0	0	0
AF	0	0.718301	1	0	1	0	0	0	0
AF	0	0.719550	1	0	1	0	0	0	0
AF	0	0.719863	4	1	3	0	0	0	0
AF	0	0.721112	1	0	1	0	0	0	0
AF	0	0.722361	3	2	1	0	0	0	0
AF	0	0.722673	2	1	1	0	0	0	0
AF	0	0.722986	11	8	3	0	0	0	0
AF	0	0.723298	1	1	0	0	0	0	0
AF	0	0.725484	1	1	0	0	0	0	0
AF	0	0.727358	3	1	2	0	0	0	0
AF	0	0.731106	1	1	0	0	0	0	0
AF	0	0.731730	2	0	2	0	0	0	0
AF	0	0.736727	2	1	1	0	0	0	0
AF	0	0.737664	1	1	0	0	0	0	0
AF	0	0.737976	2	2	0	0	0	0	0
AF	0	0.738289	1	1	0	0	0	0	0
AF	0	0.738601	1	1	0	0	0	0	0
AF	0	0.740162	2	2	0	0	0	0	0
AF	0	0.742036	1	0	1	0	0	0	0
AF	0	0.742973	1	0	1	0	0	0	0
AF	0	0.743285	1	1	0	0	0	0	0
AF	0	0.745784	2	2	0	0	0	0	0
AF	0	0.746721	1	1	0	0	0	0	0
AF	0	0.748595	3	0	3	0	0	0	0
AF	0	0.753592	1	0	1	0	0	0	0
AF	0	0.755465	1	1	0	0	0	0	0
AF	0	0.756402	1	1	0	0	0	0	0
AF	0	0.756715	1	1	0	0	0	0	0
AF	0	0.757964	1	0	1	0	0	0	0
AF	0	0.760150	1	1	0	0	0	0	0
AF	0	0.760775	1	0	1	0	0	0	0
AF	0	0.761087	1	1	0	0	0	0	0
AF	0	0.761711	1	1	0	0	0	0	0
AF	0	0.762024	1	0	1	0	0	0	0
AF	0	0.765459	1	1	0	0	0	0	0
AF	0	0.766084	1	1	0	0	0	0	0
AF	0	0.766708	1	1	0	0	0	0	0
AF	0	0.769519	1	0	1	0	0	0	0
AF	0	0.772017	1	1	0	0	0	0	0
AF	0	0.772954	2	1	1	0	0	0	0
AF	0	0.775453	2	1	1	0	0	0	0
AF	0	0.782011	1	0	1	0	0	0	0
AF	0	0.782948	1	1	0	0	0	0	0
AF	0	0.783885	5	3	2	0	0	0	0
AF	0	0.784197	1	1	0	0	0	0	0
AF	0	0.784822	1	1	0	0	0	0	0
AF	0	0.787945	1	0	1	0	0	0	0
AF	0	0.788570	1	0	1	0	0	0	0
AF	0	0.788882	1	1	0	0	0	0	0
AF	0	0.789507	1	1	0	0	0	0	0
AF	0	0.789819	1	1	0	0	0	0	0
AF	0	0.795128	1	1	0	0	0	0	0
AF	0	0.801374	1	1	0	0	0	0	0
AF	0	0.805746	1	1	0	0	0	0	0
AF	0	0.806371	1	0	1	0	0	0	0
AF	0	0.807933	1	0	1	0	0	0	0
AF	0	0.810431	1	1	0	0	0	0	0
AF	0	0.812617	1	0	1	0	0	0	0
AF	0	0.813554	1	0	1	0	0	0	0
AF	0	0.818863	1	1	0	0	0	0	0
AF	0	0.821986	1	1	0	0	0	0	0
AF	0	0.827295	1	1	0	0	0	0	0
AF	0	0.827608	1	1	0	0	0	0	0
AF	0	0.827920	2	2	0	0	0	0	0
AF	0	0.828857	2	1	1	0	0	0	0
AF	0	0.829169	1	0	1	0	0	0	0
AF	0	0.832917	3	2	1	0	0	0	0
AF	0	0.833229	4	4	0	0	0	0	0
AF	0	0.835103	1	1	0	0	0	0	0
AF	0	0.835728	1	1	0	0	0	0	0
AF	0	0.836040	1	0	1	0	0	0	0
AF	0	0.836352	1	1	0	0	0	0	0
AF	0	0.837914	1	1	0	0	0	0	0
AF	0	0.839475	2	2	0	0	0	0	0
AF	0	0.841037	1	1	0	0	0	0	0
AF	0	0.841974	1	1	0	0	0	0	0
AF	0	0.843848	2	2	0	0	0	0	0
AF	0	0.844160	7	7	0	0	0	0	0
AF	0	0.844472	9	8	1	0	0	0	0
AF	0	0.845097	1	1	0	0	0	0	0
AF	0	0.846034	1	0	1	0	0	0	0
AF	0	0.846971	3	2	1	0	0	0	0
AF	0	0.847595	1	0	1	0	0	0	0
AF	0	0.848220	2	0	2	0	0	0	0
AF	0	0.848844	1	0	1	0	0	0	0
AF	0	0.849157	1	0	1	0	0	0	0
AF	0	0.851343	1	1	0	0	0	0	0
AF	0	0.851968	1	0	1	0	0	0	0
AF	0	0.854466	1	1	0	0	0	0	0
AF	0	0.855091	1	1	0	0	0	0	0
AF	0	0.858214	1	1	0	0	0	0	0
AF	0	0.858838	1	1	0	0	0	0	0
AF	0	0.865709	1	1	0	0	0	0	0
AF	0	0.866334	1	1	0	0	0	0	0
AF	0	0.868520	1	1	0	0	0	0	0
AF	0	0.868832	1	1	0	0	0	0	0
AF	0	0.871330	1	1	0	0	0	0	0
AF	0	0.872580	1	1	0	0	0	0	0
AF	0	0.875703	1	0	1	0	0	0	0
AF	0	0.876952	1	0	1	0	0	0	0
AF	0	0.881324	1	0	1	0	0	0	0
AF	0	0.883198	1	1	0	0	0	0	0
AF	0	0.884135	1	1	0	0	0	0	0
AF	0	0.891006	1	0	1	0	0	0	0
AF	0	0.891630	1	1	0	0	0	0	0
AF	0	0.892255	2	2	0	0	0	0	0
AF	0	0.892879	1	1	0	0	0	0	0
AF	0	0.893504	2	2	0	0	0	0	0
AF	0	0.896002	1	1	0	0	0	0	0
AF	0	0.898189	1	0	1	0	0	0	0
AF	0	0.902873	1	0	1	0	0	0	0
AF	0	0.905372	1	1	0	0	0	0	0
AF	0	0.907245	1	0	1	0	0	0	0
AF	0	0.908182	2	1	1	0	0	0	0
AF	0	0.908495	1	1	0	0	0	0	0
AF	0	0.910993	1	1	0	0	0	0	0
AF	0	0.913804	2	0	2	0	0	0	0
AF	0	0.914116	2	1	1	0	0	0	0
AF	0	0.915365	1	1	0	0	0	0	0
AF	0	0.919113	1	1	0	0	0	0	0
AF	0	0.921611	1	1	0	0	0	0	0
AF	0	0.922548	1	1	0	0	0	0	0
AF	0	0.923485	2	2	0	0	0	0	0
AF	0	0.923798	1	1	0	0	0	0	0
AF	0	0.925984	2	1	1	0	0	0	0
AF	0	0.926296	1	1	0	0	0	0	0
AF	0	0.926608	1	1	0	0	0	0	0
AF	0	0.927545	1	1	0	0	0	0	0
AF	0	0.932854	1	1	0	0	0	0	0
AF	0	0.940037	1	1	0	0	0	0	0
AF	0	0.943161	1	0	1	0	0	0	0
AF	0	0.943473	1	1	0	0	0	0	0
AF	0	0.944410	1	1	0	0	0	0	0
AF	0	0.945347	2	1	1	0	0	0	0
AF	0	0.950656	1	1	0	0	0	0	0
AF	0	0.951280	1	0	1	0	0	0	0
AF	0	0.952842	1	0	1	0	0	0	0
AF	0	0.953467	3	2	1	0	0	0	0
AF	0	0.954091	3	1	2	0	0	0	0
AF	0	0.956902	1	0	1	0	0	0	0
AF	0	0.965646	2	2	0	0	0	0	0
AF	0	0.966583	2	1	1	0	0	0	0
AF	0	0.966896	1	1	0	0	0	0	0
AF	0	0.967208	1	1	0	0	0	0	0
AF	0	0.967833	1	1	0	0	0	0	0
AF	0	0.970331	1	0	1	0	0	0	0
AF	0	0.971268	2	1	1	0	0	0	0
AF	0	0.973142	1	1	0	0	0	0	0
AF	0	0.979388	1	1	0	0	0	0	0
AF	0	0.980325	1	1	0	0	0	0	0
AF	0	0.981574	1	1	0	0	0	0	0
AF	0	0.984697	1	1	0	0	0	0	0
AF	0	0.985946	2	2	0	0	0	0	0
AF	0	0.986571	2	2	0	0	0	0	0
AF	0	0.986883	1	0	1	0	0	0	0
AF	0	0.987196	2	2	0	0	0	0	0
AF	0	0.988132	1	0	1	0	0	0	0
AF	0	0.988445	2	0	2	0	0	0	0
AF	0	0.989069	1	1	0	0	0	0	0
AF	0	0.990631	2	2	0	0	0	0	0
AF	0	0.990943	2	2	0	0	0	0	0
AF	0	0.992192	1	0	1	0	0	0	0
AF	0	0.993129	2	1	1	0	0	0	0
AF	0	0.993442	3	3	0	0	0	0	0
AF	0	0.995315	2	2	0	0	0	0	0
AF	0	0.997189	1	1	0	0	0	0	0
AF	0	0.997502	1	1	0	0	0	0	0
AF	0	0.998126	1	0	1	0	0	0	0
AF	0	0.998438	1	1	0	0	0	0	0
AF	0	0.999063	2	1	1	0	0	0	0
# QUAL, Stats by quality
# QUAL	[2]id	[3]Quality	[4]number of SNPs	[5]number of transitions (1st ALT)	[6]number of transversions (1st ALT)	[7]number of indels
QUAL	0	.	14550	10489	4061	0
# IDD, InDel distribution:
# IDD	[2]id	[3]length (deletions negative)	[4]number of sites	[5]number of genotypes	[6]mean VAF
# ST, Substitution types:
# ST	[2]id	[3]type	[4]count
ST	0	A>C	389
ST	0	A>G	1523
ST	0	A>T	309
ST	0	C>A	657
ST	0	C>G	736
ST	0	C>T	3560
ST	0	G>A	3911
ST	0	G>C	732
ST	0	G>T	585
ST	0	T>A	322
ST	0	T>C	1495
ST	0	T>G	331
# DP, Depth distribution
# DP	[2]id	[3]bin	[4]number of genotypes	[5]fraction of genotypes (%)	[6]number of sites	[7]fraction of sites (%)
  - Fix haploid genotypes in males...

Submit MakeDiploidMalesX finished successfully. Let's have a beer, buddy!

