Submit MakeDiploidMalesX
version 1.1.6 (2024-09-30)

These are the settings:
  Input file................: /hpc/local/Rocky8/dhl_ec/software/MonopogenLite/resources/1kGP_high_coverage_Illumina.SNVonly_poly.filtered_AF_5e-04.norm.fixvariantid.chrX.vcf.gz
  Output file...............: /hpc/local/Rocky8/dhl_ec/software/MonopogenLite/resources/1kGP_high_coverage_Illumina.SNVonly_poly.filtered_AF_5e-04.norm.fixvariantid.makediploid.chrX.vcf.gz
  Chunk size................: 100

  SLURM CPUs................: 4
  SLURM Array ID............: 17 (of 100)
  SLURM memory..............: 16G
  SLURM time................: 01:00:00
  SLURM mail type...........: FAIL
  SLURM mail user...........: s.w.vanderlaan-2@umcutrecht.nl

  Dry run mode..............: 0
  Debug mode................: 1
  Verbosity.................: 0
  Version...................: 1.1.6 (2024-09-30)

Making converting haploid genotypes to diploid genotypes.
> Extract the region for this SLURM task (# 17) from the BED file.
  - Get the chunk number from the SLURM array task ID and the bed file...
DEBUG: Extracting chunk number: 17p from 17
DEBUG: Extracting region from BED file: /hpc/local/Rocky8/dhl_ec/software/MonopogenLite/resources/chrX_100pieces.bed
  - Extract the region from the BED file...
DEBUG: Extracted raw region: 'chrX	24966529	26526936' (chunk #: 17p of 100 for job 17)
  - Check if a valid region was extracted -- should be 'chrX	24966529	26526936'...
  - Prepare the region for bcftools...
  - Check if the region (chrX:24966529-26526936) was successfully extracted...
> Processing region 'chrX:24966529-26526936'...
  - Process the specific region (chunk# 17) using bcftools view...
  - Index the VCF file...
DEBUG: Check if the VCF file was successfully processed...
##fileformat=VCFv4.2
##FILTER=<ID=PASS,Description="All filters passed">
##fileDate=29/01/2022 - 14:31:41
##source=shapeit4.2.2
##contig=<ID=chr1,length=248956422>
##contig=<ID=chr2,length=242193529>
##contig=<ID=chr3,length=198295559>
##contig=<ID=chr4,length=190214555>
##contig=<ID=chr5,length=181538259>
##contig=<ID=chr6,length=170805979>
# This file was produced by bcftools stats (1.20+htslib-1.20) and can be plotted using plot-vcfstats.
# The command line was:	bcftools stats  /hpc/local/Rocky8/dhl_ec/software/MonopogenLite/resources/chrX.part17.vcf.gz
#
# Definition of sets:
# ID	[2]id	[3]tab-separated file names
ID	0	/hpc/local/Rocky8/dhl_ec/software/MonopogenLite/resources/chrX.part17.vcf.gz
# SN, Summary numbers:
#   number of records   .. number of data rows in the VCF
#   number of no-ALTs   .. reference-only sites, ALT is either "." or identical to REF
#   number of SNPs      .. number of rows with a SNP
#   number of MNPs      .. number of rows with a MNP, such as CC>TT
#   number of indels    .. number of rows with an indel
#   number of others    .. number of rows with other type, for example a symbolic allele or
#                          a complex substitution, such as ACT>TCGA
#   number of multiallelic sites     .. number of rows with multiple alternate alleles
#   number of multiallelic SNP sites .. number of rows with multiple alternate alleles, all SNPs
# 
#   Note that rows containing multiple types will be counted multiple times, in each
#   counter. For example, a row with a SNP and an indel increments both the SNP and
#   the indel counter.
# 
# SN	[2]id	[3]key	[4]value
SN	0	number of samples:	3202
SN	0	number of records:	14658
SN	0	number of no-ALTs:	0
SN	0	number of SNPs:	14658
SN	0	number of MNPs:	0
SN	0	number of indels:	0
SN	0	number of others:	0
SN	0	number of multiallelic sites:	0
SN	0	number of multiallelic SNP sites:	0
# TSTV, transitions/transversions:
# TSTV	[2]id	[3]ts	[4]tv	[5]ts/tv	[6]ts (1st ALT)	[7]tv (1st ALT)	[8]ts/tv (1st ALT)
TSTV	0	10021	4637	2.16	10021	4637	2.16
# SiS, Singleton stats:
# SiS	[2]id	[3]allele count	[4]number of SNPs	[5]number of transitions	[6]number of transversions	[7]number of indels	[8]repeat-consistent	[9]repeat-inconsistent	[10]not applicable
SiS	0	1	0	0	0	0	0	0	0
# AF, Stats by non-reference allele frequency:
# AF	[2]id	[3]allele frequency	[4]number of SNPs	[5]number of transitions	[6]number of transversions	[7]number of indels	[8]repeat-consistent	[9]repeat-inconsistent	[10]not applicable
AF	0	0.000312	2321	1613	708	0	0	0	0
AF	0	0.000625	1376	935	441	0	0	0	0
AF	0	0.000937	1651	1126	525	0	0	0	0
AF	0	0.001249	529	361	168	0	0	0	0
AF	0	0.001562	780	533	247	0	0	0	0
AF	0	0.001874	261	172	89	0	0	0	0
AF	0	0.002186	424	300	124	0	0	0	0
AF	0	0.002498	157	101	56	0	0	0	0
AF	0	0.002811	312	191	121	0	0	0	0
AF	0	0.003123	158	118	40	0	0	0	0
AF	0	0.003435	260	174	86	0	0	0	0
AF	0	0.003748	92	65	27	0	0	0	0
AF	0	0.004060	220	153	67	0	0	0	0
AF	0	0.004372	87	62	25	0	0	0	0
AF	0	0.004685	175	123	52	0	0	0	0
AF	0	0.004997	110	78	32	0	0	0	0
AF	0	0.005309	161	121	40	0	0	0	0
AF	0	0.005621	68	38	30	0	0	0	0
AF	0	0.005934	130	80	50	0	0	0	0
AF	0	0.006246	56	40	16	0	0	0	0
AF	0	0.006558	105	73	32	0	0	0	0
AF	0	0.006871	53	33	20	0	0	0	0
AF	0	0.007183	86	56	30	0	0	0	0
AF	0	0.007495	73	55	18	0	0	0	0
AF	0	0.007808	81	57	24	0	0	0	0
AF	0	0.008120	38	22	16	0	0	0	0
AF	0	0.008432	86	67	19	0	0	0	0
AF	0	0.008745	50	35	15	0	0	0	0
AF	0	0.009057	87	54	33	0	0	0	0
AF	0	0.009369	42	34	8	0	0	0	0
AF	0	0.009681	121	80	41	0	0	0	0
AF	0	0.009994	24	15	9	0	0	0	0
AF	0	0.010306	62	41	21	0	0	0	0
AF	0	0.010618	21	12	9	0	0	0	0
AF	0	0.010931	36	23	13	0	0	0	0
AF	0	0.011243	15	10	5	0	0	0	0
AF	0	0.011555	37	24	13	0	0	0	0
AF	0	0.011868	14	6	8	0	0	0	0
AF	0	0.012180	37	25	12	0	0	0	0
AF	0	0.012492	24	12	12	0	0	0	0
AF	0	0.012804	48	30	18	0	0	0	0
AF	0	0.013117	25	18	7	0	0	0	0
AF	0	0.013429	44	35	9	0	0	0	0
AF	0	0.013741	15	14	1	0	0	0	0
AF	0	0.014054	22	13	9	0	0	0	0
AF	0	0.014366	18	12	6	0	0	0	0
AF	0	0.014678	33	19	14	0	0	0	0
AF	0	0.014991	11	8	3	0	0	0	0
AF	0	0.015303	21	12	9	0	0	0	0
AF	0	0.015615	12	6	6	0	0	0	0
AF	0	0.015928	21	17	4	0	0	0	0
AF	0	0.016240	18	13	5	0	0	0	0
AF	0	0.016552	20	13	7	0	0	0	0
AF	0	0.016864	10	4	6	0	0	0	0
AF	0	0.017177	29	21	8	0	0	0	0
AF	0	0.017489	13	8	5	0	0	0	0
AF	0	0.017801	17	10	7	0	0	0	0
AF	0	0.018114	18	9	9	0	0	0	0
AF	0	0.018426	30	20	10	0	0	0	0
AF	0	0.018738	25	15	10	0	0	0	0
AF	0	0.019051	30	24	6	0	0	0	0
AF	0	0.019363	28	14	14	0	0	0	0
AF	0	0.019675	25	18	7	0	0	0	0
AF	0	0.019988	9	6	3	0	0	0	0
AF	0	0.020300	21	10	11	0	0	0	0
AF	0	0.020612	11	8	3	0	0	0	0
AF	0	0.020924	38	17	21	0	0	0	0
AF	0	0.021237	10	6	4	0	0	0	0
AF	0	0.021549	34	25	9	0	0	0	0
AF	0	0.021861	16	11	5	0	0	0	0
AF	0	0.022174	12	11	1	0	0	0	0
AF	0	0.022486	10	7	3	0	0	0	0
AF	0	0.022798	17	9	8	0	0	0	0
AF	0	0.023111	21	17	4	0	0	0	0
AF	0	0.023423	20	16	4	0	0	0	0
AF	0	0.023735	22	16	6	0	0	0	0
AF	0	0.024047	35	20	15	0	0	0	0
AF	0	0.024360	15	12	3	0	0	0	0
AF	0	0.024672	35	22	13	0	0	0	0
AF	0	0.024984	19	16	3	0	0	0	0
AF	0	0.025297	11	7	4	0	0	0	0
AF	0	0.025609	9	4	5	0	0	0	0
AF	0	0.025921	6	5	1	0	0	0	0
AF	0	0.026546	11	10	1	0	0	0	0
AF	0	0.026858	3	3	0	0	0	0	0
AF	0	0.027171	16	10	6	0	0	0	0
AF	0	0.027483	6	4	2	0	0	0	0
AF	0	0.027795	23	15	8	0	0	0	0
AF	0	0.028107	11	7	4	0	0	0	0
AF	0	0.028420	11	9	2	0	0	0	0
AF	0	0.028732	34	23	11	0	0	0	0
AF	0	0.029044	73	46	27	0	0	0	0
AF	0	0.029357	5	4	1	0	0	0	0
AF	0	0.029669	4	3	1	0	0	0	0
AF	0	0.029981	4	0	4	0	0	0	0
AF	0	0.030294	7	7	0	0	0	0	0
AF	0	0.030606	3	3	0	0	0	0	0
AF	0	0.030918	7	4	3	0	0	0	0
AF	0	0.031230	6	4	2	0	0	0	0
AF	0	0.031543	8	4	4	0	0	0	0
AF	0	0.031855	2	2	0	0	0	0	0
AF	0	0.032167	8	4	4	0	0	0	0
AF	0	0.032480	4	2	2	0	0	0	0
AF	0	0.032792	16	10	6	0	0	0	0
AF	0	0.033104	4	3	1	0	0	0	0
AF	0	0.033417	16	13	3	0	0	0	0
AF	0	0.033729	20	17	3	0	0	0	0
AF	0	0.034041	29	21	8	0	0	0	0
AF	0	0.034354	13	12	1	0	0	0	0
AF	0	0.034666	12	9	3	0	0	0	0
AF	0	0.034978	6	4	2	0	0	0	0
AF	0	0.035290	4	2	2	0	0	0	0
AF	0	0.035603	5	5	0	0	0	0	0
AF	0	0.035915	12	8	4	0	0	0	0
AF	0	0.036227	8	6	2	0	0	0	0
AF	0	0.036540	12	5	7	0	0	0	0
AF	0	0.036852	4	4	0	0	0	0	0
AF	0	0.037164	9	7	2	0	0	0	0
AF	0	0.037477	7	4	3	0	0	0	0
AF	0	0.037789	7	5	2	0	0	0	0
AF	0	0.038101	2	1	1	0	0	0	0
AF	0	0.038413	4	3	1	0	0	0	0
AF	0	0.038726	2	1	1	0	0	0	0
AF	0	0.039038	8	6	2	0	0	0	0
AF	0	0.039663	9	7	2	0	0	0	0
AF	0	0.039975	5	4	1	0	0	0	0
AF	0	0.040287	9	9	0	0	0	0	0
AF	0	0.040600	3	3	0	0	0	0	0
AF	0	0.040912	5	3	2	0	0	0	0
AF	0	0.041224	4	3	1	0	0	0	0
AF	0	0.041537	15	11	4	0	0	0	0
AF	0	0.041849	3	1	2	0	0	0	0
AF	0	0.042161	11	10	1	0	0	0	0
AF	0	0.042473	4	4	0	0	0	0	0
AF	0	0.042786	10	8	2	0	0	0	0
AF	0	0.043098	1	1	0	0	0	0	0
AF	0	0.043410	4	2	2	0	0	0	0
AF	0	0.043723	4	3	1	0	0	0	0
AF	0	0.044035	8	5	3	0	0	0	0
AF	0	0.044347	4	3	1	0	0	0	0
AF	0	0.044660	5	4	1	0	0	0	0
AF	0	0.044972	1	1	0	0	0	0	0
AF	0	0.045284	3	2	1	0	0	0	0
AF	0	0.045597	4	1	3	0	0	0	0
AF	0	0.045909	4	1	3	0	0	0	0
AF	0	0.046221	2	0	2	0	0	0	0
AF	0	0.046533	1	1	0	0	0	0	0
AF	0	0.046846	1	1	0	0	0	0	0
AF	0	0.047158	5	2	3	0	0	0	0
AF	0	0.047470	1	1	0	0	0	0	0
AF	0	0.047783	3	3	0	0	0	0	0
AF	0	0.048095	2	2	0	0	0	0	0
AF	0	0.048407	1	1	0	0	0	0	0
AF	0	0.049032	5	3	2	0	0	0	0
AF	0	0.049344	3	0	3	0	0	0	0
AF	0	0.049656	4	2	2	0	0	0	0
AF	0	0.050281	6	5	1	0	0	0	0
AF	0	0.050593	6	5	1	0	0	0	0
AF	0	0.050906	34	20	14	0	0	0	0
AF	0	0.051218	13	9	4	0	0	0	0
AF	0	0.051530	21	17	4	0	0	0	0
AF	0	0.051843	9	5	4	0	0	0	0
AF	0	0.052155	40	27	13	0	0	0	0
AF	0	0.052467	11	7	4	0	0	0	0
AF	0	0.052780	4	3	1	0	0	0	0
AF	0	0.053404	11	6	5	0	0	0	0
AF	0	0.053716	4	3	1	0	0	0	0
AF	0	0.054029	3	1	2	0	0	0	0
AF	0	0.054341	1	0	1	0	0	0	0
AF	0	0.054653	4	2	2	0	0	0	0
AF	0	0.054966	2	0	2	0	0	0	0
AF	0	0.055590	1	1	0	0	0	0	0
AF	0	0.055903	4	2	2	0	0	0	0
AF	0	0.056527	1	1	0	0	0	0	0
AF	0	0.056839	1	1	0	0	0	0	0
AF	0	0.057152	3	1	2	0	0	0	0
AF	0	0.057464	1	1	0	0	0	0	0
AF	0	0.057776	1	1	0	0	0	0	0
AF	0	0.058401	2	1	1	0	0	0	0
AF	0	0.058713	1	1	0	0	0	0	0
AF	0	0.059026	9	8	1	0	0	0	0
AF	0	0.059963	2	2	0	0	0	0	0
AF	0	0.060275	12	9	3	0	0	0	0
AF	0	0.060587	3	2	1	0	0	0	0
AF	0	0.060899	5	2	3	0	0	0	0
AF	0	0.061212	1	0	1	0	0	0	0
AF	0	0.061524	6	2	4	0	0	0	0
AF	0	0.061836	8	6	2	0	0	0	0
AF	0	0.062149	17	5	12	0	0	0	0
AF	0	0.062461	1	1	0	0	0	0	0
AF	0	0.062773	10	4	6	0	0	0	0
AF	0	0.063086	4	3	1	0	0	0	0
AF	0	0.063398	4	3	1	0	0	0	0
AF	0	0.063710	1	0	1	0	0	0	0
AF	0	0.064647	15	11	4	0	0	0	0
AF	0	0.064959	6	6	0	0	0	0	0
AF	0	0.065272	6	5	1	0	0	0	0
AF	0	0.065584	1	0	1	0	0	0	0
AF	0	0.065896	2	0	2	0	0	0	0
AF	0	0.066209	1	0	1	0	0	0	0
AF	0	0.066521	2	2	0	0	0	0	0
AF	0	0.066833	2	1	1	0	0	0	0
AF	0	0.067146	3	3	0	0	0	0	0
AF	0	0.067458	2	1	1	0	0	0	0
AF	0	0.067770	8	4	4	0	0	0	0
AF	0	0.068082	4	4	0	0	0	0	0
AF	0	0.068395	9	6	3	0	0	0	0
AF	0	0.068707	1	1	0	0	0	0	0
AF	0	0.069332	5	4	1	0	0	0	0
AF	0	0.069644	1	1	0	0	0	0	0
AF	0	0.069956	2	1	1	0	0	0	0
AF	0	0.070269	4	2	2	0	0	0	0
AF	0	0.070581	1	1	0	0	0	0	0
AF	0	0.070893	1	1	0	0	0	0	0
AF	0	0.071205	1	0	1	0	0	0	0
AF	0	0.071518	3	1	2	0	0	0	0
AF	0	0.071830	1	1	0	0	0	0	0
AF	0	0.072142	3	2	1	0	0	0	0
AF	0	0.072455	1	1	0	0	0	0	0
AF	0	0.072767	3	2	1	0	0	0	0
AF	0	0.073079	2	1	1	0	0	0	0
AF	0	0.073392	1	1	0	0	0	0	0
AF	0	0.073704	2	2	0	0	0	0	0
AF	0	0.074016	3	1	2	0	0	0	0
AF	0	0.074329	1	0	1	0	0	0	0
AF	0	0.075578	1	0	1	0	0	0	0
AF	0	0.075890	1	0	1	0	0	0	0
AF	0	0.076515	2	2	0	0	0	0	0
AF	0	0.076827	2	2	0	0	0	0	0
AF	0	0.077139	2	2	0	0	0	0	0
AF	0	0.077452	2	1	1	0	0	0	0
AF	0	0.077764	2	2	0	0	0	0	0
AF	0	0.078076	2	2	0	0	0	0	0
AF	0	0.078389	7	3	4	0	0	0	0
AF	0	0.078701	1	1	0	0	0	0	0
AF	0	0.079013	2	2	0	0	0	0	0
AF	0	0.079325	1	1	0	0	0	0	0
AF	0	0.079638	8	7	1	0	0	0	0
AF	0	0.079950	6	5	1	0	0	0	0
AF	0	0.080262	8	6	2	0	0	0	0
AF	0	0.080575	1	1	0	0	0	0	0
AF	0	0.080887	3	3	0	0	0	0	0
AF	0	0.081199	1	0	1	0	0	0	0
AF	0	0.081512	2	2	0	0	0	0	0
AF	0	0.081824	3	2	1	0	0	0	0
AF	0	0.082136	10	7	3	0	0	0	0
AF	0	0.082448	7	6	1	0	0	0	0
AF	0	0.082761	3	3	0	0	0	0	0
AF	0	0.083073	4	2	2	0	0	0	0
AF	0	0.083385	5	4	1	0	0	0	0
AF	0	0.083698	3	2	1	0	0	0	0
AF	0	0.084010	2	1	1	0	0	0	0
AF	0	0.084322	1	1	0	0	0	0	0
AF	0	0.084635	5	5	0	0	0	0	0
AF	0	0.084947	2	1	1	0	0	0	0
AF	0	0.085259	6	3	3	0	0	0	0
AF	0	0.085572	3	2	1	0	0	0	0
AF	0	0.085884	1	1	0	0	0	0	0
AF	0	0.086196	2	1	1	0	0	0	0
AF	0	0.086508	22	14	8	0	0	0	0
AF	0	0.086821	9	8	1	0	0	0	0
AF	0	0.087133	11	6	5	0	0	0	0
AF	0	0.087445	4	1	3	0	0	0	0
AF	0	0.087758	13	10	3	0	0	0	0
AF	0	0.088070	15	8	7	0	0	0	0
AF	0	0.088382	15	11	4	0	0	0	0
AF	0	0.088695	2	1	1	0	0	0	0
AF	0	0.089007	6	4	2	0	0	0	0
AF	0	0.089631	2	0	2	0	0	0	0
AF	0	0.089944	4	2	2	0	0	0	0
AF	0	0.090256	8	6	2	0	0	0	0
AF	0	0.090568	2	1	1	0	0	0	0
AF	0	0.090881	9	5	4	0	0	0	0
AF	0	0.091193	2	1	1	0	0	0	0
AF	0	0.091505	1	0	1	0	0	0	0
AF	0	0.091818	1	1	0	0	0	0	0
AF	0	0.092130	3	2	1	0	0	0	0
AF	0	0.092442	1	0	1	0	0	0	0
AF	0	0.092755	6	4	2	0	0	0	0
AF	0	0.093067	1	1	0	0	0	0	0
AF	0	0.093379	2	2	0	0	0	0	0
AF	0	0.093691	1	0	1	0	0	0	0
AF	0	0.094628	2	2	0	0	0	0	0
AF	0	0.094941	1	1	0	0	0	0	0
AF	0	0.095253	3	2	1	0	0	0	0
AF	0	0.095565	3	1	2	0	0	0	0
AF	0	0.095878	7	6	1	0	0	0	0
AF	0	0.096502	6	5	1	0	0	0	0
AF	0	0.096814	3	2	1	0	0	0	0
AF	0	0.097127	4	4	0	0	0	0	0
AF	0	0.097439	1	1	0	0	0	0	0
AF	0	0.097751	2	2	0	0	0	0	0
AF	0	0.098064	2	2	0	0	0	0	0
AF	0	0.098376	7	7	0	0	0	0	0
AF	0	0.098688	2	2	0	0	0	0	0
AF	0	0.099001	4	3	1	0	0	0	0
AF	0	0.099625	5	4	1	0	0	0	0
AF	0	0.099938	3	1	2	0	0	0	0
AF	0	0.100250	5	4	1	0	0	0	0
AF	0	0.100874	1	1	0	0	0	0	0
AF	0	0.101499	1	1	0	0	0	0	0
AF	0	0.101811	3	3	0	0	0	0	0
AF	0	0.102124	3	2	1	0	0	0	0
AF	0	0.103061	2	1	1	0	0	0	0
AF	0	0.103373	11	7	4	0	0	0	0
AF	0	0.103685	1	1	0	0	0	0	0
AF	0	0.104310	1	0	1	0	0	0	0
AF	0	0.104622	1	1	0	0	0	0	0
AF	0	0.105247	3	2	1	0	0	0	0
AF	0	0.105559	1	0	1	0	0	0	0
AF	0	0.105871	1	1	0	0	0	0	0
AF	0	0.106184	3	2	1	0	0	0	0
AF	0	0.106496	3	3	0	0	0	0	0
AF	0	0.106808	2	0	2	0	0	0	0
AF	0	0.107121	2	1	1	0	0	0	0
AF	0	0.108057	2	1	1	0	0	0	0
AF	0	0.108370	1	1	0	0	0	0	0
AF	0	0.108682	2	2	0	0	0	0	0
AF	0	0.108994	6	4	2	0	0	0	0
AF	0	0.109307	1	0	1	0	0	0	0
AF	0	0.109619	6	4	2	0	0	0	0
AF	0	0.109931	1	1	0	0	0	0	0
AF	0	0.110244	2	1	1	0	0	0	0
AF	0	0.110556	3	2	1	0	0	0	0
AF	0	0.110868	4	3	1	0	0	0	0
AF	0	0.111181	8	7	1	0	0	0	0
AF	0	0.111493	1	0	1	0	0	0	0
AF	0	0.111805	4	3	1	0	0	0	0
AF	0	0.112117	1	1	0	0	0	0	0
AF	0	0.112430	1	1	0	0	0	0	0
AF	0	0.112742	2	0	2	0	0	0	0
AF	0	0.113054	3	3	0	0	0	0	0
AF	0	0.113367	1	0	1	0	0	0	0
AF	0	0.113679	3	2	1	0	0	0	0
AF	0	0.114304	1	1	0	0	0	0	0
AF	0	0.114616	2	1	1	0	0	0	0
AF	0	0.114928	2	2	0	0	0	0	0
AF	0	0.115240	1	1	0	0	0	0	0
AF	0	0.115553	2	1	1	0	0	0	0
AF	0	0.115865	1	0	1	0	0	0	0
AF	0	0.116177	1	1	0	0	0	0	0
AF	0	0.116802	1	0	1	0	0	0	0
AF	0	0.117427	2	1	1	0	0	0	0
AF	0	0.117739	2	2	0	0	0	0	0
AF	0	0.118051	1	0	1	0	0	0	0
AF	0	0.118676	1	1	0	0	0	0	0
AF	0	0.119300	5	2	3	0	0	0	0
AF	0	0.119613	1	1	0	0	0	0	0
AF	0	0.119925	8	7	1	0	0	0	0
AF	0	0.120862	1	1	0	0	0	0	0
AF	0	0.121174	1	1	0	0	0	0	0
AF	0	0.121487	2	1	1	0	0	0	0
AF	0	0.121799	4	2	2	0	0	0	0
AF	0	0.122111	2	2	0	0	0	0	0
AF	0	0.122423	2	2	0	0	0	0	0
AF	0	0.123673	11	8	3	0	0	0	0
AF	0	0.123985	6	3	3	0	0	0	0
AF	0	0.124297	5	4	1	0	0	0	0
AF	0	0.124610	9	5	4	0	0	0	0
AF	0	0.124922	4	3	1	0	0	0	0
AF	0	0.125234	5	3	2	0	0	0	0
AF	0	0.125547	10	8	2	0	0	0	0
AF	0	0.125859	4	3	1	0	0	0	0
AF	0	0.126171	10	5	5	0	0	0	0
AF	0	0.126483	9	5	4	0	0	0	0
AF	0	0.126796	5	3	2	0	0	0	0
AF	0	0.127108	2	2	0	0	0	0	0
AF	0	0.127420	3	2	1	0	0	0	0
AF	0	0.127733	3	3	0	0	0	0	0
AF	0	0.128045	7	6	1	0	0	0	0
AF	0	0.128357	1	0	1	0	0	0	0
AF	0	0.128670	3	3	0	0	0	0	0
AF	0	0.128982	1	0	1	0	0	0	0
AF	0	0.130543	1	0	1	0	0	0	0
AF	0	0.130856	2	2	0	0	0	0	0
AF	0	0.131480	1	0	1	0	0	0	0
AF	0	0.131793	1	1	0	0	0	0	0
AF	0	0.132730	2	1	1	0	0	0	0
AF	0	0.133042	1	1	0	0	0	0	0
AF	0	0.133354	1	0	1	0	0	0	0
AF	0	0.133666	3	2	1	0	0	0	0
AF	0	0.133979	2	1	1	0	0	0	0
AF	0	0.134291	3	2	1	0	0	0	0
AF	0	0.134603	3	2	1	0	0	0	0
AF	0	0.134916	7	5	2	0	0	0	0
AF	0	0.135228	1	1	0	0	0	0	0
AF	0	0.135540	2	0	2	0	0	0	0
AF	0	0.135853	3	2	1	0	0	0	0
AF	0	0.136165	4	4	0	0	0	0	0
AF	0	0.136790	1	1	0	0	0	0	0
AF	0	0.137102	3	3	0	0	0	0	0
AF	0	0.137414	1	0	1	0	0	0	0
AF	0	0.137726	1	1	0	0	0	0	0
AF	0	0.138039	6	4	2	0	0	0	0
AF	0	0.138351	4	3	1	0	0	0	0
AF	0	0.138663	7	3	4	0	0	0	0
AF	0	0.138976	2	2	0	0	0	0	0
AF	0	0.139288	7	7	0	0	0	0	0
AF	0	0.139600	1	1	0	0	0	0	0
AF	0	0.139913	4	4	0	0	0	0	0
AF	0	0.140225	1	1	0	0	0	0	0
AF	0	0.140537	3	2	1	0	0	0	0
AF	0	0.140849	2	1	1	0	0	0	0
AF	0	0.141162	1	1	0	0	0	0	0
AF	0	0.141474	7	5	2	0	0	0	0
AF	0	0.141786	7	5	2	0	0	0	0
AF	0	0.142099	6	3	3	0	0	0	0
AF	0	0.142411	2	2	0	0	0	0	0
AF	0	0.142723	2	2	0	0	0	0	0
AF	0	0.143036	1	0	1	0	0	0	0
AF	0	0.143348	3	2	1	0	0	0	0
AF	0	0.143660	1	1	0	0	0	0	0
AF	0	0.143973	1	1	0	0	0	0	0
AF	0	0.144909	1	1	0	0	0	0	0
AF	0	0.145846	2	2	0	0	0	0	0
AF	0	0.147096	1	1	0	0	0	0	0
AF	0	0.147408	1	1	0	0	0	0	0
AF	0	0.148657	1	1	0	0	0	0	0
AF	0	0.148969	1	1	0	0	0	0	0
AF	0	0.149282	1	1	0	0	0	0	0
AF	0	0.149906	1	0	1	0	0	0	0
AF	0	0.150531	1	1	0	0	0	0	0
AF	0	0.152405	2	0	2	0	0	0	0
AF	0	0.153029	1	1	0	0	0	0	0
AF	0	0.153342	1	1	0	0	0	0	0
AF	0	0.153654	1	1	0	0	0	0	0
AF	0	0.156777	1	1	0	0	0	0	0
AF	0	0.157402	1	1	0	0	0	0	0
AF	0	0.158026	1	1	0	0	0	0	0
AF	0	0.160837	2	2	0	0	0	0	0
AF	0	0.161774	25	17	8	0	0	0	0
AF	0	0.162086	25	18	7	0	0	0	0
AF	0	0.162399	35	21	14	0	0	0	0
AF	0	0.162711	8	5	3	0	0	0	0
AF	0	0.163023	3	3	0	0	0	0	0
AF	0	0.163960	1	1	0	0	0	0	0
AF	0	0.164272	3	1	2	0	0	0	0
AF	0	0.164585	4	2	2	0	0	0	0
AF	0	0.164897	6	4	2	0	0	0	0
AF	0	0.165209	3	2	1	0	0	0	0
AF	0	0.165522	5	5	0	0	0	0	0
AF	0	0.165834	2	2	0	0	0	0	0
AF	0	0.166146	2	0	2	0	0	0	0
AF	0	0.166458	1	1	0	0	0	0	0
AF	0	0.166771	2	1	1	0	0	0	0
AF	0	0.167083	1	0	1	0	0	0	0
AF	0	0.167395	1	0	1	0	0	0	0
AF	0	0.167708	1	1	0	0	0	0	0
AF	0	0.168332	1	1	0	0	0	0	0
AF	0	0.169269	4	3	1	0	0	0	0
AF	0	0.169894	4	3	1	0	0	0	0
AF	0	0.170206	1	0	1	0	0	0	0
AF	0	0.170518	3	2	1	0	0	0	0
AF	0	0.171143	1	0	1	0	0	0	0
AF	0	0.172392	1	0	1	0	0	0	0
AF	0	0.173329	1	1	0	0	0	0	0
AF	0	0.173954	1	1	0	0	0	0	0
AF	0	0.174578	1	0	1	0	0	0	0
AF	0	0.175203	1	1	0	0	0	0	0
AF	0	0.177077	1	1	0	0	0	0	0
AF	0	0.177389	5	4	1	0	0	0	0
AF	0	0.177701	3	2	1	0	0	0	0
AF	0	0.178014	11	4	7	0	0	0	0
AF	0	0.178326	8	5	3	0	0	0	0
AF	0	0.178638	2	0	2	0	0	0	0
AF	0	0.178951	1	0	1	0	0	0	0
AF	0	0.179575	1	0	1	0	0	0	0
AF	0	0.179888	2	1	1	0	0	0	0
AF	0	0.180200	1	1	0	0	0	0	0
AF	0	0.180512	6	4	2	0	0	0	0
AF	0	0.180824	5	5	0	0	0	0	0
AF	0	0.181137	8	5	3	0	0	0	0
AF	0	0.181449	7	4	3	0	0	0	0
AF	0	0.181761	3	1	2	0	0	0	0
AF	0	0.183011	1	1	0	0	0	0	0
AF	0	0.183635	3	3	0	0	0	0	0
AF	0	0.183948	1	1	0	0	0	0	0
AF	0	0.184260	1	1	0	0	0	0	0
AF	0	0.184572	2	2	0	0	0	0	0
AF	0	0.185197	1	1	0	0	0	0	0
AF	0	0.187071	1	0	1	0	0	0	0
AF	0	0.187383	3	2	1	0	0	0	0
AF	0	0.188007	2	2	0	0	0	0	0
AF	0	0.188320	2	2	0	0	0	0	0
AF	0	0.188632	1	1	0	0	0	0	0
AF	0	0.188944	2	1	1	0	0	0	0
AF	0	0.189569	2	2	0	0	0	0	0
AF	0	0.189881	4	3	1	0	0	0	0
AF	0	0.190194	1	1	0	0	0	0	0
AF	0	0.190506	4	4	0	0	0	0	0
AF	0	0.190818	1	1	0	0	0	0	0
AF	0	0.191131	3	3	0	0	0	0	0
AF	0	0.191443	1	1	0	0	0	0	0
AF	0	0.191755	4	4	0	0	0	0	0
AF	0	0.192067	3	3	0	0	0	0	0
AF	0	0.192380	5	5	0	0	0	0	0
AF	0	0.192692	1	0	1	0	0	0	0
AF	0	0.193004	3	3	0	0	0	0	0
AF	0	0.193317	3	2	1	0	0	0	0
AF	0	0.193629	5	2	3	0	0	0	0
AF	0	0.193941	3	1	2	0	0	0	0
AF	0	0.194254	3	2	1	0	0	0	0
AF	0	0.194566	3	1	2	0	0	0	0
AF	0	0.194878	1	0	1	0	0	0	0
AF	0	0.195191	2	0	2	0	0	0	0
AF	0	0.195503	2	1	1	0	0	0	0
AF	0	0.196127	1	1	0	0	0	0	0
AF	0	0.196440	1	0	1	0	0	0	0
AF	0	0.196752	3	1	2	0	0	0	0
AF	0	0.197377	1	1	0	0	0	0	0
AF	0	0.198314	1	0	1	0	0	0	0
AF	0	0.198626	2	0	2	0	0	0	0
AF	0	0.198938	2	1	1	0	0	0	0
AF	0	0.199563	1	1	0	0	0	0	0
AF	0	0.199875	3	1	2	0	0	0	0
AF	0	0.200187	1	1	0	0	0	0	0
AF	0	0.200500	4	2	2	0	0	0	0
AF	0	0.200812	1	0	1	0	0	0	0
AF	0	0.201124	1	1	0	0	0	0	0
AF	0	0.201437	1	1	0	0	0	0	0
AF	0	0.201749	4	3	1	0	0	0	0
AF	0	0.202061	2	2	0	0	0	0	0
AF	0	0.202374	2	2	0	0	0	0	0
AF	0	0.203623	4	1	3	0	0	0	0
AF	0	0.203935	1	1	0	0	0	0	0
AF	0	0.204247	1	1	0	0	0	0	0
AF	0	0.204560	2	1	1	0	0	0	0
AF	0	0.204872	2	1	1	0	0	0	0
AF	0	0.205184	1	1	0	0	0	0	0
AF	0	0.205497	1	1	0	0	0	0	0
AF	0	0.206121	3	2	1	0	0	0	0
AF	0	0.206746	1	0	1	0	0	0	0
AF	0	0.207058	2	2	0	0	0	0	0
AF	0	0.207370	1	0	1	0	0	0	0
AF	0	0.207995	2	2	0	0	0	0	0
AF	0	0.208307	1	0	1	0	0	0	0
AF	0	0.208620	4	3	1	0	0	0	0
AF	0	0.208932	2	2	0	0	0	0	0
AF	0	0.209244	5	3	2	0	0	0	0
AF	0	0.209557	1	0	1	0	0	0	0
AF	0	0.209869	3	2	1	0	0	0	0
AF	0	0.210181	1	1	0	0	0	0	0
AF	0	0.210493	1	0	1	0	0	0	0
AF	0	0.211118	1	0	1	0	0	0	0
AF	0	0.212367	1	1	0	0	0	0	0
AF	0	0.214241	1	0	1	0	0	0	0
AF	0	0.214553	5	4	1	0	0	0	0
AF	0	0.214866	5	5	0	0	0	0	0
AF	0	0.215178	4	4	0	0	0	0	0
AF	0	0.215490	2	2	0	0	0	0	0
AF	0	0.215803	1	1	0	0	0	0	0
AF	0	0.216115	1	1	0	0	0	0	0
AF	0	0.216427	1	1	0	0	0	0	0
AF	0	0.216740	2	1	1	0	0	0	0
AF	0	0.217364	2	1	1	0	0	0	0
AF	0	0.217989	3	2	1	0	0	0	0
AF	0	0.218613	6	3	3	0	0	0	0
AF	0	0.218926	1	1	0	0	0	0	0
AF	0	0.220175	1	1	0	0	0	0	0
AF	0	0.220487	1	0	1	0	0	0	0
AF	0	0.221424	2	1	1	0	0	0	0
AF	0	0.221736	1	1	0	0	0	0	0
AF	0	0.222049	1	1	0	0	0	0	0
AF	0	0.222361	2	1	1	0	0	0	0
AF	0	0.222673	1	1	0	0	0	0	0
AF	0	0.222986	2	2	0	0	0	0	0
AF	0	0.223298	3	1	2	0	0	0	0
AF	0	0.223923	1	1	0	0	0	0	0
AF	0	0.224859	1	0	1	0	0	0	0
AF	0	0.225172	1	1	0	0	0	0	0
AF	0	0.225796	1	1	0	0	0	0	0
AF	0	0.226421	1	1	0	0	0	0	0
AF	0	0.226733	1	1	0	0	0	0	0
AF	0	0.227358	3	2	1	0	0	0	0
AF	0	0.227670	1	1	0	0	0	0	0
AF	0	0.229544	1	0	1	0	0	0	0
AF	0	0.230481	1	1	0	0	0	0	0
AF	0	0.230793	4	1	3	0	0	0	0
AF	0	0.231106	3	2	1	0	0	0	0
AF	0	0.231418	17	12	5	0	0	0	0
AF	0	0.231730	2	2	0	0	0	0	0
AF	0	0.232042	2	2	0	0	0	0	0
AF	0	0.232667	1	1	0	0	0	0	0
AF	0	0.233292	1	1	0	0	0	0	0
AF	0	0.234541	6	3	3	0	0	0	0
AF	0	0.234853	6	5	1	0	0	0	0
AF	0	0.235166	6	3	3	0	0	0	0
AF	0	0.235478	7	5	2	0	0	0	0
AF	0	0.235790	5	4	1	0	0	0	0
AF	0	0.236102	2	2	0	0	0	0	0
AF	0	0.236415	1	1	0	0	0	0	0
AF	0	0.237352	1	1	0	0	0	0	0
AF	0	0.238289	3	0	3	0	0	0	0
AF	0	0.238913	1	1	0	0	0	0	0
AF	0	0.239538	1	1	0	0	0	0	0
AF	0	0.239850	1	1	0	0	0	0	0
AF	0	0.240162	1	1	0	0	0	0	0
AF	0	0.240787	2	2	0	0	0	0	0
AF	0	0.241412	1	0	1	0	0	0	0
AF	0	0.242036	3	2	1	0	0	0	0
AF	0	0.242349	1	1	0	0	0	0	0
AF	0	0.242661	1	1	0	0	0	0	0
AF	0	0.244847	1	0	1	0	0	0	0
AF	0	0.245159	1	0	1	0	0	0	0
AF	0	0.246721	2	2	0	0	0	0	0
AF	0	0.247033	1	0	1	0	0	0	0
AF	0	0.247345	1	1	0	0	0	0	0
AF	0	0.247658	1	1	0	0	0	0	0
AF	0	0.248907	1	1	0	0	0	0	0
AF	0	0.250156	1	1	0	0	0	0	0
AF	0	0.250781	3	2	1	0	0	0	0
AF	0	0.251405	2	2	0	0	0	0	0
AF	0	0.251718	3	2	1	0	0	0	0
AF	0	0.252030	1	0	1	0	0	0	0
AF	0	0.252342	1	0	1	0	0	0	0
AF	0	0.252655	1	1	0	0	0	0	0
AF	0	0.253279	3	3	0	0	0	0	0
AF	0	0.253904	1	1	0	0	0	0	0
AF	0	0.254528	2	2	0	0	0	0	0
AF	0	0.255778	2	1	1	0	0	0	0
AF	0	0.256090	3	2	1	0	0	0	0
AF	0	0.256402	4	3	1	0	0	0	0
AF	0	0.256715	1	1	0	0	0	0	0
AF	0	0.257027	2	0	2	0	0	0	0
AF	0	0.257339	1	0	1	0	0	0	0
AF	0	0.257651	3	2	1	0	0	0	0
AF	0	0.257964	2	0	2	0	0	0	0
AF	0	0.258276	5	4	1	0	0	0	0
AF	0	0.258588	2	2	0	0	0	0	0
AF	0	0.258901	2	1	1	0	0	0	0
AF	0	0.259213	3	2	1	0	0	0	0
AF	0	0.259525	9	5	4	0	0	0	0
AF	0	0.259838	5	5	0	0	0	0	0
AF	0	0.260150	1	1	0	0	0	0	0
AF	0	0.260462	3	2	1	0	0	0	0
AF	0	0.260775	1	1	0	0	0	0	0
AF	0	0.261087	1	1	0	0	0	0	0
AF	0	0.261399	1	1	0	0	0	0	0
AF	0	0.262024	1	1	0	0	0	0	0
AF	0	0.262961	1	1	0	0	0	0	0
AF	0	0.263273	2	1	1	0	0	0	0
AF	0	0.263898	1	1	0	0	0	0	0
AF	0	0.267021	2	2	0	0	0	0	0
AF	0	0.267645	1	0	1	0	0	0	0
AF	0	0.268270	2	0	2	0	0	0	0
AF	0	0.268582	2	2	0	0	0	0	0
AF	0	0.268894	3	3	0	0	0	0	0
AF	0	0.269519	1	0	1	0	0	0	0
AF	0	0.271393	2	2	0	0	0	0	0
AF	0	0.272642	1	0	1	0	0	0	0
AF	0	0.273267	1	1	0	0	0	0	0
AF	0	0.273891	1	0	1	0	0	0	0
AF	0	0.274516	2	1	1	0	0	0	0
AF	0	0.276390	1	0	1	0	0	0	0
AF	0	0.277014	1	1	0	0	0	0	0
AF	0	0.277639	1	1	0	0	0	0	0
AF	0	0.277951	1	0	1	0	0	0	0
AF	0	0.278576	1	1	0	0	0	0	0
AF	0	0.278888	5	5	0	0	0	0	0
AF	0	0.279200	1	1	0	0	0	0	0
AF	0	0.279513	3	2	1	0	0	0	0
AF	0	0.279825	2	1	1	0	0	0	0
AF	0	0.280137	4	3	1	0	0	0	0
AF	0	0.280450	1	1	0	0	0	0	0
AF	0	0.280762	2	2	0	0	0	0	0
AF	0	0.281074	1	0	1	0	0	0	0
AF	0	0.281387	3	3	0	0	0	0	0
AF	0	0.281699	2	1	1	0	0	0	0
AF	0	0.282011	2	2	0	0	0	0	0
AF	0	0.282636	2	1	1	0	0	0	0
AF	0	0.283885	1	0	1	0	0	0	0
AF	0	0.284510	1	1	0	0	0	0	0
AF	0	0.284822	1	1	0	0	0	0	0
AF	0	0.285134	2	2	0	0	0	0	0
AF	0	0.285447	3	2	1	0	0	0	0
AF	0	0.285759	2	1	1	0	0	0	0
AF	0	0.286071	3	1	2	0	0	0	0
AF	0	0.286384	4	3	1	0	0	0	0
AF	0	0.286696	4	4	0	0	0	0	0
AF	0	0.287008	6	5	1	0	0	0	0
AF	0	0.287633	3	2	1	0	0	0	0
AF	0	0.287945	2	2	0	0	0	0	0
AF	0	0.288257	3	3	0	0	0	0	0
AF	0	0.290131	1	1	0	0	0	0	0
AF	0	0.290756	1	1	0	0	0	0	0
AF	0	0.292630	1	1	0	0	0	0	0
AF	0	0.292942	2	1	1	0	0	0	0
AF	0	0.293567	1	1	0	0	0	0	0
AF	0	0.295128	1	1	0	0	0	0	0
AF	0	0.298251	2	1	1	0	0	0	0
AF	0	0.299188	1	1	0	0	0	0	0
AF	0	0.300750	3	2	1	0	0	0	0
AF	0	0.301999	2	1	1	0	0	0	0
AF	0	0.302936	1	0	1	0	0	0	0
AF	0	0.303248	2	1	1	0	0	0	0
AF	0	0.303560	1	1	0	0	0	0	0
AF	0	0.303873	1	1	0	0	0	0	0
AF	0	0.304497	1	1	0	0	0	0	0
AF	0	0.308245	1	1	0	0	0	0	0
AF	0	0.313554	1	1	0	0	0	0	0
AF	0	0.314491	1	1	0	0	0	0	0
AF	0	0.315116	2	1	1	0	0	0	0
AF	0	0.315740	1	0	1	0	0	0	0
AF	0	0.316365	1	0	1	0	0	0	0
AF	0	0.318239	1	0	1	0	0	0	0
AF	0	0.318863	1	1	0	0	0	0	0
AF	0	0.323235	1	0	1	0	0	0	0
AF	0	0.324172	1	1	0	0	0	0	0
AF	0	0.324485	3	2	1	0	0	0	0
AF	0	0.324797	3	2	1	0	0	0	0
AF	0	0.325734	2	2	0	0	0	0	0
AF	0	0.326046	1	0	1	0	0	0	0
AF	0	0.326671	2	2	0	0	0	0	0
AF	0	0.326983	2	2	0	0	0	0	0
AF	0	0.327608	1	1	0	0	0	0	0
AF	0	0.327920	1	1	0	0	0	0	0
AF	0	0.328857	2	1	1	0	0	0	0
AF	0	0.329794	1	1	0	0	0	0	0
AF	0	0.330106	1	0	1	0	0	0	0
AF	0	0.331043	1	1	0	0	0	0	0
AF	0	0.331355	1	1	0	0	0	0	0
AF	0	0.331980	1	1	0	0	0	0	0
AF	0	0.332605	2	1	1	0	0	0	0
AF	0	0.333854	2	2	0	0	0	0	0
AF	0	0.334478	1	1	0	0	0	0	0
AF	0	0.334791	1	0	1	0	0	0	0
AF	0	0.336040	4	2	2	0	0	0	0
AF	0	0.337289	3	0	3	0	0	0	0
AF	0	0.337914	3	3	0	0	0	0	0
AF	0	0.339788	1	0	1	0	0	0	0
AF	0	0.340100	1	1	0	0	0	0	0
AF	0	0.341349	1	1	0	0	0	0	0
AF	0	0.345409	2	1	1	0	0	0	0
AF	0	0.347908	1	1	0	0	0	0	0
AF	0	0.348532	1	1	0	0	0	0	0
AF	0	0.349781	1	1	0	0	0	0	0
AF	0	0.350406	3	1	2	0	0	0	0
AF	0	0.351031	1	0	1	0	0	0	0
AF	0	0.351655	2	1	1	0	0	0	0
AF	0	0.353529	1	1	0	0	0	0	0
AF	0	0.354778	1	0	1	0	0	0	0
AF	0	0.355403	2	1	1	0	0	0	0
AF	0	0.355715	1	0	1	0	0	0	0
AF	0	0.356027	1	0	1	0	0	0	0
AF	0	0.357277	1	0	1	0	0	0	0
AF	0	0.357901	2	1	1	0	0	0	0
AF	0	0.358214	1	0	1	0	0	0	0
AF	0	0.358526	1	1	0	0	0	0	0
AF	0	0.358838	4	4	0	0	0	0	0
AF	0	0.359151	1	1	0	0	0	0	0
AF	0	0.359463	2	0	2	0	0	0	0
AF	0	0.360712	3	2	1	0	0	0	0
AF	0	0.361961	1	0	1	0	0	0	0
AF	0	0.362274	1	1	0	0	0	0	0
AF	0	0.362898	2	1	1	0	0	0	0
AF	0	0.363523	1	1	0	0	0	0	0
AF	0	0.364460	1	0	1	0	0	0	0
AF	0	0.368520	1	1	0	0	0	0	0
AF	0	0.369144	1	1	0	0	0	0	0
AF	0	0.370081	2	2	0	0	0	0	0
AF	0	0.371018	2	2	0	0	0	0	0
AF	0	0.372267	1	1	0	0	0	0	0
AF	0	0.372580	1	1	0	0	0	0	0
AF	0	0.372892	1	1	0	0	0	0	0
AF	0	0.373204	1	0	1	0	0	0	0
AF	0	0.374141	1	1	0	0	0	0	0
AF	0	0.377577	1	1	0	0	0	0	0
AF	0	0.379138	1	1	0	0	0	0	0
AF	0	0.381324	1	1	0	0	0	0	0
AF	0	0.381636	1	0	1	0	0	0	0
AF	0	0.383510	4	4	0	0	0	0	0
AF	0	0.383823	2	2	0	0	0	0	0
AF	0	0.384760	1	1	0	0	0	0	0
AF	0	0.385384	1	1	0	0	0	0	0
AF	0	0.385696	1	1	0	0	0	0	0
AF	0	0.386009	2	1	1	0	0	0	0
AF	0	0.386633	1	1	0	0	0	0	0
AF	0	0.386946	1	0	1	0	0	0	0
AF	0	0.387258	1	1	0	0	0	0	0
AF	0	0.388819	1	0	1	0	0	0	0
AF	0	0.390381	1	1	0	0	0	0	0
AF	0	0.391318	2	2	0	0	0	0	0
AF	0	0.391630	1	1	0	0	0	0	0
AF	0	0.392255	1	1	0	0	0	0	0
AF	0	0.393192	4	2	2	0	0	0	0
AF	0	0.393504	4	3	1	0	0	0	0
AF	0	0.393816	1	1	0	0	0	0	0
AF	0	0.394129	1	1	0	0	0	0	0
AF	0	0.395378	2	2	0	0	0	0	0
AF	0	0.396627	1	1	0	0	0	0	0
AF	0	0.396939	1	0	1	0	0	0	0
AF	0	0.397564	1	1	0	0	0	0	0
AF	0	0.399438	1	1	0	0	0	0	0
AF	0	0.400062	1	0	1	0	0	0	0
AF	0	0.400375	2	2	0	0	0	0	0
AF	0	0.400999	2	0	2	0	0	0	0
AF	0	0.402249	2	1	1	0	0	0	0
AF	0	0.403186	1	1	0	0	0	0	0
AF	0	0.404435	2	2	0	0	0	0	0
AF	0	0.404747	2	2	0	0	0	0	0
AF	0	0.405059	3	2	1	0	0	0	0
AF	0	0.405372	4	3	1	0	0	0	0
AF	0	0.405684	2	0	2	0	0	0	0
AF	0	0.405996	1	1	0	0	0	0	0
AF	0	0.406933	1	1	0	0	0	0	0
AF	0	0.407245	1	1	0	0	0	0	0
AF	0	0.407558	1	1	0	0	0	0	0
AF	0	0.407870	1	1	0	0	0	0	0
AF	0	0.408495	2	1	1	0	0	0	0
AF	0	0.409744	2	1	1	0	0	0	0
AF	0	0.410681	1	1	0	0	0	0	0
AF	0	0.410993	1	1	0	0	0	0	0
AF	0	0.411930	1	1	0	0	0	0	0
AF	0	0.412242	1	1	0	0	0	0	0
AF	0	0.413179	1	1	0	0	0	0	0
AF	0	0.413492	1	1	0	0	0	0	0
AF	0	0.414116	1	1	0	0	0	0	0
AF	0	0.414428	1	1	0	0	0	0	0
AF	0	0.414741	2	2	0	0	0	0	0
AF	0	0.415053	1	1	0	0	0	0	0
AF	0	0.415678	1	0	1	0	0	0	0
AF	0	0.416302	1	0	1	0	0	0	0
AF	0	0.417239	1	1	0	0	0	0	0
AF	0	0.417552	1	1	0	0	0	0	0
AF	0	0.417864	3	3	0	0	0	0	0
AF	0	0.418801	1	0	1	0	0	0	0
AF	0	0.419113	3	2	1	0	0	0	0
AF	0	0.420050	1	0	1	0	0	0	0
AF	0	0.420675	1	0	1	0	0	0	0
AF	0	0.422236	2	1	1	0	0	0	0
AF	0	0.422861	1	1	0	0	0	0	0
AF	0	0.423173	1	0	1	0	0	0	0
AF	0	0.423485	1	1	0	0	0	0	0
AF	0	0.423798	1	1	0	0	0	0	0
AF	0	0.424422	1	1	0	0	0	0	0
AF	0	0.425359	1	1	0	0	0	0	0
AF	0	0.426608	1	1	0	0	0	0	0
AF	0	0.429731	1	1	0	0	0	0	0
AF	0	0.430356	2	0	2	0	0	0	0
AF	0	0.431293	1	1	0	0	0	0	0
AF	0	0.431605	1	1	0	0	0	0	0
AF	0	0.432230	2	2	0	0	0	0	0
AF	0	0.432854	1	0	1	0	0	0	0
AF	0	0.433167	1	1	0	0	0	0	0
AF	0	0.433479	1	1	0	0	0	0	0
AF	0	0.435353	1	0	1	0	0	0	0
AF	0	0.435665	1	1	0	0	0	0	0
AF	0	0.436290	1	0	1	0	0	0	0
AF	0	0.436914	1	1	0	0	0	0	0
AF	0	0.437227	1	0	1	0	0	0	0
AF	0	0.438164	1	0	1	0	0	0	0
AF	0	0.438788	1	1	0	0	0	0	0
AF	0	0.439725	2	2	0	0	0	0	0
AF	0	0.441599	1	0	1	0	0	0	0
AF	0	0.442224	1	1	0	0	0	0	0
AF	0	0.442848	2	2	0	0	0	0	0
AF	0	0.444097	3	3	0	0	0	0	0
AF	0	0.444410	1	1	0	0	0	0	0
AF	0	0.446284	2	2	0	0	0	0	0
AF	0	0.451280	1	1	0	0	0	0	0
AF	0	0.452217	1	1	0	0	0	0	0
AF	0	0.453154	1	1	0	0	0	0	0
AF	0	0.453779	1	1	0	0	0	0	0
AF	0	0.454403	1	0	1	0	0	0	0
AF	0	0.456277	2	2	0	0	0	0	0
AF	0	0.456902	1	1	0	0	0	0	0
AF	0	0.457214	1	1	0	0	0	0	0
AF	0	0.457527	2	1	1	0	0	0	0
AF	0	0.458151	1	1	0	0	0	0	0
AF	0	0.458463	2	2	0	0	0	0	0
AF	0	0.458776	1	1	0	0	0	0	0
AF	0	0.459400	1	1	0	0	0	0	0
AF	0	0.459713	1	1	0	0	0	0	0
AF	0	0.460025	1	0	1	0	0	0	0
AF	0	0.460650	1	0	1	0	0	0	0
AF	0	0.462523	2	2	0	0	0	0	0
AF	0	0.463148	1	1	0	0	0	0	0
AF	0	0.465022	1	1	0	0	0	0	0
AF	0	0.465646	1	0	1	0	0	0	0
AF	0	0.467520	1	1	0	0	0	0	0
AF	0	0.468145	1	0	1	0	0	0	0
AF	0	0.470956	1	1	0	0	0	0	0
AF	0	0.471893	1	0	1	0	0	0	0
AF	0	0.472517	1	1	0	0	0	0	0
AF	0	0.473142	1	0	1	0	0	0	0
AF	0	0.473454	1	0	1	0	0	0	0
AF	0	0.473766	1	1	0	0	0	0	0
AF	0	0.475953	1	1	0	0	0	0	0
AF	0	0.476265	3	1	2	0	0	0	0
AF	0	0.476577	1	0	1	0	0	0	0
AF	0	0.478763	1	1	0	0	0	0	0
AF	0	0.479388	2	1	1	0	0	0	0
AF	0	0.480325	1	0	1	0	0	0	0
AF	0	0.481574	1	1	0	0	0	0	0
AF	0	0.481886	1	1	0	0	0	0	0
AF	0	0.482823	1	1	0	0	0	0	0
AF	0	0.483136	1	0	1	0	0	0	0
AF	0	0.483760	3	3	0	0	0	0	0
AF	0	0.484697	1	1	0	0	0	0	0
AF	0	0.485946	1	0	1	0	0	0	0
AF	0	0.487508	1	1	0	0	0	0	0
AF	0	0.487820	1	1	0	0	0	0	0
AF	0	0.488445	1	0	1	0	0	0	0
AF	0	0.489382	1	1	0	0	0	0	0
AF	0	0.490631	3	1	2	0	0	0	0
AF	0	0.491255	1	1	0	0	0	0	0
AF	0	0.491880	3	2	1	0	0	0	0
AF	0	0.492192	3	0	3	0	0	0	0
AF	0	0.492505	2	2	0	0	0	0	0
AF	0	0.492817	1	1	0	0	0	0	0
AF	0	0.493129	2	2	0	0	0	0	0
AF	0	0.494379	2	1	1	0	0	0	0
AF	0	0.495628	2	1	1	0	0	0	0
AF	0	0.495940	1	1	0	0	0	0	0
AF	0	0.496252	3	3	0	0	0	0	0
AF	0	0.496565	1	1	0	0	0	0	0
AF	0	0.496877	2	2	0	0	0	0	0
AF	0	0.498438	1	1	0	0	0	0	0
AF	0	0.499375	3	2	1	0	0	0	0
AF	0	0.499688	1	1	0	0	0	0	0
AF	0	0.500625	1	0	1	0	0	0	0
AF	0	0.500937	1	1	0	0	0	0	0
AF	0	0.501249	2	2	0	0	0	0	0
AF	0	0.501874	1	0	1	0	0	0	0
AF	0	0.503748	1	1	0	0	0	0	0
AF	0	0.505621	1	0	1	0	0	0	0
AF	0	0.506246	1	0	1	0	0	0	0
AF	0	0.507808	1	1	0	0	0	0	0
AF	0	0.508120	1	1	0	0	0	0	0
AF	0	0.508432	1	1	0	0	0	0	0
AF	0	0.508745	2	2	0	0	0	0	0
AF	0	0.509057	1	1	0	0	0	0	0
AF	0	0.509369	1	1	0	0	0	0	0
AF	0	0.509681	1	1	0	0	0	0	0
AF	0	0.510618	1	1	0	0	0	0	0
AF	0	0.510931	2	1	1	0	0	0	0
AF	0	0.511243	1	1	0	0	0	0	0
AF	0	0.511868	2	2	0	0	0	0	0
AF	0	0.512180	1	1	0	0	0	0	0
AF	0	0.514054	1	1	0	0	0	0	0
AF	0	0.514366	1	0	1	0	0	0	0
AF	0	0.515928	1	0	1	0	0	0	0
AF	0	0.516240	2	0	2	0	0	0	0
AF	0	0.516552	2	1	1	0	0	0	0
AF	0	0.517489	1	0	1	0	0	0	0
AF	0	0.518114	1	1	0	0	0	0	0
AF	0	0.519675	1	1	0	0	0	0	0
AF	0	0.519988	1	1	0	0	0	0	0
AF	0	0.521237	1	1	0	0	0	0	0
AF	0	0.521549	1	0	1	0	0	0	0
AF	0	0.523111	2	1	1	0	0	0	0
AF	0	0.523735	2	0	2	0	0	0	0
AF	0	0.524047	1	1	0	0	0	0	0
AF	0	0.524360	3	2	1	0	0	0	0
AF	0	0.524984	1	1	0	0	0	0	0
AF	0	0.525609	2	1	1	0	0	0	0
AF	0	0.528107	1	1	0	0	0	0	0
AF	0	0.529981	1	0	1	0	0	0	0
AF	0	0.532480	2	0	2	0	0	0	0
AF	0	0.533104	1	0	1	0	0	0	0
AF	0	0.534978	1	1	0	0	0	0	0
AF	0	0.535603	1	0	1	0	0	0	0
AF	0	0.537164	1	1	0	0	0	0	0
AF	0	0.537477	1	1	0	0	0	0	0
AF	0	0.537789	1	0	1	0	0	0	0
AF	0	0.539038	1	1	0	0	0	0	0
AF	0	0.539663	1	1	0	0	0	0	0
AF	0	0.539975	2	1	1	0	0	0	0
AF	0	0.540287	1	1	0	0	0	0	0
AF	0	0.541224	1	0	1	0	0	0	0
AF	0	0.541537	1	1	0	0	0	0	0
AF	0	0.541849	3	2	1	0	0	0	0
AF	0	0.542161	1	0	1	0	0	0	0
AF	0	0.542473	1	1	0	0	0	0	0
AF	0	0.543723	2	0	2	0	0	0	0
AF	0	0.544035	2	2	0	0	0	0	0
AF	0	0.544347	2	1	1	0	0	0	0
AF	0	0.544972	1	1	0	0	0	0	0
AF	0	0.545284	1	0	1	0	0	0	0
AF	0	0.545909	3	1	2	0	0	0	0
AF	0	0.546221	1	1	0	0	0	0	0
AF	0	0.546533	1	1	0	0	0	0	0
AF	0	0.546846	6	5	1	0	0	0	0
AF	0	0.547470	5	4	1	0	0	0	0
AF	0	0.547783	3	2	1	0	0	0	0
AF	0	0.548095	2	2	0	0	0	0	0
AF	0	0.548720	1	1	0	0	0	0	0
AF	0	0.549032	1	0	1	0	0	0	0
AF	0	0.549656	1	0	1	0	0	0	0
AF	0	0.550281	3	2	1	0	0	0	0
AF	0	0.550593	4	2	2	0	0	0	0
AF	0	0.550906	1	1	0	0	0	0	0
AF	0	0.551218	2	2	0	0	0	0	0
AF	0	0.551530	2	1	1	0	0	0	0
AF	0	0.551843	1	1	0	0	0	0	0
AF	0	0.552780	1	1	0	0	0	0	0
AF	0	0.555590	1	1	0	0	0	0	0
AF	0	0.557152	2	1	1	0	0	0	0
AF	0	0.557776	1	1	0	0	0	0	0
AF	0	0.558401	3	1	2	0	0	0	0
AF	0	0.558713	6	5	1	0	0	0	0
AF	0	0.559026	4	3	1	0	0	0	0
AF	0	0.559338	1	1	0	0	0	0	0
AF	0	0.560275	2	1	1	0	0	0	0
AF	0	0.560899	3	1	2	0	0	0	0
AF	0	0.561212	2	1	1	0	0	0	0
AF	0	0.561524	3	1	2	0	0	0	0
AF	0	0.561836	1	1	0	0	0	0	0
AF	0	0.562773	1	1	0	0	0	0	0
AF	0	0.564022	1	1	0	0	0	0	0
AF	0	0.564647	1	1	0	0	0	0	0
AF	0	0.565272	1	1	0	0	0	0	0
AF	0	0.566833	1	1	0	0	0	0	0
AF	0	0.567146	1	1	0	0	0	0	0
AF	0	0.567458	1	1	0	0	0	0	0
AF	0	0.568707	1	0	1	0	0	0	0
AF	0	0.569332	1	0	1	0	0	0	0
AF	0	0.569644	2	2	0	0	0	0	0
AF	0	0.569956	1	1	0	0	0	0	0
AF	0	0.571518	1	0	1	0	0	0	0
AF	0	0.572142	1	1	0	0	0	0	0
AF	0	0.574016	2	2	0	0	0	0	0
AF	0	0.574641	2	1	1	0	0	0	0
AF	0	0.574953	1	0	1	0	0	0	0
AF	0	0.575265	2	1	1	0	0	0	0
AF	0	0.575890	2	2	0	0	0	0	0
AF	0	0.576515	2	1	1	0	0	0	0
AF	0	0.576827	1	1	0	0	0	0	0
AF	0	0.577139	1	0	1	0	0	0	0
AF	0	0.577764	2	1	1	0	0	0	0
AF	0	0.578389	1	0	1	0	0	0	0
AF	0	0.578701	2	1	1	0	0	0	0
AF	0	0.579013	1	1	0	0	0	0	0
AF	0	0.579325	1	1	0	0	0	0	0
AF	0	0.579638	1	1	0	0	0	0	0
AF	0	0.579950	2	1	1	0	0	0	0
AF	0	0.580887	1	1	0	0	0	0	0
AF	0	0.581199	2	2	0	0	0	0	0
AF	0	0.581824	1	1	0	0	0	0	0
AF	0	0.582136	1	1	0	0	0	0	0
AF	0	0.582761	1	1	0	0	0	0	0
AF	0	0.584635	2	2	0	0	0	0	0
AF	0	0.585884	4	4	0	0	0	0	0
AF	0	0.586508	1	0	1	0	0	0	0
AF	0	0.590256	2	0	2	0	0	0	0
AF	0	0.590881	1	0	1	0	0	0	0
AF	0	0.591505	1	1	0	0	0	0	0
AF	0	0.592755	1	1	0	0	0	0	0
AF	0	0.593067	1	1	0	0	0	0	0
AF	0	0.593379	1	0	1	0	0	0	0
AF	0	0.594628	1	1	0	0	0	0	0
AF	0	0.595878	1	0	1	0	0	0	0
AF	0	0.602124	1	1	0	0	0	0	0
AF	0	0.603373	1	1	0	0	0	0	0
AF	0	0.603998	1	1	0	0	0	0	0
AF	0	0.604310	2	1	1	0	0	0	0
AF	0	0.605871	1	1	0	0	0	0	0
AF	0	0.606184	1	1	0	0	0	0	0
AF	0	0.606496	4	2	2	0	0	0	0
AF	0	0.607745	3	1	2	0	0	0	0
AF	0	0.610244	2	2	0	0	0	0	0
AF	0	0.610556	1	0	1	0	0	0	0
AF	0	0.610868	1	1	0	0	0	0	0
AF	0	0.612117	1	1	0	0	0	0	0
AF	0	0.612430	2	1	1	0	0	0	0
AF	0	0.613679	1	1	0	0	0	0	0
AF	0	0.614304	1	1	0	0	0	0	0
AF	0	0.617739	1	1	0	0	0	0	0
AF	0	0.618988	1	1	0	0	0	0	0
AF	0	0.619613	2	1	1	0	0	0	0
AF	0	0.620550	2	2	0	0	0	0	0
AF	0	0.622111	1	1	0	0	0	0	0
AF	0	0.622423	1	1	0	0	0	0	0
AF	0	0.622736	2	1	1	0	0	0	0
AF	0	0.623048	1	1	0	0	0	0	0
AF	0	0.624610	1	1	0	0	0	0	0
AF	0	0.625234	1	1	0	0	0	0	0
AF	0	0.625859	2	0	2	0	0	0	0
AF	0	0.626171	1	1	0	0	0	0	0
AF	0	0.626483	1	1	0	0	0	0	0
AF	0	0.628982	1	0	1	0	0	0	0
AF	0	0.630231	1	1	0	0	0	0	0
AF	0	0.633666	1	1	0	0	0	0	0
AF	0	0.633979	1	0	1	0	0	0	0
AF	0	0.634916	1	1	0	0	0	0	0
AF	0	0.635228	1	1	0	0	0	0	0
AF	0	0.635540	1	1	0	0	0	0	0
AF	0	0.635853	2	2	0	0	0	0	0
AF	0	0.638976	1	1	0	0	0	0	0
AF	0	0.639288	1	1	0	0	0	0	0
AF	0	0.641162	1	1	0	0	0	0	0
AF	0	0.641474	2	0	2	0	0	0	0
AF	0	0.641786	4	3	1	0	0	0	0
AF	0	0.642099	1	1	0	0	0	0	0
AF	0	0.642411	1	1	0	0	0	0	0
AF	0	0.644285	2	1	1	0	0	0	0
AF	0	0.645222	2	1	1	0	0	0	0
AF	0	0.646783	1	1	0	0	0	0	0
AF	0	0.647096	3	2	1	0	0	0	0
AF	0	0.647408	2	1	1	0	0	0	0
AF	0	0.647720	3	1	2	0	0	0	0
AF	0	0.648032	1	0	1	0	0	0	0
AF	0	0.648345	3	2	1	0	0	0	0
AF	0	0.648657	1	0	1	0	0	0	0
AF	0	0.648969	1	1	0	0	0	0	0
AF	0	0.649282	1	1	0	0	0	0	0
AF	0	0.649906	2	1	1	0	0	0	0
AF	0	0.650219	2	2	0	0	0	0	0
AF	0	0.651468	1	1	0	0	0	0	0
AF	0	0.652092	2	2	0	0	0	0	0
AF	0	0.652717	2	0	2	0	0	0	0
AF	0	0.653029	1	1	0	0	0	0	0
AF	0	0.653342	1	1	0	0	0	0	0
AF	0	0.653654	2	0	2	0	0	0	0
AF	0	0.653966	7	5	2	0	0	0	0
AF	0	0.654279	5	4	1	0	0	0	0
AF	0	0.654591	1	1	0	0	0	0	0
AF	0	0.654903	1	1	0	0	0	0	0
AF	0	0.655215	2	2	0	0	0	0	0
AF	0	0.655840	3	2	1	0	0	0	0
AF	0	0.656152	1	1	0	0	0	0	0
AF	0	0.656465	2	2	0	0	0	0	0
AF	0	0.657089	2	2	0	0	0	0	0
AF	0	0.657402	4	3	1	0	0	0	0
AF	0	0.657714	3	2	1	0	0	0	0
AF	0	0.658026	1	0	1	0	0	0	0
AF	0	0.658339	2	2	0	0	0	0	0
AF	0	0.658963	2	1	1	0	0	0	0
AF	0	0.659588	3	1	2	0	0	0	0
AF	0	0.659900	1	1	0	0	0	0	0
AF	0	0.660212	2	1	1	0	0	0	0
AF	0	0.660837	1	0	1	0	0	0	0
AF	0	0.661149	1	1	0	0	0	0	0
AF	0	0.661462	6	3	3	0	0	0	0
AF	0	0.661774	3	3	0	0	0	0	0
AF	0	0.662086	2	2	0	0	0	0	0
AF	0	0.662399	2	1	1	0	0	0	0
AF	0	0.662711	1	1	0	0	0	0	0
AF	0	0.663023	4	4	0	0	0	0	0
AF	0	0.663335	3	3	0	0	0	0	0
AF	0	0.663648	2	2	0	0	0	0	0
AF	0	0.663960	1	0	1	0	0	0	0
AF	0	0.664272	1	1	0	0	0	0	0
AF	0	0.664585	1	1	0	0	0	0	0
AF	0	0.664897	1	1	0	0	0	0	0
AF	0	0.665522	1	0	1	0	0	0	0
AF	0	0.666771	1	1	0	0	0	0	0
AF	0	0.667395	1	0	1	0	0	0	0
AF	0	0.667708	1	1	0	0	0	0	0
AF	0	0.675515	2	1	1	0	0	0	0
AF	0	0.676140	2	1	1	0	0	0	0
AF	0	0.676765	3	2	1	0	0	0	0
AF	0	0.677077	5	4	1	0	0	0	0
AF	0	0.677389	6	4	2	0	0	0	0
AF	0	0.678014	2	2	0	0	0	0	0
AF	0	0.678326	1	1	0	0	0	0	0
AF	0	0.678638	5	4	1	0	0	0	0
AF	0	0.678951	1	1	0	0	0	0	0
AF	0	0.679263	6	2	4	0	0	0	0
AF	0	0.679575	1	0	1	0	0	0	0
AF	0	0.679888	6	4	2	0	0	0	0
AF	0	0.680200	4	4	0	0	0	0	0
AF	0	0.680512	6	3	3	0	0	0	0
AF	0	0.680824	1	1	0	0	0	0	0
AF	0	0.681137	3	3	0	0	0	0	0
AF	0	0.681449	1	1	0	0	0	0	0
AF	0	0.682074	1	1	0	0	0	0	0
AF	0	0.682386	3	1	2	0	0	0	0
AF	0	0.682698	2	1	1	0	0	0	0
AF	0	0.683948	1	1	0	0	0	0	0
AF	0	0.684884	1	1	0	0	0	0	0
AF	0	0.686134	1	1	0	0	0	0	0
AF	0	0.686758	1	1	0	0	0	0	0
AF	0	0.687071	1	1	0	0	0	0	0
AF	0	0.687383	1	1	0	0	0	0	0
AF	0	0.687695	1	0	1	0	0	0	0
AF	0	0.688007	1	1	0	0	0	0	0
AF	0	0.688632	9	5	4	0	0	0	0
AF	0	0.688944	9	6	3	0	0	0	0
AF	0	0.689257	12	8	4	0	0	0	0
AF	0	0.689569	16	13	3	0	0	0	0
AF	0	0.689881	3	3	0	0	0	0	0
AF	0	0.690194	2	1	1	0	0	0	0
AF	0	0.693317	1	1	0	0	0	0	0
AF	0	0.695815	1	1	0	0	0	0	0
AF	0	0.699875	1	0	1	0	0	0	0
AF	0	0.701124	1	0	1	0	0	0	0
AF	0	0.702374	1	1	0	0	0	0	0
AF	0	0.704872	1	1	0	0	0	0	0
AF	0	0.717364	2	2	0	0	0	0	0
AF	0	0.719550	1	1	0	0	0	0	0
AF	0	0.719863	2	1	1	0	0	0	0
AF	0	0.720175	1	1	0	0	0	0	0
AF	0	0.720487	1	1	0	0	0	0	0
AF	0	0.720800	1	0	1	0	0	0	0
AF	0	0.726421	2	2	0	0	0	0	0
AF	0	0.726733	3	1	2	0	0	0	0
AF	0	0.727046	1	0	1	0	0	0	0
AF	0	0.727358	7	6	1	0	0	0	0
AF	0	0.727983	1	0	1	0	0	0	0
AF	0	0.728295	2	0	2	0	0	0	0
AF	0	0.728607	2	2	0	0	0	0	0
AF	0	0.729232	1	1	0	0	0	0	0
AF	0	0.729856	1	1	0	0	0	0	0
AF	0	0.730169	2	1	1	0	0	0	0
AF	0	0.734229	1	1	0	0	0	0	0
AF	0	0.734541	1	1	0	0	0	0	0
AF	0	0.734853	2	2	0	0	0	0	0
AF	0	0.735478	1	1	0	0	0	0	0
AF	0	0.735790	1	1	0	0	0	0	0
AF	0	0.736727	2	0	2	0	0	0	0
AF	0	0.737976	3	3	0	0	0	0	0
AF	0	0.739538	1	1	0	0	0	0	0
AF	0	0.739850	1	0	1	0	0	0	0
AF	0	0.740162	1	1	0	0	0	0	0
AF	0	0.740475	1	1	0	0	0	0	0
AF	0	0.740787	1	1	0	0	0	0	0
AF	0	0.741099	1	1	0	0	0	0	0
AF	0	0.741412	1	0	1	0	0	0	0
AF	0	0.741724	3	3	0	0	0	0	0
AF	0	0.742036	1	1	0	0	0	0	0
AF	0	0.742349	4	4	0	0	0	0	0
AF	0	0.742661	2	1	1	0	0	0	0
AF	0	0.742973	2	1	1	0	0	0	0
AF	0	0.743285	2	1	1	0	0	0	0
AF	0	0.743910	1	1	0	0	0	0	0
AF	0	0.744222	2	1	1	0	0	0	0
AF	0	0.744847	2	2	0	0	0	0	0
AF	0	0.745159	1	1	0	0	0	0	0
AF	0	0.745472	1	0	1	0	0	0	0
AF	0	0.746096	2	2	0	0	0	0	0
AF	0	0.747033	1	1	0	0	0	0	0
AF	0	0.749219	1	0	1	0	0	0	0
AF	0	0.750156	1	1	0	0	0	0	0
AF	0	0.750468	1	0	1	0	0	0	0
AF	0	0.751405	1	1	0	0	0	0	0
AF	0	0.752342	1	1	0	0	0	0	0
AF	0	0.752967	1	1	0	0	0	0	0
AF	0	0.753904	1	0	1	0	0	0	0
AF	0	0.754841	1	1	0	0	0	0	0
AF	0	0.757339	1	0	1	0	0	0	0
AF	0	0.757964	2	2	0	0	0	0	0
AF	0	0.759838	1	1	0	0	0	0	0
AF	0	0.761087	1	1	0	0	0	0	0
AF	0	0.762336	1	1	0	0	0	0	0
AF	0	0.762961	1	1	0	0	0	0	0
AF	0	0.763585	3	3	0	0	0	0	0
AF	0	0.764210	1	1	0	0	0	0	0
AF	0	0.764834	1	0	1	0	0	0	0
AF	0	0.766084	1	1	0	0	0	0	0
AF	0	0.767645	1	1	0	0	0	0	0
AF	0	0.768270	1	1	0	0	0	0	0
AF	0	0.768582	1	1	0	0	0	0	0
AF	0	0.771705	1	1	0	0	0	0	0
AF	0	0.772330	1	0	1	0	0	0	0
AF	0	0.772642	1	1	0	0	0	0	0
AF	0	0.772954	2	2	0	0	0	0	0
AF	0	0.775453	1	1	0	0	0	0	0
AF	0	0.776077	1	1	0	0	0	0	0
AF	0	0.776702	1	1	0	0	0	0	0
AF	0	0.777327	3	3	0	0	0	0	0
AF	0	0.777639	2	2	0	0	0	0	0
AF	0	0.777951	1	1	0	0	0	0	0
AF	0	0.781387	1	1	0	0	0	0	0
AF	0	0.781699	1	1	0	0	0	0	0
AF	0	0.783573	1	1	0	0	0	0	0
AF	0	0.784822	1	1	0	0	0	0	0
AF	0	0.785759	1	1	0	0	0	0	0
AF	0	0.787320	1	1	0	0	0	0	0
AF	0	0.787945	1	1	0	0	0	0	0
AF	0	0.789194	1	1	0	0	0	0	0
AF	0	0.790131	1	1	0	0	0	0	0
AF	0	0.791068	1	0	1	0	0	0	0
AF	0	0.791380	1	0	1	0	0	0	0
AF	0	0.792630	1	1	0	0	0	0	0
AF	0	0.793879	1	1	0	0	0	0	0
AF	0	0.794191	1	1	0	0	0	0	0
AF	0	0.794503	1	0	1	0	0	0	0
AF	0	0.795128	1	1	0	0	0	0	0
AF	0	0.795753	1	1	0	0	0	0	0
AF	0	0.796377	1	0	1	0	0	0	0
AF	0	0.797626	1	1	0	0	0	0	0
AF	0	0.798563	1	1	0	0	0	0	0
AF	0	0.799188	1	0	1	0	0	0	0
AF	0	0.799500	1	1	0	0	0	0	0
AF	0	0.799813	1	1	0	0	0	0	0
AF	0	0.800125	4	1	3	0	0	0	0
AF	0	0.801062	1	1	0	0	0	0	0
AF	0	0.802311	2	1	1	0	0	0	0
AF	0	0.802623	2	2	0	0	0	0	0
AF	0	0.803248	1	1	0	0	0	0	0
AF	0	0.805746	1	1	0	0	0	0	0
AF	0	0.807620	1	0	1	0	0	0	0
AF	0	0.808557	1	1	0	0	0	0	0
AF	0	0.808869	1	1	0	0	0	0	0
AF	0	0.810431	1	1	0	0	0	0	0
AF	0	0.813866	2	1	1	0	0	0	0
AF	0	0.814491	1	0	1	0	0	0	0
AF	0	0.815116	1	1	0	0	0	0	0
AF	0	0.816989	1	0	1	0	0	0	0
AF	0	0.819488	1	1	0	0	0	0	0
AF	0	0.819800	1	0	1	0	0	0	0
AF	0	0.821362	1	1	0	0	0	0	0
AF	0	0.827608	1	1	0	0	0	0	0
AF	0	0.830106	1	1	0	0	0	0	0
AF	0	0.830418	1	1	0	0	0	0	0
AF	0	0.831980	1	0	1	0	0	0	0
AF	0	0.832605	1	0	1	0	0	0	0
AF	0	0.836040	1	1	0	0	0	0	0
AF	0	0.836977	1	1	0	0	0	0	0
AF	0	0.839163	1	1	0	0	0	0	0
AF	0	0.840725	1	1	0	0	0	0	0
AF	0	0.842911	1	1	0	0	0	0	0
AF	0	0.858838	1	1	0	0	0	0	0
AF	0	0.900375	1	1	0	0	0	0	0
AF	0	0.905996	1	0	1	0	0	0	0
AF	0	0.906933	1	0	1	0	0	0	0
AF	0	0.910369	1	1	0	0	0	0	0
AF	0	0.910681	1	1	0	0	0	0	0
AF	0	0.912242	1	1	0	0	0	0	0
AF	0	0.913179	1	1	0	0	0	0	0
AF	0	0.916615	1	1	0	0	0	0	0
AF	0	0.918176	1	1	0	0	0	0	0
AF	0	0.919738	2	1	1	0	0	0	0
AF	0	0.920362	1	1	0	0	0	0	0
AF	0	0.920675	1	1	0	0	0	0	0
AF	0	0.921611	1	1	0	0	0	0	0
AF	0	0.922861	2	2	0	0	0	0	0
AF	0	0.923173	1	1	0	0	0	0	0
AF	0	0.923485	1	1	0	0	0	0	0
AF	0	0.924735	1	1	0	0	0	0	0
AF	0	0.925671	1	1	0	0	0	0	0
AF	0	0.925984	1	1	0	0	0	0	0
AF	0	0.934416	1	1	0	0	0	0	0
AF	0	0.978139	1	1	0	0	0	0	0
AF	0	0.985634	1	1	0	0	0	0	0
AF	0	0.985946	1	0	1	0	0	0	0
AF	0	0.986571	1	1	0	0	0	0	0
AF	0	0.990319	1	1	0	0	0	0	0
AF	0	0.992505	1	1	0	0	0	0	0
AF	0	0.995940	3	3	0	0	0	0	0
AF	0	0.996252	1	1	0	0	0	0	0
AF	0	0.996565	1	1	0	0	0	0	0
AF	0	0.997502	1	1	0	0	0	0	0
AF	0	0.997814	1	1	0	0	0	0	0
AF	0	0.998751	1	1	0	0	0	0	0
AF	0	0.999063	3	2	1	0	0	0	0
# QUAL, Stats by quality
# QUAL	[2]id	[3]Quality	[4]number of SNPs	[5]number of transitions (1st ALT)	[6]number of transversions (1st ALT)	[7]number of indels
QUAL	0	.	14658	10021	4637	0
# IDD, InDel distribution:
# IDD	[2]id	[3]length (deletions negative)	[4]number of sites	[5]number of genotypes	[6]mean VAF
# ST, Substitution types:
# ST	[2]id	[3]type	[4]count
ST	0	A>C	530
ST	0	A>G	2364
ST	0	A>T	522
ST	0	C>A	683
ST	0	C>G	578
ST	0	C>T	2758
ST	0	G>A	2819
ST	0	G>C	528
ST	0	G>T	694
ST	0	T>A	565
ST	0	T>C	2080
ST	0	T>G	537
# DP, Depth distribution
# DP	[2]id	[3]bin	[4]number of genotypes	[5]fraction of genotypes (%)	[6]number of sites	[7]fraction of sites (%)
  - Fix haploid genotypes in males...

Submit MakeDiploidMalesX finished successfully. Let's have a beer, buddy!

