Submit MakeDiploidMalesX
version 1.1.6 (2024-09-30)

These are the settings:
  Input file................: /hpc/local/Rocky8/dhl_ec/software/MonopogenLite/resources/1kGP_high_coverage_Illumina.SNVonly_poly.filtered_AF_5e-04.norm.fixvariantid.chrX.vcf.gz
  Output file...............: /hpc/local/Rocky8/dhl_ec/software/MonopogenLite/resources/1kGP_high_coverage_Illumina.SNVonly_poly.filtered_AF_5e-04.norm.fixvariantid.makediploid.chrX.vcf.gz
  Chunk size................: 100

  SLURM CPUs................: 4
  SLURM Array ID............: 6 (of 100)
  SLURM memory..............: 16G
  SLURM time................: 01:00:00
  SLURM mail type...........: FAIL
  SLURM mail user...........: s.w.vanderlaan-2@umcutrecht.nl

  Dry run mode..............: 0
  Debug mode................: 1
  Verbosity.................: 0
  Version...................: 1.1.6 (2024-09-30)

Making converting haploid genotypes to diploid genotypes.
> Extract the region for this SLURM task (# 6) from the BED file.
  - Get the chunk number from the SLURM array task ID and the bed file...
DEBUG: Extracting chunk number: 6p from 6
DEBUG: Extracting region from BED file: /hpc/local/Rocky8/dhl_ec/software/MonopogenLite/resources/chrX_100pieces.bed
  - Extract the region from the BED file...
DEBUG: Extracted raw region: 'chrX	7802041	9362448' (chunk #: 6p of 100 for job 6)
  - Check if a valid region was extracted -- should be 'chrX	7802041	9362448'...
  - Prepare the region for bcftools...
  - Check if the region (chrX:7802041-9362448) was successfully extracted...
> Processing region 'chrX:7802041-9362448'...
  - Process the specific region (chunk# 6) using bcftools view...
  - Index the VCF file...
DEBUG: Check if the VCF file was successfully processed...
##fileformat=VCFv4.2
##FILTER=<ID=PASS,Description="All filters passed">
##fileDate=29/01/2022 - 14:31:41
##source=shapeit4.2.2
##contig=<ID=chr1,length=248956422>
##contig=<ID=chr2,length=242193529>
##contig=<ID=chr3,length=198295559>
##contig=<ID=chr4,length=190214555>
##contig=<ID=chr5,length=181538259>
##contig=<ID=chr6,length=170805979>
# This file was produced by bcftools stats (1.20+htslib-1.20) and can be plotted using plot-vcfstats.
# The command line was:	bcftools stats  /hpc/local/Rocky8/dhl_ec/software/MonopogenLite/resources/chrX.part6.vcf.gz
#
# Definition of sets:
# ID	[2]id	[3]tab-separated file names
ID	0	/hpc/local/Rocky8/dhl_ec/software/MonopogenLite/resources/chrX.part6.vcf.gz
# SN, Summary numbers:
#   number of records   .. number of data rows in the VCF
#   number of no-ALTs   .. reference-only sites, ALT is either "." or identical to REF
#   number of SNPs      .. number of rows with a SNP
#   number of MNPs      .. number of rows with a MNP, such as CC>TT
#   number of indels    .. number of rows with an indel
#   number of others    .. number of rows with other type, for example a symbolic allele or
#                          a complex substitution, such as ACT>TCGA
#   number of multiallelic sites     .. number of rows with multiple alternate alleles
#   number of multiallelic SNP sites .. number of rows with multiple alternate alleles, all SNPs
# 
#   Note that rows containing multiple types will be counted multiple times, in each
#   counter. For example, a row with a SNP and an indel increments both the SNP and
#   the indel counter.
# 
# SN	[2]id	[3]key	[4]value
SN	0	number of samples:	3202
SN	0	number of records:	15678
SN	0	number of no-ALTs:	0
SN	0	number of SNPs:	15678
SN	0	number of MNPs:	0
SN	0	number of indels:	0
SN	0	number of others:	0
SN	0	number of multiallelic sites:	0
SN	0	number of multiallelic SNP sites:	0
# TSTV, transitions/transversions:
# TSTV	[2]id	[3]ts	[4]tv	[5]ts/tv	[6]ts (1st ALT)	[7]tv (1st ALT)	[8]ts/tv (1st ALT)
TSTV	0	10783	4895	2.20	10783	4895	2.20
# SiS, Singleton stats:
# SiS	[2]id	[3]allele count	[4]number of SNPs	[5]number of transitions	[6]number of transversions	[7]number of indels	[8]repeat-consistent	[9]repeat-inconsistent	[10]not applicable
SiS	0	1	0	0	0	0	0	0	0
# AF, Stats by non-reference allele frequency:
# AF	[2]id	[3]allele frequency	[4]number of SNPs	[5]number of transitions	[6]number of transversions	[7]number of indels	[8]repeat-consistent	[9]repeat-inconsistent	[10]not applicable
AF	0	0.000312	2319	1603	716	0	0	0	0
AF	0	0.000625	1469	1052	417	0	0	0	0
AF	0	0.000937	1788	1251	537	0	0	0	0
AF	0	0.001249	550	375	175	0	0	0	0
AF	0	0.001562	745	525	220	0	0	0	0
AF	0	0.001874	311	216	95	0	0	0	0
AF	0	0.002186	571	389	182	0	0	0	0
AF	0	0.002498	220	154	66	0	0	0	0
AF	0	0.002811	365	250	115	0	0	0	0
AF	0	0.003123	200	133	67	0	0	0	0
AF	0	0.003435	281	193	88	0	0	0	0
AF	0	0.003748	146	103	43	0	0	0	0
AF	0	0.004060	304	217	87	0	0	0	0
AF	0	0.004372	102	76	26	0	0	0	0
AF	0	0.004685	195	127	68	0	0	0	0
AF	0	0.004997	81	48	33	0	0	0	0
AF	0	0.005309	141	95	46	0	0	0	0
AF	0	0.005621	67	47	20	0	0	0	0
AF	0	0.005934	146	95	51	0	0	0	0
AF	0	0.006246	62	47	15	0	0	0	0
AF	0	0.006558	132	87	45	0	0	0	0
AF	0	0.006871	52	31	21	0	0	0	0
AF	0	0.007183	99	66	33	0	0	0	0
AF	0	0.007495	50	29	21	0	0	0	0
AF	0	0.007808	113	71	42	0	0	0	0
AF	0	0.008120	50	33	17	0	0	0	0
AF	0	0.008432	81	59	22	0	0	0	0
AF	0	0.008745	23	14	9	0	0	0	0
AF	0	0.009057	80	52	28	0	0	0	0
AF	0	0.009369	49	30	19	0	0	0	0
AF	0	0.009681	67	46	21	0	0	0	0
AF	0	0.009994	38	29	9	0	0	0	0
AF	0	0.010306	60	32	28	0	0	0	0
AF	0	0.010618	43	29	14	0	0	0	0
AF	0	0.010931	93	62	31	0	0	0	0
AF	0	0.011243	44	27	17	0	0	0	0
AF	0	0.011555	83	60	23	0	0	0	0
AF	0	0.011868	34	23	11	0	0	0	0
AF	0	0.012180	50	27	23	0	0	0	0
AF	0	0.012492	27	18	9	0	0	0	0
AF	0	0.012804	69	52	17	0	0	0	0
AF	0	0.013117	18	13	5	0	0	0	0
AF	0	0.013429	55	37	18	0	0	0	0
AF	0	0.013741	19	11	8	0	0	0	0
AF	0	0.014054	54	42	12	0	0	0	0
AF	0	0.014366	24	14	10	0	0	0	0
AF	0	0.014678	41	33	8	0	0	0	0
AF	0	0.014991	23	14	9	0	0	0	0
AF	0	0.015303	50	33	17	0	0	0	0
AF	0	0.015615	21	17	4	0	0	0	0
AF	0	0.015928	25	18	7	0	0	0	0
AF	0	0.016240	13	10	3	0	0	0	0
AF	0	0.016552	43	23	20	0	0	0	0
AF	0	0.016864	5	3	2	0	0	0	0
AF	0	0.017177	28	16	12	0	0	0	0
AF	0	0.017489	16	13	3	0	0	0	0
AF	0	0.017801	48	27	21	0	0	0	0
AF	0	0.018114	12	5	7	0	0	0	0
AF	0	0.018426	20	16	4	0	0	0	0
AF	0	0.018738	7	5	2	0	0	0	0
AF	0	0.019051	22	12	10	0	0	0	0
AF	0	0.019363	6	4	2	0	0	0	0
AF	0	0.019675	21	14	7	0	0	0	0
AF	0	0.019988	13	9	4	0	0	0	0
AF	0	0.020300	23	13	10	0	0	0	0
AF	0	0.020612	11	8	3	0	0	0	0
AF	0	0.020924	17	13	4	0	0	0	0
AF	0	0.021237	8	6	2	0	0	0	0
AF	0	0.021549	25	14	11	0	0	0	0
AF	0	0.021861	13	9	4	0	0	0	0
AF	0	0.022174	21	12	9	0	0	0	0
AF	0	0.022486	15	11	4	0	0	0	0
AF	0	0.022798	28	19	9	0	0	0	0
AF	0	0.023111	12	7	5	0	0	0	0
AF	0	0.023423	28	20	8	0	0	0	0
AF	0	0.023735	15	10	5	0	0	0	0
AF	0	0.024047	33	23	10	0	0	0	0
AF	0	0.024360	15	12	3	0	0	0	0
AF	0	0.024672	16	13	3	0	0	0	0
AF	0	0.024984	4	4	0	0	0	0	0
AF	0	0.025297	17	11	6	0	0	0	0
AF	0	0.025609	11	9	2	0	0	0	0
AF	0	0.025921	26	18	8	0	0	0	0
AF	0	0.026234	13	8	5	0	0	0	0
AF	0	0.026546	17	12	5	0	0	0	0
AF	0	0.026858	6	4	2	0	0	0	0
AF	0	0.027171	14	5	9	0	0	0	0
AF	0	0.027483	7	6	1	0	0	0	0
AF	0	0.027795	7	5	2	0	0	0	0
AF	0	0.028107	6	2	4	0	0	0	0
AF	0	0.028420	19	14	5	0	0	0	0
AF	0	0.028732	11	6	5	0	0	0	0
AF	0	0.029044	18	10	8	0	0	0	0
AF	0	0.029357	15	13	2	0	0	0	0
AF	0	0.029669	14	9	5	0	0	0	0
AF	0	0.029981	10	5	5	0	0	0	0
AF	0	0.030294	8	5	3	0	0	0	0
AF	0	0.030606	7	4	3	0	0	0	0
AF	0	0.030918	13	12	1	0	0	0	0
AF	0	0.031230	5	1	4	0	0	0	0
AF	0	0.031543	16	12	4	0	0	0	0
AF	0	0.031855	3	2	1	0	0	0	0
AF	0	0.032167	20	14	6	0	0	0	0
AF	0	0.032480	10	5	5	0	0	0	0
AF	0	0.032792	7	5	2	0	0	0	0
AF	0	0.033104	9	6	3	0	0	0	0
AF	0	0.033417	5	3	2	0	0	0	0
AF	0	0.033729	1	0	1	0	0	0	0
AF	0	0.034041	13	7	6	0	0	0	0
AF	0	0.034354	8	5	3	0	0	0	0
AF	0	0.034666	8	4	4	0	0	0	0
AF	0	0.034978	5	3	2	0	0	0	0
AF	0	0.035290	10	8	2	0	0	0	0
AF	0	0.035603	2	1	1	0	0	0	0
AF	0	0.035915	18	14	4	0	0	0	0
AF	0	0.036227	5	3	2	0	0	0	0
AF	0	0.036540	11	6	5	0	0	0	0
AF	0	0.036852	2	1	1	0	0	0	0
AF	0	0.037164	9	7	2	0	0	0	0
AF	0	0.037477	5	5	0	0	0	0	0
AF	0	0.037789	14	11	3	0	0	0	0
AF	0	0.038101	9	7	2	0	0	0	0
AF	0	0.038413	12	5	7	0	0	0	0
AF	0	0.038726	8	4	4	0	0	0	0
AF	0	0.039038	6	5	1	0	0	0	0
AF	0	0.039350	5	3	2	0	0	0	0
AF	0	0.039663	6	4	2	0	0	0	0
AF	0	0.039975	2	1	1	0	0	0	0
AF	0	0.040287	13	8	5	0	0	0	0
AF	0	0.040600	5	4	1	0	0	0	0
AF	0	0.040912	6	2	4	0	0	0	0
AF	0	0.041224	1	1	0	0	0	0	0
AF	0	0.041537	8	6	2	0	0	0	0
AF	0	0.041849	3	1	2	0	0	0	0
AF	0	0.042161	12	10	2	0	0	0	0
AF	0	0.042473	2	2	0	0	0	0	0
AF	0	0.042786	4	3	1	0	0	0	0
AF	0	0.043098	9	7	2	0	0	0	0
AF	0	0.043410	7	6	1	0	0	0	0
AF	0	0.043723	5	2	3	0	0	0	0
AF	0	0.044035	8	5	3	0	0	0	0
AF	0	0.044347	6	3	3	0	0	0	0
AF	0	0.044660	10	7	3	0	0	0	0
AF	0	0.044972	2	2	0	0	0	0	0
AF	0	0.045284	11	10	1	0	0	0	0
AF	0	0.045597	2	0	2	0	0	0	0
AF	0	0.045909	5	2	3	0	0	0	0
AF	0	0.046533	3	2	1	0	0	0	0
AF	0	0.046846	3	1	2	0	0	0	0
AF	0	0.047158	10	5	5	0	0	0	0
AF	0	0.047470	8	4	4	0	0	0	0
AF	0	0.047783	4	3	1	0	0	0	0
AF	0	0.048095	3	2	1	0	0	0	0
AF	0	0.048407	4	1	3	0	0	0	0
AF	0	0.048720	5	5	0	0	0	0	0
AF	0	0.049032	4	4	0	0	0	0	0
AF	0	0.049344	2	2	0	0	0	0	0
AF	0	0.049656	3	2	1	0	0	0	0
AF	0	0.049969	3	2	1	0	0	0	0
AF	0	0.050281	5	5	0	0	0	0	0
AF	0	0.050593	19	11	8	0	0	0	0
AF	0	0.050906	11	10	1	0	0	0	0
AF	0	0.051218	12	4	8	0	0	0	0
AF	0	0.051530	23	18	5	0	0	0	0
AF	0	0.051843	4	3	1	0	0	0	0
AF	0	0.052155	5	3	2	0	0	0	0
AF	0	0.052467	8	4	4	0	0	0	0
AF	0	0.052780	16	9	7	0	0	0	0
AF	0	0.053092	4	3	1	0	0	0	0
AF	0	0.053404	3	2	1	0	0	0	0
AF	0	0.053716	5	3	2	0	0	0	0
AF	0	0.054029	7	2	5	0	0	0	0
AF	0	0.054341	7	5	2	0	0	0	0
AF	0	0.054653	5	4	1	0	0	0	0
AF	0	0.054966	1	1	0	0	0	0	0
AF	0	0.055278	4	3	1	0	0	0	0
AF	0	0.055590	8	4	4	0	0	0	0
AF	0	0.055903	4	3	1	0	0	0	0
AF	0	0.056215	7	2	5	0	0	0	0
AF	0	0.056527	5	2	3	0	0	0	0
AF	0	0.056839	1	1	0	0	0	0	0
AF	0	0.057152	6	4	2	0	0	0	0
AF	0	0.057464	2	1	1	0	0	0	0
AF	0	0.057776	7	6	1	0	0	0	0
AF	0	0.058089	2	1	1	0	0	0	0
AF	0	0.058401	10	5	5	0	0	0	0
AF	0	0.058713	7	6	1	0	0	0	0
AF	0	0.059026	14	11	3	0	0	0	0
AF	0	0.059338	2	2	0	0	0	0	0
AF	0	0.059650	4	4	0	0	0	0	0
AF	0	0.059963	2	2	0	0	0	0	0
AF	0	0.060275	7	6	1	0	0	0	0
AF	0	0.060587	4	3	1	0	0	0	0
AF	0	0.060899	8	5	3	0	0	0	0
AF	0	0.061212	3	2	1	0	0	0	0
AF	0	0.061524	5	4	1	0	0	0	0
AF	0	0.061836	6	5	1	0	0	0	0
AF	0	0.062149	7	5	2	0	0	0	0
AF	0	0.062461	7	5	2	0	0	0	0
AF	0	0.062773	11	7	4	0	0	0	0
AF	0	0.063086	6	6	0	0	0	0	0
AF	0	0.063398	8	6	2	0	0	0	0
AF	0	0.063710	4	3	1	0	0	0	0
AF	0	0.064022	8	6	2	0	0	0	0
AF	0	0.064335	2	2	0	0	0	0	0
AF	0	0.064647	2	1	1	0	0	0	0
AF	0	0.064959	1	1	0	0	0	0	0
AF	0	0.065272	7	3	4	0	0	0	0
AF	0	0.065584	1	1	0	0	0	0	0
AF	0	0.065896	9	5	4	0	0	0	0
AF	0	0.066209	3	2	1	0	0	0	0
AF	0	0.067146	2	1	1	0	0	0	0
AF	0	0.067458	4	3	1	0	0	0	0
AF	0	0.067770	6	5	1	0	0	0	0
AF	0	0.068395	6	6	0	0	0	0	0
AF	0	0.068707	2	2	0	0	0	0	0
AF	0	0.069019	6	4	2	0	0	0	0
AF	0	0.069644	4	1	3	0	0	0	0
AF	0	0.070269	5	1	4	0	0	0	0
AF	0	0.070581	1	1	0	0	0	0	0
AF	0	0.070893	3	2	1	0	0	0	0
AF	0	0.071205	2	1	1	0	0	0	0
AF	0	0.071518	2	2	0	0	0	0	0
AF	0	0.072142	1	0	1	0	0	0	0
AF	0	0.072455	2	2	0	0	0	0	0
AF	0	0.072767	5	2	3	0	0	0	0
AF	0	0.073079	1	0	1	0	0	0	0
AF	0	0.073392	1	1	0	0	0	0	0
AF	0	0.073704	2	2	0	0	0	0	0
AF	0	0.074016	6	4	2	0	0	0	0
AF	0	0.074329	1	0	1	0	0	0	0
AF	0	0.074641	2	0	2	0	0	0	0
AF	0	0.074953	4	2	2	0	0	0	0
AF	0	0.075265	2	2	0	0	0	0	0
AF	0	0.075578	2	2	0	0	0	0	0
AF	0	0.075890	1	1	0	0	0	0	0
AF	0	0.077139	2	2	0	0	0	0	0
AF	0	0.077452	1	1	0	0	0	0	0
AF	0	0.077764	4	3	1	0	0	0	0
AF	0	0.078076	3	3	0	0	0	0	0
AF	0	0.078389	3	2	1	0	0	0	0
AF	0	0.078701	1	0	1	0	0	0	0
AF	0	0.079325	3	3	0	0	0	0	0
AF	0	0.079638	2	0	2	0	0	0	0
AF	0	0.079950	1	1	0	0	0	0	0
AF	0	0.080575	2	2	0	0	0	0	0
AF	0	0.080887	5	4	1	0	0	0	0
AF	0	0.081199	1	0	1	0	0	0	0
AF	0	0.081512	3	2	1	0	0	0	0
AF	0	0.081824	1	0	1	0	0	0	0
AF	0	0.082136	3	3	0	0	0	0	0
AF	0	0.082448	3	3	0	0	0	0	0
AF	0	0.082761	2	2	0	0	0	0	0
AF	0	0.083385	2	1	1	0	0	0	0
AF	0	0.083698	1	1	0	0	0	0	0
AF	0	0.084322	1	1	0	0	0	0	0
AF	0	0.084635	1	0	1	0	0	0	0
AF	0	0.084947	4	3	1	0	0	0	0
AF	0	0.085259	4	3	1	0	0	0	0
AF	0	0.085572	1	1	0	0	0	0	0
AF	0	0.085884	5	3	2	0	0	0	0
AF	0	0.086196	2	1	1	0	0	0	0
AF	0	0.086508	3	3	0	0	0	0	0
AF	0	0.087133	5	3	2	0	0	0	0
AF	0	0.087445	7	6	1	0	0	0	0
AF	0	0.087758	5	3	2	0	0	0	0
AF	0	0.088070	1	0	1	0	0	0	0
AF	0	0.088382	1	1	0	0	0	0	0
AF	0	0.089007	2	1	1	0	0	0	0
AF	0	0.089631	2	1	1	0	0	0	0
AF	0	0.090256	3	2	1	0	0	0	0
AF	0	0.090568	1	1	0	0	0	0	0
AF	0	0.090881	3	2	1	0	0	0	0
AF	0	0.092442	1	1	0	0	0	0	0
AF	0	0.092755	1	1	0	0	0	0	0
AF	0	0.093067	2	2	0	0	0	0	0
AF	0	0.093379	5	4	1	0	0	0	0
AF	0	0.094004	2	1	1	0	0	0	0
AF	0	0.094316	1	1	0	0	0	0	0
AF	0	0.094628	3	3	0	0	0	0	0
AF	0	0.094941	2	1	1	0	0	0	0
AF	0	0.095565	3	0	3	0	0	0	0
AF	0	0.095878	1	0	1	0	0	0	0
AF	0	0.096190	5	4	1	0	0	0	0
AF	0	0.096502	3	3	0	0	0	0	0
AF	0	0.097439	1	1	0	0	0	0	0
AF	0	0.097751	2	1	1	0	0	0	0
AF	0	0.098064	2	1	1	0	0	0	0
AF	0	0.098376	2	1	1	0	0	0	0
AF	0	0.098688	5	5	0	0	0	0	0
AF	0	0.099001	2	0	2	0	0	0	0
AF	0	0.099313	3	2	1	0	0	0	0
AF	0	0.099625	2	2	0	0	0	0	0
AF	0	0.099938	3	2	1	0	0	0	0
AF	0	0.100250	2	1	1	0	0	0	0
AF	0	0.100874	2	1	1	0	0	0	0
AF	0	0.101499	3	2	1	0	0	0	0
AF	0	0.101811	2	1	1	0	0	0	0
AF	0	0.102124	1	0	1	0	0	0	0
AF	0	0.102436	1	0	1	0	0	0	0
AF	0	0.102748	3	3	0	0	0	0	0
AF	0	0.103061	4	3	1	0	0	0	0
AF	0	0.103373	6	5	1	0	0	0	0
AF	0	0.103685	2	1	1	0	0	0	0
AF	0	0.103998	3	3	0	0	0	0	0
AF	0	0.104310	1	1	0	0	0	0	0
AF	0	0.104622	1	0	1	0	0	0	0
AF	0	0.105247	2	1	1	0	0	0	0
AF	0	0.105559	2	1	1	0	0	0	0
AF	0	0.105871	2	2	0	0	0	0	0
AF	0	0.106184	1	1	0	0	0	0	0
AF	0	0.106496	4	2	2	0	0	0	0
AF	0	0.106808	1	0	1	0	0	0	0
AF	0	0.107121	2	2	0	0	0	0	0
AF	0	0.107433	3	3	0	0	0	0	0
AF	0	0.107745	4	3	1	0	0	0	0
AF	0	0.109619	1	0	1	0	0	0	0
AF	0	0.109931	1	1	0	0	0	0	0
AF	0	0.110244	1	1	0	0	0	0	0
AF	0	0.110868	2	1	1	0	0	0	0
AF	0	0.111181	2	0	2	0	0	0	0
AF	0	0.111805	1	0	1	0	0	0	0
AF	0	0.112430	2	2	0	0	0	0	0
AF	0	0.112742	3	3	0	0	0	0	0
AF	0	0.113054	6	4	2	0	0	0	0
AF	0	0.113367	3	2	1	0	0	0	0
AF	0	0.113679	1	0	1	0	0	0	0
AF	0	0.113991	1	0	1	0	0	0	0
AF	0	0.114304	3	2	1	0	0	0	0
AF	0	0.114616	3	3	0	0	0	0	0
AF	0	0.114928	9	6	3	0	0	0	0
AF	0	0.115553	7	5	2	0	0	0	0
AF	0	0.115865	2	2	0	0	0	0	0
AF	0	0.116490	1	1	0	0	0	0	0
AF	0	0.117114	2	2	0	0	0	0	0
AF	0	0.117427	3	3	0	0	0	0	0
AF	0	0.117739	1	0	1	0	0	0	0
AF	0	0.118051	4	1	3	0	0	0	0
AF	0	0.118364	1	1	0	0	0	0	0
AF	0	0.118676	2	2	0	0	0	0	0
AF	0	0.119300	3	1	2	0	0	0	0
AF	0	0.119613	3	2	1	0	0	0	0
AF	0	0.119925	4	1	3	0	0	0	0
AF	0	0.120237	4	4	0	0	0	0	0
AF	0	0.120550	4	3	1	0	0	0	0
AF	0	0.121174	2	1	1	0	0	0	0
AF	0	0.121487	1	1	0	0	0	0	0
AF	0	0.121799	4	3	1	0	0	0	0
AF	0	0.122423	1	1	0	0	0	0	0
AF	0	0.122736	4	2	2	0	0	0	0
AF	0	0.123048	1	1	0	0	0	0	0
AF	0	0.123360	1	1	0	0	0	0	0
AF	0	0.123673	2	2	0	0	0	0	0
AF	0	0.123985	1	0	1	0	0	0	0
AF	0	0.124297	1	0	1	0	0	0	0
AF	0	0.124610	2	2	0	0	0	0	0
AF	0	0.124922	4	3	1	0	0	0	0
AF	0	0.125234	1	0	1	0	0	0	0
AF	0	0.125859	3	3	0	0	0	0	0
AF	0	0.126171	1	1	0	0	0	0	0
AF	0	0.126483	2	2	0	0	0	0	0
AF	0	0.127108	1	1	0	0	0	0	0
AF	0	0.127420	1	1	0	0	0	0	0
AF	0	0.128045	2	2	0	0	0	0	0
AF	0	0.128670	2	2	0	0	0	0	0
AF	0	0.129919	4	4	0	0	0	0	0
AF	0	0.130543	3	1	2	0	0	0	0
AF	0	0.130856	2	1	1	0	0	0	0
AF	0	0.131168	4	3	1	0	0	0	0
AF	0	0.131480	1	0	1	0	0	0	0
AF	0	0.131793	1	0	1	0	0	0	0
AF	0	0.132105	1	1	0	0	0	0	0
AF	0	0.132417	1	1	0	0	0	0	0
AF	0	0.132730	1	1	0	0	0	0	0
AF	0	0.133042	3	3	0	0	0	0	0
AF	0	0.133354	2	1	1	0	0	0	0
AF	0	0.133666	2	1	1	0	0	0	0
AF	0	0.134291	1	1	0	0	0	0	0
AF	0	0.134603	1	0	1	0	0	0	0
AF	0	0.134916	2	0	2	0	0	0	0
AF	0	0.135228	2	1	1	0	0	0	0
AF	0	0.135540	3	2	1	0	0	0	0
AF	0	0.136165	2	2	0	0	0	0	0
AF	0	0.136477	1	1	0	0	0	0	0
AF	0	0.136790	1	1	0	0	0	0	0
AF	0	0.137726	3	2	1	0	0	0	0
AF	0	0.138039	5	3	2	0	0	0	0
AF	0	0.138351	1	1	0	0	0	0	0
AF	0	0.138663	2	2	0	0	0	0	0
AF	0	0.138976	6	6	0	0	0	0	0
AF	0	0.139288	3	3	0	0	0	0	0
AF	0	0.139600	1	0	1	0	0	0	0
AF	0	0.140225	1	1	0	0	0	0	0
AF	0	0.140537	4	3	1	0	0	0	0
AF	0	0.141162	3	3	0	0	0	0	0
AF	0	0.142411	4	4	0	0	0	0	0
AF	0	0.143036	1	0	1	0	0	0	0
AF	0	0.143348	3	0	3	0	0	0	0
AF	0	0.143660	5	2	3	0	0	0	0
AF	0	0.143973	1	1	0	0	0	0	0
AF	0	0.144285	1	1	0	0	0	0	0
AF	0	0.144597	3	3	0	0	0	0	0
AF	0	0.144909	2	1	1	0	0	0	0
AF	0	0.145534	2	2	0	0	0	0	0
AF	0	0.146159	1	0	1	0	0	0	0
AF	0	0.146783	1	0	1	0	0	0	0
AF	0	0.147096	1	1	0	0	0	0	0
AF	0	0.147408	2	2	0	0	0	0	0
AF	0	0.147720	1	1	0	0	0	0	0
AF	0	0.148032	1	1	0	0	0	0	0
AF	0	0.148345	1	1	0	0	0	0	0
AF	0	0.148657	5	3	2	0	0	0	0
AF	0	0.148969	4	1	3	0	0	0	0
AF	0	0.149282	2	1	1	0	0	0	0
AF	0	0.149906	1	1	0	0	0	0	0
AF	0	0.150219	1	1	0	0	0	0	0
AF	0	0.150531	3	2	1	0	0	0	0
AF	0	0.150843	1	1	0	0	0	0	0
AF	0	0.151156	3	2	1	0	0	0	0
AF	0	0.152092	1	0	1	0	0	0	0
AF	0	0.152405	2	2	0	0	0	0	0
AF	0	0.152717	1	1	0	0	0	0	0
AF	0	0.153029	1	0	1	0	0	0	0
AF	0	0.153342	1	1	0	0	0	0	0
AF	0	0.154903	3	1	2	0	0	0	0
AF	0	0.155528	3	3	0	0	0	0	0
AF	0	0.156152	1	1	0	0	0	0	0
AF	0	0.156777	2	2	0	0	0	0	0
AF	0	0.157089	1	0	1	0	0	0	0
AF	0	0.157402	5	5	0	0	0	0	0
AF	0	0.157714	2	0	2	0	0	0	0
AF	0	0.158026	4	4	0	0	0	0	0
AF	0	0.158339	1	1	0	0	0	0	0
AF	0	0.158651	6	4	2	0	0	0	0
AF	0	0.158963	1	1	0	0	0	0	0
AF	0	0.159275	5	5	0	0	0	0	0
AF	0	0.159588	2	2	0	0	0	0	0
AF	0	0.159900	6	4	2	0	0	0	0
AF	0	0.160212	2	1	1	0	0	0	0
AF	0	0.160525	6	5	1	0	0	0	0
AF	0	0.160837	4	4	0	0	0	0	0
AF	0	0.161149	10	5	5	0	0	0	0
AF	0	0.161774	5	4	1	0	0	0	0
AF	0	0.162086	2	0	2	0	0	0	0
AF	0	0.162399	7	6	1	0	0	0	0
AF	0	0.163023	5	4	1	0	0	0	0
AF	0	0.163648	1	0	1	0	0	0	0
AF	0	0.163960	1	1	0	0	0	0	0
AF	0	0.164272	2	1	1	0	0	0	0
AF	0	0.165209	1	0	1	0	0	0	0
AF	0	0.165522	2	1	1	0	0	0	0
AF	0	0.166146	2	1	1	0	0	0	0
AF	0	0.166771	1	0	1	0	0	0	0
AF	0	0.167708	1	0	1	0	0	0	0
AF	0	0.168020	2	2	0	0	0	0	0
AF	0	0.168332	1	1	0	0	0	0	0
AF	0	0.168645	2	1	1	0	0	0	0
AF	0	0.169269	1	0	1	0	0	0	0
AF	0	0.169582	1	1	0	0	0	0	0
AF	0	0.169894	2	1	1	0	0	0	0
AF	0	0.170206	1	0	1	0	0	0	0
AF	0	0.170831	1	1	0	0	0	0	0
AF	0	0.171143	1	1	0	0	0	0	0
AF	0	0.171455	1	0	1	0	0	0	0
AF	0	0.172080	2	2	0	0	0	0	0
AF	0	0.172392	2	2	0	0	0	0	0
AF	0	0.172705	1	1	0	0	0	0	0
AF	0	0.173017	1	1	0	0	0	0	0
AF	0	0.173329	1	0	1	0	0	0	0
AF	0	0.173641	4	2	2	0	0	0	0
AF	0	0.173954	2	2	0	0	0	0	0
AF	0	0.174266	7	5	2	0	0	0	0
AF	0	0.174578	3	3	0	0	0	0	0
AF	0	0.174891	15	11	4	0	0	0	0
AF	0	0.175203	5	4	1	0	0	0	0
AF	0	0.175515	3	3	0	0	0	0	0
AF	0	0.175828	2	0	2	0	0	0	0
AF	0	0.176140	3	3	0	0	0	0	0
AF	0	0.176452	2	2	0	0	0	0	0
AF	0	0.176765	3	1	2	0	0	0	0
AF	0	0.177389	1	1	0	0	0	0	0
AF	0	0.178014	2	0	2	0	0	0	0
AF	0	0.178638	2	0	2	0	0	0	0
AF	0	0.178951	1	1	0	0	0	0	0
AF	0	0.179888	1	1	0	0	0	0	0
AF	0	0.180200	2	2	0	0	0	0	0
AF	0	0.180512	3	3	0	0	0	0	0
AF	0	0.180824	1	1	0	0	0	0	0
AF	0	0.181137	1	1	0	0	0	0	0
AF	0	0.181449	1	1	0	0	0	0	0
AF	0	0.181761	4	3	1	0	0	0	0
AF	0	0.182074	1	1	0	0	0	0	0
AF	0	0.182386	1	0	1	0	0	0	0
AF	0	0.183635	3	2	1	0	0	0	0
AF	0	0.183948	2	2	0	0	0	0	0
AF	0	0.184260	5	4	1	0	0	0	0
AF	0	0.184572	1	1	0	0	0	0	0
AF	0	0.184884	4	3	1	0	0	0	0
AF	0	0.185197	2	2	0	0	0	0	0
AF	0	0.185509	1	0	1	0	0	0	0
AF	0	0.185821	1	0	1	0	0	0	0
AF	0	0.186134	1	1	0	0	0	0	0
AF	0	0.186758	1	1	0	0	0	0	0
AF	0	0.187383	1	1	0	0	0	0	0
AF	0	0.187695	3	3	0	0	0	0	0
AF	0	0.188944	1	0	1	0	0	0	0
AF	0	0.190506	1	1	0	0	0	0	0
AF	0	0.190818	2	2	0	0	0	0	0
AF	0	0.191131	1	1	0	0	0	0	0
AF	0	0.191443	1	1	0	0	0	0	0
AF	0	0.191755	2	2	0	0	0	0	0
AF	0	0.193004	2	2	0	0	0	0	0
AF	0	0.193941	1	1	0	0	0	0	0
AF	0	0.194254	1	0	1	0	0	0	0
AF	0	0.194878	2	2	0	0	0	0	0
AF	0	0.195191	1	0	1	0	0	0	0
AF	0	0.196127	3	2	1	0	0	0	0
AF	0	0.196440	1	0	1	0	0	0	0
AF	0	0.196752	4	3	1	0	0	0	0
AF	0	0.197377	1	1	0	0	0	0	0
AF	0	0.197689	5	3	2	0	0	0	0
AF	0	0.198001	5	4	1	0	0	0	0
AF	0	0.198314	5	1	4	0	0	0	0
AF	0	0.198626	4	4	0	0	0	0	0
AF	0	0.198938	1	1	0	0	0	0	0
AF	0	0.199563	3	3	0	0	0	0	0
AF	0	0.199875	1	1	0	0	0	0	0
AF	0	0.200812	2	1	1	0	0	0	0
AF	0	0.201437	1	0	1	0	0	0	0
AF	0	0.201749	2	2	0	0	0	0	0
AF	0	0.203623	2	1	1	0	0	0	0
AF	0	0.203935	1	1	0	0	0	0	0
AF	0	0.204247	1	1	0	0	0	0	0
AF	0	0.204872	1	0	1	0	0	0	0
AF	0	0.205497	2	2	0	0	0	0	0
AF	0	0.205809	1	1	0	0	0	0	0
AF	0	0.206121	1	1	0	0	0	0	0
AF	0	0.207058	1	1	0	0	0	0	0
AF	0	0.207370	1	1	0	0	0	0	0
AF	0	0.207683	2	1	1	0	0	0	0
AF	0	0.207995	1	1	0	0	0	0	0
AF	0	0.208307	1	1	0	0	0	0	0
AF	0	0.208620	1	1	0	0	0	0	0
AF	0	0.209244	2	1	1	0	0	0	0
AF	0	0.209557	1	1	0	0	0	0	0
AF	0	0.209869	1	0	1	0	0	0	0
AF	0	0.210181	1	0	1	0	0	0	0
AF	0	0.210493	2	2	0	0	0	0	0
AF	0	0.210806	1	1	0	0	0	0	0
AF	0	0.212055	1	1	0	0	0	0	0
AF	0	0.212367	1	1	0	0	0	0	0
AF	0	0.212680	1	0	1	0	0	0	0
AF	0	0.212992	1	0	1	0	0	0	0
AF	0	0.213616	3	2	1	0	0	0	0
AF	0	0.214241	1	1	0	0	0	0	0
AF	0	0.214553	1	1	0	0	0	0	0
AF	0	0.214866	1	1	0	0	0	0	0
AF	0	0.215178	4	3	1	0	0	0	0
AF	0	0.215490	2	2	0	0	0	0	0
AF	0	0.215803	3	3	0	0	0	0	0
AF	0	0.216427	2	2	0	0	0	0	0
AF	0	0.216740	4	1	3	0	0	0	0
AF	0	0.217364	2	1	1	0	0	0	0
AF	0	0.217989	1	0	1	0	0	0	0
AF	0	0.219863	1	1	0	0	0	0	0
AF	0	0.220487	3	2	1	0	0	0	0
AF	0	0.220800	2	1	1	0	0	0	0
AF	0	0.221112	3	2	1	0	0	0	0
AF	0	0.221424	1	1	0	0	0	0	0
AF	0	0.221736	1	1	0	0	0	0	0
AF	0	0.222673	1	1	0	0	0	0	0
AF	0	0.222986	1	1	0	0	0	0	0
AF	0	0.224547	2	1	1	0	0	0	0
AF	0	0.224859	1	1	0	0	0	0	0
AF	0	0.225172	2	1	1	0	0	0	0
AF	0	0.225796	2	2	0	0	0	0	0
AF	0	0.226109	3	3	0	0	0	0	0
AF	0	0.226421	1	0	1	0	0	0	0
AF	0	0.226733	1	1	0	0	0	0	0
AF	0	0.227046	3	2	1	0	0	0	0
AF	0	0.227358	1	1	0	0	0	0	0
AF	0	0.227670	2	2	0	0	0	0	0
AF	0	0.227983	1	1	0	0	0	0	0
AF	0	0.228295	1	0	1	0	0	0	0
AF	0	0.228607	1	1	0	0	0	0	0
AF	0	0.228919	1	0	1	0	0	0	0
AF	0	0.229544	1	0	1	0	0	0	0
AF	0	0.229856	1	1	0	0	0	0	0
AF	0	0.230169	2	1	1	0	0	0	0
AF	0	0.230793	1	0	1	0	0	0	0
AF	0	0.231106	2	1	1	0	0	0	0
AF	0	0.231418	1	0	1	0	0	0	0
AF	0	0.232042	5	3	2	0	0	0	0
AF	0	0.232355	3	3	0	0	0	0	0
AF	0	0.232667	3	3	0	0	0	0	0
AF	0	0.232979	3	3	0	0	0	0	0
AF	0	0.233292	8	4	4	0	0	0	0
AF	0	0.233604	4	1	3	0	0	0	0
AF	0	0.233916	2	2	0	0	0	0	0
AF	0	0.234229	3	3	0	0	0	0	0
AF	0	0.234541	5	4	1	0	0	0	0
AF	0	0.234853	2	1	1	0	0	0	0
AF	0	0.235166	2	1	1	0	0	0	0
AF	0	0.235478	1	1	0	0	0	0	0
AF	0	0.235790	1	1	0	0	0	0	0
AF	0	0.236102	3	1	2	0	0	0	0
AF	0	0.236415	2	2	0	0	0	0	0
AF	0	0.236727	1	1	0	0	0	0	0
AF	0	0.237039	1	0	1	0	0	0	0
AF	0	0.237352	1	1	0	0	0	0	0
AF	0	0.237664	2	2	0	0	0	0	0
AF	0	0.238289	1	1	0	0	0	0	0
AF	0	0.238601	1	1	0	0	0	0	0
AF	0	0.238913	3	2	1	0	0	0	0
AF	0	0.239538	1	1	0	0	0	0	0
AF	0	0.240162	1	0	1	0	0	0	0
AF	0	0.240787	1	0	1	0	0	0	0
AF	0	0.242036	1	1	0	0	0	0	0
AF	0	0.242349	1	1	0	0	0	0	0
AF	0	0.242661	5	5	0	0	0	0	0
AF	0	0.242973	2	1	1	0	0	0	0
AF	0	0.243285	1	1	0	0	0	0	0
AF	0	0.243910	2	1	1	0	0	0	0
AF	0	0.244535	2	2	0	0	0	0	0
AF	0	0.244847	1	1	0	0	0	0	0
AF	0	0.245159	1	0	1	0	0	0	0
AF	0	0.245472	2	1	1	0	0	0	0
AF	0	0.245784	3	3	0	0	0	0	0
AF	0	0.246096	1	0	1	0	0	0	0
AF	0	0.246408	2	2	0	0	0	0	0
AF	0	0.246721	2	2	0	0	0	0	0
AF	0	0.247033	4	4	0	0	0	0	0
AF	0	0.247345	2	2	0	0	0	0	0
AF	0	0.247658	3	0	3	0	0	0	0
AF	0	0.248282	3	2	1	0	0	0	0
AF	0	0.248907	3	0	3	0	0	0	0
AF	0	0.249532	2	2	0	0	0	0	0
AF	0	0.249844	3	2	1	0	0	0	0
AF	0	0.250156	1	1	0	0	0	0	0
AF	0	0.250468	2	1	1	0	0	0	0
AF	0	0.250781	2	1	1	0	0	0	0
AF	0	0.251405	3	1	2	0	0	0	0
AF	0	0.252030	4	2	2	0	0	0	0
AF	0	0.252342	2	0	2	0	0	0	0
AF	0	0.252655	2	0	2	0	0	0	0
AF	0	0.253592	2	1	1	0	0	0	0
AF	0	0.253904	3	1	2	0	0	0	0
AF	0	0.254216	1	1	0	0	0	0	0
AF	0	0.254528	4	4	0	0	0	0	0
AF	0	0.254841	1	1	0	0	0	0	0
AF	0	0.255153	1	0	1	0	0	0	0
AF	0	0.255465	12	10	2	0	0	0	0
AF	0	0.255778	10	8	2	0	0	0	0
AF	0	0.257027	1	1	0	0	0	0	0
AF	0	0.257339	2	1	1	0	0	0	0
AF	0	0.257651	9	6	3	0	0	0	0
AF	0	0.257964	3	1	2	0	0	0	0
AF	0	0.258276	2	0	2	0	0	0	0
AF	0	0.258588	2	2	0	0	0	0	0
AF	0	0.258901	1	1	0	0	0	0	0
AF	0	0.259525	4	4	0	0	0	0	0
AF	0	0.260150	3	3	0	0	0	0	0
AF	0	0.260775	6	6	0	0	0	0	0
AF	0	0.261087	1	0	1	0	0	0	0
AF	0	0.261399	3	3	0	0	0	0	0
AF	0	0.261711	1	1	0	0	0	0	0
AF	0	0.262024	4	3	1	0	0	0	0
AF	0	0.262336	1	0	1	0	0	0	0
AF	0	0.262648	1	1	0	0	0	0	0
AF	0	0.263585	1	1	0	0	0	0	0
AF	0	0.263898	1	1	0	0	0	0	0
AF	0	0.264522	4	4	0	0	0	0	0
AF	0	0.264834	1	1	0	0	0	0	0
AF	0	0.265147	1	1	0	0	0	0	0
AF	0	0.265459	1	0	1	0	0	0	0
AF	0	0.265771	1	0	1	0	0	0	0
AF	0	0.266084	1	1	0	0	0	0	0
AF	0	0.266708	1	1	0	0	0	0	0
AF	0	0.267645	1	1	0	0	0	0	0
AF	0	0.267958	1	1	0	0	0	0	0
AF	0	0.268270	1	1	0	0	0	0	0
AF	0	0.268582	1	1	0	0	0	0	0
AF	0	0.268894	1	0	1	0	0	0	0
AF	0	0.269519	5	4	1	0	0	0	0
AF	0	0.270456	1	1	0	0	0	0	0
AF	0	0.271081	1	1	0	0	0	0	0
AF	0	0.271393	1	1	0	0	0	0	0
AF	0	0.271705	1	1	0	0	0	0	0
AF	0	0.272017	5	3	2	0	0	0	0
AF	0	0.272954	5	3	2	0	0	0	0
AF	0	0.273579	1	1	0	0	0	0	0
AF	0	0.273891	2	2	0	0	0	0	0
AF	0	0.274204	3	1	2	0	0	0	0
AF	0	0.274516	7	2	5	0	0	0	0
AF	0	0.274828	3	1	2	0	0	0	0
AF	0	0.275141	4	2	2	0	0	0	0
AF	0	0.275765	2	0	2	0	0	0	0
AF	0	0.276390	2	1	1	0	0	0	0
AF	0	0.276702	2	2	0	0	0	0	0
AF	0	0.277014	3	3	0	0	0	0	0
AF	0	0.277327	1	1	0	0	0	0	0
AF	0	0.277639	4	1	3	0	0	0	0
AF	0	0.278264	1	0	1	0	0	0	0
AF	0	0.278576	1	1	0	0	0	0	0
AF	0	0.278888	5	4	1	0	0	0	0
AF	0	0.279200	1	1	0	0	0	0	0
AF	0	0.279513	1	0	1	0	0	0	0
AF	0	0.279825	2	1	1	0	0	0	0
AF	0	0.280137	4	3	1	0	0	0	0
AF	0	0.280450	2	1	1	0	0	0	0
AF	0	0.281074	1	1	0	0	0	0	0
AF	0	0.281387	4	4	0	0	0	0	0
AF	0	0.281699	2	0	2	0	0	0	0
AF	0	0.282011	2	2	0	0	0	0	0
AF	0	0.282324	2	0	2	0	0	0	0
AF	0	0.282636	2	2	0	0	0	0	0
AF	0	0.282948	1	1	0	0	0	0	0
AF	0	0.283260	1	1	0	0	0	0	0
AF	0	0.283573	2	2	0	0	0	0	0
AF	0	0.283885	3	3	0	0	0	0	0
AF	0	0.284197	1	1	0	0	0	0	0
AF	0	0.284510	4	2	2	0	0	0	0
AF	0	0.284822	1	1	0	0	0	0	0
AF	0	0.285134	2	1	1	0	0	0	0
AF	0	0.285447	2	1	1	0	0	0	0
AF	0	0.285759	1	1	0	0	0	0	0
AF	0	0.286384	1	1	0	0	0	0	0
AF	0	0.286696	2	2	0	0	0	0	0
AF	0	0.287008	2	2	0	0	0	0	0
AF	0	0.287320	1	1	0	0	0	0	0
AF	0	0.287633	2	2	0	0	0	0	0
AF	0	0.287945	1	0	1	0	0	0	0
AF	0	0.288257	2	0	2	0	0	0	0
AF	0	0.288570	1	1	0	0	0	0	0
AF	0	0.288882	2	2	0	0	0	0	0
AF	0	0.289194	1	1	0	0	0	0	0
AF	0	0.289507	2	1	1	0	0	0	0
AF	0	0.290131	2	1	1	0	0	0	0
AF	0	0.290443	1	1	0	0	0	0	0
AF	0	0.290756	1	1	0	0	0	0	0
AF	0	0.291068	1	0	1	0	0	0	0
AF	0	0.291380	1	0	1	0	0	0	0
AF	0	0.292005	1	0	1	0	0	0	0
AF	0	0.293567	2	1	1	0	0	0	0
AF	0	0.293879	1	0	1	0	0	0	0
AF	0	0.294191	1	1	0	0	0	0	0
AF	0	0.294503	1	0	1	0	0	0	0
AF	0	0.295753	3	2	1	0	0	0	0
AF	0	0.296065	5	4	1	0	0	0	0
AF	0	0.296377	1	1	0	0	0	0	0
AF	0	0.297626	3	1	2	0	0	0	0
AF	0	0.298251	1	1	0	0	0	0	0
AF	0	0.300437	1	1	0	0	0	0	0
AF	0	0.301374	2	1	1	0	0	0	0
AF	0	0.302936	1	1	0	0	0	0	0
AF	0	0.304185	1	0	1	0	0	0	0
AF	0	0.304809	1	1	0	0	0	0	0
AF	0	0.305122	1	1	0	0	0	0	0
AF	0	0.305434	1	1	0	0	0	0	0
AF	0	0.305746	2	1	1	0	0	0	0
AF	0	0.306371	1	0	1	0	0	0	0
AF	0	0.306683	1	1	0	0	0	0	0
AF	0	0.307308	1	1	0	0	0	0	0
AF	0	0.307620	1	0	1	0	0	0	0
AF	0	0.307933	1	0	1	0	0	0	0
AF	0	0.308245	2	2	0	0	0	0	0
AF	0	0.309182	2	1	1	0	0	0	0
AF	0	0.309494	1	1	0	0	0	0	0
AF	0	0.310119	3	2	1	0	0	0	0
AF	0	0.310431	1	1	0	0	0	0	0
AF	0	0.310743	1	0	1	0	0	0	0
AF	0	0.311680	2	2	0	0	0	0	0
AF	0	0.311993	2	2	0	0	0	0	0
AF	0	0.312617	1	0	1	0	0	0	0
AF	0	0.313242	2	1	1	0	0	0	0
AF	0	0.313554	1	0	1	0	0	0	0
AF	0	0.313866	1	1	0	0	0	0	0
AF	0	0.315116	1	0	1	0	0	0	0
AF	0	0.315428	1	1	0	0	0	0	0
AF	0	0.315740	1	1	0	0	0	0	0
AF	0	0.316989	1	1	0	0	0	0	0
AF	0	0.317302	4	2	2	0	0	0	0
AF	0	0.317614	2	2	0	0	0	0	0
AF	0	0.317926	3	2	1	0	0	0	0
AF	0	0.318239	2	1	1	0	0	0	0
AF	0	0.318551	1	1	0	0	0	0	0
AF	0	0.318863	1	0	1	0	0	0	0
AF	0	0.319488	1	1	0	0	0	0	0
AF	0	0.320737	1	0	1	0	0	0	0
AF	0	0.321674	2	2	0	0	0	0	0
AF	0	0.321986	1	1	0	0	0	0	0
AF	0	0.322611	1	1	0	0	0	0	0
AF	0	0.323860	1	1	0	0	0	0	0
AF	0	0.324485	3	1	2	0	0	0	0
AF	0	0.324797	2	1	1	0	0	0	0
AF	0	0.325109	1	0	1	0	0	0	0
AF	0	0.325734	1	0	1	0	0	0	0
AF	0	0.326046	1	1	0	0	0	0	0
AF	0	0.326359	1	1	0	0	0	0	0
AF	0	0.326983	1	1	0	0	0	0	0
AF	0	0.327608	1	1	0	0	0	0	0
AF	0	0.327920	2	0	2	0	0	0	0
AF	0	0.328232	1	1	0	0	0	0	0
AF	0	0.328545	1	1	0	0	0	0	0
AF	0	0.328857	1	0	1	0	0	0	0
AF	0	0.329169	1	1	0	0	0	0	0
AF	0	0.329482	4	3	1	0	0	0	0
AF	0	0.330418	1	1	0	0	0	0	0
AF	0	0.330731	6	5	1	0	0	0	0
AF	0	0.331043	1	1	0	0	0	0	0
AF	0	0.331355	6	4	2	0	0	0	0
AF	0	0.331668	1	0	1	0	0	0	0
AF	0	0.331980	3	3	0	0	0	0	0
AF	0	0.332605	3	2	1	0	0	0	0
AF	0	0.333229	2	2	0	0	0	0	0
AF	0	0.334166	1	1	0	0	0	0	0
AF	0	0.334478	1	0	1	0	0	0	0
AF	0	0.334791	1	1	0	0	0	0	0
AF	0	0.336352	1	1	0	0	0	0	0
AF	0	0.336977	2	2	0	0	0	0	0
AF	0	0.337289	3	3	0	0	0	0	0
AF	0	0.338226	2	1	1	0	0	0	0
AF	0	0.338538	2	1	1	0	0	0	0
AF	0	0.339163	1	1	0	0	0	0	0
AF	0	0.339475	1	1	0	0	0	0	0
AF	0	0.339788	2	2	0	0	0	0	0
AF	0	0.340100	1	0	1	0	0	0	0
AF	0	0.340412	5	3	2	0	0	0	0
AF	0	0.340725	3	3	0	0	0	0	0
AF	0	0.341349	1	1	0	0	0	0	0
AF	0	0.341661	1	0	1	0	0	0	0
AF	0	0.341974	2	1	1	0	0	0	0
AF	0	0.342286	1	0	1	0	0	0	0
AF	0	0.342598	2	1	1	0	0	0	0
AF	0	0.342911	2	2	0	0	0	0	0
AF	0	0.343223	1	1	0	0	0	0	0
AF	0	0.343535	2	2	0	0	0	0	0
AF	0	0.343848	1	1	0	0	0	0	0
AF	0	0.344472	1	1	0	0	0	0	0
AF	0	0.344785	1	1	0	0	0	0	0
AF	0	0.345409	2	1	1	0	0	0	0
AF	0	0.345721	1	0	1	0	0	0	0
AF	0	0.346034	3	2	1	0	0	0	0
AF	0	0.346658	6	4	2	0	0	0	0
AF	0	0.346971	1	1	0	0	0	0	0
AF	0	0.347595	1	1	0	0	0	0	0
AF	0	0.347908	3	3	0	0	0	0	0
AF	0	0.348220	3	3	0	0	0	0	0
AF	0	0.348532	5	4	1	0	0	0	0
AF	0	0.348844	1	0	1	0	0	0	0
AF	0	0.349157	2	1	1	0	0	0	0
AF	0	0.349781	4	3	1	0	0	0	0
AF	0	0.350406	7	4	3	0	0	0	0
AF	0	0.350718	5	4	1	0	0	0	0
AF	0	0.351031	4	3	1	0	0	0	0
AF	0	0.351343	2	2	0	0	0	0	0
AF	0	0.351968	2	2	0	0	0	0	0
AF	0	0.352280	2	2	0	0	0	0	0
AF	0	0.352904	1	1	0	0	0	0	0
AF	0	0.353529	4	2	2	0	0	0	0
AF	0	0.353841	2	2	0	0	0	0	0
AF	0	0.354154	3	3	0	0	0	0	0
AF	0	0.354466	1	1	0	0	0	0	0
AF	0	0.354778	1	0	1	0	0	0	0
AF	0	0.355091	1	1	0	0	0	0	0
AF	0	0.355403	1	1	0	0	0	0	0
AF	0	0.355715	2	0	2	0	0	0	0
AF	0	0.356027	2	2	0	0	0	0	0
AF	0	0.356652	2	2	0	0	0	0	0
AF	0	0.356964	2	2	0	0	0	0	0
AF	0	0.357277	4	3	1	0	0	0	0
AF	0	0.357589	1	1	0	0	0	0	0
AF	0	0.357901	2	1	1	0	0	0	0
AF	0	0.358526	1	1	0	0	0	0	0
AF	0	0.358838	3	3	0	0	0	0	0
AF	0	0.359151	7	7	0	0	0	0	0
AF	0	0.359463	1	1	0	0	0	0	0
AF	0	0.359775	2	1	1	0	0	0	0
AF	0	0.360087	3	3	0	0	0	0	0
AF	0	0.360400	2	2	0	0	0	0	0
AF	0	0.360712	1	0	1	0	0	0	0
AF	0	0.361024	2	2	0	0	0	0	0
AF	0	0.361649	2	1	1	0	0	0	0
AF	0	0.362274	1	1	0	0	0	0	0
AF	0	0.362586	1	0	1	0	0	0	0
AF	0	0.362898	2	0	2	0	0	0	0
AF	0	0.363523	1	1	0	0	0	0	0
AF	0	0.364147	2	1	1	0	0	0	0
AF	0	0.364460	2	1	1	0	0	0	0
AF	0	0.365397	3	2	1	0	0	0	0
AF	0	0.365709	1	1	0	0	0	0	0
AF	0	0.366021	1	1	0	0	0	0	0
AF	0	0.366334	1	1	0	0	0	0	0
AF	0	0.366646	1	0	1	0	0	0	0
AF	0	0.366958	2	0	2	0	0	0	0
AF	0	0.367270	2	1	1	0	0	0	0
AF	0	0.367583	1	0	1	0	0	0	0
AF	0	0.367895	1	1	0	0	0	0	0
AF	0	0.370394	1	0	1	0	0	0	0
AF	0	0.370706	2	2	0	0	0	0	0
AF	0	0.371643	2	2	0	0	0	0	0
AF	0	0.372892	1	1	0	0	0	0	0
AF	0	0.373204	2	2	0	0	0	0	0
AF	0	0.373517	2	0	2	0	0	0	0
AF	0	0.373829	1	1	0	0	0	0	0
AF	0	0.374141	1	0	1	0	0	0	0
AF	0	0.374766	2	2	0	0	0	0	0
AF	0	0.375078	1	1	0	0	0	0	0
AF	0	0.375390	1	1	0	0	0	0	0
AF	0	0.376015	1	1	0	0	0	0	0
AF	0	0.376640	2	1	1	0	0	0	0
AF	0	0.376952	1	0	1	0	0	0	0
AF	0	0.377264	2	2	0	0	0	0	0
AF	0	0.377577	2	2	0	0	0	0	0
AF	0	0.377889	7	5	2	0	0	0	0
AF	0	0.378826	1	1	0	0	0	0	0
AF	0	0.380387	1	0	1	0	0	0	0
AF	0	0.380700	2	1	1	0	0	0	0
AF	0	0.381012	1	0	1	0	0	0	0
AF	0	0.381636	2	0	2	0	0	0	0
AF	0	0.382261	2	1	1	0	0	0	0
AF	0	0.382573	1	1	0	0	0	0	0
AF	0	0.382886	2	0	2	0	0	0	0
AF	0	0.383198	1	1	0	0	0	0	0
AF	0	0.383510	3	3	0	0	0	0	0
AF	0	0.383823	1	1	0	0	0	0	0
AF	0	0.385384	1	0	1	0	0	0	0
AF	0	0.386009	1	1	0	0	0	0	0
AF	0	0.386946	1	1	0	0	0	0	0
AF	0	0.387258	1	1	0	0	0	0	0
AF	0	0.387570	2	1	1	0	0	0	0
AF	0	0.387883	1	1	0	0	0	0	0
AF	0	0.388507	1	0	1	0	0	0	0
AF	0	0.389132	2	2	0	0	0	0	0
AF	0	0.389444	1	1	0	0	0	0	0
AF	0	0.391630	3	0	3	0	0	0	0
AF	0	0.392255	3	2	1	0	0	0	0
AF	0	0.392879	2	2	0	0	0	0	0
AF	0	0.393504	5	5	0	0	0	0	0
AF	0	0.393816	2	1	1	0	0	0	0
AF	0	0.394129	2	1	1	0	0	0	0
AF	0	0.394441	1	1	0	0	0	0	0
AF	0	0.394753	3	2	1	0	0	0	0
AF	0	0.395378	3	2	1	0	0	0	0
AF	0	0.396002	1	1	0	0	0	0	0
AF	0	0.396315	1	0	1	0	0	0	0
AF	0	0.396627	2	0	2	0	0	0	0
AF	0	0.397252	1	1	0	0	0	0	0
AF	0	0.397564	1	1	0	0	0	0	0
AF	0	0.397876	2	2	0	0	0	0	0
AF	0	0.398813	1	1	0	0	0	0	0
AF	0	0.399126	3	1	2	0	0	0	0
AF	0	0.400062	1	0	1	0	0	0	0
AF	0	0.400375	2	1	1	0	0	0	0
AF	0	0.401312	1	1	0	0	0	0	0
AF	0	0.401624	2	1	1	0	0	0	0
AF	0	0.401936	1	1	0	0	0	0	0
AF	0	0.404747	5	4	1	0	0	0	0
AF	0	0.405059	16	11	5	0	0	0	0
AF	0	0.405372	10	9	1	0	0	0	0
AF	0	0.405684	1	1	0	0	0	0	0
AF	0	0.405996	9	7	2	0	0	0	0
AF	0	0.406621	1	1	0	0	0	0	0
AF	0	0.407245	3	1	2	0	0	0	0
AF	0	0.407558	3	2	1	0	0	0	0
AF	0	0.407870	2	1	1	0	0	0	0
AF	0	0.408495	3	3	0	0	0	0	0
AF	0	0.408807	1	1	0	0	0	0	0
AF	0	0.409119	1	0	1	0	0	0	0
AF	0	0.410056	1	1	0	0	0	0	0
AF	0	0.410369	3	2	1	0	0	0	0
AF	0	0.410993	4	4	0	0	0	0	0
AF	0	0.411305	2	1	1	0	0	0	0
AF	0	0.411618	2	1	1	0	0	0	0
AF	0	0.412242	1	1	0	0	0	0	0
AF	0	0.412867	1	0	1	0	0	0	0
AF	0	0.414741	1	0	1	0	0	0	0
AF	0	0.415053	2	2	0	0	0	0	0
AF	0	0.415365	1	0	1	0	0	0	0
AF	0	0.415990	2	2	0	0	0	0	0
AF	0	0.416615	1	1	0	0	0	0	0
AF	0	0.416927	1	0	1	0	0	0	0
AF	0	0.417239	1	1	0	0	0	0	0
AF	0	0.418488	1	1	0	0	0	0	0
AF	0	0.419113	2	2	0	0	0	0	0
AF	0	0.419425	1	1	0	0	0	0	0
AF	0	0.420675	1	0	1	0	0	0	0
AF	0	0.421611	4	2	2	0	0	0	0
AF	0	0.422548	2	2	0	0	0	0	0
AF	0	0.424735	1	0	1	0	0	0	0
AF	0	0.426921	1	1	0	0	0	0	0
AF	0	0.427233	1	1	0	0	0	0	0
AF	0	0.427545	1	1	0	0	0	0	0
AF	0	0.427858	3	3	0	0	0	0	0
AF	0	0.428170	1	1	0	0	0	0	0
AF	0	0.428482	1	0	1	0	0	0	0
AF	0	0.429107	5	2	3	0	0	0	0
AF	0	0.429419	1	1	0	0	0	0	0
AF	0	0.429731	2	1	1	0	0	0	0
AF	0	0.430356	3	2	1	0	0	0	0
AF	0	0.430981	2	1	1	0	0	0	0
AF	0	0.431293	1	0	1	0	0	0	0
AF	0	0.431605	2	2	0	0	0	0	0
AF	0	0.432230	1	1	0	0	0	0	0
AF	0	0.433479	2	1	1	0	0	0	0
AF	0	0.435665	1	0	1	0	0	0	0
AF	0	0.435978	1	1	0	0	0	0	0
AF	0	0.436602	2	0	2	0	0	0	0
AF	0	0.438788	1	0	1	0	0	0	0
AF	0	0.440037	1	1	0	0	0	0	0
AF	0	0.440974	1	0	1	0	0	0	0
AF	0	0.441599	1	1	0	0	0	0	0
AF	0	0.442224	1	0	1	0	0	0	0
AF	0	0.442848	2	2	0	0	0	0	0
AF	0	0.445034	1	1	0	0	0	0	0
AF	0	0.445659	1	0	1	0	0	0	0
AF	0	0.446908	1	1	0	0	0	0	0
AF	0	0.447220	1	1	0	0	0	0	0
AF	0	0.447533	2	0	2	0	0	0	0
AF	0	0.448470	1	1	0	0	0	0	0
AF	0	0.448782	1	0	1	0	0	0	0
AF	0	0.449719	1	1	0	0	0	0	0
AF	0	0.450031	1	1	0	0	0	0	0
AF	0	0.451905	1	1	0	0	0	0	0
AF	0	0.452842	1	1	0	0	0	0	0
AF	0	0.453154	1	1	0	0	0	0	0
AF	0	0.454716	2	1	1	0	0	0	0
AF	0	0.455028	1	1	0	0	0	0	0
AF	0	0.455340	1	1	0	0	0	0	0
AF	0	0.455653	1	0	1	0	0	0	0
AF	0	0.456277	2	2	0	0	0	0	0
AF	0	0.456590	1	1	0	0	0	0	0
AF	0	0.456902	1	1	0	0	0	0	0
AF	0	0.457214	1	0	1	0	0	0	0
AF	0	0.457527	2	2	0	0	0	0	0
AF	0	0.457839	2	1	1	0	0	0	0
AF	0	0.458151	2	1	1	0	0	0	0
AF	0	0.458463	1	1	0	0	0	0	0
AF	0	0.460962	1	1	0	0	0	0	0
AF	0	0.461274	2	0	2	0	0	0	0
AF	0	0.462523	2	2	0	0	0	0	0
AF	0	0.464397	1	1	0	0	0	0	0
AF	0	0.465959	1	1	0	0	0	0	0
AF	0	0.466271	4	2	2	0	0	0	0
AF	0	0.466896	1	1	0	0	0	0	0
AF	0	0.467833	1	1	0	0	0	0	0
AF	0	0.470019	2	0	2	0	0	0	0
AF	0	0.470643	2	1	1	0	0	0	0
AF	0	0.471268	2	2	0	0	0	0	0
AF	0	0.471893	1	0	1	0	0	0	0
AF	0	0.472517	1	1	0	0	0	0	0
AF	0	0.473142	1	0	1	0	0	0	0
AF	0	0.473766	2	1	1	0	0	0	0
AF	0	0.474079	2	2	0	0	0	0	0
AF	0	0.474391	2	2	0	0	0	0	0
AF	0	0.475016	1	1	0	0	0	0	0
AF	0	0.476265	2	1	1	0	0	0	0
AF	0	0.476889	2	0	2	0	0	0	0
AF	0	0.477202	1	1	0	0	0	0	0
AF	0	0.477514	1	0	1	0	0	0	0
AF	0	0.477826	1	1	0	0	0	0	0
AF	0	0.478139	3	2	1	0	0	0	0
AF	0	0.478451	3	3	0	0	0	0	0
AF	0	0.478763	2	1	1	0	0	0	0
AF	0	0.479076	2	1	1	0	0	0	0
AF	0	0.479388	1	1	0	0	0	0	0
AF	0	0.479700	1	1	0	0	0	0	0
AF	0	0.480012	2	2	0	0	0	0	0
AF	0	0.480325	1	1	0	0	0	0	0
AF	0	0.480637	3	3	0	0	0	0	0
AF	0	0.480949	2	1	1	0	0	0	0
AF	0	0.481262	2	1	1	0	0	0	0
AF	0	0.481574	1	1	0	0	0	0	0
AF	0	0.481886	1	1	0	0	0	0	0
AF	0	0.483136	1	1	0	0	0	0	0
AF	0	0.483760	2	1	1	0	0	0	0
AF	0	0.484072	1	1	0	0	0	0	0
AF	0	0.484385	1	1	0	0	0	0	0
AF	0	0.484697	1	0	1	0	0	0	0
AF	0	0.486259	1	1	0	0	0	0	0
AF	0	0.487196	1	1	0	0	0	0	0
AF	0	0.487508	4	3	1	0	0	0	0
AF	0	0.487820	2	2	0	0	0	0	0
AF	0	0.489382	3	1	2	0	0	0	0
AF	0	0.490006	2	1	1	0	0	0	0
AF	0	0.490319	1	0	1	0	0	0	0
AF	0	0.490943	2	0	2	0	0	0	0
AF	0	0.491880	2	2	0	0	0	0	0
AF	0	0.492505	1	1	0	0	0	0	0
AF	0	0.492817	1	1	0	0	0	0	0
AF	0	0.493129	1	1	0	0	0	0	0
AF	0	0.493442	1	1	0	0	0	0	0
AF	0	0.493754	3	2	1	0	0	0	0
AF	0	0.494066	1	1	0	0	0	0	0
AF	0	0.494691	1	1	0	0	0	0	0
AF	0	0.495003	2	1	1	0	0	0	0
AF	0	0.495628	1	1	0	0	0	0	0
AF	0	0.496877	3	3	0	0	0	0	0
AF	0	0.497189	1	1	0	0	0	0	0
AF	0	0.498126	1	1	0	0	0	0	0
AF	0	0.498438	2	1	1	0	0	0	0
AF	0	0.499063	1	1	0	0	0	0	0
AF	0	0.499688	1	0	1	0	0	0	0
AF	0	0.500000	2	2	0	0	0	0	0
AF	0	0.500312	1	1	0	0	0	0	0
AF	0	0.500937	1	0	1	0	0	0	0
AF	0	0.501249	3	2	1	0	0	0	0
AF	0	0.501562	1	0	1	0	0	0	0
AF	0	0.502186	2	2	0	0	0	0	0
AF	0	0.503435	1	1	0	0	0	0	0
AF	0	0.503748	4	2	2	0	0	0	0
AF	0	0.504060	3	1	2	0	0	0	0
AF	0	0.504372	2	1	1	0	0	0	0
AF	0	0.504685	1	1	0	0	0	0	0
AF	0	0.504997	2	1	1	0	0	0	0
AF	0	0.505621	2	1	1	0	0	0	0
AF	0	0.505934	2	1	1	0	0	0	0
AF	0	0.506246	2	2	0	0	0	0	0
AF	0	0.506871	1	1	0	0	0	0	0
AF	0	0.507183	1	1	0	0	0	0	0
AF	0	0.507495	3	2	1	0	0	0	0
AF	0	0.507808	1	1	0	0	0	0	0
AF	0	0.508120	1	0	1	0	0	0	0
AF	0	0.509057	1	1	0	0	0	0	0
AF	0	0.510931	1	1	0	0	0	0	0
AF	0	0.511243	3	2	1	0	0	0	0
AF	0	0.511555	2	2	0	0	0	0	0
AF	0	0.512180	2	2	0	0	0	0	0
AF	0	0.513117	2	1	1	0	0	0	0
AF	0	0.513429	1	1	0	0	0	0	0
AF	0	0.513741	1	1	0	0	0	0	0
AF	0	0.514366	2	1	1	0	0	0	0
AF	0	0.514991	1	1	0	0	0	0	0
AF	0	0.515303	2	2	0	0	0	0	0
AF	0	0.515615	2	0	2	0	0	0	0
AF	0	0.515928	1	0	1	0	0	0	0
AF	0	0.518738	1	0	1	0	0	0	0
AF	0	0.519363	3	0	3	0	0	0	0
AF	0	0.519988	2	2	0	0	0	0	0
AF	0	0.521237	1	1	0	0	0	0	0
AF	0	0.521861	1	1	0	0	0	0	0
AF	0	0.522486	1	1	0	0	0	0	0
AF	0	0.522798	1	0	1	0	0	0	0
AF	0	0.523111	2	0	2	0	0	0	0
AF	0	0.524047	1	1	0	0	0	0	0
AF	0	0.524360	2	0	2	0	0	0	0
AF	0	0.525609	1	1	0	0	0	0	0
AF	0	0.527795	1	0	1	0	0	0	0
AF	0	0.528420	1	1	0	0	0	0	0
AF	0	0.529357	1	1	0	0	0	0	0
AF	0	0.531230	1	0	1	0	0	0	0
AF	0	0.532480	1	1	0	0	0	0	0
AF	0	0.532792	1	0	1	0	0	0	0
AF	0	0.533104	1	0	1	0	0	0	0
AF	0	0.533417	1	1	0	0	0	0	0
AF	0	0.533729	1	1	0	0	0	0	0
AF	0	0.534354	1	1	0	0	0	0	0
AF	0	0.536852	1	1	0	0	0	0	0
AF	0	0.537789	1	1	0	0	0	0	0
AF	0	0.543098	1	0	1	0	0	0	0
AF	0	0.543723	1	1	0	0	0	0	0
AF	0	0.544347	4	3	1	0	0	0	0
AF	0	0.544972	1	1	0	0	0	0	0
AF	0	0.546221	1	1	0	0	0	0	0
AF	0	0.549344	1	0	1	0	0	0	0
AF	0	0.553716	1	0	1	0	0	0	0
AF	0	0.554653	1	1	0	0	0	0	0
AF	0	0.555278	1	1	0	0	0	0	0
AF	0	0.556839	1	1	0	0	0	0	0
AF	0	0.557152	4	3	1	0	0	0	0
AF	0	0.557464	1	0	1	0	0	0	0
AF	0	0.558089	1	0	1	0	0	0	0
AF	0	0.559338	1	0	1	0	0	0	0
AF	0	0.562461	1	1	0	0	0	0	0
AF	0	0.562773	2	1	1	0	0	0	0
AF	0	0.563086	1	0	1	0	0	0	0
AF	0	0.563710	1	1	0	0	0	0	0
AF	0	0.565896	1	0	1	0	0	0	0
AF	0	0.569332	1	1	0	0	0	0	0
AF	0	0.570893	1	1	0	0	0	0	0
AF	0	0.571830	1	1	0	0	0	0	0
AF	0	0.572455	1	1	0	0	0	0	0
AF	0	0.573392	1	1	0	0	0	0	0
AF	0	0.576515	1	0	1	0	0	0	0
AF	0	0.577764	1	1	0	0	0	0	0
AF	0	0.578076	1	0	1	0	0	0	0
AF	0	0.579013	1	0	1	0	0	0	0
AF	0	0.579325	1	1	0	0	0	0	0
AF	0	0.580575	1	1	0	0	0	0	0
AF	0	0.580887	1	1	0	0	0	0	0
AF	0	0.581512	1	0	1	0	0	0	0
AF	0	0.581824	2	2	0	0	0	0	0
AF	0	0.582136	1	0	1	0	0	0	0
AF	0	0.583698	2	0	2	0	0	0	0
AF	0	0.586508	3	2	1	0	0	0	0
AF	0	0.586821	2	1	1	0	0	0	0
AF	0	0.588382	1	0	1	0	0	0	0
AF	0	0.589944	1	1	0	0	0	0	0
AF	0	0.591193	1	1	0	0	0	0	0
AF	0	0.591505	1	1	0	0	0	0	0
AF	0	0.592755	4	4	0	0	0	0	0
AF	0	0.593067	1	1	0	0	0	0	0
AF	0	0.595253	1	1	0	0	0	0	0
AF	0	0.595565	2	0	2	0	0	0	0
AF	0	0.595878	1	1	0	0	0	0	0
AF	0	0.596190	1	0	1	0	0	0	0
AF	0	0.596502	1	0	1	0	0	0	0
AF	0	0.597751	1	0	1	0	0	0	0
AF	0	0.598688	1	1	0	0	0	0	0
AF	0	0.599625	1	0	1	0	0	0	0
AF	0	0.600562	1	1	0	0	0	0	0
AF	0	0.600874	1	1	0	0	0	0	0
AF	0	0.601187	1	1	0	0	0	0	0
AF	0	0.602124	1	0	1	0	0	0	0
AF	0	0.603998	1	1	0	0	0	0	0
AF	0	0.604310	1	1	0	0	0	0	0
AF	0	0.604622	2	2	0	0	0	0	0
AF	0	0.604934	5	4	1	0	0	0	0
AF	0	0.605247	1	1	0	0	0	0	0
AF	0	0.606808	1	1	0	0	0	0	0
AF	0	0.608057	1	0	1	0	0	0	0
AF	0	0.608682	1	0	1	0	0	0	0
AF	0	0.608994	1	1	0	0	0	0	0
AF	0	0.610868	3	2	1	0	0	0	0
AF	0	0.611805	1	0	1	0	0	0	0
AF	0	0.613679	1	1	0	0	0	0	0
AF	0	0.613991	1	1	0	0	0	0	0
AF	0	0.615240	2	1	1	0	0	0	0
AF	0	0.615865	1	1	0	0	0	0	0
AF	0	0.616177	1	1	0	0	0	0	0
AF	0	0.616490	2	1	1	0	0	0	0
AF	0	0.616802	1	1	0	0	0	0	0
AF	0	0.617114	2	2	0	0	0	0	0
AF	0	0.617739	2	2	0	0	0	0	0
AF	0	0.618364	3	2	1	0	0	0	0
AF	0	0.620237	1	1	0	0	0	0	0
AF	0	0.620862	1	0	1	0	0	0	0
AF	0	0.623360	2	2	0	0	0	0	0
AF	0	0.626483	1	0	1	0	0	0	0
AF	0	0.627420	1	1	0	0	0	0	0
AF	0	0.628045	1	0	1	0	0	0	0
AF	0	0.629294	1	1	0	0	0	0	0
AF	0	0.629606	1	1	0	0	0	0	0
AF	0	0.631168	2	2	0	0	0	0	0
AF	0	0.632417	1	1	0	0	0	0	0
AF	0	0.633979	1	1	0	0	0	0	0
AF	0	0.634603	1	0	1	0	0	0	0
AF	0	0.638039	1	1	0	0	0	0	0
AF	0	0.638351	1	1	0	0	0	0	0
AF	0	0.639288	1	0	1	0	0	0	0
AF	0	0.639600	1	1	0	0	0	0	0
AF	0	0.639913	1	1	0	0	0	0	0
AF	0	0.640225	1	1	0	0	0	0	0
AF	0	0.640849	3	2	1	0	0	0	0
AF	0	0.641786	3	2	1	0	0	0	0
AF	0	0.642099	2	2	0	0	0	0	0
AF	0	0.642723	1	1	0	0	0	0	0
AF	0	0.644285	1	1	0	0	0	0	0
AF	0	0.644597	1	1	0	0	0	0	0
AF	0	0.645222	1	0	1	0	0	0	0
AF	0	0.645534	1	1	0	0	0	0	0
AF	0	0.646471	1	1	0	0	0	0	0
AF	0	0.647096	1	1	0	0	0	0	0
AF	0	0.647720	2	1	1	0	0	0	0
AF	0	0.648345	1	1	0	0	0	0	0
AF	0	0.651156	1	1	0	0	0	0	0
AF	0	0.651468	1	1	0	0	0	0	0
AF	0	0.652405	1	1	0	0	0	0	0
AF	0	0.653342	1	1	0	0	0	0	0
AF	0	0.653966	1	1	0	0	0	0	0
AF	0	0.654279	1	1	0	0	0	0	0
AF	0	0.654591	4	2	2	0	0	0	0
AF	0	0.655528	1	0	1	0	0	0	0
AF	0	0.655840	1	1	0	0	0	0	0
AF	0	0.656465	1	1	0	0	0	0	0
AF	0	0.657714	2	2	0	0	0	0	0
AF	0	0.658339	2	1	1	0	0	0	0
AF	0	0.658963	2	2	0	0	0	0	0
AF	0	0.659275	1	1	0	0	0	0	0
AF	0	0.659588	1	1	0	0	0	0	0
AF	0	0.660837	1	1	0	0	0	0	0
AF	0	0.664585	1	1	0	0	0	0	0
AF	0	0.665209	1	0	1	0	0	0	0
AF	0	0.665834	2	2	0	0	0	0	0
AF	0	0.666458	2	2	0	0	0	0	0
AF	0	0.666771	1	0	1	0	0	0	0
AF	0	0.667395	1	1	0	0	0	0	0
AF	0	0.667708	1	1	0	0	0	0	0
AF	0	0.668645	1	1	0	0	0	0	0
AF	0	0.668957	1	1	0	0	0	0	0
AF	0	0.669269	2	1	1	0	0	0	0
AF	0	0.669582	1	0	1	0	0	0	0
AF	0	0.669894	1	1	0	0	0	0	0
AF	0	0.671143	1	0	1	0	0	0	0
AF	0	0.673641	1	1	0	0	0	0	0
AF	0	0.676140	2	1	1	0	0	0	0
AF	0	0.677389	1	0	1	0	0	0	0
AF	0	0.682698	1	0	1	0	0	0	0
AF	0	0.683011	1	1	0	0	0	0	0
AF	0	0.683635	1	1	0	0	0	0	0
AF	0	0.684884	1	1	0	0	0	0	0
AF	0	0.685509	2	2	0	0	0	0	0
AF	0	0.688007	1	1	0	0	0	0	0
AF	0	0.688632	2	1	1	0	0	0	0
AF	0	0.688944	3	2	1	0	0	0	0
AF	0	0.689257	2	0	2	0	0	0	0
AF	0	0.689881	2	2	0	0	0	0	0
AF	0	0.690194	1	1	0	0	0	0	0
AF	0	0.692380	3	2	1	0	0	0	0
AF	0	0.693004	1	0	1	0	0	0	0
AF	0	0.693317	2	2	0	0	0	0	0
AF	0	0.693629	7	4	3	0	0	0	0
AF	0	0.693941	1	0	1	0	0	0	0
AF	0	0.694254	6	3	3	0	0	0	0
AF	0	0.694566	3	2	1	0	0	0	0
AF	0	0.694878	1	1	0	0	0	0	0
AF	0	0.695191	1	1	0	0	0	0	0
AF	0	0.695503	1	0	1	0	0	0	0
AF	0	0.697689	1	1	0	0	0	0	0
AF	0	0.698001	1	1	0	0	0	0	0
AF	0	0.698626	3	3	0	0	0	0	0
AF	0	0.698938	3	2	1	0	0	0	0
AF	0	0.699250	5	5	0	0	0	0	0
AF	0	0.699875	2	2	0	0	0	0	0
AF	0	0.701124	1	1	0	0	0	0	0
AF	0	0.701749	4	2	2	0	0	0	0
AF	0	0.702061	2	1	1	0	0	0	0
AF	0	0.702374	3	2	1	0	0	0	0
AF	0	0.703623	5	4	1	0	0	0	0
AF	0	0.703935	1	0	1	0	0	0	0
AF	0	0.704247	1	1	0	0	0	0	0
AF	0	0.704560	1	1	0	0	0	0	0
AF	0	0.704872	2	2	0	0	0	0	0
AF	0	0.705184	1	1	0	0	0	0	0
AF	0	0.705497	4	3	1	0	0	0	0
AF	0	0.705809	1	0	1	0	0	0	0
AF	0	0.706121	3	1	2	0	0	0	0
AF	0	0.706433	1	1	0	0	0	0	0
AF	0	0.706746	1	0	1	0	0	0	0
AF	0	0.707370	1	0	1	0	0	0	0
AF	0	0.707995	1	1	0	0	0	0	0
AF	0	0.708307	1	1	0	0	0	0	0
AF	0	0.708620	1	0	1	0	0	0	0
AF	0	0.709244	1	0	1	0	0	0	0
AF	0	0.710493	1	0	1	0	0	0	0
AF	0	0.711430	1	1	0	0	0	0	0
AF	0	0.711743	2	2	0	0	0	0	0
AF	0	0.713304	1	0	1	0	0	0	0
AF	0	0.713616	1	1	0	0	0	0	0
AF	0	0.714553	1	1	0	0	0	0	0
AF	0	0.717052	1	1	0	0	0	0	0
AF	0	0.719238	1	1	0	0	0	0	0
AF	0	0.719863	1	1	0	0	0	0	0
AF	0	0.720800	1	1	0	0	0	0	0
AF	0	0.721112	2	2	0	0	0	0	0
AF	0	0.723610	1	0	1	0	0	0	0
AF	0	0.723923	1	1	0	0	0	0	0
AF	0	0.724547	1	1	0	0	0	0	0
AF	0	0.727670	1	0	1	0	0	0	0
AF	0	0.728295	1	1	0	0	0	0	0
AF	0	0.729232	2	1	1	0	0	0	0
AF	0	0.733292	2	0	2	0	0	0	0
AF	0	0.735478	1	1	0	0	0	0	0
AF	0	0.736102	1	1	0	0	0	0	0
AF	0	0.737352	2	1	1	0	0	0	0
AF	0	0.739225	1	1	0	0	0	0	0
AF	0	0.739850	1	0	1	0	0	0	0
AF	0	0.744847	1	0	1	0	0	0	0
AF	0	0.746721	3	2	1	0	0	0	0
AF	0	0.752342	1	0	1	0	0	0	0
AF	0	0.752967	2	1	1	0	0	0	0
AF	0	0.753592	1	1	0	0	0	0	0
AF	0	0.753904	1	1	0	0	0	0	0
AF	0	0.754528	1	1	0	0	0	0	0
AF	0	0.757339	1	1	0	0	0	0	0
AF	0	0.758588	1	0	1	0	0	0	0
AF	0	0.760462	1	0	1	0	0	0	0
AF	0	0.761087	2	2	0	0	0	0	0
AF	0	0.763585	2	0	2	0	0	0	0
AF	0	0.764834	1	1	0	0	0	0	0
AF	0	0.766084	1	1	0	0	0	0	0
AF	0	0.773267	1	1	0	0	0	0	0
AF	0	0.774204	1	1	0	0	0	0	0
AF	0	0.775453	1	1	0	0	0	0	0
AF	0	0.775765	1	0	1	0	0	0	0
AF	0	0.776702	1	0	1	0	0	0	0
AF	0	0.777639	1	1	0	0	0	0	0
AF	0	0.783260	1	1	0	0	0	0	0
AF	0	0.784822	1	1	0	0	0	0	0
AF	0	0.785134	1	1	0	0	0	0	0
AF	0	0.787320	1	0	1	0	0	0	0
AF	0	0.787633	1	1	0	0	0	0	0
AF	0	0.790131	1	1	0	0	0	0	0
AF	0	0.799500	1	1	0	0	0	0	0
AF	0	0.805122	1	1	0	0	0	0	0
AF	0	0.809806	1	1	0	0	0	0	0
AF	0	0.810119	2	1	1	0	0	0	0
AF	0	0.811368	1	1	0	0	0	0	0
AF	0	0.813554	1	1	0	0	0	0	0
AF	0	0.813866	1	0	1	0	0	0	0
AF	0	0.814179	1	1	0	0	0	0	0
AF	0	0.814803	1	0	1	0	0	0	0
AF	0	0.815428	1	1	0	0	0	0	0
AF	0	0.816989	1	1	0	0	0	0	0
AF	0	0.819488	1	1	0	0	0	0	0
AF	0	0.820737	4	4	0	0	0	0	0
AF	0	0.821049	1	1	0	0	0	0	0
AF	0	0.822299	1	0	1	0	0	0	0
AF	0	0.822611	1	1	0	0	0	0	0
AF	0	0.823235	1	1	0	0	0	0	0
AF	0	0.824797	1	1	0	0	0	0	0
AF	0	0.825422	1	0	1	0	0	0	0
AF	0	0.826046	1	1	0	0	0	0	0
AF	0	0.826359	1	0	1	0	0	0	0
AF	0	0.826671	2	2	0	0	0	0	0
AF	0	0.826983	1	1	0	0	0	0	0
AF	0	0.827608	2	1	1	0	0	0	0
AF	0	0.829169	1	1	0	0	0	0	0
AF	0	0.830106	1	1	0	0	0	0	0
AF	0	0.831043	1	1	0	0	0	0	0
AF	0	0.831355	2	1	1	0	0	0	0
AF	0	0.835103	1	1	0	0	0	0	0
AF	0	0.836352	1	1	0	0	0	0	0
AF	0	0.837601	1	0	1	0	0	0	0
AF	0	0.837914	1	1	0	0	0	0	0
AF	0	0.838226	2	1	1	0	0	0	0
AF	0	0.838851	2	2	0	0	0	0	0
AF	0	0.839475	2	2	0	0	0	0	0
AF	0	0.839788	1	1	0	0	0	0	0
AF	0	0.840100	2	1	1	0	0	0	0
AF	0	0.840412	2	1	1	0	0	0	0
AF	0	0.840725	4	3	1	0	0	0	0
AF	0	0.841037	1	0	1	0	0	0	0
AF	0	0.841349	1	1	0	0	0	0	0
AF	0	0.842598	1	1	0	0	0	0	0
AF	0	0.842911	1	1	0	0	0	0	0
AF	0	0.843535	1	1	0	0	0	0	0
AF	0	0.843848	1	1	0	0	0	0	0
AF	0	0.844472	1	0	1	0	0	0	0
AF	0	0.844785	1	1	0	0	0	0	0
AF	0	0.845097	4	1	3	0	0	0	0
AF	0	0.845721	1	1	0	0	0	0	0
AF	0	0.848844	2	2	0	0	0	0	0
AF	0	0.850406	1	1	0	0	0	0	0
AF	0	0.850718	1	0	1	0	0	0	0
AF	0	0.851031	1	1	0	0	0	0	0
AF	0	0.851655	1	0	1	0	0	0	0
AF	0	0.853841	1	1	0	0	0	0	0
AF	0	0.854778	1	0	1	0	0	0	0
AF	0	0.855091	2	1	1	0	0	0	0
AF	0	0.856340	2	2	0	0	0	0	0
AF	0	0.856652	5	3	2	0	0	0	0
AF	0	0.856964	2	1	1	0	0	0	0
AF	0	0.857277	1	1	0	0	0	0	0
AF	0	0.861024	1	1	0	0	0	0	0
AF	0	0.861337	1	0	1	0	0	0	0
AF	0	0.862274	2	1	1	0	0	0	0
AF	0	0.863523	2	0	2	0	0	0	0
AF	0	0.863835	2	1	1	0	0	0	0
AF	0	0.865084	2	2	0	0	0	0	0
AF	0	0.866021	1	0	1	0	0	0	0
AF	0	0.866334	1	0	1	0	0	0	0
AF	0	0.866958	2	0	2	0	0	0	0
AF	0	0.867895	1	0	1	0	0	0	0
AF	0	0.868207	1	1	0	0	0	0	0
AF	0	0.870081	1	0	1	0	0	0	0
AF	0	0.874141	1	1	0	0	0	0	0
AF	0	0.874453	1	1	0	0	0	0	0
AF	0	0.880075	1	1	0	0	0	0	0
AF	0	0.882573	1	1	0	0	0	0	0
AF	0	0.889132	1	0	1	0	0	0	0
AF	0	0.894129	1	0	1	0	0	0	0
AF	0	0.896002	1	1	0	0	0	0	0
AF	0	0.896627	1	1	0	0	0	0	0
AF	0	0.903498	1	0	1	0	0	0	0
AF	0	0.904122	1	1	0	0	0	0	0
AF	0	0.905372	1	0	1	0	0	0	0
AF	0	0.906621	1	1	0	0	0	0	0
AF	0	0.909119	1	1	0	0	0	0	0
AF	0	0.911930	1	0	1	0	0	0	0
AF	0	0.917864	1	0	1	0	0	0	0
AF	0	0.919738	1	1	0	0	0	0	0
AF	0	0.921611	1	0	1	0	0	0	0
AF	0	0.923798	1	1	0	0	0	0	0
AF	0	0.934104	1	0	1	0	0	0	0
AF	0	0.952842	1	1	0	0	0	0	0
AF	0	0.953467	1	1	0	0	0	0	0
AF	0	0.955340	1	1	0	0	0	0	0
AF	0	0.960337	1	0	1	0	0	0	0
AF	0	0.966583	1	1	0	0	0	0	0
AF	0	0.966896	1	1	0	0	0	0	0
AF	0	0.967520	2	1	1	0	0	0	0
AF	0	0.969706	1	0	1	0	0	0	0
AF	0	0.971268	1	1	0	0	0	0	0
AF	0	0.974079	1	1	0	0	0	0	0
AF	0	0.975953	1	1	0	0	0	0	0
AF	0	0.979388	2	2	0	0	0	0	0
AF	0	0.979700	1	1	0	0	0	0	0
AF	0	0.983448	1	1	0	0	0	0	0
AF	0	0.984697	1	1	0	0	0	0	0
AF	0	0.987196	1	0	1	0	0	0	0
AF	0	0.991568	1	1	0	0	0	0	0
AF	0	0.995940	1	0	1	0	0	0	0
AF	0	0.996252	2	0	2	0	0	0	0
AF	0	0.997189	1	1	0	0	0	0	0
AF	0	0.997814	1	1	0	0	0	0	0
AF	0	0.998438	2	2	0	0	0	0	0
AF	0	0.998751	1	1	0	0	0	0	0
# QUAL, Stats by quality
# QUAL	[2]id	[3]Quality	[4]number of SNPs	[5]number of transitions (1st ALT)	[6]number of transversions (1st ALT)	[7]number of indels
QUAL	0	.	15678	10783	4895	0
# IDD, InDel distribution:
# IDD	[2]id	[3]length (deletions negative)	[4]number of sites	[5]number of genotypes	[6]mean VAF
# ST, Substitution types:
# ST	[2]id	[3]type	[4]count
ST	0	A>C	597
ST	0	A>G	2368
ST	0	A>T	596
ST	0	C>A	661
ST	0	C>G	635
ST	0	C>T	3127
ST	0	G>A	3102
ST	0	G>C	643
ST	0	G>T	676
ST	0	T>A	553
ST	0	T>C	2186
ST	0	T>G	534
# DP, Depth distribution
# DP	[2]id	[3]bin	[4]number of genotypes	[5]fraction of genotypes (%)	[6]number of sites	[7]fraction of sites (%)
  - Fix haploid genotypes in males...

Submit MakeDiploidMalesX finished successfully. Let's have a beer, buddy!

