Submit MakeDiploidMalesX
version 1.1.6 (2024-09-30)

These are the settings:
  Input file................: /hpc/local/Rocky8/dhl_ec/software/MonopogenLite/resources/1kGP_high_coverage_Illumina.SNVonly_poly.filtered_AF_5e-04.norm.fixvariantid.chrX.vcf.gz
  Output file...............: /hpc/local/Rocky8/dhl_ec/software/MonopogenLite/resources/1kGP_high_coverage_Illumina.SNVonly_poly.filtered_AF_5e-04.norm.fixvariantid.makediploid.chrX.vcf.gz
  Chunk size................: 100

  SLURM CPUs................: 4
  SLURM Array ID............: 33 (of 100)
  SLURM memory..............: 16G
  SLURM time................: 01:00:00
  SLURM mail type...........: FAIL
  SLURM mail user...........: s.w.vanderlaan-2@umcutrecht.nl

  Dry run mode..............: 0
  Debug mode................: 1
  Verbosity.................: 0
  Version...................: 1.1.6 (2024-09-30)

Making converting haploid genotypes to diploid genotypes.
> Extract the region for this SLURM task (# 33) from the BED file.
  - Get the chunk number from the SLURM array task ID and the bed file...
DEBUG: Extracting chunk number: 33p from 33
DEBUG: Extracting region from BED file: /hpc/local/Rocky8/dhl_ec/software/MonopogenLite/resources/chrX_100pieces.bed
  - Extract the region from the BED file...
DEBUG: Extracted raw region: 'chrX	49933057	51493464' (chunk #: 33p of 100 for job 33)
  - Check if a valid region was extracted -- should be 'chrX	49933057	51493464'...
  - Prepare the region for bcftools...
  - Check if the region (chrX:49933057-51493464) was successfully extracted...
> Processing region 'chrX:49933057-51493464'...
  - Process the specific region (chunk# 33) using bcftools view...
  - Index the VCF file...
DEBUG: Check if the VCF file was successfully processed...
##fileformat=VCFv4.2
##FILTER=<ID=PASS,Description="All filters passed">
##fileDate=29/01/2022 - 14:31:41
##source=shapeit4.2.2
##contig=<ID=chr1,length=248956422>
##contig=<ID=chr2,length=242193529>
##contig=<ID=chr3,length=198295559>
##contig=<ID=chr4,length=190214555>
##contig=<ID=chr5,length=181538259>
##contig=<ID=chr6,length=170805979>
# This file was produced by bcftools stats (1.20+htslib-1.20) and can be plotted using plot-vcfstats.
# The command line was:	bcftools stats  /hpc/local/Rocky8/dhl_ec/software/MonopogenLite/resources/chrX.part33.vcf.gz
#
# Definition of sets:
# ID	[2]id	[3]tab-separated file names
ID	0	/hpc/local/Rocky8/dhl_ec/software/MonopogenLite/resources/chrX.part33.vcf.gz
# SN, Summary numbers:
#   number of records   .. number of data rows in the VCF
#   number of no-ALTs   .. reference-only sites, ALT is either "." or identical to REF
#   number of SNPs      .. number of rows with a SNP
#   number of MNPs      .. number of rows with a MNP, such as CC>TT
#   number of indels    .. number of rows with an indel
#   number of others    .. number of rows with other type, for example a symbolic allele or
#                          a complex substitution, such as ACT>TCGA
#   number of multiallelic sites     .. number of rows with multiple alternate alleles
#   number of multiallelic SNP sites .. number of rows with multiple alternate alleles, all SNPs
# 
#   Note that rows containing multiple types will be counted multiple times, in each
#   counter. For example, a row with a SNP and an indel increments both the SNP and
#   the indel counter.
# 
# SN	[2]id	[3]key	[4]value
SN	0	number of samples:	3202
SN	0	number of records:	13231
SN	0	number of no-ALTs:	0
SN	0	number of SNPs:	13231
SN	0	number of MNPs:	0
SN	0	number of indels:	0
SN	0	number of others:	0
SN	0	number of multiallelic sites:	0
SN	0	number of multiallelic SNP sites:	0
# TSTV, transitions/transversions:
# TSTV	[2]id	[3]ts	[4]tv	[5]ts/tv	[6]ts (1st ALT)	[7]tv (1st ALT)	[8]ts/tv (1st ALT)
TSTV	0	8840	4391	2.01	8840	4391	2.01
# SiS, Singleton stats:
# SiS	[2]id	[3]allele count	[4]number of SNPs	[5]number of transitions	[6]number of transversions	[7]number of indels	[8]repeat-consistent	[9]repeat-inconsistent	[10]not applicable
SiS	0	1	0	0	0	0	0	0	0
# AF, Stats by non-reference allele frequency:
# AF	[2]id	[3]allele frequency	[4]number of SNPs	[5]number of transitions	[6]number of transversions	[7]number of indels	[8]repeat-consistent	[9]repeat-inconsistent	[10]not applicable
AF	0	0.000312	2206	1525	681	0	0	0	0
AF	0	0.000625	1409	932	477	0	0	0	0
AF	0	0.000937	1415	966	449	0	0	0	0
AF	0	0.001249	467	293	174	0	0	0	0
AF	0	0.001562	777	526	251	0	0	0	0
AF	0	0.001874	276	187	89	0	0	0	0
AF	0	0.002186	445	299	146	0	0	0	0
AF	0	0.002498	176	127	49	0	0	0	0
AF	0	0.002811	327	200	127	0	0	0	0
AF	0	0.003123	176	124	52	0	0	0	0
AF	0	0.003435	228	148	80	0	0	0	0
AF	0	0.003748	90	59	31	0	0	0	0
AF	0	0.004060	191	130	61	0	0	0	0
AF	0	0.004372	92	57	35	0	0	0	0
AF	0	0.004685	178	117	61	0	0	0	0
AF	0	0.004997	73	52	21	0	0	0	0
AF	0	0.005309	145	98	47	0	0	0	0
AF	0	0.005621	53	27	26	0	0	0	0
AF	0	0.005934	105	75	30	0	0	0	0
AF	0	0.006246	34	23	11	0	0	0	0
AF	0	0.006558	81	53	28	0	0	0	0
AF	0	0.006871	51	31	20	0	0	0	0
AF	0	0.007183	93	63	30	0	0	0	0
AF	0	0.007495	54	37	17	0	0	0	0
AF	0	0.007808	58	35	23	0	0	0	0
AF	0	0.008120	44	26	18	0	0	0	0
AF	0	0.008432	80	50	30	0	0	0	0
AF	0	0.008745	38	31	7	0	0	0	0
AF	0	0.009057	72	51	21	0	0	0	0
AF	0	0.009369	25	13	12	0	0	0	0
AF	0	0.009681	68	49	19	0	0	0	0
AF	0	0.009994	32	22	10	0	0	0	0
AF	0	0.010306	59	43	16	0	0	0	0
AF	0	0.010618	14	11	3	0	0	0	0
AF	0	0.010931	39	30	9	0	0	0	0
AF	0	0.011243	27	19	8	0	0	0	0
AF	0	0.011555	45	28	17	0	0	0	0
AF	0	0.011868	19	12	7	0	0	0	0
AF	0	0.012180	47	26	21	0	0	0	0
AF	0	0.012492	23	17	6	0	0	0	0
AF	0	0.012804	23	10	13	0	0	0	0
AF	0	0.013117	19	13	6	0	0	0	0
AF	0	0.013429	19	17	2	0	0	0	0
AF	0	0.013741	12	10	2	0	0	0	0
AF	0	0.014054	29	19	10	0	0	0	0
AF	0	0.014366	15	8	7	0	0	0	0
AF	0	0.014678	25	12	13	0	0	0	0
AF	0	0.014991	41	31	10	0	0	0	0
AF	0	0.015303	37	27	10	0	0	0	0
AF	0	0.015615	3	3	0	0	0	0	0
AF	0	0.015928	33	22	11	0	0	0	0
AF	0	0.016240	16	8	8	0	0	0	0
AF	0	0.016552	48	30	18	0	0	0	0
AF	0	0.016864	11	5	6	0	0	0	0
AF	0	0.017177	43	26	17	0	0	0	0
AF	0	0.017489	16	13	3	0	0	0	0
AF	0	0.017801	51	37	14	0	0	0	0
AF	0	0.018114	10	6	4	0	0	0	0
AF	0	0.018426	42	25	17	0	0	0	0
AF	0	0.018738	18	13	5	0	0	0	0
AF	0	0.019051	21	13	8	0	0	0	0
AF	0	0.019363	12	12	0	0	0	0	0
AF	0	0.019675	67	46	21	0	0	0	0
AF	0	0.019988	23	12	11	0	0	0	0
AF	0	0.020300	66	43	23	0	0	0	0
AF	0	0.020612	26	25	1	0	0	0	0
AF	0	0.020924	35	28	7	0	0	0	0
AF	0	0.021237	7	4	3	0	0	0	0
AF	0	0.021549	39	28	11	0	0	0	0
AF	0	0.021861	8	7	1	0	0	0	0
AF	0	0.022174	47	30	17	0	0	0	0
AF	0	0.022486	9	8	1	0	0	0	0
AF	0	0.022798	23	17	6	0	0	0	0
AF	0	0.023111	9	7	2	0	0	0	0
AF	0	0.023423	12	6	6	0	0	0	0
AF	0	0.023735	10	6	4	0	0	0	0
AF	0	0.024047	29	17	12	0	0	0	0
AF	0	0.024360	15	8	7	0	0	0	0
AF	0	0.024672	20	11	9	0	0	0	0
AF	0	0.024984	4	2	2	0	0	0	0
AF	0	0.025297	15	9	6	0	0	0	0
AF	0	0.025609	3	3	0	0	0	0	0
AF	0	0.025921	20	16	4	0	0	0	0
AF	0	0.026234	13	7	6	0	0	0	0
AF	0	0.026546	24	20	4	0	0	0	0
AF	0	0.026858	3	3	0	0	0	0	0
AF	0	0.027171	7	2	5	0	0	0	0
AF	0	0.027483	5	5	0	0	0	0	0
AF	0	0.027795	9	7	2	0	0	0	0
AF	0	0.028107	11	8	3	0	0	0	0
AF	0	0.028420	76	54	22	0	0	0	0
AF	0	0.028732	5	3	2	0	0	0	0
AF	0	0.029044	11	6	5	0	0	0	0
AF	0	0.029669	14	9	5	0	0	0	0
AF	0	0.029981	9	4	5	0	0	0	0
AF	0	0.030294	20	17	3	0	0	0	0
AF	0	0.030606	2	1	1	0	0	0	0
AF	0	0.030918	28	24	4	0	0	0	0
AF	0	0.031230	13	5	8	0	0	0	0
AF	0	0.031543	7	5	2	0	0	0	0
AF	0	0.031855	11	7	4	0	0	0	0
AF	0	0.032167	14	8	6	0	0	0	0
AF	0	0.032480	4	2	2	0	0	0	0
AF	0	0.032792	9	5	4	0	0	0	0
AF	0	0.033104	2	1	1	0	0	0	0
AF	0	0.033417	12	7	5	0	0	0	0
AF	0	0.033729	7	5	2	0	0	0	0
AF	0	0.034041	8	5	3	0	0	0	0
AF	0	0.034354	8	6	2	0	0	0	0
AF	0	0.034666	10	8	2	0	0	0	0
AF	0	0.034978	14	10	4	0	0	0	0
AF	0	0.035290	15	9	6	0	0	0	0
AF	0	0.035603	15	10	5	0	0	0	0
AF	0	0.035915	6	3	3	0	0	0	0
AF	0	0.036227	3	1	2	0	0	0	0
AF	0	0.036540	10	5	5	0	0	0	0
AF	0	0.036852	7	6	1	0	0	0	0
AF	0	0.037164	12	8	4	0	0	0	0
AF	0	0.037477	20	13	7	0	0	0	0
AF	0	0.037789	10	9	1	0	0	0	0
AF	0	0.038101	1	1	0	0	0	0	0
AF	0	0.038413	5	4	1	0	0	0	0
AF	0	0.038726	6	4	2	0	0	0	0
AF	0	0.039038	5	2	3	0	0	0	0
AF	0	0.039350	8	5	3	0	0	0	0
AF	0	0.039663	17	12	5	0	0	0	0
AF	0	0.039975	7	6	1	0	0	0	0
AF	0	0.040287	13	10	3	0	0	0	0
AF	0	0.040600	2	1	1	0	0	0	0
AF	0	0.040912	2	0	2	0	0	0	0
AF	0	0.041224	3	3	0	0	0	0	0
AF	0	0.041537	7	5	2	0	0	0	0
AF	0	0.041849	8	7	1	0	0	0	0
AF	0	0.042161	7	5	2	0	0	0	0
AF	0	0.042473	6	5	1	0	0	0	0
AF	0	0.042786	6	3	3	0	0	0	0
AF	0	0.043098	2	2	0	0	0	0	0
AF	0	0.043410	8	7	1	0	0	0	0
AF	0	0.043723	10	7	3	0	0	0	0
AF	0	0.044035	21	11	10	0	0	0	0
AF	0	0.044347	9	7	2	0	0	0	0
AF	0	0.044660	17	7	10	0	0	0	0
AF	0	0.044972	6	5	1	0	0	0	0
AF	0	0.045284	4	3	1	0	0	0	0
AF	0	0.045597	3	1	2	0	0	0	0
AF	0	0.045909	2	0	2	0	0	0	0
AF	0	0.046221	1	0	1	0	0	0	0
AF	0	0.046533	3	3	0	0	0	0	0
AF	0	0.046846	1	1	0	0	0	0	0
AF	0	0.047158	8	5	3	0	0	0	0
AF	0	0.047470	1	1	0	0	0	0	0
AF	0	0.047783	7	6	1	0	0	0	0
AF	0	0.048095	1	1	0	0	0	0	0
AF	0	0.048407	5	4	1	0	0	0	0
AF	0	0.048720	2	2	0	0	0	0	0
AF	0	0.049032	4	3	1	0	0	0	0
AF	0	0.049656	4	4	0	0	0	0	0
AF	0	0.049969	1	0	1	0	0	0	0
AF	0	0.050281	3	3	0	0	0	0	0
AF	0	0.050593	2	0	2	0	0	0	0
AF	0	0.050906	2	1	1	0	0	0	0
AF	0	0.051218	2	1	1	0	0	0	0
AF	0	0.051530	5	3	2	0	0	0	0
AF	0	0.051843	2	1	1	0	0	0	0
AF	0	0.052155	10	8	2	0	0	0	0
AF	0	0.052467	1	0	1	0	0	0	0
AF	0	0.052780	6	4	2	0	0	0	0
AF	0	0.053092	1	1	0	0	0	0	0
AF	0	0.053404	4	2	2	0	0	0	0
AF	0	0.053716	2	1	1	0	0	0	0
AF	0	0.054029	3	3	0	0	0	0	0
AF	0	0.054341	3	3	0	0	0	0	0
AF	0	0.054653	12	9	3	0	0	0	0
AF	0	0.054966	2	2	0	0	0	0	0
AF	0	0.055278	2	1	1	0	0	0	0
AF	0	0.055590	1	0	1	0	0	0	0
AF	0	0.055903	2	1	1	0	0	0	0
AF	0	0.056215	1	0	1	0	0	0	0
AF	0	0.056527	4	4	0	0	0	0	0
AF	0	0.057152	1	1	0	0	0	0	0
AF	0	0.058089	10	8	2	0	0	0	0
AF	0	0.058401	5	2	3	0	0	0	0
AF	0	0.058713	3	2	1	0	0	0	0
AF	0	0.059026	1	1	0	0	0	0	0
AF	0	0.059338	2	1	1	0	0	0	0
AF	0	0.059650	4	2	2	0	0	0	0
AF	0	0.059963	2	2	0	0	0	0	0
AF	0	0.060275	2	2	0	0	0	0	0
AF	0	0.060587	1	0	1	0	0	0	0
AF	0	0.060899	3	3	0	0	0	0	0
AF	0	0.061212	10	6	4	0	0	0	0
AF	0	0.061524	7	5	2	0	0	0	0
AF	0	0.061836	1	0	1	0	0	0	0
AF	0	0.062149	5	3	2	0	0	0	0
AF	0	0.062461	3	2	1	0	0	0	0
AF	0	0.062773	2	1	1	0	0	0	0
AF	0	0.063086	2	1	1	0	0	0	0
AF	0	0.063398	10	4	6	0	0	0	0
AF	0	0.063710	3	3	0	0	0	0	0
AF	0	0.064022	8	5	3	0	0	0	0
AF	0	0.064647	8	7	1	0	0	0	0
AF	0	0.064959	1	1	0	0	0	0	0
AF	0	0.065272	2	1	1	0	0	0	0
AF	0	0.065896	5	3	2	0	0	0	0
AF	0	0.066209	1	0	1	0	0	0	0
AF	0	0.066521	3	1	2	0	0	0	0
AF	0	0.066833	2	1	1	0	0	0	0
AF	0	0.067146	13	9	4	0	0	0	0
AF	0	0.067458	3	3	0	0	0	0	0
AF	0	0.067770	6	5	1	0	0	0	0
AF	0	0.068395	8	3	5	0	0	0	0
AF	0	0.068707	3	2	1	0	0	0	0
AF	0	0.069019	1	0	1	0	0	0	0
AF	0	0.069332	5	4	1	0	0	0	0
AF	0	0.069644	6	4	2	0	0	0	0
AF	0	0.069956	3	3	0	0	0	0	0
AF	0	0.070269	6	4	2	0	0	0	0
AF	0	0.070581	1	0	1	0	0	0	0
AF	0	0.070893	9	5	4	0	0	0	0
AF	0	0.071518	4	2	2	0	0	0	0
AF	0	0.071830	2	2	0	0	0	0	0
AF	0	0.072142	1	1	0	0	0	0	0
AF	0	0.072767	9	3	6	0	0	0	0
AF	0	0.073079	8	4	4	0	0	0	0
AF	0	0.073392	12	7	5	0	0	0	0
AF	0	0.073704	1	0	1	0	0	0	0
AF	0	0.074016	1	0	1	0	0	0	0
AF	0	0.074329	1	0	1	0	0	0	0
AF	0	0.074953	2	2	0	0	0	0	0
AF	0	0.075265	6	5	1	0	0	0	0
AF	0	0.075578	9	7	2	0	0	0	0
AF	0	0.075890	4	3	1	0	0	0	0
AF	0	0.076202	1	1	0	0	0	0	0
AF	0	0.076515	2	2	0	0	0	0	0
AF	0	0.077139	2	1	1	0	0	0	0
AF	0	0.077452	2	1	1	0	0	0	0
AF	0	0.077764	2	1	1	0	0	0	0
AF	0	0.078076	1	1	0	0	0	0	0
AF	0	0.078389	4	4	0	0	0	0	0
AF	0	0.078701	4	3	1	0	0	0	0
AF	0	0.079013	6	5	1	0	0	0	0
AF	0	0.079638	2	1	1	0	0	0	0
AF	0	0.079950	4	2	2	0	0	0	0
AF	0	0.080262	8	7	1	0	0	0	0
AF	0	0.080575	2	1	1	0	0	0	0
AF	0	0.080887	2	1	1	0	0	0	0
AF	0	0.081199	3	2	1	0	0	0	0
AF	0	0.081512	6	4	2	0	0	0	0
AF	0	0.081824	10	7	3	0	0	0	0
AF	0	0.082136	3	1	2	0	0	0	0
AF	0	0.082761	8	4	4	0	0	0	0
AF	0	0.083073	6	5	1	0	0	0	0
AF	0	0.083385	3	2	1	0	0	0	0
AF	0	0.083698	5	4	1	0	0	0	0
AF	0	0.084010	5	2	3	0	0	0	0
AF	0	0.084322	6	2	4	0	0	0	0
AF	0	0.084635	8	6	2	0	0	0	0
AF	0	0.084947	6	6	0	0	0	0	0
AF	0	0.085259	3	2	1	0	0	0	0
AF	0	0.085572	2	1	1	0	0	0	0
AF	0	0.085884	1	1	0	0	0	0	0
AF	0	0.086196	3	2	1	0	0	0	0
AF	0	0.086508	4	3	1	0	0	0	0
AF	0	0.087133	1	0	1	0	0	0	0
AF	0	0.087445	1	0	1	0	0	0	0
AF	0	0.087758	2	1	1	0	0	0	0
AF	0	0.088070	2	2	0	0	0	0	0
AF	0	0.088695	2	1	1	0	0	0	0
AF	0	0.089007	4	3	1	0	0	0	0
AF	0	0.089319	2	0	2	0	0	0	0
AF	0	0.089944	1	1	0	0	0	0	0
AF	0	0.090568	1	1	0	0	0	0	0
AF	0	0.091505	6	4	2	0	0	0	0
AF	0	0.092130	3	2	1	0	0	0	0
AF	0	0.092755	2	0	2	0	0	0	0
AF	0	0.093379	1	1	0	0	0	0	0
AF	0	0.093691	5	1	4	0	0	0	0
AF	0	0.094004	3	1	2	0	0	0	0
AF	0	0.095253	2	1	1	0	0	0	0
AF	0	0.095878	3	0	3	0	0	0	0
AF	0	0.096190	1	0	1	0	0	0	0
AF	0	0.096502	2	1	1	0	0	0	0
AF	0	0.096814	1	0	1	0	0	0	0
AF	0	0.097127	3	1	2	0	0	0	0
AF	0	0.097439	1	1	0	0	0	0	0
AF	0	0.097751	6	2	4	0	0	0	0
AF	0	0.098064	2	1	1	0	0	0	0
AF	0	0.098376	1	1	0	0	0	0	0
AF	0	0.099001	1	0	1	0	0	0	0
AF	0	0.099313	1	0	1	0	0	0	0
AF	0	0.099625	12	7	5	0	0	0	0
AF	0	0.100250	4	4	0	0	0	0	0
AF	0	0.100562	2	2	0	0	0	0	0
AF	0	0.100874	9	6	3	0	0	0	0
AF	0	0.101187	4	3	1	0	0	0	0
AF	0	0.101499	6	4	2	0	0	0	0
AF	0	0.101811	4	4	0	0	0	0	0
AF	0	0.102124	2	1	1	0	0	0	0
AF	0	0.102748	1	0	1	0	0	0	0
AF	0	0.103061	2	1	1	0	0	0	0
AF	0	0.103373	1	1	0	0	0	0	0
AF	0	0.103685	1	0	1	0	0	0	0
AF	0	0.103998	3	2	1	0	0	0	0
AF	0	0.105559	3	2	1	0	0	0	0
AF	0	0.106184	3	1	2	0	0	0	0
AF	0	0.106496	1	1	0	0	0	0	0
AF	0	0.107121	2	1	1	0	0	0	0
AF	0	0.108370	2	0	2	0	0	0	0
AF	0	0.108682	1	1	0	0	0	0	0
AF	0	0.108994	3	2	1	0	0	0	0
AF	0	0.109307	1	0	1	0	0	0	0
AF	0	0.109619	2	1	1	0	0	0	0
AF	0	0.109931	3	3	0	0	0	0	0
AF	0	0.110244	7	6	1	0	0	0	0
AF	0	0.110556	2	0	2	0	0	0	0
AF	0	0.110868	1	0	1	0	0	0	0
AF	0	0.111805	3	2	1	0	0	0	0
AF	0	0.112117	2	1	1	0	0	0	0
AF	0	0.112430	2	1	1	0	0	0	0
AF	0	0.113054	1	1	0	0	0	0	0
AF	0	0.113679	1	1	0	0	0	0	0
AF	0	0.114304	1	1	0	0	0	0	0
AF	0	0.114928	5	1	4	0	0	0	0
AF	0	0.115553	1	1	0	0	0	0	0
AF	0	0.115865	4	3	1	0	0	0	0
AF	0	0.116177	3	2	1	0	0	0	0
AF	0	0.116490	1	1	0	0	0	0	0
AF	0	0.116802	2	1	1	0	0	0	0
AF	0	0.117114	1	1	0	0	0	0	0
AF	0	0.117427	10	6	4	0	0	0	0
AF	0	0.117739	1	1	0	0	0	0	0
AF	0	0.118051	10	1	9	0	0	0	0
AF	0	0.118364	2	2	0	0	0	0	0
AF	0	0.118676	2	1	1	0	0	0	0
AF	0	0.119300	3	1	2	0	0	0	0
AF	0	0.120550	1	0	1	0	0	0	0
AF	0	0.120862	1	1	0	0	0	0	0
AF	0	0.121174	2	1	1	0	0	0	0
AF	0	0.121799	6	4	2	0	0	0	0
AF	0	0.122111	2	1	1	0	0	0	0
AF	0	0.122423	5	2	3	0	0	0	0
AF	0	0.122736	1	0	1	0	0	0	0
AF	0	0.123048	1	1	0	0	0	0	0
AF	0	0.123673	6	5	1	0	0	0	0
AF	0	0.124297	4	2	2	0	0	0	0
AF	0	0.124610	1	0	1	0	0	0	0
AF	0	0.124922	3	1	2	0	0	0	0
AF	0	0.125234	3	2	1	0	0	0	0
AF	0	0.125547	1	1	0	0	0	0	0
AF	0	0.125859	1	1	0	0	0	0	0
AF	0	0.126171	1	1	0	0	0	0	0
AF	0	0.126483	3	3	0	0	0	0	0
AF	0	0.126796	4	3	1	0	0	0	0
AF	0	0.127108	1	0	1	0	0	0	0
AF	0	0.127420	2	1	1	0	0	0	0
AF	0	0.127733	1	1	0	0	0	0	0
AF	0	0.128045	4	2	2	0	0	0	0
AF	0	0.128357	1	0	1	0	0	0	0
AF	0	0.128982	1	1	0	0	0	0	0
AF	0	0.129294	4	1	3	0	0	0	0
AF	0	0.129606	2	0	2	0	0	0	0
AF	0	0.129919	10	8	2	0	0	0	0
AF	0	0.130231	7	4	3	0	0	0	0
AF	0	0.130543	1	1	0	0	0	0	0
AF	0	0.130856	3	1	2	0	0	0	0
AF	0	0.131168	2	1	1	0	0	0	0
AF	0	0.131480	1	1	0	0	0	0	0
AF	0	0.131793	1	0	1	0	0	0	0
AF	0	0.132730	1	0	1	0	0	0	0
AF	0	0.133042	1	0	1	0	0	0	0
AF	0	0.133354	3	2	1	0	0	0	0
AF	0	0.133666	3	2	1	0	0	0	0
AF	0	0.134916	3	3	0	0	0	0	0
AF	0	0.135228	1	1	0	0	0	0	0
AF	0	0.135540	2	2	0	0	0	0	0
AF	0	0.136165	2	2	0	0	0	0	0
AF	0	0.138039	1	0	1	0	0	0	0
AF	0	0.138976	2	0	2	0	0	0	0
AF	0	0.140537	2	1	1	0	0	0	0
AF	0	0.141786	1	0	1	0	0	0	0
AF	0	0.144285	3	3	0	0	0	0	0
AF	0	0.144597	4	1	3	0	0	0	0
AF	0	0.144909	5	5	0	0	0	0	0
AF	0	0.145222	6	4	2	0	0	0	0
AF	0	0.145534	2	1	1	0	0	0	0
AF	0	0.146159	1	0	1	0	0	0	0
AF	0	0.146783	3	3	0	0	0	0	0
AF	0	0.147096	2	2	0	0	0	0	0
AF	0	0.147408	1	0	1	0	0	0	0
AF	0	0.147720	2	2	0	0	0	0	0
AF	0	0.148032	4	3	1	0	0	0	0
AF	0	0.148657	2	1	1	0	0	0	0
AF	0	0.151156	1	1	0	0	0	0	0
AF	0	0.153029	2	2	0	0	0	0	0
AF	0	0.156777	1	1	0	0	0	0	0
AF	0	0.158026	1	0	1	0	0	0	0
AF	0	0.158339	1	1	0	0	0	0	0
AF	0	0.159900	1	1	0	0	0	0	0
AF	0	0.160212	2	1	1	0	0	0	0
AF	0	0.160525	2	1	1	0	0	0	0
AF	0	0.161149	1	1	0	0	0	0	0
AF	0	0.162086	1	0	1	0	0	0	0
AF	0	0.163023	3	2	1	0	0	0	0
AF	0	0.163335	1	0	1	0	0	0	0
AF	0	0.163648	7	4	3	0	0	0	0
AF	0	0.163960	2	2	0	0	0	0	0
AF	0	0.164272	1	0	1	0	0	0	0
AF	0	0.164897	2	1	1	0	0	0	0
AF	0	0.166146	1	0	1	0	0	0	0
AF	0	0.166458	1	0	1	0	0	0	0
AF	0	0.166771	4	2	2	0	0	0	0
AF	0	0.167395	6	5	1	0	0	0	0
AF	0	0.168020	7	3	4	0	0	0	0
AF	0	0.168332	3	3	0	0	0	0	0
AF	0	0.168645	2	1	1	0	0	0	0
AF	0	0.168957	2	1	1	0	0	0	0
AF	0	0.169269	1	1	0	0	0	0	0
AF	0	0.169582	2	2	0	0	0	0	0
AF	0	0.169894	2	1	1	0	0	0	0
AF	0	0.171455	1	0	1	0	0	0	0
AF	0	0.172392	2	2	0	0	0	0	0
AF	0	0.172705	1	0	1	0	0	0	0
AF	0	0.174266	2	1	1	0	0	0	0
AF	0	0.174578	1	0	1	0	0	0	0
AF	0	0.174891	2	1	1	0	0	0	0
AF	0	0.177077	1	1	0	0	0	0	0
AF	0	0.177389	1	0	1	0	0	0	0
AF	0	0.179263	1	0	1	0	0	0	0
AF	0	0.180512	1	1	0	0	0	0	0
AF	0	0.181137	1	1	0	0	0	0	0
AF	0	0.182074	1	0	1	0	0	0	0
AF	0	0.182386	2	0	2	0	0	0	0
AF	0	0.184260	3	0	3	0	0	0	0
AF	0	0.184884	1	0	1	0	0	0	0
AF	0	0.185197	1	0	1	0	0	0	0
AF	0	0.185509	4	3	1	0	0	0	0
AF	0	0.185821	3	1	2	0	0	0	0
AF	0	0.186134	2	2	0	0	0	0	0
AF	0	0.186446	1	1	0	0	0	0	0
AF	0	0.187383	1	1	0	0	0	0	0
AF	0	0.187695	1	0	1	0	0	0	0
AF	0	0.188007	1	1	0	0	0	0	0
AF	0	0.188320	2	1	1	0	0	0	0
AF	0	0.188632	1	0	1	0	0	0	0
AF	0	0.188944	3	3	0	0	0	0	0
AF	0	0.189569	1	1	0	0	0	0	0
AF	0	0.190818	1	1	0	0	0	0	0
AF	0	0.191131	1	1	0	0	0	0	0
AF	0	0.191755	1	0	1	0	0	0	0
AF	0	0.193317	1	0	1	0	0	0	0
AF	0	0.194566	2	2	0	0	0	0	0
AF	0	0.196127	2	0	2	0	0	0	0
AF	0	0.197377	1	0	1	0	0	0	0
AF	0	0.198001	1	1	0	0	0	0	0
AF	0	0.198314	1	0	1	0	0	0	0
AF	0	0.198626	1	1	0	0	0	0	0
AF	0	0.199250	1	1	0	0	0	0	0
AF	0	0.200187	1	1	0	0	0	0	0
AF	0	0.200500	1	1	0	0	0	0	0
AF	0	0.201124	1	1	0	0	0	0	0
AF	0	0.201437	1	0	1	0	0	0	0
AF	0	0.202061	1	0	1	0	0	0	0
AF	0	0.202374	1	0	1	0	0	0	0
AF	0	0.202686	1	0	1	0	0	0	0
AF	0	0.202998	2	2	0	0	0	0	0
AF	0	0.203935	1	1	0	0	0	0	0
AF	0	0.204247	4	2	2	0	0	0	0
AF	0	0.204560	3	2	1	0	0	0	0
AF	0	0.204872	1	0	1	0	0	0	0
AF	0	0.205809	1	1	0	0	0	0	0
AF	0	0.206746	1	1	0	0	0	0	0
AF	0	0.207370	1	1	0	0	0	0	0
AF	0	0.208620	1	1	0	0	0	0	0
AF	0	0.209244	1	1	0	0	0	0	0
AF	0	0.209869	1	1	0	0	0	0	0
AF	0	0.210181	1	0	1	0	0	0	0
AF	0	0.211118	1	1	0	0	0	0	0
AF	0	0.212992	1	1	0	0	0	0	0
AF	0	0.214241	3	2	1	0	0	0	0
AF	0	0.214553	1	0	1	0	0	0	0
AF	0	0.214866	1	0	1	0	0	0	0
AF	0	0.215803	1	1	0	0	0	0	0
AF	0	0.217052	1	1	0	0	0	0	0
AF	0	0.217676	3	3	0	0	0	0	0
AF	0	0.218926	2	2	0	0	0	0	0
AF	0	0.219238	6	4	2	0	0	0	0
AF	0	0.219550	4	2	2	0	0	0	0
AF	0	0.219863	1	0	1	0	0	0	0
AF	0	0.220487	1	1	0	0	0	0	0
AF	0	0.220800	1	1	0	0	0	0	0
AF	0	0.221112	1	1	0	0	0	0	0
AF	0	0.221736	1	1	0	0	0	0	0
AF	0	0.222049	1	1	0	0	0	0	0
AF	0	0.222361	1	1	0	0	0	0	0
AF	0	0.222673	1	1	0	0	0	0	0
AF	0	0.223298	1	1	0	0	0	0	0
AF	0	0.223610	1	0	1	0	0	0	0
AF	0	0.223923	2	0	2	0	0	0	0
AF	0	0.224235	2	2	0	0	0	0	0
AF	0	0.224547	1	1	0	0	0	0	0
AF	0	0.224859	3	3	0	0	0	0	0
AF	0	0.225484	1	1	0	0	0	0	0
AF	0	0.225796	1	0	1	0	0	0	0
AF	0	0.226109	1	1	0	0	0	0	0
AF	0	0.226421	3	1	2	0	0	0	0
AF	0	0.226733	3	3	0	0	0	0	0
AF	0	0.227046	2	0	2	0	0	0	0
AF	0	0.227670	3	2	1	0	0	0	0
AF	0	0.227983	1	0	1	0	0	0	0
AF	0	0.228295	2	1	1	0	0	0	0
AF	0	0.229544	2	1	1	0	0	0	0
AF	0	0.229856	1	0	1	0	0	0	0
AF	0	0.230169	1	1	0	0	0	0	0
AF	0	0.230793	1	1	0	0	0	0	0
AF	0	0.231418	1	1	0	0	0	0	0
AF	0	0.233292	1	0	1	0	0	0	0
AF	0	0.235166	1	0	1	0	0	0	0
AF	0	0.235790	1	1	0	0	0	0	0
AF	0	0.236102	3	3	0	0	0	0	0
AF	0	0.236415	1	1	0	0	0	0	0
AF	0	0.236727	1	1	0	0	0	0	0
AF	0	0.237664	1	1	0	0	0	0	0
AF	0	0.238289	1	1	0	0	0	0	0
AF	0	0.240787	1	1	0	0	0	0	0
AF	0	0.241412	1	1	0	0	0	0	0
AF	0	0.242036	1	1	0	0	0	0	0
AF	0	0.242661	2	1	1	0	0	0	0
AF	0	0.245159	1	1	0	0	0	0	0
AF	0	0.245472	2	1	1	0	0	0	0
AF	0	0.245784	1	1	0	0	0	0	0
AF	0	0.248282	1	1	0	0	0	0	0
AF	0	0.248907	2	1	1	0	0	0	0
AF	0	0.249844	1	1	0	0	0	0	0
AF	0	0.252655	1	1	0	0	0	0	0
AF	0	0.253904	1	1	0	0	0	0	0
AF	0	0.258901	2	2	0	0	0	0	0
AF	0	0.259525	2	2	0	0	0	0	0
AF	0	0.261399	1	1	0	0	0	0	0
AF	0	0.261711	1	0	1	0	0	0	0
AF	0	0.268894	1	1	0	0	0	0	0
AF	0	0.270144	1	1	0	0	0	0	0
AF	0	0.271393	2	2	0	0	0	0	0
AF	0	0.271705	1	0	1	0	0	0	0
AF	0	0.272642	1	1	0	0	0	0	0
AF	0	0.272954	1	1	0	0	0	0	0
AF	0	0.273891	1	0	1	0	0	0	0
AF	0	0.274516	1	1	0	0	0	0	0
AF	0	0.274828	3	1	2	0	0	0	0
AF	0	0.275453	1	1	0	0	0	0	0
AF	0	0.275765	1	1	0	0	0	0	0
AF	0	0.276077	3	1	2	0	0	0	0
AF	0	0.276390	1	1	0	0	0	0	0
AF	0	0.276702	1	1	0	0	0	0	0
AF	0	0.277014	2	1	1	0	0	0	0
AF	0	0.277639	2	0	2	0	0	0	0
AF	0	0.277951	2	2	0	0	0	0	0
AF	0	0.278264	1	1	0	0	0	0	0
AF	0	0.281387	2	1	1	0	0	0	0
AF	0	0.284510	1	0	1	0	0	0	0
AF	0	0.284822	1	1	0	0	0	0	0
AF	0	0.287008	1	1	0	0	0	0	0
AF	0	0.287320	2	1	1	0	0	0	0
AF	0	0.287633	2	2	0	0	0	0	0
AF	0	0.287945	1	1	0	0	0	0	0
AF	0	0.288882	1	1	0	0	0	0	0
AF	0	0.292005	1	1	0	0	0	0	0
AF	0	0.292630	1	0	1	0	0	0	0
AF	0	0.293879	1	0	1	0	0	0	0
AF	0	0.294191	1	1	0	0	0	0	0
AF	0	0.294503	1	0	1	0	0	0	0
AF	0	0.295128	2	1	1	0	0	0	0
AF	0	0.295753	1	1	0	0	0	0	0
AF	0	0.297626	1	0	1	0	0	0	0
AF	0	0.298876	1	0	1	0	0	0	0
AF	0	0.299500	1	1	0	0	0	0	0
AF	0	0.301374	1	0	1	0	0	0	0
AF	0	0.303248	1	1	0	0	0	0	0
AF	0	0.304185	1	1	0	0	0	0	0
AF	0	0.304497	1	1	0	0	0	0	0
AF	0	0.304809	1	0	1	0	0	0	0
AF	0	0.305122	1	1	0	0	0	0	0
AF	0	0.305434	1	0	1	0	0	0	0
AF	0	0.307933	1	1	0	0	0	0	0
AF	0	0.309182	1	0	1	0	0	0	0
AF	0	0.310119	1	1	0	0	0	0	0
AF	0	0.311993	1	0	1	0	0	0	0
AF	0	0.312305	1	1	0	0	0	0	0
AF	0	0.315116	2	2	0	0	0	0	0
AF	0	0.316989	1	0	1	0	0	0	0
AF	0	0.321362	1	0	1	0	0	0	0
AF	0	0.321986	1	0	1	0	0	0	0
AF	0	0.326671	1	0	1	0	0	0	0
AF	0	0.327608	1	1	0	0	0	0	0
AF	0	0.331355	1	1	0	0	0	0	0
AF	0	0.334166	1	0	1	0	0	0	0
AF	0	0.334478	1	0	1	0	0	0	0
AF	0	0.337914	1	1	0	0	0	0	0
AF	0	0.338538	2	2	0	0	0	0	0
AF	0	0.339163	1	1	0	0	0	0	0
AF	0	0.339475	1	1	0	0	0	0	0
AF	0	0.340725	1	0	1	0	0	0	0
AF	0	0.341974	1	1	0	0	0	0	0
AF	0	0.342598	1	1	0	0	0	0	0
AF	0	0.342911	2	1	1	0	0	0	0
AF	0	0.343223	1	1	0	0	0	0	0
AF	0	0.343848	1	1	0	0	0	0	0
AF	0	0.346658	1	1	0	0	0	0	0
AF	0	0.347283	1	1	0	0	0	0	0
AF	0	0.347908	1	1	0	0	0	0	0
AF	0	0.348220	1	1	0	0	0	0	0
AF	0	0.348532	1	1	0	0	0	0	0
AF	0	0.348844	1	1	0	0	0	0	0
AF	0	0.349157	2	1	1	0	0	0	0
AF	0	0.349781	1	1	0	0	0	0	0
AF	0	0.351968	1	1	0	0	0	0	0
AF	0	0.353217	1	1	0	0	0	0	0
AF	0	0.354154	1	1	0	0	0	0	0
AF	0	0.359151	1	1	0	0	0	0	0
AF	0	0.360400	1	0	1	0	0	0	0
AF	0	0.360712	1	0	1	0	0	0	0
AF	0	0.361649	1	1	0	0	0	0	0
AF	0	0.362274	1	1	0	0	0	0	0
AF	0	0.362898	2	2	0	0	0	0	0
AF	0	0.363210	1	1	0	0	0	0	0
AF	0	0.365084	1	1	0	0	0	0	0
AF	0	0.365397	1	1	0	0	0	0	0
AF	0	0.375078	1	1	0	0	0	0	0
AF	0	0.381324	1	0	1	0	0	0	0
AF	0	0.387258	1	1	0	0	0	0	0
AF	0	0.391318	1	1	0	0	0	0	0
AF	0	0.391630	1	0	1	0	0	0	0
AF	0	0.392255	1	1	0	0	0	0	0
AF	0	0.395066	1	1	0	0	0	0	0
AF	0	0.395378	1	1	0	0	0	0	0
AF	0	0.395690	1	0	1	0	0	0	0
AF	0	0.396002	1	0	1	0	0	0	0
AF	0	0.399126	1	1	0	0	0	0	0
AF	0	0.404747	1	1	0	0	0	0	0
AF	0	0.406309	1	0	1	0	0	0	0
AF	0	0.408807	2	2	0	0	0	0	0
AF	0	0.411305	1	1	0	0	0	0	0
AF	0	0.434728	1	0	1	0	0	0	0
AF	0	0.436290	1	1	0	0	0	0	0
AF	0	0.436602	4	1	3	0	0	0	0
AF	0	0.437227	1	1	0	0	0	0	0
AF	0	0.437539	1	1	0	0	0	0	0
AF	0	0.439101	2	1	1	0	0	0	0
AF	0	0.439413	1	1	0	0	0	0	0
AF	0	0.439725	10	8	2	0	0	0	0
AF	0	0.440037	1	1	0	0	0	0	0
AF	0	0.440350	1	0	1	0	0	0	0
AF	0	0.445034	1	1	0	0	0	0	0
AF	0	0.451280	1	1	0	0	0	0	0
AF	0	0.452842	1	1	0	0	0	0	0
AF	0	0.453154	1	1	0	0	0	0	0
AF	0	0.456590	1	0	1	0	0	0	0
AF	0	0.456902	1	0	1	0	0	0	0
AF	0	0.458151	1	1	0	0	0	0	0
AF	0	0.464397	1	0	1	0	0	0	0
AF	0	0.466271	1	1	0	0	0	0	0
AF	0	0.467833	1	1	0	0	0	0	0
AF	0	0.474391	1	1	0	0	0	0	0
AF	0	0.482199	1	0	1	0	0	0	0
AF	0	0.486259	1	0	1	0	0	0	0
AF	0	0.487820	1	0	1	0	0	0	0
AF	0	0.491880	2	2	0	0	0	0	0
AF	0	0.494379	1	1	0	0	0	0	0
AF	0	0.496252	1	1	0	0	0	0	0
AF	0	0.499375	1	0	1	0	0	0	0
AF	0	0.500937	1	1	0	0	0	0	0
AF	0	0.509057	1	0	1	0	0	0	0
AF	0	0.512180	1	1	0	0	0	0	0
AF	0	0.515928	1	1	0	0	0	0	0
AF	0	0.522174	1	1	0	0	0	0	0
AF	0	0.525609	1	0	1	0	0	0	0
AF	0	0.558401	1	1	0	0	0	0	0
AF	0	0.559338	1	1	0	0	0	0	0
AF	0	0.560899	1	1	0	0	0	0	0
AF	0	0.562461	1	1	0	0	0	0	0
AF	0	0.572142	1	1	0	0	0	0	0
AF	0	0.594004	1	0	1	0	0	0	0
AF	0	0.594628	1	1	0	0	0	0	0
AF	0	0.595878	2	1	1	0	0	0	0
AF	0	0.599625	1	1	0	0	0	0	0
AF	0	0.600250	2	2	0	0	0	0	0
AF	0	0.600562	1	1	0	0	0	0	0
AF	0	0.601499	1	1	0	0	0	0	0
AF	0	0.602124	3	2	1	0	0	0	0
AF	0	0.602436	2	2	0	0	0	0	0
AF	0	0.603061	1	1	0	0	0	0	0
AF	0	0.603685	2	0	2	0	0	0	0
AF	0	0.603998	1	0	1	0	0	0	0
AF	0	0.604310	1	1	0	0	0	0	0
AF	0	0.606184	1	1	0	0	0	0	0
AF	0	0.606496	1	1	0	0	0	0	0
AF	0	0.607121	2	2	0	0	0	0	0
AF	0	0.607745	1	1	0	0	0	0	0
AF	0	0.611181	1	0	1	0	0	0	0
AF	0	0.612742	1	1	0	0	0	0	0
AF	0	0.613367	1	0	1	0	0	0	0
AF	0	0.617114	1	1	0	0	0	0	0
AF	0	0.618364	1	1	0	0	0	0	0
AF	0	0.620862	1	0	1	0	0	0	0
AF	0	0.622736	1	1	0	0	0	0	0
AF	0	0.625547	1	1	0	0	0	0	0
AF	0	0.625859	1	1	0	0	0	0	0
AF	0	0.628670	1	0	1	0	0	0	0
AF	0	0.631480	1	0	1	0	0	0	0
AF	0	0.632417	1	0	1	0	0	0	0
AF	0	0.634603	1	1	0	0	0	0	0
AF	0	0.639600	2	1	1	0	0	0	0
AF	0	0.640225	1	0	1	0	0	0	0
AF	0	0.640849	1	1	0	0	0	0	0
AF	0	0.641474	1	1	0	0	0	0	0
AF	0	0.644597	1	1	0	0	0	0	0
AF	0	0.646471	1	0	1	0	0	0	0
AF	0	0.653966	1	0	1	0	0	0	0
AF	0	0.662711	1	0	1	0	0	0	0
AF	0	0.666458	1	1	0	0	0	0	0
AF	0	0.668645	1	1	0	0	0	0	0
AF	0	0.669894	1	1	0	0	0	0	0
AF	0	0.674266	1	0	1	0	0	0	0
AF	0	0.680200	1	1	0	0	0	0	0
AF	0	0.681137	1	1	0	0	0	0	0
AF	0	0.682074	1	1	0	0	0	0	0
AF	0	0.691755	2	1	1	0	0	0	0
AF	0	0.693004	2	1	1	0	0	0	0
AF	0	0.693629	1	0	1	0	0	0	0
AF	0	0.695191	1	1	0	0	0	0	0
AF	0	0.695503	2	2	0	0	0	0	0
AF	0	0.696127	1	1	0	0	0	0	0
AF	0	0.697689	1	0	1	0	0	0	0
AF	0	0.699250	1	0	1	0	0	0	0
AF	0	0.702686	1	0	1	0	0	0	0
AF	0	0.702998	1	1	0	0	0	0	0
AF	0	0.703310	1	1	0	0	0	0	0
AF	0	0.703623	1	1	0	0	0	0	0
AF	0	0.704560	1	0	1	0	0	0	0
AF	0	0.706746	1	0	1	0	0	0	0
AF	0	0.707370	1	0	1	0	0	0	0
AF	0	0.709244	2	1	1	0	0	0	0
AF	0	0.709869	1	0	1	0	0	0	0
AF	0	0.710806	1	1	0	0	0	0	0
AF	0	0.712680	1	1	0	0	0	0	0
AF	0	0.713304	1	1	0	0	0	0	0
AF	0	0.715490	1	1	0	0	0	0	0
AF	0	0.717364	1	1	0	0	0	0	0
AF	0	0.717676	1	1	0	0	0	0	0
AF	0	0.717989	1	1	0	0	0	0	0
AF	0	0.719863	2	2	0	0	0	0	0
AF	0	0.720175	1	0	1	0	0	0	0
AF	0	0.721736	2	2	0	0	0	0	0
AF	0	0.722673	1	1	0	0	0	0	0
AF	0	0.722986	2	1	1	0	0	0	0
AF	0	0.723298	1	1	0	0	0	0	0
AF	0	0.725484	1	0	1	0	0	0	0
AF	0	0.729544	1	1	0	0	0	0	0
AF	0	0.731418	1	0	1	0	0	0	0
AF	0	0.731730	1	1	0	0	0	0	0
AF	0	0.732355	1	1	0	0	0	0	0
AF	0	0.732979	1	1	0	0	0	0	0
AF	0	0.734541	1	0	1	0	0	0	0
AF	0	0.734853	1	0	1	0	0	0	0
AF	0	0.735166	1	1	0	0	0	0	0
AF	0	0.735478	2	2	0	0	0	0	0
AF	0	0.735790	2	0	2	0	0	0	0
AF	0	0.737664	1	1	0	0	0	0	0
AF	0	0.739225	1	0	1	0	0	0	0
AF	0	0.741099	1	1	0	0	0	0	0
AF	0	0.741412	1	0	1	0	0	0	0
AF	0	0.742036	1	1	0	0	0	0	0
AF	0	0.742973	1	0	1	0	0	0	0
AF	0	0.743598	1	1	0	0	0	0	0
AF	0	0.744535	1	1	0	0	0	0	0
AF	0	0.745159	1	0	1	0	0	0	0
AF	0	0.747970	1	1	0	0	0	0	0
AF	0	0.751093	2	1	1	0	0	0	0
AF	0	0.751718	1	0	1	0	0	0	0
AF	0	0.752655	2	2	0	0	0	0	0
AF	0	0.752967	1	0	1	0	0	0	0
AF	0	0.754841	1	0	1	0	0	0	0
AF	0	0.755465	1	1	0	0	0	0	0
AF	0	0.757027	1	0	1	0	0	0	0
AF	0	0.759838	4	1	3	0	0	0	0
AF	0	0.760462	3	2	1	0	0	0	0
AF	0	0.762024	1	1	0	0	0	0	0
AF	0	0.763585	1	1	0	0	0	0	0
AF	0	0.764210	2	1	1	0	0	0	0
AF	0	0.764522	1	0	1	0	0	0	0
AF	0	0.764834	1	1	0	0	0	0	0
AF	0	0.774516	1	1	0	0	0	0	0
AF	0	0.775141	1	0	1	0	0	0	0
AF	0	0.781387	2	1	1	0	0	0	0
AF	0	0.785134	1	1	0	0	0	0	0
AF	0	0.785759	2	2	0	0	0	0	0
AF	0	0.791693	1	1	0	0	0	0	0
AF	0	0.795128	1	1	0	0	0	0	0
AF	0	0.796377	1	0	1	0	0	0	0
AF	0	0.796690	2	2	0	0	0	0	0
AF	0	0.799813	1	0	1	0	0	0	0
AF	0	0.803248	1	1	0	0	0	0	0
AF	0	0.803560	1	0	1	0	0	0	0
AF	0	0.810743	2	2	0	0	0	0	0
AF	0	0.811056	1	1	0	0	0	0	0
AF	0	0.811993	3	2	1	0	0	0	0
AF	0	0.812617	1	0	1	0	0	0	0
AF	0	0.812929	3	3	0	0	0	0	0
AF	0	0.813242	6	3	3	0	0	0	0
AF	0	0.813866	2	1	1	0	0	0	0
AF	0	0.814179	2	1	1	0	0	0	0
AF	0	0.815428	1	1	0	0	0	0	0
AF	0	0.822611	1	0	1	0	0	0	0
AF	0	0.828857	1	1	0	0	0	0	0
AF	0	0.829169	1	1	0	0	0	0	0
AF	0	0.829794	1	1	0	0	0	0	0
AF	0	0.833229	2	1	1	0	0	0	0
AF	0	0.833542	4	3	1	0	0	0	0
AF	0	0.834166	2	1	1	0	0	0	0
AF	0	0.834478	1	1	0	0	0	0	0
AF	0	0.835103	1	1	0	0	0	0	0
AF	0	0.836040	1	1	0	0	0	0	0
AF	0	0.836352	1	0	1	0	0	0	0
AF	0	0.836665	1	0	1	0	0	0	0
AF	0	0.836977	2	0	2	0	0	0	0
AF	0	0.837289	1	1	0	0	0	0	0
AF	0	0.840725	1	1	0	0	0	0	0
AF	0	0.846658	1	0	1	0	0	0	0
AF	0	0.846971	3	2	1	0	0	0	0
AF	0	0.848532	6	3	3	0	0	0	0
AF	0	0.848844	2	0	2	0	0	0	0
AF	0	0.849469	3	1	2	0	0	0	0
AF	0	0.849781	4	2	2	0	0	0	0
AF	0	0.852904	1	1	0	0	0	0	0
AF	0	0.853529	2	2	0	0	0	0	0
AF	0	0.854466	1	1	0	0	0	0	0
AF	0	0.855091	1	1	0	0	0	0	0
AF	0	0.855715	2	2	0	0	0	0	0
AF	0	0.856340	1	1	0	0	0	0	0
AF	0	0.859463	1	0	1	0	0	0	0
AF	0	0.859775	1	0	1	0	0	0	0
AF	0	0.860087	11	6	5	0	0	0	0
AF	0	0.860400	3	2	1	0	0	0	0
AF	0	0.860712	10	5	5	0	0	0	0
AF	0	0.861024	6	5	1	0	0	0	0
AF	0	0.862274	1	1	0	0	0	0	0
AF	0	0.862586	1	0	1	0	0	0	0
AF	0	0.865709	1	1	0	0	0	0	0
AF	0	0.866958	2	2	0	0	0	0	0
AF	0	0.867583	1	0	1	0	0	0	0
AF	0	0.868832	2	0	2	0	0	0	0
AF	0	0.870706	1	1	0	0	0	0	0
AF	0	0.871643	1	1	0	0	0	0	0
AF	0	0.871955	1	0	1	0	0	0	0
AF	0	0.872267	1	0	1	0	0	0	0
AF	0	0.873204	1	1	0	0	0	0	0
AF	0	0.875390	1	1	0	0	0	0	0
AF	0	0.875703	2	1	1	0	0	0	0
AF	0	0.876015	1	1	0	0	0	0	0
AF	0	0.876327	1	1	0	0	0	0	0
AF	0	0.876952	1	1	0	0	0	0	0
AF	0	0.877264	1	0	1	0	0	0	0
AF	0	0.878201	1	1	0	0	0	0	0
AF	0	0.878826	1	0	1	0	0	0	0
AF	0	0.879138	1	1	0	0	0	0	0
AF	0	0.880387	1	0	1	0	0	0	0
AF	0	0.880700	2	1	1	0	0	0	0
AF	0	0.881324	2	1	1	0	0	0	0
AF	0	0.881636	1	0	1	0	0	0	0
AF	0	0.881949	1	1	0	0	0	0	0
AF	0	0.882261	7	5	2	0	0	0	0
AF	0	0.882573	4	4	0	0	0	0	0
AF	0	0.883510	1	1	0	0	0	0	0
AF	0	0.886321	1	1	0	0	0	0	0
AF	0	0.887883	1	1	0	0	0	0	0
AF	0	0.888507	5	3	2	0	0	0	0
AF	0	0.888819	1	0	1	0	0	0	0
AF	0	0.891006	7	3	4	0	0	0	0
AF	0	0.891318	1	1	0	0	0	0	0
AF	0	0.891943	2	1	1	0	0	0	0
AF	0	0.894129	1	1	0	0	0	0	0
AF	0	0.894441	1	1	0	0	0	0	0
AF	0	0.895378	1	1	0	0	0	0	0
AF	0	0.896002	1	0	1	0	0	0	0
AF	0	0.896627	1	1	0	0	0	0	0
AF	0	0.901624	2	0	2	0	0	0	0
AF	0	0.901936	1	1	0	0	0	0	0
AF	0	0.902249	2	1	1	0	0	0	0
AF	0	0.902873	3	2	1	0	0	0	0
AF	0	0.904122	1	1	0	0	0	0	0
AF	0	0.905372	1	1	0	0	0	0	0
AF	0	0.905996	2	1	1	0	0	0	0
AF	0	0.906621	1	1	0	0	0	0	0
AF	0	0.908182	1	0	1	0	0	0	0
AF	0	0.909119	1	1	0	0	0	0	0
AF	0	0.909432	3	2	1	0	0	0	0
AF	0	0.909744	1	1	0	0	0	0	0
AF	0	0.910681	1	1	0	0	0	0	0
AF	0	0.911305	1	0	1	0	0	0	0
AF	0	0.911618	2	2	0	0	0	0	0
AF	0	0.913179	1	1	0	0	0	0	0
AF	0	0.915365	2	2	0	0	0	0	0
AF	0	0.919738	1	1	0	0	0	0	0
AF	0	0.921924	1	1	0	0	0	0	0
AF	0	0.922236	1	1	0	0	0	0	0
AF	0	0.923798	2	2	0	0	0	0	0
AF	0	0.924110	3	2	1	0	0	0	0
AF	0	0.924735	1	1	0	0	0	0	0
AF	0	0.925047	1	1	0	0	0	0	0
AF	0	0.925984	1	0	1	0	0	0	0
AF	0	0.926608	1	0	1	0	0	0	0
AF	0	0.927858	1	1	0	0	0	0	0
AF	0	0.928482	7	5	2	0	0	0	0
AF	0	0.929731	1	1	0	0	0	0	0
AF	0	0.930044	1	1	0	0	0	0	0
AF	0	0.930356	1	0	1	0	0	0	0
AF	0	0.930981	2	2	0	0	0	0	0
AF	0	0.932230	3	3	0	0	0	0	0
AF	0	0.932542	6	6	0	0	0	0	0
AF	0	0.932854	1	1	0	0	0	0	0
AF	0	0.933479	1	1	0	0	0	0	0
AF	0	0.936914	1	0	1	0	0	0	0
AF	0	0.939725	1	1	0	0	0	0	0
AF	0	0.940037	1	1	0	0	0	0	0
AF	0	0.942224	3	3	0	0	0	0	0
AF	0	0.943161	1	1	0	0	0	0	0
AF	0	0.943473	1	0	1	0	0	0	0
AF	0	0.943785	1	1	0	0	0	0	0
AF	0	0.944097	4	2	2	0	0	0	0
AF	0	0.944410	1	0	1	0	0	0	0
AF	0	0.945347	1	1	0	0	0	0	0
AF	0	0.946284	1	1	0	0	0	0	0
AF	0	0.947220	1	1	0	0	0	0	0
AF	0	0.949094	1	1	0	0	0	0	0
AF	0	0.949719	1	0	1	0	0	0	0
AF	0	0.950344	1	1	0	0	0	0	0
AF	0	0.950656	1	1	0	0	0	0	0
AF	0	0.952842	1	1	0	0	0	0	0
AF	0	0.953467	2	0	2	0	0	0	0
AF	0	0.960337	1	0	1	0	0	0	0
AF	0	0.960962	2	1	1	0	0	0	0
AF	0	0.962211	2	2	0	0	0	0	0
AF	0	0.962836	1	1	0	0	0	0	0
AF	0	0.963773	9	4	5	0	0	0	0
AF	0	0.964085	1	1	0	0	0	0	0
AF	0	0.964710	1	1	0	0	0	0	0
AF	0	0.965334	2	2	0	0	0	0	0
AF	0	0.966271	1	0	1	0	0	0	0
AF	0	0.966583	1	1	0	0	0	0	0
AF	0	0.967208	2	0	2	0	0	0	0
AF	0	0.967833	2	0	2	0	0	0	0
AF	0	0.968457	9	5	4	0	0	0	0
AF	0	0.968770	1	1	0	0	0	0	0
AF	0	0.969082	7	2	5	0	0	0	0
AF	0	0.969394	2	2	0	0	0	0	0
AF	0	0.969706	3	3	0	0	0	0	0
AF	0	0.970331	1	0	1	0	0	0	0
AF	0	0.973142	3	1	2	0	0	0	0
AF	0	0.973766	1	1	0	0	0	0	0
AF	0	0.977826	5	4	1	0	0	0	0
AF	0	0.978139	1	0	1	0	0	0	0
AF	0	0.978451	1	0	1	0	0	0	0
AF	0	0.979076	1	1	0	0	0	0	0
AF	0	0.979700	1	1	0	0	0	0	0
AF	0	0.980637	1	1	0	0	0	0	0
AF	0	0.980949	4	2	2	0	0	0	0
AF	0	0.981262	3	3	0	0	0	0	0
AF	0	0.981574	1	1	0	0	0	0	0
AF	0	0.981886	3	2	1	0	0	0	0
AF	0	0.982199	2	1	1	0	0	0	0
AF	0	0.982823	11	7	4	0	0	0	0
AF	0	0.983136	3	2	1	0	0	0	0
AF	0	0.983448	2	0	2	0	0	0	0
AF	0	0.984072	3	3	0	0	0	0	0
AF	0	0.985322	1	1	0	0	0	0	0
AF	0	0.985946	2	2	0	0	0	0	0
AF	0	0.986571	1	1	0	0	0	0	0
AF	0	0.986883	1	1	0	0	0	0	0
AF	0	0.987508	1	1	0	0	0	0	0
AF	0	0.991568	1	0	1	0	0	0	0
AF	0	0.992505	1	1	0	0	0	0	0
AF	0	0.994691	3	3	0	0	0	0	0
AF	0	0.996877	1	1	0	0	0	0	0
AF	0	0.997502	1	1	0	0	0	0	0
AF	0	0.997814	1	0	1	0	0	0	0
AF	0	0.998126	1	0	1	0	0	0	0
AF	0	0.998438	2	2	0	0	0	0	0
AF	0	0.998751	1	0	1	0	0	0	0
AF	0	0.999063	2	2	0	0	0	0	0
# QUAL, Stats by quality
# QUAL	[2]id	[3]Quality	[4]number of SNPs	[5]number of transitions (1st ALT)	[6]number of transversions (1st ALT)	[7]number of indels
QUAL	0	.	13231	8840	4391	0
# IDD, InDel distribution:
# IDD	[2]id	[3]length (deletions negative)	[4]number of sites	[5]number of genotypes	[6]mean VAF
# ST, Substitution types:
# ST	[2]id	[3]type	[4]count
ST	0	A>C	507
ST	0	A>G	1787
ST	0	A>T	500
ST	0	C>A	617
ST	0	C>G	572
ST	0	C>T	2616
ST	0	G>A	2536
ST	0	G>C	533
ST	0	G>T	647
ST	0	T>A	499
ST	0	T>C	1901
ST	0	T>G	516
# DP, Depth distribution
# DP	[2]id	[3]bin	[4]number of genotypes	[5]fraction of genotypes (%)	[6]number of sites	[7]fraction of sites (%)
  - Fix haploid genotypes in males...

Submit MakeDiploidMalesX finished successfully. Let's have a beer, buddy!

