Submit MakeDiploidMalesX
version 1.1.6 (2024-09-30)

These are the settings:
  Input file................: /hpc/local/Rocky8/dhl_ec/software/MonopogenLite/resources/1kGP_high_coverage_Illumina.SNVonly_poly.filtered_AF_5e-04.norm.fixvariantid.chrX.vcf.gz
  Output file...............: /hpc/local/Rocky8/dhl_ec/software/MonopogenLite/resources/1kGP_high_coverage_Illumina.SNVonly_poly.filtered_AF_5e-04.norm.fixvariantid.makediploid.chrX.vcf.gz
  Chunk size................: 100

  SLURM CPUs................: 4
  SLURM Array ID............: 83 (of 100)
  SLURM memory..............: 16G
  SLURM time................: 01:00:00
  SLURM mail type...........: FAIL
  SLURM mail user...........: s.w.vanderlaan-2@umcutrecht.nl

  Dry run mode..............: 0
  Debug mode................: 1
  Verbosity.................: 0
  Version...................: 1.1.6 (2024-09-30)

Making converting haploid genotypes to diploid genotypes.
> Extract the region for this SLURM task (# 83) from the BED file.
  - Get the chunk number from the SLURM array task ID and the bed file...
DEBUG: Extracting chunk number: 83p from 83
DEBUG: Extracting region from BED file: /hpc/local/Rocky8/dhl_ec/software/MonopogenLite/resources/chrX_100pieces.bed
  - Extract the region from the BED file...
DEBUG: Extracted raw region: 'chrX	127953457	129513864' (chunk #: 83p of 100 for job 83)
  - Check if a valid region was extracted -- should be 'chrX	127953457	129513864'...
  - Prepare the region for bcftools...
  - Check if the region (chrX:127953457-129513864) was successfully extracted...
> Processing region 'chrX:127953457-129513864'...
  - Process the specific region (chunk# 83) using bcftools view...
  - Index the VCF file...
DEBUG: Check if the VCF file was successfully processed...
##fileformat=VCFv4.2
##FILTER=<ID=PASS,Description="All filters passed">
##fileDate=29/01/2022 - 14:31:41
##source=shapeit4.2.2
##contig=<ID=chr1,length=248956422>
##contig=<ID=chr2,length=242193529>
##contig=<ID=chr3,length=198295559>
##contig=<ID=chr4,length=190214555>
##contig=<ID=chr5,length=181538259>
##contig=<ID=chr6,length=170805979>
# This file was produced by bcftools stats (1.20+htslib-1.20) and can be plotted using plot-vcfstats.
# The command line was:	bcftools stats  /hpc/local/Rocky8/dhl_ec/software/MonopogenLite/resources/chrX.part83.vcf.gz
#
# Definition of sets:
# ID	[2]id	[3]tab-separated file names
ID	0	/hpc/local/Rocky8/dhl_ec/software/MonopogenLite/resources/chrX.part83.vcf.gz
# SN, Summary numbers:
#   number of records   .. number of data rows in the VCF
#   number of no-ALTs   .. reference-only sites, ALT is either "." or identical to REF
#   number of SNPs      .. number of rows with a SNP
#   number of MNPs      .. number of rows with a MNP, such as CC>TT
#   number of indels    .. number of rows with an indel
#   number of others    .. number of rows with other type, for example a symbolic allele or
#                          a complex substitution, such as ACT>TCGA
#   number of multiallelic sites     .. number of rows with multiple alternate alleles
#   number of multiallelic SNP sites .. number of rows with multiple alternate alleles, all SNPs
# 
#   Note that rows containing multiple types will be counted multiple times, in each
#   counter. For example, a row with a SNP and an indel increments both the SNP and
#   the indel counter.
# 
# SN	[2]id	[3]key	[4]value
SN	0	number of samples:	3202
SN	0	number of records:	15556
SN	0	number of no-ALTs:	0
SN	0	number of SNPs:	15556
SN	0	number of MNPs:	0
SN	0	number of indels:	0
SN	0	number of others:	0
SN	0	number of multiallelic sites:	0
SN	0	number of multiallelic SNP sites:	0
# TSTV, transitions/transversions:
# TSTV	[2]id	[3]ts	[4]tv	[5]ts/tv	[6]ts (1st ALT)	[7]tv (1st ALT)	[8]ts/tv (1st ALT)
TSTV	0	10334	5222	1.98	10334	5222	1.98
# SiS, Singleton stats:
# SiS	[2]id	[3]allele count	[4]number of SNPs	[5]number of transitions	[6]number of transversions	[7]number of indels	[8]repeat-consistent	[9]repeat-inconsistent	[10]not applicable
SiS	0	1	0	0	0	0	0	0	0
# AF, Stats by non-reference allele frequency:
# AF	[2]id	[3]allele frequency	[4]number of SNPs	[5]number of transitions	[6]number of transversions	[7]number of indels	[8]repeat-consistent	[9]repeat-inconsistent	[10]not applicable
AF	0	0.000312	2442	1664	778	0	0	0	0
AF	0	0.000625	1504	981	523	0	0	0	0
AF	0	0.000937	1660	1109	551	0	0	0	0
AF	0	0.001249	519	361	158	0	0	0	0
AF	0	0.001562	874	585	289	0	0	0	0
AF	0	0.001874	291	191	100	0	0	0	0
AF	0	0.002186	488	326	162	0	0	0	0
AF	0	0.002498	228	154	74	0	0	0	0
AF	0	0.002811	387	239	148	0	0	0	0
AF	0	0.003123	205	140	65	0	0	0	0
AF	0	0.003435	290	190	100	0	0	0	0
AF	0	0.003748	127	95	32	0	0	0	0
AF	0	0.004060	240	159	81	0	0	0	0
AF	0	0.004372	119	79	40	0	0	0	0
AF	0	0.004685	237	157	80	0	0	0	0
AF	0	0.004997	64	42	22	0	0	0	0
AF	0	0.005309	155	105	50	0	0	0	0
AF	0	0.005621	78	54	24	0	0	0	0
AF	0	0.005934	142	91	51	0	0	0	0
AF	0	0.006246	80	59	21	0	0	0	0
AF	0	0.006558	109	81	28	0	0	0	0
AF	0	0.006871	48	29	19	0	0	0	0
AF	0	0.007183	108	75	33	0	0	0	0
AF	0	0.007495	46	21	25	0	0	0	0
AF	0	0.007808	126	85	41	0	0	0	0
AF	0	0.008120	41	24	17	0	0	0	0
AF	0	0.008432	115	68	47	0	0	0	0
AF	0	0.008745	39	29	10	0	0	0	0
AF	0	0.009057	95	65	30	0	0	0	0
AF	0	0.009369	39	26	13	0	0	0	0
AF	0	0.009681	73	50	23	0	0	0	0
AF	0	0.009994	27	20	7	0	0	0	0
AF	0	0.010306	79	48	31	0	0	0	0
AF	0	0.010618	26	18	8	0	0	0	0
AF	0	0.010931	72	53	19	0	0	0	0
AF	0	0.011243	46	27	19	0	0	0	0
AF	0	0.011555	41	30	11	0	0	0	0
AF	0	0.011868	25	20	5	0	0	0	0
AF	0	0.012180	38	22	16	0	0	0	0
AF	0	0.012492	27	15	12	0	0	0	0
AF	0	0.012804	38	21	17	0	0	0	0
AF	0	0.013117	20	11	9	0	0	0	0
AF	0	0.013429	40	24	16	0	0	0	0
AF	0	0.013741	28	20	8	0	0	0	0
AF	0	0.014054	47	32	15	0	0	0	0
AF	0	0.014366	14	10	4	0	0	0	0
AF	0	0.014678	45	26	19	0	0	0	0
AF	0	0.014991	16	9	7	0	0	0	0
AF	0	0.015303	18	12	6	0	0	0	0
AF	0	0.015615	18	15	3	0	0	0	0
AF	0	0.015928	37	23	14	0	0	0	0
AF	0	0.016240	14	8	6	0	0	0	0
AF	0	0.016552	32	19	13	0	0	0	0
AF	0	0.016864	16	7	9	0	0	0	0
AF	0	0.017177	39	28	11	0	0	0	0
AF	0	0.017489	14	10	4	0	0	0	0
AF	0	0.017801	32	18	14	0	0	0	0
AF	0	0.018114	21	8	13	0	0	0	0
AF	0	0.018426	34	23	11	0	0	0	0
AF	0	0.018738	14	11	3	0	0	0	0
AF	0	0.019051	31	22	9	0	0	0	0
AF	0	0.019363	17	10	7	0	0	0	0
AF	0	0.019675	34	28	6	0	0	0	0
AF	0	0.019988	8	5	3	0	0	0	0
AF	0	0.020300	44	32	12	0	0	0	0
AF	0	0.020612	16	12	4	0	0	0	0
AF	0	0.020924	23	16	7	0	0	0	0
AF	0	0.021237	10	8	2	0	0	0	0
AF	0	0.021549	43	30	13	0	0	0	0
AF	0	0.021861	6	5	1	0	0	0	0
AF	0	0.022174	20	15	5	0	0	0	0
AF	0	0.022486	4	3	1	0	0	0	0
AF	0	0.022798	35	23	12	0	0	0	0
AF	0	0.023111	27	18	9	0	0	0	0
AF	0	0.023423	35	26	9	0	0	0	0
AF	0	0.023735	13	10	3	0	0	0	0
AF	0	0.024047	31	22	9	0	0	0	0
AF	0	0.024360	38	27	11	0	0	0	0
AF	0	0.024672	27	18	9	0	0	0	0
AF	0	0.024984	1	1	0	0	0	0	0
AF	0	0.025297	34	21	13	0	0	0	0
AF	0	0.025609	4	2	2	0	0	0	0
AF	0	0.025921	24	17	7	0	0	0	0
AF	0	0.026234	12	6	6	0	0	0	0
AF	0	0.026546	24	8	16	0	0	0	0
AF	0	0.026858	13	9	4	0	0	0	0
AF	0	0.027171	18	14	4	0	0	0	0
AF	0	0.027483	8	4	4	0	0	0	0
AF	0	0.027795	18	10	8	0	0	0	0
AF	0	0.028107	17	12	5	0	0	0	0
AF	0	0.028420	21	14	7	0	0	0	0
AF	0	0.028732	14	9	5	0	0	0	0
AF	0	0.029044	22	19	3	0	0	0	0
AF	0	0.029357	6	3	3	0	0	0	0
AF	0	0.029669	23	9	14	0	0	0	0
AF	0	0.029981	11	7	4	0	0	0	0
AF	0	0.030294	13	9	4	0	0	0	0
AF	0	0.030606	7	4	3	0	0	0	0
AF	0	0.030918	7	4	3	0	0	0	0
AF	0	0.031230	5	3	2	0	0	0	0
AF	0	0.031543	23	17	6	0	0	0	0
AF	0	0.031855	8	6	2	0	0	0	0
AF	0	0.032167	19	10	9	0	0	0	0
AF	0	0.032480	11	8	3	0	0	0	0
AF	0	0.032792	28	18	10	0	0	0	0
AF	0	0.033104	4	3	1	0	0	0	0
AF	0	0.033417	20	14	6	0	0	0	0
AF	0	0.033729	26	18	8	0	0	0	0
AF	0	0.034041	13	11	2	0	0	0	0
AF	0	0.034354	10	7	3	0	0	0	0
AF	0	0.034666	14	11	3	0	0	0	0
AF	0	0.034978	4	3	1	0	0	0	0
AF	0	0.035290	9	5	4	0	0	0	0
AF	0	0.035603	9	5	4	0	0	0	0
AF	0	0.035915	16	12	4	0	0	0	0
AF	0	0.036227	13	6	7	0	0	0	0
AF	0	0.036540	17	14	3	0	0	0	0
AF	0	0.036852	11	3	8	0	0	0	0
AF	0	0.037164	17	12	5	0	0	0	0
AF	0	0.037477	4	2	2	0	0	0	0
AF	0	0.037789	7	5	2	0	0	0	0
AF	0	0.038101	8	4	4	0	0	0	0
AF	0	0.038413	9	6	3	0	0	0	0
AF	0	0.038726	2	2	0	0	0	0	0
AF	0	0.039038	8	7	1	0	0	0	0
AF	0	0.039350	1	0	1	0	0	0	0
AF	0	0.039663	3	1	2	0	0	0	0
AF	0	0.039975	1	1	0	0	0	0	0
AF	0	0.040287	7	5	2	0	0	0	0
AF	0	0.040600	3	2	1	0	0	0	0
AF	0	0.040912	13	9	4	0	0	0	0
AF	0	0.041224	6	3	3	0	0	0	0
AF	0	0.041537	29	16	13	0	0	0	0
AF	0	0.041849	5	3	2	0	0	0	0
AF	0	0.042161	10	8	2	0	0	0	0
AF	0	0.042473	5	3	2	0	0	0	0
AF	0	0.042786	33	25	8	0	0	0	0
AF	0	0.043098	9	2	7	0	0	0	0
AF	0	0.043410	7	3	4	0	0	0	0
AF	0	0.043723	2	2	0	0	0	0	0
AF	0	0.044035	7	7	0	0	0	0	0
AF	0	0.044347	4	2	2	0	0	0	0
AF	0	0.044660	3	2	1	0	0	0	0
AF	0	0.044972	1	0	1	0	0	0	0
AF	0	0.045284	9	6	3	0	0	0	0
AF	0	0.045597	4	2	2	0	0	0	0
AF	0	0.045909	6	4	2	0	0	0	0
AF	0	0.046533	6	4	2	0	0	0	0
AF	0	0.046846	1	0	1	0	0	0	0
AF	0	0.047158	2	2	0	0	0	0	0
AF	0	0.047470	2	2	0	0	0	0	0
AF	0	0.047783	9	4	5	0	0	0	0
AF	0	0.048095	8	5	3	0	0	0	0
AF	0	0.048407	7	5	2	0	0	0	0
AF	0	0.048720	1	0	1	0	0	0	0
AF	0	0.049032	9	6	3	0	0	0	0
AF	0	0.049344	4	2	2	0	0	0	0
AF	0	0.049656	10	8	2	0	0	0	0
AF	0	0.049969	35	24	11	0	0	0	0
AF	0	0.050281	33	21	12	0	0	0	0
AF	0	0.050593	11	7	4	0	0	0	0
AF	0	0.050906	3	1	2	0	0	0	0
AF	0	0.051530	4	3	1	0	0	0	0
AF	0	0.051843	1	1	0	0	0	0	0
AF	0	0.052155	4	2	2	0	0	0	0
AF	0	0.052467	5	3	2	0	0	0	0
AF	0	0.052780	8	3	5	0	0	0	0
AF	0	0.053092	2	0	2	0	0	0	0
AF	0	0.053404	4	2	2	0	0	0	0
AF	0	0.053716	2	2	0	0	0	0	0
AF	0	0.054029	20	16	4	0	0	0	0
AF	0	0.054653	20	11	9	0	0	0	0
AF	0	0.054966	4	3	1	0	0	0	0
AF	0	0.055278	10	8	2	0	0	0	0
AF	0	0.055590	8	7	1	0	0	0	0
AF	0	0.055903	7	4	3	0	0	0	0
AF	0	0.056215	3	2	1	0	0	0	0
AF	0	0.056527	11	5	6	0	0	0	0
AF	0	0.056839	3	2	1	0	0	0	0
AF	0	0.057152	4	3	1	0	0	0	0
AF	0	0.057464	4	3	1	0	0	0	0
AF	0	0.057776	4	4	0	0	0	0	0
AF	0	0.058089	1	1	0	0	0	0	0
AF	0	0.058401	7	4	3	0	0	0	0
AF	0	0.058713	13	8	5	0	0	0	0
AF	0	0.059026	9	7	2	0	0	0	0
AF	0	0.059338	1	1	0	0	0	0	0
AF	0	0.059650	14	9	5	0	0	0	0
AF	0	0.059963	3	2	1	0	0	0	0
AF	0	0.060275	18	14	4	0	0	0	0
AF	0	0.060899	4	2	2	0	0	0	0
AF	0	0.061212	2	2	0	0	0	0	0
AF	0	0.061524	7	5	2	0	0	0	0
AF	0	0.061836	4	3	1	0	0	0	0
AF	0	0.062149	6	4	2	0	0	0	0
AF	0	0.062461	1	1	0	0	0	0	0
AF	0	0.062773	9	4	5	0	0	0	0
AF	0	0.063086	5	3	2	0	0	0	0
AF	0	0.063398	12	6	6	0	0	0	0
AF	0	0.063710	4	2	2	0	0	0	0
AF	0	0.064022	7	5	2	0	0	0	0
AF	0	0.064335	4	3	1	0	0	0	0
AF	0	0.064647	5	4	1	0	0	0	0
AF	0	0.064959	1	1	0	0	0	0	0
AF	0	0.065272	3	1	2	0	0	0	0
AF	0	0.065584	2	0	2	0	0	0	0
AF	0	0.065896	6	5	1	0	0	0	0
AF	0	0.066209	2	2	0	0	0	0	0
AF	0	0.066521	3	2	1	0	0	0	0
AF	0	0.066833	4	3	1	0	0	0	0
AF	0	0.067146	5	4	1	0	0	0	0
AF	0	0.067458	3	2	1	0	0	0	0
AF	0	0.067770	4	2	2	0	0	0	0
AF	0	0.068395	2	1	1	0	0	0	0
AF	0	0.069019	6	4	2	0	0	0	0
AF	0	0.069332	3	2	1	0	0	0	0
AF	0	0.069644	11	8	3	0	0	0	0
AF	0	0.069956	2	1	1	0	0	0	0
AF	0	0.070269	1	0	1	0	0	0	0
AF	0	0.070581	2	1	1	0	0	0	0
AF	0	0.070893	11	8	3	0	0	0	0
AF	0	0.071205	2	1	1	0	0	0	0
AF	0	0.071518	4	2	2	0	0	0	0
AF	0	0.071830	6	5	1	0	0	0	0
AF	0	0.072142	2	1	1	0	0	0	0
AF	0	0.072455	3	2	1	0	0	0	0
AF	0	0.072767	6	5	1	0	0	0	0
AF	0	0.073392	4	4	0	0	0	0	0
AF	0	0.073704	2	1	1	0	0	0	0
AF	0	0.074016	4	1	3	0	0	0	0
AF	0	0.074641	4	1	3	0	0	0	0
AF	0	0.075265	4	3	1	0	0	0	0
AF	0	0.075578	1	1	0	0	0	0	0
AF	0	0.075890	7	5	2	0	0	0	0
AF	0	0.076515	1	1	0	0	0	0	0
AF	0	0.076827	1	1	0	0	0	0	0
AF	0	0.077139	1	0	1	0	0	0	0
AF	0	0.077452	2	0	2	0	0	0	0
AF	0	0.077764	7	5	2	0	0	0	0
AF	0	0.078076	2	2	0	0	0	0	0
AF	0	0.078389	4	4	0	0	0	0	0
AF	0	0.079638	1	0	1	0	0	0	0
AF	0	0.079950	2	1	1	0	0	0	0
AF	0	0.080262	4	1	3	0	0	0	0
AF	0	0.080575	3	1	2	0	0	0	0
AF	0	0.080887	7	4	3	0	0	0	0
AF	0	0.081199	1	1	0	0	0	0	0
AF	0	0.081512	10	8	2	0	0	0	0
AF	0	0.081824	3	3	0	0	0	0	0
AF	0	0.082136	5	3	2	0	0	0	0
AF	0	0.082448	1	0	1	0	0	0	0
AF	0	0.082761	2	1	1	0	0	0	0
AF	0	0.083073	2	2	0	0	0	0	0
AF	0	0.083385	5	3	2	0	0	0	0
AF	0	0.083698	4	0	4	0	0	0	0
AF	0	0.084010	5	4	1	0	0	0	0
AF	0	0.084635	2	1	1	0	0	0	0
AF	0	0.084947	2	1	1	0	0	0	0
AF	0	0.085259	2	2	0	0	0	0	0
AF	0	0.085572	1	1	0	0	0	0	0
AF	0	0.085884	2	2	0	0	0	0	0
AF	0	0.086196	3	2	1	0	0	0	0
AF	0	0.087133	2	2	0	0	0	0	0
AF	0	0.087445	5	5	0	0	0	0	0
AF	0	0.087758	5	1	4	0	0	0	0
AF	0	0.088070	1	0	1	0	0	0	0
AF	0	0.088382	9	6	3	0	0	0	0
AF	0	0.088695	5	4	1	0	0	0	0
AF	0	0.089007	1	1	0	0	0	0	0
AF	0	0.089319	1	0	1	0	0	0	0
AF	0	0.089631	1	1	0	0	0	0	0
AF	0	0.089944	1	1	0	0	0	0	0
AF	0	0.090256	3	1	2	0	0	0	0
AF	0	0.090568	1	0	1	0	0	0	0
AF	0	0.090881	1	1	0	0	0	0	0
AF	0	0.091193	3	2	1	0	0	0	0
AF	0	0.091818	1	1	0	0	0	0	0
AF	0	0.092130	2	2	0	0	0	0	0
AF	0	0.092755	4	1	3	0	0	0	0
AF	0	0.093067	1	0	1	0	0	0	0
AF	0	0.093379	2	2	0	0	0	0	0
AF	0	0.094004	4	3	1	0	0	0	0
AF	0	0.095253	1	1	0	0	0	0	0
AF	0	0.095878	5	3	2	0	0	0	0
AF	0	0.096190	2	1	1	0	0	0	0
AF	0	0.096502	1	0	1	0	0	0	0
AF	0	0.096814	1	0	1	0	0	0	0
AF	0	0.097127	6	5	1	0	0	0	0
AF	0	0.097439	4	1	3	0	0	0	0
AF	0	0.097751	3	3	0	0	0	0	0
AF	0	0.098064	1	0	1	0	0	0	0
AF	0	0.098376	4	1	3	0	0	0	0
AF	0	0.098688	2	1	1	0	0	0	0
AF	0	0.099001	2	1	1	0	0	0	0
AF	0	0.099625	6	5	1	0	0	0	0
AF	0	0.099938	2	1	1	0	0	0	0
AF	0	0.100250	2	2	0	0	0	0	0
AF	0	0.100562	1	1	0	0	0	0	0
AF	0	0.100874	4	3	1	0	0	0	0
AF	0	0.101499	8	3	5	0	0	0	0
AF	0	0.101811	2	0	2	0	0	0	0
AF	0	0.102124	6	3	3	0	0	0	0
AF	0	0.102436	2	2	0	0	0	0	0
AF	0	0.102748	4	4	0	0	0	0	0
AF	0	0.103061	1	0	1	0	0	0	0
AF	0	0.103685	2	2	0	0	0	0	0
AF	0	0.103998	19	14	5	0	0	0	0
AF	0	0.104310	4	2	2	0	0	0	0
AF	0	0.104622	4	4	0	0	0	0	0
AF	0	0.104934	1	1	0	0	0	0	0
AF	0	0.105247	13	9	4	0	0	0	0
AF	0	0.105559	4	3	1	0	0	0	0
AF	0	0.105871	9	5	4	0	0	0	0
AF	0	0.106184	1	1	0	0	0	0	0
AF	0	0.106496	2	1	1	0	0	0	0
AF	0	0.107433	3	0	3	0	0	0	0
AF	0	0.108057	1	1	0	0	0	0	0
AF	0	0.108370	2	1	1	0	0	0	0
AF	0	0.108682	1	1	0	0	0	0	0
AF	0	0.108994	1	1	0	0	0	0	0
AF	0	0.109619	4	3	1	0	0	0	0
AF	0	0.109931	4	3	1	0	0	0	0
AF	0	0.110556	1	1	0	0	0	0	0
AF	0	0.110868	2	2	0	0	0	0	0
AF	0	0.111181	3	1	2	0	0	0	0
AF	0	0.111805	3	1	2	0	0	0	0
AF	0	0.112430	2	1	1	0	0	0	0
AF	0	0.112742	3	2	1	0	0	0	0
AF	0	0.113054	5	5	0	0	0	0	0
AF	0	0.113367	3	1	2	0	0	0	0
AF	0	0.113679	8	3	5	0	0	0	0
AF	0	0.113991	1	1	0	0	0	0	0
AF	0	0.114304	5	4	1	0	0	0	0
AF	0	0.114616	2	1	1	0	0	0	0
AF	0	0.114928	2	2	0	0	0	0	0
AF	0	0.115240	2	2	0	0	0	0	0
AF	0	0.115553	2	1	1	0	0	0	0
AF	0	0.116802	3	3	0	0	0	0	0
AF	0	0.117427	1	1	0	0	0	0	0
AF	0	0.117739	1	1	0	0	0	0	0
AF	0	0.118676	1	1	0	0	0	0	0
AF	0	0.118988	1	0	1	0	0	0	0
AF	0	0.119300	1	1	0	0	0	0	0
AF	0	0.119613	5	2	3	0	0	0	0
AF	0	0.119925	2	0	2	0	0	0	0
AF	0	0.120237	2	2	0	0	0	0	0
AF	0	0.120550	3	2	1	0	0	0	0
AF	0	0.120862	1	1	0	0	0	0	0
AF	0	0.121174	2	0	2	0	0	0	0
AF	0	0.121487	5	3	2	0	0	0	0
AF	0	0.121799	2	2	0	0	0	0	0
AF	0	0.122111	6	5	1	0	0	0	0
AF	0	0.122423	8	4	4	0	0	0	0
AF	0	0.122736	1	1	0	0	0	0	0
AF	0	0.123048	6	4	2	0	0	0	0
AF	0	0.123360	1	0	1	0	0	0	0
AF	0	0.123673	5	5	0	0	0	0	0
AF	0	0.123985	1	1	0	0	0	0	0
AF	0	0.124922	6	5	1	0	0	0	0
AF	0	0.125547	3	1	2	0	0	0	0
AF	0	0.126171	1	0	1	0	0	0	0
AF	0	0.126483	1	1	0	0	0	0	0
AF	0	0.126796	2	2	0	0	0	0	0
AF	0	0.127108	1	1	0	0	0	0	0
AF	0	0.127420	2	2	0	0	0	0	0
AF	0	0.127733	3	2	1	0	0	0	0
AF	0	0.128045	3	2	1	0	0	0	0
AF	0	0.128357	2	2	0	0	0	0	0
AF	0	0.128670	3	2	1	0	0	0	0
AF	0	0.128982	1	1	0	0	0	0	0
AF	0	0.129294	1	1	0	0	0	0	0
AF	0	0.129606	1	1	0	0	0	0	0
AF	0	0.129919	1	1	0	0	0	0	0
AF	0	0.130543	2	2	0	0	0	0	0
AF	0	0.130856	2	2	0	0	0	0	0
AF	0	0.131168	1	1	0	0	0	0	0
AF	0	0.131480	2	2	0	0	0	0	0
AF	0	0.131793	1	1	0	0	0	0	0
AF	0	0.132105	2	2	0	0	0	0	0
AF	0	0.132417	5	3	2	0	0	0	0
AF	0	0.132730	1	1	0	0	0	0	0
AF	0	0.133042	4	2	2	0	0	0	0
AF	0	0.133354	3	1	2	0	0	0	0
AF	0	0.133666	6	1	5	0	0	0	0
AF	0	0.134603	1	0	1	0	0	0	0
AF	0	0.136165	7	3	4	0	0	0	0
AF	0	0.136477	1	0	1	0	0	0	0
AF	0	0.136790	3	1	2	0	0	0	0
AF	0	0.137102	1	1	0	0	0	0	0
AF	0	0.138976	3	2	1	0	0	0	0
AF	0	0.139288	1	0	1	0	0	0	0
AF	0	0.139600	2	2	0	0	0	0	0
AF	0	0.139913	2	2	0	0	0	0	0
AF	0	0.140225	1	0	1	0	0	0	0
AF	0	0.140537	2	2	0	0	0	0	0
AF	0	0.140849	2	1	1	0	0	0	0
AF	0	0.141786	2	1	1	0	0	0	0
AF	0	0.142099	1	0	1	0	0	0	0
AF	0	0.142411	1	0	1	0	0	0	0
AF	0	0.143036	1	1	0	0	0	0	0
AF	0	0.143348	2	2	0	0	0	0	0
AF	0	0.143660	1	1	0	0	0	0	0
AF	0	0.145222	2	2	0	0	0	0	0
AF	0	0.145534	2	1	1	0	0	0	0
AF	0	0.146159	1	1	0	0	0	0	0
AF	0	0.147096	1	0	1	0	0	0	0
AF	0	0.147720	1	0	1	0	0	0	0
AF	0	0.148032	1	1	0	0	0	0	0
AF	0	0.149282	3	3	0	0	0	0	0
AF	0	0.149906	4	1	3	0	0	0	0
AF	0	0.150531	2	1	1	0	0	0	0
AF	0	0.150843	1	1	0	0	0	0	0
AF	0	0.151156	1	1	0	0	0	0	0
AF	0	0.152092	2	2	0	0	0	0	0
AF	0	0.152405	1	1	0	0	0	0	0
AF	0	0.153029	1	1	0	0	0	0	0
AF	0	0.153342	1	1	0	0	0	0	0
AF	0	0.154279	1	1	0	0	0	0	0
AF	0	0.154591	1	1	0	0	0	0	0
AF	0	0.155528	2	1	1	0	0	0	0
AF	0	0.156777	1	1	0	0	0	0	0
AF	0	0.157089	1	0	1	0	0	0	0
AF	0	0.157402	1	1	0	0	0	0	0
AF	0	0.158651	2	0	2	0	0	0	0
AF	0	0.158963	3	3	0	0	0	0	0
AF	0	0.159275	2	2	0	0	0	0	0
AF	0	0.159588	2	0	2	0	0	0	0
AF	0	0.159900	4	2	2	0	0	0	0
AF	0	0.160212	1	1	0	0	0	0	0
AF	0	0.162399	2	2	0	0	0	0	0
AF	0	0.163023	2	2	0	0	0	0	0
AF	0	0.163335	3	1	2	0	0	0	0
AF	0	0.163648	1	1	0	0	0	0	0
AF	0	0.165209	1	0	1	0	0	0	0
AF	0	0.165522	2	0	2	0	0	0	0
AF	0	0.165834	1	1	0	0	0	0	0
AF	0	0.166771	2	1	1	0	0	0	0
AF	0	0.167395	1	1	0	0	0	0	0
AF	0	0.168020	2	1	1	0	0	0	0
AF	0	0.168332	3	2	1	0	0	0	0
AF	0	0.168645	4	1	3	0	0	0	0
AF	0	0.168957	13	9	4	0	0	0	0
AF	0	0.169269	2	1	1	0	0	0	0
AF	0	0.169894	1	0	1	0	0	0	0
AF	0	0.171143	1	1	0	0	0	0	0
AF	0	0.171768	2	1	1	0	0	0	0
AF	0	0.172392	2	2	0	0	0	0	0
AF	0	0.173017	2	1	1	0	0	0	0
AF	0	0.173329	2	2	0	0	0	0	0
AF	0	0.173954	1	1	0	0	0	0	0
AF	0	0.174266	1	1	0	0	0	0	0
AF	0	0.174891	1	1	0	0	0	0	0
AF	0	0.176140	3	2	1	0	0	0	0
AF	0	0.176765	4	2	2	0	0	0	0
AF	0	0.177389	2	2	0	0	0	0	0
AF	0	0.177701	2	1	1	0	0	0	0
AF	0	0.178638	4	4	0	0	0	0	0
AF	0	0.179263	1	1	0	0	0	0	0
AF	0	0.179575	3	2	1	0	0	0	0
AF	0	0.179888	1	1	0	0	0	0	0
AF	0	0.180512	4	0	4	0	0	0	0
AF	0	0.181137	4	2	2	0	0	0	0
AF	0	0.181449	1	0	1	0	0	0	0
AF	0	0.181761	1	1	0	0	0	0	0
AF	0	0.182074	1	1	0	0	0	0	0
AF	0	0.182386	1	1	0	0	0	0	0
AF	0	0.183011	3	2	1	0	0	0	0
AF	0	0.184260	2	2	0	0	0	0	0
AF	0	0.184884	2	1	1	0	0	0	0
AF	0	0.186446	1	0	1	0	0	0	0
AF	0	0.186758	1	1	0	0	0	0	0
AF	0	0.188944	1	0	1	0	0	0	0
AF	0	0.189881	1	1	0	0	0	0	0
AF	0	0.190194	1	1	0	0	0	0	0
AF	0	0.190506	1	1	0	0	0	0	0
AF	0	0.190818	2	2	0	0	0	0	0
AF	0	0.191131	7	6	1	0	0	0	0
AF	0	0.191443	1	1	0	0	0	0	0
AF	0	0.191755	5	4	1	0	0	0	0
AF	0	0.192067	1	0	1	0	0	0	0
AF	0	0.193004	1	1	0	0	0	0	0
AF	0	0.193629	1	0	1	0	0	0	0
AF	0	0.194254	1	1	0	0	0	0	0
AF	0	0.194878	1	0	1	0	0	0	0
AF	0	0.195815	1	0	1	0	0	0	0
AF	0	0.196127	1	0	1	0	0	0	0
AF	0	0.196440	2	2	0	0	0	0	0
AF	0	0.197064	1	1	0	0	0	0	0
AF	0	0.198001	1	0	1	0	0	0	0
AF	0	0.199250	2	2	0	0	0	0	0
AF	0	0.199875	1	0	1	0	0	0	0
AF	0	0.200187	1	0	1	0	0	0	0
AF	0	0.200500	2	1	1	0	0	0	0
AF	0	0.201437	1	0	1	0	0	0	0
AF	0	0.202998	1	1	0	0	0	0	0
AF	0	0.203935	2	2	0	0	0	0	0
AF	0	0.204247	1	1	0	0	0	0	0
AF	0	0.204560	1	1	0	0	0	0	0
AF	0	0.204872	3	3	0	0	0	0	0
AF	0	0.205497	1	1	0	0	0	0	0
AF	0	0.205809	3	3	0	0	0	0	0
AF	0	0.206121	7	5	2	0	0	0	0
AF	0	0.206746	3	2	1	0	0	0	0
AF	0	0.207370	1	1	0	0	0	0	0
AF	0	0.207683	1	1	0	0	0	0	0
AF	0	0.208620	2	1	1	0	0	0	0
AF	0	0.209244	1	0	1	0	0	0	0
AF	0	0.209557	1	1	0	0	0	0	0
AF	0	0.209869	1	1	0	0	0	0	0
AF	0	0.210181	9	4	5	0	0	0	0
AF	0	0.210493	2	2	0	0	0	0	0
AF	0	0.210806	13	9	4	0	0	0	0
AF	0	0.211118	1	1	0	0	0	0	0
AF	0	0.211430	2	1	1	0	0	0	0
AF	0	0.212992	3	1	2	0	0	0	0
AF	0	0.213304	1	0	1	0	0	0	0
AF	0	0.213616	6	4	2	0	0	0	0
AF	0	0.214866	1	0	1	0	0	0	0
AF	0	0.215178	1	1	0	0	0	0	0
AF	0	0.215490	1	0	1	0	0	0	0
AF	0	0.219238	1	0	1	0	0	0	0
AF	0	0.223298	1	1	0	0	0	0	0
AF	0	0.223923	2	2	0	0	0	0	0
AF	0	0.225484	1	1	0	0	0	0	0
AF	0	0.225796	1	0	1	0	0	0	0
AF	0	0.226109	2	2	0	0	0	0	0
AF	0	0.227046	1	0	1	0	0	0	0
AF	0	0.230169	1	0	1	0	0	0	0
AF	0	0.230793	1	0	1	0	0	0	0
AF	0	0.232042	2	1	1	0	0	0	0
AF	0	0.232355	1	1	0	0	0	0	0
AF	0	0.233292	1	0	1	0	0	0	0
AF	0	0.233604	1	1	0	0	0	0	0
AF	0	0.233916	1	1	0	0	0	0	0
AF	0	0.235790	1	0	1	0	0	0	0
AF	0	0.236415	2	0	2	0	0	0	0
AF	0	0.238289	2	2	0	0	0	0	0
AF	0	0.238601	1	0	1	0	0	0	0
AF	0	0.238913	2	2	0	0	0	0	0
AF	0	0.239225	2	1	1	0	0	0	0
AF	0	0.239538	7	4	3	0	0	0	0
AF	0	0.239850	3	3	0	0	0	0	0
AF	0	0.240162	3	2	1	0	0	0	0
AF	0	0.240787	3	3	0	0	0	0	0
AF	0	0.241412	1	0	1	0	0	0	0
AF	0	0.241724	1	1	0	0	0	0	0
AF	0	0.242036	1	1	0	0	0	0	0
AF	0	0.242661	1	0	1	0	0	0	0
AF	0	0.243285	4	2	2	0	0	0	0
AF	0	0.243598	1	1	0	0	0	0	0
AF	0	0.243910	1	1	0	0	0	0	0
AF	0	0.244222	1	0	1	0	0	0	0
AF	0	0.244535	2	1	1	0	0	0	0
AF	0	0.244847	1	1	0	0	0	0	0
AF	0	0.245159	3	1	2	0	0	0	0
AF	0	0.245784	1	0	1	0	0	0	0
AF	0	0.246408	2	2	0	0	0	0	0
AF	0	0.246721	1	1	0	0	0	0	0
AF	0	0.247033	3	3	0	0	0	0	0
AF	0	0.247345	2	2	0	0	0	0	0
AF	0	0.247658	3	0	3	0	0	0	0
AF	0	0.248907	1	1	0	0	0	0	0
AF	0	0.249532	1	0	1	0	0	0	0
AF	0	0.251405	2	1	1	0	0	0	0
AF	0	0.252030	1	1	0	0	0	0	0
AF	0	0.252342	1	0	1	0	0	0	0
AF	0	0.252967	1	1	0	0	0	0	0
AF	0	0.253279	1	1	0	0	0	0	0
AF	0	0.253904	1	1	0	0	0	0	0
AF	0	0.254216	1	0	1	0	0	0	0
AF	0	0.255465	1	1	0	0	0	0	0
AF	0	0.256090	1	0	1	0	0	0	0
AF	0	0.256715	1	1	0	0	0	0	0
AF	0	0.257027	1	1	0	0	0	0	0
AF	0	0.257339	3	3	0	0	0	0	0
AF	0	0.257651	1	0	1	0	0	0	0
AF	0	0.258276	2	1	1	0	0	0	0
AF	0	0.258588	2	1	1	0	0	0	0
AF	0	0.258901	1	1	0	0	0	0	0
AF	0	0.259213	1	1	0	0	0	0	0
AF	0	0.259525	1	1	0	0	0	0	0
AF	0	0.259838	1	0	1	0	0	0	0
AF	0	0.260150	1	1	0	0	0	0	0
AF	0	0.262648	2	1	1	0	0	0	0
AF	0	0.262961	1	1	0	0	0	0	0
AF	0	0.263898	1	1	0	0	0	0	0
AF	0	0.264522	1	1	0	0	0	0	0
AF	0	0.264834	1	1	0	0	0	0	0
AF	0	0.265771	1	0	1	0	0	0	0
AF	0	0.266084	1	1	0	0	0	0	0
AF	0	0.266396	1	1	0	0	0	0	0
AF	0	0.267021	1	1	0	0	0	0	0
AF	0	0.267645	1	1	0	0	0	0	0
AF	0	0.268270	2	2	0	0	0	0	0
AF	0	0.268894	2	2	0	0	0	0	0
AF	0	0.269519	1	1	0	0	0	0	0
AF	0	0.271393	3	3	0	0	0	0	0
AF	0	0.272017	1	0	1	0	0	0	0
AF	0	0.273891	2	2	0	0	0	0	0
AF	0	0.274204	1	1	0	0	0	0	0
AF	0	0.275141	4	1	3	0	0	0	0
AF	0	0.275453	1	1	0	0	0	0	0
AF	0	0.275765	8	6	2	0	0	0	0
AF	0	0.276077	6	5	1	0	0	0	0
AF	0	0.276390	1	1	0	0	0	0	0
AF	0	0.277639	3	2	1	0	0	0	0
AF	0	0.278264	5	1	4	0	0	0	0
AF	0	0.278888	1	0	1	0	0	0	0
AF	0	0.279513	1	1	0	0	0	0	0
AF	0	0.279825	1	1	0	0	0	0	0
AF	0	0.280137	1	1	0	0	0	0	0
AF	0	0.280450	1	1	0	0	0	0	0
AF	0	0.281074	1	0	1	0	0	0	0
AF	0	0.281387	1	0	1	0	0	0	0
AF	0	0.282324	1	1	0	0	0	0	0
AF	0	0.284197	1	1	0	0	0	0	0
AF	0	0.285447	1	0	1	0	0	0	0
AF	0	0.286384	4	3	1	0	0	0	0
AF	0	0.287008	6	2	4	0	0	0	0
AF	0	0.287320	2	1	1	0	0	0	0
AF	0	0.288257	2	2	0	0	0	0	0
AF	0	0.288570	1	0	1	0	0	0	0
AF	0	0.288882	2	1	1	0	0	0	0
AF	0	0.289194	4	2	2	0	0	0	0
AF	0	0.289507	9	6	3	0	0	0	0
AF	0	0.290131	1	1	0	0	0	0	0
AF	0	0.292005	2	2	0	0	0	0	0
AF	0	0.293254	2	2	0	0	0	0	0
AF	0	0.294191	1	1	0	0	0	0	0
AF	0	0.294503	1	0	1	0	0	0	0
AF	0	0.297626	1	0	1	0	0	0	0
AF	0	0.298563	1	1	0	0	0	0	0
AF	0	0.298876	1	0	1	0	0	0	0
AF	0	0.299500	1	1	0	0	0	0	0
AF	0	0.300125	1	1	0	0	0	0	0
AF	0	0.301374	1	1	0	0	0	0	0
AF	0	0.302311	1	0	1	0	0	0	0
AF	0	0.302623	1	0	1	0	0	0	0
AF	0	0.302936	1	0	1	0	0	0	0
AF	0	0.303873	1	1	0	0	0	0	0
AF	0	0.304497	1	0	1	0	0	0	0
AF	0	0.305122	1	1	0	0	0	0	0
AF	0	0.305434	1	0	1	0	0	0	0
AF	0	0.305746	2	2	0	0	0	0	0
AF	0	0.306059	2	2	0	0	0	0	0
AF	0	0.306371	2	2	0	0	0	0	0
AF	0	0.306996	1	1	0	0	0	0	0
AF	0	0.307308	1	1	0	0	0	0	0
AF	0	0.307620	4	3	1	0	0	0	0
AF	0	0.308245	2	1	1	0	0	0	0
AF	0	0.308557	1	1	0	0	0	0	0
AF	0	0.308869	1	1	0	0	0	0	0
AF	0	0.309182	1	0	1	0	0	0	0
AF	0	0.309494	1	0	1	0	0	0	0
AF	0	0.310119	1	0	1	0	0	0	0
AF	0	0.310431	2	1	1	0	0	0	0
AF	0	0.310743	3	2	1	0	0	0	0
AF	0	0.311680	1	0	1	0	0	0	0
AF	0	0.311993	1	0	1	0	0	0	0
AF	0	0.312617	2	1	1	0	0	0	0
AF	0	0.312929	1	0	1	0	0	0	0
AF	0	0.313242	3	2	1	0	0	0	0
AF	0	0.315116	1	1	0	0	0	0	0
AF	0	0.316365	1	1	0	0	0	0	0
AF	0	0.316989	1	0	1	0	0	0	0
AF	0	0.319176	1	1	0	0	0	0	0
AF	0	0.320112	2	1	1	0	0	0	0
AF	0	0.321049	3	1	2	0	0	0	0
AF	0	0.321362	4	2	2	0	0	0	0
AF	0	0.321674	1	0	1	0	0	0	0
AF	0	0.321986	2	2	0	0	0	0	0
AF	0	0.323860	1	1	0	0	0	0	0
AF	0	0.324797	3	3	0	0	0	0	0
AF	0	0.325109	1	1	0	0	0	0	0
AF	0	0.325422	1	0	1	0	0	0	0
AF	0	0.326983	2	1	1	0	0	0	0
AF	0	0.327295	2	1	1	0	0	0	0
AF	0	0.327608	2	2	0	0	0	0	0
AF	0	0.328232	2	1	1	0	0	0	0
AF	0	0.328545	2	1	1	0	0	0	0
AF	0	0.329169	1	1	0	0	0	0	0
AF	0	0.330731	1	1	0	0	0	0	0
AF	0	0.332917	1	1	0	0	0	0	0
AF	0	0.335103	1	1	0	0	0	0	0
AF	0	0.335415	2	2	0	0	0	0	0
AF	0	0.336665	1	0	1	0	0	0	0
AF	0	0.337289	1	1	0	0	0	0	0
AF	0	0.337601	1	1	0	0	0	0	0
AF	0	0.337914	1	0	1	0	0	0	0
AF	0	0.338226	1	1	0	0	0	0	0
AF	0	0.338538	2	2	0	0	0	0	0
AF	0	0.339163	1	1	0	0	0	0	0
AF	0	0.342286	1	1	0	0	0	0	0
AF	0	0.342598	1	0	1	0	0	0	0
AF	0	0.343223	1	1	0	0	0	0	0
AF	0	0.344785	1	1	0	0	0	0	0
AF	0	0.345097	1	1	0	0	0	0	0
AF	0	0.345409	2	2	0	0	0	0	0
AF	0	0.346658	1	1	0	0	0	0	0
AF	0	0.348532	1	0	1	0	0	0	0
AF	0	0.349469	1	0	1	0	0	0	0
AF	0	0.349781	1	0	1	0	0	0	0
AF	0	0.351968	1	1	0	0	0	0	0
AF	0	0.352592	1	0	1	0	0	0	0
AF	0	0.353217	1	1	0	0	0	0	0
AF	0	0.354778	1	0	1	0	0	0	0
AF	0	0.356340	1	1	0	0	0	0	0
AF	0	0.357277	1	0	1	0	0	0	0
AF	0	0.358214	2	1	1	0	0	0	0
AF	0	0.359151	1	1	0	0	0	0	0
AF	0	0.361337	1	0	1	0	0	0	0
AF	0	0.363210	3	3	0	0	0	0	0
AF	0	0.364772	1	0	1	0	0	0	0
AF	0	0.366646	1	1	0	0	0	0	0
AF	0	0.367583	1	1	0	0	0	0	0
AF	0	0.367895	1	0	1	0	0	0	0
AF	0	0.368520	1	0	1	0	0	0	0
AF	0	0.373204	1	1	0	0	0	0	0
AF	0	0.378513	1	1	0	0	0	0	0
AF	0	0.379138	2	1	1	0	0	0	0
AF	0	0.380075	1	1	0	0	0	0	0
AF	0	0.381012	2	2	0	0	0	0	0
AF	0	0.382886	1	0	1	0	0	0	0
AF	0	0.383823	1	0	1	0	0	0	0
AF	0	0.384760	1	0	1	0	0	0	0
AF	0	0.386009	1	0	1	0	0	0	0
AF	0	0.389756	1	0	1	0	0	0	0
AF	0	0.394129	2	2	0	0	0	0	0
AF	0	0.394441	1	0	1	0	0	0	0
AF	0	0.396002	1	1	0	0	0	0	0
AF	0	0.396627	1	1	0	0	0	0	0
AF	0	0.397876	1	1	0	0	0	0	0
AF	0	0.399126	1	1	0	0	0	0	0
AF	0	0.402561	4	2	2	0	0	0	0
AF	0	0.402873	1	1	0	0	0	0	0
AF	0	0.403186	1	1	0	0	0	0	0
AF	0	0.404747	1	0	1	0	0	0	0
AF	0	0.405996	2	2	0	0	0	0	0
AF	0	0.410056	1	1	0	0	0	0	0
AF	0	0.411930	1	0	1	0	0	0	0
AF	0	0.412242	3	2	1	0	0	0	0
AF	0	0.413492	1	1	0	0	0	0	0
AF	0	0.415053	1	0	1	0	0	0	0
AF	0	0.415365	1	0	1	0	0	0	0
AF	0	0.415990	1	0	1	0	0	0	0
AF	0	0.418801	1	0	1	0	0	0	0
AF	0	0.420362	1	1	0	0	0	0	0
AF	0	0.420987	1	0	1	0	0	0	0
AF	0	0.421299	1	1	0	0	0	0	0
AF	0	0.421611	1	0	1	0	0	0	0
AF	0	0.422236	1	1	0	0	0	0	0
AF	0	0.422548	5	3	2	0	0	0	0
AF	0	0.422861	1	0	1	0	0	0	0
AF	0	0.423485	2	2	0	0	0	0	0
AF	0	0.425359	1	1	0	0	0	0	0
AF	0	0.425671	1	1	0	0	0	0	0
AF	0	0.426296	1	0	1	0	0	0	0
AF	0	0.426608	1	1	0	0	0	0	0
AF	0	0.427233	1	1	0	0	0	0	0
AF	0	0.427858	1	0	1	0	0	0	0
AF	0	0.429731	3	1	2	0	0	0	0
AF	0	0.430668	1	1	0	0	0	0	0
AF	0	0.430981	2	2	0	0	0	0	0
AF	0	0.432230	1	1	0	0	0	0	0
AF	0	0.433479	2	1	1	0	0	0	0
AF	0	0.434104	1	1	0	0	0	0	0
AF	0	0.434728	2	1	1	0	0	0	0
AF	0	0.435978	1	1	0	0	0	0	0
AF	0	0.436602	1	0	1	0	0	0	0
AF	0	0.437539	1	1	0	0	0	0	0
AF	0	0.437851	2	2	0	0	0	0	0
AF	0	0.438164	1	1	0	0	0	0	0
AF	0	0.438476	2	1	1	0	0	0	0
AF	0	0.439101	1	0	1	0	0	0	0
AF	0	0.440037	1	1	0	0	0	0	0
AF	0	0.440350	2	2	0	0	0	0	0
AF	0	0.440662	3	3	0	0	0	0	0
AF	0	0.440974	3	2	1	0	0	0	0
AF	0	0.441599	1	0	1	0	0	0	0
AF	0	0.442848	3	2	1	0	0	0	0
AF	0	0.443785	2	2	0	0	0	0	0
AF	0	0.445034	1	0	1	0	0	0	0
AF	0	0.446596	1	1	0	0	0	0	0
AF	0	0.447845	1	1	0	0	0	0	0
AF	0	0.448157	1	1	0	0	0	0	0
AF	0	0.450031	1	1	0	0	0	0	0
AF	0	0.453779	3	2	1	0	0	0	0
AF	0	0.454403	1	1	0	0	0	0	0
AF	0	0.454716	1	1	0	0	0	0	0
AF	0	0.455653	1	1	0	0	0	0	0
AF	0	0.455965	1	1	0	0	0	0	0
AF	0	0.456277	1	1	0	0	0	0	0
AF	0	0.456902	2	1	1	0	0	0	0
AF	0	0.457214	1	1	0	0	0	0	0
AF	0	0.460025	2	1	1	0	0	0	0
AF	0	0.461587	1	1	0	0	0	0	0
AF	0	0.462523	2	1	1	0	0	0	0
AF	0	0.465646	1	1	0	0	0	0	0
AF	0	0.467520	1	1	0	0	0	0	0
AF	0	0.468770	2	1	1	0	0	0	0
AF	0	0.469394	1	1	0	0	0	0	0
AF	0	0.469706	1	0	1	0	0	0	0
AF	0	0.470019	1	0	1	0	0	0	0
AF	0	0.470331	2	0	2	0	0	0	0
AF	0	0.470643	4	4	0	0	0	0	0
AF	0	0.470956	1	0	1	0	0	0	0
AF	0	0.471268	1	0	1	0	0	0	0
AF	0	0.471580	1	1	0	0	0	0	0
AF	0	0.476265	1	0	1	0	0	0	0
AF	0	0.477514	1	1	0	0	0	0	0
AF	0	0.479388	2	2	0	0	0	0	0
AF	0	0.480325	1	1	0	0	0	0	0
AF	0	0.481262	1	1	0	0	0	0	0
AF	0	0.481574	2	1	1	0	0	0	0
AF	0	0.485946	2	2	0	0	0	0	0
AF	0	0.488132	1	0	1	0	0	0	0
AF	0	0.488757	2	2	0	0	0	0	0
AF	0	0.490006	1	0	1	0	0	0	0
AF	0	0.490631	3	3	0	0	0	0	0
AF	0	0.492505	2	1	1	0	0	0	0
AF	0	0.493129	1	1	0	0	0	0	0
AF	0	0.493442	1	0	1	0	0	0	0
AF	0	0.493754	3	1	2	0	0	0	0
AF	0	0.494379	3	0	3	0	0	0	0
AF	0	0.494691	1	1	0	0	0	0	0
AF	0	0.495003	1	1	0	0	0	0	0
AF	0	0.495628	1	1	0	0	0	0	0
AF	0	0.498751	1	1	0	0	0	0	0
AF	0	0.500000	1	1	0	0	0	0	0
AF	0	0.500625	1	1	0	0	0	0	0
AF	0	0.501249	2	1	1	0	0	0	0
AF	0	0.501874	1	1	0	0	0	0	0
AF	0	0.504997	1	1	0	0	0	0	0
AF	0	0.506246	1	0	1	0	0	0	0
AF	0	0.506871	1	0	1	0	0	0	0
AF	0	0.507183	1	1	0	0	0	0	0
AF	0	0.507495	2	2	0	0	0	0	0
AF	0	0.508120	1	1	0	0	0	0	0
AF	0	0.509369	1	1	0	0	0	0	0
AF	0	0.509994	1	0	1	0	0	0	0
AF	0	0.510306	1	0	1	0	0	0	0
AF	0	0.511868	1	0	1	0	0	0	0
AF	0	0.512492	1	1	0	0	0	0	0
AF	0	0.518114	1	1	0	0	0	0	0
AF	0	0.518738	1	1	0	0	0	0	0
AF	0	0.520300	1	0	1	0	0	0	0
AF	0	0.520612	1	1	0	0	0	0	0
AF	0	0.521237	1	1	0	0	0	0	0
AF	0	0.521861	1	0	1	0	0	0	0
AF	0	0.523111	1	1	0	0	0	0	0
AF	0	0.524984	1	1	0	0	0	0	0
AF	0	0.527171	2	2	0	0	0	0	0
AF	0	0.528732	1	1	0	0	0	0	0
AF	0	0.529044	1	1	0	0	0	0	0
AF	0	0.529981	1	0	1	0	0	0	0
AF	0	0.530606	1	1	0	0	0	0	0
AF	0	0.531230	1	1	0	0	0	0	0
AF	0	0.531855	2	2	0	0	0	0	0
AF	0	0.532167	1	0	1	0	0	0	0
AF	0	0.532480	1	1	0	0	0	0	0
AF	0	0.533104	1	1	0	0	0	0	0
AF	0	0.533729	4	2	2	0	0	0	0
AF	0	0.534041	2	2	0	0	0	0	0
AF	0	0.535290	1	1	0	0	0	0	0
AF	0	0.540912	2	1	1	0	0	0	0
AF	0	0.541537	1	1	0	0	0	0	0
AF	0	0.541849	1	1	0	0	0	0	0
AF	0	0.542161	1	1	0	0	0	0	0
AF	0	0.542473	1	0	1	0	0	0	0
AF	0	0.542786	4	4	0	0	0	0	0
AF	0	0.543098	3	2	1	0	0	0	0
AF	0	0.544660	2	1	1	0	0	0	0
AF	0	0.544972	4	2	2	0	0	0	0
AF	0	0.545284	1	1	0	0	0	0	0
AF	0	0.545909	1	0	1	0	0	0	0
AF	0	0.546221	2	0	2	0	0	0	0
AF	0	0.546846	1	0	1	0	0	0	0
AF	0	0.547158	1	1	0	0	0	0	0
AF	0	0.547470	1	1	0	0	0	0	0
AF	0	0.548095	1	0	1	0	0	0	0
AF	0	0.548407	1	1	0	0	0	0	0
AF	0	0.549656	1	0	1	0	0	0	0
AF	0	0.551843	1	0	1	0	0	0	0
AF	0	0.552155	1	1	0	0	0	0	0
AF	0	0.552467	1	0	1	0	0	0	0
AF	0	0.554653	1	1	0	0	0	0	0
AF	0	0.556215	3	3	0	0	0	0	0
AF	0	0.556527	1	1	0	0	0	0	0
AF	0	0.557776	1	0	1	0	0	0	0
AF	0	0.558401	1	1	0	0	0	0	0
AF	0	0.561524	2	2	0	0	0	0	0
AF	0	0.561836	1	1	0	0	0	0	0
AF	0	0.562149	4	4	0	0	0	0	0
AF	0	0.562461	1	1	0	0	0	0	0
AF	0	0.562773	4	3	1	0	0	0	0
AF	0	0.563398	1	1	0	0	0	0	0
AF	0	0.564022	1	1	0	0	0	0	0
AF	0	0.564335	4	3	1	0	0	0	0
AF	0	0.564647	3	3	0	0	0	0	0
AF	0	0.565272	1	1	0	0	0	0	0
AF	0	0.565896	2	0	2	0	0	0	0
AF	0	0.566521	2	1	1	0	0	0	0
AF	0	0.567146	2	0	2	0	0	0	0
AF	0	0.568395	1	1	0	0	0	0	0
AF	0	0.569019	2	1	1	0	0	0	0
AF	0	0.569332	4	3	1	0	0	0	0
AF	0	0.570893	3	2	1	0	0	0	0
AF	0	0.571205	1	1	0	0	0	0	0
AF	0	0.571518	3	2	1	0	0	0	0
AF	0	0.571830	1	0	1	0	0	0	0
AF	0	0.573392	2	1	1	0	0	0	0
AF	0	0.574016	1	1	0	0	0	0	0
AF	0	0.574329	1	1	0	0	0	0	0
AF	0	0.574641	1	1	0	0	0	0	0
AF	0	0.575265	1	1	0	0	0	0	0
AF	0	0.576827	2	2	0	0	0	0	0
AF	0	0.577764	1	1	0	0	0	0	0
AF	0	0.582136	1	1	0	0	0	0	0
AF	0	0.582761	1	1	0	0	0	0	0
AF	0	0.584635	2	0	2	0	0	0	0
AF	0	0.585572	2	1	1	0	0	0	0
AF	0	0.585884	1	1	0	0	0	0	0
AF	0	0.586196	1	1	0	0	0	0	0
AF	0	0.587133	1	1	0	0	0	0	0
AF	0	0.590881	1	0	1	0	0	0	0
AF	0	0.591193	1	1	0	0	0	0	0
AF	0	0.591505	5	2	3	0	0	0	0
AF	0	0.592130	2	2	0	0	0	0	0
AF	0	0.592442	1	1	0	0	0	0	0
AF	0	0.592755	8	7	1	0	0	0	0
AF	0	0.593067	3	2	1	0	0	0	0
AF	0	0.593691	1	0	1	0	0	0	0
AF	0	0.594004	1	1	0	0	0	0	0
AF	0	0.594628	1	0	1	0	0	0	0
AF	0	0.595565	1	1	0	0	0	0	0
AF	0	0.599625	2	2	0	0	0	0	0
AF	0	0.600250	1	0	1	0	0	0	0
AF	0	0.601187	1	0	1	0	0	0	0
AF	0	0.601499	1	0	1	0	0	0	0
AF	0	0.601811	3	2	1	0	0	0	0
AF	0	0.602124	2	0	2	0	0	0	0
AF	0	0.602748	2	2	0	0	0	0	0
AF	0	0.603373	2	1	1	0	0	0	0
AF	0	0.603685	1	1	0	0	0	0	0
AF	0	0.603998	3	3	0	0	0	0	0
AF	0	0.604622	2	1	1	0	0	0	0
AF	0	0.604934	1	1	0	0	0	0	0
AF	0	0.605247	1	1	0	0	0	0	0
AF	0	0.605871	1	1	0	0	0	0	0
AF	0	0.607745	1	0	1	0	0	0	0
AF	0	0.608370	1	0	1	0	0	0	0
AF	0	0.609619	3	3	0	0	0	0	0
AF	0	0.615240	1	1	0	0	0	0	0
AF	0	0.615553	2	1	1	0	0	0	0
AF	0	0.616490	1	1	0	0	0	0	0
AF	0	0.616802	1	1	0	0	0	0	0
AF	0	0.618051	2	1	1	0	0	0	0
AF	0	0.618364	1	1	0	0	0	0	0
AF	0	0.618676	1	1	0	0	0	0	0
AF	0	0.618988	2	2	0	0	0	0	0
AF	0	0.619300	1	1	0	0	0	0	0
AF	0	0.619613	1	0	1	0	0	0	0
AF	0	0.620862	1	0	1	0	0	0	0
AF	0	0.626483	1	1	0	0	0	0	0
AF	0	0.627108	1	0	1	0	0	0	0
AF	0	0.628357	1	1	0	0	0	0	0
AF	0	0.633354	1	1	0	0	0	0	0
AF	0	0.636477	1	0	1	0	0	0	0
AF	0	0.636790	1	1	0	0	0	0	0
AF	0	0.639288	1	0	1	0	0	0	0
AF	0	0.641162	1	1	0	0	0	0	0
AF	0	0.642099	1	1	0	0	0	0	0
AF	0	0.642723	4	3	1	0	0	0	0
AF	0	0.643348	1	0	1	0	0	0	0
AF	0	0.645222	2	0	2	0	0	0	0
AF	0	0.645846	1	0	1	0	0	0	0
AF	0	0.650531	1	1	0	0	0	0	0
AF	0	0.651156	1	1	0	0	0	0	0
AF	0	0.657714	1	0	1	0	0	0	0
AF	0	0.658026	1	1	0	0	0	0	0
AF	0	0.658339	2	0	2	0	0	0	0
AF	0	0.658963	1	1	0	0	0	0	0
AF	0	0.659275	1	1	0	0	0	0	0
AF	0	0.659588	1	1	0	0	0	0	0
AF	0	0.662086	1	1	0	0	0	0	0
AF	0	0.663960	1	1	0	0	0	0	0
AF	0	0.670518	1	1	0	0	0	0	0
AF	0	0.670831	1	0	1	0	0	0	0
AF	0	0.671143	1	1	0	0	0	0	0
AF	0	0.672705	1	1	0	0	0	0	0
AF	0	0.678951	1	0	1	0	0	0	0
AF	0	0.680824	1	0	1	0	0	0	0
AF	0	0.682386	1	1	0	0	0	0	0
AF	0	0.682698	1	1	0	0	0	0	0
AF	0	0.683011	1	1	0	0	0	0	0
AF	0	0.683635	1	1	0	0	0	0	0
AF	0	0.684260	1	0	1	0	0	0	0
AF	0	0.684884	1	1	0	0	0	0	0
AF	0	0.686134	1	0	1	0	0	0	0
AF	0	0.688007	3	2	1	0	0	0	0
AF	0	0.689569	1	0	1	0	0	0	0
AF	0	0.691131	1	0	1	0	0	0	0
AF	0	0.691443	2	1	1	0	0	0	0
AF	0	0.691755	1	1	0	0	0	0	0
AF	0	0.692380	1	0	1	0	0	0	0
AF	0	0.693004	3	1	2	0	0	0	0
AF	0	0.693317	1	0	1	0	0	0	0
AF	0	0.694878	1	0	1	0	0	0	0
AF	0	0.695191	1	1	0	0	0	0	0
AF	0	0.695815	2	2	0	0	0	0	0
AF	0	0.696752	2	2	0	0	0	0	0
AF	0	0.697377	4	2	2	0	0	0	0
AF	0	0.698001	1	0	1	0	0	0	0
AF	0	0.698314	3	2	1	0	0	0	0
AF	0	0.698626	9	5	4	0	0	0	0
AF	0	0.698938	6	4	2	0	0	0	0
AF	0	0.699250	1	1	0	0	0	0	0
AF	0	0.699875	1	0	1	0	0	0	0
AF	0	0.701749	1	1	0	0	0	0	0
AF	0	0.702374	3	1	2	0	0	0	0
AF	0	0.702686	8	6	2	0	0	0	0
AF	0	0.702998	6	4	2	0	0	0	0
AF	0	0.703623	1	0	1	0	0	0	0
AF	0	0.703935	1	1	0	0	0	0	0
AF	0	0.704247	2	2	0	0	0	0	0
AF	0	0.704560	1	1	0	0	0	0	0
AF	0	0.705497	3	3	0	0	0	0	0
AF	0	0.708932	1	0	1	0	0	0	0
AF	0	0.709557	1	0	1	0	0	0	0
AF	0	0.711430	1	0	1	0	0	0	0
AF	0	0.712055	4	1	3	0	0	0	0
AF	0	0.712367	6	5	1	0	0	0	0
AF	0	0.712680	1	1	0	0	0	0	0
AF	0	0.712992	2	1	1	0	0	0	0
AF	0	0.715490	4	3	1	0	0	0	0
AF	0	0.715803	1	1	0	0	0	0	0
AF	0	0.717052	1	0	1	0	0	0	0
AF	0	0.719863	1	1	0	0	0	0	0
AF	0	0.721112	1	1	0	0	0	0	0
AF	0	0.721736	1	1	0	0	0	0	0
AF	0	0.722361	1	1	0	0	0	0	0
AF	0	0.724235	1	1	0	0	0	0	0
AF	0	0.725172	1	1	0	0	0	0	0
AF	0	0.725484	2	2	0	0	0	0	0
AF	0	0.727983	1	1	0	0	0	0	0
AF	0	0.728295	1	1	0	0	0	0	0
AF	0	0.729232	2	1	1	0	0	0	0
AF	0	0.732355	2	0	2	0	0	0	0
AF	0	0.734853	1	1	0	0	0	0	0
AF	0	0.735166	1	0	1	0	0	0	0
AF	0	0.736727	2	2	0	0	0	0	0
AF	0	0.737039	1	1	0	0	0	0	0
AF	0	0.737352	1	0	1	0	0	0	0
AF	0	0.737976	1	1	0	0	0	0	0
AF	0	0.738601	1	0	1	0	0	0	0
AF	0	0.740787	1	1	0	0	0	0	0
AF	0	0.741724	1	1	0	0	0	0	0
AF	0	0.742973	1	1	0	0	0	0	0
AF	0	0.745159	1	1	0	0	0	0	0
AF	0	0.746721	1	1	0	0	0	0	0
AF	0	0.747033	1	1	0	0	0	0	0
AF	0	0.747345	3	2	1	0	0	0	0
AF	0	0.747658	2	2	0	0	0	0	0
AF	0	0.747970	1	1	0	0	0	0	0
AF	0	0.754841	1	0	1	0	0	0	0
AF	0	0.755153	1	1	0	0	0	0	0
AF	0	0.755778	1	1	0	0	0	0	0
AF	0	0.756402	1	1	0	0	0	0	0
AF	0	0.756715	1	0	1	0	0	0	0
AF	0	0.757964	1	1	0	0	0	0	0
AF	0	0.760775	1	0	1	0	0	0	0
AF	0	0.762336	1	0	1	0	0	0	0
AF	0	0.763585	1	1	0	0	0	0	0
AF	0	0.763898	1	1	0	0	0	0	0
AF	0	0.764834	1	0	1	0	0	0	0
AF	0	0.766084	1	0	1	0	0	0	0
AF	0	0.767958	1	1	0	0	0	0	0
AF	0	0.775141	2	2	0	0	0	0	0
AF	0	0.776702	1	0	1	0	0	0	0
AF	0	0.777951	1	1	0	0	0	0	0
AF	0	0.780137	2	2	0	0	0	0	0
AF	0	0.781074	1	1	0	0	0	0	0
AF	0	0.781387	1	1	0	0	0	0	0
AF	0	0.782011	1	0	1	0	0	0	0
AF	0	0.783260	1	1	0	0	0	0	0
AF	0	0.784510	1	0	1	0	0	0	0
AF	0	0.784822	2	0	2	0	0	0	0
AF	0	0.785447	1	1	0	0	0	0	0
AF	0	0.785759	1	0	1	0	0	0	0
AF	0	0.787633	1	1	0	0	0	0	0
AF	0	0.788257	1	1	0	0	0	0	0
AF	0	0.788882	2	2	0	0	0	0	0
AF	0	0.789507	2	2	0	0	0	0	0
AF	0	0.791380	1	1	0	0	0	0	0
AF	0	0.791693	1	1	0	0	0	0	0
AF	0	0.792630	1	1	0	0	0	0	0
AF	0	0.792942	1	0	1	0	0	0	0
AF	0	0.795128	1	1	0	0	0	0	0
AF	0	0.797002	1	1	0	0	0	0	0
AF	0	0.798251	1	1	0	0	0	0	0
AF	0	0.798876	3	1	2	0	0	0	0
AF	0	0.799500	1	1	0	0	0	0	0
AF	0	0.800125	1	1	0	0	0	0	0
AF	0	0.800750	2	1	1	0	0	0	0
AF	0	0.801686	1	0	1	0	0	0	0
AF	0	0.801999	1	1	0	0	0	0	0
AF	0	0.802936	1	1	0	0	0	0	0
AF	0	0.806683	1	1	0	0	0	0	0
AF	0	0.807933	1	1	0	0	0	0	0
AF	0	0.808869	3	2	1	0	0	0	0
AF	0	0.809494	1	1	0	0	0	0	0
AF	0	0.810119	1	1	0	0	0	0	0
AF	0	0.811993	1	1	0	0	0	0	0
AF	0	0.814803	1	1	0	0	0	0	0
AF	0	0.815116	1	1	0	0	0	0	0
AF	0	0.815428	1	1	0	0	0	0	0
AF	0	0.820737	2	1	1	0	0	0	0
AF	0	0.825422	1	0	1	0	0	0	0
AF	0	0.825734	2	1	1	0	0	0	0
AF	0	0.826983	1	1	0	0	0	0	0
AF	0	0.827295	1	1	0	0	0	0	0
AF	0	0.827608	1	1	0	0	0	0	0
AF	0	0.828232	1	1	0	0	0	0	0
AF	0	0.829482	1	1	0	0	0	0	0
AF	0	0.830418	2	1	1	0	0	0	0
AF	0	0.830731	1	1	0	0	0	0	0
AF	0	0.831043	1	0	1	0	0	0	0
AF	0	0.831668	1	0	1	0	0	0	0
AF	0	0.832292	1	1	0	0	0	0	0
AF	0	0.832605	1	1	0	0	0	0	0
AF	0	0.832917	1	0	1	0	0	0	0
AF	0	0.834478	1	1	0	0	0	0	0
AF	0	0.835103	1	1	0	0	0	0	0
AF	0	0.835415	1	1	0	0	0	0	0
AF	0	0.836352	1	1	0	0	0	0	0
AF	0	0.836977	1	0	1	0	0	0	0
AF	0	0.840100	1	1	0	0	0	0	0
AF	0	0.840725	2	1	1	0	0	0	0
AF	0	0.845721	1	0	1	0	0	0	0
AF	0	0.847908	1	1	0	0	0	0	0
AF	0	0.850406	1	0	1	0	0	0	0
AF	0	0.850718	1	0	1	0	0	0	0
AF	0	0.851968	2	1	1	0	0	0	0
AF	0	0.852592	2	1	1	0	0	0	0
AF	0	0.852904	1	0	1	0	0	0	0
AF	0	0.853529	1	0	1	0	0	0	0
AF	0	0.855091	1	0	1	0	0	0	0
AF	0	0.855715	1	0	1	0	0	0	0
AF	0	0.856027	1	1	0	0	0	0	0
AF	0	0.856652	1	1	0	0	0	0	0
AF	0	0.856964	3	2	1	0	0	0	0
AF	0	0.857901	1	1	0	0	0	0	0
AF	0	0.859463	1	1	0	0	0	0	0
AF	0	0.861649	1	0	1	0	0	0	0
AF	0	0.862586	1	1	0	0	0	0	0
AF	0	0.862898	4	1	3	0	0	0	0
AF	0	0.864460	1	1	0	0	0	0	0
AF	0	0.864772	1	1	0	0	0	0	0
AF	0	0.865084	1	0	1	0	0	0	0
AF	0	0.866958	4	4	0	0	0	0	0
AF	0	0.868207	1	0	1	0	0	0	0
AF	0	0.868832	2	2	0	0	0	0	0
AF	0	0.873517	1	1	0	0	0	0	0
AF	0	0.873829	28	17	11	0	0	0	0
AF	0	0.874141	10	7	3	0	0	0	0
AF	0	0.874453	2	2	0	0	0	0	0
AF	0	0.874766	1	1	0	0	0	0	0
AF	0	0.875703	1	1	0	0	0	0	0
AF	0	0.876327	2	2	0	0	0	0	0
AF	0	0.876640	1	1	0	0	0	0	0
AF	0	0.876952	5	3	2	0	0	0	0
AF	0	0.877264	1	1	0	0	0	0	0
AF	0	0.877577	2	2	0	0	0	0	0
AF	0	0.877889	1	1	0	0	0	0	0
AF	0	0.878201	2	2	0	0	0	0	0
AF	0	0.880700	1	1	0	0	0	0	0
AF	0	0.881324	1	1	0	0	0	0	0
AF	0	0.881949	1	1	0	0	0	0	0
AF	0	0.882261	1	1	0	0	0	0	0
AF	0	0.883510	1	0	1	0	0	0	0
AF	0	0.884760	2	1	1	0	0	0	0
AF	0	0.885072	1	1	0	0	0	0	0
AF	0	0.887570	1	0	1	0	0	0	0
AF	0	0.888507	1	1	0	0	0	0	0
AF	0	0.890693	1	0	1	0	0	0	0
AF	0	0.891006	3	3	0	0	0	0	0
AF	0	0.891630	2	1	1	0	0	0	0
AF	0	0.893816	1	1	0	0	0	0	0
AF	0	0.896627	1	1	0	0	0	0	0
AF	0	0.901624	1	1	0	0	0	0	0
AF	0	0.902561	1	0	1	0	0	0	0
AF	0	0.902873	1	0	1	0	0	0	0
AF	0	0.905372	1	0	1	0	0	0	0
AF	0	0.905996	1	0	1	0	0	0	0
AF	0	0.906621	1	1	0	0	0	0	0
AF	0	0.907245	2	1	1	0	0	0	0
AF	0	0.910993	1	1	0	0	0	0	0
AF	0	0.911305	3	1	2	0	0	0	0
AF	0	0.911618	2	2	0	0	0	0	0
AF	0	0.914428	1	0	1	0	0	0	0
AF	0	0.915990	1	1	0	0	0	0	0
AF	0	0.916615	1	1	0	0	0	0	0
AF	0	0.920362	1	0	1	0	0	0	0
AF	0	0.920987	1	0	1	0	0	0	0
AF	0	0.929107	1	0	1	0	0	0	0
AF	0	0.931605	2	0	2	0	0	0	0
AF	0	0.932854	1	0	1	0	0	0	0
AF	0	0.934416	1	1	0	0	0	0	0
AF	0	0.935665	1	1	0	0	0	0	0
AF	0	0.935978	2	1	1	0	0	0	0
AF	0	0.937539	1	1	0	0	0	0	0
AF	0	0.940037	1	1	0	0	0	0	0
AF	0	0.940350	1	1	0	0	0	0	0
AF	0	0.941911	1	1	0	0	0	0	0
AF	0	0.946284	1	1	0	0	0	0	0
AF	0	0.946596	1	1	0	0	0	0	0
AF	0	0.946908	1	0	1	0	0	0	0
AF	0	0.948157	1	0	1	0	0	0	0
AF	0	0.949094	1	0	1	0	0	0	0
AF	0	0.949407	1	1	0	0	0	0	0
AF	0	0.950968	1	1	0	0	0	0	0
AF	0	0.951280	1	0	1	0	0	0	0
AF	0	0.951593	1	1	0	0	0	0	0
AF	0	0.953467	3	2	1	0	0	0	0
AF	0	0.954091	2	2	0	0	0	0	0
AF	0	0.954716	1	1	0	0	0	0	0
AF	0	0.955340	1	1	0	0	0	0	0
AF	0	0.955965	1	0	1	0	0	0	0
AF	0	0.956590	1	0	1	0	0	0	0
AF	0	0.956902	1	1	0	0	0	0	0
AF	0	0.957214	1	0	1	0	0	0	0
AF	0	0.957527	1	0	1	0	0	0	0
AF	0	0.957839	1	0	1	0	0	0	0
AF	0	0.958151	1	1	0	0	0	0	0
AF	0	0.958463	2	1	1	0	0	0	0
AF	0	0.959400	2	2	0	0	0	0	0
AF	0	0.959713	1	0	1	0	0	0	0
AF	0	0.960337	4	3	1	0	0	0	0
AF	0	0.961274	1	0	1	0	0	0	0
AF	0	0.962211	1	1	0	0	0	0	0
AF	0	0.962836	1	1	0	0	0	0	0
AF	0	0.963460	4	3	1	0	0	0	0
AF	0	0.964085	1	0	1	0	0	0	0
AF	0	0.964397	1	0	1	0	0	0	0
AF	0	0.964710	6	3	3	0	0	0	0
AF	0	0.965022	2	1	1	0	0	0	0
AF	0	0.965334	4	4	0	0	0	0	0
AF	0	0.965959	1	0	1	0	0	0	0
AF	0	0.966583	2	2	0	0	0	0	0
AF	0	0.967833	1	1	0	0	0	0	0
AF	0	0.969082	2	1	1	0	0	0	0
AF	0	0.976265	1	1	0	0	0	0	0
AF	0	0.979700	1	0	1	0	0	0	0
AF	0	0.980325	4	4	0	0	0	0	0
AF	0	0.980637	2	1	1	0	0	0	0
AF	0	0.982511	1	0	1	0	0	0	0
AF	0	0.984697	3	2	1	0	0	0	0
AF	0	0.985009	2	1	1	0	0	0	0
AF	0	0.985322	1	1	0	0	0	0	0
AF	0	0.986571	1	1	0	0	0	0	0
AF	0	0.989069	3	0	3	0	0	0	0
AF	0	0.989382	6	4	2	0	0	0	0
AF	0	0.989694	1	1	0	0	0	0	0
AF	0	0.990006	1	1	0	0	0	0	0
AF	0	0.991568	1	1	0	0	0	0	0
AF	0	0.995315	1	1	0	0	0	0	0
AF	0	0.997189	1	0	1	0	0	0	0
AF	0	0.997814	1	1	0	0	0	0	0
AF	0	0.998438	1	1	0	0	0	0	0
AF	0	0.999063	3	1	2	0	0	0	0
# QUAL, Stats by quality
# QUAL	[2]id	[3]Quality	[4]number of SNPs	[5]number of transitions (1st ALT)	[6]number of transversions (1st ALT)	[7]number of indels
QUAL	0	.	15556	10334	5222	0
# IDD, InDel distribution:
# IDD	[2]id	[3]length (deletions negative)	[4]number of sites	[5]number of genotypes	[6]mean VAF
# ST, Substitution types:
# ST	[2]id	[3]type	[4]count
ST	0	A>C	636
ST	0	A>G	1944
ST	0	A>T	602
ST	0	C>A	846
ST	0	C>G	578
ST	0	C>T	2963
ST	0	G>A	2978
ST	0	G>C	670
ST	0	G>T	705
ST	0	T>A	608
ST	0	T>C	2449
ST	0	T>G	577
# DP, Depth distribution
# DP	[2]id	[3]bin	[4]number of genotypes	[5]fraction of genotypes (%)	[6]number of sites	[7]fraction of sites (%)
  - Fix haploid genotypes in males...

Submit MakeDiploidMalesX finished successfully. Let's have a beer, buddy!

