Submit MakeDiploidMalesX
version 1.1.6 (2024-09-30)

These are the settings:
  Input file................: /hpc/local/Rocky8/dhl_ec/software/MonopogenLite/resources/1kGP_high_coverage_Illumina.SNVonly_poly.filtered_AF_5e-04.norm.fixvariantid.chrX.vcf.gz
  Output file...............: /hpc/local/Rocky8/dhl_ec/software/MonopogenLite/resources/1kGP_high_coverage_Illumina.SNVonly_poly.filtered_AF_5e-04.norm.fixvariantid.makediploid.chrX.vcf.gz
  Chunk size................: 100

  SLURM CPUs................: 4
  SLURM Array ID............: 60 (of 100)
  SLURM memory..............: 16G
  SLURM time................: 01:00:00
  SLURM mail type...........: FAIL
  SLURM mail user...........: s.w.vanderlaan-2@umcutrecht.nl

  Dry run mode..............: 0
  Debug mode................: 1
  Verbosity.................: 0
  Version...................: 1.1.6 (2024-09-30)

Making converting haploid genotypes to diploid genotypes.
> Extract the region for this SLURM task (# 60) from the BED file.
  - Get the chunk number from the SLURM array task ID and the bed file...
DEBUG: Extracting chunk number: 60p from 60
DEBUG: Extracting region from BED file: /hpc/local/Rocky8/dhl_ec/software/MonopogenLite/resources/chrX_100pieces.bed
  - Extract the region from the BED file...
DEBUG: Extracted raw region: 'chrX	92064073	93624480' (chunk #: 60p of 100 for job 60)
  - Check if a valid region was extracted -- should be 'chrX	92064073	93624480'...
  - Prepare the region for bcftools...
  - Check if the region (chrX:92064073-93624480) was successfully extracted...
> Processing region 'chrX:92064073-93624480'...
  - Process the specific region (chunk# 60) using bcftools view...
  - Index the VCF file...
DEBUG: Check if the VCF file was successfully processed...
##fileformat=VCFv4.2
##FILTER=<ID=PASS,Description="All filters passed">
##fileDate=29/01/2022 - 14:31:41
##source=shapeit4.2.2
##contig=<ID=chr1,length=248956422>
##contig=<ID=chr2,length=242193529>
##contig=<ID=chr3,length=198295559>
##contig=<ID=chr4,length=190214555>
##contig=<ID=chr5,length=181538259>
##contig=<ID=chr6,length=170805979>
# This file was produced by bcftools stats (1.20+htslib-1.20) and can be plotted using plot-vcfstats.
# The command line was:	bcftools stats  /hpc/local/Rocky8/dhl_ec/software/MonopogenLite/resources/chrX.part60.vcf.gz
#
# Definition of sets:
# ID	[2]id	[3]tab-separated file names
ID	0	/hpc/local/Rocky8/dhl_ec/software/MonopogenLite/resources/chrX.part60.vcf.gz
# SN, Summary numbers:
#   number of records   .. number of data rows in the VCF
#   number of no-ALTs   .. reference-only sites, ALT is either "." or identical to REF
#   number of SNPs      .. number of rows with a SNP
#   number of MNPs      .. number of rows with a MNP, such as CC>TT
#   number of indels    .. number of rows with an indel
#   number of others    .. number of rows with other type, for example a symbolic allele or
#                          a complex substitution, such as ACT>TCGA
#   number of multiallelic sites     .. number of rows with multiple alternate alleles
#   number of multiallelic SNP sites .. number of rows with multiple alternate alleles, all SNPs
# 
#   Note that rows containing multiple types will be counted multiple times, in each
#   counter. For example, a row with a SNP and an indel increments both the SNP and
#   the indel counter.
# 
# SN	[2]id	[3]key	[4]value
SN	0	number of samples:	3202
SN	0	number of records:	17985
SN	0	number of no-ALTs:	0
SN	0	number of SNPs:	17985
SN	0	number of MNPs:	0
SN	0	number of indels:	0
SN	0	number of others:	0
SN	0	number of multiallelic sites:	0
SN	0	number of multiallelic SNP sites:	0
# TSTV, transitions/transversions:
# TSTV	[2]id	[3]ts	[4]tv	[5]ts/tv	[6]ts (1st ALT)	[7]tv (1st ALT)	[8]ts/tv (1st ALT)
TSTV	0	11971	6014	1.99	11971	6014	1.99
# SiS, Singleton stats:
# SiS	[2]id	[3]allele count	[4]number of SNPs	[5]number of transitions	[6]number of transversions	[7]number of indels	[8]repeat-consistent	[9]repeat-inconsistent	[10]not applicable
SiS	0	1	0	0	0	0	0	0	0
# AF, Stats by non-reference allele frequency:
# AF	[2]id	[3]allele frequency	[4]number of SNPs	[5]number of transitions	[6]number of transversions	[7]number of indels	[8]repeat-consistent	[9]repeat-inconsistent	[10]not applicable
AF	0	0.000312	2505	1689	816	0	0	0	0
AF	0	0.000625	1475	1016	459	0	0	0	0
AF	0	0.000937	1642	1108	534	0	0	0	0
AF	0	0.001249	536	346	190	0	0	0	0
AF	0	0.001562	922	615	307	0	0	0	0
AF	0	0.001874	325	198	127	0	0	0	0
AF	0	0.002186	584	400	184	0	0	0	0
AF	0	0.002498	259	187	72	0	0	0	0
AF	0	0.002811	410	286	124	0	0	0	0
AF	0	0.003123	170	119	51	0	0	0	0
AF	0	0.003435	313	230	83	0	0	0	0
AF	0	0.003748	125	79	46	0	0	0	0
AF	0	0.004060	234	154	80	0	0	0	0
AF	0	0.004372	95	66	29	0	0	0	0
AF	0	0.004685	208	154	54	0	0	0	0
AF	0	0.004997	96	65	31	0	0	0	0
AF	0	0.005309	195	131	64	0	0	0	0
AF	0	0.005621	102	59	43	0	0	0	0
AF	0	0.005934	150	104	46	0	0	0	0
AF	0	0.006246	84	57	27	0	0	0	0
AF	0	0.006558	159	98	61	0	0	0	0
AF	0	0.006871	95	59	36	0	0	0	0
AF	0	0.007183	131	81	50	0	0	0	0
AF	0	0.007495	72	53	19	0	0	0	0
AF	0	0.007808	140	95	45	0	0	0	0
AF	0	0.008120	43	28	15	0	0	0	0
AF	0	0.008432	111	65	46	0	0	0	0
AF	0	0.008745	46	31	15	0	0	0	0
AF	0	0.009057	75	53	22	0	0	0	0
AF	0	0.009369	58	29	29	0	0	0	0
AF	0	0.009681	93	62	31	0	0	0	0
AF	0	0.009994	48	24	24	0	0	0	0
AF	0	0.010306	61	45	16	0	0	0	0
AF	0	0.010618	35	21	14	0	0	0	0
AF	0	0.010931	50	31	19	0	0	0	0
AF	0	0.011243	26	17	9	0	0	0	0
AF	0	0.011555	87	64	23	0	0	0	0
AF	0	0.011868	35	23	12	0	0	0	0
AF	0	0.012180	54	33	21	0	0	0	0
AF	0	0.012492	25	20	5	0	0	0	0
AF	0	0.012804	58	35	23	0	0	0	0
AF	0	0.013117	31	22	9	0	0	0	0
AF	0	0.013429	70	45	25	0	0	0	0
AF	0	0.013741	28	17	11	0	0	0	0
AF	0	0.014054	47	35	12	0	0	0	0
AF	0	0.014366	23	14	9	0	0	0	0
AF	0	0.014678	54	36	18	0	0	0	0
AF	0	0.014991	27	21	6	0	0	0	0
AF	0	0.015303	62	33	29	0	0	0	0
AF	0	0.015615	25	18	7	0	0	0	0
AF	0	0.015928	76	46	30	0	0	0	0
AF	0	0.016240	51	39	12	0	0	0	0
AF	0	0.016552	58	40	18	0	0	0	0
AF	0	0.016864	21	14	7	0	0	0	0
AF	0	0.017177	52	33	19	0	0	0	0
AF	0	0.017489	20	14	6	0	0	0	0
AF	0	0.017801	32	23	9	0	0	0	0
AF	0	0.018114	16	12	4	0	0	0	0
AF	0	0.018426	26	17	9	0	0	0	0
AF	0	0.018738	17	10	7	0	0	0	0
AF	0	0.019051	31	24	7	0	0	0	0
AF	0	0.019363	12	9	3	0	0	0	0
AF	0	0.019675	39	21	18	0	0	0	0
AF	0	0.019988	22	12	10	0	0	0	0
AF	0	0.020300	34	19	15	0	0	0	0
AF	0	0.020612	11	10	1	0	0	0	0
AF	0	0.020924	34	20	14	0	0	0	0
AF	0	0.021237	28	19	9	0	0	0	0
AF	0	0.021549	56	41	15	0	0	0	0
AF	0	0.021861	37	21	16	0	0	0	0
AF	0	0.022174	63	42	21	0	0	0	0
AF	0	0.022486	18	12	6	0	0	0	0
AF	0	0.022798	53	38	15	0	0	0	0
AF	0	0.023111	15	11	4	0	0	0	0
AF	0	0.023423	32	20	12	0	0	0	0
AF	0	0.023735	21	13	8	0	0	0	0
AF	0	0.024047	25	15	10	0	0	0	0
AF	0	0.024360	11	7	4	0	0	0	0
AF	0	0.024672	53	36	17	0	0	0	0
AF	0	0.024984	12	6	6	0	0	0	0
AF	0	0.025297	27	15	12	0	0	0	0
AF	0	0.025609	5	3	2	0	0	0	0
AF	0	0.025921	13	8	5	0	0	0	0
AF	0	0.026234	6	4	2	0	0	0	0
AF	0	0.026546	24	16	8	0	0	0	0
AF	0	0.026858	11	6	5	0	0	0	0
AF	0	0.027171	21	12	9	0	0	0	0
AF	0	0.027483	13	9	4	0	0	0	0
AF	0	0.027795	21	11	10	0	0	0	0
AF	0	0.028107	9	7	2	0	0	0	0
AF	0	0.028420	10	5	5	0	0	0	0
AF	0	0.028732	9	4	5	0	0	0	0
AF	0	0.029044	17	14	3	0	0	0	0
AF	0	0.029357	9	6	3	0	0	0	0
AF	0	0.029669	13	7	6	0	0	0	0
AF	0	0.029981	8	7	1	0	0	0	0
AF	0	0.030294	15	10	5	0	0	0	0
AF	0	0.030606	10	5	5	0	0	0	0
AF	0	0.030918	12	7	5	0	0	0	0
AF	0	0.031230	5	4	1	0	0	0	0
AF	0	0.031543	15	9	6	0	0	0	0
AF	0	0.031855	6	3	3	0	0	0	0
AF	0	0.032167	11	8	3	0	0	0	0
AF	0	0.032480	6	4	2	0	0	0	0
AF	0	0.032792	16	10	6	0	0	0	0
AF	0	0.033104	12	9	3	0	0	0	0
AF	0	0.033417	7	6	1	0	0	0	0
AF	0	0.033729	3	2	1	0	0	0	0
AF	0	0.034041	7	5	2	0	0	0	0
AF	0	0.034354	4	4	0	0	0	0	0
AF	0	0.034666	15	7	8	0	0	0	0
AF	0	0.034978	2	1	1	0	0	0	0
AF	0	0.035290	7	3	4	0	0	0	0
AF	0	0.035603	9	6	3	0	0	0	0
AF	0	0.035915	9	6	3	0	0	0	0
AF	0	0.036227	7	6	1	0	0	0	0
AF	0	0.036540	14	10	4	0	0	0	0
AF	0	0.036852	5	3	2	0	0	0	0
AF	0	0.037164	12	8	4	0	0	0	0
AF	0	0.037477	3	3	0	0	0	0	0
AF	0	0.037789	5	3	2	0	0	0	0
AF	0	0.038101	6	3	3	0	0	0	0
AF	0	0.038413	9	6	3	0	0	0	0
AF	0	0.038726	5	4	1	0	0	0	0
AF	0	0.039038	7	6	1	0	0	0	0
AF	0	0.039350	3	2	1	0	0	0	0
AF	0	0.039663	10	2	8	0	0	0	0
AF	0	0.039975	2	1	1	0	0	0	0
AF	0	0.040287	14	7	7	0	0	0	0
AF	0	0.040600	17	8	9	0	0	0	0
AF	0	0.040912	25	17	8	0	0	0	0
AF	0	0.041224	9	8	1	0	0	0	0
AF	0	0.041537	16	11	5	0	0	0	0
AF	0	0.041849	4	2	2	0	0	0	0
AF	0	0.042161	8	4	4	0	0	0	0
AF	0	0.042473	10	3	7	0	0	0	0
AF	0	0.042786	10	4	6	0	0	0	0
AF	0	0.043098	5	3	2	0	0	0	0
AF	0	0.043410	8	5	3	0	0	0	0
AF	0	0.043723	10	4	6	0	0	0	0
AF	0	0.044035	22	16	6	0	0	0	0
AF	0	0.044347	4	4	0	0	0	0	0
AF	0	0.044660	5	4	1	0	0	0	0
AF	0	0.044972	2	1	1	0	0	0	0
AF	0	0.045284	4	3	1	0	0	0	0
AF	0	0.045597	1	1	0	0	0	0	0
AF	0	0.045909	4	3	1	0	0	0	0
AF	0	0.046221	2	1	1	0	0	0	0
AF	0	0.046533	24	16	8	0	0	0	0
AF	0	0.046846	3	3	0	0	0	0	0
AF	0	0.047158	5	4	1	0	0	0	0
AF	0	0.047470	6	6	0	0	0	0	0
AF	0	0.047783	3	1	2	0	0	0	0
AF	0	0.048095	8	4	4	0	0	0	0
AF	0	0.048407	11	8	3	0	0	0	0
AF	0	0.048720	2	1	1	0	0	0	0
AF	0	0.049032	3	2	1	0	0	0	0
AF	0	0.049344	4	1	3	0	0	0	0
AF	0	0.049656	7	6	1	0	0	0	0
AF	0	0.049969	2	1	1	0	0	0	0
AF	0	0.050281	6	4	2	0	0	0	0
AF	0	0.050906	9	6	3	0	0	0	0
AF	0	0.051218	2	2	0	0	0	0	0
AF	0	0.051530	10	5	5	0	0	0	0
AF	0	0.051843	3	0	3	0	0	0	0
AF	0	0.052155	5	3	2	0	0	0	0
AF	0	0.052467	9	5	4	0	0	0	0
AF	0	0.052780	13	7	6	0	0	0	0
AF	0	0.053092	6	5	1	0	0	0	0
AF	0	0.053404	12	10	2	0	0	0	0
AF	0	0.053716	3	2	1	0	0	0	0
AF	0	0.054029	7	4	3	0	0	0	0
AF	0	0.054341	6	1	5	0	0	0	0
AF	0	0.054653	2	1	1	0	0	0	0
AF	0	0.054966	4	3	1	0	0	0	0
AF	0	0.055278	16	12	4	0	0	0	0
AF	0	0.055590	7	3	4	0	0	0	0
AF	0	0.055903	8	4	4	0	0	0	0
AF	0	0.056215	1	1	0	0	0	0	0
AF	0	0.056527	9	5	4	0	0	0	0
AF	0	0.056839	1	0	1	0	0	0	0
AF	0	0.057152	5	2	3	0	0	0	0
AF	0	0.057464	5	3	2	0	0	0	0
AF	0	0.057776	7	4	3	0	0	0	0
AF	0	0.058089	3	3	0	0	0	0	0
AF	0	0.058401	4	4	0	0	0	0	0
AF	0	0.058713	10	7	3	0	0	0	0
AF	0	0.059026	12	8	4	0	0	0	0
AF	0	0.059338	4	2	2	0	0	0	0
AF	0	0.059650	7	4	3	0	0	0	0
AF	0	0.059963	5	4	1	0	0	0	0
AF	0	0.060275	13	9	4	0	0	0	0
AF	0	0.060587	5	2	3	0	0	0	0
AF	0	0.060899	5	3	2	0	0	0	0
AF	0	0.061212	1	1	0	0	0	0	0
AF	0	0.061524	10	5	5	0	0	0	0
AF	0	0.061836	3	2	1	0	0	0	0
AF	0	0.062149	9	4	5	0	0	0	0
AF	0	0.062773	3	3	0	0	0	0	0
AF	0	0.063086	2	0	2	0	0	0	0
AF	0	0.063398	9	5	4	0	0	0	0
AF	0	0.063710	4	4	0	0	0	0	0
AF	0	0.064022	4	1	3	0	0	0	0
AF	0	0.064335	4	2	2	0	0	0	0
AF	0	0.064647	11	8	3	0	0	0	0
AF	0	0.064959	4	1	3	0	0	0	0
AF	0	0.065272	4	4	0	0	0	0	0
AF	0	0.065584	3	1	2	0	0	0	0
AF	0	0.065896	6	4	2	0	0	0	0
AF	0	0.066209	7	5	2	0	0	0	0
AF	0	0.066521	8	7	1	0	0	0	0
AF	0	0.066833	2	1	1	0	0	0	0
AF	0	0.067146	19	10	9	0	0	0	0
AF	0	0.067458	9	7	2	0	0	0	0
AF	0	0.067770	8	4	4	0	0	0	0
AF	0	0.068082	4	3	1	0	0	0	0
AF	0	0.068395	6	5	1	0	0	0	0
AF	0	0.068707	1	0	1	0	0	0	0
AF	0	0.069019	8	3	5	0	0	0	0
AF	0	0.069332	4	4	0	0	0	0	0
AF	0	0.069644	10	8	2	0	0	0	0
AF	0	0.069956	2	1	1	0	0	0	0
AF	0	0.070269	5	5	0	0	0	0	0
AF	0	0.070581	2	2	0	0	0	0	0
AF	0	0.070893	1	1	0	0	0	0	0
AF	0	0.071205	3	2	1	0	0	0	0
AF	0	0.071518	5	1	4	0	0	0	0
AF	0	0.072142	3	1	2	0	0	0	0
AF	0	0.072455	9	9	0	0	0	0	0
AF	0	0.072767	3	2	1	0	0	0	0
AF	0	0.073079	3	2	1	0	0	0	0
AF	0	0.073392	4	4	0	0	0	0	0
AF	0	0.073704	1	1	0	0	0	0	0
AF	0	0.074016	7	5	2	0	0	0	0
AF	0	0.074329	3	1	2	0	0	0	0
AF	0	0.074641	2	2	0	0	0	0	0
AF	0	0.074953	1	1	0	0	0	0	0
AF	0	0.075265	6	6	0	0	0	0	0
AF	0	0.075578	1	0	1	0	0	0	0
AF	0	0.076202	2	1	1	0	0	0	0
AF	0	0.076515	3	2	1	0	0	0	0
AF	0	0.076827	3	2	1	0	0	0	0
AF	0	0.077139	3	3	0	0	0	0	0
AF	0	0.077452	1	0	1	0	0	0	0
AF	0	0.077764	2	1	1	0	0	0	0
AF	0	0.078076	1	1	0	0	0	0	0
AF	0	0.078389	2	1	1	0	0	0	0
AF	0	0.078701	1	0	1	0	0	0	0
AF	0	0.079013	8	7	1	0	0	0	0
AF	0	0.079325	4	3	1	0	0	0	0
AF	0	0.079638	7	4	3	0	0	0	0
AF	0	0.079950	2	0	2	0	0	0	0
AF	0	0.080262	4	4	0	0	0	0	0
AF	0	0.080575	3	3	0	0	0	0	0
AF	0	0.080887	7	5	2	0	0	0	0
AF	0	0.081199	3	2	1	0	0	0	0
AF	0	0.081512	8	5	3	0	0	0	0
AF	0	0.081824	5	4	1	0	0	0	0
AF	0	0.082136	3	2	1	0	0	0	0
AF	0	0.082448	2	2	0	0	0	0	0
AF	0	0.082761	6	3	3	0	0	0	0
AF	0	0.083073	3	1	2	0	0	0	0
AF	0	0.083385	2	2	0	0	0	0	0
AF	0	0.084010	5	3	2	0	0	0	0
AF	0	0.084635	6	3	3	0	0	0	0
AF	0	0.084947	2	1	1	0	0	0	0
AF	0	0.085259	2	1	1	0	0	0	0
AF	0	0.085572	3	2	1	0	0	0	0
AF	0	0.085884	5	2	3	0	0	0	0
AF	0	0.086196	2	1	1	0	0	0	0
AF	0	0.086508	1	1	0	0	0	0	0
AF	0	0.087133	6	6	0	0	0	0	0
AF	0	0.087445	8	3	5	0	0	0	0
AF	0	0.087758	3	1	2	0	0	0	0
AF	0	0.088070	1	1	0	0	0	0	0
AF	0	0.088382	6	3	3	0	0	0	0
AF	0	0.088695	3	2	1	0	0	0	0
AF	0	0.089007	7	4	3	0	0	0	0
AF	0	0.089319	3	3	0	0	0	0	0
AF	0	0.089631	3	3	0	0	0	0	0
AF	0	0.090881	1	0	1	0	0	0	0
AF	0	0.091505	7	6	1	0	0	0	0
AF	0	0.091818	7	7	0	0	0	0	0
AF	0	0.092130	16	11	5	0	0	0	0
AF	0	0.092442	2	1	1	0	0	0	0
AF	0	0.092755	6	4	2	0	0	0	0
AF	0	0.093067	1	0	1	0	0	0	0
AF	0	0.093379	3	0	3	0	0	0	0
AF	0	0.093691	1	1	0	0	0	0	0
AF	0	0.094004	2	1	1	0	0	0	0
AF	0	0.094316	2	2	0	0	0	0	0
AF	0	0.094628	1	0	1	0	0	0	0
AF	0	0.095253	7	4	3	0	0	0	0
AF	0	0.095565	6	3	3	0	0	0	0
AF	0	0.095878	5	4	1	0	0	0	0
AF	0	0.096190	4	3	1	0	0	0	0
AF	0	0.096502	9	4	5	0	0	0	0
AF	0	0.096814	3	2	1	0	0	0	0
AF	0	0.097127	12	8	4	0	0	0	0
AF	0	0.097439	1	0	1	0	0	0	0
AF	0	0.097751	10	8	2	0	0	0	0
AF	0	0.098064	2	2	0	0	0	0	0
AF	0	0.098376	6	3	3	0	0	0	0
AF	0	0.099001	2	2	0	0	0	0	0
AF	0	0.099313	2	1	1	0	0	0	0
AF	0	0.099625	8	5	3	0	0	0	0
AF	0	0.099938	1	1	0	0	0	0	0
AF	0	0.100250	1	1	0	0	0	0	0
AF	0	0.100562	3	3	0	0	0	0	0
AF	0	0.100874	2	1	1	0	0	0	0
AF	0	0.101187	7	4	3	0	0	0	0
AF	0	0.101499	9	4	5	0	0	0	0
AF	0	0.101811	2	1	1	0	0	0	0
AF	0	0.102124	2	0	2	0	0	0	0
AF	0	0.102436	1	1	0	0	0	0	0
AF	0	0.102748	3	3	0	0	0	0	0
AF	0	0.103373	8	6	2	0	0	0	0
AF	0	0.103685	2	1	1	0	0	0	0
AF	0	0.103998	2	2	0	0	0	0	0
AF	0	0.104310	1	0	1	0	0	0	0
AF	0	0.104622	2	2	0	0	0	0	0
AF	0	0.104934	3	3	0	0	0	0	0
AF	0	0.105247	5	1	4	0	0	0	0
AF	0	0.105559	5	5	0	0	0	0	0
AF	0	0.105871	4	2	2	0	0	0	0
AF	0	0.106184	5	2	3	0	0	0	0
AF	0	0.106496	6	4	2	0	0	0	0
AF	0	0.106808	10	8	2	0	0	0	0
AF	0	0.107121	11	9	2	0	0	0	0
AF	0	0.107433	3	2	1	0	0	0	0
AF	0	0.107745	9	4	5	0	0	0	0
AF	0	0.108057	3	3	0	0	0	0	0
AF	0	0.108370	7	5	2	0	0	0	0
AF	0	0.108682	2	1	1	0	0	0	0
AF	0	0.108994	3	2	1	0	0	0	0
AF	0	0.109307	4	4	0	0	0	0	0
AF	0	0.109619	5	5	0	0	0	0	0
AF	0	0.109931	2	2	0	0	0	0	0
AF	0	0.110244	8	6	2	0	0	0	0
AF	0	0.110556	2	0	2	0	0	0	0
AF	0	0.110868	5	5	0	0	0	0	0
AF	0	0.111181	2	1	1	0	0	0	0
AF	0	0.111493	2	1	1	0	0	0	0
AF	0	0.111805	8	5	3	0	0	0	0
AF	0	0.112117	1	0	1	0	0	0	0
AF	0	0.112430	6	2	4	0	0	0	0
AF	0	0.112742	3	2	1	0	0	0	0
AF	0	0.113054	4	2	2	0	0	0	0
AF	0	0.113367	3	2	1	0	0	0	0
AF	0	0.113679	14	12	2	0	0	0	0
AF	0	0.113991	5	5	0	0	0	0	0
AF	0	0.114304	9	6	3	0	0	0	0
AF	0	0.114616	3	3	0	0	0	0	0
AF	0	0.114928	6	4	2	0	0	0	0
AF	0	0.115240	3	3	0	0	0	0	0
AF	0	0.115553	3	2	1	0	0	0	0
AF	0	0.115865	1	1	0	0	0	0	0
AF	0	0.116177	2	2	0	0	0	0	0
AF	0	0.116490	3	1	2	0	0	0	0
AF	0	0.116802	4	3	1	0	0	0	0
AF	0	0.117114	4	2	2	0	0	0	0
AF	0	0.117427	6	4	2	0	0	0	0
AF	0	0.117739	2	2	0	0	0	0	0
AF	0	0.118051	4	3	1	0	0	0	0
AF	0	0.118364	2	2	0	0	0	0	0
AF	0	0.118676	5	2	3	0	0	0	0
AF	0	0.118988	2	1	1	0	0	0	0
AF	0	0.119925	1	0	1	0	0	0	0
AF	0	0.120237	1	0	1	0	0	0	0
AF	0	0.120550	2	2	0	0	0	0	0
AF	0	0.120862	2	1	1	0	0	0	0
AF	0	0.121174	3	1	2	0	0	0	0
AF	0	0.121487	1	1	0	0	0	0	0
AF	0	0.121799	2	1	1	0	0	0	0
AF	0	0.122111	3	2	1	0	0	0	0
AF	0	0.122423	3	3	0	0	0	0	0
AF	0	0.122736	3	0	3	0	0	0	0
AF	0	0.123048	1	1	0	0	0	0	0
AF	0	0.123360	1	0	1	0	0	0	0
AF	0	0.123673	2	2	0	0	0	0	0
AF	0	0.123985	1	1	0	0	0	0	0
AF	0	0.124297	1	0	1	0	0	0	0
AF	0	0.124610	1	0	1	0	0	0	0
AF	0	0.124922	4	3	1	0	0	0	0
AF	0	0.125234	1	1	0	0	0	0	0
AF	0	0.125547	2	2	0	0	0	0	0
AF	0	0.125859	5	4	1	0	0	0	0
AF	0	0.126483	2	1	1	0	0	0	0
AF	0	0.126796	5	3	2	0	0	0	0
AF	0	0.127420	6	4	2	0	0	0	0
AF	0	0.127733	2	1	1	0	0	0	0
AF	0	0.128045	4	3	1	0	0	0	0
AF	0	0.128357	3	3	0	0	0	0	0
AF	0	0.128670	9	5	4	0	0	0	0
AF	0	0.128982	5	3	2	0	0	0	0
AF	0	0.129294	16	12	4	0	0	0	0
AF	0	0.129606	6	3	3	0	0	0	0
AF	0	0.129919	4	2	2	0	0	0	0
AF	0	0.130231	1	1	0	0	0	0	0
AF	0	0.130543	5	3	2	0	0	0	0
AF	0	0.130856	3	1	2	0	0	0	0
AF	0	0.131168	6	5	1	0	0	0	0
AF	0	0.131793	4	2	2	0	0	0	0
AF	0	0.132105	2	2	0	0	0	0	0
AF	0	0.132417	3	0	3	0	0	0	0
AF	0	0.132730	2	2	0	0	0	0	0
AF	0	0.133042	3	3	0	0	0	0	0
AF	0	0.133354	1	1	0	0	0	0	0
AF	0	0.133666	3	1	2	0	0	0	0
AF	0	0.134291	4	1	3	0	0	0	0
AF	0	0.134916	3	3	0	0	0	0	0
AF	0	0.135540	2	0	2	0	0	0	0
AF	0	0.135853	2	2	0	0	0	0	0
AF	0	0.136165	1	1	0	0	0	0	0
AF	0	0.136790	2	2	0	0	0	0	0
AF	0	0.137414	2	2	0	0	0	0	0
AF	0	0.139600	1	0	1	0	0	0	0
AF	0	0.139913	4	2	2	0	0	0	0
AF	0	0.140537	3	3	0	0	0	0	0
AF	0	0.141162	3	2	1	0	0	0	0
AF	0	0.141474	3	1	2	0	0	0	0
AF	0	0.141786	2	1	1	0	0	0	0
AF	0	0.142411	2	1	1	0	0	0	0
AF	0	0.142723	2	1	1	0	0	0	0
AF	0	0.143036	2	1	1	0	0	0	0
AF	0	0.143348	1	0	1	0	0	0	0
AF	0	0.143660	2	2	0	0	0	0	0
AF	0	0.143973	4	2	2	0	0	0	0
AF	0	0.144285	5	3	2	0	0	0	0
AF	0	0.144597	1	1	0	0	0	0	0
AF	0	0.144909	3	2	1	0	0	0	0
AF	0	0.145222	1	1	0	0	0	0	0
AF	0	0.145534	6	4	2	0	0	0	0
AF	0	0.145846	3	3	0	0	0	0	0
AF	0	0.146159	5	4	1	0	0	0	0
AF	0	0.146471	3	2	1	0	0	0	0
AF	0	0.146783	4	2	2	0	0	0	0
AF	0	0.147096	2	1	1	0	0	0	0
AF	0	0.147408	3	2	1	0	0	0	0
AF	0	0.147720	1	1	0	0	0	0	0
AF	0	0.148032	1	1	0	0	0	0	0
AF	0	0.148345	2	1	1	0	0	0	0
AF	0	0.149282	2	1	1	0	0	0	0
AF	0	0.149594	1	0	1	0	0	0	0
AF	0	0.149906	1	1	0	0	0	0	0
AF	0	0.150531	5	2	3	0	0	0	0
AF	0	0.150843	1	1	0	0	0	0	0
AF	0	0.151156	4	4	0	0	0	0	0
AF	0	0.151468	1	0	1	0	0	0	0
AF	0	0.152092	4	2	2	0	0	0	0
AF	0	0.152405	5	5	0	0	0	0	0
AF	0	0.152717	2	2	0	0	0	0	0
AF	0	0.153029	1	0	1	0	0	0	0
AF	0	0.153342	1	1	0	0	0	0	0
AF	0	0.154279	1	0	1	0	0	0	0
AF	0	0.154591	1	1	0	0	0	0	0
AF	0	0.155215	2	1	1	0	0	0	0
AF	0	0.155528	4	1	3	0	0	0	0
AF	0	0.155840	1	1	0	0	0	0	0
AF	0	0.156465	1	0	1	0	0	0	0
AF	0	0.156777	4	2	2	0	0	0	0
AF	0	0.157089	1	0	1	0	0	0	0
AF	0	0.157402	1	0	1	0	0	0	0
AF	0	0.157714	2	1	1	0	0	0	0
AF	0	0.158026	6	4	2	0	0	0	0
AF	0	0.158651	3	1	2	0	0	0	0
AF	0	0.158963	1	1	0	0	0	0	0
AF	0	0.159275	3	3	0	0	0	0	0
AF	0	0.159900	4	4	0	0	0	0	0
AF	0	0.160212	1	0	1	0	0	0	0
AF	0	0.160525	2	0	2	0	0	0	0
AF	0	0.160837	1	1	0	0	0	0	0
AF	0	0.161149	1	1	0	0	0	0	0
AF	0	0.161774	1	0	1	0	0	0	0
AF	0	0.162086	1	1	0	0	0	0	0
AF	0	0.162399	1	0	1	0	0	0	0
AF	0	0.162711	2	2	0	0	0	0	0
AF	0	0.163023	1	1	0	0	0	0	0
AF	0	0.163335	1	0	1	0	0	0	0
AF	0	0.163648	6	2	4	0	0	0	0
AF	0	0.163960	3	2	1	0	0	0	0
AF	0	0.164272	4	3	1	0	0	0	0
AF	0	0.164585	2	2	0	0	0	0	0
AF	0	0.164897	3	2	1	0	0	0	0
AF	0	0.165522	5	4	1	0	0	0	0
AF	0	0.165834	3	3	0	0	0	0	0
AF	0	0.166146	7	5	2	0	0	0	0
AF	0	0.166458	2	2	0	0	0	0	0
AF	0	0.166771	7	4	3	0	0	0	0
AF	0	0.167083	9	5	4	0	0	0	0
AF	0	0.167395	9	4	5	0	0	0	0
AF	0	0.167708	2	1	1	0	0	0	0
AF	0	0.168020	5	4	1	0	0	0	0
AF	0	0.168332	4	4	0	0	0	0	0
AF	0	0.168645	6	5	1	0	0	0	0
AF	0	0.168957	2	1	1	0	0	0	0
AF	0	0.169269	1	1	0	0	0	0	0
AF	0	0.169582	2	1	1	0	0	0	0
AF	0	0.169894	4	2	2	0	0	0	0
AF	0	0.170206	2	0	2	0	0	0	0
AF	0	0.170518	1	1	0	0	0	0	0
AF	0	0.170831	1	1	0	0	0	0	0
AF	0	0.171143	8	7	1	0	0	0	0
AF	0	0.172080	1	0	1	0	0	0	0
AF	0	0.172392	1	1	0	0	0	0	0
AF	0	0.173017	1	1	0	0	0	0	0
AF	0	0.173641	3	2	1	0	0	0	0
AF	0	0.174266	1	1	0	0	0	0	0
AF	0	0.174578	1	1	0	0	0	0	0
AF	0	0.174891	1	0	1	0	0	0	0
AF	0	0.175203	1	0	1	0	0	0	0
AF	0	0.175515	1	1	0	0	0	0	0
AF	0	0.176452	1	0	1	0	0	0	0
AF	0	0.176765	1	1	0	0	0	0	0
AF	0	0.177389	1	1	0	0	0	0	0
AF	0	0.177701	2	1	1	0	0	0	0
AF	0	0.178014	5	3	2	0	0	0	0
AF	0	0.178951	2	1	1	0	0	0	0
AF	0	0.179263	6	2	4	0	0	0	0
AF	0	0.179575	3	3	0	0	0	0	0
AF	0	0.179888	4	2	2	0	0	0	0
AF	0	0.180200	2	1	1	0	0	0	0
AF	0	0.180512	8	8	0	0	0	0	0
AF	0	0.180824	11	6	5	0	0	0	0
AF	0	0.181137	9	6	3	0	0	0	0
AF	0	0.181449	2	1	1	0	0	0	0
AF	0	0.181761	8	5	3	0	0	0	0
AF	0	0.182074	2	1	1	0	0	0	0
AF	0	0.182386	3	1	2	0	0	0	0
AF	0	0.182698	1	0	1	0	0	0	0
AF	0	0.183011	4	4	0	0	0	0	0
AF	0	0.183323	2	2	0	0	0	0	0
AF	0	0.183948	2	0	2	0	0	0	0
AF	0	0.184260	1	0	1	0	0	0	0
AF	0	0.184572	1	0	1	0	0	0	0
AF	0	0.184884	1	1	0	0	0	0	0
AF	0	0.185197	1	1	0	0	0	0	0
AF	0	0.185509	3	3	0	0	0	0	0
AF	0	0.186134	5	5	0	0	0	0	0
AF	0	0.186446	1	1	0	0	0	0	0
AF	0	0.186758	6	6	0	0	0	0	0
AF	0	0.187071	5	4	1	0	0	0	0
AF	0	0.187383	6	4	2	0	0	0	0
AF	0	0.187695	2	2	0	0	0	0	0
AF	0	0.188007	3	2	1	0	0	0	0
AF	0	0.188632	7	7	0	0	0	0	0
AF	0	0.189257	2	2	0	0	0	0	0
AF	0	0.189569	1	1	0	0	0	0	0
AF	0	0.189881	2	2	0	0	0	0	0
AF	0	0.190194	2	0	2	0	0	0	0
AF	0	0.190506	1	1	0	0	0	0	0
AF	0	0.190818	1	1	0	0	0	0	0
AF	0	0.191131	1	1	0	0	0	0	0
AF	0	0.191755	4	1	3	0	0	0	0
AF	0	0.192380	3	1	2	0	0	0	0
AF	0	0.193004	5	3	2	0	0	0	0
AF	0	0.193317	2	1	1	0	0	0	0
AF	0	0.193629	10	9	1	0	0	0	0
AF	0	0.193941	1	0	1	0	0	0	0
AF	0	0.194254	5	4	1	0	0	0	0
AF	0	0.194566	3	2	1	0	0	0	0
AF	0	0.194878	7	5	2	0	0	0	0
AF	0	0.195191	2	1	1	0	0	0	0
AF	0	0.195503	9	6	3	0	0	0	0
AF	0	0.195815	7	7	0	0	0	0	0
AF	0	0.196127	4	3	1	0	0	0	0
AF	0	0.196752	7	4	3	0	0	0	0
AF	0	0.197064	5	3	2	0	0	0	0
AF	0	0.197377	5	3	2	0	0	0	0
AF	0	0.197689	3	2	1	0	0	0	0
AF	0	0.198001	8	5	3	0	0	0	0
AF	0	0.198626	3	3	0	0	0	0	0
AF	0	0.198938	1	1	0	0	0	0	0
AF	0	0.199250	2	1	1	0	0	0	0
AF	0	0.199563	1	1	0	0	0	0	0
AF	0	0.199875	3	2	1	0	0	0	0
AF	0	0.200500	1	1	0	0	0	0	0
AF	0	0.200812	1	1	0	0	0	0	0
AF	0	0.201124	3	2	1	0	0	0	0
AF	0	0.201437	1	0	1	0	0	0	0
AF	0	0.201749	2	1	1	0	0	0	0
AF	0	0.202374	2	0	2	0	0	0	0
AF	0	0.202686	4	1	3	0	0	0	0
AF	0	0.203623	1	0	1	0	0	0	0
AF	0	0.204560	1	1	0	0	0	0	0
AF	0	0.204872	4	4	0	0	0	0	0
AF	0	0.205184	2	2	0	0	0	0	0
AF	0	0.205497	3	2	1	0	0	0	0
AF	0	0.205809	2	1	1	0	0	0	0
AF	0	0.206121	1	1	0	0	0	0	0
AF	0	0.206433	2	1	1	0	0	0	0
AF	0	0.206746	2	1	1	0	0	0	0
AF	0	0.207683	1	1	0	0	0	0	0
AF	0	0.207995	1	0	1	0	0	0	0
AF	0	0.208307	1	0	1	0	0	0	0
AF	0	0.208620	1	0	1	0	0	0	0
AF	0	0.208932	1	1	0	0	0	0	0
AF	0	0.209244	3	3	0	0	0	0	0
AF	0	0.209557	1	0	1	0	0	0	0
AF	0	0.209869	2	2	0	0	0	0	0
AF	0	0.210493	3	1	2	0	0	0	0
AF	0	0.210806	2	2	0	0	0	0	0
AF	0	0.211118	2	2	0	0	0	0	0
AF	0	0.211430	3	2	1	0	0	0	0
AF	0	0.211743	3	1	2	0	0	0	0
AF	0	0.212055	1	0	1	0	0	0	0
AF	0	0.212367	8	4	4	0	0	0	0
AF	0	0.212680	1	0	1	0	0	0	0
AF	0	0.212992	2	1	1	0	0	0	0
AF	0	0.213616	1	1	0	0	0	0	0
AF	0	0.213929	1	0	1	0	0	0	0
AF	0	0.214241	1	1	0	0	0	0	0
AF	0	0.214866	3	3	0	0	0	0	0
AF	0	0.215178	1	1	0	0	0	0	0
AF	0	0.217989	1	1	0	0	0	0	0
AF	0	0.218613	3	2	1	0	0	0	0
AF	0	0.219238	3	3	0	0	0	0	0
AF	0	0.219550	2	1	1	0	0	0	0
AF	0	0.220175	1	0	1	0	0	0	0
AF	0	0.220487	3	2	1	0	0	0	0
AF	0	0.221112	3	1	2	0	0	0	0
AF	0	0.221424	1	1	0	0	0	0	0
AF	0	0.222049	3	2	1	0	0	0	0
AF	0	0.222361	2	2	0	0	0	0	0
AF	0	0.222673	6	5	1	0	0	0	0
AF	0	0.222986	6	5	1	0	0	0	0
AF	0	0.223298	8	2	6	0	0	0	0
AF	0	0.223610	2	1	1	0	0	0	0
AF	0	0.223923	2	1	1	0	0	0	0
AF	0	0.224235	2	2	0	0	0	0	0
AF	0	0.224547	5	4	1	0	0	0	0
AF	0	0.224859	6	3	3	0	0	0	0
AF	0	0.225172	3	2	1	0	0	0	0
AF	0	0.225484	2	0	2	0	0	0	0
AF	0	0.225796	4	2	2	0	0	0	0
AF	0	0.226109	4	3	1	0	0	0	0
AF	0	0.226733	2	2	0	0	0	0	0
AF	0	0.227046	6	5	1	0	0	0	0
AF	0	0.227358	2	1	1	0	0	0	0
AF	0	0.227670	4	1	3	0	0	0	0
AF	0	0.228295	1	1	0	0	0	0	0
AF	0	0.228607	1	1	0	0	0	0	0
AF	0	0.228919	1	1	0	0	0	0	0
AF	0	0.229544	2	1	1	0	0	0	0
AF	0	0.229856	1	0	1	0	0	0	0
AF	0	0.230169	1	0	1	0	0	0	0
AF	0	0.230481	1	1	0	0	0	0	0
AF	0	0.230793	6	3	3	0	0	0	0
AF	0	0.231106	2	1	1	0	0	0	0
AF	0	0.231418	3	2	1	0	0	0	0
AF	0	0.231730	1	1	0	0	0	0	0
AF	0	0.232042	5	3	2	0	0	0	0
AF	0	0.232667	1	0	1	0	0	0	0
AF	0	0.232979	2	1	1	0	0	0	0
AF	0	0.233292	4	3	1	0	0	0	0
AF	0	0.233604	2	1	1	0	0	0	0
AF	0	0.233916	3	3	0	0	0	0	0
AF	0	0.234229	3	1	2	0	0	0	0
AF	0	0.234541	9	7	2	0	0	0	0
AF	0	0.234853	2	2	0	0	0	0	0
AF	0	0.235166	6	6	0	0	0	0	0
AF	0	0.235478	1	1	0	0	0	0	0
AF	0	0.235790	6	6	0	0	0	0	0
AF	0	0.236102	5	3	2	0	0	0	0
AF	0	0.236415	6	4	2	0	0	0	0
AF	0	0.236727	5	3	2	0	0	0	0
AF	0	0.237039	6	4	2	0	0	0	0
AF	0	0.237352	3	3	0	0	0	0	0
AF	0	0.237664	1	0	1	0	0	0	0
AF	0	0.237976	1	1	0	0	0	0	0
AF	0	0.238289	3	3	0	0	0	0	0
AF	0	0.238601	2	1	1	0	0	0	0
AF	0	0.238913	2	2	0	0	0	0	0
AF	0	0.239850	2	2	0	0	0	0	0
AF	0	0.240162	3	1	2	0	0	0	0
AF	0	0.240475	1	1	0	0	0	0	0
AF	0	0.240787	3	2	1	0	0	0	0
AF	0	0.241412	1	0	1	0	0	0	0
AF	0	0.241724	1	0	1	0	0	0	0
AF	0	0.242036	2	1	1	0	0	0	0
AF	0	0.242349	5	4	1	0	0	0	0
AF	0	0.242661	4	2	2	0	0	0	0
AF	0	0.242973	2	2	0	0	0	0	0
AF	0	0.243285	2	2	0	0	0	0	0
AF	0	0.243910	1	1	0	0	0	0	0
AF	0	0.244222	1	0	1	0	0	0	0
AF	0	0.244535	2	2	0	0	0	0	0
AF	0	0.245159	5	3	2	0	0	0	0
AF	0	0.245472	5	4	1	0	0	0	0
AF	0	0.245784	2	2	0	0	0	0	0
AF	0	0.246096	5	4	1	0	0	0	0
AF	0	0.246408	9	5	4	0	0	0	0
AF	0	0.246721	2	2	0	0	0	0	0
AF	0	0.247033	1	1	0	0	0	0	0
AF	0	0.247658	2	1	1	0	0	0	0
AF	0	0.247970	5	2	3	0	0	0	0
AF	0	0.248282	14	9	5	0	0	0	0
AF	0	0.248595	2	0	2	0	0	0	0
AF	0	0.248907	7	5	2	0	0	0	0
AF	0	0.249219	3	2	1	0	0	0	0
AF	0	0.249532	4	1	3	0	0	0	0
AF	0	0.249844	3	2	1	0	0	0	0
AF	0	0.250156	8	4	4	0	0	0	0
AF	0	0.250781	4	3	1	0	0	0	0
AF	0	0.251093	1	1	0	0	0	0	0
AF	0	0.251405	4	2	2	0	0	0	0
AF	0	0.251718	2	2	0	0	0	0	0
AF	0	0.252030	1	1	0	0	0	0	0
AF	0	0.252342	2	2	0	0	0	0	0
AF	0	0.252655	3	2	1	0	0	0	0
AF	0	0.252967	1	0	1	0	0	0	0
AF	0	0.253279	1	0	1	0	0	0	0
AF	0	0.253592	2	1	1	0	0	0	0
AF	0	0.253904	7	3	4	0	0	0	0
AF	0	0.254216	2	2	0	0	0	0	0
AF	0	0.254528	5	4	1	0	0	0	0
AF	0	0.255153	6	5	1	0	0	0	0
AF	0	0.255465	1	1	0	0	0	0	0
AF	0	0.255778	4	2	2	0	0	0	0
AF	0	0.256090	1	1	0	0	0	0	0
AF	0	0.256402	7	3	4	0	0	0	0
AF	0	0.256715	1	1	0	0	0	0	0
AF	0	0.257027	3	3	0	0	0	0	0
AF	0	0.257651	3	2	1	0	0	0	0
AF	0	0.258276	1	0	1	0	0	0	0
AF	0	0.258588	2	2	0	0	0	0	0
AF	0	0.258901	2	1	1	0	0	0	0
AF	0	0.259213	4	3	1	0	0	0	0
AF	0	0.259525	3	3	0	0	0	0	0
AF	0	0.259838	1	0	1	0	0	0	0
AF	0	0.260150	3	1	2	0	0	0	0
AF	0	0.261087	3	3	0	0	0	0	0
AF	0	0.261399	6	5	1	0	0	0	0
AF	0	0.262024	1	0	1	0	0	0	0
AF	0	0.262648	3	2	1	0	0	0	0
AF	0	0.262961	2	2	0	0	0	0	0
AF	0	0.263273	1	0	1	0	0	0	0
AF	0	0.263585	4	2	2	0	0	0	0
AF	0	0.263898	4	4	0	0	0	0	0
AF	0	0.264522	3	3	0	0	0	0	0
AF	0	0.264834	2	2	0	0	0	0	0
AF	0	0.265147	8	4	4	0	0	0	0
AF	0	0.265459	3	2	1	0	0	0	0
AF	0	0.265771	2	1	1	0	0	0	0
AF	0	0.266084	4	2	2	0	0	0	0
AF	0	0.266396	5	4	1	0	0	0	0
AF	0	0.266708	5	1	4	0	0	0	0
AF	0	0.267021	5	4	1	0	0	0	0
AF	0	0.267333	3	2	1	0	0	0	0
AF	0	0.267645	3	0	3	0	0	0	0
AF	0	0.268894	1	1	0	0	0	0	0
AF	0	0.269207	1	0	1	0	0	0	0
AF	0	0.269519	16	13	3	0	0	0	0
AF	0	0.269831	10	7	3	0	0	0	0
AF	0	0.270144	3	3	0	0	0	0	0
AF	0	0.271393	3	1	2	0	0	0	0
AF	0	0.272017	1	1	0	0	0	0	0
AF	0	0.272330	1	1	0	0	0	0	0
AF	0	0.272642	3	2	1	0	0	0	0
AF	0	0.273267	2	1	1	0	0	0	0
AF	0	0.273579	1	1	0	0	0	0	0
AF	0	0.273891	2	2	0	0	0	0	0
AF	0	0.274204	1	1	0	0	0	0	0
AF	0	0.274516	1	1	0	0	0	0	0
AF	0	0.275141	2	0	2	0	0	0	0
AF	0	0.276390	1	1	0	0	0	0	0
AF	0	0.277327	1	1	0	0	0	0	0
AF	0	0.277639	1	1	0	0	0	0	0
AF	0	0.277951	4	0	4	0	0	0	0
AF	0	0.278264	4	2	2	0	0	0	0
AF	0	0.278576	2	1	1	0	0	0	0
AF	0	0.278888	1	1	0	0	0	0	0
AF	0	0.279200	1	0	1	0	0	0	0
AF	0	0.279513	2	0	2	0	0	0	0
AF	0	0.279825	1	1	0	0	0	0	0
AF	0	0.280137	3	3	0	0	0	0	0
AF	0	0.280450	2	2	0	0	0	0	0
AF	0	0.280762	2	1	1	0	0	0	0
AF	0	0.281074	2	2	0	0	0	0	0
AF	0	0.281387	2	2	0	0	0	0	0
AF	0	0.282011	3	3	0	0	0	0	0
AF	0	0.282636	2	1	1	0	0	0	0
AF	0	0.282948	2	2	0	0	0	0	0
AF	0	0.283260	1	0	1	0	0	0	0
AF	0	0.283885	1	0	1	0	0	0	0
AF	0	0.284197	1	1	0	0	0	0	0
AF	0	0.284510	1	1	0	0	0	0	0
AF	0	0.284822	1	1	0	0	0	0	0
AF	0	0.285134	2	1	1	0	0	0	0
AF	0	0.285759	2	2	0	0	0	0	0
AF	0	0.286071	1	1	0	0	0	0	0
AF	0	0.287008	5	3	2	0	0	0	0
AF	0	0.287320	1	1	0	0	0	0	0
AF	0	0.287633	2	1	1	0	0	0	0
AF	0	0.287945	3	1	2	0	0	0	0
AF	0	0.288257	1	0	1	0	0	0	0
AF	0	0.288882	3	2	1	0	0	0	0
AF	0	0.289194	1	1	0	0	0	0	0
AF	0	0.289507	1	1	0	0	0	0	0
AF	0	0.290756	1	0	1	0	0	0	0
AF	0	0.292317	2	2	0	0	0	0	0
AF	0	0.292630	1	1	0	0	0	0	0
AF	0	0.293254	2	1	1	0	0	0	0
AF	0	0.294191	1	0	1	0	0	0	0
AF	0	0.295128	4	2	2	0	0	0	0
AF	0	0.295753	4	2	2	0	0	0	0
AF	0	0.296377	1	1	0	0	0	0	0
AF	0	0.297002	1	1	0	0	0	0	0
AF	0	0.297314	3	1	2	0	0	0	0
AF	0	0.298251	1	1	0	0	0	0	0
AF	0	0.298876	1	0	1	0	0	0	0
AF	0	0.300437	1	1	0	0	0	0	0
AF	0	0.300750	1	1	0	0	0	0	0
AF	0	0.301062	4	4	0	0	0	0	0
AF	0	0.301686	1	1	0	0	0	0	0
AF	0	0.302311	1	1	0	0	0	0	0
AF	0	0.302623	1	1	0	0	0	0	0
AF	0	0.303873	2	1	1	0	0	0	0
AF	0	0.304185	2	2	0	0	0	0	0
AF	0	0.304497	3	3	0	0	0	0	0
AF	0	0.304809	1	1	0	0	0	0	0
AF	0	0.305122	2	1	1	0	0	0	0
AF	0	0.305434	1	1	0	0	0	0	0
AF	0	0.305746	1	1	0	0	0	0	0
AF	0	0.306371	3	1	2	0	0	0	0
AF	0	0.306683	1	1	0	0	0	0	0
AF	0	0.306996	1	1	0	0	0	0	0
AF	0	0.307308	1	1	0	0	0	0	0
AF	0	0.307620	1	1	0	0	0	0	0
AF	0	0.308869	1	1	0	0	0	0	0
AF	0	0.309182	1	1	0	0	0	0	0
AF	0	0.309494	1	1	0	0	0	0	0
AF	0	0.309806	2	1	1	0	0	0	0
AF	0	0.310119	1	1	0	0	0	0	0
AF	0	0.310743	1	1	0	0	0	0	0
AF	0	0.311368	1	1	0	0	0	0	0
AF	0	0.311680	2	1	1	0	0	0	0
AF	0	0.311993	1	0	1	0	0	0	0
AF	0	0.312305	2	1	1	0	0	0	0
AF	0	0.312617	2	2	0	0	0	0	0
AF	0	0.312929	1	1	0	0	0	0	0
AF	0	0.314179	2	2	0	0	0	0	0
AF	0	0.314491	6	3	3	0	0	0	0
AF	0	0.314803	1	1	0	0	0	0	0
AF	0	0.315116	2	1	1	0	0	0	0
AF	0	0.315428	2	2	0	0	0	0	0
AF	0	0.316677	2	0	2	0	0	0	0
AF	0	0.317614	1	0	1	0	0	0	0
AF	0	0.317926	1	1	0	0	0	0	0
AF	0	0.318239	1	1	0	0	0	0	0
AF	0	0.318551	1	1	0	0	0	0	0
AF	0	0.318863	2	2	0	0	0	0	0
AF	0	0.319176	1	1	0	0	0	0	0
AF	0	0.319488	1	1	0	0	0	0	0
AF	0	0.319800	1	0	1	0	0	0	0
AF	0	0.320425	1	1	0	0	0	0	0
AF	0	0.320737	4	4	0	0	0	0	0
AF	0	0.321049	4	2	2	0	0	0	0
AF	0	0.321362	2	1	1	0	0	0	0
AF	0	0.322299	2	1	1	0	0	0	0
AF	0	0.322611	1	1	0	0	0	0	0
AF	0	0.323235	2	0	2	0	0	0	0
AF	0	0.324485	2	1	1	0	0	0	0
AF	0	0.325422	1	1	0	0	0	0	0
AF	0	0.325734	1	0	1	0	0	0	0
AF	0	0.326046	1	1	0	0	0	0	0
AF	0	0.326359	2	1	1	0	0	0	0
AF	0	0.326671	2	1	1	0	0	0	0
AF	0	0.327295	1	1	0	0	0	0	0
AF	0	0.327608	1	1	0	0	0	0	0
AF	0	0.328232	2	2	0	0	0	0	0
AF	0	0.328545	2	1	1	0	0	0	0
AF	0	0.328857	1	1	0	0	0	0	0
AF	0	0.329482	4	4	0	0	0	0	0
AF	0	0.329794	1	0	1	0	0	0	0
AF	0	0.330106	1	1	0	0	0	0	0
AF	0	0.330731	4	4	0	0	0	0	0
AF	0	0.331355	4	3	1	0	0	0	0
AF	0	0.331668	4	2	2	0	0	0	0
AF	0	0.331980	2	2	0	0	0	0	0
AF	0	0.332605	5	4	1	0	0	0	0
AF	0	0.332917	1	1	0	0	0	0	0
AF	0	0.333229	3	3	0	0	0	0	0
AF	0	0.333854	1	0	1	0	0	0	0
AF	0	0.334166	4	2	2	0	0	0	0
AF	0	0.334478	1	0	1	0	0	0	0
AF	0	0.334791	2	2	0	0	0	0	0
AF	0	0.335415	2	1	1	0	0	0	0
AF	0	0.336040	1	1	0	0	0	0	0
AF	0	0.336977	4	3	1	0	0	0	0
AF	0	0.337289	2	2	0	0	0	0	0
AF	0	0.337601	1	1	0	0	0	0	0
AF	0	0.337914	4	3	1	0	0	0	0
AF	0	0.338226	2	1	1	0	0	0	0
AF	0	0.338538	2	1	1	0	0	0	0
AF	0	0.338851	1	1	0	0	0	0	0
AF	0	0.339163	2	1	1	0	0	0	0
AF	0	0.339475	2	2	0	0	0	0	0
AF	0	0.339788	5	4	1	0	0	0	0
AF	0	0.340100	1	0	1	0	0	0	0
AF	0	0.340412	3	3	0	0	0	0	0
AF	0	0.341037	2	2	0	0	0	0	0
AF	0	0.341661	2	0	2	0	0	0	0
AF	0	0.341974	1	1	0	0	0	0	0
AF	0	0.342598	1	1	0	0	0	0	0
AF	0	0.343535	3	1	2	0	0	0	0
AF	0	0.343848	2	1	1	0	0	0	0
AF	0	0.344160	3	1	2	0	0	0	0
AF	0	0.344472	1	1	0	0	0	0	0
AF	0	0.344785	1	1	0	0	0	0	0
AF	0	0.345097	1	0	1	0	0	0	0
AF	0	0.345409	2	2	0	0	0	0	0
AF	0	0.345721	3	2	1	0	0	0	0
AF	0	0.346034	2	2	0	0	0	0	0
AF	0	0.346346	3	3	0	0	0	0	0
AF	0	0.346658	2	1	1	0	0	0	0
AF	0	0.346971	1	0	1	0	0	0	0
AF	0	0.347283	1	1	0	0	0	0	0
AF	0	0.347595	2	2	0	0	0	0	0
AF	0	0.347908	1	0	1	0	0	0	0
AF	0	0.348220	1	0	1	0	0	0	0
AF	0	0.348532	1	0	1	0	0	0	0
AF	0	0.349157	3	2	1	0	0	0	0
AF	0	0.349469	1	1	0	0	0	0	0
AF	0	0.349781	2	1	1	0	0	0	0
AF	0	0.350718	2	2	0	0	0	0	0
AF	0	0.351031	1	1	0	0	0	0	0
AF	0	0.351343	1	0	1	0	0	0	0
AF	0	0.351655	2	1	1	0	0	0	0
AF	0	0.351968	3	2	1	0	0	0	0
AF	0	0.352280	2	1	1	0	0	0	0
AF	0	0.353529	1	1	0	0	0	0	0
AF	0	0.354466	1	1	0	0	0	0	0
AF	0	0.355715	2	2	0	0	0	0	0
AF	0	0.357277	4	2	2	0	0	0	0
AF	0	0.357589	1	0	1	0	0	0	0
AF	0	0.358214	1	0	1	0	0	0	0
AF	0	0.358838	1	1	0	0	0	0	0
AF	0	0.359151	3	1	2	0	0	0	0
AF	0	0.359463	1	1	0	0	0	0	0
AF	0	0.360087	1	0	1	0	0	0	0
AF	0	0.360400	1	1	0	0	0	0	0
AF	0	0.362898	2	2	0	0	0	0	0
AF	0	0.363210	3	2	1	0	0	0	0
AF	0	0.363835	2	1	1	0	0	0	0
AF	0	0.364147	1	1	0	0	0	0	0
AF	0	0.364460	1	0	1	0	0	0	0
AF	0	0.364772	3	3	0	0	0	0	0
AF	0	0.365084	1	1	0	0	0	0	0
AF	0	0.365397	3	2	1	0	0	0	0
AF	0	0.366334	2	2	0	0	0	0	0
AF	0	0.366646	5	3	2	0	0	0	0
AF	0	0.366958	1	1	0	0	0	0	0
AF	0	0.367583	1	1	0	0	0	0	0
AF	0	0.367895	3	3	0	0	0	0	0
AF	0	0.368520	1	0	1	0	0	0	0
AF	0	0.369144	3	2	1	0	0	0	0
AF	0	0.369457	3	1	2	0	0	0	0
AF	0	0.369769	3	0	3	0	0	0	0
AF	0	0.370394	1	1	0	0	0	0	0
AF	0	0.370706	1	0	1	0	0	0	0
AF	0	0.371018	1	1	0	0	0	0	0
AF	0	0.371330	2	1	1	0	0	0	0
AF	0	0.371643	1	0	1	0	0	0	0
AF	0	0.371955	2	1	1	0	0	0	0
AF	0	0.372267	3	2	1	0	0	0	0
AF	0	0.372580	1	0	1	0	0	0	0
AF	0	0.372892	3	2	1	0	0	0	0
AF	0	0.373204	2	2	0	0	0	0	0
AF	0	0.373517	1	1	0	0	0	0	0
AF	0	0.374141	1	0	1	0	0	0	0
AF	0	0.374453	1	0	1	0	0	0	0
AF	0	0.374766	1	0	1	0	0	0	0
AF	0	0.375390	1	1	0	0	0	0	0
AF	0	0.375703	2	1	1	0	0	0	0
AF	0	0.376015	1	0	1	0	0	0	0
AF	0	0.376640	1	1	0	0	0	0	0
AF	0	0.376952	1	1	0	0	0	0	0
AF	0	0.377264	2	1	1	0	0	0	0
AF	0	0.377889	1	1	0	0	0	0	0
AF	0	0.378513	3	2	1	0	0	0	0
AF	0	0.378826	4	2	2	0	0	0	0
AF	0	0.379138	3	3	0	0	0	0	0
AF	0	0.379450	1	0	1	0	0	0	0
AF	0	0.379763	4	1	3	0	0	0	0
AF	0	0.380075	2	2	0	0	0	0	0
AF	0	0.380387	4	3	1	0	0	0	0
AF	0	0.380700	1	0	1	0	0	0	0
AF	0	0.381012	4	2	2	0	0	0	0
AF	0	0.381949	1	1	0	0	0	0	0
AF	0	0.382261	1	0	1	0	0	0	0
AF	0	0.382886	2	2	0	0	0	0	0
AF	0	0.383510	1	1	0	0	0	0	0
AF	0	0.383823	2	2	0	0	0	0	0
AF	0	0.384135	2	1	1	0	0	0	0
AF	0	0.384447	1	1	0	0	0	0	0
AF	0	0.385384	1	1	0	0	0	0	0
AF	0	0.386321	2	2	0	0	0	0	0
AF	0	0.386946	1	0	1	0	0	0	0
AF	0	0.387570	1	0	1	0	0	0	0
AF	0	0.387883	4	3	1	0	0	0	0
AF	0	0.388507	3	1	2	0	0	0	0
AF	0	0.389444	1	1	0	0	0	0	0
AF	0	0.389756	2	1	1	0	0	0	0
AF	0	0.390069	2	1	1	0	0	0	0
AF	0	0.390381	2	1	1	0	0	0	0
AF	0	0.390693	2	1	1	0	0	0	0
AF	0	0.391318	1	1	0	0	0	0	0
AF	0	0.391630	4	4	0	0	0	0	0
AF	0	0.392255	2	2	0	0	0	0	0
AF	0	0.392567	1	1	0	0	0	0	0
AF	0	0.392879	1	0	1	0	0	0	0
AF	0	0.393192	2	1	1	0	0	0	0
AF	0	0.393504	5	5	0	0	0	0	0
AF	0	0.393816	4	4	0	0	0	0	0
AF	0	0.394129	2	1	1	0	0	0	0
AF	0	0.394441	2	2	0	0	0	0	0
AF	0	0.394753	7	4	3	0	0	0	0
AF	0	0.395066	3	3	0	0	0	0	0
AF	0	0.395378	8	4	4	0	0	0	0
AF	0	0.395690	6	5	1	0	0	0	0
AF	0	0.396002	3	2	1	0	0	0	0
AF	0	0.396315	1	1	0	0	0	0	0
AF	0	0.396627	1	0	1	0	0	0	0
AF	0	0.397876	4	1	3	0	0	0	0
AF	0	0.398189	1	0	1	0	0	0	0
AF	0	0.400999	1	1	0	0	0	0	0
AF	0	0.401624	3	2	1	0	0	0	0
AF	0	0.401936	1	0	1	0	0	0	0
AF	0	0.402249	1	1	0	0	0	0	0
AF	0	0.402561	3	2	1	0	0	0	0
AF	0	0.402873	2	2	0	0	0	0	0
AF	0	0.403498	1	0	1	0	0	0	0
AF	0	0.403810	1	0	1	0	0	0	0
AF	0	0.404122	2	1	1	0	0	0	0
AF	0	0.404435	1	1	0	0	0	0	0
AF	0	0.404747	4	1	3	0	0	0	0
AF	0	0.405059	1	1	0	0	0	0	0
AF	0	0.405372	1	1	0	0	0	0	0
AF	0	0.405684	1	1	0	0	0	0	0
AF	0	0.405996	2	1	1	0	0	0	0
AF	0	0.406309	1	0	1	0	0	0	0
AF	0	0.406621	1	1	0	0	0	0	0
AF	0	0.407245	2	2	0	0	0	0	0
AF	0	0.407558	1	1	0	0	0	0	0
AF	0	0.407870	1	0	1	0	0	0	0
AF	0	0.408182	1	1	0	0	0	0	0
AF	0	0.408495	1	1	0	0	0	0	0
AF	0	0.409119	2	2	0	0	0	0	0
AF	0	0.409432	1	1	0	0	0	0	0
AF	0	0.409744	3	2	1	0	0	0	0
AF	0	0.410056	1	1	0	0	0	0	0
AF	0	0.410369	2	1	1	0	0	0	0
AF	0	0.410993	2	1	1	0	0	0	0
AF	0	0.411305	2	2	0	0	0	0	0
AF	0	0.411618	3	3	0	0	0	0	0
AF	0	0.411930	4	4	0	0	0	0	0
AF	0	0.412242	1	0	1	0	0	0	0
AF	0	0.412867	1	0	1	0	0	0	0
AF	0	0.413179	1	1	0	0	0	0	0
AF	0	0.414116	1	1	0	0	0	0	0
AF	0	0.414428	2	1	1	0	0	0	0
AF	0	0.414741	7	6	1	0	0	0	0
AF	0	0.415053	1	0	1	0	0	0	0
AF	0	0.415365	2	2	0	0	0	0	0
AF	0	0.415990	3	1	2	0	0	0	0
AF	0	0.416302	2	2	0	0	0	0	0
AF	0	0.416615	4	4	0	0	0	0	0
AF	0	0.416927	1	0	1	0	0	0	0
AF	0	0.417239	1	0	1	0	0	0	0
AF	0	0.417552	1	0	1	0	0	0	0
AF	0	0.417864	12	7	5	0	0	0	0
AF	0	0.418176	2	1	1	0	0	0	0
AF	0	0.418488	7	4	3	0	0	0	0
AF	0	0.418801	1	0	1	0	0	0	0
AF	0	0.419113	2	2	0	0	0	0	0
AF	0	0.419425	1	1	0	0	0	0	0
AF	0	0.419738	1	1	0	0	0	0	0
AF	0	0.420050	2	1	1	0	0	0	0
AF	0	0.420362	1	1	0	0	0	0	0
AF	0	0.421611	2	1	1	0	0	0	0
AF	0	0.421924	1	1	0	0	0	0	0
AF	0	0.422236	3	3	0	0	0	0	0
AF	0	0.422548	1	1	0	0	0	0	0
AF	0	0.422861	2	2	0	0	0	0	0
AF	0	0.423798	1	1	0	0	0	0	0
AF	0	0.424110	1	0	1	0	0	0	0
AF	0	0.424735	1	1	0	0	0	0	0
AF	0	0.425047	3	2	1	0	0	0	0
AF	0	0.425984	2	2	0	0	0	0	0
AF	0	0.427233	1	0	1	0	0	0	0
AF	0	0.428482	1	1	0	0	0	0	0
AF	0	0.429107	1	0	1	0	0	0	0
AF	0	0.431605	2	2	0	0	0	0	0
AF	0	0.431918	1	0	1	0	0	0	0
AF	0	0.432854	1	1	0	0	0	0	0
AF	0	0.433167	1	1	0	0	0	0	0
AF	0	0.433479	2	1	1	0	0	0	0
AF	0	0.433791	2	2	0	0	0	0	0
AF	0	0.434104	4	2	2	0	0	0	0
AF	0	0.434416	4	2	2	0	0	0	0
AF	0	0.434728	12	7	5	0	0	0	0
AF	0	0.435041	5	2	3	0	0	0	0
AF	0	0.435353	3	2	1	0	0	0	0
AF	0	0.435665	1	0	1	0	0	0	0
AF	0	0.435978	4	4	0	0	0	0	0
AF	0	0.436290	1	1	0	0	0	0	0
AF	0	0.436914	1	0	1	0	0	0	0
AF	0	0.437227	5	4	1	0	0	0	0
AF	0	0.438164	1	0	1	0	0	0	0
AF	0	0.438476	1	0	1	0	0	0	0
AF	0	0.439101	2	2	0	0	0	0	0
AF	0	0.439413	1	1	0	0	0	0	0
AF	0	0.439725	1	1	0	0	0	0	0
AF	0	0.440350	1	1	0	0	0	0	0
AF	0	0.442848	1	1	0	0	0	0	0
AF	0	0.443785	1	1	0	0	0	0	0
AF	0	0.444722	2	2	0	0	0	0	0
AF	0	0.445659	3	2	1	0	0	0	0
AF	0	0.446284	5	3	2	0	0	0	0
AF	0	0.446908	1	1	0	0	0	0	0
AF	0	0.447533	1	1	0	0	0	0	0
AF	0	0.447845	1	1	0	0	0	0	0
AF	0	0.448157	1	1	0	0	0	0	0
AF	0	0.448470	1	0	1	0	0	0	0
AF	0	0.449094	1	0	1	0	0	0	0
AF	0	0.449407	3	2	1	0	0	0	0
AF	0	0.450031	5	4	1	0	0	0	0
AF	0	0.450344	2	1	1	0	0	0	0
AF	0	0.450656	2	1	1	0	0	0	0
AF	0	0.450968	1	1	0	0	0	0	0
AF	0	0.451280	1	1	0	0	0	0	0
AF	0	0.451905	1	0	1	0	0	0	0
AF	0	0.452530	3	3	0	0	0	0	0
AF	0	0.452842	4	3	1	0	0	0	0
AF	0	0.453154	1	0	1	0	0	0	0
AF	0	0.454091	2	2	0	0	0	0	0
AF	0	0.454403	1	0	1	0	0	0	0
AF	0	0.454716	3	2	1	0	0	0	0
AF	0	0.455028	1	0	1	0	0	0	0
AF	0	0.455653	1	1	0	0	0	0	0
AF	0	0.456902	2	1	1	0	0	0	0
AF	0	0.457214	1	1	0	0	0	0	0
AF	0	0.458151	1	0	1	0	0	0	0
AF	0	0.461899	3	3	0	0	0	0	0
AF	0	0.462211	1	0	1	0	0	0	0
AF	0	0.463148	1	1	0	0	0	0	0
AF	0	0.463773	4	2	2	0	0	0	0
AF	0	0.464397	1	0	1	0	0	0	0
AF	0	0.465022	1	1	0	0	0	0	0
AF	0	0.465646	1	1	0	0	0	0	0
AF	0	0.466896	1	0	1	0	0	0	0
AF	0	0.467520	2	1	1	0	0	0	0
AF	0	0.468457	1	1	0	0	0	0	0
AF	0	0.468770	1	1	0	0	0	0	0
AF	0	0.469082	1	1	0	0	0	0	0
AF	0	0.470019	2	1	1	0	0	0	0
AF	0	0.470331	1	1	0	0	0	0	0
AF	0	0.470956	1	0	1	0	0	0	0
AF	0	0.471268	1	1	0	0	0	0	0
AF	0	0.471580	3	1	2	0	0	0	0
AF	0	0.471893	1	0	1	0	0	0	0
AF	0	0.472517	3	2	1	0	0	0	0
AF	0	0.472829	1	1	0	0	0	0	0
AF	0	0.473142	1	1	0	0	0	0	0
AF	0	0.473766	1	0	1	0	0	0	0
AF	0	0.474079	1	1	0	0	0	0	0
AF	0	0.475016	2	0	2	0	0	0	0
AF	0	0.475328	2	1	1	0	0	0	0
AF	0	0.475640	1	1	0	0	0	0	0
AF	0	0.475953	2	0	2	0	0	0	0
AF	0	0.476265	2	1	1	0	0	0	0
AF	0	0.476577	1	0	1	0	0	0	0
AF	0	0.476889	3	2	1	0	0	0	0
AF	0	0.477202	1	1	0	0	0	0	0
AF	0	0.477514	2	2	0	0	0	0	0
AF	0	0.478451	1	1	0	0	0	0	0
AF	0	0.478763	1	0	1	0	0	0	0
AF	0	0.479076	2	2	0	0	0	0	0
AF	0	0.479700	2	2	0	0	0	0	0
AF	0	0.480012	2	0	2	0	0	0	0
AF	0	0.480637	1	0	1	0	0	0	0
AF	0	0.481574	2	1	1	0	0	0	0
AF	0	0.482823	1	1	0	0	0	0	0
AF	0	0.483136	1	1	0	0	0	0	0
AF	0	0.483448	2	2	0	0	0	0	0
AF	0	0.483760	4	4	0	0	0	0	0
AF	0	0.484072	1	0	1	0	0	0	0
AF	0	0.484385	1	0	1	0	0	0	0
AF	0	0.485946	1	1	0	0	0	0	0
AF	0	0.486571	4	1	3	0	0	0	0
AF	0	0.486883	1	1	0	0	0	0	0
AF	0	0.487508	1	1	0	0	0	0	0
AF	0	0.487820	1	1	0	0	0	0	0
AF	0	0.488757	1	1	0	0	0	0	0
AF	0	0.490006	1	1	0	0	0	0	0
AF	0	0.491255	1	1	0	0	0	0	0
AF	0	0.492505	1	1	0	0	0	0	0
AF	0	0.494379	1	1	0	0	0	0	0
AF	0	0.495315	1	1	0	0	0	0	0
AF	0	0.495628	1	1	0	0	0	0	0
AF	0	0.495940	1	1	0	0	0	0	0
AF	0	0.496877	2	1	1	0	0	0	0
AF	0	0.498126	1	0	1	0	0	0	0
AF	0	0.500000	1	0	1	0	0	0	0
AF	0	0.501249	1	1	0	0	0	0	0
AF	0	0.501562	1	1	0	0	0	0	0
AF	0	0.502811	1	0	1	0	0	0	0
AF	0	0.503123	1	1	0	0	0	0	0
AF	0	0.504060	1	0	1	0	0	0	0
AF	0	0.505621	1	0	1	0	0	0	0
AF	0	0.508120	2	1	1	0	0	0	0
AF	0	0.510618	1	0	1	0	0	0	0
AF	0	0.511243	1	0	1	0	0	0	0
AF	0	0.511868	1	0	1	0	0	0	0
AF	0	0.518426	1	0	1	0	0	0	0
AF	0	0.518738	1	1	0	0	0	0	0
AF	0	0.519675	1	0	1	0	0	0	0
AF	0	0.520300	2	1	1	0	0	0	0
AF	0	0.521861	1	1	0	0	0	0	0
AF	0	0.522798	1	1	0	0	0	0	0
AF	0	0.523111	1	0	1	0	0	0	0
AF	0	0.523735	2	2	0	0	0	0	0
AF	0	0.524672	1	0	1	0	0	0	0
AF	0	0.524984	1	1	0	0	0	0	0
AF	0	0.527483	1	1	0	0	0	0	0
AF	0	0.528107	1	0	1	0	0	0	0
AF	0	0.529669	1	1	0	0	0	0	0
AF	0	0.529981	1	0	1	0	0	0	0
AF	0	0.530294	1	1	0	0	0	0	0
AF	0	0.531230	1	0	1	0	0	0	0
AF	0	0.531543	1	0	1	0	0	0	0
AF	0	0.531855	2	1	1	0	0	0	0
AF	0	0.532480	1	1	0	0	0	0	0
AF	0	0.534354	2	1	1	0	0	0	0
AF	0	0.535915	1	1	0	0	0	0	0
AF	0	0.536540	1	0	1	0	0	0	0
AF	0	0.536852	1	1	0	0	0	0	0
AF	0	0.538101	1	1	0	0	0	0	0
AF	0	0.538413	2	1	1	0	0	0	0
AF	0	0.539038	2	0	2	0	0	0	0
AF	0	0.540600	1	1	0	0	0	0	0
AF	0	0.543098	1	0	1	0	0	0	0
AF	0	0.543410	1	1	0	0	0	0	0
AF	0	0.543723	2	2	0	0	0	0	0
AF	0	0.546221	1	0	1	0	0	0	0
AF	0	0.547158	1	0	1	0	0	0	0
AF	0	0.547470	2	1	1	0	0	0	0
AF	0	0.548095	2	2	0	0	0	0	0
AF	0	0.548720	1	1	0	0	0	0	0
AF	0	0.551218	3	1	2	0	0	0	0
AF	0	0.552155	3	3	0	0	0	0	0
AF	0	0.552467	1	1	0	0	0	0	0
AF	0	0.553716	1	0	1	0	0	0	0
AF	0	0.554029	1	1	0	0	0	0	0
AF	0	0.554341	4	2	2	0	0	0	0
AF	0	0.554653	1	0	1	0	0	0	0
AF	0	0.555278	2	1	1	0	0	0	0
AF	0	0.555590	2	1	1	0	0	0	0
AF	0	0.555903	1	1	0	0	0	0	0
AF	0	0.556215	2	1	1	0	0	0	0
AF	0	0.556527	1	1	0	0	0	0	0
AF	0	0.557152	2	1	1	0	0	0	0
AF	0	0.557464	2	2	0	0	0	0	0
AF	0	0.557776	1	0	1	0	0	0	0
AF	0	0.558089	3	3	0	0	0	0	0
AF	0	0.558401	2	1	1	0	0	0	0
AF	0	0.558713	2	0	2	0	0	0	0
AF	0	0.559026	3	2	1	0	0	0	0
AF	0	0.559650	2	2	0	0	0	0	0
AF	0	0.560275	2	1	1	0	0	0	0
AF	0	0.560587	2	2	0	0	0	0	0
AF	0	0.561212	4	2	2	0	0	0	0
AF	0	0.561524	2	2	0	0	0	0	0
AF	0	0.562149	1	1	0	0	0	0	0
AF	0	0.562461	1	1	0	0	0	0	0
AF	0	0.563086	1	0	1	0	0	0	0
AF	0	0.564022	1	0	1	0	0	0	0
AF	0	0.564647	2	2	0	0	0	0	0
AF	0	0.564959	2	2	0	0	0	0	0
AF	0	0.565272	1	1	0	0	0	0	0
AF	0	0.565896	2	2	0	0	0	0	0
AF	0	0.566521	1	1	0	0	0	0	0
AF	0	0.566833	1	0	1	0	0	0	0
AF	0	0.567146	3	1	2	0	0	0	0
AF	0	0.567458	1	1	0	0	0	0	0
AF	0	0.567770	1	1	0	0	0	0	0
AF	0	0.568395	2	2	0	0	0	0	0
AF	0	0.568707	2	1	1	0	0	0	0
AF	0	0.569644	5	5	0	0	0	0	0
AF	0	0.570269	2	1	1	0	0	0	0
AF	0	0.570893	1	0	1	0	0	0	0
AF	0	0.572455	2	1	1	0	0	0	0
AF	0	0.572767	2	1	1	0	0	0	0
AF	0	0.573392	2	1	1	0	0	0	0
AF	0	0.574016	1	1	0	0	0	0	0
AF	0	0.575265	1	1	0	0	0	0	0
AF	0	0.575890	1	1	0	0	0	0	0
AF	0	0.576202	1	1	0	0	0	0	0
AF	0	0.576515	2	1	1	0	0	0	0
AF	0	0.576827	1	0	1	0	0	0	0
AF	0	0.577139	1	0	1	0	0	0	0
AF	0	0.578076	2	2	0	0	0	0	0
AF	0	0.578389	2	1	1	0	0	0	0
AF	0	0.578701	2	1	1	0	0	0	0
AF	0	0.579013	5	3	2	0	0	0	0
AF	0	0.579638	4	4	0	0	0	0	0
AF	0	0.579950	1	0	1	0	0	0	0
AF	0	0.580575	1	1	0	0	0	0	0
AF	0	0.580887	3	2	1	0	0	0	0
AF	0	0.581199	2	1	1	0	0	0	0
AF	0	0.582761	1	0	1	0	0	0	0
AF	0	0.583073	2	2	0	0	0	0	0
AF	0	0.583698	1	1	0	0	0	0	0
AF	0	0.584010	1	0	1	0	0	0	0
AF	0	0.584322	1	1	0	0	0	0	0
AF	0	0.584635	1	1	0	0	0	0	0
AF	0	0.584947	1	1	0	0	0	0	0
AF	0	0.585884	1	0	1	0	0	0	0
AF	0	0.586508	2	0	2	0	0	0	0
AF	0	0.586821	1	1	0	0	0	0	0
AF	0	0.587445	1	1	0	0	0	0	0
AF	0	0.588695	1	0	1	0	0	0	0
AF	0	0.589007	4	2	2	0	0	0	0
AF	0	0.589319	2	2	0	0	0	0	0
AF	0	0.589631	4	4	0	0	0	0	0
AF	0	0.589944	1	0	1	0	0	0	0
AF	0	0.590256	1	0	1	0	0	0	0
AF	0	0.590881	1	1	0	0	0	0	0
AF	0	0.591505	2	0	2	0	0	0	0
AF	0	0.591818	1	1	0	0	0	0	0
AF	0	0.592755	2	1	1	0	0	0	0
AF	0	0.593691	2	0	2	0	0	0	0
AF	0	0.594004	5	4	1	0	0	0	0
AF	0	0.594316	1	1	0	0	0	0	0
AF	0	0.595253	1	0	1	0	0	0	0
AF	0	0.596190	1	1	0	0	0	0	0
AF	0	0.596502	2	1	1	0	0	0	0
AF	0	0.597127	2	1	1	0	0	0	0
AF	0	0.597439	2	2	0	0	0	0	0
AF	0	0.597751	1	1	0	0	0	0	0
AF	0	0.598064	1	1	0	0	0	0	0
AF	0	0.598376	1	1	0	0	0	0	0
AF	0	0.598688	1	0	1	0	0	0	0
AF	0	0.599001	1	1	0	0	0	0	0
AF	0	0.599625	2	1	1	0	0	0	0
AF	0	0.600250	4	3	1	0	0	0	0
AF	0	0.600562	1	1	0	0	0	0	0
AF	0	0.600874	1	0	1	0	0	0	0
AF	0	0.601499	3	2	1	0	0	0	0
AF	0	0.601811	1	1	0	0	0	0	0
AF	0	0.602124	1	1	0	0	0	0	0
AF	0	0.602748	2	2	0	0	0	0	0
AF	0	0.603061	1	1	0	0	0	0	0
AF	0	0.603373	6	6	0	0	0	0	0
AF	0	0.603685	2	1	1	0	0	0	0
AF	0	0.603998	1	1	0	0	0	0	0
AF	0	0.604622	1	1	0	0	0	0	0
AF	0	0.604934	1	1	0	0	0	0	0
AF	0	0.605247	4	2	2	0	0	0	0
AF	0	0.605871	1	1	0	0	0	0	0
AF	0	0.606808	1	0	1	0	0	0	0
AF	0	0.607121	2	2	0	0	0	0	0
AF	0	0.607433	2	1	1	0	0	0	0
AF	0	0.609307	1	1	0	0	0	0	0
AF	0	0.609931	1	1	0	0	0	0	0
AF	0	0.611181	3	2	1	0	0	0	0
AF	0	0.612117	1	1	0	0	0	0	0
AF	0	0.612430	2	1	1	0	0	0	0
AF	0	0.612742	2	1	1	0	0	0	0
AF	0	0.613367	2	1	1	0	0	0	0
AF	0	0.613679	3	0	3	0	0	0	0
AF	0	0.613991	1	1	0	0	0	0	0
AF	0	0.614616	1	0	1	0	0	0	0
AF	0	0.615240	1	0	1	0	0	0	0
AF	0	0.617427	1	1	0	0	0	0	0
AF	0	0.618364	1	0	1	0	0	0	0
AF	0	0.619613	1	1	0	0	0	0	0
AF	0	0.620237	2	1	1	0	0	0	0
AF	0	0.620862	1	0	1	0	0	0	0
AF	0	0.621799	1	1	0	0	0	0	0
AF	0	0.622111	2	0	2	0	0	0	0
AF	0	0.623985	1	0	1	0	0	0	0
AF	0	0.624297	2	2	0	0	0	0	0
AF	0	0.624610	1	0	1	0	0	0	0
AF	0	0.625234	1	1	0	0	0	0	0
AF	0	0.627108	1	1	0	0	0	0	0
AF	0	0.628357	2	1	1	0	0	0	0
AF	0	0.629606	1	0	1	0	0	0	0
AF	0	0.630231	3	2	1	0	0	0	0
AF	0	0.631793	1	1	0	0	0	0	0
AF	0	0.632105	1	1	0	0	0	0	0
AF	0	0.632730	1	0	1	0	0	0	0
AF	0	0.633354	1	0	1	0	0	0	0
AF	0	0.635853	4	3	1	0	0	0	0
AF	0	0.636477	1	1	0	0	0	0	0
AF	0	0.639288	1	1	0	0	0	0	0
AF	0	0.639600	1	1	0	0	0	0	0
AF	0	0.640225	1	1	0	0	0	0	0
AF	0	0.640849	1	0	1	0	0	0	0
AF	0	0.641162	1	0	1	0	0	0	0
AF	0	0.644909	1	0	1	0	0	0	0
AF	0	0.645534	1	1	0	0	0	0	0
AF	0	0.647720	1	1	0	0	0	0	0
AF	0	0.648969	2	2	0	0	0	0	0
AF	0	0.650219	1	1	0	0	0	0	0
AF	0	0.653029	1	1	0	0	0	0	0
AF	0	0.655528	1	1	0	0	0	0	0
AF	0	0.656777	1	1	0	0	0	0	0
AF	0	0.657089	1	0	1	0	0	0	0
AF	0	0.658026	1	0	1	0	0	0	0
AF	0	0.659588	2	0	2	0	0	0	0
AF	0	0.660212	1	0	1	0	0	0	0
AF	0	0.663960	1	1	0	0	0	0	0
AF	0	0.664585	1	0	1	0	0	0	0
AF	0	0.664897	1	1	0	0	0	0	0
AF	0	0.665834	1	1	0	0	0	0	0
AF	0	0.666771	2	1	1	0	0	0	0
AF	0	0.667083	1	0	1	0	0	0	0
AF	0	0.667395	2	2	0	0	0	0	0
AF	0	0.668020	1	1	0	0	0	0	0
AF	0	0.668645	1	1	0	0	0	0	0
AF	0	0.670518	1	1	0	0	0	0	0
AF	0	0.670831	1	1	0	0	0	0	0
AF	0	0.671143	1	0	1	0	0	0	0
AF	0	0.671455	1	0	1	0	0	0	0
AF	0	0.672705	1	1	0	0	0	0	0
AF	0	0.673017	1	0	1	0	0	0	0
AF	0	0.678014	1	1	0	0	0	0	0
AF	0	0.678951	1	1	0	0	0	0	0
AF	0	0.679263	2	1	1	0	0	0	0
AF	0	0.679575	2	1	1	0	0	0	0
AF	0	0.681137	1	1	0	0	0	0	0
AF	0	0.681761	1	1	0	0	0	0	0
AF	0	0.683635	1	1	0	0	0	0	0
AF	0	0.684260	1	1	0	0	0	0	0
AF	0	0.685509	1	0	1	0	0	0	0
AF	0	0.686758	1	1	0	0	0	0	0
AF	0	0.688632	1	1	0	0	0	0	0
AF	0	0.688944	1	1	0	0	0	0	0
AF	0	0.689257	2	0	2	0	0	0	0
AF	0	0.690818	1	1	0	0	0	0	0
AF	0	0.691755	1	1	0	0	0	0	0
AF	0	0.692380	2	2	0	0	0	0	0
AF	0	0.692692	1	1	0	0	0	0	0
AF	0	0.693317	2	2	0	0	0	0	0
AF	0	0.693629	1	1	0	0	0	0	0
AF	0	0.694254	3	1	2	0	0	0	0
AF	0	0.694878	2	1	1	0	0	0	0
AF	0	0.695191	1	1	0	0	0	0	0
AF	0	0.695503	2	2	0	0	0	0	0
AF	0	0.696127	1	1	0	0	0	0	0
AF	0	0.696752	3	1	2	0	0	0	0
AF	0	0.697064	1	1	0	0	0	0	0
AF	0	0.697377	1	1	0	0	0	0	0
AF	0	0.697689	1	0	1	0	0	0	0
AF	0	0.698626	2	1	1	0	0	0	0
AF	0	0.698938	2	1	1	0	0	0	0
AF	0	0.700500	5	3	2	0	0	0	0
AF	0	0.700812	3	2	1	0	0	0	0
AF	0	0.701437	1	0	1	0	0	0	0
AF	0	0.702061	1	1	0	0	0	0	0
AF	0	0.702686	3	0	3	0	0	0	0
AF	0	0.702998	10	6	4	0	0	0	0
AF	0	0.703310	2	2	0	0	0	0	0
AF	0	0.703623	4	4	0	0	0	0	0
AF	0	0.703935	1	1	0	0	0	0	0
AF	0	0.704247	1	1	0	0	0	0	0
AF	0	0.704872	1	1	0	0	0	0	0
AF	0	0.706121	1	0	1	0	0	0	0
AF	0	0.707995	3	3	0	0	0	0	0
AF	0	0.708620	1	1	0	0	0	0	0
AF	0	0.709244	2	1	1	0	0	0	0
AF	0	0.711118	1	1	0	0	0	0	0
AF	0	0.711430	1	0	1	0	0	0	0
AF	0	0.711743	1	1	0	0	0	0	0
AF	0	0.712680	1	1	0	0	0	0	0
AF	0	0.713929	1	1	0	0	0	0	0
AF	0	0.714866	2	1	1	0	0	0	0
AF	0	0.715490	2	1	1	0	0	0	0
AF	0	0.715803	1	1	0	0	0	0	0
AF	0	0.717052	2	2	0	0	0	0	0
AF	0	0.717989	2	1	1	0	0	0	0
AF	0	0.718613	1	0	1	0	0	0	0
AF	0	0.718926	1	1	0	0	0	0	0
AF	0	0.719863	2	2	0	0	0	0	0
AF	0	0.720487	2	0	2	0	0	0	0
AF	0	0.720800	1	1	0	0	0	0	0
AF	0	0.722361	2	2	0	0	0	0	0
AF	0	0.722673	1	0	1	0	0	0	0
AF	0	0.723610	1	1	0	0	0	0	0
AF	0	0.724859	1	1	0	0	0	0	0
AF	0	0.725172	1	1	0	0	0	0	0
AF	0	0.725484	1	1	0	0	0	0	0
AF	0	0.725796	1	1	0	0	0	0	0
AF	0	0.726109	1	0	1	0	0	0	0
AF	0	0.726733	4	2	2	0	0	0	0
AF	0	0.727358	1	0	1	0	0	0	0
AF	0	0.728295	1	1	0	0	0	0	0
AF	0	0.728919	1	1	0	0	0	0	0
AF	0	0.729856	1	1	0	0	0	0	0
AF	0	0.730481	1	1	0	0	0	0	0
AF	0	0.731418	1	1	0	0	0	0	0
AF	0	0.731730	1	1	0	0	0	0	0
AF	0	0.732042	2	0	2	0	0	0	0
AF	0	0.732667	1	0	1	0	0	0	0
AF	0	0.732979	2	1	1	0	0	0	0
AF	0	0.733604	1	1	0	0	0	0	0
AF	0	0.734229	1	1	0	0	0	0	0
AF	0	0.734541	1	1	0	0	0	0	0
AF	0	0.735478	2	0	2	0	0	0	0
AF	0	0.736102	2	2	0	0	0	0	0
AF	0	0.736415	2	1	1	0	0	0	0
AF	0	0.736727	3	3	0	0	0	0	0
AF	0	0.737039	1	1	0	0	0	0	0
AF	0	0.737976	1	1	0	0	0	0	0
AF	0	0.738289	1	0	1	0	0	0	0
AF	0	0.738601	1	0	1	0	0	0	0
AF	0	0.739225	2	2	0	0	0	0	0
AF	0	0.739538	4	2	2	0	0	0	0
AF	0	0.740475	2	0	2	0	0	0	0
AF	0	0.741724	1	1	0	0	0	0	0
AF	0	0.742036	3	2	1	0	0	0	0
AF	0	0.742661	1	1	0	0	0	0	0
AF	0	0.742973	2	1	1	0	0	0	0
AF	0	0.743598	1	1	0	0	0	0	0
AF	0	0.744222	4	2	2	0	0	0	0
AF	0	0.744847	9	5	4	0	0	0	0
AF	0	0.745159	6	4	2	0	0	0	0
AF	0	0.745472	5	5	0	0	0	0	0
AF	0	0.745784	1	1	0	0	0	0	0
AF	0	0.746096	1	1	0	0	0	0	0
AF	0	0.747658	1	0	1	0	0	0	0
AF	0	0.747970	2	1	1	0	0	0	0
AF	0	0.748282	1	1	0	0	0	0	0
AF	0	0.748907	1	0	1	0	0	0	0
AF	0	0.749219	1	0	1	0	0	0	0
AF	0	0.750468	1	0	1	0	0	0	0
AF	0	0.750781	1	1	0	0	0	0	0
AF	0	0.751093	2	1	1	0	0	0	0
AF	0	0.752030	2	2	0	0	0	0	0
AF	0	0.752342	1	1	0	0	0	0	0
AF	0	0.753592	2	2	0	0	0	0	0
AF	0	0.753904	1	0	1	0	0	0	0
AF	0	0.754216	2	1	1	0	0	0	0
AF	0	0.756090	2	2	0	0	0	0	0
AF	0	0.757964	1	1	0	0	0	0	0
AF	0	0.758588	2	2	0	0	0	0	0
AF	0	0.758901	1	1	0	0	0	0	0
AF	0	0.759213	3	1	2	0	0	0	0
AF	0	0.759525	1	1	0	0	0	0	0
AF	0	0.759838	1	1	0	0	0	0	0
AF	0	0.761399	1	1	0	0	0	0	0
AF	0	0.761711	1	1	0	0	0	0	0
AF	0	0.762336	2	1	1	0	0	0	0
AF	0	0.762961	1	0	1	0	0	0	0
AF	0	0.763273	1	0	1	0	0	0	0
AF	0	0.763898	1	0	1	0	0	0	0
AF	0	0.764210	1	1	0	0	0	0	0
AF	0	0.764522	3	2	1	0	0	0	0
AF	0	0.764834	2	1	1	0	0	0	0
AF	0	0.765147	3	1	2	0	0	0	0
AF	0	0.765459	4	2	2	0	0	0	0
AF	0	0.765771	1	1	0	0	0	0	0
AF	0	0.766084	5	0	5	0	0	0	0
AF	0	0.766396	1	1	0	0	0	0	0
AF	0	0.769207	1	1	0	0	0	0	0
AF	0	0.775141	1	1	0	0	0	0	0
AF	0	0.776077	1	1	0	0	0	0	0
AF	0	0.776702	1	1	0	0	0	0	0
AF	0	0.778264	1	1	0	0	0	0	0
AF	0	0.779513	1	1	0	0	0	0	0
AF	0	0.779825	1	1	0	0	0	0	0
AF	0	0.780137	1	1	0	0	0	0	0
AF	0	0.780450	2	1	1	0	0	0	0
AF	0	0.780762	4	1	3	0	0	0	0
AF	0	0.781074	2	0	2	0	0	0	0
AF	0	0.782011	1	0	1	0	0	0	0
AF	0	0.782636	1	0	1	0	0	0	0
AF	0	0.782948	1	1	0	0	0	0	0
AF	0	0.785134	1	0	1	0	0	0	0
AF	0	0.785759	1	0	1	0	0	0	0
AF	0	0.786071	1	1	0	0	0	0	0
AF	0	0.788882	4	3	1	0	0	0	0
AF	0	0.789194	2	2	0	0	0	0	0
AF	0	0.790756	2	1	1	0	0	0	0
AF	0	0.792005	1	0	1	0	0	0	0
AF	0	0.795440	1	0	1	0	0	0	0
AF	0	0.795753	1	0	1	0	0	0	0
AF	0	0.796065	1	1	0	0	0	0	0
AF	0	0.800750	1	1	0	0	0	0	0
AF	0	0.801062	1	1	0	0	0	0	0
AF	0	0.802623	2	2	0	0	0	0	0
AF	0	0.803560	1	0	1	0	0	0	0
AF	0	0.804497	1	1	0	0	0	0	0
AF	0	0.807620	1	1	0	0	0	0	0
AF	0	0.810431	1	0	1	0	0	0	0
AF	0	0.810743	1	0	1	0	0	0	0
AF	0	0.811056	2	0	2	0	0	0	0
AF	0	0.811368	1	0	1	0	0	0	0
AF	0	0.811680	1	1	0	0	0	0	0
AF	0	0.812617	2	1	1	0	0	0	0
AF	0	0.813554	1	1	0	0	0	0	0
AF	0	0.814491	3	1	2	0	0	0	0
AF	0	0.814803	2	2	0	0	0	0	0
AF	0	0.815740	1	1	0	0	0	0	0
AF	0	0.817614	2	1	1	0	0	0	0
AF	0	0.819800	1	0	1	0	0	0	0
AF	0	0.820112	1	1	0	0	0	0	0
AF	0	0.820737	1	1	0	0	0	0	0
AF	0	0.822611	1	1	0	0	0	0	0
AF	0	0.824485	1	1	0	0	0	0	0
AF	0	0.824797	3	3	0	0	0	0	0
AF	0	0.827295	1	1	0	0	0	0	0
AF	0	0.830418	1	1	0	0	0	0	0
AF	0	0.832292	2	2	0	0	0	0	0
AF	0	0.832605	2	1	1	0	0	0	0
AF	0	0.832917	1	0	1	0	0	0	0
AF	0	0.835103	1	0	1	0	0	0	0
AF	0	0.836040	1	1	0	0	0	0	0
AF	0	0.838226	2	0	2	0	0	0	0
AF	0	0.838851	2	0	2	0	0	0	0
AF	0	0.840725	1	1	0	0	0	0	0
AF	0	0.841349	1	1	0	0	0	0	0
AF	0	0.841974	1	1	0	0	0	0	0
AF	0	0.842286	1	1	0	0	0	0	0
AF	0	0.842598	1	1	0	0	0	0	0
AF	0	0.842911	1	1	0	0	0	0	0
AF	0	0.843223	1	1	0	0	0	0	0
AF	0	0.843848	3	1	2	0	0	0	0
AF	0	0.845409	1	0	1	0	0	0	0
AF	0	0.845721	1	0	1	0	0	0	0
AF	0	0.846971	3	2	1	0	0	0	0
AF	0	0.847283	1	1	0	0	0	0	0
AF	0	0.847595	3	2	1	0	0	0	0
AF	0	0.847908	1	1	0	0	0	0	0
AF	0	0.848844	2	1	1	0	0	0	0
AF	0	0.849469	2	0	2	0	0	0	0
AF	0	0.850094	1	0	1	0	0	0	0
AF	0	0.852592	3	1	2	0	0	0	0
AF	0	0.855403	1	1	0	0	0	0	0
AF	0	0.858526	1	0	1	0	0	0	0
AF	0	0.861649	1	1	0	0	0	0	0
AF	0	0.862586	1	1	0	0	0	0	0
AF	0	0.863210	1	1	0	0	0	0	0
AF	0	0.866334	1	1	0	0	0	0	0
AF	0	0.866646	2	2	0	0	0	0	0
AF	0	0.867270	1	0	1	0	0	0	0
AF	0	0.867583	1	1	0	0	0	0	0
AF	0	0.870081	2	1	1	0	0	0	0
AF	0	0.873517	1	1	0	0	0	0	0
AF	0	0.873829	5	5	0	0	0	0	0
AF	0	0.874141	2	2	0	0	0	0	0
AF	0	0.875703	1	1	0	0	0	0	0
AF	0	0.876327	1	0	1	0	0	0	0
AF	0	0.876952	1	1	0	0	0	0	0
AF	0	0.877264	1	1	0	0	0	0	0
AF	0	0.877889	2	2	0	0	0	0	0
AF	0	0.878201	1	0	1	0	0	0	0
AF	0	0.878826	2	1	1	0	0	0	0
AF	0	0.879450	4	3	1	0	0	0	0
AF	0	0.880387	1	1	0	0	0	0	0
AF	0	0.880700	1	1	0	0	0	0	0
AF	0	0.881012	1	1	0	0	0	0	0
AF	0	0.881324	7	3	4	0	0	0	0
AF	0	0.881636	1	1	0	0	0	0	0
AF	0	0.882573	1	0	1	0	0	0	0
AF	0	0.883198	3	1	2	0	0	0	0
AF	0	0.883510	2	1	1	0	0	0	0
AF	0	0.883823	1	1	0	0	0	0	0
AF	0	0.884760	1	1	0	0	0	0	0
AF	0	0.886946	1	1	0	0	0	0	0
AF	0	0.888195	1	1	0	0	0	0	0
AF	0	0.888507	2	2	0	0	0	0	0
AF	0	0.889444	1	1	0	0	0	0	0
AF	0	0.891318	1	0	1	0	0	0	0
AF	0	0.892255	1	0	1	0	0	0	0
AF	0	0.895066	1	0	1	0	0	0	0
AF	0	0.896002	1	1	0	0	0	0	0
AF	0	0.897252	1	0	1	0	0	0	0
AF	0	0.899438	1	1	0	0	0	0	0
AF	0	0.900375	1	1	0	0	0	0	0
AF	0	0.901624	1	0	1	0	0	0	0
AF	0	0.902873	1	0	1	0	0	0	0
AF	0	0.903186	1	1	0	0	0	0	0
AF	0	0.903498	2	1	1	0	0	0	0
AF	0	0.904435	2	0	2	0	0	0	0
AF	0	0.904747	1	1	0	0	0	0	0
AF	0	0.905684	1	0	1	0	0	0	0
AF	0	0.905996	2	1	1	0	0	0	0
AF	0	0.906309	1	0	1	0	0	0	0
AF	0	0.906621	1	0	1	0	0	0	0
AF	0	0.909119	1	1	0	0	0	0	0
AF	0	0.909432	1	1	0	0	0	0	0
AF	0	0.910056	1	0	1	0	0	0	0
AF	0	0.910369	1	1	0	0	0	0	0
AF	0	0.910681	1	1	0	0	0	0	0
AF	0	0.910993	4	4	0	0	0	0	0
AF	0	0.911305	3	1	2	0	0	0	0
AF	0	0.911618	4	3	1	0	0	0	0
AF	0	0.911930	2	2	0	0	0	0	0
AF	0	0.912242	3	2	1	0	0	0	0
AF	0	0.912555	7	5	2	0	0	0	0
AF	0	0.912867	10	7	3	0	0	0	0
AF	0	0.913179	2	1	1	0	0	0	0
AF	0	0.913492	2	2	0	0	0	0	0
AF	0	0.914116	1	1	0	0	0	0	0
AF	0	0.914741	1	1	0	0	0	0	0
AF	0	0.915365	1	1	0	0	0	0	0
AF	0	0.916615	1	0	1	0	0	0	0
AF	0	0.916927	3	1	2	0	0	0	0
AF	0	0.917239	2	2	0	0	0	0	0
AF	0	0.917552	1	1	0	0	0	0	0
AF	0	0.917864	1	0	1	0	0	0	0
AF	0	0.919113	1	1	0	0	0	0	0
AF	0	0.919425	1	1	0	0	0	0	0
AF	0	0.919738	1	1	0	0	0	0	0
AF	0	0.921299	1	0	1	0	0	0	0
AF	0	0.922548	1	1	0	0	0	0	0
AF	0	0.925359	1	1	0	0	0	0	0
AF	0	0.926921	1	1	0	0	0	0	0
AF	0	0.928170	1	1	0	0	0	0	0
AF	0	0.928482	5	2	3	0	0	0	0
AF	0	0.929107	1	1	0	0	0	0	0
AF	0	0.929731	1	0	1	0	0	0	0
AF	0	0.930356	1	0	1	0	0	0	0
AF	0	0.933167	1	0	1	0	0	0	0
AF	0	0.934104	1	1	0	0	0	0	0
AF	0	0.934728	1	0	1	0	0	0	0
AF	0	0.935041	1	0	1	0	0	0	0
AF	0	0.938476	1	1	0	0	0	0	0
AF	0	0.940662	1	0	1	0	0	0	0
AF	0	0.941599	1	1	0	0	0	0	0
AF	0	0.943473	3	2	1	0	0	0	0
AF	0	0.944722	1	1	0	0	0	0	0
AF	0	0.945034	1	0	1	0	0	0	0
AF	0	0.945347	1	1	0	0	0	0	0
AF	0	0.951593	1	0	1	0	0	0	0
AF	0	0.952842	1	1	0	0	0	0	0
AF	0	0.953154	3	0	3	0	0	0	0
AF	0	0.953467	2	1	1	0	0	0	0
AF	0	0.954716	1	1	0	0	0	0	0
AF	0	0.955965	2	2	0	0	0	0	0
AF	0	0.956590	1	1	0	0	0	0	0
AF	0	0.958463	1	1	0	0	0	0	0
AF	0	0.959088	1	1	0	0	0	0	0
AF	0	0.959713	1	1	0	0	0	0	0
AF	0	0.960650	1	0	1	0	0	0	0
AF	0	0.960962	2	0	2	0	0	0	0
AF	0	0.962211	1	1	0	0	0	0	0
AF	0	0.962836	1	0	1	0	0	0	0
AF	0	0.964710	2	1	1	0	0	0	0
AF	0	0.965959	1	0	1	0	0	0	0
AF	0	0.967833	1	1	0	0	0	0	0
AF	0	0.969082	1	1	0	0	0	0	0
AF	0	0.971268	1	0	1	0	0	0	0
AF	0	0.973454	1	0	1	0	0	0	0
AF	0	0.973766	1	1	0	0	0	0	0
AF	0	0.975016	1	0	1	0	0	0	0
AF	0	0.976577	2	2	0	0	0	0	0
AF	0	0.977202	1	1	0	0	0	0	0
AF	0	0.977514	2	1	1	0	0	0	0
AF	0	0.979388	2	2	0	0	0	0	0
AF	0	0.979700	1	1	0	0	0	0	0
AF	0	0.982511	1	0	1	0	0	0	0
AF	0	0.982823	2	2	0	0	0	0	0
AF	0	0.983136	1	1	0	0	0	0	0
AF	0	0.983448	2	0	2	0	0	0	0
AF	0	0.984072	2	2	0	0	0	0	0
AF	0	0.984697	1	1	0	0	0	0	0
AF	0	0.985946	1	1	0	0	0	0	0
AF	0	0.986259	1	1	0	0	0	0	0
AF	0	0.988132	2	2	0	0	0	0	0
AF	0	0.988445	2	1	1	0	0	0	0
AF	0	0.988757	1	1	0	0	0	0	0
AF	0	0.989069	1	1	0	0	0	0	0
AF	0	0.989382	2	1	1	0	0	0	0
AF	0	0.990631	6	4	2	0	0	0	0
AF	0	0.990943	14	8	6	0	0	0	0
AF	0	0.991255	2	2	0	0	0	0	0
AF	0	0.991568	6	4	2	0	0	0	0
AF	0	0.991880	1	0	1	0	0	0	0
AF	0	0.992192	1	0	1	0	0	0	0
AF	0	0.992817	2	2	0	0	0	0	0
AF	0	0.993754	1	1	0	0	0	0	0
AF	0	0.994066	1	1	0	0	0	0	0
AF	0	0.994691	1	0	1	0	0	0	0
AF	0	0.995003	3	2	1	0	0	0	0
AF	0	0.996565	2	1	1	0	0	0	0
AF	0	0.996877	2	2	0	0	0	0	0
AF	0	0.997189	10	6	4	0	0	0	0
AF	0	0.997502	5	4	1	0	0	0	0
AF	0	0.997814	1	1	0	0	0	0	0
AF	0	0.998438	1	1	0	0	0	0	0
AF	0	0.999063	1	0	1	0	0	0	0
# QUAL, Stats by quality
# QUAL	[2]id	[3]Quality	[4]number of SNPs	[5]number of transitions (1st ALT)	[6]number of transversions (1st ALT)	[7]number of indels
QUAL	0	.	17985	11971	6014	0
# IDD, InDel distribution:
# IDD	[2]id	[3]length (deletions negative)	[4]number of sites	[5]number of genotypes	[6]mean VAF
# ST, Substitution types:
# ST	[2]id	[3]type	[4]count
ST	0	A>C	697
ST	0	A>G	2526
ST	0	A>T	729
ST	0	C>A	939
ST	0	C>G	603
ST	0	C>T	3378
ST	0	G>A	3579
ST	0	G>C	631
ST	0	G>T	977
ST	0	T>A	787
ST	0	T>C	2488
ST	0	T>G	651
# DP, Depth distribution
# DP	[2]id	[3]bin	[4]number of genotypes	[5]fraction of genotypes (%)	[6]number of sites	[7]fraction of sites (%)
  - Fix haploid genotypes in males...

Submit MakeDiploidMalesX finished successfully. Let's have a beer, buddy!

