Submit MakeDiploidMalesX
version 1.1.6 (2024-09-30)

These are the settings:
  Input file................: /hpc/local/Rocky8/dhl_ec/software/MonopogenLite/resources/1kGP_high_coverage_Illumina.SNVonly_poly.filtered_AF_5e-04.norm.fixvariantid.chrX.vcf.gz
  Output file...............: /hpc/local/Rocky8/dhl_ec/software/MonopogenLite/resources/1kGP_high_coverage_Illumina.SNVonly_poly.filtered_AF_5e-04.norm.fixvariantid.makediploid.chrX.vcf.gz
  Chunk size................: 100

  SLURM CPUs................: 4
  SLURM Array ID............: 26 (of 100)
  SLURM memory..............: 16G
  SLURM time................: 01:00:00
  SLURM mail type...........: FAIL
  SLURM mail user...........: s.w.vanderlaan-2@umcutrecht.nl

  Dry run mode..............: 0
  Debug mode................: 1
  Verbosity.................: 0
  Version...................: 1.1.6 (2024-09-30)

Making converting haploid genotypes to diploid genotypes.
> Extract the region for this SLURM task (# 26) from the BED file.
  - Get the chunk number from the SLURM array task ID and the bed file...
DEBUG: Extracting chunk number: 26p from 26
DEBUG: Extracting region from BED file: /hpc/local/Rocky8/dhl_ec/software/MonopogenLite/resources/chrX_100pieces.bed
  - Extract the region from the BED file...
DEBUG: Extracted raw region: 'chrX	39010201	40570608' (chunk #: 26p of 100 for job 26)
  - Check if a valid region was extracted -- should be 'chrX	39010201	40570608'...
  - Prepare the region for bcftools...
  - Check if the region (chrX:39010201-40570608) was successfully extracted...
> Processing region 'chrX:39010201-40570608'...
  - Process the specific region (chunk# 26) using bcftools view...
  - Index the VCF file...
DEBUG: Check if the VCF file was successfully processed...
##fileformat=VCFv4.2
##FILTER=<ID=PASS,Description="All filters passed">
##fileDate=29/01/2022 - 14:31:41
##source=shapeit4.2.2
##contig=<ID=chr1,length=248956422>
##contig=<ID=chr2,length=242193529>
##contig=<ID=chr3,length=198295559>
##contig=<ID=chr4,length=190214555>
##contig=<ID=chr5,length=181538259>
##contig=<ID=chr6,length=170805979>
# This file was produced by bcftools stats (1.20+htslib-1.20) and can be plotted using plot-vcfstats.
# The command line was:	bcftools stats  /hpc/local/Rocky8/dhl_ec/software/MonopogenLite/resources/chrX.part26.vcf.gz
#
# Definition of sets:
# ID	[2]id	[3]tab-separated file names
ID	0	/hpc/local/Rocky8/dhl_ec/software/MonopogenLite/resources/chrX.part26.vcf.gz
# SN, Summary numbers:
#   number of records   .. number of data rows in the VCF
#   number of no-ALTs   .. reference-only sites, ALT is either "." or identical to REF
#   number of SNPs      .. number of rows with a SNP
#   number of MNPs      .. number of rows with a MNP, such as CC>TT
#   number of indels    .. number of rows with an indel
#   number of others    .. number of rows with other type, for example a symbolic allele or
#                          a complex substitution, such as ACT>TCGA
#   number of multiallelic sites     .. number of rows with multiple alternate alleles
#   number of multiallelic SNP sites .. number of rows with multiple alternate alleles, all SNPs
# 
#   Note that rows containing multiple types will be counted multiple times, in each
#   counter. For example, a row with a SNP and an indel increments both the SNP and
#   the indel counter.
# 
# SN	[2]id	[3]key	[4]value
SN	0	number of samples:	3202
SN	0	number of records:	15476
SN	0	number of no-ALTs:	0
SN	0	number of SNPs:	15476
SN	0	number of MNPs:	0
SN	0	number of indels:	0
SN	0	number of others:	0
SN	0	number of multiallelic sites:	0
SN	0	number of multiallelic SNP sites:	0
# TSTV, transitions/transversions:
# TSTV	[2]id	[3]ts	[4]tv	[5]ts/tv	[6]ts (1st ALT)	[7]tv (1st ALT)	[8]ts/tv (1st ALT)
TSTV	0	11034	4442	2.48	11034	4442	2.48
# SiS, Singleton stats:
# SiS	[2]id	[3]allele count	[4]number of SNPs	[5]number of transitions	[6]number of transversions	[7]number of indels	[8]repeat-consistent	[9]repeat-inconsistent	[10]not applicable
SiS	0	1	0	0	0	0	0	0	0
# AF, Stats by non-reference allele frequency:
# AF	[2]id	[3]allele frequency	[4]number of SNPs	[5]number of transitions	[6]number of transversions	[7]number of indels	[8]repeat-consistent	[9]repeat-inconsistent	[10]not applicable
AF	0	0.000312	2413	1753	660	0	0	0	0
AF	0	0.000625	1510	1113	397	0	0	0	0
AF	0	0.000937	1626	1167	459	0	0	0	0
AF	0	0.001249	586	412	174	0	0	0	0
AF	0	0.001562	869	635	234	0	0	0	0
AF	0	0.001874	371	279	92	0	0	0	0
AF	0	0.002186	543	386	157	0	0	0	0
AF	0	0.002498	253	190	63	0	0	0	0
AF	0	0.002811	391	277	114	0	0	0	0
AF	0	0.003123	200	142	58	0	0	0	0
AF	0	0.003435	330	231	99	0	0	0	0
AF	0	0.003748	147	102	45	0	0	0	0
AF	0	0.004060	246	166	80	0	0	0	0
AF	0	0.004372	118	72	46	0	0	0	0
AF	0	0.004685	226	154	72	0	0	0	0
AF	0	0.004997	82	65	17	0	0	0	0
AF	0	0.005309	151	110	41	0	0	0	0
AF	0	0.005621	76	50	26	0	0	0	0
AF	0	0.005934	167	115	52	0	0	0	0
AF	0	0.006246	64	45	19	0	0	0	0
AF	0	0.006558	132	94	38	0	0	0	0
AF	0	0.006871	70	50	20	0	0	0	0
AF	0	0.007183	102	66	36	0	0	0	0
AF	0	0.007495	64	38	26	0	0	0	0
AF	0	0.007808	87	66	21	0	0	0	0
AF	0	0.008120	48	32	16	0	0	0	0
AF	0	0.008432	109	74	35	0	0	0	0
AF	0	0.008745	39	33	6	0	0	0	0
AF	0	0.009057	78	53	25	0	0	0	0
AF	0	0.009369	32	23	9	0	0	0	0
AF	0	0.009681	86	57	29	0	0	0	0
AF	0	0.009994	46	35	11	0	0	0	0
AF	0	0.010306	91	70	21	0	0	0	0
AF	0	0.010618	36	23	13	0	0	0	0
AF	0	0.010931	95	63	32	0	0	0	0
AF	0	0.011243	38	29	9	0	0	0	0
AF	0	0.011555	70	43	27	0	0	0	0
AF	0	0.011868	36	24	12	0	0	0	0
AF	0	0.012180	72	46	26	0	0	0	0
AF	0	0.012492	23	18	5	0	0	0	0
AF	0	0.012804	77	52	25	0	0	0	0
AF	0	0.013117	29	17	12	0	0	0	0
AF	0	0.013429	46	30	16	0	0	0	0
AF	0	0.013741	47	31	16	0	0	0	0
AF	0	0.014054	35	24	11	0	0	0	0
AF	0	0.014366	21	15	6	0	0	0	0
AF	0	0.014678	55	40	15	0	0	0	0
AF	0	0.014991	12	11	1	0	0	0	0
AF	0	0.015303	44	33	11	0	0	0	0
AF	0	0.015615	21	13	8	0	0	0	0
AF	0	0.015928	32	21	11	0	0	0	0
AF	0	0.016240	12	6	6	0	0	0	0
AF	0	0.016552	33	28	5	0	0	0	0
AF	0	0.016864	25	13	12	0	0	0	0
AF	0	0.017177	53	42	11	0	0	0	0
AF	0	0.017489	17	11	6	0	0	0	0
AF	0	0.017801	29	21	8	0	0	0	0
AF	0	0.018114	16	12	4	0	0	0	0
AF	0	0.018426	31	25	6	0	0	0	0
AF	0	0.018738	21	15	6	0	0	0	0
AF	0	0.019051	27	17	10	0	0	0	0
AF	0	0.019363	22	18	4	0	0	0	0
AF	0	0.019675	32	26	6	0	0	0	0
AF	0	0.019988	9	7	2	0	0	0	0
AF	0	0.020300	26	19	7	0	0	0	0
AF	0	0.020612	11	7	4	0	0	0	0
AF	0	0.020924	28	19	9	0	0	0	0
AF	0	0.021237	14	11	3	0	0	0	0
AF	0	0.021549	43	35	8	0	0	0	0
AF	0	0.021861	23	17	6	0	0	0	0
AF	0	0.022174	44	33	11	0	0	0	0
AF	0	0.022486	14	9	5	0	0	0	0
AF	0	0.022798	30	21	9	0	0	0	0
AF	0	0.023111	6	4	2	0	0	0	0
AF	0	0.023423	11	7	4	0	0	0	0
AF	0	0.023735	12	10	2	0	0	0	0
AF	0	0.024047	26	19	7	0	0	0	0
AF	0	0.024360	15	9	6	0	0	0	0
AF	0	0.024672	25	15	10	0	0	0	0
AF	0	0.024984	10	8	2	0	0	0	0
AF	0	0.025297	17	9	8	0	0	0	0
AF	0	0.025609	21	16	5	0	0	0	0
AF	0	0.025921	20	17	3	0	0	0	0
AF	0	0.026234	4	4	0	0	0	0	0
AF	0	0.026546	19	12	7	0	0	0	0
AF	0	0.026858	9	6	3	0	0	0	0
AF	0	0.027171	11	5	6	0	0	0	0
AF	0	0.027483	7	5	2	0	0	0	0
AF	0	0.027795	13	12	1	0	0	0	0
AF	0	0.028107	11	8	3	0	0	0	0
AF	0	0.028420	14	5	9	0	0	0	0
AF	0	0.028732	3	2	1	0	0	0	0
AF	0	0.029044	13	11	2	0	0	0	0
AF	0	0.029357	4	4	0	0	0	0	0
AF	0	0.029669	20	12	8	0	0	0	0
AF	0	0.029981	11	7	4	0	0	0	0
AF	0	0.030294	18	12	6	0	0	0	0
AF	0	0.030606	12	11	1	0	0	0	0
AF	0	0.030918	7	6	1	0	0	0	0
AF	0	0.031230	1	1	0	0	0	0	0
AF	0	0.031543	10	7	3	0	0	0	0
AF	0	0.031855	12	8	4	0	0	0	0
AF	0	0.032167	13	8	5	0	0	0	0
AF	0	0.032480	4	1	3	0	0	0	0
AF	0	0.032792	14	10	4	0	0	0	0
AF	0	0.033104	7	3	4	0	0	0	0
AF	0	0.033417	9	5	4	0	0	0	0
AF	0	0.033729	5	4	1	0	0	0	0
AF	0	0.034041	16	10	6	0	0	0	0
AF	0	0.034354	4	2	2	0	0	0	0
AF	0	0.034666	10	6	4	0	0	0	0
AF	0	0.034978	5	4	1	0	0	0	0
AF	0	0.035290	12	10	2	0	0	0	0
AF	0	0.035603	3	3	0	0	0	0	0
AF	0	0.035915	7	5	2	0	0	0	0
AF	0	0.036227	7	6	1	0	0	0	0
AF	0	0.036540	9	4	5	0	0	0	0
AF	0	0.036852	32	26	6	0	0	0	0
AF	0	0.037164	21	12	9	0	0	0	0
AF	0	0.037477	7	6	1	0	0	0	0
AF	0	0.037789	7	5	2	0	0	0	0
AF	0	0.038101	6	6	0	0	0	0	0
AF	0	0.038413	13	8	5	0	0	0	0
AF	0	0.038726	3	2	1	0	0	0	0
AF	0	0.039038	10	5	5	0	0	0	0
AF	0	0.039350	5	3	2	0	0	0	0
AF	0	0.039663	11	7	4	0	0	0	0
AF	0	0.039975	5	3	2	0	0	0	0
AF	0	0.040287	6	6	0	0	0	0	0
AF	0	0.040600	3	2	1	0	0	0	0
AF	0	0.040912	7	6	1	0	0	0	0
AF	0	0.041224	2	2	0	0	0	0	0
AF	0	0.041537	10	9	1	0	0	0	0
AF	0	0.041849	4	2	2	0	0	0	0
AF	0	0.042161	10	9	1	0	0	0	0
AF	0	0.042786	3	1	2	0	0	0	0
AF	0	0.043098	5	2	3	0	0	0	0
AF	0	0.043410	8	4	4	0	0	0	0
AF	0	0.043723	2	0	2	0	0	0	0
AF	0	0.044035	7	4	3	0	0	0	0
AF	0	0.044347	2	2	0	0	0	0	0
AF	0	0.044660	7	3	4	0	0	0	0
AF	0	0.044972	1	1	0	0	0	0	0
AF	0	0.045284	9	7	2	0	0	0	0
AF	0	0.045597	1	1	0	0	0	0	0
AF	0	0.045909	7	4	3	0	0	0	0
AF	0	0.046221	3	0	3	0	0	0	0
AF	0	0.046533	8	6	2	0	0	0	0
AF	0	0.046846	5	3	2	0	0	0	0
AF	0	0.047158	5	3	2	0	0	0	0
AF	0	0.047470	6	5	1	0	0	0	0
AF	0	0.047783	7	6	1	0	0	0	0
AF	0	0.048095	9	7	2	0	0	0	0
AF	0	0.048407	8	3	5	0	0	0	0
AF	0	0.048720	6	3	3	0	0	0	0
AF	0	0.049032	13	11	2	0	0	0	0
AF	0	0.049344	3	1	2	0	0	0	0
AF	0	0.049656	5	4	1	0	0	0	0
AF	0	0.049969	2	2	0	0	0	0	0
AF	0	0.050281	7	6	1	0	0	0	0
AF	0	0.050593	2	1	1	0	0	0	0
AF	0	0.050906	6	6	0	0	0	0	0
AF	0	0.051218	1	0	1	0	0	0	0
AF	0	0.051530	8	5	3	0	0	0	0
AF	0	0.051843	1	0	1	0	0	0	0
AF	0	0.052155	7	5	2	0	0	0	0
AF	0	0.052467	1	0	1	0	0	0	0
AF	0	0.052780	8	7	1	0	0	0	0
AF	0	0.053092	5	3	2	0	0	0	0
AF	0	0.053404	8	4	4	0	0	0	0
AF	0	0.053716	3	2	1	0	0	0	0
AF	0	0.054029	6	4	2	0	0	0	0
AF	0	0.054341	4	2	2	0	0	0	0
AF	0	0.054653	3	3	0	0	0	0	0
AF	0	0.054966	4	4	0	0	0	0	0
AF	0	0.055278	9	6	3	0	0	0	0
AF	0	0.055590	2	1	1	0	0	0	0
AF	0	0.055903	5	4	1	0	0	0	0
AF	0	0.056215	3	3	0	0	0	0	0
AF	0	0.056527	1	0	1	0	0	0	0
AF	0	0.056839	7	4	3	0	0	0	0
AF	0	0.057152	1	1	0	0	0	0	0
AF	0	0.057464	2	1	1	0	0	0	0
AF	0	0.057776	1	0	1	0	0	0	0
AF	0	0.058089	2	2	0	0	0	0	0
AF	0	0.058401	9	6	3	0	0	0	0
AF	0	0.058713	3	2	1	0	0	0	0
AF	0	0.059026	3	3	0	0	0	0	0
AF	0	0.059338	1	1	0	0	0	0	0
AF	0	0.059650	9	6	3	0	0	0	0
AF	0	0.059963	2	1	1	0	0	0	0
AF	0	0.060275	3	0	3	0	0	0	0
AF	0	0.060587	4	3	1	0	0	0	0
AF	0	0.061212	3	2	1	0	0	0	0
AF	0	0.061524	6	4	2	0	0	0	0
AF	0	0.061836	5	4	1	0	0	0	0
AF	0	0.062149	4	2	2	0	0	0	0
AF	0	0.062461	1	0	1	0	0	0	0
AF	0	0.062773	5	5	0	0	0	0	0
AF	0	0.063086	2	1	1	0	0	0	0
AF	0	0.063398	3	3	0	0	0	0	0
AF	0	0.063710	2	0	2	0	0	0	0
AF	0	0.064335	2	2	0	0	0	0	0
AF	0	0.064647	5	4	1	0	0	0	0
AF	0	0.064959	2	0	2	0	0	0	0
AF	0	0.065272	4	4	0	0	0	0	0
AF	0	0.065584	2	2	0	0	0	0	0
AF	0	0.065896	3	3	0	0	0	0	0
AF	0	0.066209	2	2	0	0	0	0	0
AF	0	0.066521	5	4	1	0	0	0	0
AF	0	0.066833	1	1	0	0	0	0	0
AF	0	0.067146	2	2	0	0	0	0	0
AF	0	0.067458	1	1	0	0	0	0	0
AF	0	0.068082	5	3	2	0	0	0	0
AF	0	0.068395	4	4	0	0	0	0	0
AF	0	0.068707	1	1	0	0	0	0	0
AF	0	0.069019	3	2	1	0	0	0	0
AF	0	0.069332	3	2	1	0	0	0	0
AF	0	0.069644	6	5	1	0	0	0	0
AF	0	0.070893	2	1	1	0	0	0	0
AF	0	0.071518	3	2	1	0	0	0	0
AF	0	0.071830	4	3	1	0	0	0	0
AF	0	0.072142	5	4	1	0	0	0	0
AF	0	0.072767	5	3	2	0	0	0	0
AF	0	0.073079	1	1	0	0	0	0	0
AF	0	0.073392	9	6	3	0	0	0	0
AF	0	0.073704	3	3	0	0	0	0	0
AF	0	0.074016	7	5	2	0	0	0	0
AF	0	0.074329	1	1	0	0	0	0	0
AF	0	0.074641	5	5	0	0	0	0	0
AF	0	0.074953	3	2	1	0	0	0	0
AF	0	0.075265	3	2	1	0	0	0	0
AF	0	0.075578	1	1	0	0	0	0	0
AF	0	0.075890	5	4	1	0	0	0	0
AF	0	0.076202	2	2	0	0	0	0	0
AF	0	0.076515	2	1	1	0	0	0	0
AF	0	0.077452	1	1	0	0	0	0	0
AF	0	0.077764	3	2	1	0	0	0	0
AF	0	0.078076	2	1	1	0	0	0	0
AF	0	0.078389	2	1	1	0	0	0	0
AF	0	0.078701	1	1	0	0	0	0	0
AF	0	0.079325	4	4	0	0	0	0	0
AF	0	0.079638	1	1	0	0	0	0	0
AF	0	0.080262	1	1	0	0	0	0	0
AF	0	0.080575	3	3	0	0	0	0	0
AF	0	0.080887	4	2	2	0	0	0	0
AF	0	0.081199	1	0	1	0	0	0	0
AF	0	0.081512	2	1	1	0	0	0	0
AF	0	0.082136	1	1	0	0	0	0	0
AF	0	0.082448	3	3	0	0	0	0	0
AF	0	0.082761	3	2	1	0	0	0	0
AF	0	0.083073	1	1	0	0	0	0	0
AF	0	0.083385	2	2	0	0	0	0	0
AF	0	0.083698	2	2	0	0	0	0	0
AF	0	0.084010	1	1	0	0	0	0	0
AF	0	0.084322	2	1	1	0	0	0	0
AF	0	0.084635	1	0	1	0	0	0	0
AF	0	0.084947	2	2	0	0	0	0	0
AF	0	0.085259	1	1	0	0	0	0	0
AF	0	0.085572	2	1	1	0	0	0	0
AF	0	0.085884	1	1	0	0	0	0	0
AF	0	0.086196	2	2	0	0	0	0	0
AF	0	0.086508	2	2	0	0	0	0	0
AF	0	0.087445	2	2	0	0	0	0	0
AF	0	0.087758	1	1	0	0	0	0	0
AF	0	0.088070	2	0	2	0	0	0	0
AF	0	0.088382	1	1	0	0	0	0	0
AF	0	0.089007	1	1	0	0	0	0	0
AF	0	0.089631	2	1	1	0	0	0	0
AF	0	0.089944	1	1	0	0	0	0	0
AF	0	0.090256	1	1	0	0	0	0	0
AF	0	0.090568	1	1	0	0	0	0	0
AF	0	0.090881	1	1	0	0	0	0	0
AF	0	0.091193	1	0	1	0	0	0	0
AF	0	0.091505	4	3	1	0	0	0	0
AF	0	0.092130	2	2	0	0	0	0	0
AF	0	0.092755	2	1	1	0	0	0	0
AF	0	0.093067	3	2	1	0	0	0	0
AF	0	0.093379	3	3	0	0	0	0	0
AF	0	0.093691	1	1	0	0	0	0	0
AF	0	0.094004	8	5	3	0	0	0	0
AF	0	0.094316	4	2	2	0	0	0	0
AF	0	0.094628	2	0	2	0	0	0	0
AF	0	0.094941	1	1	0	0	0	0	0
AF	0	0.095878	3	3	0	0	0	0	0
AF	0	0.096190	3	3	0	0	0	0	0
AF	0	0.096502	1	1	0	0	0	0	0
AF	0	0.096814	2	1	1	0	0	0	0
AF	0	0.097127	3	1	2	0	0	0	0
AF	0	0.097439	1	1	0	0	0	0	0
AF	0	0.097751	3	2	1	0	0	0	0
AF	0	0.098064	1	0	1	0	0	0	0
AF	0	0.098376	1	1	0	0	0	0	0
AF	0	0.098688	2	2	0	0	0	0	0
AF	0	0.099001	2	2	0	0	0	0	0
AF	0	0.099313	1	0	1	0	0	0	0
AF	0	0.099625	1	1	0	0	0	0	0
AF	0	0.099938	1	1	0	0	0	0	0
AF	0	0.100250	1	1	0	0	0	0	0
AF	0	0.100562	1	0	1	0	0	0	0
AF	0	0.100874	3	2	1	0	0	0	0
AF	0	0.101187	4	3	1	0	0	0	0
AF	0	0.101499	2	1	1	0	0	0	0
AF	0	0.101811	3	2	1	0	0	0	0
AF	0	0.102124	1	0	1	0	0	0	0
AF	0	0.102436	2	2	0	0	0	0	0
AF	0	0.102748	2	2	0	0	0	0	0
AF	0	0.103373	7	7	0	0	0	0	0
AF	0	0.103685	3	2	1	0	0	0	0
AF	0	0.103998	3	2	1	0	0	0	0
AF	0	0.104310	3	2	1	0	0	0	0
AF	0	0.104622	4	3	1	0	0	0	0
AF	0	0.105247	4	3	1	0	0	0	0
AF	0	0.105559	3	1	2	0	0	0	0
AF	0	0.105871	1	1	0	0	0	0	0
AF	0	0.106184	1	1	0	0	0	0	0
AF	0	0.106496	1	1	0	0	0	0	0
AF	0	0.107745	1	0	1	0	0	0	0
AF	0	0.108057	3	3	0	0	0	0	0
AF	0	0.108370	4	2	2	0	0	0	0
AF	0	0.108682	3	1	2	0	0	0	0
AF	0	0.108994	4	4	0	0	0	0	0
AF	0	0.109307	1	1	0	0	0	0	0
AF	0	0.109619	1	1	0	0	0	0	0
AF	0	0.110244	1	0	1	0	0	0	0
AF	0	0.110556	4	3	1	0	0	0	0
AF	0	0.110868	3	2	1	0	0	0	0
AF	0	0.111181	2	1	1	0	0	0	0
AF	0	0.111493	2	2	0	0	0	0	0
AF	0	0.111805	3	3	0	0	0	0	0
AF	0	0.112117	1	1	0	0	0	0	0
AF	0	0.112430	2	2	0	0	0	0	0
AF	0	0.113054	4	1	3	0	0	0	0
AF	0	0.113367	2	1	1	0	0	0	0
AF	0	0.113679	8	7	1	0	0	0	0
AF	0	0.113991	5	4	1	0	0	0	0
AF	0	0.114304	5	4	1	0	0	0	0
AF	0	0.114616	4	3	1	0	0	0	0
AF	0	0.114928	3	3	0	0	0	0	0
AF	0	0.115240	1	1	0	0	0	0	0
AF	0	0.115553	4	3	1	0	0	0	0
AF	0	0.116177	2	0	2	0	0	0	0
AF	0	0.116490	1	1	0	0	0	0	0
AF	0	0.116802	2	2	0	0	0	0	0
AF	0	0.117114	2	2	0	0	0	0	0
AF	0	0.117427	8	5	3	0	0	0	0
AF	0	0.117739	5	4	1	0	0	0	0
AF	0	0.118051	1	1	0	0	0	0	0
AF	0	0.118364	1	1	0	0	0	0	0
AF	0	0.118676	1	1	0	0	0	0	0
AF	0	0.119300	1	1	0	0	0	0	0
AF	0	0.119613	3	3	0	0	0	0	0
AF	0	0.119925	3	1	2	0	0	0	0
AF	0	0.120237	4	3	1	0	0	0	0
AF	0	0.120550	3	3	0	0	0	0	0
AF	0	0.120862	2	1	1	0	0	0	0
AF	0	0.121174	2	2	0	0	0	0	0
AF	0	0.121487	2	1	1	0	0	0	0
AF	0	0.121799	1	1	0	0	0	0	0
AF	0	0.122111	2	2	0	0	0	0	0
AF	0	0.122423	4	2	2	0	0	0	0
AF	0	0.123048	3	3	0	0	0	0	0
AF	0	0.123673	3	3	0	0	0	0	0
AF	0	0.123985	1	1	0	0	0	0	0
AF	0	0.124610	3	1	2	0	0	0	0
AF	0	0.124922	2	2	0	0	0	0	0
AF	0	0.125234	1	1	0	0	0	0	0
AF	0	0.125547	1	1	0	0	0	0	0
AF	0	0.126171	2	2	0	0	0	0	0
AF	0	0.126796	2	1	1	0	0	0	0
AF	0	0.127108	1	1	0	0	0	0	0
AF	0	0.127420	2	2	0	0	0	0	0
AF	0	0.128670	1	1	0	0	0	0	0
AF	0	0.128982	2	2	0	0	0	0	0
AF	0	0.129606	1	1	0	0	0	0	0
AF	0	0.129919	4	4	0	0	0	0	0
AF	0	0.130231	1	1	0	0	0	0	0
AF	0	0.130543	1	0	1	0	0	0	0
AF	0	0.130856	1	1	0	0	0	0	0
AF	0	0.131168	2	1	1	0	0	0	0
AF	0	0.131793	2	1	1	0	0	0	0
AF	0	0.132105	2	2	0	0	0	0	0
AF	0	0.132730	1	1	0	0	0	0	0
AF	0	0.133042	3	3	0	0	0	0	0
AF	0	0.133354	1	1	0	0	0	0	0
AF	0	0.133666	1	1	0	0	0	0	0
AF	0	0.133979	2	2	0	0	0	0	0
AF	0	0.134291	2	0	2	0	0	0	0
AF	0	0.134916	1	1	0	0	0	0	0
AF	0	0.135228	1	0	1	0	0	0	0
AF	0	0.135540	1	1	0	0	0	0	0
AF	0	0.136165	2	2	0	0	0	0	0
AF	0	0.136477	2	1	1	0	0	0	0
AF	0	0.136790	4	1	3	0	0	0	0
AF	0	0.137414	3	2	1	0	0	0	0
AF	0	0.137726	1	1	0	0	0	0	0
AF	0	0.138039	2	1	1	0	0	0	0
AF	0	0.138351	2	1	1	0	0	0	0
AF	0	0.138663	2	0	2	0	0	0	0
AF	0	0.138976	1	1	0	0	0	0	0
AF	0	0.139288	3	2	1	0	0	0	0
AF	0	0.139600	1	1	0	0	0	0	0
AF	0	0.140225	3	3	0	0	0	0	0
AF	0	0.140537	2	2	0	0	0	0	0
AF	0	0.141474	1	1	0	0	0	0	0
AF	0	0.141786	3	3	0	0	0	0	0
AF	0	0.142411	2	1	1	0	0	0	0
AF	0	0.143036	1	1	0	0	0	0	0
AF	0	0.143660	7	5	2	0	0	0	0
AF	0	0.143973	5	4	1	0	0	0	0
AF	0	0.144285	6	4	2	0	0	0	0
AF	0	0.144909	1	0	1	0	0	0	0
AF	0	0.145222	1	1	0	0	0	0	0
AF	0	0.145534	4	2	2	0	0	0	0
AF	0	0.146159	1	1	0	0	0	0	0
AF	0	0.146471	1	1	0	0	0	0	0
AF	0	0.148345	1	1	0	0	0	0	0
AF	0	0.149282	1	0	1	0	0	0	0
AF	0	0.149594	1	1	0	0	0	0	0
AF	0	0.150219	1	1	0	0	0	0	0
AF	0	0.150531	2	2	0	0	0	0	0
AF	0	0.151156	2	2	0	0	0	0	0
AF	0	0.151468	4	2	2	0	0	0	0
AF	0	0.151780	1	1	0	0	0	0	0
AF	0	0.152717	2	1	1	0	0	0	0
AF	0	0.153654	1	0	1	0	0	0	0
AF	0	0.153966	1	0	1	0	0	0	0
AF	0	0.154591	1	1	0	0	0	0	0
AF	0	0.154903	1	1	0	0	0	0	0
AF	0	0.155215	1	1	0	0	0	0	0
AF	0	0.155528	1	0	1	0	0	0	0
AF	0	0.155840	1	1	0	0	0	0	0
AF	0	0.156152	1	1	0	0	0	0	0
AF	0	0.157089	2	1	1	0	0	0	0
AF	0	0.157402	4	4	0	0	0	0	0
AF	0	0.157714	1	1	0	0	0	0	0
AF	0	0.158026	1	1	0	0	0	0	0
AF	0	0.158339	1	1	0	0	0	0	0
AF	0	0.158651	1	1	0	0	0	0	0
AF	0	0.158963	2	1	1	0	0	0	0
AF	0	0.159275	2	2	0	0	0	0	0
AF	0	0.159588	1	1	0	0	0	0	0
AF	0	0.160525	2	1	1	0	0	0	0
AF	0	0.161149	1	0	1	0	0	0	0
AF	0	0.161774	2	1	1	0	0	0	0
AF	0	0.162399	4	3	1	0	0	0	0
AF	0	0.162711	1	0	1	0	0	0	0
AF	0	0.163023	2	2	0	0	0	0	0
AF	0	0.163335	4	2	2	0	0	0	0
AF	0	0.163648	2	0	2	0	0	0	0
AF	0	0.163960	2	2	0	0	0	0	0
AF	0	0.164272	4	2	2	0	0	0	0
AF	0	0.164897	2	2	0	0	0	0	0
AF	0	0.165522	2	2	0	0	0	0	0
AF	0	0.165834	1	1	0	0	0	0	0
AF	0	0.166146	3	2	1	0	0	0	0
AF	0	0.166458	1	1	0	0	0	0	0
AF	0	0.167395	2	2	0	0	0	0	0
AF	0	0.167708	2	1	1	0	0	0	0
AF	0	0.168020	1	1	0	0	0	0	0
AF	0	0.168332	1	0	1	0	0	0	0
AF	0	0.168645	1	1	0	0	0	0	0
AF	0	0.169582	3	1	2	0	0	0	0
AF	0	0.169894	2	1	1	0	0	0	0
AF	0	0.170518	1	0	1	0	0	0	0
AF	0	0.171143	1	1	0	0	0	0	0
AF	0	0.171455	2	0	2	0	0	0	0
AF	0	0.172080	1	0	1	0	0	0	0
AF	0	0.172392	2	2	0	0	0	0	0
AF	0	0.173017	2	1	1	0	0	0	0
AF	0	0.173954	1	0	1	0	0	0	0
AF	0	0.174266	3	1	2	0	0	0	0
AF	0	0.174891	1	1	0	0	0	0	0
AF	0	0.175515	1	0	1	0	0	0	0
AF	0	0.175828	3	0	3	0	0	0	0
AF	0	0.176140	2	2	0	0	0	0	0
AF	0	0.176452	1	1	0	0	0	0	0
AF	0	0.177389	1	0	1	0	0	0	0
AF	0	0.177701	1	1	0	0	0	0	0
AF	0	0.178638	2	2	0	0	0	0	0
AF	0	0.179263	2	1	1	0	0	0	0
AF	0	0.179888	1	1	0	0	0	0	0
AF	0	0.180512	1	1	0	0	0	0	0
AF	0	0.180824	1	1	0	0	0	0	0
AF	0	0.181137	2	1	1	0	0	0	0
AF	0	0.183011	2	1	1	0	0	0	0
AF	0	0.183323	2	2	0	0	0	0	0
AF	0	0.184260	1	1	0	0	0	0	0
AF	0	0.185509	1	0	1	0	0	0	0
AF	0	0.185821	1	1	0	0	0	0	0
AF	0	0.186134	1	0	1	0	0	0	0
AF	0	0.186758	2	2	0	0	0	0	0
AF	0	0.187071	1	0	1	0	0	0	0
AF	0	0.187383	3	2	1	0	0	0	0
AF	0	0.187695	1	0	1	0	0	0	0
AF	0	0.188320	4	4	0	0	0	0	0
AF	0	0.188632	5	5	0	0	0	0	0
AF	0	0.189257	1	1	0	0	0	0	0
AF	0	0.189569	2	1	1	0	0	0	0
AF	0	0.189881	7	4	3	0	0	0	0
AF	0	0.190194	4	3	1	0	0	0	0
AF	0	0.190506	1	0	1	0	0	0	0
AF	0	0.191131	4	1	3	0	0	0	0
AF	0	0.191755	2	2	0	0	0	0	0
AF	0	0.192067	1	1	0	0	0	0	0
AF	0	0.192380	1	1	0	0	0	0	0
AF	0	0.192692	3	0	3	0	0	0	0
AF	0	0.193004	4	2	2	0	0	0	0
AF	0	0.193317	1	1	0	0	0	0	0
AF	0	0.193629	1	1	0	0	0	0	0
AF	0	0.193941	2	1	1	0	0	0	0
AF	0	0.194254	1	0	1	0	0	0	0
AF	0	0.194566	2	2	0	0	0	0	0
AF	0	0.194878	2	1	1	0	0	0	0
AF	0	0.195191	1	1	0	0	0	0	0
AF	0	0.195503	2	1	1	0	0	0	0
AF	0	0.196127	1	1	0	0	0	0	0
AF	0	0.196440	1	1	0	0	0	0	0
AF	0	0.196752	2	2	0	0	0	0	0
AF	0	0.197377	1	0	1	0	0	0	0
AF	0	0.198001	3	1	2	0	0	0	0
AF	0	0.198314	1	1	0	0	0	0	0
AF	0	0.198626	2	2	0	0	0	0	0
AF	0	0.199250	2	1	1	0	0	0	0
AF	0	0.199563	1	1	0	0	0	0	0
AF	0	0.199875	1	1	0	0	0	0	0
AF	0	0.201437	1	1	0	0	0	0	0
AF	0	0.201749	2	1	1	0	0	0	0
AF	0	0.202061	1	1	0	0	0	0	0
AF	0	0.202686	1	1	0	0	0	0	0
AF	0	0.202998	1	0	1	0	0	0	0
AF	0	0.203935	2	2	0	0	0	0	0
AF	0	0.204247	1	1	0	0	0	0	0
AF	0	0.204872	1	1	0	0	0	0	0
AF	0	0.205497	1	1	0	0	0	0	0
AF	0	0.205809	1	1	0	0	0	0	0
AF	0	0.206121	1	1	0	0	0	0	0
AF	0	0.206433	1	1	0	0	0	0	0
AF	0	0.206746	2	1	1	0	0	0	0
AF	0	0.207058	3	1	2	0	0	0	0
AF	0	0.207370	1	1	0	0	0	0	0
AF	0	0.207683	1	1	0	0	0	0	0
AF	0	0.207995	1	1	0	0	0	0	0
AF	0	0.208620	2	0	2	0	0	0	0
AF	0	0.208932	1	1	0	0	0	0	0
AF	0	0.209244	2	1	1	0	0	0	0
AF	0	0.209557	1	0	1	0	0	0	0
AF	0	0.209869	1	1	0	0	0	0	0
AF	0	0.210181	1	1	0	0	0	0	0
AF	0	0.210493	4	4	0	0	0	0	0
AF	0	0.210806	2	2	0	0	0	0	0
AF	0	0.211118	9	6	3	0	0	0	0
AF	0	0.211430	3	3	0	0	0	0	0
AF	0	0.211743	3	2	1	0	0	0	0
AF	0	0.212367	4	4	0	0	0	0	0
AF	0	0.212680	2	1	1	0	0	0	0
AF	0	0.213304	1	1	0	0	0	0	0
AF	0	0.213616	2	2	0	0	0	0	0
AF	0	0.215178	1	1	0	0	0	0	0
AF	0	0.216427	1	1	0	0	0	0	0
AF	0	0.216740	2	1	1	0	0	0	0
AF	0	0.218301	1	1	0	0	0	0	0
AF	0	0.218613	1	1	0	0	0	0	0
AF	0	0.218926	2	0	2	0	0	0	0
AF	0	0.219238	2	1	1	0	0	0	0
AF	0	0.219550	3	2	1	0	0	0	0
AF	0	0.219863	2	2	0	0	0	0	0
AF	0	0.220175	1	1	0	0	0	0	0
AF	0	0.221736	2	2	0	0	0	0	0
AF	0	0.222049	1	1	0	0	0	0	0
AF	0	0.222673	5	2	3	0	0	0	0
AF	0	0.222986	1	1	0	0	0	0	0
AF	0	0.223923	2	2	0	0	0	0	0
AF	0	0.224547	1	1	0	0	0	0	0
AF	0	0.225796	3	2	1	0	0	0	0
AF	0	0.226109	2	2	0	0	0	0	0
AF	0	0.227358	1	0	1	0	0	0	0
AF	0	0.227670	1	0	1	0	0	0	0
AF	0	0.228295	1	0	1	0	0	0	0
AF	0	0.228607	2	2	0	0	0	0	0
AF	0	0.230169	1	0	1	0	0	0	0
AF	0	0.230481	1	1	0	0	0	0	0
AF	0	0.230793	2	2	0	0	0	0	0
AF	0	0.231418	1	0	1	0	0	0	0
AF	0	0.231730	1	1	0	0	0	0	0
AF	0	0.232042	1	1	0	0	0	0	0
AF	0	0.232355	3	1	2	0	0	0	0
AF	0	0.233916	1	0	1	0	0	0	0
AF	0	0.234541	1	1	0	0	0	0	0
AF	0	0.235166	3	3	0	0	0	0	0
AF	0	0.235790	6	5	1	0	0	0	0
AF	0	0.236102	6	6	0	0	0	0	0
AF	0	0.236415	2	1	1	0	0	0	0
AF	0	0.236727	1	0	1	0	0	0	0
AF	0	0.237039	1	1	0	0	0	0	0
AF	0	0.237976	1	1	0	0	0	0	0
AF	0	0.238289	1	1	0	0	0	0	0
AF	0	0.238913	1	1	0	0	0	0	0
AF	0	0.239538	2	1	1	0	0	0	0
AF	0	0.239850	1	1	0	0	0	0	0
AF	0	0.240162	1	1	0	0	0	0	0
AF	0	0.240475	2	0	2	0	0	0	0
AF	0	0.240787	1	0	1	0	0	0	0
AF	0	0.241412	2	1	1	0	0	0	0
AF	0	0.241724	3	3	0	0	0	0	0
AF	0	0.242036	2	1	1	0	0	0	0
AF	0	0.242661	1	1	0	0	0	0	0
AF	0	0.244222	1	1	0	0	0	0	0
AF	0	0.244535	3	3	0	0	0	0	0
AF	0	0.245159	3	2	1	0	0	0	0
AF	0	0.245784	4	2	2	0	0	0	0
AF	0	0.246096	2	2	0	0	0	0	0
AF	0	0.246408	5	4	1	0	0	0	0
AF	0	0.246721	3	1	2	0	0	0	0
AF	0	0.247033	2	1	1	0	0	0	0
AF	0	0.247658	2	1	1	0	0	0	0
AF	0	0.248282	3	3	0	0	0	0	0
AF	0	0.248595	1	1	0	0	0	0	0
AF	0	0.248907	2	1	1	0	0	0	0
AF	0	0.249532	3	2	1	0	0	0	0
AF	0	0.249844	1	1	0	0	0	0	0
AF	0	0.250156	1	1	0	0	0	0	0
AF	0	0.250468	2	2	0	0	0	0	0
AF	0	0.250781	1	1	0	0	0	0	0
AF	0	0.252030	2	1	1	0	0	0	0
AF	0	0.253279	3	3	0	0	0	0	0
AF	0	0.253904	2	2	0	0	0	0	0
AF	0	0.254528	1	1	0	0	0	0	0
AF	0	0.254841	1	0	1	0	0	0	0
AF	0	0.255465	1	0	1	0	0	0	0
AF	0	0.256402	1	1	0	0	0	0	0
AF	0	0.257027	2	1	1	0	0	0	0
AF	0	0.257964	1	1	0	0	0	0	0
AF	0	0.258276	1	0	1	0	0	0	0
AF	0	0.258588	2	2	0	0	0	0	0
AF	0	0.258901	2	2	0	0	0	0	0
AF	0	0.259525	3	3	0	0	0	0	0
AF	0	0.259838	1	1	0	0	0	0	0
AF	0	0.260150	2	1	1	0	0	0	0
AF	0	0.260775	2	2	0	0	0	0	0
AF	0	0.261711	1	1	0	0	0	0	0
AF	0	0.262961	1	1	0	0	0	0	0
AF	0	0.263273	5	3	2	0	0	0	0
AF	0	0.264522	1	1	0	0	0	0	0
AF	0	0.264834	1	0	1	0	0	0	0
AF	0	0.265147	1	0	1	0	0	0	0
AF	0	0.265771	3	3	0	0	0	0	0
AF	0	0.266084	4	3	1	0	0	0	0
AF	0	0.266396	3	2	1	0	0	0	0
AF	0	0.267645	1	1	0	0	0	0	0
AF	0	0.267958	1	1	0	0	0	0	0
AF	0	0.268270	1	1	0	0	0	0	0
AF	0	0.268582	1	1	0	0	0	0	0
AF	0	0.268894	4	4	0	0	0	0	0
AF	0	0.269207	1	1	0	0	0	0	0
AF	0	0.269519	2	2	0	0	0	0	0
AF	0	0.270456	1	1	0	0	0	0	0
AF	0	0.270768	2	2	0	0	0	0	0
AF	0	0.271393	2	1	1	0	0	0	0
AF	0	0.271705	1	1	0	0	0	0	0
AF	0	0.272017	2	2	0	0	0	0	0
AF	0	0.272642	1	1	0	0	0	0	0
AF	0	0.272954	1	0	1	0	0	0	0
AF	0	0.273267	1	1	0	0	0	0	0
AF	0	0.273891	1	1	0	0	0	0	0
AF	0	0.274204	1	1	0	0	0	0	0
AF	0	0.274516	1	0	1	0	0	0	0
AF	0	0.275141	1	0	1	0	0	0	0
AF	0	0.275765	1	1	0	0	0	0	0
AF	0	0.276077	1	1	0	0	0	0	0
AF	0	0.276702	2	2	0	0	0	0	0
AF	0	0.277014	1	1	0	0	0	0	0
AF	0	0.278264	3	1	2	0	0	0	0
AF	0	0.279513	1	1	0	0	0	0	0
AF	0	0.280762	1	0	1	0	0	0	0
AF	0	0.281387	2	2	0	0	0	0	0
AF	0	0.281699	2	2	0	0	0	0	0
AF	0	0.282011	1	1	0	0	0	0	0
AF	0	0.282636	1	1	0	0	0	0	0
AF	0	0.282948	2	1	1	0	0	0	0
AF	0	0.283260	1	1	0	0	0	0	0
AF	0	0.283885	2	2	0	0	0	0	0
AF	0	0.284197	1	1	0	0	0	0	0
AF	0	0.286384	2	1	1	0	0	0	0
AF	0	0.287320	1	1	0	0	0	0	0
AF	0	0.287633	2	2	0	0	0	0	0
AF	0	0.287945	2	2	0	0	0	0	0
AF	0	0.288257	1	1	0	0	0	0	0
AF	0	0.288570	1	1	0	0	0	0	0
AF	0	0.288882	4	2	2	0	0	0	0
AF	0	0.289194	2	1	1	0	0	0	0
AF	0	0.289507	3	1	2	0	0	0	0
AF	0	0.291068	1	0	1	0	0	0	0
AF	0	0.293254	1	0	1	0	0	0	0
AF	0	0.294191	1	1	0	0	0	0	0
AF	0	0.294503	1	1	0	0	0	0	0
AF	0	0.295128	3	3	0	0	0	0	0
AF	0	0.295440	2	1	1	0	0	0	0
AF	0	0.295753	1	0	1	0	0	0	0
AF	0	0.296065	1	1	0	0	0	0	0
AF	0	0.296377	2	1	1	0	0	0	0
AF	0	0.297314	1	1	0	0	0	0	0
AF	0	0.298876	1	1	0	0	0	0	0
AF	0	0.299813	1	1	0	0	0	0	0
AF	0	0.300125	1	0	1	0	0	0	0
AF	0	0.300750	1	1	0	0	0	0	0
AF	0	0.301374	2	1	1	0	0	0	0
AF	0	0.302936	1	1	0	0	0	0	0
AF	0	0.303248	1	1	0	0	0	0	0
AF	0	0.303873	1	1	0	0	0	0	0
AF	0	0.304185	1	1	0	0	0	0	0
AF	0	0.304809	2	1	1	0	0	0	0
AF	0	0.305122	1	0	1	0	0	0	0
AF	0	0.305746	1	1	0	0	0	0	0
AF	0	0.307620	1	1	0	0	0	0	0
AF	0	0.308245	2	2	0	0	0	0	0
AF	0	0.308869	1	1	0	0	0	0	0
AF	0	0.309182	1	1	0	0	0	0	0
AF	0	0.309494	4	2	2	0	0	0	0
AF	0	0.309806	1	0	1	0	0	0	0
AF	0	0.310119	1	1	0	0	0	0	0
AF	0	0.310431	1	0	1	0	0	0	0
AF	0	0.310743	2	0	2	0	0	0	0
AF	0	0.311368	1	1	0	0	0	0	0
AF	0	0.313554	1	1	0	0	0	0	0
AF	0	0.313866	1	0	1	0	0	0	0
AF	0	0.314491	1	1	0	0	0	0	0
AF	0	0.316989	1	0	1	0	0	0	0
AF	0	0.318239	2	2	0	0	0	0	0
AF	0	0.318863	1	1	0	0	0	0	0
AF	0	0.320737	2	2	0	0	0	0	0
AF	0	0.321049	1	1	0	0	0	0	0
AF	0	0.321362	2	2	0	0	0	0	0
AF	0	0.321674	1	1	0	0	0	0	0
AF	0	0.323860	2	2	0	0	0	0	0
AF	0	0.324172	3	1	2	0	0	0	0
AF	0	0.324485	1	1	0	0	0	0	0
AF	0	0.325734	1	1	0	0	0	0	0
AF	0	0.326983	1	1	0	0	0	0	0
AF	0	0.327295	2	1	1	0	0	0	0
AF	0	0.328232	1	1	0	0	0	0	0
AF	0	0.328857	1	1	0	0	0	0	0
AF	0	0.329169	1	1	0	0	0	0	0
AF	0	0.329482	3	2	1	0	0	0	0
AF	0	0.330418	2	1	1	0	0	0	0
AF	0	0.330731	2	2	0	0	0	0	0
AF	0	0.331355	1	0	1	0	0	0	0
AF	0	0.331980	1	0	1	0	0	0	0
AF	0	0.332605	1	0	1	0	0	0	0
AF	0	0.333229	1	1	0	0	0	0	0
AF	0	0.334166	1	1	0	0	0	0	0
AF	0	0.334478	1	1	0	0	0	0	0
AF	0	0.334791	1	1	0	0	0	0	0
AF	0	0.335415	1	1	0	0	0	0	0
AF	0	0.336352	1	0	1	0	0	0	0
AF	0	0.337914	1	0	1	0	0	0	0
AF	0	0.339163	1	0	1	0	0	0	0
AF	0	0.340412	1	1	0	0	0	0	0
AF	0	0.341661	1	0	1	0	0	0	0
AF	0	0.341974	1	0	1	0	0	0	0
AF	0	0.342286	3	1	2	0	0	0	0
AF	0	0.342598	1	1	0	0	0	0	0
AF	0	0.343535	2	1	1	0	0	0	0
AF	0	0.343848	1	1	0	0	0	0	0
AF	0	0.344160	1	0	1	0	0	0	0
AF	0	0.344472	1	1	0	0	0	0	0
AF	0	0.344785	4	2	2	0	0	0	0
AF	0	0.345409	1	1	0	0	0	0	0
AF	0	0.345721	1	0	1	0	0	0	0
AF	0	0.346658	2	0	2	0	0	0	0
AF	0	0.348844	1	0	1	0	0	0	0
AF	0	0.349157	1	1	0	0	0	0	0
AF	0	0.352904	1	1	0	0	0	0	0
AF	0	0.353217	1	1	0	0	0	0	0
AF	0	0.353529	2	1	1	0	0	0	0
AF	0	0.354154	1	1	0	0	0	0	0
AF	0	0.354466	2	1	1	0	0	0	0
AF	0	0.355091	2	0	2	0	0	0	0
AF	0	0.355403	2	2	0	0	0	0	0
AF	0	0.356027	1	1	0	0	0	0	0
AF	0	0.356652	2	0	2	0	0	0	0
AF	0	0.357277	5	4	1	0	0	0	0
AF	0	0.357589	2	2	0	0	0	0	0
AF	0	0.357901	2	1	1	0	0	0	0
AF	0	0.358214	1	1	0	0	0	0	0
AF	0	0.358838	1	0	1	0	0	0	0
AF	0	0.360087	1	1	0	0	0	0	0
AF	0	0.360400	2	2	0	0	0	0	0
AF	0	0.360712	1	1	0	0	0	0	0
AF	0	0.362274	1	0	1	0	0	0	0
AF	0	0.364460	1	0	1	0	0	0	0
AF	0	0.364772	1	1	0	0	0	0	0
AF	0	0.365084	1	0	1	0	0	0	0
AF	0	0.365397	6	3	3	0	0	0	0
AF	0	0.366021	2	1	1	0	0	0	0
AF	0	0.367270	1	0	1	0	0	0	0
AF	0	0.367583	1	0	1	0	0	0	0
AF	0	0.368520	3	1	2	0	0	0	0
AF	0	0.368832	1	1	0	0	0	0	0
AF	0	0.369457	1	1	0	0	0	0	0
AF	0	0.369769	2	0	2	0	0	0	0
AF	0	0.370081	1	1	0	0	0	0	0
AF	0	0.370394	1	1	0	0	0	0	0
AF	0	0.371643	1	1	0	0	0	0	0
AF	0	0.372267	3	2	1	0	0	0	0
AF	0	0.373517	2	1	1	0	0	0	0
AF	0	0.374766	2	0	2	0	0	0	0
AF	0	0.375390	4	2	2	0	0	0	0
AF	0	0.376015	2	1	1	0	0	0	0
AF	0	0.376640	2	2	0	0	0	0	0
AF	0	0.377264	1	1	0	0	0	0	0
AF	0	0.380075	1	0	1	0	0	0	0
AF	0	0.380387	1	1	0	0	0	0	0
AF	0	0.381012	1	1	0	0	0	0	0
AF	0	0.381636	1	1	0	0	0	0	0
AF	0	0.382886	1	1	0	0	0	0	0
AF	0	0.383198	1	1	0	0	0	0	0
AF	0	0.383510	1	1	0	0	0	0	0
AF	0	0.385072	1	0	1	0	0	0	0
AF	0	0.385384	1	0	1	0	0	0	0
AF	0	0.386633	1	1	0	0	0	0	0
AF	0	0.386946	1	1	0	0	0	0	0
AF	0	0.387570	1	1	0	0	0	0	0
AF	0	0.387883	2	2	0	0	0	0	0
AF	0	0.388195	1	0	1	0	0	0	0
AF	0	0.389444	1	1	0	0	0	0	0
AF	0	0.389756	1	1	0	0	0	0	0
AF	0	0.390069	1	1	0	0	0	0	0
AF	0	0.390381	2	2	0	0	0	0	0
AF	0	0.392255	1	0	1	0	0	0	0
AF	0	0.393192	1	1	0	0	0	0	0
AF	0	0.393504	2	2	0	0	0	0	0
AF	0	0.395066	1	1	0	0	0	0	0
AF	0	0.396627	1	0	1	0	0	0	0
AF	0	0.396939	1	0	1	0	0	0	0
AF	0	0.397876	1	1	0	0	0	0	0
AF	0	0.399126	2	2	0	0	0	0	0
AF	0	0.400375	1	0	1	0	0	0	0
AF	0	0.400999	1	0	1	0	0	0	0
AF	0	0.401312	1	0	1	0	0	0	0
AF	0	0.402249	2	1	1	0	0	0	0
AF	0	0.402873	1	0	1	0	0	0	0
AF	0	0.403498	2	2	0	0	0	0	0
AF	0	0.405372	2	2	0	0	0	0	0
AF	0	0.405684	2	1	1	0	0	0	0
AF	0	0.405996	2	1	1	0	0	0	0
AF	0	0.407870	2	2	0	0	0	0	0
AF	0	0.409119	1	1	0	0	0	0	0
AF	0	0.409432	1	1	0	0	0	0	0
AF	0	0.409744	2	1	1	0	0	0	0
AF	0	0.410056	1	0	1	0	0	0	0
AF	0	0.410369	1	1	0	0	0	0	0
AF	0	0.411930	1	0	1	0	0	0	0
AF	0	0.412867	2	2	0	0	0	0	0
AF	0	0.413804	1	1	0	0	0	0	0
AF	0	0.414741	1	1	0	0	0	0	0
AF	0	0.415990	2	2	0	0	0	0	0
AF	0	0.416302	1	0	1	0	0	0	0
AF	0	0.416927	2	2	0	0	0	0	0
AF	0	0.417239	3	3	0	0	0	0	0
AF	0	0.417552	1	1	0	0	0	0	0
AF	0	0.417864	1	1	0	0	0	0	0
AF	0	0.418176	1	1	0	0	0	0	0
AF	0	0.418488	1	1	0	0	0	0	0
AF	0	0.418801	1	1	0	0	0	0	0
AF	0	0.419738	4	1	3	0	0	0	0
AF	0	0.420050	2	1	1	0	0	0	0
AF	0	0.420362	1	1	0	0	0	0	0
AF	0	0.420987	1	0	1	0	0	0	0
AF	0	0.422236	1	1	0	0	0	0	0
AF	0	0.423485	1	1	0	0	0	0	0
AF	0	0.424110	1	1	0	0	0	0	0
AF	0	0.424422	1	1	0	0	0	0	0
AF	0	0.424735	1	1	0	0	0	0	0
AF	0	0.425359	1	0	1	0	0	0	0
AF	0	0.425671	1	1	0	0	0	0	0
AF	0	0.426608	1	1	0	0	0	0	0
AF	0	0.427233	1	1	0	0	0	0	0
AF	0	0.428170	1	1	0	0	0	0	0
AF	0	0.429107	1	1	0	0	0	0	0
AF	0	0.429731	1	1	0	0	0	0	0
AF	0	0.430356	1	0	1	0	0	0	0
AF	0	0.430981	2	1	1	0	0	0	0
AF	0	0.431918	1	0	1	0	0	0	0
AF	0	0.434728	1	1	0	0	0	0	0
AF	0	0.436602	1	1	0	0	0	0	0
AF	0	0.439101	1	1	0	0	0	0	0
AF	0	0.439725	1	0	1	0	0	0	0
AF	0	0.440662	1	1	0	0	0	0	0
AF	0	0.440974	2	0	2	0	0	0	0
AF	0	0.441287	1	1	0	0	0	0	0
AF	0	0.441599	1	0	1	0	0	0	0
AF	0	0.443473	1	1	0	0	0	0	0
AF	0	0.445659	1	1	0	0	0	0	0
AF	0	0.446596	1	0	1	0	0	0	0
AF	0	0.447533	2	2	0	0	0	0	0
AF	0	0.447845	2	2	0	0	0	0	0
AF	0	0.449719	3	2	1	0	0	0	0
AF	0	0.450656	1	1	0	0	0	0	0
AF	0	0.451280	1	1	0	0	0	0	0
AF	0	0.452530	1	1	0	0	0	0	0
AF	0	0.453467	1	0	1	0	0	0	0
AF	0	0.455653	1	1	0	0	0	0	0
AF	0	0.455965	1	1	0	0	0	0	0
AF	0	0.456277	2	1	1	0	0	0	0
AF	0	0.456902	1	1	0	0	0	0	0
AF	0	0.457527	1	1	0	0	0	0	0
AF	0	0.458151	1	1	0	0	0	0	0
AF	0	0.458776	1	1	0	0	0	0	0
AF	0	0.459088	1	0	1	0	0	0	0
AF	0	0.459400	1	0	1	0	0	0	0
AF	0	0.460025	2	1	1	0	0	0	0
AF	0	0.463148	1	0	1	0	0	0	0
AF	0	0.463773	1	0	1	0	0	0	0
AF	0	0.464085	1	1	0	0	0	0	0
AF	0	0.464397	2	1	1	0	0	0	0
AF	0	0.465022	1	0	1	0	0	0	0
AF	0	0.465334	2	1	1	0	0	0	0
AF	0	0.465646	1	0	1	0	0	0	0
AF	0	0.465959	1	1	0	0	0	0	0
AF	0	0.467208	1	1	0	0	0	0	0
AF	0	0.467520	1	1	0	0	0	0	0
AF	0	0.469082	1	1	0	0	0	0	0
AF	0	0.470019	1	1	0	0	0	0	0
AF	0	0.470643	1	0	1	0	0	0	0
AF	0	0.470956	1	1	0	0	0	0	0
AF	0	0.471268	2	0	2	0	0	0	0
AF	0	0.471580	1	1	0	0	0	0	0
AF	0	0.471893	1	1	0	0	0	0	0
AF	0	0.472517	1	1	0	0	0	0	0
AF	0	0.472829	1	1	0	0	0	0	0
AF	0	0.473142	1	1	0	0	0	0	0
AF	0	0.474079	1	1	0	0	0	0	0
AF	0	0.474391	1	0	1	0	0	0	0
AF	0	0.474703	1	1	0	0	0	0	0
AF	0	0.475016	1	1	0	0	0	0	0
AF	0	0.475328	1	0	1	0	0	0	0
AF	0	0.475640	1	1	0	0	0	0	0
AF	0	0.476577	1	1	0	0	0	0	0
AF	0	0.477202	1	1	0	0	0	0	0
AF	0	0.477514	1	1	0	0	0	0	0
AF	0	0.479076	1	1	0	0	0	0	0
AF	0	0.482511	2	1	1	0	0	0	0
AF	0	0.483136	2	2	0	0	0	0	0
AF	0	0.483448	2	0	2	0	0	0	0
AF	0	0.483760	2	1	1	0	0	0	0
AF	0	0.484072	1	1	0	0	0	0	0
AF	0	0.486259	1	1	0	0	0	0	0
AF	0	0.486571	1	1	0	0	0	0	0
AF	0	0.487508	1	1	0	0	0	0	0
AF	0	0.491880	1	1	0	0	0	0	0
AF	0	0.492817	1	1	0	0	0	0	0
AF	0	0.495628	1	1	0	0	0	0	0
AF	0	0.495940	1	1	0	0	0	0	0
AF	0	0.496252	2	1	1	0	0	0	0
AF	0	0.496877	1	0	1	0	0	0	0
AF	0	0.497189	1	1	0	0	0	0	0
AF	0	0.498438	1	1	0	0	0	0	0
AF	0	0.499688	1	1	0	0	0	0	0
AF	0	0.501562	1	0	1	0	0	0	0
AF	0	0.501874	1	0	1	0	0	0	0
AF	0	0.504060	1	1	0	0	0	0	0
AF	0	0.504372	1	0	1	0	0	0	0
AF	0	0.504997	2	1	1	0	0	0	0
AF	0	0.505309	1	1	0	0	0	0	0
AF	0	0.508432	1	0	1	0	0	0	0
AF	0	0.509369	1	1	0	0	0	0	0
AF	0	0.510931	1	1	0	0	0	0	0
AF	0	0.511243	1	1	0	0	0	0	0
AF	0	0.512804	1	0	1	0	0	0	0
AF	0	0.513429	1	1	0	0	0	0	0
AF	0	0.514054	1	0	1	0	0	0	0
AF	0	0.514991	1	1	0	0	0	0	0
AF	0	0.516552	1	1	0	0	0	0	0
AF	0	0.517489	1	1	0	0	0	0	0
AF	0	0.517801	1	0	1	0	0	0	0
AF	0	0.518114	4	4	0	0	0	0	0
AF	0	0.518738	1	1	0	0	0	0	0
AF	0	0.519675	1	1	0	0	0	0	0
AF	0	0.520612	1	1	0	0	0	0	0
AF	0	0.521861	1	0	1	0	0	0	0
AF	0	0.524047	1	0	1	0	0	0	0
AF	0	0.524360	1	0	1	0	0	0	0
AF	0	0.524672	2	2	0	0	0	0	0
AF	0	0.524984	3	3	0	0	0	0	0
AF	0	0.525297	1	1	0	0	0	0	0
AF	0	0.525609	1	1	0	0	0	0	0
AF	0	0.526234	1	1	0	0	0	0	0
AF	0	0.526858	1	1	0	0	0	0	0
AF	0	0.528107	1	1	0	0	0	0	0
AF	0	0.529044	2	1	1	0	0	0	0
AF	0	0.530918	1	1	0	0	0	0	0
AF	0	0.531543	1	1	0	0	0	0	0
AF	0	0.532480	1	1	0	0	0	0	0
AF	0	0.537477	1	0	1	0	0	0	0
AF	0	0.538726	1	0	1	0	0	0	0
AF	0	0.539975	1	1	0	0	0	0	0
AF	0	0.540912	1	0	1	0	0	0	0
AF	0	0.541224	1	0	1	0	0	0	0
AF	0	0.544347	1	0	1	0	0	0	0
AF	0	0.544972	1	1	0	0	0	0	0
AF	0	0.545597	2	2	0	0	0	0	0
AF	0	0.546221	1	0	1	0	0	0	0
AF	0	0.546846	1	0	1	0	0	0	0
AF	0	0.547783	1	1	0	0	0	0	0
AF	0	0.549969	2	1	1	0	0	0	0
AF	0	0.550906	1	0	1	0	0	0	0
AF	0	0.551530	1	1	0	0	0	0	0
AF	0	0.551843	1	1	0	0	0	0	0
AF	0	0.552155	1	1	0	0	0	0	0
AF	0	0.552467	1	1	0	0	0	0	0
AF	0	0.553092	2	1	1	0	0	0	0
AF	0	0.555903	2	2	0	0	0	0	0
AF	0	0.557152	2	1	1	0	0	0	0
AF	0	0.557776	1	0	1	0	0	0	0
AF	0	0.558401	1	0	1	0	0	0	0
AF	0	0.559026	1	1	0	0	0	0	0
AF	0	0.559338	1	1	0	0	0	0	0
AF	0	0.559650	2	1	1	0	0	0	0
AF	0	0.559963	2	1	1	0	0	0	0
AF	0	0.560275	1	1	0	0	0	0	0
AF	0	0.560899	2	2	0	0	0	0	0
AF	0	0.562461	1	1	0	0	0	0	0
AF	0	0.562773	1	0	1	0	0	0	0
AF	0	0.563086	1	1	0	0	0	0	0
AF	0	0.563398	1	1	0	0	0	0	0
AF	0	0.563710	1	0	1	0	0	0	0
AF	0	0.564335	1	0	1	0	0	0	0
AF	0	0.564647	1	1	0	0	0	0	0
AF	0	0.564959	1	1	0	0	0	0	0
AF	0	0.565272	1	1	0	0	0	0	0
AF	0	0.566209	1	1	0	0	0	0	0
AF	0	0.567146	1	1	0	0	0	0	0
AF	0	0.567770	1	1	0	0	0	0	0
AF	0	0.569644	1	1	0	0	0	0	0
AF	0	0.570269	2	2	0	0	0	0	0
AF	0	0.570893	1	0	1	0	0	0	0
AF	0	0.571205	1	0	1	0	0	0	0
AF	0	0.571518	1	0	1	0	0	0	0
AF	0	0.572142	1	0	1	0	0	0	0
AF	0	0.572767	3	2	1	0	0	0	0
AF	0	0.573079	2	2	0	0	0	0	0
AF	0	0.573392	3	3	0	0	0	0	0
AF	0	0.574016	1	1	0	0	0	0	0
AF	0	0.574329	1	1	0	0	0	0	0
AF	0	0.574641	3	1	2	0	0	0	0
AF	0	0.575265	4	3	1	0	0	0	0
AF	0	0.575890	3	2	1	0	0	0	0
AF	0	0.576515	5	4	1	0	0	0	0
AF	0	0.576827	4	3	1	0	0	0	0
AF	0	0.577139	5	4	1	0	0	0	0
AF	0	0.577452	1	1	0	0	0	0	0
AF	0	0.578389	3	3	0	0	0	0	0
AF	0	0.579325	1	1	0	0	0	0	0
AF	0	0.580262	2	1	1	0	0	0	0
AF	0	0.580887	3	1	2	0	0	0	0
AF	0	0.581512	1	0	1	0	0	0	0
AF	0	0.582136	1	0	1	0	0	0	0
AF	0	0.583385	1	1	0	0	0	0	0
AF	0	0.585884	1	1	0	0	0	0	0
AF	0	0.586508	1	1	0	0	0	0	0
AF	0	0.586821	1	1	0	0	0	0	0
AF	0	0.587133	1	0	1	0	0	0	0
AF	0	0.588382	1	1	0	0	0	0	0
AF	0	0.589007	1	1	0	0	0	0	0
AF	0	0.589944	3	3	0	0	0	0	0
AF	0	0.590256	2	1	1	0	0	0	0
AF	0	0.591193	1	1	0	0	0	0	0
AF	0	0.591818	1	0	1	0	0	0	0
AF	0	0.592130	1	1	0	0	0	0	0
AF	0	0.594004	1	0	1	0	0	0	0
AF	0	0.594316	1	1	0	0	0	0	0
AF	0	0.594628	2	2	0	0	0	0	0
AF	0	0.596190	1	0	1	0	0	0	0
AF	0	0.596502	1	1	0	0	0	0	0
AF	0	0.597127	1	1	0	0	0	0	0
AF	0	0.597751	1	1	0	0	0	0	0
AF	0	0.599001	1	0	1	0	0	0	0
AF	0	0.600874	1	1	0	0	0	0	0
AF	0	0.602436	2	0	2	0	0	0	0
AF	0	0.602748	1	0	1	0	0	0	0
AF	0	0.603998	2	1	1	0	0	0	0
AF	0	0.605871	2	2	0	0	0	0	0
AF	0	0.606184	1	0	1	0	0	0	0
AF	0	0.607433	2	2	0	0	0	0	0
AF	0	0.608370	2	0	2	0	0	0	0
AF	0	0.608994	2	1	1	0	0	0	0
AF	0	0.609931	1	0	1	0	0	0	0
AF	0	0.610244	1	0	1	0	0	0	0
AF	0	0.611181	1	0	1	0	0	0	0
AF	0	0.612742	1	1	0	0	0	0	0
AF	0	0.617427	1	0	1	0	0	0	0
AF	0	0.618051	2	1	1	0	0	0	0
AF	0	0.618988	2	2	0	0	0	0	0
AF	0	0.619925	1	0	1	0	0	0	0
AF	0	0.620237	1	0	1	0	0	0	0
AF	0	0.621487	1	1	0	0	0	0	0
AF	0	0.622111	2	1	1	0	0	0	0
AF	0	0.622736	2	2	0	0	0	0	0
AF	0	0.623048	3	2	1	0	0	0	0
AF	0	0.623360	1	0	1	0	0	0	0
AF	0	0.623673	3	3	0	0	0	0	0
AF	0	0.623985	6	3	3	0	0	0	0
AF	0	0.624297	1	1	0	0	0	0	0
AF	0	0.624610	2	1	1	0	0	0	0
AF	0	0.625234	1	0	1	0	0	0	0
AF	0	0.627108	3	2	1	0	0	0	0
AF	0	0.628045	1	1	0	0	0	0	0
AF	0	0.628357	1	1	0	0	0	0	0
AF	0	0.629919	2	2	0	0	0	0	0
AF	0	0.630231	3	3	0	0	0	0	0
AF	0	0.631480	3	1	2	0	0	0	0
AF	0	0.631793	1	0	1	0	0	0	0
AF	0	0.632105	1	1	0	0	0	0	0
AF	0	0.632417	1	0	1	0	0	0	0
AF	0	0.633042	1	1	0	0	0	0	0
AF	0	0.633354	1	0	1	0	0	0	0
AF	0	0.633666	1	0	1	0	0	0	0
AF	0	0.633979	1	0	1	0	0	0	0
AF	0	0.634291	2	0	2	0	0	0	0
AF	0	0.637726	2	1	1	0	0	0	0
AF	0	0.639288	1	1	0	0	0	0	0
AF	0	0.640225	1	0	1	0	0	0	0
AF	0	0.640537	1	1	0	0	0	0	0
AF	0	0.642723	1	1	0	0	0	0	0
AF	0	0.643348	2	2	0	0	0	0	0
AF	0	0.644597	1	1	0	0	0	0	0
AF	0	0.645222	2	2	0	0	0	0	0
AF	0	0.646783	1	1	0	0	0	0	0
AF	0	0.647096	2	2	0	0	0	0	0
AF	0	0.647408	1	0	1	0	0	0	0
AF	0	0.648032	1	1	0	0	0	0	0
AF	0	0.648345	1	1	0	0	0	0	0
AF	0	0.648657	1	1	0	0	0	0	0
AF	0	0.648969	4	2	2	0	0	0	0
AF	0	0.649282	3	2	1	0	0	0	0
AF	0	0.649594	1	1	0	0	0	0	0
AF	0	0.649906	2	0	2	0	0	0	0
AF	0	0.650219	1	1	0	0	0	0	0
AF	0	0.650531	1	1	0	0	0	0	0
AF	0	0.652092	1	0	1	0	0	0	0
AF	0	0.653654	1	1	0	0	0	0	0
AF	0	0.655528	1	1	0	0	0	0	0
AF	0	0.657089	1	1	0	0	0	0	0
AF	0	0.659588	1	0	1	0	0	0	0
AF	0	0.663335	1	0	1	0	0	0	0
AF	0	0.664585	1	1	0	0	0	0	0
AF	0	0.666771	1	1	0	0	0	0	0
AF	0	0.667395	3	2	1	0	0	0	0
AF	0	0.667708	1	1	0	0	0	0	0
AF	0	0.668020	1	1	0	0	0	0	0
AF	0	0.668645	2	1	1	0	0	0	0
AF	0	0.675515	1	0	1	0	0	0	0
AF	0	0.679575	1	1	0	0	0	0	0
AF	0	0.681761	1	0	1	0	0	0	0
AF	0	0.682386	1	1	0	0	0	0	0
AF	0	0.683011	1	0	1	0	0	0	0
AF	0	0.684260	2	2	0	0	0	0	0
AF	0	0.687383	1	0	1	0	0	0	0
AF	0	0.688007	1	1	0	0	0	0	0
AF	0	0.688944	1	1	0	0	0	0	0
AF	0	0.689881	1	0	1	0	0	0	0
AF	0	0.690506	1	1	0	0	0	0	0
AF	0	0.690818	1	1	0	0	0	0	0
AF	0	0.691131	1	1	0	0	0	0	0
AF	0	0.692067	1	1	0	0	0	0	0
AF	0	0.692692	1	1	0	0	0	0	0
AF	0	0.693004	1	1	0	0	0	0	0
AF	0	0.694254	1	1	0	0	0	0	0
AF	0	0.695191	1	1	0	0	0	0	0
AF	0	0.695815	1	0	1	0	0	0	0
AF	0	0.696127	1	1	0	0	0	0	0
AF	0	0.698626	1	1	0	0	0	0	0
AF	0	0.699250	1	1	0	0	0	0	0
AF	0	0.699563	1	1	0	0	0	0	0
AF	0	0.700187	1	1	0	0	0	0	0
AF	0	0.701437	1	1	0	0	0	0	0
AF	0	0.702998	1	1	0	0	0	0	0
AF	0	0.703310	1	1	0	0	0	0	0
AF	0	0.703935	1	1	0	0	0	0	0
AF	0	0.704247	1	1	0	0	0	0	0
AF	0	0.704560	1	1	0	0	0	0	0
AF	0	0.705184	1	0	1	0	0	0	0
AF	0	0.705497	1	1	0	0	0	0	0
AF	0	0.705809	2	1	1	0	0	0	0
AF	0	0.706121	2	1	1	0	0	0	0
AF	0	0.706433	1	0	1	0	0	0	0
AF	0	0.708620	2	2	0	0	0	0	0
AF	0	0.708932	1	1	0	0	0	0	0
AF	0	0.709244	2	2	0	0	0	0	0
AF	0	0.711743	1	1	0	0	0	0	0
AF	0	0.712367	1	1	0	0	0	0	0
AF	0	0.714866	1	1	0	0	0	0	0
AF	0	0.718301	1	1	0	0	0	0	0
AF	0	0.721736	1	1	0	0	0	0	0
AF	0	0.722361	1	1	0	0	0	0	0
AF	0	0.722986	1	1	0	0	0	0	0
AF	0	0.732667	2	2	0	0	0	0	0
AF	0	0.734541	1	1	0	0	0	0	0
AF	0	0.742973	1	1	0	0	0	0	0
AF	0	0.751718	1	1	0	0	0	0	0
AF	0	0.752967	2	2	0	0	0	0	0
AF	0	0.754528	1	0	1	0	0	0	0
AF	0	0.754841	2	1	1	0	0	0	0
AF	0	0.756090	1	1	0	0	0	0	0
AF	0	0.756402	1	1	0	0	0	0	0
AF	0	0.765771	1	0	1	0	0	0	0
AF	0	0.767958	1	1	0	0	0	0	0
AF	0	0.770456	1	1	0	0	0	0	0
AF	0	0.770768	1	1	0	0	0	0	0
AF	0	0.774828	2	1	1	0	0	0	0
AF	0	0.775141	1	0	1	0	0	0	0
AF	0	0.776077	1	1	0	0	0	0	0
AF	0	0.776702	1	1	0	0	0	0	0
AF	0	0.779200	1	1	0	0	0	0	0
AF	0	0.784197	1	1	0	0	0	0	0
AF	0	0.787320	1	0	1	0	0	0	0
AF	0	0.788882	3	0	3	0	0	0	0
AF	0	0.791068	2	2	0	0	0	0	0
AF	0	0.791380	1	0	1	0	0	0	0
AF	0	0.792630	1	0	1	0	0	0	0
AF	0	0.794503	1	1	0	0	0	0	0
AF	0	0.799188	1	1	0	0	0	0	0
AF	0	0.800125	2	2	0	0	0	0	0
AF	0	0.801374	2	2	0	0	0	0	0
AF	0	0.801999	1	1	0	0	0	0	0
AF	0	0.803248	1	0	1	0	0	0	0
AF	0	0.804185	1	1	0	0	0	0	0
AF	0	0.806996	1	1	0	0	0	0	0
AF	0	0.807308	1	1	0	0	0	0	0
AF	0	0.807620	1	1	0	0	0	0	0
AF	0	0.811680	1	0	1	0	0	0	0
AF	0	0.815740	1	1	0	0	0	0	0
AF	0	0.820112	1	1	0	0	0	0	0
AF	0	0.823860	1	1	0	0	0	0	0
AF	0	0.824172	3	3	0	0	0	0	0
AF	0	0.824485	2	2	0	0	0	0	0
AF	0	0.824797	1	1	0	0	0	0	0
AF	0	0.825109	1	1	0	0	0	0	0
AF	0	0.826983	1	1	0	0	0	0	0
AF	0	0.829482	1	0	1	0	0	0	0
AF	0	0.830731	1	1	0	0	0	0	0
AF	0	0.843223	1	1	0	0	0	0	0
AF	0	0.845409	1	0	1	0	0	0	0
AF	0	0.846971	2	1	1	0	0	0	0
AF	0	0.847908	1	0	1	0	0	0	0
AF	0	0.849469	1	1	0	0	0	0	0
AF	0	0.851968	1	1	0	0	0	0	0
AF	0	0.856027	1	1	0	0	0	0	0
AF	0	0.856340	1	1	0	0	0	0	0
AF	0	0.857277	1	0	1	0	0	0	0
AF	0	0.859463	2	1	1	0	0	0	0
AF	0	0.867583	2	1	1	0	0	0	0
AF	0	0.869457	1	1	0	0	0	0	0
AF	0	0.879450	1	1	0	0	0	0	0
AF	0	0.886321	1	1	0	0	0	0	0
AF	0	0.888195	1	1	0	0	0	0	0
AF	0	0.889756	1	1	0	0	0	0	0
AF	0	0.904747	1	1	0	0	0	0	0
AF	0	0.907870	1	1	0	0	0	0	0
AF	0	0.908495	1	0	1	0	0	0	0
AF	0	0.909744	1	1	0	0	0	0	0
AF	0	0.912242	1	1	0	0	0	0	0
AF	0	0.913804	1	1	0	0	0	0	0
AF	0	0.919425	1	0	1	0	0	0	0
AF	0	0.934728	1	1	0	0	0	0	0
AF	0	0.939101	1	0	1	0	0	0	0
AF	0	0.942224	1	0	1	0	0	0	0
AF	0	0.950031	1	1	0	0	0	0	0
AF	0	0.955653	1	0	1	0	0	0	0
AF	0	0.957839	1	0	1	0	0	0	0
AF	0	0.965022	1	1	0	0	0	0	0
AF	0	0.965334	1	0	1	0	0	0	0
AF	0	0.967208	1	1	0	0	0	0	0
AF	0	0.973766	1	1	0	0	0	0	0
AF	0	0.974079	1	0	1	0	0	0	0
AF	0	0.976577	2	1	1	0	0	0	0
AF	0	0.979388	1	1	0	0	0	0	0
AF	0	0.979700	1	1	0	0	0	0	0
AF	0	0.984072	1	0	1	0	0	0	0
AF	0	0.984385	1	1	0	0	0	0	0
AF	0	0.985322	1	1	0	0	0	0	0
AF	0	0.990006	1	1	0	0	0	0	0
AF	0	0.990319	1	1	0	0	0	0	0
AF	0	0.992192	1	1	0	0	0	0	0
AF	0	0.992817	2	1	1	0	0	0	0
AF	0	0.994066	1	1	0	0	0	0	0
AF	0	0.994379	1	0	1	0	0	0	0
AF	0	0.995315	1	1	0	0	0	0	0
AF	0	0.995940	2	1	1	0	0	0	0
AF	0	0.996565	1	1	0	0	0	0	0
AF	0	0.997189	2	2	0	0	0	0	0
AF	0	0.998438	1	1	0	0	0	0	0
AF	0	0.999063	2	1	1	0	0	0	0
# QUAL, Stats by quality
# QUAL	[2]id	[3]Quality	[4]number of SNPs	[5]number of transitions (1st ALT)	[6]number of transversions (1st ALT)	[7]number of indels
QUAL	0	.	15476	11034	4442	0
# IDD, InDel distribution:
# IDD	[2]id	[3]length (deletions negative)	[4]number of sites	[5]number of genotypes	[6]mean VAF
# ST, Substitution types:
# ST	[2]id	[3]type	[4]count
ST	0	A>C	420
ST	0	A>G	1789
ST	0	A>T	405
ST	0	C>A	799
ST	0	C>G	622
ST	0	C>T	3602
ST	0	G>A	3802
ST	0	G>C	617
ST	0	G>T	729
ST	0	T>A	432
ST	0	T>C	1841
ST	0	T>G	418
# DP, Depth distribution
# DP	[2]id	[3]bin	[4]number of genotypes	[5]fraction of genotypes (%)	[6]number of sites	[7]fraction of sites (%)
  - Fix haploid genotypes in males...

Submit MakeDiploidMalesX finished successfully. Let's have a beer, buddy!

