Submit MakeDiploidMalesX
version 1.1.6 (2024-09-30)

These are the settings:
  Input file................: /hpc/local/Rocky8/dhl_ec/software/MonopogenLite/resources/1kGP_high_coverage_Illumina.SNVonly_poly.filtered_AF_5e-04.norm.fixvariantid.chrX.vcf.gz
  Output file...............: /hpc/local/Rocky8/dhl_ec/software/MonopogenLite/resources/1kGP_high_coverage_Illumina.SNVonly_poly.filtered_AF_5e-04.norm.fixvariantid.makediploid.chrX.vcf.gz
  Chunk size................: 100

  SLURM CPUs................: 4
  SLURM Array ID............: 89 (of 100)
  SLURM memory..............: 16G
  SLURM time................: 01:00:00
  SLURM mail type...........: FAIL
  SLURM mail user...........: s.w.vanderlaan-2@umcutrecht.nl

  Dry run mode..............: 0
  Debug mode................: 1
  Verbosity.................: 0
  Version...................: 1.1.6 (2024-09-30)

Making converting haploid genotypes to diploid genotypes.
> Extract the region for this SLURM task (# 89) from the BED file.
  - Get the chunk number from the SLURM array task ID and the bed file...
DEBUG: Extracting chunk number: 89p from 89
DEBUG: Extracting region from BED file: /hpc/local/Rocky8/dhl_ec/software/MonopogenLite/resources/chrX_100pieces.bed
  - Extract the region from the BED file...
DEBUG: Extracted raw region: 'chrX	137315905	138876312' (chunk #: 89p of 100 for job 89)
  - Check if a valid region was extracted -- should be 'chrX	137315905	138876312'...
  - Prepare the region for bcftools...
  - Check if the region (chrX:137315905-138876312) was successfully extracted...
> Processing region 'chrX:137315905-138876312'...
  - Process the specific region (chunk# 89) using bcftools view...
  - Index the VCF file...
DEBUG: Check if the VCF file was successfully processed...
##fileformat=VCFv4.2
##FILTER=<ID=PASS,Description="All filters passed">
##fileDate=29/01/2022 - 14:31:41
##source=shapeit4.2.2
##contig=<ID=chr1,length=248956422>
##contig=<ID=chr2,length=242193529>
##contig=<ID=chr3,length=198295559>
##contig=<ID=chr4,length=190214555>
##contig=<ID=chr5,length=181538259>
##contig=<ID=chr6,length=170805979>
# This file was produced by bcftools stats (1.20+htslib-1.20) and can be plotted using plot-vcfstats.
# The command line was:	bcftools stats  /hpc/local/Rocky8/dhl_ec/software/MonopogenLite/resources/chrX.part89.vcf.gz
#
# Definition of sets:
# ID	[2]id	[3]tab-separated file names
ID	0	/hpc/local/Rocky8/dhl_ec/software/MonopogenLite/resources/chrX.part89.vcf.gz
# SN, Summary numbers:
#   number of records   .. number of data rows in the VCF
#   number of no-ALTs   .. reference-only sites, ALT is either "." or identical to REF
#   number of SNPs      .. number of rows with a SNP
#   number of MNPs      .. number of rows with a MNP, such as CC>TT
#   number of indels    .. number of rows with an indel
#   number of others    .. number of rows with other type, for example a symbolic allele or
#                          a complex substitution, such as ACT>TCGA
#   number of multiallelic sites     .. number of rows with multiple alternate alleles
#   number of multiallelic SNP sites .. number of rows with multiple alternate alleles, all SNPs
# 
#   Note that rows containing multiple types will be counted multiple times, in each
#   counter. For example, a row with a SNP and an indel increments both the SNP and
#   the indel counter.
# 
# SN	[2]id	[3]key	[4]value
SN	0	number of samples:	3202
SN	0	number of records:	14712
SN	0	number of no-ALTs:	0
SN	0	number of SNPs:	14712
SN	0	number of MNPs:	0
SN	0	number of indels:	0
SN	0	number of others:	0
SN	0	number of multiallelic sites:	0
SN	0	number of multiallelic SNP sites:	0
# TSTV, transitions/transversions:
# TSTV	[2]id	[3]ts	[4]tv	[5]ts/tv	[6]ts (1st ALT)	[7]tv (1st ALT)	[8]ts/tv (1st ALT)
TSTV	0	9833	4879	2.02	9833	4879	2.02
# SiS, Singleton stats:
# SiS	[2]id	[3]allele count	[4]number of SNPs	[5]number of transitions	[6]number of transversions	[7]number of indels	[8]repeat-consistent	[9]repeat-inconsistent	[10]not applicable
SiS	0	1	0	0	0	0	0	0	0
# AF, Stats by non-reference allele frequency:
# AF	[2]id	[3]allele frequency	[4]number of SNPs	[5]number of transitions	[6]number of transversions	[7]number of indels	[8]repeat-consistent	[9]repeat-inconsistent	[10]not applicable
AF	0	0.000312	2383	1655	728	0	0	0	0
AF	0	0.000625	1464	968	496	0	0	0	0
AF	0	0.000937	1582	1060	522	0	0	0	0
AF	0	0.001249	622	392	230	0	0	0	0
AF	0	0.001562	857	567	290	0	0	0	0
AF	0	0.001874	280	176	104	0	0	0	0
AF	0	0.002186	511	327	184	0	0	0	0
AF	0	0.002498	230	147	83	0	0	0	0
AF	0	0.002811	356	259	97	0	0	0	0
AF	0	0.003123	124	88	36	0	0	0	0
AF	0	0.003435	246	173	73	0	0	0	0
AF	0	0.003748	128	86	42	0	0	0	0
AF	0	0.004060	160	101	59	0	0	0	0
AF	0	0.004372	93	63	30	0	0	0	0
AF	0	0.004685	254	183	71	0	0	0	0
AF	0	0.004997	68	54	14	0	0	0	0
AF	0	0.005309	157	104	53	0	0	0	0
AF	0	0.005621	63	42	21	0	0	0	0
AF	0	0.005934	148	109	39	0	0	0	0
AF	0	0.006246	50	33	17	0	0	0	0
AF	0	0.006558	122	87	35	0	0	0	0
AF	0	0.006871	84	63	21	0	0	0	0
AF	0	0.007183	77	47	30	0	0	0	0
AF	0	0.007495	52	37	15	0	0	0	0
AF	0	0.007808	104	65	39	0	0	0	0
AF	0	0.008120	57	33	24	0	0	0	0
AF	0	0.008432	107	73	34	0	0	0	0
AF	0	0.008745	50	33	17	0	0	0	0
AF	0	0.009057	101	62	39	0	0	0	0
AF	0	0.009369	38	24	14	0	0	0	0
AF	0	0.009681	65	48	17	0	0	0	0
AF	0	0.009994	37	27	10	0	0	0	0
AF	0	0.010306	46	29	17	0	0	0	0
AF	0	0.010618	57	37	20	0	0	0	0
AF	0	0.010931	54	39	15	0	0	0	0
AF	0	0.011243	21	9	12	0	0	0	0
AF	0	0.011555	66	43	23	0	0	0	0
AF	0	0.011868	32	18	14	0	0	0	0
AF	0	0.012180	59	39	20	0	0	0	0
AF	0	0.012492	37	29	8	0	0	0	0
AF	0	0.012804	58	44	14	0	0	0	0
AF	0	0.013117	24	19	5	0	0	0	0
AF	0	0.013429	54	34	20	0	0	0	0
AF	0	0.013741	19	19	0	0	0	0	0
AF	0	0.014054	62	39	23	0	0	0	0
AF	0	0.014366	28	21	7	0	0	0	0
AF	0	0.014678	35	23	12	0	0	0	0
AF	0	0.014991	27	18	9	0	0	0	0
AF	0	0.015303	28	17	11	0	0	0	0
AF	0	0.015615	13	8	5	0	0	0	0
AF	0	0.015928	26	20	6	0	0	0	0
AF	0	0.016240	9	9	0	0	0	0	0
AF	0	0.016552	78	46	32	0	0	0	0
AF	0	0.016864	25	12	13	0	0	0	0
AF	0	0.017177	33	25	8	0	0	0	0
AF	0	0.017489	11	5	6	0	0	0	0
AF	0	0.017801	51	32	19	0	0	0	0
AF	0	0.018114	20	13	7	0	0	0	0
AF	0	0.018426	28	18	10	0	0	0	0
AF	0	0.018738	32	20	12	0	0	0	0
AF	0	0.019051	21	14	7	0	0	0	0
AF	0	0.019363	10	6	4	0	0	0	0
AF	0	0.019675	18	12	6	0	0	0	0
AF	0	0.019988	6	4	2	0	0	0	0
AF	0	0.020300	28	17	11	0	0	0	0
AF	0	0.020612	4	4	0	0	0	0	0
AF	0	0.020924	32	20	12	0	0	0	0
AF	0	0.021237	17	10	7	0	0	0	0
AF	0	0.021549	26	15	11	0	0	0	0
AF	0	0.021861	8	5	3	0	0	0	0
AF	0	0.022174	19	14	5	0	0	0	0
AF	0	0.022486	42	23	19	0	0	0	0
AF	0	0.022798	35	25	10	0	0	0	0
AF	0	0.023111	11	8	3	0	0	0	0
AF	0	0.023423	19	13	6	0	0	0	0
AF	0	0.023735	15	11	4	0	0	0	0
AF	0	0.024047	9	8	1	0	0	0	0
AF	0	0.024360	8	5	3	0	0	0	0
AF	0	0.024672	14	5	9	0	0	0	0
AF	0	0.024984	5	5	0	0	0	0	0
AF	0	0.025297	51	38	13	0	0	0	0
AF	0	0.025609	4	4	0	0	0	0	0
AF	0	0.025921	10	6	4	0	0	0	0
AF	0	0.026234	9	3	6	0	0	0	0
AF	0	0.026546	25	16	9	0	0	0	0
AF	0	0.026858	8	6	2	0	0	0	0
AF	0	0.027171	12	7	5	0	0	0	0
AF	0	0.027483	5	4	1	0	0	0	0
AF	0	0.027795	9	4	5	0	0	0	0
AF	0	0.028107	9	6	3	0	0	0	0
AF	0	0.028420	4	4	0	0	0	0	0
AF	0	0.028732	11	8	3	0	0	0	0
AF	0	0.029044	6	4	2	0	0	0	0
AF	0	0.029357	3	3	0	0	0	0	0
AF	0	0.029669	13	8	5	0	0	0	0
AF	0	0.029981	6	4	2	0	0	0	0
AF	0	0.030294	6	3	3	0	0	0	0
AF	0	0.030606	1	0	1	0	0	0	0
AF	0	0.030918	10	4	6	0	0	0	0
AF	0	0.031230	3	3	0	0	0	0	0
AF	0	0.031543	8	5	3	0	0	0	0
AF	0	0.031855	6	5	1	0	0	0	0
AF	0	0.032167	8	5	3	0	0	0	0
AF	0	0.032480	3	3	0	0	0	0	0
AF	0	0.032792	3	1	2	0	0	0	0
AF	0	0.033104	1	1	0	0	0	0	0
AF	0	0.033417	13	11	2	0	0	0	0
AF	0	0.033729	4	3	1	0	0	0	0
AF	0	0.034041	4	2	2	0	0	0	0
AF	0	0.034354	8	5	3	0	0	0	0
AF	0	0.034666	8	8	0	0	0	0	0
AF	0	0.034978	5	2	3	0	0	0	0
AF	0	0.035290	5	1	4	0	0	0	0
AF	0	0.035603	4	3	1	0	0	0	0
AF	0	0.035915	3	3	0	0	0	0	0
AF	0	0.036540	8	4	4	0	0	0	0
AF	0	0.037164	5	4	1	0	0	0	0
AF	0	0.037477	3	2	1	0	0	0	0
AF	0	0.037789	11	6	5	0	0	0	0
AF	0	0.038101	4	2	2	0	0	0	0
AF	0	0.038413	47	29	18	0	0	0	0
AF	0	0.038726	9	7	2	0	0	0	0
AF	0	0.039038	11	5	6	0	0	0	0
AF	0	0.039350	6	4	2	0	0	0	0
AF	0	0.039663	19	13	6	0	0	0	0
AF	0	0.039975	2	1	1	0	0	0	0
AF	0	0.040287	3	2	1	0	0	0	0
AF	0	0.040600	3	2	1	0	0	0	0
AF	0	0.040912	4	1	3	0	0	0	0
AF	0	0.041224	2	1	1	0	0	0	0
AF	0	0.041537	17	8	9	0	0	0	0
AF	0	0.041849	7	3	4	0	0	0	0
AF	0	0.042161	2	2	0	0	0	0	0
AF	0	0.042473	8	4	4	0	0	0	0
AF	0	0.042786	3	1	2	0	0	0	0
AF	0	0.043098	1	1	0	0	0	0	0
AF	0	0.043410	10	5	5	0	0	0	0
AF	0	0.043723	3	0	3	0	0	0	0
AF	0	0.044035	9	5	4	0	0	0	0
AF	0	0.044660	1	1	0	0	0	0	0
AF	0	0.044972	3	1	2	0	0	0	0
AF	0	0.045284	6	2	4	0	0	0	0
AF	0	0.045597	2	2	0	0	0	0	0
AF	0	0.045909	1	0	1	0	0	0	0
AF	0	0.046221	4	4	0	0	0	0	0
AF	0	0.046533	7	4	3	0	0	0	0
AF	0	0.047158	9	7	2	0	0	0	0
AF	0	0.047470	1	0	1	0	0	0	0
AF	0	0.047783	11	7	4	0	0	0	0
AF	0	0.048095	6	6	0	0	0	0	0
AF	0	0.048407	10	5	5	0	0	0	0
AF	0	0.048720	3	3	0	0	0	0	0
AF	0	0.049032	6	3	3	0	0	0	0
AF	0	0.049344	4	3	1	0	0	0	0
AF	0	0.049656	5	4	1	0	0	0	0
AF	0	0.049969	3	2	1	0	0	0	0
AF	0	0.050281	3	2	1	0	0	0	0
AF	0	0.050593	2	2	0	0	0	0	0
AF	0	0.051218	3	3	0	0	0	0	0
AF	0	0.051530	2	1	1	0	0	0	0
AF	0	0.051843	2	2	0	0	0	0	0
AF	0	0.052155	4	2	2	0	0	0	0
AF	0	0.052467	2	1	1	0	0	0	0
AF	0	0.052780	3	0	3	0	0	0	0
AF	0	0.053092	1	0	1	0	0	0	0
AF	0	0.053404	1	1	0	0	0	0	0
AF	0	0.054029	4	4	0	0	0	0	0
AF	0	0.054341	3	2	1	0	0	0	0
AF	0	0.054653	1	1	0	0	0	0	0
AF	0	0.054966	1	1	0	0	0	0	0
AF	0	0.055278	3	3	0	0	0	0	0
AF	0	0.055590	3	2	1	0	0	0	0
AF	0	0.056215	3	2	1	0	0	0	0
AF	0	0.056527	1	1	0	0	0	0	0
AF	0	0.056839	1	0	1	0	0	0	0
AF	0	0.057152	4	3	1	0	0	0	0
AF	0	0.057464	5	3	2	0	0	0	0
AF	0	0.057776	3	3	0	0	0	0	0
AF	0	0.058089	1	0	1	0	0	0	0
AF	0	0.058401	4	3	1	0	0	0	0
AF	0	0.058713	3	1	2	0	0	0	0
AF	0	0.059026	1	0	1	0	0	0	0
AF	0	0.059338	1	1	0	0	0	0	0
AF	0	0.059650	1	1	0	0	0	0	0
AF	0	0.060275	4	3	1	0	0	0	0
AF	0	0.060587	1	1	0	0	0	0	0
AF	0	0.060899	12	8	4	0	0	0	0
AF	0	0.061212	2	1	1	0	0	0	0
AF	0	0.061524	11	7	4	0	0	0	0
AF	0	0.062149	3	0	3	0	0	0	0
AF	0	0.062461	1	1	0	0	0	0	0
AF	0	0.062773	3	2	1	0	0	0	0
AF	0	0.063086	2	0	2	0	0	0	0
AF	0	0.063398	2	1	1	0	0	0	0
AF	0	0.063710	2	2	0	0	0	0	0
AF	0	0.064022	1	0	1	0	0	0	0
AF	0	0.064335	1	1	0	0	0	0	0
AF	0	0.065272	3	1	2	0	0	0	0
AF	0	0.065584	1	0	1	0	0	0	0
AF	0	0.065896	2	2	0	0	0	0	0
AF	0	0.066209	1	1	0	0	0	0	0
AF	0	0.066521	1	0	1	0	0	0	0
AF	0	0.067146	1	1	0	0	0	0	0
AF	0	0.067770	5	3	2	0	0	0	0
AF	0	0.068082	2	1	1	0	0	0	0
AF	0	0.068395	4	4	0	0	0	0	0
AF	0	0.069019	2	1	1	0	0	0	0
AF	0	0.069332	2	1	1	0	0	0	0
AF	0	0.069644	3	0	3	0	0	0	0
AF	0	0.069956	2	0	2	0	0	0	0
AF	0	0.070269	2	2	0	0	0	0	0
AF	0	0.070893	2	1	1	0	0	0	0
AF	0	0.072142	2	2	0	0	0	0	0
AF	0	0.072767	1	0	1	0	0	0	0
AF	0	0.073079	2	2	0	0	0	0	0
AF	0	0.073392	2	2	0	0	0	0	0
AF	0	0.074016	2	2	0	0	0	0	0
AF	0	0.074641	1	1	0	0	0	0	0
AF	0	0.074953	2	1	1	0	0	0	0
AF	0	0.075265	18	12	6	0	0	0	0
AF	0	0.075578	18	8	10	0	0	0	0
AF	0	0.075890	7	6	1	0	0	0	0
AF	0	0.076202	2	2	0	0	0	0	0
AF	0	0.076515	7	6	1	0	0	0	0
AF	0	0.076827	2	2	0	0	0	0	0
AF	0	0.077139	4	3	1	0	0	0	0
AF	0	0.077452	2	2	0	0	0	0	0
AF	0	0.077764	4	3	1	0	0	0	0
AF	0	0.078076	2	1	1	0	0	0	0
AF	0	0.079013	3	0	3	0	0	0	0
AF	0	0.079325	1	0	1	0	0	0	0
AF	0	0.079638	17	9	8	0	0	0	0
AF	0	0.079950	2	1	1	0	0	0	0
AF	0	0.080262	4	3	1	0	0	0	0
AF	0	0.080575	1	1	0	0	0	0	0
AF	0	0.080887	2	1	1	0	0	0	0
AF	0	0.081199	4	3	1	0	0	0	0
AF	0	0.081512	2	0	2	0	0	0	0
AF	0	0.082448	1	0	1	0	0	0	0
AF	0	0.082761	4	3	1	0	0	0	0
AF	0	0.083073	1	1	0	0	0	0	0
AF	0	0.083385	1	1	0	0	0	0	0
AF	0	0.083698	1	1	0	0	0	0	0
AF	0	0.084010	1	1	0	0	0	0	0
AF	0	0.084322	1	1	0	0	0	0	0
AF	0	0.084635	1	1	0	0	0	0	0
AF	0	0.084947	2	1	1	0	0	0	0
AF	0	0.085259	3	2	1	0	0	0	0
AF	0	0.085884	4	3	1	0	0	0	0
AF	0	0.086508	2	1	1	0	0	0	0
AF	0	0.087758	1	1	0	0	0	0	0
AF	0	0.088382	1	1	0	0	0	0	0
AF	0	0.088695	1	1	0	0	0	0	0
AF	0	0.089319	2	2	0	0	0	0	0
AF	0	0.089631	3	1	2	0	0	0	0
AF	0	0.090256	1	1	0	0	0	0	0
AF	0	0.090881	1	1	0	0	0	0	0
AF	0	0.091193	3	1	2	0	0	0	0
AF	0	0.091505	4	4	0	0	0	0	0
AF	0	0.091818	1	1	0	0	0	0	0
AF	0	0.092442	1	1	0	0	0	0	0
AF	0	0.092755	3	1	2	0	0	0	0
AF	0	0.093067	1	0	1	0	0	0	0
AF	0	0.093691	1	1	0	0	0	0	0
AF	0	0.094004	5	3	2	0	0	0	0
AF	0	0.094316	1	1	0	0	0	0	0
AF	0	0.094628	5	2	3	0	0	0	0
AF	0	0.095565	1	1	0	0	0	0	0
AF	0	0.095878	3	3	0	0	0	0	0
AF	0	0.096502	3	2	1	0	0	0	0
AF	0	0.097127	2	2	0	0	0	0	0
AF	0	0.097439	1	1	0	0	0	0	0
AF	0	0.097751	6	5	1	0	0	0	0
AF	0	0.098064	3	2	1	0	0	0	0
AF	0	0.098376	4	2	2	0	0	0	0
AF	0	0.098688	3	2	1	0	0	0	0
AF	0	0.099001	4	3	1	0	0	0	0
AF	0	0.099313	2	1	1	0	0	0	0
AF	0	0.099625	2	1	1	0	0	0	0
AF	0	0.099938	2	1	1	0	0	0	0
AF	0	0.100250	4	2	2	0	0	0	0
AF	0	0.100562	2	2	0	0	0	0	0
AF	0	0.100874	5	2	3	0	0	0	0
AF	0	0.101499	4	2	2	0	0	0	0
AF	0	0.101811	5	3	2	0	0	0	0
AF	0	0.102124	3	3	0	0	0	0	0
AF	0	0.102436	2	1	1	0	0	0	0
AF	0	0.102748	5	4	1	0	0	0	0
AF	0	0.103061	1	0	1	0	0	0	0
AF	0	0.103373	12	6	6	0	0	0	0
AF	0	0.103685	3	3	0	0	0	0	0
AF	0	0.103998	3	2	1	0	0	0	0
AF	0	0.104310	2	2	0	0	0	0	0
AF	0	0.104934	1	0	1	0	0	0	0
AF	0	0.105247	3	1	2	0	0	0	0
AF	0	0.105559	4	4	0	0	0	0	0
AF	0	0.105871	3	2	1	0	0	0	0
AF	0	0.106184	5	4	1	0	0	0	0
AF	0	0.106496	5	3	2	0	0	0	0
AF	0	0.106808	1	1	0	0	0	0	0
AF	0	0.107121	3	2	1	0	0	0	0
AF	0	0.107433	2	0	2	0	0	0	0
AF	0	0.107745	2	2	0	0	0	0	0
AF	0	0.108057	2	1	1	0	0	0	0
AF	0	0.108370	2	2	0	0	0	0	0
AF	0	0.108682	1	1	0	0	0	0	0
AF	0	0.108994	1	0	1	0	0	0	0
AF	0	0.109307	3	3	0	0	0	0	0
AF	0	0.109619	1	1	0	0	0	0	0
AF	0	0.111493	2	1	1	0	0	0	0
AF	0	0.111805	1	0	1	0	0	0	0
AF	0	0.112430	1	1	0	0	0	0	0
AF	0	0.112742	2	2	0	0	0	0	0
AF	0	0.113054	2	2	0	0	0	0	0
AF	0	0.113679	1	1	0	0	0	0	0
AF	0	0.114304	1	1	0	0	0	0	0
AF	0	0.114928	1	0	1	0	0	0	0
AF	0	0.115240	1	1	0	0	0	0	0
AF	0	0.115553	5	4	1	0	0	0	0
AF	0	0.116490	1	1	0	0	0	0	0
AF	0	0.116802	9	5	4	0	0	0	0
AF	0	0.117114	1	0	1	0	0	0	0
AF	0	0.117427	1	1	0	0	0	0	0
AF	0	0.118051	1	1	0	0	0	0	0
AF	0	0.118364	1	0	1	0	0	0	0
AF	0	0.118676	3	2	1	0	0	0	0
AF	0	0.118988	3	1	2	0	0	0	0
AF	0	0.119300	2	1	1	0	0	0	0
AF	0	0.119613	1	1	0	0	0	0	0
AF	0	0.119925	1	1	0	0	0	0	0
AF	0	0.120237	1	1	0	0	0	0	0
AF	0	0.120550	2	2	0	0	0	0	0
AF	0	0.120862	1	0	1	0	0	0	0
AF	0	0.121174	11	8	3	0	0	0	0
AF	0	0.121487	3	1	2	0	0	0	0
AF	0	0.121799	12	7	5	0	0	0	0
AF	0	0.122111	1	0	1	0	0	0	0
AF	0	0.122423	7	2	5	0	0	0	0
AF	0	0.122736	8	6	2	0	0	0	0
AF	0	0.123048	3	2	1	0	0	0	0
AF	0	0.123360	1	0	1	0	0	0	0
AF	0	0.124610	1	1	0	0	0	0	0
AF	0	0.124922	3	3	0	0	0	0	0
AF	0	0.125234	3	2	1	0	0	0	0
AF	0	0.125547	2	1	1	0	0	0	0
AF	0	0.125859	1	0	1	0	0	0	0
AF	0	0.126171	1	1	0	0	0	0	0
AF	0	0.126483	1	1	0	0	0	0	0
AF	0	0.127420	6	5	1	0	0	0	0
AF	0	0.127733	1	1	0	0	0	0	0
AF	0	0.128045	3	2	1	0	0	0	0
AF	0	0.128357	1	1	0	0	0	0	0
AF	0	0.128670	4	4	0	0	0	0	0
AF	0	0.128982	2	0	2	0	0	0	0
AF	0	0.129294	5	3	2	0	0	0	0
AF	0	0.129606	3	1	2	0	0	0	0
AF	0	0.129919	3	1	2	0	0	0	0
AF	0	0.130231	1	1	0	0	0	0	0
AF	0	0.130543	3	1	2	0	0	0	0
AF	0	0.130856	3	0	3	0	0	0	0
AF	0	0.131168	8	4	4	0	0	0	0
AF	0	0.131793	1	0	1	0	0	0	0
AF	0	0.132105	2	1	1	0	0	0	0
AF	0	0.132417	3	2	1	0	0	0	0
AF	0	0.132730	2	1	1	0	0	0	0
AF	0	0.133042	1	0	1	0	0	0	0
AF	0	0.133666	2	2	0	0	0	0	0
AF	0	0.134291	1	1	0	0	0	0	0
AF	0	0.134916	1	1	0	0	0	0	0
AF	0	0.135228	1	0	1	0	0	0	0
AF	0	0.135540	3	2	1	0	0	0	0
AF	0	0.135853	1	1	0	0	0	0	0
AF	0	0.136165	5	4	1	0	0	0	0
AF	0	0.136477	7	4	3	0	0	0	0
AF	0	0.136790	5	4	1	0	0	0	0
AF	0	0.137102	1	0	1	0	0	0	0
AF	0	0.137414	3	3	0	0	0	0	0
AF	0	0.137726	2	1	1	0	0	0	0
AF	0	0.138039	5	2	3	0	0	0	0
AF	0	0.138351	1	1	0	0	0	0	0
AF	0	0.138976	5	2	3	0	0	0	0
AF	0	0.139288	4	2	2	0	0	0	0
AF	0	0.139600	2	0	2	0	0	0	0
AF	0	0.139913	6	5	1	0	0	0	0
AF	0	0.140225	2	1	1	0	0	0	0
AF	0	0.140537	3	1	2	0	0	0	0
AF	0	0.140849	1	0	1	0	0	0	0
AF	0	0.141162	2	2	0	0	0	0	0
AF	0	0.141786	1	1	0	0	0	0	0
AF	0	0.142099	2	2	0	0	0	0	0
AF	0	0.142411	1	0	1	0	0	0	0
AF	0	0.142723	2	1	1	0	0	0	0
AF	0	0.143036	1	0	1	0	0	0	0
AF	0	0.143660	3	2	1	0	0	0	0
AF	0	0.144285	3	2	1	0	0	0	0
AF	0	0.144597	1	1	0	0	0	0	0
AF	0	0.145222	1	0	1	0	0	0	0
AF	0	0.145534	1	0	1	0	0	0	0
AF	0	0.146159	2	2	0	0	0	0	0
AF	0	0.146471	7	7	0	0	0	0	0
AF	0	0.146783	4	2	2	0	0	0	0
AF	0	0.147096	1	0	1	0	0	0	0
AF	0	0.147408	2	2	0	0	0	0	0
AF	0	0.147720	1	0	1	0	0	0	0
AF	0	0.149282	3	2	1	0	0	0	0
AF	0	0.149594	1	1	0	0	0	0	0
AF	0	0.149906	9	6	3	0	0	0	0
AF	0	0.150219	1	1	0	0	0	0	0
AF	0	0.150531	3	2	1	0	0	0	0
AF	0	0.151156	7	6	1	0	0	0	0
AF	0	0.151780	4	4	0	0	0	0	0
AF	0	0.152092	4	2	2	0	0	0	0
AF	0	0.152405	8	4	4	0	0	0	0
AF	0	0.152717	2	2	0	0	0	0	0
AF	0	0.153029	4	4	0	0	0	0	0
AF	0	0.153654	2	1	1	0	0	0	0
AF	0	0.153966	1	1	0	0	0	0	0
AF	0	0.154279	1	0	1	0	0	0	0
AF	0	0.154903	5	2	3	0	0	0	0
AF	0	0.155215	1	0	1	0	0	0	0
AF	0	0.155528	1	0	1	0	0	0	0
AF	0	0.156152	2	0	2	0	0	0	0
AF	0	0.156465	1	0	1	0	0	0	0
AF	0	0.156777	1	0	1	0	0	0	0
AF	0	0.157089	2	2	0	0	0	0	0
AF	0	0.157402	1	1	0	0	0	0	0
AF	0	0.157714	1	1	0	0	0	0	0
AF	0	0.158026	5	2	3	0	0	0	0
AF	0	0.158339	2	1	1	0	0	0	0
AF	0	0.158651	1	1	0	0	0	0	0
AF	0	0.159275	1	1	0	0	0	0	0
AF	0	0.159588	1	0	1	0	0	0	0
AF	0	0.159900	1	1	0	0	0	0	0
AF	0	0.160525	1	1	0	0	0	0	0
AF	0	0.160837	2	2	0	0	0	0	0
AF	0	0.161462	2	1	1	0	0	0	0
AF	0	0.162086	1	1	0	0	0	0	0
AF	0	0.163023	2	2	0	0	0	0	0
AF	0	0.163335	1	0	1	0	0	0	0
AF	0	0.163648	1	1	0	0	0	0	0
AF	0	0.163960	4	3	1	0	0	0	0
AF	0	0.164272	3	3	0	0	0	0	0
AF	0	0.164585	1	0	1	0	0	0	0
AF	0	0.164897	1	0	1	0	0	0	0
AF	0	0.165522	1	0	1	0	0	0	0
AF	0	0.166146	2	2	0	0	0	0	0
AF	0	0.166458	1	0	1	0	0	0	0
AF	0	0.166771	2	2	0	0	0	0	0
AF	0	0.167083	1	1	0	0	0	0	0
AF	0	0.167395	1	1	0	0	0	0	0
AF	0	0.167708	2	1	1	0	0	0	0
AF	0	0.168020	1	1	0	0	0	0	0
AF	0	0.168332	1	1	0	0	0	0	0
AF	0	0.168645	3	1	2	0	0	0	0
AF	0	0.168957	4	1	3	0	0	0	0
AF	0	0.169269	6	4	2	0	0	0	0
AF	0	0.169582	2	2	0	0	0	0	0
AF	0	0.169894	5	3	2	0	0	0	0
AF	0	0.170206	6	5	1	0	0	0	0
AF	0	0.170518	1	1	0	0	0	0	0
AF	0	0.170831	1	0	1	0	0	0	0
AF	0	0.171143	1	0	1	0	0	0	0
AF	0	0.171455	3	1	2	0	0	0	0
AF	0	0.172080	1	1	0	0	0	0	0
AF	0	0.172705	2	0	2	0	0	0	0
AF	0	0.173017	2	2	0	0	0	0	0
AF	0	0.173329	2	2	0	0	0	0	0
AF	0	0.173641	3	2	1	0	0	0	0
AF	0	0.174266	5	2	3	0	0	0	0
AF	0	0.174578	12	9	3	0	0	0	0
AF	0	0.174891	40	24	16	0	0	0	0
AF	0	0.175203	4	3	1	0	0	0	0
AF	0	0.175515	1	1	0	0	0	0	0
AF	0	0.175828	2	2	0	0	0	0	0
AF	0	0.176140	2	1	1	0	0	0	0
AF	0	0.176452	4	3	1	0	0	0	0
AF	0	0.176765	1	1	0	0	0	0	0
AF	0	0.177077	3	3	0	0	0	0	0
AF	0	0.177701	1	0	1	0	0	0	0
AF	0	0.178014	4	2	2	0	0	0	0
AF	0	0.178638	2	1	1	0	0	0	0
AF	0	0.179263	1	1	0	0	0	0	0
AF	0	0.180512	2	2	0	0	0	0	0
AF	0	0.180824	1	1	0	0	0	0	0
AF	0	0.181137	8	4	4	0	0	0	0
AF	0	0.181449	2	2	0	0	0	0	0
AF	0	0.182074	1	1	0	0	0	0	0
AF	0	0.182386	1	1	0	0	0	0	0
AF	0	0.183011	1	1	0	0	0	0	0
AF	0	0.183635	2	2	0	0	0	0	0
AF	0	0.183948	1	0	1	0	0	0	0
AF	0	0.184572	1	1	0	0	0	0	0
AF	0	0.184884	2	1	1	0	0	0	0
AF	0	0.188007	1	1	0	0	0	0	0
AF	0	0.188320	1	0	1	0	0	0	0
AF	0	0.188632	1	0	1	0	0	0	0
AF	0	0.188944	1	1	0	0	0	0	0
AF	0	0.189257	2	1	1	0	0	0	0
AF	0	0.189881	2	1	1	0	0	0	0
AF	0	0.190194	1	0	1	0	0	0	0
AF	0	0.190506	2	1	1	0	0	0	0
AF	0	0.191131	1	1	0	0	0	0	0
AF	0	0.191443	2	1	1	0	0	0	0
AF	0	0.191755	3	3	0	0	0	0	0
AF	0	0.192067	1	1	0	0	0	0	0
AF	0	0.192380	1	0	1	0	0	0	0
AF	0	0.193629	1	1	0	0	0	0	0
AF	0	0.194878	2	1	1	0	0	0	0
AF	0	0.195191	1	1	0	0	0	0	0
AF	0	0.195503	4	4	0	0	0	0	0
AF	0	0.195815	1	0	1	0	0	0	0
AF	0	0.196127	3	3	0	0	0	0	0
AF	0	0.196440	2	2	0	0	0	0	0
AF	0	0.196752	1	0	1	0	0	0	0
AF	0	0.197064	1	0	1	0	0	0	0
AF	0	0.198001	2	2	0	0	0	0	0
AF	0	0.198626	2	1	1	0	0	0	0
AF	0	0.199563	1	1	0	0	0	0	0
AF	0	0.199875	3	2	1	0	0	0	0
AF	0	0.200500	1	1	0	0	0	0	0
AF	0	0.201749	1	1	0	0	0	0	0
AF	0	0.202998	3	1	2	0	0	0	0
AF	0	0.203623	2	1	1	0	0	0	0
AF	0	0.203935	2	2	0	0	0	0	0
AF	0	0.204247	4	4	0	0	0	0	0
AF	0	0.204560	1	1	0	0	0	0	0
AF	0	0.204872	2	1	1	0	0	0	0
AF	0	0.205184	1	0	1	0	0	0	0
AF	0	0.205497	1	1	0	0	0	0	0
AF	0	0.206433	1	0	1	0	0	0	0
AF	0	0.207058	2	1	1	0	0	0	0
AF	0	0.208307	2	2	0	0	0	0	0
AF	0	0.208620	1	1	0	0	0	0	0
AF	0	0.209244	1	1	0	0	0	0	0
AF	0	0.209869	3	1	2	0	0	0	0
AF	0	0.210806	1	1	0	0	0	0	0
AF	0	0.211118	3	3	0	0	0	0	0
AF	0	0.211743	1	1	0	0	0	0	0
AF	0	0.212367	1	1	0	0	0	0	0
AF	0	0.213304	1	1	0	0	0	0	0
AF	0	0.213616	1	1	0	0	0	0	0
AF	0	0.214553	1	1	0	0	0	0	0
AF	0	0.215490	1	1	0	0	0	0	0
AF	0	0.217364	1	1	0	0	0	0	0
AF	0	0.219863	4	2	2	0	0	0	0
AF	0	0.220487	2	2	0	0	0	0	0
AF	0	0.221424	1	1	0	0	0	0	0
AF	0	0.221736	2	2	0	0	0	0	0
AF	0	0.222049	6	5	1	0	0	0	0
AF	0	0.222361	2	0	2	0	0	0	0
AF	0	0.222673	4	4	0	0	0	0	0
AF	0	0.223610	1	1	0	0	0	0	0
AF	0	0.223923	2	1	1	0	0	0	0
AF	0	0.224235	1	1	0	0	0	0	0
AF	0	0.225172	1	1	0	0	0	0	0
AF	0	0.225484	2	2	0	0	0	0	0
AF	0	0.225796	1	0	1	0	0	0	0
AF	0	0.226109	2	1	1	0	0	0	0
AF	0	0.227046	3	2	1	0	0	0	0
AF	0	0.227358	4	2	2	0	0	0	0
AF	0	0.227670	8	5	3	0	0	0	0
AF	0	0.227983	1	1	0	0	0	0	0
AF	0	0.228295	3	3	0	0	0	0	0
AF	0	0.228919	1	1	0	0	0	0	0
AF	0	0.229232	1	1	0	0	0	0	0
AF	0	0.229544	2	2	0	0	0	0	0
AF	0	0.230169	1	0	1	0	0	0	0
AF	0	0.230481	1	1	0	0	0	0	0
AF	0	0.230793	2	2	0	0	0	0	0
AF	0	0.232355	1	0	1	0	0	0	0
AF	0	0.232667	4	1	3	0	0	0	0
AF	0	0.233292	2	2	0	0	0	0	0
AF	0	0.234541	1	0	1	0	0	0	0
AF	0	0.235166	2	1	1	0	0	0	0
AF	0	0.236102	2	2	0	0	0	0	0
AF	0	0.236727	1	0	1	0	0	0	0
AF	0	0.237352	1	1	0	0	0	0	0
AF	0	0.237664	2	2	0	0	0	0	0
AF	0	0.237976	2	2	0	0	0	0	0
AF	0	0.238289	1	0	1	0	0	0	0
AF	0	0.239850	1	0	1	0	0	0	0
AF	0	0.242349	1	1	0	0	0	0	0
AF	0	0.242661	1	1	0	0	0	0	0
AF	0	0.243910	1	0	1	0	0	0	0
AF	0	0.244535	2	0	2	0	0	0	0
AF	0	0.245159	1	1	0	0	0	0	0
AF	0	0.245472	2	1	1	0	0	0	0
AF	0	0.245784	7	6	1	0	0	0	0
AF	0	0.246408	2	2	0	0	0	0	0
AF	0	0.247033	1	1	0	0	0	0	0
AF	0	0.247658	1	1	0	0	0	0	0
AF	0	0.249532	1	1	0	0	0	0	0
AF	0	0.249844	1	0	1	0	0	0	0
AF	0	0.252655	1	1	0	0	0	0	0
AF	0	0.252967	1	1	0	0	0	0	0
AF	0	0.253592	1	1	0	0	0	0	0
AF	0	0.253904	3	2	1	0	0	0	0
AF	0	0.254216	2	2	0	0	0	0	0
AF	0	0.254528	9	6	3	0	0	0	0
AF	0	0.254841	2	1	1	0	0	0	0
AF	0	0.255153	4	2	2	0	0	0	0
AF	0	0.255465	1	1	0	0	0	0	0
AF	0	0.255778	4	3	1	0	0	0	0
AF	0	0.257339	1	0	1	0	0	0	0
AF	0	0.257651	1	1	0	0	0	0	0
AF	0	0.258276	2	1	1	0	0	0	0
AF	0	0.260150	1	1	0	0	0	0	0
AF	0	0.260775	1	0	1	0	0	0	0
AF	0	0.263585	1	1	0	0	0	0	0
AF	0	0.264210	1	1	0	0	0	0	0
AF	0	0.264522	1	1	0	0	0	0	0
AF	0	0.266084	1	0	1	0	0	0	0
AF	0	0.266396	4	3	1	0	0	0	0
AF	0	0.267021	1	1	0	0	0	0	0
AF	0	0.267645	1	1	0	0	0	0	0
AF	0	0.268270	3	3	0	0	0	0	0
AF	0	0.269519	1	1	0	0	0	0	0
AF	0	0.271393	7	4	3	0	0	0	0
AF	0	0.271705	2	1	1	0	0	0	0
AF	0	0.272017	3	2	1	0	0	0	0
AF	0	0.272330	1	1	0	0	0	0	0
AF	0	0.272642	1	1	0	0	0	0	0
AF	0	0.272954	1	1	0	0	0	0	0
AF	0	0.273579	1	1	0	0	0	0	0
AF	0	0.273891	1	1	0	0	0	0	0
AF	0	0.274204	1	1	0	0	0	0	0
AF	0	0.275453	2	1	1	0	0	0	0
AF	0	0.275765	2	0	2	0	0	0	0
AF	0	0.276390	1	1	0	0	0	0	0
AF	0	0.276702	3	2	1	0	0	0	0
AF	0	0.277014	2	2	0	0	0	0	0
AF	0	0.277951	1	1	0	0	0	0	0
AF	0	0.278264	2	2	0	0	0	0	0
AF	0	0.280137	1	1	0	0	0	0	0
AF	0	0.280762	1	1	0	0	0	0	0
AF	0	0.281074	1	1	0	0	0	0	0
AF	0	0.281387	2	1	1	0	0	0	0
AF	0	0.284822	1	0	1	0	0	0	0
AF	0	0.285134	2	2	0	0	0	0	0
AF	0	0.287008	1	0	1	0	0	0	0
AF	0	0.287945	1	1	0	0	0	0	0
AF	0	0.288882	1	1	0	0	0	0	0
AF	0	0.289507	5	3	2	0	0	0	0
AF	0	0.290131	1	1	0	0	0	0	0
AF	0	0.293879	1	1	0	0	0	0	0
AF	0	0.295440	2	2	0	0	0	0	0
AF	0	0.295753	1	1	0	0	0	0	0
AF	0	0.297002	3	3	0	0	0	0	0
AF	0	0.298876	1	1	0	0	0	0	0
AF	0	0.300750	1	1	0	0	0	0	0
AF	0	0.301062	1	1	0	0	0	0	0
AF	0	0.301374	3	1	2	0	0	0	0
AF	0	0.301686	3	2	1	0	0	0	0
AF	0	0.302623	1	1	0	0	0	0	0
AF	0	0.302936	1	1	0	0	0	0	0
AF	0	0.306059	1	0	1	0	0	0	0
AF	0	0.306996	1	1	0	0	0	0	0
AF	0	0.309494	1	0	1	0	0	0	0
AF	0	0.312305	1	1	0	0	0	0	0
AF	0	0.314179	1	1	0	0	0	0	0
AF	0	0.314491	1	0	1	0	0	0	0
AF	0	0.315116	1	1	0	0	0	0	0
AF	0	0.315740	1	0	1	0	0	0	0
AF	0	0.318863	1	1	0	0	0	0	0
AF	0	0.320112	1	1	0	0	0	0	0
AF	0	0.320737	1	1	0	0	0	0	0
AF	0	0.321049	1	1	0	0	0	0	0
AF	0	0.322611	1	0	1	0	0	0	0
AF	0	0.323548	1	0	1	0	0	0	0
AF	0	0.323860	1	0	1	0	0	0	0
AF	0	0.325734	1	1	0	0	0	0	0
AF	0	0.326359	2	1	1	0	0	0	0
AF	0	0.326983	1	1	0	0	0	0	0
AF	0	0.327608	1	0	1	0	0	0	0
AF	0	0.329482	1	0	1	0	0	0	0
AF	0	0.330731	1	1	0	0	0	0	0
AF	0	0.332292	1	1	0	0	0	0	0
AF	0	0.332917	2	2	0	0	0	0	0
AF	0	0.333854	1	0	1	0	0	0	0
AF	0	0.334791	2	2	0	0	0	0	0
AF	0	0.335415	1	0	1	0	0	0	0
AF	0	0.335728	1	0	1	0	0	0	0
AF	0	0.336040	1	1	0	0	0	0	0
AF	0	0.336665	2	1	1	0	0	0	0
AF	0	0.338538	1	1	0	0	0	0	0
AF	0	0.339788	2	2	0	0	0	0	0
AF	0	0.341349	2	1	1	0	0	0	0
AF	0	0.341661	3	1	2	0	0	0	0
AF	0	0.341974	3	2	1	0	0	0	0
AF	0	0.342598	1	0	1	0	0	0	0
AF	0	0.342911	2	0	2	0	0	0	0
AF	0	0.343223	1	0	1	0	0	0	0
AF	0	0.343535	1	0	1	0	0	0	0
AF	0	0.343848	2	2	0	0	0	0	0
AF	0	0.344160	1	1	0	0	0	0	0
AF	0	0.344785	1	0	1	0	0	0	0
AF	0	0.347908	1	1	0	0	0	0	0
AF	0	0.348844	1	0	1	0	0	0	0
AF	0	0.351968	1	1	0	0	0	0	0
AF	0	0.352280	1	0	1	0	0	0	0
AF	0	0.352904	1	1	0	0	0	0	0
AF	0	0.353841	1	1	0	0	0	0	0
AF	0	0.354778	1	0	1	0	0	0	0
AF	0	0.355091	3	3	0	0	0	0	0
AF	0	0.355403	1	0	1	0	0	0	0
AF	0	0.355715	3	2	1	0	0	0	0
AF	0	0.356027	4	3	1	0	0	0	0
AF	0	0.356340	1	1	0	0	0	0	0
AF	0	0.356652	1	0	1	0	0	0	0
AF	0	0.357589	1	1	0	0	0	0	0
AF	0	0.357901	1	0	1	0	0	0	0
AF	0	0.358214	2	1	1	0	0	0	0
AF	0	0.358526	2	2	0	0	0	0	0
AF	0	0.359151	2	2	0	0	0	0	0
AF	0	0.359775	1	1	0	0	0	0	0
AF	0	0.361024	1	0	1	0	0	0	0
AF	0	0.361649	1	0	1	0	0	0	0
AF	0	0.361961	1	0	1	0	0	0	0
AF	0	0.362274	1	1	0	0	0	0	0
AF	0	0.364460	1	0	1	0	0	0	0
AF	0	0.366334	1	0	1	0	0	0	0
AF	0	0.366646	1	1	0	0	0	0	0
AF	0	0.367895	1	0	1	0	0	0	0
AF	0	0.368207	1	1	0	0	0	0	0
AF	0	0.369769	1	1	0	0	0	0	0
AF	0	0.370394	1	1	0	0	0	0	0
AF	0	0.371018	1	1	0	0	0	0	0
AF	0	0.371643	1	1	0	0	0	0	0
AF	0	0.372892	1	0	1	0	0	0	0
AF	0	0.374141	1	0	1	0	0	0	0
AF	0	0.376327	1	0	1	0	0	0	0
AF	0	0.379138	2	2	0	0	0	0	0
AF	0	0.379450	2	1	1	0	0	0	0
AF	0	0.381949	1	0	1	0	0	0	0
AF	0	0.382573	1	1	0	0	0	0	0
AF	0	0.385384	2	1	1	0	0	0	0
AF	0	0.386633	1	1	0	0	0	0	0
AF	0	0.387258	1	1	0	0	0	0	0
AF	0	0.387570	1	0	1	0	0	0	0
AF	0	0.387883	1	0	1	0	0	0	0
AF	0	0.389132	2	2	0	0	0	0	0
AF	0	0.389756	1	1	0	0	0	0	0
AF	0	0.391630	1	0	1	0	0	0	0
AF	0	0.392879	1	0	1	0	0	0	0
AF	0	0.393192	1	0	1	0	0	0	0
AF	0	0.393816	1	0	1	0	0	0	0
AF	0	0.394129	1	1	0	0	0	0	0
AF	0	0.396002	2	2	0	0	0	0	0
AF	0	0.396315	2	2	0	0	0	0	0
AF	0	0.396627	1	0	1	0	0	0	0
AF	0	0.397564	2	2	0	0	0	0	0
AF	0	0.398501	4	4	0	0	0	0	0
AF	0	0.399126	2	1	1	0	0	0	0
AF	0	0.399750	3	3	0	0	0	0	0
AF	0	0.400375	2	2	0	0	0	0	0
AF	0	0.402249	2	1	1	0	0	0	0
AF	0	0.402873	3	2	1	0	0	0	0
AF	0	0.403498	4	2	2	0	0	0	0
AF	0	0.403810	1	0	1	0	0	0	0
AF	0	0.404747	1	1	0	0	0	0	0
AF	0	0.405372	1	1	0	0	0	0	0
AF	0	0.406933	1	1	0	0	0	0	0
AF	0	0.407870	1	1	0	0	0	0	0
AF	0	0.408495	3	3	0	0	0	0	0
AF	0	0.408807	2	2	0	0	0	0	0
AF	0	0.409119	1	0	1	0	0	0	0
AF	0	0.410369	2	2	0	0	0	0	0
AF	0	0.413492	1	0	1	0	0	0	0
AF	0	0.414116	3	2	1	0	0	0	0
AF	0	0.414428	3	2	1	0	0	0	0
AF	0	0.414741	2	2	0	0	0	0	0
AF	0	0.415365	1	0	1	0	0	0	0
AF	0	0.415990	1	1	0	0	0	0	0
AF	0	0.416302	2	2	0	0	0	0	0
AF	0	0.416615	1	1	0	0	0	0	0
AF	0	0.417239	1	0	1	0	0	0	0
AF	0	0.417864	3	2	1	0	0	0	0
AF	0	0.419113	1	0	1	0	0	0	0
AF	0	0.419425	2	2	0	0	0	0	0
AF	0	0.420362	2	0	2	0	0	0	0
AF	0	0.420675	1	0	1	0	0	0	0
AF	0	0.421924	1	1	0	0	0	0	0
AF	0	0.422236	1	1	0	0	0	0	0
AF	0	0.422861	1	1	0	0	0	0	0
AF	0	0.423173	1	1	0	0	0	0	0
AF	0	0.423798	2	2	0	0	0	0	0
AF	0	0.424110	2	1	1	0	0	0	0
AF	0	0.424422	1	1	0	0	0	0	0
AF	0	0.427233	1	1	0	0	0	0	0
AF	0	0.429731	1	1	0	0	0	0	0
AF	0	0.430668	2	1	1	0	0	0	0
AF	0	0.431918	1	1	0	0	0	0	0
AF	0	0.432542	1	1	0	0	0	0	0
AF	0	0.432854	3	1	2	0	0	0	0
AF	0	0.433167	1	1	0	0	0	0	0
AF	0	0.433479	2	0	2	0	0	0	0
AF	0	0.433791	1	1	0	0	0	0	0
AF	0	0.434104	4	4	0	0	0	0	0
AF	0	0.434728	3	2	1	0	0	0	0
AF	0	0.435041	3	3	0	0	0	0	0
AF	0	0.435353	4	4	0	0	0	0	0
AF	0	0.435665	2	2	0	0	0	0	0
AF	0	0.435978	5	5	0	0	0	0	0
AF	0	0.436290	2	1	1	0	0	0	0
AF	0	0.436602	2	0	2	0	0	0	0
AF	0	0.436914	1	1	0	0	0	0	0
AF	0	0.437851	2	1	1	0	0	0	0
AF	0	0.438164	1	1	0	0	0	0	0
AF	0	0.439101	1	0	1	0	0	0	0
AF	0	0.439413	2	2	0	0	0	0	0
AF	0	0.439725	1	1	0	0	0	0	0
AF	0	0.440037	1	1	0	0	0	0	0
AF	0	0.440350	2	2	0	0	0	0	0
AF	0	0.440662	1	0	1	0	0	0	0
AF	0	0.440974	2	0	2	0	0	0	0
AF	0	0.441287	3	1	2	0	0	0	0
AF	0	0.441599	6	5	1	0	0	0	0
AF	0	0.441911	1	1	0	0	0	0	0
AF	0	0.442536	1	0	1	0	0	0	0
AF	0	0.442848	1	0	1	0	0	0	0
AF	0	0.443473	1	1	0	0	0	0	0
AF	0	0.445034	1	0	1	0	0	0	0
AF	0	0.445659	2	2	0	0	0	0	0
AF	0	0.445971	1	1	0	0	0	0	0
AF	0	0.446284	2	1	1	0	0	0	0
AF	0	0.446596	1	1	0	0	0	0	0
AF	0	0.446908	1	1	0	0	0	0	0
AF	0	0.448157	1	1	0	0	0	0	0
AF	0	0.448782	2	1	1	0	0	0	0
AF	0	0.449719	1	1	0	0	0	0	0
AF	0	0.450031	2	0	2	0	0	0	0
AF	0	0.450344	1	1	0	0	0	0	0
AF	0	0.450656	1	1	0	0	0	0	0
AF	0	0.450968	1	0	1	0	0	0	0
AF	0	0.451280	1	0	1	0	0	0	0
AF	0	0.451593	1	1	0	0	0	0	0
AF	0	0.452217	1	1	0	0	0	0	0
AF	0	0.453779	1	1	0	0	0	0	0
AF	0	0.455340	1	1	0	0	0	0	0
AF	0	0.455653	2	2	0	0	0	0	0
AF	0	0.458151	1	1	0	0	0	0	0
AF	0	0.458463	1	0	1	0	0	0	0
AF	0	0.458776	2	1	1	0	0	0	0
AF	0	0.459400	2	2	0	0	0	0	0
AF	0	0.460025	1	1	0	0	0	0	0
AF	0	0.461899	1	1	0	0	0	0	0
AF	0	0.462523	1	0	1	0	0	0	0
AF	0	0.465334	1	1	0	0	0	0	0
AF	0	0.466583	1	0	1	0	0	0	0
AF	0	0.466896	1	1	0	0	0	0	0
AF	0	0.470643	1	1	0	0	0	0	0
AF	0	0.471268	4	3	1	0	0	0	0
AF	0	0.474079	1	0	1	0	0	0	0
AF	0	0.475640	2	1	1	0	0	0	0
AF	0	0.478139	1	1	0	0	0	0	0
AF	0	0.478763	1	1	0	0	0	0	0
AF	0	0.479388	1	1	0	0	0	0	0
AF	0	0.480012	3	2	1	0	0	0	0
AF	0	0.480325	1	1	0	0	0	0	0
AF	0	0.480949	1	0	1	0	0	0	0
AF	0	0.481262	4	3	1	0	0	0	0
AF	0	0.485322	1	1	0	0	0	0	0
AF	0	0.485634	1	0	1	0	0	0	0
AF	0	0.486259	1	1	0	0	0	0	0
AF	0	0.486883	1	1	0	0	0	0	0
AF	0	0.487196	1	0	1	0	0	0	0
AF	0	0.487508	1	1	0	0	0	0	0
AF	0	0.487820	1	1	0	0	0	0	0
AF	0	0.488132	1	1	0	0	0	0	0
AF	0	0.490319	2	1	1	0	0	0	0
AF	0	0.490631	1	1	0	0	0	0	0
AF	0	0.490943	1	0	1	0	0	0	0
AF	0	0.491255	1	1	0	0	0	0	0
AF	0	0.491568	1	1	0	0	0	0	0
AF	0	0.491880	2	1	1	0	0	0	0
AF	0	0.492192	1	1	0	0	0	0	0
AF	0	0.492505	1	1	0	0	0	0	0
AF	0	0.492817	1	0	1	0	0	0	0
AF	0	0.493442	1	0	1	0	0	0	0
AF	0	0.494066	1	0	1	0	0	0	0
AF	0	0.495003	1	1	0	0	0	0	0
AF	0	0.498126	1	1	0	0	0	0	0
AF	0	0.498751	1	1	0	0	0	0	0
AF	0	0.499375	4	1	3	0	0	0	0
AF	0	0.500937	1	1	0	0	0	0	0
AF	0	0.501249	1	0	1	0	0	0	0
AF	0	0.502811	1	1	0	0	0	0	0
AF	0	0.503123	2	1	1	0	0	0	0
AF	0	0.503435	1	1	0	0	0	0	0
AF	0	0.504372	1	1	0	0	0	0	0
AF	0	0.507183	1	1	0	0	0	0	0
AF	0	0.512492	1	0	1	0	0	0	0
AF	0	0.514054	1	1	0	0	0	0	0
AF	0	0.514366	1	1	0	0	0	0	0
AF	0	0.515928	2	1	1	0	0	0	0
AF	0	0.516240	1	0	1	0	0	0	0
AF	0	0.517801	1	0	1	0	0	0	0
AF	0	0.518426	1	1	0	0	0	0	0
AF	0	0.518738	3	1	2	0	0	0	0
AF	0	0.519051	3	2	1	0	0	0	0
AF	0	0.519363	4	2	2	0	0	0	0
AF	0	0.519675	2	2	0	0	0	0	0
AF	0	0.519988	3	2	1	0	0	0	0
AF	0	0.520612	2	1	1	0	0	0	0
AF	0	0.521237	2	1	1	0	0	0	0
AF	0	0.521861	5	4	1	0	0	0	0
AF	0	0.522174	3	3	0	0	0	0	0
AF	0	0.522486	1	0	1	0	0	0	0
AF	0	0.522798	2	1	1	0	0	0	0
AF	0	0.523111	2	0	2	0	0	0	0
AF	0	0.523423	3	2	1	0	0	0	0
AF	0	0.523735	3	2	1	0	0	0	0
AF	0	0.524047	1	0	1	0	0	0	0
AF	0	0.524360	1	1	0	0	0	0	0
AF	0	0.525609	1	1	0	0	0	0	0
AF	0	0.526234	4	2	2	0	0	0	0
AF	0	0.526858	2	0	2	0	0	0	0
AF	0	0.528107	1	1	0	0	0	0	0
AF	0	0.528732	2	1	1	0	0	0	0
AF	0	0.529044	4	4	0	0	0	0	0
AF	0	0.529357	2	1	1	0	0	0	0
AF	0	0.529669	4	3	1	0	0	0	0
AF	0	0.529981	5	3	2	0	0	0	0
AF	0	0.530294	2	2	0	0	0	0	0
AF	0	0.530606	3	2	1	0	0	0	0
AF	0	0.531230	2	2	0	0	0	0	0
AF	0	0.531543	2	1	1	0	0	0	0
AF	0	0.531855	1	0	1	0	0	0	0
AF	0	0.543098	1	1	0	0	0	0	0
AF	0	0.546221	2	0	2	0	0	0	0
AF	0	0.548720	1	1	0	0	0	0	0
AF	0	0.549969	1	1	0	0	0	0	0
AF	0	0.553716	1	1	0	0	0	0	0
AF	0	0.554341	1	1	0	0	0	0	0
AF	0	0.554653	1	1	0	0	0	0	0
AF	0	0.555903	1	0	1	0	0	0	0
AF	0	0.557152	1	1	0	0	0	0	0
AF	0	0.561524	1	1	0	0	0	0	0
AF	0	0.562149	1	1	0	0	0	0	0
AF	0	0.564022	1	1	0	0	0	0	0
AF	0	0.564335	1	0	1	0	0	0	0
AF	0	0.569019	1	0	1	0	0	0	0
AF	0	0.572142	1	1	0	0	0	0	0
AF	0	0.572767	1	1	0	0	0	0	0
AF	0	0.574016	1	1	0	0	0	0	0
AF	0	0.574641	3	2	1	0	0	0	0
AF	0	0.575265	2	2	0	0	0	0	0
AF	0	0.575890	1	1	0	0	0	0	0
AF	0	0.576202	1	0	1	0	0	0	0
AF	0	0.579638	2	1	1	0	0	0	0
AF	0	0.580887	1	1	0	0	0	0	0
AF	0	0.587758	1	0	1	0	0	0	0
AF	0	0.588382	1	0	1	0	0	0	0
AF	0	0.588695	2	2	0	0	0	0	0
AF	0	0.590256	2	2	0	0	0	0	0
AF	0	0.590881	1	1	0	0	0	0	0
AF	0	0.592130	1	1	0	0	0	0	0
AF	0	0.593691	1	0	1	0	0	0	0
AF	0	0.594004	3	2	1	0	0	0	0
AF	0	0.594316	1	0	1	0	0	0	0
AF	0	0.594628	1	0	1	0	0	0	0
AF	0	0.597751	1	0	1	0	0	0	0
AF	0	0.599001	1	1	0	0	0	0	0
AF	0	0.599313	2	2	0	0	0	0	0
AF	0	0.600562	1	1	0	0	0	0	0
AF	0	0.601187	1	0	1	0	0	0	0
AF	0	0.607121	1	1	0	0	0	0	0
AF	0	0.608370	4	2	2	0	0	0	0
AF	0	0.608682	3	2	1	0	0	0	0
AF	0	0.608994	1	1	0	0	0	0	0
AF	0	0.613991	1	1	0	0	0	0	0
AF	0	0.619925	1	1	0	0	0	0	0
AF	0	0.621487	1	0	1	0	0	0	0
AF	0	0.623673	1	1	0	0	0	0	0
AF	0	0.623985	1	1	0	0	0	0	0
AF	0	0.624610	2	0	2	0	0	0	0
AF	0	0.624922	3	2	1	0	0	0	0
AF	0	0.625234	2	2	0	0	0	0	0
AF	0	0.626796	1	1	0	0	0	0	0
AF	0	0.629606	1	1	0	0	0	0	0
AF	0	0.632417	1	0	1	0	0	0	0
AF	0	0.636165	1	0	1	0	0	0	0
AF	0	0.646471	1	1	0	0	0	0	0
AF	0	0.648969	1	1	0	0	0	0	0
AF	0	0.649282	1	1	0	0	0	0	0
AF	0	0.650843	1	1	0	0	0	0	0
AF	0	0.655840	2	1	1	0	0	0	0
AF	0	0.658963	1	0	1	0	0	0	0
AF	0	0.659588	1	1	0	0	0	0	0
AF	0	0.659900	1	1	0	0	0	0	0
AF	0	0.660212	5	3	2	0	0	0	0
AF	0	0.660837	2	1	1	0	0	0	0
AF	0	0.662086	1	0	1	0	0	0	0
AF	0	0.662711	8	4	4	0	0	0	0
AF	0	0.663023	1	1	0	0	0	0	0
AF	0	0.663335	13	7	6	0	0	0	0
AF	0	0.663960	1	1	0	0	0	0	0
AF	0	0.665522	1	1	0	0	0	0	0
AF	0	0.667395	1	1	0	0	0	0	0
AF	0	0.668645	1	1	0	0	0	0	0
AF	0	0.668957	1	0	1	0	0	0	0
AF	0	0.669269	3	1	2	0	0	0	0
AF	0	0.669582	1	1	0	0	0	0	0
AF	0	0.669894	1	1	0	0	0	0	0
AF	0	0.670518	1	1	0	0	0	0	0
AF	0	0.670831	1	1	0	0	0	0	0
AF	0	0.671143	1	1	0	0	0	0	0
AF	0	0.673329	1	1	0	0	0	0	0
AF	0	0.674266	1	1	0	0	0	0	0
AF	0	0.674891	1	0	1	0	0	0	0
AF	0	0.675515	1	0	1	0	0	0	0
AF	0	0.676140	1	1	0	0	0	0	0
AF	0	0.676765	2	1	1	0	0	0	0
AF	0	0.678014	2	2	0	0	0	0	0
AF	0	0.678638	1	1	0	0	0	0	0
AF	0	0.679575	1	1	0	0	0	0	0
AF	0	0.682386	1	0	1	0	0	0	0
AF	0	0.682698	1	1	0	0	0	0	0
AF	0	0.683948	1	1	0	0	0	0	0
AF	0	0.684260	3	0	3	0	0	0	0
AF	0	0.684884	1	1	0	0	0	0	0
AF	0	0.685197	2	1	1	0	0	0	0
AF	0	0.685509	2	0	2	0	0	0	0
AF	0	0.686134	1	1	0	0	0	0	0
AF	0	0.688007	1	1	0	0	0	0	0
AF	0	0.693004	1	0	1	0	0	0	0
AF	0	0.697377	1	1	0	0	0	0	0
AF	0	0.698938	2	1	1	0	0	0	0
AF	0	0.700500	1	0	1	0	0	0	0
AF	0	0.700812	2	1	1	0	0	0	0
AF	0	0.701124	1	1	0	0	0	0	0
AF	0	0.702998	1	1	0	0	0	0	0
AF	0	0.703310	1	0	1	0	0	0	0
AF	0	0.703623	4	3	1	0	0	0	0
AF	0	0.704872	1	1	0	0	0	0	0
AF	0	0.705184	1	1	0	0	0	0	0
AF	0	0.705497	1	0	1	0	0	0	0
AF	0	0.707995	1	1	0	0	0	0	0
AF	0	0.709869	1	0	1	0	0	0	0
AF	0	0.711118	1	1	0	0	0	0	0
AF	0	0.711743	1	1	0	0	0	0	0
AF	0	0.712680	1	0	1	0	0	0	0
AF	0	0.712992	1	1	0	0	0	0	0
AF	0	0.713304	1	1	0	0	0	0	0
AF	0	0.714866	1	0	1	0	0	0	0
AF	0	0.715490	2	1	1	0	0	0	0
AF	0	0.717989	1	1	0	0	0	0	0
AF	0	0.723610	1	1	0	0	0	0	0
AF	0	0.724235	1	1	0	0	0	0	0
AF	0	0.725484	2	1	1	0	0	0	0
AF	0	0.727046	1	1	0	0	0	0	0
AF	0	0.728607	3	2	1	0	0	0	0
AF	0	0.728919	1	0	1	0	0	0	0
AF	0	0.729232	1	1	0	0	0	0	0
AF	0	0.729544	1	1	0	0	0	0	0
AF	0	0.731106	1	1	0	0	0	0	0
AF	0	0.732979	1	1	0	0	0	0	0
AF	0	0.734541	1	1	0	0	0	0	0
AF	0	0.735790	1	1	0	0	0	0	0
AF	0	0.736102	3	2	1	0	0	0	0
AF	0	0.736727	1	1	0	0	0	0	0
AF	0	0.737352	1	0	1	0	0	0	0
AF	0	0.740787	1	1	0	0	0	0	0
AF	0	0.741412	1	1	0	0	0	0	0
AF	0	0.742349	5	4	1	0	0	0	0
AF	0	0.742661	2	2	0	0	0	0	0
AF	0	0.742973	3	2	1	0	0	0	0
AF	0	0.743285	1	1	0	0	0	0	0
AF	0	0.743598	1	1	0	0	0	0	0
AF	0	0.744222	2	1	1	0	0	0	0
AF	0	0.745472	1	1	0	0	0	0	0
AF	0	0.746721	1	1	0	0	0	0	0
AF	0	0.748282	1	1	0	0	0	0	0
AF	0	0.748907	1	1	0	0	0	0	0
AF	0	0.751093	1	1	0	0	0	0	0
AF	0	0.752342	1	0	1	0	0	0	0
AF	0	0.754216	1	1	0	0	0	0	0
AF	0	0.754528	1	1	0	0	0	0	0
AF	0	0.755465	1	0	1	0	0	0	0
AF	0	0.758588	1	1	0	0	0	0	0
AF	0	0.759213	1	1	0	0	0	0	0
AF	0	0.759838	2	2	0	0	0	0	0
AF	0	0.761087	1	1	0	0	0	0	0
AF	0	0.761399	1	1	0	0	0	0	0
AF	0	0.762961	1	0	1	0	0	0	0
AF	0	0.765771	1	1	0	0	0	0	0
AF	0	0.769831	1	1	0	0	0	0	0
AF	0	0.771081	1	1	0	0	0	0	0
AF	0	0.772330	1	1	0	0	0	0	0
AF	0	0.773267	1	1	0	0	0	0	0
AF	0	0.774204	1	0	1	0	0	0	0
AF	0	0.774516	1	1	0	0	0	0	0
AF	0	0.774828	1	0	1	0	0	0	0
AF	0	0.778888	1	1	0	0	0	0	0
AF	0	0.782011	1	0	1	0	0	0	0
AF	0	0.784822	1	0	1	0	0	0	0
AF	0	0.785134	1	1	0	0	0	0	0
AF	0	0.785447	1	0	1	0	0	0	0
AF	0	0.786384	1	0	1	0	0	0	0
AF	0	0.787008	1	1	0	0	0	0	0
AF	0	0.787633	2	0	2	0	0	0	0
AF	0	0.788257	1	1	0	0	0	0	0
AF	0	0.789194	1	1	0	0	0	0	0
AF	0	0.789507	3	2	1	0	0	0	0
AF	0	0.789819	3	2	1	0	0	0	0
AF	0	0.790756	2	2	0	0	0	0	0
AF	0	0.792317	1	1	0	0	0	0	0
AF	0	0.792630	1	1	0	0	0	0	0
AF	0	0.792942	1	0	1	0	0	0	0
AF	0	0.793567	1	0	1	0	0	0	0
AF	0	0.793879	2	1	1	0	0	0	0
AF	0	0.794503	1	1	0	0	0	0	0
AF	0	0.794816	1	1	0	0	0	0	0
AF	0	0.795128	2	1	1	0	0	0	0
AF	0	0.795753	1	1	0	0	0	0	0
AF	0	0.796690	1	1	0	0	0	0	0
AF	0	0.797314	1	0	1	0	0	0	0
AF	0	0.797626	1	1	0	0	0	0	0
AF	0	0.799500	3	0	3	0	0	0	0
AF	0	0.799813	1	1	0	0	0	0	0
AF	0	0.801686	1	1	0	0	0	0	0
AF	0	0.801999	3	3	0	0	0	0	0
AF	0	0.802623	2	2	0	0	0	0	0
AF	0	0.805746	1	0	1	0	0	0	0
AF	0	0.806371	1	1	0	0	0	0	0
AF	0	0.807620	4	1	3	0	0	0	0
AF	0	0.807933	1	0	1	0	0	0	0
AF	0	0.810119	4	3	1	0	0	0	0
AF	0	0.810431	1	1	0	0	0	0	0
AF	0	0.811056	2	2	0	0	0	0	0
AF	0	0.811368	1	1	0	0	0	0	0
AF	0	0.811680	1	1	0	0	0	0	0
AF	0	0.811993	1	1	0	0	0	0	0
AF	0	0.812305	1	0	1	0	0	0	0
AF	0	0.812617	1	1	0	0	0	0	0
AF	0	0.814179	1	1	0	0	0	0	0
AF	0	0.815116	1	1	0	0	0	0	0
AF	0	0.817614	1	0	1	0	0	0	0
AF	0	0.818239	1	1	0	0	0	0	0
AF	0	0.819176	1	1	0	0	0	0	0
AF	0	0.819488	1	1	0	0	0	0	0
AF	0	0.822923	1	1	0	0	0	0	0
AF	0	0.825734	2	2	0	0	0	0	0
AF	0	0.832605	4	2	2	0	0	0	0
AF	0	0.832917	3	2	1	0	0	0	0
AF	0	0.833229	1	1	0	0	0	0	0
AF	0	0.833542	1	1	0	0	0	0	0
AF	0	0.834478	1	0	1	0	0	0	0
AF	0	0.835103	1	1	0	0	0	0	0
AF	0	0.836352	4	3	1	0	0	0	0
AF	0	0.836665	11	6	5	0	0	0	0
AF	0	0.840725	1	1	0	0	0	0	0
AF	0	0.842286	1	0	1	0	0	0	0
AF	0	0.842598	2	1	1	0	0	0	0
AF	0	0.843223	2	1	1	0	0	0	0
AF	0	0.843535	1	0	1	0	0	0	0
AF	0	0.844472	1	1	0	0	0	0	0
AF	0	0.845721	1	1	0	0	0	0	0
AF	0	0.861961	1	1	0	0	0	0	0
AF	0	0.865709	1	1	0	0	0	0	0
AF	0	0.881949	1	1	0	0	0	0	0
AF	0	0.886633	1	0	1	0	0	0	0
AF	0	0.891943	1	1	0	0	0	0	0
AF	0	0.893504	3	2	1	0	0	0	0
AF	0	0.893816	1	0	1	0	0	0	0
AF	0	0.894129	1	1	0	0	0	0	0
AF	0	0.896002	2	1	1	0	0	0	0
AF	0	0.896627	1	1	0	0	0	0	0
AF	0	0.897876	1	1	0	0	0	0	0
AF	0	0.926608	1	1	0	0	0	0	0
AF	0	0.931918	1	0	1	0	0	0	0
AF	0	0.932230	1	1	0	0	0	0	0
AF	0	0.932854	1	1	0	0	0	0	0
AF	0	0.933479	2	0	2	0	0	0	0
AF	0	0.933791	3	3	0	0	0	0	0
AF	0	0.936602	1	0	1	0	0	0	0
AF	0	0.940662	1	0	1	0	0	0	0
AF	0	0.946908	1	1	0	0	0	0	0
AF	0	0.949719	1	0	1	0	0	0	0
AF	0	0.950656	1	1	0	0	0	0	0
AF	0	0.950968	3	3	0	0	0	0	0
AF	0	0.951280	1	1	0	0	0	0	0
AF	0	0.951593	1	1	0	0	0	0	0
AF	0	0.952217	1	1	0	0	0	0	0
AF	0	0.956590	1	0	1	0	0	0	0
AF	0	0.965022	1	0	1	0	0	0	0
AF	0	0.973142	1	1	0	0	0	0	0
AF	0	0.973454	1	1	0	0	0	0	0
AF	0	0.974079	1	1	0	0	0	0	0
AF	0	0.974703	1	0	1	0	0	0	0
AF	0	0.975328	1	1	0	0	0	0	0
AF	0	0.980949	1	0	1	0	0	0	0
AF	0	0.982199	3	1	2	0	0	0	0
AF	0	0.982511	2	1	1	0	0	0	0
AF	0	0.983448	2	1	1	0	0	0	0
AF	0	0.984072	3	2	1	0	0	0	0
AF	0	0.984385	2	1	1	0	0	0	0
AF	0	0.985009	1	1	0	0	0	0	0
AF	0	0.985946	1	0	1	0	0	0	0
AF	0	0.989694	1	0	1	0	0	0	0
AF	0	0.990319	1	1	0	0	0	0	0
AF	0	0.994691	2	2	0	0	0	0	0
AF	0	0.995940	1	1	0	0	0	0	0
AF	0	0.996565	2	1	1	0	0	0	0
AF	0	0.997189	2	2	0	0	0	0	0
AF	0	0.997502	1	1	0	0	0	0	0
AF	0	0.997814	6	5	1	0	0	0	0
AF	0	0.998126	1	1	0	0	0	0	0
AF	0	0.998438	1	1	0	0	0	0	0
AF	0	0.999063	7	4	3	0	0	0	0
# QUAL, Stats by quality
# QUAL	[2]id	[3]Quality	[4]number of SNPs	[5]number of transitions (1st ALT)	[6]number of transversions (1st ALT)	[7]number of indels
QUAL	0	.	14712	9833	4879	0
# IDD, InDel distribution:
# IDD	[2]id	[3]length (deletions negative)	[4]number of sites	[5]number of genotypes	[6]mean VAF
# ST, Substitution types:
# ST	[2]id	[3]type	[4]count
ST	0	A>C	589
ST	0	A>G	2023
ST	0	A>T	541
ST	0	C>A	794
ST	0	C>G	579
ST	0	C>T	2996
ST	0	G>A	2774
ST	0	G>C	577
ST	0	G>T	718
ST	0	T>A	571
ST	0	T>C	2040
ST	0	T>G	510
# DP, Depth distribution
# DP	[2]id	[3]bin	[4]number of genotypes	[5]fraction of genotypes (%)	[6]number of sites	[7]fraction of sites (%)
  - Fix haploid genotypes in males...

Submit MakeDiploidMalesX finished successfully. Let's have a beer, buddy!

