Submit MakeDiploidMalesX
version 1.1.6 (2024-09-30)

These are the settings:
  Input file................: /hpc/local/Rocky8/dhl_ec/software/MonopogenLite/resources/1kGP_high_coverage_Illumina.SNVonly_poly.filtered_AF_5e-04.norm.fixvariantid.chrX.vcf.gz
  Output file...............: /hpc/local/Rocky8/dhl_ec/software/MonopogenLite/resources/1kGP_high_coverage_Illumina.SNVonly_poly.filtered_AF_5e-04.norm.fixvariantid.makediploid.chrX.vcf.gz
  Chunk size................: 100

  SLURM CPUs................: 4
  SLURM Array ID............: 5 (of 100)
  SLURM memory..............: 16G
  SLURM time................: 01:00:00
  SLURM mail type...........: FAIL
  SLURM mail user...........: s.w.vanderlaan-2@umcutrecht.nl

  Dry run mode..............: 0
  Debug mode................: 1
  Verbosity.................: 0
  Version...................: 1.1.6 (2024-09-30)

Making converting haploid genotypes to diploid genotypes.
> Extract the region for this SLURM task (# 5) from the BED file.
  - Get the chunk number from the SLURM array task ID and the bed file...
DEBUG: Extracting chunk number: 5p from 5
DEBUG: Extracting region from BED file: /hpc/local/Rocky8/dhl_ec/software/MonopogenLite/resources/chrX_100pieces.bed
  - Extract the region from the BED file...
DEBUG: Extracted raw region: 'chrX	6241633	7802040' (chunk #: 5p of 100 for job 5)
  - Check if a valid region was extracted -- should be 'chrX	6241633	7802040'...
  - Prepare the region for bcftools...
  - Check if the region (chrX:6241633-7802040) was successfully extracted...
> Processing region 'chrX:6241633-7802040'...
  - Process the specific region (chunk# 5) using bcftools view...
  - Index the VCF file...
DEBUG: Check if the VCF file was successfully processed...
##fileformat=VCFv4.2
##FILTER=<ID=PASS,Description="All filters passed">
##fileDate=29/01/2022 - 14:31:41
##source=shapeit4.2.2
##contig=<ID=chr1,length=248956422>
##contig=<ID=chr2,length=242193529>
##contig=<ID=chr3,length=198295559>
##contig=<ID=chr4,length=190214555>
##contig=<ID=chr5,length=181538259>
##contig=<ID=chr6,length=170805979>
# This file was produced by bcftools stats (1.20+htslib-1.20) and can be plotted using plot-vcfstats.
# The command line was:	bcftools stats  /hpc/local/Rocky8/dhl_ec/software/MonopogenLite/resources/chrX.part5.vcf.gz
#
# Definition of sets:
# ID	[2]id	[3]tab-separated file names
ID	0	/hpc/local/Rocky8/dhl_ec/software/MonopogenLite/resources/chrX.part5.vcf.gz
# SN, Summary numbers:
#   number of records   .. number of data rows in the VCF
#   number of no-ALTs   .. reference-only sites, ALT is either "." or identical to REF
#   number of SNPs      .. number of rows with a SNP
#   number of MNPs      .. number of rows with a MNP, such as CC>TT
#   number of indels    .. number of rows with an indel
#   number of others    .. number of rows with other type, for example a symbolic allele or
#                          a complex substitution, such as ACT>TCGA
#   number of multiallelic sites     .. number of rows with multiple alternate alleles
#   number of multiallelic SNP sites .. number of rows with multiple alternate alleles, all SNPs
# 
#   Note that rows containing multiple types will be counted multiple times, in each
#   counter. For example, a row with a SNP and an indel increments both the SNP and
#   the indel counter.
# 
# SN	[2]id	[3]key	[4]value
SN	0	number of samples:	3202
SN	0	number of records:	15371
SN	0	number of no-ALTs:	0
SN	0	number of SNPs:	15371
SN	0	number of MNPs:	0
SN	0	number of indels:	0
SN	0	number of others:	0
SN	0	number of multiallelic sites:	0
SN	0	number of multiallelic SNP sites:	0
# TSTV, transitions/transversions:
# TSTV	[2]id	[3]ts	[4]tv	[5]ts/tv	[6]ts (1st ALT)	[7]tv (1st ALT)	[8]ts/tv (1st ALT)
TSTV	0	10676	4695	2.27	10676	4695	2.27
# SiS, Singleton stats:
# SiS	[2]id	[3]allele count	[4]number of SNPs	[5]number of transitions	[6]number of transversions	[7]number of indels	[8]repeat-consistent	[9]repeat-inconsistent	[10]not applicable
SiS	0	1	0	0	0	0	0	0	0
# AF, Stats by non-reference allele frequency:
# AF	[2]id	[3]allele frequency	[4]number of SNPs	[5]number of transitions	[6]number of transversions	[7]number of indels	[8]repeat-consistent	[9]repeat-inconsistent	[10]not applicable
AF	0	0.000312	2375	1649	726	0	0	0	0
AF	0	0.000625	1493	1021	472	0	0	0	0
AF	0	0.000937	1654	1141	513	0	0	0	0
AF	0	0.001249	653	460	193	0	0	0	0
AF	0	0.001562	847	607	240	0	0	0	0
AF	0	0.001874	356	242	114	0	0	0	0
AF	0	0.002186	634	455	179	0	0	0	0
AF	0	0.002498	195	141	54	0	0	0	0
AF	0	0.002811	350	249	101	0	0	0	0
AF	0	0.003123	145	103	42	0	0	0	0
AF	0	0.003435	296	208	88	0	0	0	0
AF	0	0.003748	113	73	40	0	0	0	0
AF	0	0.004060	187	132	55	0	0	0	0
AF	0	0.004372	98	76	22	0	0	0	0
AF	0	0.004685	139	91	48	0	0	0	0
AF	0	0.004997	71	44	27	0	0	0	0
AF	0	0.005309	147	105	42	0	0	0	0
AF	0	0.005621	52	36	16	0	0	0	0
AF	0	0.005934	126	92	34	0	0	0	0
AF	0	0.006246	44	30	14	0	0	0	0
AF	0	0.006558	86	60	26	0	0	0	0
AF	0	0.006871	31	18	13	0	0	0	0
AF	0	0.007183	79	52	27	0	0	0	0
AF	0	0.007495	45	37	8	0	0	0	0
AF	0	0.007808	76	52	24	0	0	0	0
AF	0	0.008120	48	36	12	0	0	0	0
AF	0	0.008432	71	54	17	0	0	0	0
AF	0	0.008745	39	28	11	0	0	0	0
AF	0	0.009057	80	53	27	0	0	0	0
AF	0	0.009369	28	21	7	0	0	0	0
AF	0	0.009681	76	51	25	0	0	0	0
AF	0	0.009994	38	27	11	0	0	0	0
AF	0	0.010306	55	33	22	0	0	0	0
AF	0	0.010618	21	12	9	0	0	0	0
AF	0	0.010931	46	31	15	0	0	0	0
AF	0	0.011243	26	21	5	0	0	0	0
AF	0	0.011555	53	42	11	0	0	0	0
AF	0	0.011868	33	21	12	0	0	0	0
AF	0	0.012180	58	33	25	0	0	0	0
AF	0	0.012492	28	18	10	0	0	0	0
AF	0	0.012804	60	44	16	0	0	0	0
AF	0	0.013117	21	15	6	0	0	0	0
AF	0	0.013429	56	42	14	0	0	0	0
AF	0	0.013741	12	7	5	0	0	0	0
AF	0	0.014054	43	29	14	0	0	0	0
AF	0	0.014366	19	14	5	0	0	0	0
AF	0	0.014678	32	20	12	0	0	0	0
AF	0	0.014991	44	28	16	0	0	0	0
AF	0	0.015303	82	48	34	0	0	0	0
AF	0	0.015615	37	24	13	0	0	0	0
AF	0	0.015928	24	17	7	0	0	0	0
AF	0	0.016240	41	24	17	0	0	0	0
AF	0	0.016552	65	47	18	0	0	0	0
AF	0	0.016864	31	23	8	0	0	0	0
AF	0	0.017177	35	22	13	0	0	0	0
AF	0	0.017489	21	15	6	0	0	0	0
AF	0	0.017801	58	33	25	0	0	0	0
AF	0	0.018114	20	11	9	0	0	0	0
AF	0	0.018426	39	20	19	0	0	0	0
AF	0	0.018738	20	17	3	0	0	0	0
AF	0	0.019051	24	12	12	0	0	0	0
AF	0	0.019363	11	7	4	0	0	0	0
AF	0	0.019675	25	22	3	0	0	0	0
AF	0	0.019988	7	3	4	0	0	0	0
AF	0	0.020300	23	14	9	0	0	0	0
AF	0	0.020612	14	10	4	0	0	0	0
AF	0	0.020924	29	18	11	0	0	0	0
AF	0	0.021237	13	7	6	0	0	0	0
AF	0	0.021549	21	11	10	0	0	0	0
AF	0	0.021861	15	12	3	0	0	0	0
AF	0	0.022174	51	43	8	0	0	0	0
AF	0	0.022486	15	10	5	0	0	0	0
AF	0	0.022798	27	22	5	0	0	0	0
AF	0	0.023111	18	11	7	0	0	0	0
AF	0	0.023423	24	20	4	0	0	0	0
AF	0	0.023735	19	12	7	0	0	0	0
AF	0	0.024047	25	17	8	0	0	0	0
AF	0	0.024360	19	16	3	0	0	0	0
AF	0	0.024672	24	17	7	0	0	0	0
AF	0	0.024984	16	11	5	0	0	0	0
AF	0	0.025297	16	9	7	0	0	0	0
AF	0	0.025609	9	7	2	0	0	0	0
AF	0	0.025921	12	8	4	0	0	0	0
AF	0	0.026234	9	5	4	0	0	0	0
AF	0	0.026546	23	14	9	0	0	0	0
AF	0	0.026858	12	8	4	0	0	0	0
AF	0	0.027171	11	5	6	0	0	0	0
AF	0	0.027483	3	2	1	0	0	0	0
AF	0	0.027795	15	14	1	0	0	0	0
AF	0	0.028107	3	3	0	0	0	0	0
AF	0	0.028420	23	14	9	0	0	0	0
AF	0	0.028732	1	1	0	0	0	0	0
AF	0	0.029044	12	7	5	0	0	0	0
AF	0	0.029357	9	6	3	0	0	0	0
AF	0	0.029669	11	5	6	0	0	0	0
AF	0	0.029981	11	7	4	0	0	0	0
AF	0	0.030294	20	16	4	0	0	0	0
AF	0	0.030606	6	5	1	0	0	0	0
AF	0	0.030918	8	5	3	0	0	0	0
AF	0	0.031230	4	3	1	0	0	0	0
AF	0	0.031543	8	5	3	0	0	0	0
AF	0	0.031855	15	9	6	0	0	0	0
AF	0	0.032167	11	8	3	0	0	0	0
AF	0	0.032480	4	3	1	0	0	0	0
AF	0	0.032792	19	10	9	0	0	0	0
AF	0	0.033104	2	1	1	0	0	0	0
AF	0	0.033417	10	7	3	0	0	0	0
AF	0	0.033729	5	4	1	0	0	0	0
AF	0	0.034041	3	2	1	0	0	0	0
AF	0	0.034666	7	5	2	0	0	0	0
AF	0	0.034978	10	4	6	0	0	0	0
AF	0	0.035290	11	5	6	0	0	0	0
AF	0	0.035603	4	4	0	0	0	0	0
AF	0	0.035915	26	16	10	0	0	0	0
AF	0	0.036227	20	9	11	0	0	0	0
AF	0	0.036540	11	9	2	0	0	0	0
AF	0	0.036852	2	2	0	0	0	0	0
AF	0	0.037164	6	5	1	0	0	0	0
AF	0	0.037477	1	0	1	0	0	0	0
AF	0	0.037789	11	7	4	0	0	0	0
AF	0	0.038101	7	4	3	0	0	0	0
AF	0	0.038413	10	8	2	0	0	0	0
AF	0	0.038726	2	1	1	0	0	0	0
AF	0	0.039038	9	6	3	0	0	0	0
AF	0	0.039350	7	4	3	0	0	0	0
AF	0	0.039663	12	8	4	0	0	0	0
AF	0	0.039975	2	1	1	0	0	0	0
AF	0	0.040287	12	10	2	0	0	0	0
AF	0	0.040600	6	2	4	0	0	0	0
AF	0	0.040912	7	6	1	0	0	0	0
AF	0	0.041224	3	2	1	0	0	0	0
AF	0	0.041537	5	4	1	0	0	0	0
AF	0	0.042161	8	5	3	0	0	0	0
AF	0	0.042473	3	2	1	0	0	0	0
AF	0	0.042786	13	6	7	0	0	0	0
AF	0	0.043098	7	5	2	0	0	0	0
AF	0	0.043410	14	10	4	0	0	0	0
AF	0	0.043723	2	1	1	0	0	0	0
AF	0	0.044035	7	5	2	0	0	0	0
AF	0	0.044347	3	2	1	0	0	0	0
AF	0	0.044660	17	8	9	0	0	0	0
AF	0	0.044972	2	1	1	0	0	0	0
AF	0	0.045284	20	15	5	0	0	0	0
AF	0	0.045597	4	2	2	0	0	0	0
AF	0	0.045909	10	10	0	0	0	0	0
AF	0	0.046221	5	5	0	0	0	0	0
AF	0	0.046533	9	6	3	0	0	0	0
AF	0	0.046846	9	8	1	0	0	0	0
AF	0	0.047158	18	16	2	0	0	0	0
AF	0	0.047470	8	5	3	0	0	0	0
AF	0	0.047783	9	6	3	0	0	0	0
AF	0	0.048095	2	2	0	0	0	0	0
AF	0	0.048407	4	4	0	0	0	0	0
AF	0	0.048720	13	8	5	0	0	0	0
AF	0	0.049032	26	18	8	0	0	0	0
AF	0	0.049344	2	2	0	0	0	0	0
AF	0	0.049656	19	15	4	0	0	0	0
AF	0	0.049969	4	4	0	0	0	0	0
AF	0	0.050281	5	4	1	0	0	0	0
AF	0	0.050593	2	2	0	0	0	0	0
AF	0	0.050906	2	1	1	0	0	0	0
AF	0	0.051218	1	1	0	0	0	0	0
AF	0	0.051530	6	5	1	0	0	0	0
AF	0	0.051843	3	3	0	0	0	0	0
AF	0	0.052155	7	4	3	0	0	0	0
AF	0	0.052467	6	3	3	0	0	0	0
AF	0	0.052780	4	3	1	0	0	0	0
AF	0	0.053404	7	5	2	0	0	0	0
AF	0	0.053716	2	1	1	0	0	0	0
AF	0	0.054029	4	3	1	0	0	0	0
AF	0	0.054341	3	3	0	0	0	0	0
AF	0	0.054653	4	4	0	0	0	0	0
AF	0	0.055278	3	1	2	0	0	0	0
AF	0	0.055590	5	4	1	0	0	0	0
AF	0	0.055903	2	2	0	0	0	0	0
AF	0	0.056215	4	3	1	0	0	0	0
AF	0	0.056527	3	2	1	0	0	0	0
AF	0	0.056839	5	5	0	0	0	0	0
AF	0	0.057152	5	5	0	0	0	0	0
AF	0	0.057464	2	1	1	0	0	0	0
AF	0	0.057776	5	4	1	0	0	0	0
AF	0	0.058401	2	2	0	0	0	0	0
AF	0	0.058713	5	4	1	0	0	0	0
AF	0	0.059026	8	5	3	0	0	0	0
AF	0	0.059338	6	5	1	0	0	0	0
AF	0	0.059650	1	0	1	0	0	0	0
AF	0	0.059963	4	4	0	0	0	0	0
AF	0	0.060275	3	3	0	0	0	0	0
AF	0	0.060587	2	1	1	0	0	0	0
AF	0	0.060899	7	7	0	0	0	0	0
AF	0	0.061212	6	4	2	0	0	0	0
AF	0	0.061524	9	7	2	0	0	0	0
AF	0	0.062149	12	9	3	0	0	0	0
AF	0	0.062461	4	4	0	0	0	0	0
AF	0	0.062773	19	15	4	0	0	0	0
AF	0	0.063086	2	1	1	0	0	0	0
AF	0	0.063398	3	2	1	0	0	0	0
AF	0	0.063710	1	1	0	0	0	0	0
AF	0	0.064022	3	3	0	0	0	0	0
AF	0	0.064335	1	0	1	0	0	0	0
AF	0	0.064647	4	4	0	0	0	0	0
AF	0	0.064959	3	2	1	0	0	0	0
AF	0	0.065272	6	5	1	0	0	0	0
AF	0	0.065584	1	1	0	0	0	0	0
AF	0	0.065896	3	2	1	0	0	0	0
AF	0	0.066209	1	1	0	0	0	0	0
AF	0	0.066521	7	4	3	0	0	0	0
AF	0	0.066833	2	1	1	0	0	0	0
AF	0	0.067146	4	1	3	0	0	0	0
AF	0	0.067770	3	3	0	0	0	0	0
AF	0	0.068082	1	1	0	0	0	0	0
AF	0	0.068395	1	1	0	0	0	0	0
AF	0	0.069019	4	2	2	0	0	0	0
AF	0	0.069332	1	1	0	0	0	0	0
AF	0	0.069644	3	2	1	0	0	0	0
AF	0	0.069956	5	2	3	0	0	0	0
AF	0	0.070269	9	6	3	0	0	0	0
AF	0	0.070581	9	6	3	0	0	0	0
AF	0	0.070893	3	2	1	0	0	0	0
AF	0	0.071205	5	2	3	0	0	0	0
AF	0	0.071518	3	2	1	0	0	0	0
AF	0	0.071830	3	1	2	0	0	0	0
AF	0	0.072142	5	3	2	0	0	0	0
AF	0	0.072455	1	1	0	0	0	0	0
AF	0	0.072767	4	4	0	0	0	0	0
AF	0	0.073392	2	2	0	0	0	0	0
AF	0	0.073704	1	0	1	0	0	0	0
AF	0	0.074016	4	2	2	0	0	0	0
AF	0	0.074329	2	1	1	0	0	0	0
AF	0	0.074641	3	3	0	0	0	0	0
AF	0	0.074953	3	2	1	0	0	0	0
AF	0	0.075265	6	5	1	0	0	0	0
AF	0	0.075890	2	2	0	0	0	0	0
AF	0	0.076202	3	3	0	0	0	0	0
AF	0	0.076515	5	3	2	0	0	0	0
AF	0	0.076827	3	3	0	0	0	0	0
AF	0	0.077139	1	1	0	0	0	0	0
AF	0	0.077452	2	2	0	0	0	0	0
AF	0	0.077764	2	2	0	0	0	0	0
AF	0	0.078389	3	3	0	0	0	0	0
AF	0	0.078701	1	0	1	0	0	0	0
AF	0	0.079325	1	1	0	0	0	0	0
AF	0	0.079638	3	2	1	0	0	0	0
AF	0	0.079950	1	1	0	0	0	0	0
AF	0	0.080262	2	2	0	0	0	0	0
AF	0	0.080575	1	1	0	0	0	0	0
AF	0	0.080887	4	1	3	0	0	0	0
AF	0	0.081199	7	3	4	0	0	0	0
AF	0	0.081512	2	2	0	0	0	0	0
AF	0	0.081824	5	4	1	0	0	0	0
AF	0	0.082136	1	1	0	0	0	0	0
AF	0	0.082448	6	4	2	0	0	0	0
AF	0	0.082761	11	9	2	0	0	0	0
AF	0	0.083073	3	2	1	0	0	0	0
AF	0	0.083385	5	3	2	0	0	0	0
AF	0	0.083698	1	1	0	0	0	0	0
AF	0	0.084010	2	2	0	0	0	0	0
AF	0	0.084322	3	1	2	0	0	0	0
AF	0	0.084635	1	0	1	0	0	0	0
AF	0	0.084947	2	2	0	0	0	0	0
AF	0	0.085259	1	1	0	0	0	0	0
AF	0	0.085884	1	1	0	0	0	0	0
AF	0	0.086508	5	4	1	0	0	0	0
AF	0	0.087133	2	2	0	0	0	0	0
AF	0	0.087445	1	1	0	0	0	0	0
AF	0	0.088070	1	1	0	0	0	0	0
AF	0	0.088382	3	1	2	0	0	0	0
AF	0	0.088695	1	1	0	0	0	0	0
AF	0	0.089631	2	1	1	0	0	0	0
AF	0	0.090256	1	0	1	0	0	0	0
AF	0	0.090568	1	1	0	0	0	0	0
AF	0	0.090881	2	2	0	0	0	0	0
AF	0	0.091193	1	0	1	0	0	0	0
AF	0	0.092130	3	2	1	0	0	0	0
AF	0	0.092755	4	4	0	0	0	0	0
AF	0	0.093067	2	2	0	0	0	0	0
AF	0	0.093379	4	3	1	0	0	0	0
AF	0	0.093691	3	3	0	0	0	0	0
AF	0	0.094004	5	4	1	0	0	0	0
AF	0	0.094316	1	1	0	0	0	0	0
AF	0	0.095253	1	1	0	0	0	0	0
AF	0	0.095565	3	1	2	0	0	0	0
AF	0	0.095878	4	4	0	0	0	0	0
AF	0	0.096190	2	1	1	0	0	0	0
AF	0	0.096502	5	5	0	0	0	0	0
AF	0	0.096814	3	3	0	0	0	0	0
AF	0	0.097751	1	1	0	0	0	0	0
AF	0	0.098376	5	5	0	0	0	0	0
AF	0	0.098688	2	2	0	0	0	0	0
AF	0	0.099001	2	1	1	0	0	0	0
AF	0	0.099313	1	1	0	0	0	0	0
AF	0	0.099625	3	2	1	0	0	0	0
AF	0	0.099938	1	0	1	0	0	0	0
AF	0	0.100250	2	0	2	0	0	0	0
AF	0	0.100562	3	2	1	0	0	0	0
AF	0	0.100874	4	3	1	0	0	0	0
AF	0	0.101187	2	1	1	0	0	0	0
AF	0	0.101499	5	4	1	0	0	0	0
AF	0	0.101811	2	2	0	0	0	0	0
AF	0	0.102124	2	1	1	0	0	0	0
AF	0	0.102436	2	1	1	0	0	0	0
AF	0	0.102748	2	2	0	0	0	0	0
AF	0	0.103061	4	3	1	0	0	0	0
AF	0	0.103373	1	1	0	0	0	0	0
AF	0	0.103685	2	1	1	0	0	0	0
AF	0	0.103998	1	0	1	0	0	0	0
AF	0	0.104310	1	0	1	0	0	0	0
AF	0	0.104622	3	3	0	0	0	0	0
AF	0	0.105559	4	1	3	0	0	0	0
AF	0	0.105871	5	5	0	0	0	0	0
AF	0	0.106184	3	2	1	0	0	0	0
AF	0	0.106496	4	3	1	0	0	0	0
AF	0	0.107121	1	1	0	0	0	0	0
AF	0	0.107433	2	1	1	0	0	0	0
AF	0	0.108057	1	1	0	0	0	0	0
AF	0	0.109307	1	1	0	0	0	0	0
AF	0	0.109619	2	1	1	0	0	0	0
AF	0	0.109931	1	0	1	0	0	0	0
AF	0	0.110244	5	5	0	0	0	0	0
AF	0	0.110868	1	1	0	0	0	0	0
AF	0	0.111181	1	0	1	0	0	0	0
AF	0	0.111493	5	2	3	0	0	0	0
AF	0	0.111805	3	2	1	0	0	0	0
AF	0	0.112117	1	1	0	0	0	0	0
AF	0	0.112430	3	1	2	0	0	0	0
AF	0	0.112742	2	1	1	0	0	0	0
AF	0	0.113054	3	2	1	0	0	0	0
AF	0	0.113679	2	1	1	0	0	0	0
AF	0	0.113991	2	1	1	0	0	0	0
AF	0	0.114304	4	3	1	0	0	0	0
AF	0	0.114616	3	3	0	0	0	0	0
AF	0	0.114928	5	4	1	0	0	0	0
AF	0	0.115240	2	1	1	0	0	0	0
AF	0	0.115553	1	1	0	0	0	0	0
AF	0	0.115865	4	4	0	0	0	0	0
AF	0	0.116177	7	5	2	0	0	0	0
AF	0	0.116490	4	3	1	0	0	0	0
AF	0	0.116802	6	3	3	0	0	0	0
AF	0	0.117114	2	1	1	0	0	0	0
AF	0	0.117427	5	3	2	0	0	0	0
AF	0	0.118051	1	0	1	0	0	0	0
AF	0	0.118364	3	2	1	0	0	0	0
AF	0	0.118676	2	2	0	0	0	0	0
AF	0	0.118988	2	2	0	0	0	0	0
AF	0	0.119300	2	2	0	0	0	0	0
AF	0	0.119925	3	1	2	0	0	0	0
AF	0	0.120550	2	1	1	0	0	0	0
AF	0	0.121174	1	0	1	0	0	0	0
AF	0	0.122111	3	0	3	0	0	0	0
AF	0	0.122423	1	1	0	0	0	0	0
AF	0	0.123048	1	1	0	0	0	0	0
AF	0	0.123673	2	2	0	0	0	0	0
AF	0	0.124297	3	2	1	0	0	0	0
AF	0	0.124610	2	2	0	0	0	0	0
AF	0	0.125547	5	3	2	0	0	0	0
AF	0	0.125859	1	0	1	0	0	0	0
AF	0	0.126171	1	1	0	0	0	0	0
AF	0	0.126483	2	0	2	0	0	0	0
AF	0	0.126796	3	2	1	0	0	0	0
AF	0	0.127108	3	1	2	0	0	0	0
AF	0	0.127420	3	2	1	0	0	0	0
AF	0	0.127733	1	0	1	0	0	0	0
AF	0	0.128045	2	2	0	0	0	0	0
AF	0	0.128357	5	3	2	0	0	0	0
AF	0	0.128982	1	1	0	0	0	0	0
AF	0	0.129294	1	0	1	0	0	0	0
AF	0	0.129606	1	1	0	0	0	0	0
AF	0	0.129919	1	0	1	0	0	0	0
AF	0	0.130543	4	2	2	0	0	0	0
AF	0	0.131168	2	2	0	0	0	0	0
AF	0	0.131480	1	1	0	0	0	0	0
AF	0	0.131793	2	0	2	0	0	0	0
AF	0	0.132105	2	2	0	0	0	0	0
AF	0	0.132417	2	2	0	0	0	0	0
AF	0	0.133042	3	1	2	0	0	0	0
AF	0	0.133354	1	1	0	0	0	0	0
AF	0	0.133666	1	1	0	0	0	0	0
AF	0	0.133979	1	1	0	0	0	0	0
AF	0	0.134291	3	2	1	0	0	0	0
AF	0	0.134916	3	2	1	0	0	0	0
AF	0	0.136165	2	1	1	0	0	0	0
AF	0	0.136790	2	2	0	0	0	0	0
AF	0	0.137102	1	1	0	0	0	0	0
AF	0	0.137726	1	0	1	0	0	0	0
AF	0	0.138039	1	1	0	0	0	0	0
AF	0	0.138976	1	1	0	0	0	0	0
AF	0	0.139288	4	4	0	0	0	0	0
AF	0	0.139600	2	1	1	0	0	0	0
AF	0	0.140537	1	1	0	0	0	0	0
AF	0	0.140849	1	0	1	0	0	0	0
AF	0	0.141474	2	0	2	0	0	0	0
AF	0	0.141786	2	0	2	0	0	0	0
AF	0	0.142099	1	1	0	0	0	0	0
AF	0	0.142411	1	1	0	0	0	0	0
AF	0	0.142723	2	0	2	0	0	0	0
AF	0	0.143348	1	0	1	0	0	0	0
AF	0	0.143660	3	3	0	0	0	0	0
AF	0	0.143973	3	3	0	0	0	0	0
AF	0	0.144285	1	0	1	0	0	0	0
AF	0	0.144597	1	0	1	0	0	0	0
AF	0	0.145534	1	0	1	0	0	0	0
AF	0	0.145846	1	1	0	0	0	0	0
AF	0	0.147408	1	1	0	0	0	0	0
AF	0	0.147720	1	0	1	0	0	0	0
AF	0	0.148032	5	2	3	0	0	0	0
AF	0	0.148345	2	2	0	0	0	0	0
AF	0	0.148657	2	2	0	0	0	0	0
AF	0	0.149594	1	1	0	0	0	0	0
AF	0	0.149906	1	1	0	0	0	0	0
AF	0	0.150219	1	0	1	0	0	0	0
AF	0	0.150531	5	2	3	0	0	0	0
AF	0	0.151780	1	0	1	0	0	0	0
AF	0	0.152092	4	2	2	0	0	0	0
AF	0	0.152405	3	2	1	0	0	0	0
AF	0	0.153029	5	2	3	0	0	0	0
AF	0	0.153342	1	1	0	0	0	0	0
AF	0	0.153654	4	4	0	0	0	0	0
AF	0	0.154279	1	1	0	0	0	0	0
AF	0	0.154591	4	2	2	0	0	0	0
AF	0	0.154903	3	2	1	0	0	0	0
AF	0	0.155528	4	3	1	0	0	0	0
AF	0	0.156152	5	4	1	0	0	0	0
AF	0	0.156465	1	1	0	0	0	0	0
AF	0	0.156777	4	2	2	0	0	0	0
AF	0	0.157089	1	1	0	0	0	0	0
AF	0	0.157714	1	0	1	0	0	0	0
AF	0	0.160212	1	1	0	0	0	0	0
AF	0	0.160837	1	1	0	0	0	0	0
AF	0	0.161149	2	1	1	0	0	0	0
AF	0	0.161462	1	1	0	0	0	0	0
AF	0	0.162086	1	1	0	0	0	0	0
AF	0	0.162399	1	1	0	0	0	0	0
AF	0	0.162711	1	1	0	0	0	0	0
AF	0	0.163023	2	2	0	0	0	0	0
AF	0	0.163648	1	1	0	0	0	0	0
AF	0	0.164585	1	1	0	0	0	0	0
AF	0	0.165209	1	1	0	0	0	0	0
AF	0	0.165522	1	0	1	0	0	0	0
AF	0	0.165834	1	0	1	0	0	0	0
AF	0	0.166458	1	1	0	0	0	0	0
AF	0	0.166771	1	1	0	0	0	0	0
AF	0	0.167083	3	1	2	0	0	0	0
AF	0	0.167395	3	2	1	0	0	0	0
AF	0	0.167708	1	1	0	0	0	0	0
AF	0	0.168020	1	1	0	0	0	0	0
AF	0	0.168332	2	1	1	0	0	0	0
AF	0	0.168645	2	0	2	0	0	0	0
AF	0	0.168957	1	1	0	0	0	0	0
AF	0	0.169269	1	1	0	0	0	0	0
AF	0	0.169582	1	1	0	0	0	0	0
AF	0	0.169894	2	0	2	0	0	0	0
AF	0	0.170206	2	2	0	0	0	0	0
AF	0	0.170518	5	4	1	0	0	0	0
AF	0	0.171143	2	2	0	0	0	0	0
AF	0	0.171768	4	3	1	0	0	0	0
AF	0	0.172080	5	5	0	0	0	0	0
AF	0	0.172392	3	3	0	0	0	0	0
AF	0	0.172705	2	2	0	0	0	0	0
AF	0	0.173017	7	6	1	0	0	0	0
AF	0	0.173641	3	1	2	0	0	0	0
AF	0	0.173954	1	0	1	0	0	0	0
AF	0	0.174266	1	1	0	0	0	0	0
AF	0	0.174891	5	4	1	0	0	0	0
AF	0	0.175515	1	0	1	0	0	0	0
AF	0	0.176452	1	0	1	0	0	0	0
AF	0	0.176765	5	2	3	0	0	0	0
AF	0	0.177077	1	1	0	0	0	0	0
AF	0	0.177389	4	4	0	0	0	0	0
AF	0	0.177701	2	1	1	0	0	0	0
AF	0	0.178014	1	0	1	0	0	0	0
AF	0	0.178326	3	2	1	0	0	0	0
AF	0	0.178638	1	1	0	0	0	0	0
AF	0	0.178951	2	1	1	0	0	0	0
AF	0	0.179263	4	4	0	0	0	0	0
AF	0	0.179888	3	2	1	0	0	0	0
AF	0	0.180200	1	0	1	0	0	0	0
AF	0	0.180512	2	0	2	0	0	0	0
AF	0	0.180824	1	1	0	0	0	0	0
AF	0	0.181137	1	1	0	0	0	0	0
AF	0	0.181761	1	1	0	0	0	0	0
AF	0	0.182074	5	3	2	0	0	0	0
AF	0	0.182386	5	4	1	0	0	0	0
AF	0	0.182698	4	2	2	0	0	0	0
AF	0	0.183011	7	6	1	0	0	0	0
AF	0	0.183323	3	3	0	0	0	0	0
AF	0	0.183635	3	3	0	0	0	0	0
AF	0	0.184260	2	1	1	0	0	0	0
AF	0	0.184572	1	0	1	0	0	0	0
AF	0	0.184884	2	2	0	0	0	0	0
AF	0	0.185197	1	0	1	0	0	0	0
AF	0	0.185821	1	1	0	0	0	0	0
AF	0	0.186134	6	4	2	0	0	0	0
AF	0	0.186446	4	2	2	0	0	0	0
AF	0	0.187071	2	1	1	0	0	0	0
AF	0	0.187383	2	0	2	0	0	0	0
AF	0	0.187695	1	0	1	0	0	0	0
AF	0	0.188007	3	3	0	0	0	0	0
AF	0	0.188944	1	1	0	0	0	0	0
AF	0	0.189257	3	3	0	0	0	0	0
AF	0	0.189881	2	2	0	0	0	0	0
AF	0	0.190194	1	0	1	0	0	0	0
AF	0	0.190506	1	1	0	0	0	0	0
AF	0	0.191131	2	2	0	0	0	0	0
AF	0	0.191443	2	1	1	0	0	0	0
AF	0	0.191755	3	3	0	0	0	0	0
AF	0	0.192067	2	2	0	0	0	0	0
AF	0	0.192380	3	1	2	0	0	0	0
AF	0	0.192692	1	1	0	0	0	0	0
AF	0	0.193004	20	17	3	0	0	0	0
AF	0	0.193317	2	0	2	0	0	0	0
AF	0	0.193629	7	6	1	0	0	0	0
AF	0	0.193941	2	2	0	0	0	0	0
AF	0	0.194254	3	3	0	0	0	0	0
AF	0	0.194566	3	1	2	0	0	0	0
AF	0	0.194878	7	6	1	0	0	0	0
AF	0	0.195191	8	7	1	0	0	0	0
AF	0	0.195503	33	15	18	0	0	0	0
AF	0	0.195815	2	2	0	0	0	0	0
AF	0	0.196127	3	3	0	0	0	0	0
AF	0	0.196440	3	3	0	0	0	0	0
AF	0	0.196752	1	1	0	0	0	0	0
AF	0	0.197064	1	0	1	0	0	0	0
AF	0	0.197377	7	6	1	0	0	0	0
AF	0	0.197689	1	1	0	0	0	0	0
AF	0	0.198001	1	0	1	0	0	0	0
AF	0	0.198626	1	0	1	0	0	0	0
AF	0	0.198938	5	4	1	0	0	0	0
AF	0	0.199250	1	0	1	0	0	0	0
AF	0	0.199563	2	1	1	0	0	0	0
AF	0	0.199875	1	1	0	0	0	0	0
AF	0	0.200187	1	0	1	0	0	0	0
AF	0	0.200500	2	0	2	0	0	0	0
AF	0	0.200812	1	1	0	0	0	0	0
AF	0	0.201124	4	3	1	0	0	0	0
AF	0	0.201437	3	2	1	0	0	0	0
AF	0	0.201749	3	2	1	0	0	0	0
AF	0	0.202061	1	1	0	0	0	0	0
AF	0	0.202374	4	3	1	0	0	0	0
AF	0	0.202686	5	3	2	0	0	0	0
AF	0	0.202998	1	0	1	0	0	0	0
AF	0	0.203623	1	0	1	0	0	0	0
AF	0	0.204247	4	3	1	0	0	0	0
AF	0	0.204560	2	2	0	0	0	0	0
AF	0	0.204872	3	2	1	0	0	0	0
AF	0	0.205184	1	1	0	0	0	0	0
AF	0	0.205497	6	3	3	0	0	0	0
AF	0	0.206121	3	3	0	0	0	0	0
AF	0	0.207370	4	4	0	0	0	0	0
AF	0	0.207995	1	0	1	0	0	0	0
AF	0	0.208307	1	0	1	0	0	0	0
AF	0	0.208620	3	1	2	0	0	0	0
AF	0	0.209244	3	3	0	0	0	0	0
AF	0	0.210181	1	1	0	0	0	0	0
AF	0	0.210493	2	0	2	0	0	0	0
AF	0	0.210806	1	1	0	0	0	0	0
AF	0	0.211118	4	2	2	0	0	0	0
AF	0	0.211430	2	2	0	0	0	0	0
AF	0	0.212055	1	1	0	0	0	0	0
AF	0	0.212367	4	3	1	0	0	0	0
AF	0	0.212992	4	2	2	0	0	0	0
AF	0	0.213616	3	2	1	0	0	0	0
AF	0	0.213929	2	0	2	0	0	0	0
AF	0	0.215178	2	2	0	0	0	0	0
AF	0	0.215490	2	2	0	0	0	0	0
AF	0	0.216115	3	2	1	0	0	0	0
AF	0	0.216427	2	2	0	0	0	0	0
AF	0	0.216740	2	2	0	0	0	0	0
AF	0	0.217052	2	2	0	0	0	0	0
AF	0	0.217364	4	3	1	0	0	0	0
AF	0	0.217676	5	5	0	0	0	0	0
AF	0	0.217989	7	5	2	0	0	0	0
AF	0	0.218613	6	4	2	0	0	0	0
AF	0	0.219238	1	1	0	0	0	0	0
AF	0	0.219550	2	1	1	0	0	0	0
AF	0	0.219863	4	3	1	0	0	0	0
AF	0	0.220487	2	1	1	0	0	0	0
AF	0	0.221112	2	1	1	0	0	0	0
AF	0	0.221424	1	1	0	0	0	0	0
AF	0	0.221736	5	3	2	0	0	0	0
AF	0	0.222049	1	1	0	0	0	0	0
AF	0	0.222361	2	1	1	0	0	0	0
AF	0	0.222673	3	3	0	0	0	0	0
AF	0	0.222986	1	1	0	0	0	0	0
AF	0	0.223298	2	1	1	0	0	0	0
AF	0	0.223610	1	0	1	0	0	0	0
AF	0	0.223923	2	2	0	0	0	0	0
AF	0	0.224235	1	0	1	0	0	0	0
AF	0	0.224859	2	1	1	0	0	0	0
AF	0	0.225172	3	1	2	0	0	0	0
AF	0	0.225484	2	2	0	0	0	0	0
AF	0	0.226109	1	0	1	0	0	0	0
AF	0	0.226733	1	1	0	0	0	0	0
AF	0	0.227046	1	0	1	0	0	0	0
AF	0	0.227670	1	0	1	0	0	0	0
AF	0	0.228295	3	1	2	0	0	0	0
AF	0	0.228607	1	0	1	0	0	0	0
AF	0	0.229232	1	1	0	0	0	0	0
AF	0	0.229544	2	1	1	0	0	0	0
AF	0	0.229856	8	6	2	0	0	0	0
AF	0	0.230169	4	3	1	0	0	0	0
AF	0	0.231106	1	1	0	0	0	0	0
AF	0	0.231418	1	0	1	0	0	0	0
AF	0	0.231730	1	0	1	0	0	0	0
AF	0	0.232667	1	1	0	0	0	0	0
AF	0	0.233292	1	0	1	0	0	0	0
AF	0	0.233916	2	1	1	0	0	0	0
AF	0	0.234229	1	1	0	0	0	0	0
AF	0	0.234541	2	1	1	0	0	0	0
AF	0	0.235166	3	1	2	0	0	0	0
AF	0	0.235478	3	3	0	0	0	0	0
AF	0	0.236415	3	2	1	0	0	0	0
AF	0	0.237039	5	3	2	0	0	0	0
AF	0	0.237352	3	3	0	0	0	0	0
AF	0	0.237664	7	4	3	0	0	0	0
AF	0	0.238289	2	0	2	0	0	0	0
AF	0	0.238601	1	1	0	0	0	0	0
AF	0	0.238913	9	6	3	0	0	0	0
AF	0	0.239538	4	3	1	0	0	0	0
AF	0	0.239850	7	2	5	0	0	0	0
AF	0	0.240162	2	0	2	0	0	0	0
AF	0	0.240475	1	1	0	0	0	0	0
AF	0	0.240787	8	6	2	0	0	0	0
AF	0	0.241099	3	1	2	0	0	0	0
AF	0	0.241412	7	5	2	0	0	0	0
AF	0	0.241724	2	2	0	0	0	0	0
AF	0	0.242036	8	6	2	0	0	0	0
AF	0	0.242349	1	0	1	0	0	0	0
AF	0	0.242661	3	1	2	0	0	0	0
AF	0	0.243285	4	4	0	0	0	0	0
AF	0	0.243598	1	0	1	0	0	0	0
AF	0	0.243910	1	1	0	0	0	0	0
AF	0	0.244535	2	2	0	0	0	0	0
AF	0	0.244847	1	1	0	0	0	0	0
AF	0	0.245159	3	3	0	0	0	0	0
AF	0	0.245472	1	1	0	0	0	0	0
AF	0	0.246408	1	1	0	0	0	0	0
AF	0	0.247033	1	0	1	0	0	0	0
AF	0	0.247658	1	1	0	0	0	0	0
AF	0	0.247970	1	1	0	0	0	0	0
AF	0	0.248907	1	0	1	0	0	0	0
AF	0	0.250781	1	1	0	0	0	0	0
AF	0	0.251093	1	1	0	0	0	0	0
AF	0	0.251405	1	1	0	0	0	0	0
AF	0	0.252030	1	1	0	0	0	0	0
AF	0	0.253279	1	0	1	0	0	0	0
AF	0	0.254216	1	0	1	0	0	0	0
AF	0	0.255153	1	1	0	0	0	0	0
AF	0	0.255465	1	0	1	0	0	0	0
AF	0	0.255778	1	1	0	0	0	0	0
AF	0	0.256402	2	1	1	0	0	0	0
AF	0	0.256715	1	1	0	0	0	0	0
AF	0	0.257027	3	2	1	0	0	0	0
AF	0	0.257651	1	0	1	0	0	0	0
AF	0	0.257964	1	1	0	0	0	0	0
AF	0	0.258276	3	2	1	0	0	0	0
AF	0	0.258588	1	1	0	0	0	0	0
AF	0	0.258901	4	4	0	0	0	0	0
AF	0	0.259213	3	3	0	0	0	0	0
AF	0	0.259525	1	0	1	0	0	0	0
AF	0	0.259838	1	1	0	0	0	0	0
AF	0	0.260150	4	2	2	0	0	0	0
AF	0	0.260462	2	1	1	0	0	0	0
AF	0	0.260775	1	0	1	0	0	0	0
AF	0	0.261087	1	1	0	0	0	0	0
AF	0	0.261711	3	3	0	0	0	0	0
AF	0	0.262024	3	3	0	0	0	0	0
AF	0	0.262336	2	2	0	0	0	0	0
AF	0	0.262961	4	3	1	0	0	0	0
AF	0	0.263273	3	2	1	0	0	0	0
AF	0	0.263898	2	0	2	0	0	0	0
AF	0	0.264522	1	0	1	0	0	0	0
AF	0	0.265147	3	2	1	0	0	0	0
AF	0	0.265771	3	1	2	0	0	0	0
AF	0	0.266084	1	1	0	0	0	0	0
AF	0	0.266396	1	1	0	0	0	0	0
AF	0	0.267021	1	1	0	0	0	0	0
AF	0	0.267333	4	4	0	0	0	0	0
AF	0	0.268582	3	2	1	0	0	0	0
AF	0	0.268894	9	7	2	0	0	0	0
AF	0	0.269207	4	4	0	0	0	0	0
AF	0	0.269519	10	8	2	0	0	0	0
AF	0	0.269831	1	1	0	0	0	0	0
AF	0	0.270144	3	3	0	0	0	0	0
AF	0	0.270456	2	1	1	0	0	0	0
AF	0	0.270768	3	3	0	0	0	0	0
AF	0	0.271081	2	2	0	0	0	0	0
AF	0	0.271393	2	2	0	0	0	0	0
AF	0	0.271705	2	1	1	0	0	0	0
AF	0	0.272017	2	1	1	0	0	0	0
AF	0	0.272642	2	2	0	0	0	0	0
AF	0	0.272954	1	1	0	0	0	0	0
AF	0	0.273267	7	5	2	0	0	0	0
AF	0	0.273579	2	1	1	0	0	0	0
AF	0	0.273891	2	1	1	0	0	0	0
AF	0	0.274204	3	1	2	0	0	0	0
AF	0	0.274516	4	4	0	0	0	0	0
AF	0	0.274828	2	1	1	0	0	0	0
AF	0	0.275141	2	1	1	0	0	0	0
AF	0	0.275453	3	2	1	0	0	0	0
AF	0	0.275765	4	2	2	0	0	0	0
AF	0	0.276077	4	3	1	0	0	0	0
AF	0	0.276390	2	2	0	0	0	0	0
AF	0	0.276702	3	2	1	0	0	0	0
AF	0	0.277014	2	1	1	0	0	0	0
AF	0	0.277327	1	1	0	0	0	0	0
AF	0	0.277639	2	2	0	0	0	0	0
AF	0	0.277951	2	1	1	0	0	0	0
AF	0	0.278264	2	1	1	0	0	0	0
AF	0	0.278576	1	0	1	0	0	0	0
AF	0	0.278888	2	1	1	0	0	0	0
AF	0	0.279200	2	2	0	0	0	0	0
AF	0	0.279513	1	1	0	0	0	0	0
AF	0	0.280137	1	1	0	0	0	0	0
AF	0	0.281699	1	1	0	0	0	0	0
AF	0	0.282011	1	1	0	0	0	0	0
AF	0	0.282324	2	0	2	0	0	0	0
AF	0	0.282636	5	4	1	0	0	0	0
AF	0	0.282948	3	3	0	0	0	0	0
AF	0	0.283260	5	4	1	0	0	0	0
AF	0	0.283573	1	1	0	0	0	0	0
AF	0	0.283885	3	2	1	0	0	0	0
AF	0	0.284197	1	1	0	0	0	0	0
AF	0	0.286384	2	2	0	0	0	0	0
AF	0	0.287008	1	1	0	0	0	0	0
AF	0	0.287320	3	1	2	0	0	0	0
AF	0	0.287633	3	1	2	0	0	0	0
AF	0	0.288257	2	2	0	0	0	0	0
AF	0	0.288570	1	1	0	0	0	0	0
AF	0	0.288882	2	2	0	0	0	0	0
AF	0	0.289194	1	0	1	0	0	0	0
AF	0	0.289507	3	2	1	0	0	0	0
AF	0	0.290131	4	2	2	0	0	0	0
AF	0	0.290443	2	1	1	0	0	0	0
AF	0	0.290756	1	1	0	0	0	0	0
AF	0	0.291693	1	1	0	0	0	0	0
AF	0	0.292005	3	2	1	0	0	0	0
AF	0	0.292630	1	0	1	0	0	0	0
AF	0	0.292942	1	1	0	0	0	0	0
AF	0	0.293879	1	1	0	0	0	0	0
AF	0	0.294503	2	1	1	0	0	0	0
AF	0	0.294816	2	2	0	0	0	0	0
AF	0	0.295128	3	2	1	0	0	0	0
AF	0	0.295440	1	1	0	0	0	0	0
AF	0	0.296377	1	1	0	0	0	0	0
AF	0	0.297002	1	1	0	0	0	0	0
AF	0	0.298251	1	0	1	0	0	0	0
AF	0	0.298876	1	1	0	0	0	0	0
AF	0	0.299188	2	1	1	0	0	0	0
AF	0	0.300125	1	0	1	0	0	0	0
AF	0	0.301062	1	0	1	0	0	0	0
AF	0	0.301374	1	1	0	0	0	0	0
AF	0	0.301686	1	1	0	0	0	0	0
AF	0	0.301999	1	1	0	0	0	0	0
AF	0	0.303560	3	2	1	0	0	0	0
AF	0	0.305122	2	2	0	0	0	0	0
AF	0	0.305746	1	1	0	0	0	0	0
AF	0	0.306996	1	1	0	0	0	0	0
AF	0	0.307620	1	1	0	0	0	0	0
AF	0	0.308245	2	2	0	0	0	0	0
AF	0	0.308869	1	0	1	0	0	0	0
AF	0	0.309182	1	0	1	0	0	0	0
AF	0	0.310119	1	1	0	0	0	0	0
AF	0	0.311680	2	2	0	0	0	0	0
AF	0	0.314179	1	1	0	0	0	0	0
AF	0	0.314803	1	1	0	0	0	0	0
AF	0	0.315116	1	0	1	0	0	0	0
AF	0	0.315740	3	3	0	0	0	0	0
AF	0	0.316052	1	1	0	0	0	0	0
AF	0	0.316365	4	4	0	0	0	0	0
AF	0	0.316677	1	1	0	0	0	0	0
AF	0	0.316989	1	1	0	0	0	0	0
AF	0	0.317926	2	1	1	0	0	0	0
AF	0	0.318239	2	2	0	0	0	0	0
AF	0	0.318863	1	1	0	0	0	0	0
AF	0	0.319488	1	1	0	0	0	0	0
AF	0	0.320112	3	2	1	0	0	0	0
AF	0	0.320737	3	3	0	0	0	0	0
AF	0	0.321049	1	1	0	0	0	0	0
AF	0	0.321362	2	1	1	0	0	0	0
AF	0	0.321674	1	1	0	0	0	0	0
AF	0	0.322611	5	2	3	0	0	0	0
AF	0	0.322923	2	0	2	0	0	0	0
AF	0	0.323235	11	8	3	0	0	0	0
AF	0	0.323548	3	2	1	0	0	0	0
AF	0	0.323860	6	5	1	0	0	0	0
AF	0	0.324485	3	1	2	0	0	0	0
AF	0	0.325109	1	1	0	0	0	0	0
AF	0	0.325734	5	4	1	0	0	0	0
AF	0	0.326046	1	0	1	0	0	0	0
AF	0	0.326359	2	0	2	0	0	0	0
AF	0	0.326671	1	0	1	0	0	0	0
AF	0	0.327608	2	1	1	0	0	0	0
AF	0	0.328232	2	1	1	0	0	0	0
AF	0	0.328857	1	1	0	0	0	0	0
AF	0	0.329169	2	1	1	0	0	0	0
AF	0	0.329482	2	2	0	0	0	0	0
AF	0	0.330106	1	1	0	0	0	0	0
AF	0	0.330731	2	2	0	0	0	0	0
AF	0	0.331355	3	2	1	0	0	0	0
AF	0	0.331668	2	2	0	0	0	0	0
AF	0	0.331980	1	1	0	0	0	0	0
AF	0	0.332292	1	1	0	0	0	0	0
AF	0	0.332605	7	4	3	0	0	0	0
AF	0	0.332917	3	3	0	0	0	0	0
AF	0	0.333229	7	3	4	0	0	0	0
AF	0	0.333542	5	4	1	0	0	0	0
AF	0	0.333854	3	3	0	0	0	0	0
AF	0	0.334166	7	6	1	0	0	0	0
AF	0	0.335103	1	1	0	0	0	0	0
AF	0	0.336040	2	1	1	0	0	0	0
AF	0	0.336352	3	1	2	0	0	0	0
AF	0	0.336665	2	2	0	0	0	0	0
AF	0	0.336977	4	2	2	0	0	0	0
AF	0	0.337289	2	2	0	0	0	0	0
AF	0	0.337601	3	2	1	0	0	0	0
AF	0	0.338226	4	3	1	0	0	0	0
AF	0	0.338538	3	2	1	0	0	0	0
AF	0	0.338851	3	3	0	0	0	0	0
AF	0	0.339163	5	4	1	0	0	0	0
AF	0	0.339788	7	7	0	0	0	0	0
AF	0	0.340100	1	1	0	0	0	0	0
AF	0	0.340412	1	1	0	0	0	0	0
AF	0	0.341037	1	0	1	0	0	0	0
AF	0	0.341349	1	1	0	0	0	0	0
AF	0	0.341661	4	3	1	0	0	0	0
AF	0	0.341974	3	1	2	0	0	0	0
AF	0	0.342286	1	1	0	0	0	0	0
AF	0	0.342598	2	1	1	0	0	0	0
AF	0	0.342911	2	1	1	0	0	0	0
AF	0	0.343848	1	0	1	0	0	0	0
AF	0	0.344472	1	1	0	0	0	0	0
AF	0	0.345409	2	2	0	0	0	0	0
AF	0	0.346034	1	1	0	0	0	0	0
AF	0	0.347283	1	0	1	0	0	0	0
AF	0	0.347908	2	1	1	0	0	0	0
AF	0	0.349157	1	1	0	0	0	0	0
AF	0	0.349781	1	1	0	0	0	0	0
AF	0	0.352592	1	0	1	0	0	0	0
AF	0	0.353529	1	0	1	0	0	0	0
AF	0	0.354154	3	3	0	0	0	0	0
AF	0	0.354466	3	2	1	0	0	0	0
AF	0	0.354778	3	2	1	0	0	0	0
AF	0	0.355403	1	1	0	0	0	0	0
AF	0	0.356027	1	1	0	0	0	0	0
AF	0	0.356652	1	1	0	0	0	0	0
AF	0	0.357901	2	1	1	0	0	0	0
AF	0	0.358526	1	0	1	0	0	0	0
AF	0	0.359151	2	1	1	0	0	0	0
AF	0	0.359775	2	2	0	0	0	0	0
AF	0	0.361337	1	1	0	0	0	0	0
AF	0	0.361649	1	0	1	0	0	0	0
AF	0	0.362274	1	0	1	0	0	0	0
AF	0	0.362898	1	1	0	0	0	0	0
AF	0	0.363210	2	1	1	0	0	0	0
AF	0	0.363523	4	3	1	0	0	0	0
AF	0	0.363835	1	1	0	0	0	0	0
AF	0	0.364147	3	2	1	0	0	0	0
AF	0	0.364460	1	1	0	0	0	0	0
AF	0	0.364772	3	0	3	0	0	0	0
AF	0	0.365084	1	0	1	0	0	0	0
AF	0	0.365397	2	2	0	0	0	0	0
AF	0	0.366646	3	1	2	0	0	0	0
AF	0	0.366958	1	1	0	0	0	0	0
AF	0	0.367270	1	1	0	0	0	0	0
AF	0	0.368207	2	1	1	0	0	0	0
AF	0	0.368520	2	1	1	0	0	0	0
AF	0	0.369144	1	1	0	0	0	0	0
AF	0	0.370394	1	1	0	0	0	0	0
AF	0	0.371330	1	1	0	0	0	0	0
AF	0	0.371643	2	1	1	0	0	0	0
AF	0	0.372580	1	0	1	0	0	0	0
AF	0	0.372892	1	0	1	0	0	0	0
AF	0	0.373204	1	1	0	0	0	0	0
AF	0	0.373829	1	1	0	0	0	0	0
AF	0	0.375078	1	1	0	0	0	0	0
AF	0	0.375703	1	0	1	0	0	0	0
AF	0	0.376640	1	1	0	0	0	0	0
AF	0	0.377264	1	1	0	0	0	0	0
AF	0	0.378513	1	1	0	0	0	0	0
AF	0	0.379138	1	1	0	0	0	0	0
AF	0	0.379763	1	1	0	0	0	0	0
AF	0	0.380387	2	2	0	0	0	0	0
AF	0	0.380700	2	1	1	0	0	0	0
AF	0	0.381636	1	0	1	0	0	0	0
AF	0	0.381949	1	1	0	0	0	0	0
AF	0	0.382261	1	1	0	0	0	0	0
AF	0	0.383198	1	1	0	0	0	0	0
AF	0	0.383823	1	0	1	0	0	0	0
AF	0	0.384447	1	1	0	0	0	0	0
AF	0	0.384760	1	0	1	0	0	0	0
AF	0	0.385384	2	1	1	0	0	0	0
AF	0	0.385696	1	1	0	0	0	0	0
AF	0	0.386009	1	0	1	0	0	0	0
AF	0	0.387570	1	1	0	0	0	0	0
AF	0	0.389444	1	1	0	0	0	0	0
AF	0	0.391006	1	0	1	0	0	0	0
AF	0	0.391630	1	0	1	0	0	0	0
AF	0	0.392255	2	2	0	0	0	0	0
AF	0	0.392879	1	1	0	0	0	0	0
AF	0	0.393192	1	1	0	0	0	0	0
AF	0	0.393504	3	2	1	0	0	0	0
AF	0	0.394129	1	1	0	0	0	0	0
AF	0	0.394753	1	1	0	0	0	0	0
AF	0	0.395066	1	1	0	0	0	0	0
AF	0	0.395378	1	1	0	0	0	0	0
AF	0	0.396002	2	1	1	0	0	0	0
AF	0	0.397876	1	1	0	0	0	0	0
AF	0	0.398501	1	0	1	0	0	0	0
AF	0	0.398813	1	1	0	0	0	0	0
AF	0	0.400062	1	0	1	0	0	0	0
AF	0	0.400687	1	1	0	0	0	0	0
AF	0	0.400999	1	1	0	0	0	0	0
AF	0	0.401312	1	1	0	0	0	0	0
AF	0	0.402249	1	1	0	0	0	0	0
AF	0	0.402873	1	1	0	0	0	0	0
AF	0	0.405372	1	1	0	0	0	0	0
AF	0	0.405684	1	1	0	0	0	0	0
AF	0	0.405996	1	1	0	0	0	0	0
AF	0	0.410993	1	0	1	0	0	0	0
AF	0	0.411305	1	1	0	0	0	0	0
AF	0	0.411618	1	1	0	0	0	0	0
AF	0	0.411930	1	1	0	0	0	0	0
AF	0	0.413492	3	3	0	0	0	0	0
AF	0	0.413804	1	1	0	0	0	0	0
AF	0	0.414428	1	0	1	0	0	0	0
AF	0	0.414741	2	2	0	0	0	0	0
AF	0	0.415365	1	1	0	0	0	0	0
AF	0	0.415678	1	1	0	0	0	0	0
AF	0	0.416302	1	1	0	0	0	0	0
AF	0	0.416615	2	2	0	0	0	0	0
AF	0	0.417239	3	2	1	0	0	0	0
AF	0	0.417552	2	1	1	0	0	0	0
AF	0	0.417864	1	1	0	0	0	0	0
AF	0	0.418176	1	1	0	0	0	0	0
AF	0	0.418801	1	1	0	0	0	0	0
AF	0	0.420362	1	1	0	0	0	0	0
AF	0	0.422236	1	1	0	0	0	0	0
AF	0	0.423798	1	1	0	0	0	0	0
AF	0	0.424110	1	1	0	0	0	0	0
AF	0	0.425359	1	1	0	0	0	0	0
AF	0	0.425671	3	3	0	0	0	0	0
AF	0	0.425984	1	0	1	0	0	0	0
AF	0	0.426921	1	0	1	0	0	0	0
AF	0	0.427233	1	1	0	0	0	0	0
AF	0	0.427858	1	0	1	0	0	0	0
AF	0	0.430044	1	1	0	0	0	0	0
AF	0	0.430356	4	3	1	0	0	0	0
AF	0	0.431293	1	1	0	0	0	0	0
AF	0	0.431605	4	3	1	0	0	0	0
AF	0	0.431918	2	1	1	0	0	0	0
AF	0	0.432230	4	3	1	0	0	0	0
AF	0	0.432542	1	0	1	0	0	0	0
AF	0	0.432854	3	2	1	0	0	0	0
AF	0	0.433167	1	0	1	0	0	0	0
AF	0	0.433479	2	2	0	0	0	0	0
AF	0	0.433791	1	0	1	0	0	0	0
AF	0	0.434104	2	2	0	0	0	0	0
AF	0	0.434728	1	1	0	0	0	0	0
AF	0	0.435353	1	1	0	0	0	0	0
AF	0	0.437227	2	2	0	0	0	0	0
AF	0	0.437539	1	1	0	0	0	0	0
AF	0	0.437851	1	1	0	0	0	0	0
AF	0	0.438476	1	1	0	0	0	0	0
AF	0	0.440037	1	1	0	0	0	0	0
AF	0	0.442224	1	0	1	0	0	0	0
AF	0	0.442848	1	1	0	0	0	0	0
AF	0	0.444410	1	0	1	0	0	0	0
AF	0	0.445034	1	1	0	0	0	0	0
AF	0	0.446908	1	0	1	0	0	0	0
AF	0	0.448157	1	1	0	0	0	0	0
AF	0	0.448782	1	0	1	0	0	0	0
AF	0	0.449407	1	1	0	0	0	0	0
AF	0	0.451280	1	1	0	0	0	0	0
AF	0	0.451593	1	1	0	0	0	0	0
AF	0	0.451905	1	1	0	0	0	0	0
AF	0	0.453779	1	0	1	0	0	0	0
AF	0	0.454716	1	1	0	0	0	0	0
AF	0	0.458776	2	1	1	0	0	0	0
AF	0	0.459400	1	1	0	0	0	0	0
AF	0	0.460962	1	1	0	0	0	0	0
AF	0	0.461274	1	1	0	0	0	0	0
AF	0	0.461587	1	1	0	0	0	0	0
AF	0	0.462523	2	1	1	0	0	0	0
AF	0	0.464085	1	1	0	0	0	0	0
AF	0	0.466583	1	1	0	0	0	0	0
AF	0	0.466896	1	1	0	0	0	0	0
AF	0	0.470019	1	1	0	0	0	0	0
AF	0	0.471893	1	0	1	0	0	0	0
AF	0	0.479076	1	1	0	0	0	0	0
AF	0	0.479388	2	2	0	0	0	0	0
AF	0	0.480325	1	1	0	0	0	0	0
AF	0	0.482199	1	0	1	0	0	0	0
AF	0	0.482511	1	0	1	0	0	0	0
AF	0	0.483136	2	1	1	0	0	0	0
AF	0	0.495628	1	0	1	0	0	0	0
AF	0	0.499375	1	1	0	0	0	0	0
AF	0	0.501874	1	1	0	0	0	0	0
AF	0	0.506871	1	1	0	0	0	0	0
AF	0	0.507808	1	1	0	0	0	0	0
AF	0	0.508120	1	1	0	0	0	0	0
AF	0	0.508432	1	1	0	0	0	0	0
AF	0	0.508745	1	1	0	0	0	0	0
AF	0	0.514054	1	1	0	0	0	0	0
AF	0	0.522174	1	1	0	0	0	0	0
AF	0	0.522486	1	1	0	0	0	0	0
AF	0	0.527483	1	0	1	0	0	0	0
AF	0	0.527795	1	1	0	0	0	0	0
AF	0	0.528107	1	1	0	0	0	0	0
AF	0	0.531230	1	1	0	0	0	0	0
AF	0	0.532792	2	1	1	0	0	0	0
AF	0	0.533104	3	2	1	0	0	0	0
AF	0	0.533729	2	1	1	0	0	0	0
AF	0	0.534978	1	1	0	0	0	0	0
AF	0	0.535290	1	1	0	0	0	0	0
AF	0	0.537789	1	1	0	0	0	0	0
AF	0	0.540600	1	1	0	0	0	0	0
AF	0	0.541849	1	0	1	0	0	0	0
AF	0	0.545597	1	1	0	0	0	0	0
AF	0	0.551530	1	0	1	0	0	0	0
AF	0	0.553716	1	1	0	0	0	0	0
AF	0	0.556527	1	0	1	0	0	0	0
AF	0	0.557776	1	1	0	0	0	0	0
AF	0	0.558401	2	2	0	0	0	0	0
AF	0	0.558713	2	2	0	0	0	0	0
AF	0	0.559963	1	0	1	0	0	0	0
AF	0	0.563398	2	2	0	0	0	0	0
AF	0	0.564335	1	1	0	0	0	0	0
AF	0	0.564647	2	1	1	0	0	0	0
AF	0	0.565272	2	2	0	0	0	0	0
AF	0	0.565584	1	1	0	0	0	0	0
AF	0	0.565896	1	1	0	0	0	0	0
AF	0	0.569332	1	1	0	0	0	0	0
AF	0	0.569644	1	1	0	0	0	0	0
AF	0	0.574016	1	1	0	0	0	0	0
AF	0	0.574953	1	0	1	0	0	0	0
AF	0	0.579013	1	1	0	0	0	0	0
AF	0	0.580887	1	1	0	0	0	0	0
AF	0	0.581512	2	0	2	0	0	0	0
AF	0	0.582136	1	1	0	0	0	0	0
AF	0	0.582448	1	0	1	0	0	0	0
AF	0	0.584635	2	0	2	0	0	0	0
AF	0	0.585259	1	1	0	0	0	0	0
AF	0	0.585884	2	1	1	0	0	0	0
AF	0	0.586821	1	1	0	0	0	0	0
AF	0	0.587758	5	3	2	0	0	0	0
AF	0	0.588695	2	0	2	0	0	0	0
AF	0	0.589944	1	0	1	0	0	0	0
AF	0	0.590256	1	1	0	0	0	0	0
AF	0	0.592755	1	1	0	0	0	0	0
AF	0	0.594004	3	1	2	0	0	0	0
AF	0	0.595565	1	0	1	0	0	0	0
AF	0	0.595878	1	0	1	0	0	0	0
AF	0	0.597439	1	1	0	0	0	0	0
AF	0	0.600250	2	1	1	0	0	0	0
AF	0	0.600562	1	1	0	0	0	0	0
AF	0	0.600874	1	0	1	0	0	0	0
AF	0	0.601811	1	0	1	0	0	0	0
AF	0	0.602436	1	1	0	0	0	0	0
AF	0	0.603998	2	1	1	0	0	0	0
AF	0	0.604310	1	1	0	0	0	0	0
AF	0	0.604622	1	0	1	0	0	0	0
AF	0	0.605247	1	1	0	0	0	0	0
AF	0	0.605871	1	1	0	0	0	0	0
AF	0	0.607433	1	1	0	0	0	0	0
AF	0	0.608057	2	2	0	0	0	0	0
AF	0	0.608994	1	1	0	0	0	0	0
AF	0	0.609619	1	1	0	0	0	0	0
AF	0	0.610868	1	0	1	0	0	0	0
AF	0	0.611181	1	1	0	0	0	0	0
AF	0	0.613367	3	3	0	0	0	0	0
AF	0	0.613991	1	0	1	0	0	0	0
AF	0	0.614616	1	1	0	0	0	0	0
AF	0	0.615240	2	2	0	0	0	0	0
AF	0	0.615553	1	0	1	0	0	0	0
AF	0	0.615865	3	3	0	0	0	0	0
AF	0	0.616490	1	1	0	0	0	0	0
AF	0	0.617114	4	3	1	0	0	0	0
AF	0	0.617427	2	2	0	0	0	0	0
AF	0	0.617739	5	4	1	0	0	0	0
AF	0	0.618051	7	6	1	0	0	0	0
AF	0	0.618364	12	9	3	0	0	0	0
AF	0	0.618676	1	1	0	0	0	0	0
AF	0	0.621174	1	0	1	0	0	0	0
AF	0	0.623048	1	1	0	0	0	0	0
AF	0	0.625859	1	1	0	0	0	0	0
AF	0	0.626796	1	1	0	0	0	0	0
AF	0	0.627733	1	1	0	0	0	0	0
AF	0	0.629294	1	1	0	0	0	0	0
AF	0	0.632105	1	1	0	0	0	0	0
AF	0	0.634291	2	2	0	0	0	0	0
AF	0	0.634916	1	1	0	0	0	0	0
AF	0	0.635853	1	0	1	0	0	0	0
AF	0	0.636165	2	1	1	0	0	0	0
AF	0	0.636477	1	0	1	0	0	0	0
AF	0	0.637102	2	2	0	0	0	0	0
AF	0	0.637414	2	1	1	0	0	0	0
AF	0	0.638039	1	0	1	0	0	0	0
AF	0	0.638351	3	1	2	0	0	0	0
AF	0	0.638976	2	1	1	0	0	0	0
AF	0	0.639288	1	0	1	0	0	0	0
AF	0	0.639913	1	1	0	0	0	0	0
AF	0	0.640225	1	1	0	0	0	0	0
AF	0	0.640537	1	1	0	0	0	0	0
AF	0	0.640849	3	3	0	0	0	0	0
AF	0	0.641162	1	1	0	0	0	0	0
AF	0	0.641474	5	2	3	0	0	0	0
AF	0	0.641786	2	0	2	0	0	0	0
AF	0	0.642099	2	1	1	0	0	0	0
AF	0	0.642723	3	3	0	0	0	0	0
AF	0	0.645534	1	1	0	0	0	0	0
AF	0	0.647096	2	1	1	0	0	0	0
AF	0	0.648032	1	1	0	0	0	0	0
AF	0	0.648345	1	0	1	0	0	0	0
AF	0	0.649282	1	1	0	0	0	0	0
AF	0	0.649594	1	1	0	0	0	0	0
AF	0	0.649906	1	0	1	0	0	0	0
AF	0	0.650843	1	1	0	0	0	0	0
AF	0	0.651780	1	1	0	0	0	0	0
AF	0	0.655840	3	1	2	0	0	0	0
AF	0	0.656152	5	3	2	0	0	0	0
AF	0	0.656465	13	8	5	0	0	0	0
AF	0	0.656777	5	5	0	0	0	0	0
AF	0	0.657089	2	1	1	0	0	0	0
AF	0	0.657402	2	2	0	0	0	0	0
AF	0	0.657714	1	1	0	0	0	0	0
AF	0	0.658339	5	5	0	0	0	0	0
AF	0	0.658651	3	2	1	0	0	0	0
AF	0	0.658963	4	4	0	0	0	0	0
AF	0	0.659588	5	4	1	0	0	0	0
AF	0	0.659900	1	0	1	0	0	0	0
AF	0	0.660212	2	2	0	0	0	0	0
AF	0	0.660525	1	1	0	0	0	0	0
AF	0	0.660837	1	1	0	0	0	0	0
AF	0	0.661462	3	3	0	0	0	0	0
AF	0	0.662711	2	0	2	0	0	0	0
AF	0	0.663960	1	0	1	0	0	0	0
AF	0	0.664272	2	1	1	0	0	0	0
AF	0	0.664585	7	6	1	0	0	0	0
AF	0	0.664897	6	4	2	0	0	0	0
AF	0	0.665209	30	28	2	0	0	0	0
AF	0	0.665522	10	7	3	0	0	0	0
AF	0	0.665834	6	3	3	0	0	0	0
AF	0	0.666146	1	1	0	0	0	0	0
AF	0	0.666458	1	1	0	0	0	0	0
AF	0	0.666771	1	0	1	0	0	0	0
AF	0	0.667083	1	0	1	0	0	0	0
AF	0	0.668645	1	1	0	0	0	0	0
AF	0	0.669269	1	1	0	0	0	0	0
AF	0	0.670518	3	2	1	0	0	0	0
AF	0	0.671143	2	1	1	0	0	0	0
AF	0	0.672392	2	1	1	0	0	0	0
AF	0	0.673017	1	1	0	0	0	0	0
AF	0	0.676140	1	0	1	0	0	0	0
AF	0	0.678014	1	1	0	0	0	0	0
AF	0	0.680824	1	1	0	0	0	0	0
AF	0	0.682386	1	1	0	0	0	0	0
AF	0	0.683948	1	0	1	0	0	0	0
AF	0	0.685509	1	1	0	0	0	0	0
AF	0	0.689881	2	2	0	0	0	0	0
AF	0	0.690506	2	2	0	0	0	0	0
AF	0	0.691131	2	1	1	0	0	0	0
AF	0	0.691755	2	1	1	0	0	0	0
AF	0	0.692067	2	2	0	0	0	0	0
AF	0	0.692692	1	0	1	0	0	0	0
AF	0	0.693317	1	0	1	0	0	0	0
AF	0	0.693941	1	1	0	0	0	0	0
AF	0	0.694254	1	1	0	0	0	0	0
AF	0	0.694566	1	0	1	0	0	0	0
AF	0	0.696752	1	1	0	0	0	0	0
AF	0	0.698314	1	1	0	0	0	0	0
AF	0	0.699875	1	0	1	0	0	0	0
AF	0	0.700187	1	1	0	0	0	0	0
AF	0	0.700500	1	1	0	0	0	0	0
AF	0	0.701749	1	1	0	0	0	0	0
AF	0	0.707370	1	0	1	0	0	0	0
AF	0	0.708307	2	1	1	0	0	0	0
AF	0	0.709244	1	1	0	0	0	0	0
AF	0	0.709557	1	1	0	0	0	0	0
AF	0	0.709869	1	1	0	0	0	0	0
AF	0	0.710493	1	0	1	0	0	0	0
AF	0	0.713929	1	1	0	0	0	0	0
AF	0	0.714241	1	1	0	0	0	0	0
AF	0	0.714866	1	1	0	0	0	0	0
AF	0	0.715490	1	1	0	0	0	0	0
AF	0	0.715803	1	0	1	0	0	0	0
AF	0	0.716740	3	2	1	0	0	0	0
AF	0	0.717052	1	1	0	0	0	0	0
AF	0	0.717989	2	2	0	0	0	0	0
AF	0	0.718926	1	1	0	0	0	0	0
AF	0	0.719550	2	1	1	0	0	0	0
AF	0	0.719863	1	1	0	0	0	0	0
AF	0	0.721112	1	1	0	0	0	0	0
AF	0	0.722361	1	1	0	0	0	0	0
AF	0	0.723610	2	0	2	0	0	0	0
AF	0	0.727046	1	1	0	0	0	0	0
AF	0	0.728607	1	0	1	0	0	0	0
AF	0	0.729544	1	0	1	0	0	0	0
AF	0	0.732355	1	1	0	0	0	0	0
AF	0	0.736102	1	0	1	0	0	0	0
AF	0	0.738289	1	1	0	0	0	0	0
AF	0	0.760462	1	1	0	0	0	0	0
AF	0	0.764210	1	0	1	0	0	0	0
AF	0	0.770768	1	0	1	0	0	0	0
AF	0	0.775453	2	2	0	0	0	0	0
AF	0	0.777327	1	1	0	0	0	0	0
AF	0	0.777639	1	1	0	0	0	0	0
AF	0	0.787008	1	1	0	0	0	0	0
AF	0	0.801999	1	1	0	0	0	0	0
AF	0	0.802623	1	0	1	0	0	0	0
AF	0	0.803560	1	1	0	0	0	0	0
AF	0	0.838851	1	1	0	0	0	0	0
AF	0	0.841974	1	0	1	0	0	0	0
AF	0	0.844472	1	0	1	0	0	0	0
AF	0	0.845721	1	1	0	0	0	0	0
AF	0	0.849781	1	1	0	0	0	0	0
AF	0	0.857901	1	0	1	0	0	0	0
AF	0	0.862274	1	1	0	0	0	0	0
AF	0	0.862898	1	0	1	0	0	0	0
AF	0	0.863210	1	1	0	0	0	0	0
AF	0	0.863835	1	1	0	0	0	0	0
AF	0	0.864460	1	1	0	0	0	0	0
AF	0	0.869144	1	1	0	0	0	0	0
AF	0	0.873204	1	1	0	0	0	0	0
AF	0	0.873829	1	0	1	0	0	0	0
AF	0	0.875390	1	0	1	0	0	0	0
AF	0	0.875703	1	1	0	0	0	0	0
AF	0	0.876015	1	0	1	0	0	0	0
AF	0	0.877577	1	1	0	0	0	0	0
AF	0	0.881949	1	1	0	0	0	0	0
AF	0	0.891006	1	1	0	0	0	0	0
AF	0	0.891630	1	1	0	0	0	0	0
AF	0	0.900375	1	0	1	0	0	0	0
AF	0	0.902561	1	0	1	0	0	0	0
AF	0	0.913492	1	1	0	0	0	0	0
AF	0	0.915053	1	1	0	0	0	0	0
AF	0	0.917239	1	1	0	0	0	0	0
AF	0	0.930044	1	1	0	0	0	0	0
AF	0	0.934104	1	1	0	0	0	0	0
AF	0	0.941911	1	1	0	0	0	0	0
AF	0	0.942224	3	2	1	0	0	0	0
AF	0	0.942536	1	1	0	0	0	0	0
AF	0	0.942848	1	1	0	0	0	0	0
AF	0	0.948157	1	0	1	0	0	0	0
AF	0	0.952530	1	0	1	0	0	0	0
AF	0	0.953467	1	1	0	0	0	0	0
AF	0	0.954716	1	1	0	0	0	0	0
AF	0	0.955965	1	1	0	0	0	0	0
AF	0	0.963460	1	1	0	0	0	0	0
AF	0	0.977826	1	0	1	0	0	0	0
AF	0	0.978451	1	1	0	0	0	0	0
AF	0	0.980325	1	1	0	0	0	0	0
AF	0	0.980949	1	0	1	0	0	0	0
AF	0	0.981262	1	1	0	0	0	0	0
AF	0	0.981574	1	1	0	0	0	0	0
AF	0	0.983760	1	1	0	0	0	0	0
AF	0	0.984072	1	1	0	0	0	0	0
AF	0	0.986571	1	0	1	0	0	0	0
AF	0	0.988132	1	1	0	0	0	0	0
AF	0	0.988445	1	0	1	0	0	0	0
AF	0	0.989069	1	1	0	0	0	0	0
AF	0	0.989382	1	1	0	0	0	0	0
AF	0	0.990006	1	1	0	0	0	0	0
AF	0	0.990319	1	1	0	0	0	0	0
AF	0	0.994379	2	1	1	0	0	0	0
AF	0	0.996565	1	0	1	0	0	0	0
AF	0	0.997189	1	0	1	0	0	0	0
AF	0	0.997502	1	0	1	0	0	0	0
AF	0	0.997814	3	3	0	0	0	0	0
AF	0	0.998126	1	1	0	0	0	0	0
AF	0	0.998438	4	2	2	0	0	0	0
AF	0	0.999063	1	1	0	0	0	0	0
# QUAL, Stats by quality
# QUAL	[2]id	[3]Quality	[4]number of SNPs	[5]number of transitions (1st ALT)	[6]number of transversions (1st ALT)	[7]number of indels
QUAL	0	.	15371	10676	4695	0
# IDD, InDel distribution:
# IDD	[2]id	[3]length (deletions negative)	[4]number of sites	[5]number of genotypes	[6]mean VAF
# ST, Substitution types:
# ST	[2]id	[3]type	[4]count
ST	0	A>C	499
ST	0	A>G	2163
ST	0	A>T	540
ST	0	C>A	678
ST	0	C>G	625
ST	0	C>T	3138
ST	0	G>A	3227
ST	0	G>C	648
ST	0	G>T	680
ST	0	T>A	526
ST	0	T>C	2148
ST	0	T>G	499
# DP, Depth distribution
# DP	[2]id	[3]bin	[4]number of genotypes	[5]fraction of genotypes (%)	[6]number of sites	[7]fraction of sites (%)
  - Fix haploid genotypes in males...

Submit MakeDiploidMalesX finished successfully. Let's have a beer, buddy!

