Submit MakeDiploidMalesX
version 1.1.6 (2024-09-30)

These are the settings:
  Input file................: /hpc/local/Rocky8/dhl_ec/software/MonopogenLite/resources/1kGP_high_coverage_Illumina.SNVonly_poly.filtered_AF_5e-04.norm.fixvariantid.chrX.vcf.gz
  Output file...............: /hpc/local/Rocky8/dhl_ec/software/MonopogenLite/resources/1kGP_high_coverage_Illumina.SNVonly_poly.filtered_AF_5e-04.norm.fixvariantid.makediploid.chrX.vcf.gz
  Chunk size................: 100

  SLURM CPUs................: 4
  SLURM Array ID............: 90 (of 100)
  SLURM memory..............: 16G
  SLURM time................: 01:00:00
  SLURM mail type...........: FAIL
  SLURM mail user...........: s.w.vanderlaan-2@umcutrecht.nl

  Dry run mode..............: 0
  Debug mode................: 1
  Verbosity.................: 0
  Version...................: 1.1.6 (2024-09-30)

Making converting haploid genotypes to diploid genotypes.
> Extract the region for this SLURM task (# 90) from the BED file.
  - Get the chunk number from the SLURM array task ID and the bed file...
DEBUG: Extracting chunk number: 90p from 90
DEBUG: Extracting region from BED file: /hpc/local/Rocky8/dhl_ec/software/MonopogenLite/resources/chrX_100pieces.bed
  - Extract the region from the BED file...
DEBUG: Extracted raw region: 'chrX	138876313	140436720' (chunk #: 90p of 100 for job 90)
  - Check if a valid region was extracted -- should be 'chrX	138876313	140436720'...
  - Prepare the region for bcftools...
  - Check if the region (chrX:138876313-140436720) was successfully extracted...
> Processing region 'chrX:138876313-140436720'...
  - Process the specific region (chunk# 90) using bcftools view...
  - Index the VCF file...
DEBUG: Check if the VCF file was successfully processed...
##fileformat=VCFv4.2
##FILTER=<ID=PASS,Description="All filters passed">
##fileDate=29/01/2022 - 14:31:41
##source=shapeit4.2.2
##contig=<ID=chr1,length=248956422>
##contig=<ID=chr2,length=242193529>
##contig=<ID=chr3,length=198295559>
##contig=<ID=chr4,length=190214555>
##contig=<ID=chr5,length=181538259>
##contig=<ID=chr6,length=170805979>
# This file was produced by bcftools stats (1.20+htslib-1.20) and can be plotted using plot-vcfstats.
# The command line was:	bcftools stats  /hpc/local/Rocky8/dhl_ec/software/MonopogenLite/resources/chrX.part90.vcf.gz
#
# Definition of sets:
# ID	[2]id	[3]tab-separated file names
ID	0	/hpc/local/Rocky8/dhl_ec/software/MonopogenLite/resources/chrX.part90.vcf.gz
# SN, Summary numbers:
#   number of records   .. number of data rows in the VCF
#   number of no-ALTs   .. reference-only sites, ALT is either "." or identical to REF
#   number of SNPs      .. number of rows with a SNP
#   number of MNPs      .. number of rows with a MNP, such as CC>TT
#   number of indels    .. number of rows with an indel
#   number of others    .. number of rows with other type, for example a symbolic allele or
#                          a complex substitution, such as ACT>TCGA
#   number of multiallelic sites     .. number of rows with multiple alternate alleles
#   number of multiallelic SNP sites .. number of rows with multiple alternate alleles, all SNPs
# 
#   Note that rows containing multiple types will be counted multiple times, in each
#   counter. For example, a row with a SNP and an indel increments both the SNP and
#   the indel counter.
# 
# SN	[2]id	[3]key	[4]value
SN	0	number of samples:	3202
SN	0	number of records:	15638
SN	0	number of no-ALTs:	0
SN	0	number of SNPs:	15638
SN	0	number of MNPs:	0
SN	0	number of indels:	0
SN	0	number of others:	0
SN	0	number of multiallelic sites:	0
SN	0	number of multiallelic SNP sites:	0
# TSTV, transitions/transversions:
# TSTV	[2]id	[3]ts	[4]tv	[5]ts/tv	[6]ts (1st ALT)	[7]tv (1st ALT)	[8]ts/tv (1st ALT)
TSTV	0	10656	4982	2.14	10656	4982	2.14
# SiS, Singleton stats:
# SiS	[2]id	[3]allele count	[4]number of SNPs	[5]number of transitions	[6]number of transversions	[7]number of indels	[8]repeat-consistent	[9]repeat-inconsistent	[10]not applicable
SiS	0	1	0	0	0	0	0	0	0
# AF, Stats by non-reference allele frequency:
# AF	[2]id	[3]allele frequency	[4]number of SNPs	[5]number of transitions	[6]number of transversions	[7]number of indels	[8]repeat-consistent	[9]repeat-inconsistent	[10]not applicable
AF	0	0.000312	2367	1650	717	0	0	0	0
AF	0	0.000625	1444	990	454	0	0	0	0
AF	0	0.000937	1456	990	466	0	0	0	0
AF	0	0.001249	537	378	159	0	0	0	0
AF	0	0.001562	775	513	262	0	0	0	0
AF	0	0.001874	286	174	112	0	0	0	0
AF	0	0.002186	580	396	184	0	0	0	0
AF	0	0.002498	254	172	82	0	0	0	0
AF	0	0.002811	439	297	142	0	0	0	0
AF	0	0.003123	198	148	50	0	0	0	0
AF	0	0.003435	332	228	104	0	0	0	0
AF	0	0.003748	109	68	41	0	0	0	0
AF	0	0.004060	213	146	67	0	0	0	0
AF	0	0.004372	131	84	47	0	0	0	0
AF	0	0.004685	165	104	61	0	0	0	0
AF	0	0.004997	103	66	37	0	0	0	0
AF	0	0.005309	159	107	52	0	0	0	0
AF	0	0.005621	97	59	38	0	0	0	0
AF	0	0.005934	139	103	36	0	0	0	0
AF	0	0.006246	59	42	17	0	0	0	0
AF	0	0.006558	141	96	45	0	0	0	0
AF	0	0.006871	46	32	14	0	0	0	0
AF	0	0.007183	112	68	44	0	0	0	0
AF	0	0.007495	56	39	17	0	0	0	0
AF	0	0.007808	79	58	21	0	0	0	0
AF	0	0.008120	55	35	20	0	0	0	0
AF	0	0.008432	78	57	21	0	0	0	0
AF	0	0.008745	62	43	19	0	0	0	0
AF	0	0.009057	95	58	37	0	0	0	0
AF	0	0.009369	34	23	11	0	0	0	0
AF	0	0.009681	86	58	28	0	0	0	0
AF	0	0.009994	27	17	10	0	0	0	0
AF	0	0.010306	74	57	17	0	0	0	0
AF	0	0.010618	32	21	11	0	0	0	0
AF	0	0.010931	63	48	15	0	0	0	0
AF	0	0.011243	39	27	12	0	0	0	0
AF	0	0.011555	57	37	20	0	0	0	0
AF	0	0.011868	49	34	15	0	0	0	0
AF	0	0.012180	39	26	13	0	0	0	0
AF	0	0.012492	123	77	46	0	0	0	0
AF	0	0.012804	83	57	26	0	0	0	0
AF	0	0.013117	45	32	13	0	0	0	0
AF	0	0.013429	70	44	26	0	0	0	0
AF	0	0.013741	52	40	12	0	0	0	0
AF	0	0.014054	62	46	16	0	0	0	0
AF	0	0.014366	32	20	12	0	0	0	0
AF	0	0.014678	41	28	13	0	0	0	0
AF	0	0.014991	38	25	13	0	0	0	0
AF	0	0.015303	40	28	12	0	0	0	0
AF	0	0.015615	13	10	3	0	0	0	0
AF	0	0.015928	48	28	20	0	0	0	0
AF	0	0.016240	28	20	8	0	0	0	0
AF	0	0.016552	42	27	15	0	0	0	0
AF	0	0.016864	16	9	7	0	0	0	0
AF	0	0.017177	38	24	14	0	0	0	0
AF	0	0.017489	16	8	8	0	0	0	0
AF	0	0.017801	46	28	18	0	0	0	0
AF	0	0.018114	20	18	2	0	0	0	0
AF	0	0.018426	48	34	14	0	0	0	0
AF	0	0.018738	21	15	6	0	0	0	0
AF	0	0.019051	49	35	14	0	0	0	0
AF	0	0.019363	19	14	5	0	0	0	0
AF	0	0.019675	25	18	7	0	0	0	0
AF	0	0.019988	17	13	4	0	0	0	0
AF	0	0.020300	19	10	9	0	0	0	0
AF	0	0.020612	10	8	2	0	0	0	0
AF	0	0.020924	20	12	8	0	0	0	0
AF	0	0.021237	13	10	3	0	0	0	0
AF	0	0.021549	33	25	8	0	0	0	0
AF	0	0.021861	14	11	3	0	0	0	0
AF	0	0.022174	24	16	8	0	0	0	0
AF	0	0.022486	7	4	3	0	0	0	0
AF	0	0.022798	30	21	9	0	0	0	0
AF	0	0.023111	14	13	1	0	0	0	0
AF	0	0.023423	44	36	8	0	0	0	0
AF	0	0.023735	11	7	4	0	0	0	0
AF	0	0.024047	15	12	3	0	0	0	0
AF	0	0.024360	10	5	5	0	0	0	0
AF	0	0.024672	15	10	5	0	0	0	0
AF	0	0.024984	3	3	0	0	0	0	0
AF	0	0.025297	25	18	7	0	0	0	0
AF	0	0.025609	7	4	3	0	0	0	0
AF	0	0.025921	19	13	6	0	0	0	0
AF	0	0.026234	7	7	0	0	0	0	0
AF	0	0.026546	26	22	4	0	0	0	0
AF	0	0.026858	12	8	4	0	0	0	0
AF	0	0.027171	17	11	6	0	0	0	0
AF	0	0.027483	12	10	2	0	0	0	0
AF	0	0.027795	26	19	7	0	0	0	0
AF	0	0.028107	13	6	7	0	0	0	0
AF	0	0.028420	27	18	9	0	0	0	0
AF	0	0.028732	15	11	4	0	0	0	0
AF	0	0.029044	13	10	3	0	0	0	0
AF	0	0.029669	10	7	3	0	0	0	0
AF	0	0.029981	10	8	2	0	0	0	0
AF	0	0.030294	11	9	2	0	0	0	0
AF	0	0.030606	6	4	2	0	0	0	0
AF	0	0.030918	13	11	2	0	0	0	0
AF	0	0.031230	10	7	3	0	0	0	0
AF	0	0.031543	7	7	0	0	0	0	0
AF	0	0.031855	1	1	0	0	0	0	0
AF	0	0.032167	13	8	5	0	0	0	0
AF	0	0.032480	13	6	7	0	0	0	0
AF	0	0.032792	7	3	4	0	0	0	0
AF	0	0.033104	5	4	1	0	0	0	0
AF	0	0.033417	16	9	7	0	0	0	0
AF	0	0.033729	4	1	3	0	0	0	0
AF	0	0.034041	8	7	1	0	0	0	0
AF	0	0.034354	3	3	0	0	0	0	0
AF	0	0.034666	12	7	5	0	0	0	0
AF	0	0.034978	6	5	1	0	0	0	0
AF	0	0.035290	16	9	7	0	0	0	0
AF	0	0.035603	2	1	1	0	0	0	0
AF	0	0.035915	7	4	3	0	0	0	0
AF	0	0.036227	1	1	0	0	0	0	0
AF	0	0.036540	4	3	1	0	0	0	0
AF	0	0.036852	9	6	3	0	0	0	0
AF	0	0.037164	15	11	4	0	0	0	0
AF	0	0.037477	9	6	3	0	0	0	0
AF	0	0.037789	19	11	8	0	0	0	0
AF	0	0.038101	11	7	4	0	0	0	0
AF	0	0.038413	14	9	5	0	0	0	0
AF	0	0.038726	3	2	1	0	0	0	0
AF	0	0.039038	11	6	5	0	0	0	0
AF	0	0.039350	11	8	3	0	0	0	0
AF	0	0.039663	10	8	2	0	0	0	0
AF	0	0.039975	2	2	0	0	0	0	0
AF	0	0.040287	14	14	0	0	0	0	0
AF	0	0.040600	2	2	0	0	0	0	0
AF	0	0.040912	9	6	3	0	0	0	0
AF	0	0.041224	4	3	1	0	0	0	0
AF	0	0.041537	6	2	4	0	0	0	0
AF	0	0.041849	3	3	0	0	0	0	0
AF	0	0.042161	2	2	0	0	0	0	0
AF	0	0.042473	3	2	1	0	0	0	0
AF	0	0.042786	6	5	1	0	0	0	0
AF	0	0.043098	3	2	1	0	0	0	0
AF	0	0.043410	8	7	1	0	0	0	0
AF	0	0.043723	6	5	1	0	0	0	0
AF	0	0.044035	3	2	1	0	0	0	0
AF	0	0.044347	5	5	0	0	0	0	0
AF	0	0.044660	16	10	6	0	0	0	0
AF	0	0.044972	5	3	2	0	0	0	0
AF	0	0.045284	7	4	3	0	0	0	0
AF	0	0.045909	5	4	1	0	0	0	0
AF	0	0.046221	3	2	1	0	0	0	0
AF	0	0.046533	7	4	3	0	0	0	0
AF	0	0.046846	5	3	2	0	0	0	0
AF	0	0.047158	5	4	1	0	0	0	0
AF	0	0.047470	2	2	0	0	0	0	0
AF	0	0.047783	7	4	3	0	0	0	0
AF	0	0.048095	5	4	1	0	0	0	0
AF	0	0.048407	16	10	6	0	0	0	0
AF	0	0.048720	4	3	1	0	0	0	0
AF	0	0.049032	5	5	0	0	0	0	0
AF	0	0.049344	2	1	1	0	0	0	0
AF	0	0.049656	11	7	4	0	0	0	0
AF	0	0.049969	2	2	0	0	0	0	0
AF	0	0.050281	8	5	3	0	0	0	0
AF	0	0.050593	6	3	3	0	0	0	0
AF	0	0.050906	6	4	2	0	0	0	0
AF	0	0.051218	7	5	2	0	0	0	0
AF	0	0.051530	6	6	0	0	0	0	0
AF	0	0.052155	7	6	1	0	0	0	0
AF	0	0.052467	1	1	0	0	0	0	0
AF	0	0.052780	4	4	0	0	0	0	0
AF	0	0.053092	2	1	1	0	0	0	0
AF	0	0.053404	9	6	3	0	0	0	0
AF	0	0.053716	1	1	0	0	0	0	0
AF	0	0.054029	5	3	2	0	0	0	0
AF	0	0.054341	4	1	3	0	0	0	0
AF	0	0.054653	4	2	2	0	0	0	0
AF	0	0.054966	1	1	0	0	0	0	0
AF	0	0.055278	2	0	2	0	0	0	0
AF	0	0.055590	4	2	2	0	0	0	0
AF	0	0.055903	10	9	1	0	0	0	0
AF	0	0.056215	5	5	0	0	0	0	0
AF	0	0.056527	10	8	2	0	0	0	0
AF	0	0.056839	3	2	1	0	0	0	0
AF	0	0.057152	1	0	1	0	0	0	0
AF	0	0.057464	7	5	2	0	0	0	0
AF	0	0.057776	4	3	1	0	0	0	0
AF	0	0.058089	1	1	0	0	0	0	0
AF	0	0.058401	4	0	4	0	0	0	0
AF	0	0.058713	7	6	1	0	0	0	0
AF	0	0.059026	11	4	7	0	0	0	0
AF	0	0.059338	7	6	1	0	0	0	0
AF	0	0.059650	8	4	4	0	0	0	0
AF	0	0.059963	2	1	1	0	0	0	0
AF	0	0.060275	10	8	2	0	0	0	0
AF	0	0.060587	1	0	1	0	0	0	0
AF	0	0.060899	2	1	1	0	0	0	0
AF	0	0.061212	1	0	1	0	0	0	0
AF	0	0.061524	3	3	0	0	0	0	0
AF	0	0.061836	2	1	1	0	0	0	0
AF	0	0.062149	4	3	1	0	0	0	0
AF	0	0.062461	9	8	1	0	0	0	0
AF	0	0.062773	17	10	7	0	0	0	0
AF	0	0.063398	13	9	4	0	0	0	0
AF	0	0.063710	8	7	1	0	0	0	0
AF	0	0.064022	3	3	0	0	0	0	0
AF	0	0.064335	1	1	0	0	0	0	0
AF	0	0.064647	3	1	2	0	0	0	0
AF	0	0.064959	2	1	1	0	0	0	0
AF	0	0.065272	5	3	2	0	0	0	0
AF	0	0.065584	1	1	0	0	0	0	0
AF	0	0.065896	2	2	0	0	0	0	0
AF	0	0.066209	1	0	1	0	0	0	0
AF	0	0.066521	1	0	1	0	0	0	0
AF	0	0.066833	1	1	0	0	0	0	0
AF	0	0.067146	7	5	2	0	0	0	0
AF	0	0.067458	3	1	2	0	0	0	0
AF	0	0.067770	8	5	3	0	0	0	0
AF	0	0.068082	1	1	0	0	0	0	0
AF	0	0.068395	6	3	3	0	0	0	0
AF	0	0.068707	1	0	1	0	0	0	0
AF	0	0.069019	3	3	0	0	0	0	0
AF	0	0.069644	5	1	4	0	0	0	0
AF	0	0.069956	3	1	2	0	0	0	0
AF	0	0.070269	3	2	1	0	0	0	0
AF	0	0.070581	1	0	1	0	0	0	0
AF	0	0.070893	1	1	0	0	0	0	0
AF	0	0.071205	3	3	0	0	0	0	0
AF	0	0.071518	6	5	1	0	0	0	0
AF	0	0.071830	1	1	0	0	0	0	0
AF	0	0.072142	5	3	2	0	0	0	0
AF	0	0.072455	3	3	0	0	0	0	0
AF	0	0.072767	4	3	1	0	0	0	0
AF	0	0.073079	2	1	1	0	0	0	0
AF	0	0.073392	4	3	1	0	0	0	0
AF	0	0.073704	3	3	0	0	0	0	0
AF	0	0.074641	7	6	1	0	0	0	0
AF	0	0.074953	1	1	0	0	0	0	0
AF	0	0.075265	3	1	2	0	0	0	0
AF	0	0.075578	7	5	2	0	0	0	0
AF	0	0.075890	4	1	3	0	0	0	0
AF	0	0.076202	2	2	0	0	0	0	0
AF	0	0.076827	2	1	1	0	0	0	0
AF	0	0.077452	1	0	1	0	0	0	0
AF	0	0.077764	7	5	2	0	0	0	0
AF	0	0.078076	3	2	1	0	0	0	0
AF	0	0.078389	1	0	1	0	0	0	0
AF	0	0.078701	3	2	1	0	0	0	0
AF	0	0.079013	2	0	2	0	0	0	0
AF	0	0.079325	6	5	1	0	0	0	0
AF	0	0.079638	4	4	0	0	0	0	0
AF	0	0.079950	3	1	2	0	0	0	0
AF	0	0.080262	2	2	0	0	0	0	0
AF	0	0.081199	2	2	0	0	0	0	0
AF	0	0.081512	11	5	6	0	0	0	0
AF	0	0.081824	3	2	1	0	0	0	0
AF	0	0.082136	9	6	3	0	0	0	0
AF	0	0.082448	3	2	1	0	0	0	0
AF	0	0.082761	5	4	1	0	0	0	0
AF	0	0.083073	7	5	2	0	0	0	0
AF	0	0.083385	4	3	1	0	0	0	0
AF	0	0.083698	3	1	2	0	0	0	0
AF	0	0.084010	4	3	1	0	0	0	0
AF	0	0.084322	4	4	0	0	0	0	0
AF	0	0.084947	2	1	1	0	0	0	0
AF	0	0.085259	5	2	3	0	0	0	0
AF	0	0.085572	1	1	0	0	0	0	0
AF	0	0.085884	6	4	2	0	0	0	0
AF	0	0.086196	3	2	1	0	0	0	0
AF	0	0.086508	4	2	2	0	0	0	0
AF	0	0.086821	4	3	1	0	0	0	0
AF	0	0.087133	6	4	2	0	0	0	0
AF	0	0.087445	2	2	0	0	0	0	0
AF	0	0.087758	9	6	3	0	0	0	0
AF	0	0.088070	6	4	2	0	0	0	0
AF	0	0.088382	2	1	1	0	0	0	0
AF	0	0.088695	1	1	0	0	0	0	0
AF	0	0.089007	3	0	3	0	0	0	0
AF	0	0.089631	2	2	0	0	0	0	0
AF	0	0.089944	3	1	2	0	0	0	0
AF	0	0.090256	6	3	3	0	0	0	0
AF	0	0.090568	2	2	0	0	0	0	0
AF	0	0.090881	1	1	0	0	0	0	0
AF	0	0.091505	5	4	1	0	0	0	0
AF	0	0.091818	1	0	1	0	0	0	0
AF	0	0.092130	6	5	1	0	0	0	0
AF	0	0.092755	3	0	3	0	0	0	0
AF	0	0.093067	5	1	4	0	0	0	0
AF	0	0.093379	4	3	1	0	0	0	0
AF	0	0.093691	1	1	0	0	0	0	0
AF	0	0.094004	2	2	0	0	0	0	0
AF	0	0.094316	3	2	1	0	0	0	0
AF	0	0.094628	1	1	0	0	0	0	0
AF	0	0.095878	1	0	1	0	0	0	0
AF	0	0.096190	1	0	1	0	0	0	0
AF	0	0.096502	6	6	0	0	0	0	0
AF	0	0.096814	1	1	0	0	0	0	0
AF	0	0.097127	5	2	3	0	0	0	0
AF	0	0.097439	2	1	1	0	0	0	0
AF	0	0.097751	2	1	1	0	0	0	0
AF	0	0.098064	1	0	1	0	0	0	0
AF	0	0.098376	5	3	2	0	0	0	0
AF	0	0.098688	2	1	1	0	0	0	0
AF	0	0.099001	6	5	1	0	0	0	0
AF	0	0.099313	5	2	3	0	0	0	0
AF	0	0.099625	14	11	3	0	0	0	0
AF	0	0.099938	5	3	2	0	0	0	0
AF	0	0.100250	5	2	3	0	0	0	0
AF	0	0.100562	4	3	1	0	0	0	0
AF	0	0.100874	2	1	1	0	0	0	0
AF	0	0.101187	1	1	0	0	0	0	0
AF	0	0.101811	1	0	1	0	0	0	0
AF	0	0.102124	1	1	0	0	0	0	0
AF	0	0.102748	1	1	0	0	0	0	0
AF	0	0.103061	1	0	1	0	0	0	0
AF	0	0.103373	1	1	0	0	0	0	0
AF	0	0.103685	3	2	1	0	0	0	0
AF	0	0.103998	3	3	0	0	0	0	0
AF	0	0.104310	1	1	0	0	0	0	0
AF	0	0.104622	4	3	1	0	0	0	0
AF	0	0.104934	3	1	2	0	0	0	0
AF	0	0.105247	1	0	1	0	0	0	0
AF	0	0.105559	3	2	1	0	0	0	0
AF	0	0.105871	3	2	1	0	0	0	0
AF	0	0.106496	1	0	1	0	0	0	0
AF	0	0.106808	2	0	2	0	0	0	0
AF	0	0.107121	2	2	0	0	0	0	0
AF	0	0.107433	3	1	2	0	0	0	0
AF	0	0.107745	4	2	2	0	0	0	0
AF	0	0.108057	3	3	0	0	0	0	0
AF	0	0.108370	5	3	2	0	0	0	0
AF	0	0.108682	1	1	0	0	0	0	0
AF	0	0.108994	1	1	0	0	0	0	0
AF	0	0.109307	1	1	0	0	0	0	0
AF	0	0.109619	4	4	0	0	0	0	0
AF	0	0.109931	3	2	1	0	0	0	0
AF	0	0.110244	5	3	2	0	0	0	0
AF	0	0.110556	1	1	0	0	0	0	0
AF	0	0.110868	2	2	0	0	0	0	0
AF	0	0.111181	1	0	1	0	0	0	0
AF	0	0.111805	5	3	2	0	0	0	0
AF	0	0.112430	4	2	2	0	0	0	0
AF	0	0.112742	2	1	1	0	0	0	0
AF	0	0.113367	2	2	0	0	0	0	0
AF	0	0.113991	1	1	0	0	0	0	0
AF	0	0.114304	2	2	0	0	0	0	0
AF	0	0.114616	3	1	2	0	0	0	0
AF	0	0.114928	1	1	0	0	0	0	0
AF	0	0.115240	1	1	0	0	0	0	0
AF	0	0.115553	11	6	5	0	0	0	0
AF	0	0.115865	4	4	0	0	0	0	0
AF	0	0.116177	8	7	1	0	0	0	0
AF	0	0.116490	3	1	2	0	0	0	0
AF	0	0.116802	12	11	1	0	0	0	0
AF	0	0.117114	1	0	1	0	0	0	0
AF	0	0.117427	3	1	2	0	0	0	0
AF	0	0.118051	5	3	2	0	0	0	0
AF	0	0.118364	5	3	2	0	0	0	0
AF	0	0.118988	1	1	0	0	0	0	0
AF	0	0.119300	1	0	1	0	0	0	0
AF	0	0.119613	1	0	1	0	0	0	0
AF	0	0.120550	1	0	1	0	0	0	0
AF	0	0.120862	1	0	1	0	0	0	0
AF	0	0.121487	2	1	1	0	0	0	0
AF	0	0.121799	2	2	0	0	0	0	0
AF	0	0.122423	6	6	0	0	0	0	0
AF	0	0.122736	2	1	1	0	0	0	0
AF	0	0.123048	10	5	5	0	0	0	0
AF	0	0.123360	3	1	2	0	0	0	0
AF	0	0.123673	8	5	3	0	0	0	0
AF	0	0.124297	2	1	1	0	0	0	0
AF	0	0.124610	3	2	1	0	0	0	0
AF	0	0.125547	10	3	7	0	0	0	0
AF	0	0.125859	5	2	3	0	0	0	0
AF	0	0.126171	3	2	1	0	0	0	0
AF	0	0.126483	2	2	0	0	0	0	0
AF	0	0.126796	1	0	1	0	0	0	0
AF	0	0.127420	1	1	0	0	0	0	0
AF	0	0.127733	2	1	1	0	0	0	0
AF	0	0.128045	3	2	1	0	0	0	0
AF	0	0.128357	1	1	0	0	0	0	0
AF	0	0.128670	2	1	1	0	0	0	0
AF	0	0.128982	3	2	1	0	0	0	0
AF	0	0.129294	4	2	2	0	0	0	0
AF	0	0.129919	4	2	2	0	0	0	0
AF	0	0.130543	5	4	1	0	0	0	0
AF	0	0.131168	7	5	2	0	0	0	0
AF	0	0.131480	2	0	2	0	0	0	0
AF	0	0.131793	5	3	2	0	0	0	0
AF	0	0.132105	3	2	1	0	0	0	0
AF	0	0.132417	5	5	0	0	0	0	0
AF	0	0.132730	4	2	2	0	0	0	0
AF	0	0.133042	4	3	1	0	0	0	0
AF	0	0.133354	4	3	1	0	0	0	0
AF	0	0.133666	6	3	3	0	0	0	0
AF	0	0.133979	5	3	2	0	0	0	0
AF	0	0.134291	7	6	1	0	0	0	0
AF	0	0.134603	1	1	0	0	0	0	0
AF	0	0.134916	3	3	0	0	0	0	0
AF	0	0.135540	2	0	2	0	0	0	0
AF	0	0.135853	1	1	0	0	0	0	0
AF	0	0.136165	2	1	1	0	0	0	0
AF	0	0.136477	1	1	0	0	0	0	0
AF	0	0.136790	1	0	1	0	0	0	0
AF	0	0.137102	1	0	1	0	0	0	0
AF	0	0.137414	1	1	0	0	0	0	0
AF	0	0.137726	3	1	2	0	0	0	0
AF	0	0.138039	2	1	1	0	0	0	0
AF	0	0.138663	1	1	0	0	0	0	0
AF	0	0.138976	1	1	0	0	0	0	0
AF	0	0.139600	1	1	0	0	0	0	0
AF	0	0.139913	3	2	1	0	0	0	0
AF	0	0.140537	1	1	0	0	0	0	0
AF	0	0.141786	2	2	0	0	0	0	0
AF	0	0.142099	3	2	1	0	0	0	0
AF	0	0.142411	8	4	4	0	0	0	0
AF	0	0.143036	1	0	1	0	0	0	0
AF	0	0.143660	2	1	1	0	0	0	0
AF	0	0.144285	5	2	3	0	0	0	0
AF	0	0.144909	3	3	0	0	0	0	0
AF	0	0.145534	1	1	0	0	0	0	0
AF	0	0.145846	1	1	0	0	0	0	0
AF	0	0.146159	1	0	1	0	0	0	0
AF	0	0.146783	2	2	0	0	0	0	0
AF	0	0.147096	1	1	0	0	0	0	0
AF	0	0.147408	3	1	2	0	0	0	0
AF	0	0.148345	1	0	1	0	0	0	0
AF	0	0.148969	1	0	1	0	0	0	0
AF	0	0.149282	2	1	1	0	0	0	0
AF	0	0.151156	2	2	0	0	0	0	0
AF	0	0.151780	1	0	1	0	0	0	0
AF	0	0.152405	4	2	2	0	0	0	0
AF	0	0.152717	1	0	1	0	0	0	0
AF	0	0.153342	1	0	1	0	0	0	0
AF	0	0.153654	6	3	3	0	0	0	0
AF	0	0.153966	4	4	0	0	0	0	0
AF	0	0.154279	1	1	0	0	0	0	0
AF	0	0.154591	1	1	0	0	0	0	0
AF	0	0.154903	1	1	0	0	0	0	0
AF	0	0.155840	1	1	0	0	0	0	0
AF	0	0.156152	1	1	0	0	0	0	0
AF	0	0.157089	3	2	1	0	0	0	0
AF	0	0.157402	3	0	3	0	0	0	0
AF	0	0.157714	2	1	1	0	0	0	0
AF	0	0.158026	1	1	0	0	0	0	0
AF	0	0.158651	1	0	1	0	0	0	0
AF	0	0.158963	2	2	0	0	0	0	0
AF	0	0.159275	1	1	0	0	0	0	0
AF	0	0.159588	2	2	0	0	0	0	0
AF	0	0.159900	3	3	0	0	0	0	0
AF	0	0.160212	1	1	0	0	0	0	0
AF	0	0.160525	1	1	0	0	0	0	0
AF	0	0.160837	2	1	1	0	0	0	0
AF	0	0.161149	4	1	3	0	0	0	0
AF	0	0.161462	1	0	1	0	0	0	0
AF	0	0.161774	4	3	1	0	0	0	0
AF	0	0.162399	5	3	2	0	0	0	0
AF	0	0.162711	1	1	0	0	0	0	0
AF	0	0.163335	2	2	0	0	0	0	0
AF	0	0.163648	5	5	0	0	0	0	0
AF	0	0.163960	1	1	0	0	0	0	0
AF	0	0.164272	1	1	0	0	0	0	0
AF	0	0.164585	4	1	3	0	0	0	0
AF	0	0.164897	1	1	0	0	0	0	0
AF	0	0.165209	2	2	0	0	0	0	0
AF	0	0.165522	4	3	1	0	0	0	0
AF	0	0.166146	2	2	0	0	0	0	0
AF	0	0.166458	2	0	2	0	0	0	0
AF	0	0.166771	2	2	0	0	0	0	0
AF	0	0.167395	2	1	1	0	0	0	0
AF	0	0.167708	1	0	1	0	0	0	0
AF	0	0.168020	1	1	0	0	0	0	0
AF	0	0.168332	3	3	0	0	0	0	0
AF	0	0.168645	4	2	2	0	0	0	0
AF	0	0.168957	2	2	0	0	0	0	0
AF	0	0.169269	1	1	0	0	0	0	0
AF	0	0.169582	2	1	1	0	0	0	0
AF	0	0.169894	1	1	0	0	0	0	0
AF	0	0.170206	1	1	0	0	0	0	0
AF	0	0.170518	2	1	1	0	0	0	0
AF	0	0.170831	1	1	0	0	0	0	0
AF	0	0.171143	4	2	2	0	0	0	0
AF	0	0.171455	2	1	1	0	0	0	0
AF	0	0.171768	1	1	0	0	0	0	0
AF	0	0.172392	1	1	0	0	0	0	0
AF	0	0.172705	1	0	1	0	0	0	0
AF	0	0.173017	1	1	0	0	0	0	0
AF	0	0.176452	1	0	1	0	0	0	0
AF	0	0.176765	1	1	0	0	0	0	0
AF	0	0.177077	2	0	2	0	0	0	0
AF	0	0.177389	2	1	1	0	0	0	0
AF	0	0.177701	1	1	0	0	0	0	0
AF	0	0.178014	1	1	0	0	0	0	0
AF	0	0.178326	3	2	1	0	0	0	0
AF	0	0.178638	1	1	0	0	0	0	0
AF	0	0.179263	1	0	1	0	0	0	0
AF	0	0.179575	1	1	0	0	0	0	0
AF	0	0.179888	1	0	1	0	0	0	0
AF	0	0.180200	4	3	1	0	0	0	0
AF	0	0.180512	3	3	0	0	0	0	0
AF	0	0.180824	5	4	1	0	0	0	0
AF	0	0.181137	2	1	1	0	0	0	0
AF	0	0.181761	2	1	1	0	0	0	0
AF	0	0.182074	2	2	0	0	0	0	0
AF	0	0.182386	2	2	0	0	0	0	0
AF	0	0.183011	1	1	0	0	0	0	0
AF	0	0.183323	1	0	1	0	0	0	0
AF	0	0.184884	2	1	1	0	0	0	0
AF	0	0.185509	2	2	0	0	0	0	0
AF	0	0.186134	2	0	2	0	0	0	0
AF	0	0.186758	2	2	0	0	0	0	0
AF	0	0.187071	1	1	0	0	0	0	0
AF	0	0.189257	2	0	2	0	0	0	0
AF	0	0.189569	1	1	0	0	0	0	0
AF	0	0.191443	1	1	0	0	0	0	0
AF	0	0.191755	1	1	0	0	0	0	0
AF	0	0.192380	2	1	1	0	0	0	0
AF	0	0.193004	1	1	0	0	0	0	0
AF	0	0.193317	1	1	0	0	0	0	0
AF	0	0.193629	1	1	0	0	0	0	0
AF	0	0.194254	1	1	0	0	0	0	0
AF	0	0.194878	2	1	1	0	0	0	0
AF	0	0.195191	1	1	0	0	0	0	0
AF	0	0.195815	1	1	0	0	0	0	0
AF	0	0.196127	1	0	1	0	0	0	0
AF	0	0.197064	2	1	1	0	0	0	0
AF	0	0.197377	2	2	0	0	0	0	0
AF	0	0.197689	1	1	0	0	0	0	0
AF	0	0.198314	2	1	1	0	0	0	0
AF	0	0.198626	1	1	0	0	0	0	0
AF	0	0.199875	2	2	0	0	0	0	0
AF	0	0.200500	2	0	2	0	0	0	0
AF	0	0.201124	1	1	0	0	0	0	0
AF	0	0.201437	1	0	1	0	0	0	0
AF	0	0.202374	1	1	0	0	0	0	0
AF	0	0.202998	3	1	2	0	0	0	0
AF	0	0.203623	1	0	1	0	0	0	0
AF	0	0.204247	1	1	0	0	0	0	0
AF	0	0.204872	1	0	1	0	0	0	0
AF	0	0.205809	3	3	0	0	0	0	0
AF	0	0.206121	1	1	0	0	0	0	0
AF	0	0.206746	2	1	1	0	0	0	0
AF	0	0.209244	1	1	0	0	0	0	0
AF	0	0.209557	1	1	0	0	0	0	0
AF	0	0.210181	1	1	0	0	0	0	0
AF	0	0.210493	1	1	0	0	0	0	0
AF	0	0.211118	2	1	1	0	0	0	0
AF	0	0.212367	1	1	0	0	0	0	0
AF	0	0.212992	1	1	0	0	0	0	0
AF	0	0.213304	1	0	1	0	0	0	0
AF	0	0.213616	1	1	0	0	0	0	0
AF	0	0.214241	3	3	0	0	0	0	0
AF	0	0.216115	1	0	1	0	0	0	0
AF	0	0.216740	1	1	0	0	0	0	0
AF	0	0.217052	1	1	0	0	0	0	0
AF	0	0.217364	1	1	0	0	0	0	0
AF	0	0.218301	1	1	0	0	0	0	0
AF	0	0.219238	2	1	1	0	0	0	0
AF	0	0.219550	2	1	1	0	0	0	0
AF	0	0.219863	1	1	0	0	0	0	0
AF	0	0.220487	5	3	2	0	0	0	0
AF	0	0.222049	4	4	0	0	0	0	0
AF	0	0.222673	2	2	0	0	0	0	0
AF	0	0.223298	2	1	1	0	0	0	0
AF	0	0.223923	1	0	1	0	0	0	0
AF	0	0.224547	1	1	0	0	0	0	0
AF	0	0.225484	1	1	0	0	0	0	0
AF	0	0.225796	2	2	0	0	0	0	0
AF	0	0.226421	1	0	1	0	0	0	0
AF	0	0.226733	2	1	1	0	0	0	0
AF	0	0.227046	1	1	0	0	0	0	0
AF	0	0.227358	3	1	2	0	0	0	0
AF	0	0.227670	1	1	0	0	0	0	0
AF	0	0.228295	1	0	1	0	0	0	0
AF	0	0.228607	1	1	0	0	0	0	0
AF	0	0.228919	3	1	2	0	0	0	0
AF	0	0.229544	1	1	0	0	0	0	0
AF	0	0.230793	1	0	1	0	0	0	0
AF	0	0.231418	2	1	1	0	0	0	0
AF	0	0.231730	1	1	0	0	0	0	0
AF	0	0.232355	1	0	1	0	0	0	0
AF	0	0.232667	2	2	0	0	0	0	0
AF	0	0.232979	1	1	0	0	0	0	0
AF	0	0.233292	1	1	0	0	0	0	0
AF	0	0.233916	1	1	0	0	0	0	0
AF	0	0.234229	1	1	0	0	0	0	0
AF	0	0.234853	2	2	0	0	0	0	0
AF	0	0.235166	3	1	2	0	0	0	0
AF	0	0.235478	1	1	0	0	0	0	0
AF	0	0.235790	3	2	1	0	0	0	0
AF	0	0.236415	1	1	0	0	0	0	0
AF	0	0.237039	1	1	0	0	0	0	0
AF	0	0.238289	2	2	0	0	0	0	0
AF	0	0.238601	3	2	1	0	0	0	0
AF	0	0.238913	3	2	1	0	0	0	0
AF	0	0.239538	1	1	0	0	0	0	0
AF	0	0.239850	2	1	1	0	0	0	0
AF	0	0.240162	1	0	1	0	0	0	0
AF	0	0.240787	2	2	0	0	0	0	0
AF	0	0.241412	1	1	0	0	0	0	0
AF	0	0.242036	1	0	1	0	0	0	0
AF	0	0.242661	3	3	0	0	0	0	0
AF	0	0.243285	1	1	0	0	0	0	0
AF	0	0.243910	2	2	0	0	0	0	0
AF	0	0.244222	1	0	1	0	0	0	0
AF	0	0.244535	3	2	1	0	0	0	0
AF	0	0.244847	2	1	1	0	0	0	0
AF	0	0.245159	3	3	0	0	0	0	0
AF	0	0.245784	1	1	0	0	0	0	0
AF	0	0.246096	1	1	0	0	0	0	0
AF	0	0.246408	6	5	1	0	0	0	0
AF	0	0.246721	2	1	1	0	0	0	0
AF	0	0.247033	2	1	1	0	0	0	0
AF	0	0.247345	1	1	0	0	0	0	0
AF	0	0.247658	3	1	2	0	0	0	0
AF	0	0.247970	1	1	0	0	0	0	0
AF	0	0.248282	1	1	0	0	0	0	0
AF	0	0.248595	1	0	1	0	0	0	0
AF	0	0.248907	2	2	0	0	0	0	0
AF	0	0.249219	1	1	0	0	0	0	0
AF	0	0.249532	1	1	0	0	0	0	0
AF	0	0.250781	3	1	2	0	0	0	0
AF	0	0.251093	1	0	1	0	0	0	0
AF	0	0.251405	1	1	0	0	0	0	0
AF	0	0.252030	2	2	0	0	0	0	0
AF	0	0.252342	1	1	0	0	0	0	0
AF	0	0.252655	5	4	1	0	0	0	0
AF	0	0.252967	5	2	3	0	0	0	0
AF	0	0.253279	10	7	3	0	0	0	0
AF	0	0.253592	4	4	0	0	0	0	0
AF	0	0.253904	10	9	1	0	0	0	0
AF	0	0.254216	1	0	1	0	0	0	0
AF	0	0.254528	3	3	0	0	0	0	0
AF	0	0.254841	2	2	0	0	0	0	0
AF	0	0.255153	2	2	0	0	0	0	0
AF	0	0.255778	2	1	1	0	0	0	0
AF	0	0.256402	5	3	2	0	0	0	0
AF	0	0.256715	1	0	1	0	0	0	0
AF	0	0.257027	2	2	0	0	0	0	0
AF	0	0.257339	2	1	1	0	0	0	0
AF	0	0.257651	1	1	0	0	0	0	0
AF	0	0.257964	2	1	1	0	0	0	0
AF	0	0.258276	4	2	2	0	0	0	0
AF	0	0.258588	1	0	1	0	0	0	0
AF	0	0.258901	1	0	1	0	0	0	0
AF	0	0.259525	2	2	0	0	0	0	0
AF	0	0.260462	1	1	0	0	0	0	0
AF	0	0.261399	4	3	1	0	0	0	0
AF	0	0.261711	3	2	1	0	0	0	0
AF	0	0.262024	3	2	1	0	0	0	0
AF	0	0.262336	2	1	1	0	0	0	0
AF	0	0.262648	3	2	1	0	0	0	0
AF	0	0.262961	1	1	0	0	0	0	0
AF	0	0.263585	1	0	1	0	0	0	0
AF	0	0.263898	1	1	0	0	0	0	0
AF	0	0.264522	2	2	0	0	0	0	0
AF	0	0.264834	2	2	0	0	0	0	0
AF	0	0.265771	1	1	0	0	0	0	0
AF	0	0.266396	1	1	0	0	0	0	0
AF	0	0.266708	1	1	0	0	0	0	0
AF	0	0.267645	1	1	0	0	0	0	0
AF	0	0.268270	1	1	0	0	0	0	0
AF	0	0.268894	1	1	0	0	0	0	0
AF	0	0.269519	1	1	0	0	0	0	0
AF	0	0.270144	2	1	1	0	0	0	0
AF	0	0.271705	1	0	1	0	0	0	0
AF	0	0.272954	1	0	1	0	0	0	0
AF	0	0.273267	3	2	1	0	0	0	0
AF	0	0.273891	1	1	0	0	0	0	0
AF	0	0.274204	3	2	1	0	0	0	0
AF	0	0.274516	1	1	0	0	0	0	0
AF	0	0.275453	1	0	1	0	0	0	0
AF	0	0.277014	4	4	0	0	0	0	0
AF	0	0.277327	1	1	0	0	0	0	0
AF	0	0.277951	1	1	0	0	0	0	0
AF	0	0.278264	1	1	0	0	0	0	0
AF	0	0.278576	1	1	0	0	0	0	0
AF	0	0.278888	2	1	1	0	0	0	0
AF	0	0.279513	1	0	1	0	0	0	0
AF	0	0.280762	1	1	0	0	0	0	0
AF	0	0.281387	3	0	3	0	0	0	0
AF	0	0.282324	1	1	0	0	0	0	0
AF	0	0.282636	1	0	1	0	0	0	0
AF	0	0.283260	1	1	0	0	0	0	0
AF	0	0.283885	1	1	0	0	0	0	0
AF	0	0.284197	1	1	0	0	0	0	0
AF	0	0.286071	1	1	0	0	0	0	0
AF	0	0.286696	1	1	0	0	0	0	0
AF	0	0.287008	1	1	0	0	0	0	0
AF	0	0.287945	2	1	1	0	0	0	0
AF	0	0.288257	2	2	0	0	0	0	0
AF	0	0.288570	1	1	0	0	0	0	0
AF	0	0.288882	2	1	1	0	0	0	0
AF	0	0.289194	1	1	0	0	0	0	0
AF	0	0.289507	5	3	2	0	0	0	0
AF	0	0.289819	1	1	0	0	0	0	0
AF	0	0.290443	1	1	0	0	0	0	0
AF	0	0.290756	1	1	0	0	0	0	0
AF	0	0.291068	1	0	1	0	0	0	0
AF	0	0.291693	2	2	0	0	0	0	0
AF	0	0.292317	1	0	1	0	0	0	0
AF	0	0.292630	1	0	1	0	0	0	0
AF	0	0.293254	3	3	0	0	0	0	0
AF	0	0.295128	1	1	0	0	0	0	0
AF	0	0.295753	1	0	1	0	0	0	0
AF	0	0.296065	1	1	0	0	0	0	0
AF	0	0.296377	3	2	1	0	0	0	0
AF	0	0.297626	4	3	1	0	0	0	0
AF	0	0.297939	2	2	0	0	0	0	0
AF	0	0.298251	3	3	0	0	0	0	0
AF	0	0.298563	1	0	1	0	0	0	0
AF	0	0.298876	2	2	0	0	0	0	0
AF	0	0.299500	1	1	0	0	0	0	0
AF	0	0.300125	2	0	2	0	0	0	0
AF	0	0.300437	3	3	0	0	0	0	0
AF	0	0.301374	1	0	1	0	0	0	0
AF	0	0.301999	2	1	1	0	0	0	0
AF	0	0.303248	1	1	0	0	0	0	0
AF	0	0.303873	1	0	1	0	0	0	0
AF	0	0.304497	1	0	1	0	0	0	0
AF	0	0.306371	2	1	1	0	0	0	0
AF	0	0.306683	1	1	0	0	0	0	0
AF	0	0.306996	1	1	0	0	0	0	0
AF	0	0.307620	1	1	0	0	0	0	0
AF	0	0.308245	1	0	1	0	0	0	0
AF	0	0.309494	1	1	0	0	0	0	0
AF	0	0.309806	1	0	1	0	0	0	0
AF	0	0.310431	2	2	0	0	0	0	0
AF	0	0.311368	1	0	1	0	0	0	0
AF	0	0.311993	1	0	1	0	0	0	0
AF	0	0.312305	1	1	0	0	0	0	0
AF	0	0.315116	1	1	0	0	0	0	0
AF	0	0.315740	1	1	0	0	0	0	0
AF	0	0.316365	1	0	1	0	0	0	0
AF	0	0.317614	1	0	1	0	0	0	0
AF	0	0.319176	1	0	1	0	0	0	0
AF	0	0.320737	2	2	0	0	0	0	0
AF	0	0.321674	3	0	3	0	0	0	0
AF	0	0.322923	1	1	0	0	0	0	0
AF	0	0.323860	2	2	0	0	0	0	0
AF	0	0.324485	1	0	1	0	0	0	0
AF	0	0.324797	1	0	1	0	0	0	0
AF	0	0.325109	1	1	0	0	0	0	0
AF	0	0.325422	1	1	0	0	0	0	0
AF	0	0.325734	1	0	1	0	0	0	0
AF	0	0.328232	1	1	0	0	0	0	0
AF	0	0.330106	1	1	0	0	0	0	0
AF	0	0.332292	1	0	1	0	0	0	0
AF	0	0.332605	3	2	1	0	0	0	0
AF	0	0.333229	1	0	1	0	0	0	0
AF	0	0.333854	1	0	1	0	0	0	0
AF	0	0.334791	3	3	0	0	0	0	0
AF	0	0.335103	2	0	2	0	0	0	0
AF	0	0.335415	5	3	2	0	0	0	0
AF	0	0.335728	1	1	0	0	0	0	0
AF	0	0.336040	2	1	1	0	0	0	0
AF	0	0.336352	3	2	1	0	0	0	0
AF	0	0.336665	1	1	0	0	0	0	0
AF	0	0.337289	1	1	0	0	0	0	0
AF	0	0.337914	1	1	0	0	0	0	0
AF	0	0.338538	2	1	1	0	0	0	0
AF	0	0.340412	1	1	0	0	0	0	0
AF	0	0.341037	2	1	1	0	0	0	0
AF	0	0.341661	2	2	0	0	0	0	0
AF	0	0.342598	2	1	1	0	0	0	0
AF	0	0.342911	1	0	1	0	0	0	0
AF	0	0.343535	3	1	2	0	0	0	0
AF	0	0.343848	1	1	0	0	0	0	0
AF	0	0.344160	2	1	1	0	0	0	0
AF	0	0.344785	1	0	1	0	0	0	0
AF	0	0.345097	1	1	0	0	0	0	0
AF	0	0.345409	3	1	2	0	0	0	0
AF	0	0.345721	2	2	0	0	0	0	0
AF	0	0.346034	6	4	2	0	0	0	0
AF	0	0.346658	3	2	1	0	0	0	0
AF	0	0.347283	1	0	1	0	0	0	0
AF	0	0.347908	1	1	0	0	0	0	0
AF	0	0.348844	2	1	1	0	0	0	0
AF	0	0.349157	3	2	1	0	0	0	0
AF	0	0.349781	2	1	1	0	0	0	0
AF	0	0.350094	3	2	1	0	0	0	0
AF	0	0.350406	2	2	0	0	0	0	0
AF	0	0.350718	1	1	0	0	0	0	0
AF	0	0.351031	2	2	0	0	0	0	0
AF	0	0.351968	1	0	1	0	0	0	0
AF	0	0.352592	1	1	0	0	0	0	0
AF	0	0.353529	1	0	1	0	0	0	0
AF	0	0.354466	1	1	0	0	0	0	0
AF	0	0.354778	1	1	0	0	0	0	0
AF	0	0.355403	2	0	2	0	0	0	0
AF	0	0.355715	1	1	0	0	0	0	0
AF	0	0.356027	2	2	0	0	0	0	0
AF	0	0.357901	2	2	0	0	0	0	0
AF	0	0.358838	1	1	0	0	0	0	0
AF	0	0.359151	1	1	0	0	0	0	0
AF	0	0.359463	1	1	0	0	0	0	0
AF	0	0.359775	1	0	1	0	0	0	0
AF	0	0.360400	3	0	3	0	0	0	0
AF	0	0.361024	4	3	1	0	0	0	0
AF	0	0.361337	1	1	0	0	0	0	0
AF	0	0.361961	2	1	1	0	0	0	0
AF	0	0.362274	1	1	0	0	0	0	0
AF	0	0.362898	7	6	1	0	0	0	0
AF	0	0.363523	10	7	3	0	0	0	0
AF	0	0.363835	3	3	0	0	0	0	0
AF	0	0.364147	32	20	12	0	0	0	0
AF	0	0.364460	19	14	5	0	0	0	0
AF	0	0.364772	18	16	2	0	0	0	0
AF	0	0.365397	1	1	0	0	0	0	0
AF	0	0.366021	1	1	0	0	0	0	0
AF	0	0.366646	1	0	1	0	0	0	0
AF	0	0.368520	1	1	0	0	0	0	0
AF	0	0.369144	1	1	0	0	0	0	0
AF	0	0.369769	1	0	1	0	0	0	0
AF	0	0.370081	1	0	1	0	0	0	0
AF	0	0.371018	1	1	0	0	0	0	0
AF	0	0.371643	2	1	1	0	0	0	0
AF	0	0.372580	3	3	0	0	0	0	0
AF	0	0.373517	1	1	0	0	0	0	0
AF	0	0.374141	1	1	0	0	0	0	0
AF	0	0.374766	1	1	0	0	0	0	0
AF	0	0.375078	2	2	0	0	0	0	0
AF	0	0.375390	1	0	1	0	0	0	0
AF	0	0.376015	1	1	0	0	0	0	0
AF	0	0.376640	1	1	0	0	0	0	0
AF	0	0.377264	2	0	2	0	0	0	0
AF	0	0.378201	2	2	0	0	0	0	0
AF	0	0.379763	1	1	0	0	0	0	0
AF	0	0.380387	2	1	1	0	0	0	0
AF	0	0.381012	1	1	0	0	0	0	0
AF	0	0.381636	2	2	0	0	0	0	0
AF	0	0.382261	1	1	0	0	0	0	0
AF	0	0.383198	1	0	1	0	0	0	0
AF	0	0.384447	1	1	0	0	0	0	0
AF	0	0.386009	2	1	1	0	0	0	0
AF	0	0.387258	2	1	1	0	0	0	0
AF	0	0.388507	2	2	0	0	0	0	0
AF	0	0.388819	5	3	2	0	0	0	0
AF	0	0.389132	2	2	0	0	0	0	0
AF	0	0.389756	1	0	1	0	0	0	0
AF	0	0.390381	1	0	1	0	0	0	0
AF	0	0.391006	3	1	2	0	0	0	0
AF	0	0.391318	1	1	0	0	0	0	0
AF	0	0.391630	2	1	1	0	0	0	0
AF	0	0.393504	1	1	0	0	0	0	0
AF	0	0.394129	1	0	1	0	0	0	0
AF	0	0.394753	1	1	0	0	0	0	0
AF	0	0.397252	2	1	1	0	0	0	0
AF	0	0.397564	1	0	1	0	0	0	0
AF	0	0.398189	1	1	0	0	0	0	0
AF	0	0.399126	1	1	0	0	0	0	0
AF	0	0.399438	1	0	1	0	0	0	0
AF	0	0.400375	1	0	1	0	0	0	0
AF	0	0.401624	1	1	0	0	0	0	0
AF	0	0.402249	1	1	0	0	0	0	0
AF	0	0.402873	1	0	1	0	0	0	0
AF	0	0.405372	2	2	0	0	0	0	0
AF	0	0.405684	1	1	0	0	0	0	0
AF	0	0.405996	1	1	0	0	0	0	0
AF	0	0.406309	1	1	0	0	0	0	0
AF	0	0.406621	1	1	0	0	0	0	0
AF	0	0.407245	2	2	0	0	0	0	0
AF	0	0.408182	2	2	0	0	0	0	0
AF	0	0.408495	3	2	1	0	0	0	0
AF	0	0.409119	1	1	0	0	0	0	0
AF	0	0.409432	2	2	0	0	0	0	0
AF	0	0.410993	1	1	0	0	0	0	0
AF	0	0.411305	1	0	1	0	0	0	0
AF	0	0.411618	3	2	1	0	0	0	0
AF	0	0.412242	1	1	0	0	0	0	0
AF	0	0.412867	2	1	1	0	0	0	0
AF	0	0.413179	1	1	0	0	0	0	0
AF	0	0.413492	2	2	0	0	0	0	0
AF	0	0.414741	2	1	1	0	0	0	0
AF	0	0.417239	1	0	1	0	0	0	0
AF	0	0.418488	1	0	1	0	0	0	0
AF	0	0.418801	1	1	0	0	0	0	0
AF	0	0.419113	1	1	0	0	0	0	0
AF	0	0.420050	2	2	0	0	0	0	0
AF	0	0.420362	1	1	0	0	0	0	0
AF	0	0.420987	1	1	0	0	0	0	0
AF	0	0.421299	2	1	1	0	0	0	0
AF	0	0.421611	2	2	0	0	0	0	0
AF	0	0.422236	2	1	1	0	0	0	0
AF	0	0.422548	3	3	0	0	0	0	0
AF	0	0.423485	1	1	0	0	0	0	0
AF	0	0.424110	3	2	1	0	0	0	0
AF	0	0.424735	2	0	2	0	0	0	0
AF	0	0.425359	1	0	1	0	0	0	0
AF	0	0.425984	1	1	0	0	0	0	0
AF	0	0.426296	1	0	1	0	0	0	0
AF	0	0.426921	1	1	0	0	0	0	0
AF	0	0.427233	7	5	2	0	0	0	0
AF	0	0.427858	2	2	0	0	0	0	0
AF	0	0.428170	1	1	0	0	0	0	0
AF	0	0.428482	3	1	2	0	0	0	0
AF	0	0.428795	1	1	0	0	0	0	0
AF	0	0.429107	2	2	0	0	0	0	0
AF	0	0.429419	1	1	0	0	0	0	0
AF	0	0.429731	2	0	2	0	0	0	0
AF	0	0.430044	1	1	0	0	0	0	0
AF	0	0.430356	1	1	0	0	0	0	0
AF	0	0.430981	1	1	0	0	0	0	0
AF	0	0.431293	1	0	1	0	0	0	0
AF	0	0.431605	2	1	1	0	0	0	0
AF	0	0.431918	1	1	0	0	0	0	0
AF	0	0.432230	1	0	1	0	0	0	0
AF	0	0.433167	1	1	0	0	0	0	0
AF	0	0.434104	1	1	0	0	0	0	0
AF	0	0.435978	1	1	0	0	0	0	0
AF	0	0.437227	2	1	1	0	0	0	0
AF	0	0.437851	1	1	0	0	0	0	0
AF	0	0.438164	1	1	0	0	0	0	0
AF	0	0.439101	1	1	0	0	0	0	0
AF	0	0.440350	1	0	1	0	0	0	0
AF	0	0.442224	1	1	0	0	0	0	0
AF	0	0.445034	1	1	0	0	0	0	0
AF	0	0.447533	1	1	0	0	0	0	0
AF	0	0.448157	1	1	0	0	0	0	0
AF	0	0.448470	2	1	1	0	0	0	0
AF	0	0.449094	2	1	1	0	0	0	0
AF	0	0.449407	1	0	1	0	0	0	0
AF	0	0.450031	1	1	0	0	0	0	0
AF	0	0.450656	1	1	0	0	0	0	0
AF	0	0.450968	1	1	0	0	0	0	0
AF	0	0.451280	1	1	0	0	0	0	0
AF	0	0.451593	1	1	0	0	0	0	0
AF	0	0.452530	1	1	0	0	0	0	0
AF	0	0.453154	1	0	1	0	0	0	0
AF	0	0.453779	2	2	0	0	0	0	0
AF	0	0.454716	1	0	1	0	0	0	0
AF	0	0.457214	1	1	0	0	0	0	0
AF	0	0.462523	1	0	1	0	0	0	0
AF	0	0.462836	1	1	0	0	0	0	0
AF	0	0.464397	1	1	0	0	0	0	0
AF	0	0.464710	1	1	0	0	0	0	0
AF	0	0.465334	1	1	0	0	0	0	0
AF	0	0.467833	2	2	0	0	0	0	0
AF	0	0.468145	1	1	0	0	0	0	0
AF	0	0.469394	1	1	0	0	0	0	0
AF	0	0.472517	1	1	0	0	0	0	0
AF	0	0.474703	2	2	0	0	0	0	0
AF	0	0.475016	1	1	0	0	0	0	0
AF	0	0.475640	2	1	1	0	0	0	0
AF	0	0.476889	1	1	0	0	0	0	0
AF	0	0.477202	1	0	1	0	0	0	0
AF	0	0.477514	1	1	0	0	0	0	0
AF	0	0.479076	1	0	1	0	0	0	0
AF	0	0.479388	1	1	0	0	0	0	0
AF	0	0.479700	1	1	0	0	0	0	0
AF	0	0.480012	1	1	0	0	0	0	0
AF	0	0.480637	1	1	0	0	0	0	0
AF	0	0.481886	2	2	0	0	0	0	0
AF	0	0.482199	1	1	0	0	0	0	0
AF	0	0.483136	2	2	0	0	0	0	0
AF	0	0.485009	1	1	0	0	0	0	0
AF	0	0.488132	1	1	0	0	0	0	0
AF	0	0.489382	1	0	1	0	0	0	0
AF	0	0.490319	1	0	1	0	0	0	0
AF	0	0.491255	1	1	0	0	0	0	0
AF	0	0.492505	1	1	0	0	0	0	0
AF	0	0.494379	1	0	1	0	0	0	0
AF	0	0.494691	2	0	2	0	0	0	0
AF	0	0.495003	3	2	1	0	0	0	0
AF	0	0.495628	1	1	0	0	0	0	0
AF	0	0.497189	1	1	0	0	0	0	0
AF	0	0.498438	2	0	2	0	0	0	0
AF	0	0.499688	1	1	0	0	0	0	0
AF	0	0.501874	2	2	0	0	0	0	0
AF	0	0.502186	1	1	0	0	0	0	0
AF	0	0.502498	3	0	3	0	0	0	0
AF	0	0.502811	1	1	0	0	0	0	0
AF	0	0.507183	1	1	0	0	0	0	0
AF	0	0.508120	3	0	3	0	0	0	0
AF	0	0.508432	1	1	0	0	0	0	0
AF	0	0.509369	1	1	0	0	0	0	0
AF	0	0.509994	1	1	0	0	0	0	0
AF	0	0.512492	1	0	1	0	0	0	0
AF	0	0.515303	1	1	0	0	0	0	0
AF	0	0.515615	1	1	0	0	0	0	0
AF	0	0.516240	1	1	0	0	0	0	0
AF	0	0.516552	2	1	1	0	0	0	0
AF	0	0.517177	1	1	0	0	0	0	0
AF	0	0.517489	1	1	0	0	0	0	0
AF	0	0.519988	1	0	1	0	0	0	0
AF	0	0.520612	1	0	1	0	0	0	0
AF	0	0.521237	1	1	0	0	0	0	0
AF	0	0.523735	2	1	1	0	0	0	0
AF	0	0.525609	1	0	1	0	0	0	0
AF	0	0.526234	1	0	1	0	0	0	0
AF	0	0.526858	1	1	0	0	0	0	0
AF	0	0.527483	1	0	1	0	0	0	0
AF	0	0.527795	1	1	0	0	0	0	0
AF	0	0.528420	1	0	1	0	0	0	0
AF	0	0.529357	1	0	1	0	0	0	0
AF	0	0.531855	1	0	1	0	0	0	0
AF	0	0.533729	2	2	0	0	0	0	0
AF	0	0.534354	1	1	0	0	0	0	0
AF	0	0.535603	1	1	0	0	0	0	0
AF	0	0.535915	6	4	2	0	0	0	0
AF	0	0.536227	1	1	0	0	0	0	0
AF	0	0.537477	2	1	1	0	0	0	0
AF	0	0.538101	1	0	1	0	0	0	0
AF	0	0.539975	1	1	0	0	0	0	0
AF	0	0.540912	1	0	1	0	0	0	0
AF	0	0.541224	1	1	0	0	0	0	0
AF	0	0.542161	1	1	0	0	0	0	0
AF	0	0.543098	1	1	0	0	0	0	0
AF	0	0.551218	1	0	1	0	0	0	0
AF	0	0.552155	1	0	1	0	0	0	0
AF	0	0.553092	2	2	0	0	0	0	0
AF	0	0.555278	1	0	1	0	0	0	0
AF	0	0.555903	1	1	0	0	0	0	0
AF	0	0.556527	1	0	1	0	0	0	0
AF	0	0.557152	2	2	0	0	0	0	0
AF	0	0.557464	2	2	0	0	0	0	0
AF	0	0.560275	1	1	0	0	0	0	0
AF	0	0.567770	1	0	1	0	0	0	0
AF	0	0.569019	1	1	0	0	0	0	0
AF	0	0.571518	1	1	0	0	0	0	0
AF	0	0.573704	1	1	0	0	0	0	0
AF	0	0.574016	2	1	1	0	0	0	0
AF	0	0.574329	1	1	0	0	0	0	0
AF	0	0.576827	1	1	0	0	0	0	0
AF	0	0.577764	1	1	0	0	0	0	0
AF	0	0.578389	1	0	1	0	0	0	0
AF	0	0.579950	2	2	0	0	0	0	0
AF	0	0.582761	1	1	0	0	0	0	0
AF	0	0.583385	1	1	0	0	0	0	0
AF	0	0.584010	1	1	0	0	0	0	0
AF	0	0.587133	1	1	0	0	0	0	0
AF	0	0.587445	1	1	0	0	0	0	0
AF	0	0.588695	1	1	0	0	0	0	0
AF	0	0.589007	1	0	1	0	0	0	0
AF	0	0.589319	1	1	0	0	0	0	0
AF	0	0.592442	1	1	0	0	0	0	0
AF	0	0.593691	1	1	0	0	0	0	0
AF	0	0.594004	1	1	0	0	0	0	0
AF	0	0.596190	1	1	0	0	0	0	0
AF	0	0.597439	1	1	0	0	0	0	0
AF	0	0.597751	2	1	1	0	0	0	0
AF	0	0.598064	1	0	1	0	0	0	0
AF	0	0.598688	1	1	0	0	0	0	0
AF	0	0.599001	2	1	1	0	0	0	0
AF	0	0.599625	4	3	1	0	0	0	0
AF	0	0.600874	2	1	1	0	0	0	0
AF	0	0.601187	1	1	0	0	0	0	0
AF	0	0.601499	1	1	0	0	0	0	0
AF	0	0.605247	3	3	0	0	0	0	0
AF	0	0.605559	1	1	0	0	0	0	0
AF	0	0.606808	2	2	0	0	0	0	0
AF	0	0.607745	1	1	0	0	0	0	0
AF	0	0.608370	1	1	0	0	0	0	0
AF	0	0.608994	3	2	1	0	0	0	0
AF	0	0.609307	1	1	0	0	0	0	0
AF	0	0.609619	2	2	0	0	0	0	0
AF	0	0.609931	2	2	0	0	0	0	0
AF	0	0.610244	1	1	0	0	0	0	0
AF	0	0.610556	1	1	0	0	0	0	0
AF	0	0.611493	1	0	1	0	0	0	0
AF	0	0.613054	1	1	0	0	0	0	0
AF	0	0.613367	1	1	0	0	0	0	0
AF	0	0.614616	2	1	1	0	0	0	0
AF	0	0.616490	1	0	1	0	0	0	0
AF	0	0.617114	1	1	0	0	0	0	0
AF	0	0.617739	1	1	0	0	0	0	0
AF	0	0.618364	1	1	0	0	0	0	0
AF	0	0.618676	1	1	0	0	0	0	0
AF	0	0.618988	1	1	0	0	0	0	0
AF	0	0.619613	1	0	1	0	0	0	0
AF	0	0.620237	1	0	1	0	0	0	0
AF	0	0.620550	2	1	1	0	0	0	0
AF	0	0.620862	3	1	2	0	0	0	0
AF	0	0.621174	1	1	0	0	0	0	0
AF	0	0.621487	1	1	0	0	0	0	0
AF	0	0.621799	3	2	1	0	0	0	0
AF	0	0.622111	1	1	0	0	0	0	0
AF	0	0.623360	1	1	0	0	0	0	0
AF	0	0.623985	2	1	1	0	0	0	0
AF	0	0.625234	1	0	1	0	0	0	0
AF	0	0.625859	14	12	2	0	0	0	0
AF	0	0.626483	6	5	1	0	0	0	0
AF	0	0.627108	2	0	2	0	0	0	0
AF	0	0.627420	3	2	1	0	0	0	0
AF	0	0.628357	1	1	0	0	0	0	0
AF	0	0.631480	1	1	0	0	0	0	0
AF	0	0.631793	1	1	0	0	0	0	0
AF	0	0.633666	1	1	0	0	0	0	0
AF	0	0.634603	1	1	0	0	0	0	0
AF	0	0.635228	3	2	1	0	0	0	0
AF	0	0.636477	1	1	0	0	0	0	0
AF	0	0.636790	2	1	1	0	0	0	0
AF	0	0.637102	2	1	1	0	0	0	0
AF	0	0.637414	2	2	0	0	0	0	0
AF	0	0.637726	2	2	0	0	0	0	0
AF	0	0.638351	2	1	1	0	0	0	0
AF	0	0.639600	2	1	1	0	0	0	0
AF	0	0.639913	2	1	1	0	0	0	0
AF	0	0.640225	1	0	1	0	0	0	0
AF	0	0.640849	1	0	1	0	0	0	0
AF	0	0.641786	2	1	1	0	0	0	0
AF	0	0.642099	2	2	0	0	0	0	0
AF	0	0.644285	1	0	1	0	0	0	0
AF	0	0.644597	1	0	1	0	0	0	0
AF	0	0.646159	1	0	1	0	0	0	0
AF	0	0.646471	1	1	0	0	0	0	0
AF	0	0.647720	1	0	1	0	0	0	0
AF	0	0.648345	1	1	0	0	0	0	0
AF	0	0.649906	1	0	1	0	0	0	0
AF	0	0.650531	2	1	1	0	0	0	0
AF	0	0.650843	1	1	0	0	0	0	0
AF	0	0.652092	2	1	1	0	0	0	0
AF	0	0.652405	1	0	1	0	0	0	0
AF	0	0.653029	1	1	0	0	0	0	0
AF	0	0.653342	1	1	0	0	0	0	0
AF	0	0.653966	1	0	1	0	0	0	0
AF	0	0.654279	1	1	0	0	0	0	0
AF	0	0.655215	1	1	0	0	0	0	0
AF	0	0.657402	1	0	1	0	0	0	0
AF	0	0.657714	1	1	0	0	0	0	0
AF	0	0.658651	1	0	1	0	0	0	0
AF	0	0.658963	2	2	0	0	0	0	0
AF	0	0.659588	2	0	2	0	0	0	0
AF	0	0.660212	1	0	1	0	0	0	0
AF	0	0.660837	3	2	1	0	0	0	0
AF	0	0.661149	1	1	0	0	0	0	0
AF	0	0.662086	2	2	0	0	0	0	0
AF	0	0.662711	1	1	0	0	0	0	0
AF	0	0.663335	1	0	1	0	0	0	0
AF	0	0.664272	2	1	1	0	0	0	0
AF	0	0.665834	1	1	0	0	0	0	0
AF	0	0.666771	3	2	1	0	0	0	0
AF	0	0.667708	1	1	0	0	0	0	0
AF	0	0.668332	1	1	0	0	0	0	0
AF	0	0.669894	1	1	0	0	0	0	0
AF	0	0.671143	3	2	1	0	0	0	0
AF	0	0.672080	1	1	0	0	0	0	0
AF	0	0.674891	1	0	1	0	0	0	0
AF	0	0.678014	2	1	1	0	0	0	0
AF	0	0.678326	1	1	0	0	0	0	0
AF	0	0.678638	2	2	0	0	0	0	0
AF	0	0.679263	3	2	1	0	0	0	0
AF	0	0.679888	1	0	1	0	0	0	0
AF	0	0.680512	3	0	3	0	0	0	0
AF	0	0.682698	2	1	1	0	0	0	0
AF	0	0.683011	2	2	0	0	0	0	0
AF	0	0.683323	1	1	0	0	0	0	0
AF	0	0.683635	1	1	0	0	0	0	0
AF	0	0.688944	1	1	0	0	0	0	0
AF	0	0.693629	2	2	0	0	0	0	0
AF	0	0.694254	1	1	0	0	0	0	0
AF	0	0.695191	1	0	1	0	0	0	0
AF	0	0.695815	1	1	0	0	0	0	0
AF	0	0.698314	1	1	0	0	0	0	0
AF	0	0.699250	1	1	0	0	0	0	0
AF	0	0.700500	1	1	0	0	0	0	0
AF	0	0.702061	1	0	1	0	0	0	0
AF	0	0.702374	2	1	1	0	0	0	0
AF	0	0.703310	1	0	1	0	0	0	0
AF	0	0.705497	1	1	0	0	0	0	0
AF	0	0.705809	1	1	0	0	0	0	0
AF	0	0.706121	1	1	0	0	0	0	0
AF	0	0.706433	1	1	0	0	0	0	0
AF	0	0.706746	1	1	0	0	0	0	0
AF	0	0.707370	1	0	1	0	0	0	0
AF	0	0.708307	1	1	0	0	0	0	0
AF	0	0.709557	1	1	0	0	0	0	0
AF	0	0.724235	1	1	0	0	0	0	0
AF	0	0.727983	2	1	1	0	0	0	0
AF	0	0.728295	3	2	1	0	0	0	0
AF	0	0.728607	1	1	0	0	0	0	0
AF	0	0.728919	2	2	0	0	0	0	0
AF	0	0.729232	2	1	1	0	0	0	0
AF	0	0.729856	2	0	2	0	0	0	0
AF	0	0.730481	5	4	1	0	0	0	0
AF	0	0.730793	1	0	1	0	0	0	0
AF	0	0.731106	4	2	2	0	0	0	0
AF	0	0.731418	4	3	1	0	0	0	0
AF	0	0.731730	4	3	1	0	0	0	0
AF	0	0.733292	1	0	1	0	0	0	0
AF	0	0.733604	1	1	0	0	0	0	0
AF	0	0.735478	1	1	0	0	0	0	0
AF	0	0.736102	1	0	1	0	0	0	0
AF	0	0.736415	1	1	0	0	0	0	0
AF	0	0.736727	3	3	0	0	0	0	0
AF	0	0.737039	2	2	0	0	0	0	0
AF	0	0.737352	8	8	0	0	0	0	0
AF	0	0.737664	3	1	2	0	0	0	0
AF	0	0.737976	7	6	1	0	0	0	0
AF	0	0.738289	3	2	1	0	0	0	0
AF	0	0.738601	1	1	0	0	0	0	0
AF	0	0.739225	1	0	1	0	0	0	0
AF	0	0.741099	1	0	1	0	0	0	0
AF	0	0.741412	1	0	1	0	0	0	0
AF	0	0.741724	1	1	0	0	0	0	0
AF	0	0.742036	1	1	0	0	0	0	0
AF	0	0.742973	1	0	1	0	0	0	0
AF	0	0.743598	4	3	1	0	0	0	0
AF	0	0.743910	1	1	0	0	0	0	0
AF	0	0.744222	4	3	1	0	0	0	0
AF	0	0.744847	2	2	0	0	0	0	0
AF	0	0.745472	6	4	2	0	0	0	0
AF	0	0.745784	2	2	0	0	0	0	0
AF	0	0.746096	3	3	0	0	0	0	0
AF	0	0.746721	1	1	0	0	0	0	0
AF	0	0.747033	2	1	1	0	0	0	0
AF	0	0.747345	5	3	2	0	0	0	0
AF	0	0.747658	2	1	1	0	0	0	0
AF	0	0.748282	1	0	1	0	0	0	0
AF	0	0.749219	1	1	0	0	0	0	0
AF	0	0.750156	1	0	1	0	0	0	0
AF	0	0.753279	1	0	1	0	0	0	0
AF	0	0.754528	1	1	0	0	0	0	0
AF	0	0.755465	1	0	1	0	0	0	0
AF	0	0.758276	1	1	0	0	0	0	0
AF	0	0.759838	2	2	0	0	0	0	0
AF	0	0.762648	2	2	0	0	0	0	0
AF	0	0.766708	1	0	1	0	0	0	0
AF	0	0.770144	1	1	0	0	0	0	0
AF	0	0.771081	1	0	1	0	0	0	0
AF	0	0.772017	1	1	0	0	0	0	0
AF	0	0.773579	1	1	0	0	0	0	0
AF	0	0.775453	1	1	0	0	0	0	0
AF	0	0.777951	1	1	0	0	0	0	0
AF	0	0.778264	2	0	2	0	0	0	0
AF	0	0.779513	1	0	1	0	0	0	0
AF	0	0.782011	1	0	1	0	0	0	0
AF	0	0.786071	1	1	0	0	0	0	0
AF	0	0.786384	1	1	0	0	0	0	0
AF	0	0.787945	1	1	0	0	0	0	0
AF	0	0.788570	1	0	1	0	0	0	0
AF	0	0.793254	1	0	1	0	0	0	0
AF	0	0.794503	1	1	0	0	0	0	0
AF	0	0.800125	1	1	0	0	0	0	0
AF	0	0.806996	1	1	0	0	0	0	0
AF	0	0.808245	1	1	0	0	0	0	0
AF	0	0.808557	1	0	1	0	0	0	0
AF	0	0.808869	1	1	0	0	0	0	0
AF	0	0.811368	2	1	1	0	0	0	0
AF	0	0.811680	3	2	1	0	0	0	0
AF	0	0.811993	1	1	0	0	0	0	0
AF	0	0.815116	1	1	0	0	0	0	0
AF	0	0.819488	5	3	2	0	0	0	0
AF	0	0.819800	1	1	0	0	0	0	0
AF	0	0.820425	1	1	0	0	0	0	0
AF	0	0.823548	1	1	0	0	0	0	0
AF	0	0.826359	1	0	1	0	0	0	0
AF	0	0.826671	1	1	0	0	0	0	0
AF	0	0.827608	1	1	0	0	0	0	0
AF	0	0.831980	2	2	0	0	0	0	0
AF	0	0.832605	2	2	0	0	0	0	0
AF	0	0.835415	1	1	0	0	0	0	0
AF	0	0.838226	1	1	0	0	0	0	0
AF	0	0.838851	1	1	0	0	0	0	0
AF	0	0.839163	2	1	1	0	0	0	0
AF	0	0.844785	1	0	1	0	0	0	0
AF	0	0.845097	1	1	0	0	0	0	0
AF	0	0.849469	1	1	0	0	0	0	0
AF	0	0.851968	1	1	0	0	0	0	0
AF	0	0.853217	1	1	0	0	0	0	0
AF	0	0.855403	1	1	0	0	0	0	0
AF	0	0.855715	1	0	1	0	0	0	0
AF	0	0.857589	1	1	0	0	0	0	0
AF	0	0.858838	2	2	0	0	0	0	0
AF	0	0.859463	5	3	2	0	0	0	0
AF	0	0.859775	1	0	1	0	0	0	0
AF	0	0.861337	3	2	1	0	0	0	0
AF	0	0.861649	2	2	0	0	0	0	0
AF	0	0.861961	3	2	1	0	0	0	0
AF	0	0.862586	3	3	0	0	0	0	0
AF	0	0.862898	1	1	0	0	0	0	0
AF	0	0.863210	2	1	1	0	0	0	0
AF	0	0.863523	1	0	1	0	0	0	0
AF	0	0.864772	1	0	1	0	0	0	0
AF	0	0.865709	1	1	0	0	0	0	0
AF	0	0.866334	2	2	0	0	0	0	0
AF	0	0.866646	3	2	1	0	0	0	0
AF	0	0.866958	2	1	1	0	0	0	0
AF	0	0.867583	1	0	1	0	0	0	0
AF	0	0.868207	1	1	0	0	0	0	0
AF	0	0.869457	1	1	0	0	0	0	0
AF	0	0.869769	1	1	0	0	0	0	0
AF	0	0.870081	3	2	1	0	0	0	0
AF	0	0.870394	1	0	1	0	0	0	0
AF	0	0.871018	1	1	0	0	0	0	0
AF	0	0.876015	1	0	1	0	0	0	0
AF	0	0.880075	1	1	0	0	0	0	0
AF	0	0.881012	1	0	1	0	0	0	0
AF	0	0.882573	1	1	0	0	0	0	0
AF	0	0.882886	1	1	0	0	0	0	0
AF	0	0.883510	1	1	0	0	0	0	0
AF	0	0.891630	1	0	1	0	0	0	0
AF	0	0.894753	1	1	0	0	0	0	0
AF	0	0.897876	1	0	1	0	0	0	0
AF	0	0.898501	3	2	1	0	0	0	0
AF	0	0.899750	1	1	0	0	0	0	0
AF	0	0.900999	1	1	0	0	0	0	0
AF	0	0.903186	1	1	0	0	0	0	0
AF	0	0.906309	1	1	0	0	0	0	0
AF	0	0.906621	1	1	0	0	0	0	0
AF	0	0.909119	1	1	0	0	0	0	0
AF	0	0.916927	1	1	0	0	0	0	0
AF	0	0.917239	1	1	0	0	0	0	0
AF	0	0.920987	1	1	0	0	0	0	0
AF	0	0.924735	1	0	1	0	0	0	0
AF	0	0.927858	1	1	0	0	0	0	0
AF	0	0.928170	1	0	1	0	0	0	0
AF	0	0.929107	2	1	1	0	0	0	0
AF	0	0.930356	1	1	0	0	0	0	0
AF	0	0.931918	1	1	0	0	0	0	0
AF	0	0.937851	1	1	0	0	0	0	0
AF	0	0.940974	1	0	1	0	0	0	0
AF	0	0.942224	2	1	1	0	0	0	0
AF	0	0.942536	1	0	1	0	0	0	0
AF	0	0.944410	1	1	0	0	0	0	0
AF	0	0.945034	1	0	1	0	0	0	0
AF	0	0.945347	1	1	0	0	0	0	0
AF	0	0.945659	2	1	1	0	0	0	0
AF	0	0.948470	1	0	1	0	0	0	0
AF	0	0.954403	2	2	0	0	0	0	0
AF	0	0.956277	1	0	1	0	0	0	0
AF	0	0.956590	1	0	1	0	0	0	0
AF	0	0.957839	1	0	1	0	0	0	0
AF	0	0.958463	2	0	2	0	0	0	0
AF	0	0.960337	1	0	1	0	0	0	0
AF	0	0.963773	1	0	1	0	0	0	0
AF	0	0.964085	1	1	0	0	0	0	0
AF	0	0.964710	1	1	0	0	0	0	0
AF	0	0.965959	2	0	2	0	0	0	0
AF	0	0.966271	1	1	0	0	0	0	0
AF	0	0.966583	14	8	6	0	0	0	0
AF	0	0.969082	3	3	0	0	0	0	0
AF	0	0.969394	1	1	0	0	0	0	0
AF	0	0.971580	1	0	1	0	0	0	0
AF	0	0.974703	1	1	0	0	0	0	0
AF	0	0.975328	2	1	1	0	0	0	0
AF	0	0.975640	1	1	0	0	0	0	0
AF	0	0.975953	2	0	2	0	0	0	0
AF	0	0.976577	1	0	1	0	0	0	0
AF	0	0.977202	1	1	0	0	0	0	0
AF	0	0.977514	1	1	0	0	0	0	0
AF	0	0.977826	1	1	0	0	0	0	0
AF	0	0.979076	1	0	1	0	0	0	0
AF	0	0.979700	1	1	0	0	0	0	0
AF	0	0.981886	2	2	0	0	0	0	0
AF	0	0.983136	2	1	1	0	0	0	0
AF	0	0.988445	1	1	0	0	0	0	0
AF	0	0.989069	1	0	1	0	0	0	0
AF	0	0.990319	1	1	0	0	0	0	0
AF	0	0.990631	1	1	0	0	0	0	0
AF	0	0.991255	1	0	1	0	0	0	0
AF	0	0.991568	1	1	0	0	0	0	0
AF	0	0.992192	2	1	1	0	0	0	0
AF	0	0.992505	1	1	0	0	0	0	0
AF	0	0.992817	1	0	1	0	0	0	0
AF	0	0.994066	3	3	0	0	0	0	0
AF	0	0.994691	11	7	4	0	0	0	0
AF	0	0.995315	1	0	1	0	0	0	0
AF	0	0.995940	3	3	0	0	0	0	0
AF	0	0.996877	1	0	1	0	0	0	0
AF	0	0.997189	5	4	1	0	0	0	0
AF	0	0.997502	3	2	1	0	0	0	0
AF	0	0.997814	3	1	2	0	0	0	0
AF	0	0.998438	2	2	0	0	0	0	0
AF	0	0.998751	3	3	0	0	0	0	0
AF	0	0.999063	3	1	2	0	0	0	0
# QUAL, Stats by quality
# QUAL	[2]id	[3]Quality	[4]number of SNPs	[5]number of transitions (1st ALT)	[6]number of transversions (1st ALT)	[7]number of indels
QUAL	0	.	15638	10656	4982	0
# IDD, InDel distribution:
# IDD	[2]id	[3]length (deletions negative)	[4]number of sites	[5]number of genotypes	[6]mean VAF
# ST, Substitution types:
# ST	[2]id	[3]type	[4]count
ST	0	A>C	571
ST	0	A>G	2040
ST	0	A>T	514
ST	0	C>A	788
ST	0	C>G	647
ST	0	C>T	3094
ST	0	G>A	3115
ST	0	G>C	698
ST	0	G>T	695
ST	0	T>A	540
ST	0	T>C	2407
ST	0	T>G	529
# DP, Depth distribution
# DP	[2]id	[3]bin	[4]number of genotypes	[5]fraction of genotypes (%)	[6]number of sites	[7]fraction of sites (%)
  - Fix haploid genotypes in males...

Submit MakeDiploidMalesX finished successfully. Let's have a beer, buddy!

