Submit MakeDiploidMalesX
version 1.1.6 (2024-09-30)

These are the settings:
  Input file................: /hpc/local/Rocky8/dhl_ec/software/MonopogenLite/resources/1kGP_high_coverage_Illumina.SNVonly_poly.filtered_AF_5e-04.norm.fixvariantid.chrX.vcf.gz
  Output file...............: /hpc/local/Rocky8/dhl_ec/software/MonopogenLite/resources/1kGP_high_coverage_Illumina.SNVonly_poly.filtered_AF_5e-04.norm.fixvariantid.makediploid.chrX.vcf.gz
  Chunk size................: 100

  SLURM CPUs................: 4
  SLURM Array ID............: 53 (of 100)
  SLURM memory..............: 16G
  SLURM time................: 01:00:00
  SLURM mail type...........: FAIL
  SLURM mail user...........: s.w.vanderlaan-2@umcutrecht.nl

  Dry run mode..............: 0
  Debug mode................: 1
  Verbosity.................: 0
  Version...................: 1.1.6 (2024-09-30)

Making converting haploid genotypes to diploid genotypes.
> Extract the region for this SLURM task (# 53) from the BED file.
  - Get the chunk number from the SLURM array task ID and the bed file...
DEBUG: Extracting chunk number: 53p from 53
DEBUG: Extracting region from BED file: /hpc/local/Rocky8/dhl_ec/software/MonopogenLite/resources/chrX_100pieces.bed
  - Extract the region from the BED file...
DEBUG: Extracted raw region: 'chrX	81141217	82701624' (chunk #: 53p of 100 for job 53)
  - Check if a valid region was extracted -- should be 'chrX	81141217	82701624'...
  - Prepare the region for bcftools...
  - Check if the region (chrX:81141217-82701624) was successfully extracted...
> Processing region 'chrX:81141217-82701624'...
  - Process the specific region (chunk# 53) using bcftools view...
  - Index the VCF file...
DEBUG: Check if the VCF file was successfully processed...
##fileformat=VCFv4.2
##FILTER=<ID=PASS,Description="All filters passed">
##fileDate=29/01/2022 - 14:31:41
##source=shapeit4.2.2
##contig=<ID=chr1,length=248956422>
##contig=<ID=chr2,length=242193529>
##contig=<ID=chr3,length=198295559>
##contig=<ID=chr4,length=190214555>
##contig=<ID=chr5,length=181538259>
##contig=<ID=chr6,length=170805979>
# This file was produced by bcftools stats (1.20+htslib-1.20) and can be plotted using plot-vcfstats.
# The command line was:	bcftools stats  /hpc/local/Rocky8/dhl_ec/software/MonopogenLite/resources/chrX.part53.vcf.gz
#
# Definition of sets:
# ID	[2]id	[3]tab-separated file names
ID	0	/hpc/local/Rocky8/dhl_ec/software/MonopogenLite/resources/chrX.part53.vcf.gz
# SN, Summary numbers:
#   number of records   .. number of data rows in the VCF
#   number of no-ALTs   .. reference-only sites, ALT is either "." or identical to REF
#   number of SNPs      .. number of rows with a SNP
#   number of MNPs      .. number of rows with a MNP, such as CC>TT
#   number of indels    .. number of rows with an indel
#   number of others    .. number of rows with other type, for example a symbolic allele or
#                          a complex substitution, such as ACT>TCGA
#   number of multiallelic sites     .. number of rows with multiple alternate alleles
#   number of multiallelic SNP sites .. number of rows with multiple alternate alleles, all SNPs
# 
#   Note that rows containing multiple types will be counted multiple times, in each
#   counter. For example, a row with a SNP and an indel increments both the SNP and
#   the indel counter.
# 
# SN	[2]id	[3]key	[4]value
SN	0	number of samples:	3202
SN	0	number of records:	19542
SN	0	number of no-ALTs:	0
SN	0	number of SNPs:	19542
SN	0	number of MNPs:	0
SN	0	number of indels:	0
SN	0	number of others:	0
SN	0	number of multiallelic sites:	0
SN	0	number of multiallelic SNP sites:	0
# TSTV, transitions/transversions:
# TSTV	[2]id	[3]ts	[4]tv	[5]ts/tv	[6]ts (1st ALT)	[7]tv (1st ALT)	[8]ts/tv (1st ALT)
TSTV	0	12400	7142	1.74	12400	7142	1.74
# SiS, Singleton stats:
# SiS	[2]id	[3]allele count	[4]number of SNPs	[5]number of transitions	[6]number of transversions	[7]number of indels	[8]repeat-consistent	[9]repeat-inconsistent	[10]not applicable
SiS	0	1	0	0	0	0	0	0	0
# AF, Stats by non-reference allele frequency:
# AF	[2]id	[3]allele frequency	[4]number of SNPs	[5]number of transitions	[6]number of transversions	[7]number of indels	[8]repeat-consistent	[9]repeat-inconsistent	[10]not applicable
AF	0	0.000312	3768	2401	1367	0	0	0	0
AF	0	0.000625	2024	1262	762	0	0	0	0
AF	0	0.000937	2098	1348	750	0	0	0	0
AF	0	0.001249	642	417	225	0	0	0	0
AF	0	0.001562	955	606	349	0	0	0	0
AF	0	0.001874	505	327	178	0	0	0	0
AF	0	0.002186	992	628	364	0	0	0	0
AF	0	0.002498	283	198	85	0	0	0	0
AF	0	0.002811	698	447	251	0	0	0	0
AF	0	0.003123	250	154	96	0	0	0	0
AF	0	0.003435	479	308	171	0	0	0	0
AF	0	0.003748	209	132	77	0	0	0	0
AF	0	0.004060	330	200	130	0	0	0	0
AF	0	0.004372	111	66	45	0	0	0	0
AF	0	0.004685	268	171	97	0	0	0	0
AF	0	0.004997	162	101	61	0	0	0	0
AF	0	0.005309	342	206	136	0	0	0	0
AF	0	0.005621	192	119	73	0	0	0	0
AF	0	0.005934	180	105	75	0	0	0	0
AF	0	0.006246	105	68	37	0	0	0	0
AF	0	0.006558	115	74	41	0	0	0	0
AF	0	0.006871	93	48	45	0	0	0	0
AF	0	0.007183	91	60	31	0	0	0	0
AF	0	0.007495	50	28	22	0	0	0	0
AF	0	0.007808	155	99	56	0	0	0	0
AF	0	0.008120	66	46	20	0	0	0	0
AF	0	0.008432	163	103	60	0	0	0	0
AF	0	0.008745	42	28	14	0	0	0	0
AF	0	0.009057	86	59	27	0	0	0	0
AF	0	0.009369	57	30	27	0	0	0	0
AF	0	0.009681	124	74	50	0	0	0	0
AF	0	0.009994	50	30	20	0	0	0	0
AF	0	0.010306	133	80	53	0	0	0	0
AF	0	0.010618	51	37	14	0	0	0	0
AF	0	0.010931	61	38	23	0	0	0	0
AF	0	0.011243	34	20	14	0	0	0	0
AF	0	0.011555	42	29	13	0	0	0	0
AF	0	0.011868	23	12	11	0	0	0	0
AF	0	0.012180	52	32	20	0	0	0	0
AF	0	0.012492	46	24	22	0	0	0	0
AF	0	0.012804	46	30	16	0	0	0	0
AF	0	0.013117	9	5	4	0	0	0	0
AF	0	0.013429	28	20	8	0	0	0	0
AF	0	0.013741	32	18	14	0	0	0	0
AF	0	0.014054	53	36	17	0	0	0	0
AF	0	0.014366	11	8	3	0	0	0	0
AF	0	0.014678	37	20	17	0	0	0	0
AF	0	0.014991	19	10	9	0	0	0	0
AF	0	0.015303	29	17	12	0	0	0	0
AF	0	0.015615	13	7	6	0	0	0	0
AF	0	0.015928	31	20	11	0	0	0	0
AF	0	0.016240	12	9	3	0	0	0	0
AF	0	0.016552	46	26	20	0	0	0	0
AF	0	0.016864	25	18	7	0	0	0	0
AF	0	0.017177	39	20	19	0	0	0	0
AF	0	0.017489	23	15	8	0	0	0	0
AF	0	0.017801	23	13	10	0	0	0	0
AF	0	0.018114	22	17	5	0	0	0	0
AF	0	0.018426	25	15	10	0	0	0	0
AF	0	0.018738	6	4	2	0	0	0	0
AF	0	0.019051	19	9	10	0	0	0	0
AF	0	0.019363	17	9	8	0	0	0	0
AF	0	0.019675	51	33	18	0	0	0	0
AF	0	0.019988	18	12	6	0	0	0	0
AF	0	0.020300	19	14	5	0	0	0	0
AF	0	0.020612	14	10	4	0	0	0	0
AF	0	0.020924	79	48	31	0	0	0	0
AF	0	0.021237	15	11	4	0	0	0	0
AF	0	0.021549	28	16	12	0	0	0	0
AF	0	0.021861	13	11	2	0	0	0	0
AF	0	0.022174	60	43	17	0	0	0	0
AF	0	0.022486	15	13	2	0	0	0	0
AF	0	0.022798	16	13	3	0	0	0	0
AF	0	0.023111	31	24	7	0	0	0	0
AF	0	0.023423	20	13	7	0	0	0	0
AF	0	0.023735	6	6	0	0	0	0	0
AF	0	0.024047	23	12	11	0	0	0	0
AF	0	0.024360	11	6	5	0	0	0	0
AF	0	0.024672	15	6	9	0	0	0	0
AF	0	0.024984	13	10	3	0	0	0	0
AF	0	0.025297	12	7	5	0	0	0	0
AF	0	0.025609	9	7	2	0	0	0	0
AF	0	0.025921	30	24	6	0	0	0	0
AF	0	0.026234	2	1	1	0	0	0	0
AF	0	0.026546	9	6	3	0	0	0	0
AF	0	0.026858	6	4	2	0	0	0	0
AF	0	0.027171	9	6	3	0	0	0	0
AF	0	0.027483	2	2	0	0	0	0	0
AF	0	0.027795	11	4	7	0	0	0	0
AF	0	0.028107	2	1	1	0	0	0	0
AF	0	0.028420	17	13	4	0	0	0	0
AF	0	0.028732	7	3	4	0	0	0	0
AF	0	0.029044	5	3	2	0	0	0	0
AF	0	0.029357	4	2	2	0	0	0	0
AF	0	0.029669	14	10	4	0	0	0	0
AF	0	0.029981	4	4	0	0	0	0	0
AF	0	0.030294	12	9	3	0	0	0	0
AF	0	0.030606	7	2	5	0	0	0	0
AF	0	0.030918	10	8	2	0	0	0	0
AF	0	0.031230	6	4	2	0	0	0	0
AF	0	0.031543	5	3	2	0	0	0	0
AF	0	0.031855	5	3	2	0	0	0	0
AF	0	0.032167	10	7	3	0	0	0	0
AF	0	0.032480	14	7	7	0	0	0	0
AF	0	0.032792	21	14	7	0	0	0	0
AF	0	0.033104	13	9	4	0	0	0	0
AF	0	0.033417	7	4	3	0	0	0	0
AF	0	0.033729	2	2	0	0	0	0	0
AF	0	0.034041	3	2	1	0	0	0	0
AF	0	0.034354	4	3	1	0	0	0	0
AF	0	0.034666	7	5	2	0	0	0	0
AF	0	0.034978	3	2	1	0	0	0	0
AF	0	0.035290	6	5	1	0	0	0	0
AF	0	0.035603	1	0	1	0	0	0	0
AF	0	0.035915	5	3	2	0	0	0	0
AF	0	0.036227	2	2	0	0	0	0	0
AF	0	0.036540	7	4	3	0	0	0	0
AF	0	0.036852	1	1	0	0	0	0	0
AF	0	0.037164	7	6	1	0	0	0	0
AF	0	0.037477	4	1	3	0	0	0	0
AF	0	0.037789	8	6	2	0	0	0	0
AF	0	0.038101	7	6	1	0	0	0	0
AF	0	0.038413	18	10	8	0	0	0	0
AF	0	0.038726	1	1	0	0	0	0	0
AF	0	0.039038	5	2	3	0	0	0	0
AF	0	0.039350	6	2	4	0	0	0	0
AF	0	0.039663	3	2	1	0	0	0	0
AF	0	0.039975	5	5	0	0	0	0	0
AF	0	0.040287	1	0	1	0	0	0	0
AF	0	0.040600	3	2	1	0	0	0	0
AF	0	0.040912	5	4	1	0	0	0	0
AF	0	0.041537	2	1	1	0	0	0	0
AF	0	0.041849	1	1	0	0	0	0	0
AF	0	0.042161	6	4	2	0	0	0	0
AF	0	0.042473	1	1	0	0	0	0	0
AF	0	0.042786	12	6	6	0	0	0	0
AF	0	0.043098	3	2	1	0	0	0	0
AF	0	0.043410	8	5	3	0	0	0	0
AF	0	0.043723	3	2	1	0	0	0	0
AF	0	0.044035	7	6	1	0	0	0	0
AF	0	0.044347	2	1	1	0	0	0	0
AF	0	0.044972	1	1	0	0	0	0	0
AF	0	0.045284	6	4	2	0	0	0	0
AF	0	0.045597	5	0	5	0	0	0	0
AF	0	0.045909	3	3	0	0	0	0	0
AF	0	0.046533	2	0	2	0	0	0	0
AF	0	0.046846	1	1	0	0	0	0	0
AF	0	0.047158	1	0	1	0	0	0	0
AF	0	0.047470	1	1	0	0	0	0	0
AF	0	0.047783	2	1	1	0	0	0	0
AF	0	0.048095	2	1	1	0	0	0	0
AF	0	0.048407	2	1	1	0	0	0	0
AF	0	0.049656	8	4	4	0	0	0	0
AF	0	0.049969	1	1	0	0	0	0	0
AF	0	0.050281	1	1	0	0	0	0	0
AF	0	0.050593	2	2	0	0	0	0	0
AF	0	0.050906	10	9	1	0	0	0	0
AF	0	0.051218	2	1	1	0	0	0	0
AF	0	0.051530	4	3	1	0	0	0	0
AF	0	0.051843	2	2	0	0	0	0	0
AF	0	0.052155	3	2	1	0	0	0	0
AF	0	0.052780	1	1	0	0	0	0	0
AF	0	0.053716	1	0	1	0	0	0	0
AF	0	0.054029	2	1	1	0	0	0	0
AF	0	0.054966	1	1	0	0	0	0	0
AF	0	0.055278	1	1	0	0	0	0	0
AF	0	0.057152	2	1	1	0	0	0	0
AF	0	0.057464	1	1	0	0	0	0	0
AF	0	0.057776	1	0	1	0	0	0	0
AF	0	0.058089	1	1	0	0	0	0	0
AF	0	0.058401	1	1	0	0	0	0	0
AF	0	0.059650	4	3	1	0	0	0	0
AF	0	0.060899	3	3	0	0	0	0	0
AF	0	0.061524	1	0	1	0	0	0	0
AF	0	0.062149	2	2	0	0	0	0	0
AF	0	0.062773	5	4	1	0	0	0	0
AF	0	0.063086	2	1	1	0	0	0	0
AF	0	0.063398	1	1	0	0	0	0	0
AF	0	0.063710	1	0	1	0	0	0	0
AF	0	0.066209	1	1	0	0	0	0	0
AF	0	0.066521	1	0	1	0	0	0	0
AF	0	0.066833	3	2	1	0	0	0	0
AF	0	0.068395	1	1	0	0	0	0	0
AF	0	0.069019	1	1	0	0	0	0	0
AF	0	0.070269	1	1	0	0	0	0	0
AF	0	0.075265	1	1	0	0	0	0	0
AF	0	0.077452	1	1	0	0	0	0	0
AF	0	0.077764	1	1	0	0	0	0	0
AF	0	0.078389	1	1	0	0	0	0	0
AF	0	0.079950	1	0	1	0	0	0	0
AF	0	0.080887	1	0	1	0	0	0	0
AF	0	0.081199	1	1	0	0	0	0	0
AF	0	0.081512	2	2	0	0	0	0	0
AF	0	0.082136	3	3	0	0	0	0	0
AF	0	0.082761	1	1	0	0	0	0	0
AF	0	0.083073	1	1	0	0	0	0	0
AF	0	0.083385	3	1	2	0	0	0	0
AF	0	0.084010	2	2	0	0	0	0	0
AF	0	0.084322	1	1	0	0	0	0	0
AF	0	0.084947	1	1	0	0	0	0	0
AF	0	0.085884	1	0	1	0	0	0	0
AF	0	0.086196	2	0	2	0	0	0	0
AF	0	0.086508	1	0	1	0	0	0	0
AF	0	0.086821	1	0	1	0	0	0	0
AF	0	0.088070	1	0	1	0	0	0	0
AF	0	0.088382	1	1	0	0	0	0	0
AF	0	0.090881	1	0	1	0	0	0	0
AF	0	0.091193	1	0	1	0	0	0	0
AF	0	0.091505	1	1	0	0	0	0	0
AF	0	0.091818	1	1	0	0	0	0	0
AF	0	0.092130	2	2	0	0	0	0	0
AF	0	0.094004	1	0	1	0	0	0	0
AF	0	0.094316	1	1	0	0	0	0	0
AF	0	0.094628	3	2	1	0	0	0	0
AF	0	0.094941	1	0	1	0	0	0	0
AF	0	0.096502	1	0	1	0	0	0	0
AF	0	0.103998	1	1	0	0	0	0	0
AF	0	0.105871	1	1	0	0	0	0	0
AF	0	0.106496	1	0	1	0	0	0	0
AF	0	0.106808	2	2	0	0	0	0	0
AF	0	0.107745	3	1	2	0	0	0	0
AF	0	0.109307	1	1	0	0	0	0	0
AF	0	0.110244	1	1	0	0	0	0	0
AF	0	0.114928	1	1	0	0	0	0	0
AF	0	0.115240	1	0	1	0	0	0	0
AF	0	0.115553	1	0	1	0	0	0	0
AF	0	0.116177	1	1	0	0	0	0	0
AF	0	0.116802	1	1	0	0	0	0	0
AF	0	0.117114	1	1	0	0	0	0	0
AF	0	0.118051	2	2	0	0	0	0	0
AF	0	0.118676	1	1	0	0	0	0	0
AF	0	0.119300	1	1	0	0	0	0	0
AF	0	0.119925	1	1	0	0	0	0	0
AF	0	0.120550	1	1	0	0	0	0	0
AF	0	0.123673	1	1	0	0	0	0	0
AF	0	0.124297	1	1	0	0	0	0	0
AF	0	0.124922	1	1	0	0	0	0	0
AF	0	0.130543	1	1	0	0	0	0	0
AF	0	0.131168	1	0	1	0	0	0	0
AF	0	0.134603	1	1	0	0	0	0	0
AF	0	0.135853	1	1	0	0	0	0	0
AF	0	0.136790	1	1	0	0	0	0	0
AF	0	0.140537	1	1	0	0	0	0	0
AF	0	0.141162	1	0	1	0	0	0	0
AF	0	0.142411	1	1	0	0	0	0	0
AF	0	0.143660	1	0	1	0	0	0	0
AF	0	0.143973	1	1	0	0	0	0	0
AF	0	0.145222	2	2	0	0	0	0	0
AF	0	0.147096	2	1	1	0	0	0	0
AF	0	0.147408	1	0	1	0	0	0	0
AF	0	0.147720	1	0	1	0	0	0	0
AF	0	0.148345	2	2	0	0	0	0	0
AF	0	0.148657	3	3	0	0	0	0	0
AF	0	0.150219	1	1	0	0	0	0	0
AF	0	0.151156	2	2	0	0	0	0	0
AF	0	0.152405	1	1	0	0	0	0	0
AF	0	0.153654	1	1	0	0	0	0	0
AF	0	0.153966	1	1	0	0	0	0	0
AF	0	0.154279	1	0	1	0	0	0	0
AF	0	0.154903	1	1	0	0	0	0	0
AF	0	0.155840	1	1	0	0	0	0	0
AF	0	0.157402	3	1	2	0	0	0	0
AF	0	0.157714	1	0	1	0	0	0	0
AF	0	0.158026	1	1	0	0	0	0	0
AF	0	0.159275	2	1	1	0	0	0	0
AF	0	0.159900	1	1	0	0	0	0	0
AF	0	0.160212	2	2	0	0	0	0	0
AF	0	0.160525	1	1	0	0	0	0	0
AF	0	0.162399	1	1	0	0	0	0	0
AF	0	0.162711	1	1	0	0	0	0	0
AF	0	0.163023	2	1	1	0	0	0	0
AF	0	0.164272	5	3	2	0	0	0	0
AF	0	0.165209	1	0	1	0	0	0	0
AF	0	0.166146	1	1	0	0	0	0	0
AF	0	0.167083	2	2	0	0	0	0	0
AF	0	0.167708	1	1	0	0	0	0	0
AF	0	0.168020	1	0	1	0	0	0	0
AF	0	0.169269	2	1	1	0	0	0	0
AF	0	0.169894	1	1	0	0	0	0	0
AF	0	0.170518	2	1	1	0	0	0	0
AF	0	0.171143	3	2	1	0	0	0	0
AF	0	0.171455	1	0	1	0	0	0	0
AF	0	0.171768	1	1	0	0	0	0	0
AF	0	0.172705	1	0	1	0	0	0	0
AF	0	0.174266	1	1	0	0	0	0	0
AF	0	0.175515	1	1	0	0	0	0	0
AF	0	0.176765	2	1	1	0	0	0	0
AF	0	0.177389	2	1	1	0	0	0	0
AF	0	0.177701	1	1	0	0	0	0	0
AF	0	0.178638	5	3	2	0	0	0	0
AF	0	0.178951	2	2	0	0	0	0	0
AF	0	0.179263	4	2	2	0	0	0	0
AF	0	0.179575	2	1	1	0	0	0	0
AF	0	0.179888	2	1	1	0	0	0	0
AF	0	0.180200	1	1	0	0	0	0	0
AF	0	0.180512	1	1	0	0	0	0	0
AF	0	0.180824	1	1	0	0	0	0	0
AF	0	0.181137	1	0	1	0	0	0	0
AF	0	0.184884	1	1	0	0	0	0	0
AF	0	0.186446	1	1	0	0	0	0	0
AF	0	0.187695	2	2	0	0	0	0	0
AF	0	0.188320	1	1	0	0	0	0	0
AF	0	0.188632	2	2	0	0	0	0	0
AF	0	0.189257	3	1	2	0	0	0	0
AF	0	0.189569	1	1	0	0	0	0	0
AF	0	0.189881	1	1	0	0	0	0	0
AF	0	0.190818	1	1	0	0	0	0	0
AF	0	0.191131	1	1	0	0	0	0	0
AF	0	0.191755	1	1	0	0	0	0	0
AF	0	0.192380	2	1	1	0	0	0	0
AF	0	0.192692	3	3	0	0	0	0	0
AF	0	0.193004	1	1	0	0	0	0	0
AF	0	0.193629	1	1	0	0	0	0	0
AF	0	0.193941	1	1	0	0	0	0	0
AF	0	0.194254	1	1	0	0	0	0	0
AF	0	0.194878	7	4	3	0	0	0	0
AF	0	0.195191	8	4	4	0	0	0	0
AF	0	0.195503	6	5	1	0	0	0	0
AF	0	0.195815	3	2	1	0	0	0	0
AF	0	0.196127	1	1	0	0	0	0	0
AF	0	0.198626	1	1	0	0	0	0	0
AF	0	0.198938	4	2	2	0	0	0	0
AF	0	0.199250	2	1	1	0	0	0	0
AF	0	0.199875	1	1	0	0	0	0	0
AF	0	0.200500	2	1	1	0	0	0	0
AF	0	0.200812	5	2	3	0	0	0	0
AF	0	0.201124	1	0	1	0	0	0	0
AF	0	0.204560	1	0	1	0	0	0	0
AF	0	0.205184	2	1	1	0	0	0	0
AF	0	0.205497	2	2	0	0	0	0	0
AF	0	0.205809	2	2	0	0	0	0	0
AF	0	0.206121	8	4	4	0	0	0	0
AF	0	0.206433	2	0	2	0	0	0	0
AF	0	0.206746	3	2	1	0	0	0	0
AF	0	0.207058	3	3	0	0	0	0	0
AF	0	0.207370	4	2	2	0	0	0	0
AF	0	0.207683	3	2	1	0	0	0	0
AF	0	0.207995	1	0	1	0	0	0	0
AF	0	0.208620	1	1	0	0	0	0	0
AF	0	0.212992	2	1	1	0	0	0	0
AF	0	0.213304	1	1	0	0	0	0	0
AF	0	0.214241	1	0	1	0	0	0	0
AF	0	0.214866	1	1	0	0	0	0	0
AF	0	0.215490	1	1	0	0	0	0	0
AF	0	0.216115	1	1	0	0	0	0	0
AF	0	0.219863	1	0	1	0	0	0	0
AF	0	0.221736	1	1	0	0	0	0	0
AF	0	0.222049	3	2	1	0	0	0	0
AF	0	0.222361	1	1	0	0	0	0	0
AF	0	0.222673	1	0	1	0	0	0	0
AF	0	0.222986	1	1	0	0	0	0	0
AF	0	0.223298	1	1	0	0	0	0	0
AF	0	0.223923	3	1	2	0	0	0	0
AF	0	0.224235	2	1	1	0	0	0	0
AF	0	0.224859	1	1	0	0	0	0	0
AF	0	0.225172	3	2	1	0	0	0	0
AF	0	0.227358	2	1	1	0	0	0	0
AF	0	0.227670	2	2	0	0	0	0	0
AF	0	0.227983	7	6	1	0	0	0	0
AF	0	0.228295	6	4	2	0	0	0	0
AF	0	0.228607	1	0	1	0	0	0	0
AF	0	0.228919	2	0	2	0	0	0	0
AF	0	0.229544	1	1	0	0	0	0	0
AF	0	0.229856	1	0	1	0	0	0	0
AF	0	0.230169	1	0	1	0	0	0	0
AF	0	0.230481	1	1	0	0	0	0	0
AF	0	0.230793	1	1	0	0	0	0	0
AF	0	0.232979	1	0	1	0	0	0	0
AF	0	0.233292	3	2	1	0	0	0	0
AF	0	0.236415	2	2	0	0	0	0	0
AF	0	0.237664	2	0	2	0	0	0	0
AF	0	0.238289	1	0	1	0	0	0	0
AF	0	0.238601	2	2	0	0	0	0	0
AF	0	0.238913	2	2	0	0	0	0	0
AF	0	0.239225	2	2	0	0	0	0	0
AF	0	0.239538	10	7	3	0	0	0	0
AF	0	0.239850	10	7	3	0	0	0	0
AF	0	0.240162	8	5	3	0	0	0	0
AF	0	0.240475	9	5	4	0	0	0	0
AF	0	0.240787	4	1	3	0	0	0	0
AF	0	0.241099	2	1	1	0	0	0	0
AF	0	0.242036	1	1	0	0	0	0	0
AF	0	0.243598	1	0	1	0	0	0	0
AF	0	0.243910	1	1	0	0	0	0	0
AF	0	0.244222	2	2	0	0	0	0	0
AF	0	0.244535	5	5	0	0	0	0	0
AF	0	0.244847	1	1	0	0	0	0	0
AF	0	0.245159	5	4	1	0	0	0	0
AF	0	0.245472	3	3	0	0	0	0	0
AF	0	0.245784	2	2	0	0	0	0	0
AF	0	0.246096	2	1	1	0	0	0	0
AF	0	0.248907	1	1	0	0	0	0	0
AF	0	0.250156	2	0	2	0	0	0	0
AF	0	0.250781	2	2	0	0	0	0	0
AF	0	0.251093	1	0	1	0	0	0	0
AF	0	0.251405	4	2	2	0	0	0	0
AF	0	0.251718	2	1	1	0	0	0	0
AF	0	0.252342	1	0	1	0	0	0	0
AF	0	0.253279	1	1	0	0	0	0	0
AF	0	0.253592	1	0	1	0	0	0	0
AF	0	0.255153	1	0	1	0	0	0	0
AF	0	0.255778	4	2	2	0	0	0	0
AF	0	0.256090	2	0	2	0	0	0	0
AF	0	0.256402	7	4	3	0	0	0	0
AF	0	0.257027	5	1	4	0	0	0	0
AF	0	0.257339	3	1	2	0	0	0	0
AF	0	0.257651	6	5	1	0	0	0	0
AF	0	0.259525	1	1	0	0	0	0	0
AF	0	0.260150	1	0	1	0	0	0	0
AF	0	0.260462	2	1	1	0	0	0	0
AF	0	0.260775	1	0	1	0	0	0	0
AF	0	0.261711	1	1	0	0	0	0	0
AF	0	0.262024	3	2	1	0	0	0	0
AF	0	0.262336	2	1	1	0	0	0	0
AF	0	0.262648	20	11	9	0	0	0	0
AF	0	0.262961	6	2	4	0	0	0	0
AF	0	0.263273	13	8	5	0	0	0	0
AF	0	0.263585	9	5	4	0	0	0	0
AF	0	0.263898	13	10	3	0	0	0	0
AF	0	0.264210	2	2	0	0	0	0	0
AF	0	0.264522	5	3	2	0	0	0	0
AF	0	0.264834	2	2	0	0	0	0	0
AF	0	0.265147	13	7	6	0	0	0	0
AF	0	0.265459	3	3	0	0	0	0	0
AF	0	0.265771	4	3	1	0	0	0	0
AF	0	0.266084	2	2	0	0	0	0	0
AF	0	0.267645	2	2	0	0	0	0	0
AF	0	0.268582	1	0	1	0	0	0	0
AF	0	0.268894	3	3	0	0	0	0	0
AF	0	0.269207	2	1	1	0	0	0	0
AF	0	0.269519	1	0	1	0	0	0	0
AF	0	0.270144	3	2	1	0	0	0	0
AF	0	0.270768	3	3	0	0	0	0	0
AF	0	0.271081	3	3	0	0	0	0	0
AF	0	0.271705	1	0	1	0	0	0	0
AF	0	0.272017	3	2	1	0	0	0	0
AF	0	0.272642	3	3	0	0	0	0	0
AF	0	0.274516	1	0	1	0	0	0	0
AF	0	0.275141	1	1	0	0	0	0	0
AF	0	0.275765	1	0	1	0	0	0	0
AF	0	0.276077	1	1	0	0	0	0	0
AF	0	0.279825	1	1	0	0	0	0	0
AF	0	0.280762	2	2	0	0	0	0	0
AF	0	0.281074	1	1	0	0	0	0	0
AF	0	0.282011	1	1	0	0	0	0	0
AF	0	0.282948	2	2	0	0	0	0	0
AF	0	0.283260	2	0	2	0	0	0	0
AF	0	0.283885	1	1	0	0	0	0	0
AF	0	0.284197	1	1	0	0	0	0	0
AF	0	0.284510	2	0	2	0	0	0	0
AF	0	0.284822	2	2	0	0	0	0	0
AF	0	0.285134	1	1	0	0	0	0	0
AF	0	0.289507	1	0	1	0	0	0	0
AF	0	0.290131	1	1	0	0	0	0	0
AF	0	0.290443	2	2	0	0	0	0	0
AF	0	0.290756	1	1	0	0	0	0	0
AF	0	0.292317	2	2	0	0	0	0	0
AF	0	0.292630	2	2	0	0	0	0	0
AF	0	0.293254	1	1	0	0	0	0	0
AF	0	0.293879	1	1	0	0	0	0	0
AF	0	0.300437	1	0	1	0	0	0	0
AF	0	0.300750	1	0	1	0	0	0	0
AF	0	0.301999	2	1	1	0	0	0	0
AF	0	0.302623	1	1	0	0	0	0	0
AF	0	0.304497	1	0	1	0	0	0	0
AF	0	0.308245	2	1	1	0	0	0	0
AF	0	0.308557	1	1	0	0	0	0	0
AF	0	0.308869	1	1	0	0	0	0	0
AF	0	0.309806	1	0	1	0	0	0	0
AF	0	0.310119	1	1	0	0	0	0	0
AF	0	0.311993	1	1	0	0	0	0	0
AF	0	0.312617	1	0	1	0	0	0	0
AF	0	0.313866	1	0	1	0	0	0	0
AF	0	0.314491	1	1	0	0	0	0	0
AF	0	0.321986	1	0	1	0	0	0	0
AF	0	0.325734	1	1	0	0	0	0	0
AF	0	0.326671	1	1	0	0	0	0	0
AF	0	0.328857	1	1	0	0	0	0	0
AF	0	0.337914	1	1	0	0	0	0	0
AF	0	0.342911	1	1	0	0	0	0	0
AF	0	0.343848	1	0	1	0	0	0	0
AF	0	0.344160	1	1	0	0	0	0	0
AF	0	0.346346	1	0	1	0	0	0	0
AF	0	0.347283	1	1	0	0	0	0	0
AF	0	0.349157	1	0	1	0	0	0	0
AF	0	0.349469	1	0	1	0	0	0	0
AF	0	0.349781	1	1	0	0	0	0	0
AF	0	0.353529	1	0	1	0	0	0	0
AF	0	0.363210	1	1	0	0	0	0	0
AF	0	0.365084	1	0	1	0	0	0	0
AF	0	0.365709	1	1	0	0	0	0	0
AF	0	0.366021	2	0	2	0	0	0	0
AF	0	0.367270	1	1	0	0	0	0	0
AF	0	0.367895	1	0	1	0	0	0	0
AF	0	0.369457	1	1	0	0	0	0	0
AF	0	0.370081	1	1	0	0	0	0	0
AF	0	0.370706	1	1	0	0	0	0	0
AF	0	0.371643	1	1	0	0	0	0	0
AF	0	0.376015	3	2	1	0	0	0	0
AF	0	0.376640	1	1	0	0	0	0	0
AF	0	0.377264	2	1	1	0	0	0	0
AF	0	0.378513	1	1	0	0	0	0	0
AF	0	0.378826	1	1	0	0	0	0	0
AF	0	0.379138	2	2	0	0	0	0	0
AF	0	0.381012	1	1	0	0	0	0	0
AF	0	0.381324	1	1	0	0	0	0	0
AF	0	0.382886	1	1	0	0	0	0	0
AF	0	0.383510	1	0	1	0	0	0	0
AF	0	0.384135	2	2	0	0	0	0	0
AF	0	0.384447	1	1	0	0	0	0	0
AF	0	0.384760	3	1	2	0	0	0	0
AF	0	0.385072	1	0	1	0	0	0	0
AF	0	0.386009	1	1	0	0	0	0	0
AF	0	0.387258	1	1	0	0	0	0	0
AF	0	0.387570	1	0	1	0	0	0	0
AF	0	0.388819	1	1	0	0	0	0	0
AF	0	0.389444	1	1	0	0	0	0	0
AF	0	0.389756	3	1	2	0	0	0	0
AF	0	0.391006	1	0	1	0	0	0	0
AF	0	0.391630	4	4	0	0	0	0	0
AF	0	0.391943	2	0	2	0	0	0	0
AF	0	0.392255	3	2	1	0	0	0	0
AF	0	0.392567	2	1	1	0	0	0	0
AF	0	0.393504	1	0	1	0	0	0	0
AF	0	0.393816	5	3	2	0	0	0	0
AF	0	0.394129	4	2	2	0	0	0	0
AF	0	0.394441	5	3	2	0	0	0	0
AF	0	0.394753	9	8	1	0	0	0	0
AF	0	0.395066	1	1	0	0	0	0	0
AF	0	0.395378	1	1	0	0	0	0	0
AF	0	0.396315	1	1	0	0	0	0	0
AF	0	0.396939	2	2	0	0	0	0	0
AF	0	0.397252	6	5	1	0	0	0	0
AF	0	0.397564	3	2	1	0	0	0	0
AF	0	0.397876	4	4	0	0	0	0	0
AF	0	0.398189	7	4	3	0	0	0	0
AF	0	0.398501	9	6	3	0	0	0	0
AF	0	0.398813	2	2	0	0	0	0	0
AF	0	0.399126	1	0	1	0	0	0	0
AF	0	0.399750	1	0	1	0	0	0	0
AF	0	0.400687	1	0	1	0	0	0	0
AF	0	0.400999	1	0	1	0	0	0	0
AF	0	0.403498	5	3	2	0	0	0	0
AF	0	0.403810	2	2	0	0	0	0	0
AF	0	0.404122	1	0	1	0	0	0	0
AF	0	0.405996	5	5	0	0	0	0	0
AF	0	0.406309	2	2	0	0	0	0	0
AF	0	0.406933	1	1	0	0	0	0	0
AF	0	0.407245	3	2	1	0	0	0	0
AF	0	0.408182	1	0	1	0	0	0	0
AF	0	0.408495	1	0	1	0	0	0	0
AF	0	0.408807	1	0	1	0	0	0	0
AF	0	0.409119	1	1	0	0	0	0	0
AF	0	0.409432	1	0	1	0	0	0	0
AF	0	0.409744	1	1	0	0	0	0	0
AF	0	0.410056	1	1	0	0	0	0	0
AF	0	0.411305	2	2	0	0	0	0	0
AF	0	0.411618	3	2	1	0	0	0	0
AF	0	0.411930	3	2	1	0	0	0	0
AF	0	0.412242	2	2	0	0	0	0	0
AF	0	0.412555	4	4	0	0	0	0	0
AF	0	0.413492	1	0	1	0	0	0	0
AF	0	0.413804	1	1	0	0	0	0	0
AF	0	0.414741	2	2	0	0	0	0	0
AF	0	0.415990	1	0	1	0	0	0	0
AF	0	0.416927	1	1	0	0	0	0	0
AF	0	0.417239	1	0	1	0	0	0	0
AF	0	0.418488	1	1	0	0	0	0	0
AF	0	0.420362	2	1	1	0	0	0	0
AF	0	0.420675	1	0	1	0	0	0	0
AF	0	0.420987	2	2	0	0	0	0	0
AF	0	0.421299	1	1	0	0	0	0	0
AF	0	0.421611	3	2	1	0	0	0	0
AF	0	0.423485	1	1	0	0	0	0	0
AF	0	0.424110	2	2	0	0	0	0	0
AF	0	0.424422	2	2	0	0	0	0	0
AF	0	0.424735	1	1	0	0	0	0	0
AF	0	0.428795	1	0	1	0	0	0	0
AF	0	0.429107	1	0	1	0	0	0	0
AF	0	0.429731	1	0	1	0	0	0	0
AF	0	0.430356	2	2	0	0	0	0	0
AF	0	0.430981	2	1	1	0	0	0	0
AF	0	0.431918	1	1	0	0	0	0	0
AF	0	0.432230	4	3	1	0	0	0	0
AF	0	0.432542	2	2	0	0	0	0	0
AF	0	0.432854	4	0	4	0	0	0	0
AF	0	0.433167	7	4	3	0	0	0	0
AF	0	0.433479	2	2	0	0	0	0	0
AF	0	0.433791	1	1	0	0	0	0	0
AF	0	0.434416	1	1	0	0	0	0	0
AF	0	0.434728	4	3	1	0	0	0	0
AF	0	0.435041	5	3	2	0	0	0	0
AF	0	0.435353	10	8	2	0	0	0	0
AF	0	0.435665	2	0	2	0	0	0	0
AF	0	0.435978	1	1	0	0	0	0	0
AF	0	0.436602	2	2	0	0	0	0	0
AF	0	0.437851	1	1	0	0	0	0	0
AF	0	0.439101	2	1	1	0	0	0	0
AF	0	0.440662	1	1	0	0	0	0	0
AF	0	0.440974	3	2	1	0	0	0	0
AF	0	0.441287	1	1	0	0	0	0	0
AF	0	0.442848	3	2	1	0	0	0	0
AF	0	0.443473	2	1	1	0	0	0	0
AF	0	0.444097	4	1	3	0	0	0	0
AF	0	0.444410	1	1	0	0	0	0	0
AF	0	0.445347	1	0	1	0	0	0	0
AF	0	0.446596	1	1	0	0	0	0	0
AF	0	0.446908	2	0	2	0	0	0	0
AF	0	0.447220	1	0	1	0	0	0	0
AF	0	0.447533	1	1	0	0	0	0	0
AF	0	0.448157	8	3	5	0	0	0	0
AF	0	0.448470	4	2	2	0	0	0	0
AF	0	0.448782	4	1	3	0	0	0	0
AF	0	0.449094	2	1	1	0	0	0	0
AF	0	0.449719	1	1	0	0	0	0	0
AF	0	0.450031	1	0	1	0	0	0	0
AF	0	0.450344	2	1	1	0	0	0	0
AF	0	0.450656	5	4	1	0	0	0	0
AF	0	0.450968	1	0	1	0	0	0	0
AF	0	0.451905	1	1	0	0	0	0	0
AF	0	0.452217	4	2	2	0	0	0	0
AF	0	0.452530	3	1	2	0	0	0	0
AF	0	0.453154	3	2	1	0	0	0	0
AF	0	0.453467	1	1	0	0	0	0	0
AF	0	0.453779	4	4	0	0	0	0	0
AF	0	0.454403	4	3	1	0	0	0	0
AF	0	0.455028	3	2	1	0	0	0	0
AF	0	0.455340	2	1	1	0	0	0	0
AF	0	0.455653	3	3	0	0	0	0	0
AF	0	0.455965	1	1	0	0	0	0	0
AF	0	0.456277	2	1	1	0	0	0	0
AF	0	0.456590	1	1	0	0	0	0	0
AF	0	0.456902	1	0	1	0	0	0	0
AF	0	0.457214	1	0	1	0	0	0	0
AF	0	0.457839	4	4	0	0	0	0	0
AF	0	0.458151	11	7	4	0	0	0	0
AF	0	0.458463	9	4	5	0	0	0	0
AF	0	0.458776	66	40	26	0	0	0	0
AF	0	0.459088	21	16	5	0	0	0	0
AF	0	0.459400	22	16	6	0	0	0	0
AF	0	0.459713	2	1	1	0	0	0	0
AF	0	0.460025	11	5	6	0	0	0	0
AF	0	0.460337	4	1	3	0	0	0	0
AF	0	0.460650	8	5	3	0	0	0	0
AF	0	0.460962	3	0	3	0	0	0	0
AF	0	0.461274	15	11	4	0	0	0	0
AF	0	0.461587	7	5	2	0	0	0	0
AF	0	0.461899	18	10	8	0	0	0	0
AF	0	0.462211	14	7	7	0	0	0	0
AF	0	0.462523	32	20	12	0	0	0	0
AF	0	0.462836	19	13	6	0	0	0	0
AF	0	0.463148	18	7	11	0	0	0	0
AF	0	0.463460	8	6	2	0	0	0	0
AF	0	0.463773	5	3	2	0	0	0	0
AF	0	0.464085	1	0	1	0	0	0	0
AF	0	0.464397	1	0	1	0	0	0	0
AF	0	0.464710	1	1	0	0	0	0	0
AF	0	0.465022	3	2	1	0	0	0	0
AF	0	0.465646	2	2	0	0	0	0	0
AF	0	0.465959	2	0	2	0	0	0	0
AF	0	0.466583	1	1	0	0	0	0	0
AF	0	0.466896	2	2	0	0	0	0	0
AF	0	0.467520	8	3	5	0	0	0	0
AF	0	0.467833	8	6	2	0	0	0	0
AF	0	0.468145	8	5	3	0	0	0	0
AF	0	0.468457	6	3	3	0	0	0	0
AF	0	0.468770	4	3	1	0	0	0	0
AF	0	0.469394	3	2	1	0	0	0	0
AF	0	0.469706	1	1	0	0	0	0	0
AF	0	0.470019	3	1	2	0	0	0	0
AF	0	0.470331	3	2	1	0	0	0	0
AF	0	0.470643	3	2	1	0	0	0	0
AF	0	0.470956	1	0	1	0	0	0	0
AF	0	0.471268	2	1	1	0	0	0	0
AF	0	0.471580	5	5	0	0	0	0	0
AF	0	0.471893	5	2	3	0	0	0	0
AF	0	0.472205	2	1	1	0	0	0	0
AF	0	0.472517	3	3	0	0	0	0	0
AF	0	0.472829	5	4	1	0	0	0	0
AF	0	0.473142	6	3	3	0	0	0	0
AF	0	0.473454	3	3	0	0	0	0	0
AF	0	0.473766	1	1	0	0	0	0	0
AF	0	0.474391	2	1	1	0	0	0	0
AF	0	0.474703	2	2	0	0	0	0	0
AF	0	0.475016	2	1	1	0	0	0	0
AF	0	0.475640	6	2	4	0	0	0	0
AF	0	0.475953	11	7	4	0	0	0	0
AF	0	0.476265	7	5	2	0	0	0	0
AF	0	0.476577	2	2	0	0	0	0	0
AF	0	0.476889	1	1	0	0	0	0	0
AF	0	0.477202	2	1	1	0	0	0	0
AF	0	0.477514	4	4	0	0	0	0	0
AF	0	0.478139	2	2	0	0	0	0	0
AF	0	0.478451	1	0	1	0	0	0	0
AF	0	0.478763	5	3	2	0	0	0	0
AF	0	0.479076	3	2	1	0	0	0	0
AF	0	0.479388	1	1	0	0	0	0	0
AF	0	0.480012	4	2	2	0	0	0	0
AF	0	0.480637	7	5	2	0	0	0	0
AF	0	0.480949	2	1	1	0	0	0	0
AF	0	0.481262	10	3	7	0	0	0	0
AF	0	0.481574	2	2	0	0	0	0	0
AF	0	0.481886	3	2	1	0	0	0	0
AF	0	0.482199	1	0	1	0	0	0	0
AF	0	0.483136	2	1	1	0	0	0	0
AF	0	0.484385	1	0	1	0	0	0	0
AF	0	0.485009	3	2	1	0	0	0	0
AF	0	0.485322	1	0	1	0	0	0	0
AF	0	0.485634	2	2	0	0	0	0	0
AF	0	0.486259	1	0	1	0	0	0	0
AF	0	0.487196	1	1	0	0	0	0	0
AF	0	0.489694	1	1	0	0	0	0	0
AF	0	0.490006	1	1	0	0	0	0	0
AF	0	0.490631	1	1	0	0	0	0	0
AF	0	0.491568	1	1	0	0	0	0	0
AF	0	0.491880	1	0	1	0	0	0	0
AF	0	0.492505	2	0	2	0	0	0	0
AF	0	0.493129	1	1	0	0	0	0	0
AF	0	0.493754	1	1	0	0	0	0	0
AF	0	0.494066	1	0	1	0	0	0	0
AF	0	0.495628	1	1	0	0	0	0	0
AF	0	0.495940	1	0	1	0	0	0	0
AF	0	0.496252	1	1	0	0	0	0	0
AF	0	0.497189	1	1	0	0	0	0	0
AF	0	0.498438	1	1	0	0	0	0	0
AF	0	0.498751	3	2	1	0	0	0	0
AF	0	0.499063	1	1	0	0	0	0	0
AF	0	0.500937	1	0	1	0	0	0	0
AF	0	0.501249	3	2	1	0	0	0	0
AF	0	0.501562	3	1	2	0	0	0	0
AF	0	0.502811	2	0	2	0	0	0	0
AF	0	0.503123	1	0	1	0	0	0	0
AF	0	0.503435	1	1	0	0	0	0	0
AF	0	0.503748	5	3	2	0	0	0	0
AF	0	0.504060	3	2	1	0	0	0	0
AF	0	0.504372	4	4	0	0	0	0	0
AF	0	0.504685	1	1	0	0	0	0	0
AF	0	0.504997	1	1	0	0	0	0	0
AF	0	0.505309	1	1	0	0	0	0	0
AF	0	0.505621	1	1	0	0	0	0	0
AF	0	0.506246	4	2	2	0	0	0	0
AF	0	0.506558	1	0	1	0	0	0	0
AF	0	0.506871	2	2	0	0	0	0	0
AF	0	0.507183	3	2	1	0	0	0	0
AF	0	0.507495	4	2	2	0	0	0	0
AF	0	0.507808	1	1	0	0	0	0	0
AF	0	0.508120	2	0	2	0	0	0	0
AF	0	0.508432	1	1	0	0	0	0	0
AF	0	0.508745	2	2	0	0	0	0	0
AF	0	0.509057	1	1	0	0	0	0	0
AF	0	0.509369	5	3	2	0	0	0	0
AF	0	0.509994	1	1	0	0	0	0	0
AF	0	0.510306	1	0	1	0	0	0	0
AF	0	0.510618	1	1	0	0	0	0	0
AF	0	0.510931	1	0	1	0	0	0	0
AF	0	0.511243	3	3	0	0	0	0	0
AF	0	0.511868	8	5	3	0	0	0	0
AF	0	0.512180	4	4	0	0	0	0	0
AF	0	0.512492	5	2	3	0	0	0	0
AF	0	0.513117	1	1	0	0	0	0	0
AF	0	0.513429	1	1	0	0	0	0	0
AF	0	0.513741	5	3	2	0	0	0	0
AF	0	0.514054	1	1	0	0	0	0	0
AF	0	0.514366	2	1	1	0	0	0	0
AF	0	0.514678	3	2	1	0	0	0	0
AF	0	0.514991	3	1	2	0	0	0	0
AF	0	0.515303	1	0	1	0	0	0	0
AF	0	0.515615	3	2	1	0	0	0	0
AF	0	0.515928	1	1	0	0	0	0	0
AF	0	0.516240	4	2	2	0	0	0	0
AF	0	0.516864	4	3	1	0	0	0	0
AF	0	0.517177	1	0	1	0	0	0	0
AF	0	0.517489	2	2	0	0	0	0	0
AF	0	0.517801	1	1	0	0	0	0	0
AF	0	0.518114	5	1	4	0	0	0	0
AF	0	0.518426	2	2	0	0	0	0	0
AF	0	0.518738	6	3	3	0	0	0	0
AF	0	0.519051	3	3	0	0	0	0	0
AF	0	0.519363	4	2	2	0	0	0	0
AF	0	0.519675	2	0	2	0	0	0	0
AF	0	0.519988	4	4	0	0	0	0	0
AF	0	0.520300	10	5	5	0	0	0	0
AF	0	0.520612	10	7	3	0	0	0	0
AF	0	0.520924	3	2	1	0	0	0	0
AF	0	0.521237	3	2	1	0	0	0	0
AF	0	0.522798	2	2	0	0	0	0	0
AF	0	0.523111	2	0	2	0	0	0	0
AF	0	0.523423	2	1	1	0	0	0	0
AF	0	0.523735	2	2	0	0	0	0	0
AF	0	0.524360	3	2	1	0	0	0	0
AF	0	0.524672	3	0	3	0	0	0	0
AF	0	0.525609	2	1	1	0	0	0	0
AF	0	0.525921	2	2	0	0	0	0	0
AF	0	0.526234	8	6	2	0	0	0	0
AF	0	0.526546	3	1	2	0	0	0	0
AF	0	0.526858	6	3	3	0	0	0	0
AF	0	0.527171	5	1	4	0	0	0	0
AF	0	0.527483	11	7	4	0	0	0	0
AF	0	0.528107	3	1	2	0	0	0	0
AF	0	0.529669	1	0	1	0	0	0	0
AF	0	0.530606	2	2	0	0	0	0	0
AF	0	0.530918	6	3	3	0	0	0	0
AF	0	0.531230	2	0	2	0	0	0	0
AF	0	0.531855	2	2	0	0	0	0	0
AF	0	0.532167	2	2	0	0	0	0	0
AF	0	0.533104	1	1	0	0	0	0	0
AF	0	0.533729	2	2	0	0	0	0	0
AF	0	0.534041	1	1	0	0	0	0	0
AF	0	0.534354	2	1	1	0	0	0	0
AF	0	0.534666	1	0	1	0	0	0	0
AF	0	0.534978	1	0	1	0	0	0	0
AF	0	0.535290	1	0	1	0	0	0	0
AF	0	0.535603	1	1	0	0	0	0	0
AF	0	0.536227	4	3	1	0	0	0	0
AF	0	0.537164	1	1	0	0	0	0	0
AF	0	0.537789	1	0	1	0	0	0	0
AF	0	0.538101	2	0	2	0	0	0	0
AF	0	0.538726	2	0	2	0	0	0	0
AF	0	0.539038	6	3	3	0	0	0	0
AF	0	0.539350	6	2	4	0	0	0	0
AF	0	0.539975	3	1	2	0	0	0	0
AF	0	0.540287	2	1	1	0	0	0	0
AF	0	0.540600	2	1	1	0	0	0	0
AF	0	0.541537	1	0	1	0	0	0	0
AF	0	0.542161	1	0	1	0	0	0	0
AF	0	0.542786	1	1	0	0	0	0	0
AF	0	0.543098	1	1	0	0	0	0	0
AF	0	0.543410	1	1	0	0	0	0	0
AF	0	0.543723	4	3	1	0	0	0	0
AF	0	0.544035	3	3	0	0	0	0	0
AF	0	0.544347	2	2	0	0	0	0	0
AF	0	0.544660	2	2	0	0	0	0	0
AF	0	0.544972	2	2	0	0	0	0	0
AF	0	0.546221	1	1	0	0	0	0	0
AF	0	0.547470	1	1	0	0	0	0	0
AF	0	0.551218	1	0	1	0	0	0	0
AF	0	0.551530	1	1	0	0	0	0	0
AF	0	0.552155	1	1	0	0	0	0	0
AF	0	0.553092	1	1	0	0	0	0	0
AF	0	0.553404	1	0	1	0	0	0	0
AF	0	0.554966	1	0	1	0	0	0	0
AF	0	0.556527	1	0	1	0	0	0	0
AF	0	0.557152	1	1	0	0	0	0	0
AF	0	0.557464	1	0	1	0	0	0	0
AF	0	0.559650	1	1	0	0	0	0	0
AF	0	0.561836	1	0	1	0	0	0	0
AF	0	0.562773	3	2	1	0	0	0	0
AF	0	0.563398	2	2	0	0	0	0	0
AF	0	0.563710	1	1	0	0	0	0	0
AF	0	0.564022	6	4	2	0	0	0	0
AF	0	0.564335	2	0	2	0	0	0	0
AF	0	0.564647	3	2	1	0	0	0	0
AF	0	0.564959	2	2	0	0	0	0	0
AF	0	0.565272	1	1	0	0	0	0	0
AF	0	0.565584	2	0	2	0	0	0	0
AF	0	0.565896	6	4	2	0	0	0	0
AF	0	0.566209	1	0	1	0	0	0	0
AF	0	0.566521	4	4	0	0	0	0	0
AF	0	0.567458	1	1	0	0	0	0	0
AF	0	0.569644	2	2	0	0	0	0	0
AF	0	0.570269	1	1	0	0	0	0	0
AF	0	0.570893	1	1	0	0	0	0	0
AF	0	0.571205	1	1	0	0	0	0	0
AF	0	0.571518	1	0	1	0	0	0	0
AF	0	0.576515	1	1	0	0	0	0	0
AF	0	0.608994	1	1	0	0	0	0	0
AF	0	0.617739	1	1	0	0	0	0	0
AF	0	0.653966	1	0	1	0	0	0	0
AF	0	0.654591	1	1	0	0	0	0	0
AF	0	0.662086	1	0	1	0	0	0	0
AF	0	0.662711	1	0	1	0	0	0	0
AF	0	0.663335	2	2	0	0	0	0	0
AF	0	0.663648	1	1	0	0	0	0	0
AF	0	0.663960	1	1	0	0	0	0	0
AF	0	0.675203	1	1	0	0	0	0	0
AF	0	0.678014	1	1	0	0	0	0	0
AF	0	0.679888	1	1	0	0	0	0	0
AF	0	0.685197	1	1	0	0	0	0	0
AF	0	0.688007	1	0	1	0	0	0	0
AF	0	0.696752	1	1	0	0	0	0	0
AF	0	0.717676	1	0	1	0	0	0	0
AF	0	0.720487	1	0	1	0	0	0	0
AF	0	0.721424	1	1	0	0	0	0	0
AF	0	0.721736	1	1	0	0	0	0	0
AF	0	0.723298	1	1	0	0	0	0	0
AF	0	0.725796	1	1	0	0	0	0	0
AF	0	0.731106	1	1	0	0	0	0	0
AF	0	0.732979	1	1	0	0	0	0	0
AF	0	0.746096	1	1	0	0	0	0	0
AF	0	0.746408	1	0	1	0	0	0	0
AF	0	0.749219	1	1	0	0	0	0	0
AF	0	0.749844	2	1	1	0	0	0	0
AF	0	0.752342	1	1	0	0	0	0	0
AF	0	0.753279	1	0	1	0	0	0	0
AF	0	0.754841	1	1	0	0	0	0	0
AF	0	0.756715	1	1	0	0	0	0	0
AF	0	0.758588	2	2	0	0	0	0	0
AF	0	0.765459	1	1	0	0	0	0	0
AF	0	0.809806	1	1	0	0	0	0	0
AF	0	0.810119	2	1	1	0	0	0	0
AF	0	0.811368	1	1	0	0	0	0	0
AF	0	0.813554	1	1	0	0	0	0	0
AF	0	0.816052	1	0	1	0	0	0	0
AF	0	0.817614	1	1	0	0	0	0	0
AF	0	0.823235	1	1	0	0	0	0	0
AF	0	0.823860	1	0	1	0	0	0	0
AF	0	0.893192	1	0	1	0	0	0	0
AF	0	0.893504	1	1	0	0	0	0	0
AF	0	0.905684	1	0	1	0	0	0	0
AF	0	0.906621	1	1	0	0	0	0	0
AF	0	0.907245	1	0	1	0	0	0	0
AF	0	0.909119	1	1	0	0	0	0	0
AF	0	0.909432	3	1	2	0	0	0	0
AF	0	0.915990	1	0	1	0	0	0	0
AF	0	0.917239	1	0	1	0	0	0	0
AF	0	0.917864	2	2	0	0	0	0	0
AF	0	0.931918	2	0	2	0	0	0	0
AF	0	0.950344	1	0	1	0	0	0	0
AF	0	0.958776	1	1	0	0	0	0	0
AF	0	0.960650	1	0	1	0	0	0	0
AF	0	0.965334	3	2	1	0	0	0	0
AF	0	0.970019	3	3	0	0	0	0	0
AF	0	0.970331	1	0	1	0	0	0	0
AF	0	0.970643	1	0	1	0	0	0	0
AF	0	0.970956	3	1	2	0	0	0	0
AF	0	0.971268	2	1	1	0	0	0	0
AF	0	0.973766	3	2	1	0	0	0	0
AF	0	0.975328	3	2	1	0	0	0	0
AF	0	0.978139	1	1	0	0	0	0	0
AF	0	0.979076	2	1	1	0	0	0	0
AF	0	0.982823	1	0	1	0	0	0	0
AF	0	0.983136	1	1	0	0	0	0	0
AF	0	0.985634	1	0	1	0	0	0	0
AF	0	0.985946	1	0	1	0	0	0	0
AF	0	0.987820	2	2	0	0	0	0	0
AF	0	0.988445	2	2	0	0	0	0	0
AF	0	0.990319	1	1	0	0	0	0	0
AF	0	0.990631	1	0	1	0	0	0	0
AF	0	0.990943	2	1	1	0	0	0	0
AF	0	0.992817	1	1	0	0	0	0	0
AF	0	0.993442	1	1	0	0	0	0	0
AF	0	0.994691	1	0	1	0	0	0	0
AF	0	0.995628	2	1	1	0	0	0	0
AF	0	0.995940	3	3	0	0	0	0	0
AF	0	0.996252	1	1	0	0	0	0	0
AF	0	0.996565	1	1	0	0	0	0	0
AF	0	0.997189	6	4	2	0	0	0	0
AF	0	0.998126	1	1	0	0	0	0	0
# QUAL, Stats by quality
# QUAL	[2]id	[3]Quality	[4]number of SNPs	[5]number of transitions (1st ALT)	[6]number of transversions (1st ALT)	[7]number of indels
QUAL	0	.	19542	12400	7142	0
# IDD, InDel distribution:
# IDD	[2]id	[3]length (deletions negative)	[4]number of sites	[5]number of genotypes	[6]mean VAF
# ST, Substitution types:
# ST	[2]id	[3]type	[4]count
ST	0	A>C	699
ST	0	A>G	2575
ST	0	A>T	964
ST	0	C>A	1167
ST	0	C>G	712
ST	0	C>T	3578
ST	0	G>A	3666
ST	0	G>C	642
ST	0	G>T	1201
ST	0	T>A	1000
ST	0	T>C	2581
ST	0	T>G	757
# DP, Depth distribution
# DP	[2]id	[3]bin	[4]number of genotypes	[5]fraction of genotypes (%)	[6]number of sites	[7]fraction of sites (%)
  - Fix haploid genotypes in males...

Submit MakeDiploidMalesX finished successfully. Let's have a beer, buddy!

