Submit MakeDiploidMalesX
version 1.1.6 (2024-09-30)

These are the settings:
  Input file................: /hpc/local/Rocky8/dhl_ec/software/MonopogenLite/resources/1kGP_high_coverage_Illumina.SNVonly_poly.filtered_AF_5e-04.norm.fixvariantid.chrX.vcf.gz
  Output file...............: /hpc/local/Rocky8/dhl_ec/software/MonopogenLite/resources/1kGP_high_coverage_Illumina.SNVonly_poly.filtered_AF_5e-04.norm.fixvariantid.makediploid.chrX.vcf.gz
  Chunk size................: 100

  SLURM CPUs................: 4
  SLURM Array ID............: 52 (of 100)
  SLURM memory..............: 16G
  SLURM time................: 01:00:00
  SLURM mail type...........: FAIL
  SLURM mail user...........: s.w.vanderlaan-2@umcutrecht.nl

  Dry run mode..............: 0
  Debug mode................: 1
  Verbosity.................: 0
  Version...................: 1.1.6 (2024-09-30)

Making converting haploid genotypes to diploid genotypes.
> Extract the region for this SLURM task (# 52) from the BED file.
  - Get the chunk number from the SLURM array task ID and the bed file...
DEBUG: Extracting chunk number: 52p from 52
DEBUG: Extracting region from BED file: /hpc/local/Rocky8/dhl_ec/software/MonopogenLite/resources/chrX_100pieces.bed
  - Extract the region from the BED file...
DEBUG: Extracted raw region: 'chrX	79580809	81141216' (chunk #: 52p of 100 for job 52)
  - Check if a valid region was extracted -- should be 'chrX	79580809	81141216'...
  - Prepare the region for bcftools...
  - Check if the region (chrX:79580809-81141216) was successfully extracted...
> Processing region 'chrX:79580809-81141216'...
  - Process the specific region (chunk# 52) using bcftools view...
  - Index the VCF file...
DEBUG: Check if the VCF file was successfully processed...
##fileformat=VCFv4.2
##FILTER=<ID=PASS,Description="All filters passed">
##fileDate=29/01/2022 - 14:31:41
##source=shapeit4.2.2
##contig=<ID=chr1,length=248956422>
##contig=<ID=chr2,length=242193529>
##contig=<ID=chr3,length=198295559>
##contig=<ID=chr4,length=190214555>
##contig=<ID=chr5,length=181538259>
##contig=<ID=chr6,length=170805979>
# This file was produced by bcftools stats (1.20+htslib-1.20) and can be plotted using plot-vcfstats.
# The command line was:	bcftools stats  /hpc/local/Rocky8/dhl_ec/software/MonopogenLite/resources/chrX.part52.vcf.gz
#
# Definition of sets:
# ID	[2]id	[3]tab-separated file names
ID	0	/hpc/local/Rocky8/dhl_ec/software/MonopogenLite/resources/chrX.part52.vcf.gz
# SN, Summary numbers:
#   number of records   .. number of data rows in the VCF
#   number of no-ALTs   .. reference-only sites, ALT is either "." or identical to REF
#   number of SNPs      .. number of rows with a SNP
#   number of MNPs      .. number of rows with a MNP, such as CC>TT
#   number of indels    .. number of rows with an indel
#   number of others    .. number of rows with other type, for example a symbolic allele or
#                          a complex substitution, such as ACT>TCGA
#   number of multiallelic sites     .. number of rows with multiple alternate alleles
#   number of multiallelic SNP sites .. number of rows with multiple alternate alleles, all SNPs
# 
#   Note that rows containing multiple types will be counted multiple times, in each
#   counter. For example, a row with a SNP and an indel increments both the SNP and
#   the indel counter.
# 
# SN	[2]id	[3]key	[4]value
SN	0	number of samples:	3202
SN	0	number of records:	18018
SN	0	number of no-ALTs:	0
SN	0	number of SNPs:	18018
SN	0	number of MNPs:	0
SN	0	number of indels:	0
SN	0	number of others:	0
SN	0	number of multiallelic sites:	0
SN	0	number of multiallelic SNP sites:	0
# TSTV, transitions/transversions:
# TSTV	[2]id	[3]ts	[4]tv	[5]ts/tv	[6]ts (1st ALT)	[7]tv (1st ALT)	[8]ts/tv (1st ALT)
TSTV	0	11779	6239	1.89	11779	6239	1.89
# SiS, Singleton stats:
# SiS	[2]id	[3]allele count	[4]number of SNPs	[5]number of transitions	[6]number of transversions	[7]number of indels	[8]repeat-consistent	[9]repeat-inconsistent	[10]not applicable
SiS	0	1	0	0	0	0	0	0	0
# AF, Stats by non-reference allele frequency:
# AF	[2]id	[3]allele frequency	[4]number of SNPs	[5]number of transitions	[6]number of transversions	[7]number of indels	[8]repeat-consistent	[9]repeat-inconsistent	[10]not applicable
AF	0	0.000312	2730	1798	932	0	0	0	0
AF	0	0.000625	1734	1193	541	0	0	0	0
AF	0	0.000937	2281	1516	765	0	0	0	0
AF	0	0.001249	669	422	247	0	0	0	0
AF	0	0.001562	910	604	306	0	0	0	0
AF	0	0.001874	288	185	103	0	0	0	0
AF	0	0.002186	589	377	212	0	0	0	0
AF	0	0.002498	294	190	104	0	0	0	0
AF	0	0.002811	436	280	156	0	0	0	0
AF	0	0.003123	219	128	91	0	0	0	0
AF	0	0.003435	328	228	100	0	0	0	0
AF	0	0.003748	159	104	55	0	0	0	0
AF	0	0.004060	260	158	102	0	0	0	0
AF	0	0.004372	157	105	52	0	0	0	0
AF	0	0.004685	195	116	79	0	0	0	0
AF	0	0.004997	111	67	44	0	0	0	0
AF	0	0.005309	194	136	58	0	0	0	0
AF	0	0.005621	64	43	21	0	0	0	0
AF	0	0.005934	133	81	52	0	0	0	0
AF	0	0.006246	56	27	29	0	0	0	0
AF	0	0.006558	105	73	32	0	0	0	0
AF	0	0.006871	49	31	18	0	0	0	0
AF	0	0.007183	100	61	39	0	0	0	0
AF	0	0.007495	38	27	11	0	0	0	0
AF	0	0.007808	112	77	35	0	0	0	0
AF	0	0.008120	60	39	21	0	0	0	0
AF	0	0.008432	89	50	39	0	0	0	0
AF	0	0.008745	35	25	10	0	0	0	0
AF	0	0.009057	98	62	36	0	0	0	0
AF	0	0.009369	99	63	36	0	0	0	0
AF	0	0.009681	97	64	33	0	0	0	0
AF	0	0.009994	46	32	14	0	0	0	0
AF	0	0.010306	117	79	38	0	0	0	0
AF	0	0.010618	27	21	6	0	0	0	0
AF	0	0.010931	39	23	16	0	0	0	0
AF	0	0.011243	42	29	13	0	0	0	0
AF	0	0.011555	50	39	11	0	0	0	0
AF	0	0.011868	37	25	12	0	0	0	0
AF	0	0.012180	63	43	20	0	0	0	0
AF	0	0.012492	23	15	8	0	0	0	0
AF	0	0.012804	63	42	21	0	0	0	0
AF	0	0.013117	30	21	9	0	0	0	0
AF	0	0.013429	90	59	31	0	0	0	0
AF	0	0.013741	36	24	12	0	0	0	0
AF	0	0.014054	87	52	35	0	0	0	0
AF	0	0.014366	25	15	10	0	0	0	0
AF	0	0.014678	65	38	27	0	0	0	0
AF	0	0.014991	23	13	10	0	0	0	0
AF	0	0.015303	53	32	21	0	0	0	0
AF	0	0.015615	17	9	8	0	0	0	0
AF	0	0.015928	24	16	8	0	0	0	0
AF	0	0.016240	22	16	6	0	0	0	0
AF	0	0.016552	20	15	5	0	0	0	0
AF	0	0.016864	11	5	6	0	0	0	0
AF	0	0.017177	29	16	13	0	0	0	0
AF	0	0.017489	9	5	4	0	0	0	0
AF	0	0.017801	10	9	1	0	0	0	0
AF	0	0.018114	16	9	7	0	0	0	0
AF	0	0.018426	13	5	8	0	0	0	0
AF	0	0.018738	4	3	1	0	0	0	0
AF	0	0.019051	8	6	2	0	0	0	0
AF	0	0.019363	4	4	0	0	0	0	0
AF	0	0.019675	8	5	3	0	0	0	0
AF	0	0.019988	3	3	0	0	0	0	0
AF	0	0.020300	15	8	7	0	0	0	0
AF	0	0.020612	9	7	2	0	0	0	0
AF	0	0.020924	24	11	13	0	0	0	0
AF	0	0.021237	2	2	0	0	0	0	0
AF	0	0.021549	18	14	4	0	0	0	0
AF	0	0.021861	6	3	3	0	0	0	0
AF	0	0.022174	21	13	8	0	0	0	0
AF	0	0.022486	4	3	1	0	0	0	0
AF	0	0.022798	15	10	5	0	0	0	0
AF	0	0.023111	16	11	5	0	0	0	0
AF	0	0.023423	18	9	9	0	0	0	0
AF	0	0.023735	7	4	3	0	0	0	0
AF	0	0.024047	24	12	12	0	0	0	0
AF	0	0.024360	13	9	4	0	0	0	0
AF	0	0.024672	22	16	6	0	0	0	0
AF	0	0.024984	6	5	1	0	0	0	0
AF	0	0.025297	13	10	3	0	0	0	0
AF	0	0.025609	4	2	2	0	0	0	0
AF	0	0.025921	10	5	5	0	0	0	0
AF	0	0.026234	11	8	3	0	0	0	0
AF	0	0.026546	8	5	3	0	0	0	0
AF	0	0.026858	6	4	2	0	0	0	0
AF	0	0.027171	7	6	1	0	0	0	0
AF	0	0.027483	4	1	3	0	0	0	0
AF	0	0.027795	9	5	4	0	0	0	0
AF	0	0.028107	4	2	2	0	0	0	0
AF	0	0.028420	12	8	4	0	0	0	0
AF	0	0.028732	2	1	1	0	0	0	0
AF	0	0.029044	17	8	9	0	0	0	0
AF	0	0.029357	4	3	1	0	0	0	0
AF	0	0.029669	14	9	5	0	0	0	0
AF	0	0.029981	8	4	4	0	0	0	0
AF	0	0.030294	29	12	17	0	0	0	0
AF	0	0.030606	5	4	1	0	0	0	0
AF	0	0.030918	14	10	4	0	0	0	0
AF	0	0.031230	2	2	0	0	0	0	0
AF	0	0.031543	29	18	11	0	0	0	0
AF	0	0.031855	11	8	3	0	0	0	0
AF	0	0.032167	17	10	7	0	0	0	0
AF	0	0.032480	9	7	2	0	0	0	0
AF	0	0.032792	10	8	2	0	0	0	0
AF	0	0.033104	5	3	2	0	0	0	0
AF	0	0.033417	12	5	7	0	0	0	0
AF	0	0.033729	3	3	0	0	0	0	0
AF	0	0.034041	9	5	4	0	0	0	0
AF	0	0.034354	4	3	1	0	0	0	0
AF	0	0.034666	3	1	2	0	0	0	0
AF	0	0.034978	3	2	1	0	0	0	0
AF	0	0.035290	5	3	2	0	0	0	0
AF	0	0.035603	1	0	1	0	0	0	0
AF	0	0.035915	2	2	0	0	0	0	0
AF	0	0.036227	1	1	0	0	0	0	0
AF	0	0.036540	5	2	3	0	0	0	0
AF	0	0.037164	4	1	3	0	0	0	0
AF	0	0.037477	3	2	1	0	0	0	0
AF	0	0.037789	6	3	3	0	0	0	0
AF	0	0.038101	10	4	6	0	0	0	0
AF	0	0.038413	23	16	7	0	0	0	0
AF	0	0.038726	13	9	4	0	0	0	0
AF	0	0.039038	12	5	7	0	0	0	0
AF	0	0.039350	4	2	2	0	0	0	0
AF	0	0.039663	6	5	1	0	0	0	0
AF	0	0.039975	5	2	3	0	0	0	0
AF	0	0.040287	9	8	1	0	0	0	0
AF	0	0.040912	1	1	0	0	0	0	0
AF	0	0.041224	5	4	1	0	0	0	0
AF	0	0.041537	6	5	1	0	0	0	0
AF	0	0.041849	7	3	4	0	0	0	0
AF	0	0.042161	4	4	0	0	0	0	0
AF	0	0.042473	2	1	1	0	0	0	0
AF	0	0.042786	13	6	7	0	0	0	0
AF	0	0.043098	8	6	2	0	0	0	0
AF	0	0.043410	7	6	1	0	0	0	0
AF	0	0.043723	4	2	2	0	0	0	0
AF	0	0.044035	7	6	1	0	0	0	0
AF	0	0.044347	3	2	1	0	0	0	0
AF	0	0.044660	3	1	2	0	0	0	0
AF	0	0.045597	2	1	1	0	0	0	0
AF	0	0.045909	4	3	1	0	0	0	0
AF	0	0.046221	1	0	1	0	0	0	0
AF	0	0.046533	1	1	0	0	0	0	0
AF	0	0.046846	1	1	0	0	0	0	0
AF	0	0.047158	4	3	1	0	0	0	0
AF	0	0.047470	7	5	2	0	0	0	0
AF	0	0.047783	76	47	29	0	0	0	0
AF	0	0.048095	8	7	1	0	0	0	0
AF	0	0.048407	2	2	0	0	0	0	0
AF	0	0.049032	4	4	0	0	0	0	0
AF	0	0.049344	7	4	3	0	0	0	0
AF	0	0.049656	5	4	1	0	0	0	0
AF	0	0.050593	2	1	1	0	0	0	0
AF	0	0.050906	1	1	0	0	0	0	0
AF	0	0.051218	5	2	3	0	0	0	0
AF	0	0.051530	2	1	1	0	0	0	0
AF	0	0.051843	1	1	0	0	0	0	0
AF	0	0.052155	6	4	2	0	0	0	0
AF	0	0.052467	1	1	0	0	0	0	0
AF	0	0.052780	2	2	0	0	0	0	0
AF	0	0.053092	2	2	0	0	0	0	0
AF	0	0.053404	3	1	2	0	0	0	0
AF	0	0.053716	3	3	0	0	0	0	0
AF	0	0.054341	6	4	2	0	0	0	0
AF	0	0.054653	5	5	0	0	0	0	0
AF	0	0.054966	20	12	8	0	0	0	0
AF	0	0.055278	15	10	5	0	0	0	0
AF	0	0.055903	1	1	0	0	0	0	0
AF	0	0.056215	2	2	0	0	0	0	0
AF	0	0.056527	1	1	0	0	0	0	0
AF	0	0.057464	1	1	0	0	0	0	0
AF	0	0.057776	1	0	1	0	0	0	0
AF	0	0.058401	3	3	0	0	0	0	0
AF	0	0.058713	1	1	0	0	0	0	0
AF	0	0.059026	1	1	0	0	0	0	0
AF	0	0.059338	2	1	1	0	0	0	0
AF	0	0.059650	1	1	0	0	0	0	0
AF	0	0.061524	2	0	2	0	0	0	0
AF	0	0.061836	1	1	0	0	0	0	0
AF	0	0.062149	5	0	5	0	0	0	0
AF	0	0.062461	1	1	0	0	0	0	0
AF	0	0.062773	2	2	0	0	0	0	0
AF	0	0.063398	2	2	0	0	0	0	0
AF	0	0.063710	3	3	0	0	0	0	0
AF	0	0.064022	68	45	23	0	0	0	0
AF	0	0.064335	9	6	3	0	0	0	0
AF	0	0.064647	44	27	17	0	0	0	0
AF	0	0.064959	1	0	1	0	0	0	0
AF	0	0.065272	7	7	0	0	0	0	0
AF	0	0.065584	8	6	2	0	0	0	0
AF	0	0.065896	4	2	2	0	0	0	0
AF	0	0.066209	2	2	0	0	0	0	0
AF	0	0.066521	1	1	0	0	0	0	0
AF	0	0.067146	1	0	1	0	0	0	0
AF	0	0.067770	7	4	3	0	0	0	0
AF	0	0.068082	2	1	1	0	0	0	0
AF	0	0.068395	1	0	1	0	0	0	0
AF	0	0.069019	2	2	0	0	0	0	0
AF	0	0.069644	1	1	0	0	0	0	0
AF	0	0.070269	1	0	1	0	0	0	0
AF	0	0.070581	1	1	0	0	0	0	0
AF	0	0.071205	1	0	1	0	0	0	0
AF	0	0.071830	1	1	0	0	0	0	0
AF	0	0.072142	1	1	0	0	0	0	0
AF	0	0.072455	2	1	1	0	0	0	0
AF	0	0.073079	1	0	1	0	0	0	0
AF	0	0.073392	3	3	0	0	0	0	0
AF	0	0.073704	5	3	2	0	0	0	0
AF	0	0.074016	4	3	1	0	0	0	0
AF	0	0.074329	1	0	1	0	0	0	0
AF	0	0.074641	2	1	1	0	0	0	0
AF	0	0.076202	1	0	1	0	0	0	0
AF	0	0.076515	1	1	0	0	0	0	0
AF	0	0.076827	1	1	0	0	0	0	0
AF	0	0.078389	1	0	1	0	0	0	0
AF	0	0.078701	2	1	1	0	0	0	0
AF	0	0.079013	3	2	1	0	0	0	0
AF	0	0.079325	5	4	1	0	0	0	0
AF	0	0.079638	14	5	9	0	0	0	0
AF	0	0.079950	1	0	1	0	0	0	0
AF	0	0.080262	2	1	1	0	0	0	0
AF	0	0.080575	1	0	1	0	0	0	0
AF	0	0.080887	2	2	0	0	0	0	0
AF	0	0.081199	7	3	4	0	0	0	0
AF	0	0.081512	5	2	3	0	0	0	0
AF	0	0.081824	1	1	0	0	0	0	0
AF	0	0.082136	1	1	0	0	0	0	0
AF	0	0.082448	1	0	1	0	0	0	0
AF	0	0.082761	1	1	0	0	0	0	0
AF	0	0.083073	2	0	2	0	0	0	0
AF	0	0.083385	5	4	1	0	0	0	0
AF	0	0.083698	4	4	0	0	0	0	0
AF	0	0.084010	5	2	3	0	0	0	0
AF	0	0.084322	6	4	2	0	0	0	0
AF	0	0.084947	3	3	0	0	0	0	0
AF	0	0.085572	1	1	0	0	0	0	0
AF	0	0.085884	11	5	6	0	0	0	0
AF	0	0.086196	7	5	2	0	0	0	0
AF	0	0.086508	5	3	2	0	0	0	0
AF	0	0.086821	1	1	0	0	0	0	0
AF	0	0.087133	11	8	3	0	0	0	0
AF	0	0.087445	3	2	1	0	0	0	0
AF	0	0.087758	3	2	1	0	0	0	0
AF	0	0.088070	3	3	0	0	0	0	0
AF	0	0.088382	4	2	2	0	0	0	0
AF	0	0.088695	1	1	0	0	0	0	0
AF	0	0.089007	4	3	1	0	0	0	0
AF	0	0.089319	3	1	2	0	0	0	0
AF	0	0.089631	3	2	1	0	0	0	0
AF	0	0.090256	2	1	1	0	0	0	0
AF	0	0.090568	3	2	1	0	0	0	0
AF	0	0.090881	9	7	2	0	0	0	0
AF	0	0.091193	9	5	4	0	0	0	0
AF	0	0.091505	24	19	5	0	0	0	0
AF	0	0.091818	6	3	3	0	0	0	0
AF	0	0.092130	13	8	5	0	0	0	0
AF	0	0.092442	4	2	2	0	0	0	0
AF	0	0.092755	4	1	3	0	0	0	0
AF	0	0.093067	1	0	1	0	0	0	0
AF	0	0.093691	1	1	0	0	0	0	0
AF	0	0.094316	1	0	1	0	0	0	0
AF	0	0.095253	1	0	1	0	0	0	0
AF	0	0.096502	1	1	0	0	0	0	0
AF	0	0.097127	3	3	0	0	0	0	0
AF	0	0.097439	1	1	0	0	0	0	0
AF	0	0.098064	1	0	1	0	0	0	0
AF	0	0.099001	6	5	1	0	0	0	0
AF	0	0.099625	2	0	2	0	0	0	0
AF	0	0.099938	1	1	0	0	0	0	0
AF	0	0.100250	2	2	0	0	0	0	0
AF	0	0.101187	1	0	1	0	0	0	0
AF	0	0.101499	1	0	1	0	0	0	0
AF	0	0.101811	1	1	0	0	0	0	0
AF	0	0.102124	22	19	3	0	0	0	0
AF	0	0.102436	7	5	2	0	0	0	0
AF	0	0.102748	7	6	1	0	0	0	0
AF	0	0.103061	2	1	1	0	0	0	0
AF	0	0.103685	1	0	1	0	0	0	0
AF	0	0.103998	8	4	4	0	0	0	0
AF	0	0.104310	11	8	3	0	0	0	0
AF	0	0.104622	2	2	0	0	0	0	0
AF	0	0.104934	2	2	0	0	0	0	0
AF	0	0.105247	4	2	2	0	0	0	0
AF	0	0.105559	3	1	2	0	0	0	0
AF	0	0.105871	3	1	2	0	0	0	0
AF	0	0.106184	1	1	0	0	0	0	0
AF	0	0.106496	1	0	1	0	0	0	0
AF	0	0.106808	1	1	0	0	0	0	0
AF	0	0.107121	1	1	0	0	0	0	0
AF	0	0.107433	2	1	1	0	0	0	0
AF	0	0.107745	2	1	1	0	0	0	0
AF	0	0.108994	12	10	2	0	0	0	0
AF	0	0.109307	1	0	1	0	0	0	0
AF	0	0.109619	4	2	2	0	0	0	0
AF	0	0.109931	2	0	2	0	0	0	0
AF	0	0.110244	6	4	2	0	0	0	0
AF	0	0.110556	3	2	1	0	0	0	0
AF	0	0.110868	1	1	0	0	0	0	0
AF	0	0.111181	7	5	2	0	0	0	0
AF	0	0.111493	6	5	1	0	0	0	0
AF	0	0.111805	17	11	6	0	0	0	0
AF	0	0.112117	12	7	5	0	0	0	0
AF	0	0.112430	7	3	4	0	0	0	0
AF	0	0.112742	4	4	0	0	0	0	0
AF	0	0.113054	10	10	0	0	0	0	0
AF	0	0.113367	1	1	0	0	0	0	0
AF	0	0.113679	2	2	0	0	0	0	0
AF	0	0.114304	5	4	1	0	0	0	0
AF	0	0.114616	2	1	1	0	0	0	0
AF	0	0.114928	4	1	3	0	0	0	0
AF	0	0.115240	2	2	0	0	0	0	0
AF	0	0.115553	7	5	2	0	0	0	0
AF	0	0.116177	1	0	1	0	0	0	0
AF	0	0.116490	2	1	1	0	0	0	0
AF	0	0.116802	4	4	0	0	0	0	0
AF	0	0.117114	2	1	1	0	0	0	0
AF	0	0.117427	8	4	4	0	0	0	0
AF	0	0.118051	4	1	3	0	0	0	0
AF	0	0.118364	6	4	2	0	0	0	0
AF	0	0.118676	2	0	2	0	0	0	0
AF	0	0.118988	2	2	0	0	0	0	0
AF	0	0.119300	2	2	0	0	0	0	0
AF	0	0.119613	1	1	0	0	0	0	0
AF	0	0.119925	2	1	1	0	0	0	0
AF	0	0.120237	1	1	0	0	0	0	0
AF	0	0.120550	4	3	1	0	0	0	0
AF	0	0.120862	2	0	2	0	0	0	0
AF	0	0.121174	2	2	0	0	0	0	0
AF	0	0.121487	2	1	1	0	0	0	0
AF	0	0.121799	10	6	4	0	0	0	0
AF	0	0.122111	7	5	2	0	0	0	0
AF	0	0.122423	29	18	11	0	0	0	0
AF	0	0.122736	8	6	2	0	0	0	0
AF	0	0.123048	9	7	2	0	0	0	0
AF	0	0.123360	1	1	0	0	0	0	0
AF	0	0.123985	2	2	0	0	0	0	0
AF	0	0.124297	2	2	0	0	0	0	0
AF	0	0.124922	1	1	0	0	0	0	0
AF	0	0.125547	1	0	1	0	0	0	0
AF	0	0.126171	3	1	2	0	0	0	0
AF	0	0.126483	2	2	0	0	0	0	0
AF	0	0.127108	1	0	1	0	0	0	0
AF	0	0.127420	1	0	1	0	0	0	0
AF	0	0.127733	1	0	1	0	0	0	0
AF	0	0.128045	7	5	2	0	0	0	0
AF	0	0.128357	1	1	0	0	0	0	0
AF	0	0.128670	1	1	0	0	0	0	0
AF	0	0.129919	1	0	1	0	0	0	0
AF	0	0.131168	1	0	1	0	0	0	0
AF	0	0.132730	2	1	1	0	0	0	0
AF	0	0.133042	5	3	2	0	0	0	0
AF	0	0.133354	1	1	0	0	0	0	0
AF	0	0.133666	1	1	0	0	0	0	0
AF	0	0.134291	6	3	3	0	0	0	0
AF	0	0.134916	1	0	1	0	0	0	0
AF	0	0.135540	3	0	3	0	0	0	0
AF	0	0.136165	4	3	1	0	0	0	0
AF	0	0.136790	1	1	0	0	0	0	0
AF	0	0.137414	8	5	3	0	0	0	0
AF	0	0.138039	5	2	3	0	0	0	0
AF	0	0.138351	1	1	0	0	0	0	0
AF	0	0.138663	4	4	0	0	0	0	0
AF	0	0.138976	1	1	0	0	0	0	0
AF	0	0.139288	7	3	4	0	0	0	0
AF	0	0.139600	3	2	1	0	0	0	0
AF	0	0.139913	13	10	3	0	0	0	0
AF	0	0.140225	7	5	2	0	0	0	0
AF	0	0.140537	6	4	2	0	0	0	0
AF	0	0.140849	1	1	0	0	0	0	0
AF	0	0.141162	2	2	0	0	0	0	0
AF	0	0.141474	1	0	1	0	0	0	0
AF	0	0.141786	4	4	0	0	0	0	0
AF	0	0.142411	1	1	0	0	0	0	0
AF	0	0.142723	1	1	0	0	0	0	0
AF	0	0.143036	1	1	0	0	0	0	0
AF	0	0.143348	1	0	1	0	0	0	0
AF	0	0.143660	1	1	0	0	0	0	0
AF	0	0.143973	2	2	0	0	0	0	0
AF	0	0.144285	2	1	1	0	0	0	0
AF	0	0.144597	3	2	1	0	0	0	0
AF	0	0.144909	2	1	1	0	0	0	0
AF	0	0.146159	2	1	1	0	0	0	0
AF	0	0.146471	2	1	1	0	0	0	0
AF	0	0.146783	8	6	2	0	0	0	0
AF	0	0.147096	3	2	1	0	0	0	0
AF	0	0.147408	2	0	2	0	0	0	0
AF	0	0.147720	1	1	0	0	0	0	0
AF	0	0.148032	2	1	1	0	0	0	0
AF	0	0.149282	2	1	1	0	0	0	0
AF	0	0.149594	1	0	1	0	0	0	0
AF	0	0.149906	3	3	0	0	0	0	0
AF	0	0.150531	2	1	1	0	0	0	0
AF	0	0.150843	3	3	0	0	0	0	0
AF	0	0.151156	5	3	2	0	0	0	0
AF	0	0.151468	1	1	0	0	0	0	0
AF	0	0.151780	1	0	1	0	0	0	0
AF	0	0.152092	3	2	1	0	0	0	0
AF	0	0.152405	1	1	0	0	0	0	0
AF	0	0.152717	1	1	0	0	0	0	0
AF	0	0.153029	5	3	2	0	0	0	0
AF	0	0.153654	1	0	1	0	0	0	0
AF	0	0.153966	2	2	0	0	0	0	0
AF	0	0.154279	3	3	0	0	0	0	0
AF	0	0.154903	2	1	1	0	0	0	0
AF	0	0.155215	4	1	3	0	0	0	0
AF	0	0.155528	4	2	2	0	0	0	0
AF	0	0.155840	1	1	0	0	0	0	0
AF	0	0.156152	5	3	2	0	0	0	0
AF	0	0.156465	2	0	2	0	0	0	0
AF	0	0.158339	2	2	0	0	0	0	0
AF	0	0.158651	5	4	1	0	0	0	0
AF	0	0.158963	3	1	2	0	0	0	0
AF	0	0.159275	3	2	1	0	0	0	0
AF	0	0.159900	1	1	0	0	0	0	0
AF	0	0.160212	4	1	3	0	0	0	0
AF	0	0.160525	5	4	1	0	0	0	0
AF	0	0.160837	1	0	1	0	0	0	0
AF	0	0.161149	3	2	1	0	0	0	0
AF	0	0.161774	1	1	0	0	0	0	0
AF	0	0.162086	3	1	2	0	0	0	0
AF	0	0.162399	3	3	0	0	0	0	0
AF	0	0.163023	4	2	2	0	0	0	0
AF	0	0.163335	4	3	1	0	0	0	0
AF	0	0.163648	6	5	1	0	0	0	0
AF	0	0.163960	3	2	1	0	0	0	0
AF	0	0.164272	5	3	2	0	0	0	0
AF	0	0.164897	1	1	0	0	0	0	0
AF	0	0.166146	1	0	1	0	0	0	0
AF	0	0.166458	1	1	0	0	0	0	0
AF	0	0.167395	2	2	0	0	0	0	0
AF	0	0.168020	1	1	0	0	0	0	0
AF	0	0.168332	1	1	0	0	0	0	0
AF	0	0.168645	5	5	0	0	0	0	0
AF	0	0.168957	1	1	0	0	0	0	0
AF	0	0.169269	3	2	1	0	0	0	0
AF	0	0.169582	2	2	0	0	0	0	0
AF	0	0.169894	2	2	0	0	0	0	0
AF	0	0.170206	2	1	1	0	0	0	0
AF	0	0.170518	3	1	2	0	0	0	0
AF	0	0.170831	2	1	1	0	0	0	0
AF	0	0.171143	2	2	0	0	0	0	0
AF	0	0.171768	1	1	0	0	0	0	0
AF	0	0.172705	2	2	0	0	0	0	0
AF	0	0.173017	6	4	2	0	0	0	0
AF	0	0.173329	1	0	1	0	0	0	0
AF	0	0.173641	5	5	0	0	0	0	0
AF	0	0.173954	3	1	2	0	0	0	0
AF	0	0.174266	2	0	2	0	0	0	0
AF	0	0.174891	3	2	1	0	0	0	0
AF	0	0.175203	1	1	0	0	0	0	0
AF	0	0.175828	2	1	1	0	0	0	0
AF	0	0.176140	2	1	1	0	0	0	0
AF	0	0.176452	2	2	0	0	0	0	0
AF	0	0.176765	1	1	0	0	0	0	0
AF	0	0.177701	1	1	0	0	0	0	0
AF	0	0.178014	2	1	1	0	0	0	0
AF	0	0.178326	4	3	1	0	0	0	0
AF	0	0.178638	3	2	1	0	0	0	0
AF	0	0.178951	1	0	1	0	0	0	0
AF	0	0.179263	4	3	1	0	0	0	0
AF	0	0.179575	1	1	0	0	0	0	0
AF	0	0.179888	3	1	2	0	0	0	0
AF	0	0.180200	6	2	4	0	0	0	0
AF	0	0.180512	18	8	10	0	0	0	0
AF	0	0.180824	13	7	6	0	0	0	0
AF	0	0.181137	20	12	8	0	0	0	0
AF	0	0.181449	2	2	0	0	0	0	0
AF	0	0.181761	2	2	0	0	0	0	0
AF	0	0.182074	1	0	1	0	0	0	0
AF	0	0.182698	2	2	0	0	0	0	0
AF	0	0.183011	2	2	0	0	0	0	0
AF	0	0.183635	2	2	0	0	0	0	0
AF	0	0.183948	1	1	0	0	0	0	0
AF	0	0.184260	4	3	1	0	0	0	0
AF	0	0.184884	3	3	0	0	0	0	0
AF	0	0.185197	1	1	0	0	0	0	0
AF	0	0.185509	4	2	2	0	0	0	0
AF	0	0.185821	1	1	0	0	0	0	0
AF	0	0.186134	1	1	0	0	0	0	0
AF	0	0.186446	1	1	0	0	0	0	0
AF	0	0.186758	3	2	1	0	0	0	0
AF	0	0.187071	1	1	0	0	0	0	0
AF	0	0.187383	13	5	8	0	0	0	0
AF	0	0.187695	1	1	0	0	0	0	0
AF	0	0.188007	4	4	0	0	0	0	0
AF	0	0.188320	2	1	1	0	0	0	0
AF	0	0.188632	5	2	3	0	0	0	0
AF	0	0.188944	3	1	2	0	0	0	0
AF	0	0.189257	2	1	1	0	0	0	0
AF	0	0.189881	5	4	1	0	0	0	0
AF	0	0.190506	1	0	1	0	0	0	0
AF	0	0.191131	2	2	0	0	0	0	0
AF	0	0.191443	2	1	1	0	0	0	0
AF	0	0.191755	5	4	1	0	0	0	0
AF	0	0.192067	2	1	1	0	0	0	0
AF	0	0.192380	4	2	2	0	0	0	0
AF	0	0.192692	2	2	0	0	0	0	0
AF	0	0.193004	2	2	0	0	0	0	0
AF	0	0.194254	1	1	0	0	0	0	0
AF	0	0.194878	2	2	0	0	0	0	0
AF	0	0.195191	1	0	1	0	0	0	0
AF	0	0.195503	1	1	0	0	0	0	0
AF	0	0.196127	2	1	1	0	0	0	0
AF	0	0.196752	1	0	1	0	0	0	0
AF	0	0.198001	1	1	0	0	0	0	0
AF	0	0.199875	1	0	1	0	0	0	0
AF	0	0.200500	1	1	0	0	0	0	0
AF	0	0.200812	1	1	0	0	0	0	0
AF	0	0.201124	5	5	0	0	0	0	0
AF	0	0.201437	1	1	0	0	0	0	0
AF	0	0.201749	1	1	0	0	0	0	0
AF	0	0.203310	1	0	1	0	0	0	0
AF	0	0.203623	5	3	2	0	0	0	0
AF	0	0.204247	2	0	2	0	0	0	0
AF	0	0.204560	2	1	1	0	0	0	0
AF	0	0.204872	14	10	4	0	0	0	0
AF	0	0.205184	3	3	0	0	0	0	0
AF	0	0.205497	4	3	1	0	0	0	0
AF	0	0.205809	3	2	1	0	0	0	0
AF	0	0.206121	1	1	0	0	0	0	0
AF	0	0.206433	1	0	1	0	0	0	0
AF	0	0.206746	3	2	1	0	0	0	0
AF	0	0.207058	1	1	0	0	0	0	0
AF	0	0.207370	2	0	2	0	0	0	0
AF	0	0.207995	2	2	0	0	0	0	0
AF	0	0.208307	4	2	2	0	0	0	0
AF	0	0.208620	7	3	4	0	0	0	0
AF	0	0.208932	4	2	2	0	0	0	0
AF	0	0.209244	2	1	1	0	0	0	0
AF	0	0.209557	2	0	2	0	0	0	0
AF	0	0.209869	1	0	1	0	0	0	0
AF	0	0.210493	1	1	0	0	0	0	0
AF	0	0.212992	1	0	1	0	0	0	0
AF	0	0.213616	1	0	1	0	0	0	0
AF	0	0.214241	1	1	0	0	0	0	0
AF	0	0.214866	2	1	1	0	0	0	0
AF	0	0.215178	5	2	3	0	0	0	0
AF	0	0.215490	8	4	4	0	0	0	0
AF	0	0.216115	3	2	1	0	0	0	0
AF	0	0.216740	4	2	2	0	0	0	0
AF	0	0.217364	2	1	1	0	0	0	0
AF	0	0.217989	3	3	0	0	0	0	0
AF	0	0.218301	1	0	1	0	0	0	0
AF	0	0.218926	1	1	0	0	0	0	0
AF	0	0.219863	2	1	1	0	0	0	0
AF	0	0.220175	4	2	2	0	0	0	0
AF	0	0.220487	2	1	1	0	0	0	0
AF	0	0.220800	2	0	2	0	0	0	0
AF	0	0.221112	2	1	1	0	0	0	0
AF	0	0.221424	5	4	1	0	0	0	0
AF	0	0.221736	10	5	5	0	0	0	0
AF	0	0.222049	3	2	1	0	0	0	0
AF	0	0.222361	1	1	0	0	0	0	0
AF	0	0.222986	1	1	0	0	0	0	0
AF	0	0.224547	3	2	1	0	0	0	0
AF	0	0.225172	2	1	1	0	0	0	0
AF	0	0.225796	4	1	3	0	0	0	0
AF	0	0.226421	1	1	0	0	0	0	0
AF	0	0.226733	1	0	1	0	0	0	0
AF	0	0.227983	1	1	0	0	0	0	0
AF	0	0.229856	1	1	0	0	0	0	0
AF	0	0.231106	1	1	0	0	0	0	0
AF	0	0.231418	1	0	1	0	0	0	0
AF	0	0.232667	1	1	0	0	0	0	0
AF	0	0.233604	1	1	0	0	0	0	0
AF	0	0.234229	1	1	0	0	0	0	0
AF	0	0.234853	1	0	1	0	0	0	0
AF	0	0.235166	1	0	1	0	0	0	0
AF	0	0.235478	4	3	1	0	0	0	0
AF	0	0.235790	16	9	7	0	0	0	0
AF	0	0.236102	7	6	1	0	0	0	0
AF	0	0.236415	7	4	3	0	0	0	0
AF	0	0.237976	1	0	1	0	0	0	0
AF	0	0.238289	3	1	2	0	0	0	0
AF	0	0.238601	1	1	0	0	0	0	0
AF	0	0.238913	4	3	1	0	0	0	0
AF	0	0.239225	3	3	0	0	0	0	0
AF	0	0.239538	2	1	1	0	0	0	0
AF	0	0.240162	1	1	0	0	0	0	0
AF	0	0.240475	1	1	0	0	0	0	0
AF	0	0.240787	1	1	0	0	0	0	0
AF	0	0.242036	1	1	0	0	0	0	0
AF	0	0.242973	1	1	0	0	0	0	0
AF	0	0.243285	1	1	0	0	0	0	0
AF	0	0.243910	2	0	2	0	0	0	0
AF	0	0.245159	2	2	0	0	0	0	0
AF	0	0.245784	1	1	0	0	0	0	0
AF	0	0.247033	3	1	2	0	0	0	0
AF	0	0.247345	3	3	0	0	0	0	0
AF	0	0.247658	1	0	1	0	0	0	0
AF	0	0.248282	1	1	0	0	0	0	0
AF	0	0.249532	6	4	2	0	0	0	0
AF	0	0.249844	1	1	0	0	0	0	0
AF	0	0.250468	2	2	0	0	0	0	0
AF	0	0.250781	5	3	2	0	0	0	0
AF	0	0.251093	3	1	2	0	0	0	0
AF	0	0.252342	1	1	0	0	0	0	0
AF	0	0.254216	1	1	0	0	0	0	0
AF	0	0.254841	1	0	1	0	0	0	0
AF	0	0.255153	1	1	0	0	0	0	0
AF	0	0.255465	2	2	0	0	0	0	0
AF	0	0.255778	5	1	4	0	0	0	0
AF	0	0.256090	2	1	1	0	0	0	0
AF	0	0.256402	3	3	0	0	0	0	0
AF	0	0.256715	1	0	1	0	0	0	0
AF	0	0.257027	5	4	1	0	0	0	0
AF	0	0.257651	2	1	1	0	0	0	0
AF	0	0.258901	2	2	0	0	0	0	0
AF	0	0.259213	1	1	0	0	0	0	0
AF	0	0.259525	2	2	0	0	0	0	0
AF	0	0.259838	1	0	1	0	0	0	0
AF	0	0.260150	2	1	1	0	0	0	0
AF	0	0.260775	1	1	0	0	0	0	0
AF	0	0.261087	1	1	0	0	0	0	0
AF	0	0.261399	1	0	1	0	0	0	0
AF	0	0.261711	1	0	1	0	0	0	0
AF	0	0.262024	1	1	0	0	0	0	0
AF	0	0.264522	2	1	1	0	0	0	0
AF	0	0.265147	1	1	0	0	0	0	0
AF	0	0.266708	3	2	1	0	0	0	0
AF	0	0.267021	1	1	0	0	0	0	0
AF	0	0.267333	2	2	0	0	0	0	0
AF	0	0.268270	6	5	1	0	0	0	0
AF	0	0.268582	5	4	1	0	0	0	0
AF	0	0.268894	23	11	12	0	0	0	0
AF	0	0.269207	23	17	6	0	0	0	0
AF	0	0.269519	57	32	25	0	0	0	0
AF	0	0.269831	6	4	2	0	0	0	0
AF	0	0.270144	50	27	23	0	0	0	0
AF	0	0.270456	39	23	16	0	0	0	0
AF	0	0.270768	23	18	5	0	0	0	0
AF	0	0.271081	3	2	1	0	0	0	0
AF	0	0.271705	2	1	1	0	0	0	0
AF	0	0.272017	2	1	1	0	0	0	0
AF	0	0.272330	1	0	1	0	0	0	0
AF	0	0.272642	1	1	0	0	0	0	0
AF	0	0.272954	1	1	0	0	0	0	0
AF	0	0.273267	6	2	4	0	0	0	0
AF	0	0.273579	2	1	1	0	0	0	0
AF	0	0.273891	2	1	1	0	0	0	0
AF	0	0.274204	1	1	0	0	0	0	0
AF	0	0.274516	2	1	1	0	0	0	0
AF	0	0.275141	3	1	2	0	0	0	0
AF	0	0.275765	3	2	1	0	0	0	0
AF	0	0.277014	3	1	2	0	0	0	0
AF	0	0.278576	1	0	1	0	0	0	0
AF	0	0.278888	3	2	1	0	0	0	0
AF	0	0.279513	2	2	0	0	0	0	0
AF	0	0.280137	1	0	1	0	0	0	0
AF	0	0.280762	1	0	1	0	0	0	0
AF	0	0.281074	1	0	1	0	0	0	0
AF	0	0.281699	1	0	1	0	0	0	0
AF	0	0.282948	3	2	1	0	0	0	0
AF	0	0.283260	1	1	0	0	0	0	0
AF	0	0.283885	1	0	1	0	0	0	0
AF	0	0.284197	1	0	1	0	0	0	0
AF	0	0.284510	3	1	2	0	0	0	0
AF	0	0.284822	1	1	0	0	0	0	0
AF	0	0.285134	2	2	0	0	0	0	0
AF	0	0.285759	1	1	0	0	0	0	0
AF	0	0.286071	1	1	0	0	0	0	0
AF	0	0.286384	4	2	2	0	0	0	0
AF	0	0.287008	2	1	1	0	0	0	0
AF	0	0.289194	1	1	0	0	0	0	0
AF	0	0.292005	1	1	0	0	0	0	0
AF	0	0.292317	1	1	0	0	0	0	0
AF	0	0.294503	2	1	1	0	0	0	0
AF	0	0.295753	1	0	1	0	0	0	0
AF	0	0.297626	1	1	0	0	0	0	0
AF	0	0.300125	2	2	0	0	0	0	0
AF	0	0.302623	1	1	0	0	0	0	0
AF	0	0.302936	1	1	0	0	0	0	0
AF	0	0.303873	1	1	0	0	0	0	0
AF	0	0.304185	1	1	0	0	0	0	0
AF	0	0.304809	1	0	1	0	0	0	0
AF	0	0.305122	2	0	2	0	0	0	0
AF	0	0.305434	2	2	0	0	0	0	0
AF	0	0.305746	1	1	0	0	0	0	0
AF	0	0.306371	2	1	1	0	0	0	0
AF	0	0.306996	4	0	4	0	0	0	0
AF	0	0.307308	7	5	2	0	0	0	0
AF	0	0.307620	6	6	0	0	0	0	0
AF	0	0.307933	1	1	0	0	0	0	0
AF	0	0.308245	3	3	0	0	0	0	0
AF	0	0.308557	2	2	0	0	0	0	0
AF	0	0.309182	2	1	1	0	0	0	0
AF	0	0.309806	2	0	2	0	0	0	0
AF	0	0.311368	1	1	0	0	0	0	0
AF	0	0.311680	1	1	0	0	0	0	0
AF	0	0.311993	2	2	0	0	0	0	0
AF	0	0.312617	6	5	1	0	0	0	0
AF	0	0.313554	1	1	0	0	0	0	0
AF	0	0.313866	3	3	0	0	0	0	0
AF	0	0.314179	1	1	0	0	0	0	0
AF	0	0.314491	2	0	2	0	0	0	0
AF	0	0.315116	3	2	1	0	0	0	0
AF	0	0.315428	2	2	0	0	0	0	0
AF	0	0.315740	3	2	1	0	0	0	0
AF	0	0.318239	1	0	1	0	0	0	0
AF	0	0.318551	1	1	0	0	0	0	0
AF	0	0.320112	2	0	2	0	0	0	0
AF	0	0.320425	1	0	1	0	0	0	0
AF	0	0.320737	2	2	0	0	0	0	0
AF	0	0.321049	4	2	2	0	0	0	0
AF	0	0.323860	1	1	0	0	0	0	0
AF	0	0.324172	1	1	0	0	0	0	0
AF	0	0.324797	1	1	0	0	0	0	0
AF	0	0.326671	1	0	1	0	0	0	0
AF	0	0.326983	4	2	2	0	0	0	0
AF	0	0.327295	1	1	0	0	0	0	0
AF	0	0.327608	1	1	0	0	0	0	0
AF	0	0.328232	1	1	0	0	0	0	0
AF	0	0.328545	1	0	1	0	0	0	0
AF	0	0.328857	4	2	2	0	0	0	0
AF	0	0.329482	4	2	2	0	0	0	0
AF	0	0.330418	4	4	0	0	0	0	0
AF	0	0.330731	2	1	1	0	0	0	0
AF	0	0.331043	1	0	1	0	0	0	0
AF	0	0.331355	1	1	0	0	0	0	0
AF	0	0.331668	1	1	0	0	0	0	0
AF	0	0.332605	1	0	1	0	0	0	0
AF	0	0.333229	2	2	0	0	0	0	0
AF	0	0.333542	1	0	1	0	0	0	0
AF	0	0.333854	1	1	0	0	0	0	0
AF	0	0.334166	2	2	0	0	0	0	0
AF	0	0.336040	2	2	0	0	0	0	0
AF	0	0.336352	3	2	1	0	0	0	0
AF	0	0.336665	4	1	3	0	0	0	0
AF	0	0.336977	12	6	6	0	0	0	0
AF	0	0.337289	10	9	1	0	0	0	0
AF	0	0.337601	3	2	1	0	0	0	0
AF	0	0.337914	1	1	0	0	0	0	0
AF	0	0.338851	1	0	1	0	0	0	0
AF	0	0.339788	1	0	1	0	0	0	0
AF	0	0.340412	2	2	0	0	0	0	0
AF	0	0.340725	2	2	0	0	0	0	0
AF	0	0.341037	3	2	1	0	0	0	0
AF	0	0.341349	2	2	0	0	0	0	0
AF	0	0.341661	3	1	2	0	0	0	0
AF	0	0.342286	7	5	2	0	0	0	0
AF	0	0.342598	10	6	4	0	0	0	0
AF	0	0.342911	2	2	0	0	0	0	0
AF	0	0.343535	2	2	0	0	0	0	0
AF	0	0.344785	1	0	1	0	0	0	0
AF	0	0.345097	1	1	0	0	0	0	0
AF	0	0.347283	2	1	1	0	0	0	0
AF	0	0.347595	1	1	0	0	0	0	0
AF	0	0.348532	1	0	1	0	0	0	0
AF	0	0.348844	1	1	0	0	0	0	0
AF	0	0.349469	1	1	0	0	0	0	0
AF	0	0.349781	3	3	0	0	0	0	0
AF	0	0.350406	1	0	1	0	0	0	0
AF	0	0.351031	1	0	1	0	0	0	0
AF	0	0.351343	1	0	1	0	0	0	0
AF	0	0.351968	1	1	0	0	0	0	0
AF	0	0.352280	2	1	1	0	0	0	0
AF	0	0.352904	1	0	1	0	0	0	0
AF	0	0.353217	1	0	1	0	0	0	0
AF	0	0.353529	2	1	1	0	0	0	0
AF	0	0.353841	1	0	1	0	0	0	0
AF	0	0.354154	2	2	0	0	0	0	0
AF	0	0.354778	1	1	0	0	0	0	0
AF	0	0.355091	1	1	0	0	0	0	0
AF	0	0.355403	3	2	1	0	0	0	0
AF	0	0.356027	5	3	2	0	0	0	0
AF	0	0.356340	3	2	1	0	0	0	0
AF	0	0.356652	1	1	0	0	0	0	0
AF	0	0.356964	2	2	0	0	0	0	0
AF	0	0.357277	1	1	0	0	0	0	0
AF	0	0.358838	1	1	0	0	0	0	0
AF	0	0.359151	2	0	2	0	0	0	0
AF	0	0.359463	1	1	0	0	0	0	0
AF	0	0.361024	4	3	1	0	0	0	0
AF	0	0.361337	3	1	2	0	0	0	0
AF	0	0.361649	11	5	6	0	0	0	0
AF	0	0.361961	4	3	1	0	0	0	0
AF	0	0.362274	10	8	2	0	0	0	0
AF	0	0.362586	1	1	0	0	0	0	0
AF	0	0.362898	1	0	1	0	0	0	0
AF	0	0.363523	3	2	1	0	0	0	0
AF	0	0.363835	1	1	0	0	0	0	0
AF	0	0.365084	1	0	1	0	0	0	0
AF	0	0.365397	3	3	0	0	0	0	0
AF	0	0.365709	1	0	1	0	0	0	0
AF	0	0.366334	1	1	0	0	0	0	0
AF	0	0.366646	1	1	0	0	0	0	0
AF	0	0.366958	1	0	1	0	0	0	0
AF	0	0.367583	2	1	1	0	0	0	0
AF	0	0.369144	3	2	1	0	0	0	0
AF	0	0.369457	1	1	0	0	0	0	0
AF	0	0.369769	1	0	1	0	0	0	0
AF	0	0.370394	1	0	1	0	0	0	0
AF	0	0.371018	3	2	1	0	0	0	0
AF	0	0.371643	2	1	1	0	0	0	0
AF	0	0.372267	1	0	1	0	0	0	0
AF	0	0.372580	4	4	0	0	0	0	0
AF	0	0.372892	11	9	2	0	0	0	0
AF	0	0.373517	1	0	1	0	0	0	0
AF	0	0.373829	2	2	0	0	0	0	0
AF	0	0.374141	2	2	0	0	0	0	0
AF	0	0.375078	1	1	0	0	0	0	0
AF	0	0.375703	1	0	1	0	0	0	0
AF	0	0.379450	1	0	1	0	0	0	0
AF	0	0.379763	2	2	0	0	0	0	0
AF	0	0.380387	2	1	1	0	0	0	0
AF	0	0.380700	3	2	1	0	0	0	0
AF	0	0.381324	1	1	0	0	0	0	0
AF	0	0.384760	1	1	0	0	0	0	0
AF	0	0.385072	2	2	0	0	0	0	0
AF	0	0.385384	1	1	0	0	0	0	0
AF	0	0.386009	1	0	1	0	0	0	0
AF	0	0.386321	1	1	0	0	0	0	0
AF	0	0.386633	2	2	0	0	0	0	0
AF	0	0.387258	3	2	1	0	0	0	0
AF	0	0.387570	3	2	1	0	0	0	0
AF	0	0.387883	3	1	2	0	0	0	0
AF	0	0.388195	1	1	0	0	0	0	0
AF	0	0.388507	1	1	0	0	0	0	0
AF	0	0.389756	2	1	1	0	0	0	0
AF	0	0.391630	1	0	1	0	0	0	0
AF	0	0.392255	1	1	0	0	0	0	0
AF	0	0.392567	1	1	0	0	0	0	0
AF	0	0.394753	1	1	0	0	0	0	0
AF	0	0.395378	1	0	1	0	0	0	0
AF	0	0.396315	1	1	0	0	0	0	0
AF	0	0.396939	2	2	0	0	0	0	0
AF	0	0.397252	1	0	1	0	0	0	0
AF	0	0.397876	2	0	2	0	0	0	0
AF	0	0.398189	1	0	1	0	0	0	0
AF	0	0.398501	5	2	3	0	0	0	0
AF	0	0.398813	2	2	0	0	0	0	0
AF	0	0.399126	5	4	1	0	0	0	0
AF	0	0.399438	1	1	0	0	0	0	0
AF	0	0.399750	2	1	1	0	0	0	0
AF	0	0.400062	1	1	0	0	0	0	0
AF	0	0.400375	3	0	3	0	0	0	0
AF	0	0.400687	1	1	0	0	0	0	0
AF	0	0.400999	2	1	1	0	0	0	0
AF	0	0.402249	2	1	1	0	0	0	0
AF	0	0.403186	3	2	1	0	0	0	0
AF	0	0.403498	17	10	7	0	0	0	0
AF	0	0.403810	17	10	7	0	0	0	0
AF	0	0.404122	21	9	12	0	0	0	0
AF	0	0.404435	4	4	0	0	0	0	0
AF	0	0.404747	7	5	2	0	0	0	0
AF	0	0.405372	4	1	3	0	0	0	0
AF	0	0.405684	2	1	1	0	0	0	0
AF	0	0.405996	1	0	1	0	0	0	0
AF	0	0.406309	1	1	0	0	0	0	0
AF	0	0.406933	2	1	1	0	0	0	0
AF	0	0.407870	1	1	0	0	0	0	0
AF	0	0.408182	4	2	2	0	0	0	0
AF	0	0.408495	5	3	2	0	0	0	0
AF	0	0.408807	1	1	0	0	0	0	0
AF	0	0.409119	2	1	1	0	0	0	0
AF	0	0.409744	1	1	0	0	0	0	0
AF	0	0.410681	1	1	0	0	0	0	0
AF	0	0.413492	1	1	0	0	0	0	0
AF	0	0.413804	1	0	1	0	0	0	0
AF	0	0.415990	1	1	0	0	0	0	0
AF	0	0.416927	2	0	2	0	0	0	0
AF	0	0.418176	1	1	0	0	0	0	0
AF	0	0.419113	2	1	1	0	0	0	0
AF	0	0.419738	1	1	0	0	0	0	0
AF	0	0.420987	1	1	0	0	0	0	0
AF	0	0.426921	1	1	0	0	0	0	0
AF	0	0.436602	1	0	1	0	0	0	0
AF	0	0.436914	2	2	0	0	0	0	0
AF	0	0.437227	1	1	0	0	0	0	0
AF	0	0.442536	1	0	1	0	0	0	0
AF	0	0.443473	1	0	1	0	0	0	0
AF	0	0.444410	4	1	3	0	0	0	0
AF	0	0.444722	2	1	1	0	0	0	0
AF	0	0.445034	3	1	2	0	0	0	0
AF	0	0.445347	3	3	0	0	0	0	0
AF	0	0.445659	5	2	3	0	0	0	0
AF	0	0.445971	2	2	0	0	0	0	0
AF	0	0.446284	8	5	3	0	0	0	0
AF	0	0.446596	4	2	2	0	0	0	0
AF	0	0.446908	12	8	4	0	0	0	0
AF	0	0.447220	2	2	0	0	0	0	0
AF	0	0.447533	3	2	1	0	0	0	0
AF	0	0.447845	1	1	0	0	0	0	0
AF	0	0.448157	3	0	3	0	0	0	0
AF	0	0.448782	1	0	1	0	0	0	0
AF	0	0.452530	1	1	0	0	0	0	0
AF	0	0.453779	1	1	0	0	0	0	0
AF	0	0.454403	1	1	0	0	0	0	0
AF	0	0.459400	1	1	0	0	0	0	0
AF	0	0.463148	1	1	0	0	0	0	0
AF	0	0.463460	1	1	0	0	0	0	0
AF	0	0.464397	5	4	1	0	0	0	0
AF	0	0.464710	1	1	0	0	0	0	0
AF	0	0.465022	2	2	0	0	0	0	0
AF	0	0.465334	1	0	1	0	0	0	0
AF	0	0.465646	3	2	1	0	0	0	0
AF	0	0.467833	1	1	0	0	0	0	0
AF	0	0.470956	1	1	0	0	0	0	0
AF	0	0.474391	1	1	0	0	0	0	0
AF	0	0.477202	1	1	0	0	0	0	0
AF	0	0.477514	2	2	0	0	0	0	0
AF	0	0.477826	2	0	2	0	0	0	0
AF	0	0.478763	1	1	0	0	0	0	0
AF	0	0.479388	1	0	1	0	0	0	0
AF	0	0.482511	1	1	0	0	0	0	0
AF	0	0.482823	1	1	0	0	0	0	0
AF	0	0.484072	1	1	0	0	0	0	0
AF	0	0.484385	1	1	0	0	0	0	0
AF	0	0.485634	1	0	1	0	0	0	0
AF	0	0.486883	1	1	0	0	0	0	0
AF	0	0.490006	1	1	0	0	0	0	0
AF	0	0.490319	1	0	1	0	0	0	0
AF	0	0.490631	4	3	1	0	0	0	0
AF	0	0.491255	2	2	0	0	0	0	0
AF	0	0.491568	12	8	4	0	0	0	0
AF	0	0.491880	14	12	2	0	0	0	0
AF	0	0.492192	3	3	0	0	0	0	0
AF	0	0.492505	2	1	1	0	0	0	0
AF	0	0.492817	2	2	0	0	0	0	0
AF	0	0.493129	19	15	4	0	0	0	0
AF	0	0.493442	28	19	9	0	0	0	0
AF	0	0.493754	34	18	16	0	0	0	0
AF	0	0.494066	6	4	2	0	0	0	0
AF	0	0.494379	2	2	0	0	0	0	0
AF	0	0.494691	1	0	1	0	0	0	0
AF	0	0.495003	5	4	1	0	0	0	0
AF	0	0.495315	2	2	0	0	0	0	0
AF	0	0.495628	4	3	1	0	0	0	0
AF	0	0.495940	1	1	0	0	0	0	0
AF	0	0.496252	2	2	0	0	0	0	0
AF	0	0.496565	1	1	0	0	0	0	0
AF	0	0.496877	1	1	0	0	0	0	0
AF	0	0.497502	1	1	0	0	0	0	0
AF	0	0.498438	1	0	1	0	0	0	0
AF	0	0.501249	1	1	0	0	0	0	0
AF	0	0.501562	1	0	1	0	0	0	0
AF	0	0.501874	10	7	3	0	0	0	0
AF	0	0.502498	2	1	1	0	0	0	0
AF	0	0.503123	1	1	0	0	0	0	0
AF	0	0.503748	1	1	0	0	0	0	0
AF	0	0.504685	1	1	0	0	0	0	0
AF	0	0.505309	1	1	0	0	0	0	0
AF	0	0.505934	1	0	1	0	0	0	0
AF	0	0.506558	1	0	1	0	0	0	0
AF	0	0.507183	1	1	0	0	0	0	0
AF	0	0.507808	1	0	1	0	0	0	0
AF	0	0.508120	2	0	2	0	0	0	0
AF	0	0.508432	1	1	0	0	0	0	0
AF	0	0.508745	6	3	3	0	0	0	0
AF	0	0.509057	2	2	0	0	0	0	0
AF	0	0.509369	3	2	1	0	0	0	0
AF	0	0.509681	2	1	1	0	0	0	0
AF	0	0.509994	4	3	1	0	0	0	0
AF	0	0.510306	3	3	0	0	0	0	0
AF	0	0.510618	1	1	0	0	0	0	0
AF	0	0.510931	7	5	2	0	0	0	0
AF	0	0.511243	3	3	0	0	0	0	0
AF	0	0.511868	5	4	1	0	0	0	0
AF	0	0.512492	1	0	1	0	0	0	0
AF	0	0.513117	3	1	2	0	0	0	0
AF	0	0.513741	5	3	2	0	0	0	0
AF	0	0.514678	2	2	0	0	0	0	0
AF	0	0.515303	1	0	1	0	0	0	0
AF	0	0.515615	2	1	1	0	0	0	0
AF	0	0.515928	1	0	1	0	0	0	0
AF	0	0.516552	1	1	0	0	0	0	0
AF	0	0.517177	1	1	0	0	0	0	0
AF	0	0.518738	1	1	0	0	0	0	0
AF	0	0.519363	2	1	1	0	0	0	0
AF	0	0.519675	1	0	1	0	0	0	0
AF	0	0.519988	1	1	0	0	0	0	0
AF	0	0.520612	3	3	0	0	0	0	0
AF	0	0.520924	1	0	1	0	0	0	0
AF	0	0.521237	2	2	0	0	0	0	0
AF	0	0.521861	2	2	0	0	0	0	0
AF	0	0.523111	2	2	0	0	0	0	0
AF	0	0.523423	2	1	1	0	0	0	0
AF	0	0.525921	1	0	1	0	0	0	0
AF	0	0.526546	1	1	0	0	0	0	0
AF	0	0.526858	3	2	1	0	0	0	0
AF	0	0.527171	2	1	1	0	0	0	0
AF	0	0.527483	2	1	1	0	0	0	0
AF	0	0.527795	1	0	1	0	0	0	0
AF	0	0.530606	1	1	0	0	0	0	0
AF	0	0.530918	1	0	1	0	0	0	0
AF	0	0.534666	1	0	1	0	0	0	0
AF	0	0.534978	1	1	0	0	0	0	0
AF	0	0.538726	1	1	0	0	0	0	0
AF	0	0.539975	1	1	0	0	0	0	0
AF	0	0.541849	1	1	0	0	0	0	0
AF	0	0.542473	1	1	0	0	0	0	0
AF	0	0.543723	1	0	1	0	0	0	0
AF	0	0.545597	1	1	0	0	0	0	0
AF	0	0.546221	1	1	0	0	0	0	0
AF	0	0.546533	1	1	0	0	0	0	0
AF	0	0.546846	4	3	1	0	0	0	0
AF	0	0.547158	1	0	1	0	0	0	0
AF	0	0.547470	1	0	1	0	0	0	0
AF	0	0.549032	2	1	1	0	0	0	0
AF	0	0.549656	2	1	1	0	0	0	0
AF	0	0.549969	1	0	1	0	0	0	0
AF	0	0.550593	1	1	0	0	0	0	0
AF	0	0.550906	5	1	4	0	0	0	0
AF	0	0.551218	4	3	1	0	0	0	0
AF	0	0.551530	1	1	0	0	0	0	0
AF	0	0.551843	3	2	1	0	0	0	0
AF	0	0.552155	1	0	1	0	0	0	0
AF	0	0.553404	1	0	1	0	0	0	0
AF	0	0.555278	1	1	0	0	0	0	0
AF	0	0.558089	1	1	0	0	0	0	0
AF	0	0.558401	1	1	0	0	0	0	0
AF	0	0.560899	2	2	0	0	0	0	0
AF	0	0.561524	3	2	1	0	0	0	0
AF	0	0.561836	1	1	0	0	0	0	0
AF	0	0.562149	4	3	1	0	0	0	0
AF	0	0.562461	2	2	0	0	0	0	0
AF	0	0.564022	1	1	0	0	0	0	0
AF	0	0.566521	1	1	0	0	0	0	0
AF	0	0.566833	1	1	0	0	0	0	0
AF	0	0.567146	3	2	1	0	0	0	0
AF	0	0.567458	3	2	1	0	0	0	0
AF	0	0.567770	4	4	0	0	0	0	0
AF	0	0.568082	2	1	1	0	0	0	0
AF	0	0.568395	2	2	0	0	0	0	0
AF	0	0.571205	1	1	0	0	0	0	0
AF	0	0.572142	1	1	0	0	0	0	0
AF	0	0.574016	5	2	3	0	0	0	0
AF	0	0.574329	1	1	0	0	0	0	0
AF	0	0.575265	3	1	2	0	0	0	0
AF	0	0.575890	1	1	0	0	0	0	0
AF	0	0.576202	1	0	1	0	0	0	0
AF	0	0.578389	1	0	1	0	0	0	0
AF	0	0.584635	1	0	1	0	0	0	0
AF	0	0.587133	2	2	0	0	0	0	0
AF	0	0.587445	1	1	0	0	0	0	0
AF	0	0.587758	1	1	0	0	0	0	0
AF	0	0.588070	1	0	1	0	0	0	0
AF	0	0.588695	1	0	1	0	0	0	0
AF	0	0.589631	2	2	0	0	0	0	0
AF	0	0.589944	1	0	1	0	0	0	0
AF	0	0.590256	2	1	1	0	0	0	0
AF	0	0.590881	6	3	3	0	0	0	0
AF	0	0.591505	5	4	1	0	0	0	0
AF	0	0.591818	1	1	0	0	0	0	0
AF	0	0.592130	1	1	0	0	0	0	0
AF	0	0.592442	2	1	1	0	0	0	0
AF	0	0.592755	2	1	1	0	0	0	0
AF	0	0.593379	5	1	4	0	0	0	0
AF	0	0.594316	1	1	0	0	0	0	0
AF	0	0.595565	1	1	0	0	0	0	0
AF	0	0.595878	2	0	2	0	0	0	0
AF	0	0.596190	1	1	0	0	0	0	0
AF	0	0.596502	3	2	1	0	0	0	0
AF	0	0.596814	6	4	2	0	0	0	0
AF	0	0.597127	11	9	2	0	0	0	0
AF	0	0.597439	2	2	0	0	0	0	0
AF	0	0.598688	1	1	0	0	0	0	0
AF	0	0.604934	1	1	0	0	0	0	0
AF	0	0.607121	1	1	0	0	0	0	0
AF	0	0.607745	6	5	1	0	0	0	0
AF	0	0.608057	3	3	0	0	0	0	0
AF	0	0.608370	1	0	1	0	0	0	0
AF	0	0.609619	1	1	0	0	0	0	0
AF	0	0.609931	2	1	1	0	0	0	0
AF	0	0.610244	2	1	1	0	0	0	0
AF	0	0.610556	3	2	1	0	0	0	0
AF	0	0.610868	3	3	0	0	0	0	0
AF	0	0.611181	2	2	0	0	0	0	0
AF	0	0.614928	1	0	1	0	0	0	0
AF	0	0.616177	2	1	1	0	0	0	0
AF	0	0.616802	1	1	0	0	0	0	0
AF	0	0.617427	2	2	0	0	0	0	0
AF	0	0.617739	5	4	1	0	0	0	0
AF	0	0.618051	1	1	0	0	0	0	0
AF	0	0.618676	1	1	0	0	0	0	0
AF	0	0.618988	1	0	1	0	0	0	0
AF	0	0.621174	2	2	0	0	0	0	0
AF	0	0.621799	1	0	1	0	0	0	0
AF	0	0.623048	1	1	0	0	0	0	0
AF	0	0.623360	3	2	1	0	0	0	0
AF	0	0.624297	1	1	0	0	0	0	0
AF	0	0.624922	1	1	0	0	0	0	0
AF	0	0.625234	2	1	1	0	0	0	0
AF	0	0.625547	3	2	1	0	0	0	0
AF	0	0.625859	3	1	2	0	0	0	0
AF	0	0.626483	2	1	1	0	0	0	0
AF	0	0.626796	1	1	0	0	0	0	0
AF	0	0.627108	26	18	8	0	0	0	0
AF	0	0.627420	12	6	6	0	0	0	0
AF	0	0.627733	6	2	4	0	0	0	0
AF	0	0.628982	1	0	1	0	0	0	0
AF	0	0.630231	1	1	0	0	0	0	0
AF	0	0.637414	1	1	0	0	0	0	0
AF	0	0.637726	1	0	1	0	0	0	0
AF	0	0.638351	1	1	0	0	0	0	0
AF	0	0.638663	3	1	2	0	0	0	0
AF	0	0.638976	4	3	1	0	0	0	0
AF	0	0.639288	1	0	1	0	0	0	0
AF	0	0.640225	1	1	0	0	0	0	0
AF	0	0.641786	1	1	0	0	0	0	0
AF	0	0.642099	1	1	0	0	0	0	0
AF	0	0.643036	1	1	0	0	0	0	0
AF	0	0.643348	1	1	0	0	0	0	0
AF	0	0.643660	1	1	0	0	0	0	0
AF	0	0.643973	1	1	0	0	0	0	0
AF	0	0.649594	1	1	0	0	0	0	0
AF	0	0.653966	1	1	0	0	0	0	0
AF	0	0.655215	1	0	1	0	0	0	0
AF	0	0.656465	4	1	3	0	0	0	0
AF	0	0.660212	2	1	1	0	0	0	0
AF	0	0.660525	1	0	1	0	0	0	0
AF	0	0.660837	3	3	0	0	0	0	0
AF	0	0.661149	4	3	1	0	0	0	0
AF	0	0.661462	9	6	3	0	0	0	0
AF	0	0.661774	4	4	0	0	0	0	0
AF	0	0.662086	4	4	0	0	0	0	0
AF	0	0.663648	1	0	1	0	0	0	0
AF	0	0.670206	1	1	0	0	0	0	0
AF	0	0.670831	2	2	0	0	0	0	0
AF	0	0.671143	4	3	1	0	0	0	0
AF	0	0.671455	1	1	0	0	0	0	0
AF	0	0.672392	1	1	0	0	0	0	0
AF	0	0.672705	2	1	1	0	0	0	0
AF	0	0.673641	1	1	0	0	0	0	0
AF	0	0.674578	1	1	0	0	0	0	0
AF	0	0.676140	1	1	0	0	0	0	0
AF	0	0.679263	1	1	0	0	0	0	0
AF	0	0.688007	1	1	0	0	0	0	0
AF	0	0.697377	1	0	1	0	0	0	0
AF	0	0.697689	1	1	0	0	0	0	0
AF	0	0.698001	2	2	0	0	0	0	0
AF	0	0.698938	1	1	0	0	0	0	0
AF	0	0.706746	1	1	0	0	0	0	0
AF	0	0.707058	1	1	0	0	0	0	0
AF	0	0.707683	1	1	0	0	0	0	0
AF	0	0.707995	1	0	1	0	0	0	0
AF	0	0.709869	1	1	0	0	0	0	0
AF	0	0.710181	1	0	1	0	0	0	0
AF	0	0.711118	1	1	0	0	0	0	0
AF	0	0.711430	2	2	0	0	0	0	0
AF	0	0.712992	1	0	1	0	0	0	0
AF	0	0.721736	1	1	0	0	0	0	0
AF	0	0.722049	2	2	0	0	0	0	0
AF	0	0.722361	3	3	0	0	0	0	0
AF	0	0.722673	1	0	1	0	0	0	0
AF	0	0.723923	1	1	0	0	0	0	0
AF	0	0.724235	1	1	0	0	0	0	0
AF	0	0.725172	1	0	1	0	0	0	0
AF	0	0.725484	5	2	3	0	0	0	0
AF	0	0.725796	11	6	5	0	0	0	0
AF	0	0.726109	6	5	1	0	0	0	0
AF	0	0.726733	1	0	1	0	0	0	0
AF	0	0.727358	4	2	2	0	0	0	0
AF	0	0.727670	2	2	0	0	0	0	0
AF	0	0.727983	4	0	4	0	0	0	0
AF	0	0.731730	1	1	0	0	0	0	0
AF	0	0.732042	1	1	0	0	0	0	0
AF	0	0.732355	7	5	2	0	0	0	0
AF	0	0.732667	1	0	1	0	0	0	0
AF	0	0.732979	1	0	1	0	0	0	0
AF	0	0.733604	1	0	1	0	0	0	0
AF	0	0.733916	3	2	1	0	0	0	0
AF	0	0.734229	6	4	2	0	0	0	0
AF	0	0.734853	3	3	0	0	0	0	0
AF	0	0.739850	1	1	0	0	0	0	0
AF	0	0.742036	1	0	1	0	0	0	0
AF	0	0.744222	1	1	0	0	0	0	0
AF	0	0.746721	1	1	0	0	0	0	0
AF	0	0.748595	1	1	0	0	0	0	0
AF	0	0.750468	1	0	1	0	0	0	0
AF	0	0.751718	2	1	1	0	0	0	0
AF	0	0.752342	1	1	0	0	0	0	0
AF	0	0.755153	1	1	0	0	0	0	0
AF	0	0.755778	1	1	0	0	0	0	0
AF	0	0.757027	1	0	1	0	0	0	0
AF	0	0.757339	2	2	0	0	0	0	0
AF	0	0.759213	1	1	0	0	0	0	0
AF	0	0.759525	1	1	0	0	0	0	0
AF	0	0.765459	1	1	0	0	0	0	0
AF	0	0.766708	2	2	0	0	0	0	0
AF	0	0.767645	1	0	1	0	0	0	0
AF	0	0.767958	2	2	0	0	0	0	0
AF	0	0.768582	8	7	1	0	0	0	0
AF	0	0.768894	2	0	2	0	0	0	0
AF	0	0.769207	2	2	0	0	0	0	0
AF	0	0.769831	1	0	1	0	0	0	0
AF	0	0.770456	1	0	1	0	0	0	0
AF	0	0.771705	1	1	0	0	0	0	0
AF	0	0.772017	4	3	1	0	0	0	0
AF	0	0.772330	2	1	1	0	0	0	0
AF	0	0.772954	1	1	0	0	0	0	0
AF	0	0.773579	1	0	1	0	0	0	0
AF	0	0.773891	1	1	0	0	0	0	0
AF	0	0.774204	2	2	0	0	0	0	0
AF	0	0.774516	1	0	1	0	0	0	0
AF	0	0.783573	1	1	0	0	0	0	0
AF	0	0.784822	1	1	0	0	0	0	0
AF	0	0.785447	2	2	0	0	0	0	0
AF	0	0.785759	1	1	0	0	0	0	0
AF	0	0.786071	1	1	0	0	0	0	0
AF	0	0.787008	1	0	1	0	0	0	0
AF	0	0.789194	1	1	0	0	0	0	0
AF	0	0.792005	1	1	0	0	0	0	0
AF	0	0.792317	1	1	0	0	0	0	0
AF	0	0.792630	3	2	1	0	0	0	0
AF	0	0.795128	1	0	1	0	0	0	0
AF	0	0.795440	1	1	0	0	0	0	0
AF	0	0.801686	1	0	1	0	0	0	0
AF	0	0.807620	1	1	0	0	0	0	0
AF	0	0.814803	1	1	0	0	0	0	0
AF	0	0.818239	1	1	0	0	0	0	0
AF	0	0.820112	3	2	1	0	0	0	0
AF	0	0.821362	2	2	0	0	0	0	0
AF	0	0.823860	1	0	1	0	0	0	0
AF	0	0.831355	1	0	1	0	0	0	0
AF	0	0.853217	1	1	0	0	0	0	0
AF	0	0.853529	1	0	1	0	0	0	0
AF	0	0.870394	2	1	1	0	0	0	0
AF	0	0.879450	2	1	1	0	0	0	0
AF	0	0.881324	1	1	0	0	0	0	0
AF	0	0.881949	3	3	0	0	0	0	0
AF	0	0.882261	2	2	0	0	0	0	0
AF	0	0.882573	8	3	5	0	0	0	0
AF	0	0.883198	1	1	0	0	0	0	0
AF	0	0.883510	2	1	1	0	0	0	0
AF	0	0.888507	3	2	1	0	0	0	0
AF	0	0.888819	1	1	0	0	0	0	0
AF	0	0.889756	2	1	1	0	0	0	0
AF	0	0.900999	1	1	0	0	0	0	0
AF	0	0.906309	1	0	1	0	0	0	0
AF	0	0.907245	1	1	0	0	0	0	0
AF	0	0.908495	8	5	3	0	0	0	0
AF	0	0.910993	1	1	0	0	0	0	0
AF	0	0.914741	1	0	1	0	0	0	0
AF	0	0.917239	3	3	0	0	0	0	0
AF	0	0.917552	1	1	0	0	0	0	0
AF	0	0.917864	7	4	3	0	0	0	0
AF	0	0.918176	10	8	2	0	0	0	0
AF	0	0.918488	1	1	0	0	0	0	0
AF	0	0.919425	8	7	1	0	0	0	0
AF	0	0.919738	1	0	1	0	0	0	0
AF	0	0.920362	1	1	0	0	0	0	0
AF	0	0.920987	1	0	1	0	0	0	0
AF	0	0.933791	1	0	1	0	0	0	0
AF	0	0.945034	1	1	0	0	0	0	0
AF	0	0.945659	1	0	1	0	0	0	0
AF	0	0.945971	2	1	1	0	0	0	0
AF	0	0.946596	1	1	0	0	0	0	0
AF	0	0.947220	2	0	2	0	0	0	0
AF	0	0.947533	4	4	0	0	0	0	0
AF	0	0.947845	3	3	0	0	0	0	0
AF	0	0.948157	3	3	0	0	0	0	0
AF	0	0.948470	1	0	1	0	0	0	0
AF	0	0.948782	1	1	0	0	0	0	0
AF	0	0.949094	2	2	0	0	0	0	0
AF	0	0.950344	4	3	1	0	0	0	0
AF	0	0.954716	1	1	0	0	0	0	0
AF	0	0.955028	1	1	0	0	0	0	0
AF	0	0.956902	1	0	1	0	0	0	0
AF	0	0.958776	1	1	0	0	0	0	0
AF	0	0.959088	4	0	4	0	0	0	0
AF	0	0.959713	1	1	0	0	0	0	0
AF	0	0.960025	1	1	0	0	0	0	0
AF	0	0.960337	1	1	0	0	0	0	0
AF	0	0.960962	1	0	1	0	0	0	0
AF	0	0.961274	1	0	1	0	0	0	0
AF	0	0.963148	1	1	0	0	0	0	0
AF	0	0.963460	2	2	0	0	0	0	0
AF	0	0.970331	2	2	0	0	0	0	0
AF	0	0.971268	1	1	0	0	0	0	0
AF	0	0.972517	1	1	0	0	0	0	0
AF	0	0.974079	7	6	1	0	0	0	0
AF	0	0.974391	7	4	3	0	0	0	0
AF	0	0.974703	8	6	2	0	0	0	0
AF	0	0.975953	3	3	0	0	0	0	0
AF	0	0.977202	1	1	0	0	0	0	0
AF	0	0.978451	1	1	0	0	0	0	0
AF	0	0.978763	1	0	1	0	0	0	0
AF	0	0.979076	2	2	0	0	0	0	0
AF	0	0.979388	1	0	1	0	0	0	0
AF	0	0.980949	1	1	0	0	0	0	0
AF	0	0.982511	1	1	0	0	0	0	0
AF	0	0.982823	1	1	0	0	0	0	0
AF	0	0.983448	1	1	0	0	0	0	0
AF	0	0.984385	1	1	0	0	0	0	0
AF	0	0.984697	1	1	0	0	0	0	0
AF	0	0.985009	2	0	2	0	0	0	0
AF	0	0.985322	5	4	1	0	0	0	0
AF	0	0.986571	10	7	3	0	0	0	0
AF	0	0.988132	2	1	1	0	0	0	0
AF	0	0.988445	1	1	0	0	0	0	0
AF	0	0.988757	1	1	0	0	0	0	0
AF	0	0.989069	2	2	0	0	0	0	0
AF	0	0.989382	3	2	1	0	0	0	0
AF	0	0.992817	1	0	1	0	0	0	0
AF	0	0.993129	1	1	0	0	0	0	0
AF	0	0.995003	1	0	1	0	0	0	0
AF	0	0.996565	2	1	1	0	0	0	0
AF	0	0.997814	2	1	1	0	0	0	0
# QUAL, Stats by quality
# QUAL	[2]id	[3]Quality	[4]number of SNPs	[5]number of transitions (1st ALT)	[6]number of transversions (1st ALT)	[7]number of indels
QUAL	0	.	18018	11779	6239	0
# IDD, InDel distribution:
# IDD	[2]id	[3]length (deletions negative)	[4]number of sites	[5]number of genotypes	[6]mean VAF
# ST, Substitution types:
# ST	[2]id	[3]type	[4]count
ST	0	A>C	682
ST	0	A>G	2373
ST	0	A>T	778
ST	0	C>A	1031
ST	0	C>G	651
ST	0	C>T	3453
ST	0	G>A	3560
ST	0	G>C	653
ST	0	G>T	974
ST	0	T>A	827
ST	0	T>C	2393
ST	0	T>G	643
# DP, Depth distribution
# DP	[2]id	[3]bin	[4]number of genotypes	[5]fraction of genotypes (%)	[6]number of sites	[7]fraction of sites (%)
  - Fix haploid genotypes in males...

Submit MakeDiploidMalesX finished successfully. Let's have a beer, buddy!

