Submit MakeDiploidMalesX
version 1.1.6 (2024-09-30)

These are the settings:
  Input file................: /hpc/local/Rocky8/dhl_ec/software/MonopogenLite/resources/1kGP_high_coverage_Illumina.SNVonly_poly.filtered_AF_5e-04.norm.fixvariantid.chrX.vcf.gz
  Output file...............: /hpc/local/Rocky8/dhl_ec/software/MonopogenLite/resources/1kGP_high_coverage_Illumina.SNVonly_poly.filtered_AF_5e-04.norm.fixvariantid.makediploid.chrX.vcf.gz
  Chunk size................: 100

  SLURM CPUs................: 4
  SLURM Array ID............: 55 (of 100)
  SLURM memory..............: 16G
  SLURM time................: 01:00:00
  SLURM mail type...........: FAIL
  SLURM mail user...........: s.w.vanderlaan-2@umcutrecht.nl

  Dry run mode..............: 0
  Debug mode................: 1
  Verbosity.................: 0
  Version...................: 1.1.6 (2024-09-30)

Making converting haploid genotypes to diploid genotypes.
> Extract the region for this SLURM task (# 55) from the BED file.
  - Get the chunk number from the SLURM array task ID and the bed file...
DEBUG: Extracting chunk number: 55p from 55
DEBUG: Extracting region from BED file: /hpc/local/Rocky8/dhl_ec/software/MonopogenLite/resources/chrX_100pieces.bed
  - Extract the region from the BED file...
DEBUG: Extracted raw region: 'chrX	84262033	85822440' (chunk #: 55p of 100 for job 55)
  - Check if a valid region was extracted -- should be 'chrX	84262033	85822440'...
  - Prepare the region for bcftools...
  - Check if the region (chrX:84262033-85822440) was successfully extracted...
> Processing region 'chrX:84262033-85822440'...
  - Process the specific region (chunk# 55) using bcftools view...
  - Index the VCF file...
DEBUG: Check if the VCF file was successfully processed...
##fileformat=VCFv4.2
##FILTER=<ID=PASS,Description="All filters passed">
##fileDate=29/01/2022 - 14:31:41
##source=shapeit4.2.2
##contig=<ID=chr1,length=248956422>
##contig=<ID=chr2,length=242193529>
##contig=<ID=chr3,length=198295559>
##contig=<ID=chr4,length=190214555>
##contig=<ID=chr5,length=181538259>
##contig=<ID=chr6,length=170805979>
# This file was produced by bcftools stats (1.20+htslib-1.20) and can be plotted using plot-vcfstats.
# The command line was:	bcftools stats  /hpc/local/Rocky8/dhl_ec/software/MonopogenLite/resources/chrX.part55.vcf.gz
#
# Definition of sets:
# ID	[2]id	[3]tab-separated file names
ID	0	/hpc/local/Rocky8/dhl_ec/software/MonopogenLite/resources/chrX.part55.vcf.gz
# SN, Summary numbers:
#   number of records   .. number of data rows in the VCF
#   number of no-ALTs   .. reference-only sites, ALT is either "." or identical to REF
#   number of SNPs      .. number of rows with a SNP
#   number of MNPs      .. number of rows with a MNP, such as CC>TT
#   number of indels    .. number of rows with an indel
#   number of others    .. number of rows with other type, for example a symbolic allele or
#                          a complex substitution, such as ACT>TCGA
#   number of multiallelic sites     .. number of rows with multiple alternate alleles
#   number of multiallelic SNP sites .. number of rows with multiple alternate alleles, all SNPs
# 
#   Note that rows containing multiple types will be counted multiple times, in each
#   counter. For example, a row with a SNP and an indel increments both the SNP and
#   the indel counter.
# 
# SN	[2]id	[3]key	[4]value
SN	0	number of samples:	3202
SN	0	number of records:	20253
SN	0	number of no-ALTs:	0
SN	0	number of SNPs:	20253
SN	0	number of MNPs:	0
SN	0	number of indels:	0
SN	0	number of others:	0
SN	0	number of multiallelic sites:	0
SN	0	number of multiallelic SNP sites:	0
# TSTV, transitions/transversions:
# TSTV	[2]id	[3]ts	[4]tv	[5]ts/tv	[6]ts (1st ALT)	[7]tv (1st ALT)	[8]ts/tv (1st ALT)
TSTV	0	13154	7099	1.85	13154	7099	1.85
# SiS, Singleton stats:
# SiS	[2]id	[3]allele count	[4]number of SNPs	[5]number of transitions	[6]number of transversions	[7]number of indels	[8]repeat-consistent	[9]repeat-inconsistent	[10]not applicable
SiS	0	1	0	0	0	0	0	0	0
# AF, Stats by non-reference allele frequency:
# AF	[2]id	[3]allele frequency	[4]number of SNPs	[5]number of transitions	[6]number of transversions	[7]number of indels	[8]repeat-consistent	[9]repeat-inconsistent	[10]not applicable
AF	0	0.000312	2664	1753	911	0	0	0	0
AF	0	0.000625	1721	1122	599	0	0	0	0
AF	0	0.000937	2263	1429	834	0	0	0	0
AF	0	0.001249	751	475	276	0	0	0	0
AF	0	0.001562	1117	718	399	0	0	0	0
AF	0	0.001874	400	259	141	0	0	0	0
AF	0	0.002186	875	579	296	0	0	0	0
AF	0	0.002498	357	218	139	0	0	0	0
AF	0	0.002811	602	381	221	0	0	0	0
AF	0	0.003123	191	131	60	0	0	0	0
AF	0	0.003435	439	296	143	0	0	0	0
AF	0	0.003748	136	89	47	0	0	0	0
AF	0	0.004060	352	236	116	0	0	0	0
AF	0	0.004372	112	67	45	0	0	0	0
AF	0	0.004685	188	125	63	0	0	0	0
AF	0	0.004997	74	43	31	0	0	0	0
AF	0	0.005309	246	166	80	0	0	0	0
AF	0	0.005621	66	45	21	0	0	0	0
AF	0	0.005934	150	102	48	0	0	0	0
AF	0	0.006246	90	68	22	0	0	0	0
AF	0	0.006558	151	99	52	0	0	0	0
AF	0	0.006871	95	56	39	0	0	0	0
AF	0	0.007183	130	86	44	0	0	0	0
AF	0	0.007495	62	44	18	0	0	0	0
AF	0	0.007808	110	68	42	0	0	0	0
AF	0	0.008120	65	42	23	0	0	0	0
AF	0	0.008432	94	61	33	0	0	0	0
AF	0	0.008745	35	19	16	0	0	0	0
AF	0	0.009057	74	42	32	0	0	0	0
AF	0	0.009369	38	22	16	0	0	0	0
AF	0	0.009681	63	35	28	0	0	0	0
AF	0	0.009994	22	13	9	0	0	0	0
AF	0	0.010306	74	48	26	0	0	0	0
AF	0	0.010618	38	21	17	0	0	0	0
AF	0	0.010931	50	37	13	0	0	0	0
AF	0	0.011243	31	23	8	0	0	0	0
AF	0	0.011555	83	54	29	0	0	0	0
AF	0	0.011868	41	28	13	0	0	0	0
AF	0	0.012180	40	24	16	0	0	0	0
AF	0	0.012492	21	11	10	0	0	0	0
AF	0	0.012804	92	57	35	0	0	0	0
AF	0	0.013117	46	26	20	0	0	0	0
AF	0	0.013429	116	84	32	0	0	0	0
AF	0	0.013741	42	28	14	0	0	0	0
AF	0	0.014054	80	54	26	0	0	0	0
AF	0	0.014366	101	63	38	0	0	0	0
AF	0	0.014678	72	53	19	0	0	0	0
AF	0	0.014991	76	54	22	0	0	0	0
AF	0	0.015303	54	36	18	0	0	0	0
AF	0	0.015615	11	4	7	0	0	0	0
AF	0	0.015928	23	15	8	0	0	0	0
AF	0	0.016240	18	14	4	0	0	0	0
AF	0	0.016552	23	16	7	0	0	0	0
AF	0	0.016864	12	4	8	0	0	0	0
AF	0	0.017177	18	9	9	0	0	0	0
AF	0	0.017489	4	1	3	0	0	0	0
AF	0	0.017801	21	17	4	0	0	0	0
AF	0	0.018114	18	10	8	0	0	0	0
AF	0	0.018426	60	39	21	0	0	0	0
AF	0	0.018738	38	28	10	0	0	0	0
AF	0	0.019051	43	32	11	0	0	0	0
AF	0	0.019363	9	4	5	0	0	0	0
AF	0	0.019675	39	25	14	0	0	0	0
AF	0	0.019988	15	9	6	0	0	0	0
AF	0	0.020300	29	19	10	0	0	0	0
AF	0	0.020612	16	9	7	0	0	0	0
AF	0	0.020924	31	25	6	0	0	0	0
AF	0	0.021237	16	11	5	0	0	0	0
AF	0	0.021549	20	12	8	0	0	0	0
AF	0	0.021861	10	7	3	0	0	0	0
AF	0	0.022174	27	16	11	0	0	0	0
AF	0	0.022486	12	6	6	0	0	0	0
AF	0	0.022798	15	13	2	0	0	0	0
AF	0	0.023111	24	14	10	0	0	0	0
AF	0	0.023423	14	8	6	0	0	0	0
AF	0	0.023735	12	10	2	0	0	0	0
AF	0	0.024047	46	34	12	0	0	0	0
AF	0	0.024360	6	4	2	0	0	0	0
AF	0	0.024672	38	26	12	0	0	0	0
AF	0	0.024984	17	12	5	0	0	0	0
AF	0	0.025297	24	17	7	0	0	0	0
AF	0	0.025609	8	7	1	0	0	0	0
AF	0	0.025921	9	7	2	0	0	0	0
AF	0	0.026234	13	9	4	0	0	0	0
AF	0	0.026546	15	10	5	0	0	0	0
AF	0	0.026858	19	14	5	0	0	0	0
AF	0	0.027171	37	26	11	0	0	0	0
AF	0	0.027483	3	1	2	0	0	0	0
AF	0	0.027795	28	21	7	0	0	0	0
AF	0	0.028107	13	8	5	0	0	0	0
AF	0	0.028420	28	16	12	0	0	0	0
AF	0	0.028732	17	14	3	0	0	0	0
AF	0	0.029044	24	20	4	0	0	0	0
AF	0	0.029357	15	11	4	0	0	0	0
AF	0	0.029669	9	6	3	0	0	0	0
AF	0	0.029981	9	7	2	0	0	0	0
AF	0	0.030294	23	16	7	0	0	0	0
AF	0	0.030606	8	5	3	0	0	0	0
AF	0	0.030918	24	17	7	0	0	0	0
AF	0	0.031230	10	5	5	0	0	0	0
AF	0	0.031543	9	6	3	0	0	0	0
AF	0	0.031855	6	6	0	0	0	0	0
AF	0	0.032167	12	9	3	0	0	0	0
AF	0	0.032480	6	6	0	0	0	0	0
AF	0	0.032792	13	7	6	0	0	0	0
AF	0	0.033104	5	4	1	0	0	0	0
AF	0	0.033417	52	30	22	0	0	0	0
AF	0	0.033729	7	4	3	0	0	0	0
AF	0	0.034041	13	9	4	0	0	0	0
AF	0	0.034354	17	11	6	0	0	0	0
AF	0	0.034666	7	2	5	0	0	0	0
AF	0	0.034978	2	1	1	0	0	0	0
AF	0	0.035290	13	7	6	0	0	0	0
AF	0	0.035603	3	1	2	0	0	0	0
AF	0	0.035915	24	19	5	0	0	0	0
AF	0	0.036227	10	6	4	0	0	0	0
AF	0	0.036540	25	14	11	0	0	0	0
AF	0	0.036852	2	1	1	0	0	0	0
AF	0	0.037164	5	2	3	0	0	0	0
AF	0	0.037477	1	1	0	0	0	0	0
AF	0	0.037789	17	10	7	0	0	0	0
AF	0	0.038101	11	9	2	0	0	0	0
AF	0	0.038413	4	2	2	0	0	0	0
AF	0	0.038726	4	2	2	0	0	0	0
AF	0	0.039038	7	4	3	0	0	0	0
AF	0	0.039350	8	7	1	0	0	0	0
AF	0	0.039663	11	7	4	0	0	0	0
AF	0	0.039975	2	2	0	0	0	0	0
AF	0	0.040287	5	5	0	0	0	0	0
AF	0	0.040600	4	3	1	0	0	0	0
AF	0	0.040912	29	17	12	0	0	0	0
AF	0	0.041224	7	5	2	0	0	0	0
AF	0	0.041537	4	3	1	0	0	0	0
AF	0	0.041849	22	15	7	0	0	0	0
AF	0	0.042161	3	2	1	0	0	0	0
AF	0	0.042473	2	2	0	0	0	0	0
AF	0	0.042786	13	8	5	0	0	0	0
AF	0	0.043098	1	1	0	0	0	0	0
AF	0	0.043410	2	1	1	0	0	0	0
AF	0	0.043723	4	1	3	0	0	0	0
AF	0	0.044035	8	6	2	0	0	0	0
AF	0	0.044347	5	4	1	0	0	0	0
AF	0	0.044660	15	11	4	0	0	0	0
AF	0	0.044972	8	7	1	0	0	0	0
AF	0	0.045284	93	63	30	0	0	0	0
AF	0	0.045597	35	23	12	0	0	0	0
AF	0	0.045909	9	6	3	0	0	0	0
AF	0	0.046221	1	1	0	0	0	0	0
AF	0	0.046533	10	6	4	0	0	0	0
AF	0	0.046846	26	14	12	0	0	0	0
AF	0	0.047158	9	8	1	0	0	0	0
AF	0	0.047783	5	4	1	0	0	0	0
AF	0	0.048095	6	3	3	0	0	0	0
AF	0	0.048407	12	9	3	0	0	0	0
AF	0	0.048720	5	2	3	0	0	0	0
AF	0	0.049032	20	11	9	0	0	0	0
AF	0	0.049344	17	11	6	0	0	0	0
AF	0	0.049656	29	16	13	0	0	0	0
AF	0	0.049969	4	3	1	0	0	0	0
AF	0	0.050281	11	7	4	0	0	0	0
AF	0	0.050593	4	3	1	0	0	0	0
AF	0	0.050906	7	3	4	0	0	0	0
AF	0	0.051218	2	1	1	0	0	0	0
AF	0	0.051530	14	10	4	0	0	0	0
AF	0	0.051843	2	2	0	0	0	0	0
AF	0	0.052155	23	12	11	0	0	0	0
AF	0	0.052467	9	6	3	0	0	0	0
AF	0	0.052780	2	1	1	0	0	0	0
AF	0	0.053404	12	10	2	0	0	0	0
AF	0	0.053716	4	3	1	0	0	0	0
AF	0	0.054029	17	9	8	0	0	0	0
AF	0	0.054341	13	8	5	0	0	0	0
AF	0	0.054653	18	8	10	0	0	0	0
AF	0	0.054966	9	6	3	0	0	0	0
AF	0	0.055278	8	4	4	0	0	0	0
AF	0	0.055590	6	4	2	0	0	0	0
AF	0	0.055903	60	39	21	0	0	0	0
AF	0	0.056215	10	8	2	0	0	0	0
AF	0	0.056527	2	2	0	0	0	0	0
AF	0	0.056839	10	8	2	0	0	0	0
AF	0	0.057152	16	10	6	0	0	0	0
AF	0	0.057464	1	0	1	0	0	0	0
AF	0	0.057776	3	2	1	0	0	0	0
AF	0	0.058089	1	0	1	0	0	0	0
AF	0	0.058401	9	6	3	0	0	0	0
AF	0	0.058713	4	2	2	0	0	0	0
AF	0	0.059026	21	8	13	0	0	0	0
AF	0	0.059338	6	5	1	0	0	0	0
AF	0	0.059650	10	8	2	0	0	0	0
AF	0	0.059963	7	6	1	0	0	0	0
AF	0	0.060275	4	3	1	0	0	0	0
AF	0	0.060587	9	7	2	0	0	0	0
AF	0	0.060899	6	4	2	0	0	0	0
AF	0	0.061524	8	7	1	0	0	0	0
AF	0	0.061836	5	5	0	0	0	0	0
AF	0	0.062149	13	8	5	0	0	0	0
AF	0	0.062461	22	13	9	0	0	0	0
AF	0	0.062773	12	4	8	0	0	0	0
AF	0	0.063086	3	2	1	0	0	0	0
AF	0	0.063398	3	3	0	0	0	0	0
AF	0	0.063710	2	0	2	0	0	0	0
AF	0	0.064022	4	4	0	0	0	0	0
AF	0	0.064335	1	1	0	0	0	0	0
AF	0	0.064959	1	0	1	0	0	0	0
AF	0	0.065272	2	2	0	0	0	0	0
AF	0	0.065584	1	0	1	0	0	0	0
AF	0	0.066209	3	1	2	0	0	0	0
AF	0	0.066521	2	1	1	0	0	0	0
AF	0	0.066833	2	1	1	0	0	0	0
AF	0	0.067146	9	6	3	0	0	0	0
AF	0	0.067770	2	1	1	0	0	0	0
AF	0	0.068395	11	10	1	0	0	0	0
AF	0	0.068707	3	3	0	0	0	0	0
AF	0	0.069019	2	2	0	0	0	0	0
AF	0	0.069644	2	2	0	0	0	0	0
AF	0	0.069956	1	1	0	0	0	0	0
AF	0	0.070269	2	1	1	0	0	0	0
AF	0	0.070581	1	1	0	0	0	0	0
AF	0	0.070893	2	2	0	0	0	0	0
AF	0	0.071205	7	3	4	0	0	0	0
AF	0	0.071518	6	6	0	0	0	0	0
AF	0	0.072142	4	3	1	0	0	0	0
AF	0	0.072455	1	1	0	0	0	0	0
AF	0	0.072767	13	9	4	0	0	0	0
AF	0	0.073079	6	4	2	0	0	0	0
AF	0	0.073392	3	2	1	0	0	0	0
AF	0	0.074016	1	1	0	0	0	0	0
AF	0	0.074329	3	3	0	0	0	0	0
AF	0	0.074641	5	3	2	0	0	0	0
AF	0	0.074953	4	3	1	0	0	0	0
AF	0	0.075265	10	7	3	0	0	0	0
AF	0	0.075578	1	0	1	0	0	0	0
AF	0	0.075890	1	1	0	0	0	0	0
AF	0	0.076827	1	1	0	0	0	0	0
AF	0	0.077139	9	8	1	0	0	0	0
AF	0	0.077452	4	0	4	0	0	0	0
AF	0	0.077764	13	10	3	0	0	0	0
AF	0	0.078076	1	1	0	0	0	0	0
AF	0	0.078389	7	5	2	0	0	0	0
AF	0	0.078701	5	2	3	0	0	0	0
AF	0	0.079013	17	9	8	0	0	0	0
AF	0	0.079325	3	3	0	0	0	0	0
AF	0	0.079638	3	1	2	0	0	0	0
AF	0	0.079950	2	1	1	0	0	0	0
AF	0	0.080262	5	4	1	0	0	0	0
AF	0	0.080887	11	4	7	0	0	0	0
AF	0	0.081199	2	1	1	0	0	0	0
AF	0	0.081512	11	6	5	0	0	0	0
AF	0	0.082136	2	1	1	0	0	0	0
AF	0	0.082448	1	1	0	0	0	0	0
AF	0	0.082761	4	2	2	0	0	0	0
AF	0	0.083385	1	1	0	0	0	0	0
AF	0	0.084010	3	2	1	0	0	0	0
AF	0	0.084947	1	0	1	0	0	0	0
AF	0	0.085259	1	0	1	0	0	0	0
AF	0	0.085884	16	11	5	0	0	0	0
AF	0	0.086196	5	3	2	0	0	0	0
AF	0	0.086508	6	5	1	0	0	0	0
AF	0	0.087133	1	0	1	0	0	0	0
AF	0	0.088382	6	5	1	0	0	0	0
AF	0	0.088695	1	0	1	0	0	0	0
AF	0	0.089007	21	14	7	0	0	0	0
AF	0	0.089319	3	3	0	0	0	0	0
AF	0	0.089631	6	5	1	0	0	0	0
AF	0	0.089944	2	2	0	0	0	0	0
AF	0	0.090256	4	4	0	0	0	0	0
AF	0	0.090568	5	4	1	0	0	0	0
AF	0	0.090881	2	2	0	0	0	0	0
AF	0	0.091193	1	0	1	0	0	0	0
AF	0	0.091505	2	1	1	0	0	0	0
AF	0	0.091818	1	1	0	0	0	0	0
AF	0	0.092130	4	3	1	0	0	0	0
AF	0	0.092442	1	0	1	0	0	0	0
AF	0	0.092755	5	2	3	0	0	0	0
AF	0	0.093067	1	0	1	0	0	0	0
AF	0	0.093379	3	2	1	0	0	0	0
AF	0	0.093691	1	1	0	0	0	0	0
AF	0	0.094004	1	1	0	0	0	0	0
AF	0	0.094316	3	2	1	0	0	0	0
AF	0	0.094628	5	3	2	0	0	0	0
AF	0	0.095253	7	6	1	0	0	0	0
AF	0	0.095878	3	1	2	0	0	0	0
AF	0	0.096190	1	1	0	0	0	0	0
AF	0	0.096502	5	2	3	0	0	0	0
AF	0	0.097127	3	2	1	0	0	0	0
AF	0	0.097439	4	2	2	0	0	0	0
AF	0	0.097751	6	2	4	0	0	0	0
AF	0	0.098376	4	4	0	0	0	0	0
AF	0	0.099001	2	2	0	0	0	0	0
AF	0	0.099625	2	1	1	0	0	0	0
AF	0	0.099938	2	2	0	0	0	0	0
AF	0	0.100250	4	4	0	0	0	0	0
AF	0	0.100562	2	2	0	0	0	0	0
AF	0	0.100874	5	3	2	0	0	0	0
AF	0	0.101499	2	2	0	0	0	0	0
AF	0	0.101811	1	1	0	0	0	0	0
AF	0	0.102124	1	1	0	0	0	0	0
AF	0	0.102436	2	1	1	0	0	0	0
AF	0	0.102748	4	2	2	0	0	0	0
AF	0	0.103061	1	1	0	0	0	0	0
AF	0	0.103373	1	1	0	0	0	0	0
AF	0	0.103685	1	0	1	0	0	0	0
AF	0	0.103998	5	4	1	0	0	0	0
AF	0	0.105559	2	2	0	0	0	0	0
AF	0	0.105871	2	1	1	0	0	0	0
AF	0	0.106184	10	6	4	0	0	0	0
AF	0	0.106496	21	13	8	0	0	0	0
AF	0	0.106808	3	3	0	0	0	0	0
AF	0	0.107121	3	2	1	0	0	0	0
AF	0	0.107745	1	1	0	0	0	0	0
AF	0	0.108994	4	4	0	0	0	0	0
AF	0	0.109307	4	3	1	0	0	0	0
AF	0	0.109619	3	2	1	0	0	0	0
AF	0	0.109931	2	0	2	0	0	0	0
AF	0	0.110244	3	0	3	0	0	0	0
AF	0	0.110556	1	0	1	0	0	0	0
AF	0	0.110868	2	2	0	0	0	0	0
AF	0	0.111181	1	1	0	0	0	0	0
AF	0	0.112117	2	2	0	0	0	0	0
AF	0	0.112430	4	1	3	0	0	0	0
AF	0	0.113054	10	6	4	0	0	0	0
AF	0	0.113367	5	3	2	0	0	0	0
AF	0	0.113679	5	3	2	0	0	0	0
AF	0	0.114304	1	0	1	0	0	0	0
AF	0	0.114616	1	0	1	0	0	0	0
AF	0	0.114928	5	3	2	0	0	0	0
AF	0	0.115240	1	1	0	0	0	0	0
AF	0	0.116177	2	1	1	0	0	0	0
AF	0	0.116490	1	1	0	0	0	0	0
AF	0	0.116802	1	0	1	0	0	0	0
AF	0	0.117114	2	2	0	0	0	0	0
AF	0	0.117427	2	1	1	0	0	0	0
AF	0	0.117739	1	0	1	0	0	0	0
AF	0	0.118676	2	1	1	0	0	0	0
AF	0	0.118988	1	1	0	0	0	0	0
AF	0	0.119300	6	2	4	0	0	0	0
AF	0	0.119613	2	1	1	0	0	0	0
AF	0	0.119925	8	6	2	0	0	0	0
AF	0	0.120237	6	3	3	0	0	0	0
AF	0	0.120550	6	5	1	0	0	0	0
AF	0	0.120862	1	1	0	0	0	0	0
AF	0	0.121174	3	2	1	0	0	0	0
AF	0	0.121487	1	1	0	0	0	0	0
AF	0	0.122423	2	1	1	0	0	0	0
AF	0	0.123048	1	0	1	0	0	0	0
AF	0	0.123673	4	3	1	0	0	0	0
AF	0	0.123985	8	5	3	0	0	0	0
AF	0	0.124297	15	13	2	0	0	0	0
AF	0	0.124610	4	1	3	0	0	0	0
AF	0	0.124922	6	5	1	0	0	0	0
AF	0	0.125234	3	3	0	0	0	0	0
AF	0	0.125547	16	8	8	0	0	0	0
AF	0	0.125859	9	5	4	0	0	0	0
AF	0	0.126171	5	1	4	0	0	0	0
AF	0	0.126796	1	1	0	0	0	0	0
AF	0	0.127108	2	1	1	0	0	0	0
AF	0	0.127420	3	2	1	0	0	0	0
AF	0	0.127733	1	1	0	0	0	0	0
AF	0	0.128045	3	1	2	0	0	0	0
AF	0	0.129294	2	1	1	0	0	0	0
AF	0	0.129606	4	3	1	0	0	0	0
AF	0	0.129919	4	3	1	0	0	0	0
AF	0	0.130543	14	8	6	0	0	0	0
AF	0	0.130856	5	5	0	0	0	0	0
AF	0	0.131168	3	0	3	0	0	0	0
AF	0	0.131793	19	11	8	0	0	0	0
AF	0	0.132105	5	3	2	0	0	0	0
AF	0	0.132417	6	4	2	0	0	0	0
AF	0	0.132730	2	2	0	0	0	0	0
AF	0	0.133042	12	6	6	0	0	0	0
AF	0	0.133354	2	1	1	0	0	0	0
AF	0	0.133666	8	8	0	0	0	0	0
AF	0	0.133979	26	15	11	0	0	0	0
AF	0	0.134291	4	2	2	0	0	0	0
AF	0	0.134603	2	0	2	0	0	0	0
AF	0	0.134916	1	1	0	0	0	0	0
AF	0	0.135540	1	1	0	0	0	0	0
AF	0	0.136165	1	1	0	0	0	0	0
AF	0	0.136477	1	1	0	0	0	0	0
AF	0	0.137102	3	2	1	0	0	0	0
AF	0	0.137414	2	2	0	0	0	0	0
AF	0	0.138039	2	2	0	0	0	0	0
AF	0	0.138351	1	1	0	0	0	0	0
AF	0	0.138663	3	3	0	0	0	0	0
AF	0	0.138976	1	1	0	0	0	0	0
AF	0	0.139288	3	2	1	0	0	0	0
AF	0	0.139600	4	4	0	0	0	0	0
AF	0	0.139913	6	3	3	0	0	0	0
AF	0	0.140225	2	1	1	0	0	0	0
AF	0	0.140537	7	5	2	0	0	0	0
AF	0	0.140849	1	1	0	0	0	0	0
AF	0	0.141162	15	9	6	0	0	0	0
AF	0	0.141474	2	2	0	0	0	0	0
AF	0	0.141786	4	3	1	0	0	0	0
AF	0	0.142099	2	2	0	0	0	0	0
AF	0	0.142411	3	2	1	0	0	0	0
AF	0	0.142723	1	0	1	0	0	0	0
AF	0	0.143036	6	4	2	0	0	0	0
AF	0	0.143348	1	0	1	0	0	0	0
AF	0	0.143660	2	2	0	0	0	0	0
AF	0	0.144285	2	1	1	0	0	0	0
AF	0	0.144909	1	1	0	0	0	0	0
AF	0	0.145222	6	3	3	0	0	0	0
AF	0	0.145534	4	2	2	0	0	0	0
AF	0	0.145846	4	3	1	0	0	0	0
AF	0	0.146159	5	3	2	0	0	0	0
AF	0	0.146471	6	4	2	0	0	0	0
AF	0	0.146783	17	13	4	0	0	0	0
AF	0	0.147096	6	5	1	0	0	0	0
AF	0	0.147408	7	4	3	0	0	0	0
AF	0	0.147720	5	4	1	0	0	0	0
AF	0	0.148032	4	2	2	0	0	0	0
AF	0	0.148345	6	3	3	0	0	0	0
AF	0	0.148657	12	9	3	0	0	0	0
AF	0	0.148969	11	8	3	0	0	0	0
AF	0	0.149282	16	11	5	0	0	0	0
AF	0	0.149594	2	1	1	0	0	0	0
AF	0	0.149906	4	2	2	0	0	0	0
AF	0	0.150531	2	1	1	0	0	0	0
AF	0	0.150843	1	1	0	0	0	0	0
AF	0	0.151156	19	10	9	0	0	0	0
AF	0	0.151468	8	6	2	0	0	0	0
AF	0	0.151780	2	2	0	0	0	0	0
AF	0	0.152092	1	1	0	0	0	0	0
AF	0	0.152717	2	1	1	0	0	0	0
AF	0	0.153029	1	1	0	0	0	0	0
AF	0	0.153342	1	1	0	0	0	0	0
AF	0	0.153654	2	0	2	0	0	0	0
AF	0	0.153966	1	1	0	0	0	0	0
AF	0	0.154279	2	2	0	0	0	0	0
AF	0	0.155215	1	1	0	0	0	0	0
AF	0	0.155528	4	2	2	0	0	0	0
AF	0	0.155840	1	0	1	0	0	0	0
AF	0	0.156152	5	4	1	0	0	0	0
AF	0	0.156465	1	0	1	0	0	0	0
AF	0	0.156777	5	1	4	0	0	0	0
AF	0	0.157089	2	1	1	0	0	0	0
AF	0	0.157402	2	1	1	0	0	0	0
AF	0	0.158026	3	2	1	0	0	0	0
AF	0	0.159900	1	1	0	0	0	0	0
AF	0	0.160525	2	0	2	0	0	0	0
AF	0	0.160837	3	3	0	0	0	0	0
AF	0	0.161149	4	3	1	0	0	0	0
AF	0	0.161774	9	6	3	0	0	0	0
AF	0	0.162086	9	8	1	0	0	0	0
AF	0	0.162399	8	5	3	0	0	0	0
AF	0	0.162711	1	1	0	0	0	0	0
AF	0	0.163023	4	2	2	0	0	0	0
AF	0	0.163335	2	2	0	0	0	0	0
AF	0	0.163648	2	0	2	0	0	0	0
AF	0	0.164272	4	4	0	0	0	0	0
AF	0	0.164585	1	0	1	0	0	0	0
AF	0	0.164897	2	2	0	0	0	0	0
AF	0	0.165522	2	0	2	0	0	0	0
AF	0	0.165834	4	4	0	0	0	0	0
AF	0	0.166146	1	0	1	0	0	0	0
AF	0	0.166458	1	1	0	0	0	0	0
AF	0	0.167083	3	2	1	0	0	0	0
AF	0	0.167395	6	3	3	0	0	0	0
AF	0	0.167708	2	1	1	0	0	0	0
AF	0	0.168020	1	0	1	0	0	0	0
AF	0	0.168645	4	0	4	0	0	0	0
AF	0	0.169269	3	2	1	0	0	0	0
AF	0	0.170518	1	0	1	0	0	0	0
AF	0	0.170831	1	1	0	0	0	0	0
AF	0	0.171143	1	0	1	0	0	0	0
AF	0	0.171455	2	2	0	0	0	0	0
AF	0	0.171768	2	1	1	0	0	0	0
AF	0	0.172080	2	1	1	0	0	0	0
AF	0	0.173017	3	2	1	0	0	0	0
AF	0	0.173641	5	4	1	0	0	0	0
AF	0	0.173954	3	2	1	0	0	0	0
AF	0	0.174266	4	3	1	0	0	0	0
AF	0	0.174578	1	1	0	0	0	0	0
AF	0	0.174891	1	1	0	0	0	0	0
AF	0	0.175203	1	1	0	0	0	0	0
AF	0	0.175515	1	0	1	0	0	0	0
AF	0	0.175828	1	0	1	0	0	0	0
AF	0	0.176140	4	3	1	0	0	0	0
AF	0	0.176452	1	0	1	0	0	0	0
AF	0	0.177701	4	4	0	0	0	0	0
AF	0	0.178014	5	4	1	0	0	0	0
AF	0	0.178326	1	1	0	0	0	0	0
AF	0	0.178638	2	1	1	0	0	0	0
AF	0	0.179263	4	2	2	0	0	0	0
AF	0	0.179888	1	1	0	0	0	0	0
AF	0	0.180512	1	1	0	0	0	0	0
AF	0	0.181137	2	2	0	0	0	0	0
AF	0	0.181449	1	1	0	0	0	0	0
AF	0	0.181761	1	0	1	0	0	0	0
AF	0	0.182074	1	1	0	0	0	0	0
AF	0	0.183011	2	2	0	0	0	0	0
AF	0	0.183323	1	0	1	0	0	0	0
AF	0	0.184260	2	1	1	0	0	0	0
AF	0	0.184572	1	1	0	0	0	0	0
AF	0	0.184884	3	1	2	0	0	0	0
AF	0	0.185197	2	0	2	0	0	0	0
AF	0	0.185509	3	2	1	0	0	0	0
AF	0	0.185821	2	1	1	0	0	0	0
AF	0	0.186134	7	6	1	0	0	0	0
AF	0	0.186446	2	2	0	0	0	0	0
AF	0	0.186758	6	5	1	0	0	0	0
AF	0	0.187071	3	1	2	0	0	0	0
AF	0	0.187383	2	2	0	0	0	0	0
AF	0	0.187695	8	6	2	0	0	0	0
AF	0	0.188007	5	3	2	0	0	0	0
AF	0	0.188320	1	1	0	0	0	0	0
AF	0	0.188944	3	2	1	0	0	0	0
AF	0	0.189257	24	14	10	0	0	0	0
AF	0	0.189569	8	5	3	0	0	0	0
AF	0	0.189881	10	6	4	0	0	0	0
AF	0	0.190506	3	2	1	0	0	0	0
AF	0	0.190818	1	0	1	0	0	0	0
AF	0	0.191131	5	4	1	0	0	0	0
AF	0	0.191443	5	3	2	0	0	0	0
AF	0	0.191755	2	1	1	0	0	0	0
AF	0	0.192067	1	1	0	0	0	0	0
AF	0	0.192380	1	1	0	0	0	0	0
AF	0	0.192692	1	0	1	0	0	0	0
AF	0	0.193004	4	1	3	0	0	0	0
AF	0	0.193317	1	0	1	0	0	0	0
AF	0	0.193629	3	3	0	0	0	0	0
AF	0	0.193941	1	1	0	0	0	0	0
AF	0	0.194254	5	4	1	0	0	0	0
AF	0	0.194566	5	3	2	0	0	0	0
AF	0	0.194878	9	6	3	0	0	0	0
AF	0	0.195503	1	1	0	0	0	0	0
AF	0	0.196127	4	3	1	0	0	0	0
AF	0	0.196440	1	0	1	0	0	0	0
AF	0	0.196752	5	2	3	0	0	0	0
AF	0	0.197689	1	0	1	0	0	0	0
AF	0	0.198001	6	4	2	0	0	0	0
AF	0	0.198314	1	0	1	0	0	0	0
AF	0	0.198626	1	0	1	0	0	0	0
AF	0	0.199250	1	1	0	0	0	0	0
AF	0	0.199563	1	1	0	0	0	0	0
AF	0	0.199875	5	3	2	0	0	0	0
AF	0	0.200500	2	1	1	0	0	0	0
AF	0	0.200812	3	2	1	0	0	0	0
AF	0	0.201124	5	4	1	0	0	0	0
AF	0	0.201437	1	1	0	0	0	0	0
AF	0	0.202998	1	1	0	0	0	0	0
AF	0	0.203623	3	3	0	0	0	0	0
AF	0	0.203935	1	0	1	0	0	0	0
AF	0	0.204247	3	3	0	0	0	0	0
AF	0	0.205497	1	1	0	0	0	0	0
AF	0	0.206746	1	1	0	0	0	0	0
AF	0	0.207370	2	1	1	0	0	0	0
AF	0	0.207995	2	2	0	0	0	0	0
AF	0	0.208307	2	1	1	0	0	0	0
AF	0	0.208620	2	1	1	0	0	0	0
AF	0	0.208932	2	1	1	0	0	0	0
AF	0	0.209244	1	0	1	0	0	0	0
AF	0	0.209869	2	1	1	0	0	0	0
AF	0	0.210181	1	1	0	0	0	0	0
AF	0	0.210493	4	2	2	0	0	0	0
AF	0	0.211118	3	1	2	0	0	0	0
AF	0	0.211430	3	2	1	0	0	0	0
AF	0	0.211743	4	2	2	0	0	0	0
AF	0	0.212055	3	3	0	0	0	0	0
AF	0	0.212367	6	4	2	0	0	0	0
AF	0	0.212680	2	0	2	0	0	0	0
AF	0	0.212992	2	1	1	0	0	0	0
AF	0	0.213304	1	1	0	0	0	0	0
AF	0	0.213616	3	2	1	0	0	0	0
AF	0	0.214241	5	2	3	0	0	0	0
AF	0	0.214553	1	0	1	0	0	0	0
AF	0	0.214866	1	1	0	0	0	0	0
AF	0	0.215178	1	1	0	0	0	0	0
AF	0	0.215490	7	4	3	0	0	0	0
AF	0	0.215803	4	3	1	0	0	0	0
AF	0	0.216115	11	8	3	0	0	0	0
AF	0	0.216427	8	5	3	0	0	0	0
AF	0	0.216740	4	2	2	0	0	0	0
AF	0	0.217052	1	0	1	0	0	0	0
AF	0	0.217364	12	7	5	0	0	0	0
AF	0	0.217676	2	0	2	0	0	0	0
AF	0	0.217989	5	1	4	0	0	0	0
AF	0	0.218301	2	2	0	0	0	0	0
AF	0	0.218613	5	3	2	0	0	0	0
AF	0	0.218926	2	2	0	0	0	0	0
AF	0	0.219238	10	7	3	0	0	0	0
AF	0	0.219550	4	3	1	0	0	0	0
AF	0	0.219863	5	3	2	0	0	0	0
AF	0	0.220175	3	3	0	0	0	0	0
AF	0	0.220487	1	1	0	0	0	0	0
AF	0	0.220800	3	1	2	0	0	0	0
AF	0	0.221112	7	3	4	0	0	0	0
AF	0	0.221424	3	2	1	0	0	0	0
AF	0	0.221736	2	1	1	0	0	0	0
AF	0	0.222361	1	1	0	0	0	0	0
AF	0	0.222673	2	2	0	0	0	0	0
AF	0	0.222986	5	4	1	0	0	0	0
AF	0	0.223298	17	10	7	0	0	0	0
AF	0	0.223610	2	1	1	0	0	0	0
AF	0	0.224235	2	1	1	0	0	0	0
AF	0	0.224547	2	1	1	0	0	0	0
AF	0	0.225796	1	1	0	0	0	0	0
AF	0	0.226109	1	1	0	0	0	0	0
AF	0	0.226421	3	3	0	0	0	0	0
AF	0	0.226733	1	0	1	0	0	0	0
AF	0	0.227046	5	3	2	0	0	0	0
AF	0	0.227358	4	3	1	0	0	0	0
AF	0	0.227670	17	11	6	0	0	0	0
AF	0	0.227983	11	9	2	0	0	0	0
AF	0	0.228295	6	2	4	0	0	0	0
AF	0	0.228919	2	0	2	0	0	0	0
AF	0	0.229232	2	1	1	0	0	0	0
AF	0	0.229544	17	13	4	0	0	0	0
AF	0	0.229856	11	7	4	0	0	0	0
AF	0	0.230169	21	13	8	0	0	0	0
AF	0	0.230481	11	9	2	0	0	0	0
AF	0	0.230793	6	4	2	0	0	0	0
AF	0	0.231106	4	3	1	0	0	0	0
AF	0	0.231418	32	25	7	0	0	0	0
AF	0	0.231730	5	2	3	0	0	0	0
AF	0	0.232042	8	4	4	0	0	0	0
AF	0	0.232355	2	1	1	0	0	0	0
AF	0	0.232667	4	3	1	0	0	0	0
AF	0	0.233292	1	1	0	0	0	0	0
AF	0	0.234541	2	1	1	0	0	0	0
AF	0	0.237039	1	0	1	0	0	0	0
AF	0	0.237664	1	1	0	0	0	0	0
AF	0	0.237976	1	1	0	0	0	0	0
AF	0	0.238289	2	0	2	0	0	0	0
AF	0	0.238601	2	2	0	0	0	0	0
AF	0	0.238913	13	9	4	0	0	0	0
AF	0	0.240162	2	2	0	0	0	0	0
AF	0	0.240475	8	7	1	0	0	0	0
AF	0	0.240787	20	13	7	0	0	0	0
AF	0	0.241412	2	1	1	0	0	0	0
AF	0	0.242349	1	1	0	0	0	0	0
AF	0	0.242973	2	1	1	0	0	0	0
AF	0	0.243285	1	0	1	0	0	0	0
AF	0	0.243598	3	1	2	0	0	0	0
AF	0	0.243910	9	7	2	0	0	0	0
AF	0	0.245472	1	0	1	0	0	0	0
AF	0	0.246408	1	1	0	0	0	0	0
AF	0	0.248282	1	0	1	0	0	0	0
AF	0	0.248595	1	0	1	0	0	0	0
AF	0	0.249532	2	1	1	0	0	0	0
AF	0	0.251405	1	1	0	0	0	0	0
AF	0	0.252030	2	2	0	0	0	0	0
AF	0	0.252342	1	1	0	0	0	0	0
AF	0	0.252967	1	0	1	0	0	0	0
AF	0	0.253279	3	2	1	0	0	0	0
AF	0	0.253904	1	1	0	0	0	0	0
AF	0	0.254216	1	1	0	0	0	0	0
AF	0	0.255778	1	1	0	0	0	0	0
AF	0	0.257027	1	1	0	0	0	0	0
AF	0	0.257339	1	0	1	0	0	0	0
AF	0	0.257651	2	2	0	0	0	0	0
AF	0	0.258588	1	1	0	0	0	0	0
AF	0	0.258901	1	1	0	0	0	0	0
AF	0	0.259525	1	1	0	0	0	0	0
AF	0	0.260150	1	1	0	0	0	0	0
AF	0	0.260775	2	2	0	0	0	0	0
AF	0	0.261087	2	0	2	0	0	0	0
AF	0	0.261711	1	0	1	0	0	0	0
AF	0	0.262024	1	1	0	0	0	0	0
AF	0	0.262336	3	3	0	0	0	0	0
AF	0	0.262648	7	5	2	0	0	0	0
AF	0	0.262961	4	3	1	0	0	0	0
AF	0	0.263273	1	1	0	0	0	0	0
AF	0	0.263898	1	1	0	0	0	0	0
AF	0	0.264522	2	0	2	0	0	0	0
AF	0	0.264834	3	1	2	0	0	0	0
AF	0	0.265147	2	1	1	0	0	0	0
AF	0	0.265771	2	0	2	0	0	0	0
AF	0	0.266084	1	0	1	0	0	0	0
AF	0	0.266396	1	0	1	0	0	0	0
AF	0	0.266708	1	1	0	0	0	0	0
AF	0	0.267021	4	1	3	0	0	0	0
AF	0	0.267333	1	0	1	0	0	0	0
AF	0	0.267645	7	3	4	0	0	0	0
AF	0	0.267958	4	3	1	0	0	0	0
AF	0	0.268270	1	1	0	0	0	0	0
AF	0	0.268894	4	3	1	0	0	0	0
AF	0	0.269207	2	1	1	0	0	0	0
AF	0	0.269519	2	1	1	0	0	0	0
AF	0	0.272017	1	0	1	0	0	0	0
AF	0	0.272330	3	2	1	0	0	0	0
AF	0	0.272642	1	1	0	0	0	0	0
AF	0	0.272954	1	0	1	0	0	0	0
AF	0	0.273267	1	0	1	0	0	0	0
AF	0	0.273891	1	0	1	0	0	0	0
AF	0	0.276390	2	2	0	0	0	0	0
AF	0	0.276702	1	1	0	0	0	0	0
AF	0	0.277327	2	1	1	0	0	0	0
AF	0	0.277639	3	1	2	0	0	0	0
AF	0	0.277951	1	1	0	0	0	0	0
AF	0	0.278264	2	2	0	0	0	0	0
AF	0	0.278576	1	1	0	0	0	0	0
AF	0	0.278888	1	1	0	0	0	0	0
AF	0	0.279200	1	1	0	0	0	0	0
AF	0	0.279825	1	1	0	0	0	0	0
AF	0	0.280137	1	1	0	0	0	0	0
AF	0	0.280762	1	1	0	0	0	0	0
AF	0	0.281699	1	1	0	0	0	0	0
AF	0	0.282011	2	2	0	0	0	0	0
AF	0	0.282636	35	17	18	0	0	0	0
AF	0	0.282948	22	16	6	0	0	0	0
AF	0	0.283260	34	22	12	0	0	0	0
AF	0	0.283573	2	1	1	0	0	0	0
AF	0	0.283885	5	4	1	0	0	0	0
AF	0	0.284197	5	4	1	0	0	0	0
AF	0	0.284510	10	5	5	0	0	0	0
AF	0	0.284822	1	1	0	0	0	0	0
AF	0	0.285134	1	0	1	0	0	0	0
AF	0	0.285759	1	0	1	0	0	0	0
AF	0	0.286696	1	1	0	0	0	0	0
AF	0	0.287320	1	1	0	0	0	0	0
AF	0	0.287633	3	2	1	0	0	0	0
AF	0	0.287945	5	3	2	0	0	0	0
AF	0	0.288257	2	1	1	0	0	0	0
AF	0	0.288570	2	1	1	0	0	0	0
AF	0	0.289507	1	0	1	0	0	0	0
AF	0	0.290131	3	2	1	0	0	0	0
AF	0	0.290756	1	0	1	0	0	0	0
AF	0	0.291068	1	1	0	0	0	0	0
AF	0	0.295128	1	1	0	0	0	0	0
AF	0	0.296065	1	1	0	0	0	0	0
AF	0	0.297626	1	1	0	0	0	0	0
AF	0	0.303873	2	2	0	0	0	0	0
AF	0	0.305746	2	1	1	0	0	0	0
AF	0	0.307620	1	0	1	0	0	0	0
AF	0	0.310743	3	1	2	0	0	0	0
AF	0	0.311056	2	0	2	0	0	0	0
AF	0	0.311368	15	11	4	0	0	0	0
AF	0	0.311680	4	1	3	0	0	0	0
AF	0	0.311993	1	0	1	0	0	0	0
AF	0	0.312305	3	2	1	0	0	0	0
AF	0	0.312617	3	3	0	0	0	0	0
AF	0	0.313242	1	0	1	0	0	0	0
AF	0	0.315740	1	1	0	0	0	0	0
AF	0	0.316052	1	1	0	0	0	0	0
AF	0	0.318239	2	2	0	0	0	0	0
AF	0	0.319488	2	0	2	0	0	0	0
AF	0	0.319800	1	1	0	0	0	0	0
AF	0	0.320112	3	3	0	0	0	0	0
AF	0	0.320737	1	1	0	0	0	0	0
AF	0	0.321049	1	0	1	0	0	0	0
AF	0	0.321362	1	0	1	0	0	0	0
AF	0	0.322611	1	1	0	0	0	0	0
AF	0	0.323860	1	1	0	0	0	0	0
AF	0	0.324172	2	2	0	0	0	0	0
AF	0	0.324485	1	1	0	0	0	0	0
AF	0	0.325109	1	0	1	0	0	0	0
AF	0	0.325422	1	0	1	0	0	0	0
AF	0	0.326046	1	1	0	0	0	0	0
AF	0	0.326983	2	0	2	0	0	0	0
AF	0	0.328545	1	1	0	0	0	0	0
AF	0	0.329169	1	1	0	0	0	0	0
AF	0	0.329794	1	1	0	0	0	0	0
AF	0	0.330418	1	1	0	0	0	0	0
AF	0	0.331668	1	1	0	0	0	0	0
AF	0	0.331980	2	1	1	0	0	0	0
AF	0	0.332292	2	1	1	0	0	0	0
AF	0	0.333854	1	1	0	0	0	0	0
AF	0	0.334791	1	1	0	0	0	0	0
AF	0	0.335103	1	0	1	0	0	0	0
AF	0	0.335415	1	1	0	0	0	0	0
AF	0	0.336040	5	1	4	0	0	0	0
AF	0	0.336352	3	0	3	0	0	0	0
AF	0	0.336665	1	0	1	0	0	0	0
AF	0	0.336977	2	2	0	0	0	0	0
AF	0	0.337289	3	3	0	0	0	0	0
AF	0	0.337601	2	1	1	0	0	0	0
AF	0	0.337914	1	1	0	0	0	0	0
AF	0	0.338538	2	1	1	0	0	0	0
AF	0	0.339163	1	1	0	0	0	0	0
AF	0	0.340100	1	0	1	0	0	0	0
AF	0	0.341661	3	2	1	0	0	0	0
AF	0	0.341974	5	3	2	0	0	0	0
AF	0	0.342286	2	2	0	0	0	0	0
AF	0	0.345409	1	0	1	0	0	0	0
AF	0	0.346346	1	1	0	0	0	0	0
AF	0	0.348220	1	0	1	0	0	0	0
AF	0	0.349469	1	1	0	0	0	0	0
AF	0	0.351343	1	0	1	0	0	0	0
AF	0	0.351655	2	2	0	0	0	0	0
AF	0	0.354466	1	1	0	0	0	0	0
AF	0	0.356964	1	0	1	0	0	0	0
AF	0	0.357277	5	4	1	0	0	0	0
AF	0	0.357589	4	3	1	0	0	0	0
AF	0	0.357901	14	6	8	0	0	0	0
AF	0	0.358214	13	10	3	0	0	0	0
AF	0	0.358526	23	12	11	0	0	0	0
AF	0	0.358838	17	8	9	0	0	0	0
AF	0	0.359151	23	18	5	0	0	0	0
AF	0	0.359463	2	1	1	0	0	0	0
AF	0	0.359775	1	0	1	0	0	0	0
AF	0	0.360087	1	1	0	0	0	0	0
AF	0	0.360400	2	1	1	0	0	0	0
AF	0	0.360712	1	1	0	0	0	0	0
AF	0	0.361024	2	1	1	0	0	0	0
AF	0	0.362274	1	1	0	0	0	0	0
AF	0	0.362898	1	1	0	0	0	0	0
AF	0	0.363523	1	0	1	0	0	0	0
AF	0	0.364772	1	1	0	0	0	0	0
AF	0	0.371018	1	1	0	0	0	0	0
AF	0	0.374141	1	1	0	0	0	0	0
AF	0	0.374453	2	2	0	0	0	0	0
AF	0	0.374766	2	2	0	0	0	0	0
AF	0	0.375078	1	1	0	0	0	0	0
AF	0	0.375390	1	1	0	0	0	0	0
AF	0	0.375703	1	0	1	0	0	0	0
AF	0	0.376015	1	1	0	0	0	0	0
AF	0	0.378201	1	1	0	0	0	0	0
AF	0	0.378513	2	0	2	0	0	0	0
AF	0	0.379138	1	0	1	0	0	0	0
AF	0	0.379763	1	1	0	0	0	0	0
AF	0	0.380387	1	1	0	0	0	0	0
AF	0	0.381636	1	0	1	0	0	0	0
AF	0	0.383823	1	1	0	0	0	0	0
AF	0	0.384447	1	1	0	0	0	0	0
AF	0	0.384760	1	0	1	0	0	0	0
AF	0	0.388195	1	1	0	0	0	0	0
AF	0	0.388507	5	2	3	0	0	0	0
AF	0	0.388819	1	1	0	0	0	0	0
AF	0	0.389132	3	3	0	0	0	0	0
AF	0	0.389444	1	1	0	0	0	0	0
AF	0	0.390381	5	4	1	0	0	0	0
AF	0	0.390693	3	3	0	0	0	0	0
AF	0	0.391006	6	4	2	0	0	0	0
AF	0	0.391318	1	0	1	0	0	0	0
AF	0	0.392567	1	1	0	0	0	0	0
AF	0	0.393192	1	1	0	0	0	0	0
AF	0	0.393816	1	1	0	0	0	0	0
AF	0	0.396002	1	1	0	0	0	0	0
AF	0	0.397876	2	1	1	0	0	0	0
AF	0	0.398813	1	0	1	0	0	0	0
AF	0	0.399126	2	0	2	0	0	0	0
AF	0	0.399438	1	0	1	0	0	0	0
AF	0	0.399750	4	3	1	0	0	0	0
AF	0	0.402249	1	1	0	0	0	0	0
AF	0	0.402561	1	1	0	0	0	0	0
AF	0	0.404435	1	1	0	0	0	0	0
AF	0	0.409432	1	1	0	0	0	0	0
AF	0	0.410369	1	0	1	0	0	0	0
AF	0	0.410993	2	1	1	0	0	0	0
AF	0	0.411618	1	0	1	0	0	0	0
AF	0	0.411930	1	1	0	0	0	0	0
AF	0	0.413804	2	1	1	0	0	0	0
AF	0	0.415365	1	1	0	0	0	0	0
AF	0	0.415990	1	0	1	0	0	0	0
AF	0	0.416302	1	0	1	0	0	0	0
AF	0	0.416615	5	2	3	0	0	0	0
AF	0	0.416927	1	1	0	0	0	0	0
AF	0	0.417239	1	1	0	0	0	0	0
AF	0	0.417864	1	1	0	0	0	0	0
AF	0	0.419113	2	2	0	0	0	0	0
AF	0	0.421611	1	1	0	0	0	0	0
AF	0	0.422861	1	1	0	0	0	0	0
AF	0	0.423485	1	0	1	0	0	0	0
AF	0	0.424110	1	1	0	0	0	0	0
AF	0	0.424422	3	1	2	0	0	0	0
AF	0	0.424735	2	1	1	0	0	0	0
AF	0	0.425359	1	0	1	0	0	0	0
AF	0	0.425984	1	1	0	0	0	0	0
AF	0	0.426296	1	1	0	0	0	0	0
AF	0	0.426608	1	1	0	0	0	0	0
AF	0	0.430044	1	1	0	0	0	0	0
AF	0	0.430356	1	0	1	0	0	0	0
AF	0	0.438476	1	0	1	0	0	0	0
AF	0	0.440350	1	0	1	0	0	0	0
AF	0	0.441287	1	1	0	0	0	0	0
AF	0	0.441599	1	1	0	0	0	0	0
AF	0	0.442224	1	0	1	0	0	0	0
AF	0	0.442536	1	1	0	0	0	0	0
AF	0	0.442848	2	1	1	0	0	0	0
AF	0	0.443785	1	1	0	0	0	0	0
AF	0	0.444097	1	0	1	0	0	0	0
AF	0	0.444410	6	5	1	0	0	0	0
AF	0	0.445971	1	1	0	0	0	0	0
AF	0	0.446284	1	1	0	0	0	0	0
AF	0	0.447220	1	1	0	0	0	0	0
AF	0	0.451593	1	0	1	0	0	0	0
AF	0	0.453154	1	0	1	0	0	0	0
AF	0	0.453467	1	1	0	0	0	0	0
AF	0	0.453779	2	0	2	0	0	0	0
AF	0	0.454091	2	1	1	0	0	0	0
AF	0	0.454403	7	3	4	0	0	0	0
AF	0	0.454716	6	3	3	0	0	0	0
AF	0	0.455028	5	2	3	0	0	0	0
AF	0	0.456277	3	3	0	0	0	0	0
AF	0	0.458151	1	1	0	0	0	0	0
AF	0	0.461274	1	1	0	0	0	0	0
AF	0	0.461899	1	1	0	0	0	0	0
AF	0	0.462523	2	0	2	0	0	0	0
AF	0	0.462836	1	1	0	0	0	0	0
AF	0	0.463148	1	1	0	0	0	0	0
AF	0	0.464397	2	1	1	0	0	0	0
AF	0	0.464710	1	1	0	0	0	0	0
AF	0	0.465022	1	1	0	0	0	0	0
AF	0	0.465334	1	1	0	0	0	0	0
AF	0	0.465646	1	1	0	0	0	0	0
AF	0	0.466896	1	1	0	0	0	0	0
AF	0	0.468145	1	1	0	0	0	0	0
AF	0	0.469394	2	1	1	0	0	0	0
AF	0	0.470019	2	1	1	0	0	0	0
AF	0	0.470643	2	0	2	0	0	0	0
AF	0	0.471268	7	4	3	0	0	0	0
AF	0	0.471580	3	2	1	0	0	0	0
AF	0	0.471893	5	2	3	0	0	0	0
AF	0	0.472517	1	1	0	0	0	0	0
AF	0	0.473766	1	0	1	0	0	0	0
AF	0	0.474079	1	1	0	0	0	0	0
AF	0	0.475328	1	0	1	0	0	0	0
AF	0	0.475640	1	1	0	0	0	0	0
AF	0	0.475953	3	2	1	0	0	0	0
AF	0	0.479388	2	1	1	0	0	0	0
AF	0	0.480637	1	0	1	0	0	0	0
AF	0	0.481262	1	1	0	0	0	0	0
AF	0	0.481886	1	1	0	0	0	0	0
AF	0	0.482199	1	1	0	0	0	0	0
AF	0	0.482511	1	0	1	0	0	0	0
AF	0	0.484385	1	1	0	0	0	0	0
AF	0	0.485009	1	1	0	0	0	0	0
AF	0	0.485322	3	3	0	0	0	0	0
AF	0	0.485634	5	4	1	0	0	0	0
AF	0	0.485946	1	1	0	0	0	0	0
AF	0	0.486259	7	3	4	0	0	0	0
AF	0	0.486571	2	1	1	0	0	0	0
AF	0	0.486883	1	1	0	0	0	0	0
AF	0	0.490006	1	1	0	0	0	0	0
AF	0	0.500625	2	2	0	0	0	0	0
AF	0	0.500937	1	1	0	0	0	0	0
AF	0	0.501249	5	4	1	0	0	0	0
AF	0	0.501562	1	1	0	0	0	0	0
AF	0	0.501874	3	1	2	0	0	0	0
AF	0	0.502186	1	1	0	0	0	0	0
AF	0	0.502811	1	1	0	0	0	0	0
AF	0	0.503123	2	0	2	0	0	0	0
AF	0	0.503748	1	1	0	0	0	0	0
AF	0	0.504997	1	1	0	0	0	0	0
AF	0	0.505621	2	2	0	0	0	0	0
AF	0	0.506871	2	2	0	0	0	0	0
AF	0	0.513741	6	3	3	0	0	0	0
AF	0	0.514054	1	1	0	0	0	0	0
AF	0	0.514366	6	4	2	0	0	0	0
AF	0	0.514678	11	6	5	0	0	0	0
AF	0	0.514991	4	4	0	0	0	0	0
AF	0	0.515303	1	0	1	0	0	0	0
AF	0	0.515615	1	1	0	0	0	0	0
AF	0	0.518114	1	1	0	0	0	0	0
AF	0	0.518738	1	0	1	0	0	0	0
AF	0	0.520924	1	0	1	0	0	0	0
AF	0	0.521237	1	0	1	0	0	0	0
AF	0	0.525921	1	1	0	0	0	0	0
AF	0	0.539975	1	0	1	0	0	0	0
AF	0	0.541849	1	1	0	0	0	0	0
AF	0	0.545909	1	1	0	0	0	0	0
AF	0	0.546221	1	0	1	0	0	0	0
AF	0	0.549344	1	0	1	0	0	0	0
AF	0	0.549969	1	1	0	0	0	0	0
AF	0	0.550281	1	1	0	0	0	0	0
AF	0	0.550593	1	0	1	0	0	0	0
AF	0	0.553092	5	5	0	0	0	0	0
AF	0	0.553404	3	3	0	0	0	0	0
AF	0	0.553716	7	4	3	0	0	0	0
AF	0	0.554029	2	1	1	0	0	0	0
AF	0	0.554341	3	3	0	0	0	0	0
AF	0	0.554966	3	1	2	0	0	0	0
AF	0	0.555278	2	0	2	0	0	0	0
AF	0	0.555590	1	1	0	0	0	0	0
AF	0	0.557152	2	1	1	0	0	0	0
AF	0	0.557464	2	1	1	0	0	0	0
AF	0	0.557776	1	0	1	0	0	0	0
AF	0	0.558401	1	0	1	0	0	0	0
AF	0	0.558713	2	1	1	0	0	0	0
AF	0	0.559650	1	1	0	0	0	0	0
AF	0	0.559963	1	0	1	0	0	0	0
AF	0	0.560275	1	1	0	0	0	0	0
AF	0	0.560587	2	2	0	0	0	0	0
AF	0	0.560899	2	1	1	0	0	0	0
AF	0	0.561524	1	1	0	0	0	0	0
AF	0	0.562773	1	1	0	0	0	0	0
AF	0	0.563398	1	1	0	0	0	0	0
AF	0	0.563710	1	1	0	0	0	0	0
AF	0	0.564022	3	1	2	0	0	0	0
AF	0	0.565272	1	0	1	0	0	0	0
AF	0	0.566521	1	0	1	0	0	0	0
AF	0	0.569019	1	1	0	0	0	0	0
AF	0	0.569332	1	1	0	0	0	0	0
AF	0	0.569644	2	1	1	0	0	0	0
AF	0	0.570269	3	3	0	0	0	0	0
AF	0	0.570893	2	2	0	0	0	0	0
AF	0	0.574641	1	1	0	0	0	0	0
AF	0	0.575265	1	0	1	0	0	0	0
AF	0	0.576202	1	0	1	0	0	0	0
AF	0	0.576515	1	0	1	0	0	0	0
AF	0	0.576827	2	2	0	0	0	0	0
AF	0	0.577139	1	1	0	0	0	0	0
AF	0	0.578389	1	1	0	0	0	0	0
AF	0	0.579950	1	1	0	0	0	0	0
AF	0	0.580262	2	2	0	0	0	0	0
AF	0	0.580887	5	4	1	0	0	0	0
AF	0	0.582136	2	1	1	0	0	0	0
AF	0	0.582761	1	1	0	0	0	0	0
AF	0	0.584010	2	1	1	0	0	0	0
AF	0	0.584635	1	1	0	0	0	0	0
AF	0	0.585884	1	1	0	0	0	0	0
AF	0	0.586821	1	1	0	0	0	0	0
AF	0	0.587758	1	0	1	0	0	0	0
AF	0	0.589319	1	1	0	0	0	0	0
AF	0	0.592755	2	2	0	0	0	0	0
AF	0	0.593691	3	2	1	0	0	0	0
AF	0	0.594628	1	1	0	0	0	0	0
AF	0	0.594941	1	1	0	0	0	0	0
AF	0	0.596502	1	0	1	0	0	0	0
AF	0	0.597127	1	1	0	0	0	0	0
AF	0	0.597439	2	1	1	0	0	0	0
AF	0	0.599001	2	1	1	0	0	0	0
AF	0	0.599313	1	1	0	0	0	0	0
AF	0	0.601499	1	1	0	0	0	0	0
AF	0	0.602124	2	1	1	0	0	0	0
AF	0	0.602748	1	1	0	0	0	0	0
AF	0	0.604622	1	1	0	0	0	0	0
AF	0	0.605247	7	6	1	0	0	0	0
AF	0	0.606496	2	2	0	0	0	0	0
AF	0	0.607433	1	0	1	0	0	0	0
AF	0	0.607745	2	2	0	0	0	0	0
AF	0	0.608057	2	1	1	0	0	0	0
AF	0	0.608370	3	3	0	0	0	0	0
AF	0	0.608994	2	0	2	0	0	0	0
AF	0	0.609619	1	1	0	0	0	0	0
AF	0	0.609931	2	2	0	0	0	0	0
AF	0	0.610244	2	2	0	0	0	0	0
AF	0	0.610556	1	1	0	0	0	0	0
AF	0	0.611493	3	1	2	0	0	0	0
AF	0	0.611805	1	1	0	0	0	0	0
AF	0	0.613367	2	1	1	0	0	0	0
AF	0	0.615240	1	0	1	0	0	0	0
AF	0	0.616177	1	0	1	0	0	0	0
AF	0	0.616490	1	1	0	0	0	0	0
AF	0	0.617739	1	0	1	0	0	0	0
AF	0	0.618364	3	2	1	0	0	0	0
AF	0	0.618676	2	1	1	0	0	0	0
AF	0	0.618988	1	1	0	0	0	0	0
AF	0	0.619613	2	2	0	0	0	0	0
AF	0	0.620237	1	0	1	0	0	0	0
AF	0	0.620862	3	1	2	0	0	0	0
AF	0	0.621174	2	2	0	0	0	0	0
AF	0	0.621799	1	0	1	0	0	0	0
AF	0	0.624297	1	1	0	0	0	0	0
AF	0	0.624922	1	1	0	0	0	0	0
AF	0	0.625859	1	1	0	0	0	0	0
AF	0	0.628357	1	1	0	0	0	0	0
AF	0	0.628670	1	0	1	0	0	0	0
AF	0	0.631793	1	0	1	0	0	0	0
AF	0	0.633979	1	1	0	0	0	0	0
AF	0	0.634603	1	0	1	0	0	0	0
AF	0	0.635540	1	1	0	0	0	0	0
AF	0	0.637726	1	1	0	0	0	0	0
AF	0	0.638351	6	4	2	0	0	0	0
AF	0	0.638663	4	3	1	0	0	0	0
AF	0	0.638976	3	2	1	0	0	0	0
AF	0	0.640849	1	1	0	0	0	0	0
AF	0	0.641162	1	0	1	0	0	0	0
AF	0	0.641474	2	1	1	0	0	0	0
AF	0	0.641786	1	1	0	0	0	0	0
AF	0	0.642411	2	2	0	0	0	0	0
AF	0	0.642723	1	1	0	0	0	0	0
AF	0	0.643348	1	1	0	0	0	0	0
AF	0	0.643973	3	1	2	0	0	0	0
AF	0	0.644285	1	1	0	0	0	0	0
AF	0	0.644597	1	1	0	0	0	0	0
AF	0	0.645846	2	1	1	0	0	0	0
AF	0	0.646159	1	0	1	0	0	0	0
AF	0	0.646471	1	1	0	0	0	0	0
AF	0	0.647096	1	0	1	0	0	0	0
AF	0	0.651156	1	1	0	0	0	0	0
AF	0	0.651468	1	0	1	0	0	0	0
AF	0	0.651780	1	1	0	0	0	0	0
AF	0	0.652092	3	1	2	0	0	0	0
AF	0	0.652405	1	1	0	0	0	0	0
AF	0	0.652717	2	2	0	0	0	0	0
AF	0	0.653029	1	0	1	0	0	0	0
AF	0	0.653966	1	1	0	0	0	0	0
AF	0	0.654279	1	0	1	0	0	0	0
AF	0	0.654591	1	0	1	0	0	0	0
AF	0	0.654903	1	1	0	0	0	0	0
AF	0	0.655215	5	5	0	0	0	0	0
AF	0	0.655528	2	1	1	0	0	0	0
AF	0	0.655840	5	2	3	0	0	0	0
AF	0	0.656152	4	1	3	0	0	0	0
AF	0	0.656465	8	5	3	0	0	0	0
AF	0	0.656777	4	4	0	0	0	0	0
AF	0	0.657089	7	4	3	0	0	0	0
AF	0	0.657402	2	2	0	0	0	0	0
AF	0	0.657714	1	0	1	0	0	0	0
AF	0	0.658026	1	1	0	0	0	0	0
AF	0	0.658963	2	1	1	0	0	0	0
AF	0	0.659275	1	1	0	0	0	0	0
AF	0	0.659900	1	1	0	0	0	0	0
AF	0	0.661462	1	1	0	0	0	0	0
AF	0	0.664585	1	1	0	0	0	0	0
AF	0	0.665209	1	0	1	0	0	0	0
AF	0	0.667395	2	1	1	0	0	0	0
AF	0	0.667708	1	1	0	0	0	0	0
AF	0	0.668020	2	1	1	0	0	0	0
AF	0	0.670206	1	1	0	0	0	0	0
AF	0	0.673017	2	1	1	0	0	0	0
AF	0	0.673329	1	1	0	0	0	0	0
AF	0	0.674891	1	0	1	0	0	0	0
AF	0	0.675515	1	1	0	0	0	0	0
AF	0	0.675828	1	1	0	0	0	0	0
AF	0	0.676140	2	2	0	0	0	0	0
AF	0	0.676452	1	0	1	0	0	0	0
AF	0	0.676765	1	1	0	0	0	0	0
AF	0	0.678638	1	1	0	0	0	0	0
AF	0	0.678951	1	1	0	0	0	0	0
AF	0	0.683635	1	1	0	0	0	0	0
AF	0	0.685509	1	0	1	0	0	0	0
AF	0	0.687695	1	1	0	0	0	0	0
AF	0	0.689257	1	1	0	0	0	0	0
AF	0	0.689881	1	1	0	0	0	0	0
AF	0	0.690194	1	0	1	0	0	0	0
AF	0	0.692067	1	0	1	0	0	0	0
AF	0	0.693317	1	1	0	0	0	0	0
AF	0	0.693629	1	0	1	0	0	0	0
AF	0	0.694254	1	1	0	0	0	0	0
AF	0	0.694878	2	1	1	0	0	0	0
AF	0	0.695191	1	1	0	0	0	0	0
AF	0	0.695815	1	1	0	0	0	0	0
AF	0	0.701124	1	1	0	0	0	0	0
AF	0	0.702374	1	0	1	0	0	0	0
AF	0	0.702998	1	1	0	0	0	0	0
AF	0	0.704247	1	1	0	0	0	0	0
AF	0	0.705497	1	1	0	0	0	0	0
AF	0	0.706746	2	1	1	0	0	0	0
AF	0	0.707370	2	2	0	0	0	0	0
AF	0	0.707683	2	1	1	0	0	0	0
AF	0	0.708307	1	0	1	0	0	0	0
AF	0	0.708620	1	0	1	0	0	0	0
AF	0	0.709244	1	1	0	0	0	0	0
AF	0	0.709869	2	1	1	0	0	0	0
AF	0	0.710493	2	1	1	0	0	0	0
AF	0	0.711118	4	4	0	0	0	0	0
AF	0	0.711743	1	1	0	0	0	0	0
AF	0	0.713616	1	0	1	0	0	0	0
AF	0	0.713929	1	0	1	0	0	0	0
AF	0	0.714241	1	1	0	0	0	0	0
AF	0	0.715490	2	1	1	0	0	0	0
AF	0	0.715803	1	1	0	0	0	0	0
AF	0	0.716115	3	2	1	0	0	0	0
AF	0	0.716427	4	2	2	0	0	0	0
AF	0	0.716740	1	1	0	0	0	0	0
AF	0	0.717989	1	0	1	0	0	0	0
AF	0	0.718301	2	1	1	0	0	0	0
AF	0	0.718613	2	2	0	0	0	0	0
AF	0	0.721112	1	0	1	0	0	0	0
AF	0	0.723610	3	3	0	0	0	0	0
AF	0	0.724235	2	0	2	0	0	0	0
AF	0	0.725172	1	1	0	0	0	0	0
AF	0	0.725796	1	0	1	0	0	0	0
AF	0	0.726733	1	0	1	0	0	0	0
AF	0	0.727358	3	1	2	0	0	0	0
AF	0	0.727670	1	0	1	0	0	0	0
AF	0	0.728295	1	0	1	0	0	0	0
AF	0	0.728607	1	1	0	0	0	0	0
AF	0	0.730481	1	1	0	0	0	0	0
AF	0	0.731106	1	1	0	0	0	0	0
AF	0	0.731730	1	1	0	0	0	0	0
AF	0	0.732979	3	2	1	0	0	0	0
AF	0	0.733292	1	1	0	0	0	0	0
AF	0	0.733916	1	0	1	0	0	0	0
AF	0	0.736102	2	1	1	0	0	0	0
AF	0	0.738913	1	1	0	0	0	0	0
AF	0	0.739538	1	1	0	0	0	0	0
AF	0	0.740787	1	0	1	0	0	0	0
AF	0	0.741099	1	1	0	0	0	0	0
AF	0	0.741412	1	0	1	0	0	0	0
AF	0	0.741724	3	1	2	0	0	0	0
AF	0	0.742349	1	1	0	0	0	0	0
AF	0	0.743285	1	1	0	0	0	0	0
AF	0	0.743598	2	1	1	0	0	0	0
AF	0	0.744535	1	0	1	0	0	0	0
AF	0	0.745159	1	0	1	0	0	0	0
AF	0	0.748595	2	1	1	0	0	0	0
AF	0	0.749844	3	2	1	0	0	0	0
AF	0	0.750156	1	0	1	0	0	0	0
AF	0	0.750468	4	2	2	0	0	0	0
AF	0	0.751405	1	1	0	0	0	0	0
AF	0	0.751718	1	1	0	0	0	0	0
AF	0	0.752342	3	3	0	0	0	0	0
AF	0	0.752967	2	1	1	0	0	0	0
AF	0	0.753592	4	2	2	0	0	0	0
AF	0	0.754216	1	0	1	0	0	0	0
AF	0	0.755778	1	1	0	0	0	0	0
AF	0	0.757339	1	1	0	0	0	0	0
AF	0	0.759213	4	3	1	0	0	0	0
AF	0	0.759525	2	1	1	0	0	0	0
AF	0	0.761087	1	1	0	0	0	0	0
AF	0	0.763585	1	1	0	0	0	0	0
AF	0	0.764210	2	1	1	0	0	0	0
AF	0	0.765147	1	0	1	0	0	0	0
AF	0	0.765459	2	1	1	0	0	0	0
AF	0	0.766084	1	1	0	0	0	0	0
AF	0	0.767333	1	0	1	0	0	0	0
AF	0	0.767645	1	1	0	0	0	0	0
AF	0	0.767958	2	2	0	0	0	0	0
AF	0	0.768894	1	0	1	0	0	0	0
AF	0	0.770456	3	2	1	0	0	0	0
AF	0	0.770768	1	1	0	0	0	0	0
AF	0	0.771393	1	1	0	0	0	0	0
AF	0	0.771705	2	2	0	0	0	0	0
AF	0	0.776077	4	1	3	0	0	0	0
AF	0	0.776390	2	2	0	0	0	0	0
AF	0	0.776702	2	0	2	0	0	0	0
AF	0	0.777327	1	0	1	0	0	0	0
AF	0	0.777639	3	2	1	0	0	0	0
AF	0	0.778264	2	0	2	0	0	0	0
AF	0	0.778888	3	3	0	0	0	0	0
AF	0	0.779513	2	2	0	0	0	0	0
AF	0	0.780137	1	1	0	0	0	0	0
AF	0	0.780450	1	1	0	0	0	0	0
AF	0	0.780762	1	1	0	0	0	0	0
AF	0	0.781074	2	1	1	0	0	0	0
AF	0	0.781387	3	2	1	0	0	0	0
AF	0	0.781699	2	1	1	0	0	0	0
AF	0	0.782636	4	2	2	0	0	0	0
AF	0	0.782948	1	0	1	0	0	0	0
AF	0	0.783260	1	0	1	0	0	0	0
AF	0	0.783573	2	2	0	0	0	0	0
AF	0	0.787008	1	0	1	0	0	0	0
AF	0	0.787320	1	1	0	0	0	0	0
AF	0	0.788257	1	1	0	0	0	0	0
AF	0	0.788570	1	1	0	0	0	0	0
AF	0	0.788882	8	5	3	0	0	0	0
AF	0	0.789819	2	2	0	0	0	0	0
AF	0	0.790131	1	0	1	0	0	0	0
AF	0	0.790756	1	0	1	0	0	0	0
AF	0	0.791068	1	1	0	0	0	0	0
AF	0	0.791380	2	1	1	0	0	0	0
AF	0	0.794503	3	3	0	0	0	0	0
AF	0	0.794816	1	1	0	0	0	0	0
AF	0	0.795753	1	0	1	0	0	0	0
AF	0	0.796377	2	2	0	0	0	0	0
AF	0	0.796690	1	0	1	0	0	0	0
AF	0	0.797002	2	1	1	0	0	0	0
AF	0	0.797314	2	1	1	0	0	0	0
AF	0	0.797939	1	1	0	0	0	0	0
AF	0	0.798251	2	2	0	0	0	0	0
AF	0	0.798563	3	3	0	0	0	0	0
AF	0	0.798876	2	2	0	0	0	0	0
AF	0	0.799188	2	2	0	0	0	0	0
AF	0	0.799500	2	2	0	0	0	0	0
AF	0	0.799813	1	1	0	0	0	0	0
AF	0	0.801686	1	1	0	0	0	0	0
AF	0	0.801999	5	3	2	0	0	0	0
AF	0	0.802311	2	2	0	0	0	0	0
AF	0	0.802623	1	1	0	0	0	0	0
AF	0	0.803560	1	1	0	0	0	0	0
AF	0	0.803873	1	1	0	0	0	0	0
AF	0	0.804185	5	4	1	0	0	0	0
AF	0	0.804497	4	3	1	0	0	0	0
AF	0	0.804809	2	1	1	0	0	0	0
AF	0	0.805122	4	3	1	0	0	0	0
AF	0	0.805746	2	1	1	0	0	0	0
AF	0	0.807308	1	1	0	0	0	0	0
AF	0	0.807620	2	0	2	0	0	0	0
AF	0	0.808869	3	2	1	0	0	0	0
AF	0	0.809182	2	1	1	0	0	0	0
AF	0	0.809494	3	2	1	0	0	0	0
AF	0	0.810119	2	2	0	0	0	0	0
AF	0	0.810431	2	2	0	0	0	0	0
AF	0	0.810743	2	2	0	0	0	0	0
AF	0	0.812305	1	1	0	0	0	0	0
AF	0	0.812617	1	1	0	0	0	0	0
AF	0	0.813242	1	0	1	0	0	0	0
AF	0	0.813554	1	0	1	0	0	0	0
AF	0	0.813866	2	1	1	0	0	0	0
AF	0	0.814491	1	1	0	0	0	0	0
AF	0	0.814803	3	1	2	0	0	0	0
AF	0	0.815116	1	1	0	0	0	0	0
AF	0	0.815740	1	1	0	0	0	0	0
AF	0	0.816365	2	2	0	0	0	0	0
AF	0	0.816989	2	2	0	0	0	0	0
AF	0	0.817926	3	2	1	0	0	0	0
AF	0	0.818239	5	4	1	0	0	0	0
AF	0	0.818551	6	4	2	0	0	0	0
AF	0	0.818863	11	6	5	0	0	0	0
AF	0	0.819488	1	1	0	0	0	0	0
AF	0	0.820112	1	0	1	0	0	0	0
AF	0	0.820425	2	1	1	0	0	0	0
AF	0	0.822299	1	1	0	0	0	0	0
AF	0	0.824485	2	1	1	0	0	0	0
AF	0	0.824797	1	1	0	0	0	0	0
AF	0	0.825109	4	2	2	0	0	0	0
AF	0	0.825422	1	1	0	0	0	0	0
AF	0	0.826359	1	1	0	0	0	0	0
AF	0	0.826671	3	3	0	0	0	0	0
AF	0	0.827608	2	1	1	0	0	0	0
AF	0	0.828232	1	1	0	0	0	0	0
AF	0	0.828857	2	2	0	0	0	0	0
AF	0	0.831043	2	1	1	0	0	0	0
AF	0	0.831355	1	1	0	0	0	0	0
AF	0	0.831668	1	0	1	0	0	0	0
AF	0	0.832605	1	1	0	0	0	0	0
AF	0	0.836977	1	1	0	0	0	0	0
AF	0	0.838538	1	1	0	0	0	0	0
AF	0	0.839163	1	0	1	0	0	0	0
AF	0	0.839475	1	0	1	0	0	0	0
AF	0	0.843535	1	1	0	0	0	0	0
AF	0	0.843848	1	1	0	0	0	0	0
AF	0	0.844472	1	1	0	0	0	0	0
AF	0	0.844785	1	1	0	0	0	0	0
AF	0	0.845097	2	1	1	0	0	0	0
AF	0	0.851343	1	1	0	0	0	0	0
AF	0	0.854466	3	3	0	0	0	0	0
AF	0	0.856340	1	1	0	0	0	0	0
AF	0	0.858526	1	1	0	0	0	0	0
AF	0	0.858838	1	1	0	0	0	0	0
AF	0	0.859775	1	1	0	0	0	0	0
AF	0	0.865084	1	1	0	0	0	0	0
AF	0	0.867583	1	1	0	0	0	0	0
AF	0	0.870706	1	1	0	0	0	0	0
AF	0	0.871018	1	1	0	0	0	0	0
AF	0	0.871330	3	2	1	0	0	0	0
AF	0	0.871955	6	4	2	0	0	0	0
AF	0	0.872267	3	3	0	0	0	0	0
AF	0	0.872580	3	0	3	0	0	0	0
AF	0	0.872892	2	1	1	0	0	0	0
AF	0	0.873204	2	2	0	0	0	0	0
AF	0	0.873517	1	1	0	0	0	0	0
AF	0	0.873829	5	3	2	0	0	0	0
AF	0	0.876015	1	1	0	0	0	0	0
AF	0	0.886009	1	1	0	0	0	0	0
AF	0	0.888819	1	1	0	0	0	0	0
AF	0	0.892879	1	1	0	0	0	0	0
AF	0	0.897876	1	1	0	0	0	0	0
AF	0	0.898501	2	1	1	0	0	0	0
AF	0	0.899438	1	0	1	0	0	0	0
AF	0	0.900999	1	1	0	0	0	0	0
AF	0	0.901936	2	0	2	0	0	0	0
AF	0	0.902249	2	2	0	0	0	0	0
AF	0	0.902561	1	1	0	0	0	0	0
AF	0	0.902873	3	2	1	0	0	0	0
AF	0	0.903186	1	1	0	0	0	0	0
AF	0	0.905372	1	1	0	0	0	0	0
AF	0	0.907870	1	1	0	0	0	0	0
AF	0	0.908495	1	0	1	0	0	0	0
AF	0	0.911618	2	1	1	0	0	0	0
AF	0	0.914116	1	0	1	0	0	0	0
AF	0	0.916302	1	1	0	0	0	0	0
AF	0	0.916615	1	0	1	0	0	0	0
AF	0	0.917552	1	1	0	0	0	0	0
AF	0	0.917864	2	2	0	0	0	0	0
AF	0	0.918488	2	2	0	0	0	0	0
AF	0	0.920362	1	1	0	0	0	0	0
AF	0	0.920987	1	1	0	0	0	0	0
AF	0	0.923485	1	1	0	0	0	0	0
AF	0	0.924110	1	1	0	0	0	0	0
AF	0	0.928795	1	1	0	0	0	0	0
AF	0	0.929107	1	0	1	0	0	0	0
AF	0	0.932230	3	2	1	0	0	0	0
AF	0	0.932854	3	3	0	0	0	0	0
AF	0	0.933479	1	1	0	0	0	0	0
AF	0	0.933791	1	1	0	0	0	0	0
AF	0	0.934728	1	1	0	0	0	0	0
AF	0	0.939413	1	1	0	0	0	0	0
AF	0	0.942536	1	1	0	0	0	0	0
AF	0	0.945347	2	2	0	0	0	0	0
AF	0	0.946596	2	1	1	0	0	0	0
AF	0	0.950344	1	1	0	0	0	0	0
AF	0	0.951593	1	0	1	0	0	0	0
AF	0	0.952217	1	1	0	0	0	0	0
AF	0	0.954091	1	1	0	0	0	0	0
AF	0	0.954403	1	1	0	0	0	0	0
AF	0	0.954716	1	1	0	0	0	0	0
AF	0	0.959400	3	3	0	0	0	0	0
AF	0	0.961587	2	1	1	0	0	0	0
AF	0	0.965646	1	0	1	0	0	0	0
AF	0	0.972829	1	0	1	0	0	0	0
AF	0	0.973454	24	16	8	0	0	0	0
AF	0	0.974079	1	0	1	0	0	0	0
AF	0	0.975328	15	10	5	0	0	0	0
AF	0	0.976577	1	1	0	0	0	0	0
AF	0	0.976889	4	4	0	0	0	0	0
AF	0	0.977202	2	0	2	0	0	0	0
AF	0	0.983760	1	0	1	0	0	0	0
AF	0	0.984072	1	1	0	0	0	0	0
AF	0	0.984697	1	1	0	0	0	0	0
AF	0	0.985946	2	2	0	0	0	0	0
AF	0	0.987820	2	2	0	0	0	0	0
AF	0	0.988445	8	5	3	0	0	0	0
AF	0	0.989694	1	0	1	0	0	0	0
AF	0	0.990006	2	0	2	0	0	0	0
AF	0	0.990319	2	2	0	0	0	0	0
AF	0	0.990631	1	1	0	0	0	0	0
AF	0	0.990943	1	1	0	0	0	0	0
AF	0	0.991255	3	1	2	0	0	0	0
AF	0	0.991568	2	1	1	0	0	0	0
AF	0	0.992505	2	1	1	0	0	0	0
AF	0	0.992817	2	0	2	0	0	0	0
AF	0	0.994066	1	0	1	0	0	0	0
AF	0	0.994691	1	1	0	0	0	0	0
AF	0	0.996565	1	1	0	0	0	0	0
AF	0	0.997189	1	0	1	0	0	0	0
AF	0	0.997814	1	0	1	0	0	0	0
AF	0	0.998438	1	0	1	0	0	0	0
AF	0	0.999063	2	2	0	0	0	0	0
# QUAL, Stats by quality
# QUAL	[2]id	[3]Quality	[4]number of SNPs	[5]number of transitions (1st ALT)	[6]number of transversions (1st ALT)	[7]number of indels
QUAL	0	.	20253	13154	7099	0
# IDD, InDel distribution:
# IDD	[2]id	[3]length (deletions negative)	[4]number of sites	[5]number of genotypes	[6]mean VAF
# ST, Substitution types:
# ST	[2]id	[3]type	[4]count
ST	0	A>C	821
ST	0	A>G	2844
ST	0	A>T	902
ST	0	C>A	1091
ST	0	C>G	722
ST	0	C>T	3717
ST	0	G>A	3892
ST	0	G>C	749
ST	0	G>T	1109
ST	0	T>A	938
ST	0	T>C	2701
ST	0	T>G	767
# DP, Depth distribution
# DP	[2]id	[3]bin	[4]number of genotypes	[5]fraction of genotypes (%)	[6]number of sites	[7]fraction of sites (%)
  - Fix haploid genotypes in males...

Submit MakeDiploidMalesX finished successfully. Let's have a beer, buddy!

