Submit MakeDiploidMalesX
version 1.1.6 (2024-09-30)

These are the settings:
  Input file................: /hpc/local/Rocky8/dhl_ec/software/MonopogenLite/resources/1kGP_high_coverage_Illumina.SNVonly_poly.filtered_AF_5e-04.norm.fixvariantid.chrX.vcf.gz
  Output file...............: /hpc/local/Rocky8/dhl_ec/software/MonopogenLite/resources/1kGP_high_coverage_Illumina.SNVonly_poly.filtered_AF_5e-04.norm.fixvariantid.makediploid.chrX.vcf.gz
  Chunk size................: 100

  SLURM CPUs................: 4
  SLURM Array ID............: 1 (of 100)
  SLURM memory..............: 16G
  SLURM time................: 01:00:00
  SLURM mail type...........: FAIL
  SLURM mail user...........: s.w.vanderlaan-2@umcutrecht.nl

  Dry run mode..............: 0
  Debug mode................: 1
  Verbosity.................: 0
  Version...................: 1.1.6 (2024-09-30)

Making converting haploid genotypes to diploid genotypes.
> Extract the region for this SLURM task (# 1) from the BED file.
  - Get the chunk number from the SLURM array task ID and the bed file...
DEBUG: Extracting chunk number: 1p from 1
DEBUG: Extracting region from BED file: /hpc/local/Rocky8/dhl_ec/software/MonopogenLite/resources/chrX_100pieces.bed
  - Extract the region from the BED file...
DEBUG: Extracted raw region: 'chrX	1	1560408' (chunk #: 1p of 100 for job 1)
  - Check if a valid region was extracted -- should be 'chrX	1	1560408'...
  - Prepare the region for bcftools...
  - Check if the region (chrX:1-1560408) was successfully extracted...
> Processing region 'chrX:1-1560408'...
  - Process the specific region (chunk# 1) using bcftools view...
  - Index the VCF file...
DEBUG: Check if the VCF file was successfully processed...
##fileformat=VCFv4.2
##FILTER=<ID=PASS,Description="All filters passed">
##fileDate=29/01/2022 - 14:31:41
##source=shapeit4.2.2
##contig=<ID=chr1,length=248956422>
##contig=<ID=chr2,length=242193529>
##contig=<ID=chr3,length=198295559>
##contig=<ID=chr4,length=190214555>
##contig=<ID=chr5,length=181538259>
##contig=<ID=chr6,length=170805979>
# This file was produced by bcftools stats (1.20+htslib-1.20) and can be plotted using plot-vcfstats.
# The command line was:	bcftools stats  /hpc/local/Rocky8/dhl_ec/software/MonopogenLite/resources/chrX.part1.vcf.gz
#
# Definition of sets:
# ID	[2]id	[3]tab-separated file names
ID	0	/hpc/local/Rocky8/dhl_ec/software/MonopogenLite/resources/chrX.part1.vcf.gz
# SN, Summary numbers:
#   number of records   .. number of data rows in the VCF
#   number of no-ALTs   .. reference-only sites, ALT is either "." or identical to REF
#   number of SNPs      .. number of rows with a SNP
#   number of MNPs      .. number of rows with a MNP, such as CC>TT
#   number of indels    .. number of rows with an indel
#   number of others    .. number of rows with other type, for example a symbolic allele or
#                          a complex substitution, such as ACT>TCGA
#   number of multiallelic sites     .. number of rows with multiple alternate alleles
#   number of multiallelic SNP sites .. number of rows with multiple alternate alleles, all SNPs
# 
#   Note that rows containing multiple types will be counted multiple times, in each
#   counter. For example, a row with a SNP and an indel increments both the SNP and
#   the indel counter.
# 
# SN	[2]id	[3]key	[4]value
SN	0	number of samples:	3202
SN	0	number of records:	38810
SN	0	number of no-ALTs:	0
SN	0	number of SNPs:	38810
SN	0	number of MNPs:	0
SN	0	number of indels:	0
SN	0	number of others:	0
SN	0	number of multiallelic sites:	0
SN	0	number of multiallelic SNP sites:	0
# TSTV, transitions/transversions:
# TSTV	[2]id	[3]ts	[4]tv	[5]ts/tv	[6]ts (1st ALT)	[7]tv (1st ALT)	[8]ts/tv (1st ALT)
TSTV	0	25836	12974	1.99	25836	12974	1.99
# SiS, Singleton stats:
# SiS	[2]id	[3]allele count	[4]number of SNPs	[5]number of transitions	[6]number of transversions	[7]number of indels	[8]repeat-consistent	[9]repeat-inconsistent	[10]not applicable
SiS	0	1	0	0	0	0	0	0	0
# AF, Stats by non-reference allele frequency:
# AF	[2]id	[3]allele frequency	[4]number of SNPs	[5]number of transitions	[6]number of transversions	[7]number of indels	[8]repeat-consistent	[9]repeat-inconsistent	[10]not applicable
AF	0	0.000312	3302	2279	1023	0	0	0	0
AF	0	0.000625	4272	2866	1406	0	0	0	0
AF	0	0.000937	2710	1826	884	0	0	0	0
AF	0	0.001249	1878	1238	640	0	0	0	0
AF	0	0.001562	1512	1000	512	0	0	0	0
AF	0	0.001874	1209	800	409	0	0	0	0
AF	0	0.002186	1044	685	359	0	0	0	0
AF	0	0.002498	860	573	287	0	0	0	0
AF	0	0.002811	833	540	293	0	0	0	0
AF	0	0.003123	655	424	231	0	0	0	0
AF	0	0.003435	592	391	201	0	0	0	0
AF	0	0.003748	553	357	196	0	0	0	0
AF	0	0.004060	568	352	216	0	0	0	0
AF	0	0.004372	455	313	142	0	0	0	0
AF	0	0.004685	392	272	120	0	0	0	0
AF	0	0.004997	345	220	125	0	0	0	0
AF	0	0.005309	396	262	134	0	0	0	0
AF	0	0.005621	317	208	109	0	0	0	0
AF	0	0.005934	289	203	86	0	0	0	0
AF	0	0.006246	293	193	100	0	0	0	0
AF	0	0.006558	276	170	106	0	0	0	0
AF	0	0.006871	215	140	75	0	0	0	0
AF	0	0.007183	260	167	93	0	0	0	0
AF	0	0.007495	234	142	92	0	0	0	0
AF	0	0.007808	205	122	83	0	0	0	0
AF	0	0.008120	183	120	63	0	0	0	0
AF	0	0.008432	167	118	49	0	0	0	0
AF	0	0.008745	207	137	70	0	0	0	0
AF	0	0.009057	164	107	57	0	0	0	0
AF	0	0.009369	166	103	63	0	0	0	0
AF	0	0.009681	157	108	49	0	0	0	0
AF	0	0.009994	145	102	43	0	0	0	0
AF	0	0.010306	161	98	63	0	0	0	0
AF	0	0.010618	139	97	42	0	0	0	0
AF	0	0.010931	136	94	42	0	0	0	0
AF	0	0.011243	130	82	48	0	0	0	0
AF	0	0.011555	115	79	36	0	0	0	0
AF	0	0.011868	111	67	44	0	0	0	0
AF	0	0.012180	101	68	33	0	0	0	0
AF	0	0.012492	102	69	33	0	0	0	0
AF	0	0.012804	139	98	41	0	0	0	0
AF	0	0.013117	126	82	44	0	0	0	0
AF	0	0.013429	140	94	46	0	0	0	0
AF	0	0.013741	100	66	34	0	0	0	0
AF	0	0.014054	99	64	35	0	0	0	0
AF	0	0.014366	90	53	37	0	0	0	0
AF	0	0.014678	85	55	30	0	0	0	0
AF	0	0.014991	91	54	37	0	0	0	0
AF	0	0.015303	79	55	24	0	0	0	0
AF	0	0.015615	82	64	18	0	0	0	0
AF	0	0.015928	78	41	37	0	0	0	0
AF	0	0.016240	64	50	14	0	0	0	0
AF	0	0.016552	72	41	31	0	0	0	0
AF	0	0.016864	66	49	17	0	0	0	0
AF	0	0.017177	58	34	24	0	0	0	0
AF	0	0.017489	81	55	26	0	0	0	0
AF	0	0.017801	86	59	27	0	0	0	0
AF	0	0.018114	80	52	28	0	0	0	0
AF	0	0.018426	68	50	18	0	0	0	0
AF	0	0.018738	62	41	21	0	0	0	0
AF	0	0.019051	87	60	27	0	0	0	0
AF	0	0.019363	66	51	15	0	0	0	0
AF	0	0.019675	66	44	22	0	0	0	0
AF	0	0.019988	64	49	15	0	0	0	0
AF	0	0.020300	64	44	20	0	0	0	0
AF	0	0.020612	63	46	17	0	0	0	0
AF	0	0.020924	68	40	28	0	0	0	0
AF	0	0.021237	47	29	18	0	0	0	0
AF	0	0.021549	60	40	20	0	0	0	0
AF	0	0.021861	68	44	24	0	0	0	0
AF	0	0.022174	40	20	20	0	0	0	0
AF	0	0.022486	45	29	16	0	0	0	0
AF	0	0.022798	45	26	19	0	0	0	0
AF	0	0.023111	48	34	14	0	0	0	0
AF	0	0.023423	66	48	18	0	0	0	0
AF	0	0.023735	41	26	15	0	0	0	0
AF	0	0.024047	41	23	18	0	0	0	0
AF	0	0.024360	38	26	12	0	0	0	0
AF	0	0.024672	57	44	13	0	0	0	0
AF	0	0.024984	35	22	13	0	0	0	0
AF	0	0.025297	36	23	13	0	0	0	0
AF	0	0.025609	44	29	15	0	0	0	0
AF	0	0.025921	34	17	17	0	0	0	0
AF	0	0.026234	35	23	12	0	0	0	0
AF	0	0.026546	32	19	13	0	0	0	0
AF	0	0.026858	29	17	12	0	0	0	0
AF	0	0.027171	32	19	13	0	0	0	0
AF	0	0.027483	29	17	12	0	0	0	0
AF	0	0.027795	33	19	14	0	0	0	0
AF	0	0.028107	28	21	7	0	0	0	0
AF	0	0.028420	27	16	11	0	0	0	0
AF	0	0.028732	32	19	13	0	0	0	0
AF	0	0.029044	30	22	8	0	0	0	0
AF	0	0.029357	31	16	15	0	0	0	0
AF	0	0.029669	28	18	10	0	0	0	0
AF	0	0.029981	34	25	9	0	0	0	0
AF	0	0.030294	25	17	8	0	0	0	0
AF	0	0.030606	29	19	10	0	0	0	0
AF	0	0.030918	24	12	12	0	0	0	0
AF	0	0.031230	30	18	12	0	0	0	0
AF	0	0.031543	53	37	16	0	0	0	0
AF	0	0.031855	29	18	11	0	0	0	0
AF	0	0.032167	34	27	7	0	0	0	0
AF	0	0.032480	26	21	5	0	0	0	0
AF	0	0.032792	35	22	13	0	0	0	0
AF	0	0.033104	24	20	4	0	0	0	0
AF	0	0.033417	26	17	9	0	0	0	0
AF	0	0.033729	29	17	12	0	0	0	0
AF	0	0.034041	32	20	12	0	0	0	0
AF	0	0.034354	31	21	10	0	0	0	0
AF	0	0.034666	26	17	9	0	0	0	0
AF	0	0.034978	18	14	4	0	0	0	0
AF	0	0.035290	22	12	10	0	0	0	0
AF	0	0.035603	38	28	10	0	0	0	0
AF	0	0.035915	23	15	8	0	0	0	0
AF	0	0.036227	16	12	4	0	0	0	0
AF	0	0.036540	11	7	4	0	0	0	0
AF	0	0.036852	25	11	14	0	0	0	0
AF	0	0.037164	22	17	5	0	0	0	0
AF	0	0.037477	23	16	7	0	0	0	0
AF	0	0.037789	22	11	11	0	0	0	0
AF	0	0.038101	25	13	12	0	0	0	0
AF	0	0.038413	25	22	3	0	0	0	0
AF	0	0.038726	20	10	10	0	0	0	0
AF	0	0.039038	15	8	7	0	0	0	0
AF	0	0.039350	21	14	7	0	0	0	0
AF	0	0.039663	25	20	5	0	0	0	0
AF	0	0.039975	20	12	8	0	0	0	0
AF	0	0.040287	24	14	10	0	0	0	0
AF	0	0.040600	22	13	9	0	0	0	0
AF	0	0.040912	12	7	5	0	0	0	0
AF	0	0.041224	21	10	11	0	0	0	0
AF	0	0.041537	15	9	6	0	0	0	0
AF	0	0.041849	28	16	12	0	0	0	0
AF	0	0.042161	21	14	7	0	0	0	0
AF	0	0.042473	14	11	3	0	0	0	0
AF	0	0.042786	25	16	9	0	0	0	0
AF	0	0.043098	15	10	5	0	0	0	0
AF	0	0.043410	25	17	8	0	0	0	0
AF	0	0.043723	12	8	4	0	0	0	0
AF	0	0.044035	24	16	8	0	0	0	0
AF	0	0.044347	19	10	9	0	0	0	0
AF	0	0.044660	11	5	6	0	0	0	0
AF	0	0.044972	18	12	6	0	0	0	0
AF	0	0.045284	13	9	4	0	0	0	0
AF	0	0.045597	11	7	4	0	0	0	0
AF	0	0.045909	15	11	4	0	0	0	0
AF	0	0.046221	18	8	10	0	0	0	0
AF	0	0.046533	17	9	8	0	0	0	0
AF	0	0.046846	18	14	4	0	0	0	0
AF	0	0.047158	11	9	2	0	0	0	0
AF	0	0.047470	17	11	6	0	0	0	0
AF	0	0.047783	15	9	6	0	0	0	0
AF	0	0.048095	19	15	4	0	0	0	0
AF	0	0.048407	23	14	9	0	0	0	0
AF	0	0.048720	18	12	6	0	0	0	0
AF	0	0.049032	15	10	5	0	0	0	0
AF	0	0.049344	12	6	6	0	0	0	0
AF	0	0.049656	17	13	4	0	0	0	0
AF	0	0.049969	19	13	6	0	0	0	0
AF	0	0.050281	19	11	8	0	0	0	0
AF	0	0.050593	18	10	8	0	0	0	0
AF	0	0.050906	18	10	8	0	0	0	0
AF	0	0.051218	12	9	3	0	0	0	0
AF	0	0.051530	16	12	4	0	0	0	0
AF	0	0.051843	16	13	3	0	0	0	0
AF	0	0.052155	20	14	6	0	0	0	0
AF	0	0.052467	19	11	8	0	0	0	0
AF	0	0.052780	17	14	3	0	0	0	0
AF	0	0.053092	13	7	6	0	0	0	0
AF	0	0.053404	17	13	4	0	0	0	0
AF	0	0.053716	13	10	3	0	0	0	0
AF	0	0.054029	7	3	4	0	0	0	0
AF	0	0.054341	21	13	8	0	0	0	0
AF	0	0.054653	9	6	3	0	0	0	0
AF	0	0.054966	24	14	10	0	0	0	0
AF	0	0.055278	14	11	3	0	0	0	0
AF	0	0.055590	13	7	6	0	0	0	0
AF	0	0.055903	17	15	2	0	0	0	0
AF	0	0.056215	13	7	6	0	0	0	0
AF	0	0.056527	14	12	2	0	0	0	0
AF	0	0.056839	15	10	5	0	0	0	0
AF	0	0.057152	16	7	9	0	0	0	0
AF	0	0.057464	17	12	5	0	0	0	0
AF	0	0.057776	9	8	1	0	0	0	0
AF	0	0.058089	7	5	2	0	0	0	0
AF	0	0.058401	8	7	1	0	0	0	0
AF	0	0.058713	17	11	6	0	0	0	0
AF	0	0.059026	13	6	7	0	0	0	0
AF	0	0.059338	21	12	9	0	0	0	0
AF	0	0.059650	13	9	4	0	0	0	0
AF	0	0.059963	11	10	1	0	0	0	0
AF	0	0.060275	15	11	4	0	0	0	0
AF	0	0.060587	8	3	5	0	0	0	0
AF	0	0.060899	17	13	4	0	0	0	0
AF	0	0.061212	12	5	7	0	0	0	0
AF	0	0.061524	7	7	0	0	0	0	0
AF	0	0.061836	15	7	8	0	0	0	0
AF	0	0.062149	7	3	4	0	0	0	0
AF	0	0.062461	11	7	4	0	0	0	0
AF	0	0.062773	12	7	5	0	0	0	0
AF	0	0.063086	5	4	1	0	0	0	0
AF	0	0.063398	22	14	8	0	0	0	0
AF	0	0.063710	12	7	5	0	0	0	0
AF	0	0.064022	5	1	4	0	0	0	0
AF	0	0.064335	8	7	1	0	0	0	0
AF	0	0.064647	10	7	3	0	0	0	0
AF	0	0.064959	5	3	2	0	0	0	0
AF	0	0.065272	10	6	4	0	0	0	0
AF	0	0.065584	10	7	3	0	0	0	0
AF	0	0.065896	7	5	2	0	0	0	0
AF	0	0.066209	7	4	3	0	0	0	0
AF	0	0.066521	13	9	4	0	0	0	0
AF	0	0.066833	16	8	8	0	0	0	0
AF	0	0.067146	7	3	4	0	0	0	0
AF	0	0.067458	13	10	3	0	0	0	0
AF	0	0.067770	13	7	6	0	0	0	0
AF	0	0.068082	15	12	3	0	0	0	0
AF	0	0.068395	13	9	4	0	0	0	0
AF	0	0.068707	8	5	3	0	0	0	0
AF	0	0.069019	7	4	3	0	0	0	0
AF	0	0.069332	11	1	10	0	0	0	0
AF	0	0.069644	11	8	3	0	0	0	0
AF	0	0.069956	7	6	1	0	0	0	0
AF	0	0.070269	21	14	7	0	0	0	0
AF	0	0.070581	14	10	4	0	0	0	0
AF	0	0.070893	15	10	5	0	0	0	0
AF	0	0.071205	12	9	3	0	0	0	0
AF	0	0.071518	13	8	5	0	0	0	0
AF	0	0.071830	18	11	7	0	0	0	0
AF	0	0.072142	8	6	2	0	0	0	0
AF	0	0.072455	11	5	6	0	0	0	0
AF	0	0.072767	18	7	11	0	0	0	0
AF	0	0.073079	11	8	3	0	0	0	0
AF	0	0.073392	15	12	3	0	0	0	0
AF	0	0.073704	13	9	4	0	0	0	0
AF	0	0.074016	8	8	0	0	0	0	0
AF	0	0.074329	14	9	5	0	0	0	0
AF	0	0.074641	7	5	2	0	0	0	0
AF	0	0.074953	5	1	4	0	0	0	0
AF	0	0.075265	16	6	10	0	0	0	0
AF	0	0.075578	9	8	1	0	0	0	0
AF	0	0.075890	12	10	2	0	0	0	0
AF	0	0.076202	19	14	5	0	0	0	0
AF	0	0.076515	19	12	7	0	0	0	0
AF	0	0.076827	18	14	4	0	0	0	0
AF	0	0.077139	9	8	1	0	0	0	0
AF	0	0.077452	12	9	3	0	0	0	0
AF	0	0.077764	10	7	3	0	0	0	0
AF	0	0.078076	9	7	2	0	0	0	0
AF	0	0.078389	8	5	3	0	0	0	0
AF	0	0.078701	10	8	2	0	0	0	0
AF	0	0.079013	15	6	9	0	0	0	0
AF	0	0.079325	10	6	4	0	0	0	0
AF	0	0.079638	12	7	5	0	0	0	0
AF	0	0.079950	8	5	3	0	0	0	0
AF	0	0.080262	9	5	4	0	0	0	0
AF	0	0.080575	4	3	1	0	0	0	0
AF	0	0.080887	15	7	8	0	0	0	0
AF	0	0.081199	8	7	1	0	0	0	0
AF	0	0.081512	9	6	3	0	0	0	0
AF	0	0.081824	10	7	3	0	0	0	0
AF	0	0.082136	10	8	2	0	0	0	0
AF	0	0.082448	7	7	0	0	0	0	0
AF	0	0.082761	4	3	1	0	0	0	0
AF	0	0.083073	10	7	3	0	0	0	0
AF	0	0.083385	10	5	5	0	0	0	0
AF	0	0.083698	9	7	2	0	0	0	0
AF	0	0.084010	6	4	2	0	0	0	0
AF	0	0.084322	5	3	2	0	0	0	0
AF	0	0.084635	6	3	3	0	0	0	0
AF	0	0.084947	5	4	1	0	0	0	0
AF	0	0.085259	4	2	2	0	0	0	0
AF	0	0.085572	6	3	3	0	0	0	0
AF	0	0.085884	14	9	5	0	0	0	0
AF	0	0.086196	12	7	5	0	0	0	0
AF	0	0.086508	19	14	5	0	0	0	0
AF	0	0.086821	10	8	2	0	0	0	0
AF	0	0.087133	12	7	5	0	0	0	0
AF	0	0.087445	16	11	5	0	0	0	0
AF	0	0.087758	9	5	4	0	0	0	0
AF	0	0.088070	11	4	7	0	0	0	0
AF	0	0.088382	10	7	3	0	0	0	0
AF	0	0.088695	8	6	2	0	0	0	0
AF	0	0.089007	15	11	4	0	0	0	0
AF	0	0.089319	10	6	4	0	0	0	0
AF	0	0.089631	17	12	5	0	0	0	0
AF	0	0.089944	3	3	0	0	0	0	0
AF	0	0.090256	8	5	3	0	0	0	0
AF	0	0.090568	11	10	1	0	0	0	0
AF	0	0.090881	8	5	3	0	0	0	0
AF	0	0.091193	14	10	4	0	0	0	0
AF	0	0.091505	15	9	6	0	0	0	0
AF	0	0.091818	8	5	3	0	0	0	0
AF	0	0.092130	7	6	1	0	0	0	0
AF	0	0.092442	8	7	1	0	0	0	0
AF	0	0.092755	6	6	0	0	0	0	0
AF	0	0.093067	8	8	0	0	0	0	0
AF	0	0.093379	8	7	1	0	0	0	0
AF	0	0.093691	8	6	2	0	0	0	0
AF	0	0.094004	4	3	1	0	0	0	0
AF	0	0.094316	6	4	2	0	0	0	0
AF	0	0.094628	3	3	0	0	0	0	0
AF	0	0.094941	13	8	5	0	0	0	0
AF	0	0.095253	8	5	3	0	0	0	0
AF	0	0.095565	9	6	3	0	0	0	0
AF	0	0.095878	8	5	3	0	0	0	0
AF	0	0.096190	6	4	2	0	0	0	0
AF	0	0.096502	5	2	3	0	0	0	0
AF	0	0.096814	11	6	5	0	0	0	0
AF	0	0.097127	10	7	3	0	0	0	0
AF	0	0.097439	10	6	4	0	0	0	0
AF	0	0.097751	14	10	4	0	0	0	0
AF	0	0.098064	8	7	1	0	0	0	0
AF	0	0.098376	5	5	0	0	0	0	0
AF	0	0.098688	6	3	3	0	0	0	0
AF	0	0.099001	8	3	5	0	0	0	0
AF	0	0.099313	5	5	0	0	0	0	0
AF	0	0.099625	9	8	1	0	0	0	0
AF	0	0.099938	6	5	1	0	0	0	0
AF	0	0.100250	5	2	3	0	0	0	0
AF	0	0.100562	9	4	5	0	0	0	0
AF	0	0.100874	11	5	6	0	0	0	0
AF	0	0.101187	9	6	3	0	0	0	0
AF	0	0.101499	1	1	0	0	0	0	0
AF	0	0.101811	8	4	4	0	0	0	0
AF	0	0.102124	6	5	1	0	0	0	0
AF	0	0.102436	9	7	2	0	0	0	0
AF	0	0.102748	7	5	2	0	0	0	0
AF	0	0.103061	4	3	1	0	0	0	0
AF	0	0.103373	11	10	1	0	0	0	0
AF	0	0.103685	6	4	2	0	0	0	0
AF	0	0.103998	9	7	2	0	0	0	0
AF	0	0.104310	10	7	3	0	0	0	0
AF	0	0.104622	6	5	1	0	0	0	0
AF	0	0.104934	11	6	5	0	0	0	0
AF	0	0.105247	5	3	2	0	0	0	0
AF	0	0.105559	5	3	2	0	0	0	0
AF	0	0.105871	7	5	2	0	0	0	0
AF	0	0.106184	6	5	1	0	0	0	0
AF	0	0.106496	7	5	2	0	0	0	0
AF	0	0.106808	11	9	2	0	0	0	0
AF	0	0.107121	6	4	2	0	0	0	0
AF	0	0.107433	7	4	3	0	0	0	0
AF	0	0.107745	7	6	1	0	0	0	0
AF	0	0.108057	5	2	3	0	0	0	0
AF	0	0.108370	2	2	0	0	0	0	0
AF	0	0.108682	3	0	3	0	0	0	0
AF	0	0.108994	5	4	1	0	0	0	0
AF	0	0.109307	5	5	0	0	0	0	0
AF	0	0.109619	7	5	2	0	0	0	0
AF	0	0.109931	10	6	4	0	0	0	0
AF	0	0.110244	8	7	1	0	0	0	0
AF	0	0.110556	11	7	4	0	0	0	0
AF	0	0.110868	9	7	2	0	0	0	0
AF	0	0.111181	3	1	2	0	0	0	0
AF	0	0.111493	7	6	1	0	0	0	0
AF	0	0.111805	10	5	5	0	0	0	0
AF	0	0.112117	11	5	6	0	0	0	0
AF	0	0.112430	1	1	0	0	0	0	0
AF	0	0.112742	6	5	1	0	0	0	0
AF	0	0.113054	6	4	2	0	0	0	0
AF	0	0.113367	4	1	3	0	0	0	0
AF	0	0.113679	13	8	5	0	0	0	0
AF	0	0.113991	11	7	4	0	0	0	0
AF	0	0.114304	6	1	5	0	0	0	0
AF	0	0.114616	14	12	2	0	0	0	0
AF	0	0.114928	4	4	0	0	0	0	0
AF	0	0.115240	12	10	2	0	0	0	0
AF	0	0.115553	5	3	2	0	0	0	0
AF	0	0.115865	6	4	2	0	0	0	0
AF	0	0.116177	2	2	0	0	0	0	0
AF	0	0.116490	7	5	2	0	0	0	0
AF	0	0.116802	3	2	1	0	0	0	0
AF	0	0.117114	6	3	3	0	0	0	0
AF	0	0.117427	9	4	5	0	0	0	0
AF	0	0.117739	6	5	1	0	0	0	0
AF	0	0.118051	15	9	6	0	0	0	0
AF	0	0.118364	17	14	3	0	0	0	0
AF	0	0.118676	7	5	2	0	0	0	0
AF	0	0.118988	8	7	1	0	0	0	0
AF	0	0.119300	6	5	1	0	0	0	0
AF	0	0.119613	8	2	6	0	0	0	0
AF	0	0.119925	9	4	5	0	0	0	0
AF	0	0.120237	4	3	1	0	0	0	0
AF	0	0.120550	6	5	1	0	0	0	0
AF	0	0.120862	2	1	1	0	0	0	0
AF	0	0.121174	3	3	0	0	0	0	0
AF	0	0.121487	7	4	3	0	0	0	0
AF	0	0.121799	7	5	2	0	0	0	0
AF	0	0.122111	10	7	3	0	0	0	0
AF	0	0.122423	11	8	3	0	0	0	0
AF	0	0.122736	3	3	0	0	0	0	0
AF	0	0.123048	10	8	2	0	0	0	0
AF	0	0.123360	7	3	4	0	0	0	0
AF	0	0.123673	4	4	0	0	0	0	0
AF	0	0.123985	6	5	1	0	0	0	0
AF	0	0.124297	7	4	3	0	0	0	0
AF	0	0.124610	6	3	3	0	0	0	0
AF	0	0.124922	4	4	0	0	0	0	0
AF	0	0.125234	3	2	1	0	0	0	0
AF	0	0.125547	6	4	2	0	0	0	0
AF	0	0.125859	8	4	4	0	0	0	0
AF	0	0.126171	3	1	2	0	0	0	0
AF	0	0.126483	6	3	3	0	0	0	0
AF	0	0.126796	2	2	0	0	0	0	0
AF	0	0.127108	8	4	4	0	0	0	0
AF	0	0.127420	4	3	1	0	0	0	0
AF	0	0.127733	5	3	2	0	0	0	0
AF	0	0.128045	11	5	6	0	0	0	0
AF	0	0.128357	8	5	3	0	0	0	0
AF	0	0.128670	3	1	2	0	0	0	0
AF	0	0.128982	7	6	1	0	0	0	0
AF	0	0.129294	7	3	4	0	0	0	0
AF	0	0.129606	2	1	1	0	0	0	0
AF	0	0.129919	4	4	0	0	0	0	0
AF	0	0.130231	1	1	0	0	0	0	0
AF	0	0.130543	6	5	1	0	0	0	0
AF	0	0.130856	8	6	2	0	0	0	0
AF	0	0.131168	4	3	1	0	0	0	0
AF	0	0.131480	6	4	2	0	0	0	0
AF	0	0.131793	7	2	5	0	0	0	0
AF	0	0.132105	16	13	3	0	0	0	0
AF	0	0.132417	9	6	3	0	0	0	0
AF	0	0.132730	2	2	0	0	0	0	0
AF	0	0.133042	5	3	2	0	0	0	0
AF	0	0.133354	3	1	2	0	0	0	0
AF	0	0.133666	5	3	2	0	0	0	0
AF	0	0.133979	3	3	0	0	0	0	0
AF	0	0.134291	5	3	2	0	0	0	0
AF	0	0.134603	4	3	1	0	0	0	0
AF	0	0.134916	6	6	0	0	0	0	0
AF	0	0.135228	3	2	1	0	0	0	0
AF	0	0.135540	10	8	2	0	0	0	0
AF	0	0.135853	8	7	1	0	0	0	0
AF	0	0.136165	4	4	0	0	0	0	0
AF	0	0.136477	7	4	3	0	0	0	0
AF	0	0.136790	6	3	3	0	0	0	0
AF	0	0.137102	6	2	4	0	0	0	0
AF	0	0.137414	7	6	1	0	0	0	0
AF	0	0.137726	2	0	2	0	0	0	0
AF	0	0.138039	5	4	1	0	0	0	0
AF	0	0.138351	8	6	2	0	0	0	0
AF	0	0.138663	4	2	2	0	0	0	0
AF	0	0.138976	12	9	3	0	0	0	0
AF	0	0.139288	14	11	3	0	0	0	0
AF	0	0.139600	4	3	1	0	0	0	0
AF	0	0.139913	5	5	0	0	0	0	0
AF	0	0.140225	4	2	2	0	0	0	0
AF	0	0.140537	6	4	2	0	0	0	0
AF	0	0.140849	7	6	1	0	0	0	0
AF	0	0.141162	11	9	2	0	0	0	0
AF	0	0.141474	10	4	6	0	0	0	0
AF	0	0.141786	7	3	4	0	0	0	0
AF	0	0.142099	10	7	3	0	0	0	0
AF	0	0.142411	6	3	3	0	0	0	0
AF	0	0.142723	8	6	2	0	0	0	0
AF	0	0.143036	4	2	2	0	0	0	0
AF	0	0.143348	3	1	2	0	0	0	0
AF	0	0.143660	7	5	2	0	0	0	0
AF	0	0.143973	5	5	0	0	0	0	0
AF	0	0.144285	3	3	0	0	0	0	0
AF	0	0.144597	8	4	4	0	0	0	0
AF	0	0.144909	7	5	2	0	0	0	0
AF	0	0.145222	7	6	1	0	0	0	0
AF	0	0.145534	9	5	4	0	0	0	0
AF	0	0.145846	5	3	2	0	0	0	0
AF	0	0.146159	1	1	0	0	0	0	0
AF	0	0.146471	6	6	0	0	0	0	0
AF	0	0.146783	11	6	5	0	0	0	0
AF	0	0.147096	7	5	2	0	0	0	0
AF	0	0.147408	10	8	2	0	0	0	0
AF	0	0.147720	4	2	2	0	0	0	0
AF	0	0.148032	5	4	1	0	0	0	0
AF	0	0.148345	4	4	0	0	0	0	0
AF	0	0.148657	8	6	2	0	0	0	0
AF	0	0.148969	5	5	0	0	0	0	0
AF	0	0.149282	4	1	3	0	0	0	0
AF	0	0.149594	1	1	0	0	0	0	0
AF	0	0.149906	3	3	0	0	0	0	0
AF	0	0.150219	3	1	2	0	0	0	0
AF	0	0.150531	6	5	1	0	0	0	0
AF	0	0.150843	2	2	0	0	0	0	0
AF	0	0.151156	1	0	1	0	0	0	0
AF	0	0.151468	2	1	1	0	0	0	0
AF	0	0.151780	7	5	2	0	0	0	0
AF	0	0.152092	4	3	1	0	0	0	0
AF	0	0.152405	12	7	5	0	0	0	0
AF	0	0.152717	6	3	3	0	0	0	0
AF	0	0.153029	9	6	3	0	0	0	0
AF	0	0.153342	4	2	2	0	0	0	0
AF	0	0.153654	4	3	1	0	0	0	0
AF	0	0.153966	4	2	2	0	0	0	0
AF	0	0.154279	1	1	0	0	0	0	0
AF	0	0.154591	6	5	1	0	0	0	0
AF	0	0.154903	3	3	0	0	0	0	0
AF	0	0.155215	9	6	3	0	0	0	0
AF	0	0.155528	8	4	4	0	0	0	0
AF	0	0.155840	6	3	3	0	0	0	0
AF	0	0.156152	5	3	2	0	0	0	0
AF	0	0.156465	8	4	4	0	0	0	0
AF	0	0.156777	5	5	0	0	0	0	0
AF	0	0.157089	9	8	1	0	0	0	0
AF	0	0.157402	5	4	1	0	0	0	0
AF	0	0.157714	3	3	0	0	0	0	0
AF	0	0.158026	7	2	5	0	0	0	0
AF	0	0.158339	4	3	1	0	0	0	0
AF	0	0.158651	3	3	0	0	0	0	0
AF	0	0.158963	4	3	1	0	0	0	0
AF	0	0.159275	5	3	2	0	0	0	0
AF	0	0.159588	3	2	1	0	0	0	0
AF	0	0.159900	7	5	2	0	0	0	0
AF	0	0.160212	6	3	3	0	0	0	0
AF	0	0.160525	5	3	2	0	0	0	0
AF	0	0.160837	3	1	2	0	0	0	0
AF	0	0.161149	4	2	2	0	0	0	0
AF	0	0.161462	2	2	0	0	0	0	0
AF	0	0.161774	11	9	2	0	0	0	0
AF	0	0.162086	5	4	1	0	0	0	0
AF	0	0.162399	5	4	1	0	0	0	0
AF	0	0.162711	6	3	3	0	0	0	0
AF	0	0.163023	5	4	1	0	0	0	0
AF	0	0.163335	5	5	0	0	0	0	0
AF	0	0.163648	1	1	0	0	0	0	0
AF	0	0.163960	4	3	1	0	0	0	0
AF	0	0.164272	8	6	2	0	0	0	0
AF	0	0.164585	7	2	5	0	0	0	0
AF	0	0.164897	3	3	0	0	0	0	0
AF	0	0.165209	8	6	2	0	0	0	0
AF	0	0.165522	3	1	2	0	0	0	0
AF	0	0.165834	3	2	1	0	0	0	0
AF	0	0.166146	5	4	1	0	0	0	0
AF	0	0.166458	2	2	0	0	0	0	0
AF	0	0.166771	5	3	2	0	0	0	0
AF	0	0.167083	5	4	1	0	0	0	0
AF	0	0.167395	2	1	1	0	0	0	0
AF	0	0.167708	1	1	0	0	0	0	0
AF	0	0.168020	1	0	1	0	0	0	0
AF	0	0.168332	7	3	4	0	0	0	0
AF	0	0.168645	5	3	2	0	0	0	0
AF	0	0.168957	8	6	2	0	0	0	0
AF	0	0.169269	8	3	5	0	0	0	0
AF	0	0.169582	5	3	2	0	0	0	0
AF	0	0.169894	4	4	0	0	0	0	0
AF	0	0.170206	5	4	1	0	0	0	0
AF	0	0.170518	6	5	1	0	0	0	0
AF	0	0.170831	7	6	1	0	0	0	0
AF	0	0.171143	2	1	1	0	0	0	0
AF	0	0.171455	3	0	3	0	0	0	0
AF	0	0.171768	3	1	2	0	0	0	0
AF	0	0.172080	3	1	2	0	0	0	0
AF	0	0.172392	2	0	2	0	0	0	0
AF	0	0.172705	3	2	1	0	0	0	0
AF	0	0.173017	4	3	1	0	0	0	0
AF	0	0.173329	5	3	2	0	0	0	0
AF	0	0.173641	3	2	1	0	0	0	0
AF	0	0.173954	7	6	1	0	0	0	0
AF	0	0.174266	6	2	4	0	0	0	0
AF	0	0.174578	5	3	2	0	0	0	0
AF	0	0.174891	2	1	1	0	0	0	0
AF	0	0.175203	4	3	1	0	0	0	0
AF	0	0.175515	6	5	1	0	0	0	0
AF	0	0.175828	7	4	3	0	0	0	0
AF	0	0.176140	5	2	3	0	0	0	0
AF	0	0.176452	4	4	0	0	0	0	0
AF	0	0.176765	1	1	0	0	0	0	0
AF	0	0.177077	4	4	0	0	0	0	0
AF	0	0.177389	3	3	0	0	0	0	0
AF	0	0.177701	6	6	0	0	0	0	0
AF	0	0.178014	3	2	1	0	0	0	0
AF	0	0.178326	1	1	0	0	0	0	0
AF	0	0.178638	4	4	0	0	0	0	0
AF	0	0.178951	3	1	2	0	0	0	0
AF	0	0.179263	6	4	2	0	0	0	0
AF	0	0.179575	6	2	4	0	0	0	0
AF	0	0.179888	5	4	1	0	0	0	0
AF	0	0.180200	8	6	2	0	0	0	0
AF	0	0.180512	3	2	1	0	0	0	0
AF	0	0.180824	7	2	5	0	0	0	0
AF	0	0.181137	3	1	2	0	0	0	0
AF	0	0.181449	2	1	1	0	0	0	0
AF	0	0.181761	10	6	4	0	0	0	0
AF	0	0.182074	4	4	0	0	0	0	0
AF	0	0.182386	5	3	2	0	0	0	0
AF	0	0.182698	4	3	1	0	0	0	0
AF	0	0.183011	5	2	3	0	0	0	0
AF	0	0.183323	2	2	0	0	0	0	0
AF	0	0.183635	4	3	1	0	0	0	0
AF	0	0.183948	2	2	0	0	0	0	0
AF	0	0.184260	5	3	2	0	0	0	0
AF	0	0.184572	7	5	2	0	0	0	0
AF	0	0.184884	11	6	5	0	0	0	0
AF	0	0.185197	4	3	1	0	0	0	0
AF	0	0.185509	4	3	1	0	0	0	0
AF	0	0.185821	5	2	3	0	0	0	0
AF	0	0.186134	2	1	1	0	0	0	0
AF	0	0.186446	3	2	1	0	0	0	0
AF	0	0.186758	5	3	2	0	0	0	0
AF	0	0.187071	1	1	0	0	0	0	0
AF	0	0.187383	3	3	0	0	0	0	0
AF	0	0.187695	7	5	2	0	0	0	0
AF	0	0.188007	2	0	2	0	0	0	0
AF	0	0.188320	6	5	1	0	0	0	0
AF	0	0.188632	5	3	2	0	0	0	0
AF	0	0.188944	4	3	1	0	0	0	0
AF	0	0.189257	6	2	4	0	0	0	0
AF	0	0.189569	3	1	2	0	0	0	0
AF	0	0.189881	7	6	1	0	0	0	0
AF	0	0.190194	8	5	3	0	0	0	0
AF	0	0.190506	9	5	4	0	0	0	0
AF	0	0.190818	1	1	0	0	0	0	0
AF	0	0.191131	4	2	2	0	0	0	0
AF	0	0.191443	10	9	1	0	0	0	0
AF	0	0.191755	2	2	0	0	0	0	0
AF	0	0.192067	6	6	0	0	0	0	0
AF	0	0.192380	7	4	3	0	0	0	0
AF	0	0.192692	3	2	1	0	0	0	0
AF	0	0.193004	6	3	3	0	0	0	0
AF	0	0.193317	2	1	1	0	0	0	0
AF	0	0.193629	9	5	4	0	0	0	0
AF	0	0.193941	6	5	1	0	0	0	0
AF	0	0.194254	4	2	2	0	0	0	0
AF	0	0.194566	9	6	3	0	0	0	0
AF	0	0.194878	4	2	2	0	0	0	0
AF	0	0.195191	5	2	3	0	0	0	0
AF	0	0.195503	6	5	1	0	0	0	0
AF	0	0.195815	6	6	0	0	0	0	0
AF	0	0.196127	2	2	0	0	0	0	0
AF	0	0.196440	3	1	2	0	0	0	0
AF	0	0.196752	6	4	2	0	0	0	0
AF	0	0.197064	2	1	1	0	0	0	0
AF	0	0.197377	4	3	1	0	0	0	0
AF	0	0.197689	2	0	2	0	0	0	0
AF	0	0.198001	3	1	2	0	0	0	0
AF	0	0.198314	5	3	2	0	0	0	0
AF	0	0.198626	3	1	2	0	0	0	0
AF	0	0.198938	4	2	2	0	0	0	0
AF	0	0.199250	6	3	3	0	0	0	0
AF	0	0.199563	5	5	0	0	0	0	0
AF	0	0.199875	8	7	1	0	0	0	0
AF	0	0.200187	6	3	3	0	0	0	0
AF	0	0.200500	3	2	1	0	0	0	0
AF	0	0.200812	3	2	1	0	0	0	0
AF	0	0.201124	2	1	1	0	0	0	0
AF	0	0.201437	3	3	0	0	0	0	0
AF	0	0.201749	6	5	1	0	0	0	0
AF	0	0.202061	7	6	1	0	0	0	0
AF	0	0.202374	4	4	0	0	0	0	0
AF	0	0.202686	11	7	4	0	0	0	0
AF	0	0.202998	4	3	1	0	0	0	0
AF	0	0.203310	5	3	2	0	0	0	0
AF	0	0.203623	7	3	4	0	0	0	0
AF	0	0.203935	4	1	3	0	0	0	0
AF	0	0.204247	3	2	1	0	0	0	0
AF	0	0.204560	3	2	1	0	0	0	0
AF	0	0.204872	6	4	2	0	0	0	0
AF	0	0.205184	4	2	2	0	0	0	0
AF	0	0.205497	3	2	1	0	0	0	0
AF	0	0.205809	5	4	1	0	0	0	0
AF	0	0.206121	8	3	5	0	0	0	0
AF	0	0.206433	2	1	1	0	0	0	0
AF	0	0.206746	4	4	0	0	0	0	0
AF	0	0.207058	4	2	2	0	0	0	0
AF	0	0.207370	4	2	2	0	0	0	0
AF	0	0.207683	2	2	0	0	0	0	0
AF	0	0.207995	14	6	8	0	0	0	0
AF	0	0.208307	6	3	3	0	0	0	0
AF	0	0.208620	8	6	2	0	0	0	0
AF	0	0.208932	6	5	1	0	0	0	0
AF	0	0.209244	6	5	1	0	0	0	0
AF	0	0.209557	7	5	2	0	0	0	0
AF	0	0.209869	3	3	0	0	0	0	0
AF	0	0.210181	2	1	1	0	0	0	0
AF	0	0.210493	5	4	1	0	0	0	0
AF	0	0.210806	6	5	1	0	0	0	0
AF	0	0.211118	6	6	0	0	0	0	0
AF	0	0.211430	3	2	1	0	0	0	0
AF	0	0.211743	7	5	2	0	0	0	0
AF	0	0.212055	4	2	2	0	0	0	0
AF	0	0.212367	6	6	0	0	0	0	0
AF	0	0.212680	4	2	2	0	0	0	0
AF	0	0.212992	2	2	0	0	0	0	0
AF	0	0.213304	6	3	3	0	0	0	0
AF	0	0.213616	4	2	2	0	0	0	0
AF	0	0.213929	2	2	0	0	0	0	0
AF	0	0.214241	2	1	1	0	0	0	0
AF	0	0.214553	3	3	0	0	0	0	0
AF	0	0.214866	4	2	2	0	0	0	0
AF	0	0.215178	4	3	1	0	0	0	0
AF	0	0.215490	5	3	2	0	0	0	0
AF	0	0.215803	4	2	2	0	0	0	0
AF	0	0.216115	6	5	1	0	0	0	0
AF	0	0.216427	7	3	4	0	0	0	0
AF	0	0.216740	3	2	1	0	0	0	0
AF	0	0.217052	3	3	0	0	0	0	0
AF	0	0.217364	5	4	1	0	0	0	0
AF	0	0.217676	2	1	1	0	0	0	0
AF	0	0.217989	5	3	2	0	0	0	0
AF	0	0.218301	5	3	2	0	0	0	0
AF	0	0.218613	4	3	1	0	0	0	0
AF	0	0.218926	1	1	0	0	0	0	0
AF	0	0.219238	7	6	1	0	0	0	0
AF	0	0.219550	4	4	0	0	0	0	0
AF	0	0.220175	5	3	2	0	0	0	0
AF	0	0.220487	3	3	0	0	0	0	0
AF	0	0.220800	5	4	1	0	0	0	0
AF	0	0.221112	5	3	2	0	0	0	0
AF	0	0.221424	6	6	0	0	0	0	0
AF	0	0.221736	2	0	2	0	0	0	0
AF	0	0.222361	2	1	1	0	0	0	0
AF	0	0.222673	6	4	2	0	0	0	0
AF	0	0.222986	4	2	2	0	0	0	0
AF	0	0.223298	4	3	1	0	0	0	0
AF	0	0.223610	3	2	1	0	0	0	0
AF	0	0.223923	4	4	0	0	0	0	0
AF	0	0.224235	1	1	0	0	0	0	0
AF	0	0.224547	2	1	1	0	0	0	0
AF	0	0.224859	3	3	0	0	0	0	0
AF	0	0.225172	8	4	4	0	0	0	0
AF	0	0.225484	3	2	1	0	0	0	0
AF	0	0.225796	2	1	1	0	0	0	0
AF	0	0.226109	3	2	1	0	0	0	0
AF	0	0.226421	1	0	1	0	0	0	0
AF	0	0.226733	3	1	2	0	0	0	0
AF	0	0.227046	5	4	1	0	0	0	0
AF	0	0.227358	4	2	2	0	0	0	0
AF	0	0.227670	3	2	1	0	0	0	0
AF	0	0.227983	6	5	1	0	0	0	0
AF	0	0.228295	4	2	2	0	0	0	0
AF	0	0.228607	7	5	2	0	0	0	0
AF	0	0.228919	7	6	1	0	0	0	0
AF	0	0.229232	3	2	1	0	0	0	0
AF	0	0.229544	3	2	1	0	0	0	0
AF	0	0.229856	8	6	2	0	0	0	0
AF	0	0.230169	2	0	2	0	0	0	0
AF	0	0.230481	4	2	2	0	0	0	0
AF	0	0.230793	3	1	2	0	0	0	0
AF	0	0.231106	4	2	2	0	0	0	0
AF	0	0.231418	7	5	2	0	0	0	0
AF	0	0.231730	9	6	3	0	0	0	0
AF	0	0.232042	4	3	1	0	0	0	0
AF	0	0.232355	8	6	2	0	0	0	0
AF	0	0.232667	4	2	2	0	0	0	0
AF	0	0.232979	4	3	1	0	0	0	0
AF	0	0.233292	5	3	2	0	0	0	0
AF	0	0.233604	9	6	3	0	0	0	0
AF	0	0.233916	2	2	0	0	0	0	0
AF	0	0.234541	4	2	2	0	0	0	0
AF	0	0.234853	7	4	3	0	0	0	0
AF	0	0.235166	2	1	1	0	0	0	0
AF	0	0.235478	5	5	0	0	0	0	0
AF	0	0.235790	5	3	2	0	0	0	0
AF	0	0.236102	4	3	1	0	0	0	0
AF	0	0.236415	5	5	0	0	0	0	0
AF	0	0.236727	4	4	0	0	0	0	0
AF	0	0.237039	3	2	1	0	0	0	0
AF	0	0.237352	5	4	1	0	0	0	0
AF	0	0.237664	5	2	3	0	0	0	0
AF	0	0.237976	2	1	1	0	0	0	0
AF	0	0.238289	2	1	1	0	0	0	0
AF	0	0.238601	5	0	5	0	0	0	0
AF	0	0.238913	2	1	1	0	0	0	0
AF	0	0.239225	3	2	1	0	0	0	0
AF	0	0.239538	3	2	1	0	0	0	0
AF	0	0.239850	3	1	2	0	0	0	0
AF	0	0.240162	2	2	0	0	0	0	0
AF	0	0.240475	3	3	0	0	0	0	0
AF	0	0.240787	1	0	1	0	0	0	0
AF	0	0.241099	1	1	0	0	0	0	0
AF	0	0.241412	5	2	3	0	0	0	0
AF	0	0.241724	4	3	1	0	0	0	0
AF	0	0.242036	2	1	1	0	0	0	0
AF	0	0.242349	3	1	2	0	0	0	0
AF	0	0.242661	2	2	0	0	0	0	0
AF	0	0.242973	4	3	1	0	0	0	0
AF	0	0.243285	3	2	1	0	0	0	0
AF	0	0.243598	7	1	6	0	0	0	0
AF	0	0.243910	3	2	1	0	0	0	0
AF	0	0.244222	2	2	0	0	0	0	0
AF	0	0.244535	1	1	0	0	0	0	0
AF	0	0.244847	3	2	1	0	0	0	0
AF	0	0.245159	5	4	1	0	0	0	0
AF	0	0.245472	7	5	2	0	0	0	0
AF	0	0.245784	6	4	2	0	0	0	0
AF	0	0.246096	3	1	2	0	0	0	0
AF	0	0.246408	4	4	0	0	0	0	0
AF	0	0.247033	4	1	3	0	0	0	0
AF	0	0.247345	3	3	0	0	0	0	0
AF	0	0.247970	4	2	2	0	0	0	0
AF	0	0.248282	2	2	0	0	0	0	0
AF	0	0.248595	3	2	1	0	0	0	0
AF	0	0.248907	4	4	0	0	0	0	0
AF	0	0.249219	6	4	2	0	0	0	0
AF	0	0.249532	5	4	1	0	0	0	0
AF	0	0.249844	2	1	1	0	0	0	0
AF	0	0.250156	1	0	1	0	0	0	0
AF	0	0.250468	4	3	1	0	0	0	0
AF	0	0.250781	1	1	0	0	0	0	0
AF	0	0.251093	6	3	3	0	0	0	0
AF	0	0.251405	1	0	1	0	0	0	0
AF	0	0.251718	3	2	1	0	0	0	0
AF	0	0.252030	5	5	0	0	0	0	0
AF	0	0.252342	8	4	4	0	0	0	0
AF	0	0.252655	3	2	1	0	0	0	0
AF	0	0.252967	3	3	0	0	0	0	0
AF	0	0.253279	1	1	0	0	0	0	0
AF	0	0.253592	2	1	1	0	0	0	0
AF	0	0.253904	4	3	1	0	0	0	0
AF	0	0.254216	8	4	4	0	0	0	0
AF	0	0.254841	1	1	0	0	0	0	0
AF	0	0.255153	2	2	0	0	0	0	0
AF	0	0.255465	2	2	0	0	0	0	0
AF	0	0.256090	5	3	2	0	0	0	0
AF	0	0.256402	3	1	2	0	0	0	0
AF	0	0.256715	2	1	1	0	0	0	0
AF	0	0.257027	3	2	1	0	0	0	0
AF	0	0.257339	5	4	1	0	0	0	0
AF	0	0.257651	3	0	3	0	0	0	0
AF	0	0.257964	5	2	3	0	0	0	0
AF	0	0.258276	2	0	2	0	0	0	0
AF	0	0.258588	4	2	2	0	0	0	0
AF	0	0.258901	4	2	2	0	0	0	0
AF	0	0.259213	5	5	0	0	0	0	0
AF	0	0.259525	2	1	1	0	0	0	0
AF	0	0.259838	4	2	2	0	0	0	0
AF	0	0.260150	1	0	1	0	0	0	0
AF	0	0.260462	4	1	3	0	0	0	0
AF	0	0.260775	3	2	1	0	0	0	0
AF	0	0.261087	7	4	3	0	0	0	0
AF	0	0.261399	2	0	2	0	0	0	0
AF	0	0.261711	2	1	1	0	0	0	0
AF	0	0.262024	4	4	0	0	0	0	0
AF	0	0.262336	9	3	6	0	0	0	0
AF	0	0.262648	5	4	1	0	0	0	0
AF	0	0.262961	6	4	2	0	0	0	0
AF	0	0.263273	3	3	0	0	0	0	0
AF	0	0.263585	3	1	2	0	0	0	0
AF	0	0.263898	4	3	1	0	0	0	0
AF	0	0.264210	5	5	0	0	0	0	0
AF	0	0.264522	3	2	1	0	0	0	0
AF	0	0.264834	1	1	0	0	0	0	0
AF	0	0.265147	6	4	2	0	0	0	0
AF	0	0.265459	5	5	0	0	0	0	0
AF	0	0.265771	6	4	2	0	0	0	0
AF	0	0.266084	5	4	1	0	0	0	0
AF	0	0.266396	4	3	1	0	0	0	0
AF	0	0.266708	2	1	1	0	0	0	0
AF	0	0.267021	3	2	1	0	0	0	0
AF	0	0.267333	6	4	2	0	0	0	0
AF	0	0.267645	4	4	0	0	0	0	0
AF	0	0.267958	1	1	0	0	0	0	0
AF	0	0.268270	3	2	1	0	0	0	0
AF	0	0.268894	4	4	0	0	0	0	0
AF	0	0.269207	3	3	0	0	0	0	0
AF	0	0.269519	6	6	0	0	0	0	0
AF	0	0.269831	3	2	1	0	0	0	0
AF	0	0.270144	2	2	0	0	0	0	0
AF	0	0.270456	2	2	0	0	0	0	0
AF	0	0.270768	6	4	2	0	0	0	0
AF	0	0.271081	7	5	2	0	0	0	0
AF	0	0.271393	4	2	2	0	0	0	0
AF	0	0.271705	5	4	1	0	0	0	0
AF	0	0.272017	2	1	1	0	0	0	0
AF	0	0.272330	2	2	0	0	0	0	0
AF	0	0.272642	2	2	0	0	0	0	0
AF	0	0.272954	3	3	0	0	0	0	0
AF	0	0.273267	5	3	2	0	0	0	0
AF	0	0.273579	4	3	1	0	0	0	0
AF	0	0.273891	2	2	0	0	0	0	0
AF	0	0.274204	3	3	0	0	0	0	0
AF	0	0.274516	2	1	1	0	0	0	0
AF	0	0.274828	4	4	0	0	0	0	0
AF	0	0.275141	5	2	3	0	0	0	0
AF	0	0.276077	3	2	1	0	0	0	0
AF	0	0.276390	4	3	1	0	0	0	0
AF	0	0.276702	2	2	0	0	0	0	0
AF	0	0.277014	5	4	1	0	0	0	0
AF	0	0.277327	3	1	2	0	0	0	0
AF	0	0.277639	1	0	1	0	0	0	0
AF	0	0.277951	2	2	0	0	0	0	0
AF	0	0.278264	3	2	1	0	0	0	0
AF	0	0.278576	1	1	0	0	0	0	0
AF	0	0.278888	4	4	0	0	0	0	0
AF	0	0.279200	3	1	2	0	0	0	0
AF	0	0.279513	4	2	2	0	0	0	0
AF	0	0.279825	7	4	3	0	0	0	0
AF	0	0.280137	3	2	1	0	0	0	0
AF	0	0.280450	2	2	0	0	0	0	0
AF	0	0.280762	3	3	0	0	0	0	0
AF	0	0.281074	3	2	1	0	0	0	0
AF	0	0.281387	4	3	1	0	0	0	0
AF	0	0.281699	2	1	1	0	0	0	0
AF	0	0.282011	2	1	1	0	0	0	0
AF	0	0.282324	4	2	2	0	0	0	0
AF	0	0.282636	1	1	0	0	0	0	0
AF	0	0.282948	1	1	0	0	0	0	0
AF	0	0.283573	2	1	1	0	0	0	0
AF	0	0.283885	5	2	3	0	0	0	0
AF	0	0.284197	2	1	1	0	0	0	0
AF	0	0.284822	3	1	2	0	0	0	0
AF	0	0.285134	5	4	1	0	0	0	0
AF	0	0.285447	3	3	0	0	0	0	0
AF	0	0.285759	1	1	0	0	0	0	0
AF	0	0.286071	4	3	1	0	0	0	0
AF	0	0.286384	2	2	0	0	0	0	0
AF	0	0.286696	1	1	0	0	0	0	0
AF	0	0.287008	2	2	0	0	0	0	0
AF	0	0.287320	3	2	1	0	0	0	0
AF	0	0.287633	4	3	1	0	0	0	0
AF	0	0.287945	14	9	5	0	0	0	0
AF	0	0.288257	3	3	0	0	0	0	0
AF	0	0.288570	5	4	1	0	0	0	0
AF	0	0.288882	2	2	0	0	0	0	0
AF	0	0.289194	2	2	0	0	0	0	0
AF	0	0.289507	3	3	0	0	0	0	0
AF	0	0.289819	3	2	1	0	0	0	0
AF	0	0.290131	6	4	2	0	0	0	0
AF	0	0.290443	2	1	1	0	0	0	0
AF	0	0.290756	2	1	1	0	0	0	0
AF	0	0.291068	1	1	0	0	0	0	0
AF	0	0.291380	3	2	1	0	0	0	0
AF	0	0.291693	2	1	1	0	0	0	0
AF	0	0.292005	5	3	2	0	0	0	0
AF	0	0.292317	4	4	0	0	0	0	0
AF	0	0.292630	3	3	0	0	0	0	0
AF	0	0.292942	3	2	1	0	0	0	0
AF	0	0.293567	3	2	1	0	0	0	0
AF	0	0.293879	3	3	0	0	0	0	0
AF	0	0.294191	4	2	2	0	0	0	0
AF	0	0.294503	5	3	2	0	0	0	0
AF	0	0.294816	6	2	4	0	0	0	0
AF	0	0.295128	4	3	1	0	0	0	0
AF	0	0.295440	1	0	1	0	0	0	0
AF	0	0.295753	4	1	3	0	0	0	0
AF	0	0.296065	4	3	1	0	0	0	0
AF	0	0.296377	3	3	0	0	0	0	0
AF	0	0.296690	1	1	0	0	0	0	0
AF	0	0.297002	2	2	0	0	0	0	0
AF	0	0.297314	4	3	1	0	0	0	0
AF	0	0.297939	2	0	2	0	0	0	0
AF	0	0.298251	1	1	0	0	0	0	0
AF	0	0.298563	2	2	0	0	0	0	0
AF	0	0.298876	3	0	3	0	0	0	0
AF	0	0.300125	2	1	1	0	0	0	0
AF	0	0.300437	2	1	1	0	0	0	0
AF	0	0.300750	3	2	1	0	0	0	0
AF	0	0.301062	2	0	2	0	0	0	0
AF	0	0.301374	5	2	3	0	0	0	0
AF	0	0.301686	3	1	2	0	0	0	0
AF	0	0.301999	5	4	1	0	0	0	0
AF	0	0.302311	3	1	2	0	0	0	0
AF	0	0.302623	4	2	2	0	0	0	0
AF	0	0.302936	3	3	0	0	0	0	0
AF	0	0.303248	3	3	0	0	0	0	0
AF	0	0.303560	2	2	0	0	0	0	0
AF	0	0.303873	5	4	1	0	0	0	0
AF	0	0.304497	2	2	0	0	0	0	0
AF	0	0.304809	4	2	2	0	0	0	0
AF	0	0.305122	4	3	1	0	0	0	0
AF	0	0.305434	2	2	0	0	0	0	0
AF	0	0.305746	4	3	1	0	0	0	0
AF	0	0.306059	4	2	2	0	0	0	0
AF	0	0.306371	4	3	1	0	0	0	0
AF	0	0.306683	4	2	2	0	0	0	0
AF	0	0.306996	1	1	0	0	0	0	0
AF	0	0.307308	1	1	0	0	0	0	0
AF	0	0.307933	2	2	0	0	0	0	0
AF	0	0.308245	4	2	2	0	0	0	0
AF	0	0.308557	5	4	1	0	0	0	0
AF	0	0.308869	1	1	0	0	0	0	0
AF	0	0.309182	4	3	1	0	0	0	0
AF	0	0.309494	3	2	1	0	0	0	0
AF	0	0.309806	3	2	1	0	0	0	0
AF	0	0.310119	3	2	1	0	0	0	0
AF	0	0.310431	4	0	4	0	0	0	0
AF	0	0.310743	1	1	0	0	0	0	0
AF	0	0.311368	4	4	0	0	0	0	0
AF	0	0.311680	2	2	0	0	0	0	0
AF	0	0.311993	4	3	1	0	0	0	0
AF	0	0.312305	5	2	3	0	0	0	0
AF	0	0.312617	2	1	1	0	0	0	0
AF	0	0.312929	9	7	2	0	0	0	0
AF	0	0.313242	3	2	1	0	0	0	0
AF	0	0.313554	1	1	0	0	0	0	0
AF	0	0.313866	2	0	2	0	0	0	0
AF	0	0.314491	2	1	1	0	0	0	0
AF	0	0.315428	2	2	0	0	0	0	0
AF	0	0.315740	2	2	0	0	0	0	0
AF	0	0.316052	3	2	1	0	0	0	0
AF	0	0.316365	2	1	1	0	0	0	0
AF	0	0.316677	2	1	1	0	0	0	0
AF	0	0.316989	5	3	2	0	0	0	0
AF	0	0.317614	3	1	2	0	0	0	0
AF	0	0.317926	2	1	1	0	0	0	0
AF	0	0.318239	1	1	0	0	0	0	0
AF	0	0.318551	5	5	0	0	0	0	0
AF	0	0.318863	5	3	2	0	0	0	0
AF	0	0.319176	4	2	2	0	0	0	0
AF	0	0.319488	4	2	2	0	0	0	0
AF	0	0.319800	3	1	2	0	0	0	0
AF	0	0.320112	1	1	0	0	0	0	0
AF	0	0.320425	3	2	1	0	0	0	0
AF	0	0.320737	1	0	1	0	0	0	0
AF	0	0.321049	4	4	0	0	0	0	0
AF	0	0.321362	3	2	1	0	0	0	0
AF	0	0.321674	5	1	4	0	0	0	0
AF	0	0.321986	3	1	2	0	0	0	0
AF	0	0.322299	4	4	0	0	0	0	0
AF	0	0.322611	6	5	1	0	0	0	0
AF	0	0.322923	8	6	2	0	0	0	0
AF	0	0.323235	4	3	1	0	0	0	0
AF	0	0.323548	3	2	1	0	0	0	0
AF	0	0.323860	4	3	1	0	0	0	0
AF	0	0.324172	5	4	1	0	0	0	0
AF	0	0.324485	7	3	4	0	0	0	0
AF	0	0.324797	3	2	1	0	0	0	0
AF	0	0.325109	4	2	2	0	0	0	0
AF	0	0.325422	5	4	1	0	0	0	0
AF	0	0.325734	4	1	3	0	0	0	0
AF	0	0.326046	8	5	3	0	0	0	0
AF	0	0.326359	4	3	1	0	0	0	0
AF	0	0.326671	3	1	2	0	0	0	0
AF	0	0.326983	3	2	1	0	0	0	0
AF	0	0.327295	5	4	1	0	0	0	0
AF	0	0.327608	3	1	2	0	0	0	0
AF	0	0.327920	4	2	2	0	0	0	0
AF	0	0.328232	2	0	2	0	0	0	0
AF	0	0.328545	1	1	0	0	0	0	0
AF	0	0.328857	3	2	1	0	0	0	0
AF	0	0.329169	4	3	1	0	0	0	0
AF	0	0.329482	1	0	1	0	0	0	0
AF	0	0.329794	2	1	1	0	0	0	0
AF	0	0.330106	4	3	1	0	0	0	0
AF	0	0.330418	2	2	0	0	0	0	0
AF	0	0.330731	2	0	2	0	0	0	0
AF	0	0.331043	2	2	0	0	0	0	0
AF	0	0.331355	3	3	0	0	0	0	0
AF	0	0.331668	4	3	1	0	0	0	0
AF	0	0.331980	6	4	2	0	0	0	0
AF	0	0.332292	7	6	1	0	0	0	0
AF	0	0.332605	4	2	2	0	0	0	0
AF	0	0.332917	1	1	0	0	0	0	0
AF	0	0.333229	3	1	2	0	0	0	0
AF	0	0.333542	8	7	1	0	0	0	0
AF	0	0.333854	1	1	0	0	0	0	0
AF	0	0.334166	2	2	0	0	0	0	0
AF	0	0.334478	4	2	2	0	0	0	0
AF	0	0.335103	1	0	1	0	0	0	0
AF	0	0.335415	2	1	1	0	0	0	0
AF	0	0.335728	3	3	0	0	0	0	0
AF	0	0.336040	4	3	1	0	0	0	0
AF	0	0.336352	5	5	0	0	0	0	0
AF	0	0.336665	1	1	0	0	0	0	0
AF	0	0.336977	2	2	0	0	0	0	0
AF	0	0.337601	4	2	2	0	0	0	0
AF	0	0.337914	2	2	0	0	0	0	0
AF	0	0.338226	2	1	1	0	0	0	0
AF	0	0.338851	1	1	0	0	0	0	0
AF	0	0.339163	2	0	2	0	0	0	0
AF	0	0.339788	2	2	0	0	0	0	0
AF	0	0.340100	4	2	2	0	0	0	0
AF	0	0.340412	4	3	1	0	0	0	0
AF	0	0.340725	2	1	1	0	0	0	0
AF	0	0.341349	1	1	0	0	0	0	0
AF	0	0.341661	1	1	0	0	0	0	0
AF	0	0.342286	3	1	2	0	0	0	0
AF	0	0.342598	4	4	0	0	0	0	0
AF	0	0.342911	2	0	2	0	0	0	0
AF	0	0.343223	3	3	0	0	0	0	0
AF	0	0.343535	4	2	2	0	0	0	0
AF	0	0.343848	3	1	2	0	0	0	0
AF	0	0.344160	3	2	1	0	0	0	0
AF	0	0.344472	4	2	2	0	0	0	0
AF	0	0.344785	3	3	0	0	0	0	0
AF	0	0.345097	2	2	0	0	0	0	0
AF	0	0.345721	2	0	2	0	0	0	0
AF	0	0.346034	2	2	0	0	0	0	0
AF	0	0.346346	2	1	1	0	0	0	0
AF	0	0.346658	6	2	4	0	0	0	0
AF	0	0.346971	1	0	1	0	0	0	0
AF	0	0.347283	5	3	2	0	0	0	0
AF	0	0.347908	3	3	0	0	0	0	0
AF	0	0.348220	4	2	2	0	0	0	0
AF	0	0.348532	1	1	0	0	0	0	0
AF	0	0.349157	3	2	1	0	0	0	0
AF	0	0.349469	4	2	2	0	0	0	0
AF	0	0.349781	5	4	1	0	0	0	0
AF	0	0.350094	1	0	1	0	0	0	0
AF	0	0.350406	2	1	1	0	0	0	0
AF	0	0.351031	5	3	2	0	0	0	0
AF	0	0.351343	3	2	1	0	0	0	0
AF	0	0.351655	1	1	0	0	0	0	0
AF	0	0.351968	3	2	1	0	0	0	0
AF	0	0.352280	2	2	0	0	0	0	0
AF	0	0.352592	2	1	1	0	0	0	0
AF	0	0.352904	4	2	2	0	0	0	0
AF	0	0.353217	3	2	1	0	0	0	0
AF	0	0.353529	2	1	1	0	0	0	0
AF	0	0.353841	5	3	2	0	0	0	0
AF	0	0.354154	2	1	1	0	0	0	0
AF	0	0.354466	2	1	1	0	0	0	0
AF	0	0.354778	1	1	0	0	0	0	0
AF	0	0.355091	5	5	0	0	0	0	0
AF	0	0.355403	2	1	1	0	0	0	0
AF	0	0.355715	1	1	0	0	0	0	0
AF	0	0.356027	2	2	0	0	0	0	0
AF	0	0.356340	6	2	4	0	0	0	0
AF	0	0.356652	5	3	2	0	0	0	0
AF	0	0.356964	5	3	2	0	0	0	0
AF	0	0.357277	4	3	1	0	0	0	0
AF	0	0.357589	3	2	1	0	0	0	0
AF	0	0.357901	1	1	0	0	0	0	0
AF	0	0.358214	4	2	2	0	0	0	0
AF	0	0.358526	2	2	0	0	0	0	0
AF	0	0.358838	2	2	0	0	0	0	0
AF	0	0.359151	5	3	2	0	0	0	0
AF	0	0.359463	3	2	1	0	0	0	0
AF	0	0.359775	3	1	2	0	0	0	0
AF	0	0.360087	3	2	1	0	0	0	0
AF	0	0.360400	7	3	4	0	0	0	0
AF	0	0.361024	3	2	1	0	0	0	0
AF	0	0.361337	2	0	2	0	0	0	0
AF	0	0.361649	3	2	1	0	0	0	0
AF	0	0.361961	2	1	1	0	0	0	0
AF	0	0.362274	1	1	0	0	0	0	0
AF	0	0.362586	3	1	2	0	0	0	0
AF	0	0.362898	2	1	1	0	0	0	0
AF	0	0.363210	5	2	3	0	0	0	0
AF	0	0.363523	5	3	2	0	0	0	0
AF	0	0.363835	6	5	1	0	0	0	0
AF	0	0.364147	3	2	1	0	0	0	0
AF	0	0.364460	6	5	1	0	0	0	0
AF	0	0.364772	7	5	2	0	0	0	0
AF	0	0.365397	5	5	0	0	0	0	0
AF	0	0.365709	4	2	2	0	0	0	0
AF	0	0.366021	1	1	0	0	0	0	0
AF	0	0.366334	3	2	1	0	0	0	0
AF	0	0.366646	1	1	0	0	0	0	0
AF	0	0.366958	2	2	0	0	0	0	0
AF	0	0.367270	3	2	1	0	0	0	0
AF	0	0.367583	1	1	0	0	0	0	0
AF	0	0.367895	3	3	0	0	0	0	0
AF	0	0.368207	2	2	0	0	0	0	0
AF	0	0.368520	2	2	0	0	0	0	0
AF	0	0.368832	2	1	1	0	0	0	0
AF	0	0.369144	7	3	4	0	0	0	0
AF	0	0.370706	4	1	3	0	0	0	0
AF	0	0.371018	2	2	0	0	0	0	0
AF	0	0.371330	3	2	1	0	0	0	0
AF	0	0.371643	2	2	0	0	0	0	0
AF	0	0.371955	1	1	0	0	0	0	0
AF	0	0.372267	1	1	0	0	0	0	0
AF	0	0.372892	4	2	2	0	0	0	0
AF	0	0.373517	1	1	0	0	0	0	0
AF	0	0.373829	1	1	0	0	0	0	0
AF	0	0.374141	6	3	3	0	0	0	0
AF	0	0.374453	5	5	0	0	0	0	0
AF	0	0.374766	4	3	1	0	0	0	0
AF	0	0.375078	4	2	2	0	0	0	0
AF	0	0.375390	5	3	2	0	0	0	0
AF	0	0.375703	1	1	0	0	0	0	0
AF	0	0.376327	3	1	2	0	0	0	0
AF	0	0.376640	2	2	0	0	0	0	0
AF	0	0.376952	1	0	1	0	0	0	0
AF	0	0.377264	1	1	0	0	0	0	0
AF	0	0.377577	3	3	0	0	0	0	0
AF	0	0.377889	2	1	1	0	0	0	0
AF	0	0.378201	7	7	0	0	0	0	0
AF	0	0.378513	2	2	0	0	0	0	0
AF	0	0.378826	5	5	0	0	0	0	0
AF	0	0.379138	3	2	1	0	0	0	0
AF	0	0.379450	3	3	0	0	0	0	0
AF	0	0.379763	2	2	0	0	0	0	0
AF	0	0.380075	3	2	1	0	0	0	0
AF	0	0.380387	3	0	3	0	0	0	0
AF	0	0.380700	3	2	1	0	0	0	0
AF	0	0.381012	3	3	0	0	0	0	0
AF	0	0.381324	4	4	0	0	0	0	0
AF	0	0.381636	4	3	1	0	0	0	0
AF	0	0.381949	1	1	0	0	0	0	0
AF	0	0.382261	3	2	1	0	0	0	0
AF	0	0.382573	7	4	3	0	0	0	0
AF	0	0.382886	4	3	1	0	0	0	0
AF	0	0.383198	1	0	1	0	0	0	0
AF	0	0.383510	3	3	0	0	0	0	0
AF	0	0.383823	4	4	0	0	0	0	0
AF	0	0.384135	1	0	1	0	0	0	0
AF	0	0.384447	6	5	1	0	0	0	0
AF	0	0.384760	3	1	2	0	0	0	0
AF	0	0.385072	3	2	1	0	0	0	0
AF	0	0.385384	3	1	2	0	0	0	0
AF	0	0.385696	1	1	0	0	0	0	0
AF	0	0.386009	4	3	1	0	0	0	0
AF	0	0.386321	2	0	2	0	0	0	0
AF	0	0.386633	2	2	0	0	0	0	0
AF	0	0.387258	1	0	1	0	0	0	0
AF	0	0.387570	1	1	0	0	0	0	0
AF	0	0.387883	1	0	1	0	0	0	0
AF	0	0.388195	2	1	1	0	0	0	0
AF	0	0.388507	4	4	0	0	0	0	0
AF	0	0.388819	1	1	0	0	0	0	0
AF	0	0.389132	2	2	0	0	0	0	0
AF	0	0.389444	2	1	1	0	0	0	0
AF	0	0.389756	4	3	1	0	0	0	0
AF	0	0.390069	2	2	0	0	0	0	0
AF	0	0.390381	2	1	1	0	0	0	0
AF	0	0.390693	4	3	1	0	0	0	0
AF	0	0.391006	3	2	1	0	0	0	0
AF	0	0.391318	4	3	1	0	0	0	0
AF	0	0.391630	4	4	0	0	0	0	0
AF	0	0.391943	3	2	1	0	0	0	0
AF	0	0.392255	1	0	1	0	0	0	0
AF	0	0.392567	2	2	0	0	0	0	0
AF	0	0.392879	3	1	2	0	0	0	0
AF	0	0.393192	2	1	1	0	0	0	0
AF	0	0.393504	2	2	0	0	0	0	0
AF	0	0.393816	2	1	1	0	0	0	0
AF	0	0.394129	4	3	1	0	0	0	0
AF	0	0.394441	1	0	1	0	0	0	0
AF	0	0.394753	3	2	1	0	0	0	0
AF	0	0.395066	1	1	0	0	0	0	0
AF	0	0.395378	4	2	2	0	0	0	0
AF	0	0.395690	1	1	0	0	0	0	0
AF	0	0.396002	2	1	1	0	0	0	0
AF	0	0.396315	5	5	0	0	0	0	0
AF	0	0.396939	5	3	2	0	0	0	0
AF	0	0.397252	3	2	1	0	0	0	0
AF	0	0.397564	2	2	0	0	0	0	0
AF	0	0.398189	1	1	0	0	0	0	0
AF	0	0.398501	4	2	2	0	0	0	0
AF	0	0.398813	1	0	1	0	0	0	0
AF	0	0.399126	2	0	2	0	0	0	0
AF	0	0.399438	1	0	1	0	0	0	0
AF	0	0.399750	1	1	0	0	0	0	0
AF	0	0.400062	2	1	1	0	0	0	0
AF	0	0.400375	5	2	3	0	0	0	0
AF	0	0.400687	4	2	2	0	0	0	0
AF	0	0.400999	5	3	2	0	0	0	0
AF	0	0.401624	1	1	0	0	0	0	0
AF	0	0.402249	3	2	1	0	0	0	0
AF	0	0.402873	2	2	0	0	0	0	0
AF	0	0.403186	1	1	0	0	0	0	0
AF	0	0.403498	4	2	2	0	0	0	0
AF	0	0.403810	4	2	2	0	0	0	0
AF	0	0.404122	2	1	1	0	0	0	0
AF	0	0.404435	4	2	2	0	0	0	0
AF	0	0.404747	1	1	0	0	0	0	0
AF	0	0.405059	2	2	0	0	0	0	0
AF	0	0.405372	2	2	0	0	0	0	0
AF	0	0.405684	5	3	2	0	0	0	0
AF	0	0.405996	5	3	2	0	0	0	0
AF	0	0.406309	6	5	1	0	0	0	0
AF	0	0.406621	2	0	2	0	0	0	0
AF	0	0.406933	1	0	1	0	0	0	0
AF	0	0.407245	3	3	0	0	0	0	0
AF	0	0.407558	4	2	2	0	0	0	0
AF	0	0.407870	4	2	2	0	0	0	0
AF	0	0.408182	1	0	1	0	0	0	0
AF	0	0.408495	3	1	2	0	0	0	0
AF	0	0.408807	3	1	2	0	0	0	0
AF	0	0.409119	3	3	0	0	0	0	0
AF	0	0.409432	4	2	2	0	0	0	0
AF	0	0.409744	1	0	1	0	0	0	0
AF	0	0.410056	2	2	0	0	0	0	0
AF	0	0.410369	1	1	0	0	0	0	0
AF	0	0.410681	2	2	0	0	0	0	0
AF	0	0.410993	6	4	2	0	0	0	0
AF	0	0.411305	3	2	1	0	0	0	0
AF	0	0.411618	2	1	1	0	0	0	0
AF	0	0.411930	2	1	1	0	0	0	0
AF	0	0.412242	6	3	3	0	0	0	0
AF	0	0.412555	4	1	3	0	0	0	0
AF	0	0.412867	5	3	2	0	0	0	0
AF	0	0.413179	2	1	1	0	0	0	0
AF	0	0.413492	5	3	2	0	0	0	0
AF	0	0.413804	1	1	0	0	0	0	0
AF	0	0.414116	2	2	0	0	0	0	0
AF	0	0.414428	1	1	0	0	0	0	0
AF	0	0.414741	5	2	3	0	0	0	0
AF	0	0.415053	2	1	1	0	0	0	0
AF	0	0.415365	1	0	1	0	0	0	0
AF	0	0.415678	4	2	2	0	0	0	0
AF	0	0.415990	2	1	1	0	0	0	0
AF	0	0.416302	5	3	2	0	0	0	0
AF	0	0.416615	4	3	1	0	0	0	0
AF	0	0.416927	1	1	0	0	0	0	0
AF	0	0.417552	2	1	1	0	0	0	0
AF	0	0.417864	3	1	2	0	0	0	0
AF	0	0.418176	1	1	0	0	0	0	0
AF	0	0.418488	4	4	0	0	0	0	0
AF	0	0.419113	2	2	0	0	0	0	0
AF	0	0.419425	2	1	1	0	0	0	0
AF	0	0.419738	2	2	0	0	0	0	0
AF	0	0.420362	1	1	0	0	0	0	0
AF	0	0.420987	3	2	1	0	0	0	0
AF	0	0.421299	1	0	1	0	0	0	0
AF	0	0.421924	2	1	1	0	0	0	0
AF	0	0.422236	1	0	1	0	0	0	0
AF	0	0.422548	2	1	1	0	0	0	0
AF	0	0.422861	5	3	2	0	0	0	0
AF	0	0.423173	4	3	1	0	0	0	0
AF	0	0.423485	1	1	0	0	0	0	0
AF	0	0.423798	1	0	1	0	0	0	0
AF	0	0.424110	3	1	2	0	0	0	0
AF	0	0.424422	1	0	1	0	0	0	0
AF	0	0.424735	2	1	1	0	0	0	0
AF	0	0.425047	2	2	0	0	0	0	0
AF	0	0.425359	2	2	0	0	0	0	0
AF	0	0.425671	2	1	1	0	0	0	0
AF	0	0.425984	2	2	0	0	0	0	0
AF	0	0.426296	2	1	1	0	0	0	0
AF	0	0.426608	3	1	2	0	0	0	0
AF	0	0.426921	4	3	1	0	0	0	0
AF	0	0.427233	2	1	1	0	0	0	0
AF	0	0.427545	2	2	0	0	0	0	0
AF	0	0.427858	2	2	0	0	0	0	0
AF	0	0.428170	3	2	1	0	0	0	0
AF	0	0.428482	2	2	0	0	0	0	0
AF	0	0.428795	1	1	0	0	0	0	0
AF	0	0.429107	3	3	0	0	0	0	0
AF	0	0.429419	1	0	1	0	0	0	0
AF	0	0.429731	4	4	0	0	0	0	0
AF	0	0.430044	2	1	1	0	0	0	0
AF	0	0.430356	1	1	0	0	0	0	0
AF	0	0.431293	2	2	0	0	0	0	0
AF	0	0.431918	2	1	1	0	0	0	0
AF	0	0.432230	1	1	0	0	0	0	0
AF	0	0.432542	2	1	1	0	0	0	0
AF	0	0.432854	1	0	1	0	0	0	0
AF	0	0.433167	1	1	0	0	0	0	0
AF	0	0.433479	7	5	2	0	0	0	0
AF	0	0.433791	2	2	0	0	0	0	0
AF	0	0.434104	2	2	0	0	0	0	0
AF	0	0.434416	1	1	0	0	0	0	0
AF	0	0.434728	2	2	0	0	0	0	0
AF	0	0.435041	1	1	0	0	0	0	0
AF	0	0.435353	1	0	1	0	0	0	0
AF	0	0.435665	2	1	1	0	0	0	0
AF	0	0.435978	1	1	0	0	0	0	0
AF	0	0.436290	4	2	2	0	0	0	0
AF	0	0.436602	1	1	0	0	0	0	0
AF	0	0.437851	2	1	1	0	0	0	0
AF	0	0.438164	2	2	0	0	0	0	0
AF	0	0.438476	2	2	0	0	0	0	0
AF	0	0.438788	2	0	2	0	0	0	0
AF	0	0.439413	3	0	3	0	0	0	0
AF	0	0.440037	1	0	1	0	0	0	0
AF	0	0.440350	2	1	1	0	0	0	0
AF	0	0.440662	5	4	1	0	0	0	0
AF	0	0.440974	2	2	0	0	0	0	0
AF	0	0.441287	4	1	3	0	0	0	0
AF	0	0.441599	2	2	0	0	0	0	0
AF	0	0.442224	3	2	1	0	0	0	0
AF	0	0.442536	3	2	1	0	0	0	0
AF	0	0.442848	3	2	1	0	0	0	0
AF	0	0.443161	1	1	0	0	0	0	0
AF	0	0.443473	1	0	1	0	0	0	0
AF	0	0.443785	2	2	0	0	0	0	0
AF	0	0.444097	1	1	0	0	0	0	0
AF	0	0.444410	1	1	0	0	0	0	0
AF	0	0.445347	2	1	1	0	0	0	0
AF	0	0.445659	3	1	2	0	0	0	0
AF	0	0.445971	1	1	0	0	0	0	0
AF	0	0.446908	1	1	0	0	0	0	0
AF	0	0.447220	3	0	3	0	0	0	0
AF	0	0.447845	3	1	2	0	0	0	0
AF	0	0.448157	2	1	1	0	0	0	0
AF	0	0.448470	1	1	0	0	0	0	0
AF	0	0.448782	1	1	0	0	0	0	0
AF	0	0.449094	2	1	1	0	0	0	0
AF	0	0.449407	2	1	1	0	0	0	0
AF	0	0.449719	1	1	0	0	0	0	0
AF	0	0.450031	5	3	2	0	0	0	0
AF	0	0.450344	1	1	0	0	0	0	0
AF	0	0.450968	3	2	1	0	0	0	0
AF	0	0.451280	2	1	1	0	0	0	0
AF	0	0.451593	1	0	1	0	0	0	0
AF	0	0.451905	2	2	0	0	0	0	0
AF	0	0.452217	2	1	1	0	0	0	0
AF	0	0.452842	2	1	1	0	0	0	0
AF	0	0.453154	3	0	3	0	0	0	0
AF	0	0.453467	1	1	0	0	0	0	0
AF	0	0.453779	2	2	0	0	0	0	0
AF	0	0.454091	2	1	1	0	0	0	0
AF	0	0.454716	1	1	0	0	0	0	0
AF	0	0.455340	2	2	0	0	0	0	0
AF	0	0.455965	2	2	0	0	0	0	0
AF	0	0.456277	1	0	1	0	0	0	0
AF	0	0.456590	1	1	0	0	0	0	0
AF	0	0.456902	2	1	1	0	0	0	0
AF	0	0.457214	2	2	0	0	0	0	0
AF	0	0.457527	2	2	0	0	0	0	0
AF	0	0.457839	2	0	2	0	0	0	0
AF	0	0.458151	3	2	1	0	0	0	0
AF	0	0.458463	3	3	0	0	0	0	0
AF	0	0.458776	2	2	0	0	0	0	0
AF	0	0.459088	1	1	0	0	0	0	0
AF	0	0.459400	1	1	0	0	0	0	0
AF	0	0.459713	1	1	0	0	0	0	0
AF	0	0.460025	1	0	1	0	0	0	0
AF	0	0.460337	2	1	1	0	0	0	0
AF	0	0.460962	1	0	1	0	0	0	0
AF	0	0.461274	3	2	1	0	0	0	0
AF	0	0.461587	3	2	1	0	0	0	0
AF	0	0.461899	1	1	0	0	0	0	0
AF	0	0.462523	1	1	0	0	0	0	0
AF	0	0.462836	2	1	1	0	0	0	0
AF	0	0.463148	1	1	0	0	0	0	0
AF	0	0.463460	1	1	0	0	0	0	0
AF	0	0.463773	1	1	0	0	0	0	0
AF	0	0.464085	1	1	0	0	0	0	0
AF	0	0.464710	2	1	1	0	0	0	0
AF	0	0.465022	6	3	3	0	0	0	0
AF	0	0.465334	4	1	3	0	0	0	0
AF	0	0.465646	1	0	1	0	0	0	0
AF	0	0.466271	3	3	0	0	0	0	0
AF	0	0.466583	1	1	0	0	0	0	0
AF	0	0.466896	1	1	0	0	0	0	0
AF	0	0.467208	2	1	1	0	0	0	0
AF	0	0.467520	2	2	0	0	0	0	0
AF	0	0.467833	4	3	1	0	0	0	0
AF	0	0.468145	2	0	2	0	0	0	0
AF	0	0.468457	1	1	0	0	0	0	0
AF	0	0.468770	1	1	0	0	0	0	0
AF	0	0.469082	2	1	1	0	0	0	0
AF	0	0.469394	1	1	0	0	0	0	0
AF	0	0.469706	4	1	3	0	0	0	0
AF	0	0.470019	1	0	1	0	0	0	0
AF	0	0.470331	5	2	3	0	0	0	0
AF	0	0.470643	6	6	0	0	0	0	0
AF	0	0.470956	2	1	1	0	0	0	0
AF	0	0.471268	3	3	0	0	0	0	0
AF	0	0.471580	3	3	0	0	0	0	0
AF	0	0.471893	2	2	0	0	0	0	0
AF	0	0.472205	3	2	1	0	0	0	0
AF	0	0.472517	2	0	2	0	0	0	0
AF	0	0.472829	5	2	3	0	0	0	0
AF	0	0.473454	2	2	0	0	0	0	0
AF	0	0.473766	2	1	1	0	0	0	0
AF	0	0.474079	2	2	0	0	0	0	0
AF	0	0.474391	3	3	0	0	0	0	0
AF	0	0.474703	1	1	0	0	0	0	0
AF	0	0.475328	3	3	0	0	0	0	0
AF	0	0.475640	2	2	0	0	0	0	0
AF	0	0.475953	1	1	0	0	0	0	0
AF	0	0.476265	1	0	1	0	0	0	0
AF	0	0.476577	3	0	3	0	0	0	0
AF	0	0.477202	1	1	0	0	0	0	0
AF	0	0.477826	1	0	1	0	0	0	0
AF	0	0.478139	1	0	1	0	0	0	0
AF	0	0.478763	1	0	1	0	0	0	0
AF	0	0.479388	2	1	1	0	0	0	0
AF	0	0.479700	2	1	1	0	0	0	0
AF	0	0.480012	1	1	0	0	0	0	0
AF	0	0.480325	1	0	1	0	0	0	0
AF	0	0.480637	4	3	1	0	0	0	0
AF	0	0.480949	2	2	0	0	0	0	0
AF	0	0.481262	2	1	1	0	0	0	0
AF	0	0.481574	2	0	2	0	0	0	0
AF	0	0.481886	2	1	1	0	0	0	0
AF	0	0.482199	2	2	0	0	0	0	0
AF	0	0.482511	4	3	1	0	0	0	0
AF	0	0.482823	2	1	1	0	0	0	0
AF	0	0.483136	1	0	1	0	0	0	0
AF	0	0.483448	2	0	2	0	0	0	0
AF	0	0.483760	2	0	2	0	0	0	0
AF	0	0.484385	2	1	1	0	0	0	0
AF	0	0.484697	4	1	3	0	0	0	0
AF	0	0.485009	2	2	0	0	0	0	0
AF	0	0.485322	4	2	2	0	0	0	0
AF	0	0.485634	3	1	2	0	0	0	0
AF	0	0.485946	1	0	1	0	0	0	0
AF	0	0.486259	4	3	1	0	0	0	0
AF	0	0.486571	1	1	0	0	0	0	0
AF	0	0.486883	1	1	0	0	0	0	0
AF	0	0.487196	3	2	1	0	0	0	0
AF	0	0.487508	1	1	0	0	0	0	0
AF	0	0.488132	3	2	1	0	0	0	0
AF	0	0.488445	2	0	2	0	0	0	0
AF	0	0.488757	2	2	0	0	0	0	0
AF	0	0.489069	2	2	0	0	0	0	0
AF	0	0.489694	1	0	1	0	0	0	0
AF	0	0.490006	2	1	1	0	0	0	0
AF	0	0.490319	2	2	0	0	0	0	0
AF	0	0.490943	3	2	1	0	0	0	0
AF	0	0.491568	1	1	0	0	0	0	0
AF	0	0.491880	2	2	0	0	0	0	0
AF	0	0.492192	3	3	0	0	0	0	0
AF	0	0.492505	1	1	0	0	0	0	0
AF	0	0.492817	2	0	2	0	0	0	0
AF	0	0.493129	4	2	2	0	0	0	0
AF	0	0.493442	2	2	0	0	0	0	0
AF	0	0.493754	2	2	0	0	0	0	0
AF	0	0.494379	1	0	1	0	0	0	0
AF	0	0.494691	4	2	2	0	0	0	0
AF	0	0.495003	10	4	6	0	0	0	0
AF	0	0.495315	4	2	2	0	0	0	0
AF	0	0.495628	3	3	0	0	0	0	0
AF	0	0.495940	3	3	0	0	0	0	0
AF	0	0.496252	1	1	0	0	0	0	0
AF	0	0.496565	1	1	0	0	0	0	0
AF	0	0.496877	4	4	0	0	0	0	0
AF	0	0.497189	3	2	1	0	0	0	0
AF	0	0.497502	1	1	0	0	0	0	0
AF	0	0.497814	1	1	0	0	0	0	0
AF	0	0.498126	2	2	0	0	0	0	0
AF	0	0.498438	2	1	1	0	0	0	0
AF	0	0.498751	3	2	1	0	0	0	0
AF	0	0.499063	1	1	0	0	0	0	0
AF	0	0.499375	2	2	0	0	0	0	0
AF	0	0.499688	3	2	1	0	0	0	0
AF	0	0.500000	5	3	2	0	0	0	0
AF	0	0.500312	3	3	0	0	0	0	0
AF	0	0.500625	2	1	1	0	0	0	0
AF	0	0.500937	3	1	2	0	0	0	0
AF	0	0.501249	1	1	0	0	0	0	0
AF	0	0.502186	1	0	1	0	0	0	0
AF	0	0.502498	5	4	1	0	0	0	0
AF	0	0.502811	3	2	1	0	0	0	0
AF	0	0.503435	2	2	0	0	0	0	0
AF	0	0.503748	3	2	1	0	0	0	0
AF	0	0.504060	3	1	2	0	0	0	0
AF	0	0.504997	1	1	0	0	0	0	0
AF	0	0.505309	2	2	0	0	0	0	0
AF	0	0.505621	1	1	0	0	0	0	0
AF	0	0.505934	6	5	1	0	0	0	0
AF	0	0.506246	2	2	0	0	0	0	0
AF	0	0.506558	2	2	0	0	0	0	0
AF	0	0.507183	1	1	0	0	0	0	0
AF	0	0.507495	1	1	0	0	0	0	0
AF	0	0.508120	1	0	1	0	0	0	0
AF	0	0.508745	3	3	0	0	0	0	0
AF	0	0.509057	1	1	0	0	0	0	0
AF	0	0.509369	2	2	0	0	0	0	0
AF	0	0.509681	2	2	0	0	0	0	0
AF	0	0.509994	1	1	0	0	0	0	0
AF	0	0.510306	4	2	2	0	0	0	0
AF	0	0.510931	1	1	0	0	0	0	0
AF	0	0.511243	2	2	0	0	0	0	0
AF	0	0.511555	2	2	0	0	0	0	0
AF	0	0.511868	1	1	0	0	0	0	0
AF	0	0.512180	2	2	0	0	0	0	0
AF	0	0.512492	2	2	0	0	0	0	0
AF	0	0.512804	2	2	0	0	0	0	0
AF	0	0.513117	2	1	1	0	0	0	0
AF	0	0.513429	2	2	0	0	0	0	0
AF	0	0.513741	1	0	1	0	0	0	0
AF	0	0.514366	2	2	0	0	0	0	0
AF	0	0.514678	2	1	1	0	0	0	0
AF	0	0.514991	1	1	0	0	0	0	0
AF	0	0.515615	1	0	1	0	0	0	0
AF	0	0.515928	1	1	0	0	0	0	0
AF	0	0.516240	3	2	1	0	0	0	0
AF	0	0.516552	3	2	1	0	0	0	0
AF	0	0.516864	1	1	0	0	0	0	0
AF	0	0.517177	2	0	2	0	0	0	0
AF	0	0.517489	4	3	1	0	0	0	0
AF	0	0.517801	1	1	0	0	0	0	0
AF	0	0.518114	2	2	0	0	0	0	0
AF	0	0.518426	1	0	1	0	0	0	0
AF	0	0.518738	1	1	0	0	0	0	0
AF	0	0.519051	1	0	1	0	0	0	0
AF	0	0.519363	2	1	1	0	0	0	0
AF	0	0.519675	1	1	0	0	0	0	0
AF	0	0.519988	4	4	0	0	0	0	0
AF	0	0.520612	4	3	1	0	0	0	0
AF	0	0.521237	2	1	1	0	0	0	0
AF	0	0.521549	1	1	0	0	0	0	0
AF	0	0.521861	1	0	1	0	0	0	0
AF	0	0.522174	2	1	1	0	0	0	0
AF	0	0.522486	4	2	2	0	0	0	0
AF	0	0.522798	2	1	1	0	0	0	0
AF	0	0.523111	1	1	0	0	0	0	0
AF	0	0.523423	1	1	0	0	0	0	0
AF	0	0.523735	1	0	1	0	0	0	0
AF	0	0.524360	2	1	1	0	0	0	0
AF	0	0.524672	1	0	1	0	0	0	0
AF	0	0.524984	1	1	0	0	0	0	0
AF	0	0.525609	1	1	0	0	0	0	0
AF	0	0.526234	1	1	0	0	0	0	0
AF	0	0.526546	1	1	0	0	0	0	0
AF	0	0.527483	1	1	0	0	0	0	0
AF	0	0.528420	3	3	0	0	0	0	0
AF	0	0.528732	1	1	0	0	0	0	0
AF	0	0.529044	3	1	2	0	0	0	0
AF	0	0.529357	1	1	0	0	0	0	0
AF	0	0.529669	3	0	3	0	0	0	0
AF	0	0.530294	1	1	0	0	0	0	0
AF	0	0.530606	3	3	0	0	0	0	0
AF	0	0.530918	1	1	0	0	0	0	0
AF	0	0.531230	1	1	0	0	0	0	0
AF	0	0.531855	4	1	3	0	0	0	0
AF	0	0.532167	2	2	0	0	0	0	0
AF	0	0.532480	3	2	1	0	0	0	0
AF	0	0.532792	4	2	2	0	0	0	0
AF	0	0.533104	1	1	0	0	0	0	0
AF	0	0.533417	1	1	0	0	0	0	0
AF	0	0.534354	3	2	1	0	0	0	0
AF	0	0.534666	1	1	0	0	0	0	0
AF	0	0.534978	4	2	2	0	0	0	0
AF	0	0.535290	1	1	0	0	0	0	0
AF	0	0.535603	4	3	1	0	0	0	0
AF	0	0.536227	4	3	1	0	0	0	0
AF	0	0.536540	1	1	0	0	0	0	0
AF	0	0.536852	2	2	0	0	0	0	0
AF	0	0.537164	2	1	1	0	0	0	0
AF	0	0.537477	1	1	0	0	0	0	0
AF	0	0.537789	1	1	0	0	0	0	0
AF	0	0.538101	2	1	1	0	0	0	0
AF	0	0.538413	3	2	1	0	0	0	0
AF	0	0.538726	1	1	0	0	0	0	0
AF	0	0.539038	4	3	1	0	0	0	0
AF	0	0.539350	3	2	1	0	0	0	0
AF	0	0.539663	4	2	2	0	0	0	0
AF	0	0.539975	1	1	0	0	0	0	0
AF	0	0.540287	2	2	0	0	0	0	0
AF	0	0.540600	4	3	1	0	0	0	0
AF	0	0.540912	4	3	1	0	0	0	0
AF	0	0.541224	6	3	3	0	0	0	0
AF	0	0.541849	1	1	0	0	0	0	0
AF	0	0.542161	3	0	3	0	0	0	0
AF	0	0.542786	1	1	0	0	0	0	0
AF	0	0.543410	2	2	0	0	0	0	0
AF	0	0.544035	1	0	1	0	0	0	0
AF	0	0.544347	1	1	0	0	0	0	0
AF	0	0.544660	2	1	1	0	0	0	0
AF	0	0.544972	2	0	2	0	0	0	0
AF	0	0.545597	3	3	0	0	0	0	0
AF	0	0.545909	2	1	1	0	0	0	0
AF	0	0.546221	1	1	0	0	0	0	0
AF	0	0.546533	3	2	1	0	0	0	0
AF	0	0.546846	5	2	3	0	0	0	0
AF	0	0.547158	1	1	0	0	0	0	0
AF	0	0.547470	1	1	0	0	0	0	0
AF	0	0.547783	2	1	1	0	0	0	0
AF	0	0.548095	3	2	1	0	0	0	0
AF	0	0.548407	2	1	1	0	0	0	0
AF	0	0.548720	5	5	0	0	0	0	0
AF	0	0.549032	2	1	1	0	0	0	0
AF	0	0.549656	2	2	0	0	0	0	0
AF	0	0.550281	2	1	1	0	0	0	0
AF	0	0.550593	4	3	1	0	0	0	0
AF	0	0.550906	1	0	1	0	0	0	0
AF	0	0.551530	2	1	1	0	0	0	0
AF	0	0.551843	4	3	1	0	0	0	0
AF	0	0.552155	2	2	0	0	0	0	0
AF	0	0.552467	2	2	0	0	0	0	0
AF	0	0.552780	2	1	1	0	0	0	0
AF	0	0.553092	3	3	0	0	0	0	0
AF	0	0.553404	2	2	0	0	0	0	0
AF	0	0.553716	4	4	0	0	0	0	0
AF	0	0.554029	4	1	3	0	0	0	0
AF	0	0.554341	1	1	0	0	0	0	0
AF	0	0.554653	3	3	0	0	0	0	0
AF	0	0.554966	4	2	2	0	0	0	0
AF	0	0.555278	4	4	0	0	0	0	0
AF	0	0.555590	2	2	0	0	0	0	0
AF	0	0.555903	3	2	1	0	0	0	0
AF	0	0.556527	2	2	0	0	0	0	0
AF	0	0.556839	3	2	1	0	0	0	0
AF	0	0.557152	1	1	0	0	0	0	0
AF	0	0.557464	1	1	0	0	0	0	0
AF	0	0.557776	1	1	0	0	0	0	0
AF	0	0.558401	1	0	1	0	0	0	0
AF	0	0.558713	1	1	0	0	0	0	0
AF	0	0.559026	2	2	0	0	0	0	0
AF	0	0.559338	5	3	2	0	0	0	0
AF	0	0.559650	2	2	0	0	0	0	0
AF	0	0.559963	7	4	3	0	0	0	0
AF	0	0.560275	2	2	0	0	0	0	0
AF	0	0.560587	1	1	0	0	0	0	0
AF	0	0.560899	3	1	2	0	0	0	0
AF	0	0.561836	2	1	1	0	0	0	0
AF	0	0.562149	1	0	1	0	0	0	0
AF	0	0.562461	2	1	1	0	0	0	0
AF	0	0.562773	3	2	1	0	0	0	0
AF	0	0.563086	3	1	2	0	0	0	0
AF	0	0.563398	9	5	4	0	0	0	0
AF	0	0.563710	1	1	0	0	0	0	0
AF	0	0.564022	1	1	0	0	0	0	0
AF	0	0.564335	2	2	0	0	0	0	0
AF	0	0.564647	1	0	1	0	0	0	0
AF	0	0.564959	3	1	2	0	0	0	0
AF	0	0.565584	3	2	1	0	0	0	0
AF	0	0.565896	1	1	0	0	0	0	0
AF	0	0.566209	2	2	0	0	0	0	0
AF	0	0.566521	1	1	0	0	0	0	0
AF	0	0.566833	1	0	1	0	0	0	0
AF	0	0.567458	3	2	1	0	0	0	0
AF	0	0.567770	4	2	2	0	0	0	0
AF	0	0.568082	1	1	0	0	0	0	0
AF	0	0.568395	1	1	0	0	0	0	0
AF	0	0.569019	4	2	2	0	0	0	0
AF	0	0.569644	2	2	0	0	0	0	0
AF	0	0.570269	3	1	2	0	0	0	0
AF	0	0.570893	4	1	3	0	0	0	0
AF	0	0.571205	1	1	0	0	0	0	0
AF	0	0.571518	1	1	0	0	0	0	0
AF	0	0.571830	3	3	0	0	0	0	0
AF	0	0.572142	2	1	1	0	0	0	0
AF	0	0.572455	1	0	1	0	0	0	0
AF	0	0.572767	4	3	1	0	0	0	0
AF	0	0.573079	6	4	2	0	0	0	0
AF	0	0.573704	3	1	2	0	0	0	0
AF	0	0.574016	1	0	1	0	0	0	0
AF	0	0.574329	3	2	1	0	0	0	0
AF	0	0.574641	1	0	1	0	0	0	0
AF	0	0.574953	4	4	0	0	0	0	0
AF	0	0.575265	2	2	0	0	0	0	0
AF	0	0.575578	2	1	1	0	0	0	0
AF	0	0.575890	1	0	1	0	0	0	0
AF	0	0.576202	5	3	2	0	0	0	0
AF	0	0.576827	3	3	0	0	0	0	0
AF	0	0.577139	1	1	0	0	0	0	0
AF	0	0.577764	2	2	0	0	0	0	0
AF	0	0.578076	2	2	0	0	0	0	0
AF	0	0.578701	2	2	0	0	0	0	0
AF	0	0.579013	2	2	0	0	0	0	0
AF	0	0.579325	1	0	1	0	0	0	0
AF	0	0.579638	2	1	1	0	0	0	0
AF	0	0.579950	1	1	0	0	0	0	0
AF	0	0.580262	1	1	0	0	0	0	0
AF	0	0.581824	1	1	0	0	0	0	0
AF	0	0.582136	2	1	1	0	0	0	0
AF	0	0.582448	1	1	0	0	0	0	0
AF	0	0.583073	2	2	0	0	0	0	0
AF	0	0.584010	2	2	0	0	0	0	0
AF	0	0.584322	1	1	0	0	0	0	0
AF	0	0.584635	1	1	0	0	0	0	0
AF	0	0.584947	1	1	0	0	0	0	0
AF	0	0.585259	1	1	0	0	0	0	0
AF	0	0.585572	1	0	1	0	0	0	0
AF	0	0.585884	1	1	0	0	0	0	0
AF	0	0.586196	2	2	0	0	0	0	0
AF	0	0.586508	2	2	0	0	0	0	0
AF	0	0.587758	3	2	1	0	0	0	0
AF	0	0.588070	3	3	0	0	0	0	0
AF	0	0.588382	2	2	0	0	0	0	0
AF	0	0.588695	4	3	1	0	0	0	0
AF	0	0.589319	1	1	0	0	0	0	0
AF	0	0.589631	3	2	1	0	0	0	0
AF	0	0.589944	2	2	0	0	0	0	0
AF	0	0.590256	2	2	0	0	0	0	0
AF	0	0.590568	3	1	2	0	0	0	0
AF	0	0.590881	3	3	0	0	0	0	0
AF	0	0.591505	3	3	0	0	0	0	0
AF	0	0.591818	2	2	0	0	0	0	0
AF	0	0.592442	2	2	0	0	0	0	0
AF	0	0.592755	5	2	3	0	0	0	0
AF	0	0.593067	2	0	2	0	0	0	0
AF	0	0.593691	1	0	1	0	0	0	0
AF	0	0.594628	1	1	0	0	0	0	0
AF	0	0.594941	1	1	0	0	0	0	0
AF	0	0.595878	3	2	1	0	0	0	0
AF	0	0.596190	1	1	0	0	0	0	0
AF	0	0.596502	3	3	0	0	0	0	0
AF	0	0.597127	2	1	1	0	0	0	0
AF	0	0.597439	2	1	1	0	0	0	0
AF	0	0.597751	2	1	1	0	0	0	0
AF	0	0.598064	1	1	0	0	0	0	0
AF	0	0.598688	1	1	0	0	0	0	0
AF	0	0.599001	1	1	0	0	0	0	0
AF	0	0.599313	2	2	0	0	0	0	0
AF	0	0.599625	1	1	0	0	0	0	0
AF	0	0.599938	1	0	1	0	0	0	0
AF	0	0.600250	3	2	1	0	0	0	0
AF	0	0.600562	2	2	0	0	0	0	0
AF	0	0.601187	1	1	0	0	0	0	0
AF	0	0.601499	3	2	1	0	0	0	0
AF	0	0.601811	1	1	0	0	0	0	0
AF	0	0.602124	1	1	0	0	0	0	0
AF	0	0.602436	2	0	2	0	0	0	0
AF	0	0.602748	3	3	0	0	0	0	0
AF	0	0.603061	2	2	0	0	0	0	0
AF	0	0.603373	1	1	0	0	0	0	0
AF	0	0.603998	2	2	0	0	0	0	0
AF	0	0.604310	2	2	0	0	0	0	0
AF	0	0.604622	2	1	1	0	0	0	0
AF	0	0.604934	2	1	1	0	0	0	0
AF	0	0.605247	1	1	0	0	0	0	0
AF	0	0.605871	1	0	1	0	0	0	0
AF	0	0.606184	1	1	0	0	0	0	0
AF	0	0.606496	1	1	0	0	0	0	0
AF	0	0.606808	1	1	0	0	0	0	0
AF	0	0.607121	2	1	1	0	0	0	0
AF	0	0.607433	2	1	1	0	0	0	0
AF	0	0.607745	3	1	2	0	0	0	0
AF	0	0.608057	1	1	0	0	0	0	0
AF	0	0.608370	1	0	1	0	0	0	0
AF	0	0.608682	3	3	0	0	0	0	0
AF	0	0.608994	2	1	1	0	0	0	0
AF	0	0.609619	1	0	1	0	0	0	0
AF	0	0.609931	4	1	3	0	0	0	0
AF	0	0.610556	2	2	0	0	0	0	0
AF	0	0.610868	2	2	0	0	0	0	0
AF	0	0.611181	1	1	0	0	0	0	0
AF	0	0.611805	1	1	0	0	0	0	0
AF	0	0.612117	3	1	2	0	0	0	0
AF	0	0.612430	3	1	2	0	0	0	0
AF	0	0.613054	3	3	0	0	0	0	0
AF	0	0.613679	2	2	0	0	0	0	0
AF	0	0.614304	1	1	0	0	0	0	0
AF	0	0.614928	2	1	1	0	0	0	0
AF	0	0.615865	1	1	0	0	0	0	0
AF	0	0.616177	2	2	0	0	0	0	0
AF	0	0.616490	2	1	1	0	0	0	0
AF	0	0.617427	1	1	0	0	0	0	0
AF	0	0.617739	2	2	0	0	0	0	0
AF	0	0.618051	1	0	1	0	0	0	0
AF	0	0.618364	1	0	1	0	0	0	0
AF	0	0.618676	1	1	0	0	0	0	0
AF	0	0.618988	3	2	1	0	0	0	0
AF	0	0.619613	1	1	0	0	0	0	0
AF	0	0.619925	2	2	0	0	0	0	0
AF	0	0.620237	2	1	1	0	0	0	0
AF	0	0.620550	3	2	1	0	0	0	0
AF	0	0.621174	1	1	0	0	0	0	0
AF	0	0.621487	1	1	0	0	0	0	0
AF	0	0.622111	1	1	0	0	0	0	0
AF	0	0.622423	2	1	1	0	0	0	0
AF	0	0.622736	1	1	0	0	0	0	0
AF	0	0.623673	2	1	1	0	0	0	0
AF	0	0.623985	2	2	0	0	0	0	0
AF	0	0.625234	1	0	1	0	0	0	0
AF	0	0.625547	2	1	1	0	0	0	0
AF	0	0.625859	2	2	0	0	0	0	0
AF	0	0.626171	5	3	2	0	0	0	0
AF	0	0.626483	3	2	1	0	0	0	0
AF	0	0.626796	2	1	1	0	0	0	0
AF	0	0.627420	1	0	1	0	0	0	0
AF	0	0.627733	1	0	1	0	0	0	0
AF	0	0.628045	3	3	0	0	0	0	0
AF	0	0.628982	2	2	0	0	0	0	0
AF	0	0.629606	1	1	0	0	0	0	0
AF	0	0.629919	1	1	0	0	0	0	0
AF	0	0.630231	1	0	1	0	0	0	0
AF	0	0.630543	2	2	0	0	0	0	0
AF	0	0.630856	1	1	0	0	0	0	0
AF	0	0.631168	2	2	0	0	0	0	0
AF	0	0.631793	2	2	0	0	0	0	0
AF	0	0.632105	1	1	0	0	0	0	0
AF	0	0.632417	3	1	2	0	0	0	0
AF	0	0.632730	2	1	1	0	0	0	0
AF	0	0.633042	2	2	0	0	0	0	0
AF	0	0.633354	1	0	1	0	0	0	0
AF	0	0.633666	2	1	1	0	0	0	0
AF	0	0.633979	1	1	0	0	0	0	0
AF	0	0.634291	2	1	1	0	0	0	0
AF	0	0.634603	2	1	1	0	0	0	0
AF	0	0.634916	2	2	0	0	0	0	0
AF	0	0.635228	2	0	2	0	0	0	0
AF	0	0.635853	2	1	1	0	0	0	0
AF	0	0.636477	1	0	1	0	0	0	0
AF	0	0.636790	3	0	3	0	0	0	0
AF	0	0.637102	1	1	0	0	0	0	0
AF	0	0.637726	4	1	3	0	0	0	0
AF	0	0.638039	1	0	1	0	0	0	0
AF	0	0.638976	4	2	2	0	0	0	0
AF	0	0.639288	1	1	0	0	0	0	0
AF	0	0.639600	1	1	0	0	0	0	0
AF	0	0.640225	4	3	1	0	0	0	0
AF	0	0.640537	1	1	0	0	0	0	0
AF	0	0.640849	3	1	2	0	0	0	0
AF	0	0.641162	1	1	0	0	0	0	0
AF	0	0.641474	2	1	1	0	0	0	0
AF	0	0.641786	4	3	1	0	0	0	0
AF	0	0.642099	5	3	2	0	0	0	0
AF	0	0.642411	1	1	0	0	0	0	0
AF	0	0.642723	1	1	0	0	0	0	0
AF	0	0.643036	1	0	1	0	0	0	0
AF	0	0.643660	3	2	1	0	0	0	0
AF	0	0.643973	4	4	0	0	0	0	0
AF	0	0.644285	1	1	0	0	0	0	0
AF	0	0.644597	5	4	1	0	0	0	0
AF	0	0.644909	3	2	1	0	0	0	0
AF	0	0.645222	3	3	0	0	0	0	0
AF	0	0.645534	5	3	2	0	0	0	0
AF	0	0.645846	1	1	0	0	0	0	0
AF	0	0.646159	2	1	1	0	0	0	0
AF	0	0.646471	1	1	0	0	0	0	0
AF	0	0.646783	1	1	0	0	0	0	0
AF	0	0.647096	1	0	1	0	0	0	0
AF	0	0.647408	2	1	1	0	0	0	0
AF	0	0.647720	2	2	0	0	0	0	0
AF	0	0.648032	1	0	1	0	0	0	0
AF	0	0.648345	4	2	2	0	0	0	0
AF	0	0.648657	1	0	1	0	0	0	0
AF	0	0.648969	2	2	0	0	0	0	0
AF	0	0.649282	1	1	0	0	0	0	0
AF	0	0.649594	2	2	0	0	0	0	0
AF	0	0.649906	1	0	1	0	0	0	0
AF	0	0.650531	2	2	0	0	0	0	0
AF	0	0.650843	2	2	0	0	0	0	0
AF	0	0.651468	2	2	0	0	0	0	0
AF	0	0.651780	2	0	2	0	0	0	0
AF	0	0.652092	1	1	0	0	0	0	0
AF	0	0.652405	1	1	0	0	0	0	0
AF	0	0.652717	3	3	0	0	0	0	0
AF	0	0.653029	2	1	1	0	0	0	0
AF	0	0.653342	1	0	1	0	0	0	0
AF	0	0.653654	2	0	2	0	0	0	0
AF	0	0.654279	1	0	1	0	0	0	0
AF	0	0.654591	1	1	0	0	0	0	0
AF	0	0.655215	4	2	2	0	0	0	0
AF	0	0.655528	2	2	0	0	0	0	0
AF	0	0.656465	2	1	1	0	0	0	0
AF	0	0.658026	4	2	2	0	0	0	0
AF	0	0.658651	5	2	3	0	0	0	0
AF	0	0.658963	2	1	1	0	0	0	0
AF	0	0.659588	4	4	0	0	0	0	0
AF	0	0.660212	4	1	3	0	0	0	0
AF	0	0.660525	5	3	2	0	0	0	0
AF	0	0.660837	2	2	0	0	0	0	0
AF	0	0.661774	2	1	1	0	0	0	0
AF	0	0.662086	1	1	0	0	0	0	0
AF	0	0.662711	2	2	0	0	0	0	0
AF	0	0.663335	1	1	0	0	0	0	0
AF	0	0.663648	3	2	1	0	0	0	0
AF	0	0.663960	1	1	0	0	0	0	0
AF	0	0.664272	1	0	1	0	0	0	0
AF	0	0.664585	1	0	1	0	0	0	0
AF	0	0.664897	1	1	0	0	0	0	0
AF	0	0.665209	1	1	0	0	0	0	0
AF	0	0.665522	3	2	1	0	0	0	0
AF	0	0.665834	2	1	1	0	0	0	0
AF	0	0.666458	2	2	0	0	0	0	0
AF	0	0.667708	2	1	1	0	0	0	0
AF	0	0.668332	3	2	1	0	0	0	0
AF	0	0.668957	2	2	0	0	0	0	0
AF	0	0.669269	1	1	0	0	0	0	0
AF	0	0.669582	3	1	2	0	0	0	0
AF	0	0.669894	3	3	0	0	0	0	0
AF	0	0.670206	2	2	0	0	0	0	0
AF	0	0.670518	1	0	1	0	0	0	0
AF	0	0.670831	2	0	2	0	0	0	0
AF	0	0.671143	2	2	0	0	0	0	0
AF	0	0.671455	3	2	1	0	0	0	0
AF	0	0.672080	2	1	1	0	0	0	0
AF	0	0.672392	1	0	1	0	0	0	0
AF	0	0.672705	2	2	0	0	0	0	0
AF	0	0.673641	1	1	0	0	0	0	0
AF	0	0.673954	2	2	0	0	0	0	0
AF	0	0.674266	1	1	0	0	0	0	0
AF	0	0.674578	1	0	1	0	0	0	0
AF	0	0.674891	1	1	0	0	0	0	0
AF	0	0.675203	4	3	1	0	0	0	0
AF	0	0.675515	3	2	1	0	0	0	0
AF	0	0.675828	3	2	1	0	0	0	0
AF	0	0.676140	4	3	1	0	0	0	0
AF	0	0.677077	2	2	0	0	0	0	0
AF	0	0.677701	1	1	0	0	0	0	0
AF	0	0.678014	2	1	1	0	0	0	0
AF	0	0.678326	1	0	1	0	0	0	0
AF	0	0.678638	2	1	1	0	0	0	0
AF	0	0.678951	2	1	1	0	0	0	0
AF	0	0.679263	3	2	1	0	0	0	0
AF	0	0.679575	3	2	1	0	0	0	0
AF	0	0.680200	2	2	0	0	0	0	0
AF	0	0.680824	1	0	1	0	0	0	0
AF	0	0.681137	3	3	0	0	0	0	0
AF	0	0.681761	1	1	0	0	0	0	0
AF	0	0.682074	2	1	1	0	0	0	0
AF	0	0.682698	1	1	0	0	0	0	0
AF	0	0.683011	2	2	0	0	0	0	0
AF	0	0.683323	1	0	1	0	0	0	0
AF	0	0.683635	4	1	3	0	0	0	0
AF	0	0.684260	1	1	0	0	0	0	0
AF	0	0.685197	1	1	0	0	0	0	0
AF	0	0.685509	1	1	0	0	0	0	0
AF	0	0.685821	1	0	1	0	0	0	0
AF	0	0.686134	2	2	0	0	0	0	0
AF	0	0.686446	1	0	1	0	0	0	0
AF	0	0.686758	2	1	1	0	0	0	0
AF	0	0.687071	3	2	1	0	0	0	0
AF	0	0.687383	1	0	1	0	0	0	0
AF	0	0.687695	1	1	0	0	0	0	0
AF	0	0.688007	2	1	1	0	0	0	0
AF	0	0.688320	2	2	0	0	0	0	0
AF	0	0.688632	2	1	1	0	0	0	0
AF	0	0.688944	3	0	3	0	0	0	0
AF	0	0.689257	1	0	1	0	0	0	0
AF	0	0.689569	2	1	1	0	0	0	0
AF	0	0.690506	4	3	1	0	0	0	0
AF	0	0.690818	2	2	0	0	0	0	0
AF	0	0.691755	2	2	0	0	0	0	0
AF	0	0.692067	3	0	3	0	0	0	0
AF	0	0.692380	1	0	1	0	0	0	0
AF	0	0.692692	2	2	0	0	0	0	0
AF	0	0.693004	2	2	0	0	0	0	0
AF	0	0.693629	1	1	0	0	0	0	0
AF	0	0.693941	3	2	1	0	0	0	0
AF	0	0.694254	1	0	1	0	0	0	0
AF	0	0.694566	2	2	0	0	0	0	0
AF	0	0.694878	2	2	0	0	0	0	0
AF	0	0.695191	2	2	0	0	0	0	0
AF	0	0.695503	4	4	0	0	0	0	0
AF	0	0.695815	6	5	1	0	0	0	0
AF	0	0.696127	4	1	3	0	0	0	0
AF	0	0.696752	2	0	2	0	0	0	0
AF	0	0.697377	1	1	0	0	0	0	0
AF	0	0.697689	1	0	1	0	0	0	0
AF	0	0.698001	2	2	0	0	0	0	0
AF	0	0.698314	5	4	1	0	0	0	0
AF	0	0.698626	3	3	0	0	0	0	0
AF	0	0.698938	2	2	0	0	0	0	0
AF	0	0.699875	3	3	0	0	0	0	0
AF	0	0.700187	2	2	0	0	0	0	0
AF	0	0.700500	2	2	0	0	0	0	0
AF	0	0.700812	3	2	1	0	0	0	0
AF	0	0.701437	2	1	1	0	0	0	0
AF	0	0.701749	1	1	0	0	0	0	0
AF	0	0.702374	1	1	0	0	0	0	0
AF	0	0.702686	1	0	1	0	0	0	0
AF	0	0.702998	3	3	0	0	0	0	0
AF	0	0.703310	1	1	0	0	0	0	0
AF	0	0.704247	1	1	0	0	0	0	0
AF	0	0.704872	1	0	1	0	0	0	0
AF	0	0.705184	1	0	1	0	0	0	0
AF	0	0.705497	1	1	0	0	0	0	0
AF	0	0.705809	2	1	1	0	0	0	0
AF	0	0.706121	3	2	1	0	0	0	0
AF	0	0.706746	2	1	1	0	0	0	0
AF	0	0.707058	1	1	0	0	0	0	0
AF	0	0.707683	1	1	0	0	0	0	0
AF	0	0.708307	2	2	0	0	0	0	0
AF	0	0.708620	1	1	0	0	0	0	0
AF	0	0.708932	1	1	0	0	0	0	0
AF	0	0.709557	3	3	0	0	0	0	0
AF	0	0.709869	2	2	0	0	0	0	0
AF	0	0.710181	1	1	0	0	0	0	0
AF	0	0.710493	2	1	1	0	0	0	0
AF	0	0.710806	2	2	0	0	0	0	0
AF	0	0.711118	4	4	0	0	0	0	0
AF	0	0.711430	4	3	1	0	0	0	0
AF	0	0.711743	4	3	1	0	0	0	0
AF	0	0.712055	7	7	0	0	0	0	0
AF	0	0.712367	4	3	1	0	0	0	0
AF	0	0.712680	4	4	0	0	0	0	0
AF	0	0.712992	3	1	2	0	0	0	0
AF	0	0.713304	3	1	2	0	0	0	0
AF	0	0.713616	6	4	2	0	0	0	0
AF	0	0.714241	3	2	1	0	0	0	0
AF	0	0.714553	3	2	1	0	0	0	0
AF	0	0.714866	1	1	0	0	0	0	0
AF	0	0.715490	1	1	0	0	0	0	0
AF	0	0.716115	1	1	0	0	0	0	0
AF	0	0.717052	1	1	0	0	0	0	0
AF	0	0.717364	1	0	1	0	0	0	0
AF	0	0.717676	1	0	1	0	0	0	0
AF	0	0.717989	1	1	0	0	0	0	0
AF	0	0.718301	2	2	0	0	0	0	0
AF	0	0.718613	2	2	0	0	0	0	0
AF	0	0.718926	1	0	1	0	0	0	0
AF	0	0.719238	1	1	0	0	0	0	0
AF	0	0.719550	1	1	0	0	0	0	0
AF	0	0.719863	1	1	0	0	0	0	0
AF	0	0.720175	1	0	1	0	0	0	0
AF	0	0.720487	1	1	0	0	0	0	0
AF	0	0.721112	2	1	1	0	0	0	0
AF	0	0.721424	1	1	0	0	0	0	0
AF	0	0.721736	1	1	0	0	0	0	0
AF	0	0.722049	1	1	0	0	0	0	0
AF	0	0.722361	3	2	1	0	0	0	0
AF	0	0.722986	1	1	0	0	0	0	0
AF	0	0.723298	3	2	1	0	0	0	0
AF	0	0.723610	1	1	0	0	0	0	0
AF	0	0.724235	3	2	1	0	0	0	0
AF	0	0.724547	1	0	1	0	0	0	0
AF	0	0.724859	1	1	0	0	0	0	0
AF	0	0.725172	1	1	0	0	0	0	0
AF	0	0.725484	2	2	0	0	0	0	0
AF	0	0.725796	1	1	0	0	0	0	0
AF	0	0.726421	1	1	0	0	0	0	0
AF	0	0.727046	1	1	0	0	0	0	0
AF	0	0.727358	1	1	0	0	0	0	0
AF	0	0.727670	7	4	3	0	0	0	0
AF	0	0.727983	2	2	0	0	0	0	0
AF	0	0.728295	1	1	0	0	0	0	0
AF	0	0.728607	1	0	1	0	0	0	0
AF	0	0.728919	2	1	1	0	0	0	0
AF	0	0.729232	3	2	1	0	0	0	0
AF	0	0.729856	1	0	1	0	0	0	0
AF	0	0.730169	2	1	1	0	0	0	0
AF	0	0.730481	1	0	1	0	0	0	0
AF	0	0.731418	1	1	0	0	0	0	0
AF	0	0.731730	1	1	0	0	0	0	0
AF	0	0.732042	1	0	1	0	0	0	0
AF	0	0.732667	2	2	0	0	0	0	0
AF	0	0.733292	1	0	1	0	0	0	0
AF	0	0.733604	2	1	1	0	0	0	0
AF	0	0.733916	3	3	0	0	0	0	0
AF	0	0.734229	2	2	0	0	0	0	0
AF	0	0.735166	1	1	0	0	0	0	0
AF	0	0.735478	2	2	0	0	0	0	0
AF	0	0.735790	1	0	1	0	0	0	0
AF	0	0.736102	1	0	1	0	0	0	0
AF	0	0.736415	1	1	0	0	0	0	0
AF	0	0.736727	1	0	1	0	0	0	0
AF	0	0.737352	1	1	0	0	0	0	0
AF	0	0.737664	1	1	0	0	0	0	0
AF	0	0.737976	4	3	1	0	0	0	0
AF	0	0.738289	1	0	1	0	0	0	0
AF	0	0.738601	4	3	1	0	0	0	0
AF	0	0.738913	1	1	0	0	0	0	0
AF	0	0.739225	1	1	0	0	0	0	0
AF	0	0.739538	2	1	1	0	0	0	0
AF	0	0.739850	2	0	2	0	0	0	0
AF	0	0.741724	1	1	0	0	0	0	0
AF	0	0.742036	3	3	0	0	0	0	0
AF	0	0.742661	2	1	1	0	0	0	0
AF	0	0.742973	1	1	0	0	0	0	0
AF	0	0.743285	1	0	1	0	0	0	0
AF	0	0.743598	2	2	0	0	0	0	0
AF	0	0.743910	1	1	0	0	0	0	0
AF	0	0.744222	2	1	1	0	0	0	0
AF	0	0.744535	2	1	1	0	0	0	0
AF	0	0.745159	3	3	0	0	0	0	0
AF	0	0.745472	1	1	0	0	0	0	0
AF	0	0.745784	1	1	0	0	0	0	0
AF	0	0.746096	1	0	1	0	0	0	0
AF	0	0.747345	1	1	0	0	0	0	0
AF	0	0.747658	2	1	1	0	0	0	0
AF	0	0.749219	3	1	2	0	0	0	0
AF	0	0.749532	3	2	1	0	0	0	0
AF	0	0.749844	2	1	1	0	0	0	0
AF	0	0.750468	1	0	1	0	0	0	0
AF	0	0.750781	1	0	1	0	0	0	0
AF	0	0.751093	2	2	0	0	0	0	0
AF	0	0.751718	1	0	1	0	0	0	0
AF	0	0.752342	1	1	0	0	0	0	0
AF	0	0.752655	2	2	0	0	0	0	0
AF	0	0.752967	1	1	0	0	0	0	0
AF	0	0.753904	2	1	1	0	0	0	0
AF	0	0.754216	2	0	2	0	0	0	0
AF	0	0.754528	1	1	0	0	0	0	0
AF	0	0.754841	4	4	0	0	0	0	0
AF	0	0.755153	2	0	2	0	0	0	0
AF	0	0.755778	3	1	2	0	0	0	0
AF	0	0.756402	1	0	1	0	0	0	0
AF	0	0.757339	1	1	0	0	0	0	0
AF	0	0.757651	1	1	0	0	0	0	0
AF	0	0.757964	1	1	0	0	0	0	0
AF	0	0.758276	1	1	0	0	0	0	0
AF	0	0.758588	1	1	0	0	0	0	0
AF	0	0.759525	2	1	1	0	0	0	0
AF	0	0.759838	3	3	0	0	0	0	0
AF	0	0.760462	1	1	0	0	0	0	0
AF	0	0.761087	1	1	0	0	0	0	0
AF	0	0.761399	2	1	1	0	0	0	0
AF	0	0.761711	1	0	1	0	0	0	0
AF	0	0.762024	2	1	1	0	0	0	0
AF	0	0.762648	1	1	0	0	0	0	0
AF	0	0.763273	2	0	2	0	0	0	0
AF	0	0.763585	3	3	0	0	0	0	0
AF	0	0.763898	3	1	2	0	0	0	0
AF	0	0.764522	2	2	0	0	0	0	0
AF	0	0.764834	4	4	0	0	0	0	0
AF	0	0.765147	1	1	0	0	0	0	0
AF	0	0.765459	1	0	1	0	0	0	0
AF	0	0.765771	1	0	1	0	0	0	0
AF	0	0.766084	2	1	1	0	0	0	0
AF	0	0.766396	3	2	1	0	0	0	0
AF	0	0.766708	3	2	1	0	0	0	0
AF	0	0.767333	1	1	0	0	0	0	0
AF	0	0.767958	1	0	1	0	0	0	0
AF	0	0.768270	1	1	0	0	0	0	0
AF	0	0.768582	1	1	0	0	0	0	0
AF	0	0.768894	2	2	0	0	0	0	0
AF	0	0.769519	3	1	2	0	0	0	0
AF	0	0.769831	1	1	0	0	0	0	0
AF	0	0.770456	2	1	1	0	0	0	0
AF	0	0.770768	1	1	0	0	0	0	0
AF	0	0.771081	2	1	1	0	0	0	0
AF	0	0.772330	2	0	2	0	0	0	0
AF	0	0.772642	2	0	2	0	0	0	0
AF	0	0.772954	1	1	0	0	0	0	0
AF	0	0.773267	2	1	1	0	0	0	0
AF	0	0.773579	1	1	0	0	0	0	0
AF	0	0.773891	4	3	1	0	0	0	0
AF	0	0.774204	2	2	0	0	0	0	0
AF	0	0.774516	1	1	0	0	0	0	0
AF	0	0.774828	1	1	0	0	0	0	0
AF	0	0.775453	4	2	2	0	0	0	0
AF	0	0.775765	2	1	1	0	0	0	0
AF	0	0.776077	1	1	0	0	0	0	0
AF	0	0.776390	2	0	2	0	0	0	0
AF	0	0.777014	2	0	2	0	0	0	0
AF	0	0.777327	3	2	1	0	0	0	0
AF	0	0.777639	2	2	0	0	0	0	0
AF	0	0.778264	1	1	0	0	0	0	0
AF	0	0.778576	2	2	0	0	0	0	0
AF	0	0.778888	1	1	0	0	0	0	0
AF	0	0.779200	2	2	0	0	0	0	0
AF	0	0.780137	1	1	0	0	0	0	0
AF	0	0.781074	2	2	0	0	0	0	0
AF	0	0.781387	1	1	0	0	0	0	0
AF	0	0.781699	1	1	0	0	0	0	0
AF	0	0.783260	1	1	0	0	0	0	0
AF	0	0.783573	1	1	0	0	0	0	0
AF	0	0.784197	2	1	1	0	0	0	0
AF	0	0.785447	1	1	0	0	0	0	0
AF	0	0.785759	1	1	0	0	0	0	0
AF	0	0.786384	1	0	1	0	0	0	0
AF	0	0.787008	1	1	0	0	0	0	0
AF	0	0.787320	3	3	0	0	0	0	0
AF	0	0.787633	1	0	1	0	0	0	0
AF	0	0.787945	1	1	0	0	0	0	0
AF	0	0.788257	2	2	0	0	0	0	0
AF	0	0.788882	2	1	1	0	0	0	0
AF	0	0.789507	2	2	0	0	0	0	0
AF	0	0.789819	3	3	0	0	0	0	0
AF	0	0.790131	2	2	0	0	0	0	0
AF	0	0.790443	1	0	1	0	0	0	0
AF	0	0.790756	1	1	0	0	0	0	0
AF	0	0.791068	2	2	0	0	0	0	0
AF	0	0.791380	1	0	1	0	0	0	0
AF	0	0.792630	1	1	0	0	0	0	0
AF	0	0.792942	2	2	0	0	0	0	0
AF	0	0.794191	1	1	0	0	0	0	0
AF	0	0.794503	1	0	1	0	0	0	0
AF	0	0.795753	3	1	2	0	0	0	0
AF	0	0.797002	2	2	0	0	0	0	0
AF	0	0.797314	1	1	0	0	0	0	0
AF	0	0.797939	1	1	0	0	0	0	0
AF	0	0.798563	2	1	1	0	0	0	0
AF	0	0.799188	4	1	3	0	0	0	0
AF	0	0.799500	1	0	1	0	0	0	0
AF	0	0.799813	1	0	1	0	0	0	0
AF	0	0.800750	2	2	0	0	0	0	0
AF	0	0.801062	1	1	0	0	0	0	0
AF	0	0.801374	1	1	0	0	0	0	0
AF	0	0.801999	1	1	0	0	0	0	0
AF	0	0.802311	1	1	0	0	0	0	0
AF	0	0.802623	1	1	0	0	0	0	0
AF	0	0.802936	3	2	1	0	0	0	0
AF	0	0.803248	2	2	0	0	0	0	0
AF	0	0.803873	1	0	1	0	0	0	0
AF	0	0.804185	1	0	1	0	0	0	0
AF	0	0.804809	1	1	0	0	0	0	0
AF	0	0.805434	4	2	2	0	0	0	0
AF	0	0.805746	1	1	0	0	0	0	0
AF	0	0.806059	2	2	0	0	0	0	0
AF	0	0.806683	1	1	0	0	0	0	0
AF	0	0.806996	1	0	1	0	0	0	0
AF	0	0.807308	2	0	2	0	0	0	0
AF	0	0.807620	1	1	0	0	0	0	0
AF	0	0.808557	2	2	0	0	0	0	0
AF	0	0.808869	1	1	0	0	0	0	0
AF	0	0.809182	1	1	0	0	0	0	0
AF	0	0.810119	1	1	0	0	0	0	0
AF	0	0.810743	3	1	2	0	0	0	0
AF	0	0.811056	1	1	0	0	0	0	0
AF	0	0.811368	1	1	0	0	0	0	0
AF	0	0.811993	1	1	0	0	0	0	0
AF	0	0.812929	1	1	0	0	0	0	0
AF	0	0.813242	1	0	1	0	0	0	0
AF	0	0.813554	2	2	0	0	0	0	0
AF	0	0.813866	1	1	0	0	0	0	0
AF	0	0.814803	3	2	1	0	0	0	0
AF	0	0.815116	1	1	0	0	0	0	0
AF	0	0.815428	1	1	0	0	0	0	0
AF	0	0.815740	2	2	0	0	0	0	0
AF	0	0.816677	2	0	2	0	0	0	0
AF	0	0.816989	2	2	0	0	0	0	0
AF	0	0.817302	1	1	0	0	0	0	0
AF	0	0.817614	1	0	1	0	0	0	0
AF	0	0.819176	2	2	0	0	0	0	0
AF	0	0.820112	1	0	1	0	0	0	0
AF	0	0.822299	2	2	0	0	0	0	0
AF	0	0.823235	1	1	0	0	0	0	0
AF	0	0.823548	1	0	1	0	0	0	0
AF	0	0.823860	1	1	0	0	0	0	0
AF	0	0.824172	3	2	1	0	0	0	0
AF	0	0.826046	1	1	0	0	0	0	0
AF	0	0.826359	1	1	0	0	0	0	0
AF	0	0.827295	1	0	1	0	0	0	0
AF	0	0.828857	2	1	1	0	0	0	0
AF	0	0.829169	2	2	0	0	0	0	0
AF	0	0.829482	1	1	0	0	0	0	0
AF	0	0.829794	1	1	0	0	0	0	0
AF	0	0.830418	3	3	0	0	0	0	0
AF	0	0.830731	4	3	1	0	0	0	0
AF	0	0.832605	1	1	0	0	0	0	0
AF	0	0.832917	3	3	0	0	0	0	0
AF	0	0.833229	1	0	1	0	0	0	0
AF	0	0.834791	1	0	1	0	0	0	0
AF	0	0.835103	1	1	0	0	0	0	0
AF	0	0.835415	1	1	0	0	0	0	0
AF	0	0.835728	2	2	0	0	0	0	0
AF	0	0.836040	2	1	1	0	0	0	0
AF	0	0.836352	2	0	2	0	0	0	0
AF	0	0.836977	5	3	2	0	0	0	0
AF	0	0.837601	1	1	0	0	0	0	0
AF	0	0.837914	1	1	0	0	0	0	0
AF	0	0.838538	1	0	1	0	0	0	0
AF	0	0.838851	1	1	0	0	0	0	0
AF	0	0.839163	1	1	0	0	0	0	0
AF	0	0.839788	3	3	0	0	0	0	0
AF	0	0.841037	1	1	0	0	0	0	0
AF	0	0.841349	1	1	0	0	0	0	0
AF	0	0.841661	2	2	0	0	0	0	0
AF	0	0.841974	1	1	0	0	0	0	0
AF	0	0.842286	1	1	0	0	0	0	0
AF	0	0.842911	1	1	0	0	0	0	0
AF	0	0.843223	1	0	1	0	0	0	0
AF	0	0.843535	1	1	0	0	0	0	0
AF	0	0.844160	1	0	1	0	0	0	0
AF	0	0.844785	1	1	0	0	0	0	0
AF	0	0.845097	2	1	1	0	0	0	0
AF	0	0.845721	1	1	0	0	0	0	0
AF	0	0.846034	2	1	1	0	0	0	0
AF	0	0.846346	1	0	1	0	0	0	0
AF	0	0.846658	1	0	1	0	0	0	0
AF	0	0.846971	1	1	0	0	0	0	0
AF	0	0.847283	2	1	1	0	0	0	0
AF	0	0.847595	2	2	0	0	0	0	0
AF	0	0.847908	1	1	0	0	0	0	0
AF	0	0.848532	1	1	0	0	0	0	0
AF	0	0.848844	2	2	0	0	0	0	0
AF	0	0.849469	2	1	1	0	0	0	0
AF	0	0.849781	2	1	1	0	0	0	0
AF	0	0.850406	1	1	0	0	0	0	0
AF	0	0.850718	6	3	3	0	0	0	0
AF	0	0.851655	1	1	0	0	0	0	0
AF	0	0.851968	3	3	0	0	0	0	0
AF	0	0.852592	3	2	1	0	0	0	0
AF	0	0.852904	1	1	0	0	0	0	0
AF	0	0.853217	1	1	0	0	0	0	0
AF	0	0.853529	2	0	2	0	0	0	0
AF	0	0.854466	3	2	1	0	0	0	0
AF	0	0.854778	2	1	1	0	0	0	0
AF	0	0.855091	1	0	1	0	0	0	0
AF	0	0.855403	1	0	1	0	0	0	0
AF	0	0.856027	1	1	0	0	0	0	0
AF	0	0.856340	2	2	0	0	0	0	0
AF	0	0.856964	2	2	0	0	0	0	0
AF	0	0.857901	1	1	0	0	0	0	0
AF	0	0.858526	1	0	1	0	0	0	0
AF	0	0.859463	1	1	0	0	0	0	0
AF	0	0.859775	3	1	2	0	0	0	0
AF	0	0.860087	1	1	0	0	0	0	0
AF	0	0.860400	1	1	0	0	0	0	0
AF	0	0.861337	2	2	0	0	0	0	0
AF	0	0.862586	1	1	0	0	0	0	0
AF	0	0.863210	1	1	0	0	0	0	0
AF	0	0.863835	1	1	0	0	0	0	0
AF	0	0.864147	1	0	1	0	0	0	0
AF	0	0.864460	1	1	0	0	0	0	0
AF	0	0.865397	1	1	0	0	0	0	0
AF	0	0.866334	2	2	0	0	0	0	0
AF	0	0.866958	2	2	0	0	0	0	0
AF	0	0.867270	3	1	2	0	0	0	0
AF	0	0.867583	2	1	1	0	0	0	0
AF	0	0.867895	3	3	0	0	0	0	0
AF	0	0.868207	1	1	0	0	0	0	0
AF	0	0.868832	1	1	0	0	0	0	0
AF	0	0.869144	1	0	1	0	0	0	0
AF	0	0.869457	1	1	0	0	0	0	0
AF	0	0.870081	3	3	0	0	0	0	0
AF	0	0.870706	2	2	0	0	0	0	0
AF	0	0.871643	1	1	0	0	0	0	0
AF	0	0.872267	1	1	0	0	0	0	0
AF	0	0.872892	1	1	0	0	0	0	0
AF	0	0.874141	1	0	1	0	0	0	0
AF	0	0.875078	2	1	1	0	0	0	0
AF	0	0.875703	1	1	0	0	0	0	0
AF	0	0.876015	1	1	0	0	0	0	0
AF	0	0.876327	2	2	0	0	0	0	0
AF	0	0.876640	1	1	0	0	0	0	0
AF	0	0.876952	3	3	0	0	0	0	0
AF	0	0.877264	1	1	0	0	0	0	0
AF	0	0.877577	2	0	2	0	0	0	0
AF	0	0.877889	2	0	2	0	0	0	0
AF	0	0.878201	7	4	3	0	0	0	0
AF	0	0.878513	2	2	0	0	0	0	0
AF	0	0.878826	3	2	1	0	0	0	0
AF	0	0.879138	1	1	0	0	0	0	0
AF	0	0.879450	1	1	0	0	0	0	0
AF	0	0.879763	2	2	0	0	0	0	0
AF	0	0.880075	1	1	0	0	0	0	0
AF	0	0.880387	1	0	1	0	0	0	0
AF	0	0.881012	2	1	1	0	0	0	0
AF	0	0.881324	1	1	0	0	0	0	0
AF	0	0.881636	1	1	0	0	0	0	0
AF	0	0.881949	2	2	0	0	0	0	0
AF	0	0.882886	2	2	0	0	0	0	0
AF	0	0.883198	2	2	0	0	0	0	0
AF	0	0.883823	2	2	0	0	0	0	0
AF	0	0.885384	1	1	0	0	0	0	0
AF	0	0.885696	1	0	1	0	0	0	0
AF	0	0.886633	2	1	1	0	0	0	0
AF	0	0.887883	4	2	2	0	0	0	0
AF	0	0.888195	3	2	1	0	0	0	0
AF	0	0.888507	1	1	0	0	0	0	0
AF	0	0.888819	2	0	2	0	0	0	0
AF	0	0.889132	1	1	0	0	0	0	0
AF	0	0.889756	1	0	1	0	0	0	0
AF	0	0.890069	1	1	0	0	0	0	0
AF	0	0.890693	2	1	1	0	0	0	0
AF	0	0.891006	1	0	1	0	0	0	0
AF	0	0.891630	2	1	1	0	0	0	0
AF	0	0.891943	2	1	1	0	0	0	0
AF	0	0.892567	2	2	0	0	0	0	0
AF	0	0.892879	1	0	1	0	0	0	0
AF	0	0.893192	1	1	0	0	0	0	0
AF	0	0.893816	3	2	1	0	0	0	0
AF	0	0.894753	1	1	0	0	0	0	0
AF	0	0.895690	1	1	0	0	0	0	0
AF	0	0.896315	1	1	0	0	0	0	0
AF	0	0.896939	1	1	0	0	0	0	0
AF	0	0.897564	1	0	1	0	0	0	0
AF	0	0.897876	1	1	0	0	0	0	0
AF	0	0.898189	1	0	1	0	0	0	0
AF	0	0.898501	1	1	0	0	0	0	0
AF	0	0.898813	1	1	0	0	0	0	0
AF	0	0.899126	1	1	0	0	0	0	0
AF	0	0.899750	1	1	0	0	0	0	0
AF	0	0.900375	2	0	2	0	0	0	0
AF	0	0.900687	1	1	0	0	0	0	0
AF	0	0.900999	1	1	0	0	0	0	0
AF	0	0.901312	1	0	1	0	0	0	0
AF	0	0.902249	1	1	0	0	0	0	0
AF	0	0.902561	2	1	1	0	0	0	0
AF	0	0.903186	2	2	0	0	0	0	0
AF	0	0.903810	2	2	0	0	0	0	0
AF	0	0.905684	1	0	1	0	0	0	0
AF	0	0.905996	2	1	1	0	0	0	0
AF	0	0.906621	1	1	0	0	0	0	0
AF	0	0.906933	1	0	1	0	0	0	0
AF	0	0.907245	1	0	1	0	0	0	0
AF	0	0.907558	1	1	0	0	0	0	0
AF	0	0.908182	2	2	0	0	0	0	0
AF	0	0.908495	1	1	0	0	0	0	0
AF	0	0.908807	1	1	0	0	0	0	0
AF	0	0.910056	1	0	1	0	0	0	0
AF	0	0.910993	2	2	0	0	0	0	0
AF	0	0.911618	1	1	0	0	0	0	0
AF	0	0.912242	2	2	0	0	0	0	0
AF	0	0.913492	1	0	1	0	0	0	0
AF	0	0.915990	1	0	1	0	0	0	0
AF	0	0.916302	1	1	0	0	0	0	0
AF	0	0.917552	1	0	1	0	0	0	0
AF	0	0.917864	1	0	1	0	0	0	0
AF	0	0.918488	1	1	0	0	0	0	0
AF	0	0.919113	1	1	0	0	0	0	0
AF	0	0.920050	1	1	0	0	0	0	0
AF	0	0.920362	4	4	0	0	0	0	0
AF	0	0.920675	4	2	2	0	0	0	0
AF	0	0.920987	1	1	0	0	0	0	0
AF	0	0.921924	1	1	0	0	0	0	0
AF	0	0.922548	2	1	1	0	0	0	0
AF	0	0.922861	3	3	0	0	0	0	0
AF	0	0.923173	2	1	1	0	0	0	0
AF	0	0.923798	2	1	1	0	0	0	0
AF	0	0.927233	1	0	1	0	0	0	0
AF	0	0.930668	1	1	0	0	0	0	0
AF	0	0.931293	1	1	0	0	0	0	0
AF	0	0.931605	1	0	1	0	0	0	0
AF	0	0.932230	1	1	0	0	0	0	0
AF	0	0.932854	2	2	0	0	0	0	0
AF	0	0.934416	1	0	1	0	0	0	0
AF	0	0.935353	2	1	1	0	0	0	0
AF	0	0.936290	1	1	0	0	0	0	0
AF	0	0.936602	1	1	0	0	0	0	0
AF	0	0.937539	1	0	1	0	0	0	0
AF	0	0.937851	2	1	1	0	0	0	0
AF	0	0.939413	1	1	0	0	0	0	0
AF	0	0.941599	3	3	0	0	0	0	0
AF	0	0.942224	1	1	0	0	0	0	0
AF	0	0.943473	1	0	1	0	0	0	0
AF	0	0.944097	1	0	1	0	0	0	0
AF	0	0.945971	1	1	0	0	0	0	0
AF	0	0.946908	1	1	0	0	0	0	0
AF	0	0.948157	1	0	1	0	0	0	0
AF	0	0.948470	1	1	0	0	0	0	0
AF	0	0.948782	1	1	0	0	0	0	0
AF	0	0.949407	1	1	0	0	0	0	0
AF	0	0.949719	2	1	1	0	0	0	0
AF	0	0.950031	1	1	0	0	0	0	0
AF	0	0.950344	2	1	1	0	0	0	0
AF	0	0.950656	2	2	0	0	0	0	0
AF	0	0.951905	1	1	0	0	0	0	0
AF	0	0.952217	2	2	0	0	0	0	0
AF	0	0.952842	1	1	0	0	0	0	0
AF	0	0.953154	1	1	0	0	0	0	0
AF	0	0.954091	1	1	0	0	0	0	0
AF	0	0.954716	1	1	0	0	0	0	0
AF	0	0.955965	1	0	1	0	0	0	0
AF	0	0.956277	1	1	0	0	0	0	0
AF	0	0.957214	3	3	0	0	0	0	0
AF	0	0.957839	2	2	0	0	0	0	0
AF	0	0.958776	2	0	2	0	0	0	0
AF	0	0.959088	1	0	1	0	0	0	0
AF	0	0.960025	1	1	0	0	0	0	0
AF	0	0.960962	1	1	0	0	0	0	0
AF	0	0.961587	1	1	0	0	0	0	0
AF	0	0.962211	2	2	0	0	0	0	0
AF	0	0.962523	1	1	0	0	0	0	0
AF	0	0.962836	2	1	1	0	0	0	0
AF	0	0.963148	1	1	0	0	0	0	0
AF	0	0.963460	1	0	1	0	0	0	0
AF	0	0.964710	2	0	2	0	0	0	0
AF	0	0.966271	1	0	1	0	0	0	0
AF	0	0.967520	3	2	1	0	0	0	0
AF	0	0.968145	2	2	0	0	0	0	0
AF	0	0.968457	1	1	0	0	0	0	0
AF	0	0.968770	1	0	1	0	0	0	0
AF	0	0.969394	1	1	0	0	0	0	0
AF	0	0.970019	2	2	0	0	0	0	0
AF	0	0.970643	1	0	1	0	0	0	0
AF	0	0.971268	2	1	1	0	0	0	0
AF	0	0.971580	1	1	0	0	0	0	0
AF	0	0.971893	3	3	0	0	0	0	0
AF	0	0.972517	1	1	0	0	0	0	0
AF	0	0.973454	2	1	1	0	0	0	0
AF	0	0.973766	1	1	0	0	0	0	0
AF	0	0.974079	1	0	1	0	0	0	0
AF	0	0.974391	1	1	0	0	0	0	0
AF	0	0.974703	1	1	0	0	0	0	0
AF	0	0.975328	1	0	1	0	0	0	0
AF	0	0.975640	1	1	0	0	0	0	0
AF	0	0.976265	1	1	0	0	0	0	0
AF	0	0.976577	4	3	1	0	0	0	0
AF	0	0.976889	5	5	0	0	0	0	0
AF	0	0.978451	1	0	1	0	0	0	0
AF	0	0.979388	1	1	0	0	0	0	0
AF	0	0.980949	1	1	0	0	0	0	0
AF	0	0.981574	1	1	0	0	0	0	0
AF	0	0.981886	1	1	0	0	0	0	0
AF	0	0.982199	1	0	1	0	0	0	0
AF	0	0.984385	3	3	0	0	0	0	0
AF	0	0.986259	2	2	0	0	0	0	0
AF	0	0.986883	1	1	0	0	0	0	0
AF	0	0.987196	1	0	1	0	0	0	0
AF	0	0.987820	1	0	1	0	0	0	0
AF	0	0.988757	2	1	1	0	0	0	0
AF	0	0.989694	1	0	1	0	0	0	0
AF	0	0.990319	1	1	0	0	0	0	0
AF	0	0.990943	1	1	0	0	0	0	0
AF	0	0.992505	1	1	0	0	0	0	0
AF	0	0.993129	2	1	1	0	0	0	0
AF	0	0.995315	1	1	0	0	0	0	0
AF	0	0.995628	1	0	1	0	0	0	0
AF	0	0.995940	1	1	0	0	0	0	0
AF	0	0.996252	1	1	0	0	0	0	0
AF	0	0.996565	2	2	0	0	0	0	0
AF	0	0.996877	3	0	3	0	0	0	0
AF	0	0.997189	1	0	1	0	0	0	0
AF	0	0.997502	4	3	1	0	0	0	0
AF	0	0.997814	2	2	0	0	0	0	0
AF	0	0.998438	2	1	1	0	0	0	0
AF	0	0.999063	4	3	1	0	0	0	0
AF	0	0.999375	3	3	0	0	0	0	0
# QUAL, Stats by quality
# QUAL	[2]id	[3]Quality	[4]number of SNPs	[5]number of transitions (1st ALT)	[6]number of transversions (1st ALT)	[7]number of indels
QUAL	0	.	38810	25836	12974	0
# IDD, InDel distribution:
# IDD	[2]id	[3]length (deletions negative)	[4]number of sites	[5]number of genotypes	[6]mean VAF
# ST, Substitution types:
# ST	[2]id	[3]type	[4]count
ST	0	A>C	1316
ST	0	A>G	4480
ST	0	A>T	978
ST	0	C>A	1817
ST	0	C>G	2534
ST	0	C>T	8278
ST	0	G>A	8855
ST	0	G>C	2453
ST	0	G>T	1580
ST	0	T>A	1134
ST	0	T>C	4223
ST	0	T>G	1162
# DP, Depth distribution
# DP	[2]id	[3]bin	[4]number of genotypes	[5]fraction of genotypes (%)	[6]number of sites	[7]fraction of sites (%)
  - Fix haploid genotypes in males...

Submit MakeDiploidMalesX finished successfully. Let's have a beer, buddy!

