Submit MakeDiploidMalesX
version 1.1.6 (2024-09-30)

These are the settings:
  Input file................: /hpc/local/Rocky8/dhl_ec/software/MonopogenLite/resources/1kGP_high_coverage_Illumina.SNVonly_poly.filtered_AF_5e-04.norm.fixvariantid.chrX.vcf.gz
  Output file...............: /hpc/local/Rocky8/dhl_ec/software/MonopogenLite/resources/1kGP_high_coverage_Illumina.SNVonly_poly.filtered_AF_5e-04.norm.fixvariantid.makediploid.chrX.vcf.gz
  Chunk size................: 100

  SLURM CPUs................: 4
  SLURM Array ID............: 67 (of 100)
  SLURM memory..............: 16G
  SLURM time................: 01:00:00
  SLURM mail type...........: FAIL
  SLURM mail user...........: s.w.vanderlaan-2@umcutrecht.nl

  Dry run mode..............: 0
  Debug mode................: 1
  Verbosity.................: 0
  Version...................: 1.1.6 (2024-09-30)

Making converting haploid genotypes to diploid genotypes.
> Extract the region for this SLURM task (# 67) from the BED file.
  - Get the chunk number from the SLURM array task ID and the bed file...
DEBUG: Extracting chunk number: 67p from 67
DEBUG: Extracting region from BED file: /hpc/local/Rocky8/dhl_ec/software/MonopogenLite/resources/chrX_100pieces.bed
  - Extract the region from the BED file...
DEBUG: Extracted raw region: 'chrX	102986929	104547336' (chunk #: 67p of 100 for job 67)
  - Check if a valid region was extracted -- should be 'chrX	102986929	104547336'...
  - Prepare the region for bcftools...
  - Check if the region (chrX:102986929-104547336) was successfully extracted...
> Processing region 'chrX:102986929-104547336'...
  - Process the specific region (chunk# 67) using bcftools view...
  - Index the VCF file...
DEBUG: Check if the VCF file was successfully processed...
##fileformat=VCFv4.2
##FILTER=<ID=PASS,Description="All filters passed">
##fileDate=29/01/2022 - 14:31:41
##source=shapeit4.2.2
##contig=<ID=chr1,length=248956422>
##contig=<ID=chr2,length=242193529>
##contig=<ID=chr3,length=198295559>
##contig=<ID=chr4,length=190214555>
##contig=<ID=chr5,length=181538259>
##contig=<ID=chr6,length=170805979>
# This file was produced by bcftools stats (1.20+htslib-1.20) and can be plotted using plot-vcfstats.
# The command line was:	bcftools stats  /hpc/local/Rocky8/dhl_ec/software/MonopogenLite/resources/chrX.part67.vcf.gz
#
# Definition of sets:
# ID	[2]id	[3]tab-separated file names
ID	0	/hpc/local/Rocky8/dhl_ec/software/MonopogenLite/resources/chrX.part67.vcf.gz
# SN, Summary numbers:
#   number of records   .. number of data rows in the VCF
#   number of no-ALTs   .. reference-only sites, ALT is either "." or identical to REF
#   number of SNPs      .. number of rows with a SNP
#   number of MNPs      .. number of rows with a MNP, such as CC>TT
#   number of indels    .. number of rows with an indel
#   number of others    .. number of rows with other type, for example a symbolic allele or
#                          a complex substitution, such as ACT>TCGA
#   number of multiallelic sites     .. number of rows with multiple alternate alleles
#   number of multiallelic SNP sites .. number of rows with multiple alternate alleles, all SNPs
# 
#   Note that rows containing multiple types will be counted multiple times, in each
#   counter. For example, a row with a SNP and an indel increments both the SNP and
#   the indel counter.
# 
# SN	[2]id	[3]key	[4]value
SN	0	number of samples:	3202
SN	0	number of records:	12734
SN	0	number of no-ALTs:	0
SN	0	number of SNPs:	12734
SN	0	number of MNPs:	0
SN	0	number of indels:	0
SN	0	number of others:	0
SN	0	number of multiallelic sites:	0
SN	0	number of multiallelic SNP sites:	0
# TSTV, transitions/transversions:
# TSTV	[2]id	[3]ts	[4]tv	[5]ts/tv	[6]ts (1st ALT)	[7]tv (1st ALT)	[8]ts/tv (1st ALT)
TSTV	0	8731	4003	2.18	8731	4003	2.18
# SiS, Singleton stats:
# SiS	[2]id	[3]allele count	[4]number of SNPs	[5]number of transitions	[6]number of transversions	[7]number of indels	[8]repeat-consistent	[9]repeat-inconsistent	[10]not applicable
SiS	0	1	0	0	0	0	0	0	0
# AF, Stats by non-reference allele frequency:
# AF	[2]id	[3]allele frequency	[4]number of SNPs	[5]number of transitions	[6]number of transversions	[7]number of indels	[8]repeat-consistent	[9]repeat-inconsistent	[10]not applicable
AF	0	0.000312	2288	1636	652	0	0	0	0
AF	0	0.000625	1330	904	426	0	0	0	0
AF	0	0.000937	1429	1001	428	0	0	0	0
AF	0	0.001249	390	268	122	0	0	0	0
AF	0	0.001562	699	487	212	0	0	0	0
AF	0	0.001874	215	136	79	0	0	0	0
AF	0	0.002186	390	262	128	0	0	0	0
AF	0	0.002498	220	154	66	0	0	0	0
AF	0	0.002811	258	177	81	0	0	0	0
AF	0	0.003123	115	88	27	0	0	0	0
AF	0	0.003435	241	145	96	0	0	0	0
AF	0	0.003748	105	70	35	0	0	0	0
AF	0	0.004060	202	137	65	0	0	0	0
AF	0	0.004372	91	60	31	0	0	0	0
AF	0	0.004685	169	120	49	0	0	0	0
AF	0	0.004997	99	66	33	0	0	0	0
AF	0	0.005309	123	89	34	0	0	0	0
AF	0	0.005621	68	33	35	0	0	0	0
AF	0	0.005934	122	87	35	0	0	0	0
AF	0	0.006246	48	35	13	0	0	0	0
AF	0	0.006558	124	73	51	0	0	0	0
AF	0	0.006871	43	32	11	0	0	0	0
AF	0	0.007183	102	70	32	0	0	0	0
AF	0	0.007495	31	16	15	0	0	0	0
AF	0	0.007808	68	46	22	0	0	0	0
AF	0	0.008120	31	20	11	0	0	0	0
AF	0	0.008432	77	51	26	0	0	0	0
AF	0	0.008745	54	42	12	0	0	0	0
AF	0	0.009057	49	35	14	0	0	0	0
AF	0	0.009369	37	22	15	0	0	0	0
AF	0	0.009681	64	40	24	0	0	0	0
AF	0	0.009994	27	18	9	0	0	0	0
AF	0	0.010306	41	20	21	0	0	0	0
AF	0	0.010618	21	13	8	0	0	0	0
AF	0	0.010931	25	18	7	0	0	0	0
AF	0	0.011243	19	8	11	0	0	0	0
AF	0	0.011555	36	23	13	0	0	0	0
AF	0	0.011868	33	24	9	0	0	0	0
AF	0	0.012180	40	29	11	0	0	0	0
AF	0	0.012492	27	13	14	0	0	0	0
AF	0	0.012804	49	36	13	0	0	0	0
AF	0	0.013117	34	23	11	0	0	0	0
AF	0	0.013429	36	20	16	0	0	0	0
AF	0	0.013741	19	10	9	0	0	0	0
AF	0	0.014054	47	32	15	0	0	0	0
AF	0	0.014366	14	9	5	0	0	0	0
AF	0	0.014678	37	27	10	0	0	0	0
AF	0	0.014991	5	3	2	0	0	0	0
AF	0	0.015303	24	17	7	0	0	0	0
AF	0	0.015615	15	11	4	0	0	0	0
AF	0	0.015928	37	27	10	0	0	0	0
AF	0	0.016240	30	16	14	0	0	0	0
AF	0	0.016552	50	32	18	0	0	0	0
AF	0	0.016864	16	13	3	0	0	0	0
AF	0	0.017177	47	32	15	0	0	0	0
AF	0	0.017489	13	10	3	0	0	0	0
AF	0	0.017801	29	20	9	0	0	0	0
AF	0	0.018114	6	5	1	0	0	0	0
AF	0	0.018426	31	23	8	0	0	0	0
AF	0	0.018738	12	5	7	0	0	0	0
AF	0	0.019051	27	16	11	0	0	0	0
AF	0	0.019363	25	19	6	0	0	0	0
AF	0	0.019675	47	34	13	0	0	0	0
AF	0	0.019988	13	10	3	0	0	0	0
AF	0	0.020300	38	27	11	0	0	0	0
AF	0	0.020612	26	16	10	0	0	0	0
AF	0	0.020924	43	22	21	0	0	0	0
AF	0	0.021237	7	2	5	0	0	0	0
AF	0	0.021549	18	14	4	0	0	0	0
AF	0	0.021861	8	7	1	0	0	0	0
AF	0	0.022174	18	12	6	0	0	0	0
AF	0	0.022486	5	2	3	0	0	0	0
AF	0	0.022798	8	7	1	0	0	0	0
AF	0	0.023111	4	4	0	0	0	0	0
AF	0	0.023423	10	8	2	0	0	0	0
AF	0	0.023735	3	3	0	0	0	0	0
AF	0	0.024047	11	10	1	0	0	0	0
AF	0	0.024360	4	2	2	0	0	0	0
AF	0	0.024672	12	6	6	0	0	0	0
AF	0	0.024984	4	2	2	0	0	0	0
AF	0	0.025297	8	3	5	0	0	0	0
AF	0	0.025609	4	1	3	0	0	0	0
AF	0	0.025921	4	3	1	0	0	0	0
AF	0	0.026234	8	7	1	0	0	0	0
AF	0	0.026546	30	16	14	0	0	0	0
AF	0	0.026858	8	6	2	0	0	0	0
AF	0	0.027171	14	9	5	0	0	0	0
AF	0	0.027483	11	10	1	0	0	0	0
AF	0	0.027795	27	17	10	0	0	0	0
AF	0	0.028107	8	8	0	0	0	0	0
AF	0	0.028420	12	8	4	0	0	0	0
AF	0	0.028732	2	2	0	0	0	0	0
AF	0	0.029044	10	8	2	0	0	0	0
AF	0	0.029357	4	4	0	0	0	0	0
AF	0	0.029669	25	17	8	0	0	0	0
AF	0	0.029981	8	4	4	0	0	0	0
AF	0	0.030294	17	14	3	0	0	0	0
AF	0	0.030606	8	4	4	0	0	0	0
AF	0	0.030918	11	9	2	0	0	0	0
AF	0	0.031230	6	5	1	0	0	0	0
AF	0	0.031543	13	8	5	0	0	0	0
AF	0	0.031855	7	6	1	0	0	0	0
AF	0	0.032167	16	8	8	0	0	0	0
AF	0	0.032480	2	2	0	0	0	0	0
AF	0	0.032792	13	12	1	0	0	0	0
AF	0	0.033104	6	5	1	0	0	0	0
AF	0	0.033417	14	8	6	0	0	0	0
AF	0	0.033729	10	7	3	0	0	0	0
AF	0	0.034041	12	11	1	0	0	0	0
AF	0	0.034354	8	4	4	0	0	0	0
AF	0	0.034666	10	10	0	0	0	0	0
AF	0	0.034978	7	5	2	0	0	0	0
AF	0	0.035290	12	9	3	0	0	0	0
AF	0	0.035603	4	3	1	0	0	0	0
AF	0	0.035915	3	1	2	0	0	0	0
AF	0	0.036227	6	4	2	0	0	0	0
AF	0	0.036540	7	5	2	0	0	0	0
AF	0	0.036852	2	1	1	0	0	0	0
AF	0	0.037164	5	2	3	0	0	0	0
AF	0	0.037477	6	4	2	0	0	0	0
AF	0	0.037789	3	3	0	0	0	0	0
AF	0	0.038101	5	2	3	0	0	0	0
AF	0	0.038413	14	10	4	0	0	0	0
AF	0	0.038726	4	2	2	0	0	0	0
AF	0	0.039038	2	2	0	0	0	0	0
AF	0	0.039350	1	1	0	0	0	0	0
AF	0	0.039663	12	8	4	0	0	0	0
AF	0	0.039975	4	3	1	0	0	0	0
AF	0	0.040287	4	2	2	0	0	0	0
AF	0	0.040600	1	1	0	0	0	0	0
AF	0	0.040912	8	4	4	0	0	0	0
AF	0	0.041224	4	2	2	0	0	0	0
AF	0	0.041537	10	9	1	0	0	0	0
AF	0	0.041849	1	1	0	0	0	0	0
AF	0	0.042161	1	0	1	0	0	0	0
AF	0	0.042473	4	1	3	0	0	0	0
AF	0	0.042786	6	3	3	0	0	0	0
AF	0	0.043098	3	3	0	0	0	0	0
AF	0	0.043410	6	3	3	0	0	0	0
AF	0	0.043723	11	10	1	0	0	0	0
AF	0	0.044035	8	6	2	0	0	0	0
AF	0	0.044347	4	3	1	0	0	0	0
AF	0	0.044660	6	5	1	0	0	0	0
AF	0	0.044972	2	2	0	0	0	0	0
AF	0	0.045284	32	22	10	0	0	0	0
AF	0	0.045597	7	4	3	0	0	0	0
AF	0	0.045909	3	3	0	0	0	0	0
AF	0	0.046221	2	0	2	0	0	0	0
AF	0	0.046533	5	3	2	0	0	0	0
AF	0	0.046846	2	2	0	0	0	0	0
AF	0	0.047158	9	4	5	0	0	0	0
AF	0	0.047470	11	7	4	0	0	0	0
AF	0	0.047783	7	6	1	0	0	0	0
AF	0	0.048095	1	1	0	0	0	0	0
AF	0	0.048407	5	3	2	0	0	0	0
AF	0	0.049032	5	3	2	0	0	0	0
AF	0	0.049656	1	1	0	0	0	0	0
AF	0	0.049969	1	1	0	0	0	0	0
AF	0	0.050281	4	4	0	0	0	0	0
AF	0	0.050593	3	1	2	0	0	0	0
AF	0	0.050906	2	1	1	0	0	0	0
AF	0	0.051218	4	3	1	0	0	0	0
AF	0	0.051530	8	7	1	0	0	0	0
AF	0	0.051843	12	10	2	0	0	0	0
AF	0	0.052155	20	13	7	0	0	0	0
AF	0	0.052467	4	3	1	0	0	0	0
AF	0	0.052780	9	6	3	0	0	0	0
AF	0	0.053092	15	12	3	0	0	0	0
AF	0	0.053404	17	12	5	0	0	0	0
AF	0	0.053716	5	4	1	0	0	0	0
AF	0	0.054029	6	6	0	0	0	0	0
AF	0	0.054341	3	0	3	0	0	0	0
AF	0	0.054653	3	2	1	0	0	0	0
AF	0	0.054966	1	1	0	0	0	0	0
AF	0	0.055278	3	1	2	0	0	0	0
AF	0	0.055590	3	3	0	0	0	0	0
AF	0	0.055903	1	1	0	0	0	0	0
AF	0	0.056215	3	3	0	0	0	0	0
AF	0	0.056527	6	5	1	0	0	0	0
AF	0	0.056839	1	0	1	0	0	0	0
AF	0	0.057152	9	5	4	0	0	0	0
AF	0	0.057464	9	3	6	0	0	0	0
AF	0	0.057776	12	7	5	0	0	0	0
AF	0	0.058089	8	4	4	0	0	0	0
AF	0	0.058401	6	6	0	0	0	0	0
AF	0	0.058713	5	3	2	0	0	0	0
AF	0	0.059026	13	8	5	0	0	0	0
AF	0	0.059338	2	2	0	0	0	0	0
AF	0	0.059650	6	6	0	0	0	0	0
AF	0	0.060275	3	3	0	0	0	0	0
AF	0	0.060587	2	2	0	0	0	0	0
AF	0	0.060899	1	1	0	0	0	0	0
AF	0	0.061524	1	1	0	0	0	0	0
AF	0	0.061836	1	1	0	0	0	0	0
AF	0	0.062149	1	0	1	0	0	0	0
AF	0	0.062461	1	1	0	0	0	0	0
AF	0	0.063086	1	1	0	0	0	0	0
AF	0	0.063398	1	1	0	0	0	0	0
AF	0	0.064022	7	5	2	0	0	0	0
AF	0	0.064335	1	0	1	0	0	0	0
AF	0	0.064647	4	4	0	0	0	0	0
AF	0	0.064959	8	5	3	0	0	0	0
AF	0	0.065272	10	8	2	0	0	0	0
AF	0	0.065584	3	3	0	0	0	0	0
AF	0	0.065896	13	9	4	0	0	0	0
AF	0	0.066209	4	2	2	0	0	0	0
AF	0	0.066521	1	1	0	0	0	0	0
AF	0	0.066833	1	0	1	0	0	0	0
AF	0	0.067146	3	3	0	0	0	0	0
AF	0	0.067458	1	1	0	0	0	0	0
AF	0	0.067770	7	5	2	0	0	0	0
AF	0	0.068082	2	0	2	0	0	0	0
AF	0	0.068395	4	2	2	0	0	0	0
AF	0	0.068707	1	1	0	0	0	0	0
AF	0	0.069332	1	0	1	0	0	0	0
AF	0	0.069644	2	1	1	0	0	0	0
AF	0	0.069956	1	0	1	0	0	0	0
AF	0	0.070269	5	4	1	0	0	0	0
AF	0	0.070581	1	1	0	0	0	0	0
AF	0	0.070893	3	3	0	0	0	0	0
AF	0	0.071205	4	2	2	0	0	0	0
AF	0	0.071518	8	3	5	0	0	0	0
AF	0	0.071830	1	0	1	0	0	0	0
AF	0	0.072142	4	2	2	0	0	0	0
AF	0	0.072455	4	2	2	0	0	0	0
AF	0	0.072767	8	7	1	0	0	0	0
AF	0	0.073392	4	3	1	0	0	0	0
AF	0	0.074016	2	1	1	0	0	0	0
AF	0	0.074329	1	0	1	0	0	0	0
AF	0	0.074641	1	0	1	0	0	0	0
AF	0	0.074953	1	1	0	0	0	0	0
AF	0	0.075265	1	1	0	0	0	0	0
AF	0	0.075890	2	2	0	0	0	0	0
AF	0	0.076515	1	0	1	0	0	0	0
AF	0	0.077139	3	1	2	0	0	0	0
AF	0	0.077452	1	1	0	0	0	0	0
AF	0	0.077764	2	2	0	0	0	0	0
AF	0	0.078076	2	2	0	0	0	0	0
AF	0	0.078389	2	0	2	0	0	0	0
AF	0	0.078701	2	2	0	0	0	0	0
AF	0	0.079013	1	0	1	0	0	0	0
AF	0	0.079325	1	0	1	0	0	0	0
AF	0	0.080262	9	7	2	0	0	0	0
AF	0	0.080887	3	2	1	0	0	0	0
AF	0	0.081512	1	1	0	0	0	0	0
AF	0	0.082136	3	2	1	0	0	0	0
AF	0	0.082761	2	2	0	0	0	0	0
AF	0	0.083073	2	2	0	0	0	0	0
AF	0	0.083385	3	2	1	0	0	0	0
AF	0	0.083698	1	1	0	0	0	0	0
AF	0	0.084010	4	3	1	0	0	0	0
AF	0	0.084635	1	1	0	0	0	0	0
AF	0	0.085259	1	0	1	0	0	0	0
AF	0	0.085884	1	1	0	0	0	0	0
AF	0	0.086508	1	0	1	0	0	0	0
AF	0	0.087133	2	2	0	0	0	0	0
AF	0	0.088070	2	2	0	0	0	0	0
AF	0	0.088695	4	2	2	0	0	0	0
AF	0	0.089007	4	3	1	0	0	0	0
AF	0	0.089944	1	0	1	0	0	0	0
AF	0	0.090256	4	2	2	0	0	0	0
AF	0	0.090568	1	0	1	0	0	0	0
AF	0	0.090881	3	2	1	0	0	0	0
AF	0	0.091193	2	2	0	0	0	0	0
AF	0	0.091505	1	1	0	0	0	0	0
AF	0	0.091818	2	2	0	0	0	0	0
AF	0	0.092130	2	2	0	0	0	0	0
AF	0	0.093067	1	0	1	0	0	0	0
AF	0	0.093379	3	1	2	0	0	0	0
AF	0	0.093691	1	1	0	0	0	0	0
AF	0	0.094004	9	6	3	0	0	0	0
AF	0	0.094316	3	2	1	0	0	0	0
AF	0	0.094941	1	1	0	0	0	0	0
AF	0	0.095253	2	1	1	0	0	0	0
AF	0	0.095565	2	1	1	0	0	0	0
AF	0	0.095878	1	1	0	0	0	0	0
AF	0	0.096190	3	2	1	0	0	0	0
AF	0	0.096502	12	8	4	0	0	0	0
AF	0	0.096814	1	1	0	0	0	0	0
AF	0	0.097127	5	3	2	0	0	0	0
AF	0	0.097439	1	0	1	0	0	0	0
AF	0	0.097751	1	0	1	0	0	0	0
AF	0	0.098688	1	0	1	0	0	0	0
AF	0	0.099001	5	2	3	0	0	0	0
AF	0	0.099313	2	2	0	0	0	0	0
AF	0	0.099625	1	1	0	0	0	0	0
AF	0	0.100250	2	1	1	0	0	0	0
AF	0	0.100874	1	0	1	0	0	0	0
AF	0	0.101499	1	1	0	0	0	0	0
AF	0	0.102436	1	0	1	0	0	0	0
AF	0	0.103373	1	0	1	0	0	0	0
AF	0	0.103685	3	3	0	0	0	0	0
AF	0	0.103998	3	3	0	0	0	0	0
AF	0	0.104310	2	1	1	0	0	0	0
AF	0	0.104622	4	3	1	0	0	0	0
AF	0	0.105247	1	1	0	0	0	0	0
AF	0	0.106496	1	0	1	0	0	0	0
AF	0	0.106808	1	1	0	0	0	0	0
AF	0	0.107745	2	1	1	0	0	0	0
AF	0	0.108370	2	1	1	0	0	0	0
AF	0	0.108682	1	0	1	0	0	0	0
AF	0	0.108994	1	1	0	0	0	0	0
AF	0	0.110244	1	0	1	0	0	0	0
AF	0	0.110556	1	1	0	0	0	0	0
AF	0	0.110868	2	1	1	0	0	0	0
AF	0	0.111805	1	1	0	0	0	0	0
AF	0	0.112117	2	2	0	0	0	0	0
AF	0	0.112430	3	2	1	0	0	0	0
AF	0	0.114304	1	0	1	0	0	0	0
AF	0	0.114928	1	1	0	0	0	0	0
AF	0	0.117114	1	0	1	0	0	0	0
AF	0	0.117427	1	1	0	0	0	0	0
AF	0	0.118051	7	5	2	0	0	0	0
AF	0	0.118676	1	1	0	0	0	0	0
AF	0	0.119300	1	1	0	0	0	0	0
AF	0	0.119925	4	0	4	0	0	0	0
AF	0	0.120237	1	1	0	0	0	0	0
AF	0	0.120862	2	2	0	0	0	0	0
AF	0	0.121487	2	2	0	0	0	0	0
AF	0	0.121799	2	1	1	0	0	0	0
AF	0	0.122111	1	1	0	0	0	0	0
AF	0	0.122736	1	1	0	0	0	0	0
AF	0	0.124297	2	0	2	0	0	0	0
AF	0	0.125234	1	1	0	0	0	0	0
AF	0	0.125547	1	0	1	0	0	0	0
AF	0	0.126171	10	7	3	0	0	0	0
AF	0	0.126796	8	5	3	0	0	0	0
AF	0	0.127108	2	2	0	0	0	0	0
AF	0	0.127420	9	6	3	0	0	0	0
AF	0	0.127733	2	1	1	0	0	0	0
AF	0	0.128045	4	4	0	0	0	0	0
AF	0	0.128357	1	1	0	0	0	0	0
AF	0	0.128670	4	3	1	0	0	0	0
AF	0	0.128982	2	1	1	0	0	0	0
AF	0	0.129294	1	0	1	0	0	0	0
AF	0	0.131793	1	1	0	0	0	0	0
AF	0	0.135228	1	1	0	0	0	0	0
AF	0	0.135540	2	2	0	0	0	0	0
AF	0	0.136165	4	2	2	0	0	0	0
AF	0	0.137414	1	1	0	0	0	0	0
AF	0	0.137726	1	1	0	0	0	0	0
AF	0	0.138039	2	0	2	0	0	0	0
AF	0	0.138351	2	2	0	0	0	0	0
AF	0	0.138663	1	0	1	0	0	0	0
AF	0	0.139600	1	1	0	0	0	0	0
AF	0	0.139913	1	1	0	0	0	0	0
AF	0	0.141162	3	3	0	0	0	0	0
AF	0	0.141474	6	5	1	0	0	0	0
AF	0	0.141786	2	2	0	0	0	0	0
AF	0	0.142723	1	1	0	0	0	0	0
AF	0	0.143036	2	2	0	0	0	0	0
AF	0	0.144597	1	0	1	0	0	0	0
AF	0	0.145534	1	0	1	0	0	0	0
AF	0	0.146783	1	1	0	0	0	0	0
AF	0	0.148657	3	3	0	0	0	0	0
AF	0	0.149282	3	2	1	0	0	0	0
AF	0	0.149906	4	4	0	0	0	0	0
AF	0	0.150531	1	1	0	0	0	0	0
AF	0	0.151156	1	1	0	0	0	0	0
AF	0	0.152405	4	3	1	0	0	0	0
AF	0	0.152717	2	1	1	0	0	0	0
AF	0	0.153029	2	2	0	0	0	0	0
AF	0	0.153342	1	0	1	0	0	0	0
AF	0	0.153654	1	0	1	0	0	0	0
AF	0	0.155528	1	1	0	0	0	0	0
AF	0	0.155840	1	0	1	0	0	0	0
AF	0	0.156465	2	2	0	0	0	0	0
AF	0	0.157402	1	0	1	0	0	0	0
AF	0	0.157714	2	2	0	0	0	0	0
AF	0	0.158651	4	4	0	0	0	0	0
AF	0	0.158963	2	2	0	0	0	0	0
AF	0	0.159275	1	0	1	0	0	0	0
AF	0	0.159588	1	1	0	0	0	0	0
AF	0	0.159900	3	3	0	0	0	0	0
AF	0	0.160212	2	2	0	0	0	0	0
AF	0	0.160837	2	1	1	0	0	0	0
AF	0	0.161149	1	1	0	0	0	0	0
AF	0	0.161462	1	1	0	0	0	0	0
AF	0	0.161774	5	4	1	0	0	0	0
AF	0	0.162711	1	0	1	0	0	0	0
AF	0	0.163023	1	1	0	0	0	0	0
AF	0	0.163335	1	0	1	0	0	0	0
AF	0	0.163648	3	3	0	0	0	0	0
AF	0	0.164272	5	5	0	0	0	0	0
AF	0	0.164585	2	1	1	0	0	0	0
AF	0	0.164897	1	0	1	0	0	0	0
AF	0	0.165522	3	2	1	0	0	0	0
AF	0	0.166458	1	1	0	0	0	0	0
AF	0	0.166771	1	0	1	0	0	0	0
AF	0	0.167083	1	1	0	0	0	0	0
AF	0	0.167395	1	0	1	0	0	0	0
AF	0	0.168020	5	4	1	0	0	0	0
AF	0	0.168332	1	0	1	0	0	0	0
AF	0	0.168645	13	8	5	0	0	0	0
AF	0	0.168957	3	2	1	0	0	0	0
AF	0	0.169269	6	4	2	0	0	0	0
AF	0	0.169582	1	1	0	0	0	0	0
AF	0	0.169894	4	4	0	0	0	0	0
AF	0	0.170518	2	2	0	0	0	0	0
AF	0	0.170831	1	1	0	0	0	0	0
AF	0	0.171768	3	2	1	0	0	0	0
AF	0	0.172392	1	1	0	0	0	0	0
AF	0	0.172705	1	1	0	0	0	0	0
AF	0	0.173017	3	2	1	0	0	0	0
AF	0	0.173641	3	1	2	0	0	0	0
AF	0	0.174266	6	4	2	0	0	0	0
AF	0	0.174578	1	1	0	0	0	0	0
AF	0	0.174891	3	2	1	0	0	0	0
AF	0	0.177077	1	1	0	0	0	0	0
AF	0	0.177389	1	1	0	0	0	0	0
AF	0	0.177701	1	1	0	0	0	0	0
AF	0	0.178014	1	1	0	0	0	0	0
AF	0	0.178326	2	1	1	0	0	0	0
AF	0	0.178638	1	1	0	0	0	0	0
AF	0	0.179575	1	1	0	0	0	0	0
AF	0	0.179888	6	5	1	0	0	0	0
AF	0	0.180200	1	1	0	0	0	0	0
AF	0	0.180512	3	3	0	0	0	0	0
AF	0	0.181761	2	0	2	0	0	0	0
AF	0	0.182698	1	0	1	0	0	0	0
AF	0	0.183011	1	1	0	0	0	0	0
AF	0	0.183323	2	1	1	0	0	0	0
AF	0	0.183635	5	2	3	0	0	0	0
AF	0	0.183948	2	1	1	0	0	0	0
AF	0	0.184260	2	1	1	0	0	0	0
AF	0	0.184572	1	1	0	0	0	0	0
AF	0	0.184884	4	2	2	0	0	0	0
AF	0	0.185197	2	1	1	0	0	0	0
AF	0	0.185509	1	1	0	0	0	0	0
AF	0	0.185821	3	3	0	0	0	0	0
AF	0	0.186758	1	1	0	0	0	0	0
AF	0	0.188007	1	1	0	0	0	0	0
AF	0	0.188632	1	0	1	0	0	0	0
AF	0	0.188944	1	1	0	0	0	0	0
AF	0	0.189257	1	1	0	0	0	0	0
AF	0	0.190506	1	1	0	0	0	0	0
AF	0	0.190818	1	1	0	0	0	0	0
AF	0	0.191755	1	1	0	0	0	0	0
AF	0	0.192067	1	1	0	0	0	0	0
AF	0	0.193004	5	3	2	0	0	0	0
AF	0	0.195503	1	1	0	0	0	0	0
AF	0	0.197689	1	1	0	0	0	0	0
AF	0	0.198314	1	1	0	0	0	0	0
AF	0	0.198626	2	2	0	0	0	0	0
AF	0	0.200812	2	2	0	0	0	0	0
AF	0	0.201124	2	1	1	0	0	0	0
AF	0	0.201749	1	0	1	0	0	0	0
AF	0	0.202374	2	2	0	0	0	0	0
AF	0	0.202686	1	1	0	0	0	0	0
AF	0	0.202998	1	0	1	0	0	0	0
AF	0	0.203310	2	2	0	0	0	0	0
AF	0	0.203623	6	4	2	0	0	0	0
AF	0	0.203935	1	1	0	0	0	0	0
AF	0	0.204872	1	1	0	0	0	0	0
AF	0	0.205184	1	0	1	0	0	0	0
AF	0	0.205497	1	1	0	0	0	0	0
AF	0	0.206121	1	1	0	0	0	0	0
AF	0	0.206433	1	1	0	0	0	0	0
AF	0	0.206746	2	2	0	0	0	0	0
AF	0	0.207370	1	1	0	0	0	0	0
AF	0	0.207683	2	2	0	0	0	0	0
AF	0	0.207995	2	1	1	0	0	0	0
AF	0	0.208620	1	1	0	0	0	0	0
AF	0	0.209244	1	1	0	0	0	0	0
AF	0	0.209557	1	0	1	0	0	0	0
AF	0	0.210181	1	1	0	0	0	0	0
AF	0	0.211430	1	0	1	0	0	0	0
AF	0	0.212055	1	1	0	0	0	0	0
AF	0	0.212367	1	1	0	0	0	0	0
AF	0	0.212680	1	1	0	0	0	0	0
AF	0	0.212992	1	1	0	0	0	0	0
AF	0	0.213616	1	0	1	0	0	0	0
AF	0	0.213929	3	0	3	0	0	0	0
AF	0	0.215490	1	0	1	0	0	0	0
AF	0	0.219863	2	2	0	0	0	0	0
AF	0	0.220800	1	0	1	0	0	0	0
AF	0	0.222673	1	1	0	0	0	0	0
AF	0	0.222986	1	1	0	0	0	0	0
AF	0	0.223298	1	1	0	0	0	0	0
AF	0	0.224235	2	2	0	0	0	0	0
AF	0	0.225172	1	1	0	0	0	0	0
AF	0	0.227670	1	0	1	0	0	0	0
AF	0	0.229544	1	1	0	0	0	0	0
AF	0	0.229856	1	0	1	0	0	0	0
AF	0	0.230169	1	0	1	0	0	0	0
AF	0	0.230793	2	2	0	0	0	0	0
AF	0	0.231106	2	1	1	0	0	0	0
AF	0	0.231418	1	1	0	0	0	0	0
AF	0	0.232667	1	1	0	0	0	0	0
AF	0	0.235790	2	1	1	0	0	0	0
AF	0	0.239225	1	1	0	0	0	0	0
AF	0	0.239538	3	3	0	0	0	0	0
AF	0	0.239850	1	1	0	0	0	0	0
AF	0	0.240475	1	1	0	0	0	0	0
AF	0	0.240787	2	1	1	0	0	0	0
AF	0	0.241099	2	2	0	0	0	0	0
AF	0	0.241412	1	1	0	0	0	0	0
AF	0	0.244535	1	1	0	0	0	0	0
AF	0	0.245159	2	2	0	0	0	0	0
AF	0	0.246096	1	1	0	0	0	0	0
AF	0	0.246408	1	1	0	0	0	0	0
AF	0	0.246721	1	1	0	0	0	0	0
AF	0	0.248907	1	1	0	0	0	0	0
AF	0	0.252342	1	0	1	0	0	0	0
AF	0	0.252655	1	1	0	0	0	0	0
AF	0	0.253592	1	0	1	0	0	0	0
AF	0	0.255153	1	0	1	0	0	0	0
AF	0	0.255465	2	1	1	0	0	0	0
AF	0	0.256402	1	0	1	0	0	0	0
AF	0	0.256715	1	1	0	0	0	0	0
AF	0	0.257027	3	2	1	0	0	0	0
AF	0	0.260150	1	0	1	0	0	0	0
AF	0	0.261711	2	0	2	0	0	0	0
AF	0	0.263273	1	1	0	0	0	0	0
AF	0	0.265147	2	1	1	0	0	0	0
AF	0	0.265459	1	1	0	0	0	0	0
AF	0	0.265771	1	1	0	0	0	0	0
AF	0	0.266084	1	1	0	0	0	0	0
AF	0	0.266396	2	1	1	0	0	0	0
AF	0	0.266708	2	2	0	0	0	0	0
AF	0	0.269207	1	0	1	0	0	0	0
AF	0	0.269519	3	3	0	0	0	0	0
AF	0	0.269831	1	1	0	0	0	0	0
AF	0	0.271393	1	1	0	0	0	0	0
AF	0	0.273267	3	1	2	0	0	0	0
AF	0	0.273579	1	1	0	0	0	0	0
AF	0	0.274204	1	0	1	0	0	0	0
AF	0	0.274516	2	2	0	0	0	0	0
AF	0	0.276077	4	3	1	0	0	0	0
AF	0	0.278264	1	0	1	0	0	0	0
AF	0	0.279825	1	0	1	0	0	0	0
AF	0	0.280137	2	1	1	0	0	0	0
AF	0	0.281074	2	2	0	0	0	0	0
AF	0	0.281387	7	3	4	0	0	0	0
AF	0	0.281699	1	1	0	0	0	0	0
AF	0	0.287008	1	1	0	0	0	0	0
AF	0	0.287633	1	1	0	0	0	0	0
AF	0	0.295440	1	1	0	0	0	0	0
AF	0	0.295753	2	2	0	0	0	0	0
AF	0	0.296065	1	1	0	0	0	0	0
AF	0	0.299188	1	1	0	0	0	0	0
AF	0	0.299500	1	0	1	0	0	0	0
AF	0	0.300125	2	2	0	0	0	0	0
AF	0	0.300750	1	1	0	0	0	0	0
AF	0	0.302311	1	0	1	0	0	0	0
AF	0	0.303248	4	3	1	0	0	0	0
AF	0	0.303560	3	2	1	0	0	0	0
AF	0	0.303873	9	9	0	0	0	0	0
AF	0	0.304185	3	3	0	0	0	0	0
AF	0	0.304497	6	1	5	0	0	0	0
AF	0	0.304809	1	1	0	0	0	0	0
AF	0	0.305746	1	1	0	0	0	0	0
AF	0	0.309806	1	1	0	0	0	0	0
AF	0	0.310119	1	1	0	0	0	0	0
AF	0	0.310431	1	0	1	0	0	0	0
AF	0	0.310743	2	2	0	0	0	0	0
AF	0	0.311056	1	0	1	0	0	0	0
AF	0	0.311368	1	1	0	0	0	0	0
AF	0	0.311993	3	0	3	0	0	0	0
AF	0	0.312305	1	0	1	0	0	0	0
AF	0	0.312617	2	2	0	0	0	0	0
AF	0	0.312929	3	1	2	0	0	0	0
AF	0	0.313242	1	1	0	0	0	0	0
AF	0	0.313554	1	1	0	0	0	0	0
AF	0	0.314491	1	1	0	0	0	0	0
AF	0	0.314803	1	1	0	0	0	0	0
AF	0	0.316677	1	1	0	0	0	0	0
AF	0	0.320737	1	1	0	0	0	0	0
AF	0	0.321362	2	2	0	0	0	0	0
AF	0	0.325109	1	0	1	0	0	0	0
AF	0	0.325422	2	1	1	0	0	0	0
AF	0	0.328232	1	1	0	0	0	0	0
AF	0	0.330731	2	1	1	0	0	0	0
AF	0	0.331355	4	4	0	0	0	0	0
AF	0	0.331980	2	1	1	0	0	0	0
AF	0	0.332292	1	1	0	0	0	0	0
AF	0	0.332917	1	0	1	0	0	0	0
AF	0	0.335415	2	1	1	0	0	0	0
AF	0	0.336665	1	0	1	0	0	0	0
AF	0	0.339788	2	2	0	0	0	0	0
AF	0	0.340412	2	2	0	0	0	0	0
AF	0	0.342911	1	1	0	0	0	0	0
AF	0	0.343223	1	0	1	0	0	0	0
AF	0	0.344160	1	1	0	0	0	0	0
AF	0	0.344785	1	0	1	0	0	0	0
AF	0	0.345721	2	2	0	0	0	0	0
AF	0	0.347283	1	1	0	0	0	0	0
AF	0	0.347595	1	1	0	0	0	0	0
AF	0	0.348844	1	1	0	0	0	0	0
AF	0	0.351031	1	1	0	0	0	0	0
AF	0	0.352904	1	1	0	0	0	0	0
AF	0	0.355091	1	1	0	0	0	0	0
AF	0	0.357277	1	1	0	0	0	0	0
AF	0	0.357589	1	0	1	0	0	0	0
AF	0	0.357901	1	1	0	0	0	0	0
AF	0	0.358838	2	1	1	0	0	0	0
AF	0	0.359151	1	1	0	0	0	0	0
AF	0	0.361024	2	2	0	0	0	0	0
AF	0	0.361337	1	1	0	0	0	0	0
AF	0	0.363210	1	1	0	0	0	0	0
AF	0	0.363523	3	1	2	0	0	0	0
AF	0	0.363835	2	2	0	0	0	0	0
AF	0	0.364147	4	1	3	0	0	0	0
AF	0	0.364460	1	0	1	0	0	0	0
AF	0	0.364772	1	1	0	0	0	0	0
AF	0	0.366021	1	0	1	0	0	0	0
AF	0	0.366334	1	1	0	0	0	0	0
AF	0	0.366646	2	1	1	0	0	0	0
AF	0	0.366958	1	0	1	0	0	0	0
AF	0	0.369769	1	1	0	0	0	0	0
AF	0	0.370081	1	1	0	0	0	0	0
AF	0	0.371018	1	0	1	0	0	0	0
AF	0	0.372267	1	1	0	0	0	0	0
AF	0	0.372580	1	1	0	0	0	0	0
AF	0	0.373204	1	1	0	0	0	0	0
AF	0	0.373517	2	1	1	0	0	0	0
AF	0	0.374453	1	0	1	0	0	0	0
AF	0	0.374766	1	1	0	0	0	0	0
AF	0	0.375703	1	0	1	0	0	0	0
AF	0	0.376952	1	1	0	0	0	0	0
AF	0	0.377264	3	3	0	0	0	0	0
AF	0	0.377889	2	1	1	0	0	0	0
AF	0	0.381012	1	1	0	0	0	0	0
AF	0	0.384760	1	0	1	0	0	0	0
AF	0	0.386009	3	2	1	0	0	0	0
AF	0	0.386321	2	1	1	0	0	0	0
AF	0	0.386633	7	6	1	0	0	0	0
AF	0	0.386946	1	0	1	0	0	0	0
AF	0	0.388507	2	0	2	0	0	0	0
AF	0	0.388819	2	1	1	0	0	0	0
AF	0	0.389756	1	1	0	0	0	0	0
AF	0	0.390693	1	1	0	0	0	0	0
AF	0	0.392255	1	0	1	0	0	0	0
AF	0	0.392879	1	1	0	0	0	0	0
AF	0	0.395378	1	0	1	0	0	0	0
AF	0	0.396002	1	1	0	0	0	0	0
AF	0	0.396627	2	2	0	0	0	0	0
AF	0	0.397252	3	1	2	0	0	0	0
AF	0	0.397564	1	1	0	0	0	0	0
AF	0	0.397876	1	1	0	0	0	0	0
AF	0	0.402561	1	0	1	0	0	0	0
AF	0	0.402873	1	0	1	0	0	0	0
AF	0	0.403498	2	1	1	0	0	0	0
AF	0	0.403810	1	0	1	0	0	0	0
AF	0	0.404435	1	1	0	0	0	0	0
AF	0	0.404747	1	1	0	0	0	0	0
AF	0	0.405372	2	1	1	0	0	0	0
AF	0	0.405684	2	1	1	0	0	0	0
AF	0	0.406621	1	1	0	0	0	0	0
AF	0	0.407245	1	1	0	0	0	0	0
AF	0	0.407558	1	0	1	0	0	0	0
AF	0	0.411618	1	0	1	0	0	0	0
AF	0	0.411930	2	2	0	0	0	0	0
AF	0	0.412242	1	1	0	0	0	0	0
AF	0	0.412867	1	1	0	0	0	0	0
AF	0	0.413804	2	2	0	0	0	0	0
AF	0	0.414116	5	2	3	0	0	0	0
AF	0	0.414428	2	1	1	0	0	0	0
AF	0	0.414741	3	3	0	0	0	0	0
AF	0	0.415365	1	0	1	0	0	0	0
AF	0	0.415678	2	2	0	0	0	0	0
AF	0	0.415990	8	6	2	0	0	0	0
AF	0	0.416615	4	2	2	0	0	0	0
AF	0	0.416927	8	7	1	0	0	0	0
AF	0	0.417239	4	3	1	0	0	0	0
AF	0	0.417552	1	0	1	0	0	0	0
AF	0	0.417864	4	3	1	0	0	0	0
AF	0	0.418488	3	2	1	0	0	0	0
AF	0	0.418801	3	2	1	0	0	0	0
AF	0	0.419113	5	3	2	0	0	0	0
AF	0	0.419425	10	7	3	0	0	0	0
AF	0	0.419738	13	9	4	0	0	0	0
AF	0	0.420050	1	0	1	0	0	0	0
AF	0	0.420362	1	0	1	0	0	0	0
AF	0	0.420675	2	2	0	0	0	0	0
AF	0	0.420987	11	7	4	0	0	0	0
AF	0	0.421611	1	1	0	0	0	0	0
AF	0	0.424110	1	1	0	0	0	0	0
AF	0	0.424735	1	0	1	0	0	0	0
AF	0	0.425359	2	0	2	0	0	0	0
AF	0	0.425984	1	1	0	0	0	0	0
AF	0	0.428482	1	1	0	0	0	0	0
AF	0	0.430981	1	1	0	0	0	0	0
AF	0	0.432230	2	1	1	0	0	0	0
AF	0	0.433791	1	1	0	0	0	0	0
AF	0	0.434728	1	0	1	0	0	0	0
AF	0	0.438476	1	1	0	0	0	0	0
AF	0	0.439101	1	0	1	0	0	0	0
AF	0	0.439413	1	1	0	0	0	0	0
AF	0	0.439725	3	1	2	0	0	0	0
AF	0	0.444410	1	1	0	0	0	0	0
AF	0	0.445034	1	1	0	0	0	0	0
AF	0	0.446284	1	0	1	0	0	0	0
AF	0	0.448782	1	1	0	0	0	0	0
AF	0	0.449094	1	1	0	0	0	0	0
AF	0	0.449407	3	2	1	0	0	0	0
AF	0	0.450031	1	1	0	0	0	0	0
AF	0	0.450968	1	1	0	0	0	0	0
AF	0	0.455028	1	1	0	0	0	0	0
AF	0	0.457214	1	1	0	0	0	0	0
AF	0	0.457527	3	3	0	0	0	0	0
AF	0	0.457839	1	0	1	0	0	0	0
AF	0	0.463148	1	0	1	0	0	0	0
AF	0	0.463460	1	1	0	0	0	0	0
AF	0	0.463773	2	1	1	0	0	0	0
AF	0	0.464397	2	1	1	0	0	0	0
AF	0	0.470643	1	0	1	0	0	0	0
AF	0	0.473766	1	1	0	0	0	0	0
AF	0	0.480325	1	1	0	0	0	0	0
AF	0	0.480637	2	2	0	0	0	0	0
AF	0	0.480949	1	1	0	0	0	0	0
AF	0	0.481574	1	0	1	0	0	0	0
AF	0	0.492817	1	1	0	0	0	0	0
AF	0	0.502186	1	1	0	0	0	0	0
AF	0	0.502811	1	1	0	0	0	0	0
AF	0	0.503435	1	1	0	0	0	0	0
AF	0	0.503748	4	2	2	0	0	0	0
AF	0	0.505309	2	1	1	0	0	0	0
AF	0	0.505621	1	0	1	0	0	0	0
AF	0	0.506246	1	0	1	0	0	0	0
AF	0	0.507183	1	1	0	0	0	0	0
AF	0	0.516240	1	0	1	0	0	0	0
AF	0	0.517489	1	0	1	0	0	0	0
AF	0	0.529357	1	1	0	0	0	0	0
AF	0	0.532480	1	1	0	0	0	0	0
AF	0	0.532792	2	2	0	0	0	0	0
AF	0	0.537164	1	0	1	0	0	0	0
AF	0	0.537477	4	3	1	0	0	0	0
AF	0	0.537789	1	1	0	0	0	0	0
AF	0	0.538726	4	3	1	0	0	0	0
AF	0	0.539038	2	1	1	0	0	0	0
AF	0	0.541224	1	1	0	0	0	0	0
AF	0	0.541849	1	1	0	0	0	0	0
AF	0	0.542161	2	1	1	0	0	0	0
AF	0	0.542473	3	3	0	0	0	0	0
AF	0	0.545909	1	1	0	0	0	0	0
AF	0	0.552155	1	0	1	0	0	0	0
AF	0	0.552780	1	0	1	0	0	0	0
AF	0	0.553716	1	0	1	0	0	0	0
AF	0	0.560899	1	1	0	0	0	0	0
AF	0	0.563086	1	0	1	0	0	0	0
AF	0	0.563398	1	1	0	0	0	0	0
AF	0	0.565272	2	0	2	0	0	0	0
AF	0	0.566209	2	2	0	0	0	0	0
AF	0	0.566521	4	3	1	0	0	0	0
AF	0	0.567146	1	0	1	0	0	0	0
AF	0	0.567770	4	3	1	0	0	0	0
AF	0	0.568082	2	1	1	0	0	0	0
AF	0	0.568395	3	1	2	0	0	0	0
AF	0	0.568707	3	2	1	0	0	0	0
AF	0	0.569019	5	3	2	0	0	0	0
AF	0	0.569644	2	2	0	0	0	0	0
AF	0	0.572142	2	1	1	0	0	0	0
AF	0	0.578389	1	1	0	0	0	0	0
AF	0	0.579950	1	1	0	0	0	0	0
AF	0	0.580575	1	1	0	0	0	0	0
AF	0	0.580887	3	3	0	0	0	0	0
AF	0	0.581199	1	1	0	0	0	0	0
AF	0	0.581512	1	1	0	0	0	0	0
AF	0	0.581824	1	0	1	0	0	0	0
AF	0	0.582136	1	1	0	0	0	0	0
AF	0	0.582448	2	1	1	0	0	0	0
AF	0	0.582761	1	0	1	0	0	0	0
AF	0	0.584635	4	3	1	0	0	0	0
AF	0	0.584947	1	0	1	0	0	0	0
AF	0	0.585259	4	1	3	0	0	0	0
AF	0	0.585572	1	0	1	0	0	0	0
AF	0	0.585884	2	1	1	0	0	0	0
AF	0	0.586196	2	2	0	0	0	0	0
AF	0	0.586508	5	4	1	0	0	0	0
AF	0	0.586821	1	1	0	0	0	0	0
AF	0	0.587133	1	1	0	0	0	0	0
AF	0	0.587445	1	1	0	0	0	0	0
AF	0	0.587758	1	1	0	0	0	0	0
AF	0	0.588070	2	2	0	0	0	0	0
AF	0	0.588382	2	1	1	0	0	0	0
AF	0	0.589007	1	0	1	0	0	0	0
AF	0	0.589319	2	2	0	0	0	0	0
AF	0	0.589631	3	2	1	0	0	0	0
AF	0	0.590256	2	1	1	0	0	0	0
AF	0	0.591193	1	1	0	0	0	0	0
AF	0	0.593067	2	1	1	0	0	0	0
AF	0	0.593379	1	1	0	0	0	0	0
AF	0	0.594004	1	1	0	0	0	0	0
AF	0	0.595878	1	1	0	0	0	0	0
AF	0	0.597439	1	1	0	0	0	0	0
AF	0	0.598064	1	1	0	0	0	0	0
AF	0	0.598688	1	1	0	0	0	0	0
AF	0	0.599001	1	0	1	0	0	0	0
AF	0	0.600250	1	0	1	0	0	0	0
AF	0	0.600874	1	0	1	0	0	0	0
AF	0	0.601187	3	2	1	0	0	0	0
AF	0	0.601499	3	3	0	0	0	0	0
AF	0	0.601811	3	3	0	0	0	0	0
AF	0	0.602124	6	4	2	0	0	0	0
AF	0	0.602436	1	1	0	0	0	0	0
AF	0	0.602748	1	1	0	0	0	0	0
AF	0	0.603685	1	0	1	0	0	0	0
AF	0	0.607745	1	0	1	0	0	0	0
AF	0	0.610556	1	0	1	0	0	0	0
AF	0	0.611805	1	1	0	0	0	0	0
AF	0	0.613054	1	0	1	0	0	0	0
AF	0	0.614616	1	1	0	0	0	0	0
AF	0	0.614928	1	1	0	0	0	0	0
AF	0	0.619300	1	0	1	0	0	0	0
AF	0	0.619613	2	2	0	0	0	0	0
AF	0	0.619925	1	1	0	0	0	0	0
AF	0	0.620237	2	0	2	0	0	0	0
AF	0	0.620862	2	2	0	0	0	0	0
AF	0	0.621174	1	1	0	0	0	0	0
AF	0	0.622736	1	1	0	0	0	0	0
AF	0	0.623048	2	1	1	0	0	0	0
AF	0	0.623360	2	2	0	0	0	0	0
AF	0	0.624297	1	1	0	0	0	0	0
AF	0	0.624610	2	2	0	0	0	0	0
AF	0	0.625234	1	1	0	0	0	0	0
AF	0	0.626171	1	1	0	0	0	0	0
AF	0	0.628357	2	2	0	0	0	0	0
AF	0	0.628670	1	1	0	0	0	0	0
AF	0	0.628982	1	1	0	0	0	0	0
AF	0	0.629294	2	2	0	0	0	0	0
AF	0	0.629606	2	2	0	0	0	0	0
AF	0	0.629919	1	0	1	0	0	0	0
AF	0	0.630231	1	1	0	0	0	0	0
AF	0	0.633354	1	0	1	0	0	0	0
AF	0	0.633979	3	1	2	0	0	0	0
AF	0	0.635228	2	1	1	0	0	0	0
AF	0	0.635540	3	0	3	0	0	0	0
AF	0	0.637102	1	1	0	0	0	0	0
AF	0	0.638663	1	1	0	0	0	0	0
AF	0	0.639600	1	1	0	0	0	0	0
AF	0	0.640225	1	0	1	0	0	0	0
AF	0	0.642723	1	1	0	0	0	0	0
AF	0	0.644285	1	1	0	0	0	0	0
AF	0	0.646471	1	1	0	0	0	0	0
AF	0	0.665209	1	1	0	0	0	0	0
AF	0	0.666458	1	0	1	0	0	0	0
AF	0	0.667708	1	0	1	0	0	0	0
AF	0	0.668020	1	0	1	0	0	0	0
AF	0	0.668957	1	1	0	0	0	0	0
AF	0	0.679888	1	0	1	0	0	0	0
AF	0	0.680200	1	1	0	0	0	0	0
AF	0	0.680512	1	1	0	0	0	0	0
AF	0	0.683323	1	1	0	0	0	0	0
AF	0	0.694566	1	1	0	0	0	0	0
AF	0	0.698001	1	0	1	0	0	0	0
AF	0	0.709869	1	0	1	0	0	0	0
AF	0	0.710493	2	1	1	0	0	0	0
AF	0	0.712992	1	1	0	0	0	0	0
AF	0	0.721736	1	0	1	0	0	0	0
AF	0	0.722986	1	0	1	0	0	0	0
AF	0	0.729544	1	1	0	0	0	0	0
AF	0	0.731106	1	1	0	0	0	0	0
AF	0	0.731418	2	2	0	0	0	0	0
AF	0	0.731730	1	0	1	0	0	0	0
AF	0	0.732355	1	0	1	0	0	0	0
AF	0	0.732667	1	0	1	0	0	0	0
AF	0	0.732979	1	1	0	0	0	0	0
AF	0	0.733292	1	1	0	0	0	0	0
AF	0	0.734853	1	1	0	0	0	0	0
AF	0	0.737976	1	1	0	0	0	0	0
AF	0	0.746096	1	1	0	0	0	0	0
AF	0	0.755778	1	0	1	0	0	0	0
AF	0	0.760462	1	1	0	0	0	0	0
AF	0	0.767021	1	0	1	0	0	0	0
AF	0	0.767333	1	1	0	0	0	0	0
AF	0	0.768894	1	1	0	0	0	0	0
AF	0	0.774828	1	0	1	0	0	0	0
AF	0	0.776077	3	1	2	0	0	0	0
AF	0	0.776390	2	1	1	0	0	0	0
AF	0	0.776702	3	2	1	0	0	0	0
AF	0	0.778264	1	1	0	0	0	0	0
AF	0	0.779200	1	1	0	0	0	0	0
AF	0	0.785447	1	0	1	0	0	0	0
AF	0	0.785759	1	1	0	0	0	0	0
AF	0	0.786384	1	0	1	0	0	0	0
AF	0	0.787320	1	1	0	0	0	0	0
AF	0	0.790756	1	1	0	0	0	0	0
AF	0	0.792317	1	1	0	0	0	0	0
AF	0	0.792630	2	2	0	0	0	0	0
AF	0	0.793254	1	1	0	0	0	0	0
AF	0	0.795128	1	0	1	0	0	0	0
AF	0	0.795440	1	1	0	0	0	0	0
AF	0	0.798876	1	1	0	0	0	0	0
AF	0	0.800437	1	0	1	0	0	0	0
AF	0	0.803560	1	0	1	0	0	0	0
AF	0	0.806996	1	1	0	0	0	0	0
AF	0	0.810119	1	1	0	0	0	0	0
AF	0	0.817302	1	0	1	0	0	0	0
AF	0	0.818239	1	1	0	0	0	0	0
AF	0	0.818863	1	1	0	0	0	0	0
AF	0	0.819176	1	0	1	0	0	0	0
AF	0	0.819800	1	1	0	0	0	0	0
AF	0	0.823548	1	1	0	0	0	0	0
AF	0	0.825109	3	2	1	0	0	0	0
AF	0	0.825422	2	2	0	0	0	0	0
AF	0	0.825734	1	0	1	0	0	0	0
AF	0	0.826046	1	1	0	0	0	0	0
AF	0	0.826671	1	0	1	0	0	0	0
AF	0	0.827920	1	1	0	0	0	0	0
AF	0	0.828545	2	1	1	0	0	0	0
AF	0	0.828857	3	3	0	0	0	0	0
AF	0	0.829169	1	0	1	0	0	0	0
AF	0	0.829482	2	1	1	0	0	0	0
AF	0	0.830418	1	1	0	0	0	0	0
AF	0	0.831355	1	0	1	0	0	0	0
AF	0	0.832292	1	1	0	0	0	0	0
AF	0	0.832605	3	3	0	0	0	0	0
AF	0	0.833229	1	1	0	0	0	0	0
AF	0	0.836040	1	1	0	0	0	0	0
AF	0	0.838851	4	3	1	0	0	0	0
AF	0	0.839163	1	0	1	0	0	0	0
AF	0	0.839475	3	2	1	0	0	0	0
AF	0	0.840100	1	1	0	0	0	0	0
AF	0	0.840412	1	1	0	0	0	0	0
AF	0	0.840725	1	1	0	0	0	0	0
AF	0	0.841037	2	1	1	0	0	0	0
AF	0	0.841349	1	1	0	0	0	0	0
AF	0	0.842911	1	0	1	0	0	0	0
AF	0	0.843223	1	1	0	0	0	0	0
AF	0	0.846971	1	1	0	0	0	0	0
AF	0	0.847595	1	0	1	0	0	0	0
AF	0	0.853529	1	0	1	0	0	0	0
AF	0	0.854154	1	0	1	0	0	0	0
AF	0	0.854466	1	1	0	0	0	0	0
AF	0	0.856027	1	0	1	0	0	0	0
AF	0	0.863210	1	1	0	0	0	0	0
AF	0	0.863523	3	3	0	0	0	0	0
AF	0	0.863835	1	0	1	0	0	0	0
AF	0	0.864147	1	1	0	0	0	0	0
AF	0	0.865084	1	1	0	0	0	0	0
AF	0	0.865709	1	1	0	0	0	0	0
AF	0	0.866021	1	0	1	0	0	0	0
AF	0	0.866646	1	1	0	0	0	0	0
AF	0	0.866958	1	1	0	0	0	0	0
AF	0	0.868207	2	2	0	0	0	0	0
AF	0	0.869457	2	1	1	0	0	0	0
AF	0	0.870706	2	2	0	0	0	0	0
AF	0	0.871018	2	0	2	0	0	0	0
AF	0	0.876640	1	0	1	0	0	0	0
AF	0	0.878513	2	1	1	0	0	0	0
AF	0	0.880075	1	0	1	0	0	0	0
AF	0	0.880700	1	1	0	0	0	0	0
AF	0	0.882573	1	0	1	0	0	0	0
AF	0	0.882886	1	1	0	0	0	0	0
AF	0	0.884447	1	1	0	0	0	0	0
AF	0	0.886321	1	1	0	0	0	0	0
AF	0	0.889444	1	1	0	0	0	0	0
AF	0	0.891630	1	0	1	0	0	0	0
AF	0	0.895066	1	1	0	0	0	0	0
AF	0	0.895378	3	1	2	0	0	0	0
AF	0	0.895690	1	1	0	0	0	0	0
AF	0	0.897876	1	1	0	0	0	0	0
AF	0	0.903186	1	0	1	0	0	0	0
AF	0	0.908495	1	1	0	0	0	0	0
AF	0	0.909119	2	0	2	0	0	0	0
AF	0	0.922236	1	1	0	0	0	0	0
AF	0	0.924110	1	1	0	0	0	0	0
AF	0	0.933791	1	1	0	0	0	0	0
AF	0	0.934104	1	1	0	0	0	0	0
AF	0	0.939101	1	0	1	0	0	0	0
AF	0	0.939413	2	2	0	0	0	0	0
AF	0	0.939725	1	1	0	0	0	0	0
AF	0	0.943161	1	0	1	0	0	0	0
AF	0	0.943473	1	0	1	0	0	0	0
AF	0	0.945659	1	0	1	0	0	0	0
AF	0	0.946284	1	1	0	0	0	0	0
AF	0	0.949094	1	1	0	0	0	0	0
AF	0	0.950344	1	1	0	0	0	0	0
AF	0	0.950968	1	1	0	0	0	0	0
AF	0	0.954403	1	1	0	0	0	0	0
AF	0	0.955340	6	4	2	0	0	0	0
AF	0	0.955653	5	3	2	0	0	0	0
AF	0	0.955965	1	0	1	0	0	0	0
AF	0	0.957214	1	0	1	0	0	0	0
AF	0	0.958776	1	1	0	0	0	0	0
AF	0	0.959713	3	2	1	0	0	0	0
AF	0	0.960025	1	1	0	0	0	0	0
AF	0	0.962211	1	1	0	0	0	0	0
AF	0	0.964085	1	1	0	0	0	0	0
AF	0	0.980637	2	1	1	0	0	0	0
AF	0	0.983448	1	0	1	0	0	0	0
AF	0	0.983760	3	2	1	0	0	0	0
AF	0	0.984072	5	3	2	0	0	0	0
AF	0	0.985009	2	1	1	0	0	0	0
AF	0	0.985322	1	0	1	0	0	0	0
AF	0	0.985634	1	1	0	0	0	0	0
AF	0	0.985946	1	1	0	0	0	0	0
AF	0	0.986259	2	1	1	0	0	0	0
AF	0	0.987196	1	1	0	0	0	0	0
AF	0	0.992817	1	1	0	0	0	0	0
AF	0	0.994066	2	1	1	0	0	0	0
AF	0	0.995628	1	1	0	0	0	0	0
AF	0	0.997814	1	1	0	0	0	0	0
AF	0	0.998438	4	1	3	0	0	0	0
AF	0	0.998751	3	3	0	0	0	0	0
# QUAL, Stats by quality
# QUAL	[2]id	[3]Quality	[4]number of SNPs	[5]number of transitions (1st ALT)	[6]number of transversions (1st ALT)	[7]number of indels
QUAL	0	.	12734	8731	4003	0
# IDD, InDel distribution:
# IDD	[2]id	[3]length (deletions negative)	[4]number of sites	[5]number of genotypes	[6]mean VAF
# ST, Substitution types:
# ST	[2]id	[3]type	[4]count
ST	0	A>C	403
ST	0	A>G	1766
ST	0	A>T	442
ST	0	C>A	569
ST	0	C>G	518
ST	0	C>T	2617
ST	0	G>A	2630
ST	0	G>C	527
ST	0	G>T	629
ST	0	T>A	461
ST	0	T>C	1718
ST	0	T>G	454
# DP, Depth distribution
# DP	[2]id	[3]bin	[4]number of genotypes	[5]fraction of genotypes (%)	[6]number of sites	[7]fraction of sites (%)
  - Fix haploid genotypes in males...

Submit MakeDiploidMalesX finished successfully. Let's have a beer, buddy!

