Submit MakeDiploidMalesX
version 1.1.6 (2024-09-30)

These are the settings:
  Input file................: /hpc/local/Rocky8/dhl_ec/software/MonopogenLite/resources/1kGP_high_coverage_Illumina.SNVonly_poly.filtered_AF_5e-04.norm.fixvariantid.chrX.vcf.gz
  Output file...............: /hpc/local/Rocky8/dhl_ec/software/MonopogenLite/resources/1kGP_high_coverage_Illumina.SNVonly_poly.filtered_AF_5e-04.norm.fixvariantid.makediploid.chrX.vcf.gz
  Chunk size................: 100

  SLURM CPUs................: 4
  SLURM Array ID............: 62 (of 100)
  SLURM memory..............: 16G
  SLURM time................: 01:00:00
  SLURM mail type...........: FAIL
  SLURM mail user...........: s.w.vanderlaan-2@umcutrecht.nl

  Dry run mode..............: 0
  Debug mode................: 1
  Verbosity.................: 0
  Version...................: 1.1.6 (2024-09-30)

Making converting haploid genotypes to diploid genotypes.
> Extract the region for this SLURM task (# 62) from the BED file.
  - Get the chunk number from the SLURM array task ID and the bed file...
DEBUG: Extracting chunk number: 62p from 62
DEBUG: Extracting region from BED file: /hpc/local/Rocky8/dhl_ec/software/MonopogenLite/resources/chrX_100pieces.bed
  - Extract the region from the BED file...
DEBUG: Extracted raw region: 'chrX	95184889	96745296' (chunk #: 62p of 100 for job 62)
  - Check if a valid region was extracted -- should be 'chrX	95184889	96745296'...
  - Prepare the region for bcftools...
  - Check if the region (chrX:95184889-96745296) was successfully extracted...
> Processing region 'chrX:95184889-96745296'...
  - Process the specific region (chunk# 62) using bcftools view...
  - Index the VCF file...
DEBUG: Check if the VCF file was successfully processed...
##fileformat=VCFv4.2
##FILTER=<ID=PASS,Description="All filters passed">
##fileDate=29/01/2022 - 14:31:41
##source=shapeit4.2.2
##contig=<ID=chr1,length=248956422>
##contig=<ID=chr2,length=242193529>
##contig=<ID=chr3,length=198295559>
##contig=<ID=chr4,length=190214555>
##contig=<ID=chr5,length=181538259>
##contig=<ID=chr6,length=170805979>
# This file was produced by bcftools stats (1.20+htslib-1.20) and can be plotted using plot-vcfstats.
# The command line was:	bcftools stats  /hpc/local/Rocky8/dhl_ec/software/MonopogenLite/resources/chrX.part62.vcf.gz
#
# Definition of sets:
# ID	[2]id	[3]tab-separated file names
ID	0	/hpc/local/Rocky8/dhl_ec/software/MonopogenLite/resources/chrX.part62.vcf.gz
# SN, Summary numbers:
#   number of records   .. number of data rows in the VCF
#   number of no-ALTs   .. reference-only sites, ALT is either "." or identical to REF
#   number of SNPs      .. number of rows with a SNP
#   number of MNPs      .. number of rows with a MNP, such as CC>TT
#   number of indels    .. number of rows with an indel
#   number of others    .. number of rows with other type, for example a symbolic allele or
#                          a complex substitution, such as ACT>TCGA
#   number of multiallelic sites     .. number of rows with multiple alternate alleles
#   number of multiallelic SNP sites .. number of rows with multiple alternate alleles, all SNPs
# 
#   Note that rows containing multiple types will be counted multiple times, in each
#   counter. For example, a row with a SNP and an indel increments both the SNP and
#   the indel counter.
# 
# SN	[2]id	[3]key	[4]value
SN	0	number of samples:	3202
SN	0	number of records:	17938
SN	0	number of no-ALTs:	0
SN	0	number of SNPs:	17938
SN	0	number of MNPs:	0
SN	0	number of indels:	0
SN	0	number of others:	0
SN	0	number of multiallelic sites:	0
SN	0	number of multiallelic SNP sites:	0
# TSTV, transitions/transversions:
# TSTV	[2]id	[3]ts	[4]tv	[5]ts/tv	[6]ts (1st ALT)	[7]tv (1st ALT)	[8]ts/tv (1st ALT)
TSTV	0	11655	6283	1.86	11655	6283	1.86
# SiS, Singleton stats:
# SiS	[2]id	[3]allele count	[4]number of SNPs	[5]number of transitions	[6]number of transversions	[7]number of indels	[8]repeat-consistent	[9]repeat-inconsistent	[10]not applicable
SiS	0	1	0	0	0	0	0	0	0
# AF, Stats by non-reference allele frequency:
# AF	[2]id	[3]allele frequency	[4]number of SNPs	[5]number of transitions	[6]number of transversions	[7]number of indels	[8]repeat-consistent	[9]repeat-inconsistent	[10]not applicable
AF	0	0.000312	2692	1725	967	0	0	0	0
AF	0	0.000625	1717	1131	586	0	0	0	0
AF	0	0.000937	1928	1299	629	0	0	0	0
AF	0	0.001249	572	388	184	0	0	0	0
AF	0	0.001562	816	540	276	0	0	0	0
AF	0	0.001874	322	203	119	0	0	0	0
AF	0	0.002186	585	388	197	0	0	0	0
AF	0	0.002498	265	173	92	0	0	0	0
AF	0	0.002811	459	279	180	0	0	0	0
AF	0	0.003123	204	125	79	0	0	0	0
AF	0	0.003435	291	190	101	0	0	0	0
AF	0	0.003748	150	107	43	0	0	0	0
AF	0	0.004060	259	181	78	0	0	0	0
AF	0	0.004372	130	90	40	0	0	0	0
AF	0	0.004685	237	147	90	0	0	0	0
AF	0	0.004997	78	48	30	0	0	0	0
AF	0	0.005309	180	124	56	0	0	0	0
AF	0	0.005621	80	60	20	0	0	0	0
AF	0	0.005934	184	108	76	0	0	0	0
AF	0	0.006246	85	51	34	0	0	0	0
AF	0	0.006558	136	86	50	0	0	0	0
AF	0	0.006871	47	36	11	0	0	0	0
AF	0	0.007183	137	89	48	0	0	0	0
AF	0	0.007495	55	41	14	0	0	0	0
AF	0	0.007808	110	74	36	0	0	0	0
AF	0	0.008120	62	49	13	0	0	0	0
AF	0	0.008432	101	64	37	0	0	0	0
AF	0	0.008745	33	24	9	0	0	0	0
AF	0	0.009057	120	74	46	0	0	0	0
AF	0	0.009369	58	39	19	0	0	0	0
AF	0	0.009681	120	83	37	0	0	0	0
AF	0	0.009994	42	28	14	0	0	0	0
AF	0	0.010306	87	59	28	0	0	0	0
AF	0	0.010618	45	37	8	0	0	0	0
AF	0	0.010931	73	45	28	0	0	0	0
AF	0	0.011243	44	25	19	0	0	0	0
AF	0	0.011555	69	51	18	0	0	0	0
AF	0	0.011868	33	15	18	0	0	0	0
AF	0	0.012180	57	35	22	0	0	0	0
AF	0	0.012492	35	23	12	0	0	0	0
AF	0	0.012804	59	36	23	0	0	0	0
AF	0	0.013117	30	19	11	0	0	0	0
AF	0	0.013429	67	41	26	0	0	0	0
AF	0	0.013741	37	27	10	0	0	0	0
AF	0	0.014054	32	26	6	0	0	0	0
AF	0	0.014366	38	23	15	0	0	0	0
AF	0	0.014678	47	34	13	0	0	0	0
AF	0	0.014991	18	9	9	0	0	0	0
AF	0	0.015303	48	36	12	0	0	0	0
AF	0	0.015615	15	7	8	0	0	0	0
AF	0	0.015928	73	45	28	0	0	0	0
AF	0	0.016240	52	33	19	0	0	0	0
AF	0	0.016552	63	38	25	0	0	0	0
AF	0	0.016864	23	16	7	0	0	0	0
AF	0	0.017177	35	22	13	0	0	0	0
AF	0	0.017489	20	13	7	0	0	0	0
AF	0	0.017801	18	10	8	0	0	0	0
AF	0	0.018114	14	7	7	0	0	0	0
AF	0	0.018426	44	29	15	0	0	0	0
AF	0	0.018738	16	13	3	0	0	0	0
AF	0	0.019051	33	21	12	0	0	0	0
AF	0	0.019363	16	11	5	0	0	0	0
AF	0	0.019675	31	23	8	0	0	0	0
AF	0	0.019988	7	3	4	0	0	0	0
AF	0	0.020300	31	18	13	0	0	0	0
AF	0	0.020612	22	8	14	0	0	0	0
AF	0	0.020924	27	19	8	0	0	0	0
AF	0	0.021237	11	6	5	0	0	0	0
AF	0	0.021549	38	25	13	0	0	0	0
AF	0	0.021861	18	11	7	0	0	0	0
AF	0	0.022174	35	27	8	0	0	0	0
AF	0	0.022486	20	14	6	0	0	0	0
AF	0	0.022798	23	17	6	0	0	0	0
AF	0	0.023111	20	10	10	0	0	0	0
AF	0	0.023423	33	23	10	0	0	0	0
AF	0	0.023735	14	10	4	0	0	0	0
AF	0	0.024047	50	30	20	0	0	0	0
AF	0	0.024360	29	17	12	0	0	0	0
AF	0	0.024672	35	21	14	0	0	0	0
AF	0	0.024984	18	9	9	0	0	0	0
AF	0	0.025297	14	5	9	0	0	0	0
AF	0	0.025609	12	8	4	0	0	0	0
AF	0	0.025921	39	26	13	0	0	0	0
AF	0	0.026234	11	6	5	0	0	0	0
AF	0	0.026546	28	14	14	0	0	0	0
AF	0	0.026858	52	32	20	0	0	0	0
AF	0	0.027171	21	10	11	0	0	0	0
AF	0	0.027483	4	2	2	0	0	0	0
AF	0	0.027795	30	16	14	0	0	0	0
AF	0	0.028107	16	11	5	0	0	0	0
AF	0	0.028420	50	30	20	0	0	0	0
AF	0	0.028732	11	10	1	0	0	0	0
AF	0	0.029044	34	22	12	0	0	0	0
AF	0	0.029357	34	25	9	0	0	0	0
AF	0	0.029669	19	10	9	0	0	0	0
AF	0	0.029981	11	4	7	0	0	0	0
AF	0	0.030294	28	12	16	0	0	0	0
AF	0	0.030606	5	4	1	0	0	0	0
AF	0	0.030918	14	7	7	0	0	0	0
AF	0	0.031230	11	8	3	0	0	0	0
AF	0	0.031543	30	17	13	0	0	0	0
AF	0	0.031855	8	5	3	0	0	0	0
AF	0	0.032167	22	13	9	0	0	0	0
AF	0	0.032480	25	9	16	0	0	0	0
AF	0	0.032792	30	22	8	0	0	0	0
AF	0	0.033104	7	4	3	0	0	0	0
AF	0	0.033417	28	17	11	0	0	0	0
AF	0	0.033729	21	12	9	0	0	0	0
AF	0	0.034041	43	28	15	0	0	0	0
AF	0	0.034354	10	8	2	0	0	0	0
AF	0	0.034666	10	7	3	0	0	0	0
AF	0	0.034978	7	6	1	0	0	0	0
AF	0	0.035290	18	12	6	0	0	0	0
AF	0	0.035603	3	2	1	0	0	0	0
AF	0	0.035915	14	9	5	0	0	0	0
AF	0	0.036227	3	1	2	0	0	0	0
AF	0	0.036540	11	7	4	0	0	0	0
AF	0	0.036852	13	6	7	0	0	0	0
AF	0	0.037164	18	12	6	0	0	0	0
AF	0	0.037477	17	8	9	0	0	0	0
AF	0	0.037789	18	13	5	0	0	0	0
AF	0	0.038101	11	8	3	0	0	0	0
AF	0	0.038413	16	11	5	0	0	0	0
AF	0	0.038726	5	4	1	0	0	0	0
AF	0	0.039038	14	11	3	0	0	0	0
AF	0	0.039350	13	11	2	0	0	0	0
AF	0	0.039663	8	6	2	0	0	0	0
AF	0	0.039975	9	7	2	0	0	0	0
AF	0	0.040287	19	14	5	0	0	0	0
AF	0	0.040600	12	11	1	0	0	0	0
AF	0	0.040912	7	5	2	0	0	0	0
AF	0	0.041224	1	0	1	0	0	0	0
AF	0	0.041537	10	7	3	0	0	0	0
AF	0	0.041849	11	9	2	0	0	0	0
AF	0	0.042161	22	17	5	0	0	0	0
AF	0	0.042473	11	7	4	0	0	0	0
AF	0	0.042786	28	19	9	0	0	0	0
AF	0	0.043098	10	6	4	0	0	0	0
AF	0	0.043410	29	17	12	0	0	0	0
AF	0	0.043723	12	9	3	0	0	0	0
AF	0	0.044035	23	16	7	0	0	0	0
AF	0	0.044347	9	8	1	0	0	0	0
AF	0	0.044660	20	14	6	0	0	0	0
AF	0	0.044972	10	9	1	0	0	0	0
AF	0	0.045284	9	5	4	0	0	0	0
AF	0	0.045597	18	11	7	0	0	0	0
AF	0	0.045909	7	3	4	0	0	0	0
AF	0	0.046221	8	6	2	0	0	0	0
AF	0	0.046533	26	15	11	0	0	0	0
AF	0	0.046846	7	4	3	0	0	0	0
AF	0	0.047158	7	5	2	0	0	0	0
AF	0	0.047470	7	5	2	0	0	0	0
AF	0	0.047783	6	5	1	0	0	0	0
AF	0	0.048095	1	1	0	0	0	0	0
AF	0	0.048407	17	8	9	0	0	0	0
AF	0	0.048720	18	12	6	0	0	0	0
AF	0	0.049032	16	7	9	0	0	0	0
AF	0	0.049344	21	8	13	0	0	0	0
AF	0	0.049656	17	14	3	0	0	0	0
AF	0	0.049969	7	5	2	0	0	0	0
AF	0	0.050281	14	11	3	0	0	0	0
AF	0	0.050593	14	9	5	0	0	0	0
AF	0	0.050906	27	18	9	0	0	0	0
AF	0	0.051218	4	4	0	0	0	0	0
AF	0	0.051530	8	7	1	0	0	0	0
AF	0	0.052780	6	4	2	0	0	0	0
AF	0	0.053092	2	2	0	0	0	0	0
AF	0	0.053404	10	7	3	0	0	0	0
AF	0	0.053716	1	1	0	0	0	0	0
AF	0	0.054029	8	5	3	0	0	0	0
AF	0	0.054341	5	3	2	0	0	0	0
AF	0	0.054653	5	2	3	0	0	0	0
AF	0	0.054966	5	5	0	0	0	0	0
AF	0	0.055278	12	9	3	0	0	0	0
AF	0	0.055590	4	3	1	0	0	0	0
AF	0	0.055903	4	2	2	0	0	0	0
AF	0	0.056215	1	1	0	0	0	0	0
AF	0	0.056527	4	3	1	0	0	0	0
AF	0	0.056839	1	0	1	0	0	0	0
AF	0	0.057152	4	3	1	0	0	0	0
AF	0	0.057464	3	3	0	0	0	0	0
AF	0	0.057776	8	5	3	0	0	0	0
AF	0	0.058089	2	1	1	0	0	0	0
AF	0	0.058401	1	1	0	0	0	0	0
AF	0	0.058713	5	4	1	0	0	0	0
AF	0	0.059026	6	3	3	0	0	0	0
AF	0	0.059338	5	4	1	0	0	0	0
AF	0	0.059650	5	2	3	0	0	0	0
AF	0	0.059963	1	1	0	0	0	0	0
AF	0	0.060275	6	4	2	0	0	0	0
AF	0	0.060587	1	0	1	0	0	0	0
AF	0	0.060899	4	1	3	0	0	0	0
AF	0	0.061212	2	2	0	0	0	0	0
AF	0	0.061524	7	1	6	0	0	0	0
AF	0	0.061836	2	0	2	0	0	0	0
AF	0	0.062149	9	6	3	0	0	0	0
AF	0	0.062461	11	4	7	0	0	0	0
AF	0	0.062773	6	5	1	0	0	0	0
AF	0	0.063086	2	2	0	0	0	0	0
AF	0	0.063398	9	5	4	0	0	0	0
AF	0	0.063710	3	2	1	0	0	0	0
AF	0	0.064022	7	5	2	0	0	0	0
AF	0	0.064335	4	3	1	0	0	0	0
AF	0	0.064647	4	1	3	0	0	0	0
AF	0	0.064959	15	8	7	0	0	0	0
AF	0	0.065272	14	8	6	0	0	0	0
AF	0	0.065584	3	1	2	0	0	0	0
AF	0	0.065896	12	7	5	0	0	0	0
AF	0	0.066209	4	2	2	0	0	0	0
AF	0	0.066521	7	5	2	0	0	0	0
AF	0	0.066833	5	3	2	0	0	0	0
AF	0	0.067146	5	4	1	0	0	0	0
AF	0	0.067458	2	0	2	0	0	0	0
AF	0	0.067770	2	1	1	0	0	0	0
AF	0	0.068082	1	0	1	0	0	0	0
AF	0	0.068395	5	4	1	0	0	0	0
AF	0	0.068707	2	1	1	0	0	0	0
AF	0	0.069019	7	2	5	0	0	0	0
AF	0	0.069332	4	2	2	0	0	0	0
AF	0	0.069644	6	5	1	0	0	0	0
AF	0	0.069956	3	1	2	0	0	0	0
AF	0	0.070269	5	4	1	0	0	0	0
AF	0	0.070581	4	2	2	0	0	0	0
AF	0	0.070893	19	13	6	0	0	0	0
AF	0	0.071205	11	8	3	0	0	0	0
AF	0	0.071518	18	12	6	0	0	0	0
AF	0	0.071830	9	7	2	0	0	0	0
AF	0	0.072142	9	5	4	0	0	0	0
AF	0	0.072455	4	2	2	0	0	0	0
AF	0	0.072767	7	4	3	0	0	0	0
AF	0	0.073079	2	1	1	0	0	0	0
AF	0	0.073392	12	10	2	0	0	0	0
AF	0	0.073704	8	7	1	0	0	0	0
AF	0	0.074016	4	4	0	0	0	0	0
AF	0	0.074641	2	1	1	0	0	0	0
AF	0	0.074953	2	0	2	0	0	0	0
AF	0	0.075265	4	2	2	0	0	0	0
AF	0	0.075578	4	1	3	0	0	0	0
AF	0	0.075890	4	3	1	0	0	0	0
AF	0	0.076202	2	2	0	0	0	0	0
AF	0	0.076515	5	5	0	0	0	0	0
AF	0	0.076827	1	1	0	0	0	0	0
AF	0	0.077139	2	1	1	0	0	0	0
AF	0	0.077452	1	1	0	0	0	0	0
AF	0	0.077764	3	1	2	0	0	0	0
AF	0	0.078076	4	1	3	0	0	0	0
AF	0	0.078389	8	6	2	0	0	0	0
AF	0	0.078701	1	1	0	0	0	0	0
AF	0	0.079013	1	0	1	0	0	0	0
AF	0	0.079325	3	2	1	0	0	0	0
AF	0	0.079638	3	1	2	0	0	0	0
AF	0	0.079950	2	2	0	0	0	0	0
AF	0	0.080262	4	4	0	0	0	0	0
AF	0	0.080575	3	1	2	0	0	0	0
AF	0	0.080887	1	0	1	0	0	0	0
AF	0	0.081512	1	1	0	0	0	0	0
AF	0	0.082136	1	0	1	0	0	0	0
AF	0	0.082448	2	0	2	0	0	0	0
AF	0	0.082761	2	2	0	0	0	0	0
AF	0	0.083073	1	1	0	0	0	0	0
AF	0	0.083698	1	1	0	0	0	0	0
AF	0	0.084322	2	1	1	0	0	0	0
AF	0	0.084635	3	2	1	0	0	0	0
AF	0	0.084947	1	1	0	0	0	0	0
AF	0	0.085259	1	1	0	0	0	0	0
AF	0	0.085572	2	1	1	0	0	0	0
AF	0	0.085884	1	1	0	0	0	0	0
AF	0	0.086508	1	1	0	0	0	0	0
AF	0	0.086821	1	1	0	0	0	0	0
AF	0	0.087133	2	1	1	0	0	0	0
AF	0	0.087758	2	1	1	0	0	0	0
AF	0	0.088070	2	1	1	0	0	0	0
AF	0	0.088382	6	6	0	0	0	0	0
AF	0	0.088695	1	0	1	0	0	0	0
AF	0	0.089007	3	2	1	0	0	0	0
AF	0	0.089319	2	2	0	0	0	0	0
AF	0	0.089631	10	5	5	0	0	0	0
AF	0	0.089944	2	2	0	0	0	0	0
AF	0	0.090256	3	2	1	0	0	0	0
AF	0	0.090568	1	0	1	0	0	0	0
AF	0	0.090881	3	2	1	0	0	0	0
AF	0	0.091193	3	1	2	0	0	0	0
AF	0	0.091818	1	1	0	0	0	0	0
AF	0	0.092442	2	0	2	0	0	0	0
AF	0	0.092755	2	1	1	0	0	0	0
AF	0	0.093379	1	1	0	0	0	0	0
AF	0	0.094004	3	2	1	0	0	0	0
AF	0	0.094628	1	0	1	0	0	0	0
AF	0	0.094941	2	1	1	0	0	0	0
AF	0	0.095565	2	0	2	0	0	0	0
AF	0	0.095878	4	2	2	0	0	0	0
AF	0	0.096814	1	1	0	0	0	0	0
AF	0	0.097127	1	1	0	0	0	0	0
AF	0	0.097439	1	0	1	0	0	0	0
AF	0	0.097751	1	1	0	0	0	0	0
AF	0	0.098064	1	1	0	0	0	0	0
AF	0	0.098376	1	0	1	0	0	0	0
AF	0	0.099001	1	1	0	0	0	0	0
AF	0	0.099313	5	3	2	0	0	0	0
AF	0	0.099625	10	3	7	0	0	0	0
AF	0	0.099938	2	2	0	0	0	0	0
AF	0	0.100250	7	3	4	0	0	0	0
AF	0	0.100562	3	1	2	0	0	0	0
AF	0	0.100874	4	4	0	0	0	0	0
AF	0	0.101499	1	0	1	0	0	0	0
AF	0	0.101811	3	1	2	0	0	0	0
AF	0	0.102124	2	1	1	0	0	0	0
AF	0	0.102436	1	1	0	0	0	0	0
AF	0	0.102748	1	1	0	0	0	0	0
AF	0	0.103061	1	1	0	0	0	0	0
AF	0	0.103373	3	2	1	0	0	0	0
AF	0	0.103685	3	1	2	0	0	0	0
AF	0	0.103998	6	4	2	0	0	0	0
AF	0	0.104310	3	1	2	0	0	0	0
AF	0	0.104622	1	1	0	0	0	0	0
AF	0	0.104934	2	0	2	0	0	0	0
AF	0	0.105247	4	3	1	0	0	0	0
AF	0	0.105559	2	1	1	0	0	0	0
AF	0	0.105871	5	3	2	0	0	0	0
AF	0	0.106184	1	0	1	0	0	0	0
AF	0	0.106496	5	3	2	0	0	0	0
AF	0	0.106808	1	0	1	0	0	0	0
AF	0	0.107121	3	1	2	0	0	0	0
AF	0	0.107745	3	3	0	0	0	0	0
AF	0	0.108682	3	3	0	0	0	0	0
AF	0	0.108994	2	1	1	0	0	0	0
AF	0	0.109307	1	1	0	0	0	0	0
AF	0	0.109619	9	6	3	0	0	0	0
AF	0	0.109931	2	2	0	0	0	0	0
AF	0	0.110244	1	1	0	0	0	0	0
AF	0	0.110868	1	1	0	0	0	0	0
AF	0	0.111181	2	2	0	0	0	0	0
AF	0	0.111805	2	2	0	0	0	0	0
AF	0	0.112742	1	1	0	0	0	0	0
AF	0	0.113054	4	3	1	0	0	0	0
AF	0	0.113367	7	5	2	0	0	0	0
AF	0	0.113679	9	4	5	0	0	0	0
AF	0	0.113991	2	1	1	0	0	0	0
AF	0	0.114304	3	2	1	0	0	0	0
AF	0	0.114616	3	3	0	0	0	0	0
AF	0	0.114928	3	3	0	0	0	0	0
AF	0	0.115240	1	1	0	0	0	0	0
AF	0	0.115553	2	1	1	0	0	0	0
AF	0	0.116177	1	0	1	0	0	0	0
AF	0	0.116490	1	0	1	0	0	0	0
AF	0	0.117114	2	0	2	0	0	0	0
AF	0	0.117427	2	1	1	0	0	0	0
AF	0	0.118364	1	0	1	0	0	0	0
AF	0	0.118676	2	2	0	0	0	0	0
AF	0	0.119925	1	1	0	0	0	0	0
AF	0	0.120550	1	0	1	0	0	0	0
AF	0	0.121174	4	4	0	0	0	0	0
AF	0	0.121487	1	1	0	0	0	0	0
AF	0	0.121799	7	6	1	0	0	0	0
AF	0	0.122111	1	1	0	0	0	0	0
AF	0	0.122423	3	2	1	0	0	0	0
AF	0	0.123985	1	0	1	0	0	0	0
AF	0	0.124297	1	0	1	0	0	0	0
AF	0	0.124922	1	1	0	0	0	0	0
AF	0	0.125547	3	2	1	0	0	0	0
AF	0	0.125859	1	0	1	0	0	0	0
AF	0	0.126171	4	2	2	0	0	0	0
AF	0	0.126796	2	0	2	0	0	0	0
AF	0	0.127108	1	0	1	0	0	0	0
AF	0	0.127420	3	2	1	0	0	0	0
AF	0	0.128045	2	1	1	0	0	0	0
AF	0	0.128357	1	1	0	0	0	0	0
AF	0	0.128670	2	2	0	0	0	0	0
AF	0	0.128982	3	2	1	0	0	0	0
AF	0	0.129294	5	4	1	0	0	0	0
AF	0	0.129919	8	6	2	0	0	0	0
AF	0	0.130231	1	1	0	0	0	0	0
AF	0	0.130543	6	5	1	0	0	0	0
AF	0	0.130856	2	2	0	0	0	0	0
AF	0	0.131168	2	2	0	0	0	0	0
AF	0	0.131480	2	2	0	0	0	0	0
AF	0	0.132105	1	0	1	0	0	0	0
AF	0	0.133042	2	1	1	0	0	0	0
AF	0	0.133666	2	1	1	0	0	0	0
AF	0	0.134291	2	0	2	0	0	0	0
AF	0	0.134603	1	0	1	0	0	0	0
AF	0	0.134916	2	1	1	0	0	0	0
AF	0	0.135540	1	1	0	0	0	0	0
AF	0	0.135853	3	1	2	0	0	0	0
AF	0	0.136165	5	3	2	0	0	0	0
AF	0	0.136477	3	0	3	0	0	0	0
AF	0	0.136790	3	2	1	0	0	0	0
AF	0	0.137102	1	1	0	0	0	0	0
AF	0	0.137414	2	2	0	0	0	0	0
AF	0	0.138039	1	1	0	0	0	0	0
AF	0	0.138663	5	3	2	0	0	0	0
AF	0	0.139600	1	0	1	0	0	0	0
AF	0	0.139913	2	2	0	0	0	0	0
AF	0	0.140225	2	0	2	0	0	0	0
AF	0	0.141162	1	0	1	0	0	0	0
AF	0	0.141474	2	1	1	0	0	0	0
AF	0	0.141786	2	0	2	0	0	0	0
AF	0	0.142099	2	1	1	0	0	0	0
AF	0	0.142411	1	0	1	0	0	0	0
AF	0	0.143973	4	1	3	0	0	0	0
AF	0	0.144285	3	1	2	0	0	0	0
AF	0	0.145534	2	1	1	0	0	0	0
AF	0	0.146159	6	4	2	0	0	0	0
AF	0	0.146471	2	2	0	0	0	0	0
AF	0	0.146783	5	3	2	0	0	0	0
AF	0	0.148032	1	1	0	0	0	0	0
AF	0	0.148657	3	3	0	0	0	0	0
AF	0	0.149282	1	1	0	0	0	0	0
AF	0	0.149906	1	1	0	0	0	0	0
AF	0	0.150531	1	0	1	0	0	0	0
AF	0	0.150843	1	1	0	0	0	0	0
AF	0	0.151156	4	1	3	0	0	0	0
AF	0	0.151468	1	1	0	0	0	0	0
AF	0	0.151780	1	1	0	0	0	0	0
AF	0	0.152092	1	1	0	0	0	0	0
AF	0	0.152405	6	5	1	0	0	0	0
AF	0	0.152717	1	0	1	0	0	0	0
AF	0	0.153029	3	3	0	0	0	0	0
AF	0	0.153654	9	7	2	0	0	0	0
AF	0	0.153966	2	2	0	0	0	0	0
AF	0	0.154279	4	3	1	0	0	0	0
AF	0	0.154591	2	1	1	0	0	0	0
AF	0	0.154903	5	2	3	0	0	0	0
AF	0	0.155215	1	1	0	0	0	0	0
AF	0	0.155528	2	1	1	0	0	0	0
AF	0	0.156465	10	5	5	0	0	0	0
AF	0	0.156777	1	0	1	0	0	0	0
AF	0	0.157402	2	1	1	0	0	0	0
AF	0	0.158026	5	2	3	0	0	0	0
AF	0	0.158339	1	1	0	0	0	0	0
AF	0	0.158651	3	2	1	0	0	0	0
AF	0	0.159275	1	1	0	0	0	0	0
AF	0	0.159588	1	0	1	0	0	0	0
AF	0	0.161149	2	1	1	0	0	0	0
AF	0	0.162086	1	1	0	0	0	0	0
AF	0	0.163023	1	1	0	0	0	0	0
AF	0	0.163648	1	1	0	0	0	0	0
AF	0	0.163960	1	0	1	0	0	0	0
AF	0	0.164272	1	1	0	0	0	0	0
AF	0	0.165834	2	2	0	0	0	0	0
AF	0	0.166146	1	1	0	0	0	0	0
AF	0	0.166458	2	2	0	0	0	0	0
AF	0	0.166771	1	1	0	0	0	0	0
AF	0	0.167083	1	0	1	0	0	0	0
AF	0	0.167395	2	1	1	0	0	0	0
AF	0	0.168020	3	3	0	0	0	0	0
AF	0	0.168645	1	0	1	0	0	0	0
AF	0	0.168957	1	1	0	0	0	0	0
AF	0	0.169269	3	2	1	0	0	0	0
AF	0	0.169894	4	3	1	0	0	0	0
AF	0	0.170518	1	1	0	0	0	0	0
AF	0	0.171143	1	1	0	0	0	0	0
AF	0	0.171455	2	2	0	0	0	0	0
AF	0	0.171768	1	0	1	0	0	0	0
AF	0	0.172392	3	2	1	0	0	0	0
AF	0	0.173017	2	1	1	0	0	0	0
AF	0	0.173329	4	1	3	0	0	0	0
AF	0	0.174266	1	0	1	0	0	0	0
AF	0	0.174891	1	0	1	0	0	0	0
AF	0	0.175515	1	1	0	0	0	0	0
AF	0	0.175828	1	1	0	0	0	0	0
AF	0	0.176140	2	2	0	0	0	0	0
AF	0	0.176765	1	1	0	0	0	0	0
AF	0	0.177077	1	0	1	0	0	0	0
AF	0	0.177701	1	1	0	0	0	0	0
AF	0	0.179263	1	0	1	0	0	0	0
AF	0	0.179888	1	1	0	0	0	0	0
AF	0	0.180512	2	1	1	0	0	0	0
AF	0	0.181137	3	3	0	0	0	0	0
AF	0	0.181449	1	0	1	0	0	0	0
AF	0	0.181761	1	0	1	0	0	0	0
AF	0	0.182074	1	1	0	0	0	0	0
AF	0	0.182386	4	2	2	0	0	0	0
AF	0	0.182698	4	2	2	0	0	0	0
AF	0	0.183635	5	3	2	0	0	0	0
AF	0	0.183948	23	14	9	0	0	0	0
AF	0	0.184260	41	32	9	0	0	0	0
AF	0	0.184572	5	2	3	0	0	0	0
AF	0	0.184884	2	2	0	0	0	0	0
AF	0	0.185509	1	1	0	0	0	0	0
AF	0	0.186134	5	4	1	0	0	0	0
AF	0	0.186446	3	2	1	0	0	0	0
AF	0	0.186758	4	2	2	0	0	0	0
AF	0	0.187383	1	1	0	0	0	0	0
AF	0	0.187695	1	0	1	0	0	0	0
AF	0	0.188320	1	0	1	0	0	0	0
AF	0	0.188632	2	2	0	0	0	0	0
AF	0	0.188944	1	1	0	0	0	0	0
AF	0	0.189257	6	1	5	0	0	0	0
AF	0	0.189569	4	4	0	0	0	0	0
AF	0	0.189881	1	1	0	0	0	0	0
AF	0	0.191443	1	1	0	0	0	0	0
AF	0	0.191755	1	1	0	0	0	0	0
AF	0	0.192692	1	1	0	0	0	0	0
AF	0	0.193004	1	1	0	0	0	0	0
AF	0	0.193317	1	1	0	0	0	0	0
AF	0	0.193629	4	3	1	0	0	0	0
AF	0	0.193941	3	3	0	0	0	0	0
AF	0	0.194254	4	2	2	0	0	0	0
AF	0	0.194566	3	3	0	0	0	0	0
AF	0	0.194878	1	0	1	0	0	0	0
AF	0	0.195191	2	2	0	0	0	0	0
AF	0	0.196127	1	1	0	0	0	0	0
AF	0	0.196752	1	1	0	0	0	0	0
AF	0	0.197377	2	1	1	0	0	0	0
AF	0	0.197689	1	1	0	0	0	0	0
AF	0	0.198001	3	2	1	0	0	0	0
AF	0	0.198314	1	1	0	0	0	0	0
AF	0	0.198626	2	1	1	0	0	0	0
AF	0	0.198938	5	4	1	0	0	0	0
AF	0	0.199250	2	1	1	0	0	0	0
AF	0	0.199875	3	1	2	0	0	0	0
AF	0	0.200187	1	1	0	0	0	0	0
AF	0	0.201124	2	1	1	0	0	0	0
AF	0	0.201749	1	1	0	0	0	0	0
AF	0	0.202374	3	3	0	0	0	0	0
AF	0	0.202686	1	1	0	0	0	0	0
AF	0	0.202998	2	1	1	0	0	0	0
AF	0	0.203310	1	0	1	0	0	0	0
AF	0	0.203623	8	5	3	0	0	0	0
AF	0	0.203935	1	1	0	0	0	0	0
AF	0	0.204247	3	0	3	0	0	0	0
AF	0	0.204560	2	1	1	0	0	0	0
AF	0	0.204872	2	2	0	0	0	0	0
AF	0	0.205809	1	1	0	0	0	0	0
AF	0	0.206121	2	2	0	0	0	0	0
AF	0	0.206433	1	1	0	0	0	0	0
AF	0	0.206746	4	3	1	0	0	0	0
AF	0	0.207058	1	0	1	0	0	0	0
AF	0	0.207370	1	1	0	0	0	0	0
AF	0	0.208307	1	0	1	0	0	0	0
AF	0	0.208620	2	1	1	0	0	0	0
AF	0	0.208932	1	1	0	0	0	0	0
AF	0	0.209244	6	2	4	0	0	0	0
AF	0	0.209869	1	0	1	0	0	0	0
AF	0	0.210181	1	0	1	0	0	0	0
AF	0	0.210493	3	3	0	0	0	0	0
AF	0	0.210806	2	2	0	0	0	0	0
AF	0	0.211118	7	4	3	0	0	0	0
AF	0	0.211743	2	1	1	0	0	0	0
AF	0	0.212367	2	1	1	0	0	0	0
AF	0	0.212680	1	1	0	0	0	0	0
AF	0	0.212992	3	1	2	0	0	0	0
AF	0	0.213616	1	1	0	0	0	0	0
AF	0	0.213929	1	0	1	0	0	0	0
AF	0	0.214241	2	1	1	0	0	0	0
AF	0	0.214866	1	1	0	0	0	0	0
AF	0	0.215803	1	1	0	0	0	0	0
AF	0	0.216115	2	2	0	0	0	0	0
AF	0	0.216427	1	0	1	0	0	0	0
AF	0	0.216740	2	1	1	0	0	0	0
AF	0	0.217364	2	1	1	0	0	0	0
AF	0	0.217676	1	1	0	0	0	0	0
AF	0	0.217989	1	0	1	0	0	0	0
AF	0	0.218613	1	1	0	0	0	0	0
AF	0	0.218926	1	0	1	0	0	0	0
AF	0	0.219863	3	2	1	0	0	0	0
AF	0	0.221424	1	1	0	0	0	0	0
AF	0	0.222049	1	1	0	0	0	0	0
AF	0	0.222361	2	1	1	0	0	0	0
AF	0	0.224547	2	1	1	0	0	0	0
AF	0	0.224859	1	0	1	0	0	0	0
AF	0	0.225172	1	1	0	0	0	0	0
AF	0	0.225796	1	1	0	0	0	0	0
AF	0	0.226109	1	1	0	0	0	0	0
AF	0	0.226733	1	1	0	0	0	0	0
AF	0	0.227046	2	1	1	0	0	0	0
AF	0	0.227358	1	1	0	0	0	0	0
AF	0	0.227983	1	1	0	0	0	0	0
AF	0	0.228607	1	1	0	0	0	0	0
AF	0	0.228919	2	2	0	0	0	0	0
AF	0	0.229232	1	0	1	0	0	0	0
AF	0	0.230169	2	2	0	0	0	0	0
AF	0	0.230481	1	0	1	0	0	0	0
AF	0	0.230793	1	0	1	0	0	0	0
AF	0	0.231418	1	1	0	0	0	0	0
AF	0	0.232042	2	1	1	0	0	0	0
AF	0	0.232667	1	0	1	0	0	0	0
AF	0	0.233292	4	2	2	0	0	0	0
AF	0	0.233916	1	1	0	0	0	0	0
AF	0	0.234541	1	1	0	0	0	0	0
AF	0	0.234853	1	0	1	0	0	0	0
AF	0	0.235166	1	1	0	0	0	0	0
AF	0	0.235790	1	1	0	0	0	0	0
AF	0	0.236727	1	1	0	0	0	0	0
AF	0	0.237039	1	0	1	0	0	0	0
AF	0	0.237664	7	3	4	0	0	0	0
AF	0	0.237976	3	3	0	0	0	0	0
AF	0	0.238289	4	1	3	0	0	0	0
AF	0	0.238601	3	2	1	0	0	0	0
AF	0	0.238913	2	1	1	0	0	0	0
AF	0	0.239225	2	2	0	0	0	0	0
AF	0	0.239538	2	2	0	0	0	0	0
AF	0	0.239850	2	1	1	0	0	0	0
AF	0	0.240787	2	1	1	0	0	0	0
AF	0	0.241099	1	0	1	0	0	0	0
AF	0	0.241412	3	2	1	0	0	0	0
AF	0	0.242036	2	2	0	0	0	0	0
AF	0	0.242661	2	1	1	0	0	0	0
AF	0	0.242973	1	0	1	0	0	0	0
AF	0	0.243285	3	0	3	0	0	0	0
AF	0	0.243910	2	1	1	0	0	0	0
AF	0	0.244847	1	1	0	0	0	0	0
AF	0	0.247033	2	1	1	0	0	0	0
AF	0	0.247658	2	0	2	0	0	0	0
AF	0	0.247970	1	0	1	0	0	0	0
AF	0	0.248282	1	1	0	0	0	0	0
AF	0	0.248595	1	1	0	0	0	0	0
AF	0	0.248907	2	1	1	0	0	0	0
AF	0	0.249219	1	0	1	0	0	0	0
AF	0	0.249532	3	2	1	0	0	0	0
AF	0	0.249844	2	1	1	0	0	0	0
AF	0	0.250156	1	1	0	0	0	0	0
AF	0	0.250468	2	1	1	0	0	0	0
AF	0	0.251405	3	3	0	0	0	0	0
AF	0	0.252030	1	1	0	0	0	0	0
AF	0	0.252342	1	0	1	0	0	0	0
AF	0	0.252655	1	1	0	0	0	0	0
AF	0	0.253279	2	1	1	0	0	0	0
AF	0	0.254216	2	0	2	0	0	0	0
AF	0	0.254841	1	1	0	0	0	0	0
AF	0	0.255153	3	1	2	0	0	0	0
AF	0	0.255465	1	0	1	0	0	0	0
AF	0	0.255778	3	3	0	0	0	0	0
AF	0	0.256402	2	0	2	0	0	0	0
AF	0	0.256715	3	2	1	0	0	0	0
AF	0	0.257027	2	2	0	0	0	0	0
AF	0	0.257651	3	3	0	0	0	0	0
AF	0	0.257964	3	2	1	0	0	0	0
AF	0	0.258276	2	2	0	0	0	0	0
AF	0	0.258588	1	1	0	0	0	0	0
AF	0	0.258901	1	1	0	0	0	0	0
AF	0	0.259838	2	1	1	0	0	0	0
AF	0	0.260462	1	1	0	0	0	0	0
AF	0	0.261711	1	0	1	0	0	0	0
AF	0	0.262024	2	1	1	0	0	0	0
AF	0	0.262336	1	1	0	0	0	0	0
AF	0	0.262961	2	0	2	0	0	0	0
AF	0	0.263273	5	3	2	0	0	0	0
AF	0	0.263898	2	2	0	0	0	0	0
AF	0	0.265147	4	2	2	0	0	0	0
AF	0	0.266396	1	1	0	0	0	0	0
AF	0	0.266708	1	1	0	0	0	0	0
AF	0	0.267021	2	1	1	0	0	0	0
AF	0	0.267645	1	1	0	0	0	0	0
AF	0	0.267958	1	0	1	0	0	0	0
AF	0	0.269207	1	1	0	0	0	0	0
AF	0	0.269831	1	1	0	0	0	0	0
AF	0	0.271081	1	1	0	0	0	0	0
AF	0	0.271393	1	0	1	0	0	0	0
AF	0	0.272642	1	1	0	0	0	0	0
AF	0	0.273891	1	1	0	0	0	0	0
AF	0	0.274204	1	1	0	0	0	0	0
AF	0	0.274828	1	0	1	0	0	0	0
AF	0	0.275141	3	2	1	0	0	0	0
AF	0	0.276702	1	1	0	0	0	0	0
AF	0	0.277327	1	1	0	0	0	0	0
AF	0	0.277639	1	1	0	0	0	0	0
AF	0	0.277951	2	1	1	0	0	0	0
AF	0	0.278264	8	5	3	0	0	0	0
AF	0	0.278888	3	2	1	0	0	0	0
AF	0	0.279825	1	0	1	0	0	0	0
AF	0	0.281074	1	1	0	0	0	0	0
AF	0	0.281387	2	2	0	0	0	0	0
AF	0	0.281699	1	0	1	0	0	0	0
AF	0	0.282324	1	1	0	0	0	0	0
AF	0	0.283885	1	1	0	0	0	0	0
AF	0	0.285759	3	0	3	0	0	0	0
AF	0	0.286696	1	0	1	0	0	0	0
AF	0	0.287008	3	3	0	0	0	0	0
AF	0	0.287320	1	0	1	0	0	0	0
AF	0	0.288882	1	1	0	0	0	0	0
AF	0	0.289194	1	1	0	0	0	0	0
AF	0	0.289507	1	0	1	0	0	0	0
AF	0	0.290131	3	3	0	0	0	0	0
AF	0	0.290443	2	0	2	0	0	0	0
AF	0	0.290756	1	0	1	0	0	0	0
AF	0	0.291068	1	1	0	0	0	0	0
AF	0	0.291380	2	0	2	0	0	0	0
AF	0	0.291693	2	1	1	0	0	0	0
AF	0	0.292005	1	1	0	0	0	0	0
AF	0	0.292317	1	0	1	0	0	0	0
AF	0	0.292942	2	1	1	0	0	0	0
AF	0	0.293254	3	3	0	0	0	0	0
AF	0	0.293879	1	1	0	0	0	0	0
AF	0	0.294503	1	1	0	0	0	0	0
AF	0	0.295128	1	1	0	0	0	0	0
AF	0	0.295440	2	2	0	0	0	0	0
AF	0	0.295753	8	6	2	0	0	0	0
AF	0	0.296065	1	1	0	0	0	0	0
AF	0	0.296377	1	0	1	0	0	0	0
AF	0	0.296690	2	1	1	0	0	0	0
AF	0	0.297002	3	1	2	0	0	0	0
AF	0	0.297314	2	1	1	0	0	0	0
AF	0	0.297939	1	1	0	0	0	0	0
AF	0	0.298251	1	1	0	0	0	0	0
AF	0	0.300125	1	1	0	0	0	0	0
AF	0	0.300750	1	0	1	0	0	0	0
AF	0	0.302623	1	1	0	0	0	0	0
AF	0	0.302936	1	1	0	0	0	0	0
AF	0	0.303248	2	2	0	0	0	0	0
AF	0	0.303560	1	1	0	0	0	0	0
AF	0	0.303873	1	1	0	0	0	0	0
AF	0	0.308869	1	1	0	0	0	0	0
AF	0	0.309494	2	2	0	0	0	0	0
AF	0	0.310119	2	2	0	0	0	0	0
AF	0	0.310431	1	0	1	0	0	0	0
AF	0	0.310743	3	1	2	0	0	0	0
AF	0	0.312305	1	1	0	0	0	0	0
AF	0	0.312617	5	4	1	0	0	0	0
AF	0	0.313242	3	1	2	0	0	0	0
AF	0	0.313866	4	0	4	0	0	0	0
AF	0	0.314491	3	1	2	0	0	0	0
AF	0	0.315116	2	2	0	0	0	0	0
AF	0	0.315428	2	2	0	0	0	0	0
AF	0	0.315740	2	1	1	0	0	0	0
AF	0	0.316365	4	1	3	0	0	0	0
AF	0	0.316989	2	1	1	0	0	0	0
AF	0	0.317302	1	1	0	0	0	0	0
AF	0	0.317614	2	1	1	0	0	0	0
AF	0	0.317926	3	2	1	0	0	0	0
AF	0	0.318239	2	2	0	0	0	0	0
AF	0	0.318551	3	2	1	0	0	0	0
AF	0	0.318863	4	2	2	0	0	0	0
AF	0	0.319488	1	1	0	0	0	0	0
AF	0	0.320112	1	0	1	0	0	0	0
AF	0	0.320425	1	1	0	0	0	0	0
AF	0	0.321362	2	1	1	0	0	0	0
AF	0	0.322611	1	0	1	0	0	0	0
AF	0	0.323235	1	0	1	0	0	0	0
AF	0	0.323548	2	2	0	0	0	0	0
AF	0	0.323860	2	1	1	0	0	0	0
AF	0	0.324485	1	1	0	0	0	0	0
AF	0	0.326046	1	1	0	0	0	0	0
AF	0	0.326359	1	1	0	0	0	0	0
AF	0	0.327608	2	1	1	0	0	0	0
AF	0	0.328545	1	0	1	0	0	0	0
AF	0	0.330106	1	1	0	0	0	0	0
AF	0	0.333229	1	1	0	0	0	0	0
AF	0	0.333542	1	1	0	0	0	0	0
AF	0	0.339163	3	3	0	0	0	0	0
AF	0	0.340725	1	1	0	0	0	0	0
AF	0	0.341661	2	1	1	0	0	0	0
AF	0	0.343535	1	1	0	0	0	0	0
AF	0	0.344785	1	0	1	0	0	0	0
AF	0	0.346034	2	1	1	0	0	0	0
AF	0	0.346971	1	1	0	0	0	0	0
AF	0	0.349157	2	0	2	0	0	0	0
AF	0	0.349781	1	1	0	0	0	0	0
AF	0	0.350406	1	1	0	0	0	0	0
AF	0	0.350718	1	0	1	0	0	0	0
AF	0	0.351031	3	3	0	0	0	0	0
AF	0	0.351343	3	2	1	0	0	0	0
AF	0	0.351655	1	0	1	0	0	0	0
AF	0	0.352592	1	0	1	0	0	0	0
AF	0	0.353217	2	2	0	0	0	0	0
AF	0	0.353529	2	0	2	0	0	0	0
AF	0	0.353841	1	0	1	0	0	0	0
AF	0	0.355715	1	0	1	0	0	0	0
AF	0	0.356340	1	1	0	0	0	0	0
AF	0	0.360712	1	1	0	0	0	0	0
AF	0	0.361024	1	0	1	0	0	0	0
AF	0	0.361649	2	1	1	0	0	0	0
AF	0	0.363523	1	1	0	0	0	0	0
AF	0	0.364772	1	1	0	0	0	0	0
AF	0	0.365084	1	0	1	0	0	0	0
AF	0	0.367270	1	1	0	0	0	0	0
AF	0	0.369144	1	1	0	0	0	0	0
AF	0	0.370394	1	0	1	0	0	0	0
AF	0	0.372267	2	2	0	0	0	0	0
AF	0	0.372580	1	0	1	0	0	0	0
AF	0	0.372892	1	0	1	0	0	0	0
AF	0	0.373204	1	1	0	0	0	0	0
AF	0	0.373517	1	0	1	0	0	0	0
AF	0	0.374141	1	0	1	0	0	0	0
AF	0	0.375703	1	1	0	0	0	0	0
AF	0	0.376327	1	0	1	0	0	0	0
AF	0	0.378826	1	1	0	0	0	0	0
AF	0	0.379138	1	1	0	0	0	0	0
AF	0	0.379450	1	1	0	0	0	0	0
AF	0	0.379763	2	1	1	0	0	0	0
AF	0	0.380075	1	1	0	0	0	0	0
AF	0	0.380387	5	4	1	0	0	0	0
AF	0	0.381012	1	0	1	0	0	0	0
AF	0	0.381324	2	1	1	0	0	0	0
AF	0	0.381636	5	4	1	0	0	0	0
AF	0	0.381949	3	2	1	0	0	0	0
AF	0	0.382261	2	1	1	0	0	0	0
AF	0	0.382573	1	1	0	0	0	0	0
AF	0	0.387258	1	0	1	0	0	0	0
AF	0	0.387883	1	1	0	0	0	0	0
AF	0	0.389444	1	1	0	0	0	0	0
AF	0	0.389756	2	2	0	0	0	0	0
AF	0	0.390381	2	2	0	0	0	0	0
AF	0	0.391006	1	1	0	0	0	0	0
AF	0	0.392567	1	1	0	0	0	0	0
AF	0	0.394753	2	0	2	0	0	0	0
AF	0	0.395066	1	0	1	0	0	0	0
AF	0	0.395378	2	1	1	0	0	0	0
AF	0	0.395690	1	1	0	0	0	0	0
AF	0	0.397252	2	0	2	0	0	0	0
AF	0	0.398813	1	1	0	0	0	0	0
AF	0	0.399126	1	1	0	0	0	0	0
AF	0	0.399750	2	1	1	0	0	0	0
AF	0	0.400999	3	0	3	0	0	0	0
AF	0	0.401312	2	2	0	0	0	0	0
AF	0	0.402249	1	1	0	0	0	0	0
AF	0	0.402873	1	0	1	0	0	0	0
AF	0	0.403186	1	1	0	0	0	0	0
AF	0	0.403498	1	1	0	0	0	0	0
AF	0	0.403810	3	3	0	0	0	0	0
AF	0	0.404122	4	0	4	0	0	0	0
AF	0	0.404435	1	1	0	0	0	0	0
AF	0	0.404747	1	1	0	0	0	0	0
AF	0	0.405059	1	1	0	0	0	0	0
AF	0	0.405372	1	1	0	0	0	0	0
AF	0	0.410681	1	1	0	0	0	0	0
AF	0	0.412242	2	2	0	0	0	0	0
AF	0	0.413492	1	1	0	0	0	0	0
AF	0	0.415678	1	0	1	0	0	0	0
AF	0	0.416302	1	0	1	0	0	0	0
AF	0	0.417239	1	1	0	0	0	0	0
AF	0	0.417864	1	0	1	0	0	0	0
AF	0	0.419738	1	0	1	0	0	0	0
AF	0	0.420987	1	1	0	0	0	0	0
AF	0	0.423173	1	1	0	0	0	0	0
AF	0	0.423485	1	1	0	0	0	0	0
AF	0	0.425671	1	1	0	0	0	0	0
AF	0	0.426608	1	1	0	0	0	0	0
AF	0	0.427233	1	0	1	0	0	0	0
AF	0	0.427858	1	0	1	0	0	0	0
AF	0	0.429731	2	2	0	0	0	0	0
AF	0	0.430356	1	1	0	0	0	0	0
AF	0	0.430668	2	1	1	0	0	0	0
AF	0	0.430981	1	1	0	0	0	0	0
AF	0	0.431293	1	1	0	0	0	0	0
AF	0	0.431605	1	0	1	0	0	0	0
AF	0	0.431918	1	1	0	0	0	0	0
AF	0	0.433791	1	1	0	0	0	0	0
AF	0	0.434104	2	2	0	0	0	0	0
AF	0	0.434728	2	1	1	0	0	0	0
AF	0	0.435353	1	0	1	0	0	0	0
AF	0	0.435978	1	1	0	0	0	0	0
AF	0	0.436602	1	1	0	0	0	0	0
AF	0	0.437851	2	1	1	0	0	0	0
AF	0	0.438164	1	1	0	0	0	0	0
AF	0	0.438476	1	1	0	0	0	0	0
AF	0	0.439413	3	2	1	0	0	0	0
AF	0	0.440037	1	1	0	0	0	0	0
AF	0	0.440350	3	2	1	0	0	0	0
AF	0	0.440662	2	2	0	0	0	0	0
AF	0	0.440974	3	3	0	0	0	0	0
AF	0	0.441287	1	1	0	0	0	0	0
AF	0	0.441599	4	2	2	0	0	0	0
AF	0	0.441911	2	1	1	0	0	0	0
AF	0	0.442224	5	2	3	0	0	0	0
AF	0	0.443473	3	1	2	0	0	0	0
AF	0	0.443785	1	1	0	0	0	0	0
AF	0	0.444722	4	2	2	0	0	0	0
AF	0	0.445659	1	1	0	0	0	0	0
AF	0	0.446284	2	1	1	0	0	0	0
AF	0	0.446908	3	1	2	0	0	0	0
AF	0	0.447845	1	1	0	0	0	0	0
AF	0	0.448157	1	0	1	0	0	0	0
AF	0	0.448470	1	0	1	0	0	0	0
AF	0	0.448782	1	1	0	0	0	0	0
AF	0	0.449094	2	2	0	0	0	0	0
AF	0	0.449407	2	1	1	0	0	0	0
AF	0	0.450656	1	0	1	0	0	0	0
AF	0	0.450968	2	1	1	0	0	0	0
AF	0	0.451280	1	1	0	0	0	0	0
AF	0	0.451905	2	2	0	0	0	0	0
AF	0	0.452217	1	1	0	0	0	0	0
AF	0	0.453154	3	1	2	0	0	0	0
AF	0	0.453467	2	1	1	0	0	0	0
AF	0	0.453779	4	3	1	0	0	0	0
AF	0	0.454091	2	2	0	0	0	0	0
AF	0	0.455653	7	6	1	0	0	0	0
AF	0	0.455965	6	2	4	0	0	0	0
AF	0	0.456277	5	4	1	0	0	0	0
AF	0	0.456590	4	2	2	0	0	0	0
AF	0	0.456902	6	3	3	0	0	0	0
AF	0	0.457214	7	3	4	0	0	0	0
AF	0	0.457527	4	3	1	0	0	0	0
AF	0	0.457839	2	2	0	0	0	0	0
AF	0	0.458776	3	2	1	0	0	0	0
AF	0	0.459088	1	1	0	0	0	0	0
AF	0	0.459400	2	1	1	0	0	0	0
AF	0	0.460025	1	0	1	0	0	0	0
AF	0	0.460650	1	1	0	0	0	0	0
AF	0	0.461274	2	1	1	0	0	0	0
AF	0	0.461899	1	1	0	0	0	0	0
AF	0	0.462211	1	0	1	0	0	0	0
AF	0	0.462523	4	2	2	0	0	0	0
AF	0	0.463148	7	4	3	0	0	0	0
AF	0	0.463460	8	2	6	0	0	0	0
AF	0	0.463773	4	1	3	0	0	0	0
AF	0	0.464085	1	1	0	0	0	0	0
AF	0	0.464710	1	1	0	0	0	0	0
AF	0	0.465022	1	1	0	0	0	0	0
AF	0	0.465334	1	0	1	0	0	0	0
AF	0	0.465646	1	0	1	0	0	0	0
AF	0	0.466271	1	1	0	0	0	0	0
AF	0	0.466896	3	2	1	0	0	0	0
AF	0	0.467520	1	0	1	0	0	0	0
AF	0	0.468145	2	1	1	0	0	0	0
AF	0	0.468457	3	1	2	0	0	0	0
AF	0	0.468770	1	0	1	0	0	0	0
AF	0	0.469082	2	0	2	0	0	0	0
AF	0	0.469394	2	2	0	0	0	0	0
AF	0	0.469706	1	1	0	0	0	0	0
AF	0	0.470331	1	0	1	0	0	0	0
AF	0	0.470643	2	0	2	0	0	0	0
AF	0	0.470956	2	2	0	0	0	0	0
AF	0	0.471268	2	1	1	0	0	0	0
AF	0	0.471893	2	2	0	0	0	0	0
AF	0	0.472205	1	1	0	0	0	0	0
AF	0	0.472517	2	2	0	0	0	0	0
AF	0	0.473142	1	1	0	0	0	0	0
AF	0	0.473454	1	1	0	0	0	0	0
AF	0	0.474079	1	1	0	0	0	0	0
AF	0	0.474391	1	1	0	0	0	0	0
AF	0	0.474703	1	0	1	0	0	0	0
AF	0	0.475328	1	1	0	0	0	0	0
AF	0	0.475640	1	0	1	0	0	0	0
AF	0	0.476265	4	3	1	0	0	0	0
AF	0	0.476889	1	1	0	0	0	0	0
AF	0	0.477202	1	1	0	0	0	0	0
AF	0	0.477514	1	0	1	0	0	0	0
AF	0	0.478451	2	2	0	0	0	0	0
AF	0	0.478763	1	0	1	0	0	0	0
AF	0	0.479076	1	1	0	0	0	0	0
AF	0	0.479388	2	1	1	0	0	0	0
AF	0	0.480012	4	1	3	0	0	0	0
AF	0	0.480637	5	5	0	0	0	0	0
AF	0	0.480949	2	0	2	0	0	0	0
AF	0	0.481262	4	3	1	0	0	0	0
AF	0	0.481574	1	1	0	0	0	0	0
AF	0	0.481886	2	1	1	0	0	0	0
AF	0	0.482511	1	0	1	0	0	0	0
AF	0	0.483136	1	0	1	0	0	0	0
AF	0	0.483760	1	1	0	0	0	0	0
AF	0	0.485634	1	1	0	0	0	0	0
AF	0	0.485946	1	0	1	0	0	0	0
AF	0	0.486259	1	1	0	0	0	0	0
AF	0	0.486571	1	1	0	0	0	0	0
AF	0	0.487508	1	0	1	0	0	0	0
AF	0	0.487820	2	2	0	0	0	0	0
AF	0	0.488132	1	1	0	0	0	0	0
AF	0	0.488445	3	1	2	0	0	0	0
AF	0	0.488757	6	3	3	0	0	0	0
AF	0	0.489694	1	0	1	0	0	0	0
AF	0	0.490006	5	4	1	0	0	0	0
AF	0	0.490319	1	0	1	0	0	0	0
AF	0	0.490631	1	0	1	0	0	0	0
AF	0	0.491255	2	2	0	0	0	0	0
AF	0	0.491568	2	2	0	0	0	0	0
AF	0	0.491880	1	1	0	0	0	0	0
AF	0	0.492192	1	1	0	0	0	0	0
AF	0	0.492505	1	1	0	0	0	0	0
AF	0	0.492817	1	0	1	0	0	0	0
AF	0	0.493129	1	0	1	0	0	0	0
AF	0	0.493754	2	2	0	0	0	0	0
AF	0	0.494066	1	0	1	0	0	0	0
AF	0	0.494379	1	1	0	0	0	0	0
AF	0	0.494691	1	1	0	0	0	0	0
AF	0	0.495315	1	1	0	0	0	0	0
AF	0	0.497502	2	0	2	0	0	0	0
AF	0	0.498126	1	1	0	0	0	0	0
AF	0	0.498438	1	1	0	0	0	0	0
AF	0	0.498751	1	1	0	0	0	0	0
AF	0	0.499063	1	0	1	0	0	0	0
AF	0	0.500000	2	1	1	0	0	0	0
AF	0	0.501562	1	0	1	0	0	0	0
AF	0	0.501874	1	1	0	0	0	0	0
AF	0	0.502186	1	0	1	0	0	0	0
AF	0	0.502498	5	4	1	0	0	0	0
AF	0	0.502811	1	0	1	0	0	0	0
AF	0	0.503123	2	1	1	0	0	0	0
AF	0	0.503435	1	1	0	0	0	0	0
AF	0	0.503748	1	1	0	0	0	0	0
AF	0	0.504372	2	1	1	0	0	0	0
AF	0	0.504685	3	2	1	0	0	0	0
AF	0	0.506246	3	2	1	0	0	0	0
AF	0	0.506871	1	1	0	0	0	0	0
AF	0	0.507183	1	1	0	0	0	0	0
AF	0	0.508120	1	1	0	0	0	0	0
AF	0	0.509994	2	2	0	0	0	0	0
AF	0	0.510618	1	1	0	0	0	0	0
AF	0	0.510931	1	0	1	0	0	0	0
AF	0	0.511868	3	2	1	0	0	0	0
AF	0	0.512492	1	0	1	0	0	0	0
AF	0	0.513117	2	2	0	0	0	0	0
AF	0	0.513741	1	1	0	0	0	0	0
AF	0	0.514366	1	1	0	0	0	0	0
AF	0	0.516240	1	0	1	0	0	0	0
AF	0	0.516864	1	1	0	0	0	0	0
AF	0	0.517801	1	1	0	0	0	0	0
AF	0	0.518114	1	0	1	0	0	0	0
AF	0	0.519363	1	0	1	0	0	0	0
AF	0	0.519675	1	1	0	0	0	0	0
AF	0	0.519988	1	0	1	0	0	0	0
AF	0	0.520300	1	0	1	0	0	0	0
AF	0	0.521237	1	1	0	0	0	0	0
AF	0	0.522486	2	0	2	0	0	0	0
AF	0	0.523111	1	1	0	0	0	0	0
AF	0	0.523735	2	0	2	0	0	0	0
AF	0	0.524047	1	1	0	0	0	0	0
AF	0	0.524984	3	3	0	0	0	0	0
AF	0	0.525609	3	2	1	0	0	0	0
AF	0	0.526234	1	1	0	0	0	0	0
AF	0	0.526546	1	1	0	0	0	0	0
AF	0	0.527483	1	0	1	0	0	0	0
AF	0	0.527795	1	1	0	0	0	0	0
AF	0	0.528107	1	1	0	0	0	0	0
AF	0	0.528420	1	0	1	0	0	0	0
AF	0	0.528732	1	0	1	0	0	0	0
AF	0	0.529044	2	2	0	0	0	0	0
AF	0	0.529357	3	2	1	0	0	0	0
AF	0	0.530294	1	0	1	0	0	0	0
AF	0	0.530606	3	3	0	0	0	0	0
AF	0	0.530918	1	0	1	0	0	0	0
AF	0	0.531230	1	1	0	0	0	0	0
AF	0	0.531855	1	1	0	0	0	0	0
AF	0	0.532480	3	2	1	0	0	0	0
AF	0	0.532792	1	1	0	0	0	0	0
AF	0	0.533104	3	3	0	0	0	0	0
AF	0	0.533417	1	1	0	0	0	0	0
AF	0	0.534354	1	0	1	0	0	0	0
AF	0	0.535603	2	0	2	0	0	0	0
AF	0	0.535915	1	0	1	0	0	0	0
AF	0	0.536227	1	1	0	0	0	0	0
AF	0	0.536852	3	2	1	0	0	0	0
AF	0	0.537164	1	1	0	0	0	0	0
AF	0	0.537477	1	1	0	0	0	0	0
AF	0	0.537789	1	1	0	0	0	0	0
AF	0	0.538413	1	1	0	0	0	0	0
AF	0	0.539350	1	0	1	0	0	0	0
AF	0	0.539663	1	1	0	0	0	0	0
AF	0	0.539975	3	1	2	0	0	0	0
AF	0	0.540600	1	1	0	0	0	0	0
AF	0	0.541849	3	2	1	0	0	0	0
AF	0	0.542161	1	1	0	0	0	0	0
AF	0	0.542473	1	1	0	0	0	0	0
AF	0	0.543098	2	1	1	0	0	0	0
AF	0	0.543410	1	1	0	0	0	0	0
AF	0	0.543723	2	1	1	0	0	0	0
AF	0	0.544035	1	1	0	0	0	0	0
AF	0	0.544347	3	2	1	0	0	0	0
AF	0	0.544660	1	1	0	0	0	0	0
AF	0	0.544972	4	4	0	0	0	0	0
AF	0	0.545284	2	1	1	0	0	0	0
AF	0	0.545909	1	0	1	0	0	0	0
AF	0	0.546221	5	4	1	0	0	0	0
AF	0	0.546846	2	2	0	0	0	0	0
AF	0	0.547158	2	0	2	0	0	0	0
AF	0	0.547470	1	1	0	0	0	0	0
AF	0	0.548095	1	1	0	0	0	0	0
AF	0	0.548407	1	0	1	0	0	0	0
AF	0	0.548720	1	1	0	0	0	0	0
AF	0	0.549032	3	1	2	0	0	0	0
AF	0	0.549344	2	1	1	0	0	0	0
AF	0	0.550281	3	2	1	0	0	0	0
AF	0	0.551218	1	1	0	0	0	0	0
AF	0	0.551530	2	1	1	0	0	0	0
AF	0	0.554341	4	4	0	0	0	0	0
AF	0	0.554966	1	0	1	0	0	0	0
AF	0	0.555278	1	0	1	0	0	0	0
AF	0	0.555903	1	0	1	0	0	0	0
AF	0	0.556527	1	1	0	0	0	0	0
AF	0	0.556839	1	0	1	0	0	0	0
AF	0	0.557152	1	1	0	0	0	0	0
AF	0	0.558401	1	1	0	0	0	0	0
AF	0	0.559026	1	0	1	0	0	0	0
AF	0	0.561212	1	0	1	0	0	0	0
AF	0	0.561524	1	1	0	0	0	0	0
AF	0	0.561836	1	1	0	0	0	0	0
AF	0	0.562149	2	1	1	0	0	0	0
AF	0	0.562461	2	2	0	0	0	0	0
AF	0	0.562773	3	2	1	0	0	0	0
AF	0	0.563086	1	1	0	0	0	0	0
AF	0	0.563398	2	1	1	0	0	0	0
AF	0	0.563710	1	1	0	0	0	0	0
AF	0	0.564022	5	4	1	0	0	0	0
AF	0	0.564335	2	2	0	0	0	0	0
AF	0	0.565896	1	0	1	0	0	0	0
AF	0	0.566521	1	0	1	0	0	0	0
AF	0	0.567146	1	1	0	0	0	0	0
AF	0	0.567458	1	1	0	0	0	0	0
AF	0	0.567770	1	1	0	0	0	0	0
AF	0	0.568395	1	0	1	0	0	0	0
AF	0	0.569019	1	1	0	0	0	0	0
AF	0	0.570269	1	1	0	0	0	0	0
AF	0	0.574953	1	1	0	0	0	0	0
AF	0	0.578389	1	1	0	0	0	0	0
AF	0	0.580575	2	2	0	0	0	0	0
AF	0	0.580887	1	0	1	0	0	0	0
AF	0	0.581199	1	1	0	0	0	0	0
AF	0	0.582136	1	1	0	0	0	0	0
AF	0	0.583385	1	0	1	0	0	0	0
AF	0	0.585259	1	1	0	0	0	0	0
AF	0	0.586508	1	1	0	0	0	0	0
AF	0	0.588382	1	1	0	0	0	0	0
AF	0	0.588695	1	0	1	0	0	0	0
AF	0	0.589007	1	1	0	0	0	0	0
AF	0	0.589631	1	0	1	0	0	0	0
AF	0	0.592442	1	0	1	0	0	0	0
AF	0	0.592755	1	0	1	0	0	0	0
AF	0	0.593379	2	2	0	0	0	0	0
AF	0	0.594004	1	0	1	0	0	0	0
AF	0	0.594941	1	1	0	0	0	0	0
AF	0	0.598064	1	1	0	0	0	0	0
AF	0	0.600250	1	1	0	0	0	0	0
AF	0	0.600562	1	1	0	0	0	0	0
AF	0	0.600874	1	1	0	0	0	0	0
AF	0	0.601499	1	1	0	0	0	0	0
AF	0	0.601811	2	2	0	0	0	0	0
AF	0	0.602124	4	2	2	0	0	0	0
AF	0	0.602748	1	1	0	0	0	0	0
AF	0	0.603373	2	1	1	0	0	0	0
AF	0	0.603998	1	1	0	0	0	0	0
AF	0	0.604622	2	1	1	0	0	0	0
AF	0	0.613367	1	1	0	0	0	0	0
AF	0	0.621174	1	1	0	0	0	0	0
AF	0	0.622736	3	1	2	0	0	0	0
AF	0	0.623360	1	0	1	0	0	0	0
AF	0	0.623673	1	1	0	0	0	0	0
AF	0	0.628357	1	1	0	0	0	0	0
AF	0	0.629606	1	1	0	0	0	0	0
AF	0	0.629919	1	1	0	0	0	0	0
AF	0	0.630856	1	1	0	0	0	0	0
AF	0	0.632105	1	1	0	0	0	0	0
AF	0	0.638663	1	1	0	0	0	0	0
AF	0	0.640849	1	1	0	0	0	0	0
AF	0	0.643348	1	1	0	0	0	0	0
AF	0	0.644285	2	1	1	0	0	0	0
AF	0	0.651468	1	1	0	0	0	0	0
AF	0	0.653342	1	1	0	0	0	0	0
AF	0	0.655215	1	0	1	0	0	0	0
AF	0	0.658963	1	1	0	0	0	0	0
AF	0	0.660212	1	1	0	0	0	0	0
AF	0	0.660837	1	0	1	0	0	0	0
AF	0	0.665209	1	1	0	0	0	0	0
AF	0	0.665834	1	1	0	0	0	0	0
AF	0	0.671143	1	1	0	0	0	0	0
AF	0	0.681761	1	1	0	0	0	0	0
AF	0	0.685509	1	1	0	0	0	0	0
AF	0	0.685821	1	1	0	0	0	0	0
AF	0	0.687071	1	1	0	0	0	0	0
AF	0	0.688007	2	2	0	0	0	0	0
AF	0	0.690506	1	1	0	0	0	0	0
AF	0	0.690818	1	1	0	0	0	0	0
AF	0	0.694878	1	1	0	0	0	0	0
AF	0	0.695191	1	1	0	0	0	0	0
AF	0	0.695503	2	1	1	0	0	0	0
AF	0	0.695815	1	1	0	0	0	0	0
AF	0	0.697377	1	1	0	0	0	0	0
AF	0	0.699563	1	1	0	0	0	0	0
AF	0	0.700187	1	1	0	0	0	0	0
AF	0	0.702998	2	0	2	0	0	0	0
AF	0	0.703623	1	1	0	0	0	0	0
AF	0	0.703935	1	1	0	0	0	0	0
AF	0	0.705497	1	0	1	0	0	0	0
AF	0	0.709869	1	0	1	0	0	0	0
AF	0	0.710181	1	1	0	0	0	0	0
AF	0	0.711118	1	1	0	0	0	0	0
AF	0	0.715178	1	0	1	0	0	0	0
AF	0	0.717364	1	0	1	0	0	0	0
AF	0	0.718613	1	1	0	0	0	0	0
AF	0	0.719238	2	2	0	0	0	0	0
AF	0	0.721112	1	0	1	0	0	0	0
AF	0	0.722049	2	2	0	0	0	0	0
AF	0	0.722361	5	5	0	0	0	0	0
AF	0	0.722673	4	2	2	0	0	0	0
AF	0	0.722986	3	3	0	0	0	0	0
AF	0	0.723298	2	1	1	0	0	0	0
AF	0	0.723610	1	0	1	0	0	0	0
AF	0	0.723923	2	0	2	0	0	0	0
AF	0	0.724547	1	1	0	0	0	0	0
AF	0	0.724859	1	0	1	0	0	0	0
AF	0	0.725484	1	0	1	0	0	0	0
AF	0	0.726109	1	1	0	0	0	0	0
AF	0	0.726421	2	2	0	0	0	0	0
AF	0	0.729232	1	0	1	0	0	0	0
AF	0	0.729856	1	0	1	0	0	0	0
AF	0	0.730169	1	0	1	0	0	0	0
AF	0	0.730481	1	1	0	0	0	0	0
AF	0	0.731106	1	1	0	0	0	0	0
AF	0	0.736102	2	1	1	0	0	0	0
AF	0	0.736727	1	1	0	0	0	0	0
AF	0	0.740475	2	2	0	0	0	0	0
AF	0	0.740787	1	1	0	0	0	0	0
AF	0	0.741412	1	1	0	0	0	0	0
AF	0	0.741724	2	1	1	0	0	0	0
AF	0	0.742349	1	1	0	0	0	0	0
AF	0	0.742661	2	1	1	0	0	0	0
AF	0	0.742973	13	11	2	0	0	0	0
AF	0	0.743285	6	5	1	0	0	0	0
AF	0	0.743598	8	4	4	0	0	0	0
AF	0	0.744222	1	1	0	0	0	0	0
AF	0	0.744535	1	0	1	0	0	0	0
AF	0	0.748907	1	1	0	0	0	0	0
AF	0	0.749844	1	1	0	0	0	0	0
AF	0	0.751093	1	0	1	0	0	0	0
AF	0	0.755778	1	0	1	0	0	0	0
AF	0	0.756402	1	1	0	0	0	0	0
AF	0	0.757339	1	1	0	0	0	0	0
AF	0	0.759213	1	1	0	0	0	0	0
AF	0	0.759838	1	1	0	0	0	0	0
AF	0	0.761087	1	1	0	0	0	0	0
AF	0	0.767021	1	1	0	0	0	0	0
AF	0	0.771393	1	0	1	0	0	0	0
AF	0	0.772330	1	0	1	0	0	0	0
AF	0	0.775453	1	0	1	0	0	0	0
AF	0	0.778576	1	1	0	0	0	0	0
AF	0	0.780450	1	1	0	0	0	0	0
AF	0	0.781387	2	1	1	0	0	0	0
AF	0	0.781699	2	0	2	0	0	0	0
AF	0	0.782011	1	1	0	0	0	0	0
AF	0	0.782324	1	0	1	0	0	0	0
AF	0	0.785447	1	1	0	0	0	0	0
AF	0	0.792317	1	0	1	0	0	0	0
AF	0	0.793254	2	1	1	0	0	0	0
AF	0	0.794191	1	1	0	0	0	0	0
AF	0	0.794503	1	0	1	0	0	0	0
AF	0	0.795128	1	1	0	0	0	0	0
AF	0	0.800750	1	0	1	0	0	0	0
AF	0	0.804809	1	1	0	0	0	0	0
AF	0	0.809494	1	1	0	0	0	0	0
AF	0	0.809806	1	1	0	0	0	0	0
AF	0	0.811368	1	1	0	0	0	0	0
AF	0	0.813242	2	2	0	0	0	0	0
AF	0	0.813554	1	0	1	0	0	0	0
AF	0	0.813866	2	1	1	0	0	0	0
AF	0	0.814179	1	0	1	0	0	0	0
AF	0	0.814491	2	1	1	0	0	0	0
AF	0	0.814803	1	1	0	0	0	0	0
AF	0	0.815116	1	1	0	0	0	0	0
AF	0	0.816677	1	1	0	0	0	0	0
AF	0	0.818239	2	0	2	0	0	0	0
AF	0	0.818551	1	1	0	0	0	0	0
AF	0	0.819488	1	0	1	0	0	0	0
AF	0	0.820737	2	1	1	0	0	0	0
AF	0	0.821986	1	0	1	0	0	0	0
AF	0	0.822923	2	2	0	0	0	0	0
AF	0	0.823860	1	1	0	0	0	0	0
AF	0	0.824797	1	1	0	0	0	0	0
AF	0	0.827295	1	1	0	0	0	0	0
AF	0	0.830731	1	1	0	0	0	0	0
AF	0	0.832605	1	0	1	0	0	0	0
AF	0	0.835728	1	0	1	0	0	0	0
AF	0	0.837914	1	0	1	0	0	0	0
AF	0	0.838538	1	1	0	0	0	0	0
AF	0	0.840725	1	0	1	0	0	0	0
AF	0	0.844160	1	0	1	0	0	0	0
AF	0	0.846971	1	1	0	0	0	0	0
AF	0	0.860087	2	2	0	0	0	0	0
AF	0	0.864460	1	1	0	0	0	0	0
AF	0	0.870081	1	1	0	0	0	0	0
AF	0	0.872267	1	1	0	0	0	0	0
AF	0	0.876327	1	1	0	0	0	0	0
AF	0	0.876640	1	1	0	0	0	0	0
AF	0	0.879138	1	1	0	0	0	0	0
AF	0	0.882573	1	1	0	0	0	0	0
AF	0	0.883198	1	0	1	0	0	0	0
AF	0	0.883823	2	2	0	0	0	0	0
AF	0	0.884135	1	1	0	0	0	0	0
AF	0	0.884760	1	0	1	0	0	0	0
AF	0	0.885072	1	0	1	0	0	0	0
AF	0	0.889756	1	1	0	0	0	0	0
AF	0	0.891630	1	0	1	0	0	0	0
AF	0	0.894441	1	0	1	0	0	0	0
AF	0	0.896627	2	2	0	0	0	0	0
AF	0	0.901624	1	1	0	0	0	0	0
AF	0	0.903498	1	1	0	0	0	0	0
AF	0	0.904122	1	1	0	0	0	0	0
AF	0	0.904435	1	0	1	0	0	0	0
AF	0	0.907870	6	4	2	0	0	0	0
AF	0	0.909119	2	1	1	0	0	0	0
AF	0	0.909744	2	2	0	0	0	0	0
AF	0	0.910056	1	1	0	0	0	0	0
AF	0	0.910369	1	1	0	0	0	0	0
AF	0	0.910681	1	0	1	0	0	0	0
AF	0	0.911618	1	1	0	0	0	0	0
AF	0	0.913492	2	0	2	0	0	0	0
AF	0	0.916302	2	2	0	0	0	0	0
AF	0	0.916615	1	0	1	0	0	0	0
AF	0	0.917239	1	1	0	0	0	0	0
AF	0	0.920362	1	1	0	0	0	0	0
AF	0	0.920987	1	1	0	0	0	0	0
AF	0	0.921611	1	1	0	0	0	0	0
AF	0	0.921924	1	1	0	0	0	0	0
AF	0	0.922236	1	0	1	0	0	0	0
AF	0	0.927858	1	1	0	0	0	0	0
AF	0	0.928482	1	1	0	0	0	0	0
AF	0	0.933167	1	1	0	0	0	0	0
AF	0	0.933791	1	1	0	0	0	0	0
AF	0	0.934104	1	1	0	0	0	0	0
AF	0	0.937851	2	1	1	0	0	0	0
AF	0	0.941599	1	1	0	0	0	0	0
AF	0	0.942224	1	1	0	0	0	0	0
AF	0	0.943785	1	0	1	0	0	0	0
AF	0	0.944097	1	1	0	0	0	0	0
AF	0	0.944722	1	1	0	0	0	0	0
AF	0	0.945347	2	0	2	0	0	0	0
AF	0	0.945659	2	1	1	0	0	0	0
AF	0	0.945971	10	5	5	0	0	0	0
AF	0	0.946284	6	5	1	0	0	0	0
AF	0	0.946596	1	0	1	0	0	0	0
AF	0	0.946908	2	2	0	0	0	0	0
AF	0	0.947533	1	1	0	0	0	0	0
AF	0	0.947845	6	3	3	0	0	0	0
AF	0	0.948157	3	2	1	0	0	0	0
AF	0	0.948470	2	2	0	0	0	0	0
AF	0	0.949094	1	1	0	0	0	0	0
AF	0	0.951593	1	0	1	0	0	0	0
AF	0	0.952530	3	2	1	0	0	0	0
AF	0	0.952842	1	1	0	0	0	0	0
AF	0	0.953467	8	6	2	0	0	0	0
AF	0	0.954091	2	1	1	0	0	0	0
AF	0	0.954403	2	1	1	0	0	0	0
AF	0	0.954716	1	1	0	0	0	0	0
AF	0	0.955028	2	0	2	0	0	0	0
AF	0	0.955340	2	2	0	0	0	0	0
AF	0	0.955653	2	0	2	0	0	0	0
AF	0	0.955965	3	2	1	0	0	0	0
AF	0	0.956277	2	1	1	0	0	0	0
AF	0	0.956590	6	6	0	0	0	0	0
AF	0	0.957214	2	1	1	0	0	0	0
AF	0	0.957839	1	1	0	0	0	0	0
AF	0	0.959088	1	1	0	0	0	0	0
AF	0	0.961899	3	1	2	0	0	0	0
AF	0	0.962211	2	2	0	0	0	0	0
AF	0	0.963460	2	1	1	0	0	0	0
AF	0	0.965334	1	1	0	0	0	0	0
AF	0	0.966583	1	1	0	0	0	0	0
AF	0	0.967520	1	1	0	0	0	0	0
AF	0	0.967833	1	0	1	0	0	0	0
AF	0	0.968457	1	1	0	0	0	0	0
AF	0	0.969706	1	1	0	0	0	0	0
AF	0	0.970331	13	8	5	0	0	0	0
AF	0	0.970643	6	3	3	0	0	0	0
AF	0	0.970956	1	0	1	0	0	0	0
AF	0	0.973766	2	2	0	0	0	0	0
AF	0	0.974079	1	0	1	0	0	0	0
AF	0	0.974391	1	0	1	0	0	0	0
AF	0	0.974703	1	1	0	0	0	0	0
AF	0	0.975016	2	1	1	0	0	0	0
AF	0	0.975328	1	0	1	0	0	0	0
AF	0	0.975640	3	3	0	0	0	0	0
AF	0	0.977826	1	1	0	0	0	0	0
AF	0	0.978139	1	0	1	0	0	0	0
AF	0	0.978763	1	0	1	0	0	0	0
AF	0	0.979076	2	0	2	0	0	0	0
AF	0	0.979388	4	1	3	0	0	0	0
AF	0	0.979700	3	0	3	0	0	0	0
AF	0	0.980325	1	1	0	0	0	0	0
AF	0	0.980949	1	0	1	0	0	0	0
AF	0	0.982199	1	0	1	0	0	0	0
AF	0	0.983136	1	1	0	0	0	0	0
AF	0	0.983448	1	1	0	0	0	0	0
AF	0	0.983760	1	1	0	0	0	0	0
AF	0	0.984072	1	0	1	0	0	0	0
AF	0	0.984385	6	3	3	0	0	0	0
AF	0	0.984697	3	2	1	0	0	0	0
AF	0	0.985322	8	6	2	0	0	0	0
AF	0	0.986259	1	0	1	0	0	0	0
AF	0	0.986571	1	1	0	0	0	0	0
AF	0	0.986883	1	0	1	0	0	0	0
AF	0	0.987196	3	2	1	0	0	0	0
AF	0	0.989069	2	2	0	0	0	0	0
AF	0	0.992817	1	1	0	0	0	0	0
AF	0	0.993442	5	1	4	0	0	0	0
AF	0	0.993754	1	1	0	0	0	0	0
AF	0	0.994066	1	1	0	0	0	0	0
AF	0	0.994379	3	1	2	0	0	0	0
AF	0	0.994691	2	1	1	0	0	0	0
AF	0	0.995315	1	1	0	0	0	0	0
AF	0	0.995628	1	0	1	0	0	0	0
AF	0	0.995940	2	0	2	0	0	0	0
AF	0	0.996565	1	0	1	0	0	0	0
AF	0	0.997189	1	0	1	0	0	0	0
AF	0	0.998126	1	1	0	0	0	0	0
AF	0	0.998438	2	1	1	0	0	0	0
# QUAL, Stats by quality
# QUAL	[2]id	[3]Quality	[4]number of SNPs	[5]number of transitions (1st ALT)	[6]number of transversions (1st ALT)	[7]number of indels
QUAL	0	.	17938	11655	6283	0
# IDD, InDel distribution:
# IDD	[2]id	[3]length (deletions negative)	[4]number of sites	[5]number of genotypes	[6]mean VAF
# ST, Substitution types:
# ST	[2]id	[3]type	[4]count
ST	0	A>C	751
ST	0	A>G	2441
ST	0	A>T	810
ST	0	C>A	1011
ST	0	C>G	665
ST	0	C>T	3281
ST	0	G>A	3436
ST	0	G>C	668
ST	0	G>T	910
ST	0	T>A	782
ST	0	T>C	2497
ST	0	T>G	686
# DP, Depth distribution
# DP	[2]id	[3]bin	[4]number of genotypes	[5]fraction of genotypes (%)	[6]number of sites	[7]fraction of sites (%)
  - Fix haploid genotypes in males...

Submit MakeDiploidMalesX finished successfully. Let's have a beer, buddy!

