Submit MakeDiploidMalesX
version 1.1.6 (2024-09-30)

These are the settings:
  Input file................: /hpc/local/Rocky8/dhl_ec/software/MonopogenLite/resources/1kGP_high_coverage_Illumina.SNVonly_poly.filtered_AF_5e-04.norm.fixvariantid.chrX.vcf.gz
  Output file...............: /hpc/local/Rocky8/dhl_ec/software/MonopogenLite/resources/1kGP_high_coverage_Illumina.SNVonly_poly.filtered_AF_5e-04.norm.fixvariantid.makediploid.chrX.vcf.gz
  Chunk size................: 100

  SLURM CPUs................: 4
  SLURM Array ID............: 51 (of 100)
  SLURM memory..............: 16G
  SLURM time................: 01:00:00
  SLURM mail type...........: FAIL
  SLURM mail user...........: s.w.vanderlaan-2@umcutrecht.nl

  Dry run mode..............: 0
  Debug mode................: 1
  Verbosity.................: 0
  Version...................: 1.1.6 (2024-09-30)

Making converting haploid genotypes to diploid genotypes.
> Extract the region for this SLURM task (# 51) from the BED file.
  - Get the chunk number from the SLURM array task ID and the bed file...
DEBUG: Extracting chunk number: 51p from 51
DEBUG: Extracting region from BED file: /hpc/local/Rocky8/dhl_ec/software/MonopogenLite/resources/chrX_100pieces.bed
  - Extract the region from the BED file...
DEBUG: Extracted raw region: 'chrX	78020401	79580808' (chunk #: 51p of 100 for job 51)
  - Check if a valid region was extracted -- should be 'chrX	78020401	79580808'...
  - Prepare the region for bcftools...
  - Check if the region (chrX:78020401-79580808) was successfully extracted...
> Processing region 'chrX:78020401-79580808'...
  - Process the specific region (chunk# 51) using bcftools view...
  - Index the VCF file...
DEBUG: Check if the VCF file was successfully processed...
##fileformat=VCFv4.2
##FILTER=<ID=PASS,Description="All filters passed">
##fileDate=29/01/2022 - 14:31:41
##source=shapeit4.2.2
##contig=<ID=chr1,length=248956422>
##contig=<ID=chr2,length=242193529>
##contig=<ID=chr3,length=198295559>
##contig=<ID=chr4,length=190214555>
##contig=<ID=chr5,length=181538259>
##contig=<ID=chr6,length=170805979>
# This file was produced by bcftools stats (1.20+htslib-1.20) and can be plotted using plot-vcfstats.
# The command line was:	bcftools stats  /hpc/local/Rocky8/dhl_ec/software/MonopogenLite/resources/chrX.part51.vcf.gz
#
# Definition of sets:
# ID	[2]id	[3]tab-separated file names
ID	0	/hpc/local/Rocky8/dhl_ec/software/MonopogenLite/resources/chrX.part51.vcf.gz
# SN, Summary numbers:
#   number of records   .. number of data rows in the VCF
#   number of no-ALTs   .. reference-only sites, ALT is either "." or identical to REF
#   number of SNPs      .. number of rows with a SNP
#   number of MNPs      .. number of rows with a MNP, such as CC>TT
#   number of indels    .. number of rows with an indel
#   number of others    .. number of rows with other type, for example a symbolic allele or
#                          a complex substitution, such as ACT>TCGA
#   number of multiallelic sites     .. number of rows with multiple alternate alleles
#   number of multiallelic SNP sites .. number of rows with multiple alternate alleles, all SNPs
# 
#   Note that rows containing multiple types will be counted multiple times, in each
#   counter. For example, a row with a SNP and an indel increments both the SNP and
#   the indel counter.
# 
# SN	[2]id	[3]key	[4]value
SN	0	number of samples:	3202
SN	0	number of records:	17962
SN	0	number of no-ALTs:	0
SN	0	number of SNPs:	17962
SN	0	number of MNPs:	0
SN	0	number of indels:	0
SN	0	number of others:	0
SN	0	number of multiallelic sites:	0
SN	0	number of multiallelic SNP sites:	0
# TSTV, transitions/transversions:
# TSTV	[2]id	[3]ts	[4]tv	[5]ts/tv	[6]ts (1st ALT)	[7]tv (1st ALT)	[8]ts/tv (1st ALT)
TSTV	0	11590	6372	1.82	11590	6372	1.82
# SiS, Singleton stats:
# SiS	[2]id	[3]allele count	[4]number of SNPs	[5]number of transitions	[6]number of transversions	[7]number of indels	[8]repeat-consistent	[9]repeat-inconsistent	[10]not applicable
SiS	0	1	0	0	0	0	0	0	0
# AF, Stats by non-reference allele frequency:
# AF	[2]id	[3]allele frequency	[4]number of SNPs	[5]number of transitions	[6]number of transversions	[7]number of indels	[8]repeat-consistent	[9]repeat-inconsistent	[10]not applicable
AF	0	0.000312	2873	1862	1011	0	0	0	0
AF	0	0.000625	1849	1185	664	0	0	0	0
AF	0	0.000937	1975	1333	642	0	0	0	0
AF	0	0.001249	685	425	260	0	0	0	0
AF	0	0.001562	1050	648	402	0	0	0	0
AF	0	0.001874	358	226	132	0	0	0	0
AF	0	0.002186	601	382	219	0	0	0	0
AF	0	0.002498	315	202	113	0	0	0	0
AF	0	0.002811	493	322	171	0	0	0	0
AF	0	0.003123	172	112	60	0	0	0	0
AF	0	0.003435	572	375	197	0	0	0	0
AF	0	0.003748	150	108	42	0	0	0	0
AF	0	0.004060	358	224	134	0	0	0	0
AF	0	0.004372	149	98	51	0	0	0	0
AF	0	0.004685	186	123	63	0	0	0	0
AF	0	0.004997	110	75	35	0	0	0	0
AF	0	0.005309	187	107	80	0	0	0	0
AF	0	0.005621	80	45	35	0	0	0	0
AF	0	0.005934	169	108	61	0	0	0	0
AF	0	0.006246	86	59	27	0	0	0	0
AF	0	0.006558	115	73	42	0	0	0	0
AF	0	0.006871	44	31	13	0	0	0	0
AF	0	0.007183	117	79	38	0	0	0	0
AF	0	0.007495	58	36	22	0	0	0	0
AF	0	0.007808	145	90	55	0	0	0	0
AF	0	0.008120	50	30	20	0	0	0	0
AF	0	0.008432	110	81	29	0	0	0	0
AF	0	0.008745	50	28	22	0	0	0	0
AF	0	0.009057	77	52	25	0	0	0	0
AF	0	0.009369	37	23	14	0	0	0	0
AF	0	0.009681	79	51	28	0	0	0	0
AF	0	0.009994	22	13	9	0	0	0	0
AF	0	0.010306	86	51	35	0	0	0	0
AF	0	0.010618	25	18	7	0	0	0	0
AF	0	0.010931	64	40	24	0	0	0	0
AF	0	0.011243	45	25	20	0	0	0	0
AF	0	0.011555	70	54	16	0	0	0	0
AF	0	0.011868	32	18	14	0	0	0	0
AF	0	0.012180	70	39	31	0	0	0	0
AF	0	0.012492	32	20	12	0	0	0	0
AF	0	0.012804	86	54	32	0	0	0	0
AF	0	0.013117	32	22	10	0	0	0	0
AF	0	0.013429	52	36	16	0	0	0	0
AF	0	0.013741	25	13	12	0	0	0	0
AF	0	0.014054	67	42	25	0	0	0	0
AF	0	0.014366	17	12	5	0	0	0	0
AF	0	0.014678	41	26	15	0	0	0	0
AF	0	0.014991	15	10	5	0	0	0	0
AF	0	0.015303	21	19	2	0	0	0	0
AF	0	0.015615	12	8	4	0	0	0	0
AF	0	0.015928	24	9	15	0	0	0	0
AF	0	0.016240	12	8	4	0	0	0	0
AF	0	0.016552	28	21	7	0	0	0	0
AF	0	0.016864	9	7	2	0	0	0	0
AF	0	0.017177	21	11	10	0	0	0	0
AF	0	0.017489	12	11	1	0	0	0	0
AF	0	0.017801	32	21	11	0	0	0	0
AF	0	0.018114	65	47	18	0	0	0	0
AF	0	0.018426	52	36	16	0	0	0	0
AF	0	0.018738	15	8	7	0	0	0	0
AF	0	0.019051	29	21	8	0	0	0	0
AF	0	0.019363	28	19	9	0	0	0	0
AF	0	0.019675	22	12	10	0	0	0	0
AF	0	0.019988	28	19	9	0	0	0	0
AF	0	0.020300	14	13	1	0	0	0	0
AF	0	0.020612	17	9	8	0	0	0	0
AF	0	0.020924	27	19	8	0	0	0	0
AF	0	0.021237	9	8	1	0	0	0	0
AF	0	0.021549	16	11	5	0	0	0	0
AF	0	0.021861	6	1	5	0	0	0	0
AF	0	0.022174	76	57	19	0	0	0	0
AF	0	0.022486	77	47	30	0	0	0	0
AF	0	0.022798	18	14	4	0	0	0	0
AF	0	0.023111	4	2	2	0	0	0	0
AF	0	0.023423	12	7	5	0	0	0	0
AF	0	0.023735	6	2	4	0	0	0	0
AF	0	0.024047	44	26	18	0	0	0	0
AF	0	0.024360	10	7	3	0	0	0	0
AF	0	0.024672	20	11	9	0	0	0	0
AF	0	0.024984	6	3	3	0	0	0	0
AF	0	0.025297	11	7	4	0	0	0	0
AF	0	0.025609	10	6	4	0	0	0	0
AF	0	0.025921	17	12	5	0	0	0	0
AF	0	0.026234	4	4	0	0	0	0	0
AF	0	0.026546	8	4	4	0	0	0	0
AF	0	0.026858	4	3	1	0	0	0	0
AF	0	0.027171	9	7	2	0	0	0	0
AF	0	0.027483	3	1	2	0	0	0	0
AF	0	0.027795	7	4	3	0	0	0	0
AF	0	0.028107	6	3	3	0	0	0	0
AF	0	0.028420	9	3	6	0	0	0	0
AF	0	0.028732	1	1	0	0	0	0	0
AF	0	0.029044	3	3	0	0	0	0	0
AF	0	0.029357	2	1	1	0	0	0	0
AF	0	0.029669	3	0	3	0	0	0	0
AF	0	0.029981	2	2	0	0	0	0	0
AF	0	0.030294	13	9	4	0	0	0	0
AF	0	0.030606	4	3	1	0	0	0	0
AF	0	0.030918	8	5	3	0	0	0	0
AF	0	0.031543	5	3	2	0	0	0	0
AF	0	0.031855	3	3	0	0	0	0	0
AF	0	0.032167	5	3	2	0	0	0	0
AF	0	0.032480	4	3	1	0	0	0	0
AF	0	0.032792	8	8	0	0	0	0	0
AF	0	0.033104	1	0	1	0	0	0	0
AF	0	0.033417	7	5	2	0	0	0	0
AF	0	0.033729	6	1	5	0	0	0	0
AF	0	0.034041	6	4	2	0	0	0	0
AF	0	0.034354	1	0	1	0	0	0	0
AF	0	0.034666	9	5	4	0	0	0	0
AF	0	0.034978	1	1	0	0	0	0	0
AF	0	0.035290	2	2	0	0	0	0	0
AF	0	0.035915	4	2	2	0	0	0	0
AF	0	0.036227	1	1	0	0	0	0	0
AF	0	0.036540	2	1	1	0	0	0	0
AF	0	0.036852	1	1	0	0	0	0	0
AF	0	0.037477	2	1	1	0	0	0	0
AF	0	0.037789	6	5	1	0	0	0	0
AF	0	0.038101	2	1	1	0	0	0	0
AF	0	0.038413	8	6	2	0	0	0	0
AF	0	0.039038	1	1	0	0	0	0	0
AF	0	0.039663	3	2	1	0	0	0	0
AF	0	0.039975	1	0	1	0	0	0	0
AF	0	0.040287	11	9	2	0	0	0	0
AF	0	0.040600	2	2	0	0	0	0	0
AF	0	0.040912	2	1	1	0	0	0	0
AF	0	0.041224	3	1	2	0	0	0	0
AF	0	0.041537	5	2	3	0	0	0	0
AF	0	0.041849	2	2	0	0	0	0	0
AF	0	0.042161	7	2	5	0	0	0	0
AF	0	0.042473	5	5	0	0	0	0	0
AF	0	0.042786	6	3	3	0	0	0	0
AF	0	0.043098	7	6	1	0	0	0	0
AF	0	0.043410	3	1	2	0	0	0	0
AF	0	0.043723	5	4	1	0	0	0	0
AF	0	0.044035	9	6	3	0	0	0	0
AF	0	0.044347	4	2	2	0	0	0	0
AF	0	0.044660	4	2	2	0	0	0	0
AF	0	0.044972	1	0	1	0	0	0	0
AF	0	0.045284	7	6	1	0	0	0	0
AF	0	0.045597	3	2	1	0	0	0	0
AF	0	0.045909	5	4	1	0	0	0	0
AF	0	0.046221	1	1	0	0	0	0	0
AF	0	0.046533	18	10	8	0	0	0	0
AF	0	0.046846	7	5	2	0	0	0	0
AF	0	0.047158	2	0	2	0	0	0	0
AF	0	0.047470	2	1	1	0	0	0	0
AF	0	0.047783	1	0	1	0	0	0	0
AF	0	0.048095	2	1	1	0	0	0	0
AF	0	0.048407	1	1	0	0	0	0	0
AF	0	0.049032	3	3	0	0	0	0	0
AF	0	0.049656	3	2	1	0	0	0	0
AF	0	0.049969	4	3	1	0	0	0	0
AF	0	0.050281	3	2	1	0	0	0	0
AF	0	0.050593	1	0	1	0	0	0	0
AF	0	0.050906	3	1	2	0	0	0	0
AF	0	0.051218	1	0	1	0	0	0	0
AF	0	0.051530	6	2	4	0	0	0	0
AF	0	0.051843	4	2	2	0	0	0	0
AF	0	0.052155	5	2	3	0	0	0	0
AF	0	0.052467	3	1	2	0	0	0	0
AF	0	0.052780	2	1	1	0	0	0	0
AF	0	0.053092	1	1	0	0	0	0	0
AF	0	0.053404	2	2	0	0	0	0	0
AF	0	0.053716	3	3	0	0	0	0	0
AF	0	0.054029	11	6	5	0	0	0	0
AF	0	0.054653	3	3	0	0	0	0	0
AF	0	0.054966	1	1	0	0	0	0	0
AF	0	0.055278	7	7	0	0	0	0	0
AF	0	0.055590	1	1	0	0	0	0	0
AF	0	0.055903	7	6	1	0	0	0	0
AF	0	0.056215	9	7	2	0	0	0	0
AF	0	0.056527	9	4	5	0	0	0	0
AF	0	0.056839	7	4	3	0	0	0	0
AF	0	0.057152	3	3	0	0	0	0	0
AF	0	0.057464	7	3	4	0	0	0	0
AF	0	0.057776	1	0	1	0	0	0	0
AF	0	0.058089	3	2	1	0	0	0	0
AF	0	0.059338	3	3	0	0	0	0	0
AF	0	0.059650	5	3	2	0	0	0	0
AF	0	0.059963	1	0	1	0	0	0	0
AF	0	0.060275	3	2	1	0	0	0	0
AF	0	0.060587	2	2	0	0	0	0	0
AF	0	0.060899	6	4	2	0	0	0	0
AF	0	0.061212	1	0	1	0	0	0	0
AF	0	0.061524	5	3	2	0	0	0	0
AF	0	0.061836	1	1	0	0	0	0	0
AF	0	0.062149	3	2	1	0	0	0	0
AF	0	0.062773	1	1	0	0	0	0	0
AF	0	0.063398	3	0	3	0	0	0	0
AF	0	0.063710	4	3	1	0	0	0	0
AF	0	0.064022	3	2	1	0	0	0	0
AF	0	0.065272	6	5	1	0	0	0	0
AF	0	0.065584	7	4	3	0	0	0	0
AF	0	0.065896	5	2	3	0	0	0	0
AF	0	0.066209	4	3	1	0	0	0	0
AF	0	0.066521	5	5	0	0	0	0	0
AF	0	0.066833	1	1	0	0	0	0	0
AF	0	0.067146	8	6	2	0	0	0	0
AF	0	0.067458	4	1	3	0	0	0	0
AF	0	0.067770	1	1	0	0	0	0	0
AF	0	0.068082	1	0	1	0	0	0	0
AF	0	0.068395	1	1	0	0	0	0	0
AF	0	0.069019	12	5	7	0	0	0	0
AF	0	0.069332	1	1	0	0	0	0	0
AF	0	0.069644	6	5	1	0	0	0	0
AF	0	0.070893	5	2	3	0	0	0	0
AF	0	0.071205	1	1	0	0	0	0	0
AF	0	0.071518	4	3	1	0	0	0	0
AF	0	0.072142	1	1	0	0	0	0	0
AF	0	0.072767	3	3	0	0	0	0	0
AF	0	0.073392	1	1	0	0	0	0	0
AF	0	0.073704	2	1	1	0	0	0	0
AF	0	0.074016	3	1	2	0	0	0	0
AF	0	0.074329	3	1	2	0	0	0	0
AF	0	0.074641	4	2	2	0	0	0	0
AF	0	0.075265	7	6	1	0	0	0	0
AF	0	0.075578	9	5	4	0	0	0	0
AF	0	0.075890	4	3	1	0	0	0	0
AF	0	0.076515	3	1	2	0	0	0	0
AF	0	0.076827	2	2	0	0	0	0	0
AF	0	0.077139	2	1	1	0	0	0	0
AF	0	0.077452	2	2	0	0	0	0	0
AF	0	0.077764	8	4	4	0	0	0	0
AF	0	0.078076	4	1	3	0	0	0	0
AF	0	0.078389	7	3	4	0	0	0	0
AF	0	0.078701	3	1	2	0	0	0	0
AF	0	0.079013	5	3	2	0	0	0	0
AF	0	0.079325	1	1	0	0	0	0	0
AF	0	0.079638	17	10	7	0	0	0	0
AF	0	0.079950	33	16	17	0	0	0	0
AF	0	0.080262	60	37	23	0	0	0	0
AF	0	0.080575	1	0	1	0	0	0	0
AF	0	0.080887	7	4	3	0	0	0	0
AF	0	0.081199	2	2	0	0	0	0	0
AF	0	0.081512	10	5	5	0	0	0	0
AF	0	0.081824	8	6	2	0	0	0	0
AF	0	0.082136	13	7	6	0	0	0	0
AF	0	0.082448	3	2	1	0	0	0	0
AF	0	0.082761	4	1	3	0	0	0	0
AF	0	0.083073	3	3	0	0	0	0	0
AF	0	0.083385	5	4	1	0	0	0	0
AF	0	0.083698	5	4	1	0	0	0	0
AF	0	0.084010	7	6	1	0	0	0	0
AF	0	0.084635	5	3	2	0	0	0	0
AF	0	0.084947	4	2	2	0	0	0	0
AF	0	0.085572	2	2	0	0	0	0	0
AF	0	0.085884	4	2	2	0	0	0	0
AF	0	0.086196	2	0	2	0	0	0	0
AF	0	0.086508	3	1	2	0	0	0	0
AF	0	0.087133	3	2	1	0	0	0	0
AF	0	0.087445	1	1	0	0	0	0	0
AF	0	0.088070	1	1	0	0	0	0	0
AF	0	0.088695	1	1	0	0	0	0	0
AF	0	0.089007	14	10	4	0	0	0	0
AF	0	0.089319	1	1	0	0	0	0	0
AF	0	0.089631	3	3	0	0	0	0	0
AF	0	0.089944	1	1	0	0	0	0	0
AF	0	0.090881	3	2	1	0	0	0	0
AF	0	0.091505	1	1	0	0	0	0	0
AF	0	0.091818	2	1	1	0	0	0	0
AF	0	0.092442	5	2	3	0	0	0	0
AF	0	0.092755	5	3	2	0	0	0	0
AF	0	0.093067	3	1	2	0	0	0	0
AF	0	0.093379	7	5	2	0	0	0	0
AF	0	0.093691	3	2	1	0	0	0	0
AF	0	0.094004	9	5	4	0	0	0	0
AF	0	0.094628	3	2	1	0	0	0	0
AF	0	0.095253	2	0	2	0	0	0	0
AF	0	0.096502	2	0	2	0	0	0	0
AF	0	0.097751	4	4	0	0	0	0	0
AF	0	0.098064	1	0	1	0	0	0	0
AF	0	0.098376	5	2	3	0	0	0	0
AF	0	0.099001	2	2	0	0	0	0	0
AF	0	0.099625	1	1	0	0	0	0	0
AF	0	0.100250	1	1	0	0	0	0	0
AF	0	0.100562	1	1	0	0	0	0	0
AF	0	0.100874	1	1	0	0	0	0	0
AF	0	0.101811	2	1	1	0	0	0	0
AF	0	0.103061	2	1	1	0	0	0	0
AF	0	0.103373	3	3	0	0	0	0	0
AF	0	0.103998	1	0	1	0	0	0	0
AF	0	0.104310	1	1	0	0	0	0	0
AF	0	0.104622	2	1	1	0	0	0	0
AF	0	0.105247	8	6	2	0	0	0	0
AF	0	0.105871	17	9	8	0	0	0	0
AF	0	0.106496	2	0	2	0	0	0	0
AF	0	0.107121	1	1	0	0	0	0	0
AF	0	0.107745	2	1	1	0	0	0	0
AF	0	0.108057	2	0	2	0	0	0	0
AF	0	0.108994	3	2	1	0	0	0	0
AF	0	0.109619	5	2	3	0	0	0	0
AF	0	0.110244	1	1	0	0	0	0	0
AF	0	0.110868	15	12	3	0	0	0	0
AF	0	0.111181	4	2	2	0	0	0	0
AF	0	0.111493	1	1	0	0	0	0	0
AF	0	0.112430	1	1	0	0	0	0	0
AF	0	0.113054	1	1	0	0	0	0	0
AF	0	0.113679	3	1	2	0	0	0	0
AF	0	0.113991	2	0	2	0	0	0	0
AF	0	0.114304	2	1	1	0	0	0	0
AF	0	0.114616	1	1	0	0	0	0	0
AF	0	0.114928	3	2	1	0	0	0	0
AF	0	0.115240	1	1	0	0	0	0	0
AF	0	0.115553	1	1	0	0	0	0	0
AF	0	0.116177	2	1	1	0	0	0	0
AF	0	0.116490	1	0	1	0	0	0	0
AF	0	0.116802	7	4	3	0	0	0	0
AF	0	0.117114	6	5	1	0	0	0	0
AF	0	0.117427	2	2	0	0	0	0	0
AF	0	0.117739	3	3	0	0	0	0	0
AF	0	0.118051	1	1	0	0	0	0	0
AF	0	0.118364	3	2	1	0	0	0	0
AF	0	0.118676	2	2	0	0	0	0	0
AF	0	0.118988	1	1	0	0	0	0	0
AF	0	0.119300	1	1	0	0	0	0	0
AF	0	0.119613	4	2	2	0	0	0	0
AF	0	0.119925	6	4	2	0	0	0	0
AF	0	0.120237	1	1	0	0	0	0	0
AF	0	0.120550	1	0	1	0	0	0	0
AF	0	0.120862	1	0	1	0	0	0	0
AF	0	0.121174	2	1	1	0	0	0	0
AF	0	0.121799	5	3	2	0	0	0	0
AF	0	0.122111	3	2	1	0	0	0	0
AF	0	0.122423	6	5	1	0	0	0	0
AF	0	0.122736	2	2	0	0	0	0	0
AF	0	0.123048	7	3	4	0	0	0	0
AF	0	0.123360	2	2	0	0	0	0	0
AF	0	0.123673	5	3	2	0	0	0	0
AF	0	0.123985	2	2	0	0	0	0	0
AF	0	0.124297	1	1	0	0	0	0	0
AF	0	0.124922	3	2	1	0	0	0	0
AF	0	0.125547	3	1	2	0	0	0	0
AF	0	0.125859	4	3	1	0	0	0	0
AF	0	0.126171	6	5	1	0	0	0	0
AF	0	0.126483	1	1	0	0	0	0	0
AF	0	0.126796	2	2	0	0	0	0	0
AF	0	0.127108	1	1	0	0	0	0	0
AF	0	0.127420	4	2	2	0	0	0	0
AF	0	0.128357	1	1	0	0	0	0	0
AF	0	0.128670	7	6	1	0	0	0	0
AF	0	0.129919	1	1	0	0	0	0	0
AF	0	0.130231	1	0	1	0	0	0	0
AF	0	0.130543	4	3	1	0	0	0	0
AF	0	0.130856	1	1	0	0	0	0	0
AF	0	0.131480	1	1	0	0	0	0	0
AF	0	0.131793	1	1	0	0	0	0	0
AF	0	0.132730	3	2	1	0	0	0	0
AF	0	0.133042	4	3	1	0	0	0	0
AF	0	0.133354	1	1	0	0	0	0	0
AF	0	0.133666	4	2	2	0	0	0	0
AF	0	0.134291	1	1	0	0	0	0	0
AF	0	0.134603	1	0	1	0	0	0	0
AF	0	0.134916	4	2	2	0	0	0	0
AF	0	0.135228	1	1	0	0	0	0	0
AF	0	0.135540	4	2	2	0	0	0	0
AF	0	0.135853	2	2	0	0	0	0	0
AF	0	0.136165	4	2	2	0	0	0	0
AF	0	0.136477	4	2	2	0	0	0	0
AF	0	0.136790	2	1	1	0	0	0	0
AF	0	0.137102	1	1	0	0	0	0	0
AF	0	0.137414	3	2	1	0	0	0	0
AF	0	0.137726	1	1	0	0	0	0	0
AF	0	0.138039	6	6	0	0	0	0	0
AF	0	0.138351	3	3	0	0	0	0	0
AF	0	0.138663	3	0	3	0	0	0	0
AF	0	0.138976	4	1	3	0	0	0	0
AF	0	0.139288	4	3	1	0	0	0	0
AF	0	0.139600	3	3	0	0	0	0	0
AF	0	0.139913	4	3	1	0	0	0	0
AF	0	0.140537	3	0	3	0	0	0	0
AF	0	0.140849	3	3	0	0	0	0	0
AF	0	0.141162	6	4	2	0	0	0	0
AF	0	0.141474	2	1	1	0	0	0	0
AF	0	0.142099	2	1	1	0	0	0	0
AF	0	0.142411	2	2	0	0	0	0	0
AF	0	0.142723	1	1	0	0	0	0	0
AF	0	0.143036	1	0	1	0	0	0	0
AF	0	0.143660	1	1	0	0	0	0	0
AF	0	0.143973	4	4	0	0	0	0	0
AF	0	0.144285	3	3	0	0	0	0	0
AF	0	0.144597	3	1	2	0	0	0	0
AF	0	0.144909	5	4	1	0	0	0	0
AF	0	0.145534	1	0	1	0	0	0	0
AF	0	0.146159	5	4	1	0	0	0	0
AF	0	0.146783	5	3	2	0	0	0	0
AF	0	0.147720	4	2	2	0	0	0	0
AF	0	0.148032	8	6	2	0	0	0	0
AF	0	0.148345	1	1	0	0	0	0	0
AF	0	0.148657	3	3	0	0	0	0	0
AF	0	0.149282	3	3	0	0	0	0	0
AF	0	0.149594	3	3	0	0	0	0	0
AF	0	0.149906	3	3	0	0	0	0	0
AF	0	0.150219	7	5	2	0	0	0	0
AF	0	0.150531	2	1	1	0	0	0	0
AF	0	0.151468	2	1	1	0	0	0	0
AF	0	0.151780	2	1	1	0	0	0	0
AF	0	0.152092	2	0	2	0	0	0	0
AF	0	0.152405	8	4	4	0	0	0	0
AF	0	0.152717	2	1	1	0	0	0	0
AF	0	0.153029	1	1	0	0	0	0	0
AF	0	0.153342	1	0	1	0	0	0	0
AF	0	0.153654	3	2	1	0	0	0	0
AF	0	0.153966	2	0	2	0	0	0	0
AF	0	0.154279	3	1	2	0	0	0	0
AF	0	0.154591	4	3	1	0	0	0	0
AF	0	0.154903	3	2	1	0	0	0	0
AF	0	0.155840	2	2	0	0	0	0	0
AF	0	0.157402	2	2	0	0	0	0	0
AF	0	0.158026	3	3	0	0	0	0	0
AF	0	0.158339	1	0	1	0	0	0	0
AF	0	0.158651	3	2	1	0	0	0	0
AF	0	0.159275	1	0	1	0	0	0	0
AF	0	0.159588	2	2	0	0	0	0	0
AF	0	0.159900	3	2	1	0	0	0	0
AF	0	0.160525	2	2	0	0	0	0	0
AF	0	0.160837	4	0	4	0	0	0	0
AF	0	0.161149	15	8	7	0	0	0	0
AF	0	0.161774	3	0	3	0	0	0	0
AF	0	0.162399	2	2	0	0	0	0	0
AF	0	0.162711	1	1	0	0	0	0	0
AF	0	0.163023	4	2	2	0	0	0	0
AF	0	0.163335	4	4	0	0	0	0	0
AF	0	0.163648	12	9	3	0	0	0	0
AF	0	0.163960	7	3	4	0	0	0	0
AF	0	0.164272	13	10	3	0	0	0	0
AF	0	0.165522	2	1	1	0	0	0	0
AF	0	0.165834	1	0	1	0	0	0	0
AF	0	0.166146	2	1	1	0	0	0	0
AF	0	0.167395	4	3	1	0	0	0	0
AF	0	0.167708	1	1	0	0	0	0	0
AF	0	0.168645	1	1	0	0	0	0	0
AF	0	0.169894	1	1	0	0	0	0	0
AF	0	0.170206	1	1	0	0	0	0	0
AF	0	0.170518	4	4	0	0	0	0	0
AF	0	0.170831	1	1	0	0	0	0	0
AF	0	0.171143	2	2	0	0	0	0	0
AF	0	0.171768	1	1	0	0	0	0	0
AF	0	0.172392	2	0	2	0	0	0	0
AF	0	0.173641	2	1	1	0	0	0	0
AF	0	0.174266	2	2	0	0	0	0	0
AF	0	0.174891	1	0	1	0	0	0	0
AF	0	0.175828	1	0	1	0	0	0	0
AF	0	0.176140	1	0	1	0	0	0	0
AF	0	0.176452	1	0	1	0	0	0	0
AF	0	0.176765	1	1	0	0	0	0	0
AF	0	0.177389	4	2	2	0	0	0	0
AF	0	0.178014	1	1	0	0	0	0	0
AF	0	0.178326	1	1	0	0	0	0	0
AF	0	0.178638	1	1	0	0	0	0	0
AF	0	0.179263	2	2	0	0	0	0	0
AF	0	0.179575	2	2	0	0	0	0	0
AF	0	0.179888	2	1	1	0	0	0	0
AF	0	0.180200	3	2	1	0	0	0	0
AF	0	0.180512	7	3	4	0	0	0	0
AF	0	0.180824	8	5	3	0	0	0	0
AF	0	0.181137	10	8	2	0	0	0	0
AF	0	0.181449	3	2	1	0	0	0	0
AF	0	0.181761	1	0	1	0	0	0	0
AF	0	0.182074	1	0	1	0	0	0	0
AF	0	0.183948	2	2	0	0	0	0	0
AF	0	0.184260	1	1	0	0	0	0	0
AF	0	0.184572	1	1	0	0	0	0	0
AF	0	0.185509	9	7	2	0	0	0	0
AF	0	0.185821	1	1	0	0	0	0	0
AF	0	0.186446	2	1	1	0	0	0	0
AF	0	0.186758	1	1	0	0	0	0	0
AF	0	0.188320	1	0	1	0	0	0	0
AF	0	0.188944	1	0	1	0	0	0	0
AF	0	0.189881	6	3	3	0	0	0	0
AF	0	0.191131	1	1	0	0	0	0	0
AF	0	0.191443	1	1	0	0	0	0	0
AF	0	0.192067	2	1	1	0	0	0	0
AF	0	0.192692	1	0	1	0	0	0	0
AF	0	0.193317	1	0	1	0	0	0	0
AF	0	0.193629	3	3	0	0	0	0	0
AF	0	0.193941	1	1	0	0	0	0	0
AF	0	0.194566	1	1	0	0	0	0	0
AF	0	0.194878	2	1	1	0	0	0	0
AF	0	0.195191	1	1	0	0	0	0	0
AF	0	0.195503	2	2	0	0	0	0	0
AF	0	0.196440	1	0	1	0	0	0	0
AF	0	0.196752	1	1	0	0	0	0	0
AF	0	0.197377	2	1	1	0	0	0	0
AF	0	0.197689	1	1	0	0	0	0	0
AF	0	0.198626	1	0	1	0	0	0	0
AF	0	0.198938	4	3	1	0	0	0	0
AF	0	0.199250	1	1	0	0	0	0	0
AF	0	0.199563	1	0	1	0	0	0	0
AF	0	0.201124	1	1	0	0	0	0	0
AF	0	0.201749	2	2	0	0	0	0	0
AF	0	0.202061	1	0	1	0	0	0	0
AF	0	0.202374	1	0	1	0	0	0	0
AF	0	0.202686	2	2	0	0	0	0	0
AF	0	0.202998	4	1	3	0	0	0	0
AF	0	0.203310	1	1	0	0	0	0	0
AF	0	0.203623	4	3	1	0	0	0	0
AF	0	0.203935	3	3	0	0	0	0	0
AF	0	0.204247	2	2	0	0	0	0	0
AF	0	0.204560	1	1	0	0	0	0	0
AF	0	0.206121	2	1	1	0	0	0	0
AF	0	0.206433	1	1	0	0	0	0	0
AF	0	0.207683	1	1	0	0	0	0	0
AF	0	0.208620	1	1	0	0	0	0	0
AF	0	0.209244	3	2	1	0	0	0	0
AF	0	0.209869	4	1	3	0	0	0	0
AF	0	0.210181	2	2	0	0	0	0	0
AF	0	0.210493	2	0	2	0	0	0	0
AF	0	0.210806	1	1	0	0	0	0	0
AF	0	0.211743	1	0	1	0	0	0	0
AF	0	0.212367	1	1	0	0	0	0	0
AF	0	0.213929	3	2	1	0	0	0	0
AF	0	0.214241	2	1	1	0	0	0	0
AF	0	0.214866	3	2	1	0	0	0	0
AF	0	0.215490	1	1	0	0	0	0	0
AF	0	0.215803	1	1	0	0	0	0	0
AF	0	0.216115	1	0	1	0	0	0	0
AF	0	0.216740	1	0	1	0	0	0	0
AF	0	0.217989	1	1	0	0	0	0	0
AF	0	0.218613	1	0	1	0	0	0	0
AF	0	0.219550	2	1	1	0	0	0	0
AF	0	0.220487	3	0	3	0	0	0	0
AF	0	0.222049	6	4	2	0	0	0	0
AF	0	0.222361	1	1	0	0	0	0	0
AF	0	0.222673	1	1	0	0	0	0	0
AF	0	0.223298	2	2	0	0	0	0	0
AF	0	0.223610	2	2	0	0	0	0	0
AF	0	0.223923	2	0	2	0	0	0	0
AF	0	0.224235	1	0	1	0	0	0	0
AF	0	0.224547	2	1	1	0	0	0	0
AF	0	0.224859	1	1	0	0	0	0	0
AF	0	0.225172	3	1	2	0	0	0	0
AF	0	0.225484	2	0	2	0	0	0	0
AF	0	0.225796	5	2	3	0	0	0	0
AF	0	0.227983	2	2	0	0	0	0	0
AF	0	0.228295	1	1	0	0	0	0	0
AF	0	0.228607	1	1	0	0	0	0	0
AF	0	0.229544	3	3	0	0	0	0	0
AF	0	0.229856	1	0	1	0	0	0	0
AF	0	0.231106	1	1	0	0	0	0	0
AF	0	0.232042	1	1	0	0	0	0	0
AF	0	0.232355	1	1	0	0	0	0	0
AF	0	0.232667	2	1	1	0	0	0	0
AF	0	0.233292	8	6	2	0	0	0	0
AF	0	0.233604	3	3	0	0	0	0	0
AF	0	0.233916	1	0	1	0	0	0	0
AF	0	0.235166	1	1	0	0	0	0	0
AF	0	0.236102	2	2	0	0	0	0	0
AF	0	0.236415	1	0	1	0	0	0	0
AF	0	0.239538	2	0	2	0	0	0	0
AF	0	0.241724	1	1	0	0	0	0	0
AF	0	0.242973	1	1	0	0	0	0	0
AF	0	0.244847	2	2	0	0	0	0	0
AF	0	0.245159	1	1	0	0	0	0	0
AF	0	0.245784	2	2	0	0	0	0	0
AF	0	0.249532	2	1	1	0	0	0	0
AF	0	0.251405	1	1	0	0	0	0	0
AF	0	0.252030	1	1	0	0	0	0	0
AF	0	0.252655	1	1	0	0	0	0	0
AF	0	0.253279	6	5	1	0	0	0	0
AF	0	0.253592	2	2	0	0	0	0	0
AF	0	0.253904	11	9	2	0	0	0	0
AF	0	0.254216	1	1	0	0	0	0	0
AF	0	0.254528	2	2	0	0	0	0	0
AF	0	0.254841	1	0	1	0	0	0	0
AF	0	0.255153	3	2	1	0	0	0	0
AF	0	0.255465	2	1	1	0	0	0	0
AF	0	0.255778	9	6	3	0	0	0	0
AF	0	0.257027	1	0	1	0	0	0	0
AF	0	0.257651	1	0	1	0	0	0	0
AF	0	0.257964	1	1	0	0	0	0	0
AF	0	0.258276	5	2	3	0	0	0	0
AF	0	0.258588	1	1	0	0	0	0	0
AF	0	0.259525	1	1	0	0	0	0	0
AF	0	0.260150	2	1	1	0	0	0	0
AF	0	0.260775	1	0	1	0	0	0	0
AF	0	0.261087	4	3	1	0	0	0	0
AF	0	0.261399	4	3	1	0	0	0	0
AF	0	0.262024	5	3	2	0	0	0	0
AF	0	0.262336	1	1	0	0	0	0	0
AF	0	0.262648	2	2	0	0	0	0	0
AF	0	0.263585	1	0	1	0	0	0	0
AF	0	0.266396	1	0	1	0	0	0	0
AF	0	0.268270	1	1	0	0	0	0	0
AF	0	0.269519	1	0	1	0	0	0	0
AF	0	0.269831	1	0	1	0	0	0	0
AF	0	0.270144	2	2	0	0	0	0	0
AF	0	0.270768	1	1	0	0	0	0	0
AF	0	0.271393	1	0	1	0	0	0	0
AF	0	0.271705	4	4	0	0	0	0	0
AF	0	0.272017	5	3	2	0	0	0	0
AF	0	0.272330	2	2	0	0	0	0	0
AF	0	0.272642	4	2	2	0	0	0	0
AF	0	0.272954	1	1	0	0	0	0	0
AF	0	0.273267	3	1	2	0	0	0	0
AF	0	0.273579	6	4	2	0	0	0	0
AF	0	0.273891	6	5	1	0	0	0	0
AF	0	0.274204	4	2	2	0	0	0	0
AF	0	0.274516	9	7	2	0	0	0	0
AF	0	0.274828	1	1	0	0	0	0	0
AF	0	0.275141	3	0	3	0	0	0	0
AF	0	0.275453	2	1	1	0	0	0	0
AF	0	0.275765	5	2	3	0	0	0	0
AF	0	0.276390	2	2	0	0	0	0	0
AF	0	0.276702	1	0	1	0	0	0	0
AF	0	0.277014	1	0	1	0	0	0	0
AF	0	0.277327	2	2	0	0	0	0	0
AF	0	0.277951	1	0	1	0	0	0	0
AF	0	0.278576	1	0	1	0	0	0	0
AF	0	0.279200	1	0	1	0	0	0	0
AF	0	0.279513	6	4	2	0	0	0	0
AF	0	0.282011	1	0	1	0	0	0	0
AF	0	0.284197	1	1	0	0	0	0	0
AF	0	0.285134	2	0	2	0	0	0	0
AF	0	0.285759	1	1	0	0	0	0	0
AF	0	0.286384	1	1	0	0	0	0	0
AF	0	0.286696	1	1	0	0	0	0	0
AF	0	0.287008	1	1	0	0	0	0	0
AF	0	0.288257	2	1	1	0	0	0	0
AF	0	0.289819	2	1	1	0	0	0	0
AF	0	0.291068	2	2	0	0	0	0	0
AF	0	0.292005	6	3	3	0	0	0	0
AF	0	0.292630	1	0	1	0	0	0	0
AF	0	0.293879	1	0	1	0	0	0	0
AF	0	0.294503	2	1	1	0	0	0	0
AF	0	0.295128	2	2	0	0	0	0	0
AF	0	0.295753	1	1	0	0	0	0	0
AF	0	0.296065	2	1	1	0	0	0	0
AF	0	0.296377	5	2	3	0	0	0	0
AF	0	0.296690	2	2	0	0	0	0	0
AF	0	0.297002	6	4	2	0	0	0	0
AF	0	0.297314	2	2	0	0	0	0	0
AF	0	0.297626	2	1	1	0	0	0	0
AF	0	0.297939	1	1	0	0	0	0	0
AF	0	0.298251	5	4	1	0	0	0	0
AF	0	0.298563	3	2	1	0	0	0	0
AF	0	0.298876	6	2	4	0	0	0	0
AF	0	0.299188	3	3	0	0	0	0	0
AF	0	0.299500	5	3	2	0	0	0	0
AF	0	0.299813	1	1	0	0	0	0	0
AF	0	0.300125	1	1	0	0	0	0	0
AF	0	0.300750	1	1	0	0	0	0	0
AF	0	0.301062	1	1	0	0	0	0	0
AF	0	0.301374	4	4	0	0	0	0	0
AF	0	0.301686	1	1	0	0	0	0	0
AF	0	0.301999	2	2	0	0	0	0	0
AF	0	0.303248	1	0	1	0	0	0	0
AF	0	0.304185	1	1	0	0	0	0	0
AF	0	0.305122	2	1	1	0	0	0	0
AF	0	0.305434	1	1	0	0	0	0	0
AF	0	0.306371	1	0	1	0	0	0	0
AF	0	0.306683	2	0	2	0	0	0	0
AF	0	0.306996	2	2	0	0	0	0	0
AF	0	0.307308	3	2	1	0	0	0	0
AF	0	0.307620	5	3	2	0	0	0	0
AF	0	0.307933	1	1	0	0	0	0	0
AF	0	0.308245	3	2	1	0	0	0	0
AF	0	0.308557	2	2	0	0	0	0	0
AF	0	0.309182	3	0	3	0	0	0	0
AF	0	0.309494	3	1	2	0	0	0	0
AF	0	0.310119	2	1	1	0	0	0	0
AF	0	0.310431	2	1	1	0	0	0	0
AF	0	0.310743	1	1	0	0	0	0	0
AF	0	0.311056	5	4	1	0	0	0	0
AF	0	0.311368	6	4	2	0	0	0	0
AF	0	0.311680	2	0	2	0	0	0	0
AF	0	0.311993	2	0	2	0	0	0	0
AF	0	0.312305	2	2	0	0	0	0	0
AF	0	0.312617	4	4	0	0	0	0	0
AF	0	0.312929	1	0	1	0	0	0	0
AF	0	0.313242	1	0	1	0	0	0	0
AF	0	0.313554	1	1	0	0	0	0	0
AF	0	0.313866	1	1	0	0	0	0	0
AF	0	0.314491	1	0	1	0	0	0	0
AF	0	0.315740	1	1	0	0	0	0	0
AF	0	0.316365	2	1	1	0	0	0	0
AF	0	0.317614	1	1	0	0	0	0	0
AF	0	0.318863	1	1	0	0	0	0	0
AF	0	0.319800	1	1	0	0	0	0	0
AF	0	0.320737	1	1	0	0	0	0	0
AF	0	0.321674	2	0	2	0	0	0	0
AF	0	0.321986	1	1	0	0	0	0	0
AF	0	0.322299	1	0	1	0	0	0	0
AF	0	0.322611	2	2	0	0	0	0	0
AF	0	0.323235	1	1	0	0	0	0	0
AF	0	0.323860	1	1	0	0	0	0	0
AF	0	0.324485	2	2	0	0	0	0	0
AF	0	0.324797	2	2	0	0	0	0	0
AF	0	0.325109	3	3	0	0	0	0	0
AF	0	0.325734	1	1	0	0	0	0	0
AF	0	0.326046	2	2	0	0	0	0	0
AF	0	0.326359	2	1	1	0	0	0	0
AF	0	0.326671	1	1	0	0	0	0	0
AF	0	0.326983	2	2	0	0	0	0	0
AF	0	0.327608	1	1	0	0	0	0	0
AF	0	0.328545	1	1	0	0	0	0	0
AF	0	0.328857	2	1	1	0	0	0	0
AF	0	0.329794	1	0	1	0	0	0	0
AF	0	0.330731	1	1	0	0	0	0	0
AF	0	0.331355	1	1	0	0	0	0	0
AF	0	0.331668	1	0	1	0	0	0	0
AF	0	0.331980	5	3	2	0	0	0	0
AF	0	0.332292	6	5	1	0	0	0	0
AF	0	0.332605	5	3	2	0	0	0	0
AF	0	0.332917	1	0	1	0	0	0	0
AF	0	0.333854	1	0	1	0	0	0	0
AF	0	0.336040	1	1	0	0	0	0	0
AF	0	0.337914	2	1	1	0	0	0	0
AF	0	0.338226	1	0	1	0	0	0	0
AF	0	0.339163	1	1	0	0	0	0	0
AF	0	0.339475	1	0	1	0	0	0	0
AF	0	0.341661	2	0	2	0	0	0	0
AF	0	0.341974	1	1	0	0	0	0	0
AF	0	0.342286	2	1	1	0	0	0	0
AF	0	0.342598	2	1	1	0	0	0	0
AF	0	0.342911	21	11	10	0	0	0	0
AF	0	0.343223	23	16	7	0	0	0	0
AF	0	0.343535	17	10	7	0	0	0	0
AF	0	0.343848	1	0	1	0	0	0	0
AF	0	0.344472	1	1	0	0	0	0	0
AF	0	0.344785	8	4	4	0	0	0	0
AF	0	0.345097	3	3	0	0	0	0	0
AF	0	0.345409	2	2	0	0	0	0	0
AF	0	0.345721	4	2	2	0	0	0	0
AF	0	0.346034	19	12	7	0	0	0	0
AF	0	0.346346	3	2	1	0	0	0	0
AF	0	0.348532	1	1	0	0	0	0	0
AF	0	0.349157	1	1	0	0	0	0	0
AF	0	0.350406	1	1	0	0	0	0	0
AF	0	0.351031	1	0	1	0	0	0	0
AF	0	0.352280	2	2	0	0	0	0	0
AF	0	0.352592	1	0	1	0	0	0	0
AF	0	0.352904	1	0	1	0	0	0	0
AF	0	0.353529	1	1	0	0	0	0	0
AF	0	0.361024	2	0	2	0	0	0	0
AF	0	0.361337	4	2	2	0	0	0	0
AF	0	0.361649	2	1	1	0	0	0	0
AF	0	0.365397	1	1	0	0	0	0	0
AF	0	0.366021	4	2	2	0	0	0	0
AF	0	0.366334	2	2	0	0	0	0	0
AF	0	0.366646	3	3	0	0	0	0	0
AF	0	0.366958	1	1	0	0	0	0	0
AF	0	0.367270	1	1	0	0	0	0	0
AF	0	0.367583	2	1	1	0	0	0	0
AF	0	0.370081	1	1	0	0	0	0	0
AF	0	0.370706	1	1	0	0	0	0	0
AF	0	0.371955	1	0	1	0	0	0	0
AF	0	0.375390	1	1	0	0	0	0	0
AF	0	0.375703	1	0	1	0	0	0	0
AF	0	0.376327	2	2	0	0	0	0	0
AF	0	0.379138	1	0	1	0	0	0	0
AF	0	0.379450	1	0	1	0	0	0	0
AF	0	0.381012	2	2	0	0	0	0	0
AF	0	0.381636	1	1	0	0	0	0	0
AF	0	0.381949	1	1	0	0	0	0	0
AF	0	0.383823	1	1	0	0	0	0	0
AF	0	0.384135	1	0	1	0	0	0	0
AF	0	0.384447	1	1	0	0	0	0	0
AF	0	0.394753	1	1	0	0	0	0	0
AF	0	0.395378	1	1	0	0	0	0	0
AF	0	0.396939	1	1	0	0	0	0	0
AF	0	0.397252	1	1	0	0	0	0	0
AF	0	0.398813	1	1	0	0	0	0	0
AF	0	0.399126	1	0	1	0	0	0	0
AF	0	0.399438	1	0	1	0	0	0	0
AF	0	0.401624	1	1	0	0	0	0	0
AF	0	0.403498	2	2	0	0	0	0	0
AF	0	0.404122	1	1	0	0	0	0	0
AF	0	0.404435	1	0	1	0	0	0	0
AF	0	0.405372	4	2	2	0	0	0	0
AF	0	0.405684	1	1	0	0	0	0	0
AF	0	0.406621	1	1	0	0	0	0	0
AF	0	0.408182	1	1	0	0	0	0	0
AF	0	0.409119	1	1	0	0	0	0	0
AF	0	0.411305	1	1	0	0	0	0	0
AF	0	0.418176	3	1	2	0	0	0	0
AF	0	0.418488	5	3	2	0	0	0	0
AF	0	0.418801	3	2	1	0	0	0	0
AF	0	0.419113	10	8	2	0	0	0	0
AF	0	0.419738	2	1	1	0	0	0	0
AF	0	0.420050	1	1	0	0	0	0	0
AF	0	0.420362	2	1	1	0	0	0	0
AF	0	0.420675	2	1	1	0	0	0	0
AF	0	0.420987	1	0	1	0	0	0	0
AF	0	0.421299	1	1	0	0	0	0	0
AF	0	0.421924	2	1	1	0	0	0	0
AF	0	0.422236	3	3	0	0	0	0	0
AF	0	0.422548	1	1	0	0	0	0	0
AF	0	0.422861	1	1	0	0	0	0	0
AF	0	0.423798	1	0	1	0	0	0	0
AF	0	0.424110	2	1	1	0	0	0	0
AF	0	0.424735	2	2	0	0	0	0	0
AF	0	0.425359	5	4	1	0	0	0	0
AF	0	0.425984	1	0	1	0	0	0	0
AF	0	0.431293	1	0	1	0	0	0	0
AF	0	0.433167	1	1	0	0	0	0	0
AF	0	0.435665	1	1	0	0	0	0	0
AF	0	0.436602	1	1	0	0	0	0	0
AF	0	0.436914	1	0	1	0	0	0	0
AF	0	0.437227	3	2	1	0	0	0	0
AF	0	0.437539	3	2	1	0	0	0	0
AF	0	0.437851	5	2	3	0	0	0	0
AF	0	0.438164	2	1	1	0	0	0	0
AF	0	0.438476	2	1	1	0	0	0	0
AF	0	0.439101	1	1	0	0	0	0	0
AF	0	0.439413	3	1	2	0	0	0	0
AF	0	0.441287	2	1	1	0	0	0	0
AF	0	0.441599	3	2	1	0	0	0	0
AF	0	0.441911	2	2	0	0	0	0	0
AF	0	0.442224	5	5	0	0	0	0	0
AF	0	0.443473	1	1	0	0	0	0	0
AF	0	0.443785	1	0	1	0	0	0	0
AF	0	0.444097	1	1	0	0	0	0	0
AF	0	0.444410	1	1	0	0	0	0	0
AF	0	0.444722	2	2	0	0	0	0	0
AF	0	0.445034	1	0	1	0	0	0	0
AF	0	0.445659	7	4	3	0	0	0	0
AF	0	0.446908	1	0	1	0	0	0	0
AF	0	0.447220	1	0	1	0	0	0	0
AF	0	0.447845	1	0	1	0	0	0	0
AF	0	0.448157	1	1	0	0	0	0	0
AF	0	0.449094	1	1	0	0	0	0	0
AF	0	0.449719	1	0	1	0	0	0	0
AF	0	0.451905	1	0	1	0	0	0	0
AF	0	0.452217	1	1	0	0	0	0	0
AF	0	0.453779	1	1	0	0	0	0	0
AF	0	0.455340	2	1	1	0	0	0	0
AF	0	0.455653	2	1	1	0	0	0	0
AF	0	0.455965	1	0	1	0	0	0	0
AF	0	0.456277	3	2	1	0	0	0	0
AF	0	0.456590	1	0	1	0	0	0	0
AF	0	0.456902	1	1	0	0	0	0	0
AF	0	0.457214	1	0	1	0	0	0	0
AF	0	0.457527	2	0	2	0	0	0	0
AF	0	0.457839	1	0	1	0	0	0	0
AF	0	0.458151	3	2	1	0	0	0	0
AF	0	0.459400	1	1	0	0	0	0	0
AF	0	0.459713	3	2	1	0	0	0	0
AF	0	0.460025	2	2	0	0	0	0	0
AF	0	0.460650	1	0	1	0	0	0	0
AF	0	0.460962	2	2	0	0	0	0	0
AF	0	0.461274	5	3	2	0	0	0	0
AF	0	0.461587	3	1	2	0	0	0	0
AF	0	0.462523	2	2	0	0	0	0	0
AF	0	0.463460	1	1	0	0	0	0	0
AF	0	0.463773	4	2	2	0	0	0	0
AF	0	0.464085	4	2	2	0	0	0	0
AF	0	0.464397	20	15	5	0	0	0	0
AF	0	0.464710	4	4	0	0	0	0	0
AF	0	0.465022	7	5	2	0	0	0	0
AF	0	0.465334	2	0	2	0	0	0	0
AF	0	0.465646	7	4	3	0	0	0	0
AF	0	0.465959	8	5	3	0	0	0	0
AF	0	0.466271	4	3	1	0	0	0	0
AF	0	0.466896	1	1	0	0	0	0	0
AF	0	0.467208	1	1	0	0	0	0	0
AF	0	0.467520	4	1	3	0	0	0	0
AF	0	0.467833	2	1	1	0	0	0	0
AF	0	0.468457	2	2	0	0	0	0	0
AF	0	0.469082	2	1	1	0	0	0	0
AF	0	0.469706	4	2	2	0	0	0	0
AF	0	0.470019	2	1	1	0	0	0	0
AF	0	0.470956	1	0	1	0	0	0	0
AF	0	0.472829	1	0	1	0	0	0	0
AF	0	0.473142	2	2	0	0	0	0	0
AF	0	0.473454	2	2	0	0	0	0	0
AF	0	0.474079	1	1	0	0	0	0	0
AF	0	0.475640	2	1	1	0	0	0	0
AF	0	0.475953	1	1	0	0	0	0	0
AF	0	0.476265	2	1	1	0	0	0	0
AF	0	0.476577	2	1	1	0	0	0	0
AF	0	0.476889	3	2	1	0	0	0	0
AF	0	0.477514	1	0	1	0	0	0	0
AF	0	0.478139	1	1	0	0	0	0	0
AF	0	0.479076	1	1	0	0	0	0	0
AF	0	0.479388	3	2	1	0	0	0	0
AF	0	0.480012	2	2	0	0	0	0	0
AF	0	0.482823	1	0	1	0	0	0	0
AF	0	0.483136	1	1	0	0	0	0	0
AF	0	0.483448	3	2	1	0	0	0	0
AF	0	0.483760	1	1	0	0	0	0	0
AF	0	0.484072	1	1	0	0	0	0	0
AF	0	0.484385	1	1	0	0	0	0	0
AF	0	0.485322	1	0	1	0	0	0	0
AF	0	0.488132	2	1	1	0	0	0	0
AF	0	0.497189	1	1	0	0	0	0	0
AF	0	0.498438	1	1	0	0	0	0	0
AF	0	0.499688	1	1	0	0	0	0	0
AF	0	0.508745	1	1	0	0	0	0	0
AF	0	0.517177	1	0	1	0	0	0	0
AF	0	0.517489	1	0	1	0	0	0	0
AF	0	0.517801	1	1	0	0	0	0	0
AF	0	0.518114	1	1	0	0	0	0	0
AF	0	0.518426	2	2	0	0	0	0	0
AF	0	0.524672	1	1	0	0	0	0	0
AF	0	0.525609	1	1	0	0	0	0	0
AF	0	0.525921	3	2	1	0	0	0	0
AF	0	0.527483	1	1	0	0	0	0	0
AF	0	0.532792	1	1	0	0	0	0	0
AF	0	0.533417	2	1	1	0	0	0	0
AF	0	0.533729	1	0	1	0	0	0	0
AF	0	0.534354	3	3	0	0	0	0	0
AF	0	0.535603	1	0	1	0	0	0	0
AF	0	0.536852	2	1	1	0	0	0	0
AF	0	0.537477	1	0	1	0	0	0	0
AF	0	0.537789	2	2	0	0	0	0	0
AF	0	0.543098	1	1	0	0	0	0	0
AF	0	0.543723	1	0	1	0	0	0	0
AF	0	0.545909	1	1	0	0	0	0	0
AF	0	0.546533	1	0	1	0	0	0	0
AF	0	0.546846	5	3	2	0	0	0	0
AF	0	0.547470	1	1	0	0	0	0	0
AF	0	0.547783	3	3	0	0	0	0	0
AF	0	0.548095	9	6	3	0	0	0	0
AF	0	0.548407	7	5	2	0	0	0	0
AF	0	0.548720	1	0	1	0	0	0	0
AF	0	0.550906	1	1	0	0	0	0	0
AF	0	0.551218	1	1	0	0	0	0	0
AF	0	0.551843	3	1	2	0	0	0	0
AF	0	0.552155	2	1	1	0	0	0	0
AF	0	0.552467	5	4	1	0	0	0	0
AF	0	0.552780	2	1	1	0	0	0	0
AF	0	0.553092	4	0	4	0	0	0	0
AF	0	0.553404	2	1	1	0	0	0	0
AF	0	0.553716	1	0	1	0	0	0	0
AF	0	0.554029	2	1	1	0	0	0	0
AF	0	0.554653	1	1	0	0	0	0	0
AF	0	0.554966	3	2	1	0	0	0	0
AF	0	0.555278	2	2	0	0	0	0	0
AF	0	0.556527	1	0	1	0	0	0	0
AF	0	0.557464	1	0	1	0	0	0	0
AF	0	0.557776	1	1	0	0	0	0	0
AF	0	0.558401	1	1	0	0	0	0	0
AF	0	0.559338	1	0	1	0	0	0	0
AF	0	0.561212	1	1	0	0	0	0	0
AF	0	0.561524	2	0	2	0	0	0	0
AF	0	0.562149	1	1	0	0	0	0	0
AF	0	0.562773	1	1	0	0	0	0	0
AF	0	0.563086	1	1	0	0	0	0	0
AF	0	0.564022	2	2	0	0	0	0	0
AF	0	0.564959	1	1	0	0	0	0	0
AF	0	0.567146	1	1	0	0	0	0	0
AF	0	0.567770	1	0	1	0	0	0	0
AF	0	0.569019	3	1	2	0	0	0	0
AF	0	0.569644	1	1	0	0	0	0	0
AF	0	0.570893	1	1	0	0	0	0	0
AF	0	0.575578	1	0	1	0	0	0	0
AF	0	0.577764	1	1	0	0	0	0	0
AF	0	0.580575	2	2	0	0	0	0	0
AF	0	0.587758	1	0	1	0	0	0	0
AF	0	0.589631	1	0	1	0	0	0	0
AF	0	0.592755	2	1	1	0	0	0	0
AF	0	0.594004	1	0	1	0	0	0	0
AF	0	0.595253	1	1	0	0	0	0	0
AF	0	0.595878	1	0	1	0	0	0	0
AF	0	0.608057	1	0	1	0	0	0	0
AF	0	0.614616	2	2	0	0	0	0	0
AF	0	0.614928	1	1	0	0	0	0	0
AF	0	0.615240	1	1	0	0	0	0	0
AF	0	0.615865	1	1	0	0	0	0	0
AF	0	0.616490	1	1	0	0	0	0	0
AF	0	0.618676	1	1	0	0	0	0	0
AF	0	0.622111	1	1	0	0	0	0	0
AF	0	0.624610	2	0	2	0	0	0	0
AF	0	0.625234	4	2	2	0	0	0	0
AF	0	0.625547	2	1	1	0	0	0	0
AF	0	0.625859	2	1	1	0	0	0	0
AF	0	0.626171	2	1	1	0	0	0	0
AF	0	0.627420	1	1	0	0	0	0	0
AF	0	0.633042	1	0	1	0	0	0	0
AF	0	0.635540	1	1	0	0	0	0	0
AF	0	0.637414	1	0	1	0	0	0	0
AF	0	0.637726	1	0	1	0	0	0	0
AF	0	0.638039	3	0	3	0	0	0	0
AF	0	0.638351	8	4	4	0	0	0	0
AF	0	0.638663	1	1	0	0	0	0	0
AF	0	0.638976	1	0	1	0	0	0	0
AF	0	0.639288	1	1	0	0	0	0	0
AF	0	0.640225	1	1	0	0	0	0	0
AF	0	0.640537	2	2	0	0	0	0	0
AF	0	0.641474	2	1	1	0	0	0	0
AF	0	0.642723	1	1	0	0	0	0	0
AF	0	0.643348	1	0	1	0	0	0	0
AF	0	0.644285	1	0	1	0	0	0	0
AF	0	0.645846	4	4	0	0	0	0	0
AF	0	0.646471	1	1	0	0	0	0	0
AF	0	0.647096	2	2	0	0	0	0	0
AF	0	0.647408	2	2	0	0	0	0	0
AF	0	0.647720	2	0	2	0	0	0	0
AF	0	0.648032	1	1	0	0	0	0	0
AF	0	0.648345	3	1	2	0	0	0	0
AF	0	0.648657	1	1	0	0	0	0	0
AF	0	0.649282	1	1	0	0	0	0	0
AF	0	0.650219	1	1	0	0	0	0	0
AF	0	0.651156	1	1	0	0	0	0	0
AF	0	0.651468	1	1	0	0	0	0	0
AF	0	0.652092	2	1	1	0	0	0	0
AF	0	0.652717	2	1	1	0	0	0	0
AF	0	0.653029	3	2	1	0	0	0	0
AF	0	0.653342	4	2	2	0	0	0	0
AF	0	0.653966	4	0	4	0	0	0	0
AF	0	0.654279	4	3	1	0	0	0	0
AF	0	0.654591	2	1	1	0	0	0	0
AF	0	0.655215	2	0	2	0	0	0	0
AF	0	0.655840	6	5	1	0	0	0	0
AF	0	0.656152	7	7	0	0	0	0	0
AF	0	0.656465	4	2	2	0	0	0	0
AF	0	0.657402	2	2	0	0	0	0	0
AF	0	0.657714	1	0	1	0	0	0	0
AF	0	0.659275	2	1	1	0	0	0	0
AF	0	0.660212	2	2	0	0	0	0	0
AF	0	0.666146	2	2	0	0	0	0	0
AF	0	0.666771	4	2	2	0	0	0	0
AF	0	0.667083	2	1	1	0	0	0	0
AF	0	0.667395	2	1	1	0	0	0	0
AF	0	0.667708	1	1	0	0	0	0	0
AF	0	0.668645	1	0	1	0	0	0	0
AF	0	0.668957	1	1	0	0	0	0	0
AF	0	0.674578	1	1	0	0	0	0	0
AF	0	0.685509	1	0	1	0	0	0	0
AF	0	0.686758	1	0	1	0	0	0	0
AF	0	0.689257	1	1	0	0	0	0	0
AF	0	0.695503	1	0	1	0	0	0	0
AF	0	0.700812	1	1	0	0	0	0	0
AF	0	0.704247	1	1	0	0	0	0	0
AF	0	0.714241	1	1	0	0	0	0	0
AF	0	0.714553	1	0	1	0	0	0	0
AF	0	0.715178	1	0	1	0	0	0	0
AF	0	0.716115	1	1	0	0	0	0	0
AF	0	0.716427	2	2	0	0	0	0	0
AF	0	0.716740	3	2	1	0	0	0	0
AF	0	0.718926	1	1	0	0	0	0	0
AF	0	0.719550	1	1	0	0	0	0	0
AF	0	0.719863	10	4	6	0	0	0	0
AF	0	0.720175	2	1	1	0	0	0	0
AF	0	0.720487	4	2	2	0	0	0	0
AF	0	0.720800	5	4	1	0	0	0	0
AF	0	0.721112	1	0	1	0	0	0	0
AF	0	0.721736	1	0	1	0	0	0	0
AF	0	0.722361	2	1	1	0	0	0	0
AF	0	0.722986	3	2	1	0	0	0	0
AF	0	0.723298	2	0	2	0	0	0	0
AF	0	0.723610	4	3	1	0	0	0	0
AF	0	0.724859	1	1	0	0	0	0	0
AF	0	0.725172	1	0	1	0	0	0	0
AF	0	0.725484	2	2	0	0	0	0	0
AF	0	0.725796	6	3	3	0	0	0	0
AF	0	0.726109	12	7	5	0	0	0	0
AF	0	0.726421	1	0	1	0	0	0	0
AF	0	0.727358	1	1	0	0	0	0	0
AF	0	0.727670	1	1	0	0	0	0	0
AF	0	0.727983	7	4	3	0	0	0	0
AF	0	0.728295	2	1	1	0	0	0	0
AF	0	0.728607	4	3	1	0	0	0	0
AF	0	0.728919	1	1	0	0	0	0	0
AF	0	0.729232	6	4	2	0	0	0	0
AF	0	0.729544	2	2	0	0	0	0	0
AF	0	0.729856	2	1	1	0	0	0	0
AF	0	0.731106	1	0	1	0	0	0	0
AF	0	0.732667	4	4	0	0	0	0	0
AF	0	0.732979	17	11	6	0	0	0	0
AF	0	0.733292	6	4	2	0	0	0	0
AF	0	0.733604	2	1	1	0	0	0	0
AF	0	0.736102	1	1	0	0	0	0	0
AF	0	0.737352	1	1	0	0	0	0	0
AF	0	0.737664	7	5	2	0	0	0	0
AF	0	0.737976	4	4	0	0	0	0	0
AF	0	0.738289	5	2	3	0	0	0	0
AF	0	0.738601	3	2	1	0	0	0	0
AF	0	0.748595	1	1	0	0	0	0	0
AF	0	0.752655	1	1	0	0	0	0	0
AF	0	0.754528	1	1	0	0	0	0	0
AF	0	0.760775	1	1	0	0	0	0	0
AF	0	0.761399	1	0	1	0	0	0	0
AF	0	0.767021	1	1	0	0	0	0	0
AF	0	0.767333	4	3	1	0	0	0	0
AF	0	0.768270	1	0	1	0	0	0	0
AF	0	0.768582	1	1	0	0	0	0	0
AF	0	0.772954	1	0	1	0	0	0	0
AF	0	0.776702	1	1	0	0	0	0	0
AF	0	0.777327	5	4	1	0	0	0	0
AF	0	0.780762	1	1	0	0	0	0	0
AF	0	0.787008	1	1	0	0	0	0	0
AF	0	0.790756	1	1	0	0	0	0	0
AF	0	0.791380	1	1	0	0	0	0	0
AF	0	0.799500	1	1	0	0	0	0	0
AF	0	0.800125	1	1	0	0	0	0	0
AF	0	0.808557	1	0	1	0	0	0	0
AF	0	0.808869	2	1	1	0	0	0	0
AF	0	0.809182	5	2	3	0	0	0	0
AF	0	0.809494	3	3	0	0	0	0	0
AF	0	0.809806	1	1	0	0	0	0	0
AF	0	0.810119	2	0	2	0	0	0	0
AF	0	0.810743	1	0	1	0	0	0	0
AF	0	0.812929	2	2	0	0	0	0	0
AF	0	0.813554	4	3	1	0	0	0	0
AF	0	0.813866	6	3	3	0	0	0	0
AF	0	0.814179	1	0	1	0	0	0	0
AF	0	0.814491	2	2	0	0	0	0	0
AF	0	0.815740	1	1	0	0	0	0	0
AF	0	0.817302	1	1	0	0	0	0	0
AF	0	0.817614	2	1	1	0	0	0	0
AF	0	0.817926	1	1	0	0	0	0	0
AF	0	0.818863	2	2	0	0	0	0	0
AF	0	0.819176	2	2	0	0	0	0	0
AF	0	0.819488	1	1	0	0	0	0	0
AF	0	0.819800	4	3	1	0	0	0	0
AF	0	0.820425	1	0	1	0	0	0	0
AF	0	0.821362	1	1	0	0	0	0	0
AF	0	0.821986	1	1	0	0	0	0	0
AF	0	0.822923	2	1	1	0	0	0	0
AF	0	0.823235	2	1	1	0	0	0	0
AF	0	0.823860	3	2	1	0	0	0	0
AF	0	0.824485	1	1	0	0	0	0	0
AF	0	0.825422	1	1	0	0	0	0	0
AF	0	0.825734	1	1	0	0	0	0	0
AF	0	0.826359	2	1	1	0	0	0	0
AF	0	0.828545	1	1	0	0	0	0	0
AF	0	0.828857	1	0	1	0	0	0	0
AF	0	0.830731	2	0	2	0	0	0	0
AF	0	0.831668	2	1	1	0	0	0	0
AF	0	0.831980	5	4	1	0	0	0	0
AF	0	0.832292	4	4	0	0	0	0	0
AF	0	0.832605	1	1	0	0	0	0	0
AF	0	0.833229	4	2	2	0	0	0	0
AF	0	0.833542	1	0	1	0	0	0	0
AF	0	0.838851	1	1	0	0	0	0	0
AF	0	0.846658	1	1	0	0	0	0	0
AF	0	0.856964	1	1	0	0	0	0	0
AF	0	0.857589	1	1	0	0	0	0	0
AF	0	0.860712	1	1	0	0	0	0	0
AF	0	0.871018	1	1	0	0	0	0	0
AF	0	0.881324	1	1	0	0	0	0	0
AF	0	0.882573	1	0	1	0	0	0	0
AF	0	0.883823	1	0	1	0	0	0	0
AF	0	0.891006	1	0	1	0	0	0	0
AF	0	0.899750	1	1	0	0	0	0	0
AF	0	0.902249	2	1	1	0	0	0	0
AF	0	0.908495	1	1	0	0	0	0	0
AF	0	0.912867	1	1	0	0	0	0	0
AF	0	0.913179	1	1	0	0	0	0	0
AF	0	0.919738	1	1	0	0	0	0	0
AF	0	0.920050	2	2	0	0	0	0	0
AF	0	0.920362	1	1	0	0	0	0	0
AF	0	0.922236	1	1	0	0	0	0	0
AF	0	0.923485	2	1	1	0	0	0	0
AF	0	0.923798	3	2	1	0	0	0	0
AF	0	0.924422	1	0	1	0	0	0	0
AF	0	0.924735	5	3	2	0	0	0	0
AF	0	0.925047	1	0	1	0	0	0	0
AF	0	0.925671	1	0	1	0	0	0	0
AF	0	0.925984	2	1	1	0	0	0	0
AF	0	0.928482	2	2	0	0	0	0	0
AF	0	0.929419	1	1	0	0	0	0	0
AF	0	0.930044	1	1	0	0	0	0	0
AF	0	0.931605	2	2	0	0	0	0	0
AF	0	0.935353	3	1	2	0	0	0	0
AF	0	0.935665	1	1	0	0	0	0	0
AF	0	0.935978	10	5	5	0	0	0	0
AF	0	0.937227	1	0	1	0	0	0	0
AF	0	0.938476	1	1	0	0	0	0	0
AF	0	0.940350	6	2	4	0	0	0	0
AF	0	0.940974	1	1	0	0	0	0	0
AF	0	0.945971	3	1	2	0	0	0	0
AF	0	0.947220	1	1	0	0	0	0	0
AF	0	0.949094	1	0	1	0	0	0	0
AF	0	0.949719	1	1	0	0	0	0	0
AF	0	0.952217	1	1	0	0	0	0	0
AF	0	0.952530	1	1	0	0	0	0	0
AF	0	0.952842	19	11	8	0	0	0	0
AF	0	0.955028	2	2	0	0	0	0	0
AF	0	0.965334	1	0	1	0	0	0	0
AF	0	0.970019	1	1	0	0	0	0	0
AF	0	0.973766	1	1	0	0	0	0	0
AF	0	0.974703	2	2	0	0	0	0	0
AF	0	0.977202	1	1	0	0	0	0	0
AF	0	0.977826	2	2	0	0	0	0	0
AF	0	0.978451	4	4	0	0	0	0	0
AF	0	0.978763	2	1	1	0	0	0	0
AF	0	0.979076	2	2	0	0	0	0	0
AF	0	0.980949	2	1	1	0	0	0	0
AF	0	0.982511	1	1	0	0	0	0	0
AF	0	0.984385	1	0	1	0	0	0	0
AF	0	0.984697	1	0	1	0	0	0	0
AF	0	0.986571	1	1	0	0	0	0	0
AF	0	0.987820	2	1	1	0	0	0	0
AF	0	0.988132	2	1	1	0	0	0	0
AF	0	0.990943	1	1	0	0	0	0	0
AF	0	0.992505	2	2	0	0	0	0	0
AF	0	0.994066	3	1	2	0	0	0	0
AF	0	0.994379	2	1	1	0	0	0	0
AF	0	0.994691	1	1	0	0	0	0	0
AF	0	0.995940	1	0	1	0	0	0	0
AF	0	0.996252	1	1	0	0	0	0	0
AF	0	0.997189	1	1	0	0	0	0	0
AF	0	0.997502	5	3	2	0	0	0	0
AF	0	0.997814	20	13	7	0	0	0	0
AF	0	0.998126	5	4	1	0	0	0	0
AF	0	0.998438	4	2	2	0	0	0	0
AF	0	0.998751	1	1	0	0	0	0	0
# QUAL, Stats by quality
# QUAL	[2]id	[3]Quality	[4]number of SNPs	[5]number of transitions (1st ALT)	[6]number of transversions (1st ALT)	[7]number of indels
QUAL	0	.	17962	11590	6372	0
# IDD, InDel distribution:
# IDD	[2]id	[3]length (deletions negative)	[4]number of sites	[5]number of genotypes	[6]mean VAF
# ST, Substitution types:
# ST	[2]id	[3]type	[4]count
ST	0	A>C	679
ST	0	A>G	2320
ST	0	A>T	767
ST	0	C>A	1088
ST	0	C>G	686
ST	0	C>T	3488
ST	0	G>A	3437
ST	0	G>C	697
ST	0	G>T	1008
ST	0	T>A	817
ST	0	T>C	2345
ST	0	T>G	630
# DP, Depth distribution
# DP	[2]id	[3]bin	[4]number of genotypes	[5]fraction of genotypes (%)	[6]number of sites	[7]fraction of sites (%)
  - Fix haploid genotypes in males...

Submit MakeDiploidMalesX finished successfully. Let's have a beer, buddy!

